DEBUG: tests/bstree_tests.c:main:180: 
-----
RUNNING: ./tests/bstree_tests
DEBUG: tests/bstree_tests.c:all_tests:170: 
----- test_create
DEBUG: tests/bstree_tests.c:all_tests:171: 
----- test_get_set
DEBUG: tests/bstree_tests.c:all_tests:172: 
----- test_traverse
DEBUG: tests/bstree_tests.c:traverse_good_cb:21: KEY: test data 3
DEBUG: tests/bstree_tests.c:traverse_good_cb:21: KEY: test data 2
DEBUG: tests/bstree_tests.c:traverse_good_cb:21: KEY: test data 1
DEBUG: tests/bstree_tests.c:traverse_fail_cb:29: KEY: test data 3
DEBUG: tests/bstree_tests.c:traverse_fail_cb:29: KEY: test data 2
DEBUG: tests/bstree_tests.c:all_tests:173: 
----- test_delete
DEBUG: tests/bstree_tests.c:all_tests:174: 
----- test_destroy
DEBUG: tests/bstree_tests.c:all_tests:175: 
----- test_fuzzing
DEBUG: tests/bstrlib_tests.c:main:139: 
-----
RUNNING: ./tests/bstrlib_tests
DEBUG: tests/bstrlib_tests.c:all_tests:135: 
----- test_bfromcstr
DEBUG: tests/darray_algos_tests.c:main:123: 
-----
RUNNING: ./tests/darray_algos_tests
DEBUG: tests/darray_algos_tests.c:all_tests:114: 
----- test_qsort
DEBUG: tests/darray_algos_tests.c:run_sort_test:45: --- Testing qsort sorting algorithm
DEBUG: tests/darray_algos_tests.c:all_tests:115: 
----- test_heapsort
DEBUG: tests/darray_algos_tests.c:run_sort_test:45: --- Testing heapsort sorting algorithm
DEBUG: tests/darray_algos_tests.c:all_tests:116: 
----- test_mergesort
DEBUG: tests/darray_algos_tests.c:run_sort_test:45: --- Testing mergesort sorting algorithm
DEBUG: tests/darray_algos_tests.c:all_tests:117: 
----- test_sort_add
DEBUG: tests/darray_algos_tests.c:all_tests:118: 
----- test_find
DEBUG: tests/darray_tests.c:main:169: 
-----
RUNNING: ./tests/darray_tests
DEBUG: tests/darray_tests.c:all_tests:156: 
----- test_create
DEBUG: tests/darray_tests.c:all_tests:157: 
----- test_new
DEBUG: tests/darray_tests.c:all_tests:158: 
----- test_set
DEBUG: tests/darray_tests.c:all_tests:159: 
----- test_get
DEBUG: tests/darray_tests.c:all_tests:160: 
----- test_remove
DEBUG: tests/darray_tests.c:all_tests:161: 
----- test_expand_contract
DEBUG: tests/darray_tests.c:all_tests:162: 
----- test_push_pop
DEBUG: tests/darray_tests.c:all_tests:163: 
----- test_insert
[ERROR] (src/lcthw/darray.c:DArray_insert:140: errno: None) Cannot insert past end of the array.
DEBUG: tests/darray_tests.c:all_tests:164: 
----- test_destroy
DEBUG: tests/hashmap_algos_tests.c:main:169: 
-----
RUNNING: ./tests/hashmap_algos_tests
DEBUG: tests/hashmap_algos_tests.c:all_tests:161: 
----- test_fnv1a
DEBUG: tests/hashmap_algos_tests.c:all_tests:162: 
----- test_adler32
DEBUG: tests/hashmap_algos_tests.c:all_tests:163: 
----- test_djb
DEBUG: tests/hashmap_algos_tests.c:all_tests:164: 
----- test_distribution
DEBUG: tests/hashmap_tests.c:main:189: 
-----
RUNNING: ./tests/hashmap_tests
DEBUG: tests/hashmap_tests.c:all_tests:179: 
----- test_create
DEBUG: tests/hashmap_tests.c:all_tests:180: 
----- test_get_set
DEBUG: src/lcthw/hashmap.c:Hashmap_get_node:205: TRY: 0
DEBUG: src/lcthw/hashmap.c:Hashmap_get_node:205: TRY: 0
DEBUG: src/lcthw/hashmap.c:Hashmap_get_node:205: TRY: 0
DEBUG: src/lcthw/hashmap.c:Hashmap_get_node:205: TRY: 0
DEBUG: src/lcthw/hashmap.c:Hashmap_get_node:205: TRY: 0
DEBUG: src/lcthw/hashmap.c:Hashmap_get_node:205: TRY: 0
DEBUG: src/lcthw/hashmap.c:Hashmap_get_node:205: TRY: 0
DEBUG: src/lcthw/hashmap.c:Hashmap_get_node:205: TRY: 0
DEBUG: src/lcthw/hashmap.c:Hashmap_get_node:205: TRY: 0
DEBUG: tests/hashmap_tests.c:all_tests:181: 
----- test_traverse
DEBUG: tests/hashmap_tests.c:traverse_good_cb:21: KEY: test data 2
DEBUG: tests/hashmap_tests.c:traverse_good_cb:21: KEY: test data 1
DEBUG: tests/hashmap_tests.c:traverse_good_cb:21: KEY: test data 3
DEBUG: tests/hashmap_tests.c:traverse_fail_cb:28: KEY: test data 2
DEBUG: tests/hashmap_tests.c:traverse_fail_cb:28: KEY: test data 1
DEBUG: tests/hashmap_tests.c:all_tests:182: 
----- test_delete
DEBUG: src/lcthw/hashmap.c:Hashmap_get_node:205: TRY: 0
[ERROR] (src/lcthw/darray.c:DArray_pop:160: errno: None) Attempt to pop from empty array.
DEBUG: src/lcthw/hashmap.c:Hashmap_get_node:205: TRY: 0
[ERROR] (src/lcthw/darray.c:DArray_pop:160: errno: None) Attempt to pop from empty array.
DEBUG: src/lcthw/hashmap.c:Hashmap_get_node:205: TRY: 0
[ERROR] (src/lcthw/darray.c:DArray_pop:160: errno: None) Attempt to pop from empty array.
DEBUG: tests/hashmap_tests.c:all_tests:183: 
----- test_destroy
DEBUG: tests/hashmap_tests.c:all_tests:184: 
----- test_performance
DEBUG: src/lcthw/hashmap.c:Hashmap_get_node:205: TRY: 0
DEBUG: src/lcthw/hashmap.c:Hashmap_get_node:205: TRY: 0
DEBUG: src/lcthw/hashmap.c:Hashmap_get_node:205: TRY: 0
DEBUG: src/lcthw/hashmap.c:Hashmap_get_node:205: TRY: 0
DEBUG: src/lcthw/hashmap.c:Hashmap_get_node:205: TRY: 0
DEBUG: src/lcthw/hashmap.c:Hashmap_get_node:205: TRY: 0
DEBUG: src/lcthw/hashmap.c:Hashmap_get_node:205: TRY: 0
DEBUG: src/lcthw/hashmap.c:Hashmap_get_node:205: TRY: 0
DEBUG: src/lcthw/hashmap.c:Hashmap_get_node:205: TRY: 0
DEBUG: src/lcthw/hashmap.c:Hashmap_get_node:205: TRY: 0
DEBUG: src/lcthw/hashmap.c:Hashmap_get_node:205: TRY: 0
DEBUG: src/lcthw/hashmap.c:Hashmap_get_node:205: TRY: 0
DEBUG: src/lcthw/hashmap.c:Hashmap_get_node:205: TRY: 0
DEBUG: src/lcthw/hashmap.c:Hashmap_get_node:205: TRY: 0
DEBUG: src/lcthw/hashmap.c:Hashmap_get_node:205: TRY: 0
DEBUG: src/lcthw/hashmap.c:Hashmap_get_node:205: TRY: 0
DEBUG: src/lcthw/hashmap.c:Hashmap_get_node:205: TRY: 0
DEBUG: src/lcthw/hashmap.c:Hashmap_get_node:205: TRY: 0
DEBUG: src/lcthw/hashmap.c:Hashmap_get_node:205: TRY: 0
DEBUG: src/lcthw/hashmap.c:Hashmap_get_node:205: TRY: 0
DEBUG: src/lcthw/hashmap.c:Hashmap_get_node:205: TRY: 0
DEBUG: src/lcthw/hashmap.c:Hashmap_get_node:205: TRY: 0
DEBUG: src/lcthw/hashmap.c:Hashmap_get_node:205: TRY: 0
DEBUG: src/lcthw/hashmap.c:Hashmap_get_node:205: TRY: 0
DEBUG: src/lcthw/hashmap.c:Hashmap_get_node:205: TRY: 0
DEBUG: src/lcthw/hashmap.c:Hashmap_get_node:205: TRY: 0
DEBUG: src/lcthw/hashmap.c:Hashmap_get_node:205: TRY: 0
DEBUG: src/lcthw/hashmap.c:Hashmap_get_node:205: TRY: 0
DEBUG: src/lcthw/hashmap.c:Hashmap_get_node:205: TRY: 0
DEBUG: src/lcthw/hashmap.c:Hashmap_get_node:205: TRY: 0
DEBUG: src/lcthw/hashmap.c:Hashmap_get_node:205: TRY: 1
DEBUG: src/lcthw/hashmap.c:Hashmap_get_node:205: TRY: 0
DEBUG: src/lcthw/hashmap.c:Hashmap_get_node:205: TRY: 0
DEBUG: src/lcthw/hashmap.c:Hashmap_get_node:205: TRY: 1
DEBUG: src/lcthw/hashmap.c:Hashmap_get_node:205: TRY: 0
DEBUG: src/lcthw/hashmap.c:Hashmap_get_node:205: TRY: 0
DEBUG: src/lcthw/hashmap.c:Hashmap_get_node:205: TRY: 0
DEBUG: src/lcthw/hashmap.c:Hashmap_get_node:205: TRY: 0
DEBUG: src/lcthw/hashmap.c:Hashmap_get_node:205: TRY: 0
DEBUG: src/lcthw/hashmap.c:Hashmap_get_node:205: TRY: 1
DEBUG: src/lcthw/hashmap.c:Hashmap_get_node:205: TRY: 2
DEBUG: src/lcthw/hashmap.c:Hashmap_get_node:205: TRY: 0
DEBUG: src/lcthw/hashmap.c:Hashmap_get_node:205: TRY: 1
DEBUG: src/lcthw/hashmap.c:Hashmap_get_node:205: TRY: 2
DEBUG: src/lcthw/hashmap.c:Hashmap_get_node:205: TRY: 3
DEBUG: src/lcthw/hashmap.c:Hashmap_get_node:205: TRY: 0
DEBUG: src/lcthw/hashmap.c:Hashmap_get_node:205: TRY: 0
DEBUG: src/lcthw/hashmap.c:Hashmap_get_node:205: TRY: 0
DEBUG: src/lcthw/hashmap.c:Hashmap_get_node:205: TRY: 0
DEBUG: src/lcthw/hashmap.c:Hashmap_get_node:205: TRY: 0
DEBUG: src/lcthw/hashmap.c:Hashmap_get_node:205: TRY: 0
DEBUG: src/lcthw/hashmap.c:Hashmap_get_node:205: TRY: 0
DEBUG: src/lcthw/hashmap.c:Hashmap_get_node:205: TRY: 0
DEBUG: src/lcthw/hashmap.c:Hashmap_get_node:205: TRY: 0
DEBUG: src/lcthw/hashmap.c:Hashmap_get_node:205: TRY: 0
DEBUG: src/lcthw/hashmap.c:Hashmap_get_node:205: TRY: 0
DEBUG: src/lcthw/hashmap.c:Hashmap_get_node:205: TRY: 0
DEBUG: src/lcthw/hashmap.c:Hashmap_get_node:205: TRY: 1
DEBUG: src/lcthw/hashmap.c:Hashmap_get_node:205: TRY: 0
DEBUG: src/lcthw/hashmap.c:Hashmap_get_node:205: TRY: 0
DEBUG: src/lcthw/hashmap.c:Hashmap_get_node:205: TRY: 0
DEBUG: src/lcthw/hashmap.c:Hashmap_get_node:205: TRY: 0
DEBUG: src/lcthw/hashmap.c:Hashmap_get_node:205: TRY: 0
DEBUG: src/lcthw/hashmap.c:Hashmap_get_node:205: TRY: 0
DEBUG: src/lcthw/hashmap.c:Hashmap_get_node:205: TRY: 0
DEBUG: src/lcthw/hashmap.c:Hashmap_get_node:205: TRY: 0
DEBUG: src/lcthw/hashmap.c:Hashmap_get_node:205: TRY: 1
DEBUG: src/lcthw/hashmap.c:Hashmap_get_node:205: TRY: 0
DEBUG: src/lcthw/hashmap.c:Hashmap_get_node:205: TRY: 0
DEBUG: src/lcthw/hashmap.c:Hashmap_get_node:205: TRY: 0
DEBUG: src/lcthw/hashmap.c:Hashmap_get_node:205: TRY: 1
DEBUG: src/lcthw/hashmap.c:Hashmap_get_node:205: TRY: 0
DEBUG: src/lcthw/hashmap.c:Hashmap_get_node:205: TRY: 0
DEBUG: src/lcthw/hashmap.c:Hashmap_get_node:205: TRY: 0
DEBUG: src/lcthw/hashmap.c:Hashmap_get_node:205: TRY: 0
DEBUG: src/lcthw/hashmap.c:Hashmap_get_node:205: TRY: 0
DEBUG: src/lcthw/hashmap.c:Hashmap_get_node:205: TRY: 0
DEBUG: src/lcthw/hashmap.c:Hashmap_get_node:205: TRY: 0
DEBUG: src/lcthw/hashmap.c:Hashmap_get_node:205: TRY: 0
DEBUG: src/lcthw/hashmap.c:Hashmap_get_node:205: TRY: 0
DEBUG: src/lcthw/hashmap.c:Hashmap_get_node:205: TRY: 0
DEBUG: src/lcthw/hashmap.c:Hashmap_get_node:205: TRY: 0
DEBUG: src/lcthw/hashmap.c:Hashmap_get_node:205: TRY: 0
DEBUG: src/lcthw/hashmap.c:Hashmap_get_node:205: TRY: 0
DEBUG: src/lcthw/hashmap.c:Hashmap_get_node:205: TRY: 0
DEBUG: src/lcthw/hashmap.c:Hashmap_get_node:205: TRY: 0
DEBUG: src/lcthw/hashmap.c:Hashmap_get_node:205: TRY: 0
DEBUG: src/lcthw/hashmap.c:Hashmap_get_node:205: TRY: 0
DEBUG: src/lcthw/hashmap.c:Hashmap_get_node:205: TRY: 0
DEBUG: src/lcthw/hashmap.c:Hashmap_get_node:205: TRY: 1
DEBUG: src/lcthw/hashmap.c:Hashmap_get_node:205: TRY: 0
DEBUG: src/lcthw/hashmap.c:Hashmap_get_node:205: TRY: 1
DEBUG: src/lcthw/hashmap.c:Hashmap_get_node:205: TRY: 0
DEBUG: src/lcthw/hashmap.c:Hashmap_get_node:205: TRY: 1
DEBUG: src/lcthw/hashmap.c:Hashmap_get_node:205: TRY: 2
DEBUG: src/lcthw/hashmap.c:Hashmap_get_node:205: TRY: 0
DEBUG: src/lcthw/hashmap.c:Hashmap_get_node:205: TRY: 0
DEBUG: src/lcthw/hashmap.c:Hashmap_get_node:205: TRY: 0
DEBUG: src/lcthw/hashmap.c:Hashmap_get_node:205: TRY: 0
DEBUG: src/lcthw/hashmap.c:Hashmap_get_node:205: TRY: 0
DEBUG: src/lcthw/hashmap.c:Hashmap_get_node:205: TRY: 1
DEBUG: src/lcthw/hashmap.c:Hashmap_get_node:205: TRY: 0
DEBUG: src/lcthw/hashmap.c:Hashmap_get_node:205: TRY: 0
DEBUG: src/lcthw/hashmap.c:Hashmap_get_node:205: TRY: 0
DEBUG: src/lcthw/hashmap.c:Hashmap_get_node:205: TRY: 0
DEBUG: src/lcthw/hashmap.c:Hashmap_get_node:205: TRY: 1
DEBUG: src/lcthw/hashmap.c:Hashmap_get_node:205: TRY: 0
DEBUG: src/lcthw/hashmap.c:Hashmap_get_node:205: TRY: 0
DEBUG: src/lcthw/hashmap.c:Hashmap_get_node:205: TRY: 0
DEBUG: src/lcthw/hashmap.c:Hashmap_get_node:205: TRY: 1
DEBUG: src/lcthw/hashmap.c:Hashmap_get_node:205: TRY: 0
DEBUG: src/lcthw/hashmap.c:Hashmap_get_node:205: TRY: 1
DEBUG: src/lcthw/hashmap.c:Hashmap_get_node:205: TRY: 0
DEBUG: src/lcthw/hashmap.c:Hashmap_get_node:205: TRY: 1
DEBUG: src/lcthw/hashmap.c:Hashmap_get_node:205: TRY: 0
DEBUG: src/lcthw/hashmap.c:Hashmap_get_node:205: TRY: 0
DEBUG: src/lcthw/hashmap.c:Hashmap_get_node:205: TRY: 0
DEBUG: src/lcthw/hashmap.c:Hashmap_get_node:205: TRY: 0
DEBUG: src/lcthw/hashmap.c:Hashmap_get_node:205: TRY: 0
DEBUG: src/lcthw/hashmap.c:Hashmap_get_node:205: TRY: 0
DEBUG: src/lcthw/hashmap.c:Hashmap_get_node:205: TRY: 0
DEBUG: src/lcthw/hashmap.c:Hashmap_get_node:205: TRY: 0
DEBUG: src/lcthw/hashmap.c:Hashmap_get_node:205: TRY: 0
DEBUG: src/lcthw/hashmap.c:Hashmap_get_node:205: TRY: 0
DEBUG: src/lcthw/hashmap.c:Hashmap_get_node:205: TRY: 0
DEBUG: src/lcthw/hashmap.c:Hashmap_get_node:205: TRY: 1
DEBUG: src/lcthw/hashmap.c:Hashmap_get_node:205: TRY: 0
DEBUG: src/lcthw/hashmap.c:Hashmap_get_node:205: TRY: 1
DEBUG: src/lcthw/hashmap.c:Hashmap_get_node:205: TRY: 0
DEBUG: src/lcthw/hashmap.c:Hashmap_get_node:205: TRY: 0
DEBUG: src/lcthw/hashmap.c:Hashmap_get_node:205: TRY: 1
DEBUG: src/lcthw/hashmap.c:Hashmap_get_node:205: TRY: 0
DEBUG: src/lcthw/hashmap.c:Hashmap_get_node:205: TRY: 0
DEBUG: src/lcthw/hashmap.c:Hashmap_get_node:205: TRY: 0
DEBUG: src/lcthw/hashmap.c:Hashmap_get_node:205: TRY: 0
DEBUG: src/lcthw/hashmap.c:Hashmap_get_node:205: TRY: 0
DEBUG: src/lcthw/hashmap.c:Hashmap_get_node:205: TRY: 1
DEBUG: src/lcthw/hashmap.c:Hashmap_get_node:205: TRY: 0
DEBUG: src/lcthw/hashmap.c:Hashmap_get_node:205: TRY: 0
DEBUG: src/lcthw/hashmap.c:Hashmap_get_node:205: TRY: 0
DEBUG: src/lcthw/hashmap.c:Hashmap_get_node:205: TRY: 0
DEBUG: src/lcthw/hashmap.c:Hashmap_get_node:205: TRY: 0
DEBUG: src/lcthw/hashmap.c:Hashmap_get_node:205: TRY: 1
DEBUG: src/lcthw/hashmap.c:Hashmap_get_node:205: TRY: 2
DEBUG: src/lcthw/hashmap.c:Hashmap_get_node:205: TRY: 3
DEBUG: src/lcthw/hashmap.c:Hashmap_get_node:205: TRY: 4
DEBUG: src/lcthw/hashmap.c:Hashmap_get_node:205: TRY: 0
DEBUG: src/lcthw/hashmap.c:Hashmap_get_node:205: TRY: 1
DEBUG: src/lcthw/hashmap.c:Hashmap_get_node:205: TRY: 2
DEBUG: src/lcthw/hashmap.c:Hashmap_get_node:205: TRY: 0
DEBUG: src/lcthw/hashmap.c:Hashmap_get_node:205: TRY: 1
DEBUG: src/lcthw/hashmap.c:Hashmap_get_node:205: TRY: 0
DEBUG: src/lcthw/hashmap.c:Hashmap_get_node:205: TRY: 0
DEBUG: src/lcthw/hashmap.c:Hashmap_get_node:205: TRY: 0
DEBUG: src/lcthw/hashmap.c:Hashmap_get_node:205: TRY: 1
DEBUG: src/lcthw/hashmap.c:Hashmap_get_node:205: TRY: 0
DEBUG: src/lcthw/hashmap.c:Hashmap_get_node:205: TRY: 0
DEBUG: src/lcthw/hashmap.c:Hashmap_get_node:205: TRY: 0
DEBUG: src/lcthw/hashmap.c:Hashmap_get_node:205: TRY: 0
DEBUG: src/lcthw/hashmap.c:Hashmap_get_node:205: TRY: 0
DEBUG: src/lcthw/hashmap.c:Hashmap_get_node:205: TRY: 0
DEBUG: src/lcthw/hashmap.c:Hashmap_get_node:205: TRY: 0
DEBUG: src/lcthw/hashmap.c:Hashmap_get_node:205: TRY: 1
DEBUG: src/lcthw/hashmap.c:Hashmap_get_node:205: TRY: 0
DEBUG: src/lcthw/hashmap.c:Hashmap_get_node:205: TRY: 1
DEBUG: src/lcthw/hashmap.c:Hashmap_get_node:205: TRY: 0
DEBUG: src/lcthw/hashmap.c:Hashmap_get_node:205: TRY: 1
DEBUG: src/lcthw/hashmap.c:Hashmap_get_node:205: TRY: 2
DEBUG: src/lcthw/hashmap.c:Hashmap_get_node:205: TRY: 0
DEBUG: src/lcthw/hashmap.c:Hashmap_get_node:205: TRY: 0
DEBUG: src/lcthw/hashmap.c:Hashmap_get_node:205: TRY: 0
DEBUG: src/lcthw/hashmap.c:Hashmap_get_node:205: TRY: 0
DEBUG: src/lcthw/hashmap.c:Hashmap_get_node:205: TRY: 0
DEBUG: src/lcthw/hashmap.c:Hashmap_get_node:205: TRY: 0
DEBUG: src/lcthw/hashmap.c:Hashmap_get_node:205: TRY: 0
DEBUG: src/lcthw/hashmap.c:Hashmap_get_node:205: TRY: 0
DEBUG: src/lcthw/hashmap.c:Hashmap_get_node:205: TRY: 0
DEBUG: src/lcthw/hashmap.c:Hashmap_get_node:205: TRY: 0
DEBUG: src/lcthw/hashmap.c:Hashmap_get_node:205: TRY: 0
DEBUG: src/lcthw/hashmap.c:Hashmap_get_node:205: TRY: 0
DEBUG: src/lcthw/hashmap.c:Hashmap_get_node:205: TRY: 0
DEBUG: src/lcthw/hashmap.c:Hashmap_get_node:205: TRY: 1
DEBUG: src/lcthw/hashmap.c:Hashmap_get_node:205: TRY: 0
DEBUG: src/lcthw/hashmap.c:Hashmap_get_node:205: TRY: 1
DEBUG: src/lcthw/hashmap.c:Hashmap_get_node:205: TRY: 2
DEBUG: src/lcthw/hashmap.c:Hashmap_get_node:205: TRY: 3
DEBUG: src/lcthw/hashmap.c:Hashmap_get_node:205: TRY: 0
DEBUG: src/lcthw/hashmap.c:Hashmap_get_node:205: TRY: 1
DEBUG: src/lcthw/hashmap.c:Hashmap_get_node:205: TRY: 0
DEBUG: src/lcthw/hashmap.c:Hashmap_get_node:205: TRY: 1
DEBUG: src/lcthw/hashmap.c:Hashmap_get_node:205: TRY: 0
DEBUG: src/lcthw/hashmap.c:Hashmap_get_node:205: TRY: 0
DEBUG: src/lcthw/hashmap.c:Hashmap_get_node:205: TRY: 0
DEBUG: src/lcthw/hashmap.c:Hashmap_get_node:205: TRY: 0
DEBUG: src/lcthw/hashmap.c:Hashmap_get_node:205: TRY: 1
DEBUG: src/lcthw/hashmap.c:Hashmap_get_node:205: TRY: 0
DEBUG: src/lcthw/hashmap.c:Hashmap_get_node:205: TRY: 0
DEBUG: src/lcthw/hashmap.c:Hashmap_get_node:205: TRY: 0
DEBUG: src/lcthw/hashmap.c:Hashmap_get_node:205: TRY: 1
DEBUG: src/lcthw/hashmap.c:Hashmap_get_node:205: TRY: 2
DEBUG: src/lcthw/hashmap.c:Hashmap_get_node:205: TRY: 0
DEBUG: src/lcthw/hashmap.c:Hashmap_get_node:205: TRY: 0
DEBUG: src/lcthw/hashmap.c:Hashmap_get_node:205: TRY: 0
DEBUG: src/lcthw/hashmap.c:Hashmap_get_node:205: TRY: 0
DEBUG: src/lcthw/hashmap.c:Hashmap_get_node:205: TRY: 0
DEBUG: src/lcthw/hashmap.c:Hashmap_get_node:205: TRY: 0
DEBUG: src/lcthw/hashmap.c:Hashmap_get_node:205: TRY: 0
DEBUG: src/lcthw/hashmap.c:Hashmap_get_node:205: TRY: 0
DEBUG: src/lcthw/hashmap.c:Hashmap_get_node:205: TRY: 1
DEBUG: src/lcthw/hashmap.c:Hashmap_get_node:205: TRY: 2
DEBUG: src/lcthw/hashmap.c:Hashmap_get_node:205: TRY: 0
DEBUG: src/lcthw/hashmap.c:Hashmap_get_node:205: TRY: 0
DEBUG: src/lcthw/hashmap.c:Hashmap_get_node:205: TRY: 0
DEBUG: src/lcthw/hashmap.c:Hashmap_get_node:205: TRY: 1
DEBUG: src/lcthw/hashmap.c:Hashmap_get_node:205: TRY: 0
DEBUG: src/lcthw/hashmap.c:Hashmap_get_node:205: TRY: 0
DEBUG: src/lcthw/hashmap.c:Hashmap_get_node:205: TRY: 0
DEBUG: src/lcthw/hashmap.c:Hashmap_get_node:205: TRY: 1
DEBUG: src/lcthw/hashmap.c:Hashmap_get_node:205: TRY: 2
DEBUG: src/lcthw/hashmap.c:Hashmap_get_node:205: TRY: 0
DEBUG: src/lcthw/hashmap.c:Hashmap_get_node:205: TRY: 1
DEBUG: src/lcthw/hashmap.c:Hashmap_get_node:205: TRY: 2
DEBUG: src/lcthw/hashmap.c:Hashmap_get_node:205: TRY: 0
DEBUG: src/lcthw/hashmap.c:Hashmap_get_node:205: TRY: 0
DEBUG: src/lcthw/hashmap.c:Hashmap_get_node:205: TRY: 0
DEBUG: src/lcthw/hashmap.c:Hashmap_get_node:205: TRY: 0
DEBUG: src/lcthw/hashmap.c:Hashmap_get_node:205: TRY: 0
DEBUG: src/lcthw/hashmap.c:Hashmap_get_node:205: TRY: 0
DEBUG: src/lcthw/hashmap.c:Hashmap_get_node:205: TRY: 0
DEBUG: src/lcthw/hashmap.c:Hashmap_get_node:205: TRY: 0
DEBUG: src/lcthw/hashmap.c:Hashmap_get_node:205: TRY: 0
DEBUG: src/lcthw/hashmap.c:Hashmap_get_node:205: TRY: 0
DEBUG: src/lcthw/hashmap.c:Hashmap_get_node:205: TRY: 0
DEBUG: src/lcthw/hashmap.c:Hashmap_get_node:205: TRY: 0
DEBUG: src/lcthw/hashmap.c:Hashmap_get_node:205: TRY: 0
DEBUG: src/lcthw/hashmap.c:Hashmap_get_node:205: TRY: 0
DEBUG: src/lcthw/hashmap.c:Hashmap_get_node:205: TRY: 0
DEBUG: src/lcthw/hashmap.c:Hashmap_get_node:205: TRY: 0
DEBUG: src/lcthw/hashmap.c:Hashmap_get_node:205: TRY: 1
DEBUG: src/lcthw/hashmap.c:Hashmap_get_node:205: TRY: 0
DEBUG: src/lcthw/hashmap.c:Hashmap_get_node:205: TRY: 0
DEBUG: src/lcthw/hashmap.c:Hashmap_get_node:205: TRY: 0
DEBUG: src/lcthw/hashmap.c:Hashmap_get_node:205: TRY: 1
DEBUG: src/lcthw/hashmap.c:Hashmap_get_node:205: TRY: 0
DEBUG: src/lcthw/hashmap.c:Hashmap_get_node:205: TRY: 0
DEBUG: src/lcthw/hashmap.c:Hashmap_get_node:205: TRY: 0
DEBUG: src/lcthw/hashmap.c:Hashmap_get_node:205: TRY: 0
DEBUG: src/lcthw/hashmap.c:Hashmap_get_node:205: TRY: 0
DEBUG: src/lcthw/hashmap.c:Hashmap_get_node:205: TRY: 0
DEBUG: src/lcthw/hashmap.c:Hashmap_get_node:205: TRY: 0
DEBUG: src/lcthw/hashmap.c:Hashmap_get_node:205: TRY: 0
DEBUG: src/lcthw/hashmap.c:Hashmap_get_node:205: TRY: 0
DEBUG: src/lcthw/hashmap.c:Hashmap_get_node:205: TRY: 0
DEBUG: src/lcthw/hashmap.c:Hashmap_get_node:205: TRY: 0
DEBUG: src/lcthw/hashmap.c:Hashmap_get_node:205: TRY: 1
DEBUG: src/lcthw/hashmap.c:Hashmap_get_node:205: TRY: 0
DEBUG: src/lcthw/hashmap.c:Hashmap_get_node:205: TRY: 0
DEBUG: src/lcthw/hashmap.c:Hashmap_get_node:205: TRY: 1
DEBUG: src/lcthw/hashmap.c:Hashmap_get_node:205: TRY: 0
DEBUG: src/lcthw/hashmap.c:Hashmap_get_node:205: TRY: 1
DEBUG: src/lcthw/hashmap.c:Hashmap_get_node:205: TRY: 0
DEBUG: src/lcthw/hashmap.c:Hashmap_get_node:205: TRY: 0
DEBUG: src/lcthw/hashmap.c:Hashmap_get_node:205: TRY: 0
DEBUG: src/lcthw/hashmap.c:Hashmap_get_node:205: TRY: 0
DEBUG: src/lcthw/hashmap.c:Hashmap_get_node:205: TRY: 1
DEBUG: src/lcthw/hashmap.c:Hashmap_get_node:205: TRY: 2
DEBUG: src/lcthw/hashmap.c:Hashmap_get_node:205: TRY: 0
DEBUG: src/lcthw/hashmap.c:Hashmap_get_node:205: TRY: 1
DEBUG: src/lcthw/hashmap.c:Hashmap_get_node:205: TRY: 0
DEBUG: src/lcthw/hashmap.c:Hashmap_get_node:205: TRY: 0
DEBUG: src/lcthw/hashmap.c:Hashmap_get_node:205: TRY: 0
DEBUG: src/lcthw/hashmap.c:Hashmap_get_node:205: TRY: 1
DEBUG: src/lcthw/hashmap.c:Hashmap_get_node:205: TRY: 2
DEBUG: src/lcthw/hashmap.c:Hashmap_get_node:205: TRY: 0
DEBUG: src/lcthw/hashmap.c:Hashmap_get_node:205: TRY: 0
DEBUG: src/lcthw/hashmap.c:Hashmap_get_node:205: TRY: 1
DEBUG: src/lcthw/hashmap.c:Hashmap_get_node:205: TRY: 0
DEBUG: src/lcthw/hashmap.c:Hashmap_get_node:205: TRY: 1
DEBUG: src/lcthw/hashmap.c:Hashmap_get_node:205: TRY: 0
DEBUG: src/lcthw/hashmap.c:Hashmap_get_node:205: TRY: 0
DEBUG: src/lcthw/hashmap.c:Hashmap_get_node:205: TRY: 1
DEBUG: src/lcthw/hashmap.c:Hashmap_get_node:205: TRY: 0
DEBUG: src/lcthw/hashmap.c:Hashmap_get_node:205: TRY: 1
DEBUG: src/lcthw/hashmap.c:Hashmap_get_node:205: TRY: 0
DEBUG: src/lcthw/hashmap.c:Hashmap_get_node:205: TRY: 1
DEBUG: src/lcthw/hashmap.c:Hashmap_get_node:205: TRY: 0
DEBUG: src/lcthw/hashmap.c:Hashmap_get_node:205: TRY: 1
DEBUG: src/lcthw/hashmap.c:Hashmap_get_node:205: TRY: 0
DEBUG: src/lcthw/hashmap.c:Hashmap_get_node:205: TRY: 0
DEBUG: src/lcthw/hashmap.c:Hashmap_get_node:205: TRY: 1
DEBUG: src/lcthw/hashmap.c:Hashmap_get_node:205: TRY: 0
DEBUG: src/lcthw/hashmap.c:Hashmap_get_node:205: TRY: 0
DEBUG: src/lcthw/hashmap.c:Hashmap_get_node:205: TRY: 0
DEBUG: src/lcthw/hashmap.c:Hashmap_get_node:205: TRY: 0
DEBUG: src/lcthw/hashmap.c:Hashmap_get_node:205: TRY: 0
DEBUG: src/lcthw/hashmap.c:Hashmap_get_node:205: TRY: 0
DEBUG: src/lcthw/hashmap.c:Hashmap_get_node:205: TRY: 0
DEBUG: src/lcthw/hashmap.c:Hashmap_get_node:205: TRY: 0
DEBUG: src/lcthw/hashmap.c:Hashmap_get_node:205: TRY: 0
DEBUG: src/lcthw/hashmap.c:Hashmap_get_node:205: TRY: 0
DEBUG: src/lcthw/hashmap.c:Hashmap_get_node:205: TRY: 0
DEBUG: src/lcthw/hashmap.c:Hashmap_get_node:205: TRY: 0
DEBUG: src/lcthw/hashmap.c:Hashmap_get_node:205: TRY: 0
DEBUG: src/lcthw/hashmap.c:Hashmap_get_node:205: TRY: 1
DEBUG: src/lcthw/hashmap.c:Hashmap_get_node:205: TRY: 2
DEBUG: src/lcthw/hashmap.c:Hashmap_get_node:205: TRY: 3
DEBUG: src/lcthw/hashmap.c:Hashmap_get_node:205: TRY: 4
DEBUG: src/lcthw/hashmap.c:Hashmap_get_node:205: TRY: 0
DEBUG: src/lcthw/hashmap.c:Hashmap_get_node:205: TRY: 0
DEBUG: src/lcthw/hashmap.c:Hashmap_get_node:205: TRY: 0
DEBUG: src/lcthw/hashmap.c:Hashmap_get_node:205: TRY: 0
DEBUG: src/lcthw/hashmap.c:Hashmap_get_node:205: TRY: 1
DEBUG: src/lcthw/hashmap.c:Hashmap_get_node:205: TRY: 0
DEBUG: src/lcthw/hashmap.c:Hashmap_get_node:205: TRY: 1
DEBUG: src/lcthw/hashmap.c:Hashmap_get_node:205: TRY: 0
DEBUG: src/lcthw/hashmap.c:Hashmap_get_node:205: TRY: 0
DEBUG: src/lcthw/hashmap.c:Hashmap_get_node:205: TRY: 0
DEBUG: src/lcthw/hashmap.c:Hashmap_get_node:205: TRY: 0
DEBUG: src/lcthw/hashmap.c:Hashmap_get_node:205: TRY: 1
DEBUG: src/lcthw/hashmap.c:Hashmap_get_node:205: TRY: 0
DEBUG: src/lcthw/hashmap.c:Hashmap_get_node:205: TRY: 0
DEBUG: src/lcthw/hashmap.c:Hashmap_get_node:205: TRY: 0
DEBUG: src/lcthw/hashmap.c:Hashmap_get_node:205: TRY: 0
DEBUG: src/lcthw/hashmap.c:Hashmap_get_node:205: TRY: 1
DEBUG: src/lcthw/hashmap.c:Hashmap_get_node:205: TRY: 0
DEBUG: src/lcthw/hashmap.c:Hashmap_get_node:205: TRY: 0
DEBUG: src/lcthw/hashmap.c:Hashmap_get_node:205: TRY: 0
DEBUG: src/lcthw/hashmap.c:Hashmap_get_node:205: TRY: 1
DEBUG: src/lcthw/hashmap.c:Hashmap_get_node:205: TRY: 0
DEBUG: src/lcthw/hashmap.c:Hashmap_get_node:205: TRY: 0
DEBUG: src/lcthw/hashmap.c:Hashmap_get_node:205: TRY: 1
DEBUG: src/lcthw/hashmap.c:Hashmap_get_node:205: TRY: 2
DEBUG: src/lcthw/hashmap.c:Hashmap_get_node:205: TRY: 0
DEBUG: src/lcthw/hashmap.c:Hashmap_get_node:205: TRY: 0
DEBUG: src/lcthw/hashmap.c:Hashmap_get_node:205: TRY: 0
DEBUG: src/lcthw/hashmap.c:Hashmap_get_node:205: TRY: 0
DEBUG: src/lcthw/hashmap.c:Hashmap_get_node:205: TRY: 1
DEBUG: src/lcthw/hashmap.c:Hashmap_get_node:205: TRY: 2
DEBUG: src/lcthw/hashmap.c:Hashmap_get_node:205: TRY: 0
DEBUG: src/lcthw/hashmap.c:Hashmap_get_node:205: TRY: 0
DEBUG: src/lcthw/hashmap.c:Hashmap_get_node:205: TRY: 0
DEBUG: src/lcthw/hashmap.c:Hashmap_get_node:205: TRY: 1
DEBUG: src/lcthw/hashmap.c:Hashmap_get_node:205: TRY: 2
DEBUG: src/lcthw/hashmap.c:Hashmap_get_node:205: TRY: 0
DEBUG: src/lcthw/hashmap.c:Hashmap_get_node:205: TRY: 1
DEBUG: src/lcthw/hashmap.c:Hashmap_get_node:205: TRY: 0
DEBUG: src/lcthw/hashmap.c:Hashmap_get_node:205: TRY: 0
DEBUG: src/lcthw/hashmap.c:Hashmap_get_node:205: TRY: 0
DEBUG: src/lcthw/hashmap.c:Hashmap_get_node:205: TRY: 0
DEBUG: src/lcthw/hashmap.c:Hashmap_get_node:205: TRY: 0
DEBUG: src/lcthw/hashmap.c:Hashmap_get_node:205: TRY: 1
DEBUG: src/lcthw/hashmap.c:Hashmap_get_node:205: TRY: 0
DEBUG: src/lcthw/hashmap.c:Hashmap_get_node:205: TRY: 0
DEBUG: src/lcthw/hashmap.c:Hashmap_get_node:205: TRY: 0
DEBUG: src/lcthw/hashmap.c:Hashmap_get_node:205: TRY: 0
DEBUG: src/lcthw/hashmap.c:Hashmap_get_node:205: TRY: 0
DEBUG: src/lcthw/hashmap.c:Hashmap_get_node:205: TRY: 1
DEBUG: src/lcthw/hashmap.c:Hashmap_get_node:205: TRY: 2
DEBUG: src/lcthw/hashmap.c:Hashmap_get_node:205: TRY: 3
DEBUG: src/lcthw/hashmap.c:Hashmap_get_node:205: TRY: 0
DEBUG: src/lcthw/hashmap.c:Hashmap_get_node:205: TRY: 0
DEBUG: src/lcthw/hashmap.c:Hashmap_get_node:205: TRY: 0
DEBUG: src/lcthw/hashmap.c:Hashmap_get_node:205: TRY: 0
DEBUG: src/lcthw/hashmap.c:Hashmap_get_node:205: TRY: 0
DEBUG: src/lcthw/hashmap.c:Hashmap_get_node:205: TRY: 1
DEBUG: src/lcthw/hashmap.c:Hashmap_get_node:205: TRY: 0
DEBUG: src/lcthw/hashmap.c:Hashmap_get_node:205: TRY: 1
DEBUG: src/lcthw/hashmap.c:Hashmap_get_node:205: TRY: 0
DEBUG: src/lcthw/hashmap.c:Hashmap_get_node:205: TRY: 1
DEBUG: src/lcthw/hashmap.c:Hashmap_get_node:205: TRY: 0
DEBUG: src/lcthw/hashmap.c:Hashmap_get_node:205: TRY: 0
DEBUG: src/lcthw/hashmap.c:Hashmap_get_node:205: TRY: 1
DEBUG: src/lcthw/hashmap.c:Hashmap_get_node:205: TRY: 0
DEBUG: src/lcthw/hashmap.c:Hashmap_get_node:205: TRY: 0
DEBUG: src/lcthw/hashmap.c:Hashmap_get_node:205: TRY: 1
DEBUG: src/lcthw/hashmap.c:Hashmap_get_node:205: TRY: 0
DEBUG: src/lcthw/hashmap.c:Hashmap_get_node:205: TRY: 1
DEBUG: src/lcthw/hashmap.c:Hashmap_get_node:205: TRY: 0
DEBUG: src/lcthw/hashmap.c:Hashmap_get_node:205: TRY: 0
DEBUG: src/lcthw/hashmap.c:Hashmap_get_node:205: TRY: 0
DEBUG: src/lcthw/hashmap.c:Hashmap_get_node:205: TRY: 1
DEBUG: src/lcthw/hashmap.c:Hashmap_get_node:205: TRY: 0
DEBUG: src/lcthw/hashmap.c:Hashmap_get_node:205: TRY: 0
DEBUG: src/lcthw/hashmap.c:Hashmap_get_node:205: TRY: 1
DEBUG: src/lcthw/hashmap.c:Hashmap_get_node:205: TRY: 2
DEBUG: src/lcthw/hashmap.c:Hashmap_get_node:205: TRY: 3
DEBUG: src/lcthw/hashmap.c:Hashmap_get_node:205: TRY: 0
DEBUG: src/lcthw/hashmap.c:Hashmap_get_node:205: TRY: 0
DEBUG: src/lcthw/hashmap.c:Hashmap_get_node:205: TRY: 1
DEBUG: src/lcthw/hashmap.c:Hashmap_get_node:205: TRY: 0
DEBUG: src/lcthw/hashmap.c:Hashmap_get_node:205: TRY: 0
DEBUG: src/lcthw/hashmap.c:Hashmap_get_node:205: TRY: 1
DEBUG: src/lcthw/hashmap.c:Hashmap_get_node:205: TRY: 0
DEBUG: src/lcthw/hashmap.c:Hashmap_get_node:205: TRY: 0
DEBUG: src/lcthw/hashmap.c:Hashmap_get_node:205: TRY: 0
DEBUG: src/lcthw/hashmap.c:Hashmap_get_node:205: TRY: 0
DEBUG: src/lcthw/hashmap.c:Hashmap_get_node:205: TRY: 0
DEBUG: src/lcthw/hashmap.c:Hashmap_get_node:205: TRY: 0
DEBUG: src/lcthw/hashmap.c:Hashmap_get_node:205: TRY: 1
DEBUG: src/lcthw/hashmap.c:Hashmap_get_node:205: TRY: 0
DEBUG: src/lcthw/hashmap.c:Hashmap_get_node:205: TRY: 0
DEBUG: src/lcthw/hashmap.c:Hashmap_get_node:205: TRY: 1
DEBUG: src/lcthw/hashmap.c:Hashmap_get_node:205: TRY: 0
DEBUG: src/lcthw/hashmap.c:Hashmap_get_node:205: TRY: 0
DEBUG: src/lcthw/hashmap.c:Hashmap_get_node:205: TRY: 0
DEBUG: src/lcthw/hashmap.c:Hashmap_get_node:205: TRY: 0
DEBUG: src/lcthw/hashmap.c:Hashmap_get_node:205: TRY: 1
DEBUG: src/lcthw/hashmap.c:Hashmap_get_node:205: TRY: 0
DEBUG: src/lcthw/hashmap.c:Hashmap_get_node:205: TRY: 0
DEBUG: src/lcthw/hashmap.c:Hashmap_get_node:205: TRY: 0
DEBUG: src/lcthw/hashmap.c:Hashmap_get_node:205: TRY: 1
DEBUG: src/lcthw/hashmap.c:Hashmap_get_node:205: TRY: 0
DEBUG: src/lcthw/hashmap.c:Hashmap_get_node:205: TRY: 1
DEBUG: src/lcthw/hashmap.c:Hashmap_get_node:205: TRY: 0
DEBUG: src/lcthw/hashmap.c:Hashmap_get_node:205: TRY: 0
DEBUG: src/lcthw/hashmap.c:Hashmap_get_node:205: TRY: 1
DEBUG: src/lcthw/hashmap.c:Hashmap_get_node:205: TRY: 0
DEBUG: src/lcthw/hashmap.c:Hashmap_get_node:205: TRY: 0
DEBUG: src/lcthw/hashmap.c:Hashmap_get_node:205: TRY: 0
DEBUG: src/lcthw/hashmap.c:Hashmap_get_node:205: TRY: 1
DEBUG: src/lcthw/hashmap.c:Hashmap_get_node:205: TRY: 0
DEBUG: src/lcthw/hashmap.c:Hashmap_get_node:205: TRY: 1
DEBUG: src/lcthw/hashmap.c:Hashmap_get_node:205: TRY: 2
DEBUG: src/lcthw/hashmap.c:Hashmap_get_node:205: TRY: 0
DEBUG: src/lcthw/hashmap.c:Hashmap_get_node:205: TRY: 0
DEBUG: src/lcthw/hashmap.c:Hashmap_get_node:205: TRY: 1
DEBUG: src/lcthw/hashmap.c:Hashmap_get_node:205: TRY: 0
DEBUG: src/lcthw/hashmap.c:Hashmap_get_node:205: TRY: 0
DEBUG: src/lcthw/hashmap.c:Hashmap_get_node:205: TRY: 1
DEBUG: src/lcthw/hashmap.c:Hashmap_get_node:205: TRY: 0
DEBUG: src/lcthw/hashmap.c:Hashmap_get_node:205: TRY: 1
DEBUG: src/lcthw/hashmap.c:Hashmap_get_node:205: TRY: 0
DEBUG: src/lcthw/hashmap.c:Hashmap_get_node:205: TRY: 0
DEBUG: src/lcthw/hashmap.c:Hashmap_get_node:205: TRY: 0
DEBUG: src/lcthw/hashmap.c:Hashmap_get_node:205: TRY: 0
DEBUG: src/lcthw/hashmap.c:Hashmap_get_node:205: TRY: 0
DEBUG: src/lcthw/hashmap.c:Hashmap_get_node:205: TRY: 1
DEBUG: src/lcthw/hashmap.c:Hashmap_get_node:205: TRY: 0
DEBUG: src/lcthw/hashmap.c:Hashmap_get_node:205: TRY: 1
DEBUG: src/lcthw/hashmap.c:Hashmap_get_node:205: TRY: 0
DEBUG: src/lcthw/hashmap.c:Hashmap_get_node:205: TRY: 0
DEBUG: src/lcthw/hashmap.c:Hashmap_get_node:205: TRY: 1
DEBUG: src/lcthw/hashmap.c:Hashmap_get_node:205: TRY: 0
DEBUG: src/lcthw/hashmap.c:Hashmap_get_node:205: TRY: 1
DEBUG: src/lcthw/hashmap.c:Hashmap_get_node:205: TRY: 0
DEBUG: src/lcthw/hashmap.c:Hashmap_get_node:205: TRY: 0
DEBUG: src/lcthw/hashmap.c:Hashmap_get_node:205: TRY: 1
DEBUG: src/lcthw/hashmap.c:Hashmap_get_node:205: TRY: 0
DEBUG: src/lcthw/hashmap.c:Hashmap_get_node:205: TRY: 1
DEBUG: src/lcthw/hashmap.c:Hashmap_get_node:205: TRY: 0
DEBUG: src/lcthw/hashmap.c:Hashmap_get_node:205: TRY: 1
DEBUG: src/lcthw/hashmap.c:Hashmap_get_node:205: TRY: 0
DEBUG: src/lcthw/hashmap.c:Hashmap_get_node:205: TRY: 0
DEBUG: src/lcthw/hashmap.c:Hashmap_get_node:205: TRY: 0
DEBUG: src/lcthw/hashmap.c:Hashmap_get_node:205: TRY: 1
DEBUG: src/lcthw/hashmap.c:Hashmap_get_node:205: TRY: 2
DEBUG: src/lcthw/hashmap.c:Hashmap_get_node:205: TRY: 0
DEBUG: src/lcthw/hashmap.c:Hashmap_get_node:205: TRY: 0
DEBUG: src/lcthw/hashmap.c:Hashmap_get_node:205: TRY: 0
DEBUG: src/lcthw/hashmap.c:Hashmap_get_node:205: TRY: 1
DEBUG: src/lcthw/hashmap.c:Hashmap_get_node:205: TRY: 0
DEBUG: src/lcthw/hashmap.c:Hashmap_get_node:205: TRY: 1
DEBUG: src/lcthw/hashmap.c:Hashmap_get_node:205: TRY: 0
DEBUG: src/lcthw/hashmap.c:Hashmap_get_node:205: TRY: 0
DEBUG: src/lcthw/hashmap.c:Hashmap_get_node:205: TRY: 0
DEBUG: src/lcthw/hashmap.c:Hashmap_get_node:205: TRY: 1
DEBUG: src/lcthw/hashmap.c:Hashmap_get_node:205: TRY: 0
DEBUG: src/lcthw/hashmap.c:Hashmap_get_node:205: TRY: 0
DEBUG: src/lcthw/hashmap.c:Hashmap_get_node:205: TRY: 0
DEBUG: src/lcthw/hashmap.c:Hashmap_get_node:205: TRY: 0
DEBUG: src/lcthw/hashmap.c:Hashmap_get_node:205: TRY: 0
DEBUG: src/lcthw/hashmap.c:Hashmap_get_node:205: TRY: 0
DEBUG: src/lcthw/hashmap.c:Hashmap_get_node:205: TRY: 0
DEBUG: src/lcthw/hashmap.c:Hashmap_get_node:205: TRY: 0
DEBUG: src/lcthw/hashmap.c:Hashmap_get_node:205: TRY: 1
DEBUG: src/lcthw/hashmap.c:Hashmap_get_node:205: TRY: 2
DEBUG: src/lcthw/hashmap.c:Hashmap_get_node:205: TRY: 3
DEBUG: src/lcthw/hashmap.c:Hashmap_get_node:205: TRY: 0
DEBUG: src/lcthw/hashmap.c:Hashmap_get_node:205: TRY: 0
DEBUG: src/lcthw/hashmap.c:Hashmap_get_node:205: TRY: 0
DEBUG: src/lcthw/hashmap.c:Hashmap_get_node:205: TRY: 0
DEBUG: src/lcthw/hashmap.c:Hashmap_get_node:205: TRY: 0
DEBUG: src/lcthw/hashmap.c:Hashmap_get_node:205: TRY: 1
DEBUG: src/lcthw/hashmap.c:Hashmap_get_node:205: TRY: 0
DEBUG: src/lcthw/hashmap.c:Hashmap_get_node:205: TRY: 0
DEBUG: src/lcthw/hashmap.c:Hashmap_get_node:205: TRY: 1
DEBUG: src/lcthw/hashmap.c:Hashmap_get_node:205: TRY: 2
DEBUG: src/lcthw/hashmap.c:Hashmap_get_node:205: TRY: 0
DEBUG: src/lcthw/hashmap.c:Hashmap_get_node:205: TRY: 1
DEBUG: src/lcthw/hashmap.c:Hashmap_get_node:205: TRY: 2
DEBUG: src/lcthw/hashmap.c:Hashmap_get_node:205: TRY: 3
DEBUG: src/lcthw/hashmap.c:Hashmap_get_node:205: TRY: 0
DEBUG: src/lcthw/hashmap.c:Hashmap_get_node:205: TRY: 0
DEBUG: src/lcthw/hashmap.c:Hashmap_get_node:205: TRY: 0
DEBUG: src/lcthw/hashmap.c:Hashmap_get_node:205: TRY: 1
DEBUG: src/lcthw/hashmap.c:Hashmap_get_node:205: TRY: 0
DEBUG: src/lcthw/hashmap.c:Hashmap_get_node:205: TRY: 0
DEBUG: src/lcthw/hashmap.c:Hashmap_get_node:205: TRY: 1
DEBUG: src/lcthw/hashmap.c:Hashmap_get_node:205: TRY: 0
DEBUG: src/lcthw/hashmap.c:Hashmap_get_node:205: TRY: 0
DEBUG: src/lcthw/hashmap.c:Hashmap_get_node:205: TRY: 1
DEBUG: src/lcthw/hashmap.c:Hashmap_get_node:205: TRY: 0
DEBUG: src/lcthw/hashmap.c:Hashmap_get_node:205: TRY: 1
DEBUG: src/lcthw/hashmap.c:Hashmap_get_node:205: TRY: 2
DEBUG: src/lcthw/hashmap.c:Hashmap_get_node:205: TRY: 0
DEBUG: src/lcthw/hashmap.c:Hashmap_get_node:205: TRY: 0
DEBUG: src/lcthw/hashmap.c:Hashmap_get_node:205: TRY: 0
DEBUG: src/lcthw/hashmap.c:Hashmap_get_node:205: TRY: 0
DEBUG: src/lcthw/hashmap.c:Hashmap_get_node:205: TRY: 0
DEBUG: src/lcthw/hashmap.c:Hashmap_get_node:205: TRY: 0
DEBUG: src/lcthw/hashmap.c:Hashmap_get_node:205: TRY: 0
DEBUG: src/lcthw/hashmap.c:Hashmap_get_node:205: TRY: 0
DEBUG: src/lcthw/hashmap.c:Hashmap_get_node:205: TRY: 0
DEBUG: src/lcthw/hashmap.c:Hashmap_get_node:205: TRY: 0
DEBUG: src/lcthw/hashmap.c:Hashmap_get_node:205: TRY: 0
DEBUG: src/lcthw/hashmap.c:Hashmap_get_node:205: TRY: 1
DEBUG: src/lcthw/hashmap.c:Hashmap_get_node:205: TRY: 0
DEBUG: src/lcthw/hashmap.c:Hashmap_get_node:205: TRY: 1
DEBUG: src/lcthw/hashmap.c:Hashmap_get_node:205: TRY: 2
DEBUG: src/lcthw/hashmap.c:Hashmap_get_node:205: TRY: 0
DEBUG: src/lcthw/hashmap.c:Hashmap_get_node:205: TRY: 1
DEBUG: src/lcthw/hashmap.c:Hashmap_get_node:205: TRY: 0
DEBUG: src/lcthw/hashmap.c:Hashmap_get_node:205: TRY: 1
DEBUG: src/lcthw/hashmap.c:Hashmap_get_node:205: TRY: 2
DEBUG: src/lcthw/hashmap.c:Hashmap_get_node:205: TRY: 0
DEBUG: src/lcthw/hashmap.c:Hashmap_get_node:205: TRY: 0
DEBUG: src/lcthw/hashmap.c:Hashmap_get_node:205: TRY: 0
DEBUG: src/lcthw/hashmap.c:Hashmap_get_node:205: TRY: 1
DEBUG: src/lcthw/hashmap.c:Hashmap_get_node:205: TRY: 2
DEBUG: src/lcthw/hashmap.c:Hashmap_get_node:205: TRY: 3
DEBUG: src/lcthw/hashmap.c:Hashmap_get_node:205: TRY: 0
DEBUG: src/lcthw/hashmap.c:Hashmap_get_node:205: TRY: 0
DEBUG: src/lcthw/hashmap.c:Hashmap_get_node:205: TRY: 0
DEBUG: src/lcthw/hashmap.c:Hashmap_get_node:205: TRY: 1
DEBUG: src/lcthw/hashmap.c:Hashmap_get_node:205: TRY: 0
DEBUG: src/lcthw/hashmap.c:Hashmap_get_node:205: TRY: 1
DEBUG: src/lcthw/hashmap.c:Hashmap_get_node:205: TRY: 0
DEBUG: src/lcthw/hashmap.c:Hashmap_get_node:205: TRY: 0
DEBUG: src/lcthw/hashmap.c:Hashmap_get_node:205: TRY: 1
DEBUG: src/lcthw/hashmap.c:Hashmap_get_node:205: TRY: 2
DEBUG: src/lcthw/hashmap.c:Hashmap_get_node:205: TRY: 0
DEBUG: src/lcthw/hashmap.c:Hashmap_get_node:205: TRY: 1
DEBUG: src/lcthw/hashmap.c:Hashmap_get_node:205: TRY: 0
DEBUG: src/lcthw/hashmap.c:Hashmap_get_node:205: TRY: 1
DEBUG: src/lcthw/hashmap.c:Hashmap_get_node:205: TRY: 0
DEBUG: src/lcthw/hashmap.c:Hashmap_get_node:205: TRY: 1
DEBUG: src/lcthw/hashmap.c:Hashmap_get_node:205: TRY: 2
DEBUG: src/lcthw/hashmap.c:Hashmap_get_node:205: TRY: 3
DEBUG: src/lcthw/hashmap.c:Hashmap_get_node:205: TRY: 0
DEBUG: src/lcthw/hashmap.c:Hashmap_get_node:205: TRY: 1
DEBUG: src/lcthw/hashmap.c:Hashmap_get_node:205: TRY: 2
DEBUG: src/lcthw/hashmap.c:Hashmap_get_node:205: TRY: 0
DEBUG: src/lcthw/hashmap.c:Hashmap_get_node:205: TRY: 1
DEBUG: src/lcthw/hashmap.c:Hashmap_get_node:205: TRY: 2
DEBUG: src/lcthw/hashmap.c:Hashmap_get_node:205: TRY: 0
DEBUG: src/lcthw/hashmap.c:Hashmap_get_node:205: TRY: 1
DEBUG: src/lcthw/hashmap.c:Hashmap_get_node:205: TRY: 2
DEBUG: src/lcthw/hashmap.c:Hashmap_get_node:205: TRY: 0
DEBUG: src/lcthw/hashmap.c:Hashmap_get_node:205: TRY: 1
DEBUG: src/lcthw/hashmap.c:Hashmap_get_node:205: TRY: 0
DEBUG: src/lcthw/hashmap.c:Hashmap_get_node:205: TRY: 0
DEBUG: src/lcthw/hashmap.c:Hashmap_get_node:205: TRY: 1
DEBUG: src/lcthw/hashmap.c:Hashmap_get_node:205: TRY: 2
DEBUG: src/lcthw/hashmap.c:Hashmap_get_node:205: TRY: 3
DEBUG: src/lcthw/hashmap.c:Hashmap_get_node:205: TRY: 0
DEBUG: src/lcthw/hashmap.c:Hashmap_get_node:205: TRY: 0
DEBUG: src/lcthw/hashmap.c:Hashmap_get_node:205: TRY: 1
DEBUG: src/lcthw/hashmap.c:Hashmap_get_node:205: TRY: 2
DEBUG: src/lcthw/hashmap.c:Hashmap_get_node:205: TRY: 3
DEBUG: src/lcthw/hashmap.c:Hashmap_get_node:205: TRY: 4
DEBUG: src/lcthw/hashmap.c:Hashmap_get_node:205: TRY: 0
DEBUG: src/lcthw/hashmap.c:Hashmap_get_node:205: TRY: 1
DEBUG: src/lcthw/hashmap.c:Hashmap_get_node:205: TRY: 2
DEBUG: src/lcthw/hashmap.c:Hashmap_get_node:205: TRY: 3
DEBUG: src/lcthw/hashmap.c:Hashmap_get_node:205: TRY: 4
DEBUG: src/lcthw/hashmap.c:Hashmap_get_node:205: TRY: 0
DEBUG: src/lcthw/hashmap.c:Hashmap_get_node:205: TRY: 1
DEBUG: src/lcthw/hashmap.c:Hashmap_get_node:205: TRY: 2
DEBUG: src/lcthw/hashmap.c:Hashmap_get_node:205: TRY: 3
DEBUG: src/lcthw/hashmap.c:Hashmap_get_node:205: TRY: 4
DEBUG: src/lcthw/hashmap.c:Hashmap_get_node:205: TRY: 5
DEBUG: src/lcthw/hashmap.c:Hashmap_get_node:205: TRY: 0
DEBUG: src/lcthw/hashmap.c:Hashmap_get_node:205: TRY: 1
DEBUG: src/lcthw/hashmap.c:Hashmap_get_node:205: TRY: 2
DEBUG: src/lcthw/hashmap.c:Hashmap_get_node:205: TRY: 3
DEBUG: src/lcthw/hashmap.c:Hashmap_get_node:205: TRY: 0
DEBUG: src/lcthw/hashmap.c:Hashmap_get_node:205: TRY: 1
DEBUG: src/lcthw/hashmap.c:Hashmap_get_node:205: TRY: 0
DEBUG: src/lcthw/hashmap.c:Hashmap_get_node:205: TRY: 1
DEBUG: src/lcthw/hashmap.c:Hashmap_get_node:205: TRY: 2
DEBUG: src/lcthw/hashmap.c:Hashmap_get_node:205: TRY: 3
DEBUG: src/lcthw/hashmap.c:Hashmap_get_node:205: TRY: 4
DEBUG: src/lcthw/hashmap.c:Hashmap_get_node:205: TRY: 0
DEBUG: src/lcthw/hashmap.c:Hashmap_get_node:205: TRY: 1
DEBUG: src/lcthw/hashmap.c:Hashmap_get_node:205: TRY: 2
DEBUG: src/lcthw/hashmap.c:Hashmap_get_node:205: TRY: 3
DEBUG: src/lcthw/hashmap.c:Hashmap_get_node:205: TRY: 0
DEBUG: src/lcthw/hashmap.c:Hashmap_get_node:205: TRY: 1
DEBUG: src/lcthw/hashmap.c:Hashmap_get_node:205: TRY: 2
DEBUG: src/lcthw/hashmap.c:Hashmap_get_node:205: TRY: 3
DEBUG: src/lcthw/hashmap.c:Hashmap_get_node:205: TRY: 4
DEBUG: src/lcthw/hashmap.c:Hashmap_get_node:205: TRY: 0
DEBUG: src/lcthw/hashmap.c:Hashmap_get_node:205: TRY: 1
DEBUG: src/lcthw/hashmap.c:Hashmap_get_node:205: TRY: 2
DEBUG: src/lcthw/hashmap.c:Hashmap_get_node:205: TRY: 3
DEBUG: src/lcthw/hashmap.c:Hashmap_get_node:205: TRY: 4
DEBUG: src/lcthw/hashmap.c:Hashmap_get_node:205: TRY: 5
DEBUG: src/lcthw/hashmap.c:Hashmap_get_node:205: TRY: 0
DEBUG: src/lcthw/hashmap.c:Hashmap_get_node:205: TRY: 1
DEBUG: src/lcthw/hashmap.c:Hashmap_get_node:205: TRY: 2
DEBUG: src/lcthw/hashmap.c:Hashmap_get_node:205: TRY: 3
DEBUG: src/lcthw/hashmap.c:Hashmap_get_node:205: TRY: 4
DEBUG: src/lcthw/hashmap.c:Hashmap_get_node:205: TRY: 5
DEBUG: src/lcthw/hashmap.c:Hashmap_get_node:205: TRY: 6
DEBUG: src/lcthw/hashmap.c:Hashmap_get_node:205: TRY: 0
DEBUG: src/lcthw/hashmap.c:Hashmap_get_node:205: TRY: 1
DEBUG: src/lcthw/hashmap.c:Hashmap_get_node:205: TRY: 0
DEBUG: src/lcthw/hashmap.c:Hashmap_get_node:205: TRY: 1
DEBUG: src/lcthw/hashmap.c:Hashmap_get_node:205: TRY: 2
DEBUG: src/lcthw/hashmap.c:Hashmap_get_node:205: TRY: 3
DEBUG: src/lcthw/hashmap.c:Hashmap_get_node:205: TRY: 4
DEBUG: src/lcthw/hashmap.c:Hashmap_get_node:205: TRY: 5
DEBUG: src/lcthw/hashmap.c:Hashmap_get_node:205: TRY: 0
DEBUG: src/lcthw/hashmap.c:Hashmap_get_node:205: TRY: 1
DEBUG: src/lcthw/hashmap.c:Hashmap_get_node:205: TRY: 2
DEBUG: src/lcthw/hashmap.c:Hashmap_get_node:205: TRY: 3
DEBUG: src/lcthw/hashmap.c:Hashmap_get_node:205: TRY: 0
DEBUG: src/lcthw/hashmap.c:Hashmap_get_node:205: TRY: 1
DEBUG: src/lcthw/hashmap.c:Hashmap_get_node:205: TRY: 2
DEBUG: src/lcthw/hashmap.c:Hashmap_get_node:205: TRY: 0
DEBUG: src/lcthw/hashmap.c:Hashmap_get_node:205: TRY: 1
DEBUG: src/lcthw/hashmap.c:Hashmap_get_node:205: TRY: 2
DEBUG: src/lcthw/hashmap.c:Hashmap_get_node:205: TRY: 3
DEBUG: src/lcthw/hashmap.c:Hashmap_get_node:205: TRY: 4
DEBUG: src/lcthw/hashmap.c:Hashmap_get_node:205: TRY: 5
DEBUG: src/lcthw/hashmap.c:Hashmap_get_node:205: TRY: 0
DEBUG: src/lcthw/hashmap.c:Hashmap_get_node:205: TRY: 1
DEBUG: src/lcthw/hashmap.c:Hashmap_get_node:205: TRY: 2
DEBUG: src/lcthw/hashmap.c:Hashmap_get_node:205: TRY: 3
DEBUG: src/lcthw/hashmap.c:Hashmap_get_node:205: TRY: 4
DEBUG: src/lcthw/hashmap.c:Hashmap_get_node:205: TRY: 5
DEBUG: src/lcthw/hashmap.c:Hashmap_get_node:205: TRY: 6
DEBUG: src/lcthw/hashmap.c:Hashmap_get_node:205: TRY: 0
DEBUG: src/lcthw/hashmap.c:Hashmap_get_node:205: TRY: 1
DEBUG: src/lcthw/hashmap.c:Hashmap_get_node:205: TRY: 2
DEBUG: src/lcthw/hashmap.c:Hashmap_get_node:205: TRY: 3
DEBUG: src/lcthw/hashmap.c:Hashmap_get_node:205: TRY: 4
DEBUG: src/lcthw/hashmap.c:Hashmap_get_node:205: TRY: 0
DEBUG: src/lcthw/hashmap.c:Hashmap_get_node:205: TRY: 1
DEBUG: src/lcthw/hashmap.c:Hashmap_get_node:205: TRY: 2
DEBUG: src/lcthw/hashmap.c:Hashmap_get_node:205: TRY: 3
DEBUG: src/lcthw/hashmap.c:Hashmap_get_node:205: TRY: 4
DEBUG: src/lcthw/hashmap.c:Hashmap_get_node:205: TRY: 5
DEBUG: src/lcthw/hashmap.c:Hashmap_get_node:205: TRY: 6
DEBUG: src/lcthw/hashmap.c:Hashmap_get_node:205: TRY: 0
DEBUG: src/lcthw/hashmap.c:Hashmap_get_node:205: TRY: 1
DEBUG: src/lcthw/hashmap.c:Hashmap_get_node:205: TRY: 2
DEBUG: src/lcthw/hashmap.c:Hashmap_get_node:205: TRY: 3
DEBUG: src/lcthw/hashmap.c:Hashmap_get_node:205: TRY: 4
DEBUG: src/lcthw/hashmap.c:Hashmap_get_node:205: TRY: 5
DEBUG: src/lcthw/hashmap.c:Hashmap_get_node:205: TRY: 6
DEBUG: src/lcthw/hashmap.c:Hashmap_get_node:205: TRY: 7
DEBUG: src/lcthw/hashmap.c:Hashmap_get_node:205: TRY: 0
DEBUG: src/lcthw/hashmap.c:Hashmap_get_node:205: TRY: 1
DEBUG: src/lcthw/hashmap.c:Hashmap_get_node:205: TRY: 0
DEBUG: src/lcthw/hashmap.c:Hashmap_get_node:205: TRY: 1
DEBUG: src/lcthw/hashmap.c:Hashmap_get_node:205: TRY: 2
DEBUG: src/lcthw/hashmap.c:Hashmap_get_node:205: TRY: 3
DEBUG: src/lcthw/hashmap.c:Hashmap_get_node:205: TRY: 4
DEBUG: src/lcthw/hashmap.c:Hashmap_get_node:205: TRY: 0
DEBUG: src/lcthw/hashmap.c:Hashmap_get_node:205: TRY: 1
DEBUG: src/lcthw/hashmap.c:Hashmap_get_node:205: TRY: 2
DEBUG: src/lcthw/hashmap.c:Hashmap_get_node:205: TRY: 3
DEBUG: src/lcthw/hashmap.c:Hashmap_get_node:205: TRY: 4
DEBUG: src/lcthw/hashmap.c:Hashmap_get_node:205: TRY: 5
DEBUG: src/lcthw/hashmap.c:Hashmap_get_node:205: TRY: 0
DEBUG: src/lcthw/hashmap.c:Hashmap_get_node:205: TRY: 1
DEBUG: src/lcthw/hashmap.c:Hashmap_get_node:205: TRY: 2
DEBUG: src/lcthw/hashmap.c:Hashmap_get_node:205: TRY: 3
DEBUG: src/lcthw/hashmap.c:Hashmap_get_node:205: TRY: 4
DEBUG: src/lcthw/hashmap.c:Hashmap_get_node:205: TRY: 5
DEBUG: src/lcthw/hashmap.c:Hashmap_get_node:205: TRY: 6
DEBUG: src/lcthw/hashmap.c:Hashmap_get_node:205: TRY: 7
DEBUG: src/lcthw/hashmap.c:Hashmap_get_node:205: TRY: 0
DEBUG: src/lcthw/hashmap.c:Hashmap_get_node:205: TRY: 1
DEBUG: src/lcthw/hashmap.c:Hashmap_get_node:205: TRY: 2
DEBUG: src/lcthw/hashmap.c:Hashmap_get_node:205: TRY: 0
DEBUG: src/lcthw/hashmap.c:Hashmap_get_node:205: TRY: 1
DEBUG: src/lcthw/hashmap.c:Hashmap_get_node:205: TRY: 2
DEBUG: src/lcthw/hashmap.c:Hashmap_get_node:205: TRY: 3
DEBUG: src/lcthw/hashmap.c:Hashmap_get_node:205: TRY: 4
DEBUG: src/lcthw/hashmap.c:Hashmap_get_node:205: TRY: 5
DEBUG: src/lcthw/hashmap.c:Hashmap_get_node:205: TRY: 6
DEBUG: src/lcthw/hashmap.c:Hashmap_get_node:205: TRY: 7
DEBUG: src/lcthw/hashmap.c:Hashmap_get_node:205: TRY: 0
DEBUG: src/lcthw/hashmap.c:Hashmap_get_node:205: TRY: 1
DEBUG: src/lcthw/hashmap.c:Hashmap_get_node:205: TRY: 2
DEBUG: src/lcthw/hashmap.c:Hashmap_get_node:205: TRY: 3
DEBUG: src/lcthw/hashmap.c:Hashmap_get_node:205: TRY: 0
DEBUG: src/lcthw/hashmap.c:Hashmap_get_node:205: TRY: 1
DEBUG: src/lcthw/hashmap.c:Hashmap_get_node:205: TRY: 2
DEBUG: src/lcthw/hashmap.c:Hashmap_get_node:205: TRY: 3
DEBUG: src/lcthw/hashmap.c:Hashmap_get_node:205: TRY: 4
DEBUG: src/lcthw/hashmap.c:Hashmap_get_node:205: TRY: 0
DEBUG: src/lcthw/hashmap.c:Hashmap_get_node:205: TRY: 1
DEBUG: src/lcthw/hashmap.c:Hashmap_get_node:205: TRY: 2
DEBUG: src/lcthw/hashmap.c:Hashmap_get_node:205: TRY: 3
DEBUG: src/lcthw/hashmap.c:Hashmap_get_node:205: TRY: 4
DEBUG: src/lcthw/hashmap.c:Hashmap_get_node:205: TRY: 5
DEBUG: src/lcthw/hashmap.c:Hashmap_get_node:205: TRY: 6
DEBUG: src/lcthw/hashmap.c:Hashmap_get_node:205: TRY: 0
DEBUG: src/lcthw/hashmap.c:Hashmap_get_node:205: TRY: 1
DEBUG: src/lcthw/hashmap.c:Hashmap_get_node:205: TRY: 2
DEBUG: src/lcthw/hashmap.c:Hashmap_get_node:205: TRY: 3
DEBUG: src/lcthw/hashmap.c:Hashmap_get_node:205: TRY: 4
DEBUG: src/lcthw/hashmap.c:Hashmap_get_node:205: TRY: 5
DEBUG: src/lcthw/hashmap.c:Hashmap_get_node:205: TRY: 6
DEBUG: src/lcthw/hashmap.c:Hashmap_get_node:205: TRY: 7
DEBUG: src/lcthw/hashmap.c:Hashmap_get_node:205: TRY: 0
DEBUG: src/lcthw/hashmap.c:Hashmap_get_node:205: TRY: 1
DEBUG: src/lcthw/hashmap.c:Hashmap_get_node:205: TRY: 2
DEBUG: src/lcthw/hashmap.c:Hashmap_get_node:205: TRY: 3
DEBUG: src/lcthw/hashmap.c:Hashmap_get_node:205: TRY: 4
DEBUG: src/lcthw/hashmap.c:Hashmap_get_node:205: TRY: 5
DEBUG: src/lcthw/hashmap.c:Hashmap_get_node:205: TRY: 6
DEBUG: src/lcthw/hashmap.c:Hashmap_get_node:205: TRY: 7
DEBUG: src/lcthw/hashmap.c:Hashmap_get_node:205: TRY: 8
DEBUG: src/lcthw/hashmap.c:Hashmap_get_node:205: TRY: 0
DEBUG: src/lcthw/hashmap.c:Hashmap_get_node:205: TRY: 1
DEBUG: src/lcthw/hashmap.c:Hashmap_get_node:205: TRY: 2
DEBUG: src/lcthw/hashmap.c:Hashmap_get_node:205: TRY: 3
DEBUG: src/lcthw/hashmap.c:Hashmap_get_node:205: TRY: 4
DEBUG: src/lcthw/hashmap.c:Hashmap_get_node:205: TRY: 5
DEBUG: src/lcthw/hashmap.c:Hashmap_get_node:205: TRY: 6
DEBUG: src/lcthw/hashmap.c:Hashmap_get_node:205: TRY: 0
DEBUG: src/lcthw/hashmap.c:Hashmap_get_node:205: TRY: 1
DEBUG: src/lcthw/hashmap.c:Hashmap_get_node:205: TRY: 2
DEBUG: src/lcthw/hashmap.c:Hashmap_get_node:205: TRY: 0
DEBUG: src/lcthw/hashmap.c:Hashmap_get_node:205: TRY: 1
DEBUG: src/lcthw/hashmap.c:Hashmap_get_node:205: TRY: 2
DEBUG: src/lcthw/hashmap.c:Hashmap_get_node:205: TRY: 3
DEBUG: src/lcthw/hashmap.c:Hashmap_get_node:205: TRY: 4
DEBUG: src/lcthw/hashmap.c:Hashmap_get_node:205: TRY: 5
DEBUG: src/lcthw/hashmap.c:Hashmap_get_node:205: TRY: 6
DEBUG: src/lcthw/hashmap.c:Hashmap_get_node:205: TRY: 7
DEBUG: src/lcthw/hashmap.c:Hashmap_get_node:205: TRY: 8
DEBUG: src/lcthw/hashmap.c:Hashmap_get_node:205: TRY: 0
DEBUG: src/lcthw/hashmap.c:Hashmap_get_node:205: TRY: 1
DEBUG: src/lcthw/hashmap.c:Hashmap_get_node:205: TRY: 2
DEBUG: src/lcthw/hashmap.c:Hashmap_get_node:205: TRY: 3
DEBUG: src/lcthw/hashmap.c:Hashmap_get_node:205: TRY: 0
DEBUG: src/lcthw/hashmap.c:Hashmap_get_node:205: TRY: 1
DEBUG: src/lcthw/hashmap.c:Hashmap_get_node:205: TRY: 2
DEBUG: src/lcthw/hashmap.c:Hashmap_get_node:205: TRY: 3
DEBUG: src/lcthw/hashmap.c:Hashmap_get_node:205: TRY: 4
DEBUG: src/lcthw/hashmap.c:Hashmap_get_node:205: TRY: 5
DEBUG: src/lcthw/hashmap.c:Hashmap_get_node:205: TRY: 0
DEBUG: src/lcthw/hashmap.c:Hashmap_get_node:205: TRY: 1
DEBUG: src/lcthw/hashmap.c:Hashmap_get_node:205: TRY: 2
DEBUG: src/lcthw/hashmap.c:Hashmap_get_node:205: TRY: 3
DEBUG: src/lcthw/hashmap.c:Hashmap_get_node:205: TRY: 4
DEBUG: src/lcthw/hashmap.c:Hashmap_get_node:205: TRY: 5
DEBUG: src/lcthw/hashmap.c:Hashmap_get_node:205: TRY: 0
DEBUG: src/lcthw/hashmap.c:Hashmap_get_node:205: TRY: 1
DEBUG: src/lcthw/hashmap.c:Hashmap_get_node:205: TRY: 2
DEBUG: src/lcthw/hashmap.c:Hashmap_get_node:205: TRY: 0
DEBUG: src/lcthw/hashmap.c:Hashmap_get_node:205: TRY: 1
DEBUG: src/lcthw/hashmap.c:Hashmap_get_node:205: TRY: 2
DEBUG: src/lcthw/hashmap.c:Hashmap_get_node:205: TRY: 3
DEBUG: src/lcthw/hashmap.c:Hashmap_get_node:205: TRY: 4
DEBUG: src/lcthw/hashmap.c:Hashmap_get_node:205: TRY: 5
DEBUG: src/lcthw/hashmap.c:Hashmap_get_node:205: TRY: 6
DEBUG: src/lcthw/hashmap.c:Hashmap_get_node:205: TRY: 7
DEBUG: src/lcthw/hashmap.c:Hashmap_get_node:205: TRY: 8
DEBUG: src/lcthw/hashmap.c:Hashmap_get_node:205: TRY: 9
DEBUG: src/lcthw/hashmap.c:Hashmap_get_node:205: TRY: 0
DEBUG: src/lcthw/hashmap.c:Hashmap_get_node:205: TRY: 1
DEBUG: src/lcthw/hashmap.c:Hashmap_get_node:205: TRY: 2
DEBUG: src/lcthw/hashmap.c:Hashmap_get_node:205: TRY: 3
DEBUG: src/lcthw/hashmap.c:Hashmap_get_node:205: TRY: 4
DEBUG: src/lcthw/hashmap.c:Hashmap_get_node:205: TRY: 5
DEBUG: src/lcthw/hashmap.c:Hashmap_get_node:205: TRY: 6
DEBUG: src/lcthw/hashmap.c:Hashmap_get_node:205: TRY: 7
DEBUG: src/lcthw/hashmap.c:Hashmap_get_node:205: TRY: 8
DEBUG: src/lcthw/hashmap.c:Hashmap_get_node:205: TRY: 0
DEBUG: src/lcthw/hashmap.c:Hashmap_get_node:205: TRY: 1
DEBUG: src/lcthw/hashmap.c:Hashmap_get_node:205: TRY: 2
DEBUG: src/lcthw/hashmap.c:Hashmap_get_node:205: TRY: 3
DEBUG: src/lcthw/hashmap.c:Hashmap_get_node:205: TRY: 0
DEBUG: src/lcthw/hashmap.c:Hashmap_get_node:205: TRY: 1
DEBUG: src/lcthw/hashmap.c:Hashmap_get_node:205: TRY: 2
DEBUG: src/lcthw/hashmap.c:Hashmap_get_node:205: TRY: 3
DEBUG: src/lcthw/hashmap.c:Hashmap_get_node:205: TRY: 4
DEBUG: src/lcthw/hashmap.c:Hashmap_get_node:205: TRY: 5
DEBUG: src/lcthw/hashmap.c:Hashmap_get_node:205: TRY: 6
DEBUG: src/lcthw/hashmap.c:Hashmap_get_node:205: TRY: 7
DEBUG: src/lcthw/hashmap.c:Hashmap_get_node:205: TRY: 0
DEBUG: src/lcthw/hashmap.c:Hashmap_get_node:205: TRY: 1
DEBUG: src/lcthw/hashmap.c:Hashmap_get_node:205: TRY: 2
DEBUG: src/lcthw/hashmap.c:Hashmap_get_node:205: TRY: 3
DEBUG: src/lcthw/hashmap.c:Hashmap_get_node:205: TRY: 4
DEBUG: src/lcthw/hashmap.c:Hashmap_get_node:205: TRY: 0
DEBUG: src/lcthw/hashmap.c:Hashmap_get_node:205: TRY: 1
DEBUG: src/lcthw/hashmap.c:Hashmap_get_node:205: TRY: 2
DEBUG: src/lcthw/hashmap.c:Hashmap_get_node:205: TRY: 3
DEBUG: src/lcthw/hashmap.c:Hashmap_get_node:205: TRY: 4
DEBUG: src/lcthw/hashmap.c:Hashmap_get_node:205: TRY: 5
DEBUG: src/lcthw/hashmap.c:Hashmap_get_node:205: TRY: 6
DEBUG: src/lcthw/hashmap.c:Hashmap_get_node:205: TRY: 7
DEBUG: src/lcthw/hashmap.c:Hashmap_get_node:205: TRY: 8
DEBUG: src/lcthw/hashmap.c:Hashmap_get_node:205: TRY: 9
DEBUG: src/lcthw/hashmap.c:Hashmap_get_node:205: TRY: 0
DEBUG: src/lcthw/hashmap.c:Hashmap_get_node:205: TRY: 1
DEBUG: src/lcthw/hashmap.c:Hashmap_get_node:205: TRY: 2
DEBUG: src/lcthw/hashmap.c:Hashmap_get_node:205: TRY: 3
DEBUG: src/lcthw/hashmap.c:Hashmap_get_node:205: TRY: 4
DEBUG: src/lcthw/hashmap.c:Hashmap_get_node:205: TRY: 5
DEBUG: src/lcthw/hashmap.c:Hashmap_get_node:205: TRY: 6
DEBUG: src/lcthw/hashmap.c:Hashmap_get_node:205: TRY: 7
DEBUG: src/lcthw/hashmap.c:Hashmap_get_node:205: TRY: 8
DEBUG: src/lcthw/hashmap.c:Hashmap_get_node:205: TRY: 0
DEBUG: src/lcthw/hashmap.c:Hashmap_get_node:205: TRY: 1
DEBUG: src/lcthw/hashmap.c:Hashmap_get_node:205: TRY: 2
DEBUG: src/lcthw/hashmap.c:Hashmap_get_node:205: TRY: 3
DEBUG: src/lcthw/hashmap.c:Hashmap_get_node:205: TRY: 0
DEBUG: src/lcthw/hashmap.c:Hashmap_get_node:205: TRY: 1
DEBUG: src/lcthw/hashmap.c:Hashmap_get_node:205: TRY: 2
DEBUG: src/lcthw/hashmap.c:Hashmap_get_node:205: TRY: 3
DEBUG: src/lcthw/hashmap.c:Hashmap_get_node:205: TRY: 4
DEBUG: src/lcthw/hashmap.c:Hashmap_get_node:205: TRY: 5
DEBUG: src/lcthw/hashmap.c:Hashmap_get_node:205: TRY: 6
DEBUG: src/lcthw/hashmap.c:Hashmap_get_node:205: TRY: 7
DEBUG: src/lcthw/hashmap.c:Hashmap_get_node:205: TRY: 8
DEBUG: src/lcthw/hashmap.c:Hashmap_get_node:205: TRY: 0
DEBUG: src/lcthw/hashmap.c:Hashmap_get_node:205: TRY: 1
DEBUG: src/lcthw/hashmap.c:Hashmap_get_node:205: TRY: 2
DEBUG: src/lcthw/hashmap.c:Hashmap_get_node:205: TRY: 3
DEBUG: src/lcthw/hashmap.c:Hashmap_get_node:205: TRY: 4
DEBUG: src/lcthw/hashmap.c:Hashmap_get_node:205: TRY: 0
DEBUG: src/lcthw/hashmap.c:Hashmap_get_node:205: TRY: 1
DEBUG: src/lcthw/hashmap.c:Hashmap_get_node:205: TRY: 2
DEBUG: src/lcthw/hashmap.c:Hashmap_get_node:205: TRY: 3
DEBUG: src/lcthw/hashmap.c:Hashmap_get_node:205: TRY: 4
DEBUG: src/lcthw/hashmap.c:Hashmap_get_node:205: TRY: 0
DEBUG: src/lcthw/hashmap.c:Hashmap_get_node:205: TRY: 1
DEBUG: src/lcthw/hashmap.c:Hashmap_get_node:205: TRY: 2
DEBUG: src/lcthw/hashmap.c:Hashmap_get_node:205: TRY: 3
DEBUG: src/lcthw/hashmap.c:Hashmap_get_node:205: TRY: 4
DEBUG: src/lcthw/hashmap.c:Hashmap_get_node:205: TRY: 5
DEBUG: src/lcthw/hashmap.c:Hashmap_get_node:205: TRY: 6
DEBUG: src/lcthw/hashmap.c:Hashmap_get_node:205: TRY: 7
DEBUG: src/lcthw/hashmap.c:Hashmap_get_node:205: TRY: 8
DEBUG: src/lcthw/hashmap.c:Hashmap_get_node:205: TRY: 9
DEBUG: src/lcthw/hashmap.c:Hashmap_get_node:205: TRY: 10
DEBUG: src/lcthw/hashmap.c:Hashmap_get_node:205: TRY: 0
DEBUG: src/lcthw/hashmap.c:Hashmap_get_node:205: TRY: 1
DEBUG: src/lcthw/hashmap.c:Hashmap_get_node:205: TRY: 2
DEBUG: src/lcthw/hashmap.c:Hashmap_get_node:205: TRY: 3
DEBUG: src/lcthw/hashmap.c:Hashmap_get_node:205: TRY: 4
DEBUG: src/lcthw/hashmap.c:Hashmap_get_node:205: TRY: 5
DEBUG: src/lcthw/hashmap.c:Hashmap_get_node:205: TRY: 6
DEBUG: src/lcthw/hashmap.c:Hashmap_get_node:205: TRY: 7
DEBUG: src/lcthw/hashmap.c:Hashmap_get_node:205: TRY: 8
DEBUG: src/lcthw/hashmap.c:Hashmap_get_node:205: TRY: 9
DEBUG: src/lcthw/hashmap.c:Hashmap_get_node:205: TRY: 10
DEBUG: src/lcthw/hashmap.c:Hashmap_get_node:205: TRY: 0
DEBUG: src/lcthw/hashmap.c:Hashmap_get_node:205: TRY: 1
DEBUG: src/lcthw/hashmap.c:Hashmap_get_node:205: TRY: 2
DEBUG: src/lcthw/hashmap.c:Hashmap_get_node:205: TRY: 3
DEBUG: src/lcthw/hashmap.c:Hashmap_get_node:205: TRY: 4
DEBUG: src/lcthw/hashmap.c:Hashmap_get_node:205: TRY: 5
DEBUG: src/lcthw/hashmap.c:Hashmap_get_node:205: TRY: 6
DEBUG: src/lcthw/hashmap.c:Hashmap_get_node:205: TRY: 7
DEBUG: src/lcthw/hashmap.c:Hashmap_get_node:205: TRY: 8
DEBUG: src/lcthw/hashmap.c:Hashmap_get_node:205: TRY: 9
DEBUG: src/lcthw/hashmap.c:Hashmap_get_node:205: TRY: 10
DEBUG: src/lcthw/hashmap.c:Hashmap_get_node:205: TRY: 11
DEBUG: src/lcthw/hashmap.c:Hashmap_get_node:205: TRY: 0
DEBUG: src/lcthw/hashmap.c:Hashmap_get_node:205: TRY: 1
DEBUG: src/lcthw/hashmap.c:Hashmap_get_node:205: TRY: 2
DEBUG: src/lcthw/hashmap.c:Hashmap_get_node:205: TRY: 3
DEBUG: src/lcthw/hashmap.c:Hashmap_get_node:205: TRY: 4
DEBUG: src/lcthw/hashmap.c:Hashmap_get_node:205: TRY: 5
DEBUG: src/lcthw/hashmap.c:Hashmap_get_node:205: TRY: 6
DEBUG: src/lcthw/hashmap.c:Hashmap_get_node:205: TRY: 0
DEBUG: src/lcthw/hashmap.c:Hashmap_get_node:205: TRY: 1
DEBUG: src/lcthw/hashmap.c:Hashmap_get_node:205: TRY: 2
DEBUG: src/lcthw/hashmap.c:Hashmap_get_node:205: TRY: 3
DEBUG: src/lcthw/hashmap.c:Hashmap_get_node:205: TRY: 4
DEBUG: src/lcthw/hashmap.c:Hashmap_get_node:205: TRY: 5
DEBUG: src/lcthw/hashmap.c:Hashmap_get_node:205: TRY: 6
DEBUG: src/lcthw/hashmap.c:Hashmap_get_node:205: TRY: 0
DEBUG: src/lcthw/hashmap.c:Hashmap_get_node:205: TRY: 1
DEBUG: src/lcthw/hashmap.c:Hashmap_get_node:205: TRY: 2
DEBUG: src/lcthw/hashmap.c:Hashmap_get_node:205: TRY: 3
DEBUG: src/lcthw/hashmap.c:Hashmap_get_node:205: TRY: 4
DEBUG: src/lcthw/hashmap.c:Hashmap_get_node:205: TRY: 5
DEBUG: src/lcthw/hashmap.c:Hashmap_get_node:205: TRY: 0
DEBUG: src/lcthw/hashmap.c:Hashmap_get_node:205: TRY: 1
DEBUG: src/lcthw/hashmap.c:Hashmap_get_node:205: TRY: 2
DEBUG: src/lcthw/hashmap.c:Hashmap_get_node:205: TRY: 3
DEBUG: src/lcthw/hashmap.c:Hashmap_get_node:205: TRY: 4
DEBUG: src/lcthw/hashmap.c:Hashmap_get_node:205: TRY: 5
DEBUG: src/lcthw/hashmap.c:Hashmap_get_node:205: TRY: 6
DEBUG: src/lcthw/hashmap.c:Hashmap_get_node:205: TRY: 7
DEBUG: src/lcthw/hashmap.c:Hashmap_get_node:205: TRY: 8
DEBUG: src/lcthw/hashmap.c:Hashmap_get_node:205: TRY: 9
DEBUG: src/lcthw/hashmap.c:Hashmap_get_node:205: TRY: 10
DEBUG: src/lcthw/hashmap.c:Hashmap_get_node:205: TRY: 11
DEBUG: src/lcthw/hashmap.c:Hashmap_get_node:205: TRY: 12
DEBUG: src/lcthw/hashmap.c:Hashmap_get_node:205: TRY: 0
DEBUG: src/lcthw/hashmap.c:Hashmap_get_node:205: TRY: 1
DEBUG: src/lcthw/hashmap.c:Hashmap_get_node:205: TRY: 2
DEBUG: src/lcthw/hashmap.c:Hashmap_get_node:205: TRY: 3
DEBUG: src/lcthw/hashmap.c:Hashmap_get_node:205: TRY: 4
DEBUG: src/lcthw/hashmap.c:Hashmap_get_node:205: TRY: 5
DEBUG: src/lcthw/hashmap.c:Hashmap_get_node:205: TRY: 6
DEBUG: src/lcthw/hashmap.c:Hashmap_get_node:205: TRY: 0
DEBUG: src/lcthw/hashmap.c:Hashmap_get_node:205: TRY: 1
DEBUG: src/lcthw/hashmap.c:Hashmap_get_node:205: TRY: 2
DEBUG: src/lcthw/hashmap.c:Hashmap_get_node:205: TRY: 3
DEBUG: src/lcthw/hashmap.c:Hashmap_get_node:205: TRY: 4
DEBUG: src/lcthw/hashmap.c:Hashmap_get_node:205: TRY: 5
DEBUG: src/lcthw/hashmap.c:Hashmap_get_node:205: TRY: 6
DEBUG: src/lcthw/hashmap.c:Hashmap_get_node:205: TRY: 7
DEBUG: src/lcthw/hashmap.c:Hashmap_get_node:205: TRY: 8
DEBUG: src/lcthw/hashmap.c:Hashmap_get_node:205: TRY: 9
DEBUG: src/lcthw/hashmap.c:Hashmap_get_node:205: TRY: 0
DEBUG: src/lcthw/hashmap.c:Hashmap_get_node:205: TRY: 1
DEBUG: src/lcthw/hashmap.c:Hashmap_get_node:205: TRY: 2
DEBUG: src/lcthw/hashmap.c:Hashmap_get_node:205: TRY: 3
DEBUG: src/lcthw/hashmap.c:Hashmap_get_node:205: TRY: 4
DEBUG: src/lcthw/hashmap.c:Hashmap_get_node:205: TRY: 5
DEBUG: src/lcthw/hashmap.c:Hashmap_get_node:205: TRY: 6
DEBUG: src/lcthw/hashmap.c:Hashmap_get_node:205: TRY: 7
DEBUG: src/lcthw/hashmap.c:Hashmap_get_node:205: TRY: 0
DEBUG: src/lcthw/hashmap.c:Hashmap_get_node:205: TRY: 1
DEBUG: src/lcthw/hashmap.c:Hashmap_get_node:205: TRY: 2
DEBUG: src/lcthw/hashmap.c:Hashmap_get_node:205: TRY: 3
DEBUG: src/lcthw/hashmap.c:Hashmap_get_node:205: TRY: 4
DEBUG: src/lcthw/hashmap.c:Hashmap_get_node:205: TRY: 5
DEBUG: src/lcthw/hashmap.c:Hashmap_get_node:205: TRY: 6
DEBUG: src/lcthw/hashmap.c:Hashmap_get_node:205: TRY: 7
DEBUG: src/lcthw/hashmap.c:Hashmap_get_node:205: TRY: 8
DEBUG: src/lcthw/hashmap.c:Hashmap_get_node:205: TRY: 9
DEBUG: src/lcthw/hashmap.c:Hashmap_get_node:205: TRY: 0
DEBUG: src/lcthw/hashmap.c:Hashmap_get_node:205: TRY: 1
DEBUG: src/lcthw/hashmap.c:Hashmap_get_node:205: TRY: 2
DEBUG: src/lcthw/hashmap.c:Hashmap_get_node:205: TRY: 3
DEBUG: src/lcthw/hashmap.c:Hashmap_get_node:205: TRY: 4
DEBUG: src/lcthw/hashmap.c:Hashmap_get_node:205: TRY: 5
DEBUG: src/lcthw/hashmap.c:Hashmap_get_node:205: TRY: 6
DEBUG: src/lcthw/hashmap.c:Hashmap_get_node:205: TRY: 7
DEBUG: src/lcthw/hashmap.c:Hashmap_get_node:205: TRY: 0
DEBUG: src/lcthw/hashmap.c:Hashmap_get_node:205: TRY: 1
DEBUG: src/lcthw/hashmap.c:Hashmap_get_node:205: TRY: 2
DEBUG: src/lcthw/hashmap.c:Hashmap_get_node:205: TRY: 3
DEBUG: src/lcthw/hashmap.c:Hashmap_get_node:205: TRY: 4
DEBUG: src/lcthw/hashmap.c:Hashmap_get_node:205: TRY: 5
DEBUG: src/lcthw/hashmap.c:Hashmap_get_node:205: TRY: 6
DEBUG: src/lcthw/hashmap.c:Hashmap_get_node:205: TRY: 7
DEBUG: src/lcthw/hashmap.c:Hashmap_get_node:205: TRY: 8
DEBUG: src/lcthw/hashmap.c:Hashmap_get_node:205: TRY: 9
DEBUG: src/lcthw/hashmap.c:Hashmap_get_node:205: TRY: 10
DEBUG: src/lcthw/hashmap.c:Hashmap_get_node:205: TRY: 0
DEBUG: src/lcthw/hashmap.c:Hashmap_get_node:205: TRY: 1
DEBUG: src/lcthw/hashmap.c:Hashmap_get_node:205: TRY: 2
DEBUG: src/lcthw/hashmap.c:Hashmap_get_node:205: TRY: 3
DEBUG: src/lcthw/hashmap.c:Hashmap_get_node:205: TRY: 4
DEBUG: src/lcthw/hashmap.c:Hashmap_get_node:205: TRY: 5
DEBUG: src/lcthw/hashmap.c:Hashmap_get_node:205: TRY: 6
DEBUG: src/lcthw/hashmap.c:Hashmap_get_node:205: TRY: 7
DEBUG: src/lcthw/hashmap.c:Hashmap_get_node:205: TRY: 8
DEBUG: src/lcthw/hashmap.c:Hashmap_get_node:205: TRY: 0
DEBUG: src/lcthw/hashmap.c:Hashmap_get_node:205: TRY: 1
DEBUG: src/lcthw/hashmap.c:Hashmap_get_node:205: TRY: 2
DEBUG: src/lcthw/hashmap.c:Hashmap_get_node:205: TRY: 3
DEBUG: src/lcthw/hashmap.c:Hashmap_get_node:205: TRY: 4
DEBUG: src/lcthw/hashmap.c:Hashmap_get_node:205: TRY: 5
DEBUG: src/lcthw/hashmap.c:Hashmap_get_node:205: TRY: 0
DEBUG: src/lcthw/hashmap.c:Hashmap_get_node:205: TRY: 1
DEBUG: src/lcthw/hashmap.c:Hashmap_get_node:205: TRY: 2
DEBUG: src/lcthw/hashmap.c:Hashmap_get_node:205: TRY: 3
DEBUG: src/lcthw/hashmap.c:Hashmap_get_node:205: TRY: 4
DEBUG: src/lcthw/hashmap.c:Hashmap_get_node:205: TRY: 5
DEBUG: src/lcthw/hashmap.c:Hashmap_get_node:205: TRY: 6
DEBUG: src/lcthw/hashmap.c:Hashmap_get_node:205: TRY: 7
DEBUG: src/lcthw/hashmap.c:Hashmap_get_node:205: TRY: 8
DEBUG: src/lcthw/hashmap.c:Hashmap_get_node:205: TRY: 9
DEBUG: src/lcthw/hashmap.c:Hashmap_get_node:205: TRY: 0
DEBUG: src/lcthw/hashmap.c:Hashmap_get_node:205: TRY: 1
DEBUG: src/lcthw/hashmap.c:Hashmap_get_node:205: TRY: 2
DEBUG: src/lcthw/hashmap.c:Hashmap_get_node:205: TRY: 3
DEBUG: src/lcthw/hashmap.c:Hashmap_get_node:205: TRY: 4
DEBUG: src/lcthw/hashmap.c:Hashmap_get_node:205: TRY: 5
DEBUG: src/lcthw/hashmap.c:Hashmap_get_node:205: TRY: 6
DEBUG: src/lcthw/hashmap.c:Hashmap_get_node:205: TRY: 7
DEBUG: src/lcthw/hashmap.c:Hashmap_get_node:205: TRY: 8
DEBUG: src/lcthw/hashmap.c:Hashmap_get_node:205: TRY: 9
DEBUG: src/lcthw/hashmap.c:Hashmap_get_node:205: TRY: 10
DEBUG: src/lcthw/hashmap.c:Hashmap_get_node:205: TRY: 11
DEBUG: src/lcthw/hashmap.c:Hashmap_get_node:205: TRY: 0
DEBUG: src/lcthw/hashmap.c:Hashmap_get_node:205: TRY: 1
DEBUG: src/lcthw/hashmap.c:Hashmap_get_node:205: TRY: 2
DEBUG: src/lcthw/hashmap.c:Hashmap_get_node:205: TRY: 3
DEBUG: src/lcthw/hashmap.c:Hashmap_get_node:205: TRY: 4
DEBUG: src/lcthw/hashmap.c:Hashmap_get_node:205: TRY: 5
DEBUG: src/lcthw/hashmap.c:Hashmap_get_node:205: TRY: 6
DEBUG: src/lcthw/hashmap.c:Hashmap_get_node:205: TRY: 0
DEBUG: src/lcthw/hashmap.c:Hashmap_get_node:205: TRY: 1
DEBUG: src/lcthw/hashmap.c:Hashmap_get_node:205: TRY: 2
DEBUG: src/lcthw/hashmap.c:Hashmap_get_node:205: TRY: 3
DEBUG: src/lcthw/hashmap.c:Hashmap_get_node:205: TRY: 4
DEBUG: src/lcthw/hashmap.c:Hashmap_get_node:205: TRY: 5
DEBUG: src/lcthw/hashmap.c:Hashmap_get_node:205: TRY: 6
DEBUG: src/lcthw/hashmap.c:Hashmap_get_node:205: TRY: 7
DEBUG: src/lcthw/hashmap.c:Hashmap_get_node:205: TRY: 8
DEBUG: src/lcthw/hashmap.c:Hashmap_get_node:205: TRY: 9
DEBUG: src/lcthw/hashmap.c:Hashmap_get_node:205: TRY: 10
DEBUG: src/lcthw/hashmap.c:Hashmap_get_node:205: TRY: 11
DEBUG: src/lcthw/hashmap.c:Hashmap_get_node:205: TRY: 0
DEBUG: src/lcthw/hashmap.c:Hashmap_get_node:205: TRY: 1
DEBUG: src/lcthw/hashmap.c:Hashmap_get_node:205: TRY: 2
DEBUG: src/lcthw/hashmap.c:Hashmap_get_node:205: TRY: 3
DEBUG: src/lcthw/hashmap.c:Hashmap_get_node:205: TRY: 4
DEBUG: src/lcthw/hashmap.c:Hashmap_get_node:205: TRY: 5
DEBUG: src/lcthw/hashmap.c:Hashmap_get_node:205: TRY: 6
DEBUG: src/lcthw/hashmap.c:Hashmap_get_node:205: TRY: 7
DEBUG: src/lcthw/hashmap.c:Hashmap_get_node:205: TRY: 0
DEBUG: src/lcthw/hashmap.c:Hashmap_get_node:205: TRY: 1
DEBUG: src/lcthw/hashmap.c:Hashmap_get_node:205: TRY: 2
DEBUG: src/lcthw/hashmap.c:Hashmap_get_node:205: TRY: 3
DEBUG: src/lcthw/hashmap.c:Hashmap_get_node:205: TRY: 4
DEBUG: src/lcthw/hashmap.c:Hashmap_get_node:205: TRY: 5
DEBUG: src/lcthw/hashmap.c:Hashmap_get_node:205: TRY: 6
DEBUG: src/lcthw/hashmap.c:Hashmap_get_node:205: TRY: 7
DEBUG: src/lcthw/hashmap.c:Hashmap_get_node:205: TRY: 8
DEBUG: src/lcthw/hashmap.c:Hashmap_get_node:205: TRY: 9
DEBUG: src/lcthw/hashmap.c:Hashmap_get_node:205: TRY: 10
DEBUG: src/lcthw/hashmap.c:Hashmap_get_node:205: TRY: 0
DEBUG: src/lcthw/hashmap.c:Hashmap_get_node:205: TRY: 1
DEBUG: src/lcthw/hashmap.c:Hashmap_get_node:205: TRY: 2
DEBUG: src/lcthw/hashmap.c:Hashmap_get_node:205: TRY: 3
DEBUG: src/lcthw/hashmap.c:Hashmap_get_node:205: TRY: 4
DEBUG: src/lcthw/hashmap.c:Hashmap_get_node:205: TRY: 5
DEBUG: src/lcthw/hashmap.c:Hashmap_get_node:205: TRY: 6
DEBUG: src/lcthw/hashmap.c:Hashmap_get_node:205: TRY: 7
DEBUG: src/lcthw/hashmap.c:Hashmap_get_node:205: TRY: 8
DEBUG: src/lcthw/hashmap.c:Hashmap_get_node:205: TRY: 9
DEBUG: src/lcthw/hashmap.c:Hashmap_get_node:205: TRY: 10
DEBUG: src/lcthw/hashmap.c:Hashmap_get_node:205: TRY: 11
DEBUG: src/lcthw/hashmap.c:Hashmap_get_node:205: TRY: 12
DEBUG: src/lcthw/hashmap.c:Hashmap_get_node:205: TRY: 0
DEBUG: src/lcthw/hashmap.c:Hashmap_get_node:205: TRY: 1
DEBUG: src/lcthw/hashmap.c:Hashmap_get_node:205: TRY: 2
DEBUG: src/lcthw/hashmap.c:Hashmap_get_node:205: TRY: 3
DEBUG: src/lcthw/hashmap.c:Hashmap_get_node:205: TRY: 4
DEBUG: src/lcthw/hashmap.c:Hashmap_get_node:205: TRY: 5
DEBUG: src/lcthw/hashmap.c:Hashmap_get_node:205: TRY: 6
DEBUG: src/lcthw/hashmap.c:Hashmap_get_node:205: TRY: 7
DEBUG: src/lcthw/hashmap.c:Hashmap_get_node:205: TRY: 8
DEBUG: src/lcthw/hashmap.c:Hashmap_get_node:205: TRY: 9
DEBUG: src/lcthw/hashmap.c:Hashmap_get_node:205: TRY: 10
DEBUG: src/lcthw/hashmap.c:Hashmap_get_node:205: TRY: 0
DEBUG: src/lcthw/hashmap.c:Hashmap_get_node:205: TRY: 1
DEBUG: src/lcthw/hashmap.c:Hashmap_get_node:205: TRY: 2
DEBUG: src/lcthw/hashmap.c:Hashmap_get_node:205: TRY: 3
DEBUG: src/lcthw/hashmap.c:Hashmap_get_node:205: TRY: 4
DEBUG: src/lcthw/hashmap.c:Hashmap_get_node:205: TRY: 5
DEBUG: src/lcthw/hashmap.c:Hashmap_get_node:205: TRY: 6
DEBUG: src/lcthw/hashmap.c:Hashmap_get_node:205: TRY: 7
DEBUG: src/lcthw/hashmap.c:Hashmap_get_node:205: TRY: 8
DEBUG: src/lcthw/hashmap.c:Hashmap_get_node:205: TRY: 9
DEBUG: src/lcthw/hashmap.c:Hashmap_get_node:205: TRY: 10
DEBUG: src/lcthw/hashmap.c:Hashmap_get_node:205: TRY: 11
DEBUG: src/lcthw/hashmap.c:Hashmap_get_node:205: TRY: 12
DEBUG: src/lcthw/hashmap.c:Hashmap_get_node:205: TRY: 0
DEBUG: src/lcthw/hashmap.c:Hashmap_get_node:205: TRY: 1
DEBUG: src/lcthw/hashmap.c:Hashmap_get_node:205: TRY: 2
DEBUG: src/lcthw/hashmap.c:Hashmap_get_node:205: TRY: 3
DEBUG: src/lcthw/hashmap.c:Hashmap_get_node:205: TRY: 4
DEBUG: src/lcthw/hashmap.c:Hashmap_get_node:205: TRY: 5
DEBUG: src/lcthw/hashmap.c:Hashmap_get_node:205: TRY: 6
DEBUG: src/lcthw/hashmap.c:Hashmap_get_node:205: TRY: 7
DEBUG: src/lcthw/hashmap.c:Hashmap_get_node:205: TRY: 8
DEBUG: src/lcthw/hashmap.c:Hashmap_get_node:205: TRY: 9
DEBUG: src/lcthw/hashmap.c:Hashmap_get_node:205: TRY: 10
DEBUG: src/lcthw/hashmap.c:Hashmap_get_node:205: TRY: 11
DEBUG: src/lcthw/hashmap.c:Hashmap_get_node:205: TRY: 0
DEBUG: src/lcthw/hashmap.c:Hashmap_get_node:205: TRY: 1
DEBUG: src/lcthw/hashmap.c:Hashmap_get_node:205: TRY: 2
DEBUG: src/lcthw/hashmap.c:Hashmap_get_node:205: TRY: 3
DEBUG: src/lcthw/hashmap.c:Hashmap_get_node:205: TRY: 4
DEBUG: src/lcthw/hashmap.c:Hashmap_get_node:205: TRY: 5
DEBUG: src/lcthw/hashmap.c:Hashmap_get_node:205: TRY: 0
DEBUG: src/lcthw/hashmap.c:Hashmap_get_node:205: TRY: 1
DEBUG: src/lcthw/hashmap.c:Hashmap_get_node:205: TRY: 2
DEBUG: src/lcthw/hashmap.c:Hashmap_get_node:205: TRY: 3
DEBUG: src/lcthw/hashmap.c:Hashmap_get_node:205: TRY: 4
DEBUG: src/lcthw/hashmap.c:Hashmap_get_node:205: TRY: 5
DEBUG: src/lcthw/hashmap.c:Hashmap_get_node:205: TRY: 6
DEBUG: src/lcthw/hashmap.c:Hashmap_get_node:205: TRY: 7
DEBUG: src/lcthw/hashmap.c:Hashmap_get_node:205: TRY: 8
DEBUG: src/lcthw/hashmap.c:Hashmap_get_node:205: TRY: 9
DEBUG: src/lcthw/hashmap.c:Hashmap_get_node:205: TRY: 10
DEBUG: src/lcthw/hashmap.c:Hashmap_get_node:205: TRY: 11
DEBUG: src/lcthw/hashmap.c:Hashmap_get_node:205: TRY: 12
DEBUG: src/lcthw/hashmap.c:Hashmap_get_node:205: TRY: 13
DEBUG: src/lcthw/hashmap.c:Hashmap_get_node:205: TRY: 0
DEBUG: src/lcthw/hashmap.c:Hashmap_get_node:205: TRY: 1
DEBUG: src/lcthw/hashmap.c:Hashmap_get_node:205: TRY: 2
DEBUG: src/lcthw/hashmap.c:Hashmap_get_node:205: TRY: 3
DEBUG: src/lcthw/hashmap.c:Hashmap_get_node:205: TRY: 4
DEBUG: src/lcthw/hashmap.c:Hashmap_get_node:205: TRY: 5
DEBUG: src/lcthw/hashmap.c:Hashmap_get_node:205: TRY: 6
DEBUG: src/lcthw/hashmap.c:Hashmap_get_node:205: TRY: 7
DEBUG: src/lcthw/hashmap.c:Hashmap_get_node:205: TRY: 8
DEBUG: src/lcthw/hashmap.c:Hashmap_get_node:205: TRY: 9
DEBUG: src/lcthw/hashmap.c:Hashmap_get_node:205: TRY: 10
DEBUG: src/lcthw/hashmap.c:Hashmap_get_node:205: TRY: 11
DEBUG: src/lcthw/hashmap.c:Hashmap_get_node:205: TRY: 0
DEBUG: src/lcthw/hashmap.c:Hashmap_get_node:205: TRY: 1
DEBUG: src/lcthw/hashmap.c:Hashmap_get_node:205: TRY: 2
DEBUG: src/lcthw/hashmap.c:Hashmap_get_node:205: TRY: 3
DEBUG: src/lcthw/hashmap.c:Hashmap_get_node:205: TRY: 4
DEBUG: src/lcthw/hashmap.c:Hashmap_get_node:205: TRY: 5
DEBUG: src/lcthw/hashmap.c:Hashmap_get_node:205: TRY: 6
DEBUG: src/lcthw/hashmap.c:Hashmap_get_node:205: TRY: 7
DEBUG: src/lcthw/hashmap.c:Hashmap_get_node:205: TRY: 8
DEBUG: src/lcthw/hashmap.c:Hashmap_get_node:205: TRY: 9
DEBUG: src/lcthw/hashmap.c:Hashmap_get_node:205: TRY: 10
DEBUG: src/lcthw/hashmap.c:Hashmap_get_node:205: TRY: 11
DEBUG: src/lcthw/hashmap.c:Hashmap_get_node:205: TRY: 12
DEBUG: src/lcthw/hashmap.c:Hashmap_get_node:205: TRY: 13
DEBUG: src/lcthw/hashmap.c:Hashmap_get_node:205: TRY: 0
DEBUG: src/lcthw/hashmap.c:Hashmap_get_node:205: TRY: 1
DEBUG: src/lcthw/hashmap.c:Hashmap_get_node:205: TRY: 2
DEBUG: src/lcthw/hashmap.c:Hashmap_get_node:205: TRY: 3
DEBUG: src/lcthw/hashmap.c:Hashmap_get_node:205: TRY: 4
DEBUG: src/lcthw/hashmap.c:Hashmap_get_node:205: TRY: 5
DEBUG: src/lcthw/hashmap.c:Hashmap_get_node:205: TRY: 6
DEBUG: src/lcthw/hashmap.c:Hashmap_get_node:205: TRY: 7
DEBUG: src/lcthw/hashmap.c:Hashmap_get_node:205: TRY: 8
DEBUG: src/lcthw/hashmap.c:Hashmap_get_node:205: TRY: 9
DEBUG: src/lcthw/hashmap.c:Hashmap_get_node:205: TRY: 10
DEBUG: src/lcthw/hashmap.c:Hashmap_get_node:205: TRY: 11
DEBUG: src/lcthw/hashmap.c:Hashmap_get_node:205: TRY: 12
DEBUG: src/lcthw/hashmap.c:Hashmap_get_node:205: TRY: 0
DEBUG: src/lcthw/hashmap.c:Hashmap_get_node:205: TRY: 1
DEBUG: src/lcthw/hashmap.c:Hashmap_get_node:205: TRY: 2
DEBUG: src/lcthw/hashmap.c:Hashmap_get_node:205: TRY: 3
DEBUG: src/lcthw/hashmap.c:Hashmap_get_node:205: TRY: 4
DEBUG: src/lcthw/hashmap.c:Hashmap_get_node:205: TRY: 5
DEBUG: src/lcthw/hashmap.c:Hashmap_get_node:205: TRY: 6
DEBUG: src/lcthw/hashmap.c:Hashmap_get_node:205: TRY: 7
DEBUG: src/lcthw/hashmap.c:Hashmap_get_node:205: TRY: 8
DEBUG: src/lcthw/hashmap.c:Hashmap_get_node:205: TRY: 9
DEBUG: src/lcthw/hashmap.c:Hashmap_get_node:205: TRY: 10
DEBUG: src/lcthw/hashmap.c:Hashmap_get_node:205: TRY: 11
DEBUG: src/lcthw/hashmap.c:Hashmap_get_node:205: TRY: 12
DEBUG: src/lcthw/hashmap.c:Hashmap_get_node:205: TRY: 13
DEBUG: src/lcthw/hashmap.c:Hashmap_get_node:205: TRY: 14
DEBUG: src/lcthw/hashmap.c:Hashmap_get_node:205: TRY: 0
DEBUG: src/lcthw/hashmap.c:Hashmap_get_node:205: TRY: 1
DEBUG: src/lcthw/hashmap.c:Hashmap_get_node:205: TRY: 2
DEBUG: src/lcthw/hashmap.c:Hashmap_get_node:205: TRY: 3
DEBUG: src/lcthw/hashmap.c:Hashmap_get_node:205: TRY: 4
DEBUG: src/lcthw/hashmap.c:Hashmap_get_node:205: TRY: 5
DEBUG: src/lcthw/hashmap.c:Hashmap_get_node:205: TRY: 6
DEBUG: src/lcthw/hashmap.c:Hashmap_get_node:205: TRY: 7
DEBUG: src/lcthw/hashmap.c:Hashmap_get_node:205: TRY: 8
DEBUG: src/lcthw/hashmap.c:Hashmap_get_node:205: TRY: 9
DEBUG: src/lcthw/hashmap.c:Hashmap_get_node:205: TRY: 10
DEBUG: src/lcthw/hashmap.c:Hashmap_get_node:205: TRY: 11
DEBUG: src/lcthw/hashmap.c:Hashmap_get_node:205: TRY: 12
DEBUG: src/lcthw/hashmap.c:Hashmap_get_node:205: TRY: 13
DEBUG: src/lcthw/hashmap.c:Hashmap_get_node:205: TRY: 14
DEBUG: src/lcthw/hashmap.c:Hashmap_get_node:205: TRY: 15
DEBUG: src/lcthw/hashmap.c:Hashmap_get_node:205: TRY: 0
DEBUG: src/lcthw/hashmap.c:Hashmap_get_node:205: TRY: 1
DEBUG: src/lcthw/hashmap.c:Hashmap_get_node:205: TRY: 2
DEBUG: src/lcthw/hashmap.c:Hashmap_get_node:205: TRY: 3
DEBUG: src/lcthw/hashmap.c:Hashmap_get_node:205: TRY: 4
DEBUG: src/lcthw/hashmap.c:Hashmap_get_node:205: TRY: 5
DEBUG: src/lcthw/hashmap.c:Hashmap_get_node:205: TRY: 6
DEBUG: src/lcthw/hashmap.c:Hashmap_get_node:205: TRY: 7
DEBUG: src/lcthw/hashmap.c:Hashmap_get_node:205: TRY: 8
DEBUG: src/lcthw/hashmap.c:Hashmap_get_node:205: TRY: 9
DEBUG: src/lcthw/hashmap.c:Hashmap_get_node:205: TRY: 10
DEBUG: src/lcthw/hashmap.c:Hashmap_get_node:205: TRY: 11
DEBUG: src/lcthw/hashmap.c:Hashmap_get_node:205: TRY: 12
DEBUG: src/lcthw/hashmap.c:Hashmap_get_node:205: TRY: 13
DEBUG: src/lcthw/hashmap.c:Hashmap_get_node:205: TRY: 0
DEBUG: src/lcthw/hashmap.c:Hashmap_get_node:205: TRY: 1
DEBUG: src/lcthw/hashmap.c:Hashmap_get_node:205: TRY: 2
DEBUG: src/lcthw/hashmap.c:Hashmap_get_node:205: TRY: 3
DEBUG: src/lcthw/hashmap.c:Hashmap_get_node:205: TRY: 4
DEBUG: src/lcthw/hashmap.c:Hashmap_get_node:205: TRY: 5
DEBUG: src/lcthw/hashmap.c:Hashmap_get_node:205: TRY: 6
DEBUG: src/lcthw/hashmap.c:Hashmap_get_node:205: TRY: 7
DEBUG: src/lcthw/hashmap.c:Hashmap_get_node:205: TRY: 8
DEBUG: src/lcthw/hashmap.c:Hashmap_get_node:205: TRY: 9
DEBUG: src/lcthw/hashmap.c:Hashmap_get_node:205: TRY: 10
DEBUG: src/lcthw/hashmap.c:Hashmap_get_node:205: TRY: 11
DEBUG: src/lcthw/hashmap.c:Hashmap_get_node:205: TRY: 12
DEBUG: src/lcthw/hashmap.c:Hashmap_get_node:205: TRY: 13
DEBUG: src/lcthw/hashmap.c:Hashmap_get_node:205: TRY: 14
DEBUG: src/lcthw/hashmap.c:Hashmap_get_node:205: TRY: 15
DEBUG: src/lcthw/hashmap.c:Hashmap_get_node:205: TRY: 16
DEBUG: src/lcthw/hashmap.c:Hashmap_get_node:205: TRY: 0
DEBUG: src/lcthw/hashmap.c:Hashmap_get_node:205: TRY: 1
DEBUG: src/lcthw/hashmap.c:Hashmap_get_node:205: TRY: 2
DEBUG: src/lcthw/hashmap.c:Hashmap_get_node:205: TRY: 3
DEBUG: src/lcthw/hashmap.c:Hashmap_get_node:205: TRY: 4
DEBUG: src/lcthw/hashmap.c:Hashmap_get_node:205: TRY: 5
DEBUG: src/lcthw/hashmap.c:Hashmap_get_node:205: TRY: 6
DEBUG: src/lcthw/hashmap.c:Hashmap_get_node:205: TRY: 7
DEBUG: src/lcthw/hashmap.c:Hashmap_get_node:205: TRY: 8
DEBUG: src/lcthw/hashmap.c:Hashmap_get_node:205: TRY: 9
DEBUG: src/lcthw/hashmap.c:Hashmap_get_node:205: TRY: 10
DEBUG: src/lcthw/hashmap.c:Hashmap_get_node:205: TRY: 11
DEBUG: src/lcthw/hashmap.c:Hashmap_get_node:205: TRY: 12
DEBUG: src/lcthw/hashmap.c:Hashmap_get_node:205: TRY: 13
DEBUG: src/lcthw/hashmap.c:Hashmap_get_node:205: TRY: 0
DEBUG: src/lcthw/hashmap.c:Hashmap_get_node:205: TRY: 1
DEBUG: src/lcthw/hashmap.c:Hashmap_get_node:205: TRY: 2
DEBUG: src/lcthw/hashmap.c:Hashmap_get_node:205: TRY: 3
DEBUG: src/lcthw/hashmap.c:Hashmap_get_node:205: TRY: 4
DEBUG: src/lcthw/hashmap.c:Hashmap_get_node:205: TRY: 5
DEBUG: src/lcthw/hashmap.c:Hashmap_get_node:205: TRY: 6
DEBUG: src/lcthw/hashmap.c:Hashmap_get_node:205: TRY: 0
DEBUG: src/lcthw/hashmap.c:Hashmap_get_node:205: TRY: 1
DEBUG: src/lcthw/hashmap.c:Hashmap_get_node:205: TRY: 2
DEBUG: src/lcthw/hashmap.c:Hashmap_get_node:205: TRY: 3
DEBUG: src/lcthw/hashmap.c:Hashmap_get_node:205: TRY: 4
DEBUG: src/lcthw/hashmap.c:Hashmap_get_node:205: TRY: 5
DEBUG: src/lcthw/hashmap.c:Hashmap_get_node:205: TRY: 6
DEBUG: src/lcthw/hashmap.c:Hashmap_get_node:205: TRY: 7
DEBUG: src/lcthw/hashmap.c:Hashmap_get_node:205: TRY: 8
DEBUG: src/lcthw/hashmap.c:Hashmap_get_node:205: TRY: 9
DEBUG: src/lcthw/hashmap.c:Hashmap_get_node:205: TRY: 10
DEBUG: src/lcthw/hashmap.c:Hashmap_get_node:205: TRY: 11
DEBUG: src/lcthw/hashmap.c:Hashmap_get_node:205: TRY: 12
DEBUG: src/lcthw/hashmap.c:Hashmap_get_node:205: TRY: 13
DEBUG: src/lcthw/hashmap.c:Hashmap_get_node:205: TRY: 14
DEBUG: src/lcthw/hashmap.c:Hashmap_get_node:205: TRY: 0
DEBUG: src/lcthw/hashmap.c:Hashmap_get_node:205: TRY: 1
DEBUG: src/lcthw/hashmap.c:Hashmap_get_node:205: TRY: 2
DEBUG: src/lcthw/hashmap.c:Hashmap_get_node:205: TRY: 3
DEBUG: src/lcthw/hashmap.c:Hashmap_get_node:205: TRY: 4
DEBUG: src/lcthw/hashmap.c:Hashmap_get_node:205: TRY: 5
DEBUG: src/lcthw/hashmap.c:Hashmap_get_node:205: TRY: 6
DEBUG: src/lcthw/hashmap.c:Hashmap_get_node:205: TRY: 7
DEBUG: src/lcthw/hashmap.c:Hashmap_get_node:205: TRY: 8
DEBUG: src/lcthw/hashmap.c:Hashmap_get_node:205: TRY: 9
DEBUG: src/lcthw/hashmap.c:Hashmap_get_node:205: TRY: 10
DEBUG: src/lcthw/hashmap.c:Hashmap_get_node:205: TRY: 11
DEBUG: src/lcthw/hashmap.c:Hashmap_get_node:205: TRY: 12
DEBUG: src/lcthw/hashmap.c:Hashmap_get_node:205: TRY: 13
DEBUG: src/lcthw/hashmap.c:Hashmap_get_node:205: TRY: 14
DEBUG: src/lcthw/hashmap.c:Hashmap_get_node:205: TRY: 0
DEBUG: src/lcthw/hashmap.c:Hashmap_get_node:205: TRY: 1
DEBUG: src/lcthw/hashmap.c:Hashmap_get_node:205: TRY: 2
DEBUG: src/lcthw/hashmap.c:Hashmap_get_node:205: TRY: 3
DEBUG: src/lcthw/hashmap.c:Hashmap_get_node:205: TRY: 4
DEBUG: src/lcthw/hashmap.c:Hashmap_get_node:205: TRY: 5
DEBUG: src/lcthw/hashmap.c:Hashmap_get_node:205: TRY: 6
DEBUG: src/lcthw/hashmap.c:Hashmap_get_node:205: TRY: 7
DEBUG: src/lcthw/hashmap.c:Hashmap_get_node:205: TRY: 0
DEBUG: src/lcthw/hashmap.c:Hashmap_get_node:205: TRY: 1
DEBUG: src/lcthw/hashmap.c:Hashmap_get_node:205: TRY: 2
DEBUG: src/lcthw/hashmap.c:Hashmap_get_node:205: TRY: 3
DEBUG: src/lcthw/hashmap.c:Hashmap_get_node:205: TRY: 4
DEBUG: src/lcthw/hashmap.c:Hashmap_get_node:205: TRY: 5
DEBUG: src/lcthw/hashmap.c:Hashmap_get_node:205: TRY: 6
DEBUG: src/lcthw/hashmap.c:Hashmap_get_node:205: TRY: 7
DEBUG: src/lcthw/hashmap.c:Hashmap_get_node:205: TRY: 8
DEBUG: src/lcthw/hashmap.c:Hashmap_get_node:205: TRY: 0
DEBUG: src/lcthw/hashmap.c:Hashmap_get_node:205: TRY: 1
DEBUG: src/lcthw/hashmap.c:Hashmap_get_node:205: TRY: 2
DEBUG: src/lcthw/hashmap.c:Hashmap_get_node:205: TRY: 3
DEBUG: src/lcthw/hashmap.c:Hashmap_get_node:205: TRY: 4
DEBUG: src/lcthw/hashmap.c:Hashmap_get_node:205: TRY: 5
DEBUG: src/lcthw/hashmap.c:Hashmap_get_node:205: TRY: 6
DEBUG: src/lcthw/hashmap.c:Hashmap_get_node:205: TRY: 7
DEBUG: src/lcthw/hashmap.c:Hashmap_get_node:205: TRY: 8
DEBUG: src/lcthw/hashmap.c:Hashmap_get_node:205: TRY: 9
DEBUG: src/lcthw/hashmap.c:Hashmap_get_node:205: TRY: 10
DEBUG: src/lcthw/hashmap.c:Hashmap_get_node:205: TRY: 11
DEBUG: src/lcthw/hashmap.c:Hashmap_get_node:205: TRY: 12
DEBUG: src/lcthw/hashmap.c:Hashmap_get_node:205: TRY: 13
DEBUG: src/lcthw/hashmap.c:Hashmap_get_node:205: TRY: 14
DEBUG: src/lcthw/hashmap.c:Hashmap_get_node:205: TRY: 15
DEBUG: src/lcthw/hashmap.c:Hashmap_get_node:205: TRY: 16
DEBUG: src/lcthw/hashmap.c:Hashmap_get_node:205: TRY: 17
DEBUG: src/lcthw/hashmap.c:Hashmap_get_node:205: TRY: 0
DEBUG: src/lcthw/hashmap.c:Hashmap_get_node:205: TRY: 1
DEBUG: src/lcthw/hashmap.c:Hashmap_get_node:205: TRY: 2
DEBUG: src/lcthw/hashmap.c:Hashmap_get_node:205: TRY: 3
DEBUG: src/lcthw/hashmap.c:Hashmap_get_node:205: TRY: 4
DEBUG: src/lcthw/hashmap.c:Hashmap_get_node:205: TRY: 5
DEBUG: src/lcthw/hashmap.c:Hashmap_get_node:205: TRY: 6
DEBUG: src/lcthw/hashmap.c:Hashmap_get_node:205: TRY: 7
DEBUG: src/lcthw/hashmap.c:Hashmap_get_node:205: TRY: 8
DEBUG: src/lcthw/hashmap.c:Hashmap_get_node:205: TRY: 0
DEBUG: src/lcthw/hashmap.c:Hashmap_get_node:205: TRY: 1
DEBUG: src/lcthw/hashmap.c:Hashmap_get_node:205: TRY: 2
DEBUG: src/lcthw/hashmap.c:Hashmap_get_node:205: TRY: 3
DEBUG: src/lcthw/hashmap.c:Hashmap_get_node:205: TRY: 4
DEBUG: src/lcthw/hashmap.c:Hashmap_get_node:205: TRY: 5
DEBUG: src/lcthw/hashmap.c:Hashmap_get_node:205: TRY: 6
DEBUG: src/lcthw/hashmap.c:Hashmap_get_node:205: TRY: 7
DEBUG: src/lcthw/hashmap.c:Hashmap_get_node:205: TRY: 8
DEBUG: src/lcthw/hashmap.c:Hashmap_get_node:205: TRY: 9
DEBUG: src/lcthw/hashmap.c:Hashmap_get_node:205: TRY: 0
DEBUG: src/lcthw/hashmap.c:Hashmap_get_node:205: TRY: 1
DEBUG: src/lcthw/hashmap.c:Hashmap_get_node:205: TRY: 2
DEBUG: src/lcthw/hashmap.c:Hashmap_get_node:205: TRY: 3
DEBUG: src/lcthw/hashmap.c:Hashmap_get_node:205: TRY: 4
DEBUG: src/lcthw/hashmap.c:Hashmap_get_node:205: TRY: 5
DEBUG: src/lcthw/hashmap.c:Hashmap_get_node:205: TRY: 6
DEBUG: src/lcthw/hashmap.c:Hashmap_get_node:205: TRY: 7
DEBUG: src/lcthw/hashmap.c:Hashmap_get_node:205: TRY: 8
DEBUG: src/lcthw/hashmap.c:Hashmap_get_node:205: TRY: 9
DEBUG: src/lcthw/hashmap.c:Hashmap_get_node:205: TRY: 10
DEBUG: src/lcthw/hashmap.c:Hashmap_get_node:205: TRY: 11
DEBUG: src/lcthw/hashmap.c:Hashmap_get_node:205: TRY: 12
DEBUG: src/lcthw/hashmap.c:Hashmap_get_node:205: TRY: 13
DEBUG: src/lcthw/hashmap.c:Hashmap_get_node:205: TRY: 14
DEBUG: src/lcthw/hashmap.c:Hashmap_get_node:205: TRY: 15
DEBUG: src/lcthw/hashmap.c:Hashmap_get_node:205: TRY: 16
DEBUG: src/lcthw/hashmap.c:Hashmap_get_node:205: TRY: 17
DEBUG: src/lcthw/hashmap.c:Hashmap_get_node:205: TRY: 18
DEBUG: src/lcthw/hashmap.c:Hashmap_get_node:205: TRY: 0
DEBUG: src/lcthw/hashmap.c:Hashmap_get_node:205: TRY: 1
DEBUG: src/lcthw/hashmap.c:Hashmap_get_node:205: TRY: 2
DEBUG: src/lcthw/hashmap.c:Hashmap_get_node:205: TRY: 3
DEBUG: src/lcthw/hashmap.c:Hashmap_get_node:205: TRY: 4
DEBUG: src/lcthw/hashmap.c:Hashmap_get_node:205: TRY: 5
DEBUG: src/lcthw/hashmap.c:Hashmap_get_node:205: TRY: 6
DEBUG: src/lcthw/hashmap.c:Hashmap_get_node:205: TRY: 7
DEBUG: src/lcthw/hashmap.c:Hashmap_get_node:205: TRY: 8
DEBUG: src/lcthw/hashmap.c:Hashmap_get_node:205: TRY: 9
DEBUG: src/lcthw/hashmap.c:Hashmap_get_node:205: TRY: 0
DEBUG: src/lcthw/hashmap.c:Hashmap_get_node:205: TRY: 1
DEBUG: src/lcthw/hashmap.c:Hashmap_get_node:205: TRY: 2
DEBUG: src/lcthw/hashmap.c:Hashmap_get_node:205: TRY: 3
DEBUG: src/lcthw/hashmap.c:Hashmap_get_node:205: TRY: 4
DEBUG: src/lcthw/hashmap.c:Hashmap_get_node:205: TRY: 5
DEBUG: src/lcthw/hashmap.c:Hashmap_get_node:205: TRY: 6
DEBUG: src/lcthw/hashmap.c:Hashmap_get_node:205: TRY: 7
DEBUG: src/lcthw/hashmap.c:Hashmap_get_node:205: TRY: 8
DEBUG: src/lcthw/hashmap.c:Hashmap_get_node:205: TRY: 9
DEBUG: src/lcthw/hashmap.c:Hashmap_get_node:205: TRY: 10
DEBUG: src/lcthw/hashmap.c:Hashmap_get_node:205: TRY: 11
DEBUG: src/lcthw/hashmap.c:Hashmap_get_node:205: TRY: 12
DEBUG: src/lcthw/hashmap.c:Hashmap_get_node:205: TRY: 13
DEBUG: src/lcthw/hashmap.c:Hashmap_get_node:205: TRY: 14
DEBUG: src/lcthw/hashmap.c:Hashmap_get_node:205: TRY: 15
DEBUG: src/lcthw/hashmap.c:Hashmap_get_node:205: TRY: 16
DEBUG: src/lcthw/hashmap.c:Hashmap_get_node:205: TRY: 17
DEBUG: src/lcthw/hashmap.c:Hashmap_get_node:205: TRY: 18
DEBUG: src/lcthw/hashmap.c:Hashmap_get_node:205: TRY: 19
DEBUG: src/lcthw/hashmap.c:Hashmap_get_node:205: TRY: 0
DEBUG: src/lcthw/hashmap.c:Hashmap_get_node:205: TRY: 1
DEBUG: src/lcthw/hashmap.c:Hashmap_get_node:205: TRY: 2
DEBUG: src/lcthw/hashmap.c:Hashmap_get_node:205: TRY: 3
DEBUG: src/lcthw/hashmap.c:Hashmap_get_node:205: TRY: 4
DEBUG: src/lcthw/hashmap.c:Hashmap_get_node:205: TRY: 5
DEBUG: src/lcthw/hashmap.c:Hashmap_get_node:205: TRY: 6
DEBUG: src/lcthw/hashmap.c:Hashmap_get_node:205: TRY: 7
DEBUG: src/lcthw/hashmap.c:Hashmap_get_node:205: TRY: 8
DEBUG: src/lcthw/hashmap.c:Hashmap_get_node:205: TRY: 0
DEBUG: src/lcthw/hashmap.c:Hashmap_get_node:205: TRY: 1
DEBUG: src/lcthw/hashmap.c:Hashmap_get_node:205: TRY: 2
DEBUG: src/lcthw/hashmap.c:Hashmap_get_node:205: TRY: 3
DEBUG: src/lcthw/hashmap.c:Hashmap_get_node:205: TRY: 4
DEBUG: src/lcthw/hashmap.c:Hashmap_get_node:205: TRY: 5
DEBUG: src/lcthw/hashmap.c:Hashmap_get_node:205: TRY: 6
DEBUG: src/lcthw/hashmap.c:Hashmap_get_node:205: TRY: 7
DEBUG: src/lcthw/hashmap.c:Hashmap_get_node:205: TRY: 8
DEBUG: src/lcthw/hashmap.c:Hashmap_get_node:205: TRY: 9
DEBUG: src/lcthw/hashmap.c:Hashmap_get_node:205: TRY: 10
DEBUG: src/lcthw/hashmap.c:Hashmap_get_node:205: TRY: 11
DEBUG: src/lcthw/hashmap.c:Hashmap_get_node:205: TRY: 12
DEBUG: src/lcthw/hashmap.c:Hashmap_get_node:205: TRY: 0
DEBUG: src/lcthw/hashmap.c:Hashmap_get_node:205: TRY: 1
DEBUG: src/lcthw/hashmap.c:Hashmap_get_node:205: TRY: 2
DEBUG: src/lcthw/hashmap.c:Hashmap_get_node:205: TRY: 3
DEBUG: src/lcthw/hashmap.c:Hashmap_get_node:205: TRY: 4
DEBUG: src/lcthw/hashmap.c:Hashmap_get_node:205: TRY: 5
DEBUG: src/lcthw/hashmap.c:Hashmap_get_node:205: TRY: 6
DEBUG: src/lcthw/hashmap.c:Hashmap_get_node:205: TRY: 7
DEBUG: src/lcthw/hashmap.c:Hashmap_get_node:205: TRY: 8
DEBUG: src/lcthw/hashmap.c:Hashmap_get_node:205: TRY: 9
DEBUG: src/lcthw/hashmap.c:Hashmap_get_node:205: TRY: 0
DEBUG: src/lcthw/hashmap.c:Hashmap_get_node:205: TRY: 1
DEBUG: src/lcthw/hashmap.c:Hashmap_get_node:205: TRY: 2
DEBUG: src/lcthw/hashmap.c:Hashmap_get_node:205: TRY: 3
DEBUG: src/lcthw/hashmap.c:Hashmap_get_node:205: TRY: 4
DEBUG: src/lcthw/hashmap.c:Hashmap_get_node:205: TRY: 5
DEBUG: src/lcthw/hashmap.c:Hashmap_get_node:205: TRY: 6
DEBUG: src/lcthw/hashmap.c:Hashmap_get_node:205: TRY: 7
DEBUG: src/lcthw/hashmap.c:Hashmap_get_node:205: TRY: 8
DEBUG: src/lcthw/hashmap.c:Hashmap_get_node:205: TRY: 9
DEBUG: src/lcthw/hashmap.c:Hashmap_get_node:205: TRY: 0
DEBUG: src/lcthw/hashmap.c:Hashmap_get_node:205: TRY: 1
DEBUG: src/lcthw/hashmap.c:Hashmap_get_node:205: TRY: 2
DEBUG: src/lcthw/hashmap.c:Hashmap_get_node:205: TRY: 3
DEBUG: src/lcthw/hashmap.c:Hashmap_get_node:205: TRY: 4
DEBUG: src/lcthw/hashmap.c:Hashmap_get_node:205: TRY: 5
DEBUG: src/lcthw/hashmap.c:Hashmap_get_node:205: TRY: 6
DEBUG: src/lcthw/hashmap.c:Hashmap_get_node:205: TRY: 7
DEBUG: src/lcthw/hashmap.c:Hashmap_get_node:205: TRY: 8
DEBUG: src/lcthw/hashmap.c:Hashmap_get_node:205: TRY: 9
DEBUG: src/lcthw/hashmap.c:Hashmap_get_node:205: TRY: 10
DEBUG: src/lcthw/hashmap.c:Hashmap_get_node:205: TRY: 11
DEBUG: src/lcthw/hashmap.c:Hashmap_get_node:205: TRY: 12
DEBUG: src/lcthw/hashmap.c:Hashmap_get_node:205: TRY: 13
DEBUG: src/lcthw/hashmap.c:Hashmap_get_node:205: TRY: 14
DEBUG: src/lcthw/hashmap.c:Hashmap_get_node:205: TRY: 0
DEBUG: src/lcthw/hashmap.c:Hashmap_get_node:205: TRY: 1
DEBUG: src/lcthw/hashmap.c:Hashmap_get_node:205: TRY: 2
DEBUG: src/lcthw/hashmap.c:Hashmap_get_node:205: TRY: 3
DEBUG: src/lcthw/hashmap.c:Hashmap_get_node:205: TRY: 4
DEBUG: src/lcthw/hashmap.c:Hashmap_get_node:205: TRY: 5
DEBUG: src/lcthw/hashmap.c:Hashmap_get_node:205: TRY: 6
DEBUG: src/lcthw/hashmap.c:Hashmap_get_node:205: TRY: 7
DEBUG: src/lcthw/hashmap.c:Hashmap_get_node:205: TRY: 8
DEBUG: src/lcthw/hashmap.c:Hashmap_get_node:205: TRY: 9
DEBUG: src/lcthw/hashmap.c:Hashmap_get_node:205: TRY: 10
DEBUG: src/lcthw/hashmap.c:Hashmap_get_node:205: TRY: 0
DEBUG: src/lcthw/hashmap.c:Hashmap_get_node:205: TRY: 1
DEBUG: src/lcthw/hashmap.c:Hashmap_get_node:205: TRY: 2
DEBUG: src/lcthw/hashmap.c:Hashmap_get_node:205: TRY: 3
DEBUG: src/lcthw/hashmap.c:Hashmap_get_node:205: TRY: 4
DEBUG: src/lcthw/hashmap.c:Hashmap_get_node:205: TRY: 5
DEBUG: src/lcthw/hashmap.c:Hashmap_get_node:205: TRY: 6
DEBUG: src/lcthw/hashmap.c:Hashmap_get_node:205: TRY: 7
DEBUG: src/lcthw/hashmap.c:Hashmap_get_node:205: TRY: 8
DEBUG: src/lcthw/hashmap.c:Hashmap_get_node:205: TRY: 9
DEBUG: src/lcthw/hashmap.c:Hashmap_get_node:205: TRY: 10
DEBUG: src/lcthw/hashmap.c:Hashmap_get_node:205: TRY: 0
DEBUG: src/lcthw/hashmap.c:Hashmap_get_node:205: TRY: 1
DEBUG: src/lcthw/hashmap.c:Hashmap_get_node:205: TRY: 2
DEBUG: src/lcthw/hashmap.c:Hashmap_get_node:205: TRY: 3
DEBUG: src/lcthw/hashmap.c:Hashmap_get_node:205: TRY: 4
DEBUG: src/lcthw/hashmap.c:Hashmap_get_node:205: TRY: 5
DEBUG: src/lcthw/hashmap.c:Hashmap_get_node:205: TRY: 6
DEBUG: src/lcthw/hashmap.c:Hashmap_get_node:205: TRY: 7
DEBUG: src/lcthw/hashmap.c:Hashmap_get_node:205: TRY: 8
DEBUG: src/lcthw/hashmap.c:Hashmap_get_node:205: TRY: 9
DEBUG: src/lcthw/hashmap.c:Hashmap_get_node:205: TRY: 10
DEBUG: src/lcthw/hashmap.c:Hashmap_get_node:205: TRY: 0
DEBUG: src/lcthw/hashmap.c:Hashmap_get_node:205: TRY: 1
DEBUG: src/lcthw/hashmap.c:Hashmap_get_node:205: TRY: 2
DEBUG: src/lcthw/hashmap.c:Hashmap_get_node:205: TRY: 3
DEBUG: src/lcthw/hashmap.c:Hashmap_get_node:205: TRY: 4
DEBUG: src/lcthw/hashmap.c:Hashmap_get_node:205: TRY: 5
DEBUG: src/lcthw/hashmap.c:Hashmap_get_node:205: TRY: 6
DEBUG: src/lcthw/hashmap.c:Hashmap_get_node:205: TRY: 7
DEBUG: src/lcthw/hashmap.c:Hashmap_get_node:205: TRY: 8
DEBUG: src/lcthw/hashmap.c:Hashmap_get_node:205: TRY: 9
DEBUG: src/lcthw/hashmap.c:Hashmap_get_node:205: TRY: 10
DEBUG: src/lcthw/hashmap.c:Hashmap_get_node:205: TRY: 11
DEBUG: src/lcthw/hashmap.c:Hashmap_get_node:205: TRY: 0
DEBUG: src/lcthw/hashmap.c:Hashmap_get_node:205: TRY: 1
DEBUG: src/lcthw/hashmap.c:Hashmap_get_node:205: TRY: 2
DEBUG: src/lcthw/hashmap.c:Hashmap_get_node:205: TRY: 3
DEBUG: src/lcthw/hashmap.c:Hashmap_get_node:205: TRY: 4
DEBUG: src/lcthw/hashmap.c:Hashmap_get_node:205: TRY: 5
DEBUG: src/lcthw/hashmap.c:Hashmap_get_node:205: TRY: 6
DEBUG: src/lcthw/hashmap.c:Hashmap_get_node:205: TRY: 7
DEBUG: src/lcthw/hashmap.c:Hashmap_get_node:205: TRY: 8
DEBUG: src/lcthw/hashmap.c:Hashmap_get_node:205: TRY: 9
DEBUG: src/lcthw/hashmap.c:Hashmap_get_node:205: TRY: 10
DEBUG: src/lcthw/hashmap.c:Hashmap_get_node:205: TRY: 11
DEBUG: src/lcthw/hashmap.c:Hashmap_get_node:205: TRY: 0
DEBUG: src/lcthw/hashmap.c:Hashmap_get_node:205: TRY: 1
DEBUG: src/lcthw/hashmap.c:Hashmap_get_node:205: TRY: 2
DEBUG: src/lcthw/hashmap.c:Hashmap_get_node:205: TRY: 3
DEBUG: src/lcthw/hashmap.c:Hashmap_get_node:205: TRY: 4
DEBUG: src/lcthw/hashmap.c:Hashmap_get_node:205: TRY: 5
DEBUG: src/lcthw/hashmap.c:Hashmap_get_node:205: TRY: 6
DEBUG: src/lcthw/hashmap.c:Hashmap_get_node:205: TRY: 7
DEBUG: src/lcthw/hashmap.c:Hashmap_get_node:205: TRY: 8
DEBUG: src/lcthw/hashmap.c:Hashmap_get_node:205: TRY: 9
DEBUG: src/lcthw/hashmap.c:Hashmap_get_node:205: TRY: 10
DEBUG: src/lcthw/hashmap.c:Hashmap_get_node:205: TRY: 11
DEBUG: src/lcthw/hashmap.c:Hashmap_get_node:205: TRY: 12
DEBUG: src/lcthw/hashmap.c:Hashmap_get_node:205: TRY: 0
DEBUG: src/lcthw/hashmap.c:Hashmap_get_node:205: TRY: 1
DEBUG: src/lcthw/hashmap.c:Hashmap_get_node:205: TRY: 2
DEBUG: src/lcthw/hashmap.c:Hashmap_get_node:205: TRY: 3
DEBUG: src/lcthw/hashmap.c:Hashmap_get_node:205: TRY: 4
DEBUG: src/lcthw/hashmap.c:Hashmap_get_node:205: TRY: 5
DEBUG: src/lcthw/hashmap.c:Hashmap_get_node:205: TRY: 6
DEBUG: src/lcthw/hashmap.c:Hashmap_get_node:205: TRY: 7
DEBUG: src/lcthw/hashmap.c:Hashmap_get_node:205: TRY: 8
DEBUG: src/lcthw/hashmap.c:Hashmap_get_node:205: TRY: 9
DEBUG: src/lcthw/hashmap.c:Hashmap_get_node:205: TRY: 10
DEBUG: src/lcthw/hashmap.c:Hashmap_get_node:205: TRY: 11
DEBUG: src/lcthw/hashmap.c:Hashmap_get_node:205: TRY: 12
DEBUG: src/lcthw/hashmap.c:Hashmap_get_node:205: TRY: 0
DEBUG: src/lcthw/hashmap.c:Hashmap_get_node:205: TRY: 1
DEBUG: src/lcthw/hashmap.c:Hashmap_get_node:205: TRY: 2
DEBUG: src/lcthw/hashmap.c:Hashmap_get_node:205: TRY: 3
DEBUG: src/lcthw/hashmap.c:Hashmap_get_node:205: TRY: 4
DEBUG: src/lcthw/hashmap.c:Hashmap_get_node:205: TRY: 5
DEBUG: src/lcthw/hashmap.c:Hashmap_get_node:205: TRY: 6
DEBUG: src/lcthw/hashmap.c:Hashmap_get_node:205: TRY: 7
DEBUG: src/lcthw/hashmap.c:Hashmap_get_node:205: TRY: 8
DEBUG: src/lcthw/hashmap.c:Hashmap_get_node:205: TRY: 9
DEBUG: src/lcthw/hashmap.c:Hashmap_get_node:205: TRY: 10
DEBUG: src/lcthw/hashmap.c:Hashmap_get_node:205: TRY: 11
DEBUG: src/lcthw/hashmap.c:Hashmap_get_node:205: TRY: 0
DEBUG: src/lcthw/hashmap.c:Hashmap_get_node:205: TRY: 1
DEBUG: src/lcthw/hashmap.c:Hashmap_get_node:205: TRY: 2
DEBUG: src/lcthw/hashmap.c:Hashmap_get_node:205: TRY: 3
DEBUG: src/lcthw/hashmap.c:Hashmap_get_node:205: TRY: 4
DEBUG: src/lcthw/hashmap.c:Hashmap_get_node:205: TRY: 5
DEBUG: src/lcthw/hashmap.c:Hashmap_get_node:205: TRY: 6
DEBUG: src/lcthw/hashmap.c:Hashmap_get_node:205: TRY: 7
DEBUG: src/lcthw/hashmap.c:Hashmap_get_node:205: TRY: 8
DEBUG: src/lcthw/hashmap.c:Hashmap_get_node:205: TRY: 9
DEBUG: src/lcthw/hashmap.c:Hashmap_get_node:205: TRY: 10
DEBUG: src/lcthw/hashmap.c:Hashmap_get_node:205: TRY: 11
DEBUG: src/lcthw/hashmap.c:Hashmap_get_node:205: TRY: 12
DEBUG: src/lcthw/hashmap.c:Hashmap_get_node:205: TRY: 13
DEBUG: src/lcthw/hashmap.c:Hashmap_get_node:205: TRY: 14
DEBUG: src/lcthw/hashmap.c:Hashmap_get_node:205: TRY: 15
DEBUG: src/lcthw/hashmap.c:Hashmap_get_node:205: TRY: 0
DEBUG: src/lcthw/hashmap.c:Hashmap_get_node:205: TRY: 1
DEBUG: src/lcthw/hashmap.c:Hashmap_get_node:205: TRY: 2
DEBUG: src/lcthw/hashmap.c:Hashmap_get_node:205: TRY: 3
DEBUG: src/lcthw/hashmap.c:Hashmap_get_node:205: TRY: 4
DEBUG: src/lcthw/hashmap.c:Hashmap_get_node:205: TRY: 5
DEBUG: src/lcthw/hashmap.c:Hashmap_get_node:205: TRY: 6
DEBUG: src/lcthw/hashmap.c:Hashmap_get_node:205: TRY: 7
DEBUG: src/lcthw/hashmap.c:Hashmap_get_node:205: TRY: 8
DEBUG: src/lcthw/hashmap.c:Hashmap_get_node:205: TRY: 9
DEBUG: src/lcthw/hashmap.c:Hashmap_get_node:205: TRY: 10
DEBUG: src/lcthw/hashmap.c:Hashmap_get_node:205: TRY: 11
DEBUG: src/lcthw/hashmap.c:Hashmap_get_node:205: TRY: 12
DEBUG: src/lcthw/hashmap.c:Hashmap_get_node:205: TRY: 13
DEBUG: src/lcthw/hashmap.c:Hashmap_get_node:205: TRY: 14
DEBUG: src/lcthw/hashmap.c:Hashmap_get_node:205: TRY: 15
DEBUG: src/lcthw/hashmap.c:Hashmap_get_node:205: TRY: 16
DEBUG: src/lcthw/hashmap.c:Hashmap_get_node:205: TRY: 17
DEBUG: src/lcthw/hashmap.c:Hashmap_get_node:205: TRY: 18
DEBUG: src/lcthw/hashmap.c:Hashmap_get_node:205: TRY: 19
DEBUG: src/lcthw/hashmap.c:Hashmap_get_node:205: TRY: 20
DEBUG: src/lcthw/hashmap.c:Hashmap_get_node:205: TRY: 0
DEBUG: src/lcthw/hashmap.c:Hashmap_get_node:205: TRY: 1
DEBUG: src/lcthw/hashmap.c:Hashmap_get_node:205: TRY: 2
DEBUG: src/lcthw/hashmap.c:Hashmap_get_node:205: TRY: 3
DEBUG: src/lcthw/hashmap.c:Hashmap_get_node:205: TRY: 4
DEBUG: src/lcthw/hashmap.c:Hashmap_get_node:205: TRY: 5
DEBUG: src/lcthw/hashmap.c:Hashmap_get_node:205: TRY: 6
DEBUG: src/lcthw/hashmap.c:Hashmap_get_node:205: TRY: 7
DEBUG: src/lcthw/hashmap.c:Hashmap_get_node:205: TRY: 8
DEBUG: src/lcthw/hashmap.c:Hashmap_get_node:205: TRY: 9
DEBUG: src/lcthw/hashmap.c:Hashmap_get_node:205: TRY: 10
DEBUG: src/lcthw/hashmap.c:Hashmap_get_node:205: TRY: 0
DEBUG: src/lcthw/hashmap.c:Hashmap_get_node:205: TRY: 1
DEBUG: src/lcthw/hashmap.c:Hashmap_get_node:205: TRY: 2
DEBUG: src/lcthw/hashmap.c:Hashmap_get_node:205: TRY: 3
DEBUG: src/lcthw/hashmap.c:Hashmap_get_node:205: TRY: 4
DEBUG: src/lcthw/hashmap.c:Hashmap_get_node:205: TRY: 5
DEBUG: src/lcthw/hashmap.c:Hashmap_get_node:205: TRY: 6
DEBUG: src/lcthw/hashmap.c:Hashmap_get_node:205: TRY: 7
DEBUG: src/lcthw/hashmap.c:Hashmap_get_node:205: TRY: 8
DEBUG: src/lcthw/hashmap.c:Hashmap_get_node:205: TRY: 9
DEBUG: src/lcthw/hashmap.c:Hashmap_get_node:205: TRY: 10
DEBUG: src/lcthw/hashmap.c:Hashmap_get_node:205: TRY: 11
DEBUG: src/lcthw/hashmap.c:Hashmap_get_node:205: TRY: 12
DEBUG: src/lcthw/hashmap.c:Hashmap_get_node:205: TRY: 13
DEBUG: src/lcthw/hashmap.c:Hashmap_get_node:205: TRY: 14
DEBUG: src/lcthw/hashmap.c:Hashmap_get_node:205: TRY: 15
DEBUG: src/lcthw/hashmap.c:Hashmap_get_node:205: TRY: 16
DEBUG: src/lcthw/hashmap.c:Hashmap_get_node:205: TRY: 0
DEBUG: src/lcthw/hashmap.c:Hashmap_get_node:205: TRY: 1
DEBUG: src/lcthw/hashmap.c:Hashmap_get_node:205: TRY: 2
DEBUG: src/lcthw/hashmap.c:Hashmap_get_node:205: TRY: 3
DEBUG: src/lcthw/hashmap.c:Hashmap_get_node:205: TRY: 4
DEBUG: src/lcthw/hashmap.c:Hashmap_get_node:205: TRY: 5
DEBUG: src/lcthw/hashmap.c:Hashmap_get_node:205: TRY: 6
DEBUG: src/lcthw/hashmap.c:Hashmap_get_node:205: TRY: 7
DEBUG: src/lcthw/hashmap.c:Hashmap_get_node:205: TRY: 8
DEBUG: src/lcthw/hashmap.c:Hashmap_get_node:205: TRY: 9
DEBUG: src/lcthw/hashmap.c:Hashmap_get_node:205: TRY: 10
DEBUG: src/lcthw/hashmap.c:Hashmap_get_node:205: TRY: 11
DEBUG: src/lcthw/hashmap.c:Hashmap_get_node:205: TRY: 12
DEBUG: src/lcthw/hashmap.c:Hashmap_get_node:205: TRY: 13
DEBUG: src/lcthw/hashmap.c:Hashmap_get_node:205: TRY: 0
DEBUG: src/lcthw/hashmap.c:Hashmap_get_node:205: TRY: 1
DEBUG: src/lcthw/hashmap.c:Hashmap_get_node:205: TRY: 2
DEBUG: src/lcthw/hashmap.c:Hashmap_get_node:205: TRY: 3
DEBUG: src/lcthw/hashmap.c:Hashmap_get_node:205: TRY: 4
DEBUG: src/lcthw/hashmap.c:Hashmap_get_node:205: TRY: 5
DEBUG: src/lcthw/hashmap.c:Hashmap_get_node:205: TRY: 6
DEBUG: src/lcthw/hashmap.c:Hashmap_get_node:205: TRY: 7
DEBUG: src/lcthw/hashmap.c:Hashmap_get_node:205: TRY: 0
DEBUG: src/lcthw/hashmap.c:Hashmap_get_node:205: TRY: 1
DEBUG: src/lcthw/hashmap.c:Hashmap_get_node:205: TRY: 2
DEBUG: src/lcthw/hashmap.c:Hashmap_get_node:205: TRY: 3
DEBUG: src/lcthw/hashmap.c:Hashmap_get_node:205: TRY: 4
DEBUG: src/lcthw/hashmap.c:Hashmap_get_node:205: TRY: 5
DEBUG: src/lcthw/hashmap.c:Hashmap_get_node:205: TRY: 6
DEBUG: src/lcthw/hashmap.c:Hashmap_get_node:205: TRY: 7
DEBUG: src/lcthw/hashmap.c:Hashmap_get_node:205: TRY: 8
DEBUG: src/lcthw/hashmap.c:Hashmap_get_node:205: TRY: 9
DEBUG: src/lcthw/hashmap.c:Hashmap_get_node:205: TRY: 10
DEBUG: src/lcthw/hashmap.c:Hashmap_get_node:205: TRY: 11
DEBUG: src/lcthw/hashmap.c:Hashmap_get_node:205: TRY: 12
DEBUG: src/lcthw/hashmap.c:Hashmap_get_node:205: TRY: 13
DEBUG: src/lcthw/hashmap.c:Hashmap_get_node:205: TRY: 0
DEBUG: src/lcthw/hashmap.c:Hashmap_get_node:205: TRY: 1
DEBUG: src/lcthw/hashmap.c:Hashmap_get_node:205: TRY: 2
DEBUG: src/lcthw/hashmap.c:Hashmap_get_node:205: TRY: 3
DEBUG: src/lcthw/hashmap.c:Hashmap_get_node:205: TRY: 4
DEBUG: src/lcthw/hashmap.c:Hashmap_get_node:205: TRY: 5
DEBUG: src/lcthw/hashmap.c:Hashmap_get_node:205: TRY: 6
DEBUG: src/lcthw/hashmap.c:Hashmap_get_node:205: TRY: 7
DEBUG: src/lcthw/hashmap.c:Hashmap_get_node:205: TRY: 8
DEBUG: src/lcthw/hashmap.c:Hashmap_get_node:205: TRY: 9
DEBUG: src/lcthw/hashmap.c:Hashmap_get_node:205: TRY: 10
DEBUG: src/lcthw/hashmap.c:Hashmap_get_node:205: TRY: 11
DEBUG: src/lcthw/hashmap.c:Hashmap_get_node:205: TRY: 12
DEBUG: src/lcthw/hashmap.c:Hashmap_get_node:205: TRY: 13
DEBUG: src/lcthw/hashmap.c:Hashmap_get_node:205: TRY: 14
DEBUG: src/lcthw/hashmap.c:Hashmap_get_node:205: TRY: 15
DEBUG: src/lcthw/hashmap.c:Hashmap_get_node:205: TRY: 16
DEBUG: src/lcthw/hashmap.c:Hashmap_get_node:205: TRY: 17
DEBUG: src/lcthw/hashmap.c:Hashmap_get_node:205: TRY: 0
DEBUG: src/lcthw/hashmap.c:Hashmap_get_node:205: TRY: 1
DEBUG: src/lcthw/hashmap.c:Hashmap_get_node:205: TRY: 2
DEBUG: src/lcthw/hashmap.c:Hashmap_get_node:205: TRY: 3
DEBUG: src/lcthw/hashmap.c:Hashmap_get_node:205: TRY: 4
DEBUG: src/lcthw/hashmap.c:Hashmap_get_node:205: TRY: 5
DEBUG: src/lcthw/hashmap.c:Hashmap_get_node:205: TRY: 6
DEBUG: src/lcthw/hashmap.c:Hashmap_get_node:205: TRY: 7
DEBUG: src/lcthw/hashmap.c:Hashmap_get_node:205: TRY: 8
DEBUG: src/lcthw/hashmap.c:Hashmap_get_node:205: TRY: 9
DEBUG: src/lcthw/hashmap.c:Hashmap_get_node:205: TRY: 10
DEBUG: src/lcthw/hashmap.c:Hashmap_get_node:205: TRY: 11
DEBUG: src/lcthw/hashmap.c:Hashmap_get_node:205: TRY: 12
DEBUG: src/lcthw/hashmap.c:Hashmap_get_node:205: TRY: 13
DEBUG: src/lcthw/hashmap.c:Hashmap_get_node:205: TRY: 14
DEBUG: src/lcthw/hashmap.c:Hashmap_get_node:205: TRY: 0
DEBUG: src/lcthw/hashmap.c:Hashmap_get_node:205: TRY: 1
DEBUG: src/lcthw/hashmap.c:Hashmap_get_node:205: TRY: 2
DEBUG: src/lcthw/hashmap.c:Hashmap_get_node:205: TRY: 3
DEBUG: src/lcthw/hashmap.c:Hashmap_get_node:205: TRY: 4
DEBUG: src/lcthw/hashmap.c:Hashmap_get_node:205: TRY: 5
DEBUG: src/lcthw/hashmap.c:Hashmap_get_node:205: TRY: 6
DEBUG: src/lcthw/hashmap.c:Hashmap_get_node:205: TRY: 7
DEBUG: src/lcthw/hashmap.c:Hashmap_get_node:205: TRY: 8
DEBUG: src/lcthw/hashmap.c:Hashmap_get_node:205: TRY: 9
DEBUG: src/lcthw/hashmap.c:Hashmap_get_node:205: TRY: 10
DEBUG: src/lcthw/hashmap.c:Hashmap_get_node:205: TRY: 11
DEBUG: src/lcthw/hashmap.c:Hashmap_get_node:205: TRY: 12
DEBUG: src/lcthw/hashmap.c:Hashmap_get_node:205: TRY: 13
DEBUG: src/lcthw/hashmap.c:Hashmap_get_node:205: TRY: 14
DEBUG: src/lcthw/hashmap.c:Hashmap_get_node:205: TRY: 15
DEBUG: src/lcthw/hashmap.c:Hashmap_get_node:205: TRY: 16
DEBUG: src/lcthw/hashmap.c:Hashmap_get_node:205: TRY: 17
DEBUG: src/lcthw/hashmap.c:Hashmap_get_node:205: TRY: 18
DEBUG: src/lcthw/hashmap.c:Hashmap_get_node:205: TRY: 19
DEBUG: src/lcthw/hashmap.c:Hashmap_get_node:205: TRY: 20
DEBUG: src/lcthw/hashmap.c:Hashmap_get_node:205: TRY: 21
DEBUG: src/lcthw/hashmap.c:Hashmap_get_node:205: TRY: 0
DEBUG: src/lcthw/hashmap.c:Hashmap_get_node:205: TRY: 1
DEBUG: src/lcthw/hashmap.c:Hashmap_get_node:205: TRY: 2
DEBUG: src/lcthw/hashmap.c:Hashmap_get_node:205: TRY: 3
DEBUG: src/lcthw/hashmap.c:Hashmap_get_node:205: TRY: 4
DEBUG: src/lcthw/hashmap.c:Hashmap_get_node:205: TRY: 5
DEBUG: src/lcthw/hashmap.c:Hashmap_get_node:205: TRY: 6
DEBUG: src/lcthw/hashmap.c:Hashmap_get_node:205: TRY: 7
DEBUG: src/lcthw/hashmap.c:Hashmap_get_node:205: TRY: 8
DEBUG: src/lcthw/hashmap.c:Hashmap_get_node:205: TRY: 9
DEBUG: src/lcthw/hashmap.c:Hashmap_get_node:205: TRY: 10
DEBUG: src/lcthw/hashmap.c:Hashmap_get_node:205: TRY: 11
DEBUG: src/lcthw/hashmap.c:Hashmap_get_node:205: TRY: 12
DEBUG: src/lcthw/hashmap.c:Hashmap_get_node:205: TRY: 13
DEBUG: src/lcthw/hashmap.c:Hashmap_get_node:205: TRY: 14
DEBUG: src/lcthw/hashmap.c:Hashmap_get_node:205: TRY: 15
DEBUG: src/lcthw/hashmap.c:Hashmap_get_node:205: TRY: 0
DEBUG: src/lcthw/hashmap.c:Hashmap_get_node:205: TRY: 1
DEBUG: src/lcthw/hashmap.c:Hashmap_get_node:205: TRY: 2
DEBUG: src/lcthw/hashmap.c:Hashmap_get_node:205: TRY: 3
DEBUG: src/lcthw/hashmap.c:Hashmap_get_node:205: TRY: 4
DEBUG: src/lcthw/hashmap.c:Hashmap_get_node:205: TRY: 5
DEBUG: src/lcthw/hashmap.c:Hashmap_get_node:205: TRY: 6
DEBUG: src/lcthw/hashmap.c:Hashmap_get_node:205: TRY: 7
DEBUG: src/lcthw/hashmap.c:Hashmap_get_node:205: TRY: 8
DEBUG: src/lcthw/hashmap.c:Hashmap_get_node:205: TRY: 9
DEBUG: src/lcthw/hashmap.c:Hashmap_get_node:205: TRY: 10
DEBUG: src/lcthw/hashmap.c:Hashmap_get_node:205: TRY: 11
DEBUG: src/lcthw/hashmap.c:Hashmap_get_node:205: TRY: 12
DEBUG: src/lcthw/hashmap.c:Hashmap_get_node:205: TRY: 13
DEBUG: src/lcthw/hashmap.c:Hashmap_get_node:205: TRY: 14
DEBUG: src/lcthw/hashmap.c:Hashmap_get_node:205: TRY: 15
DEBUG: src/lcthw/hashmap.c:Hashmap_get_node:205: TRY: 16
DEBUG: src/lcthw/hashmap.c:Hashmap_get_node:205: TRY: 17
DEBUG: src/lcthw/hashmap.c:Hashmap_get_node:205: TRY: 18
DEBUG: src/lcthw/hashmap.c:Hashmap_get_node:205: TRY: 19
DEBUG: src/lcthw/hashmap.c:Hashmap_get_node:205: TRY: 20
DEBUG: src/lcthw/hashmap.c:Hashmap_get_node:205: TRY: 21
DEBUG: src/lcthw/hashmap.c:Hashmap_get_node:205: TRY: 22
DEBUG: src/lcthw/hashmap.c:Hashmap_get_node:205: TRY: 0
DEBUG: src/lcthw/hashmap.c:Hashmap_get_node:205: TRY: 1
DEBUG: src/lcthw/hashmap.c:Hashmap_get_node:205: TRY: 2
DEBUG: src/lcthw/hashmap.c:Hashmap_get_node:205: TRY: 3
DEBUG: src/lcthw/hashmap.c:Hashmap_get_node:205: TRY: 4
DEBUG: src/lcthw/hashmap.c:Hashmap_get_node:205: TRY: 5
DEBUG: src/lcthw/hashmap.c:Hashmap_get_node:205: TRY: 6
DEBUG: src/lcthw/hashmap.c:Hashmap_get_node:205: TRY: 7
DEBUG: src/lcthw/hashmap.c:Hashmap_get_node:205: TRY: 8
DEBUG: src/lcthw/hashmap.c:Hashmap_get_node:205: TRY: 9
DEBUG: src/lcthw/hashmap.c:Hashmap_get_node:205: TRY: 10
DEBUG: src/lcthw/hashmap.c:Hashmap_get_node:205: TRY: 11
DEBUG: src/lcthw/hashmap.c:Hashmap_get_node:205: TRY: 12
DEBUG: src/lcthw/hashmap.c:Hashmap_get_node:205: TRY: 13
DEBUG: src/lcthw/hashmap.c:Hashmap_get_node:205: TRY: 14
DEBUG: src/lcthw/hashmap.c:Hashmap_get_node:205: TRY: 15
DEBUG: src/lcthw/hashmap.c:Hashmap_get_node:205: TRY: 16
DEBUG: src/lcthw/hashmap.c:Hashmap_get_node:205: TRY: 17
DEBUG: src/lcthw/hashmap.c:Hashmap_get_node:205: TRY: 18
DEBUG: src/lcthw/hashmap.c:Hashmap_get_node:205: TRY: 19
DEBUG: src/lcthw/hashmap.c:Hashmap_get_node:205: TRY: 20
DEBUG: src/lcthw/hashmap.c:Hashmap_get_node:205: TRY: 21
DEBUG: src/lcthw/hashmap.c:Hashmap_get_node:205: TRY: 22
DEBUG: src/lcthw/hashmap.c:Hashmap_get_node:205: TRY: 23
DEBUG: src/lcthw/hashmap.c:Hashmap_get_node:205: TRY: 0
DEBUG: src/lcthw/hashmap.c:Hashmap_get_node:205: TRY: 1
DEBUG: src/lcthw/hashmap.c:Hashmap_get_node:205: TRY: 2
DEBUG: src/lcthw/hashmap.c:Hashmap_get_node:205: TRY: 3
DEBUG: src/lcthw/hashmap.c:Hashmap_get_node:205: TRY: 4
DEBUG: src/lcthw/hashmap.c:Hashmap_get_node:205: TRY: 5
DEBUG: src/lcthw/hashmap.c:Hashmap_get_node:205: TRY: 6
DEBUG: src/lcthw/hashmap.c:Hashmap_get_node:205: TRY: 7
DEBUG: src/lcthw/hashmap.c:Hashmap_get_node:205: TRY: 8
DEBUG: src/lcthw/hashmap.c:Hashmap_get_node:205: TRY: 9
DEBUG: src/lcthw/hashmap.c:Hashmap_get_node:205: TRY: 10
DEBUG: src/lcthw/hashmap.c:Hashmap_get_node:205: TRY: 11
DEBUG: src/lcthw/hashmap.c:Hashmap_get_node:205: TRY: 12
DEBUG: src/lcthw/hashmap.c:Hashmap_get_node:205: TRY: 0
DEBUG: src/lcthw/hashmap.c:Hashmap_get_node:205: TRY: 1
DEBUG: src/lcthw/hashmap.c:Hashmap_get_node:205: TRY: 2
DEBUG: src/lcthw/hashmap.c:Hashmap_get_node:205: TRY: 3
DEBUG: src/lcthw/hashmap.c:Hashmap_get_node:205: TRY: 4
DEBUG: src/lcthw/hashmap.c:Hashmap_get_node:205: TRY: 5
DEBUG: src/lcthw/hashmap.c:Hashmap_get_node:205: TRY: 6
DEBUG: src/lcthw/hashmap.c:Hashmap_get_node:205: TRY: 7
DEBUG: src/lcthw/hashmap.c:Hashmap_get_node:205: TRY: 8
DEBUG: src/lcthw/hashmap.c:Hashmap_get_node:205: TRY: 9
DEBUG: src/lcthw/hashmap.c:Hashmap_get_node:205: TRY: 10
DEBUG: src/lcthw/hashmap.c:Hashmap_get_node:205: TRY: 11
DEBUG: src/lcthw/hashmap.c:Hashmap_get_node:205: TRY: 12
DEBUG: src/lcthw/hashmap.c:Hashmap_get_node:205: TRY: 13
DEBUG: src/lcthw/hashmap.c:Hashmap_get_node:205: TRY: 14
DEBUG: src/lcthw/hashmap.c:Hashmap_get_node:205: TRY: 15
DEBUG: src/lcthw/hashmap.c:Hashmap_get_node:205: TRY: 0
DEBUG: src/lcthw/hashmap.c:Hashmap_get_node:205: TRY: 1
DEBUG: src/lcthw/hashmap.c:Hashmap_get_node:205: TRY: 2
DEBUG: src/lcthw/hashmap.c:Hashmap_get_node:205: TRY: 3
DEBUG: src/lcthw/hashmap.c:Hashmap_get_node:205: TRY: 4
DEBUG: src/lcthw/hashmap.c:Hashmap_get_node:205: TRY: 5
DEBUG: src/lcthw/hashmap.c:Hashmap_get_node:205: TRY: 6
DEBUG: src/lcthw/hashmap.c:Hashmap_get_node:205: TRY: 7
DEBUG: src/lcthw/hashmap.c:Hashmap_get_node:205: TRY: 8
DEBUG: src/lcthw/hashmap.c:Hashmap_get_node:205: TRY: 9
DEBUG: src/lcthw/hashmap.c:Hashmap_get_node:205: TRY: 10
DEBUG: src/lcthw/hashmap.c:Hashmap_get_node:205: TRY: 11
DEBUG: src/lcthw/hashmap.c:Hashmap_get_node:205: TRY: 12
DEBUG: src/lcthw/hashmap.c:Hashmap_get_node:205: TRY: 13
DEBUG: src/lcthw/hashmap.c:Hashmap_get_node:205: TRY: 14
DEBUG: src/lcthw/hashmap.c:Hashmap_get_node:205: TRY: 0
DEBUG: src/lcthw/hashmap.c:Hashmap_get_node:205: TRY: 1
DEBUG: src/lcthw/hashmap.c:Hashmap_get_node:205: TRY: 2
DEBUG: src/lcthw/hashmap.c:Hashmap_get_node:205: TRY: 3
DEBUG: src/lcthw/hashmap.c:Hashmap_get_node:205: TRY: 4
DEBUG: src/lcthw/hashmap.c:Hashmap_get_node:205: TRY: 5
DEBUG: src/lcthw/hashmap.c:Hashmap_get_node:205: TRY: 6
DEBUG: src/lcthw/hashmap.c:Hashmap_get_node:205: TRY: 7
DEBUG: src/lcthw/hashmap.c:Hashmap_get_node:205: TRY: 8
DEBUG: src/lcthw/hashmap.c:Hashmap_get_node:205: TRY: 9
DEBUG: src/lcthw/hashmap.c:Hashmap_get_node:205: TRY: 10
DEBUG: src/lcthw/hashmap.c:Hashmap_get_node:205: TRY: 11
DEBUG: src/lcthw/hashmap.c:Hashmap_get_node:205: TRY: 12
DEBUG: src/lcthw/hashmap.c:Hashmap_get_node:205: TRY: 13
DEBUG: src/lcthw/hashmap.c:Hashmap_get_node:205: TRY: 14
DEBUG: src/lcthw/hashmap.c:Hashmap_get_node:205: TRY: 15
DEBUG: src/lcthw/hashmap.c:Hashmap_get_node:205: TRY: 0
DEBUG: src/lcthw/hashmap.c:Hashmap_get_node:205: TRY: 1
DEBUG: src/lcthw/hashmap.c:Hashmap_get_node:205: TRY: 2
DEBUG: src/lcthw/hashmap.c:Hashmap_get_node:205: TRY: 3
DEBUG: src/lcthw/hashmap.c:Hashmap_get_node:205: TRY: 4
DEBUG: src/lcthw/hashmap.c:Hashmap_get_node:205: TRY: 5
DEBUG: src/lcthw/hashmap.c:Hashmap_get_node:205: TRY: 6
DEBUG: src/lcthw/hashmap.c:Hashmap_get_node:205: TRY: 7
DEBUG: src/lcthw/hashmap.c:Hashmap_get_node:205: TRY: 8
DEBUG: src/lcthw/hashmap.c:Hashmap_get_node:205: TRY: 9
DEBUG: src/lcthw/hashmap.c:Hashmap_get_node:205: TRY: 10
DEBUG: src/lcthw/hashmap.c:Hashmap_get_node:205: TRY: 11
DEBUG: src/lcthw/hashmap.c:Hashmap_get_node:205: TRY: 12
DEBUG: src/lcthw/hashmap.c:Hashmap_get_node:205: TRY: 13
DEBUG: src/lcthw/hashmap.c:Hashmap_get_node:205: TRY: 0
DEBUG: src/lcthw/hashmap.c:Hashmap_get_node:205: TRY: 1
DEBUG: src/lcthw/hashmap.c:Hashmap_get_node:205: TRY: 2
DEBUG: src/lcthw/hashmap.c:Hashmap_get_node:205: TRY: 3
DEBUG: src/lcthw/hashmap.c:Hashmap_get_node:205: TRY: 4
DEBUG: src/lcthw/hashmap.c:Hashmap_get_node:205: TRY: 5
DEBUG: src/lcthw/hashmap.c:Hashmap_get_node:205: TRY: 6
DEBUG: src/lcthw/hashmap.c:Hashmap_get_node:205: TRY: 7
DEBUG: src/lcthw/hashmap.c:Hashmap_get_node:205: TRY: 8
DEBUG: src/lcthw/hashmap.c:Hashmap_get_node:205: TRY: 9
DEBUG: src/lcthw/hashmap.c:Hashmap_get_node:205: TRY: 10
DEBUG: src/lcthw/hashmap.c:Hashmap_get_node:205: TRY: 11
DEBUG: src/lcthw/hashmap.c:Hashmap_get_node:205: TRY: 12
DEBUG: src/lcthw/hashmap.c:Hashmap_get_node:205: TRY: 13
DEBUG: src/lcthw/hashmap.c:Hashmap_get_node:205: TRY: 14
DEBUG: src/lcthw/hashmap.c:Hashmap_get_node:205: TRY: 15
DEBUG: src/lcthw/hashmap.c:Hashmap_get_node:205: TRY: 16
DEBUG: src/lcthw/hashmap.c:Hashmap_get_node:205: TRY: 0
DEBUG: src/lcthw/hashmap.c:Hashmap_get_node:205: TRY: 1
DEBUG: src/lcthw/hashmap.c:Hashmap_get_node:205: TRY: 2
DEBUG: src/lcthw/hashmap.c:Hashmap_get_node:205: TRY: 3
DEBUG: src/lcthw/hashmap.c:Hashmap_get_node:205: TRY: 4
DEBUG: src/lcthw/hashmap.c:Hashmap_get_node:205: TRY: 5
DEBUG: src/lcthw/hashmap.c:Hashmap_get_node:205: TRY: 6
DEBUG: src/lcthw/hashmap.c:Hashmap_get_node:205: TRY: 7
DEBUG: src/lcthw/hashmap.c:Hashmap_get_node:205: TRY: 8
DEBUG: src/lcthw/hashmap.c:Hashmap_get_node:205: TRY: 9
DEBUG: src/lcthw/hashmap.c:Hashmap_get_node:205: TRY: 10
DEBUG: src/lcthw/hashmap.c:Hashmap_get_node:205: TRY: 11
DEBUG: src/lcthw/hashmap.c:Hashmap_get_node:205: TRY: 12
DEBUG: src/lcthw/hashmap.c:Hashmap_get_node:205: TRY: 13
DEBUG: src/lcthw/hashmap.c:Hashmap_get_node:205: TRY: 14
DEBUG: src/lcthw/hashmap.c:Hashmap_get_node:205: TRY: 15
DEBUG: src/lcthw/hashmap.c:Hashmap_get_node:205: TRY: 16
DEBUG: src/lcthw/hashmap.c:Hashmap_get_node:205: TRY: 17
DEBUG: src/lcthw/hashmap.c:Hashmap_get_node:205: TRY: 0
DEBUG: src/lcthw/hashmap.c:Hashmap_get_node:205: TRY: 1
DEBUG: src/lcthw/hashmap.c:Hashmap_get_node:205: TRY: 2
DEBUG: src/lcthw/hashmap.c:Hashmap_get_node:205: TRY: 3
DEBUG: src/lcthw/hashmap.c:Hashmap_get_node:205: TRY: 4
DEBUG: src/lcthw/hashmap.c:Hashmap_get_node:205: TRY: 5
DEBUG: src/lcthw/hashmap.c:Hashmap_get_node:205: TRY: 6
DEBUG: src/lcthw/hashmap.c:Hashmap_get_node:205: TRY: 7
DEBUG: src/lcthw/hashmap.c:Hashmap_get_node:205: TRY: 8
DEBUG: src/lcthw/hashmap.c:Hashmap_get_node:205: TRY: 9
DEBUG: src/lcthw/hashmap.c:Hashmap_get_node:205: TRY: 10
DEBUG: src/lcthw/hashmap.c:Hashmap_get_node:205: TRY: 11
DEBUG: src/lcthw/hashmap.c:Hashmap_get_node:205: TRY: 12
DEBUG: src/lcthw/hashmap.c:Hashmap_get_node:205: TRY: 13
DEBUG: src/lcthw/hashmap.c:Hashmap_get_node:205: TRY: 14
DEBUG: src/lcthw/hashmap.c:Hashmap_get_node:205: TRY: 0
DEBUG: src/lcthw/hashmap.c:Hashmap_get_node:205: TRY: 1
DEBUG: src/lcthw/hashmap.c:Hashmap_get_node:205: TRY: 2
DEBUG: src/lcthw/hashmap.c:Hashmap_get_node:205: TRY: 3
DEBUG: src/lcthw/hashmap.c:Hashmap_get_node:205: TRY: 4
DEBUG: src/lcthw/hashmap.c:Hashmap_get_node:205: TRY: 5
DEBUG: src/lcthw/hashmap.c:Hashmap_get_node:205: TRY: 6
DEBUG: src/lcthw/hashmap.c:Hashmap_get_node:205: TRY: 7
DEBUG: src/lcthw/hashmap.c:Hashmap_get_node:205: TRY: 8
DEBUG: src/lcthw/hashmap.c:Hashmap_get_node:205: TRY: 9
DEBUG: src/lcthw/hashmap.c:Hashmap_get_node:205: TRY: 10
DEBUG: src/lcthw/hashmap.c:Hashmap_get_node:205: TRY: 11
DEBUG: src/lcthw/hashmap.c:Hashmap_get_node:205: TRY: 12
DEBUG: src/lcthw/hashmap.c:Hashmap_get_node:205: TRY: 13
DEBUG: src/lcthw/hashmap.c:Hashmap_get_node:205: TRY: 14
DEBUG: src/lcthw/hashmap.c:Hashmap_get_node:205: TRY: 15
DEBUG: src/lcthw/hashmap.c:Hashmap_get_node:205: TRY: 16
DEBUG: src/lcthw/hashmap.c:Hashmap_get_node:205: TRY: 17
DEBUG: src/lcthw/hashmap.c:Hashmap_get_node:205: TRY: 18
DEBUG: src/lcthw/hashmap.c:Hashmap_get_node:205: TRY: 19
DEBUG: src/lcthw/hashmap.c:Hashmap_get_node:205: TRY: 20
DEBUG: src/lcthw/hashmap.c:Hashmap_get_node:205: TRY: 21
DEBUG: src/lcthw/hashmap.c:Hashmap_get_node:205: TRY: 22
DEBUG: src/lcthw/hashmap.c:Hashmap_get_node:205: TRY: 23
DEBUG: src/lcthw/hashmap.c:Hashmap_get_node:205: TRY: 24
DEBUG: src/lcthw/hashmap.c:Hashmap_get_node:205: TRY: 0
DEBUG: src/lcthw/hashmap.c:Hashmap_get_node:205: TRY: 1
DEBUG: src/lcthw/hashmap.c:Hashmap_get_node:205: TRY: 2
DEBUG: src/lcthw/hashmap.c:Hashmap_get_node:205: TRY: 3
DEBUG: src/lcthw/hashmap.c:Hashmap_get_node:205: TRY: 4
DEBUG: src/lcthw/hashmap.c:Hashmap_get_node:205: TRY: 5
DEBUG: src/lcthw/hashmap.c:Hashmap_get_node:205: TRY: 6
DEBUG: src/lcthw/hashmap.c:Hashmap_get_node:205: TRY: 7
DEBUG: src/lcthw/hashmap.c:Hashmap_get_node:205: TRY: 8
DEBUG: src/lcthw/hashmap.c:Hashmap_get_node:205: TRY: 9
DEBUG: src/lcthw/hashmap.c:Hashmap_get_node:205: TRY: 10
DEBUG: src/lcthw/hashmap.c:Hashmap_get_node:205: TRY: 11
DEBUG: src/lcthw/hashmap.c:Hashmap_get_node:205: TRY: 12
DEBUG: src/lcthw/hashmap.c:Hashmap_get_node:205: TRY: 13
DEBUG: src/lcthw/hashmap.c:Hashmap_get_node:205: TRY: 14
DEBUG: src/lcthw/hashmap.c:Hashmap_get_node:205: TRY: 15
DEBUG: src/lcthw/hashmap.c:Hashmap_get_node:205: TRY: 16
DEBUG: src/lcthw/hashmap.c:Hashmap_get_node:205: TRY: 17
DEBUG: src/lcthw/hashmap.c:Hashmap_get_node:205: TRY: 18
DEBUG: src/lcthw/hashmap.c:Hashmap_get_node:205: TRY: 0
DEBUG: src/lcthw/hashmap.c:Hashmap_get_node:205: TRY: 1
DEBUG: src/lcthw/hashmap.c:Hashmap_get_node:205: TRY: 2
DEBUG: src/lcthw/hashmap.c:Hashmap_get_node:205: TRY: 3
DEBUG: src/lcthw/hashmap.c:Hashmap_get_node:205: TRY: 4
DEBUG: src/lcthw/hashmap.c:Hashmap_get_node:205: TRY: 5
DEBUG: src/lcthw/hashmap.c:Hashmap_get_node:205: TRY: 6
DEBUG: src/lcthw/hashmap.c:Hashmap_get_node:205: TRY: 7
DEBUG: src/lcthw/hashmap.c:Hashmap_get_node:205: TRY: 8
DEBUG: src/lcthw/hashmap.c:Hashmap_get_node:205: TRY: 0
DEBUG: src/lcthw/hashmap.c:Hashmap_get_node:205: TRY: 1
DEBUG: src/lcthw/hashmap.c:Hashmap_get_node:205: TRY: 2
DEBUG: src/lcthw/hashmap.c:Hashmap_get_node:205: TRY: 3
DEBUG: src/lcthw/hashmap.c:Hashmap_get_node:205: TRY: 4
DEBUG: src/lcthw/hashmap.c:Hashmap_get_node:205: TRY: 5
DEBUG: src/lcthw/hashmap.c:Hashmap_get_node:205: TRY: 6
DEBUG: src/lcthw/hashmap.c:Hashmap_get_node:205: TRY: 7
DEBUG: src/lcthw/hashmap.c:Hashmap_get_node:205: TRY: 8
DEBUG: src/lcthw/hashmap.c:Hashmap_get_node:205: TRY: 9
DEBUG: src/lcthw/hashmap.c:Hashmap_get_node:205: TRY: 10
DEBUG: src/lcthw/hashmap.c:Hashmap_get_node:205: TRY: 11
DEBUG: src/lcthw/hashmap.c:Hashmap_get_node:205: TRY: 12
DEBUG: src/lcthw/hashmap.c:Hashmap_get_node:205: TRY: 13
DEBUG: src/lcthw/hashmap.c:Hashmap_get_node:205: TRY: 14
DEBUG: src/lcthw/hashmap.c:Hashmap_get_node:205: TRY: 15
DEBUG: src/lcthw/hashmap.c:Hashmap_get_node:205: TRY: 16
DEBUG: src/lcthw/hashmap.c:Hashmap_get_node:205: TRY: 17
DEBUG: src/lcthw/hashmap.c:Hashmap_get_node:205: TRY: 18
DEBUG: src/lcthw/hashmap.c:Hashmap_get_node:205: TRY: 19
DEBUG: src/lcthw/hashmap.c:Hashmap_get_node:205: TRY: 20
DEBUG: src/lcthw/hashmap.c:Hashmap_get_node:205: TRY: 21
DEBUG: src/lcthw/hashmap.c:Hashmap_get_node:205: TRY: 22
DEBUG: src/lcthw/hashmap.c:Hashmap_get_node:205: TRY: 23
DEBUG: src/lcthw/hashmap.c:Hashmap_get_node:205: TRY: 24
DEBUG: src/lcthw/hashmap.c:Hashmap_get_node:205: TRY: 25
DEBUG: src/lcthw/hashmap.c:Hashmap_get_node:205: TRY: 0
DEBUG: src/lcthw/hashmap.c:Hashmap_get_node:205: TRY: 1
DEBUG: src/lcthw/hashmap.c:Hashmap_get_node:205: TRY: 2
DEBUG: src/lcthw/hashmap.c:Hashmap_get_node:205: TRY: 3
DEBUG: src/lcthw/hashmap.c:Hashmap_get_node:205: TRY: 4
DEBUG: src/lcthw/hashmap.c:Hashmap_get_node:205: TRY: 5
DEBUG: src/lcthw/hashmap.c:Hashmap_get_node:205: TRY: 6
DEBUG: src/lcthw/hashmap.c:Hashmap_get_node:205: TRY: 7
DEBUG: src/lcthw/hashmap.c:Hashmap_get_node:205: TRY: 8
DEBUG: src/lcthw/hashmap.c:Hashmap_get_node:205: TRY: 9
DEBUG: src/lcthw/hashmap.c:Hashmap_get_node:205: TRY: 10
DEBUG: src/lcthw/hashmap.c:Hashmap_get_node:205: TRY: 11
DEBUG: src/lcthw/hashmap.c:Hashmap_get_node:205: TRY: 12
DEBUG: src/lcthw/hashmap.c:Hashmap_get_node:205: TRY: 13
DEBUG: src/lcthw/hashmap.c:Hashmap_get_node:205: TRY: 14
DEBUG: src/lcthw/hashmap.c:Hashmap_get_node:205: TRY: 15
DEBUG: src/lcthw/hashmap.c:Hashmap_get_node:205: TRY: 0
DEBUG: src/lcthw/hashmap.c:Hashmap_get_node:205: TRY: 1
DEBUG: src/lcthw/hashmap.c:Hashmap_get_node:205: TRY: 2
DEBUG: src/lcthw/hashmap.c:Hashmap_get_node:205: TRY: 3
DEBUG: src/lcthw/hashmap.c:Hashmap_get_node:205: TRY: 4
DEBUG: src/lcthw/hashmap.c:Hashmap_get_node:205: TRY: 5
DEBUG: src/lcthw/hashmap.c:Hashmap_get_node:205: TRY: 6
DEBUG: src/lcthw/hashmap.c:Hashmap_get_node:205: TRY: 7
DEBUG: src/lcthw/hashmap.c:Hashmap_get_node:205: TRY: 8
DEBUG: src/lcthw/hashmap.c:Hashmap_get_node:205: TRY: 9
DEBUG: src/lcthw/hashmap.c:Hashmap_get_node:205: TRY: 10
DEBUG: src/lcthw/hashmap.c:Hashmap_get_node:205: TRY: 11
DEBUG: src/lcthw/hashmap.c:Hashmap_get_node:205: TRY: 12
DEBUG: src/lcthw/hashmap.c:Hashmap_get_node:205: TRY: 13
DEBUG: src/lcthw/hashmap.c:Hashmap_get_node:205: TRY: 14
DEBUG: src/lcthw/hashmap.c:Hashmap_get_node:205: TRY: 15
DEBUG: src/lcthw/hashmap.c:Hashmap_get_node:205: TRY: 16
DEBUG: src/lcthw/hashmap.c:Hashmap_get_node:205: TRY: 0
DEBUG: src/lcthw/hashmap.c:Hashmap_get_node:205: TRY: 1
DEBUG: src/lcthw/hashmap.c:Hashmap_get_node:205: TRY: 2
DEBUG: src/lcthw/hashmap.c:Hashmap_get_node:205: TRY: 3
DEBUG: src/lcthw/hashmap.c:Hashmap_get_node:205: TRY: 4
DEBUG: src/lcthw/hashmap.c:Hashmap_get_node:205: TRY: 5
DEBUG: src/lcthw/hashmap.c:Hashmap_get_node:205: TRY: 6
DEBUG: src/lcthw/hashmap.c:Hashmap_get_node:205: TRY: 7
DEBUG: src/lcthw/hashmap.c:Hashmap_get_node:205: TRY: 8
DEBUG: src/lcthw/hashmap.c:Hashmap_get_node:205: TRY: 9
DEBUG: src/lcthw/hashmap.c:Hashmap_get_node:205: TRY: 10
DEBUG: src/lcthw/hashmap.c:Hashmap_get_node:205: TRY: 11
DEBUG: src/lcthw/hashmap.c:Hashmap_get_node:205: TRY: 12
DEBUG: src/lcthw/hashmap.c:Hashmap_get_node:205: TRY: 13
DEBUG: src/lcthw/hashmap.c:Hashmap_get_node:205: TRY: 14
DEBUG: src/lcthw/hashmap.c:Hashmap_get_node:205: TRY: 15
DEBUG: src/lcthw/hashmap.c:Hashmap_get_node:205: TRY: 16
DEBUG: src/lcthw/hashmap.c:Hashmap_get_node:205: TRY: 17
DEBUG: src/lcthw/hashmap.c:Hashmap_get_node:205: TRY: 18
DEBUG: src/lcthw/hashmap.c:Hashmap_get_node:205: TRY: 19
DEBUG: src/lcthw/hashmap.c:Hashmap_get_node:205: TRY: 20
DEBUG: src/lcthw/hashmap.c:Hashmap_get_node:205: TRY: 21
DEBUG: src/lcthw/hashmap.c:Hashmap_get_node:205: TRY: 22
DEBUG: src/lcthw/hashmap.c:Hashmap_get_node:205: TRY: 23
DEBUG: src/lcthw/hashmap.c:Hashmap_get_node:205: TRY: 24
DEBUG: src/lcthw/hashmap.c:Hashmap_get_node:205: TRY: 25
DEBUG: src/lcthw/hashmap.c:Hashmap_get_node:205: TRY: 26
DEBUG: src/lcthw/hashmap.c:Hashmap_get_node:205: TRY: 0
DEBUG: src/lcthw/hashmap.c:Hashmap_get_node:205: TRY: 1
DEBUG: src/lcthw/hashmap.c:Hashmap_get_node:205: TRY: 2
DEBUG: src/lcthw/hashmap.c:Hashmap_get_node:205: TRY: 3
DEBUG: src/lcthw/hashmap.c:Hashmap_get_node:205: TRY: 4
DEBUG: src/lcthw/hashmap.c:Hashmap_get_node:205: TRY: 5
DEBUG: src/lcthw/hashmap.c:Hashmap_get_node:205: TRY: 6
DEBUG: src/lcthw/hashmap.c:Hashmap_get_node:205: TRY: 7
DEBUG: src/lcthw/hashmap.c:Hashmap_get_node:205: TRY: 8
DEBUG: src/lcthw/hashmap.c:Hashmap_get_node:205: TRY: 9
DEBUG: src/lcthw/hashmap.c:Hashmap_get_node:205: TRY: 10
DEBUG: src/lcthw/hashmap.c:Hashmap_get_node:205: TRY: 11
DEBUG: src/lcthw/hashmap.c:Hashmap_get_node:205: TRY: 12
DEBUG: src/lcthw/hashmap.c:Hashmap_get_node:205: TRY: 13
DEBUG: src/lcthw/hashmap.c:Hashmap_get_node:205: TRY: 14
DEBUG: src/lcthw/hashmap.c:Hashmap_get_node:205: TRY: 15
DEBUG: src/lcthw/hashmap.c:Hashmap_get_node:205: TRY: 16
DEBUG: src/lcthw/hashmap.c:Hashmap_get_node:205: TRY: 0
DEBUG: src/lcthw/hashmap.c:Hashmap_get_node:205: TRY: 1
DEBUG: src/lcthw/hashmap.c:Hashmap_get_node:205: TRY: 2
DEBUG: src/lcthw/hashmap.c:Hashmap_get_node:205: TRY: 3
DEBUG: src/lcthw/hashmap.c:Hashmap_get_node:205: TRY: 4
DEBUG: src/lcthw/hashmap.c:Hashmap_get_node:205: TRY: 5
DEBUG: src/lcthw/hashmap.c:Hashmap_get_node:205: TRY: 6
DEBUG: src/lcthw/hashmap.c:Hashmap_get_node:205: TRY: 7
DEBUG: src/lcthw/hashmap.c:Hashmap_get_node:205: TRY: 8
DEBUG: src/lcthw/hashmap.c:Hashmap_get_node:205: TRY: 9
DEBUG: src/lcthw/hashmap.c:Hashmap_get_node:205: TRY: 10
DEBUG: src/lcthw/hashmap.c:Hashmap_get_node:205: TRY: 11
DEBUG: src/lcthw/hashmap.c:Hashmap_get_node:205: TRY: 0
DEBUG: src/lcthw/hashmap.c:Hashmap_get_node:205: TRY: 1
DEBUG: src/lcthw/hashmap.c:Hashmap_get_node:205: TRY: 2
DEBUG: src/lcthw/hashmap.c:Hashmap_get_node:205: TRY: 3
DEBUG: src/lcthw/hashmap.c:Hashmap_get_node:205: TRY: 4
DEBUG: src/lcthw/hashmap.c:Hashmap_get_node:205: TRY: 5
DEBUG: src/lcthw/hashmap.c:Hashmap_get_node:205: TRY: 6
DEBUG: src/lcthw/hashmap.c:Hashmap_get_node:205: TRY: 7
DEBUG: src/lcthw/hashmap.c:Hashmap_get_node:205: TRY: 8
DEBUG: src/lcthw/hashmap.c:Hashmap_get_node:205: TRY: 9
DEBUG: src/lcthw/hashmap.c:Hashmap_get_node:205: TRY: 10
DEBUG: src/lcthw/hashmap.c:Hashmap_get_node:205: TRY: 11
DEBUG: src/lcthw/hashmap.c:Hashmap_get_node:205: TRY: 12
DEBUG: src/lcthw/hashmap.c:Hashmap_get_node:205: TRY: 13
DEBUG: src/lcthw/hashmap.c:Hashmap_get_node:205: TRY: 14
DEBUG: src/lcthw/hashmap.c:Hashmap_get_node:205: TRY: 15
DEBUG: src/lcthw/hashmap.c:Hashmap_get_node:205: TRY: 0
DEBUG: src/lcthw/hashmap.c:Hashmap_get_node:205: TRY: 1
DEBUG: src/lcthw/hashmap.c:Hashmap_get_node:205: TRY: 2
DEBUG: src/lcthw/hashmap.c:Hashmap_get_node:205: TRY: 3
DEBUG: src/lcthw/hashmap.c:Hashmap_get_node:205: TRY: 4
DEBUG: src/lcthw/hashmap.c:Hashmap_get_node:205: TRY: 5
DEBUG: src/lcthw/hashmap.c:Hashmap_get_node:205: TRY: 6
DEBUG: src/lcthw/hashmap.c:Hashmap_get_node:205: TRY: 7
DEBUG: src/lcthw/hashmap.c:Hashmap_get_node:205: TRY: 8
DEBUG: src/lcthw/hashmap.c:Hashmap_get_node:205: TRY: 9
DEBUG: src/lcthw/hashmap.c:Hashmap_get_node:205: TRY: 0
DEBUG: src/lcthw/hashmap.c:Hashmap_get_node:205: TRY: 1
DEBUG: src/lcthw/hashmap.c:Hashmap_get_node:205: TRY: 2
DEBUG: src/lcthw/hashmap.c:Hashmap_get_node:205: TRY: 3
DEBUG: src/lcthw/hashmap.c:Hashmap_get_node:205: TRY: 4
DEBUG: src/lcthw/hashmap.c:Hashmap_get_node:205: TRY: 5
DEBUG: src/lcthw/hashmap.c:Hashmap_get_node:205: TRY: 6
DEBUG: src/lcthw/hashmap.c:Hashmap_get_node:205: TRY: 7
DEBUG: src/lcthw/hashmap.c:Hashmap_get_node:205: TRY: 8
DEBUG: src/lcthw/hashmap.c:Hashmap_get_node:205: TRY: 9
DEBUG: src/lcthw/hashmap.c:Hashmap_get_node:205: TRY: 10
DEBUG: src/lcthw/hashmap.c:Hashmap_get_node:205: TRY: 11
DEBUG: src/lcthw/hashmap.c:Hashmap_get_node:205: TRY: 12
DEBUG: src/lcthw/hashmap.c:Hashmap_get_node:205: TRY: 13
DEBUG: src/lcthw/hashmap.c:Hashmap_get_node:205: TRY: 14
DEBUG: src/lcthw/hashmap.c:Hashmap_get_node:205: TRY: 15
DEBUG: src/lcthw/hashmap.c:Hashmap_get_node:205: TRY: 16
DEBUG: src/lcthw/hashmap.c:Hashmap_get_node:205: TRY: 17
DEBUG: src/lcthw/hashmap.c:Hashmap_get_node:205: TRY: 0
DEBUG: src/lcthw/hashmap.c:Hashmap_get_node:205: TRY: 1
DEBUG: src/lcthw/hashmap.c:Hashmap_get_node:205: TRY: 2
DEBUG: src/lcthw/hashmap.c:Hashmap_get_node:205: TRY: 3
DEBUG: src/lcthw/hashmap.c:Hashmap_get_node:205: TRY: 4
DEBUG: src/lcthw/hashmap.c:Hashmap_get_node:205: TRY: 5
DEBUG: src/lcthw/hashmap.c:Hashmap_get_node:205: TRY: 6
DEBUG: src/lcthw/hashmap.c:Hashmap_get_node:205: TRY: 7
DEBUG: src/lcthw/hashmap.c:Hashmap_get_node:205: TRY: 8
DEBUG: src/lcthw/hashmap.c:Hashmap_get_node:205: TRY: 9
DEBUG: src/lcthw/hashmap.c:Hashmap_get_node:205: TRY: 10
DEBUG: src/lcthw/hashmap.c:Hashmap_get_node:205: TRY: 0
DEBUG: src/lcthw/hashmap.c:Hashmap_get_node:205: TRY: 1
DEBUG: src/lcthw/hashmap.c:Hashmap_get_node:205: TRY: 2
DEBUG: src/lcthw/hashmap.c:Hashmap_get_node:205: TRY: 3
DEBUG: src/lcthw/hashmap.c:Hashmap_get_node:205: TRY: 4
DEBUG: src/lcthw/hashmap.c:Hashmap_get_node:205: TRY: 5
DEBUG: src/lcthw/hashmap.c:Hashmap_get_node:205: TRY: 6
DEBUG: src/lcthw/hashmap.c:Hashmap_get_node:205: TRY: 7
DEBUG: src/lcthw/hashmap.c:Hashmap_get_node:205: TRY: 8
DEBUG: src/lcthw/hashmap.c:Hashmap_get_node:205: TRY: 9
DEBUG: src/lcthw/hashmap.c:Hashmap_get_node:205: TRY: 10
DEBUG: src/lcthw/hashmap.c:Hashmap_get_node:205: TRY: 11
DEBUG: src/lcthw/hashmap.c:Hashmap_get_node:205: TRY: 12
DEBUG: src/lcthw/hashmap.c:Hashmap_get_node:205: TRY: 13
DEBUG: src/lcthw/hashmap.c:Hashmap_get_node:205: TRY: 0
DEBUG: src/lcthw/hashmap.c:Hashmap_get_node:205: TRY: 1
DEBUG: src/lcthw/hashmap.c:Hashmap_get_node:205: TRY: 2
DEBUG: src/lcthw/hashmap.c:Hashmap_get_node:205: TRY: 3
DEBUG: src/lcthw/hashmap.c:Hashmap_get_node:205: TRY: 4
DEBUG: src/lcthw/hashmap.c:Hashmap_get_node:205: TRY: 5
DEBUG: src/lcthw/hashmap.c:Hashmap_get_node:205: TRY: 6
DEBUG: src/lcthw/hashmap.c:Hashmap_get_node:205: TRY: 7
DEBUG: src/lcthw/hashmap.c:Hashmap_get_node:205: TRY: 8
DEBUG: src/lcthw/hashmap.c:Hashmap_get_node:205: TRY: 9
DEBUG: src/lcthw/hashmap.c:Hashmap_get_node:205: TRY: 10
DEBUG: src/lcthw/hashmap.c:Hashmap_get_node:205: TRY: 11
DEBUG: src/lcthw/hashmap.c:Hashmap_get_node:205: TRY: 12
DEBUG: src/lcthw/hashmap.c:Hashmap_get_node:205: TRY: 13
DEBUG: src/lcthw/hashmap.c:Hashmap_get_node:205: TRY: 14
DEBUG: src/lcthw/hashmap.c:Hashmap_get_node:205: TRY: 15
DEBUG: src/lcthw/hashmap.c:Hashmap_get_node:205: TRY: 16
DEBUG: src/lcthw/hashmap.c:Hashmap_get_node:205: TRY: 17
DEBUG: src/lcthw/hashmap.c:Hashmap_get_node:205: TRY: 18
DEBUG: src/lcthw/hashmap.c:Hashmap_get_node:205: TRY: 19
DEBUG: src/lcthw/hashmap.c:Hashmap_get_node:205: TRY: 20
DEBUG: src/lcthw/hashmap.c:Hashmap_get_node:205: TRY: 21
DEBUG: src/lcthw/hashmap.c:Hashmap_get_node:205: TRY: 22
DEBUG: src/lcthw/hashmap.c:Hashmap_get_node:205: TRY: 23
DEBUG: src/lcthw/hashmap.c:Hashmap_get_node:205: TRY: 24
DEBUG: src/lcthw/hashmap.c:Hashmap_get_node:205: TRY: 25
DEBUG: src/lcthw/hashmap.c:Hashmap_get_node:205: TRY: 26
DEBUG: src/lcthw/hashmap.c:Hashmap_get_node:205: TRY: 27
DEBUG: src/lcthw/hashmap.c:Hashmap_get_node:205: TRY: 0
DEBUG: src/lcthw/hashmap.c:Hashmap_get_node:205: TRY: 1
DEBUG: src/lcthw/hashmap.c:Hashmap_get_node:205: TRY: 2
DEBUG: src/lcthw/hashmap.c:Hashmap_get_node:205: TRY: 3
DEBUG: src/lcthw/hashmap.c:Hashmap_get_node:205: TRY: 4
DEBUG: src/lcthw/hashmap.c:Hashmap_get_node:205: TRY: 5
DEBUG: src/lcthw/hashmap.c:Hashmap_get_node:205: TRY: 6
DEBUG: src/lcthw/hashmap.c:Hashmap_get_node:205: TRY: 7
DEBUG: src/lcthw/hashmap.c:Hashmap_get_node:205: TRY: 8
DEBUG: src/lcthw/hashmap.c:Hashmap_get_node:205: TRY: 9
DEBUG: src/lcthw/hashmap.c:Hashmap_get_node:205: TRY: 10
DEBUG: src/lcthw/hashmap.c:Hashmap_get_node:205: TRY: 11
DEBUG: src/lcthw/hashmap.c:Hashmap_get_node:205: TRY: 12
DEBUG: src/lcthw/hashmap.c:Hashmap_get_node:205: TRY: 13
DEBUG: src/lcthw/hashmap.c:Hashmap_get_node:205: TRY: 14
DEBUG: src/lcthw/hashmap.c:Hashmap_get_node:205: TRY: 0
DEBUG: src/lcthw/hashmap.c:Hashmap_get_node:205: TRY: 1
DEBUG: src/lcthw/hashmap.c:Hashmap_get_node:205: TRY: 2
DEBUG: src/lcthw/hashmap.c:Hashmap_get_node:205: TRY: 3
DEBUG: src/lcthw/hashmap.c:Hashmap_get_node:205: TRY: 4
DEBUG: src/lcthw/hashmap.c:Hashmap_get_node:205: TRY: 5
DEBUG: src/lcthw/hashmap.c:Hashmap_get_node:205: TRY: 6
DEBUG: src/lcthw/hashmap.c:Hashmap_get_node:205: TRY: 7
DEBUG: src/lcthw/hashmap.c:Hashmap_get_node:205: TRY: 8
DEBUG: src/lcthw/hashmap.c:Hashmap_get_node:205: TRY: 9
DEBUG: src/lcthw/hashmap.c:Hashmap_get_node:205: TRY: 10
DEBUG: src/lcthw/hashmap.c:Hashmap_get_node:205: TRY: 11
DEBUG: src/lcthw/hashmap.c:Hashmap_get_node:205: TRY: 12
DEBUG: src/lcthw/hashmap.c:Hashmap_get_node:205: TRY: 13
DEBUG: src/lcthw/hashmap.c:Hashmap_get_node:205: TRY: 14
DEBUG: src/lcthw/hashmap.c:Hashmap_get_node:205: TRY: 15
DEBUG: src/lcthw/hashmap.c:Hashmap_get_node:205: TRY: 16
DEBUG: src/lcthw/hashmap.c:Hashmap_get_node:205: TRY: 17
DEBUG: src/lcthw/hashmap.c:Hashmap_get_node:205: TRY: 18
DEBUG: src/lcthw/hashmap.c:Hashmap_get_node:205: TRY: 0
DEBUG: src/lcthw/hashmap.c:Hashmap_get_node:205: TRY: 1
DEBUG: src/lcthw/hashmap.c:Hashmap_get_node:205: TRY: 2
DEBUG: src/lcthw/hashmap.c:Hashmap_get_node:205: TRY: 3
DEBUG: src/lcthw/hashmap.c:Hashmap_get_node:205: TRY: 4
DEBUG: src/lcthw/hashmap.c:Hashmap_get_node:205: TRY: 5
DEBUG: src/lcthw/hashmap.c:Hashmap_get_node:205: TRY: 6
DEBUG: src/lcthw/hashmap.c:Hashmap_get_node:205: TRY: 7
DEBUG: src/lcthw/hashmap.c:Hashmap_get_node:205: TRY: 8
DEBUG: src/lcthw/hashmap.c:Hashmap_get_node:205: TRY: 9
DEBUG: src/lcthw/hashmap.c:Hashmap_get_node:205: TRY: 10
DEBUG: src/lcthw/hashmap.c:Hashmap_get_node:205: TRY: 11
DEBUG: src/lcthw/hashmap.c:Hashmap_get_node:205: TRY: 12
DEBUG: src/lcthw/hashmap.c:Hashmap_get_node:205: TRY: 13
DEBUG: src/lcthw/hashmap.c:Hashmap_get_node:205: TRY: 14
DEBUG: src/lcthw/hashmap.c:Hashmap_get_node:205: TRY: 15
DEBUG: src/lcthw/hashmap.c:Hashmap_get_node:205: TRY: 16
DEBUG: src/lcthw/hashmap.c:Hashmap_get_node:205: TRY: 17
DEBUG: src/lcthw/hashmap.c:Hashmap_get_node:205: TRY: 18
DEBUG: src/lcthw/hashmap.c:Hashmap_get_node:205: TRY: 19
DEBUG: src/lcthw/hashmap.c:Hashmap_get_node:205: TRY: 0
DEBUG: src/lcthw/hashmap.c:Hashmap_get_node:205: TRY: 1
DEBUG: src/lcthw/hashmap.c:Hashmap_get_node:205: TRY: 2
DEBUG: src/lcthw/hashmap.c:Hashmap_get_node:205: TRY: 3
DEBUG: src/lcthw/hashmap.c:Hashmap_get_node:205: TRY: 4
DEBUG: src/lcthw/hashmap.c:Hashmap_get_node:205: TRY: 5
DEBUG: src/lcthw/hashmap.c:Hashmap_get_node:205: TRY: 6
DEBUG: src/lcthw/hashmap.c:Hashmap_get_node:205: TRY: 7
DEBUG: src/lcthw/hashmap.c:Hashmap_get_node:205: TRY: 8
DEBUG: src/lcthw/hashmap.c:Hashmap_get_node:205: TRY: 9
DEBUG: src/lcthw/hashmap.c:Hashmap_get_node:205: TRY: 10
DEBUG: src/lcthw/hashmap.c:Hashmap_get_node:205: TRY: 11
DEBUG: src/lcthw/hashmap.c:Hashmap_get_node:205: TRY: 12
DEBUG: src/lcthw/hashmap.c:Hashmap_get_node:205: TRY: 13
DEBUG: src/lcthw/hashmap.c:Hashmap_get_node:205: TRY: 14
DEBUG: src/lcthw/hashmap.c:Hashmap_get_node:205: TRY: 15
DEBUG: src/lcthw/hashmap.c:Hashmap_get_node:205: TRY: 16
DEBUG: src/lcthw/hashmap.c:Hashmap_get_node:205: TRY: 0
DEBUG: src/lcthw/hashmap.c:Hashmap_get_node:205: TRY: 1
DEBUG: src/lcthw/hashmap.c:Hashmap_get_node:205: TRY: 2
DEBUG: src/lcthw/hashmap.c:Hashmap_get_node:205: TRY: 3
DEBUG: src/lcthw/hashmap.c:Hashmap_get_node:205: TRY: 4
DEBUG: src/lcthw/hashmap.c:Hashmap_get_node:205: TRY: 5
DEBUG: src/lcthw/hashmap.c:Hashmap_get_node:205: TRY: 6
DEBUG: src/lcthw/hashmap.c:Hashmap_get_node:205: TRY: 7
DEBUG: src/lcthw/hashmap.c:Hashmap_get_node:205: TRY: 8
DEBUG: src/lcthw/hashmap.c:Hashmap_get_node:205: TRY: 9
DEBUG: src/lcthw/hashmap.c:Hashmap_get_node:205: TRY: 10
DEBUG: src/lcthw/hashmap.c:Hashmap_get_node:205: TRY: 11
DEBUG: src/lcthw/hashmap.c:Hashmap_get_node:205: TRY: 12
DEBUG: src/lcthw/hashmap.c:Hashmap_get_node:205: TRY: 0
DEBUG: src/lcthw/hashmap.c:Hashmap_get_node:205: TRY: 1
DEBUG: src/lcthw/hashmap.c:Hashmap_get_node:205: TRY: 2
DEBUG: src/lcthw/hashmap.c:Hashmap_get_node:205: TRY: 3
DEBUG: src/lcthw/hashmap.c:Hashmap_get_node:205: TRY: 4
DEBUG: src/lcthw/hashmap.c:Hashmap_get_node:205: TRY: 5
DEBUG: src/lcthw/hashmap.c:Hashmap_get_node:205: TRY: 6
DEBUG: src/lcthw/hashmap.c:Hashmap_get_node:205: TRY: 7
DEBUG: src/lcthw/hashmap.c:Hashmap_get_node:205: TRY: 8
DEBUG: src/lcthw/hashmap.c:Hashmap_get_node:205: TRY: 9
DEBUG: src/lcthw/hashmap.c:Hashmap_get_node:205: TRY: 10
DEBUG: src/lcthw/hashmap.c:Hashmap_get_node:205: TRY: 11
DEBUG: src/lcthw/hashmap.c:Hashmap_get_node:205: TRY: 12
DEBUG: src/lcthw/hashmap.c:Hashmap_get_node:205: TRY: 13
DEBUG: src/lcthw/hashmap.c:Hashmap_get_node:205: TRY: 14
DEBUG: src/lcthw/hashmap.c:Hashmap_get_node:205: TRY: 15
DEBUG: src/lcthw/hashmap.c:Hashmap_get_node:205: TRY: 0
DEBUG: src/lcthw/hashmap.c:Hashmap_get_node:205: TRY: 1
DEBUG: src/lcthw/hashmap.c:Hashmap_get_node:205: TRY: 2
DEBUG: src/lcthw/hashmap.c:Hashmap_get_node:205: TRY: 3
DEBUG: src/lcthw/hashmap.c:Hashmap_get_node:205: TRY: 4
DEBUG: src/lcthw/hashmap.c:Hashmap_get_node:205: TRY: 5
DEBUG: src/lcthw/hashmap.c:Hashmap_get_node:205: TRY: 6
DEBUG: src/lcthw/hashmap.c:Hashmap_get_node:205: TRY: 7
DEBUG: src/lcthw/hashmap.c:Hashmap_get_node:205: TRY: 8
DEBUG: src/lcthw/hashmap.c:Hashmap_get_node:205: TRY: 9
DEBUG: src/lcthw/hashmap.c:Hashmap_get_node:205: TRY: 10
DEBUG: src/lcthw/hashmap.c:Hashmap_get_node:205: TRY: 11
DEBUG: src/lcthw/hashmap.c:Hashmap_get_node:205: TRY: 12
DEBUG: src/lcthw/hashmap.c:Hashmap_get_node:205: TRY: 13
DEBUG: src/lcthw/hashmap.c:Hashmap_get_node:205: TRY: 0
DEBUG: src/lcthw/hashmap.c:Hashmap_get_node:205: TRY: 1
DEBUG: src/lcthw/hashmap.c:Hashmap_get_node:205: TRY: 2
DEBUG: src/lcthw/hashmap.c:Hashmap_get_node:205: TRY: 3
DEBUG: src/lcthw/hashmap.c:Hashmap_get_node:205: TRY: 4
DEBUG: src/lcthw/hashmap.c:Hashmap_get_node:205: TRY: 5
DEBUG: src/lcthw/hashmap.c:Hashmap_get_node:205: TRY: 6
DEBUG: src/lcthw/hashmap.c:Hashmap_get_node:205: TRY: 7
DEBUG: src/lcthw/hashmap.c:Hashmap_get_node:205: TRY: 8
DEBUG: src/lcthw/hashmap.c:Hashmap_get_node:205: TRY: 9
DEBUG: src/lcthw/hashmap.c:Hashmap_get_node:205: TRY: 10
DEBUG: src/lcthw/hashmap.c:Hashmap_get_node:205: TRY: 11
DEBUG: src/lcthw/hashmap.c:Hashmap_get_node:205: TRY: 12
DEBUG: src/lcthw/hashmap.c:Hashmap_get_node:205: TRY: 13
DEBUG: src/lcthw/hashmap.c:Hashmap_get_node:205: TRY: 14
DEBUG: src/lcthw/hashmap.c:Hashmap_get_node:205: TRY: 15
DEBUG: src/lcthw/hashmap.c:Hashmap_get_node:205: TRY: 16
DEBUG: src/lcthw/hashmap.c:Hashmap_get_node:205: TRY: 17
DEBUG: src/lcthw/hashmap.c:Hashmap_get_node:205: TRY: 0
DEBUG: src/lcthw/hashmap.c:Hashmap_get_node:205: TRY: 1
DEBUG: src/lcthw/hashmap.c:Hashmap_get_node:205: TRY: 2
DEBUG: src/lcthw/hashmap.c:Hashmap_get_node:205: TRY: 3
DEBUG: src/lcthw/hashmap.c:Hashmap_get_node:205: TRY: 4
DEBUG: src/lcthw/hashmap.c:Hashmap_get_node:205: TRY: 5
DEBUG: src/lcthw/hashmap.c:Hashmap_get_node:205: TRY: 6
DEBUG: src/lcthw/hashmap.c:Hashmap_get_node:205: TRY: 7
DEBUG: src/lcthw/hashmap.c:Hashmap_get_node:205: TRY: 8
DEBUG: src/lcthw/hashmap.c:Hashmap_get_node:205: TRY: 9
DEBUG: src/lcthw/hashmap.c:Hashmap_get_node:205: TRY: 10
DEBUG: src/lcthw/hashmap.c:Hashmap_get_node:205: TRY: 11
DEBUG: src/lcthw/hashmap.c:Hashmap_get_node:205: TRY: 12
DEBUG: src/lcthw/hashmap.c:Hashmap_get_node:205: TRY: 13
DEBUG: src/lcthw/hashmap.c:Hashmap_get_node:205: TRY: 14
DEBUG: src/lcthw/hashmap.c:Hashmap_get_node:205: TRY: 15
DEBUG: src/lcthw/hashmap.c:Hashmap_get_node:205: TRY: 16
DEBUG: src/lcthw/hashmap.c:Hashmap_get_node:205: TRY: 17
DEBUG: src/lcthw/hashmap.c:Hashmap_get_node:205: TRY: 18
DEBUG: src/lcthw/hashmap.c:Hashmap_get_node:205: TRY: 19
DEBUG: src/lcthw/hashmap.c:Hashmap_get_node:205: TRY: 20
DEBUG: src/lcthw/hashmap.c:Hashmap_get_node:205: TRY: 0
DEBUG: src/lcthw/hashmap.c:Hashmap_get_node:205: TRY: 1
DEBUG: src/lcthw/hashmap.c:Hashmap_get_node:205: TRY: 2
DEBUG: src/lcthw/hashmap.c:Hashmap_get_node:205: TRY: 3
DEBUG: src/lcthw/hashmap.c:Hashmap_get_node:205: TRY: 4
DEBUG: src/lcthw/hashmap.c:Hashmap_get_node:205: TRY: 5
DEBUG: src/lcthw/hashmap.c:Hashmap_get_node:205: TRY: 6
DEBUG: src/lcthw/hashmap.c:Hashmap_get_node:205: TRY: 7
DEBUG: src/lcthw/hashmap.c:Hashmap_get_node:205: TRY: 8
DEBUG: src/lcthw/hashmap.c:Hashmap_get_node:205: TRY: 9
DEBUG: src/lcthw/hashmap.c:Hashmap_get_node:205: TRY: 10
DEBUG: src/lcthw/hashmap.c:Hashmap_get_node:205: TRY: 11
DEBUG: src/lcthw/hashmap.c:Hashmap_get_node:205: TRY: 12
DEBUG: src/lcthw/hashmap.c:Hashmap_get_node:205: TRY: 13
DEBUG: src/lcthw/hashmap.c:Hashmap_get_node:205: TRY: 14
DEBUG: src/lcthw/hashmap.c:Hashmap_get_node:205: TRY: 0
DEBUG: src/lcthw/hashmap.c:Hashmap_get_node:205: TRY: 1
DEBUG: src/lcthw/hashmap.c:Hashmap_get_node:205: TRY: 2
DEBUG: src/lcthw/hashmap.c:Hashmap_get_node:205: TRY: 3
DEBUG: src/lcthw/hashmap.c:Hashmap_get_node:205: TRY: 4
DEBUG: src/lcthw/hashmap.c:Hashmap_get_node:205: TRY: 5
DEBUG: src/lcthw/hashmap.c:Hashmap_get_node:205: TRY: 6
DEBUG: src/lcthw/hashmap.c:Hashmap_get_node:205: TRY: 7
DEBUG: src/lcthw/hashmap.c:Hashmap_get_node:205: TRY: 8
DEBUG: src/lcthw/hashmap.c:Hashmap_get_node:205: TRY: 9
DEBUG: src/lcthw/hashmap.c:Hashmap_get_node:205: TRY: 10
DEBUG: src/lcthw/hashmap.c:Hashmap_get_node:205: TRY: 11
DEBUG: src/lcthw/hashmap.c:Hashmap_get_node:205: TRY: 12
DEBUG: src/lcthw/hashmap.c:Hashmap_get_node:205: TRY: 13
DEBUG: src/lcthw/hashmap.c:Hashmap_get_node:205: TRY: 14
DEBUG: src/lcthw/hashmap.c:Hashmap_get_node:205: TRY: 15
DEBUG: src/lcthw/hashmap.c:Hashmap_get_node:205: TRY: 16
DEBUG: src/lcthw/hashmap.c:Hashmap_get_node:205: TRY: 17
DEBUG: src/lcthw/hashmap.c:Hashmap_get_node:205: TRY: 18
DEBUG: src/lcthw/hashmap.c:Hashmap_get_node:205: TRY: 0
DEBUG: src/lcthw/hashmap.c:Hashmap_get_node:205: TRY: 1
DEBUG: src/lcthw/hashmap.c:Hashmap_get_node:205: TRY: 2
DEBUG: src/lcthw/hashmap.c:Hashmap_get_node:205: TRY: 3
DEBUG: src/lcthw/hashmap.c:Hashmap_get_node:205: TRY: 4
DEBUG: src/lcthw/hashmap.c:Hashmap_get_node:205: TRY: 5
DEBUG: src/lcthw/hashmap.c:Hashmap_get_node:205: TRY: 6
DEBUG: src/lcthw/hashmap.c:Hashmap_get_node:205: TRY: 7
DEBUG: src/lcthw/hashmap.c:Hashmap_get_node:205: TRY: 8
DEBUG: src/lcthw/hashmap.c:Hashmap_get_node:205: TRY: 9
DEBUG: src/lcthw/hashmap.c:Hashmap_get_node:205: TRY: 10
DEBUG: src/lcthw/hashmap.c:Hashmap_get_node:205: TRY: 11
DEBUG: src/lcthw/hashmap.c:Hashmap_get_node:205: TRY: 12
DEBUG: src/lcthw/hashmap.c:Hashmap_get_node:205: TRY: 13
DEBUG: src/lcthw/hashmap.c:Hashmap_get_node:205: TRY: 14
DEBUG: src/lcthw/hashmap.c:Hashmap_get_node:205: TRY: 15
DEBUG: src/lcthw/hashmap.c:Hashmap_get_node:205: TRY: 16
DEBUG: src/lcthw/hashmap.c:Hashmap_get_node:205: TRY: 0
DEBUG: src/lcthw/hashmap.c:Hashmap_get_node:205: TRY: 1
DEBUG: src/lcthw/hashmap.c:Hashmap_get_node:205: TRY: 2
DEBUG: src/lcthw/hashmap.c:Hashmap_get_node:205: TRY: 3
DEBUG: src/lcthw/hashmap.c:Hashmap_get_node:205: TRY: 4
DEBUG: src/lcthw/hashmap.c:Hashmap_get_node:205: TRY: 5
DEBUG: src/lcthw/hashmap.c:Hashmap_get_node:205: TRY: 6
DEBUG: src/lcthw/hashmap.c:Hashmap_get_node:205: TRY: 7
DEBUG: src/lcthw/hashmap.c:Hashmap_get_node:205: TRY: 8
DEBUG: src/lcthw/hashmap.c:Hashmap_get_node:205: TRY: 9
DEBUG: src/lcthw/hashmap.c:Hashmap_get_node:205: TRY: 10
DEBUG: src/lcthw/hashmap.c:Hashmap_get_node:205: TRY: 11
DEBUG: src/lcthw/hashmap.c:Hashmap_get_node:205: TRY: 12
DEBUG: src/lcthw/hashmap.c:Hashmap_get_node:205: TRY: 13
DEBUG: src/lcthw/hashmap.c:Hashmap_get_node:205: TRY: 14
DEBUG: src/lcthw/hashmap.c:Hashmap_get_node:205: TRY: 15
DEBUG: src/lcthw/hashmap.c:Hashmap_get_node:205: TRY: 0
DEBUG: src/lcthw/hashmap.c:Hashmap_get_node:205: TRY: 1
DEBUG: src/lcthw/hashmap.c:Hashmap_get_node:205: TRY: 2
DEBUG: src/lcthw/hashmap.c:Hashmap_get_node:205: TRY: 3
DEBUG: src/lcthw/hashmap.c:Hashmap_get_node:205: TRY: 4
DEBUG: src/lcthw/hashmap.c:Hashmap_get_node:205: TRY: 5
DEBUG: src/lcthw/hashmap.c:Hashmap_get_node:205: TRY: 6
DEBUG: src/lcthw/hashmap.c:Hashmap_get_node:205: TRY: 7
DEBUG: src/lcthw/hashmap.c:Hashmap_get_node:205: TRY: 8
DEBUG: src/lcthw/hashmap.c:Hashmap_get_node:205: TRY: 9
DEBUG: src/lcthw/hashmap.c:Hashmap_get_node:205: TRY: 10
DEBUG: src/lcthw/hashmap.c:Hashmap_get_node:205: TRY: 11
DEBUG: src/lcthw/hashmap.c:Hashmap_get_node:205: TRY: 12
DEBUG: src/lcthw/hashmap.c:Hashmap_get_node:205: TRY: 13
DEBUG: src/lcthw/hashmap.c:Hashmap_get_node:205: TRY: 14
DEBUG: src/lcthw/hashmap.c:Hashmap_get_node:205: TRY: 15
DEBUG: src/lcthw/hashmap.c:Hashmap_get_node:205: TRY: 16
DEBUG: src/lcthw/hashmap.c:Hashmap_get_node:205: TRY: 0
DEBUG: src/lcthw/hashmap.c:Hashmap_get_node:205: TRY: 1
DEBUG: src/lcthw/hashmap.c:Hashmap_get_node:205: TRY: 2
DEBUG: src/lcthw/hashmap.c:Hashmap_get_node:205: TRY: 3
DEBUG: src/lcthw/hashmap.c:Hashmap_get_node:205: TRY: 4
DEBUG: src/lcthw/hashmap.c:Hashmap_get_node:205: TRY: 5
DEBUG: src/lcthw/hashmap.c:Hashmap_get_node:205: TRY: 6
DEBUG: src/lcthw/hashmap.c:Hashmap_get_node:205: TRY: 7
DEBUG: src/lcthw/hashmap.c:Hashmap_get_node:205: TRY: 8
DEBUG: src/lcthw/hashmap.c:Hashmap_get_node:205: TRY: 9
DEBUG: src/lcthw/hashmap.c:Hashmap_get_node:205: TRY: 10
DEBUG: src/lcthw/hashmap.c:Hashmap_get_node:205: TRY: 11
DEBUG: src/lcthw/hashmap.c:Hashmap_get_node:205: TRY: 12
DEBUG: src/lcthw/hashmap.c:Hashmap_get_node:205: TRY: 13
DEBUG: src/lcthw/hashmap.c:Hashmap_get_node:205: TRY: 14
DEBUG: src/lcthw/hashmap.c:Hashmap_get_node:205: TRY: 15
DEBUG: src/lcthw/hashmap.c:Hashmap_get_node:205: TRY: 16
DEBUG: src/lcthw/hashmap.c:Hashmap_get_node:205: TRY: 17
DEBUG: src/lcthw/hashmap.c:Hashmap_get_node:205: TRY: 0
DEBUG: src/lcthw/hashmap.c:Hashmap_get_node:205: TRY: 1
DEBUG: src/lcthw/hashmap.c:Hashmap_get_node:205: TRY: 2
DEBUG: src/lcthw/hashmap.c:Hashmap_get_node:205: TRY: 3
DEBUG: src/lcthw/hashmap.c:Hashmap_get_node:205: TRY: 4
DEBUG: src/lcthw/hashmap.c:Hashmap_get_node:205: TRY: 5
DEBUG: src/lcthw/hashmap.c:Hashmap_get_node:205: TRY: 6
DEBUG: src/lcthw/hashmap.c:Hashmap_get_node:205: TRY: 7
DEBUG: src/lcthw/hashmap.c:Hashmap_get_node:205: TRY: 8
DEBUG: src/lcthw/hashmap.c:Hashmap_get_node:205: TRY: 9
DEBUG: src/lcthw/hashmap.c:Hashmap_get_node:205: TRY: 10
DEBUG: src/lcthw/hashmap.c:Hashmap_get_node:205: TRY: 11
DEBUG: src/lcthw/hashmap.c:Hashmap_get_node:205: TRY: 12
DEBUG: src/lcthw/hashmap.c:Hashmap_get_node:205: TRY: 13
DEBUG: src/lcthw/hashmap.c:Hashmap_get_node:205: TRY: 14
DEBUG: src/lcthw/hashmap.c:Hashmap_get_node:205: TRY: 15
DEBUG: src/lcthw/hashmap.c:Hashmap_get_node:205: TRY: 16
DEBUG: src/lcthw/hashmap.c:Hashmap_get_node:205: TRY: 17
DEBUG: src/lcthw/hashmap.c:Hashmap_get_node:205: TRY: 0
DEBUG: src/lcthw/hashmap.c:Hashmap_get_node:205: TRY: 1
DEBUG: src/lcthw/hashmap.c:Hashmap_get_node:205: TRY: 2
DEBUG: src/lcthw/hashmap.c:Hashmap_get_node:205: TRY: 3
DEBUG: src/lcthw/hashmap.c:Hashmap_get_node:205: TRY: 4
DEBUG: src/lcthw/hashmap.c:Hashmap_get_node:205: TRY: 5
DEBUG: src/lcthw/hashmap.c:Hashmap_get_node:205: TRY: 6
DEBUG: src/lcthw/hashmap.c:Hashmap_get_node:205: TRY: 7
DEBUG: src/lcthw/hashmap.c:Hashmap_get_node:205: TRY: 8
DEBUG: src/lcthw/hashmap.c:Hashmap_get_node:205: TRY: 9
DEBUG: src/lcthw/hashmap.c:Hashmap_get_node:205: TRY: 10
DEBUG: src/lcthw/hashmap.c:Hashmap_get_node:205: TRY: 11
DEBUG: src/lcthw/hashmap.c:Hashmap_get_node:205: TRY: 12
DEBUG: src/lcthw/hashmap.c:Hashmap_get_node:205: TRY: 13
DEBUG: src/lcthw/hashmap.c:Hashmap_get_node:205: TRY: 14
DEBUG: src/lcthw/hashmap.c:Hashmap_get_node:205: TRY: 15
DEBUG: src/lcthw/hashmap.c:Hashmap_get_node:205: TRY: 16
DEBUG: src/lcthw/hashmap.c:Hashmap_get_node:205: TRY: 17
DEBUG: src/lcthw/hashmap.c:Hashmap_get_node:205: TRY: 18
DEBUG: src/lcthw/hashmap.c:Hashmap_get_node:205: TRY: 0
DEBUG: src/lcthw/hashmap.c:Hashmap_get_node:205: TRY: 1
DEBUG: src/lcthw/hashmap.c:Hashmap_get_node:205: TRY: 2
DEBUG: src/lcthw/hashmap.c:Hashmap_get_node:205: TRY: 3
DEBUG: src/lcthw/hashmap.c:Hashmap_get_node:205: TRY: 4
DEBUG: src/lcthw/hashmap.c:Hashmap_get_node:205: TRY: 5
DEBUG: src/lcthw/hashmap.c:Hashmap_get_node:205: TRY: 6
DEBUG: src/lcthw/hashmap.c:Hashmap_get_node:205: TRY: 7
DEBUG: src/lcthw/hashmap.c:Hashmap_get_node:205: TRY: 8
DEBUG: src/lcthw/hashmap.c:Hashmap_get_node:205: TRY: 9
DEBUG: src/lcthw/hashmap.c:Hashmap_get_node:205: TRY: 10
DEBUG: src/lcthw/hashmap.c:Hashmap_get_node:205: TRY: 11
DEBUG: src/lcthw/hashmap.c:Hashmap_get_node:205: TRY: 0
DEBUG: src/lcthw/hashmap.c:Hashmap_get_node:205: TRY: 1
DEBUG: src/lcthw/hashmap.c:Hashmap_get_node:205: TRY: 2
DEBUG: src/lcthw/hashmap.c:Hashmap_get_node:205: TRY: 3
DEBUG: src/lcthw/hashmap.c:Hashmap_get_node:205: TRY: 4
DEBUG: src/lcthw/hashmap.c:Hashmap_get_node:205: TRY: 5
DEBUG: src/lcthw/hashmap.c:Hashmap_get_node:205: TRY: 6
DEBUG: src/lcthw/hashmap.c:Hashmap_get_node:205: TRY: 7
DEBUG: src/lcthw/hashmap.c:Hashmap_get_node:205: TRY: 8
DEBUG: src/lcthw/hashmap.c:Hashmap_get_node:205: TRY: 9
DEBUG: src/lcthw/hashmap.c:Hashmap_get_node:205: TRY: 10
DEBUG: src/lcthw/hashmap.c:Hashmap_get_node:205: TRY: 11
DEBUG: src/lcthw/hashmap.c:Hashmap_get_node:205: TRY: 12
DEBUG: src/lcthw/hashmap.c:Hashmap_get_node:205: TRY: 13
DEBUG: src/lcthw/hashmap.c:Hashmap_get_node:205: TRY: 14
DEBUG: src/lcthw/hashmap.c:Hashmap_get_node:205: TRY: 15
DEBUG: src/lcthw/hashmap.c:Hashmap_get_node:205: TRY: 16
DEBUG: src/lcthw/hashmap.c:Hashmap_get_node:205: TRY: 17
DEBUG: src/lcthw/hashmap.c:Hashmap_get_node:205: TRY: 18
DEBUG: src/lcthw/hashmap.c:Hashmap_get_node:205: TRY: 19
DEBUG: src/lcthw/hashmap.c:Hashmap_get_node:205: TRY: 0
DEBUG: src/lcthw/hashmap.c:Hashmap_get_node:205: TRY: 1
DEBUG: src/lcthw/hashmap.c:Hashmap_get_node:205: TRY: 2
DEBUG: src/lcthw/hashmap.c:Hashmap_get_node:205: TRY: 3
DEBUG: src/lcthw/hashmap.c:Hashmap_get_node:205: TRY: 4
DEBUG: src/lcthw/hashmap.c:Hashmap_get_node:205: TRY: 5
DEBUG: src/lcthw/hashmap.c:Hashmap_get_node:205: TRY: 6
DEBUG: src/lcthw/hashmap.c:Hashmap_get_node:205: TRY: 7
DEBUG: src/lcthw/hashmap.c:Hashmap_get_node:205: TRY: 8
DEBUG: src/lcthw/hashmap.c:Hashmap_get_node:205: TRY: 9
DEBUG: src/lcthw/hashmap.c:Hashmap_get_node:205: TRY: 10
DEBUG: src/lcthw/hashmap.c:Hashmap_get_node:205: TRY: 11
DEBUG: src/lcthw/hashmap.c:Hashmap_get_node:205: TRY: 12
DEBUG: src/lcthw/hashmap.c:Hashmap_get_node:205: TRY: 13
DEBUG: src/lcthw/hashmap.c:Hashmap_get_node:205: TRY: 14
DEBUG: src/lcthw/hashmap.c:Hashmap_get_node:205: TRY: 15
DEBUG: src/lcthw/hashmap.c:Hashmap_get_node:205: TRY: 16
DEBUG: src/lcthw/hashmap.c:Hashmap_get_node:205: TRY: 17
DEBUG: src/lcthw/hashmap.c:Hashmap_get_node:205: TRY: 18
DEBUG: src/lcthw/hashmap.c:Hashmap_get_node:205: TRY: 0
DEBUG: src/lcthw/hashmap.c:Hashmap_get_node:205: TRY: 1
DEBUG: src/lcthw/hashmap.c:Hashmap_get_node:205: TRY: 2
DEBUG: src/lcthw/hashmap.c:Hashmap_get_node:205: TRY: 3
DEBUG: src/lcthw/hashmap.c:Hashmap_get_node:205: TRY: 4
DEBUG: src/lcthw/hashmap.c:Hashmap_get_node:205: TRY: 5
DEBUG: src/lcthw/hashmap.c:Hashmap_get_node:205: TRY: 6
DEBUG: src/lcthw/hashmap.c:Hashmap_get_node:205: TRY: 7
DEBUG: src/lcthw/hashmap.c:Hashmap_get_node:205: TRY: 8
DEBUG: src/lcthw/hashmap.c:Hashmap_get_node:205: TRY: 9
DEBUG: src/lcthw/hashmap.c:Hashmap_get_node:205: TRY: 10
DEBUG: src/lcthw/hashmap.c:Hashmap_get_node:205: TRY: 11
DEBUG: src/lcthw/hashmap.c:Hashmap_get_node:205: TRY: 12
DEBUG: src/lcthw/hashmap.c:Hashmap_get_node:205: TRY: 13
DEBUG: src/lcthw/hashmap.c:Hashmap_get_node:205: TRY: 14
DEBUG: src/lcthw/hashmap.c:Hashmap_get_node:205: TRY: 15
DEBUG: src/lcthw/hashmap.c:Hashmap_get_node:205: TRY: 16
DEBUG: src/lcthw/hashmap.c:Hashmap_get_node:205: TRY: 17
DEBUG: src/lcthw/hashmap.c:Hashmap_get_node:205: TRY: 18
DEBUG: src/lcthw/hashmap.c:Hashmap_get_node:205: TRY: 19
DEBUG: src/lcthw/hashmap.c:Hashmap_get_node:205: TRY: 20
DEBUG: src/lcthw/hashmap.c:Hashmap_get_node:205: TRY: 21
DEBUG: src/lcthw/hashmap.c:Hashmap_get_node:205: TRY: 0
DEBUG: src/lcthw/hashmap.c:Hashmap_get_node:205: TRY: 1
DEBUG: src/lcthw/hashmap.c:Hashmap_get_node:205: TRY: 2
DEBUG: src/lcthw/hashmap.c:Hashmap_get_node:205: TRY: 3
DEBUG: src/lcthw/hashmap.c:Hashmap_get_node:205: TRY: 4
DEBUG: src/lcthw/hashmap.c:Hashmap_get_node:205: TRY: 5
DEBUG: src/lcthw/hashmap.c:Hashmap_get_node:205: TRY: 6
DEBUG: src/lcthw/hashmap.c:Hashmap_get_node:205: TRY: 7
DEBUG: src/lcthw/hashmap.c:Hashmap_get_node:205: TRY: 8
DEBUG: src/lcthw/hashmap.c:Hashmap_get_node:205: TRY: 9
DEBUG: src/lcthw/hashmap.c:Hashmap_get_node:205: TRY: 10
DEBUG: src/lcthw/hashmap.c:Hashmap_get_node:205: TRY: 11
DEBUG: src/lcthw/hashmap.c:Hashmap_get_node:205: TRY: 12
DEBUG: src/lcthw/hashmap.c:Hashmap_get_node:205: TRY: 13
DEBUG: src/lcthw/hashmap.c:Hashmap_get_node:205: TRY: 14
DEBUG: src/lcthw/hashmap.c:Hashmap_get_node:205: TRY: 15
DEBUG: src/lcthw/hashmap.c:Hashmap_get_node:205: TRY: 16
DEBUG: src/lcthw/hashmap.c:Hashmap_get_node:205: TRY: 17
DEBUG: src/lcthw/hashmap.c:Hashmap_get_node:205: TRY: 18
DEBUG: src/lcthw/hashmap.c:Hashmap_get_node:205: TRY: 19
DEBUG: src/lcthw/hashmap.c:Hashmap_get_node:205: TRY: 20
DEBUG: src/lcthw/hashmap.c:Hashmap_get_node:205: TRY: 21
DEBUG: src/lcthw/hashmap.c:Hashmap_get_node:205: TRY: 22
DEBUG: src/lcthw/hashmap.c:Hashmap_get_node:205: TRY: 23
DEBUG: src/lcthw/hashmap.c:Hashmap_get_node:205: TRY: 24
DEBUG: src/lcthw/hashmap.c:Hashmap_get_node:205: TRY: 25
DEBUG: src/lcthw/hashmap.c:Hashmap_get_node:205: TRY: 26
DEBUG: src/lcthw/hashmap.c:Hashmap_get_node:205: TRY: 27
DEBUG: src/lcthw/hashmap.c:Hashmap_get_node:205: TRY: 28
DEBUG: src/lcthw/hashmap.c:Hashmap_get_node:205: TRY: 0
DEBUG: src/lcthw/hashmap.c:Hashmap_get_node:205: TRY: 1
DEBUG: src/lcthw/hashmap.c:Hashmap_get_node:205: TRY: 2
DEBUG: src/lcthw/hashmap.c:Hashmap_get_node:205: TRY: 3
DEBUG: src/lcthw/hashmap.c:Hashmap_get_node:205: TRY: 4
DEBUG: src/lcthw/hashmap.c:Hashmap_get_node:205: TRY: 5
DEBUG: src/lcthw/hashmap.c:Hashmap_get_node:205: TRY: 6
DEBUG: src/lcthw/hashmap.c:Hashmap_get_node:205: TRY: 7
DEBUG: src/lcthw/hashmap.c:Hashmap_get_node:205: TRY: 8
DEBUG: src/lcthw/hashmap.c:Hashmap_get_node:205: TRY: 9
DEBUG: src/lcthw/hashmap.c:Hashmap_get_node:205: TRY: 10
DEBUG: src/lcthw/hashmap.c:Hashmap_get_node:205: TRY: 11
DEBUG: src/lcthw/hashmap.c:Hashmap_get_node:205: TRY: 12
DEBUG: src/lcthw/hashmap.c:Hashmap_get_node:205: TRY: 13
DEBUG: src/lcthw/hashmap.c:Hashmap_get_node:205: TRY: 14
DEBUG: src/lcthw/hashmap.c:Hashmap_get_node:205: TRY: 15
DEBUG: src/lcthw/hashmap.c:Hashmap_get_node:205: TRY: 16
DEBUG: src/lcthw/hashmap.c:Hashmap_get_node:205: TRY: 17
DEBUG: src/lcthw/hashmap.c:Hashmap_get_node:205: TRY: 18
DEBUG: src/lcthw/hashmap.c:Hashmap_get_node:205: TRY: 0
DEBUG: src/lcthw/hashmap.c:Hashmap_get_node:205: TRY: 1
DEBUG: src/lcthw/hashmap.c:Hashmap_get_node:205: TRY: 2
DEBUG: src/lcthw/hashmap.c:Hashmap_get_node:205: TRY: 3
DEBUG: src/lcthw/hashmap.c:Hashmap_get_node:205: TRY: 4
DEBUG: src/lcthw/hashmap.c:Hashmap_get_node:205: TRY: 5
DEBUG: src/lcthw/hashmap.c:Hashmap_get_node:205: TRY: 6
DEBUG: src/lcthw/hashmap.c:Hashmap_get_node:205: TRY: 7
DEBUG: src/lcthw/hashmap.c:Hashmap_get_node:205: TRY: 8
DEBUG: src/lcthw/hashmap.c:Hashmap_get_node:205: TRY: 9
DEBUG: src/lcthw/hashmap.c:Hashmap_get_node:205: TRY: 10
DEBUG: src/lcthw/hashmap.c:Hashmap_get_node:205: TRY: 11
DEBUG: src/lcthw/hashmap.c:Hashmap_get_node:205: TRY: 12
DEBUG: src/lcthw/hashmap.c:Hashmap_get_node:205: TRY: 13
DEBUG: src/lcthw/hashmap.c:Hashmap_get_node:205: TRY: 14
DEBUG: src/lcthw/hashmap.c:Hashmap_get_node:205: TRY: 15
DEBUG: src/lcthw/hashmap.c:Hashmap_get_node:205: TRY: 16
DEBUG: src/lcthw/hashmap.c:Hashmap_get_node:205: TRY: 17
DEBUG: src/lcthw/hashmap.c:Hashmap_get_node:205: TRY: 18
DEBUG: src/lcthw/hashmap.c:Hashmap_get_node:205: TRY: 19
DEBUG: src/lcthw/hashmap.c:Hashmap_get_node:205: TRY: 20
DEBUG: src/lcthw/hashmap.c:Hashmap_get_node:205: TRY: 21
DEBUG: src/lcthw/hashmap.c:Hashmap_get_node:205: TRY: 22
DEBUG: src/lcthw/hashmap.c:Hashmap_get_node:205: TRY: 23
DEBUG: src/lcthw/hashmap.c:Hashmap_get_node:205: TRY: 24
DEBUG: src/lcthw/hashmap.c:Hashmap_get_node:205: TRY: 25
DEBUG: src/lcthw/hashmap.c:Hashmap_get_node:205: TRY: 26
DEBUG: src/lcthw/hashmap.c:Hashmap_get_node:205: TRY: 27
DEBUG: src/lcthw/hashmap.c:Hashmap_get_node:205: TRY: 28
DEBUG: src/lcthw/hashmap.c:Hashmap_get_node:205: TRY: 29
DEBUG: src/lcthw/hashmap.c:Hashmap_get_node:205: TRY: 0
DEBUG: src/lcthw/hashmap.c:Hashmap_get_node:205: TRY: 1
DEBUG: src/lcthw/hashmap.c:Hashmap_get_node:205: TRY: 2
DEBUG: src/lcthw/hashmap.c:Hashmap_get_node:205: TRY: 3
DEBUG: src/lcthw/hashmap.c:Hashmap_get_node:205: TRY: 4
DEBUG: src/lcthw/hashmap.c:Hashmap_get_node:205: TRY: 5
DEBUG: src/lcthw/hashmap.c:Hashmap_get_node:205: TRY: 6
DEBUG: src/lcthw/hashmap.c:Hashmap_get_node:205: TRY: 7
DEBUG: src/lcthw/hashmap.c:Hashmap_get_node:205: TRY: 8
DEBUG: src/lcthw/hashmap.c:Hashmap_get_node:205: TRY: 9
DEBUG: src/lcthw/hashmap.c:Hashmap_get_node:205: TRY: 10
DEBUG: src/lcthw/hashmap.c:Hashmap_get_node:205: TRY: 11
DEBUG: src/lcthw/hashmap.c:Hashmap_get_node:205: TRY: 12
DEBUG: src/lcthw/hashmap.c:Hashmap_get_node:205: TRY: 13
DEBUG: src/lcthw/hashmap.c:Hashmap_get_node:205: TRY: 14
DEBUG: src/lcthw/hashmap.c:Hashmap_get_node:205: TRY: 15
DEBUG: src/lcthw/hashmap.c:Hashmap_get_node:205: TRY: 16
DEBUG: src/lcthw/hashmap.c:Hashmap_get_node:205: TRY: 17
DEBUG: src/lcthw/hashmap.c:Hashmap_get_node:205: TRY: 0
DEBUG: src/lcthw/hashmap.c:Hashmap_get_node:205: TRY: 1
DEBUG: src/lcthw/hashmap.c:Hashmap_get_node:205: TRY: 2
DEBUG: src/lcthw/hashmap.c:Hashmap_get_node:205: TRY: 3
DEBUG: src/lcthw/hashmap.c:Hashmap_get_node:205: TRY: 4
DEBUG: src/lcthw/hashmap.c:Hashmap_get_node:205: TRY: 5
DEBUG: src/lcthw/hashmap.c:Hashmap_get_node:205: TRY: 6
DEBUG: src/lcthw/hashmap.c:Hashmap_get_node:205: TRY: 7
DEBUG: src/lcthw/hashmap.c:Hashmap_get_node:205: TRY: 8
DEBUG: src/lcthw/hashmap.c:Hashmap_get_node:205: TRY: 9
DEBUG: src/lcthw/hashmap.c:Hashmap_get_node:205: TRY: 10
DEBUG: src/lcthw/hashmap.c:Hashmap_get_node:205: TRY: 11
DEBUG: src/lcthw/hashmap.c:Hashmap_get_node:205: TRY: 12
DEBUG: src/lcthw/hashmap.c:Hashmap_get_node:205: TRY: 13
DEBUG: src/lcthw/hashmap.c:Hashmap_get_node:205: TRY: 14
DEBUG: src/lcthw/hashmap.c:Hashmap_get_node:205: TRY: 15
DEBUG: src/lcthw/hashmap.c:Hashmap_get_node:205: TRY: 16
DEBUG: src/lcthw/hashmap.c:Hashmap_get_node:205: TRY: 17
DEBUG: src/lcthw/hashmap.c:Hashmap_get_node:205: TRY: 18
DEBUG: src/lcthw/hashmap.c:Hashmap_get_node:205: TRY: 19
DEBUG: src/lcthw/hashmap.c:Hashmap_get_node:205: TRY: 0
DEBUG: src/lcthw/hashmap.c:Hashmap_get_node:205: TRY: 1
DEBUG: src/lcthw/hashmap.c:Hashmap_get_node:205: TRY: 2
DEBUG: src/lcthw/hashmap.c:Hashmap_get_node:205: TRY: 3
DEBUG: src/lcthw/hashmap.c:Hashmap_get_node:205: TRY: 4
DEBUG: src/lcthw/hashmap.c:Hashmap_get_node:205: TRY: 5
DEBUG: src/lcthw/hashmap.c:Hashmap_get_node:205: TRY: 6
DEBUG: src/lcthw/hashmap.c:Hashmap_get_node:205: TRY: 7
DEBUG: src/lcthw/hashmap.c:Hashmap_get_node:205: TRY: 8
DEBUG: src/lcthw/hashmap.c:Hashmap_get_node:205: TRY: 9
DEBUG: src/lcthw/hashmap.c:Hashmap_get_node:205: TRY: 10
DEBUG: src/lcthw/hashmap.c:Hashmap_get_node:205: TRY: 11
DEBUG: src/lcthw/hashmap.c:Hashmap_get_node:205: TRY: 12
DEBUG: src/lcthw/hashmap.c:Hashmap_get_node:205: TRY: 13
DEBUG: src/lcthw/hashmap.c:Hashmap_get_node:205: TRY: 14
DEBUG: src/lcthw/hashmap.c:Hashmap_get_node:205: TRY: 15
DEBUG: src/lcthw/hashmap.c:Hashmap_get_node:205: TRY: 16
DEBUG: src/lcthw/hashmap.c:Hashmap_get_node:205: TRY: 17
DEBUG: src/lcthw/hashmap.c:Hashmap_get_node:205: TRY: 18
DEBUG: src/lcthw/hashmap.c:Hashmap_get_node:205: TRY: 19
DEBUG: src/lcthw/hashmap.c:Hashmap_get_node:205: TRY: 20
DEBUG: src/lcthw/hashmap.c:Hashmap_get_node:205: TRY: 0
DEBUG: src/lcthw/hashmap.c:Hashmap_get_node:205: TRY: 1
DEBUG: src/lcthw/hashmap.c:Hashmap_get_node:205: TRY: 2
DEBUG: src/lcthw/hashmap.c:Hashmap_get_node:205: TRY: 3
DEBUG: src/lcthw/hashmap.c:Hashmap_get_node:205: TRY: 4
DEBUG: src/lcthw/hashmap.c:Hashmap_get_node:205: TRY: 5
DEBUG: src/lcthw/hashmap.c:Hashmap_get_node:205: TRY: 6
DEBUG: src/lcthw/hashmap.c:Hashmap_get_node:205: TRY: 7
DEBUG: src/lcthw/hashmap.c:Hashmap_get_node:205: TRY: 8
DEBUG: src/lcthw/hashmap.c:Hashmap_get_node:205: TRY: 9
DEBUG: src/lcthw/hashmap.c:Hashmap_get_node:205: TRY: 10
DEBUG: src/lcthw/hashmap.c:Hashmap_get_node:205: TRY: 11
DEBUG: src/lcthw/hashmap.c:Hashmap_get_node:205: TRY: 12
DEBUG: src/lcthw/hashmap.c:Hashmap_get_node:205: TRY: 13
DEBUG: src/lcthw/hashmap.c:Hashmap_get_node:205: TRY: 14
DEBUG: src/lcthw/hashmap.c:Hashmap_get_node:205: TRY: 15
DEBUG: src/lcthw/hashmap.c:Hashmap_get_node:205: TRY: 16
DEBUG: src/lcthw/hashmap.c:Hashmap_get_node:205: TRY: 17
DEBUG: src/lcthw/hashmap.c:Hashmap_get_node:205: TRY: 18
DEBUG: src/lcthw/hashmap.c:Hashmap_get_node:205: TRY: 19
DEBUG: src/lcthw/hashmap.c:Hashmap_get_node:205: TRY: 20
DEBUG: src/lcthw/hashmap.c:Hashmap_get_node:205: TRY: 21
DEBUG: src/lcthw/hashmap.c:Hashmap_get_node:205: TRY: 22
DEBUG: src/lcthw/hashmap.c:Hashmap_get_node:205: TRY: 23
DEBUG: src/lcthw/hashmap.c:Hashmap_get_node:205: TRY: 24
DEBUG: src/lcthw/hashmap.c:Hashmap_get_node:205: TRY: 25
DEBUG: src/lcthw/hashmap.c:Hashmap_get_node:205: TRY: 26
DEBUG: src/lcthw/hashmap.c:Hashmap_get_node:205: TRY: 27
DEBUG: src/lcthw/hashmap.c:Hashmap_get_node:205: TRY: 28
DEBUG: src/lcthw/hashmap.c:Hashmap_get_node:205: TRY: 29
DEBUG: src/lcthw/hashmap.c:Hashmap_get_node:205: TRY: 30
DEBUG: src/lcthw/hashmap.c:Hashmap_get_node:205: TRY: 0
DEBUG: src/lcthw/hashmap.c:Hashmap_get_node:205: TRY: 1
DEBUG: src/lcthw/hashmap.c:Hashmap_get_node:205: TRY: 2
DEBUG: src/lcthw/hashmap.c:Hashmap_get_node:205: TRY: 3
DEBUG: src/lcthw/hashmap.c:Hashmap_get_node:205: TRY: 4
DEBUG: src/lcthw/hashmap.c:Hashmap_get_node:205: TRY: 5
DEBUG: src/lcthw/hashmap.c:Hashmap_get_node:205: TRY: 6
DEBUG: src/lcthw/hashmap.c:Hashmap_get_node:205: TRY: 7
DEBUG: src/lcthw/hashmap.c:Hashmap_get_node:205: TRY: 8
DEBUG: src/lcthw/hashmap.c:Hashmap_get_node:205: TRY: 9
DEBUG: src/lcthw/hashmap.c:Hashmap_get_node:205: TRY: 10
DEBUG: src/lcthw/hashmap.c:Hashmap_get_node:205: TRY: 11
DEBUG: src/lcthw/hashmap.c:Hashmap_get_node:205: TRY: 12
DEBUG: src/lcthw/hashmap.c:Hashmap_get_node:205: TRY: 13
DEBUG: src/lcthw/hashmap.c:Hashmap_get_node:205: TRY: 14
DEBUG: src/lcthw/hashmap.c:Hashmap_get_node:205: TRY: 15
DEBUG: src/lcthw/hashmap.c:Hashmap_get_node:205: TRY: 16
DEBUG: src/lcthw/hashmap.c:Hashmap_get_node:205: TRY: 17
DEBUG: src/lcthw/hashmap.c:Hashmap_get_node:205: TRY: 18
DEBUG: src/lcthw/hashmap.c:Hashmap_get_node:205: TRY: 19
DEBUG: src/lcthw/hashmap.c:Hashmap_get_node:205: TRY: 20
DEBUG: src/lcthw/hashmap.c:Hashmap_get_node:205: TRY: 21
DEBUG: src/lcthw/hashmap.c:Hashmap_get_node:205: TRY: 0
DEBUG: src/lcthw/hashmap.c:Hashmap_get_node:205: TRY: 1
DEBUG: src/lcthw/hashmap.c:Hashmap_get_node:205: TRY: 2
DEBUG: src/lcthw/hashmap.c:Hashmap_get_node:205: TRY: 3
DEBUG: src/lcthw/hashmap.c:Hashmap_get_node:205: TRY: 4
DEBUG: src/lcthw/hashmap.c:Hashmap_get_node:205: TRY: 5
DEBUG: src/lcthw/hashmap.c:Hashmap_get_node:205: TRY: 6
DEBUG: src/lcthw/hashmap.c:Hashmap_get_node:205: TRY: 7
DEBUG: src/lcthw/hashmap.c:Hashmap_get_node:205: TRY: 8
DEBUG: src/lcthw/hashmap.c:Hashmap_get_node:205: TRY: 9
DEBUG: src/lcthw/hashmap.c:Hashmap_get_node:205: TRY: 10
DEBUG: src/lcthw/hashmap.c:Hashmap_get_node:205: TRY: 11
DEBUG: src/lcthw/hashmap.c:Hashmap_get_node:205: TRY: 12
DEBUG: src/lcthw/hashmap.c:Hashmap_get_node:205: TRY: 13
DEBUG: src/lcthw/hashmap.c:Hashmap_get_node:205: TRY: 14
DEBUG: src/lcthw/hashmap.c:Hashmap_get_node:205: TRY: 15
DEBUG: src/lcthw/hashmap.c:Hashmap_get_node:205: TRY: 16
DEBUG: src/lcthw/hashmap.c:Hashmap_get_node:205: TRY: 17
DEBUG: src/lcthw/hashmap.c:Hashmap_get_node:205: TRY: 18
DEBUG: src/lcthw/hashmap.c:Hashmap_get_node:205: TRY: 19
DEBUG: src/lcthw/hashmap.c:Hashmap_get_node:205: TRY: 0
DEBUG: src/lcthw/hashmap.c:Hashmap_get_node:205: TRY: 1
DEBUG: src/lcthw/hashmap.c:Hashmap_get_node:205: TRY: 2
DEBUG: src/lcthw/hashmap.c:Hashmap_get_node:205: TRY: 3
DEBUG: src/lcthw/hashmap.c:Hashmap_get_node:205: TRY: 4
DEBUG: src/lcthw/hashmap.c:Hashmap_get_node:205: TRY: 5
DEBUG: src/lcthw/hashmap.c:Hashmap_get_node:205: TRY: 6
DEBUG: src/lcthw/hashmap.c:Hashmap_get_node:205: TRY: 7
DEBUG: src/lcthw/hashmap.c:Hashmap_get_node:205: TRY: 8
DEBUG: src/lcthw/hashmap.c:Hashmap_get_node:205: TRY: 9
DEBUG: src/lcthw/hashmap.c:Hashmap_get_node:205: TRY: 10
DEBUG: src/lcthw/hashmap.c:Hashmap_get_node:205: TRY: 11
DEBUG: src/lcthw/hashmap.c:Hashmap_get_node:205: TRY: 12
DEBUG: src/lcthw/hashmap.c:Hashmap_get_node:205: TRY: 13
DEBUG: src/lcthw/hashmap.c:Hashmap_get_node:205: TRY: 14
DEBUG: src/lcthw/hashmap.c:Hashmap_get_node:205: TRY: 15
DEBUG: src/lcthw/hashmap.c:Hashmap_get_node:205: TRY: 16
DEBUG: src/lcthw/hashmap.c:Hashmap_get_node:205: TRY: 17
DEBUG: src/lcthw/hashmap.c:Hashmap_get_node:205: TRY: 18
DEBUG: src/lcthw/hashmap.c:Hashmap_get_node:205: TRY: 0
DEBUG: src/lcthw/hashmap.c:Hashmap_get_node:205: TRY: 1
DEBUG: src/lcthw/hashmap.c:Hashmap_get_node:205: TRY: 2
DEBUG: src/lcthw/hashmap.c:Hashmap_get_node:205: TRY: 3
DEBUG: src/lcthw/hashmap.c:Hashmap_get_node:205: TRY: 4
DEBUG: src/lcthw/hashmap.c:Hashmap_get_node:205: TRY: 5
DEBUG: src/lcthw/hashmap.c:Hashmap_get_node:205: TRY: 6
DEBUG: src/lcthw/hashmap.c:Hashmap_get_node:205: TRY: 7
DEBUG: src/lcthw/hashmap.c:Hashmap_get_node:205: TRY: 8
DEBUG: src/lcthw/hashmap.c:Hashmap_get_node:205: TRY: 9
DEBUG: src/lcthw/hashmap.c:Hashmap_get_node:205: TRY: 10
DEBUG: src/lcthw/hashmap.c:Hashmap_get_node:205: TRY: 11
DEBUG: src/lcthw/hashmap.c:Hashmap_get_node:205: TRY: 12
DEBUG: src/lcthw/hashmap.c:Hashmap_get_node:205: TRY: 13
DEBUG: src/lcthw/hashmap.c:Hashmap_get_node:205: TRY: 14
DEBUG: src/lcthw/hashmap.c:Hashmap_get_node:205: TRY: 15
DEBUG: src/lcthw/hashmap.c:Hashmap_get_node:205: TRY: 16
DEBUG: src/lcthw/hashmap.c:Hashmap_get_node:205: TRY: 17
DEBUG: src/lcthw/hashmap.c:Hashmap_get_node:205: TRY: 18
DEBUG: src/lcthw/hashmap.c:Hashmap_get_node:205: TRY: 19
DEBUG: src/lcthw/hashmap.c:Hashmap_get_node:205: TRY: 20
DEBUG: src/lcthw/hashmap.c:Hashmap_get_node:205: TRY: 21
DEBUG: src/lcthw/hashmap.c:Hashmap_get_node:205: TRY: 22
DEBUG: src/lcthw/hashmap.c:Hashmap_get_node:205: TRY: 0
DEBUG: src/lcthw/hashmap.c:Hashmap_get_node:205: TRY: 1
DEBUG: src/lcthw/hashmap.c:Hashmap_get_node:205: TRY: 2
DEBUG: src/lcthw/hashmap.c:Hashmap_get_node:205: TRY: 3
DEBUG: src/lcthw/hashmap.c:Hashmap_get_node:205: TRY: 4
DEBUG: src/lcthw/hashmap.c:Hashmap_get_node:205: TRY: 5
DEBUG: src/lcthw/hashmap.c:Hashmap_get_node:205: TRY: 6
DEBUG: src/lcthw/hashmap.c:Hashmap_get_node:205: TRY: 7
DEBUG: src/lcthw/hashmap.c:Hashmap_get_node:205: TRY: 8
DEBUG: src/lcthw/hashmap.c:Hashmap_get_node:205: TRY: 9
DEBUG: src/lcthw/hashmap.c:Hashmap_get_node:205: TRY: 10
DEBUG: src/lcthw/hashmap.c:Hashmap_get_node:205: TRY: 11
DEBUG: src/lcthw/hashmap.c:Hashmap_get_node:205: TRY: 12
DEBUG: src/lcthw/hashmap.c:Hashmap_get_node:205: TRY: 13
DEBUG: src/lcthw/hashmap.c:Hashmap_get_node:205: TRY: 14
DEBUG: src/lcthw/hashmap.c:Hashmap_get_node:205: TRY: 15
DEBUG: src/lcthw/hashmap.c:Hashmap_get_node:205: TRY: 16
DEBUG: src/lcthw/hashmap.c:Hashmap_get_node:205: TRY: 17
DEBUG: src/lcthw/hashmap.c:Hashmap_get_node:205: TRY: 18
DEBUG: src/lcthw/hashmap.c:Hashmap_get_node:205: TRY: 19
DEBUG: src/lcthw/hashmap.c:Hashmap_get_node:205: TRY: 0
DEBUG: src/lcthw/hashmap.c:Hashmap_get_node:205: TRY: 1
DEBUG: src/lcthw/hashmap.c:Hashmap_get_node:205: TRY: 2
DEBUG: src/lcthw/hashmap.c:Hashmap_get_node:205: TRY: 3
DEBUG: src/lcthw/hashmap.c:Hashmap_get_node:205: TRY: 4
DEBUG: src/lcthw/hashmap.c:Hashmap_get_node:205: TRY: 5
DEBUG: src/lcthw/hashmap.c:Hashmap_get_node:205: TRY: 6
DEBUG: src/lcthw/hashmap.c:Hashmap_get_node:205: TRY: 7
DEBUG: src/lcthw/hashmap.c:Hashmap_get_node:205: TRY: 8
DEBUG: src/lcthw/hashmap.c:Hashmap_get_node:205: TRY: 9
DEBUG: src/lcthw/hashmap.c:Hashmap_get_node:205: TRY: 10
DEBUG: src/lcthw/hashmap.c:Hashmap_get_node:205: TRY: 11
DEBUG: src/lcthw/hashmap.c:Hashmap_get_node:205: TRY: 12
DEBUG: src/lcthw/hashmap.c:Hashmap_get_node:205: TRY: 13
DEBUG: src/lcthw/hashmap.c:Hashmap_get_node:205: TRY: 14
DEBUG: src/lcthw/hashmap.c:Hashmap_get_node:205: TRY: 15
DEBUG: src/lcthw/hashmap.c:Hashmap_get_node:205: TRY: 16
DEBUG: src/lcthw/hashmap.c:Hashmap_get_node:205: TRY: 17
DEBUG: src/lcthw/hashmap.c:Hashmap_get_node:205: TRY: 18
DEBUG: src/lcthw/hashmap.c:Hashmap_get_node:205: TRY: 19
DEBUG: src/lcthw/hashmap.c:Hashmap_get_node:205: TRY: 0
DEBUG: src/lcthw/hashmap.c:Hashmap_get_node:205: TRY: 1
DEBUG: src/lcthw/hashmap.c:Hashmap_get_node:205: TRY: 2
DEBUG: src/lcthw/hashmap.c:Hashmap_get_node:205: TRY: 3
DEBUG: src/lcthw/hashmap.c:Hashmap_get_node:205: TRY: 4
DEBUG: src/lcthw/hashmap.c:Hashmap_get_node:205: TRY: 5
DEBUG: src/lcthw/hashmap.c:Hashmap_get_node:205: TRY: 6
DEBUG: src/lcthw/hashmap.c:Hashmap_get_node:205: TRY: 7
DEBUG: src/lcthw/hashmap.c:Hashmap_get_node:205: TRY: 8
DEBUG: src/lcthw/hashmap.c:Hashmap_get_node:205: TRY: 9
DEBUG: src/lcthw/hashmap.c:Hashmap_get_node:205: TRY: 10
DEBUG: src/lcthw/hashmap.c:Hashmap_get_node:205: TRY: 11
DEBUG: src/lcthw/hashmap.c:Hashmap_get_node:205: TRY: 12
DEBUG: src/lcthw/hashmap.c:Hashmap_get_node:205: TRY: 13
DEBUG: src/lcthw/hashmap.c:Hashmap_get_node:205: TRY: 14
DEBUG: src/lcthw/hashmap.c:Hashmap_get_node:205: TRY: 15
DEBUG: src/lcthw/hashmap.c:Hashmap_get_node:205: TRY: 16
DEBUG: src/lcthw/hashmap.c:Hashmap_get_node:205: TRY: 0
DEBUG: src/lcthw/hashmap.c:Hashmap_get_node:205: TRY: 1
DEBUG: src/lcthw/hashmap.c:Hashmap_get_node:205: TRY: 2
DEBUG: src/lcthw/hashmap.c:Hashmap_get_node:205: TRY: 3
DEBUG: src/lcthw/hashmap.c:Hashmap_get_node:205: TRY: 4
DEBUG: src/lcthw/hashmap.c:Hashmap_get_node:205: TRY: 5
DEBUG: src/lcthw/hashmap.c:Hashmap_get_node:205: TRY: 6
DEBUG: src/lcthw/hashmap.c:Hashmap_get_node:205: TRY: 7
DEBUG: src/lcthw/hashmap.c:Hashmap_get_node:205: TRY: 8
DEBUG: src/lcthw/hashmap.c:Hashmap_get_node:205: TRY: 9
DEBUG: src/lcthw/hashmap.c:Hashmap_get_node:205: TRY: 10
DEBUG: src/lcthw/hashmap.c:Hashmap_get_node:205: TRY: 11
DEBUG: src/lcthw/hashmap.c:Hashmap_get_node:205: TRY: 12
DEBUG: src/lcthw/hashmap.c:Hashmap_get_node:205: TRY: 13
DEBUG: src/lcthw/hashmap.c:Hashmap_get_node:205: TRY: 14
DEBUG: src/lcthw/hashmap.c:Hashmap_get_node:205: TRY: 15
DEBUG: src/lcthw/hashmap.c:Hashmap_get_node:205: TRY: 16
DEBUG: src/lcthw/hashmap.c:Hashmap_get_node:205: TRY: 17
DEBUG: src/lcthw/hashmap.c:Hashmap_get_node:205: TRY: 18
DEBUG: src/lcthw/hashmap.c:Hashmap_get_node:205: TRY: 19
DEBUG: src/lcthw/hashmap.c:Hashmap_get_node:205: TRY: 20
DEBUG: src/lcthw/hashmap.c:Hashmap_get_node:205: TRY: 21
DEBUG: src/lcthw/hashmap.c:Hashmap_get_node:205: TRY: 22
DEBUG: src/lcthw/hashmap.c:Hashmap_get_node:205: TRY: 23
DEBUG: src/lcthw/hashmap.c:Hashmap_get_node:205: TRY: 24
DEBUG: src/lcthw/hashmap.c:Hashmap_get_node:205: TRY: 25
DEBUG: src/lcthw/hashmap.c:Hashmap_get_node:205: TRY: 26
DEBUG: src/lcthw/hashmap.c:Hashmap_get_node:205: TRY: 27
DEBUG: src/lcthw/hashmap.c:Hashmap_get_node:205: TRY: 28
DEBUG: src/lcthw/hashmap.c:Hashmap_get_node:205: TRY: 29
DEBUG: src/lcthw/hashmap.c:Hashmap_get_node:205: TRY: 30
DEBUG: src/lcthw/hashmap.c:Hashmap_get_node:205: TRY: 31
DEBUG: src/lcthw/hashmap.c:Hashmap_get_node:205: TRY: 0
DEBUG: src/lcthw/hashmap.c:Hashmap_get_node:205: TRY: 1
DEBUG: src/lcthw/hashmap.c:Hashmap_get_node:205: TRY: 2
DEBUG: src/lcthw/hashmap.c:Hashmap_get_node:205: TRY: 3
DEBUG: src/lcthw/hashmap.c:Hashmap_get_node:205: TRY: 4
DEBUG: src/lcthw/hashmap.c:Hashmap_get_node:205: TRY: 5
DEBUG: src/lcthw/hashmap.c:Hashmap_get_node:205: TRY: 6
DEBUG: src/lcthw/hashmap.c:Hashmap_get_node:205: TRY: 7
DEBUG: src/lcthw/hashmap.c:Hashmap_get_node:205: TRY: 8
DEBUG: src/lcthw/hashmap.c:Hashmap_get_node:205: TRY: 9
DEBUG: src/lcthw/hashmap.c:Hashmap_get_node:205: TRY: 10
DEBUG: src/lcthw/hashmap.c:Hashmap_get_node:205: TRY: 11
DEBUG: src/lcthw/hashmap.c:Hashmap_get_node:205: TRY: 12
DEBUG: src/lcthw/hashmap.c:Hashmap_get_node:205: TRY: 13
DEBUG: src/lcthw/hashmap.c:Hashmap_get_node:205: TRY: 14
DEBUG: src/lcthw/hashmap.c:Hashmap_get_node:205: TRY: 15
DEBUG: src/lcthw/hashmap.c:Hashmap_get_node:205: TRY: 16
DEBUG: src/lcthw/hashmap.c:Hashmap_get_node:205: TRY: 17
DEBUG: src/lcthw/hashmap.c:Hashmap_get_node:205: TRY: 18
DEBUG: src/lcthw/hashmap.c:Hashmap_get_node:205: TRY: 19
DEBUG: src/lcthw/hashmap.c:Hashmap_get_node:205: TRY: 0
DEBUG: src/lcthw/hashmap.c:Hashmap_get_node:205: TRY: 1
DEBUG: src/lcthw/hashmap.c:Hashmap_get_node:205: TRY: 2
DEBUG: src/lcthw/hashmap.c:Hashmap_get_node:205: TRY: 3
DEBUG: src/lcthw/hashmap.c:Hashmap_get_node:205: TRY: 4
DEBUG: src/lcthw/hashmap.c:Hashmap_get_node:205: TRY: 5
DEBUG: src/lcthw/hashmap.c:Hashmap_get_node:205: TRY: 6
DEBUG: src/lcthw/hashmap.c:Hashmap_get_node:205: TRY: 7
DEBUG: src/lcthw/hashmap.c:Hashmap_get_node:205: TRY: 8
DEBUG: src/lcthw/hashmap.c:Hashmap_get_node:205: TRY: 9
DEBUG: src/lcthw/hashmap.c:Hashmap_get_node:205: TRY: 10
DEBUG: src/lcthw/hashmap.c:Hashmap_get_node:205: TRY: 11
DEBUG: src/lcthw/hashmap.c:Hashmap_get_node:205: TRY: 12
DEBUG: src/lcthw/hashmap.c:Hashmap_get_node:205: TRY: 13
DEBUG: src/lcthw/hashmap.c:Hashmap_get_node:205: TRY: 14
DEBUG: src/lcthw/hashmap.c:Hashmap_get_node:205: TRY: 15
DEBUG: src/lcthw/hashmap.c:Hashmap_get_node:205: TRY: 16
DEBUG: src/lcthw/hashmap.c:Hashmap_get_node:205: TRY: 17
DEBUG: src/lcthw/hashmap.c:Hashmap_get_node:205: TRY: 18
DEBUG: src/lcthw/hashmap.c:Hashmap_get_node:205: TRY: 19
DEBUG: src/lcthw/hashmap.c:Hashmap_get_node:205: TRY: 20
DEBUG: src/lcthw/hashmap.c:Hashmap_get_node:205: TRY: 0
DEBUG: src/lcthw/hashmap.c:Hashmap_get_node:205: TRY: 1
DEBUG: src/lcthw/hashmap.c:Hashmap_get_node:205: TRY: 2
DEBUG: src/lcthw/hashmap.c:Hashmap_get_node:205: TRY: 3
DEBUG: src/lcthw/hashmap.c:Hashmap_get_node:205: TRY: 4
DEBUG: src/lcthw/hashmap.c:Hashmap_get_node:205: TRY: 5
DEBUG: src/lcthw/hashmap.c:Hashmap_get_node:205: TRY: 6
DEBUG: src/lcthw/hashmap.c:Hashmap_get_node:205: TRY: 7
DEBUG: src/lcthw/hashmap.c:Hashmap_get_node:205: TRY: 8
DEBUG: src/lcthw/hashmap.c:Hashmap_get_node:205: TRY: 9
DEBUG: src/lcthw/hashmap.c:Hashmap_get_node:205: TRY: 10
DEBUG: src/lcthw/hashmap.c:Hashmap_get_node:205: TRY: 11
DEBUG: src/lcthw/hashmap.c:Hashmap_get_node:205: TRY: 12
DEBUG: src/lcthw/hashmap.c:Hashmap_get_node:205: TRY: 13
DEBUG: src/lcthw/hashmap.c:Hashmap_get_node:205: TRY: 14
DEBUG: src/lcthw/hashmap.c:Hashmap_get_node:205: TRY: 15
DEBUG: src/lcthw/hashmap.c:Hashmap_get_node:205: TRY: 16
DEBUG: src/lcthw/hashmap.c:Hashmap_get_node:205: TRY: 17
DEBUG: src/lcthw/hashmap.c:Hashmap_get_node:205: TRY: 18
DEBUG: src/lcthw/hashmap.c:Hashmap_get_node:205: TRY: 19
DEBUG: src/lcthw/hashmap.c:Hashmap_get_node:205: TRY: 20
DEBUG: src/lcthw/hashmap.c:Hashmap_get_node:205: TRY: 0
DEBUG: src/lcthw/hashmap.c:Hashmap_get_node:205: TRY: 1
DEBUG: src/lcthw/hashmap.c:Hashmap_get_node:205: TRY: 2
DEBUG: src/lcthw/hashmap.c:Hashmap_get_node:205: TRY: 3
DEBUG: src/lcthw/hashmap.c:Hashmap_get_node:205: TRY: 4
DEBUG: src/lcthw/hashmap.c:Hashmap_get_node:205: TRY: 5
DEBUG: src/lcthw/hashmap.c:Hashmap_get_node:205: TRY: 6
DEBUG: src/lcthw/hashmap.c:Hashmap_get_node:205: TRY: 7
DEBUG: src/lcthw/hashmap.c:Hashmap_get_node:205: TRY: 8
DEBUG: src/lcthw/hashmap.c:Hashmap_get_node:205: TRY: 9
DEBUG: src/lcthw/hashmap.c:Hashmap_get_node:205: TRY: 10
DEBUG: src/lcthw/hashmap.c:Hashmap_get_node:205: TRY: 11
DEBUG: src/lcthw/hashmap.c:Hashmap_get_node:205: TRY: 12
DEBUG: src/lcthw/hashmap.c:Hashmap_get_node:205: TRY: 0
DEBUG: src/lcthw/hashmap.c:Hashmap_get_node:205: TRY: 1
DEBUG: src/lcthw/hashmap.c:Hashmap_get_node:205: TRY: 2
DEBUG: src/lcthw/hashmap.c:Hashmap_get_node:205: TRY: 3
DEBUG: src/lcthw/hashmap.c:Hashmap_get_node:205: TRY: 4
DEBUG: src/lcthw/hashmap.c:Hashmap_get_node:205: TRY: 5
DEBUG: src/lcthw/hashmap.c:Hashmap_get_node:205: TRY: 6
DEBUG: src/lcthw/hashmap.c:Hashmap_get_node:205: TRY: 7
DEBUG: src/lcthw/hashmap.c:Hashmap_get_node:205: TRY: 8
DEBUG: src/lcthw/hashmap.c:Hashmap_get_node:205: TRY: 9
DEBUG: src/lcthw/hashmap.c:Hashmap_get_node:205: TRY: 10
DEBUG: src/lcthw/hashmap.c:Hashmap_get_node:205: TRY: 11
DEBUG: src/lcthw/hashmap.c:Hashmap_get_node:205: TRY: 12
DEBUG: src/lcthw/hashmap.c:Hashmap_get_node:205: TRY: 13
DEBUG: src/lcthw/hashmap.c:Hashmap_get_node:205: TRY: 14
DEBUG: src/lcthw/hashmap.c:Hashmap_get_node:205: TRY: 15
DEBUG: src/lcthw/hashmap.c:Hashmap_get_node:205: TRY: 16
DEBUG: src/lcthw/hashmap.c:Hashmap_get_node:205: TRY: 17
DEBUG: src/lcthw/hashmap.c:Hashmap_get_node:205: TRY: 18
DEBUG: src/lcthw/hashmap.c:Hashmap_get_node:205: TRY: 19
DEBUG: src/lcthw/hashmap.c:Hashmap_get_node:205: TRY: 20
DEBUG: src/lcthw/hashmap.c:Hashmap_get_node:205: TRY: 21
DEBUG: src/lcthw/hashmap.c:Hashmap_get_node:205: TRY: 0
DEBUG: src/lcthw/hashmap.c:Hashmap_get_node:205: TRY: 1
DEBUG: src/lcthw/hashmap.c:Hashmap_get_node:205: TRY: 2
DEBUG: src/lcthw/hashmap.c:Hashmap_get_node:205: TRY: 3
DEBUG: src/lcthw/hashmap.c:Hashmap_get_node:205: TRY: 4
DEBUG: src/lcthw/hashmap.c:Hashmap_get_node:205: TRY: 5
DEBUG: src/lcthw/hashmap.c:Hashmap_get_node:205: TRY: 6
DEBUG: src/lcthw/hashmap.c:Hashmap_get_node:205: TRY: 7
DEBUG: src/lcthw/hashmap.c:Hashmap_get_node:205: TRY: 8
DEBUG: src/lcthw/hashmap.c:Hashmap_get_node:205: TRY: 9
DEBUG: src/lcthw/hashmap.c:Hashmap_get_node:205: TRY: 10
DEBUG: src/lcthw/hashmap.c:Hashmap_get_node:205: TRY: 11
DEBUG: src/lcthw/hashmap.c:Hashmap_get_node:205: TRY: 12
DEBUG: src/lcthw/hashmap.c:Hashmap_get_node:205: TRY: 13
DEBUG: src/lcthw/hashmap.c:Hashmap_get_node:205: TRY: 0
DEBUG: src/lcthw/hashmap.c:Hashmap_get_node:205: TRY: 1
DEBUG: src/lcthw/hashmap.c:Hashmap_get_node:205: TRY: 2
DEBUG: src/lcthw/hashmap.c:Hashmap_get_node:205: TRY: 3
DEBUG: src/lcthw/hashmap.c:Hashmap_get_node:205: TRY: 4
DEBUG: src/lcthw/hashmap.c:Hashmap_get_node:205: TRY: 5
DEBUG: src/lcthw/hashmap.c:Hashmap_get_node:205: TRY: 6
DEBUG: src/lcthw/hashmap.c:Hashmap_get_node:205: TRY: 7
DEBUG: src/lcthw/hashmap.c:Hashmap_get_node:205: TRY: 8
DEBUG: src/lcthw/hashmap.c:Hashmap_get_node:205: TRY: 9
DEBUG: src/lcthw/hashmap.c:Hashmap_get_node:205: TRY: 10
DEBUG: src/lcthw/hashmap.c:Hashmap_get_node:205: TRY: 11
DEBUG: src/lcthw/hashmap.c:Hashmap_get_node:205: TRY: 12
DEBUG: src/lcthw/hashmap.c:Hashmap_get_node:205: TRY: 13
DEBUG: src/lcthw/hashmap.c:Hashmap_get_node:205: TRY: 14
DEBUG: src/lcthw/hashmap.c:Hashmap_get_node:205: TRY: 15
DEBUG: src/lcthw/hashmap.c:Hashmap_get_node:205: TRY: 16
DEBUG: src/lcthw/hashmap.c:Hashmap_get_node:205: TRY: 17
DEBUG: src/lcthw/hashmap.c:Hashmap_get_node:205: TRY: 18
DEBUG: src/lcthw/hashmap.c:Hashmap_get_node:205: TRY: 19
DEBUG: src/lcthw/hashmap.c:Hashmap_get_node:205: TRY: 20
DEBUG: src/lcthw/hashmap.c:Hashmap_get_node:205: TRY: 21
DEBUG: src/lcthw/hashmap.c:Hashmap_get_node:205: TRY: 22
DEBUG: src/lcthw/hashmap.c:Hashmap_get_node:205: TRY: 23
DEBUG: src/lcthw/hashmap.c:Hashmap_get_node:205: TRY: 24
DEBUG: src/lcthw/hashmap.c:Hashmap_get_node:205: TRY: 25
DEBUG: src/lcthw/hashmap.c:Hashmap_get_node:205: TRY: 26
DEBUG: src/lcthw/hashmap.c:Hashmap_get_node:205: TRY: 27
DEBUG: src/lcthw/hashmap.c:Hashmap_get_node:205: TRY: 28
DEBUG: src/lcthw/hashmap.c:Hashmap_get_node:205: TRY: 29
DEBUG: src/lcthw/hashmap.c:Hashmap_get_node:205: TRY: 30
DEBUG: src/lcthw/hashmap.c:Hashmap_get_node:205: TRY: 31
DEBUG: src/lcthw/hashmap.c:Hashmap_get_node:205: TRY: 32
DEBUG: src/lcthw/hashmap.c:Hashmap_get_node:205: TRY: 0
DEBUG: src/lcthw/hashmap.c:Hashmap_get_node:205: TRY: 1
DEBUG: src/lcthw/hashmap.c:Hashmap_get_node:205: TRY: 2
DEBUG: src/lcthw/hashmap.c:Hashmap_get_node:205: TRY: 3
DEBUG: src/lcthw/hashmap.c:Hashmap_get_node:205: TRY: 4
DEBUG: src/lcthw/hashmap.c:Hashmap_get_node:205: TRY: 5
DEBUG: src/lcthw/hashmap.c:Hashmap_get_node:205: TRY: 6
DEBUG: src/lcthw/hashmap.c:Hashmap_get_node:205: TRY: 7
DEBUG: src/lcthw/hashmap.c:Hashmap_get_node:205: TRY: 8
DEBUG: src/lcthw/hashmap.c:Hashmap_get_node:205: TRY: 9
DEBUG: src/lcthw/hashmap.c:Hashmap_get_node:205: TRY: 10
DEBUG: src/lcthw/hashmap.c:Hashmap_get_node:205: TRY: 11
DEBUG: src/lcthw/hashmap.c:Hashmap_get_node:205: TRY: 12
DEBUG: src/lcthw/hashmap.c:Hashmap_get_node:205: TRY: 13
DEBUG: src/lcthw/hashmap.c:Hashmap_get_node:205: TRY: 14
DEBUG: src/lcthw/hashmap.c:Hashmap_get_node:205: TRY: 15
DEBUG: src/lcthw/hashmap.c:Hashmap_get_node:205: TRY: 16
DEBUG: src/lcthw/hashmap.c:Hashmap_get_node:205: TRY: 17
DEBUG: src/lcthw/hashmap.c:Hashmap_get_node:205: TRY: 18
DEBUG: src/lcthw/hashmap.c:Hashmap_get_node:205: TRY: 19
DEBUG: src/lcthw/hashmap.c:Hashmap_get_node:205: TRY: 20
DEBUG: src/lcthw/hashmap.c:Hashmap_get_node:205: TRY: 21
DEBUG: src/lcthw/hashmap.c:Hashmap_get_node:205: TRY: 22
DEBUG: src/lcthw/hashmap.c:Hashmap_get_node:205: TRY: 0
DEBUG: src/lcthw/hashmap.c:Hashmap_get_node:205: TRY: 1
DEBUG: src/lcthw/hashmap.c:Hashmap_get_node:205: TRY: 2
DEBUG: src/lcthw/hashmap.c:Hashmap_get_node:205: TRY: 3
DEBUG: src/lcthw/hashmap.c:Hashmap_get_node:205: TRY: 4
DEBUG: src/lcthw/hashmap.c:Hashmap_get_node:205: TRY: 5
DEBUG: src/lcthw/hashmap.c:Hashmap_get_node:205: TRY: 6
DEBUG: src/lcthw/hashmap.c:Hashmap_get_node:205: TRY: 7
DEBUG: src/lcthw/hashmap.c:Hashmap_get_node:205: TRY: 8
DEBUG: src/lcthw/hashmap.c:Hashmap_get_node:205: TRY: 9
DEBUG: src/lcthw/hashmap.c:Hashmap_get_node:205: TRY: 10
DEBUG: src/lcthw/hashmap.c:Hashmap_get_node:205: TRY: 11
DEBUG: src/lcthw/hashmap.c:Hashmap_get_node:205: TRY: 12
DEBUG: src/lcthw/hashmap.c:Hashmap_get_node:205: TRY: 13
DEBUG: src/lcthw/hashmap.c:Hashmap_get_node:205: TRY: 14
DEBUG: src/lcthw/hashmap.c:Hashmap_get_node:205: TRY: 15
DEBUG: src/lcthw/hashmap.c:Hashmap_get_node:205: TRY: 16
DEBUG: src/lcthw/hashmap.c:Hashmap_get_node:205: TRY: 17
DEBUG: src/lcthw/hashmap.c:Hashmap_get_node:205: TRY: 18
DEBUG: src/lcthw/hashmap.c:Hashmap_get_node:205: TRY: 19
DEBUG: src/lcthw/hashmap.c:Hashmap_get_node:205: TRY: 20
DEBUG: src/lcthw/hashmap.c:Hashmap_get_node:205: TRY: 0
DEBUG: src/lcthw/hashmap.c:Hashmap_get_node:205: TRY: 1
DEBUG: src/lcthw/hashmap.c:Hashmap_get_node:205: TRY: 2
DEBUG: src/lcthw/hashmap.c:Hashmap_get_node:205: TRY: 3
DEBUG: src/lcthw/hashmap.c:Hashmap_get_node:205: TRY: 4
DEBUG: src/lcthw/hashmap.c:Hashmap_get_node:205: TRY: 5
DEBUG: src/lcthw/hashmap.c:Hashmap_get_node:205: TRY: 6
DEBUG: src/lcthw/hashmap.c:Hashmap_get_node:205: TRY: 7
DEBUG: src/lcthw/hashmap.c:Hashmap_get_node:205: TRY: 8
DEBUG: src/lcthw/hashmap.c:Hashmap_get_node:205: TRY: 9
DEBUG: src/lcthw/hashmap.c:Hashmap_get_node:205: TRY: 10
DEBUG: src/lcthw/hashmap.c:Hashmap_get_node:205: TRY: 11
DEBUG: src/lcthw/hashmap.c:Hashmap_get_node:205: TRY: 12
DEBUG: src/lcthw/hashmap.c:Hashmap_get_node:205: TRY: 13
DEBUG: src/lcthw/hashmap.c:Hashmap_get_node:205: TRY: 14
DEBUG: src/lcthw/hashmap.c:Hashmap_get_node:205: TRY: 15
DEBUG: src/lcthw/hashmap.c:Hashmap_get_node:205: TRY: 16
DEBUG: src/lcthw/hashmap.c:Hashmap_get_node:205: TRY: 17
DEBUG: src/lcthw/hashmap.c:Hashmap_get_node:205: TRY: 0
DEBUG: src/lcthw/hashmap.c:Hashmap_get_node:205: TRY: 1
DEBUG: src/lcthw/hashmap.c:Hashmap_get_node:205: TRY: 2
DEBUG: src/lcthw/hashmap.c:Hashmap_get_node:205: TRY: 3
DEBUG: src/lcthw/hashmap.c:Hashmap_get_node:205: TRY: 4
DEBUG: src/lcthw/hashmap.c:Hashmap_get_node:205: TRY: 5
DEBUG: src/lcthw/hashmap.c:Hashmap_get_node:205: TRY: 6
DEBUG: src/lcthw/hashmap.c:Hashmap_get_node:205: TRY: 7
DEBUG: src/lcthw/hashmap.c:Hashmap_get_node:205: TRY: 8
DEBUG: src/lcthw/hashmap.c:Hashmap_get_node:205: TRY: 9
DEBUG: src/lcthw/hashmap.c:Hashmap_get_node:205: TRY: 10
DEBUG: src/lcthw/hashmap.c:Hashmap_get_node:205: TRY: 11
DEBUG: src/lcthw/hashmap.c:Hashmap_get_node:205: TRY: 12
DEBUG: src/lcthw/hashmap.c:Hashmap_get_node:205: TRY: 13
DEBUG: src/lcthw/hashmap.c:Hashmap_get_node:205: TRY: 14
DEBUG: src/lcthw/hashmap.c:Hashmap_get_node:205: TRY: 15
DEBUG: src/lcthw/hashmap.c:Hashmap_get_node:205: TRY: 16
DEBUG: src/lcthw/hashmap.c:Hashmap_get_node:205: TRY: 17
DEBUG: src/lcthw/hashmap.c:Hashmap_get_node:205: TRY: 18
DEBUG: src/lcthw/hashmap.c:Hashmap_get_node:205: TRY: 19
DEBUG: src/lcthw/hashmap.c:Hashmap_get_node:205: TRY: 20
DEBUG: src/lcthw/hashmap.c:Hashmap_get_node:205: TRY: 21
DEBUG: src/lcthw/hashmap.c:Hashmap_get_node:205: TRY: 22
DEBUG: src/lcthw/hashmap.c:Hashmap_get_node:205: TRY: 23
DEBUG: src/lcthw/hashmap.c:Hashmap_get_node:205: TRY: 0
DEBUG: src/lcthw/hashmap.c:Hashmap_get_node:205: TRY: 1
DEBUG: src/lcthw/hashmap.c:Hashmap_get_node:205: TRY: 2
DEBUG: src/lcthw/hashmap.c:Hashmap_get_node:205: TRY: 3
DEBUG: src/lcthw/hashmap.c:Hashmap_get_node:205: TRY: 4
DEBUG: src/lcthw/hashmap.c:Hashmap_get_node:205: TRY: 5
DEBUG: src/lcthw/hashmap.c:Hashmap_get_node:205: TRY: 6
DEBUG: src/lcthw/hashmap.c:Hashmap_get_node:205: TRY: 7
DEBUG: src/lcthw/hashmap.c:Hashmap_get_node:205: TRY: 8
DEBUG: src/lcthw/hashmap.c:Hashmap_get_node:205: TRY: 9
DEBUG: src/lcthw/hashmap.c:Hashmap_get_node:205: TRY: 10
DEBUG: src/lcthw/hashmap.c:Hashmap_get_node:205: TRY: 11
DEBUG: src/lcthw/hashmap.c:Hashmap_get_node:205: TRY: 12
DEBUG: src/lcthw/hashmap.c:Hashmap_get_node:205: TRY: 13
DEBUG: src/lcthw/hashmap.c:Hashmap_get_node:205: TRY: 14
DEBUG: src/lcthw/hashmap.c:Hashmap_get_node:205: TRY: 15
DEBUG: src/lcthw/hashmap.c:Hashmap_get_node:205: TRY: 16
DEBUG: src/lcthw/hashmap.c:Hashmap_get_node:205: TRY: 17
DEBUG: src/lcthw/hashmap.c:Hashmap_get_node:205: TRY: 18
DEBUG: src/lcthw/hashmap.c:Hashmap_get_node:205: TRY: 19
DEBUG: src/lcthw/hashmap.c:Hashmap_get_node:205: TRY: 20
DEBUG: src/lcthw/hashmap.c:Hashmap_get_node:205: TRY: 21
DEBUG: src/lcthw/hashmap.c:Hashmap_get_node:205: TRY: 0
DEBUG: src/lcthw/hashmap.c:Hashmap_get_node:205: TRY: 1
DEBUG: src/lcthw/hashmap.c:Hashmap_get_node:205: TRY: 2
DEBUG: src/lcthw/hashmap.c:Hashmap_get_node:205: TRY: 3
DEBUG: src/lcthw/hashmap.c:Hashmap_get_node:205: TRY: 4
DEBUG: src/lcthw/hashmap.c:Hashmap_get_node:205: TRY: 5
DEBUG: src/lcthw/hashmap.c:Hashmap_get_node:205: TRY: 6
DEBUG: src/lcthw/hashmap.c:Hashmap_get_node:205: TRY: 7
DEBUG: src/lcthw/hashmap.c:Hashmap_get_node:205: TRY: 8
DEBUG: src/lcthw/hashmap.c:Hashmap_get_node:205: TRY: 9
DEBUG: src/lcthw/hashmap.c:Hashmap_get_node:205: TRY: 10
DEBUG: src/lcthw/hashmap.c:Hashmap_get_node:205: TRY: 11
DEBUG: src/lcthw/hashmap.c:Hashmap_get_node:205: TRY: 12
DEBUG: src/lcthw/hashmap.c:Hashmap_get_node:205: TRY: 13
DEBUG: src/lcthw/hashmap.c:Hashmap_get_node:205: TRY: 14
DEBUG: src/lcthw/hashmap.c:Hashmap_get_node:205: TRY: 15
DEBUG: src/lcthw/hashmap.c:Hashmap_get_node:205: TRY: 16
DEBUG: src/lcthw/hashmap.c:Hashmap_get_node:205: TRY: 17
DEBUG: src/lcthw/hashmap.c:Hashmap_get_node:205: TRY: 18
DEBUG: src/lcthw/hashmap.c:Hashmap_get_node:205: TRY: 19
DEBUG: src/lcthw/hashmap.c:Hashmap_get_node:205: TRY: 20
DEBUG: src/lcthw/hashmap.c:Hashmap_get_node:205: TRY: 21
DEBUG: src/lcthw/hashmap.c:Hashmap_get_node:205: TRY: 22
DEBUG: src/lcthw/hashmap.c:Hashmap_get_node:205: TRY: 0
DEBUG: src/lcthw/hashmap.c:Hashmap_get_node:205: TRY: 1
DEBUG: src/lcthw/hashmap.c:Hashmap_get_node:205: TRY: 2
DEBUG: src/lcthw/hashmap.c:Hashmap_get_node:205: TRY: 3
DEBUG: src/lcthw/hashmap.c:Hashmap_get_node:205: TRY: 4
DEBUG: src/lcthw/hashmap.c:Hashmap_get_node:205: TRY: 5
DEBUG: src/lcthw/hashmap.c:Hashmap_get_node:205: TRY: 6
DEBUG: src/lcthw/hashmap.c:Hashmap_get_node:205: TRY: 7
DEBUG: src/lcthw/hashmap.c:Hashmap_get_node:205: TRY: 8
DEBUG: src/lcthw/hashmap.c:Hashmap_get_node:205: TRY: 9
DEBUG: src/lcthw/hashmap.c:Hashmap_get_node:205: TRY: 10
DEBUG: src/lcthw/hashmap.c:Hashmap_get_node:205: TRY: 11
DEBUG: src/lcthw/hashmap.c:Hashmap_get_node:205: TRY: 12
DEBUG: src/lcthw/hashmap.c:Hashmap_get_node:205: TRY: 13
DEBUG: src/lcthw/hashmap.c:Hashmap_get_node:205: TRY: 14
DEBUG: src/lcthw/hashmap.c:Hashmap_get_node:205: TRY: 15
DEBUG: src/lcthw/hashmap.c:Hashmap_get_node:205: TRY: 16
DEBUG: src/lcthw/hashmap.c:Hashmap_get_node:205: TRY: 17
DEBUG: src/lcthw/hashmap.c:Hashmap_get_node:205: TRY: 18
DEBUG: src/lcthw/hashmap.c:Hashmap_get_node:205: TRY: 0
DEBUG: src/lcthw/hashmap.c:Hashmap_get_node:205: TRY: 1
DEBUG: src/lcthw/hashmap.c:Hashmap_get_node:205: TRY: 2
DEBUG: src/lcthw/hashmap.c:Hashmap_get_node:205: TRY: 3
DEBUG: src/lcthw/hashmap.c:Hashmap_get_node:205: TRY: 4
DEBUG: src/lcthw/hashmap.c:Hashmap_get_node:205: TRY: 5
DEBUG: src/lcthw/hashmap.c:Hashmap_get_node:205: TRY: 6
DEBUG: src/lcthw/hashmap.c:Hashmap_get_node:205: TRY: 7
DEBUG: src/lcthw/hashmap.c:Hashmap_get_node:205: TRY: 8
DEBUG: src/lcthw/hashmap.c:Hashmap_get_node:205: TRY: 9
DEBUG: src/lcthw/hashmap.c:Hashmap_get_node:205: TRY: 10
DEBUG: src/lcthw/hashmap.c:Hashmap_get_node:205: TRY: 11
DEBUG: src/lcthw/hashmap.c:Hashmap_get_node:205: TRY: 12
DEBUG: src/lcthw/hashmap.c:Hashmap_get_node:205: TRY: 13
DEBUG: src/lcthw/hashmap.c:Hashmap_get_node:205: TRY: 14
DEBUG: src/lcthw/hashmap.c:Hashmap_get_node:205: TRY: 15
DEBUG: src/lcthw/hashmap.c:Hashmap_get_node:205: TRY: 16
DEBUG: src/lcthw/hashmap.c:Hashmap_get_node:205: TRY: 17
DEBUG: src/lcthw/hashmap.c:Hashmap_get_node:205: TRY: 18
DEBUG: src/lcthw/hashmap.c:Hashmap_get_node:205: TRY: 19
DEBUG: src/lcthw/hashmap.c:Hashmap_get_node:205: TRY: 20
DEBUG: src/lcthw/hashmap.c:Hashmap_get_node:205: TRY: 21
DEBUG: src/lcthw/hashmap.c:Hashmap_get_node:205: TRY: 22
DEBUG: src/lcthw/hashmap.c:Hashmap_get_node:205: TRY: 0
DEBUG: src/lcthw/hashmap.c:Hashmap_get_node:205: TRY: 1
DEBUG: src/lcthw/hashmap.c:Hashmap_get_node:205: TRY: 2
DEBUG: src/lcthw/hashmap.c:Hashmap_get_node:205: TRY: 3
DEBUG: src/lcthw/hashmap.c:Hashmap_get_node:205: TRY: 4
DEBUG: src/lcthw/hashmap.c:Hashmap_get_node:205: TRY: 5
DEBUG: src/lcthw/hashmap.c:Hashmap_get_node:205: TRY: 6
DEBUG: src/lcthw/hashmap.c:Hashmap_get_node:205: TRY: 7
DEBUG: src/lcthw/hashmap.c:Hashmap_get_node:205: TRY: 8
DEBUG: src/lcthw/hashmap.c:Hashmap_get_node:205: TRY: 9
DEBUG: src/lcthw/hashmap.c:Hashmap_get_node:205: TRY: 10
DEBUG: src/lcthw/hashmap.c:Hashmap_get_node:205: TRY: 11
DEBUG: src/lcthw/hashmap.c:Hashmap_get_node:205: TRY: 12
DEBUG: src/lcthw/hashmap.c:Hashmap_get_node:205: TRY: 13
DEBUG: src/lcthw/hashmap.c:Hashmap_get_node:205: TRY: 14
DEBUG: src/lcthw/hashmap.c:Hashmap_get_node:205: TRY: 0
DEBUG: src/lcthw/hashmap.c:Hashmap_get_node:205: TRY: 1
DEBUG: src/lcthw/hashmap.c:Hashmap_get_node:205: TRY: 2
DEBUG: src/lcthw/hashmap.c:Hashmap_get_node:205: TRY: 3
DEBUG: src/lcthw/hashmap.c:Hashmap_get_node:205: TRY: 4
DEBUG: src/lcthw/hashmap.c:Hashmap_get_node:205: TRY: 5
DEBUG: src/lcthw/hashmap.c:Hashmap_get_node:205: TRY: 6
DEBUG: src/lcthw/hashmap.c:Hashmap_get_node:205: TRY: 7
DEBUG: src/lcthw/hashmap.c:Hashmap_get_node:205: TRY: 8
DEBUG: src/lcthw/hashmap.c:Hashmap_get_node:205: TRY: 9
DEBUG: src/lcthw/hashmap.c:Hashmap_get_node:205: TRY: 10
DEBUG: src/lcthw/hashmap.c:Hashmap_get_node:205: TRY: 11
DEBUG: src/lcthw/hashmap.c:Hashmap_get_node:205: TRY: 12
DEBUG: src/lcthw/hashmap.c:Hashmap_get_node:205: TRY: 13
DEBUG: src/lcthw/hashmap.c:Hashmap_get_node:205: TRY: 14
DEBUG: src/lcthw/hashmap.c:Hashmap_get_node:205: TRY: 15
DEBUG: src/lcthw/hashmap.c:Hashmap_get_node:205: TRY: 16
DEBUG: src/lcthw/hashmap.c:Hashmap_get_node:205: TRY: 17
DEBUG: src/lcthw/hashmap.c:Hashmap_get_node:205: TRY: 18
DEBUG: src/lcthw/hashmap.c:Hashmap_get_node:205: TRY: 19
DEBUG: src/lcthw/hashmap.c:Hashmap_get_node:205: TRY: 20
DEBUG: src/lcthw/hashmap.c:Hashmap_get_node:205: TRY: 21
DEBUG: src/lcthw/hashmap.c:Hashmap_get_node:205: TRY: 22
DEBUG: src/lcthw/hashmap.c:Hashmap_get_node:205: TRY: 23
DEBUG: src/lcthw/hashmap.c:Hashmap_get_node:205: TRY: 24
DEBUG: src/lcthw/hashmap.c:Hashmap_get_node:205: TRY: 25
DEBUG: src/lcthw/hashmap.c:Hashmap_get_node:205: TRY: 26
DEBUG: src/lcthw/hashmap.c:Hashmap_get_node:205: TRY: 27
DEBUG: src/lcthw/hashmap.c:Hashmap_get_node:205: TRY: 28
DEBUG: src/lcthw/hashmap.c:Hashmap_get_node:205: TRY: 29
DEBUG: src/lcthw/hashmap.c:Hashmap_get_node:205: TRY: 30
DEBUG: src/lcthw/hashmap.c:Hashmap_get_node:205: TRY: 31
DEBUG: src/lcthw/hashmap.c:Hashmap_get_node:205: TRY: 32
DEBUG: src/lcthw/hashmap.c:Hashmap_get_node:205: TRY: 33
DEBUG: src/lcthw/hashmap.c:Hashmap_get_node:205: TRY: 0
DEBUG: src/lcthw/hashmap.c:Hashmap_get_node:205: TRY: 1
DEBUG: src/lcthw/hashmap.c:Hashmap_get_node:205: TRY: 2
DEBUG: src/lcthw/hashmap.c:Hashmap_get_node:205: TRY: 3
DEBUG: src/lcthw/hashmap.c:Hashmap_get_node:205: TRY: 4
DEBUG: src/lcthw/hashmap.c:Hashmap_get_node:205: TRY: 5
DEBUG: src/lcthw/hashmap.c:Hashmap_get_node:205: TRY: 6
DEBUG: src/lcthw/hashmap.c:Hashmap_get_node:205: TRY: 7
DEBUG: src/lcthw/hashmap.c:Hashmap_get_node:205: TRY: 8
DEBUG: src/lcthw/hashmap.c:Hashmap_get_node:205: TRY: 9
DEBUG: src/lcthw/hashmap.c:Hashmap_get_node:205: TRY: 10
DEBUG: src/lcthw/hashmap.c:Hashmap_get_node:205: TRY: 11
DEBUG: src/lcthw/hashmap.c:Hashmap_get_node:205: TRY: 12
DEBUG: src/lcthw/hashmap.c:Hashmap_get_node:205: TRY: 13
DEBUG: src/lcthw/hashmap.c:Hashmap_get_node:205: TRY: 14
DEBUG: src/lcthw/hashmap.c:Hashmap_get_node:205: TRY: 15
DEBUG: src/lcthw/hashmap.c:Hashmap_get_node:205: TRY: 16
DEBUG: src/lcthw/hashmap.c:Hashmap_get_node:205: TRY: 17
DEBUG: src/lcthw/hashmap.c:Hashmap_get_node:205: TRY: 18
DEBUG: src/lcthw/hashmap.c:Hashmap_get_node:205: TRY: 19
DEBUG: src/lcthw/hashmap.c:Hashmap_get_node:205: TRY: 20
DEBUG: src/lcthw/hashmap.c:Hashmap_get_node:205: TRY: 21
DEBUG: src/lcthw/hashmap.c:Hashmap_get_node:205: TRY: 22
DEBUG: src/lcthw/hashmap.c:Hashmap_get_node:205: TRY: 23
DEBUG: src/lcthw/hashmap.c:Hashmap_get_node:205: TRY: 0
DEBUG: src/lcthw/hashmap.c:Hashmap_get_node:205: TRY: 1
DEBUG: src/lcthw/hashmap.c:Hashmap_get_node:205: TRY: 2
DEBUG: src/lcthw/hashmap.c:Hashmap_get_node:205: TRY: 3
DEBUG: src/lcthw/hashmap.c:Hashmap_get_node:205: TRY: 4
DEBUG: src/lcthw/hashmap.c:Hashmap_get_node:205: TRY: 5
DEBUG: src/lcthw/hashmap.c:Hashmap_get_node:205: TRY: 6
DEBUG: src/lcthw/hashmap.c:Hashmap_get_node:205: TRY: 7
DEBUG: src/lcthw/hashmap.c:Hashmap_get_node:205: TRY: 8
DEBUG: src/lcthw/hashmap.c:Hashmap_get_node:205: TRY: 9
DEBUG: src/lcthw/hashmap.c:Hashmap_get_node:205: TRY: 10
DEBUG: src/lcthw/hashmap.c:Hashmap_get_node:205: TRY: 11
DEBUG: src/lcthw/hashmap.c:Hashmap_get_node:205: TRY: 12
DEBUG: src/lcthw/hashmap.c:Hashmap_get_node:205: TRY: 13
DEBUG: src/lcthw/hashmap.c:Hashmap_get_node:205: TRY: 14
DEBUG: src/lcthw/hashmap.c:Hashmap_get_node:205: TRY: 15
DEBUG: src/lcthw/hashmap.c:Hashmap_get_node:205: TRY: 16
DEBUG: src/lcthw/hashmap.c:Hashmap_get_node:205: TRY: 17
DEBUG: src/lcthw/hashmap.c:Hashmap_get_node:205: TRY: 18
DEBUG: src/lcthw/hashmap.c:Hashmap_get_node:205: TRY: 19
DEBUG: src/lcthw/hashmap.c:Hashmap_get_node:205: TRY: 20
DEBUG: src/lcthw/hashmap.c:Hashmap_get_node:205: TRY: 21
DEBUG: src/lcthw/hashmap.c:Hashmap_get_node:205: TRY: 22
DEBUG: src/lcthw/hashmap.c:Hashmap_get_node:205: TRY: 23
DEBUG: src/lcthw/hashmap.c:Hashmap_get_node:205: TRY: 24
DEBUG: src/lcthw/hashmap.c:Hashmap_get_node:205: TRY: 0
DEBUG: src/lcthw/hashmap.c:Hashmap_get_node:205: TRY: 1
DEBUG: src/lcthw/hashmap.c:Hashmap_get_node:205: TRY: 2
DEBUG: src/lcthw/hashmap.c:Hashmap_get_node:205: TRY: 3
DEBUG: src/lcthw/hashmap.c:Hashmap_get_node:205: TRY: 4
DEBUG: src/lcthw/hashmap.c:Hashmap_get_node:205: TRY: 5
DEBUG: src/lcthw/hashmap.c:Hashmap_get_node:205: TRY: 6
DEBUG: src/lcthw/hashmap.c:Hashmap_get_node:205: TRY: 7
DEBUG: src/lcthw/hashmap.c:Hashmap_get_node:205: TRY: 8
DEBUG: src/lcthw/hashmap.c:Hashmap_get_node:205: TRY: 9
DEBUG: src/lcthw/hashmap.c:Hashmap_get_node:205: TRY: 10
DEBUG: src/lcthw/hashmap.c:Hashmap_get_node:205: TRY: 11
DEBUG: src/lcthw/hashmap.c:Hashmap_get_node:205: TRY: 12
DEBUG: src/lcthw/hashmap.c:Hashmap_get_node:205: TRY: 13
DEBUG: src/lcthw/hashmap.c:Hashmap_get_node:205: TRY: 14
DEBUG: src/lcthw/hashmap.c:Hashmap_get_node:205: TRY: 15
DEBUG: src/lcthw/hashmap.c:Hashmap_get_node:205: TRY: 16
DEBUG: src/lcthw/hashmap.c:Hashmap_get_node:205: TRY: 17
DEBUG: src/lcthw/hashmap.c:Hashmap_get_node:205: TRY: 18
DEBUG: src/lcthw/hashmap.c:Hashmap_get_node:205: TRY: 19
DEBUG: src/lcthw/hashmap.c:Hashmap_get_node:205: TRY: 0
DEBUG: src/lcthw/hashmap.c:Hashmap_get_node:205: TRY: 1
DEBUG: src/lcthw/hashmap.c:Hashmap_get_node:205: TRY: 2
DEBUG: src/lcthw/hashmap.c:Hashmap_get_node:205: TRY: 3
DEBUG: src/lcthw/hashmap.c:Hashmap_get_node:205: TRY: 4
DEBUG: src/lcthw/hashmap.c:Hashmap_get_node:205: TRY: 5
DEBUG: src/lcthw/hashmap.c:Hashmap_get_node:205: TRY: 6
DEBUG: src/lcthw/hashmap.c:Hashmap_get_node:205: TRY: 7
DEBUG: src/lcthw/hashmap.c:Hashmap_get_node:205: TRY: 8
DEBUG: src/lcthw/hashmap.c:Hashmap_get_node:205: TRY: 9
DEBUG: src/lcthw/hashmap.c:Hashmap_get_node:205: TRY: 10
DEBUG: src/lcthw/hashmap.c:Hashmap_get_node:205: TRY: 11
DEBUG: src/lcthw/hashmap.c:Hashmap_get_node:205: TRY: 12
DEBUG: src/lcthw/hashmap.c:Hashmap_get_node:205: TRY: 13
DEBUG: src/lcthw/hashmap.c:Hashmap_get_node:205: TRY: 14
DEBUG: src/lcthw/hashmap.c:Hashmap_get_node:205: TRY: 15
DEBUG: src/lcthw/hashmap.c:Hashmap_get_node:205: TRY: 16
DEBUG: src/lcthw/hashmap.c:Hashmap_get_node:205: TRY: 17
DEBUG: src/lcthw/hashmap.c:Hashmap_get_node:205: TRY: 18
DEBUG: src/lcthw/hashmap.c:Hashmap_get_node:205: TRY: 19
DEBUG: src/lcthw/hashmap.c:Hashmap_get_node:205: TRY: 20
DEBUG: src/lcthw/hashmap.c:Hashmap_get_node:205: TRY: 21
DEBUG: src/lcthw/hashmap.c:Hashmap_get_node:205: TRY: 0
DEBUG: src/lcthw/hashmap.c:Hashmap_get_node:205: TRY: 1
DEBUG: src/lcthw/hashmap.c:Hashmap_get_node:205: TRY: 2
DEBUG: src/lcthw/hashmap.c:Hashmap_get_node:205: TRY: 3
DEBUG: src/lcthw/hashmap.c:Hashmap_get_node:205: TRY: 4
DEBUG: src/lcthw/hashmap.c:Hashmap_get_node:205: TRY: 5
DEBUG: src/lcthw/hashmap.c:Hashmap_get_node:205: TRY: 6
DEBUG: src/lcthw/hashmap.c:Hashmap_get_node:205: TRY: 7
DEBUG: src/lcthw/hashmap.c:Hashmap_get_node:205: TRY: 8
DEBUG: src/lcthw/hashmap.c:Hashmap_get_node:205: TRY: 9
DEBUG: src/lcthw/hashmap.c:Hashmap_get_node:205: TRY: 10
DEBUG: src/lcthw/hashmap.c:Hashmap_get_node:205: TRY: 11
DEBUG: src/lcthw/hashmap.c:Hashmap_get_node:205: TRY: 12
DEBUG: src/lcthw/hashmap.c:Hashmap_get_node:205: TRY: 13
DEBUG: src/lcthw/hashmap.c:Hashmap_get_node:205: TRY: 14
DEBUG: src/lcthw/hashmap.c:Hashmap_get_node:205: TRY: 15
DEBUG: src/lcthw/hashmap.c:Hashmap_get_node:205: TRY: 16
DEBUG: src/lcthw/hashmap.c:Hashmap_get_node:205: TRY: 17
DEBUG: src/lcthw/hashmap.c:Hashmap_get_node:205: TRY: 18
DEBUG: src/lcthw/hashmap.c:Hashmap_get_node:205: TRY: 19
DEBUG: src/lcthw/hashmap.c:Hashmap_get_node:205: TRY: 20
DEBUG: src/lcthw/hashmap.c:Hashmap_get_node:205: TRY: 0
DEBUG: src/lcthw/hashmap.c:Hashmap_get_node:205: TRY: 1
DEBUG: src/lcthw/hashmap.c:Hashmap_get_node:205: TRY: 2
DEBUG: src/lcthw/hashmap.c:Hashmap_get_node:205: TRY: 3
DEBUG: src/lcthw/hashmap.c:Hashmap_get_node:205: TRY: 4
DEBUG: src/lcthw/hashmap.c:Hashmap_get_node:205: TRY: 5
DEBUG: src/lcthw/hashmap.c:Hashmap_get_node:205: TRY: 6
DEBUG: src/lcthw/hashmap.c:Hashmap_get_node:205: TRY: 7
DEBUG: src/lcthw/hashmap.c:Hashmap_get_node:205: TRY: 8
DEBUG: src/lcthw/hashmap.c:Hashmap_get_node:205: TRY: 9
DEBUG: src/lcthw/hashmap.c:Hashmap_get_node:205: TRY: 10
DEBUG: src/lcthw/hashmap.c:Hashmap_get_node:205: TRY: 11
DEBUG: src/lcthw/hashmap.c:Hashmap_get_node:205: TRY: 12
DEBUG: src/lcthw/hashmap.c:Hashmap_get_node:205: TRY: 13
DEBUG: src/lcthw/hashmap.c:Hashmap_get_node:205: TRY: 14
DEBUG: src/lcthw/hashmap.c:Hashmap_get_node:205: TRY: 15
DEBUG: src/lcthw/hashmap.c:Hashmap_get_node:205: TRY: 16
DEBUG: src/lcthw/hashmap.c:Hashmap_get_node:205: TRY: 17
DEBUG: src/lcthw/hashmap.c:Hashmap_get_node:205: TRY: 18
DEBUG: src/lcthw/hashmap.c:Hashmap_get_node:205: TRY: 19
DEBUG: src/lcthw/hashmap.c:Hashmap_get_node:205: TRY: 20
DEBUG: src/lcthw/hashmap.c:Hashmap_get_node:205: TRY: 21
DEBUG: src/lcthw/hashmap.c:Hashmap_get_node:205: TRY: 22
DEBUG: src/lcthw/hashmap.c:Hashmap_get_node:205: TRY: 23
DEBUG: src/lcthw/hashmap.c:Hashmap_get_node:205: TRY: 0
DEBUG: src/lcthw/hashmap.c:Hashmap_get_node:205: TRY: 1
DEBUG: src/lcthw/hashmap.c:Hashmap_get_node:205: TRY: 2
DEBUG: src/lcthw/hashmap.c:Hashmap_get_node:205: TRY: 3
DEBUG: src/lcthw/hashmap.c:Hashmap_get_node:205: TRY: 4
DEBUG: src/lcthw/hashmap.c:Hashmap_get_node:205: TRY: 5
DEBUG: src/lcthw/hashmap.c:Hashmap_get_node:205: TRY: 6
DEBUG: src/lcthw/hashmap.c:Hashmap_get_node:205: TRY: 7
DEBUG: src/lcthw/hashmap.c:Hashmap_get_node:205: TRY: 8
DEBUG: src/lcthw/hashmap.c:Hashmap_get_node:205: TRY: 9
DEBUG: src/lcthw/hashmap.c:Hashmap_get_node:205: TRY: 10
DEBUG: src/lcthw/hashmap.c:Hashmap_get_node:205: TRY: 11
DEBUG: src/lcthw/hashmap.c:Hashmap_get_node:205: TRY: 12
DEBUG: src/lcthw/hashmap.c:Hashmap_get_node:205: TRY: 13
DEBUG: src/lcthw/hashmap.c:Hashmap_get_node:205: TRY: 14
DEBUG: src/lcthw/hashmap.c:Hashmap_get_node:205: TRY: 15
DEBUG: src/lcthw/hashmap.c:Hashmap_get_node:205: TRY: 16
DEBUG: src/lcthw/hashmap.c:Hashmap_get_node:205: TRY: 17
DEBUG: src/lcthw/hashmap.c:Hashmap_get_node:205: TRY: 18
DEBUG: src/lcthw/hashmap.c:Hashmap_get_node:205: TRY: 19
DEBUG: src/lcthw/hashmap.c:Hashmap_get_node:205: TRY: 20
DEBUG: src/lcthw/hashmap.c:Hashmap_get_node:205: TRY: 21
DEBUG: src/lcthw/hashmap.c:Hashmap_get_node:205: TRY: 22
DEBUG: src/lcthw/hashmap.c:Hashmap_get_node:205: TRY: 23
DEBUG: src/lcthw/hashmap.c:Hashmap_get_node:205: TRY: 24
DEBUG: src/lcthw/hashmap.c:Hashmap_get_node:205: TRY: 0
DEBUG: src/lcthw/hashmap.c:Hashmap_get_node:205: TRY: 1
DEBUG: src/lcthw/hashmap.c:Hashmap_get_node:205: TRY: 2
DEBUG: src/lcthw/hashmap.c:Hashmap_get_node:205: TRY: 3
DEBUG: src/lcthw/hashmap.c:Hashmap_get_node:205: TRY: 4
DEBUG: src/lcthw/hashmap.c:Hashmap_get_node:205: TRY: 5
DEBUG: src/lcthw/hashmap.c:Hashmap_get_node:205: TRY: 6
DEBUG: src/lcthw/hashmap.c:Hashmap_get_node:205: TRY: 7
DEBUG: src/lcthw/hashmap.c:Hashmap_get_node:205: TRY: 8
DEBUG: src/lcthw/hashmap.c:Hashmap_get_node:205: TRY: 9
DEBUG: src/lcthw/hashmap.c:Hashmap_get_node:205: TRY: 10
DEBUG: src/lcthw/hashmap.c:Hashmap_get_node:205: TRY: 11
DEBUG: src/lcthw/hashmap.c:Hashmap_get_node:205: TRY: 12
DEBUG: src/lcthw/hashmap.c:Hashmap_get_node:205: TRY: 13
DEBUG: src/lcthw/hashmap.c:Hashmap_get_node:205: TRY: 14
DEBUG: src/lcthw/hashmap.c:Hashmap_get_node:205: TRY: 15
DEBUG: src/lcthw/hashmap.c:Hashmap_get_node:205: TRY: 16
DEBUG: src/lcthw/hashmap.c:Hashmap_get_node:205: TRY: 17
DEBUG: src/lcthw/hashmap.c:Hashmap_get_node:205: TRY: 18
DEBUG: src/lcthw/hashmap.c:Hashmap_get_node:205: TRY: 19
DEBUG: src/lcthw/hashmap.c:Hashmap_get_node:205: TRY: 20
DEBUG: src/lcthw/hashmap.c:Hashmap_get_node:205: TRY: 0
DEBUG: src/lcthw/hashmap.c:Hashmap_get_node:205: TRY: 1
DEBUG: src/lcthw/hashmap.c:Hashmap_get_node:205: TRY: 2
DEBUG: src/lcthw/hashmap.c:Hashmap_get_node:205: TRY: 3
DEBUG: src/lcthw/hashmap.c:Hashmap_get_node:205: TRY: 4
DEBUG: src/lcthw/hashmap.c:Hashmap_get_node:205: TRY: 5
DEBUG: src/lcthw/hashmap.c:Hashmap_get_node:205: TRY: 6
DEBUG: src/lcthw/hashmap.c:Hashmap_get_node:205: TRY: 7
DEBUG: src/lcthw/hashmap.c:Hashmap_get_node:205: TRY: 8
DEBUG: src/lcthw/hashmap.c:Hashmap_get_node:205: TRY: 9
DEBUG: src/lcthw/hashmap.c:Hashmap_get_node:205: TRY: 10
DEBUG: src/lcthw/hashmap.c:Hashmap_get_node:205: TRY: 11
DEBUG: src/lcthw/hashmap.c:Hashmap_get_node:205: TRY: 12
DEBUG: src/lcthw/hashmap.c:Hashmap_get_node:205: TRY: 13
DEBUG: src/lcthw/hashmap.c:Hashmap_get_node:205: TRY: 14
DEBUG: src/lcthw/hashmap.c:Hashmap_get_node:205: TRY: 15
DEBUG: src/lcthw/hashmap.c:Hashmap_get_node:205: TRY: 16
DEBUG: src/lcthw/hashmap.c:Hashmap_get_node:205: TRY: 17
DEBUG: src/lcthw/hashmap.c:Hashmap_get_node:205: TRY: 18
DEBUG: src/lcthw/hashmap.c:Hashmap_get_node:205: TRY: 19
DEBUG: src/lcthw/hashmap.c:Hashmap_get_node:205: TRY: 20
DEBUG: src/lcthw/hashmap.c:Hashmap_get_node:205: TRY: 21
DEBUG: src/lcthw/hashmap.c:Hashmap_get_node:205: TRY: 22
DEBUG: src/lcthw/hashmap.c:Hashmap_get_node:205: TRY: 23
DEBUG: src/lcthw/hashmap.c:Hashmap_get_node:205: TRY: 24
DEBUG: src/lcthw/hashmap.c:Hashmap_get_node:205: TRY: 25
DEBUG: src/lcthw/hashmap.c:Hashmap_get_node:205: TRY: 0
DEBUG: src/lcthw/hashmap.c:Hashmap_get_node:205: TRY: 1
DEBUG: src/lcthw/hashmap.c:Hashmap_get_node:205: TRY: 2
DEBUG: src/lcthw/hashmap.c:Hashmap_get_node:205: TRY: 3
DEBUG: src/lcthw/hashmap.c:Hashmap_get_node:205: TRY: 4
DEBUG: src/lcthw/hashmap.c:Hashmap_get_node:205: TRY: 5
DEBUG: src/lcthw/hashmap.c:Hashmap_get_node:205: TRY: 6
DEBUG: src/lcthw/hashmap.c:Hashmap_get_node:205: TRY: 7
DEBUG: src/lcthw/hashmap.c:Hashmap_get_node:205: TRY: 8
DEBUG: src/lcthw/hashmap.c:Hashmap_get_node:205: TRY: 9
DEBUG: src/lcthw/hashmap.c:Hashmap_get_node:205: TRY: 10
DEBUG: src/lcthw/hashmap.c:Hashmap_get_node:205: TRY: 11
DEBUG: src/lcthw/hashmap.c:Hashmap_get_node:205: TRY: 12
DEBUG: src/lcthw/hashmap.c:Hashmap_get_node:205: TRY: 13
DEBUG: src/lcthw/hashmap.c:Hashmap_get_node:205: TRY: 14
DEBUG: src/lcthw/hashmap.c:Hashmap_get_node:205: TRY: 15
DEBUG: src/lcthw/hashmap.c:Hashmap_get_node:205: TRY: 16
DEBUG: src/lcthw/hashmap.c:Hashmap_get_node:205: TRY: 17
DEBUG: src/lcthw/hashmap.c:Hashmap_get_node:205: TRY: 18
DEBUG: src/lcthw/hashmap.c:Hashmap_get_node:205: TRY: 19
DEBUG: src/lcthw/hashmap.c:Hashmap_get_node:205: TRY: 20
DEBUG: src/lcthw/hashmap.c:Hashmap_get_node:205: TRY: 21
DEBUG: src/lcthw/hashmap.c:Hashmap_get_node:205: TRY: 22
DEBUG: src/lcthw/hashmap.c:Hashmap_get_node:205: TRY: 23
DEBUG: src/lcthw/hashmap.c:Hashmap_get_node:205: TRY: 24
DEBUG: src/lcthw/hashmap.c:Hashmap_get_node:205: TRY: 25
DEBUG: src/lcthw/hashmap.c:Hashmap_get_node:205: TRY: 0
DEBUG: src/lcthw/hashmap.c:Hashmap_get_node:205: TRY: 1
DEBUG: src/lcthw/hashmap.c:Hashmap_get_node:205: TRY: 2
DEBUG: src/lcthw/hashmap.c:Hashmap_get_node:205: TRY: 3
DEBUG: src/lcthw/hashmap.c:Hashmap_get_node:205: TRY: 4
DEBUG: src/lcthw/hashmap.c:Hashmap_get_node:205: TRY: 5
DEBUG: src/lcthw/hashmap.c:Hashmap_get_node:205: TRY: 6
DEBUG: src/lcthw/hashmap.c:Hashmap_get_node:205: TRY: 7
DEBUG: src/lcthw/hashmap.c:Hashmap_get_node:205: TRY: 8
DEBUG: src/lcthw/hashmap.c:Hashmap_get_node:205: TRY: 9
DEBUG: src/lcthw/hashmap.c:Hashmap_get_node:205: TRY: 10
DEBUG: src/lcthw/hashmap.c:Hashmap_get_node:205: TRY: 11
DEBUG: src/lcthw/hashmap.c:Hashmap_get_node:205: TRY: 12
DEBUG: src/lcthw/hashmap.c:Hashmap_get_node:205: TRY: 13
DEBUG: src/lcthw/hashmap.c:Hashmap_get_node:205: TRY: 14
DEBUG: src/lcthw/hashmap.c:Hashmap_get_node:205: TRY: 15
DEBUG: src/lcthw/hashmap.c:Hashmap_get_node:205: TRY: 16
DEBUG: src/lcthw/hashmap.c:Hashmap_get_node:205: TRY: 17
DEBUG: src/lcthw/hashmap.c:Hashmap_get_node:205: TRY: 18
DEBUG: src/lcthw/hashmap.c:Hashmap_get_node:205: TRY: 19
DEBUG: src/lcthw/hashmap.c:Hashmap_get_node:205: TRY: 20
DEBUG: src/lcthw/hashmap.c:Hashmap_get_node:205: TRY: 21
DEBUG: src/lcthw/hashmap.c:Hashmap_get_node:205: TRY: 22
DEBUG: src/lcthw/hashmap.c:Hashmap_get_node:205: TRY: 0
DEBUG: src/lcthw/hashmap.c:Hashmap_get_node:205: TRY: 1
DEBUG: src/lcthw/hashmap.c:Hashmap_get_node:205: TRY: 2
DEBUG: src/lcthw/hashmap.c:Hashmap_get_node:205: TRY: 3
DEBUG: src/lcthw/hashmap.c:Hashmap_get_node:205: TRY: 4
DEBUG: src/lcthw/hashmap.c:Hashmap_get_node:205: TRY: 5
DEBUG: src/lcthw/hashmap.c:Hashmap_get_node:205: TRY: 6
DEBUG: src/lcthw/hashmap.c:Hashmap_get_node:205: TRY: 7
DEBUG: src/lcthw/hashmap.c:Hashmap_get_node:205: TRY: 8
DEBUG: src/lcthw/hashmap.c:Hashmap_get_node:205: TRY: 9
DEBUG: src/lcthw/hashmap.c:Hashmap_get_node:205: TRY: 10
DEBUG: src/lcthw/hashmap.c:Hashmap_get_node:205: TRY: 11
DEBUG: src/lcthw/hashmap.c:Hashmap_get_node:205: TRY: 12
DEBUG: src/lcthw/hashmap.c:Hashmap_get_node:205: TRY: 13
DEBUG: src/lcthw/hashmap.c:Hashmap_get_node:205: TRY: 14
DEBUG: src/lcthw/hashmap.c:Hashmap_get_node:205: TRY: 15
DEBUG: src/lcthw/hashmap.c:Hashmap_get_node:205: TRY: 16
DEBUG: src/lcthw/hashmap.c:Hashmap_get_node:205: TRY: 17
DEBUG: src/lcthw/hashmap.c:Hashmap_get_node:205: TRY: 18
DEBUG: src/lcthw/hashmap.c:Hashmap_get_node:205: TRY: 19
DEBUG: src/lcthw/hashmap.c:Hashmap_get_node:205: TRY: 20
DEBUG: src/lcthw/hashmap.c:Hashmap_get_node:205: TRY: 21
DEBUG: src/lcthw/hashmap.c:Hashmap_get_node:205: TRY: 22
DEBUG: src/lcthw/hashmap.c:Hashmap_get_node:205: TRY: 23
DEBUG: src/lcthw/hashmap.c:Hashmap_get_node:205: TRY: 0
DEBUG: src/lcthw/hashmap.c:Hashmap_get_node:205: TRY: 1
DEBUG: src/lcthw/hashmap.c:Hashmap_get_node:205: TRY: 2
DEBUG: src/lcthw/hashmap.c:Hashmap_get_node:205: TRY: 3
DEBUG: src/lcthw/hashmap.c:Hashmap_get_node:205: TRY: 4
DEBUG: src/lcthw/hashmap.c:Hashmap_get_node:205: TRY: 5
DEBUG: src/lcthw/hashmap.c:Hashmap_get_node:205: TRY: 6
DEBUG: src/lcthw/hashmap.c:Hashmap_get_node:205: TRY: 7
DEBUG: src/lcthw/hashmap.c:Hashmap_get_node:205: TRY: 8
DEBUG: src/lcthw/hashmap.c:Hashmap_get_node:205: TRY: 9
DEBUG: src/lcthw/hashmap.c:Hashmap_get_node:205: TRY: 10
DEBUG: src/lcthw/hashmap.c:Hashmap_get_node:205: TRY: 11
DEBUG: src/lcthw/hashmap.c:Hashmap_get_node:205: TRY: 12
DEBUG: src/lcthw/hashmap.c:Hashmap_get_node:205: TRY: 13
DEBUG: src/lcthw/hashmap.c:Hashmap_get_node:205: TRY: 14
DEBUG: src/lcthw/hashmap.c:Hashmap_get_node:205: TRY: 15
DEBUG: src/lcthw/hashmap.c:Hashmap_get_node:205: TRY: 16
DEBUG: src/lcthw/hashmap.c:Hashmap_get_node:205: TRY: 17
DEBUG: src/lcthw/hashmap.c:Hashmap_get_node:205: TRY: 18
DEBUG: src/lcthw/hashmap.c:Hashmap_get_node:205: TRY: 19
DEBUG: src/lcthw/hashmap.c:Hashmap_get_node:205: TRY: 20
DEBUG: src/lcthw/hashmap.c:Hashmap_get_node:205: TRY: 21
DEBUG: src/lcthw/hashmap.c:Hashmap_get_node:205: TRY: 22
DEBUG: src/lcthw/hashmap.c:Hashmap_get_node:205: TRY: 23
DEBUG: src/lcthw/hashmap.c:Hashmap_get_node:205: TRY: 24
DEBUG: src/lcthw/hashmap.c:Hashmap_get_node:205: TRY: 25
DEBUG: src/lcthw/hashmap.c:Hashmap_get_node:205: TRY: 26
DEBUG: src/lcthw/hashmap.c:Hashmap_get_node:205: TRY: 27
DEBUG: src/lcthw/hashmap.c:Hashmap_get_node:205: TRY: 28
DEBUG: src/lcthw/hashmap.c:Hashmap_get_node:205: TRY: 29
DEBUG: src/lcthw/hashmap.c:Hashmap_get_node:205: TRY: 30
DEBUG: src/lcthw/hashmap.c:Hashmap_get_node:205: TRY: 31
DEBUG: src/lcthw/hashmap.c:Hashmap_get_node:205: TRY: 32
DEBUG: src/lcthw/hashmap.c:Hashmap_get_node:205: TRY: 33
DEBUG: src/lcthw/hashmap.c:Hashmap_get_node:205: TRY: 34
DEBUG: src/lcthw/hashmap.c:Hashmap_get_node:205: TRY: 0
DEBUG: src/lcthw/hashmap.c:Hashmap_get_node:205: TRY: 1
DEBUG: src/lcthw/hashmap.c:Hashmap_get_node:205: TRY: 2
DEBUG: src/lcthw/hashmap.c:Hashmap_get_node:205: TRY: 3
DEBUG: src/lcthw/hashmap.c:Hashmap_get_node:205: TRY: 4
DEBUG: src/lcthw/hashmap.c:Hashmap_get_node:205: TRY: 5
DEBUG: src/lcthw/hashmap.c:Hashmap_get_node:205: TRY: 6
DEBUG: src/lcthw/hashmap.c:Hashmap_get_node:205: TRY: 7
DEBUG: src/lcthw/hashmap.c:Hashmap_get_node:205: TRY: 8
DEBUG: src/lcthw/hashmap.c:Hashmap_get_node:205: TRY: 9
DEBUG: src/lcthw/hashmap.c:Hashmap_get_node:205: TRY: 10
DEBUG: src/lcthw/hashmap.c:Hashmap_get_node:205: TRY: 11
DEBUG: src/lcthw/hashmap.c:Hashmap_get_node:205: TRY: 12
DEBUG: src/lcthw/hashmap.c:Hashmap_get_node:205: TRY: 13
DEBUG: src/lcthw/hashmap.c:Hashmap_get_node:205: TRY: 14
DEBUG: src/lcthw/hashmap.c:Hashmap_get_node:205: TRY: 15
DEBUG: src/lcthw/hashmap.c:Hashmap_get_node:205: TRY: 16
DEBUG: src/lcthw/hashmap.c:Hashmap_get_node:205: TRY: 17
DEBUG: src/lcthw/hashmap.c:Hashmap_get_node:205: TRY: 18
DEBUG: src/lcthw/hashmap.c:Hashmap_get_node:205: TRY: 19
DEBUG: src/lcthw/hashmap.c:Hashmap_get_node:205: TRY: 20
DEBUG: src/lcthw/hashmap.c:Hashmap_get_node:205: TRY: 21
DEBUG: src/lcthw/hashmap.c:Hashmap_get_node:205: TRY: 22
DEBUG: src/lcthw/hashmap.c:Hashmap_get_node:205: TRY: 23
DEBUG: src/lcthw/hashmap.c:Hashmap_get_node:205: TRY: 24
DEBUG: src/lcthw/hashmap.c:Hashmap_get_node:205: TRY: 25
DEBUG: src/lcthw/hashmap.c:Hashmap_get_node:205: TRY: 26
DEBUG: src/lcthw/hashmap.c:Hashmap_get_node:205: TRY: 0
DEBUG: src/lcthw/hashmap.c:Hashmap_get_node:205: TRY: 1
DEBUG: src/lcthw/hashmap.c:Hashmap_get_node:205: TRY: 2
DEBUG: src/lcthw/hashmap.c:Hashmap_get_node:205: TRY: 3
DEBUG: src/lcthw/hashmap.c:Hashmap_get_node:205: TRY: 4
DEBUG: src/lcthw/hashmap.c:Hashmap_get_node:205: TRY: 5
DEBUG: src/lcthw/hashmap.c:Hashmap_get_node:205: TRY: 6
DEBUG: src/lcthw/hashmap.c:Hashmap_get_node:205: TRY: 7
DEBUG: src/lcthw/hashmap.c:Hashmap_get_node:205: TRY: 8
DEBUG: src/lcthw/hashmap.c:Hashmap_get_node:205: TRY: 9
DEBUG: src/lcthw/hashmap.c:Hashmap_get_node:205: TRY: 10
DEBUG: src/lcthw/hashmap.c:Hashmap_get_node:205: TRY: 11
DEBUG: src/lcthw/hashmap.c:Hashmap_get_node:205: TRY: 12
DEBUG: src/lcthw/hashmap.c:Hashmap_get_node:205: TRY: 13
DEBUG: src/lcthw/hashmap.c:Hashmap_get_node:205: TRY: 14
DEBUG: src/lcthw/hashmap.c:Hashmap_get_node:205: TRY: 15
DEBUG: src/lcthw/hashmap.c:Hashmap_get_node:205: TRY: 16
DEBUG: src/lcthw/hashmap.c:Hashmap_get_node:205: TRY: 17
DEBUG: src/lcthw/hashmap.c:Hashmap_get_node:205: TRY: 18
DEBUG: src/lcthw/hashmap.c:Hashmap_get_node:205: TRY: 19
DEBUG: src/lcthw/hashmap.c:Hashmap_get_node:205: TRY: 20
DEBUG: src/lcthw/hashmap.c:Hashmap_get_node:205: TRY: 21
DEBUG: src/lcthw/hashmap.c:Hashmap_get_node:205: TRY: 22
DEBUG: src/lcthw/hashmap.c:Hashmap_get_node:205: TRY: 23
DEBUG: src/lcthw/hashmap.c:Hashmap_get_node:205: TRY: 0
DEBUG: src/lcthw/hashmap.c:Hashmap_get_node:205: TRY: 1
DEBUG: src/lcthw/hashmap.c:Hashmap_get_node:205: TRY: 2
DEBUG: src/lcthw/hashmap.c:Hashmap_get_node:205: TRY: 3
DEBUG: src/lcthw/hashmap.c:Hashmap_get_node:205: TRY: 4
DEBUG: src/lcthw/hashmap.c:Hashmap_get_node:205: TRY: 5
DEBUG: src/lcthw/hashmap.c:Hashmap_get_node:205: TRY: 6
DEBUG: src/lcthw/hashmap.c:Hashmap_get_node:205: TRY: 7
DEBUG: src/lcthw/hashmap.c:Hashmap_get_node:205: TRY: 8
DEBUG: src/lcthw/hashmap.c:Hashmap_get_node:205: TRY: 9
DEBUG: src/lcthw/hashmap.c:Hashmap_get_node:205: TRY: 10
DEBUG: src/lcthw/hashmap.c:Hashmap_get_node:205: TRY: 11
DEBUG: src/lcthw/hashmap.c:Hashmap_get_node:205: TRY: 12
DEBUG: src/lcthw/hashmap.c:Hashmap_get_node:205: TRY: 13
DEBUG: src/lcthw/hashmap.c:Hashmap_get_node:205: TRY: 14
DEBUG: src/lcthw/hashmap.c:Hashmap_get_node:205: TRY: 15
DEBUG: src/lcthw/hashmap.c:Hashmap_get_node:205: TRY: 16
DEBUG: src/lcthw/hashmap.c:Hashmap_get_node:205: TRY: 17
DEBUG: src/lcthw/hashmap.c:Hashmap_get_node:205: TRY: 18
DEBUG: src/lcthw/hashmap.c:Hashmap_get_node:205: TRY: 19
DEBUG: src/lcthw/hashmap.c:Hashmap_get_node:205: TRY: 20
DEBUG: src/lcthw/hashmap.c:Hashmap_get_node:205: TRY: 21
DEBUG: src/lcthw/hashmap.c:Hashmap_get_node:205: TRY: 22
DEBUG: src/lcthw/hashmap.c:Hashmap_get_node:205: TRY: 23
DEBUG: src/lcthw/hashmap.c:Hashmap_get_node:205: TRY: 24
DEBUG: src/lcthw/hashmap.c:Hashmap_get_node:205: TRY: 0
DEBUG: src/lcthw/hashmap.c:Hashmap_get_node:205: TRY: 1
DEBUG: src/lcthw/hashmap.c:Hashmap_get_node:205: TRY: 2
DEBUG: src/lcthw/hashmap.c:Hashmap_get_node:205: TRY: 3
DEBUG: src/lcthw/hashmap.c:Hashmap_get_node:205: TRY: 4
DEBUG: src/lcthw/hashmap.c:Hashmap_get_node:205: TRY: 5
DEBUG: src/lcthw/hashmap.c:Hashmap_get_node:205: TRY: 6
DEBUG: src/lcthw/hashmap.c:Hashmap_get_node:205: TRY: 7
DEBUG: src/lcthw/hashmap.c:Hashmap_get_node:205: TRY: 8
DEBUG: src/lcthw/hashmap.c:Hashmap_get_node:205: TRY: 9
DEBUG: src/lcthw/hashmap.c:Hashmap_get_node:205: TRY: 10
DEBUG: src/lcthw/hashmap.c:Hashmap_get_node:205: TRY: 11
DEBUG: src/lcthw/hashmap.c:Hashmap_get_node:205: TRY: 12
DEBUG: src/lcthw/hashmap.c:Hashmap_get_node:205: TRY: 13
DEBUG: src/lcthw/hashmap.c:Hashmap_get_node:205: TRY: 14
DEBUG: src/lcthw/hashmap.c:Hashmap_get_node:205: TRY: 15
DEBUG: src/lcthw/hashmap.c:Hashmap_get_node:205: TRY: 16
DEBUG: src/lcthw/hashmap.c:Hashmap_get_node:205: TRY: 17
DEBUG: src/lcthw/hashmap.c:Hashmap_get_node:205: TRY: 18
DEBUG: src/lcthw/hashmap.c:Hashmap_get_node:205: TRY: 19
DEBUG: src/lcthw/hashmap.c:Hashmap_get_node:205: TRY: 20
DEBUG: src/lcthw/hashmap.c:Hashmap_get_node:205: TRY: 21
DEBUG: src/lcthw/hashmap.c:Hashmap_get_node:205: TRY: 0
DEBUG: src/lcthw/hashmap.c:Hashmap_get_node:205: TRY: 1
DEBUG: src/lcthw/hashmap.c:Hashmap_get_node:205: TRY: 2
DEBUG: src/lcthw/hashmap.c:Hashmap_get_node:205: TRY: 3
DEBUG: src/lcthw/hashmap.c:Hashmap_get_node:205: TRY: 4
DEBUG: src/lcthw/hashmap.c:Hashmap_get_node:205: TRY: 5
DEBUG: src/lcthw/hashmap.c:Hashmap_get_node:205: TRY: 6
DEBUG: src/lcthw/hashmap.c:Hashmap_get_node:205: TRY: 7
DEBUG: src/lcthw/hashmap.c:Hashmap_get_node:205: TRY: 8
DEBUG: src/lcthw/hashmap.c:Hashmap_get_node:205: TRY: 9
DEBUG: src/lcthw/hashmap.c:Hashmap_get_node:205: TRY: 10
DEBUG: src/lcthw/hashmap.c:Hashmap_get_node:205: TRY: 11
DEBUG: src/lcthw/hashmap.c:Hashmap_get_node:205: TRY: 12
DEBUG: src/lcthw/hashmap.c:Hashmap_get_node:205: TRY: 13
DEBUG: src/lcthw/hashmap.c:Hashmap_get_node:205: TRY: 14
DEBUG: src/lcthw/hashmap.c:Hashmap_get_node:205: TRY: 15
DEBUG: src/lcthw/hashmap.c:Hashmap_get_node:205: TRY: 16
DEBUG: src/lcthw/hashmap.c:Hashmap_get_node:205: TRY: 17
DEBUG: src/lcthw/hashmap.c:Hashmap_get_node:205: TRY: 18
DEBUG: src/lcthw/hashmap.c:Hashmap_get_node:205: TRY: 19
DEBUG: src/lcthw/hashmap.c:Hashmap_get_node:205: TRY: 20
DEBUG: src/lcthw/hashmap.c:Hashmap_get_node:205: TRY: 21
DEBUG: src/lcthw/hashmap.c:Hashmap_get_node:205: TRY: 22
DEBUG: src/lcthw/hashmap.c:Hashmap_get_node:205: TRY: 23
DEBUG: src/lcthw/hashmap.c:Hashmap_get_node:205: TRY: 24
DEBUG: src/lcthw/hashmap.c:Hashmap_get_node:205: TRY: 25
DEBUG: src/lcthw/hashmap.c:Hashmap_get_node:205: TRY: 26
DEBUG: src/lcthw/hashmap.c:Hashmap_get_node:205: TRY: 27
DEBUG: src/lcthw/hashmap.c:Hashmap_get_node:205: TRY: 28
DEBUG: src/lcthw/hashmap.c:Hashmap_get_node:205: TRY: 29
DEBUG: src/lcthw/hashmap.c:Hashmap_get_node:205: TRY: 30
DEBUG: src/lcthw/hashmap.c:Hashmap_get_node:205: TRY: 31
DEBUG: src/lcthw/hashmap.c:Hashmap_get_node:205: TRY: 32
DEBUG: src/lcthw/hashmap.c:Hashmap_get_node:205: TRY: 33
DEBUG: src/lcthw/hashmap.c:Hashmap_get_node:205: TRY: 34
DEBUG: src/lcthw/hashmap.c:Hashmap_get_node:205: TRY: 35
DEBUG: src/lcthw/hashmap.c:Hashmap_get_node:205: TRY: 0
DEBUG: src/lcthw/hashmap.c:Hashmap_get_node:205: TRY: 1
DEBUG: src/lcthw/hashmap.c:Hashmap_get_node:205: TRY: 2
DEBUG: src/lcthw/hashmap.c:Hashmap_get_node:205: TRY: 3
DEBUG: src/lcthw/hashmap.c:Hashmap_get_node:205: TRY: 4
DEBUG: src/lcthw/hashmap.c:Hashmap_get_node:205: TRY: 5
DEBUG: src/lcthw/hashmap.c:Hashmap_get_node:205: TRY: 6
DEBUG: src/lcthw/hashmap.c:Hashmap_get_node:205: TRY: 7
DEBUG: src/lcthw/hashmap.c:Hashmap_get_node:205: TRY: 8
DEBUG: src/lcthw/hashmap.c:Hashmap_get_node:205: TRY: 9
DEBUG: src/lcthw/hashmap.c:Hashmap_get_node:205: TRY: 10
DEBUG: src/lcthw/hashmap.c:Hashmap_get_node:205: TRY: 11
DEBUG: src/lcthw/hashmap.c:Hashmap_get_node:205: TRY: 12
DEBUG: src/lcthw/hashmap.c:Hashmap_get_node:205: TRY: 13
DEBUG: src/lcthw/hashmap.c:Hashmap_get_node:205: TRY: 14
DEBUG: src/lcthw/hashmap.c:Hashmap_get_node:205: TRY: 15
DEBUG: src/lcthw/hashmap.c:Hashmap_get_node:205: TRY: 16
DEBUG: src/lcthw/hashmap.c:Hashmap_get_node:205: TRY: 17
DEBUG: src/lcthw/hashmap.c:Hashmap_get_node:205: TRY: 18
DEBUG: src/lcthw/hashmap.c:Hashmap_get_node:205: TRY: 19
DEBUG: src/lcthw/hashmap.c:Hashmap_get_node:205: TRY: 20
DEBUG: src/lcthw/hashmap.c:Hashmap_get_node:205: TRY: 21
DEBUG: src/lcthw/hashmap.c:Hashmap_get_node:205: TRY: 0
DEBUG: src/lcthw/hashmap.c:Hashmap_get_node:205: TRY: 1
DEBUG: src/lcthw/hashmap.c:Hashmap_get_node:205: TRY: 2
DEBUG: src/lcthw/hashmap.c:Hashmap_get_node:205: TRY: 3
DEBUG: src/lcthw/hashmap.c:Hashmap_get_node:205: TRY: 4
DEBUG: src/lcthw/hashmap.c:Hashmap_get_node:205: TRY: 5
DEBUG: src/lcthw/hashmap.c:Hashmap_get_node:205: TRY: 6
DEBUG: src/lcthw/hashmap.c:Hashmap_get_node:205: TRY: 7
DEBUG: src/lcthw/hashmap.c:Hashmap_get_node:205: TRY: 8
DEBUG: src/lcthw/hashmap.c:Hashmap_get_node:205: TRY: 9
DEBUG: src/lcthw/hashmap.c:Hashmap_get_node:205: TRY: 10
DEBUG: src/lcthw/hashmap.c:Hashmap_get_node:205: TRY: 11
DEBUG: src/lcthw/hashmap.c:Hashmap_get_node:205: TRY: 12
DEBUG: src/lcthw/hashmap.c:Hashmap_get_node:205: TRY: 13
DEBUG: src/lcthw/hashmap.c:Hashmap_get_node:205: TRY: 14
DEBUG: src/lcthw/hashmap.c:Hashmap_get_node:205: TRY: 15
DEBUG: src/lcthw/hashmap.c:Hashmap_get_node:205: TRY: 16
DEBUG: src/lcthw/hashmap.c:Hashmap_get_node:205: TRY: 17
DEBUG: src/lcthw/hashmap.c:Hashmap_get_node:205: TRY: 18
DEBUG: src/lcthw/hashmap.c:Hashmap_get_node:205: TRY: 19
DEBUG: src/lcthw/hashmap.c:Hashmap_get_node:205: TRY: 20
DEBUG: src/lcthw/hashmap.c:Hashmap_get_node:205: TRY: 21
DEBUG: src/lcthw/hashmap.c:Hashmap_get_node:205: TRY: 22
DEBUG: src/lcthw/hashmap.c:Hashmap_get_node:205: TRY: 23
DEBUG: src/lcthw/hashmap.c:Hashmap_get_node:205: TRY: 24
DEBUG: src/lcthw/hashmap.c:Hashmap_get_node:205: TRY: 25
DEBUG: src/lcthw/hashmap.c:Hashmap_get_node:205: TRY: 26
DEBUG: src/lcthw/hashmap.c:Hashmap_get_node:205: TRY: 27
DEBUG: src/lcthw/hashmap.c:Hashmap_get_node:205: TRY: 28
DEBUG: src/lcthw/hashmap.c:Hashmap_get_node:205: TRY: 29
DEBUG: src/lcthw/hashmap.c:Hashmap_get_node:205: TRY: 30
DEBUG: src/lcthw/hashmap.c:Hashmap_get_node:205: TRY: 31
DEBUG: src/lcthw/hashmap.c:Hashmap_get_node:205: TRY: 32
DEBUG: src/lcthw/hashmap.c:Hashmap_get_node:205: TRY: 33
DEBUG: src/lcthw/hashmap.c:Hashmap_get_node:205: TRY: 34
DEBUG: src/lcthw/hashmap.c:Hashmap_get_node:205: TRY: 35
DEBUG: src/lcthw/hashmap.c:Hashmap_get_node:205: TRY: 36
DEBUG: src/lcthw/hashmap.c:Hashmap_get_node:205: TRY: 0
DEBUG: src/lcthw/hashmap.c:Hashmap_get_node:205: TRY: 1
DEBUG: src/lcthw/hashmap.c:Hashmap_get_node:205: TRY: 2
DEBUG: src/lcthw/hashmap.c:Hashmap_get_node:205: TRY: 3
DEBUG: src/lcthw/hashmap.c:Hashmap_get_node:205: TRY: 4
DEBUG: src/lcthw/hashmap.c:Hashmap_get_node:205: TRY: 5
DEBUG: src/lcthw/hashmap.c:Hashmap_get_node:205: TRY: 6
DEBUG: src/lcthw/hashmap.c:Hashmap_get_node:205: TRY: 7
DEBUG: src/lcthw/hashmap.c:Hashmap_get_node:205: TRY: 8
DEBUG: src/lcthw/hashmap.c:Hashmap_get_node:205: TRY: 9
DEBUG: src/lcthw/hashmap.c:Hashmap_get_node:205: TRY: 10
DEBUG: src/lcthw/hashmap.c:Hashmap_get_node:205: TRY: 11
DEBUG: src/lcthw/hashmap.c:Hashmap_get_node:205: TRY: 12
DEBUG: src/lcthw/hashmap.c:Hashmap_get_node:205: TRY: 13
DEBUG: src/lcthw/hashmap.c:Hashmap_get_node:205: TRY: 14
DEBUG: src/lcthw/hashmap.c:Hashmap_get_node:205: TRY: 15
DEBUG: src/lcthw/hashmap.c:Hashmap_get_node:205: TRY: 16
DEBUG: src/lcthw/hashmap.c:Hashmap_get_node:205: TRY: 17
DEBUG: src/lcthw/hashmap.c:Hashmap_get_node:205: TRY: 18
DEBUG: src/lcthw/hashmap.c:Hashmap_get_node:205: TRY: 19
DEBUG: src/lcthw/hashmap.c:Hashmap_get_node:205: TRY: 20
DEBUG: src/lcthw/hashmap.c:Hashmap_get_node:205: TRY: 21
DEBUG: src/lcthw/hashmap.c:Hashmap_get_node:205: TRY: 22
DEBUG: src/lcthw/hashmap.c:Hashmap_get_node:205: TRY: 23
DEBUG: src/lcthw/hashmap.c:Hashmap_get_node:205: TRY: 24
DEBUG: src/lcthw/hashmap.c:Hashmap_get_node:205: TRY: 25
DEBUG: src/lcthw/hashmap.c:Hashmap_get_node:205: TRY: 26
DEBUG: src/lcthw/hashmap.c:Hashmap_get_node:205: TRY: 27
DEBUG: src/lcthw/hashmap.c:Hashmap_get_node:205: TRY: 28
DEBUG: src/lcthw/hashmap.c:Hashmap_get_node:205: TRY: 29
DEBUG: src/lcthw/hashmap.c:Hashmap_get_node:205: TRY: 30
DEBUG: src/lcthw/hashmap.c:Hashmap_get_node:205: TRY: 31
DEBUG: src/lcthw/hashmap.c:Hashmap_get_node:205: TRY: 32
DEBUG: src/lcthw/hashmap.c:Hashmap_get_node:205: TRY: 33
DEBUG: src/lcthw/hashmap.c:Hashmap_get_node:205: TRY: 34
DEBUG: src/lcthw/hashmap.c:Hashmap_get_node:205: TRY: 35
DEBUG: src/lcthw/hashmap.c:Hashmap_get_node:205: TRY: 36
DEBUG: src/lcthw/hashmap.c:Hashmap_get_node:205: TRY: 37
DEBUG: src/lcthw/hashmap.c:Hashmap_get_node:205: TRY: 0
DEBUG: src/lcthw/hashmap.c:Hashmap_get_node:205: TRY: 1
DEBUG: src/lcthw/hashmap.c:Hashmap_get_node:205: TRY: 2
DEBUG: src/lcthw/hashmap.c:Hashmap_get_node:205: TRY: 3
DEBUG: src/lcthw/hashmap.c:Hashmap_get_node:205: TRY: 4
DEBUG: src/lcthw/hashmap.c:Hashmap_get_node:205: TRY: 5
DEBUG: src/lcthw/hashmap.c:Hashmap_get_node:205: TRY: 6
DEBUG: src/lcthw/hashmap.c:Hashmap_get_node:205: TRY: 7
DEBUG: src/lcthw/hashmap.c:Hashmap_get_node:205: TRY: 8
DEBUG: src/lcthw/hashmap.c:Hashmap_get_node:205: TRY: 9
DEBUG: src/lcthw/hashmap.c:Hashmap_get_node:205: TRY: 10
DEBUG: src/lcthw/hashmap.c:Hashmap_get_node:205: TRY: 11
DEBUG: src/lcthw/hashmap.c:Hashmap_get_node:205: TRY: 12
DEBUG: src/lcthw/hashmap.c:Hashmap_get_node:205: TRY: 13
DEBUG: src/lcthw/hashmap.c:Hashmap_get_node:205: TRY: 14
DEBUG: src/lcthw/hashmap.c:Hashmap_get_node:205: TRY: 15
DEBUG: src/lcthw/hashmap.c:Hashmap_get_node:205: TRY: 16
DEBUG: src/lcthw/hashmap.c:Hashmap_get_node:205: TRY: 17
DEBUG: src/lcthw/hashmap.c:Hashmap_get_node:205: TRY: 18
DEBUG: src/lcthw/hashmap.c:Hashmap_get_node:205: TRY: 19
DEBUG: src/lcthw/hashmap.c:Hashmap_get_node:205: TRY: 20
DEBUG: src/lcthw/hashmap.c:Hashmap_get_node:205: TRY: 21
DEBUG: src/lcthw/hashmap.c:Hashmap_get_node:205: TRY: 22
DEBUG: src/lcthw/hashmap.c:Hashmap_get_node:205: TRY: 23
DEBUG: src/lcthw/hashmap.c:Hashmap_get_node:205: TRY: 24
DEBUG: src/lcthw/hashmap.c:Hashmap_get_node:205: TRY: 25
DEBUG: src/lcthw/hashmap.c:Hashmap_get_node:205: TRY: 26
DEBUG: src/lcthw/hashmap.c:Hashmap_get_node:205: TRY: 0
DEBUG: src/lcthw/hashmap.c:Hashmap_get_node:205: TRY: 1
DEBUG: src/lcthw/hashmap.c:Hashmap_get_node:205: TRY: 2
DEBUG: src/lcthw/hashmap.c:Hashmap_get_node:205: TRY: 3
DEBUG: src/lcthw/hashmap.c:Hashmap_get_node:205: TRY: 4
DEBUG: src/lcthw/hashmap.c:Hashmap_get_node:205: TRY: 5
DEBUG: src/lcthw/hashmap.c:Hashmap_get_node:205: TRY: 6
DEBUG: src/lcthw/hashmap.c:Hashmap_get_node:205: TRY: 7
DEBUG: src/lcthw/hashmap.c:Hashmap_get_node:205: TRY: 8
DEBUG: src/lcthw/hashmap.c:Hashmap_get_node:205: TRY: 9
DEBUG: src/lcthw/hashmap.c:Hashmap_get_node:205: TRY: 10
DEBUG: src/lcthw/hashmap.c:Hashmap_get_node:205: TRY: 11
DEBUG: src/lcthw/hashmap.c:Hashmap_get_node:205: TRY: 12
DEBUG: src/lcthw/hashmap.c:Hashmap_get_node:205: TRY: 13
DEBUG: src/lcthw/hashmap.c:Hashmap_get_node:205: TRY: 14
DEBUG: src/lcthw/hashmap.c:Hashmap_get_node:205: TRY: 15
DEBUG: src/lcthw/hashmap.c:Hashmap_get_node:205: TRY: 16
DEBUG: src/lcthw/hashmap.c:Hashmap_get_node:205: TRY: 17
DEBUG: src/lcthw/hashmap.c:Hashmap_get_node:205: TRY: 18
DEBUG: src/lcthw/hashmap.c:Hashmap_get_node:205: TRY: 19
DEBUG: src/lcthw/hashmap.c:Hashmap_get_node:205: TRY: 20
DEBUG: src/lcthw/hashmap.c:Hashmap_get_node:205: TRY: 21
DEBUG: src/lcthw/hashmap.c:Hashmap_get_node:205: TRY: 22
DEBUG: src/lcthw/hashmap.c:Hashmap_get_node:205: TRY: 23
DEBUG: src/lcthw/hashmap.c:Hashmap_get_node:205: TRY: 24
DEBUG: src/lcthw/hashmap.c:Hashmap_get_node:205: TRY: 25
DEBUG: src/lcthw/hashmap.c:Hashmap_get_node:205: TRY: 26
DEBUG: src/lcthw/hashmap.c:Hashmap_get_node:205: TRY: 27
DEBUG: src/lcthw/hashmap.c:Hashmap_get_node:205: TRY: 28
DEBUG: src/lcthw/hashmap.c:Hashmap_get_node:205: TRY: 29
DEBUG: src/lcthw/hashmap.c:Hashmap_get_node:205: TRY: 30
DEBUG: src/lcthw/hashmap.c:Hashmap_get_node:205: TRY: 31
DEBUG: src/lcthw/hashmap.c:Hashmap_get_node:205: TRY: 32
DEBUG: src/lcthw/hashmap.c:Hashmap_get_node:205: TRY: 33
DEBUG: src/lcthw/hashmap.c:Hashmap_get_node:205: TRY: 34
DEBUG: src/lcthw/hashmap.c:Hashmap_get_node:205: TRY: 35
DEBUG: src/lcthw/hashmap.c:Hashmap_get_node:205: TRY: 36
DEBUG: src/lcthw/hashmap.c:Hashmap_get_node:205: TRY: 37
DEBUG: src/lcthw/hashmap.c:Hashmap_get_node:205: TRY: 38
DEBUG: src/lcthw/hashmap.c:Hashmap_get_node:205: TRY: 0
DEBUG: src/lcthw/hashmap.c:Hashmap_get_node:205: TRY: 1
DEBUG: src/lcthw/hashmap.c:Hashmap_get_node:205: TRY: 2
DEBUG: src/lcthw/hashmap.c:Hashmap_get_node:205: TRY: 3
DEBUG: src/lcthw/hashmap.c:Hashmap_get_node:205: TRY: 4
DEBUG: src/lcthw/hashmap.c:Hashmap_get_node:205: TRY: 5
DEBUG: src/lcthw/hashmap.c:Hashmap_get_node:205: TRY: 6
DEBUG: src/lcthw/hashmap.c:Hashmap_get_node:205: TRY: 7
DEBUG: src/lcthw/hashmap.c:Hashmap_get_node:205: TRY: 8
DEBUG: src/lcthw/hashmap.c:Hashmap_get_node:205: TRY: 9
DEBUG: src/lcthw/hashmap.c:Hashmap_get_node:205: TRY: 10
DEBUG: src/lcthw/hashmap.c:Hashmap_get_node:205: TRY: 11
DEBUG: src/lcthw/hashmap.c:Hashmap_get_node:205: TRY: 12
DEBUG: src/lcthw/hashmap.c:Hashmap_get_node:205: TRY: 13
DEBUG: src/lcthw/hashmap.c:Hashmap_get_node:205: TRY: 14
DEBUG: src/lcthw/hashmap.c:Hashmap_get_node:205: TRY: 15
DEBUG: src/lcthw/hashmap.c:Hashmap_get_node:205: TRY: 16
DEBUG: src/lcthw/hashmap.c:Hashmap_get_node:205: TRY: 17
DEBUG: src/lcthw/hashmap.c:Hashmap_get_node:205: TRY: 18
DEBUG: src/lcthw/hashmap.c:Hashmap_get_node:205: TRY: 19
DEBUG: src/lcthw/hashmap.c:Hashmap_get_node:205: TRY: 20
DEBUG: src/lcthw/hashmap.c:Hashmap_get_node:205: TRY: 21
DEBUG: src/lcthw/hashmap.c:Hashmap_get_node:205: TRY: 22
DEBUG: src/lcthw/hashmap.c:Hashmap_get_node:205: TRY: 0
DEBUG: src/lcthw/hashmap.c:Hashmap_get_node:205: TRY: 1
DEBUG: src/lcthw/hashmap.c:Hashmap_get_node:205: TRY: 2
DEBUG: src/lcthw/hashmap.c:Hashmap_get_node:205: TRY: 3
DEBUG: src/lcthw/hashmap.c:Hashmap_get_node:205: TRY: 4
DEBUG: src/lcthw/hashmap.c:Hashmap_get_node:205: TRY: 5
DEBUG: src/lcthw/hashmap.c:Hashmap_get_node:205: TRY: 6
DEBUG: src/lcthw/hashmap.c:Hashmap_get_node:205: TRY: 7
DEBUG: src/lcthw/hashmap.c:Hashmap_get_node:205: TRY: 8
DEBUG: src/lcthw/hashmap.c:Hashmap_get_node:205: TRY: 9
DEBUG: src/lcthw/hashmap.c:Hashmap_get_node:205: TRY: 10
DEBUG: src/lcthw/hashmap.c:Hashmap_get_node:205: TRY: 11
DEBUG: src/lcthw/hashmap.c:Hashmap_get_node:205: TRY: 12
DEBUG: src/lcthw/hashmap.c:Hashmap_get_node:205: TRY: 13
DEBUG: src/lcthw/hashmap.c:Hashmap_get_node:205: TRY: 14
DEBUG: src/lcthw/hashmap.c:Hashmap_get_node:205: TRY: 15
DEBUG: src/lcthw/hashmap.c:Hashmap_get_node:205: TRY: 16
DEBUG: src/lcthw/hashmap.c:Hashmap_get_node:205: TRY: 17
DEBUG: src/lcthw/hashmap.c:Hashmap_get_node:205: TRY: 18
DEBUG: src/lcthw/hashmap.c:Hashmap_get_node:205: TRY: 19
DEBUG: src/lcthw/hashmap.c:Hashmap_get_node:205: TRY: 20
DEBUG: src/lcthw/hashmap.c:Hashmap_get_node:205: TRY: 0
DEBUG: src/lcthw/hashmap.c:Hashmap_get_node:205: TRY: 1
DEBUG: src/lcthw/hashmap.c:Hashmap_get_node:205: TRY: 2
DEBUG: src/lcthw/hashmap.c:Hashmap_get_node:205: TRY: 3
DEBUG: src/lcthw/hashmap.c:Hashmap_get_node:205: TRY: 4
DEBUG: src/lcthw/hashmap.c:Hashmap_get_node:205: TRY: 5
DEBUG: src/lcthw/hashmap.c:Hashmap_get_node:205: TRY: 6
DEBUG: src/lcthw/hashmap.c:Hashmap_get_node:205: TRY: 7
DEBUG: src/lcthw/hashmap.c:Hashmap_get_node:205: TRY: 8
DEBUG: src/lcthw/hashmap.c:Hashmap_get_node:205: TRY: 9
DEBUG: src/lcthw/hashmap.c:Hashmap_get_node:205: TRY: 10
DEBUG: src/lcthw/hashmap.c:Hashmap_get_node:205: TRY: 11
DEBUG: src/lcthw/hashmap.c:Hashmap_get_node:205: TRY: 12
DEBUG: src/lcthw/hashmap.c:Hashmap_get_node:205: TRY: 13
DEBUG: src/lcthw/hashmap.c:Hashmap_get_node:205: TRY: 14
DEBUG: src/lcthw/hashmap.c:Hashmap_get_node:205: TRY: 15
DEBUG: src/lcthw/hashmap.c:Hashmap_get_node:205: TRY: 16
DEBUG: src/lcthw/hashmap.c:Hashmap_get_node:205: TRY: 17
DEBUG: src/lcthw/hashmap.c:Hashmap_get_node:205: TRY: 18
DEBUG: src/lcthw/hashmap.c:Hashmap_get_node:205: TRY: 19
DEBUG: src/lcthw/hashmap.c:Hashmap_get_node:205: TRY: 20
DEBUG: src/lcthw/hashmap.c:Hashmap_get_node:205: TRY: 21
DEBUG: src/lcthw/hashmap.c:Hashmap_get_node:205: TRY: 22
DEBUG: src/lcthw/hashmap.c:Hashmap_get_node:205: TRY: 23
DEBUG: src/lcthw/hashmap.c:Hashmap_get_node:205: TRY: 24
DEBUG: src/lcthw/hashmap.c:Hashmap_get_node:205: TRY: 0
DEBUG: src/lcthw/hashmap.c:Hashmap_get_node:205: TRY: 1
DEBUG: src/lcthw/hashmap.c:Hashmap_get_node:205: TRY: 2
DEBUG: src/lcthw/hashmap.c:Hashmap_get_node:205: TRY: 3
DEBUG: src/lcthw/hashmap.c:Hashmap_get_node:205: TRY: 4
DEBUG: src/lcthw/hashmap.c:Hashmap_get_node:205: TRY: 5
DEBUG: src/lcthw/hashmap.c:Hashmap_get_node:205: TRY: 6
DEBUG: src/lcthw/hashmap.c:Hashmap_get_node:205: TRY: 7
DEBUG: src/lcthw/hashmap.c:Hashmap_get_node:205: TRY: 8
DEBUG: src/lcthw/hashmap.c:Hashmap_get_node:205: TRY: 9
DEBUG: src/lcthw/hashmap.c:Hashmap_get_node:205: TRY: 10
DEBUG: src/lcthw/hashmap.c:Hashmap_get_node:205: TRY: 11
DEBUG: src/lcthw/hashmap.c:Hashmap_get_node:205: TRY: 12
DEBUG: src/lcthw/hashmap.c:Hashmap_get_node:205: TRY: 13
DEBUG: src/lcthw/hashmap.c:Hashmap_get_node:205: TRY: 14
DEBUG: src/lcthw/hashmap.c:Hashmap_get_node:205: TRY: 15
DEBUG: src/lcthw/hashmap.c:Hashmap_get_node:205: TRY: 16
DEBUG: src/lcthw/hashmap.c:Hashmap_get_node:205: TRY: 17
DEBUG: src/lcthw/hashmap.c:Hashmap_get_node:205: TRY: 18
DEBUG: src/lcthw/hashmap.c:Hashmap_get_node:205: TRY: 19
DEBUG: src/lcthw/hashmap.c:Hashmap_get_node:205: TRY: 20
DEBUG: src/lcthw/hashmap.c:Hashmap_get_node:205: TRY: 21
DEBUG: src/lcthw/hashmap.c:Hashmap_get_node:205: TRY: 22
DEBUG: src/lcthw/hashmap.c:Hashmap_get_node:205: TRY: 23
DEBUG: src/lcthw/hashmap.c:Hashmap_get_node:205: TRY: 24
DEBUG: src/lcthw/hashmap.c:Hashmap_get_node:205: TRY: 25
DEBUG: src/lcthw/hashmap.c:Hashmap_get_node:205: TRY: 0
DEBUG: src/lcthw/hashmap.c:Hashmap_get_node:205: TRY: 1
DEBUG: src/lcthw/hashmap.c:Hashmap_get_node:205: TRY: 2
DEBUG: src/lcthw/hashmap.c:Hashmap_get_node:205: TRY: 3
DEBUG: src/lcthw/hashmap.c:Hashmap_get_node:205: TRY: 4
DEBUG: src/lcthw/hashmap.c:Hashmap_get_node:205: TRY: 5
DEBUG: src/lcthw/hashmap.c:Hashmap_get_node:205: TRY: 6
DEBUG: src/lcthw/hashmap.c:Hashmap_get_node:205: TRY: 7
DEBUG: src/lcthw/hashmap.c:Hashmap_get_node:205: TRY: 8
DEBUG: src/lcthw/hashmap.c:Hashmap_get_node:205: TRY: 9
DEBUG: src/lcthw/hashmap.c:Hashmap_get_node:205: TRY: 10
DEBUG: src/lcthw/hashmap.c:Hashmap_get_node:205: TRY: 11
DEBUG: src/lcthw/hashmap.c:Hashmap_get_node:205: TRY: 12
DEBUG: src/lcthw/hashmap.c:Hashmap_get_node:205: TRY: 13
DEBUG: src/lcthw/hashmap.c:Hashmap_get_node:205: TRY: 14
DEBUG: src/lcthw/hashmap.c:Hashmap_get_node:205: TRY: 15
DEBUG: src/lcthw/hashmap.c:Hashmap_get_node:205: TRY: 16
DEBUG: src/lcthw/hashmap.c:Hashmap_get_node:205: TRY: 17
DEBUG: src/lcthw/hashmap.c:Hashmap_get_node:205: TRY: 18
DEBUG: src/lcthw/hashmap.c:Hashmap_get_node:205: TRY: 19
DEBUG: src/lcthw/hashmap.c:Hashmap_get_node:205: TRY: 20
DEBUG: src/lcthw/hashmap.c:Hashmap_get_node:205: TRY: 21
DEBUG: src/lcthw/hashmap.c:Hashmap_get_node:205: TRY: 22
DEBUG: src/lcthw/hashmap.c:Hashmap_get_node:205: TRY: 23
DEBUG: src/lcthw/hashmap.c:Hashmap_get_node:205: TRY: 24
DEBUG: src/lcthw/hashmap.c:Hashmap_get_node:205: TRY: 25
DEBUG: src/lcthw/hashmap.c:Hashmap_get_node:205: TRY: 26
DEBUG: src/lcthw/hashmap.c:Hashmap_get_node:205: TRY: 27
DEBUG: src/lcthw/hashmap.c:Hashmap_get_node:205: TRY: 28
DEBUG: src/lcthw/hashmap.c:Hashmap_get_node:205: TRY: 29
DEBUG: src/lcthw/hashmap.c:Hashmap_get_node:205: TRY: 30
DEBUG: src/lcthw/hashmap.c:Hashmap_get_node:205: TRY: 31
DEBUG: src/lcthw/hashmap.c:Hashmap_get_node:205: TRY: 32
DEBUG: src/lcthw/hashmap.c:Hashmap_get_node:205: TRY: 33
DEBUG: src/lcthw/hashmap.c:Hashmap_get_node:205: TRY: 34
DEBUG: src/lcthw/hashmap.c:Hashmap_get_node:205: TRY: 35
DEBUG: src/lcthw/hashmap.c:Hashmap_get_node:205: TRY: 36
DEBUG: src/lcthw/hashmap.c:Hashmap_get_node:205: TRY: 37
DEBUG: src/lcthw/hashmap.c:Hashmap_get_node:205: TRY: 38
DEBUG: src/lcthw/hashmap.c:Hashmap_get_node:205: TRY: 39
DEBUG: src/lcthw/hashmap.c:Hashmap_get_node:205: TRY: 0
DEBUG: src/lcthw/hashmap.c:Hashmap_get_node:205: TRY: 1
DEBUG: src/lcthw/hashmap.c:Hashmap_get_node:205: TRY: 2
DEBUG: src/lcthw/hashmap.c:Hashmap_get_node:205: TRY: 3
DEBUG: src/lcthw/hashmap.c:Hashmap_get_node:205: TRY: 4
DEBUG: src/lcthw/hashmap.c:Hashmap_get_node:205: TRY: 5
DEBUG: src/lcthw/hashmap.c:Hashmap_get_node:205: TRY: 6
DEBUG: src/lcthw/hashmap.c:Hashmap_get_node:205: TRY: 7
DEBUG: src/lcthw/hashmap.c:Hashmap_get_node:205: TRY: 8
DEBUG: src/lcthw/hashmap.c:Hashmap_get_node:205: TRY: 9
DEBUG: src/lcthw/hashmap.c:Hashmap_get_node:205: TRY: 10
DEBUG: src/lcthw/hashmap.c:Hashmap_get_node:205: TRY: 11
DEBUG: src/lcthw/hashmap.c:Hashmap_get_node:205: TRY: 12
DEBUG: src/lcthw/hashmap.c:Hashmap_get_node:205: TRY: 13
DEBUG: src/lcthw/hashmap.c:Hashmap_get_node:205: TRY: 14
DEBUG: src/lcthw/hashmap.c:Hashmap_get_node:205: TRY: 15
DEBUG: src/lcthw/hashmap.c:Hashmap_get_node:205: TRY: 16
DEBUG: src/lcthw/hashmap.c:Hashmap_get_node:205: TRY: 17
DEBUG: src/lcthw/hashmap.c:Hashmap_get_node:205: TRY: 18
DEBUG: src/lcthw/hashmap.c:Hashmap_get_node:205: TRY: 19
DEBUG: src/lcthw/hashmap.c:Hashmap_get_node:205: TRY: 20
DEBUG: src/lcthw/hashmap.c:Hashmap_get_node:205: TRY: 21
DEBUG: src/lcthw/hashmap.c:Hashmap_get_node:205: TRY: 22
DEBUG: src/lcthw/hashmap.c:Hashmap_get_node:205: TRY: 23
DEBUG: src/lcthw/hashmap.c:Hashmap_get_node:205: TRY: 24
DEBUG: src/lcthw/hashmap.c:Hashmap_get_node:205: TRY: 25
DEBUG: src/lcthw/hashmap.c:Hashmap_get_node:205: TRY: 26
DEBUG: src/lcthw/hashmap.c:Hashmap_get_node:205: TRY: 27
DEBUG: src/lcthw/hashmap.c:Hashmap_get_node:205: TRY: 0
DEBUG: src/lcthw/hashmap.c:Hashmap_get_node:205: TRY: 1
DEBUG: src/lcthw/hashmap.c:Hashmap_get_node:205: TRY: 2
DEBUG: src/lcthw/hashmap.c:Hashmap_get_node:205: TRY: 3
DEBUG: src/lcthw/hashmap.c:Hashmap_get_node:205: TRY: 4
DEBUG: src/lcthw/hashmap.c:Hashmap_get_node:205: TRY: 5
DEBUG: src/lcthw/hashmap.c:Hashmap_get_node:205: TRY: 6
DEBUG: src/lcthw/hashmap.c:Hashmap_get_node:205: TRY: 7
DEBUG: src/lcthw/hashmap.c:Hashmap_get_node:205: TRY: 8
DEBUG: src/lcthw/hashmap.c:Hashmap_get_node:205: TRY: 9
DEBUG: src/lcthw/hashmap.c:Hashmap_get_node:205: TRY: 10
DEBUG: src/lcthw/hashmap.c:Hashmap_get_node:205: TRY: 11
DEBUG: src/lcthw/hashmap.c:Hashmap_get_node:205: TRY: 12
DEBUG: src/lcthw/hashmap.c:Hashmap_get_node:205: TRY: 13
DEBUG: src/lcthw/hashmap.c:Hashmap_get_node:205: TRY: 14
DEBUG: src/lcthw/hashmap.c:Hashmap_get_node:205: TRY: 15
DEBUG: src/lcthw/hashmap.c:Hashmap_get_node:205: TRY: 16
DEBUG: src/lcthw/hashmap.c:Hashmap_get_node:205: TRY: 17
DEBUG: src/lcthw/hashmap.c:Hashmap_get_node:205: TRY: 18
DEBUG: src/lcthw/hashmap.c:Hashmap_get_node:205: TRY: 19
DEBUG: src/lcthw/hashmap.c:Hashmap_get_node:205: TRY: 20
DEBUG: src/lcthw/hashmap.c:Hashmap_get_node:205: TRY: 21
DEBUG: src/lcthw/hashmap.c:Hashmap_get_node:205: TRY: 22
DEBUG: src/lcthw/hashmap.c:Hashmap_get_node:205: TRY: 23
DEBUG: src/lcthw/hashmap.c:Hashmap_get_node:205: TRY: 24
DEBUG: src/lcthw/hashmap.c:Hashmap_get_node:205: TRY: 25
DEBUG: src/lcthw/hashmap.c:Hashmap_get_node:205: TRY: 26
DEBUG: src/lcthw/hashmap.c:Hashmap_get_node:205: TRY: 27
DEBUG: src/lcthw/hashmap.c:Hashmap_get_node:205: TRY: 28
DEBUG: src/lcthw/hashmap.c:Hashmap_get_node:205: TRY: 29
DEBUG: src/lcthw/hashmap.c:Hashmap_get_node:205: TRY: 30
DEBUG: src/lcthw/hashmap.c:Hashmap_get_node:205: TRY: 31
DEBUG: src/lcthw/hashmap.c:Hashmap_get_node:205: TRY: 32
DEBUG: src/lcthw/hashmap.c:Hashmap_get_node:205: TRY: 33
DEBUG: src/lcthw/hashmap.c:Hashmap_get_node:205: TRY: 34
DEBUG: src/lcthw/hashmap.c:Hashmap_get_node:205: TRY: 35
DEBUG: src/lcthw/hashmap.c:Hashmap_get_node:205: TRY: 36
DEBUG: src/lcthw/hashmap.c:Hashmap_get_node:205: TRY: 37
DEBUG: src/lcthw/hashmap.c:Hashmap_get_node:205: TRY: 38
DEBUG: src/lcthw/hashmap.c:Hashmap_get_node:205: TRY: 39
DEBUG: src/lcthw/hashmap.c:Hashmap_get_node:205: TRY: 40
DEBUG: src/lcthw/hashmap.c:Hashmap_get_node:205: TRY: 0
DEBUG: src/lcthw/hashmap.c:Hashmap_get_node:205: TRY: 1
DEBUG: src/lcthw/hashmap.c:Hashmap_get_node:205: TRY: 2
DEBUG: src/lcthw/hashmap.c:Hashmap_get_node:205: TRY: 3
DEBUG: src/lcthw/hashmap.c:Hashmap_get_node:205: TRY: 4
DEBUG: src/lcthw/hashmap.c:Hashmap_get_node:205: TRY: 5
DEBUG: src/lcthw/hashmap.c:Hashmap_get_node:205: TRY: 6
DEBUG: src/lcthw/hashmap.c:Hashmap_get_node:205: TRY: 7
DEBUG: src/lcthw/hashmap.c:Hashmap_get_node:205: TRY: 8
DEBUG: src/lcthw/hashmap.c:Hashmap_get_node:205: TRY: 9
DEBUG: src/lcthw/hashmap.c:Hashmap_get_node:205: TRY: 10
DEBUG: src/lcthw/hashmap.c:Hashmap_get_node:205: TRY: 11
DEBUG: src/lcthw/hashmap.c:Hashmap_get_node:205: TRY: 12
DEBUG: src/lcthw/hashmap.c:Hashmap_get_node:205: TRY: 13
DEBUG: src/lcthw/hashmap.c:Hashmap_get_node:205: TRY: 14
DEBUG: src/lcthw/hashmap.c:Hashmap_get_node:205: TRY: 15
DEBUG: src/lcthw/hashmap.c:Hashmap_get_node:205: TRY: 16
DEBUG: src/lcthw/hashmap.c:Hashmap_get_node:205: TRY: 17
DEBUG: src/lcthw/hashmap.c:Hashmap_get_node:205: TRY: 18
DEBUG: src/lcthw/hashmap.c:Hashmap_get_node:205: TRY: 19
DEBUG: src/lcthw/hashmap.c:Hashmap_get_node:205: TRY: 20
DEBUG: src/lcthw/hashmap.c:Hashmap_get_node:205: TRY: 21
DEBUG: src/lcthw/hashmap.c:Hashmap_get_node:205: TRY: 22
DEBUG: src/lcthw/hashmap.c:Hashmap_get_node:205: TRY: 23
DEBUG: src/lcthw/hashmap.c:Hashmap_get_node:205: TRY: 24
DEBUG: src/lcthw/hashmap.c:Hashmap_get_node:205: TRY: 25
DEBUG: src/lcthw/hashmap.c:Hashmap_get_node:205: TRY: 26
DEBUG: src/lcthw/hashmap.c:Hashmap_get_node:205: TRY: 27
DEBUG: src/lcthw/hashmap.c:Hashmap_get_node:205: TRY: 0
DEBUG: src/lcthw/hashmap.c:Hashmap_get_node:205: TRY: 1
DEBUG: src/lcthw/hashmap.c:Hashmap_get_node:205: TRY: 2
DEBUG: src/lcthw/hashmap.c:Hashmap_get_node:205: TRY: 3
DEBUG: src/lcthw/hashmap.c:Hashmap_get_node:205: TRY: 4
DEBUG: src/lcthw/hashmap.c:Hashmap_get_node:205: TRY: 5
DEBUG: src/lcthw/hashmap.c:Hashmap_get_node:205: TRY: 6
DEBUG: src/lcthw/hashmap.c:Hashmap_get_node:205: TRY: 7
DEBUG: src/lcthw/hashmap.c:Hashmap_get_node:205: TRY: 8
DEBUG: src/lcthw/hashmap.c:Hashmap_get_node:205: TRY: 9
DEBUG: src/lcthw/hashmap.c:Hashmap_get_node:205: TRY: 10
DEBUG: src/lcthw/hashmap.c:Hashmap_get_node:205: TRY: 11
DEBUG: src/lcthw/hashmap.c:Hashmap_get_node:205: TRY: 12
DEBUG: src/lcthw/hashmap.c:Hashmap_get_node:205: TRY: 13
DEBUG: src/lcthw/hashmap.c:Hashmap_get_node:205: TRY: 14
DEBUG: src/lcthw/hashmap.c:Hashmap_get_node:205: TRY: 15
DEBUG: src/lcthw/hashmap.c:Hashmap_get_node:205: TRY: 16
DEBUG: src/lcthw/hashmap.c:Hashmap_get_node:205: TRY: 17
DEBUG: src/lcthw/hashmap.c:Hashmap_get_node:205: TRY: 18
DEBUG: src/lcthw/hashmap.c:Hashmap_get_node:205: TRY: 19
DEBUG: src/lcthw/hashmap.c:Hashmap_get_node:205: TRY: 20
DEBUG: src/lcthw/hashmap.c:Hashmap_get_node:205: TRY: 21
DEBUG: src/lcthw/hashmap.c:Hashmap_get_node:205: TRY: 22
DEBUG: src/lcthw/hashmap.c:Hashmap_get_node:205: TRY: 23
DEBUG: src/lcthw/hashmap.c:Hashmap_get_node:205: TRY: 0
DEBUG: src/lcthw/hashmap.c:Hashmap_get_node:205: TRY: 1
DEBUG: src/lcthw/hashmap.c:Hashmap_get_node:205: TRY: 2
DEBUG: src/lcthw/hashmap.c:Hashmap_get_node:205: TRY: 3
DEBUG: src/lcthw/hashmap.c:Hashmap_get_node:205: TRY: 4
DEBUG: src/lcthw/hashmap.c:Hashmap_get_node:205: TRY: 5
DEBUG: src/lcthw/hashmap.c:Hashmap_get_node:205: TRY: 6
DEBUG: src/lcthw/hashmap.c:Hashmap_get_node:205: TRY: 7
DEBUG: src/lcthw/hashmap.c:Hashmap_get_node:205: TRY: 8
DEBUG: src/lcthw/hashmap.c:Hashmap_get_node:205: TRY: 9
DEBUG: src/lcthw/hashmap.c:Hashmap_get_node:205: TRY: 10
DEBUG: src/lcthw/hashmap.c:Hashmap_get_node:205: TRY: 11
DEBUG: src/lcthw/hashmap.c:Hashmap_get_node:205: TRY: 12
DEBUG: src/lcthw/hashmap.c:Hashmap_get_node:205: TRY: 13
DEBUG: src/lcthw/hashmap.c:Hashmap_get_node:205: TRY: 14
DEBUG: src/lcthw/hashmap.c:Hashmap_get_node:205: TRY: 15
DEBUG: src/lcthw/hashmap.c:Hashmap_get_node:205: TRY: 16
DEBUG: src/lcthw/hashmap.c:Hashmap_get_node:205: TRY: 17
DEBUG: src/lcthw/hashmap.c:Hashmap_get_node:205: TRY: 18
DEBUG: src/lcthw/hashmap.c:Hashmap_get_node:205: TRY: 19
DEBUG: src/lcthw/hashmap.c:Hashmap_get_node:205: TRY: 20
DEBUG: src/lcthw/hashmap.c:Hashmap_get_node:205: TRY: 21
DEBUG: src/lcthw/hashmap.c:Hashmap_get_node:205: TRY: 22
DEBUG: src/lcthw/hashmap.c:Hashmap_get_node:205: TRY: 23
DEBUG: src/lcthw/hashmap.c:Hashmap_get_node:205: TRY: 24
DEBUG: src/lcthw/hashmap.c:Hashmap_get_node:205: TRY: 25
DEBUG: src/lcthw/hashmap.c:Hashmap_get_node:205: TRY: 0
DEBUG: src/lcthw/hashmap.c:Hashmap_get_node:205: TRY: 1
DEBUG: src/lcthw/hashmap.c:Hashmap_get_node:205: TRY: 2
DEBUG: src/lcthw/hashmap.c:Hashmap_get_node:205: TRY: 3
DEBUG: src/lcthw/hashmap.c:Hashmap_get_node:205: TRY: 4
DEBUG: src/lcthw/hashmap.c:Hashmap_get_node:205: TRY: 5
DEBUG: src/lcthw/hashmap.c:Hashmap_get_node:205: TRY: 6
DEBUG: src/lcthw/hashmap.c:Hashmap_get_node:205: TRY: 7
DEBUG: src/lcthw/hashmap.c:Hashmap_get_node:205: TRY: 8
DEBUG: src/lcthw/hashmap.c:Hashmap_get_node:205: TRY: 9
DEBUG: src/lcthw/hashmap.c:Hashmap_get_node:205: TRY: 10
DEBUG: src/lcthw/hashmap.c:Hashmap_get_node:205: TRY: 11
DEBUG: src/lcthw/hashmap.c:Hashmap_get_node:205: TRY: 12
DEBUG: src/lcthw/hashmap.c:Hashmap_get_node:205: TRY: 13
DEBUG: src/lcthw/hashmap.c:Hashmap_get_node:205: TRY: 14
DEBUG: src/lcthw/hashmap.c:Hashmap_get_node:205: TRY: 15
DEBUG: src/lcthw/hashmap.c:Hashmap_get_node:205: TRY: 16
DEBUG: src/lcthw/hashmap.c:Hashmap_get_node:205: TRY: 17
DEBUG: src/lcthw/hashmap.c:Hashmap_get_node:205: TRY: 18
DEBUG: src/lcthw/hashmap.c:Hashmap_get_node:205: TRY: 19
DEBUG: src/lcthw/hashmap.c:Hashmap_get_node:205: TRY: 20
DEBUG: src/lcthw/hashmap.c:Hashmap_get_node:205: TRY: 21
DEBUG: src/lcthw/hashmap.c:Hashmap_get_node:205: TRY: 22
DEBUG: src/lcthw/hashmap.c:Hashmap_get_node:205: TRY: 23
DEBUG: src/lcthw/hashmap.c:Hashmap_get_node:205: TRY: 24
DEBUG: src/lcthw/hashmap.c:Hashmap_get_node:205: TRY: 25
DEBUG: src/lcthw/hashmap.c:Hashmap_get_node:205: TRY: 26
DEBUG: src/lcthw/hashmap.c:Hashmap_get_node:205: TRY: 27
DEBUG: src/lcthw/hashmap.c:Hashmap_get_node:205: TRY: 28
DEBUG: src/lcthw/hashmap.c:Hashmap_get_node:205: TRY: 29
DEBUG: src/lcthw/hashmap.c:Hashmap_get_node:205: TRY: 30
DEBUG: src/lcthw/hashmap.c:Hashmap_get_node:205: TRY: 31
DEBUG: src/lcthw/hashmap.c:Hashmap_get_node:205: TRY: 32
DEBUG: src/lcthw/hashmap.c:Hashmap_get_node:205: TRY: 33
DEBUG: src/lcthw/hashmap.c:Hashmap_get_node:205: TRY: 34
DEBUG: src/lcthw/hashmap.c:Hashmap_get_node:205: TRY: 35
DEBUG: src/lcthw/hashmap.c:Hashmap_get_node:205: TRY: 36
DEBUG: src/lcthw/hashmap.c:Hashmap_get_node:205: TRY: 37
DEBUG: src/lcthw/hashmap.c:Hashmap_get_node:205: TRY: 38
DEBUG: src/lcthw/hashmap.c:Hashmap_get_node:205: TRY: 39
DEBUG: src/lcthw/hashmap.c:Hashmap_get_node:205: TRY: 40
DEBUG: src/lcthw/hashmap.c:Hashmap_get_node:205: TRY: 41
DEBUG: src/lcthw/hashmap.c:Hashmap_get_node:205: TRY: 0
DEBUG: src/lcthw/hashmap.c:Hashmap_get_node:205: TRY: 1
DEBUG: src/lcthw/hashmap.c:Hashmap_get_node:205: TRY: 2
DEBUG: src/lcthw/hashmap.c:Hashmap_get_node:205: TRY: 3
DEBUG: src/lcthw/hashmap.c:Hashmap_get_node:205: TRY: 4
DEBUG: src/lcthw/hashmap.c:Hashmap_get_node:205: TRY: 5
DEBUG: src/lcthw/hashmap.c:Hashmap_get_node:205: TRY: 6
DEBUG: src/lcthw/hashmap.c:Hashmap_get_node:205: TRY: 7
DEBUG: src/lcthw/hashmap.c:Hashmap_get_node:205: TRY: 8
DEBUG: src/lcthw/hashmap.c:Hashmap_get_node:205: TRY: 9
DEBUG: src/lcthw/hashmap.c:Hashmap_get_node:205: TRY: 10
DEBUG: src/lcthw/hashmap.c:Hashmap_get_node:205: TRY: 11
DEBUG: src/lcthw/hashmap.c:Hashmap_get_node:205: TRY: 12
DEBUG: src/lcthw/hashmap.c:Hashmap_get_node:205: TRY: 13
DEBUG: src/lcthw/hashmap.c:Hashmap_get_node:205: TRY: 14
DEBUG: src/lcthw/hashmap.c:Hashmap_get_node:205: TRY: 15
DEBUG: src/lcthw/hashmap.c:Hashmap_get_node:205: TRY: 16
DEBUG: src/lcthw/hashmap.c:Hashmap_get_node:205: TRY: 17
DEBUG: src/lcthw/hashmap.c:Hashmap_get_node:205: TRY: 18
DEBUG: src/lcthw/hashmap.c:Hashmap_get_node:205: TRY: 19
DEBUG: src/lcthw/hashmap.c:Hashmap_get_node:205: TRY: 20
DEBUG: src/lcthw/hashmap.c:Hashmap_get_node:205: TRY: 21
DEBUG: src/lcthw/hashmap.c:Hashmap_get_node:205: TRY: 22
DEBUG: src/lcthw/hashmap.c:Hashmap_get_node:205: TRY: 23
DEBUG: src/lcthw/hashmap.c:Hashmap_get_node:205: TRY: 24
DEBUG: src/lcthw/hashmap.c:Hashmap_get_node:205: TRY: 25
DEBUG: src/lcthw/hashmap.c:Hashmap_get_node:205: TRY: 26
DEBUG: src/lcthw/hashmap.c:Hashmap_get_node:205: TRY: 27
DEBUG: src/lcthw/hashmap.c:Hashmap_get_node:205: TRY: 28
DEBUG: src/lcthw/hashmap.c:Hashmap_get_node:205: TRY: 29
DEBUG: src/lcthw/hashmap.c:Hashmap_get_node:205: TRY: 30
DEBUG: src/lcthw/hashmap.c:Hashmap_get_node:205: TRY: 31
DEBUG: src/lcthw/hashmap.c:Hashmap_get_node:205: TRY: 32
DEBUG: src/lcthw/hashmap.c:Hashmap_get_node:205: TRY: 33
DEBUG: src/lcthw/hashmap.c:Hashmap_get_node:205: TRY: 34
DEBUG: src/lcthw/hashmap.c:Hashmap_get_node:205: TRY: 35
DEBUG: src/lcthw/hashmap.c:Hashmap_get_node:205: TRY: 36
DEBUG: src/lcthw/hashmap.c:Hashmap_get_node:205: TRY: 37
DEBUG: src/lcthw/hashmap.c:Hashmap_get_node:205: TRY: 38
DEBUG: src/lcthw/hashmap.c:Hashmap_get_node:205: TRY: 39
DEBUG: src/lcthw/hashmap.c:Hashmap_get_node:205: TRY: 40
DEBUG: src/lcthw/hashmap.c:Hashmap_get_node:205: TRY: 41
DEBUG: src/lcthw/hashmap.c:Hashmap_get_node:205: TRY: 42
DEBUG: src/lcthw/hashmap.c:Hashmap_get_node:205: TRY: 0
DEBUG: src/lcthw/hashmap.c:Hashmap_get_node:205: TRY: 1
DEBUG: src/lcthw/hashmap.c:Hashmap_get_node:205: TRY: 2
DEBUG: src/lcthw/hashmap.c:Hashmap_get_node:205: TRY: 3
DEBUG: src/lcthw/hashmap.c:Hashmap_get_node:205: TRY: 4
DEBUG: src/lcthw/hashmap.c:Hashmap_get_node:205: TRY: 5
DEBUG: src/lcthw/hashmap.c:Hashmap_get_node:205: TRY: 6
DEBUG: src/lcthw/hashmap.c:Hashmap_get_node:205: TRY: 7
DEBUG: src/lcthw/hashmap.c:Hashmap_get_node:205: TRY: 8
DEBUG: src/lcthw/hashmap.c:Hashmap_get_node:205: TRY: 9
DEBUG: src/lcthw/hashmap.c:Hashmap_get_node:205: TRY: 10
DEBUG: src/lcthw/hashmap.c:Hashmap_get_node:205: TRY: 11
DEBUG: src/lcthw/hashmap.c:Hashmap_get_node:205: TRY: 12
DEBUG: src/lcthw/hashmap.c:Hashmap_get_node:205: TRY: 13
DEBUG: src/lcthw/hashmap.c:Hashmap_get_node:205: TRY: 14
DEBUG: src/lcthw/hashmap.c:Hashmap_get_node:205: TRY: 15
DEBUG: src/lcthw/hashmap.c:Hashmap_get_node:205: TRY: 16
DEBUG: src/lcthw/hashmap.c:Hashmap_get_node:205: TRY: 17
DEBUG: src/lcthw/hashmap.c:Hashmap_get_node:205: TRY: 18
DEBUG: src/lcthw/hashmap.c:Hashmap_get_node:205: TRY: 19
DEBUG: src/lcthw/hashmap.c:Hashmap_get_node:205: TRY: 20
DEBUG: src/lcthw/hashmap.c:Hashmap_get_node:205: TRY: 21
DEBUG: src/lcthw/hashmap.c:Hashmap_get_node:205: TRY: 22
DEBUG: src/lcthw/hashmap.c:Hashmap_get_node:205: TRY: 23
DEBUG: src/lcthw/hashmap.c:Hashmap_get_node:205: TRY: 24
DEBUG: src/lcthw/hashmap.c:Hashmap_get_node:205: TRY: 25
DEBUG: src/lcthw/hashmap.c:Hashmap_get_node:205: TRY: 26
DEBUG: src/lcthw/hashmap.c:Hashmap_get_node:205: TRY: 27
DEBUG: src/lcthw/hashmap.c:Hashmap_get_node:205: TRY: 28
DEBUG: src/lcthw/hashmap.c:Hashmap_get_node:205: TRY: 0
DEBUG: src/lcthw/hashmap.c:Hashmap_get_node:205: TRY: 1
DEBUG: src/lcthw/hashmap.c:Hashmap_get_node:205: TRY: 2
DEBUG: src/lcthw/hashmap.c:Hashmap_get_node:205: TRY: 3
DEBUG: src/lcthw/hashmap.c:Hashmap_get_node:205: TRY: 4
DEBUG: src/lcthw/hashmap.c:Hashmap_get_node:205: TRY: 5
DEBUG: src/lcthw/hashmap.c:Hashmap_get_node:205: TRY: 6
DEBUG: src/lcthw/hashmap.c:Hashmap_get_node:205: TRY: 7
DEBUG: src/lcthw/hashmap.c:Hashmap_get_node:205: TRY: 8
DEBUG: src/lcthw/hashmap.c:Hashmap_get_node:205: TRY: 9
DEBUG: src/lcthw/hashmap.c:Hashmap_get_node:205: TRY: 10
DEBUG: src/lcthw/hashmap.c:Hashmap_get_node:205: TRY: 11
DEBUG: src/lcthw/hashmap.c:Hashmap_get_node:205: TRY: 12
DEBUG: src/lcthw/hashmap.c:Hashmap_get_node:205: TRY: 13
DEBUG: src/lcthw/hashmap.c:Hashmap_get_node:205: TRY: 14
DEBUG: src/lcthw/hashmap.c:Hashmap_get_node:205: TRY: 15
DEBUG: src/lcthw/hashmap.c:Hashmap_get_node:205: TRY: 16
DEBUG: src/lcthw/hashmap.c:Hashmap_get_node:205: TRY: 17
DEBUG: src/lcthw/hashmap.c:Hashmap_get_node:205: TRY: 18
DEBUG: src/lcthw/hashmap.c:Hashmap_get_node:205: TRY: 19
DEBUG: src/lcthw/hashmap.c:Hashmap_get_node:205: TRY: 20
DEBUG: src/lcthw/hashmap.c:Hashmap_get_node:205: TRY: 21
DEBUG: src/lcthw/hashmap.c:Hashmap_get_node:205: TRY: 22
DEBUG: src/lcthw/hashmap.c:Hashmap_get_node:205: TRY: 23
DEBUG: src/lcthw/hashmap.c:Hashmap_get_node:205: TRY: 24
DEBUG: src/lcthw/hashmap.c:Hashmap_get_node:205: TRY: 25
DEBUG: src/lcthw/hashmap.c:Hashmap_get_node:205: TRY: 26
DEBUG: src/lcthw/hashmap.c:Hashmap_get_node:205: TRY: 0
DEBUG: src/lcthw/hashmap.c:Hashmap_get_node:205: TRY: 1
DEBUG: src/lcthw/hashmap.c:Hashmap_get_node:205: TRY: 2
DEBUG: src/lcthw/hashmap.c:Hashmap_get_node:205: TRY: 3
DEBUG: src/lcthw/hashmap.c:Hashmap_get_node:205: TRY: 4
DEBUG: src/lcthw/hashmap.c:Hashmap_get_node:205: TRY: 5
DEBUG: src/lcthw/hashmap.c:Hashmap_get_node:205: TRY: 6
DEBUG: src/lcthw/hashmap.c:Hashmap_get_node:205: TRY: 7
DEBUG: src/lcthw/hashmap.c:Hashmap_get_node:205: TRY: 8
DEBUG: src/lcthw/hashmap.c:Hashmap_get_node:205: TRY: 9
DEBUG: src/lcthw/hashmap.c:Hashmap_get_node:205: TRY: 10
DEBUG: src/lcthw/hashmap.c:Hashmap_get_node:205: TRY: 11
DEBUG: src/lcthw/hashmap.c:Hashmap_get_node:205: TRY: 12
DEBUG: src/lcthw/hashmap.c:Hashmap_get_node:205: TRY: 13
DEBUG: src/lcthw/hashmap.c:Hashmap_get_node:205: TRY: 14
DEBUG: src/lcthw/hashmap.c:Hashmap_get_node:205: TRY: 15
DEBUG: src/lcthw/hashmap.c:Hashmap_get_node:205: TRY: 16
DEBUG: src/lcthw/hashmap.c:Hashmap_get_node:205: TRY: 17
DEBUG: src/lcthw/hashmap.c:Hashmap_get_node:205: TRY: 18
DEBUG: src/lcthw/hashmap.c:Hashmap_get_node:205: TRY: 19
DEBUG: src/lcthw/hashmap.c:Hashmap_get_node:205: TRY: 20
DEBUG: src/lcthw/hashmap.c:Hashmap_get_node:205: TRY: 21
DEBUG: src/lcthw/hashmap.c:Hashmap_get_node:205: TRY: 22
DEBUG: src/lcthw/hashmap.c:Hashmap_get_node:205: TRY: 23
DEBUG: src/lcthw/hashmap.c:Hashmap_get_node:205: TRY: 24
DEBUG: src/lcthw/hashmap.c:Hashmap_get_node:205: TRY: 25
DEBUG: src/lcthw/hashmap.c:Hashmap_get_node:205: TRY: 26
DEBUG: src/lcthw/hashmap.c:Hashmap_get_node:205: TRY: 27
DEBUG: src/lcthw/hashmap.c:Hashmap_get_node:205: TRY: 28
DEBUG: src/lcthw/hashmap.c:Hashmap_get_node:205: TRY: 29
DEBUG: src/lcthw/hashmap.c:Hashmap_get_node:205: TRY: 30
DEBUG: src/lcthw/hashmap.c:Hashmap_get_node:205: TRY: 31
DEBUG: src/lcthw/hashmap.c:Hashmap_get_node:205: TRY: 32
DEBUG: src/lcthw/hashmap.c:Hashmap_get_node:205: TRY: 33
DEBUG: src/lcthw/hashmap.c:Hashmap_get_node:205: TRY: 34
DEBUG: src/lcthw/hashmap.c:Hashmap_get_node:205: TRY: 35
DEBUG: src/lcthw/hashmap.c:Hashmap_get_node:205: TRY: 36
DEBUG: src/lcthw/hashmap.c:Hashmap_get_node:205: TRY: 37
DEBUG: src/lcthw/hashmap.c:Hashmap_get_node:205: TRY: 38
DEBUG: src/lcthw/hashmap.c:Hashmap_get_node:205: TRY: 39
DEBUG: src/lcthw/hashmap.c:Hashmap_get_node:205: TRY: 40
DEBUG: src/lcthw/hashmap.c:Hashmap_get_node:205: TRY: 41
DEBUG: src/lcthw/hashmap.c:Hashmap_get_node:205: TRY: 42
DEBUG: src/lcthw/hashmap.c:Hashmap_get_node:205: TRY: 43
DEBUG: src/lcthw/hashmap.c:Hashmap_get_node:205: TRY: 0
DEBUG: src/lcthw/hashmap.c:Hashmap_get_node:205: TRY: 1
DEBUG: src/lcthw/hashmap.c:Hashmap_get_node:205: TRY: 2
DEBUG: src/lcthw/hashmap.c:Hashmap_get_node:205: TRY: 3
DEBUG: src/lcthw/hashmap.c:Hashmap_get_node:205: TRY: 4
DEBUG: src/lcthw/hashmap.c:Hashmap_get_node:205: TRY: 5
DEBUG: src/lcthw/hashmap.c:Hashmap_get_node:205: TRY: 6
DEBUG: src/lcthw/hashmap.c:Hashmap_get_node:205: TRY: 7
DEBUG: src/lcthw/hashmap.c:Hashmap_get_node:205: TRY: 8
DEBUG: src/lcthw/hashmap.c:Hashmap_get_node:205: TRY: 9
DEBUG: src/lcthw/hashmap.c:Hashmap_get_node:205: TRY: 10
DEBUG: src/lcthw/hashmap.c:Hashmap_get_node:205: TRY: 11
DEBUG: src/lcthw/hashmap.c:Hashmap_get_node:205: TRY: 12
DEBUG: src/lcthw/hashmap.c:Hashmap_get_node:205: TRY: 13
DEBUG: src/lcthw/hashmap.c:Hashmap_get_node:205: TRY: 14
DEBUG: src/lcthw/hashmap.c:Hashmap_get_node:205: TRY: 15
DEBUG: src/lcthw/hashmap.c:Hashmap_get_node:205: TRY: 16
DEBUG: src/lcthw/hashmap.c:Hashmap_get_node:205: TRY: 17
DEBUG: src/lcthw/hashmap.c:Hashmap_get_node:205: TRY: 18
DEBUG: src/lcthw/hashmap.c:Hashmap_get_node:205: TRY: 19
DEBUG: src/lcthw/hashmap.c:Hashmap_get_node:205: TRY: 20
DEBUG: src/lcthw/hashmap.c:Hashmap_get_node:205: TRY: 21
DEBUG: src/lcthw/hashmap.c:Hashmap_get_node:205: TRY: 22
DEBUG: src/lcthw/hashmap.c:Hashmap_get_node:205: TRY: 23
DEBUG: src/lcthw/hashmap.c:Hashmap_get_node:205: TRY: 24
DEBUG: src/lcthw/hashmap.c:Hashmap_get_node:205: TRY: 25
DEBUG: src/lcthw/hashmap.c:Hashmap_get_node:205: TRY: 26
DEBUG: src/lcthw/hashmap.c:Hashmap_get_node:205: TRY: 27
DEBUG: src/lcthw/hashmap.c:Hashmap_get_node:205: TRY: 0
DEBUG: src/lcthw/hashmap.c:Hashmap_get_node:205: TRY: 1
DEBUG: src/lcthw/hashmap.c:Hashmap_get_node:205: TRY: 2
DEBUG: src/lcthw/hashmap.c:Hashmap_get_node:205: TRY: 3
DEBUG: src/lcthw/hashmap.c:Hashmap_get_node:205: TRY: 4
DEBUG: src/lcthw/hashmap.c:Hashmap_get_node:205: TRY: 5
DEBUG: src/lcthw/hashmap.c:Hashmap_get_node:205: TRY: 6
DEBUG: src/lcthw/hashmap.c:Hashmap_get_node:205: TRY: 7
DEBUG: src/lcthw/hashmap.c:Hashmap_get_node:205: TRY: 8
DEBUG: src/lcthw/hashmap.c:Hashmap_get_node:205: TRY: 9
DEBUG: src/lcthw/hashmap.c:Hashmap_get_node:205: TRY: 10
DEBUG: src/lcthw/hashmap.c:Hashmap_get_node:205: TRY: 11
DEBUG: src/lcthw/hashmap.c:Hashmap_get_node:205: TRY: 12
DEBUG: src/lcthw/hashmap.c:Hashmap_get_node:205: TRY: 13
DEBUG: src/lcthw/hashmap.c:Hashmap_get_node:205: TRY: 14
DEBUG: src/lcthw/hashmap.c:Hashmap_get_node:205: TRY: 15
DEBUG: src/lcthw/hashmap.c:Hashmap_get_node:205: TRY: 16
DEBUG: src/lcthw/hashmap.c:Hashmap_get_node:205: TRY: 17
DEBUG: src/lcthw/hashmap.c:Hashmap_get_node:205: TRY: 18
DEBUG: src/lcthw/hashmap.c:Hashmap_get_node:205: TRY: 19
DEBUG: src/lcthw/hashmap.c:Hashmap_get_node:205: TRY: 20
DEBUG: src/lcthw/hashmap.c:Hashmap_get_node:205: TRY: 21
DEBUG: src/lcthw/hashmap.c:Hashmap_get_node:205: TRY: 22
DEBUG: src/lcthw/hashmap.c:Hashmap_get_node:205: TRY: 23
DEBUG: src/lcthw/hashmap.c:Hashmap_get_node:205: TRY: 24
DEBUG: src/lcthw/hashmap.c:Hashmap_get_node:205: TRY: 0
DEBUG: src/lcthw/hashmap.c:Hashmap_get_node:205: TRY: 1
DEBUG: src/lcthw/hashmap.c:Hashmap_get_node:205: TRY: 2
DEBUG: src/lcthw/hashmap.c:Hashmap_get_node:205: TRY: 3
DEBUG: src/lcthw/hashmap.c:Hashmap_get_node:205: TRY: 4
DEBUG: src/lcthw/hashmap.c:Hashmap_get_node:205: TRY: 5
DEBUG: src/lcthw/hashmap.c:Hashmap_get_node:205: TRY: 6
DEBUG: src/lcthw/hashmap.c:Hashmap_get_node:205: TRY: 7
DEBUG: src/lcthw/hashmap.c:Hashmap_get_node:205: TRY: 8
DEBUG: src/lcthw/hashmap.c:Hashmap_get_node:205: TRY: 9
DEBUG: src/lcthw/hashmap.c:Hashmap_get_node:205: TRY: 10
DEBUG: src/lcthw/hashmap.c:Hashmap_get_node:205: TRY: 11
DEBUG: src/lcthw/hashmap.c:Hashmap_get_node:205: TRY: 12
DEBUG: src/lcthw/hashmap.c:Hashmap_get_node:205: TRY: 13
DEBUG: src/lcthw/hashmap.c:Hashmap_get_node:205: TRY: 14
DEBUG: src/lcthw/hashmap.c:Hashmap_get_node:205: TRY: 15
DEBUG: src/lcthw/hashmap.c:Hashmap_get_node:205: TRY: 16
DEBUG: src/lcthw/hashmap.c:Hashmap_get_node:205: TRY: 17
DEBUG: src/lcthw/hashmap.c:Hashmap_get_node:205: TRY: 18
DEBUG: src/lcthw/hashmap.c:Hashmap_get_node:205: TRY: 19
DEBUG: src/lcthw/hashmap.c:Hashmap_get_node:205: TRY: 20
DEBUG: src/lcthw/hashmap.c:Hashmap_get_node:205: TRY: 21
DEBUG: src/lcthw/hashmap.c:Hashmap_get_node:205: TRY: 22
DEBUG: src/lcthw/hashmap.c:Hashmap_get_node:205: TRY: 23
DEBUG: src/lcthw/hashmap.c:Hashmap_get_node:205: TRY: 24
DEBUG: src/lcthw/hashmap.c:Hashmap_get_node:205: TRY: 25
DEBUG: src/lcthw/hashmap.c:Hashmap_get_node:205: TRY: 26
DEBUG: src/lcthw/hashmap.c:Hashmap_get_node:205: TRY: 27
DEBUG: src/lcthw/hashmap.c:Hashmap_get_node:205: TRY: 28
DEBUG: src/lcthw/hashmap.c:Hashmap_get_node:205: TRY: 0
DEBUG: src/lcthw/hashmap.c:Hashmap_get_node:205: TRY: 1
DEBUG: src/lcthw/hashmap.c:Hashmap_get_node:205: TRY: 2
DEBUG: src/lcthw/hashmap.c:Hashmap_get_node:205: TRY: 3
DEBUG: src/lcthw/hashmap.c:Hashmap_get_node:205: TRY: 4
DEBUG: src/lcthw/hashmap.c:Hashmap_get_node:205: TRY: 5
DEBUG: src/lcthw/hashmap.c:Hashmap_get_node:205: TRY: 6
DEBUG: src/lcthw/hashmap.c:Hashmap_get_node:205: TRY: 7
DEBUG: src/lcthw/hashmap.c:Hashmap_get_node:205: TRY: 8
DEBUG: src/lcthw/hashmap.c:Hashmap_get_node:205: TRY: 9
DEBUG: src/lcthw/hashmap.c:Hashmap_get_node:205: TRY: 10
DEBUG: src/lcthw/hashmap.c:Hashmap_get_node:205: TRY: 11
DEBUG: src/lcthw/hashmap.c:Hashmap_get_node:205: TRY: 12
DEBUG: src/lcthw/hashmap.c:Hashmap_get_node:205: TRY: 13
DEBUG: src/lcthw/hashmap.c:Hashmap_get_node:205: TRY: 14
DEBUG: src/lcthw/hashmap.c:Hashmap_get_node:205: TRY: 15
DEBUG: src/lcthw/hashmap.c:Hashmap_get_node:205: TRY: 0
DEBUG: src/lcthw/hashmap.c:Hashmap_get_node:205: TRY: 1
DEBUG: src/lcthw/hashmap.c:Hashmap_get_node:205: TRY: 2
DEBUG: src/lcthw/hashmap.c:Hashmap_get_node:205: TRY: 3
DEBUG: src/lcthw/hashmap.c:Hashmap_get_node:205: TRY: 4
DEBUG: src/lcthw/hashmap.c:Hashmap_get_node:205: TRY: 5
DEBUG: src/lcthw/hashmap.c:Hashmap_get_node:205: TRY: 6
DEBUG: src/lcthw/hashmap.c:Hashmap_get_node:205: TRY: 7
DEBUG: src/lcthw/hashmap.c:Hashmap_get_node:205: TRY: 8
DEBUG: src/lcthw/hashmap.c:Hashmap_get_node:205: TRY: 9
DEBUG: src/lcthw/hashmap.c:Hashmap_get_node:205: TRY: 10
DEBUG: src/lcthw/hashmap.c:Hashmap_get_node:205: TRY: 11
DEBUG: src/lcthw/hashmap.c:Hashmap_get_node:205: TRY: 12
DEBUG: src/lcthw/hashmap.c:Hashmap_get_node:205: TRY: 13
DEBUG: src/lcthw/hashmap.c:Hashmap_get_node:205: TRY: 14
DEBUG: src/lcthw/hashmap.c:Hashmap_get_node:205: TRY: 15
DEBUG: src/lcthw/hashmap.c:Hashmap_get_node:205: TRY: 16
DEBUG: src/lcthw/hashmap.c:Hashmap_get_node:205: TRY: 17
DEBUG: src/lcthw/hashmap.c:Hashmap_get_node:205: TRY: 18
DEBUG: src/lcthw/hashmap.c:Hashmap_get_node:205: TRY: 19
DEBUG: src/lcthw/hashmap.c:Hashmap_get_node:205: TRY: 20
DEBUG: src/lcthw/hashmap.c:Hashmap_get_node:205: TRY: 21
DEBUG: src/lcthw/hashmap.c:Hashmap_get_node:205: TRY: 22
DEBUG: src/lcthw/hashmap.c:Hashmap_get_node:205: TRY: 23
DEBUG: src/lcthw/hashmap.c:Hashmap_get_node:205: TRY: 24
DEBUG: src/lcthw/hashmap.c:Hashmap_get_node:205: TRY: 25
DEBUG: src/lcthw/hashmap.c:Hashmap_get_node:205: TRY: 0
DEBUG: src/lcthw/hashmap.c:Hashmap_get_node:205: TRY: 1
DEBUG: src/lcthw/hashmap.c:Hashmap_get_node:205: TRY: 2
DEBUG: src/lcthw/hashmap.c:Hashmap_get_node:205: TRY: 3
DEBUG: src/lcthw/hashmap.c:Hashmap_get_node:205: TRY: 4
DEBUG: src/lcthw/hashmap.c:Hashmap_get_node:205: TRY: 5
DEBUG: src/lcthw/hashmap.c:Hashmap_get_node:205: TRY: 6
DEBUG: src/lcthw/hashmap.c:Hashmap_get_node:205: TRY: 7
DEBUG: src/lcthw/hashmap.c:Hashmap_get_node:205: TRY: 8
DEBUG: src/lcthw/hashmap.c:Hashmap_get_node:205: TRY: 9
DEBUG: src/lcthw/hashmap.c:Hashmap_get_node:205: TRY: 10
DEBUG: src/lcthw/hashmap.c:Hashmap_get_node:205: TRY: 11
DEBUG: src/lcthw/hashmap.c:Hashmap_get_node:205: TRY: 12
DEBUG: src/lcthw/hashmap.c:Hashmap_get_node:205: TRY: 13
DEBUG: src/lcthw/hashmap.c:Hashmap_get_node:205: TRY: 14
DEBUG: src/lcthw/hashmap.c:Hashmap_get_node:205: TRY: 15
DEBUG: src/lcthw/hashmap.c:Hashmap_get_node:205: TRY: 16
DEBUG: src/lcthw/hashmap.c:Hashmap_get_node:205: TRY: 17
DEBUG: src/lcthw/hashmap.c:Hashmap_get_node:205: TRY: 18
DEBUG: src/lcthw/hashmap.c:Hashmap_get_node:205: TRY: 19
DEBUG: src/lcthw/hashmap.c:Hashmap_get_node:205: TRY: 20
DEBUG: src/lcthw/hashmap.c:Hashmap_get_node:205: TRY: 21
DEBUG: src/lcthw/hashmap.c:Hashmap_get_node:205: TRY: 22
DEBUG: src/lcthw/hashmap.c:Hashmap_get_node:205: TRY: 23
DEBUG: src/lcthw/hashmap.c:Hashmap_get_node:205: TRY: 24
DEBUG: src/lcthw/hashmap.c:Hashmap_get_node:205: TRY: 25
DEBUG: src/lcthw/hashmap.c:Hashmap_get_node:205: TRY: 26
DEBUG: src/lcthw/hashmap.c:Hashmap_get_node:205: TRY: 0
DEBUG: src/lcthw/hashmap.c:Hashmap_get_node:205: TRY: 1
DEBUG: src/lcthw/hashmap.c:Hashmap_get_node:205: TRY: 2
DEBUG: src/lcthw/hashmap.c:Hashmap_get_node:205: TRY: 3
DEBUG: src/lcthw/hashmap.c:Hashmap_get_node:205: TRY: 4
DEBUG: src/lcthw/hashmap.c:Hashmap_get_node:205: TRY: 5
DEBUG: src/lcthw/hashmap.c:Hashmap_get_node:205: TRY: 6
DEBUG: src/lcthw/hashmap.c:Hashmap_get_node:205: TRY: 7
DEBUG: src/lcthw/hashmap.c:Hashmap_get_node:205: TRY: 8
DEBUG: src/lcthw/hashmap.c:Hashmap_get_node:205: TRY: 9
DEBUG: src/lcthw/hashmap.c:Hashmap_get_node:205: TRY: 10
DEBUG: src/lcthw/hashmap.c:Hashmap_get_node:205: TRY: 11
DEBUG: src/lcthw/hashmap.c:Hashmap_get_node:205: TRY: 12
DEBUG: src/lcthw/hashmap.c:Hashmap_get_node:205: TRY: 13
DEBUG: src/lcthw/hashmap.c:Hashmap_get_node:205: TRY: 14
DEBUG: src/lcthw/hashmap.c:Hashmap_get_node:205: TRY: 15
DEBUG: src/lcthw/hashmap.c:Hashmap_get_node:205: TRY: 16
DEBUG: src/lcthw/hashmap.c:Hashmap_get_node:205: TRY: 0
DEBUG: src/lcthw/hashmap.c:Hashmap_get_node:205: TRY: 1
DEBUG: src/lcthw/hashmap.c:Hashmap_get_node:205: TRY: 2
DEBUG: src/lcthw/hashmap.c:Hashmap_get_node:205: TRY: 3
DEBUG: src/lcthw/hashmap.c:Hashmap_get_node:205: TRY: 4
DEBUG: src/lcthw/hashmap.c:Hashmap_get_node:205: TRY: 5
DEBUG: src/lcthw/hashmap.c:Hashmap_get_node:205: TRY: 6
DEBUG: src/lcthw/hashmap.c:Hashmap_get_node:205: TRY: 7
DEBUG: src/lcthw/hashmap.c:Hashmap_get_node:205: TRY: 8
DEBUG: src/lcthw/hashmap.c:Hashmap_get_node:205: TRY: 9
DEBUG: src/lcthw/hashmap.c:Hashmap_get_node:205: TRY: 10
DEBUG: src/lcthw/hashmap.c:Hashmap_get_node:205: TRY: 11
DEBUG: src/lcthw/hashmap.c:Hashmap_get_node:205: TRY: 12
DEBUG: src/lcthw/hashmap.c:Hashmap_get_node:205: TRY: 13
DEBUG: src/lcthw/hashmap.c:Hashmap_get_node:205: TRY: 14
DEBUG: src/lcthw/hashmap.c:Hashmap_get_node:205: TRY: 15
DEBUG: src/lcthw/hashmap.c:Hashmap_get_node:205: TRY: 16
DEBUG: src/lcthw/hashmap.c:Hashmap_get_node:205: TRY: 17
DEBUG: src/lcthw/hashmap.c:Hashmap_get_node:205: TRY: 18
DEBUG: src/lcthw/hashmap.c:Hashmap_get_node:205: TRY: 19
DEBUG: src/lcthw/hashmap.c:Hashmap_get_node:205: TRY: 20
DEBUG: src/lcthw/hashmap.c:Hashmap_get_node:205: TRY: 21
DEBUG: src/lcthw/hashmap.c:Hashmap_get_node:205: TRY: 22
DEBUG: src/lcthw/hashmap.c:Hashmap_get_node:205: TRY: 23
DEBUG: src/lcthw/hashmap.c:Hashmap_get_node:205: TRY: 24
DEBUG: src/lcthw/hashmap.c:Hashmap_get_node:205: TRY: 25
DEBUG: src/lcthw/hashmap.c:Hashmap_get_node:205: TRY: 26
DEBUG: src/lcthw/hashmap.c:Hashmap_get_node:205: TRY: 27
DEBUG: src/lcthw/hashmap.c:Hashmap_get_node:205: TRY: 28
DEBUG: src/lcthw/hashmap.c:Hashmap_get_node:205: TRY: 29
DEBUG: src/lcthw/hashmap.c:Hashmap_get_node:205: TRY: 30
DEBUG: src/lcthw/hashmap.c:Hashmap_get_node:205: TRY: 31
DEBUG: src/lcthw/hashmap.c:Hashmap_get_node:205: TRY: 32
DEBUG: src/lcthw/hashmap.c:Hashmap_get_node:205: TRY: 33
DEBUG: src/lcthw/hashmap.c:Hashmap_get_node:205: TRY: 34
DEBUG: src/lcthw/hashmap.c:Hashmap_get_node:205: TRY: 35
DEBUG: src/lcthw/hashmap.c:Hashmap_get_node:205: TRY: 36
DEBUG: src/lcthw/hashmap.c:Hashmap_get_node:205: TRY: 37
DEBUG: src/lcthw/hashmap.c:Hashmap_get_node:205: TRY: 38
DEBUG: src/lcthw/hashmap.c:Hashmap_get_node:205: TRY: 39
DEBUG: src/lcthw/hashmap.c:Hashmap_get_node:205: TRY: 40
DEBUG: src/lcthw/hashmap.c:Hashmap_get_node:205: TRY: 41
DEBUG: src/lcthw/hashmap.c:Hashmap_get_node:205: TRY: 42
DEBUG: src/lcthw/hashmap.c:Hashmap_get_node:205: TRY: 43
DEBUG: src/lcthw/hashmap.c:Hashmap_get_node:205: TRY: 44
DEBUG: src/lcthw/hashmap.c:Hashmap_get_node:205: TRY: 0
DEBUG: src/lcthw/hashmap.c:Hashmap_get_node:205: TRY: 1
DEBUG: src/lcthw/hashmap.c:Hashmap_get_node:205: TRY: 2
DEBUG: src/lcthw/hashmap.c:Hashmap_get_node:205: TRY: 3
DEBUG: src/lcthw/hashmap.c:Hashmap_get_node:205: TRY: 4
DEBUG: src/lcthw/hashmap.c:Hashmap_get_node:205: TRY: 5
DEBUG: src/lcthw/hashmap.c:Hashmap_get_node:205: TRY: 6
DEBUG: src/lcthw/hashmap.c:Hashmap_get_node:205: TRY: 7
DEBUG: src/lcthw/hashmap.c:Hashmap_get_node:205: TRY: 8
DEBUG: src/lcthw/hashmap.c:Hashmap_get_node:205: TRY: 9
DEBUG: src/lcthw/hashmap.c:Hashmap_get_node:205: TRY: 10
DEBUG: src/lcthw/hashmap.c:Hashmap_get_node:205: TRY: 11
DEBUG: src/lcthw/hashmap.c:Hashmap_get_node:205: TRY: 12
DEBUG: src/lcthw/hashmap.c:Hashmap_get_node:205: TRY: 13
DEBUG: src/lcthw/hashmap.c:Hashmap_get_node:205: TRY: 14
DEBUG: src/lcthw/hashmap.c:Hashmap_get_node:205: TRY: 15
DEBUG: src/lcthw/hashmap.c:Hashmap_get_node:205: TRY: 16
DEBUG: src/lcthw/hashmap.c:Hashmap_get_node:205: TRY: 17
DEBUG: src/lcthw/hashmap.c:Hashmap_get_node:205: TRY: 18
DEBUG: src/lcthw/hashmap.c:Hashmap_get_node:205: TRY: 19
DEBUG: src/lcthw/hashmap.c:Hashmap_get_node:205: TRY: 20
DEBUG: src/lcthw/hashmap.c:Hashmap_get_node:205: TRY: 21
DEBUG: src/lcthw/hashmap.c:Hashmap_get_node:205: TRY: 22
DEBUG: src/lcthw/hashmap.c:Hashmap_get_node:205: TRY: 23
DEBUG: src/lcthw/hashmap.c:Hashmap_get_node:205: TRY: 24
DEBUG: src/lcthw/hashmap.c:Hashmap_get_node:205: TRY: 25
DEBUG: src/lcthw/hashmap.c:Hashmap_get_node:205: TRY: 26
DEBUG: src/lcthw/hashmap.c:Hashmap_get_node:205: TRY: 27
DEBUG: src/lcthw/hashmap.c:Hashmap_get_node:205: TRY: 28
DEBUG: src/lcthw/hashmap.c:Hashmap_get_node:205: TRY: 29
DEBUG: src/lcthw/hashmap.c:Hashmap_get_node:205: TRY: 0
DEBUG: src/lcthw/hashmap.c:Hashmap_get_node:205: TRY: 1
DEBUG: src/lcthw/hashmap.c:Hashmap_get_node:205: TRY: 2
DEBUG: src/lcthw/hashmap.c:Hashmap_get_node:205: TRY: 3
DEBUG: src/lcthw/hashmap.c:Hashmap_get_node:205: TRY: 4
DEBUG: src/lcthw/hashmap.c:Hashmap_get_node:205: TRY: 5
DEBUG: src/lcthw/hashmap.c:Hashmap_get_node:205: TRY: 6
DEBUG: src/lcthw/hashmap.c:Hashmap_get_node:205: TRY: 7
DEBUG: src/lcthw/hashmap.c:Hashmap_get_node:205: TRY: 8
DEBUG: src/lcthw/hashmap.c:Hashmap_get_node:205: TRY: 9
DEBUG: src/lcthw/hashmap.c:Hashmap_get_node:205: TRY: 10
DEBUG: src/lcthw/hashmap.c:Hashmap_get_node:205: TRY: 11
DEBUG: src/lcthw/hashmap.c:Hashmap_get_node:205: TRY: 12
DEBUG: src/lcthw/hashmap.c:Hashmap_get_node:205: TRY: 13
DEBUG: src/lcthw/hashmap.c:Hashmap_get_node:205: TRY: 14
DEBUG: src/lcthw/hashmap.c:Hashmap_get_node:205: TRY: 15
DEBUG: src/lcthw/hashmap.c:Hashmap_get_node:205: TRY: 16
DEBUG: src/lcthw/hashmap.c:Hashmap_get_node:205: TRY: 17
DEBUG: src/lcthw/hashmap.c:Hashmap_get_node:205: TRY: 18
DEBUG: src/lcthw/hashmap.c:Hashmap_get_node:205: TRY: 19
DEBUG: src/lcthw/hashmap.c:Hashmap_get_node:205: TRY: 20
DEBUG: src/lcthw/hashmap.c:Hashmap_get_node:205: TRY: 21
DEBUG: src/lcthw/hashmap.c:Hashmap_get_node:205: TRY: 22
DEBUG: src/lcthw/hashmap.c:Hashmap_get_node:205: TRY: 23
DEBUG: src/lcthw/hashmap.c:Hashmap_get_node:205: TRY: 24
DEBUG: src/lcthw/hashmap.c:Hashmap_get_node:205: TRY: 0
DEBUG: src/lcthw/hashmap.c:Hashmap_get_node:205: TRY: 1
DEBUG: src/lcthw/hashmap.c:Hashmap_get_node:205: TRY: 2
DEBUG: src/lcthw/hashmap.c:Hashmap_get_node:205: TRY: 3
DEBUG: src/lcthw/hashmap.c:Hashmap_get_node:205: TRY: 4
DEBUG: src/lcthw/hashmap.c:Hashmap_get_node:205: TRY: 5
DEBUG: src/lcthw/hashmap.c:Hashmap_get_node:205: TRY: 6
DEBUG: src/lcthw/hashmap.c:Hashmap_get_node:205: TRY: 7
DEBUG: src/lcthw/hashmap.c:Hashmap_get_node:205: TRY: 8
DEBUG: src/lcthw/hashmap.c:Hashmap_get_node:205: TRY: 9
DEBUG: src/lcthw/hashmap.c:Hashmap_get_node:205: TRY: 10
DEBUG: src/lcthw/hashmap.c:Hashmap_get_node:205: TRY: 11
DEBUG: src/lcthw/hashmap.c:Hashmap_get_node:205: TRY: 12
DEBUG: src/lcthw/hashmap.c:Hashmap_get_node:205: TRY: 13
DEBUG: src/lcthw/hashmap.c:Hashmap_get_node:205: TRY: 14
DEBUG: src/lcthw/hashmap.c:Hashmap_get_node:205: TRY: 15
DEBUG: src/lcthw/hashmap.c:Hashmap_get_node:205: TRY: 16
DEBUG: src/lcthw/hashmap.c:Hashmap_get_node:205: TRY: 17
DEBUG: src/lcthw/hashmap.c:Hashmap_get_node:205: TRY: 18
DEBUG: src/lcthw/hashmap.c:Hashmap_get_node:205: TRY: 19
DEBUG: src/lcthw/hashmap.c:Hashmap_get_node:205: TRY: 20
DEBUG: src/lcthw/hashmap.c:Hashmap_get_node:205: TRY: 21
DEBUG: src/lcthw/hashmap.c:Hashmap_get_node:205: TRY: 22
DEBUG: src/lcthw/hashmap.c:Hashmap_get_node:205: TRY: 23
DEBUG: src/lcthw/hashmap.c:Hashmap_get_node:205: TRY: 24
DEBUG: src/lcthw/hashmap.c:Hashmap_get_node:205: TRY: 25
DEBUG: src/lcthw/hashmap.c:Hashmap_get_node:205: TRY: 26
DEBUG: src/lcthw/hashmap.c:Hashmap_get_node:205: TRY: 0
DEBUG: src/lcthw/hashmap.c:Hashmap_get_node:205: TRY: 1
DEBUG: src/lcthw/hashmap.c:Hashmap_get_node:205: TRY: 2
DEBUG: src/lcthw/hashmap.c:Hashmap_get_node:205: TRY: 3
DEBUG: src/lcthw/hashmap.c:Hashmap_get_node:205: TRY: 4
DEBUG: src/lcthw/hashmap.c:Hashmap_get_node:205: TRY: 5
DEBUG: src/lcthw/hashmap.c:Hashmap_get_node:205: TRY: 6
DEBUG: src/lcthw/hashmap.c:Hashmap_get_node:205: TRY: 7
DEBUG: src/lcthw/hashmap.c:Hashmap_get_node:205: TRY: 8
DEBUG: src/lcthw/hashmap.c:Hashmap_get_node:205: TRY: 9
DEBUG: src/lcthw/hashmap.c:Hashmap_get_node:205: TRY: 10
DEBUG: src/lcthw/hashmap.c:Hashmap_get_node:205: TRY: 11
DEBUG: src/lcthw/hashmap.c:Hashmap_get_node:205: TRY: 12
DEBUG: src/lcthw/hashmap.c:Hashmap_get_node:205: TRY: 13
DEBUG: src/lcthw/hashmap.c:Hashmap_get_node:205: TRY: 14
DEBUG: src/lcthw/hashmap.c:Hashmap_get_node:205: TRY: 15
DEBUG: src/lcthw/hashmap.c:Hashmap_get_node:205: TRY: 16
DEBUG: src/lcthw/hashmap.c:Hashmap_get_node:205: TRY: 17
DEBUG: src/lcthw/hashmap.c:Hashmap_get_node:205: TRY: 18
DEBUG: src/lcthw/hashmap.c:Hashmap_get_node:205: TRY: 19
DEBUG: src/lcthw/hashmap.c:Hashmap_get_node:205: TRY: 20
DEBUG: src/lcthw/hashmap.c:Hashmap_get_node:205: TRY: 21
DEBUG: src/lcthw/hashmap.c:Hashmap_get_node:205: TRY: 22
DEBUG: src/lcthw/hashmap.c:Hashmap_get_node:205: TRY: 23
DEBUG: src/lcthw/hashmap.c:Hashmap_get_node:205: TRY: 24
DEBUG: src/lcthw/hashmap.c:Hashmap_get_node:205: TRY: 25
DEBUG: src/lcthw/hashmap.c:Hashmap_get_node:205: TRY: 26
DEBUG: src/lcthw/hashmap.c:Hashmap_get_node:205: TRY: 27
DEBUG: src/lcthw/hashmap.c:Hashmap_get_node:205: TRY: 28
DEBUG: src/lcthw/hashmap.c:Hashmap_get_node:205: TRY: 29
DEBUG: src/lcthw/hashmap.c:Hashmap_get_node:205: TRY: 30
DEBUG: src/lcthw/hashmap.c:Hashmap_get_node:205: TRY: 31
DEBUG: src/lcthw/hashmap.c:Hashmap_get_node:205: TRY: 32
DEBUG: src/lcthw/hashmap.c:Hashmap_get_node:205: TRY: 33
DEBUG: src/lcthw/hashmap.c:Hashmap_get_node:205: TRY: 34
DEBUG: src/lcthw/hashmap.c:Hashmap_get_node:205: TRY: 35
DEBUG: src/lcthw/hashmap.c:Hashmap_get_node:205: TRY: 36
DEBUG: src/lcthw/hashmap.c:Hashmap_get_node:205: TRY: 37
DEBUG: src/lcthw/hashmap.c:Hashmap_get_node:205: TRY: 38
DEBUG: src/lcthw/hashmap.c:Hashmap_get_node:205: TRY: 39
DEBUG: src/lcthw/hashmap.c:Hashmap_get_node:205: TRY: 40
DEBUG: src/lcthw/hashmap.c:Hashmap_get_node:205: TRY: 41
DEBUG: src/lcthw/hashmap.c:Hashmap_get_node:205: TRY: 42
DEBUG: src/lcthw/hashmap.c:Hashmap_get_node:205: TRY: 43
DEBUG: src/lcthw/hashmap.c:Hashmap_get_node:205: TRY: 44
DEBUG: src/lcthw/hashmap.c:Hashmap_get_node:205: TRY: 45
DEBUG: src/lcthw/hashmap.c:Hashmap_get_node:205: TRY: 0
DEBUG: src/lcthw/hashmap.c:Hashmap_get_node:205: TRY: 1
DEBUG: src/lcthw/hashmap.c:Hashmap_get_node:205: TRY: 2
DEBUG: src/lcthw/hashmap.c:Hashmap_get_node:205: TRY: 3
DEBUG: src/lcthw/hashmap.c:Hashmap_get_node:205: TRY: 4
DEBUG: src/lcthw/hashmap.c:Hashmap_get_node:205: TRY: 5
DEBUG: src/lcthw/hashmap.c:Hashmap_get_node:205: TRY: 6
DEBUG: src/lcthw/hashmap.c:Hashmap_get_node:205: TRY: 7
DEBUG: src/lcthw/hashmap.c:Hashmap_get_node:205: TRY: 8
DEBUG: src/lcthw/hashmap.c:Hashmap_get_node:205: TRY: 9
DEBUG: src/lcthw/hashmap.c:Hashmap_get_node:205: TRY: 10
DEBUG: src/lcthw/hashmap.c:Hashmap_get_node:205: TRY: 11
DEBUG: src/lcthw/hashmap.c:Hashmap_get_node:205: TRY: 12
DEBUG: src/lcthw/hashmap.c:Hashmap_get_node:205: TRY: 13
DEBUG: src/lcthw/hashmap.c:Hashmap_get_node:205: TRY: 14
DEBUG: src/lcthw/hashmap.c:Hashmap_get_node:205: TRY: 15
DEBUG: src/lcthw/hashmap.c:Hashmap_get_node:205: TRY: 16
DEBUG: src/lcthw/hashmap.c:Hashmap_get_node:205: TRY: 17
DEBUG: src/lcthw/hashmap.c:Hashmap_get_node:205: TRY: 18
DEBUG: src/lcthw/hashmap.c:Hashmap_get_node:205: TRY: 19
DEBUG: src/lcthw/hashmap.c:Hashmap_get_node:205: TRY: 20
DEBUG: src/lcthw/hashmap.c:Hashmap_get_node:205: TRY: 21
DEBUG: src/lcthw/hashmap.c:Hashmap_get_node:205: TRY: 22
DEBUG: src/lcthw/hashmap.c:Hashmap_get_node:205: TRY: 23
DEBUG: src/lcthw/hashmap.c:Hashmap_get_node:205: TRY: 24
DEBUG: src/lcthw/hashmap.c:Hashmap_get_node:205: TRY: 25
DEBUG: src/lcthw/hashmap.c:Hashmap_get_node:205: TRY: 26
DEBUG: src/lcthw/hashmap.c:Hashmap_get_node:205: TRY: 27
DEBUG: src/lcthw/hashmap.c:Hashmap_get_node:205: TRY: 28
DEBUG: src/lcthw/hashmap.c:Hashmap_get_node:205: TRY: 29
DEBUG: src/lcthw/hashmap.c:Hashmap_get_node:205: TRY: 0
DEBUG: src/lcthw/hashmap.c:Hashmap_get_node:205: TRY: 1
DEBUG: src/lcthw/hashmap.c:Hashmap_get_node:205: TRY: 2
DEBUG: src/lcthw/hashmap.c:Hashmap_get_node:205: TRY: 3
DEBUG: src/lcthw/hashmap.c:Hashmap_get_node:205: TRY: 4
DEBUG: src/lcthw/hashmap.c:Hashmap_get_node:205: TRY: 5
DEBUG: src/lcthw/hashmap.c:Hashmap_get_node:205: TRY: 6
DEBUG: src/lcthw/hashmap.c:Hashmap_get_node:205: TRY: 7
DEBUG: src/lcthw/hashmap.c:Hashmap_get_node:205: TRY: 8
DEBUG: src/lcthw/hashmap.c:Hashmap_get_node:205: TRY: 9
DEBUG: src/lcthw/hashmap.c:Hashmap_get_node:205: TRY: 10
DEBUG: src/lcthw/hashmap.c:Hashmap_get_node:205: TRY: 11
DEBUG: src/lcthw/hashmap.c:Hashmap_get_node:205: TRY: 12
DEBUG: src/lcthw/hashmap.c:Hashmap_get_node:205: TRY: 13
DEBUG: src/lcthw/hashmap.c:Hashmap_get_node:205: TRY: 14
DEBUG: src/lcthw/hashmap.c:Hashmap_get_node:205: TRY: 15
DEBUG: src/lcthw/hashmap.c:Hashmap_get_node:205: TRY: 16
DEBUG: src/lcthw/hashmap.c:Hashmap_get_node:205: TRY: 17
DEBUG: src/lcthw/hashmap.c:Hashmap_get_node:205: TRY: 18
DEBUG: src/lcthw/hashmap.c:Hashmap_get_node:205: TRY: 19
DEBUG: src/lcthw/hashmap.c:Hashmap_get_node:205: TRY: 20
DEBUG: src/lcthw/hashmap.c:Hashmap_get_node:205: TRY: 21
DEBUG: src/lcthw/hashmap.c:Hashmap_get_node:205: TRY: 22
DEBUG: src/lcthw/hashmap.c:Hashmap_get_node:205: TRY: 23
DEBUG: src/lcthw/hashmap.c:Hashmap_get_node:205: TRY: 24
DEBUG: src/lcthw/hashmap.c:Hashmap_get_node:205: TRY: 25
DEBUG: src/lcthw/hashmap.c:Hashmap_get_node:205: TRY: 26
DEBUG: src/lcthw/hashmap.c:Hashmap_get_node:205: TRY: 27
DEBUG: src/lcthw/hashmap.c:Hashmap_get_node:205: TRY: 28
DEBUG: src/lcthw/hashmap.c:Hashmap_get_node:205: TRY: 29
DEBUG: src/lcthw/hashmap.c:Hashmap_get_node:205: TRY: 30
DEBUG: src/lcthw/hashmap.c:Hashmap_get_node:205: TRY: 31
DEBUG: src/lcthw/hashmap.c:Hashmap_get_node:205: TRY: 32
DEBUG: src/lcthw/hashmap.c:Hashmap_get_node:205: TRY: 33
DEBUG: src/lcthw/hashmap.c:Hashmap_get_node:205: TRY: 34
DEBUG: src/lcthw/hashmap.c:Hashmap_get_node:205: TRY: 35
DEBUG: src/lcthw/hashmap.c:Hashmap_get_node:205: TRY: 36
DEBUG: src/lcthw/hashmap.c:Hashmap_get_node:205: TRY: 37
DEBUG: src/lcthw/hashmap.c:Hashmap_get_node:205: TRY: 38
DEBUG: src/lcthw/hashmap.c:Hashmap_get_node:205: TRY: 39
DEBUG: src/lcthw/hashmap.c:Hashmap_get_node:205: TRY: 40
DEBUG: src/lcthw/hashmap.c:Hashmap_get_node:205: TRY: 41
DEBUG: src/lcthw/hashmap.c:Hashmap_get_node:205: TRY: 42
DEBUG: src/lcthw/hashmap.c:Hashmap_get_node:205: TRY: 43
DEBUG: src/lcthw/hashmap.c:Hashmap_get_node:205: TRY: 44
DEBUG: src/lcthw/hashmap.c:Hashmap_get_node:205: TRY: 45
DEBUG: src/lcthw/hashmap.c:Hashmap_get_node:205: TRY: 46
DEBUG: src/lcthw/hashmap.c:Hashmap_get_node:205: TRY: 0
DEBUG: src/lcthw/hashmap.c:Hashmap_get_node:205: TRY: 1
DEBUG: src/lcthw/hashmap.c:Hashmap_get_node:205: TRY: 2
DEBUG: src/lcthw/hashmap.c:Hashmap_get_node:205: TRY: 3
DEBUG: src/lcthw/hashmap.c:Hashmap_get_node:205: TRY: 4
DEBUG: src/lcthw/hashmap.c:Hashmap_get_node:205: TRY: 5
DEBUG: src/lcthw/hashmap.c:Hashmap_get_node:205: TRY: 6
DEBUG: src/lcthw/hashmap.c:Hashmap_get_node:205: TRY: 7
DEBUG: src/lcthw/hashmap.c:Hashmap_get_node:205: TRY: 8
DEBUG: src/lcthw/hashmap.c:Hashmap_get_node:205: TRY: 9
DEBUG: src/lcthw/hashmap.c:Hashmap_get_node:205: TRY: 10
DEBUG: src/lcthw/hashmap.c:Hashmap_get_node:205: TRY: 11
DEBUG: src/lcthw/hashmap.c:Hashmap_get_node:205: TRY: 12
DEBUG: src/lcthw/hashmap.c:Hashmap_get_node:205: TRY: 13
DEBUG: src/lcthw/hashmap.c:Hashmap_get_node:205: TRY: 14
DEBUG: src/lcthw/hashmap.c:Hashmap_get_node:205: TRY: 15
DEBUG: src/lcthw/hashmap.c:Hashmap_get_node:205: TRY: 16
DEBUG: src/lcthw/hashmap.c:Hashmap_get_node:205: TRY: 17
DEBUG: src/lcthw/hashmap.c:Hashmap_get_node:205: TRY: 18
DEBUG: src/lcthw/hashmap.c:Hashmap_get_node:205: TRY: 19
DEBUG: src/lcthw/hashmap.c:Hashmap_get_node:205: TRY: 20
DEBUG: src/lcthw/hashmap.c:Hashmap_get_node:205: TRY: 21
DEBUG: src/lcthw/hashmap.c:Hashmap_get_node:205: TRY: 22
DEBUG: src/lcthw/hashmap.c:Hashmap_get_node:205: TRY: 23
DEBUG: src/lcthw/hashmap.c:Hashmap_get_node:205: TRY: 24
DEBUG: src/lcthw/hashmap.c:Hashmap_get_node:205: TRY: 25
DEBUG: src/lcthw/hashmap.c:Hashmap_get_node:205: TRY: 26
DEBUG: src/lcthw/hashmap.c:Hashmap_get_node:205: TRY: 27
DEBUG: src/lcthw/hashmap.c:Hashmap_get_node:205: TRY: 28
DEBUG: src/lcthw/hashmap.c:Hashmap_get_node:205: TRY: 0
DEBUG: src/lcthw/hashmap.c:Hashmap_get_node:205: TRY: 1
DEBUG: src/lcthw/hashmap.c:Hashmap_get_node:205: TRY: 2
DEBUG: src/lcthw/hashmap.c:Hashmap_get_node:205: TRY: 3
DEBUG: src/lcthw/hashmap.c:Hashmap_get_node:205: TRY: 4
DEBUG: src/lcthw/hashmap.c:Hashmap_get_node:205: TRY: 5
DEBUG: src/lcthw/hashmap.c:Hashmap_get_node:205: TRY: 6
DEBUG: src/lcthw/hashmap.c:Hashmap_get_node:205: TRY: 7
DEBUG: src/lcthw/hashmap.c:Hashmap_get_node:205: TRY: 8
DEBUG: src/lcthw/hashmap.c:Hashmap_get_node:205: TRY: 9
DEBUG: src/lcthw/hashmap.c:Hashmap_get_node:205: TRY: 10
DEBUG: src/lcthw/hashmap.c:Hashmap_get_node:205: TRY: 11
DEBUG: src/lcthw/hashmap.c:Hashmap_get_node:205: TRY: 12
DEBUG: src/lcthw/hashmap.c:Hashmap_get_node:205: TRY: 13
DEBUG: src/lcthw/hashmap.c:Hashmap_get_node:205: TRY: 14
DEBUG: src/lcthw/hashmap.c:Hashmap_get_node:205: TRY: 15
DEBUG: src/lcthw/hashmap.c:Hashmap_get_node:205: TRY: 16
DEBUG: src/lcthw/hashmap.c:Hashmap_get_node:205: TRY: 17
DEBUG: src/lcthw/hashmap.c:Hashmap_get_node:205: TRY: 18
DEBUG: src/lcthw/hashmap.c:Hashmap_get_node:205: TRY: 19
DEBUG: src/lcthw/hashmap.c:Hashmap_get_node:205: TRY: 20
DEBUG: src/lcthw/hashmap.c:Hashmap_get_node:205: TRY: 21
DEBUG: src/lcthw/hashmap.c:Hashmap_get_node:205: TRY: 22
DEBUG: src/lcthw/hashmap.c:Hashmap_get_node:205: TRY: 23
DEBUG: src/lcthw/hashmap.c:Hashmap_get_node:205: TRY: 24
DEBUG: src/lcthw/hashmap.c:Hashmap_get_node:205: TRY: 25
DEBUG: src/lcthw/hashmap.c:Hashmap_get_node:205: TRY: 26
DEBUG: src/lcthw/hashmap.c:Hashmap_get_node:205: TRY: 27
DEBUG: src/lcthw/hashmap.c:Hashmap_get_node:205: TRY: 28
DEBUG: src/lcthw/hashmap.c:Hashmap_get_node:205: TRY: 29
DEBUG: src/lcthw/hashmap.c:Hashmap_get_node:205: TRY: 30
DEBUG: src/lcthw/hashmap.c:Hashmap_get_node:205: TRY: 0
DEBUG: src/lcthw/hashmap.c:Hashmap_get_node:205: TRY: 1
DEBUG: src/lcthw/hashmap.c:Hashmap_get_node:205: TRY: 2
DEBUG: src/lcthw/hashmap.c:Hashmap_get_node:205: TRY: 3
DEBUG: src/lcthw/hashmap.c:Hashmap_get_node:205: TRY: 4
DEBUG: src/lcthw/hashmap.c:Hashmap_get_node:205: TRY: 5
DEBUG: src/lcthw/hashmap.c:Hashmap_get_node:205: TRY: 6
DEBUG: src/lcthw/hashmap.c:Hashmap_get_node:205: TRY: 7
DEBUG: src/lcthw/hashmap.c:Hashmap_get_node:205: TRY: 8
DEBUG: src/lcthw/hashmap.c:Hashmap_get_node:205: TRY: 9
DEBUG: src/lcthw/hashmap.c:Hashmap_get_node:205: TRY: 10
DEBUG: src/lcthw/hashmap.c:Hashmap_get_node:205: TRY: 11
DEBUG: src/lcthw/hashmap.c:Hashmap_get_node:205: TRY: 12
DEBUG: src/lcthw/hashmap.c:Hashmap_get_node:205: TRY: 13
DEBUG: src/lcthw/hashmap.c:Hashmap_get_node:205: TRY: 14
DEBUG: src/lcthw/hashmap.c:Hashmap_get_node:205: TRY: 15
DEBUG: src/lcthw/hashmap.c:Hashmap_get_node:205: TRY: 16
DEBUG: src/lcthw/hashmap.c:Hashmap_get_node:205: TRY: 17
DEBUG: src/lcthw/hashmap.c:Hashmap_get_node:205: TRY: 18
DEBUG: src/lcthw/hashmap.c:Hashmap_get_node:205: TRY: 19
DEBUG: src/lcthw/hashmap.c:Hashmap_get_node:205: TRY: 20
DEBUG: src/lcthw/hashmap.c:Hashmap_get_node:205: TRY: 21
DEBUG: src/lcthw/hashmap.c:Hashmap_get_node:205: TRY: 22
DEBUG: src/lcthw/hashmap.c:Hashmap_get_node:205: TRY: 23
DEBUG: src/lcthw/hashmap.c:Hashmap_get_node:205: TRY: 24
DEBUG: src/lcthw/hashmap.c:Hashmap_get_node:205: TRY: 25
DEBUG: src/lcthw/hashmap.c:Hashmap_get_node:205: TRY: 26
DEBUG: src/lcthw/hashmap.c:Hashmap_get_node:205: TRY: 27
DEBUG: src/lcthw/hashmap.c:Hashmap_get_node:205: TRY: 28
DEBUG: src/lcthw/hashmap.c:Hashmap_get_node:205: TRY: 29
DEBUG: src/lcthw/hashmap.c:Hashmap_get_node:205: TRY: 30
DEBUG: src/lcthw/hashmap.c:Hashmap_get_node:205: TRY: 31
DEBUG: src/lcthw/hashmap.c:Hashmap_get_node:205: TRY: 0
DEBUG: src/lcthw/hashmap.c:Hashmap_get_node:205: TRY: 1
DEBUG: src/lcthw/hashmap.c:Hashmap_get_node:205: TRY: 2
DEBUG: src/lcthw/hashmap.c:Hashmap_get_node:205: TRY: 3
DEBUG: src/lcthw/hashmap.c:Hashmap_get_node:205: TRY: 4
DEBUG: src/lcthw/hashmap.c:Hashmap_get_node:205: TRY: 5
DEBUG: src/lcthw/hashmap.c:Hashmap_get_node:205: TRY: 6
DEBUG: src/lcthw/hashmap.c:Hashmap_get_node:205: TRY: 7
DEBUG: src/lcthw/hashmap.c:Hashmap_get_node:205: TRY: 8
DEBUG: src/lcthw/hashmap.c:Hashmap_get_node:205: TRY: 9
DEBUG: src/lcthw/hashmap.c:Hashmap_get_node:205: TRY: 10
DEBUG: src/lcthw/hashmap.c:Hashmap_get_node:205: TRY: 11
DEBUG: src/lcthw/hashmap.c:Hashmap_get_node:205: TRY: 12
DEBUG: src/lcthw/hashmap.c:Hashmap_get_node:205: TRY: 13
DEBUG: src/lcthw/hashmap.c:Hashmap_get_node:205: TRY: 14
DEBUG: src/lcthw/hashmap.c:Hashmap_get_node:205: TRY: 15
DEBUG: src/lcthw/hashmap.c:Hashmap_get_node:205: TRY: 16
DEBUG: src/lcthw/hashmap.c:Hashmap_get_node:205: TRY: 17
DEBUG: src/lcthw/hashmap.c:Hashmap_get_node:205: TRY: 18
DEBUG: src/lcthw/hashmap.c:Hashmap_get_node:205: TRY: 19
DEBUG: src/lcthw/hashmap.c:Hashmap_get_node:205: TRY: 20
DEBUG: src/lcthw/hashmap.c:Hashmap_get_node:205: TRY: 21
DEBUG: src/lcthw/hashmap.c:Hashmap_get_node:205: TRY: 22
DEBUG: src/lcthw/hashmap.c:Hashmap_get_node:205: TRY: 23
DEBUG: src/lcthw/hashmap.c:Hashmap_get_node:205: TRY: 24
DEBUG: src/lcthw/hashmap.c:Hashmap_get_node:205: TRY: 25
DEBUG: src/lcthw/hashmap.c:Hashmap_get_node:205: TRY: 26
DEBUG: src/lcthw/hashmap.c:Hashmap_get_node:205: TRY: 27
DEBUG: src/lcthw/hashmap.c:Hashmap_get_node:205: TRY: 28
DEBUG: src/lcthw/hashmap.c:Hashmap_get_node:205: TRY: 29
DEBUG: src/lcthw/hashmap.c:Hashmap_get_node:205: TRY: 0
DEBUG: src/lcthw/hashmap.c:Hashmap_get_node:205: TRY: 1
DEBUG: src/lcthw/hashmap.c:Hashmap_get_node:205: TRY: 2
DEBUG: src/lcthw/hashmap.c:Hashmap_get_node:205: TRY: 3
DEBUG: src/lcthw/hashmap.c:Hashmap_get_node:205: TRY: 4
DEBUG: src/lcthw/hashmap.c:Hashmap_get_node:205: TRY: 5
DEBUG: src/lcthw/hashmap.c:Hashmap_get_node:205: TRY: 6
DEBUG: src/lcthw/hashmap.c:Hashmap_get_node:205: TRY: 7
DEBUG: src/lcthw/hashmap.c:Hashmap_get_node:205: TRY: 8
DEBUG: src/lcthw/hashmap.c:Hashmap_get_node:205: TRY: 9
DEBUG: src/lcthw/hashmap.c:Hashmap_get_node:205: TRY: 10
DEBUG: src/lcthw/hashmap.c:Hashmap_get_node:205: TRY: 11
DEBUG: src/lcthw/hashmap.c:Hashmap_get_node:205: TRY: 12
DEBUG: src/lcthw/hashmap.c:Hashmap_get_node:205: TRY: 13
DEBUG: src/lcthw/hashmap.c:Hashmap_get_node:205: TRY: 14
DEBUG: src/lcthw/hashmap.c:Hashmap_get_node:205: TRY: 15
DEBUG: src/lcthw/hashmap.c:Hashmap_get_node:205: TRY: 16
DEBUG: src/lcthw/hashmap.c:Hashmap_get_node:205: TRY: 17
DEBUG: src/lcthw/hashmap.c:Hashmap_get_node:205: TRY: 18
DEBUG: src/lcthw/hashmap.c:Hashmap_get_node:205: TRY: 19
DEBUG: src/lcthw/hashmap.c:Hashmap_get_node:205: TRY: 20
DEBUG: src/lcthw/hashmap.c:Hashmap_get_node:205: TRY: 21
DEBUG: src/lcthw/hashmap.c:Hashmap_get_node:205: TRY: 22
DEBUG: src/lcthw/hashmap.c:Hashmap_get_node:205: TRY: 23
DEBUG: src/lcthw/hashmap.c:Hashmap_get_node:205: TRY: 24
DEBUG: src/lcthw/hashmap.c:Hashmap_get_node:205: TRY: 25
DEBUG: src/lcthw/hashmap.c:Hashmap_get_node:205: TRY: 26
DEBUG: src/lcthw/hashmap.c:Hashmap_get_node:205: TRY: 27
DEBUG: src/lcthw/hashmap.c:Hashmap_get_node:205: TRY: 28
DEBUG: src/lcthw/hashmap.c:Hashmap_get_node:205: TRY: 29
DEBUG: src/lcthw/hashmap.c:Hashmap_get_node:205: TRY: 30
DEBUG: src/lcthw/hashmap.c:Hashmap_get_node:205: TRY: 0
DEBUG: src/lcthw/hashmap.c:Hashmap_get_node:205: TRY: 1
DEBUG: src/lcthw/hashmap.c:Hashmap_get_node:205: TRY: 2
DEBUG: src/lcthw/hashmap.c:Hashmap_get_node:205: TRY: 3
DEBUG: src/lcthw/hashmap.c:Hashmap_get_node:205: TRY: 4
DEBUG: src/lcthw/hashmap.c:Hashmap_get_node:205: TRY: 5
DEBUG: src/lcthw/hashmap.c:Hashmap_get_node:205: TRY: 6
DEBUG: src/lcthw/hashmap.c:Hashmap_get_node:205: TRY: 7
DEBUG: src/lcthw/hashmap.c:Hashmap_get_node:205: TRY: 8
DEBUG: src/lcthw/hashmap.c:Hashmap_get_node:205: TRY: 9
DEBUG: src/lcthw/hashmap.c:Hashmap_get_node:205: TRY: 10
DEBUG: src/lcthw/hashmap.c:Hashmap_get_node:205: TRY: 11
DEBUG: src/lcthw/hashmap.c:Hashmap_get_node:205: TRY: 12
DEBUG: src/lcthw/hashmap.c:Hashmap_get_node:205: TRY: 13
DEBUG: src/lcthw/hashmap.c:Hashmap_get_node:205: TRY: 14
DEBUG: src/lcthw/hashmap.c:Hashmap_get_node:205: TRY: 15
DEBUG: src/lcthw/hashmap.c:Hashmap_get_node:205: TRY: 16
DEBUG: src/lcthw/hashmap.c:Hashmap_get_node:205: TRY: 17
DEBUG: src/lcthw/hashmap.c:Hashmap_get_node:205: TRY: 18
DEBUG: src/lcthw/hashmap.c:Hashmap_get_node:205: TRY: 19
DEBUG: src/lcthw/hashmap.c:Hashmap_get_node:205: TRY: 20
DEBUG: src/lcthw/hashmap.c:Hashmap_get_node:205: TRY: 21
DEBUG: src/lcthw/hashmap.c:Hashmap_get_node:205: TRY: 22
DEBUG: src/lcthw/hashmap.c:Hashmap_get_node:205: TRY: 23
DEBUG: src/lcthw/hashmap.c:Hashmap_get_node:205: TRY: 24
DEBUG: src/lcthw/hashmap.c:Hashmap_get_node:205: TRY: 25
DEBUG: src/lcthw/hashmap.c:Hashmap_get_node:205: TRY: 26
DEBUG: src/lcthw/hashmap.c:Hashmap_get_node:205: TRY: 27
DEBUG: src/lcthw/hashmap.c:Hashmap_get_node:205: TRY: 28
DEBUG: src/lcthw/hashmap.c:Hashmap_get_node:205: TRY: 29
DEBUG: src/lcthw/hashmap.c:Hashmap_get_node:205: TRY: 30
DEBUG: src/lcthw/hashmap.c:Hashmap_get_node:205: TRY: 31
DEBUG: src/lcthw/hashmap.c:Hashmap_get_node:205: TRY: 32
DEBUG: src/lcthw/hashmap.c:Hashmap_get_node:205: TRY: 33
DEBUG: src/lcthw/hashmap.c:Hashmap_get_node:205: TRY: 34
DEBUG: src/lcthw/hashmap.c:Hashmap_get_node:205: TRY: 35
DEBUG: src/lcthw/hashmap.c:Hashmap_get_node:205: TRY: 36
DEBUG: src/lcthw/hashmap.c:Hashmap_get_node:205: TRY: 37
DEBUG: src/lcthw/hashmap.c:Hashmap_get_node:205: TRY: 38
DEBUG: src/lcthw/hashmap.c:Hashmap_get_node:205: TRY: 39
DEBUG: src/lcthw/hashmap.c:Hashmap_get_node:205: TRY: 40
DEBUG: src/lcthw/hashmap.c:Hashmap_get_node:205: TRY: 41
DEBUG: src/lcthw/hashmap.c:Hashmap_get_node:205: TRY: 42
DEBUG: src/lcthw/hashmap.c:Hashmap_get_node:205: TRY: 43
DEBUG: src/lcthw/hashmap.c:Hashmap_get_node:205: TRY: 44
DEBUG: src/lcthw/hashmap.c:Hashmap_get_node:205: TRY: 45
DEBUG: src/lcthw/hashmap.c:Hashmap_get_node:205: TRY: 46
DEBUG: src/lcthw/hashmap.c:Hashmap_get_node:205: TRY: 47
DEBUG: src/lcthw/hashmap.c:Hashmap_get_node:205: TRY: 0
DEBUG: src/lcthw/hashmap.c:Hashmap_get_node:205: TRY: 1
DEBUG: src/lcthw/hashmap.c:Hashmap_get_node:205: TRY: 2
DEBUG: src/lcthw/hashmap.c:Hashmap_get_node:205: TRY: 3
DEBUG: src/lcthw/hashmap.c:Hashmap_get_node:205: TRY: 4
DEBUG: src/lcthw/hashmap.c:Hashmap_get_node:205: TRY: 5
DEBUG: src/lcthw/hashmap.c:Hashmap_get_node:205: TRY: 6
DEBUG: src/lcthw/hashmap.c:Hashmap_get_node:205: TRY: 7
DEBUG: src/lcthw/hashmap.c:Hashmap_get_node:205: TRY: 8
DEBUG: src/lcthw/hashmap.c:Hashmap_get_node:205: TRY: 9
DEBUG: src/lcthw/hashmap.c:Hashmap_get_node:205: TRY: 10
DEBUG: src/lcthw/hashmap.c:Hashmap_get_node:205: TRY: 11
DEBUG: src/lcthw/hashmap.c:Hashmap_get_node:205: TRY: 12
DEBUG: src/lcthw/hashmap.c:Hashmap_get_node:205: TRY: 13
DEBUG: src/lcthw/hashmap.c:Hashmap_get_node:205: TRY: 14
DEBUG: src/lcthw/hashmap.c:Hashmap_get_node:205: TRY: 15
DEBUG: src/lcthw/hashmap.c:Hashmap_get_node:205: TRY: 16
DEBUG: src/lcthw/hashmap.c:Hashmap_get_node:205: TRY: 17
DEBUG: src/lcthw/hashmap.c:Hashmap_get_node:205: TRY: 18
DEBUG: src/lcthw/hashmap.c:Hashmap_get_node:205: TRY: 19
DEBUG: src/lcthw/hashmap.c:Hashmap_get_node:205: TRY: 20
DEBUG: src/lcthw/hashmap.c:Hashmap_get_node:205: TRY: 21
DEBUG: src/lcthw/hashmap.c:Hashmap_get_node:205: TRY: 22
DEBUG: src/lcthw/hashmap.c:Hashmap_get_node:205: TRY: 23
DEBUG: src/lcthw/hashmap.c:Hashmap_get_node:205: TRY: 24
DEBUG: src/lcthw/hashmap.c:Hashmap_get_node:205: TRY: 25
DEBUG: src/lcthw/hashmap.c:Hashmap_get_node:205: TRY: 26
DEBUG: src/lcthw/hashmap.c:Hashmap_get_node:205: TRY: 27
DEBUG: src/lcthw/hashmap.c:Hashmap_get_node:205: TRY: 28
DEBUG: src/lcthw/hashmap.c:Hashmap_get_node:205: TRY: 29
DEBUG: src/lcthw/hashmap.c:Hashmap_get_node:205: TRY: 30
DEBUG: src/lcthw/hashmap.c:Hashmap_get_node:205: TRY: 0
DEBUG: src/lcthw/hashmap.c:Hashmap_get_node:205: TRY: 1
DEBUG: src/lcthw/hashmap.c:Hashmap_get_node:205: TRY: 2
DEBUG: src/lcthw/hashmap.c:Hashmap_get_node:205: TRY: 3
DEBUG: src/lcthw/hashmap.c:Hashmap_get_node:205: TRY: 4
DEBUG: src/lcthw/hashmap.c:Hashmap_get_node:205: TRY: 5
DEBUG: src/lcthw/hashmap.c:Hashmap_get_node:205: TRY: 6
DEBUG: src/lcthw/hashmap.c:Hashmap_get_node:205: TRY: 7
DEBUG: src/lcthw/hashmap.c:Hashmap_get_node:205: TRY: 8
DEBUG: src/lcthw/hashmap.c:Hashmap_get_node:205: TRY: 9
DEBUG: src/lcthw/hashmap.c:Hashmap_get_node:205: TRY: 10
DEBUG: src/lcthw/hashmap.c:Hashmap_get_node:205: TRY: 11
DEBUG: src/lcthw/hashmap.c:Hashmap_get_node:205: TRY: 12
DEBUG: src/lcthw/hashmap.c:Hashmap_get_node:205: TRY: 13
DEBUG: src/lcthw/hashmap.c:Hashmap_get_node:205: TRY: 14
DEBUG: src/lcthw/hashmap.c:Hashmap_get_node:205: TRY: 15
DEBUG: src/lcthw/hashmap.c:Hashmap_get_node:205: TRY: 16
DEBUG: src/lcthw/hashmap.c:Hashmap_get_node:205: TRY: 17
DEBUG: src/lcthw/hashmap.c:Hashmap_get_node:205: TRY: 18
DEBUG: src/lcthw/hashmap.c:Hashmap_get_node:205: TRY: 19
DEBUG: src/lcthw/hashmap.c:Hashmap_get_node:205: TRY: 20
DEBUG: src/lcthw/hashmap.c:Hashmap_get_node:205: TRY: 21
DEBUG: src/lcthw/hashmap.c:Hashmap_get_node:205: TRY: 22
DEBUG: src/lcthw/hashmap.c:Hashmap_get_node:205: TRY: 23
DEBUG: src/lcthw/hashmap.c:Hashmap_get_node:205: TRY: 24
DEBUG: src/lcthw/hashmap.c:Hashmap_get_node:205: TRY: 25
DEBUG: src/lcthw/hashmap.c:Hashmap_get_node:205: TRY: 26
DEBUG: src/lcthw/hashmap.c:Hashmap_get_node:205: TRY: 27
DEBUG: src/lcthw/hashmap.c:Hashmap_get_node:205: TRY: 28
DEBUG: src/lcthw/hashmap.c:Hashmap_get_node:205: TRY: 29
DEBUG: src/lcthw/hashmap.c:Hashmap_get_node:205: TRY: 30
DEBUG: src/lcthw/hashmap.c:Hashmap_get_node:205: TRY: 31
DEBUG: src/lcthw/hashmap.c:Hashmap_get_node:205: TRY: 0
DEBUG: src/lcthw/hashmap.c:Hashmap_get_node:205: TRY: 1
DEBUG: src/lcthw/hashmap.c:Hashmap_get_node:205: TRY: 2
DEBUG: src/lcthw/hashmap.c:Hashmap_get_node:205: TRY: 3
DEBUG: src/lcthw/hashmap.c:Hashmap_get_node:205: TRY: 4
DEBUG: src/lcthw/hashmap.c:Hashmap_get_node:205: TRY: 5
DEBUG: src/lcthw/hashmap.c:Hashmap_get_node:205: TRY: 6
DEBUG: src/lcthw/hashmap.c:Hashmap_get_node:205: TRY: 7
DEBUG: src/lcthw/hashmap.c:Hashmap_get_node:205: TRY: 8
DEBUG: src/lcthw/hashmap.c:Hashmap_get_node:205: TRY: 9
DEBUG: src/lcthw/hashmap.c:Hashmap_get_node:205: TRY: 10
DEBUG: src/lcthw/hashmap.c:Hashmap_get_node:205: TRY: 11
DEBUG: src/lcthw/hashmap.c:Hashmap_get_node:205: TRY: 12
DEBUG: src/lcthw/hashmap.c:Hashmap_get_node:205: TRY: 13
DEBUG: src/lcthw/hashmap.c:Hashmap_get_node:205: TRY: 14
DEBUG: src/lcthw/hashmap.c:Hashmap_get_node:205: TRY: 15
DEBUG: src/lcthw/hashmap.c:Hashmap_get_node:205: TRY: 16
DEBUG: src/lcthw/hashmap.c:Hashmap_get_node:205: TRY: 17
DEBUG: src/lcthw/hashmap.c:Hashmap_get_node:205: TRY: 18
DEBUG: src/lcthw/hashmap.c:Hashmap_get_node:205: TRY: 19
DEBUG: src/lcthw/hashmap.c:Hashmap_get_node:205: TRY: 20
DEBUG: src/lcthw/hashmap.c:Hashmap_get_node:205: TRY: 21
DEBUG: src/lcthw/hashmap.c:Hashmap_get_node:205: TRY: 22
DEBUG: src/lcthw/hashmap.c:Hashmap_get_node:205: TRY: 23
DEBUG: src/lcthw/hashmap.c:Hashmap_get_node:205: TRY: 24
DEBUG: src/lcthw/hashmap.c:Hashmap_get_node:205: TRY: 25
DEBUG: src/lcthw/hashmap.c:Hashmap_get_node:205: TRY: 26
DEBUG: src/lcthw/hashmap.c:Hashmap_get_node:205: TRY: 27
DEBUG: src/lcthw/hashmap.c:Hashmap_get_node:205: TRY: 28
DEBUG: src/lcthw/hashmap.c:Hashmap_get_node:205: TRY: 29
DEBUG: src/lcthw/hashmap.c:Hashmap_get_node:205: TRY: 30
DEBUG: src/lcthw/hashmap.c:Hashmap_get_node:205: TRY: 31
DEBUG: src/lcthw/hashmap.c:Hashmap_get_node:205: TRY: 32
DEBUG: src/lcthw/hashmap.c:Hashmap_get_node:205: TRY: 0
DEBUG: src/lcthw/hashmap.c:Hashmap_get_node:205: TRY: 1
DEBUG: src/lcthw/hashmap.c:Hashmap_get_node:205: TRY: 2
DEBUG: src/lcthw/hashmap.c:Hashmap_get_node:205: TRY: 3
DEBUG: src/lcthw/hashmap.c:Hashmap_get_node:205: TRY: 4
DEBUG: src/lcthw/hashmap.c:Hashmap_get_node:205: TRY: 5
DEBUG: src/lcthw/hashmap.c:Hashmap_get_node:205: TRY: 6
DEBUG: src/lcthw/hashmap.c:Hashmap_get_node:205: TRY: 7
DEBUG: src/lcthw/hashmap.c:Hashmap_get_node:205: TRY: 8
DEBUG: src/lcthw/hashmap.c:Hashmap_get_node:205: TRY: 9
DEBUG: src/lcthw/hashmap.c:Hashmap_get_node:205: TRY: 10
DEBUG: src/lcthw/hashmap.c:Hashmap_get_node:205: TRY: 11
DEBUG: src/lcthw/hashmap.c:Hashmap_get_node:205: TRY: 12
DEBUG: src/lcthw/hashmap.c:Hashmap_get_node:205: TRY: 13
DEBUG: src/lcthw/hashmap.c:Hashmap_get_node:205: TRY: 14
DEBUG: src/lcthw/hashmap.c:Hashmap_get_node:205: TRY: 15
DEBUG: src/lcthw/hashmap.c:Hashmap_get_node:205: TRY: 16
DEBUG: src/lcthw/hashmap.c:Hashmap_get_node:205: TRY: 17
DEBUG: src/lcthw/hashmap.c:Hashmap_get_node:205: TRY: 18
DEBUG: src/lcthw/hashmap.c:Hashmap_get_node:205: TRY: 19
DEBUG: src/lcthw/hashmap.c:Hashmap_get_node:205: TRY: 20
DEBUG: src/lcthw/hashmap.c:Hashmap_get_node:205: TRY: 21
DEBUG: src/lcthw/hashmap.c:Hashmap_get_node:205: TRY: 22
DEBUG: src/lcthw/hashmap.c:Hashmap_get_node:205: TRY: 23
DEBUG: src/lcthw/hashmap.c:Hashmap_get_node:205: TRY: 24
DEBUG: src/lcthw/hashmap.c:Hashmap_get_node:205: TRY: 25
DEBUG: src/lcthw/hashmap.c:Hashmap_get_node:205: TRY: 26
DEBUG: src/lcthw/hashmap.c:Hashmap_get_node:205: TRY: 27
DEBUG: src/lcthw/hashmap.c:Hashmap_get_node:205: TRY: 0
DEBUG: src/lcthw/hashmap.c:Hashmap_get_node:205: TRY: 1
DEBUG: src/lcthw/hashmap.c:Hashmap_get_node:205: TRY: 2
DEBUG: src/lcthw/hashmap.c:Hashmap_get_node:205: TRY: 3
DEBUG: src/lcthw/hashmap.c:Hashmap_get_node:205: TRY: 4
DEBUG: src/lcthw/hashmap.c:Hashmap_get_node:205: TRY: 5
DEBUG: src/lcthw/hashmap.c:Hashmap_get_node:205: TRY: 6
DEBUG: src/lcthw/hashmap.c:Hashmap_get_node:205: TRY: 7
DEBUG: src/lcthw/hashmap.c:Hashmap_get_node:205: TRY: 8
DEBUG: src/lcthw/hashmap.c:Hashmap_get_node:205: TRY: 9
DEBUG: src/lcthw/hashmap.c:Hashmap_get_node:205: TRY: 10
DEBUG: src/lcthw/hashmap.c:Hashmap_get_node:205: TRY: 11
DEBUG: src/lcthw/hashmap.c:Hashmap_get_node:205: TRY: 12
DEBUG: src/lcthw/hashmap.c:Hashmap_get_node:205: TRY: 13
DEBUG: src/lcthw/hashmap.c:Hashmap_get_node:205: TRY: 14
DEBUG: src/lcthw/hashmap.c:Hashmap_get_node:205: TRY: 15
DEBUG: src/lcthw/hashmap.c:Hashmap_get_node:205: TRY: 16
DEBUG: src/lcthw/hashmap.c:Hashmap_get_node:205: TRY: 17
DEBUG: src/lcthw/hashmap.c:Hashmap_get_node:205: TRY: 18
DEBUG: src/lcthw/hashmap.c:Hashmap_get_node:205: TRY: 19
DEBUG: src/lcthw/hashmap.c:Hashmap_get_node:205: TRY: 20
DEBUG: src/lcthw/hashmap.c:Hashmap_get_node:205: TRY: 21
DEBUG: src/lcthw/hashmap.c:Hashmap_get_node:205: TRY: 22
DEBUG: src/lcthw/hashmap.c:Hashmap_get_node:205: TRY: 23
DEBUG: src/lcthw/hashmap.c:Hashmap_get_node:205: TRY: 24
DEBUG: src/lcthw/hashmap.c:Hashmap_get_node:205: TRY: 25
DEBUG: src/lcthw/hashmap.c:Hashmap_get_node:205: TRY: 26
DEBUG: src/lcthw/hashmap.c:Hashmap_get_node:205: TRY: 27
DEBUG: src/lcthw/hashmap.c:Hashmap_get_node:205: TRY: 28
DEBUG: src/lcthw/hashmap.c:Hashmap_get_node:205: TRY: 29
DEBUG: src/lcthw/hashmap.c:Hashmap_get_node:205: TRY: 30
DEBUG: src/lcthw/hashmap.c:Hashmap_get_node:205: TRY: 31
DEBUG: src/lcthw/hashmap.c:Hashmap_get_node:205: TRY: 32
DEBUG: src/lcthw/hashmap.c:Hashmap_get_node:205: TRY: 33
DEBUG: src/lcthw/hashmap.c:Hashmap_get_node:205: TRY: 0
DEBUG: src/lcthw/hashmap.c:Hashmap_get_node:205: TRY: 1
DEBUG: src/lcthw/hashmap.c:Hashmap_get_node:205: TRY: 2
DEBUG: src/lcthw/hashmap.c:Hashmap_get_node:205: TRY: 3
DEBUG: src/lcthw/hashmap.c:Hashmap_get_node:205: TRY: 4
DEBUG: src/lcthw/hashmap.c:Hashmap_get_node:205: TRY: 5
DEBUG: src/lcthw/hashmap.c:Hashmap_get_node:205: TRY: 6
DEBUG: src/lcthw/hashmap.c:Hashmap_get_node:205: TRY: 7
DEBUG: src/lcthw/hashmap.c:Hashmap_get_node:205: TRY: 8
DEBUG: src/lcthw/hashmap.c:Hashmap_get_node:205: TRY: 9
DEBUG: src/lcthw/hashmap.c:Hashmap_get_node:205: TRY: 10
DEBUG: src/lcthw/hashmap.c:Hashmap_get_node:205: TRY: 11
DEBUG: src/lcthw/hashmap.c:Hashmap_get_node:205: TRY: 12
DEBUG: src/lcthw/hashmap.c:Hashmap_get_node:205: TRY: 13
DEBUG: src/lcthw/hashmap.c:Hashmap_get_node:205: TRY: 14
DEBUG: src/lcthw/hashmap.c:Hashmap_get_node:205: TRY: 15
DEBUG: src/lcthw/hashmap.c:Hashmap_get_node:205: TRY: 16
DEBUG: src/lcthw/hashmap.c:Hashmap_get_node:205: TRY: 17
DEBUG: src/lcthw/hashmap.c:Hashmap_get_node:205: TRY: 18
DEBUG: src/lcthw/hashmap.c:Hashmap_get_node:205: TRY: 19
DEBUG: src/lcthw/hashmap.c:Hashmap_get_node:205: TRY: 20
DEBUG: src/lcthw/hashmap.c:Hashmap_get_node:205: TRY: 21
DEBUG: src/lcthw/hashmap.c:Hashmap_get_node:205: TRY: 22
DEBUG: src/lcthw/hashmap.c:Hashmap_get_node:205: TRY: 23
DEBUG: src/lcthw/hashmap.c:Hashmap_get_node:205: TRY: 24
DEBUG: src/lcthw/hashmap.c:Hashmap_get_node:205: TRY: 25
DEBUG: src/lcthw/hashmap.c:Hashmap_get_node:205: TRY: 26
DEBUG: src/lcthw/hashmap.c:Hashmap_get_node:205: TRY: 27
DEBUG: src/lcthw/hashmap.c:Hashmap_get_node:205: TRY: 28
DEBUG: src/lcthw/hashmap.c:Hashmap_get_node:205: TRY: 29
DEBUG: src/lcthw/hashmap.c:Hashmap_get_node:205: TRY: 30
DEBUG: src/lcthw/hashmap.c:Hashmap_get_node:205: TRY: 31
DEBUG: src/lcthw/hashmap.c:Hashmap_get_node:205: TRY: 32
DEBUG: src/lcthw/hashmap.c:Hashmap_get_node:205: TRY: 33
DEBUG: src/lcthw/hashmap.c:Hashmap_get_node:205: TRY: 34
DEBUG: src/lcthw/hashmap.c:Hashmap_get_node:205: TRY: 0
DEBUG: src/lcthw/hashmap.c:Hashmap_get_node:205: TRY: 1
DEBUG: src/lcthw/hashmap.c:Hashmap_get_node:205: TRY: 2
DEBUG: src/lcthw/hashmap.c:Hashmap_get_node:205: TRY: 3
DEBUG: src/lcthw/hashmap.c:Hashmap_get_node:205: TRY: 4
DEBUG: src/lcthw/hashmap.c:Hashmap_get_node:205: TRY: 5
DEBUG: src/lcthw/hashmap.c:Hashmap_get_node:205: TRY: 6
DEBUG: src/lcthw/hashmap.c:Hashmap_get_node:205: TRY: 7
DEBUG: src/lcthw/hashmap.c:Hashmap_get_node:205: TRY: 8
DEBUG: src/lcthw/hashmap.c:Hashmap_get_node:205: TRY: 9
DEBUG: src/lcthw/hashmap.c:Hashmap_get_node:205: TRY: 10
DEBUG: src/lcthw/hashmap.c:Hashmap_get_node:205: TRY: 11
DEBUG: src/lcthw/hashmap.c:Hashmap_get_node:205: TRY: 12
DEBUG: src/lcthw/hashmap.c:Hashmap_get_node:205: TRY: 13
DEBUG: src/lcthw/hashmap.c:Hashmap_get_node:205: TRY: 14
DEBUG: src/lcthw/hashmap.c:Hashmap_get_node:205: TRY: 15
DEBUG: src/lcthw/hashmap.c:Hashmap_get_node:205: TRY: 16
DEBUG: src/lcthw/hashmap.c:Hashmap_get_node:205: TRY: 17
DEBUG: src/lcthw/hashmap.c:Hashmap_get_node:205: TRY: 18
DEBUG: src/lcthw/hashmap.c:Hashmap_get_node:205: TRY: 19
DEBUG: src/lcthw/hashmap.c:Hashmap_get_node:205: TRY: 20
DEBUG: src/lcthw/hashmap.c:Hashmap_get_node:205: TRY: 21
DEBUG: src/lcthw/hashmap.c:Hashmap_get_node:205: TRY: 22
DEBUG: src/lcthw/hashmap.c:Hashmap_get_node:205: TRY: 23
DEBUG: src/lcthw/hashmap.c:Hashmap_get_node:205: TRY: 24
DEBUG: src/lcthw/hashmap.c:Hashmap_get_node:205: TRY: 25
DEBUG: src/lcthw/hashmap.c:Hashmap_get_node:205: TRY: 26
DEBUG: src/lcthw/hashmap.c:Hashmap_get_node:205: TRY: 27
DEBUG: src/lcthw/hashmap.c:Hashmap_get_node:205: TRY: 28
DEBUG: src/lcthw/hashmap.c:Hashmap_get_node:205: TRY: 0
DEBUG: src/lcthw/hashmap.c:Hashmap_get_node:205: TRY: 1
DEBUG: src/lcthw/hashmap.c:Hashmap_get_node:205: TRY: 2
DEBUG: src/lcthw/hashmap.c:Hashmap_get_node:205: TRY: 3
DEBUG: src/lcthw/hashmap.c:Hashmap_get_node:205: TRY: 4
DEBUG: src/lcthw/hashmap.c:Hashmap_get_node:205: TRY: 5
DEBUG: src/lcthw/hashmap.c:Hashmap_get_node:205: TRY: 6
DEBUG: src/lcthw/hashmap.c:Hashmap_get_node:205: TRY: 7
DEBUG: src/lcthw/hashmap.c:Hashmap_get_node:205: TRY: 8
DEBUG: src/lcthw/hashmap.c:Hashmap_get_node:205: TRY: 9
DEBUG: src/lcthw/hashmap.c:Hashmap_get_node:205: TRY: 10
DEBUG: src/lcthw/hashmap.c:Hashmap_get_node:205: TRY: 11
DEBUG: src/lcthw/hashmap.c:Hashmap_get_node:205: TRY: 12
DEBUG: src/lcthw/hashmap.c:Hashmap_get_node:205: TRY: 13
DEBUG: src/lcthw/hashmap.c:Hashmap_get_node:205: TRY: 14
DEBUG: src/lcthw/hashmap.c:Hashmap_get_node:205: TRY: 15
DEBUG: src/lcthw/hashmap.c:Hashmap_get_node:205: TRY: 16
DEBUG: src/lcthw/hashmap.c:Hashmap_get_node:205: TRY: 17
DEBUG: src/lcthw/hashmap.c:Hashmap_get_node:205: TRY: 18
DEBUG: src/lcthw/hashmap.c:Hashmap_get_node:205: TRY: 19
DEBUG: src/lcthw/hashmap.c:Hashmap_get_node:205: TRY: 20
DEBUG: src/lcthw/hashmap.c:Hashmap_get_node:205: TRY: 21
DEBUG: src/lcthw/hashmap.c:Hashmap_get_node:205: TRY: 22
DEBUG: src/lcthw/hashmap.c:Hashmap_get_node:205: TRY: 23
DEBUG: src/lcthw/hashmap.c:Hashmap_get_node:205: TRY: 24
DEBUG: src/lcthw/hashmap.c:Hashmap_get_node:205: TRY: 25
DEBUG: src/lcthw/hashmap.c:Hashmap_get_node:205: TRY: 0
DEBUG: src/lcthw/hashmap.c:Hashmap_get_node:205: TRY: 1
DEBUG: src/lcthw/hashmap.c:Hashmap_get_node:205: TRY: 2
DEBUG: src/lcthw/hashmap.c:Hashmap_get_node:205: TRY: 3
DEBUG: src/lcthw/hashmap.c:Hashmap_get_node:205: TRY: 4
DEBUG: src/lcthw/hashmap.c:Hashmap_get_node:205: TRY: 5
DEBUG: src/lcthw/hashmap.c:Hashmap_get_node:205: TRY: 6
DEBUG: src/lcthw/hashmap.c:Hashmap_get_node:205: TRY: 7
DEBUG: src/lcthw/hashmap.c:Hashmap_get_node:205: TRY: 8
DEBUG: src/lcthw/hashmap.c:Hashmap_get_node:205: TRY: 9
DEBUG: src/lcthw/hashmap.c:Hashmap_get_node:205: TRY: 10
DEBUG: src/lcthw/hashmap.c:Hashmap_get_node:205: TRY: 11
DEBUG: src/lcthw/hashmap.c:Hashmap_get_node:205: TRY: 12
DEBUG: src/lcthw/hashmap.c:Hashmap_get_node:205: TRY: 13
DEBUG: src/lcthw/hashmap.c:Hashmap_get_node:205: TRY: 14
DEBUG: src/lcthw/hashmap.c:Hashmap_get_node:205: TRY: 15
DEBUG: src/lcthw/hashmap.c:Hashmap_get_node:205: TRY: 16
DEBUG: src/lcthw/hashmap.c:Hashmap_get_node:205: TRY: 17
DEBUG: src/lcthw/hashmap.c:Hashmap_get_node:205: TRY: 18
DEBUG: src/lcthw/hashmap.c:Hashmap_get_node:205: TRY: 19
DEBUG: src/lcthw/hashmap.c:Hashmap_get_node:205: TRY: 20
DEBUG: src/lcthw/hashmap.c:Hashmap_get_node:205: TRY: 21
DEBUG: src/lcthw/hashmap.c:Hashmap_get_node:205: TRY: 22
DEBUG: src/lcthw/hashmap.c:Hashmap_get_node:205: TRY: 23
DEBUG: src/lcthw/hashmap.c:Hashmap_get_node:205: TRY: 24
DEBUG: src/lcthw/hashmap.c:Hashmap_get_node:205: TRY: 25
DEBUG: src/lcthw/hashmap.c:Hashmap_get_node:205: TRY: 26
DEBUG: src/lcthw/hashmap.c:Hashmap_get_node:205: TRY: 0
DEBUG: src/lcthw/hashmap.c:Hashmap_get_node:205: TRY: 1
DEBUG: src/lcthw/hashmap.c:Hashmap_get_node:205: TRY: 2
DEBUG: src/lcthw/hashmap.c:Hashmap_get_node:205: TRY: 3
DEBUG: src/lcthw/hashmap.c:Hashmap_get_node:205: TRY: 4
DEBUG: src/lcthw/hashmap.c:Hashmap_get_node:205: TRY: 5
DEBUG: src/lcthw/hashmap.c:Hashmap_get_node:205: TRY: 6
DEBUG: src/lcthw/hashmap.c:Hashmap_get_node:205: TRY: 7
DEBUG: src/lcthw/hashmap.c:Hashmap_get_node:205: TRY: 8
DEBUG: src/lcthw/hashmap.c:Hashmap_get_node:205: TRY: 9
DEBUG: src/lcthw/hashmap.c:Hashmap_get_node:205: TRY: 10
DEBUG: src/lcthw/hashmap.c:Hashmap_get_node:205: TRY: 11
DEBUG: src/lcthw/hashmap.c:Hashmap_get_node:205: TRY: 12
DEBUG: src/lcthw/hashmap.c:Hashmap_get_node:205: TRY: 13
DEBUG: src/lcthw/hashmap.c:Hashmap_get_node:205: TRY: 14
DEBUG: src/lcthw/hashmap.c:Hashmap_get_node:205: TRY: 15
DEBUG: src/lcthw/hashmap.c:Hashmap_get_node:205: TRY: 16
DEBUG: src/lcthw/hashmap.c:Hashmap_get_node:205: TRY: 17
DEBUG: src/lcthw/hashmap.c:Hashmap_get_node:205: TRY: 18
DEBUG: src/lcthw/hashmap.c:Hashmap_get_node:205: TRY: 19
DEBUG: src/lcthw/hashmap.c:Hashmap_get_node:205: TRY: 20
DEBUG: src/lcthw/hashmap.c:Hashmap_get_node:205: TRY: 21
DEBUG: src/lcthw/hashmap.c:Hashmap_get_node:205: TRY: 22
DEBUG: src/lcthw/hashmap.c:Hashmap_get_node:205: TRY: 23
DEBUG: src/lcthw/hashmap.c:Hashmap_get_node:205: TRY: 24
DEBUG: src/lcthw/hashmap.c:Hashmap_get_node:205: TRY: 25
DEBUG: src/lcthw/hashmap.c:Hashmap_get_node:205: TRY: 26
DEBUG: src/lcthw/hashmap.c:Hashmap_get_node:205: TRY: 27
DEBUG: src/lcthw/hashmap.c:Hashmap_get_node:205: TRY: 0
DEBUG: src/lcthw/hashmap.c:Hashmap_get_node:205: TRY: 1
DEBUG: src/lcthw/hashmap.c:Hashmap_get_node:205: TRY: 2
DEBUG: src/lcthw/hashmap.c:Hashmap_get_node:205: TRY: 3
DEBUG: src/lcthw/hashmap.c:Hashmap_get_node:205: TRY: 4
DEBUG: src/lcthw/hashmap.c:Hashmap_get_node:205: TRY: 5
DEBUG: src/lcthw/hashmap.c:Hashmap_get_node:205: TRY: 6
DEBUG: src/lcthw/hashmap.c:Hashmap_get_node:205: TRY: 7
DEBUG: src/lcthw/hashmap.c:Hashmap_get_node:205: TRY: 8
DEBUG: src/lcthw/hashmap.c:Hashmap_get_node:205: TRY: 9
DEBUG: src/lcthw/hashmap.c:Hashmap_get_node:205: TRY: 10
DEBUG: src/lcthw/hashmap.c:Hashmap_get_node:205: TRY: 11
DEBUG: src/lcthw/hashmap.c:Hashmap_get_node:205: TRY: 12
DEBUG: src/lcthw/hashmap.c:Hashmap_get_node:205: TRY: 13
DEBUG: src/lcthw/hashmap.c:Hashmap_get_node:205: TRY: 14
DEBUG: src/lcthw/hashmap.c:Hashmap_get_node:205: TRY: 15
DEBUG: src/lcthw/hashmap.c:Hashmap_get_node:205: TRY: 16
DEBUG: src/lcthw/hashmap.c:Hashmap_get_node:205: TRY: 17
DEBUG: src/lcthw/hashmap.c:Hashmap_get_node:205: TRY: 18
DEBUG: src/lcthw/hashmap.c:Hashmap_get_node:205: TRY: 19
DEBUG: src/lcthw/hashmap.c:Hashmap_get_node:205: TRY: 20
DEBUG: src/lcthw/hashmap.c:Hashmap_get_node:205: TRY: 21
DEBUG: src/lcthw/hashmap.c:Hashmap_get_node:205: TRY: 22
DEBUG: src/lcthw/hashmap.c:Hashmap_get_node:205: TRY: 23
DEBUG: src/lcthw/hashmap.c:Hashmap_get_node:205: TRY: 24
DEBUG: src/lcthw/hashmap.c:Hashmap_get_node:205: TRY: 25
DEBUG: src/lcthw/hashmap.c:Hashmap_get_node:205: TRY: 26
DEBUG: src/lcthw/hashmap.c:Hashmap_get_node:205: TRY: 27
DEBUG: src/lcthw/hashmap.c:Hashmap_get_node:205: TRY: 28
DEBUG: src/lcthw/hashmap.c:Hashmap_get_node:205: TRY: 29
DEBUG: src/lcthw/hashmap.c:Hashmap_get_node:205: TRY: 30
DEBUG: src/lcthw/hashmap.c:Hashmap_get_node:205: TRY: 31
DEBUG: src/lcthw/hashmap.c:Hashmap_get_node:205: TRY: 32
DEBUG: src/lcthw/hashmap.c:Hashmap_get_node:205: TRY: 0
DEBUG: src/lcthw/hashmap.c:Hashmap_get_node:205: TRY: 1
DEBUG: src/lcthw/hashmap.c:Hashmap_get_node:205: TRY: 2
DEBUG: src/lcthw/hashmap.c:Hashmap_get_node:205: TRY: 3
DEBUG: src/lcthw/hashmap.c:Hashmap_get_node:205: TRY: 4
DEBUG: src/lcthw/hashmap.c:Hashmap_get_node:205: TRY: 5
DEBUG: src/lcthw/hashmap.c:Hashmap_get_node:205: TRY: 6
DEBUG: src/lcthw/hashmap.c:Hashmap_get_node:205: TRY: 7
DEBUG: src/lcthw/hashmap.c:Hashmap_get_node:205: TRY: 8
DEBUG: src/lcthw/hashmap.c:Hashmap_get_node:205: TRY: 9
DEBUG: src/lcthw/hashmap.c:Hashmap_get_node:205: TRY: 10
DEBUG: src/lcthw/hashmap.c:Hashmap_get_node:205: TRY: 11
DEBUG: src/lcthw/hashmap.c:Hashmap_get_node:205: TRY: 12
DEBUG: src/lcthw/hashmap.c:Hashmap_get_node:205: TRY: 13
DEBUG: src/lcthw/hashmap.c:Hashmap_get_node:205: TRY: 14
DEBUG: src/lcthw/hashmap.c:Hashmap_get_node:205: TRY: 15
DEBUG: src/lcthw/hashmap.c:Hashmap_get_node:205: TRY: 16
DEBUG: src/lcthw/hashmap.c:Hashmap_get_node:205: TRY: 17
DEBUG: src/lcthw/hashmap.c:Hashmap_get_node:205: TRY: 0
DEBUG: src/lcthw/hashmap.c:Hashmap_get_node:205: TRY: 1
DEBUG: src/lcthw/hashmap.c:Hashmap_get_node:205: TRY: 2
DEBUG: src/lcthw/hashmap.c:Hashmap_get_node:205: TRY: 3
DEBUG: src/lcthw/hashmap.c:Hashmap_get_node:205: TRY: 4
DEBUG: src/lcthw/hashmap.c:Hashmap_get_node:205: TRY: 5
DEBUG: src/lcthw/hashmap.c:Hashmap_get_node:205: TRY: 6
DEBUG: src/lcthw/hashmap.c:Hashmap_get_node:205: TRY: 7
DEBUG: src/lcthw/hashmap.c:Hashmap_get_node:205: TRY: 8
DEBUG: src/lcthw/hashmap.c:Hashmap_get_node:205: TRY: 9
DEBUG: src/lcthw/hashmap.c:Hashmap_get_node:205: TRY: 10
DEBUG: src/lcthw/hashmap.c:Hashmap_get_node:205: TRY: 11
DEBUG: src/lcthw/hashmap.c:Hashmap_get_node:205: TRY: 12
DEBUG: src/lcthw/hashmap.c:Hashmap_get_node:205: TRY: 13
DEBUG: src/lcthw/hashmap.c:Hashmap_get_node:205: TRY: 14
DEBUG: src/lcthw/hashmap.c:Hashmap_get_node:205: TRY: 15
DEBUG: src/lcthw/hashmap.c:Hashmap_get_node:205: TRY: 16
DEBUG: src/lcthw/hashmap.c:Hashmap_get_node:205: TRY: 17
DEBUG: src/lcthw/hashmap.c:Hashmap_get_node:205: TRY: 18
DEBUG: src/lcthw/hashmap.c:Hashmap_get_node:205: TRY: 19
DEBUG: src/lcthw/hashmap.c:Hashmap_get_node:205: TRY: 20
DEBUG: src/lcthw/hashmap.c:Hashmap_get_node:205: TRY: 21
DEBUG: src/lcthw/hashmap.c:Hashmap_get_node:205: TRY: 22
DEBUG: src/lcthw/hashmap.c:Hashmap_get_node:205: TRY: 23
DEBUG: src/lcthw/hashmap.c:Hashmap_get_node:205: TRY: 24
DEBUG: src/lcthw/hashmap.c:Hashmap_get_node:205: TRY: 25
DEBUG: src/lcthw/hashmap.c:Hashmap_get_node:205: TRY: 26
DEBUG: src/lcthw/hashmap.c:Hashmap_get_node:205: TRY: 27
DEBUG: src/lcthw/hashmap.c:Hashmap_get_node:205: TRY: 28
DEBUG: src/lcthw/hashmap.c:Hashmap_get_node:205: TRY: 29
DEBUG: src/lcthw/hashmap.c:Hashmap_get_node:205: TRY: 30
DEBUG: src/lcthw/hashmap.c:Hashmap_get_node:205: TRY: 31
DEBUG: src/lcthw/hashmap.c:Hashmap_get_node:205: TRY: 32
DEBUG: src/lcthw/hashmap.c:Hashmap_get_node:205: TRY: 33
DEBUG: src/lcthw/hashmap.c:Hashmap_get_node:205: TRY: 34
DEBUG: src/lcthw/hashmap.c:Hashmap_get_node:205: TRY: 35
DEBUG: src/lcthw/hashmap.c:Hashmap_get_node:205: TRY: 0
DEBUG: src/lcthw/hashmap.c:Hashmap_get_node:205: TRY: 1
DEBUG: src/lcthw/hashmap.c:Hashmap_get_node:205: TRY: 2
DEBUG: src/lcthw/hashmap.c:Hashmap_get_node:205: TRY: 3
DEBUG: src/lcthw/hashmap.c:Hashmap_get_node:205: TRY: 4
DEBUG: src/lcthw/hashmap.c:Hashmap_get_node:205: TRY: 5
DEBUG: src/lcthw/hashmap.c:Hashmap_get_node:205: TRY: 6
DEBUG: src/lcthw/hashmap.c:Hashmap_get_node:205: TRY: 7
DEBUG: src/lcthw/hashmap.c:Hashmap_get_node:205: TRY: 8
DEBUG: src/lcthw/hashmap.c:Hashmap_get_node:205: TRY: 9
DEBUG: src/lcthw/hashmap.c:Hashmap_get_node:205: TRY: 10
DEBUG: src/lcthw/hashmap.c:Hashmap_get_node:205: TRY: 11
DEBUG: src/lcthw/hashmap.c:Hashmap_get_node:205: TRY: 12
DEBUG: src/lcthw/hashmap.c:Hashmap_get_node:205: TRY: 13
DEBUG: src/lcthw/hashmap.c:Hashmap_get_node:205: TRY: 14
DEBUG: src/lcthw/hashmap.c:Hashmap_get_node:205: TRY: 15
DEBUG: src/lcthw/hashmap.c:Hashmap_get_node:205: TRY: 16
DEBUG: src/lcthw/hashmap.c:Hashmap_get_node:205: TRY: 17
DEBUG: src/lcthw/hashmap.c:Hashmap_get_node:205: TRY: 18
DEBUG: src/lcthw/hashmap.c:Hashmap_get_node:205: TRY: 19
DEBUG: src/lcthw/hashmap.c:Hashmap_get_node:205: TRY: 20
DEBUG: src/lcthw/hashmap.c:Hashmap_get_node:205: TRY: 21
DEBUG: src/lcthw/hashmap.c:Hashmap_get_node:205: TRY: 22
DEBUG: src/lcthw/hashmap.c:Hashmap_get_node:205: TRY: 23
DEBUG: src/lcthw/hashmap.c:Hashmap_get_node:205: TRY: 24
DEBUG: src/lcthw/hashmap.c:Hashmap_get_node:205: TRY: 25
DEBUG: src/lcthw/hashmap.c:Hashmap_get_node:205: TRY: 26
DEBUG: src/lcthw/hashmap.c:Hashmap_get_node:205: TRY: 27
DEBUG: src/lcthw/hashmap.c:Hashmap_get_node:205: TRY: 28
DEBUG: src/lcthw/hashmap.c:Hashmap_get_node:205: TRY: 29
DEBUG: src/lcthw/hashmap.c:Hashmap_get_node:205: TRY: 0
DEBUG: src/lcthw/hashmap.c:Hashmap_get_node:205: TRY: 1
DEBUG: src/lcthw/hashmap.c:Hashmap_get_node:205: TRY: 2
DEBUG: src/lcthw/hashmap.c:Hashmap_get_node:205: TRY: 3
DEBUG: src/lcthw/hashmap.c:Hashmap_get_node:205: TRY: 4
DEBUG: src/lcthw/hashmap.c:Hashmap_get_node:205: TRY: 5
DEBUG: src/lcthw/hashmap.c:Hashmap_get_node:205: TRY: 6
DEBUG: src/lcthw/hashmap.c:Hashmap_get_node:205: TRY: 7
DEBUG: src/lcthw/hashmap.c:Hashmap_get_node:205: TRY: 8
DEBUG: src/lcthw/hashmap.c:Hashmap_get_node:205: TRY: 9
DEBUG: src/lcthw/hashmap.c:Hashmap_get_node:205: TRY: 10
DEBUG: src/lcthw/hashmap.c:Hashmap_get_node:205: TRY: 11
DEBUG: src/lcthw/hashmap.c:Hashmap_get_node:205: TRY: 12
DEBUG: src/lcthw/hashmap.c:Hashmap_get_node:205: TRY: 13
DEBUG: src/lcthw/hashmap.c:Hashmap_get_node:205: TRY: 14
DEBUG: src/lcthw/hashmap.c:Hashmap_get_node:205: TRY: 15
DEBUG: src/lcthw/hashmap.c:Hashmap_get_node:205: TRY: 16
DEBUG: src/lcthw/hashmap.c:Hashmap_get_node:205: TRY: 17
DEBUG: src/lcthw/hashmap.c:Hashmap_get_node:205: TRY: 18
DEBUG: src/lcthw/hashmap.c:Hashmap_get_node:205: TRY: 19
DEBUG: src/lcthw/hashmap.c:Hashmap_get_node:205: TRY: 20
DEBUG: src/lcthw/hashmap.c:Hashmap_get_node:205: TRY: 21
DEBUG: src/lcthw/hashmap.c:Hashmap_get_node:205: TRY: 22
DEBUG: src/lcthw/hashmap.c:Hashmap_get_node:205: TRY: 23
DEBUG: src/lcthw/hashmap.c:Hashmap_get_node:205: TRY: 24
DEBUG: src/lcthw/hashmap.c:Hashmap_get_node:205: TRY: 25
DEBUG: src/lcthw/hashmap.c:Hashmap_get_node:205: TRY: 26
DEBUG: src/lcthw/hashmap.c:Hashmap_get_node:205: TRY: 27
DEBUG: src/lcthw/hashmap.c:Hashmap_get_node:205: TRY: 28
DEBUG: src/lcthw/hashmap.c:Hashmap_get_node:205: TRY: 29
DEBUG: src/lcthw/hashmap.c:Hashmap_get_node:205: TRY: 30
DEBUG: src/lcthw/hashmap.c:Hashmap_get_node:205: TRY: 31
DEBUG: src/lcthw/hashmap.c:Hashmap_get_node:205: TRY: 32
DEBUG: src/lcthw/hashmap.c:Hashmap_get_node:205: TRY: 33
DEBUG: src/lcthw/hashmap.c:Hashmap_get_node:205: TRY: 0
DEBUG: src/lcthw/hashmap.c:Hashmap_get_node:205: TRY: 1
DEBUG: src/lcthw/hashmap.c:Hashmap_get_node:205: TRY: 2
DEBUG: src/lcthw/hashmap.c:Hashmap_get_node:205: TRY: 3
DEBUG: src/lcthw/hashmap.c:Hashmap_get_node:205: TRY: 4
DEBUG: src/lcthw/hashmap.c:Hashmap_get_node:205: TRY: 5
DEBUG: src/lcthw/hashmap.c:Hashmap_get_node:205: TRY: 6
DEBUG: src/lcthw/hashmap.c:Hashmap_get_node:205: TRY: 7
DEBUG: src/lcthw/hashmap.c:Hashmap_get_node:205: TRY: 8
DEBUG: src/lcthw/hashmap.c:Hashmap_get_node:205: TRY: 9
DEBUG: src/lcthw/hashmap.c:Hashmap_get_node:205: TRY: 10
DEBUG: src/lcthw/hashmap.c:Hashmap_get_node:205: TRY: 11
DEBUG: src/lcthw/hashmap.c:Hashmap_get_node:205: TRY: 12
DEBUG: src/lcthw/hashmap.c:Hashmap_get_node:205: TRY: 13
DEBUG: src/lcthw/hashmap.c:Hashmap_get_node:205: TRY: 14
DEBUG: src/lcthw/hashmap.c:Hashmap_get_node:205: TRY: 15
DEBUG: src/lcthw/hashmap.c:Hashmap_get_node:205: TRY: 16
DEBUG: src/lcthw/hashmap.c:Hashmap_get_node:205: TRY: 17
DEBUG: src/lcthw/hashmap.c:Hashmap_get_node:205: TRY: 18
DEBUG: src/lcthw/hashmap.c:Hashmap_get_node:205: TRY: 19
DEBUG: src/lcthw/hashmap.c:Hashmap_get_node:205: TRY: 20
DEBUG: src/lcthw/hashmap.c:Hashmap_get_node:205: TRY: 21
DEBUG: src/lcthw/hashmap.c:Hashmap_get_node:205: TRY: 0
DEBUG: src/lcthw/hashmap.c:Hashmap_get_node:205: TRY: 1
DEBUG: src/lcthw/hashmap.c:Hashmap_get_node:205: TRY: 2
DEBUG: src/lcthw/hashmap.c:Hashmap_get_node:205: TRY: 3
DEBUG: src/lcthw/hashmap.c:Hashmap_get_node:205: TRY: 4
DEBUG: src/lcthw/hashmap.c:Hashmap_get_node:205: TRY: 5
DEBUG: src/lcthw/hashmap.c:Hashmap_get_node:205: TRY: 6
DEBUG: src/lcthw/hashmap.c:Hashmap_get_node:205: TRY: 7
DEBUG: src/lcthw/hashmap.c:Hashmap_get_node:205: TRY: 8
DEBUG: src/lcthw/hashmap.c:Hashmap_get_node:205: TRY: 9
DEBUG: src/lcthw/hashmap.c:Hashmap_get_node:205: TRY: 10
DEBUG: src/lcthw/hashmap.c:Hashmap_get_node:205: TRY: 11
DEBUG: src/lcthw/hashmap.c:Hashmap_get_node:205: TRY: 12
DEBUG: src/lcthw/hashmap.c:Hashmap_get_node:205: TRY: 13
DEBUG: src/lcthw/hashmap.c:Hashmap_get_node:205: TRY: 14
DEBUG: src/lcthw/hashmap.c:Hashmap_get_node:205: TRY: 15
DEBUG: src/lcthw/hashmap.c:Hashmap_get_node:205: TRY: 16
DEBUG: src/lcthw/hashmap.c:Hashmap_get_node:205: TRY: 17
DEBUG: src/lcthw/hashmap.c:Hashmap_get_node:205: TRY: 18
DEBUG: src/lcthw/hashmap.c:Hashmap_get_node:205: TRY: 19
DEBUG: src/lcthw/hashmap.c:Hashmap_get_node:205: TRY: 20
DEBUG: src/lcthw/hashmap.c:Hashmap_get_node:205: TRY: 21
DEBUG: src/lcthw/hashmap.c:Hashmap_get_node:205: TRY: 22
DEBUG: src/lcthw/hashmap.c:Hashmap_get_node:205: TRY: 23
DEBUG: src/lcthw/hashmap.c:Hashmap_get_node:205: TRY: 24
DEBUG: src/lcthw/hashmap.c:Hashmap_get_node:205: TRY: 25
DEBUG: src/lcthw/hashmap.c:Hashmap_get_node:205: TRY: 26
DEBUG: src/lcthw/hashmap.c:Hashmap_get_node:205: TRY: 27
DEBUG: src/lcthw/hashmap.c:Hashmap_get_node:205: TRY: 28
DEBUG: src/lcthw/hashmap.c:Hashmap_get_node:205: TRY: 29
DEBUG: src/lcthw/hashmap.c:Hashmap_get_node:205: TRY: 30
DEBUG: src/lcthw/hashmap.c:Hashmap_get_node:205: TRY: 31
DEBUG: src/lcthw/hashmap.c:Hashmap_get_node:205: TRY: 0
DEBUG: src/lcthw/hashmap.c:Hashmap_get_node:205: TRY: 1
DEBUG: src/lcthw/hashmap.c:Hashmap_get_node:205: TRY: 2
DEBUG: src/lcthw/hashmap.c:Hashmap_get_node:205: TRY: 3
DEBUG: src/lcthw/hashmap.c:Hashmap_get_node:205: TRY: 4
DEBUG: src/lcthw/hashmap.c:Hashmap_get_node:205: TRY: 5
DEBUG: src/lcthw/hashmap.c:Hashmap_get_node:205: TRY: 6
DEBUG: src/lcthw/hashmap.c:Hashmap_get_node:205: TRY: 7
DEBUG: src/lcthw/hashmap.c:Hashmap_get_node:205: TRY: 8
DEBUG: src/lcthw/hashmap.c:Hashmap_get_node:205: TRY: 9
DEBUG: src/lcthw/hashmap.c:Hashmap_get_node:205: TRY: 10
DEBUG: src/lcthw/hashmap.c:Hashmap_get_node:205: TRY: 11
DEBUG: src/lcthw/hashmap.c:Hashmap_get_node:205: TRY: 12
DEBUG: src/lcthw/hashmap.c:Hashmap_get_node:205: TRY: 13
DEBUG: src/lcthw/hashmap.c:Hashmap_get_node:205: TRY: 14
DEBUG: src/lcthw/hashmap.c:Hashmap_get_node:205: TRY: 15
DEBUG: src/lcthw/hashmap.c:Hashmap_get_node:205: TRY: 16
DEBUG: src/lcthw/hashmap.c:Hashmap_get_node:205: TRY: 17
DEBUG: src/lcthw/hashmap.c:Hashmap_get_node:205: TRY: 18
DEBUG: src/lcthw/hashmap.c:Hashmap_get_node:205: TRY: 19
DEBUG: src/lcthw/hashmap.c:Hashmap_get_node:205: TRY: 20
DEBUG: src/lcthw/hashmap.c:Hashmap_get_node:205: TRY: 21
DEBUG: src/lcthw/hashmap.c:Hashmap_get_node:205: TRY: 22
DEBUG: src/lcthw/hashmap.c:Hashmap_get_node:205: TRY: 0
DEBUG: src/lcthw/hashmap.c:Hashmap_get_node:205: TRY: 1
DEBUG: src/lcthw/hashmap.c:Hashmap_get_node:205: TRY: 2
DEBUG: src/lcthw/hashmap.c:Hashmap_get_node:205: TRY: 3
DEBUG: src/lcthw/hashmap.c:Hashmap_get_node:205: TRY: 4
DEBUG: src/lcthw/hashmap.c:Hashmap_get_node:205: TRY: 5
DEBUG: src/lcthw/hashmap.c:Hashmap_get_node:205: TRY: 6
DEBUG: src/lcthw/hashmap.c:Hashmap_get_node:205: TRY: 7
DEBUG: src/lcthw/hashmap.c:Hashmap_get_node:205: TRY: 8
DEBUG: src/lcthw/hashmap.c:Hashmap_get_node:205: TRY: 9
DEBUG: src/lcthw/hashmap.c:Hashmap_get_node:205: TRY: 10
DEBUG: src/lcthw/hashmap.c:Hashmap_get_node:205: TRY: 11
DEBUG: src/lcthw/hashmap.c:Hashmap_get_node:205: TRY: 12
DEBUG: src/lcthw/hashmap.c:Hashmap_get_node:205: TRY: 13
DEBUG: src/lcthw/hashmap.c:Hashmap_get_node:205: TRY: 14
DEBUG: src/lcthw/hashmap.c:Hashmap_get_node:205: TRY: 15
DEBUG: src/lcthw/hashmap.c:Hashmap_get_node:205: TRY: 16
DEBUG: src/lcthw/hashmap.c:Hashmap_get_node:205: TRY: 17
DEBUG: src/lcthw/hashmap.c:Hashmap_get_node:205: TRY: 18
DEBUG: src/lcthw/hashmap.c:Hashmap_get_node:205: TRY: 0
DEBUG: src/lcthw/hashmap.c:Hashmap_get_node:205: TRY: 1
DEBUG: src/lcthw/hashmap.c:Hashmap_get_node:205: TRY: 2
DEBUG: src/lcthw/hashmap.c:Hashmap_get_node:205: TRY: 3
DEBUG: src/lcthw/hashmap.c:Hashmap_get_node:205: TRY: 4
DEBUG: src/lcthw/hashmap.c:Hashmap_get_node:205: TRY: 5
DEBUG: src/lcthw/hashmap.c:Hashmap_get_node:205: TRY: 6
DEBUG: src/lcthw/hashmap.c:Hashmap_get_node:205: TRY: 7
DEBUG: src/lcthw/hashmap.c:Hashmap_get_node:205: TRY: 8
DEBUG: src/lcthw/hashmap.c:Hashmap_get_node:205: TRY: 9
DEBUG: src/lcthw/hashmap.c:Hashmap_get_node:205: TRY: 10
DEBUG: src/lcthw/hashmap.c:Hashmap_get_node:205: TRY: 11
DEBUG: src/lcthw/hashmap.c:Hashmap_get_node:205: TRY: 12
DEBUG: src/lcthw/hashmap.c:Hashmap_get_node:205: TRY: 13
DEBUG: src/lcthw/hashmap.c:Hashmap_get_node:205: TRY: 14
DEBUG: src/lcthw/hashmap.c:Hashmap_get_node:205: TRY: 15
DEBUG: src/lcthw/hashmap.c:Hashmap_get_node:205: TRY: 16
DEBUG: src/lcthw/hashmap.c:Hashmap_get_node:205: TRY: 17
DEBUG: src/lcthw/hashmap.c:Hashmap_get_node:205: TRY: 18
DEBUG: src/lcthw/hashmap.c:Hashmap_get_node:205: TRY: 19
DEBUG: src/lcthw/hashmap.c:Hashmap_get_node:205: TRY: 20
DEBUG: src/lcthw/hashmap.c:Hashmap_get_node:205: TRY: 21
DEBUG: src/lcthw/hashmap.c:Hashmap_get_node:205: TRY: 22
DEBUG: src/lcthw/hashmap.c:Hashmap_get_node:205: TRY: 23
DEBUG: src/lcthw/hashmap.c:Hashmap_get_node:205: TRY: 24
DEBUG: src/lcthw/hashmap.c:Hashmap_get_node:205: TRY: 25
DEBUG: src/lcthw/hashmap.c:Hashmap_get_node:205: TRY: 26
DEBUG: src/lcthw/hashmap.c:Hashmap_get_node:205: TRY: 27
DEBUG: src/lcthw/hashmap.c:Hashmap_get_node:205: TRY: 28
DEBUG: src/lcthw/hashmap.c:Hashmap_get_node:205: TRY: 29
DEBUG: src/lcthw/hashmap.c:Hashmap_get_node:205: TRY: 30
DEBUG: src/lcthw/hashmap.c:Hashmap_get_node:205: TRY: 31
DEBUG: src/lcthw/hashmap.c:Hashmap_get_node:205: TRY: 32
DEBUG: src/lcthw/hashmap.c:Hashmap_get_node:205: TRY: 33
DEBUG: src/lcthw/hashmap.c:Hashmap_get_node:205: TRY: 34
DEBUG: src/lcthw/hashmap.c:Hashmap_get_node:205: TRY: 35
DEBUG: src/lcthw/hashmap.c:Hashmap_get_node:205: TRY: 36
DEBUG: src/lcthw/hashmap.c:Hashmap_get_node:205: TRY: 37
DEBUG: src/lcthw/hashmap.c:Hashmap_get_node:205: TRY: 38
DEBUG: src/lcthw/hashmap.c:Hashmap_get_node:205: TRY: 39
DEBUG: src/lcthw/hashmap.c:Hashmap_get_node:205: TRY: 40
DEBUG: src/lcthw/hashmap.c:Hashmap_get_node:205: TRY: 41
DEBUG: src/lcthw/hashmap.c:Hashmap_get_node:205: TRY: 42
DEBUG: src/lcthw/hashmap.c:Hashmap_get_node:205: TRY: 43
DEBUG: src/lcthw/hashmap.c:Hashmap_get_node:205: TRY: 44
DEBUG: src/lcthw/hashmap.c:Hashmap_get_node:205: TRY: 45
DEBUG: src/lcthw/hashmap.c:Hashmap_get_node:205: TRY: 46
DEBUG: src/lcthw/hashmap.c:Hashmap_get_node:205: TRY: 47
DEBUG: src/lcthw/hashmap.c:Hashmap_get_node:205: TRY: 48
DEBUG: src/lcthw/hashmap.c:Hashmap_get_node:205: TRY: 0
DEBUG: src/lcthw/hashmap.c:Hashmap_get_node:205: TRY: 1
DEBUG: src/lcthw/hashmap.c:Hashmap_get_node:205: TRY: 2
DEBUG: src/lcthw/hashmap.c:Hashmap_get_node:205: TRY: 3
DEBUG: src/lcthw/hashmap.c:Hashmap_get_node:205: TRY: 4
DEBUG: src/lcthw/hashmap.c:Hashmap_get_node:205: TRY: 5
DEBUG: src/lcthw/hashmap.c:Hashmap_get_node:205: TRY: 6
DEBUG: src/lcthw/hashmap.c:Hashmap_get_node:205: TRY: 7
DEBUG: src/lcthw/hashmap.c:Hashmap_get_node:205: TRY: 8
DEBUG: src/lcthw/hashmap.c:Hashmap_get_node:205: TRY: 9
DEBUG: src/lcthw/hashmap.c:Hashmap_get_node:205: TRY: 10
DEBUG: src/lcthw/hashmap.c:Hashmap_get_node:205: TRY: 11
DEBUG: src/lcthw/hashmap.c:Hashmap_get_node:205: TRY: 12
DEBUG: src/lcthw/hashmap.c:Hashmap_get_node:205: TRY: 13
DEBUG: src/lcthw/hashmap.c:Hashmap_get_node:205: TRY: 14
DEBUG: src/lcthw/hashmap.c:Hashmap_get_node:205: TRY: 15
DEBUG: src/lcthw/hashmap.c:Hashmap_get_node:205: TRY: 16
DEBUG: src/lcthw/hashmap.c:Hashmap_get_node:205: TRY: 17
DEBUG: src/lcthw/hashmap.c:Hashmap_get_node:205: TRY: 18
DEBUG: src/lcthw/hashmap.c:Hashmap_get_node:205: TRY: 19
DEBUG: src/lcthw/hashmap.c:Hashmap_get_node:205: TRY: 20
DEBUG: src/lcthw/hashmap.c:Hashmap_get_node:205: TRY: 21
DEBUG: src/lcthw/hashmap.c:Hashmap_get_node:205: TRY: 22
DEBUG: src/lcthw/hashmap.c:Hashmap_get_node:205: TRY: 0
DEBUG: src/lcthw/hashmap.c:Hashmap_get_node:205: TRY: 1
DEBUG: src/lcthw/hashmap.c:Hashmap_get_node:205: TRY: 2
DEBUG: src/lcthw/hashmap.c:Hashmap_get_node:205: TRY: 3
DEBUG: src/lcthw/hashmap.c:Hashmap_get_node:205: TRY: 4
DEBUG: src/lcthw/hashmap.c:Hashmap_get_node:205: TRY: 5
DEBUG: src/lcthw/hashmap.c:Hashmap_get_node:205: TRY: 6
DEBUG: src/lcthw/hashmap.c:Hashmap_get_node:205: TRY: 7
DEBUG: src/lcthw/hashmap.c:Hashmap_get_node:205: TRY: 8
DEBUG: src/lcthw/hashmap.c:Hashmap_get_node:205: TRY: 9
DEBUG: src/lcthw/hashmap.c:Hashmap_get_node:205: TRY: 10
DEBUG: src/lcthw/hashmap.c:Hashmap_get_node:205: TRY: 11
DEBUG: src/lcthw/hashmap.c:Hashmap_get_node:205: TRY: 12
DEBUG: src/lcthw/hashmap.c:Hashmap_get_node:205: TRY: 13
DEBUG: src/lcthw/hashmap.c:Hashmap_get_node:205: TRY: 14
DEBUG: src/lcthw/hashmap.c:Hashmap_get_node:205: TRY: 15
DEBUG: src/lcthw/hashmap.c:Hashmap_get_node:205: TRY: 16
DEBUG: src/lcthw/hashmap.c:Hashmap_get_node:205: TRY: 17
DEBUG: src/lcthw/hashmap.c:Hashmap_get_node:205: TRY: 18
DEBUG: src/lcthw/hashmap.c:Hashmap_get_node:205: TRY: 19
DEBUG: src/lcthw/hashmap.c:Hashmap_get_node:205: TRY: 20
DEBUG: src/lcthw/hashmap.c:Hashmap_get_node:205: TRY: 21
DEBUG: src/lcthw/hashmap.c:Hashmap_get_node:205: TRY: 22
DEBUG: src/lcthw/hashmap.c:Hashmap_get_node:205: TRY: 23
DEBUG: src/lcthw/hashmap.c:Hashmap_get_node:205: TRY: 0
DEBUG: src/lcthw/hashmap.c:Hashmap_get_node:205: TRY: 1
DEBUG: src/lcthw/hashmap.c:Hashmap_get_node:205: TRY: 2
DEBUG: src/lcthw/hashmap.c:Hashmap_get_node:205: TRY: 3
DEBUG: src/lcthw/hashmap.c:Hashmap_get_node:205: TRY: 4
DEBUG: src/lcthw/hashmap.c:Hashmap_get_node:205: TRY: 5
DEBUG: src/lcthw/hashmap.c:Hashmap_get_node:205: TRY: 6
DEBUG: src/lcthw/hashmap.c:Hashmap_get_node:205: TRY: 7
DEBUG: src/lcthw/hashmap.c:Hashmap_get_node:205: TRY: 8
DEBUG: src/lcthw/hashmap.c:Hashmap_get_node:205: TRY: 9
DEBUG: src/lcthw/hashmap.c:Hashmap_get_node:205: TRY: 10
DEBUG: src/lcthw/hashmap.c:Hashmap_get_node:205: TRY: 11
DEBUG: src/lcthw/hashmap.c:Hashmap_get_node:205: TRY: 12
DEBUG: src/lcthw/hashmap.c:Hashmap_get_node:205: TRY: 13
DEBUG: src/lcthw/hashmap.c:Hashmap_get_node:205: TRY: 14
DEBUG: src/lcthw/hashmap.c:Hashmap_get_node:205: TRY: 15
DEBUG: src/lcthw/hashmap.c:Hashmap_get_node:205: TRY: 16
DEBUG: src/lcthw/hashmap.c:Hashmap_get_node:205: TRY: 17
DEBUG: src/lcthw/hashmap.c:Hashmap_get_node:205: TRY: 18
DEBUG: src/lcthw/hashmap.c:Hashmap_get_node:205: TRY: 19
DEBUG: src/lcthw/hashmap.c:Hashmap_get_node:205: TRY: 20
DEBUG: src/lcthw/hashmap.c:Hashmap_get_node:205: TRY: 21
DEBUG: src/lcthw/hashmap.c:Hashmap_get_node:205: TRY: 22
DEBUG: src/lcthw/hashmap.c:Hashmap_get_node:205: TRY: 23
DEBUG: src/lcthw/hashmap.c:Hashmap_get_node:205: TRY: 24
DEBUG: src/lcthw/hashmap.c:Hashmap_get_node:205: TRY: 25
DEBUG: src/lcthw/hashmap.c:Hashmap_get_node:205: TRY: 26
DEBUG: src/lcthw/hashmap.c:Hashmap_get_node:205: TRY: 27
DEBUG: src/lcthw/hashmap.c:Hashmap_get_node:205: TRY: 28
DEBUG: src/lcthw/hashmap.c:Hashmap_get_node:205: TRY: 29
DEBUG: src/lcthw/hashmap.c:Hashmap_get_node:205: TRY: 30
DEBUG: src/lcthw/hashmap.c:Hashmap_get_node:205: TRY: 31
DEBUG: src/lcthw/hashmap.c:Hashmap_get_node:205: TRY: 32
DEBUG: src/lcthw/hashmap.c:Hashmap_get_node:205: TRY: 33
DEBUG: src/lcthw/hashmap.c:Hashmap_get_node:205: TRY: 34
DEBUG: src/lcthw/hashmap.c:Hashmap_get_node:205: TRY: 35
DEBUG: src/lcthw/hashmap.c:Hashmap_get_node:205: TRY: 36
DEBUG: src/lcthw/hashmap.c:Hashmap_get_node:205: TRY: 37
DEBUG: src/lcthw/hashmap.c:Hashmap_get_node:205: TRY: 38
DEBUG: src/lcthw/hashmap.c:Hashmap_get_node:205: TRY: 39
DEBUG: src/lcthw/hashmap.c:Hashmap_get_node:205: TRY: 40
DEBUG: src/lcthw/hashmap.c:Hashmap_get_node:205: TRY: 41
DEBUG: src/lcthw/hashmap.c:Hashmap_get_node:205: TRY: 42
DEBUG: src/lcthw/hashmap.c:Hashmap_get_node:205: TRY: 43
DEBUG: src/lcthw/hashmap.c:Hashmap_get_node:205: TRY: 44
DEBUG: src/lcthw/hashmap.c:Hashmap_get_node:205: TRY: 45
DEBUG: src/lcthw/hashmap.c:Hashmap_get_node:205: TRY: 46
DEBUG: src/lcthw/hashmap.c:Hashmap_get_node:205: TRY: 47
DEBUG: src/lcthw/hashmap.c:Hashmap_get_node:205: TRY: 48
DEBUG: src/lcthw/hashmap.c:Hashmap_get_node:205: TRY: 49
DEBUG: src/lcthw/hashmap.c:Hashmap_get_node:205: TRY: 0
DEBUG: src/lcthw/hashmap.c:Hashmap_get_node:205: TRY: 1
DEBUG: src/lcthw/hashmap.c:Hashmap_get_node:205: TRY: 2
DEBUG: src/lcthw/hashmap.c:Hashmap_get_node:205: TRY: 3
DEBUG: src/lcthw/hashmap.c:Hashmap_get_node:205: TRY: 4
DEBUG: src/lcthw/hashmap.c:Hashmap_get_node:205: TRY: 5
DEBUG: src/lcthw/hashmap.c:Hashmap_get_node:205: TRY: 6
DEBUG: src/lcthw/hashmap.c:Hashmap_get_node:205: TRY: 7
DEBUG: src/lcthw/hashmap.c:Hashmap_get_node:205: TRY: 8
DEBUG: src/lcthw/hashmap.c:Hashmap_get_node:205: TRY: 9
DEBUG: src/lcthw/hashmap.c:Hashmap_get_node:205: TRY: 10
DEBUG: src/lcthw/hashmap.c:Hashmap_get_node:205: TRY: 11
DEBUG: src/lcthw/hashmap.c:Hashmap_get_node:205: TRY: 12
DEBUG: src/lcthw/hashmap.c:Hashmap_get_node:205: TRY: 13
DEBUG: src/lcthw/hashmap.c:Hashmap_get_node:205: TRY: 14
DEBUG: src/lcthw/hashmap.c:Hashmap_get_node:205: TRY: 15
DEBUG: src/lcthw/hashmap.c:Hashmap_get_node:205: TRY: 16
DEBUG: src/lcthw/hashmap.c:Hashmap_get_node:205: TRY: 17
DEBUG: src/lcthw/hashmap.c:Hashmap_get_node:205: TRY: 18
DEBUG: src/lcthw/hashmap.c:Hashmap_get_node:205: TRY: 19
DEBUG: src/lcthw/hashmap.c:Hashmap_get_node:205: TRY: 20
DEBUG: src/lcthw/hashmap.c:Hashmap_get_node:205: TRY: 21
DEBUG: src/lcthw/hashmap.c:Hashmap_get_node:205: TRY: 22
DEBUG: src/lcthw/hashmap.c:Hashmap_get_node:205: TRY: 23
DEBUG: src/lcthw/hashmap.c:Hashmap_get_node:205: TRY: 24
DEBUG: src/lcthw/hashmap.c:Hashmap_get_node:205: TRY: 25
DEBUG: src/lcthw/hashmap.c:Hashmap_get_node:205: TRY: 26
DEBUG: src/lcthw/hashmap.c:Hashmap_get_node:205: TRY: 27
DEBUG: src/lcthw/hashmap.c:Hashmap_get_node:205: TRY: 28
DEBUG: src/lcthw/hashmap.c:Hashmap_get_node:205: TRY: 29
DEBUG: src/lcthw/hashmap.c:Hashmap_get_node:205: TRY: 30
DEBUG: src/lcthw/hashmap.c:Hashmap_get_node:205: TRY: 0
DEBUG: src/lcthw/hashmap.c:Hashmap_get_node:205: TRY: 1
DEBUG: src/lcthw/hashmap.c:Hashmap_get_node:205: TRY: 2
DEBUG: src/lcthw/hashmap.c:Hashmap_get_node:205: TRY: 3
DEBUG: src/lcthw/hashmap.c:Hashmap_get_node:205: TRY: 4
DEBUG: src/lcthw/hashmap.c:Hashmap_get_node:205: TRY: 5
DEBUG: src/lcthw/hashmap.c:Hashmap_get_node:205: TRY: 6
DEBUG: src/lcthw/hashmap.c:Hashmap_get_node:205: TRY: 7
DEBUG: src/lcthw/hashmap.c:Hashmap_get_node:205: TRY: 8
DEBUG: src/lcthw/hashmap.c:Hashmap_get_node:205: TRY: 9
DEBUG: src/lcthw/hashmap.c:Hashmap_get_node:205: TRY: 10
DEBUG: src/lcthw/hashmap.c:Hashmap_get_node:205: TRY: 11
DEBUG: src/lcthw/hashmap.c:Hashmap_get_node:205: TRY: 12
DEBUG: src/lcthw/hashmap.c:Hashmap_get_node:205: TRY: 13
DEBUG: src/lcthw/hashmap.c:Hashmap_get_node:205: TRY: 14
DEBUG: src/lcthw/hashmap.c:Hashmap_get_node:205: TRY: 15
DEBUG: src/lcthw/hashmap.c:Hashmap_get_node:205: TRY: 16
DEBUG: src/lcthw/hashmap.c:Hashmap_get_node:205: TRY: 17
DEBUG: src/lcthw/hashmap.c:Hashmap_get_node:205: TRY: 18
DEBUG: src/lcthw/hashmap.c:Hashmap_get_node:205: TRY: 19
DEBUG: src/lcthw/hashmap.c:Hashmap_get_node:205: TRY: 20
DEBUG: src/lcthw/hashmap.c:Hashmap_get_node:205: TRY: 21
DEBUG: src/lcthw/hashmap.c:Hashmap_get_node:205: TRY: 22
DEBUG: src/lcthw/hashmap.c:Hashmap_get_node:205: TRY: 23
DEBUG: src/lcthw/hashmap.c:Hashmap_get_node:205: TRY: 24
DEBUG: src/lcthw/hashmap.c:Hashmap_get_node:205: TRY: 25
DEBUG: src/lcthw/hashmap.c:Hashmap_get_node:205: TRY: 26
DEBUG: src/lcthw/hashmap.c:Hashmap_get_node:205: TRY: 27
DEBUG: src/lcthw/hashmap.c:Hashmap_get_node:205: TRY: 28
DEBUG: src/lcthw/hashmap.c:Hashmap_get_node:205: TRY: 29
DEBUG: src/lcthw/hashmap.c:Hashmap_get_node:205: TRY: 30
DEBUG: src/lcthw/hashmap.c:Hashmap_get_node:205: TRY: 31
DEBUG: src/lcthw/hashmap.c:Hashmap_get_node:205: TRY: 32
DEBUG: src/lcthw/hashmap.c:Hashmap_get_node:205: TRY: 33
DEBUG: src/lcthw/hashmap.c:Hashmap_get_node:205: TRY: 34
DEBUG: src/lcthw/hashmap.c:Hashmap_get_node:205: TRY: 35
DEBUG: src/lcthw/hashmap.c:Hashmap_get_node:205: TRY: 36
DEBUG: src/lcthw/hashmap.c:Hashmap_get_node:205: TRY: 0
DEBUG: src/lcthw/hashmap.c:Hashmap_get_node:205: TRY: 1
DEBUG: src/lcthw/hashmap.c:Hashmap_get_node:205: TRY: 2
DEBUG: src/lcthw/hashmap.c:Hashmap_get_node:205: TRY: 3
DEBUG: src/lcthw/hashmap.c:Hashmap_get_node:205: TRY: 4
DEBUG: src/lcthw/hashmap.c:Hashmap_get_node:205: TRY: 5
DEBUG: src/lcthw/hashmap.c:Hashmap_get_node:205: TRY: 6
DEBUG: src/lcthw/hashmap.c:Hashmap_get_node:205: TRY: 7
DEBUG: src/lcthw/hashmap.c:Hashmap_get_node:205: TRY: 8
DEBUG: src/lcthw/hashmap.c:Hashmap_get_node:205: TRY: 9
DEBUG: src/lcthw/hashmap.c:Hashmap_get_node:205: TRY: 10
DEBUG: src/lcthw/hashmap.c:Hashmap_get_node:205: TRY: 11
DEBUG: src/lcthw/hashmap.c:Hashmap_get_node:205: TRY: 12
DEBUG: src/lcthw/hashmap.c:Hashmap_get_node:205: TRY: 13
DEBUG: src/lcthw/hashmap.c:Hashmap_get_node:205: TRY: 14
DEBUG: src/lcthw/hashmap.c:Hashmap_get_node:205: TRY: 15
DEBUG: src/lcthw/hashmap.c:Hashmap_get_node:205: TRY: 16
DEBUG: src/lcthw/hashmap.c:Hashmap_get_node:205: TRY: 17
DEBUG: src/lcthw/hashmap.c:Hashmap_get_node:205: TRY: 18
DEBUG: src/lcthw/hashmap.c:Hashmap_get_node:205: TRY: 19
DEBUG: src/lcthw/hashmap.c:Hashmap_get_node:205: TRY: 0
DEBUG: src/lcthw/hashmap.c:Hashmap_get_node:205: TRY: 1
DEBUG: src/lcthw/hashmap.c:Hashmap_get_node:205: TRY: 2
DEBUG: src/lcthw/hashmap.c:Hashmap_get_node:205: TRY: 3
DEBUG: src/lcthw/hashmap.c:Hashmap_get_node:205: TRY: 4
DEBUG: src/lcthw/hashmap.c:Hashmap_get_node:205: TRY: 5
DEBUG: src/lcthw/hashmap.c:Hashmap_get_node:205: TRY: 6
DEBUG: src/lcthw/hashmap.c:Hashmap_get_node:205: TRY: 7
DEBUG: src/lcthw/hashmap.c:Hashmap_get_node:205: TRY: 8
DEBUG: src/lcthw/hashmap.c:Hashmap_get_node:205: TRY: 9
DEBUG: src/lcthw/hashmap.c:Hashmap_get_node:205: TRY: 10
DEBUG: src/lcthw/hashmap.c:Hashmap_get_node:205: TRY: 11
DEBUG: src/lcthw/hashmap.c:Hashmap_get_node:205: TRY: 12
DEBUG: src/lcthw/hashmap.c:Hashmap_get_node:205: TRY: 13
DEBUG: src/lcthw/hashmap.c:Hashmap_get_node:205: TRY: 14
DEBUG: src/lcthw/hashmap.c:Hashmap_get_node:205: TRY: 15
DEBUG: src/lcthw/hashmap.c:Hashmap_get_node:205: TRY: 16
DEBUG: src/lcthw/hashmap.c:Hashmap_get_node:205: TRY: 17
DEBUG: src/lcthw/hashmap.c:Hashmap_get_node:205: TRY: 18
DEBUG: src/lcthw/hashmap.c:Hashmap_get_node:205: TRY: 19
DEBUG: src/lcthw/hashmap.c:Hashmap_get_node:205: TRY: 20
DEBUG: src/lcthw/hashmap.c:Hashmap_get_node:205: TRY: 21
DEBUG: src/lcthw/hashmap.c:Hashmap_get_node:205: TRY: 22
DEBUG: src/lcthw/hashmap.c:Hashmap_get_node:205: TRY: 23
DEBUG: src/lcthw/hashmap.c:Hashmap_get_node:205: TRY: 0
DEBUG: src/lcthw/hashmap.c:Hashmap_get_node:205: TRY: 1
DEBUG: src/lcthw/hashmap.c:Hashmap_get_node:205: TRY: 2
DEBUG: src/lcthw/hashmap.c:Hashmap_get_node:205: TRY: 3
DEBUG: src/lcthw/hashmap.c:Hashmap_get_node:205: TRY: 4
DEBUG: src/lcthw/hashmap.c:Hashmap_get_node:205: TRY: 5
DEBUG: src/lcthw/hashmap.c:Hashmap_get_node:205: TRY: 6
DEBUG: src/lcthw/hashmap.c:Hashmap_get_node:205: TRY: 7
DEBUG: src/lcthw/hashmap.c:Hashmap_get_node:205: TRY: 8
DEBUG: src/lcthw/hashmap.c:Hashmap_get_node:205: TRY: 9
DEBUG: src/lcthw/hashmap.c:Hashmap_get_node:205: TRY: 10
DEBUG: src/lcthw/hashmap.c:Hashmap_get_node:205: TRY: 11
DEBUG: src/lcthw/hashmap.c:Hashmap_get_node:205: TRY: 12
DEBUG: src/lcthw/hashmap.c:Hashmap_get_node:205: TRY: 13
DEBUG: src/lcthw/hashmap.c:Hashmap_get_node:205: TRY: 14
DEBUG: src/lcthw/hashmap.c:Hashmap_get_node:205: TRY: 15
DEBUG: src/lcthw/hashmap.c:Hashmap_get_node:205: TRY: 16
DEBUG: src/lcthw/hashmap.c:Hashmap_get_node:205: TRY: 17
DEBUG: src/lcthw/hashmap.c:Hashmap_get_node:205: TRY: 18
DEBUG: src/lcthw/hashmap.c:Hashmap_get_node:205: TRY: 19
DEBUG: src/lcthw/hashmap.c:Hashmap_get_node:205: TRY: 20
DEBUG: src/lcthw/hashmap.c:Hashmap_get_node:205: TRY: 21
DEBUG: src/lcthw/hashmap.c:Hashmap_get_node:205: TRY: 22
DEBUG: src/lcthw/hashmap.c:Hashmap_get_node:205: TRY: 23
DEBUG: src/lcthw/hashmap.c:Hashmap_get_node:205: TRY: 24
DEBUG: src/lcthw/hashmap.c:Hashmap_get_node:205: TRY: 25
DEBUG: src/lcthw/hashmap.c:Hashmap_get_node:205: TRY: 26
DEBUG: src/lcthw/hashmap.c:Hashmap_get_node:205: TRY: 27
DEBUG: src/lcthw/hashmap.c:Hashmap_get_node:205: TRY: 28
DEBUG: src/lcthw/hashmap.c:Hashmap_get_node:205: TRY: 29
DEBUG: src/lcthw/hashmap.c:Hashmap_get_node:205: TRY: 30
DEBUG: src/lcthw/hashmap.c:Hashmap_get_node:205: TRY: 31
DEBUG: src/lcthw/hashmap.c:Hashmap_get_node:205: TRY: 32
DEBUG: src/lcthw/hashmap.c:Hashmap_get_node:205: TRY: 33
DEBUG: src/lcthw/hashmap.c:Hashmap_get_node:205: TRY: 34
DEBUG: src/lcthw/hashmap.c:Hashmap_get_node:205: TRY: 0
DEBUG: src/lcthw/hashmap.c:Hashmap_get_node:205: TRY: 1
DEBUG: src/lcthw/hashmap.c:Hashmap_get_node:205: TRY: 2
DEBUG: src/lcthw/hashmap.c:Hashmap_get_node:205: TRY: 3
DEBUG: src/lcthw/hashmap.c:Hashmap_get_node:205: TRY: 4
DEBUG: src/lcthw/hashmap.c:Hashmap_get_node:205: TRY: 5
DEBUG: src/lcthw/hashmap.c:Hashmap_get_node:205: TRY: 6
DEBUG: src/lcthw/hashmap.c:Hashmap_get_node:205: TRY: 7
DEBUG: src/lcthw/hashmap.c:Hashmap_get_node:205: TRY: 8
DEBUG: src/lcthw/hashmap.c:Hashmap_get_node:205: TRY: 9
DEBUG: src/lcthw/hashmap.c:Hashmap_get_node:205: TRY: 10
DEBUG: src/lcthw/hashmap.c:Hashmap_get_node:205: TRY: 11
DEBUG: src/lcthw/hashmap.c:Hashmap_get_node:205: TRY: 12
DEBUG: src/lcthw/hashmap.c:Hashmap_get_node:205: TRY: 13
DEBUG: src/lcthw/hashmap.c:Hashmap_get_node:205: TRY: 14
DEBUG: src/lcthw/hashmap.c:Hashmap_get_node:205: TRY: 15
DEBUG: src/lcthw/hashmap.c:Hashmap_get_node:205: TRY: 16
DEBUG: src/lcthw/hashmap.c:Hashmap_get_node:205: TRY: 17
DEBUG: src/lcthw/hashmap.c:Hashmap_get_node:205: TRY: 18
DEBUG: src/lcthw/hashmap.c:Hashmap_get_node:205: TRY: 19
DEBUG: src/lcthw/hashmap.c:Hashmap_get_node:205: TRY: 20
DEBUG: src/lcthw/hashmap.c:Hashmap_get_node:205: TRY: 21
DEBUG: src/lcthw/hashmap.c:Hashmap_get_node:205: TRY: 22
DEBUG: src/lcthw/hashmap.c:Hashmap_get_node:205: TRY: 23
DEBUG: src/lcthw/hashmap.c:Hashmap_get_node:205: TRY: 24
DEBUG: src/lcthw/hashmap.c:Hashmap_get_node:205: TRY: 25
DEBUG: src/lcthw/hashmap.c:Hashmap_get_node:205: TRY: 26
DEBUG: src/lcthw/hashmap.c:Hashmap_get_node:205: TRY: 27
DEBUG: src/lcthw/hashmap.c:Hashmap_get_node:205: TRY: 0
DEBUG: src/lcthw/hashmap.c:Hashmap_get_node:205: TRY: 1
DEBUG: src/lcthw/hashmap.c:Hashmap_get_node:205: TRY: 2
DEBUG: src/lcthw/hashmap.c:Hashmap_get_node:205: TRY: 3
DEBUG: src/lcthw/hashmap.c:Hashmap_get_node:205: TRY: 4
DEBUG: src/lcthw/hashmap.c:Hashmap_get_node:205: TRY: 5
DEBUG: src/lcthw/hashmap.c:Hashmap_get_node:205: TRY: 6
DEBUG: src/lcthw/hashmap.c:Hashmap_get_node:205: TRY: 7
DEBUG: src/lcthw/hashmap.c:Hashmap_get_node:205: TRY: 8
DEBUG: src/lcthw/hashmap.c:Hashmap_get_node:205: TRY: 9
DEBUG: src/lcthw/hashmap.c:Hashmap_get_node:205: TRY: 10
DEBUG: src/lcthw/hashmap.c:Hashmap_get_node:205: TRY: 11
DEBUG: src/lcthw/hashmap.c:Hashmap_get_node:205: TRY: 12
DEBUG: src/lcthw/hashmap.c:Hashmap_get_node:205: TRY: 13
DEBUG: src/lcthw/hashmap.c:Hashmap_get_node:205: TRY: 14
DEBUG: src/lcthw/hashmap.c:Hashmap_get_node:205: TRY: 15
DEBUG: src/lcthw/hashmap.c:Hashmap_get_node:205: TRY: 16
DEBUG: src/lcthw/hashmap.c:Hashmap_get_node:205: TRY: 17
DEBUG: src/lcthw/hashmap.c:Hashmap_get_node:205: TRY: 18
DEBUG: src/lcthw/hashmap.c:Hashmap_get_node:205: TRY: 19
DEBUG: src/lcthw/hashmap.c:Hashmap_get_node:205: TRY: 20
DEBUG: src/lcthw/hashmap.c:Hashmap_get_node:205: TRY: 21
DEBUG: src/lcthw/hashmap.c:Hashmap_get_node:205: TRY: 22
DEBUG: src/lcthw/hashmap.c:Hashmap_get_node:205: TRY: 23
DEBUG: src/lcthw/hashmap.c:Hashmap_get_node:205: TRY: 24
DEBUG: src/lcthw/hashmap.c:Hashmap_get_node:205: TRY: 25
DEBUG: src/lcthw/hashmap.c:Hashmap_get_node:205: TRY: 26
DEBUG: src/lcthw/hashmap.c:Hashmap_get_node:205: TRY: 27
DEBUG: src/lcthw/hashmap.c:Hashmap_get_node:205: TRY: 28
DEBUG: src/lcthw/hashmap.c:Hashmap_get_node:205: TRY: 0
DEBUG: src/lcthw/hashmap.c:Hashmap_get_node:205: TRY: 1
DEBUG: src/lcthw/hashmap.c:Hashmap_get_node:205: TRY: 2
DEBUG: src/lcthw/hashmap.c:Hashmap_get_node:205: TRY: 3
DEBUG: src/lcthw/hashmap.c:Hashmap_get_node:205: TRY: 4
DEBUG: src/lcthw/hashmap.c:Hashmap_get_node:205: TRY: 5
DEBUG: src/lcthw/hashmap.c:Hashmap_get_node:205: TRY: 6
DEBUG: src/lcthw/hashmap.c:Hashmap_get_node:205: TRY: 7
DEBUG: src/lcthw/hashmap.c:Hashmap_get_node:205: TRY: 8
DEBUG: src/lcthw/hashmap.c:Hashmap_get_node:205: TRY: 9
DEBUG: src/lcthw/hashmap.c:Hashmap_get_node:205: TRY: 10
DEBUG: src/lcthw/hashmap.c:Hashmap_get_node:205: TRY: 11
DEBUG: src/lcthw/hashmap.c:Hashmap_get_node:205: TRY: 12
DEBUG: src/lcthw/hashmap.c:Hashmap_get_node:205: TRY: 13
DEBUG: src/lcthw/hashmap.c:Hashmap_get_node:205: TRY: 14
DEBUG: src/lcthw/hashmap.c:Hashmap_get_node:205: TRY: 15
DEBUG: src/lcthw/hashmap.c:Hashmap_get_node:205: TRY: 16
DEBUG: src/lcthw/hashmap.c:Hashmap_get_node:205: TRY: 17
DEBUG: src/lcthw/hashmap.c:Hashmap_get_node:205: TRY: 18
DEBUG: src/lcthw/hashmap.c:Hashmap_get_node:205: TRY: 19
DEBUG: src/lcthw/hashmap.c:Hashmap_get_node:205: TRY: 20
DEBUG: src/lcthw/hashmap.c:Hashmap_get_node:205: TRY: 21
DEBUG: src/lcthw/hashmap.c:Hashmap_get_node:205: TRY: 22
DEBUG: src/lcthw/hashmap.c:Hashmap_get_node:205: TRY: 23
DEBUG: src/lcthw/hashmap.c:Hashmap_get_node:205: TRY: 24
DEBUG: src/lcthw/hashmap.c:Hashmap_get_node:205: TRY: 25
DEBUG: src/lcthw/hashmap.c:Hashmap_get_node:205: TRY: 26
DEBUG: src/lcthw/hashmap.c:Hashmap_get_node:205: TRY: 27
DEBUG: src/lcthw/hashmap.c:Hashmap_get_node:205: TRY: 28
DEBUG: src/lcthw/hashmap.c:Hashmap_get_node:205: TRY: 29
DEBUG: src/lcthw/hashmap.c:Hashmap_get_node:205: TRY: 30
DEBUG: src/lcthw/hashmap.c:Hashmap_get_node:205: TRY: 31
DEBUG: src/lcthw/hashmap.c:Hashmap_get_node:205: TRY: 32
DEBUG: src/lcthw/hashmap.c:Hashmap_get_node:205: TRY: 33
DEBUG: src/lcthw/hashmap.c:Hashmap_get_node:205: TRY: 34
DEBUG: src/lcthw/hashmap.c:Hashmap_get_node:205: TRY: 35
DEBUG: src/lcthw/hashmap.c:Hashmap_get_node:205: TRY: 36
DEBUG: src/lcthw/hashmap.c:Hashmap_get_node:205: TRY: 37
DEBUG: src/lcthw/hashmap.c:Hashmap_get_node:205: TRY: 38
DEBUG: src/lcthw/hashmap.c:Hashmap_get_node:205: TRY: 39
DEBUG: src/lcthw/hashmap.c:Hashmap_get_node:205: TRY: 40
DEBUG: src/lcthw/hashmap.c:Hashmap_get_node:205: TRY: 41
DEBUG: src/lcthw/hashmap.c:Hashmap_get_node:205: TRY: 42
DEBUG: src/lcthw/hashmap.c:Hashmap_get_node:205: TRY: 43
DEBUG: src/lcthw/hashmap.c:Hashmap_get_node:205: TRY: 44
DEBUG: src/lcthw/hashmap.c:Hashmap_get_node:205: TRY: 45
DEBUG: src/lcthw/hashmap.c:Hashmap_get_node:205: TRY: 46
DEBUG: src/lcthw/hashmap.c:Hashmap_get_node:205: TRY: 47
DEBUG: src/lcthw/hashmap.c:Hashmap_get_node:205: TRY: 48
DEBUG: src/lcthw/hashmap.c:Hashmap_get_node:205: TRY: 49
DEBUG: src/lcthw/hashmap.c:Hashmap_get_node:205: TRY: 50
DEBUG: src/lcthw/hashmap.c:Hashmap_get_node:205: TRY: 0
DEBUG: src/lcthw/hashmap.c:Hashmap_get_node:205: TRY: 1
DEBUG: src/lcthw/hashmap.c:Hashmap_get_node:205: TRY: 2
DEBUG: src/lcthw/hashmap.c:Hashmap_get_node:205: TRY: 3
DEBUG: src/lcthw/hashmap.c:Hashmap_get_node:205: TRY: 4
DEBUG: src/lcthw/hashmap.c:Hashmap_get_node:205: TRY: 5
DEBUG: src/lcthw/hashmap.c:Hashmap_get_node:205: TRY: 6
DEBUG: src/lcthw/hashmap.c:Hashmap_get_node:205: TRY: 7
DEBUG: src/lcthw/hashmap.c:Hashmap_get_node:205: TRY: 8
DEBUG: src/lcthw/hashmap.c:Hashmap_get_node:205: TRY: 9
DEBUG: src/lcthw/hashmap.c:Hashmap_get_node:205: TRY: 10
DEBUG: src/lcthw/hashmap.c:Hashmap_get_node:205: TRY: 11
DEBUG: src/lcthw/hashmap.c:Hashmap_get_node:205: TRY: 12
DEBUG: src/lcthw/hashmap.c:Hashmap_get_node:205: TRY: 13
DEBUG: src/lcthw/hashmap.c:Hashmap_get_node:205: TRY: 14
DEBUG: src/lcthw/hashmap.c:Hashmap_get_node:205: TRY: 15
DEBUG: src/lcthw/hashmap.c:Hashmap_get_node:205: TRY: 16
DEBUG: src/lcthw/hashmap.c:Hashmap_get_node:205: TRY: 17
DEBUG: src/lcthw/hashmap.c:Hashmap_get_node:205: TRY: 18
DEBUG: src/lcthw/hashmap.c:Hashmap_get_node:205: TRY: 19
DEBUG: src/lcthw/hashmap.c:Hashmap_get_node:205: TRY: 20
DEBUG: src/lcthw/hashmap.c:Hashmap_get_node:205: TRY: 21
DEBUG: src/lcthw/hashmap.c:Hashmap_get_node:205: TRY: 22
DEBUG: src/lcthw/hashmap.c:Hashmap_get_node:205: TRY: 23
DEBUG: src/lcthw/hashmap.c:Hashmap_get_node:205: TRY: 24
DEBUG: src/lcthw/hashmap.c:Hashmap_get_node:205: TRY: 25
DEBUG: src/lcthw/hashmap.c:Hashmap_get_node:205: TRY: 26
DEBUG: src/lcthw/hashmap.c:Hashmap_get_node:205: TRY: 27
DEBUG: src/lcthw/hashmap.c:Hashmap_get_node:205: TRY: 28
DEBUG: src/lcthw/hashmap.c:Hashmap_get_node:205: TRY: 29
DEBUG: src/lcthw/hashmap.c:Hashmap_get_node:205: TRY: 30
DEBUG: src/lcthw/hashmap.c:Hashmap_get_node:205: TRY: 31
DEBUG: src/lcthw/hashmap.c:Hashmap_get_node:205: TRY: 32
DEBUG: src/lcthw/hashmap.c:Hashmap_get_node:205: TRY: 33
DEBUG: src/lcthw/hashmap.c:Hashmap_get_node:205: TRY: 34
DEBUG: src/lcthw/hashmap.c:Hashmap_get_node:205: TRY: 35
DEBUG: src/lcthw/hashmap.c:Hashmap_get_node:205: TRY: 36
DEBUG: src/lcthw/hashmap.c:Hashmap_get_node:205: TRY: 37
DEBUG: src/lcthw/hashmap.c:Hashmap_get_node:205: TRY: 0
DEBUG: src/lcthw/hashmap.c:Hashmap_get_node:205: TRY: 1
DEBUG: src/lcthw/hashmap.c:Hashmap_get_node:205: TRY: 2
DEBUG: src/lcthw/hashmap.c:Hashmap_get_node:205: TRY: 3
DEBUG: src/lcthw/hashmap.c:Hashmap_get_node:205: TRY: 4
DEBUG: src/lcthw/hashmap.c:Hashmap_get_node:205: TRY: 5
DEBUG: src/lcthw/hashmap.c:Hashmap_get_node:205: TRY: 6
DEBUG: src/lcthw/hashmap.c:Hashmap_get_node:205: TRY: 7
DEBUG: src/lcthw/hashmap.c:Hashmap_get_node:205: TRY: 8
DEBUG: src/lcthw/hashmap.c:Hashmap_get_node:205: TRY: 9
DEBUG: src/lcthw/hashmap.c:Hashmap_get_node:205: TRY: 10
DEBUG: src/lcthw/hashmap.c:Hashmap_get_node:205: TRY: 11
DEBUG: src/lcthw/hashmap.c:Hashmap_get_node:205: TRY: 12
DEBUG: src/lcthw/hashmap.c:Hashmap_get_node:205: TRY: 13
DEBUG: src/lcthw/hashmap.c:Hashmap_get_node:205: TRY: 14
DEBUG: src/lcthw/hashmap.c:Hashmap_get_node:205: TRY: 15
DEBUG: src/lcthw/hashmap.c:Hashmap_get_node:205: TRY: 16
DEBUG: src/lcthw/hashmap.c:Hashmap_get_node:205: TRY: 17
DEBUG: src/lcthw/hashmap.c:Hashmap_get_node:205: TRY: 18
DEBUG: src/lcthw/hashmap.c:Hashmap_get_node:205: TRY: 19
DEBUG: src/lcthw/hashmap.c:Hashmap_get_node:205: TRY: 20
DEBUG: src/lcthw/hashmap.c:Hashmap_get_node:205: TRY: 21
DEBUG: src/lcthw/hashmap.c:Hashmap_get_node:205: TRY: 22
DEBUG: src/lcthw/hashmap.c:Hashmap_get_node:205: TRY: 23
DEBUG: src/lcthw/hashmap.c:Hashmap_get_node:205: TRY: 24
DEBUG: src/lcthw/hashmap.c:Hashmap_get_node:205: TRY: 25
DEBUG: src/lcthw/hashmap.c:Hashmap_get_node:205: TRY: 26
DEBUG: src/lcthw/hashmap.c:Hashmap_get_node:205: TRY: 27
DEBUG: src/lcthw/hashmap.c:Hashmap_get_node:205: TRY: 28
DEBUG: src/lcthw/hashmap.c:Hashmap_get_node:205: TRY: 29
DEBUG: src/lcthw/hashmap.c:Hashmap_get_node:205: TRY: 0
DEBUG: src/lcthw/hashmap.c:Hashmap_get_node:205: TRY: 1
DEBUG: src/lcthw/hashmap.c:Hashmap_get_node:205: TRY: 2
DEBUG: src/lcthw/hashmap.c:Hashmap_get_node:205: TRY: 3
DEBUG: src/lcthw/hashmap.c:Hashmap_get_node:205: TRY: 4
DEBUG: src/lcthw/hashmap.c:Hashmap_get_node:205: TRY: 5
DEBUG: src/lcthw/hashmap.c:Hashmap_get_node:205: TRY: 6
DEBUG: src/lcthw/hashmap.c:Hashmap_get_node:205: TRY: 7
DEBUG: src/lcthw/hashmap.c:Hashmap_get_node:205: TRY: 8
DEBUG: src/lcthw/hashmap.c:Hashmap_get_node:205: TRY: 9
DEBUG: src/lcthw/hashmap.c:Hashmap_get_node:205: TRY: 10
DEBUG: src/lcthw/hashmap.c:Hashmap_get_node:205: TRY: 11
DEBUG: src/lcthw/hashmap.c:Hashmap_get_node:205: TRY: 12
DEBUG: src/lcthw/hashmap.c:Hashmap_get_node:205: TRY: 13
DEBUG: src/lcthw/hashmap.c:Hashmap_get_node:205: TRY: 14
DEBUG: src/lcthw/hashmap.c:Hashmap_get_node:205: TRY: 15
DEBUG: src/lcthw/hashmap.c:Hashmap_get_node:205: TRY: 16
DEBUG: src/lcthw/hashmap.c:Hashmap_get_node:205: TRY: 17
DEBUG: src/lcthw/hashmap.c:Hashmap_get_node:205: TRY: 18
DEBUG: src/lcthw/hashmap.c:Hashmap_get_node:205: TRY: 19
DEBUG: src/lcthw/hashmap.c:Hashmap_get_node:205: TRY: 20
DEBUG: src/lcthw/hashmap.c:Hashmap_get_node:205: TRY: 21
DEBUG: src/lcthw/hashmap.c:Hashmap_get_node:205: TRY: 22
DEBUG: src/lcthw/hashmap.c:Hashmap_get_node:205: TRY: 23
DEBUG: src/lcthw/hashmap.c:Hashmap_get_node:205: TRY: 24
DEBUG: src/lcthw/hashmap.c:Hashmap_get_node:205: TRY: 25
DEBUG: src/lcthw/hashmap.c:Hashmap_get_node:205: TRY: 26
DEBUG: src/lcthw/hashmap.c:Hashmap_get_node:205: TRY: 27
DEBUG: src/lcthw/hashmap.c:Hashmap_get_node:205: TRY: 28
DEBUG: src/lcthw/hashmap.c:Hashmap_get_node:205: TRY: 29
DEBUG: src/lcthw/hashmap.c:Hashmap_get_node:205: TRY: 30
DEBUG: src/lcthw/hashmap.c:Hashmap_get_node:205: TRY: 31
DEBUG: src/lcthw/hashmap.c:Hashmap_get_node:205: TRY: 32
DEBUG: src/lcthw/hashmap.c:Hashmap_get_node:205: TRY: 33
DEBUG: src/lcthw/hashmap.c:Hashmap_get_node:205: TRY: 34
DEBUG: src/lcthw/hashmap.c:Hashmap_get_node:205: TRY: 35
DEBUG: src/lcthw/hashmap.c:Hashmap_get_node:205: TRY: 0
DEBUG: src/lcthw/hashmap.c:Hashmap_get_node:205: TRY: 1
DEBUG: src/lcthw/hashmap.c:Hashmap_get_node:205: TRY: 2
DEBUG: src/lcthw/hashmap.c:Hashmap_get_node:205: TRY: 3
DEBUG: src/lcthw/hashmap.c:Hashmap_get_node:205: TRY: 4
DEBUG: src/lcthw/hashmap.c:Hashmap_get_node:205: TRY: 5
DEBUG: src/lcthw/hashmap.c:Hashmap_get_node:205: TRY: 6
DEBUG: src/lcthw/hashmap.c:Hashmap_get_node:205: TRY: 7
DEBUG: src/lcthw/hashmap.c:Hashmap_get_node:205: TRY: 8
DEBUG: src/lcthw/hashmap.c:Hashmap_get_node:205: TRY: 9
DEBUG: src/lcthw/hashmap.c:Hashmap_get_node:205: TRY: 10
DEBUG: src/lcthw/hashmap.c:Hashmap_get_node:205: TRY: 11
DEBUG: src/lcthw/hashmap.c:Hashmap_get_node:205: TRY: 12
DEBUG: src/lcthw/hashmap.c:Hashmap_get_node:205: TRY: 13
DEBUG: src/lcthw/hashmap.c:Hashmap_get_node:205: TRY: 14
DEBUG: src/lcthw/hashmap.c:Hashmap_get_node:205: TRY: 15
DEBUG: src/lcthw/hashmap.c:Hashmap_get_node:205: TRY: 16
DEBUG: src/lcthw/hashmap.c:Hashmap_get_node:205: TRY: 17
DEBUG: src/lcthw/hashmap.c:Hashmap_get_node:205: TRY: 18
DEBUG: src/lcthw/hashmap.c:Hashmap_get_node:205: TRY: 19
DEBUG: src/lcthw/hashmap.c:Hashmap_get_node:205: TRY: 20
DEBUG: src/lcthw/hashmap.c:Hashmap_get_node:205: TRY: 21
DEBUG: src/lcthw/hashmap.c:Hashmap_get_node:205: TRY: 22
DEBUG: src/lcthw/hashmap.c:Hashmap_get_node:205: TRY: 23
DEBUG: src/lcthw/hashmap.c:Hashmap_get_node:205: TRY: 24
DEBUG: src/lcthw/hashmap.c:Hashmap_get_node:205: TRY: 25
DEBUG: src/lcthw/hashmap.c:Hashmap_get_node:205: TRY: 26
DEBUG: src/lcthw/hashmap.c:Hashmap_get_node:205: TRY: 27
DEBUG: src/lcthw/hashmap.c:Hashmap_get_node:205: TRY: 28
DEBUG: src/lcthw/hashmap.c:Hashmap_get_node:205: TRY: 29
DEBUG: src/lcthw/hashmap.c:Hashmap_get_node:205: TRY: 30
DEBUG: src/lcthw/hashmap.c:Hashmap_get_node:205: TRY: 31
DEBUG: src/lcthw/hashmap.c:Hashmap_get_node:205: TRY: 0
DEBUG: src/lcthw/hashmap.c:Hashmap_get_node:205: TRY: 1
DEBUG: src/lcthw/hashmap.c:Hashmap_get_node:205: TRY: 2
DEBUG: src/lcthw/hashmap.c:Hashmap_get_node:205: TRY: 3
DEBUG: src/lcthw/hashmap.c:Hashmap_get_node:205: TRY: 4
DEBUG: src/lcthw/hashmap.c:Hashmap_get_node:205: TRY: 5
DEBUG: src/lcthw/hashmap.c:Hashmap_get_node:205: TRY: 6
DEBUG: src/lcthw/hashmap.c:Hashmap_get_node:205: TRY: 7
DEBUG: src/lcthw/hashmap.c:Hashmap_get_node:205: TRY: 8
DEBUG: src/lcthw/hashmap.c:Hashmap_get_node:205: TRY: 9
DEBUG: src/lcthw/hashmap.c:Hashmap_get_node:205: TRY: 10
DEBUG: src/lcthw/hashmap.c:Hashmap_get_node:205: TRY: 11
DEBUG: src/lcthw/hashmap.c:Hashmap_get_node:205: TRY: 12
DEBUG: src/lcthw/hashmap.c:Hashmap_get_node:205: TRY: 13
DEBUG: src/lcthw/hashmap.c:Hashmap_get_node:205: TRY: 14
DEBUG: src/lcthw/hashmap.c:Hashmap_get_node:205: TRY: 15
DEBUG: src/lcthw/hashmap.c:Hashmap_get_node:205: TRY: 16
DEBUG: src/lcthw/hashmap.c:Hashmap_get_node:205: TRY: 17
DEBUG: src/lcthw/hashmap.c:Hashmap_get_node:205: TRY: 18
DEBUG: src/lcthw/hashmap.c:Hashmap_get_node:205: TRY: 19
DEBUG: src/lcthw/hashmap.c:Hashmap_get_node:205: TRY: 20
DEBUG: src/lcthw/hashmap.c:Hashmap_get_node:205: TRY: 21
DEBUG: src/lcthw/hashmap.c:Hashmap_get_node:205: TRY: 22
DEBUG: src/lcthw/hashmap.c:Hashmap_get_node:205: TRY: 23
DEBUG: src/lcthw/hashmap.c:Hashmap_get_node:205: TRY: 24
DEBUG: src/lcthw/hashmap.c:Hashmap_get_node:205: TRY: 25
DEBUG: src/lcthw/hashmap.c:Hashmap_get_node:205: TRY: 26
DEBUG: src/lcthw/hashmap.c:Hashmap_get_node:205: TRY: 27
DEBUG: src/lcthw/hashmap.c:Hashmap_get_node:205: TRY: 28
DEBUG: src/lcthw/hashmap.c:Hashmap_get_node:205: TRY: 29
DEBUG: src/lcthw/hashmap.c:Hashmap_get_node:205: TRY: 30
DEBUG: src/lcthw/hashmap.c:Hashmap_get_node:205: TRY: 31
DEBUG: src/lcthw/hashmap.c:Hashmap_get_node:205: TRY: 32
DEBUG: src/lcthw/hashmap.c:Hashmap_get_node:205: TRY: 33
DEBUG: src/lcthw/hashmap.c:Hashmap_get_node:205: TRY: 34
DEBUG: src/lcthw/hashmap.c:Hashmap_get_node:205: TRY: 35
DEBUG: src/lcthw/hashmap.c:Hashmap_get_node:205: TRY: 36
DEBUG: src/lcthw/hashmap.c:Hashmap_get_node:205: TRY: 37
DEBUG: src/lcthw/hashmap.c:Hashmap_get_node:205: TRY: 38
DEBUG: src/lcthw/hashmap.c:Hashmap_get_node:205: TRY: 39
DEBUG: src/lcthw/hashmap.c:Hashmap_get_node:205: TRY: 40
DEBUG: src/lcthw/hashmap.c:Hashmap_get_node:205: TRY: 41
DEBUG: src/lcthw/hashmap.c:Hashmap_get_node:205: TRY: 42
DEBUG: src/lcthw/hashmap.c:Hashmap_get_node:205: TRY: 43
DEBUG: src/lcthw/hashmap.c:Hashmap_get_node:205: TRY: 44
DEBUG: src/lcthw/hashmap.c:Hashmap_get_node:205: TRY: 45
DEBUG: src/lcthw/hashmap.c:Hashmap_get_node:205: TRY: 46
DEBUG: src/lcthw/hashmap.c:Hashmap_get_node:205: TRY: 47
DEBUG: src/lcthw/hashmap.c:Hashmap_get_node:205: TRY: 48
DEBUG: src/lcthw/hashmap.c:Hashmap_get_node:205: TRY: 49
DEBUG: src/lcthw/hashmap.c:Hashmap_get_node:205: TRY: 50
DEBUG: src/lcthw/hashmap.c:Hashmap_get_node:205: TRY: 51
DEBUG: src/lcthw/hashmap.c:Hashmap_get_node:205: TRY: 0
DEBUG: src/lcthw/hashmap.c:Hashmap_get_node:205: TRY: 1
DEBUG: src/lcthw/hashmap.c:Hashmap_get_node:205: TRY: 2
DEBUG: src/lcthw/hashmap.c:Hashmap_get_node:205: TRY: 3
DEBUG: src/lcthw/hashmap.c:Hashmap_get_node:205: TRY: 4
DEBUG: src/lcthw/hashmap.c:Hashmap_get_node:205: TRY: 5
DEBUG: src/lcthw/hashmap.c:Hashmap_get_node:205: TRY: 6
DEBUG: src/lcthw/hashmap.c:Hashmap_get_node:205: TRY: 7
DEBUG: src/lcthw/hashmap.c:Hashmap_get_node:205: TRY: 8
DEBUG: src/lcthw/hashmap.c:Hashmap_get_node:205: TRY: 9
DEBUG: src/lcthw/hashmap.c:Hashmap_get_node:205: TRY: 10
DEBUG: src/lcthw/hashmap.c:Hashmap_get_node:205: TRY: 11
DEBUG: src/lcthw/hashmap.c:Hashmap_get_node:205: TRY: 12
DEBUG: src/lcthw/hashmap.c:Hashmap_get_node:205: TRY: 13
DEBUG: src/lcthw/hashmap.c:Hashmap_get_node:205: TRY: 14
DEBUG: src/lcthw/hashmap.c:Hashmap_get_node:205: TRY: 15
DEBUG: src/lcthw/hashmap.c:Hashmap_get_node:205: TRY: 16
DEBUG: src/lcthw/hashmap.c:Hashmap_get_node:205: TRY: 17
DEBUG: src/lcthw/hashmap.c:Hashmap_get_node:205: TRY: 18
DEBUG: src/lcthw/hashmap.c:Hashmap_get_node:205: TRY: 19
DEBUG: src/lcthw/hashmap.c:Hashmap_get_node:205: TRY: 20
DEBUG: src/lcthw/hashmap.c:Hashmap_get_node:205: TRY: 21
DEBUG: src/lcthw/hashmap.c:Hashmap_get_node:205: TRY: 22
DEBUG: src/lcthw/hashmap.c:Hashmap_get_node:205: TRY: 23
DEBUG: src/lcthw/hashmap.c:Hashmap_get_node:205: TRY: 24
DEBUG: src/lcthw/hashmap.c:Hashmap_get_node:205: TRY: 25
DEBUG: src/lcthw/hashmap.c:Hashmap_get_node:205: TRY: 26
DEBUG: src/lcthw/hashmap.c:Hashmap_get_node:205: TRY: 27
DEBUG: src/lcthw/hashmap.c:Hashmap_get_node:205: TRY: 28
DEBUG: src/lcthw/hashmap.c:Hashmap_get_node:205: TRY: 29
DEBUG: src/lcthw/hashmap.c:Hashmap_get_node:205: TRY: 30
DEBUG: src/lcthw/hashmap.c:Hashmap_get_node:205: TRY: 31
DEBUG: src/lcthw/hashmap.c:Hashmap_get_node:205: TRY: 32
DEBUG: src/lcthw/hashmap.c:Hashmap_get_node:205: TRY: 0
DEBUG: src/lcthw/hashmap.c:Hashmap_get_node:205: TRY: 1
DEBUG: src/lcthw/hashmap.c:Hashmap_get_node:205: TRY: 2
DEBUG: src/lcthw/hashmap.c:Hashmap_get_node:205: TRY: 3
DEBUG: src/lcthw/hashmap.c:Hashmap_get_node:205: TRY: 4
DEBUG: src/lcthw/hashmap.c:Hashmap_get_node:205: TRY: 5
DEBUG: src/lcthw/hashmap.c:Hashmap_get_node:205: TRY: 6
DEBUG: src/lcthw/hashmap.c:Hashmap_get_node:205: TRY: 7
DEBUG: src/lcthw/hashmap.c:Hashmap_get_node:205: TRY: 8
DEBUG: src/lcthw/hashmap.c:Hashmap_get_node:205: TRY: 9
DEBUG: src/lcthw/hashmap.c:Hashmap_get_node:205: TRY: 10
DEBUG: src/lcthw/hashmap.c:Hashmap_get_node:205: TRY: 11
DEBUG: src/lcthw/hashmap.c:Hashmap_get_node:205: TRY: 12
DEBUG: src/lcthw/hashmap.c:Hashmap_get_node:205: TRY: 13
DEBUG: src/lcthw/hashmap.c:Hashmap_get_node:205: TRY: 14
DEBUG: src/lcthw/hashmap.c:Hashmap_get_node:205: TRY: 15
DEBUG: src/lcthw/hashmap.c:Hashmap_get_node:205: TRY: 16
DEBUG: src/lcthw/hashmap.c:Hashmap_get_node:205: TRY: 17
DEBUG: src/lcthw/hashmap.c:Hashmap_get_node:205: TRY: 18
DEBUG: src/lcthw/hashmap.c:Hashmap_get_node:205: TRY: 19
DEBUG: src/lcthw/hashmap.c:Hashmap_get_node:205: TRY: 20
DEBUG: src/lcthw/hashmap.c:Hashmap_get_node:205: TRY: 21
DEBUG: src/lcthw/hashmap.c:Hashmap_get_node:205: TRY: 22
DEBUG: src/lcthw/hashmap.c:Hashmap_get_node:205: TRY: 23
DEBUG: src/lcthw/hashmap.c:Hashmap_get_node:205: TRY: 24
DEBUG: src/lcthw/hashmap.c:Hashmap_get_node:205: TRY: 25
DEBUG: src/lcthw/hashmap.c:Hashmap_get_node:205: TRY: 26
DEBUG: src/lcthw/hashmap.c:Hashmap_get_node:205: TRY: 27
DEBUG: src/lcthw/hashmap.c:Hashmap_get_node:205: TRY: 28
DEBUG: src/lcthw/hashmap.c:Hashmap_get_node:205: TRY: 29
DEBUG: src/lcthw/hashmap.c:Hashmap_get_node:205: TRY: 30
DEBUG: src/lcthw/hashmap.c:Hashmap_get_node:205: TRY: 31
DEBUG: src/lcthw/hashmap.c:Hashmap_get_node:205: TRY: 32
DEBUG: src/lcthw/hashmap.c:Hashmap_get_node:205: TRY: 33
DEBUG: src/lcthw/hashmap.c:Hashmap_get_node:205: TRY: 0
DEBUG: src/lcthw/hashmap.c:Hashmap_get_node:205: TRY: 1
DEBUG: src/lcthw/hashmap.c:Hashmap_get_node:205: TRY: 2
DEBUG: src/lcthw/hashmap.c:Hashmap_get_node:205: TRY: 3
DEBUG: src/lcthw/hashmap.c:Hashmap_get_node:205: TRY: 4
DEBUG: src/lcthw/hashmap.c:Hashmap_get_node:205: TRY: 5
DEBUG: src/lcthw/hashmap.c:Hashmap_get_node:205: TRY: 6
DEBUG: src/lcthw/hashmap.c:Hashmap_get_node:205: TRY: 7
DEBUG: src/lcthw/hashmap.c:Hashmap_get_node:205: TRY: 8
DEBUG: src/lcthw/hashmap.c:Hashmap_get_node:205: TRY: 9
DEBUG: src/lcthw/hashmap.c:Hashmap_get_node:205: TRY: 10
DEBUG: src/lcthw/hashmap.c:Hashmap_get_node:205: TRY: 11
DEBUG: src/lcthw/hashmap.c:Hashmap_get_node:205: TRY: 12
DEBUG: src/lcthw/hashmap.c:Hashmap_get_node:205: TRY: 13
DEBUG: src/lcthw/hashmap.c:Hashmap_get_node:205: TRY: 14
DEBUG: src/lcthw/hashmap.c:Hashmap_get_node:205: TRY: 15
DEBUG: src/lcthw/hashmap.c:Hashmap_get_node:205: TRY: 16
DEBUG: src/lcthw/hashmap.c:Hashmap_get_node:205: TRY: 17
DEBUG: src/lcthw/hashmap.c:Hashmap_get_node:205: TRY: 18
DEBUG: src/lcthw/hashmap.c:Hashmap_get_node:205: TRY: 19
DEBUG: src/lcthw/hashmap.c:Hashmap_get_node:205: TRY: 20
DEBUG: src/lcthw/hashmap.c:Hashmap_get_node:205: TRY: 0
DEBUG: src/lcthw/hashmap.c:Hashmap_get_node:205: TRY: 1
DEBUG: src/lcthw/hashmap.c:Hashmap_get_node:205: TRY: 2
DEBUG: src/lcthw/hashmap.c:Hashmap_get_node:205: TRY: 3
DEBUG: src/lcthw/hashmap.c:Hashmap_get_node:205: TRY: 4
DEBUG: src/lcthw/hashmap.c:Hashmap_get_node:205: TRY: 5
DEBUG: src/lcthw/hashmap.c:Hashmap_get_node:205: TRY: 6
DEBUG: src/lcthw/hashmap.c:Hashmap_get_node:205: TRY: 7
DEBUG: src/lcthw/hashmap.c:Hashmap_get_node:205: TRY: 8
DEBUG: src/lcthw/hashmap.c:Hashmap_get_node:205: TRY: 9
DEBUG: src/lcthw/hashmap.c:Hashmap_get_node:205: TRY: 10
DEBUG: src/lcthw/hashmap.c:Hashmap_get_node:205: TRY: 11
DEBUG: src/lcthw/hashmap.c:Hashmap_get_node:205: TRY: 12
DEBUG: src/lcthw/hashmap.c:Hashmap_get_node:205: TRY: 13
DEBUG: src/lcthw/hashmap.c:Hashmap_get_node:205: TRY: 14
DEBUG: src/lcthw/hashmap.c:Hashmap_get_node:205: TRY: 15
DEBUG: src/lcthw/hashmap.c:Hashmap_get_node:205: TRY: 16
DEBUG: src/lcthw/hashmap.c:Hashmap_get_node:205: TRY: 17
DEBUG: src/lcthw/hashmap.c:Hashmap_get_node:205: TRY: 18
DEBUG: src/lcthw/hashmap.c:Hashmap_get_node:205: TRY: 19
DEBUG: src/lcthw/hashmap.c:Hashmap_get_node:205: TRY: 20
DEBUG: src/lcthw/hashmap.c:Hashmap_get_node:205: TRY: 21
DEBUG: src/lcthw/hashmap.c:Hashmap_get_node:205: TRY: 22
DEBUG: src/lcthw/hashmap.c:Hashmap_get_node:205: TRY: 23
DEBUG: src/lcthw/hashmap.c:Hashmap_get_node:205: TRY: 24
DEBUG: src/lcthw/hashmap.c:Hashmap_get_node:205: TRY: 25
DEBUG: src/lcthw/hashmap.c:Hashmap_get_node:205: TRY: 26
DEBUG: src/lcthw/hashmap.c:Hashmap_get_node:205: TRY: 27
DEBUG: src/lcthw/hashmap.c:Hashmap_get_node:205: TRY: 28
DEBUG: src/lcthw/hashmap.c:Hashmap_get_node:205: TRY: 29
DEBUG: src/lcthw/hashmap.c:Hashmap_get_node:205: TRY: 30
DEBUG: src/lcthw/hashmap.c:Hashmap_get_node:205: TRY: 31
DEBUG: src/lcthw/hashmap.c:Hashmap_get_node:205: TRY: 32
DEBUG: src/lcthw/hashmap.c:Hashmap_get_node:205: TRY: 33
DEBUG: src/lcthw/hashmap.c:Hashmap_get_node:205: TRY: 34
DEBUG: src/lcthw/hashmap.c:Hashmap_get_node:205: TRY: 0
DEBUG: src/lcthw/hashmap.c:Hashmap_get_node:205: TRY: 1
DEBUG: src/lcthw/hashmap.c:Hashmap_get_node:205: TRY: 2
DEBUG: src/lcthw/hashmap.c:Hashmap_get_node:205: TRY: 3
DEBUG: src/lcthw/hashmap.c:Hashmap_get_node:205: TRY: 4
DEBUG: src/lcthw/hashmap.c:Hashmap_get_node:205: TRY: 5
DEBUG: src/lcthw/hashmap.c:Hashmap_get_node:205: TRY: 6
DEBUG: src/lcthw/hashmap.c:Hashmap_get_node:205: TRY: 7
DEBUG: src/lcthw/hashmap.c:Hashmap_get_node:205: TRY: 8
DEBUG: src/lcthw/hashmap.c:Hashmap_get_node:205: TRY: 9
DEBUG: src/lcthw/hashmap.c:Hashmap_get_node:205: TRY: 10
DEBUG: src/lcthw/hashmap.c:Hashmap_get_node:205: TRY: 11
DEBUG: src/lcthw/hashmap.c:Hashmap_get_node:205: TRY: 12
DEBUG: src/lcthw/hashmap.c:Hashmap_get_node:205: TRY: 13
DEBUG: src/lcthw/hashmap.c:Hashmap_get_node:205: TRY: 14
DEBUG: src/lcthw/hashmap.c:Hashmap_get_node:205: TRY: 15
DEBUG: src/lcthw/hashmap.c:Hashmap_get_node:205: TRY: 16
DEBUG: src/lcthw/hashmap.c:Hashmap_get_node:205: TRY: 17
DEBUG: src/lcthw/hashmap.c:Hashmap_get_node:205: TRY: 18
DEBUG: src/lcthw/hashmap.c:Hashmap_get_node:205: TRY: 19
DEBUG: src/lcthw/hashmap.c:Hashmap_get_node:205: TRY: 20
DEBUG: src/lcthw/hashmap.c:Hashmap_get_node:205: TRY: 21
DEBUG: src/lcthw/hashmap.c:Hashmap_get_node:205: TRY: 22
DEBUG: src/lcthw/hashmap.c:Hashmap_get_node:205: TRY: 23
DEBUG: src/lcthw/hashmap.c:Hashmap_get_node:205: TRY: 24
DEBUG: src/lcthw/hashmap.c:Hashmap_get_node:205: TRY: 25
DEBUG: src/lcthw/hashmap.c:Hashmap_get_node:205: TRY: 26
DEBUG: src/lcthw/hashmap.c:Hashmap_get_node:205: TRY: 27
DEBUG: src/lcthw/hashmap.c:Hashmap_get_node:205: TRY: 28
DEBUG: src/lcthw/hashmap.c:Hashmap_get_node:205: TRY: 0
DEBUG: src/lcthw/hashmap.c:Hashmap_get_node:205: TRY: 1
DEBUG: src/lcthw/hashmap.c:Hashmap_get_node:205: TRY: 2
DEBUG: src/lcthw/hashmap.c:Hashmap_get_node:205: TRY: 3
DEBUG: src/lcthw/hashmap.c:Hashmap_get_node:205: TRY: 4
DEBUG: src/lcthw/hashmap.c:Hashmap_get_node:205: TRY: 5
DEBUG: src/lcthw/hashmap.c:Hashmap_get_node:205: TRY: 6
DEBUG: src/lcthw/hashmap.c:Hashmap_get_node:205: TRY: 7
DEBUG: src/lcthw/hashmap.c:Hashmap_get_node:205: TRY: 8
DEBUG: src/lcthw/hashmap.c:Hashmap_get_node:205: TRY: 9
DEBUG: src/lcthw/hashmap.c:Hashmap_get_node:205: TRY: 10
DEBUG: src/lcthw/hashmap.c:Hashmap_get_node:205: TRY: 11
DEBUG: src/lcthw/hashmap.c:Hashmap_get_node:205: TRY: 12
DEBUG: src/lcthw/hashmap.c:Hashmap_get_node:205: TRY: 13
DEBUG: src/lcthw/hashmap.c:Hashmap_get_node:205: TRY: 14
DEBUG: src/lcthw/hashmap.c:Hashmap_get_node:205: TRY: 15
DEBUG: src/lcthw/hashmap.c:Hashmap_get_node:205: TRY: 16
DEBUG: src/lcthw/hashmap.c:Hashmap_get_node:205: TRY: 17
DEBUG: src/lcthw/hashmap.c:Hashmap_get_node:205: TRY: 18
DEBUG: src/lcthw/hashmap.c:Hashmap_get_node:205: TRY: 19
DEBUG: src/lcthw/hashmap.c:Hashmap_get_node:205: TRY: 20
DEBUG: src/lcthw/hashmap.c:Hashmap_get_node:205: TRY: 21
DEBUG: src/lcthw/hashmap.c:Hashmap_get_node:205: TRY: 22
DEBUG: src/lcthw/hashmap.c:Hashmap_get_node:205: TRY: 23
DEBUG: src/lcthw/hashmap.c:Hashmap_get_node:205: TRY: 24
DEBUG: src/lcthw/hashmap.c:Hashmap_get_node:205: TRY: 25
DEBUG: src/lcthw/hashmap.c:Hashmap_get_node:205: TRY: 26
DEBUG: src/lcthw/hashmap.c:Hashmap_get_node:205: TRY: 27
DEBUG: src/lcthw/hashmap.c:Hashmap_get_node:205: TRY: 28
DEBUG: src/lcthw/hashmap.c:Hashmap_get_node:205: TRY: 29
DEBUG: src/lcthw/hashmap.c:Hashmap_get_node:205: TRY: 30
DEBUG: src/lcthw/hashmap.c:Hashmap_get_node:205: TRY: 31
DEBUG: src/lcthw/hashmap.c:Hashmap_get_node:205: TRY: 32
DEBUG: src/lcthw/hashmap.c:Hashmap_get_node:205: TRY: 33
DEBUG: src/lcthw/hashmap.c:Hashmap_get_node:205: TRY: 34
DEBUG: src/lcthw/hashmap.c:Hashmap_get_node:205: TRY: 35
DEBUG: src/lcthw/hashmap.c:Hashmap_get_node:205: TRY: 0
DEBUG: src/lcthw/hashmap.c:Hashmap_get_node:205: TRY: 1
DEBUG: src/lcthw/hashmap.c:Hashmap_get_node:205: TRY: 2
DEBUG: src/lcthw/hashmap.c:Hashmap_get_node:205: TRY: 3
DEBUG: src/lcthw/hashmap.c:Hashmap_get_node:205: TRY: 4
DEBUG: src/lcthw/hashmap.c:Hashmap_get_node:205: TRY: 5
DEBUG: src/lcthw/hashmap.c:Hashmap_get_node:205: TRY: 6
DEBUG: src/lcthw/hashmap.c:Hashmap_get_node:205: TRY: 7
DEBUG: src/lcthw/hashmap.c:Hashmap_get_node:205: TRY: 8
DEBUG: src/lcthw/hashmap.c:Hashmap_get_node:205: TRY: 9
DEBUG: src/lcthw/hashmap.c:Hashmap_get_node:205: TRY: 10
DEBUG: src/lcthw/hashmap.c:Hashmap_get_node:205: TRY: 11
DEBUG: src/lcthw/hashmap.c:Hashmap_get_node:205: TRY: 12
DEBUG: src/lcthw/hashmap.c:Hashmap_get_node:205: TRY: 13
DEBUG: src/lcthw/hashmap.c:Hashmap_get_node:205: TRY: 14
DEBUG: src/lcthw/hashmap.c:Hashmap_get_node:205: TRY: 15
DEBUG: src/lcthw/hashmap.c:Hashmap_get_node:205: TRY: 16
DEBUG: src/lcthw/hashmap.c:Hashmap_get_node:205: TRY: 17
DEBUG: src/lcthw/hashmap.c:Hashmap_get_node:205: TRY: 18
DEBUG: src/lcthw/hashmap.c:Hashmap_get_node:205: TRY: 19
DEBUG: src/lcthw/hashmap.c:Hashmap_get_node:205: TRY: 20
DEBUG: src/lcthw/hashmap.c:Hashmap_get_node:205: TRY: 21
DEBUG: src/lcthw/hashmap.c:Hashmap_get_node:205: TRY: 22
DEBUG: src/lcthw/hashmap.c:Hashmap_get_node:205: TRY: 23
DEBUG: src/lcthw/hashmap.c:Hashmap_get_node:205: TRY: 24
DEBUG: src/lcthw/hashmap.c:Hashmap_get_node:205: TRY: 0
DEBUG: src/lcthw/hashmap.c:Hashmap_get_node:205: TRY: 1
DEBUG: src/lcthw/hashmap.c:Hashmap_get_node:205: TRY: 2
DEBUG: src/lcthw/hashmap.c:Hashmap_get_node:205: TRY: 3
DEBUG: src/lcthw/hashmap.c:Hashmap_get_node:205: TRY: 4
DEBUG: src/lcthw/hashmap.c:Hashmap_get_node:205: TRY: 5
DEBUG: src/lcthw/hashmap.c:Hashmap_get_node:205: TRY: 6
DEBUG: src/lcthw/hashmap.c:Hashmap_get_node:205: TRY: 7
DEBUG: src/lcthw/hashmap.c:Hashmap_get_node:205: TRY: 8
DEBUG: src/lcthw/hashmap.c:Hashmap_get_node:205: TRY: 9
DEBUG: src/lcthw/hashmap.c:Hashmap_get_node:205: TRY: 10
DEBUG: src/lcthw/hashmap.c:Hashmap_get_node:205: TRY: 11
DEBUG: src/lcthw/hashmap.c:Hashmap_get_node:205: TRY: 12
DEBUG: src/lcthw/hashmap.c:Hashmap_get_node:205: TRY: 13
DEBUG: src/lcthw/hashmap.c:Hashmap_get_node:205: TRY: 14
DEBUG: src/lcthw/hashmap.c:Hashmap_get_node:205: TRY: 15
DEBUG: src/lcthw/hashmap.c:Hashmap_get_node:205: TRY: 16
DEBUG: src/lcthw/hashmap.c:Hashmap_get_node:205: TRY: 17
DEBUG: src/lcthw/hashmap.c:Hashmap_get_node:205: TRY: 18
DEBUG: src/lcthw/hashmap.c:Hashmap_get_node:205: TRY: 19
DEBUG: src/lcthw/hashmap.c:Hashmap_get_node:205: TRY: 20
DEBUG: src/lcthw/hashmap.c:Hashmap_get_node:205: TRY: 21
DEBUG: src/lcthw/hashmap.c:Hashmap_get_node:205: TRY: 0
DEBUG: src/lcthw/hashmap.c:Hashmap_get_node:205: TRY: 1
DEBUG: src/lcthw/hashmap.c:Hashmap_get_node:205: TRY: 2
DEBUG: src/lcthw/hashmap.c:Hashmap_get_node:205: TRY: 3
DEBUG: src/lcthw/hashmap.c:Hashmap_get_node:205: TRY: 4
DEBUG: src/lcthw/hashmap.c:Hashmap_get_node:205: TRY: 5
DEBUG: src/lcthw/hashmap.c:Hashmap_get_node:205: TRY: 6
DEBUG: src/lcthw/hashmap.c:Hashmap_get_node:205: TRY: 7
DEBUG: src/lcthw/hashmap.c:Hashmap_get_node:205: TRY: 8
DEBUG: src/lcthw/hashmap.c:Hashmap_get_node:205: TRY: 9
DEBUG: src/lcthw/hashmap.c:Hashmap_get_node:205: TRY: 10
DEBUG: src/lcthw/hashmap.c:Hashmap_get_node:205: TRY: 11
DEBUG: src/lcthw/hashmap.c:Hashmap_get_node:205: TRY: 12
DEBUG: src/lcthw/hashmap.c:Hashmap_get_node:205: TRY: 13
DEBUG: src/lcthw/hashmap.c:Hashmap_get_node:205: TRY: 14
DEBUG: src/lcthw/hashmap.c:Hashmap_get_node:205: TRY: 15
DEBUG: src/lcthw/hashmap.c:Hashmap_get_node:205: TRY: 16
DEBUG: src/lcthw/hashmap.c:Hashmap_get_node:205: TRY: 17
DEBUG: src/lcthw/hashmap.c:Hashmap_get_node:205: TRY: 18
DEBUG: src/lcthw/hashmap.c:Hashmap_get_node:205: TRY: 19
DEBUG: src/lcthw/hashmap.c:Hashmap_get_node:205: TRY: 20
DEBUG: src/lcthw/hashmap.c:Hashmap_get_node:205: TRY: 21
DEBUG: src/lcthw/hashmap.c:Hashmap_get_node:205: TRY: 22
DEBUG: src/lcthw/hashmap.c:Hashmap_get_node:205: TRY: 0
DEBUG: src/lcthw/hashmap.c:Hashmap_get_node:205: TRY: 1
DEBUG: src/lcthw/hashmap.c:Hashmap_get_node:205: TRY: 2
DEBUG: src/lcthw/hashmap.c:Hashmap_get_node:205: TRY: 3
DEBUG: src/lcthw/hashmap.c:Hashmap_get_node:205: TRY: 4
DEBUG: src/lcthw/hashmap.c:Hashmap_get_node:205: TRY: 5
DEBUG: src/lcthw/hashmap.c:Hashmap_get_node:205: TRY: 6
DEBUG: src/lcthw/hashmap.c:Hashmap_get_node:205: TRY: 7
DEBUG: src/lcthw/hashmap.c:Hashmap_get_node:205: TRY: 8
DEBUG: src/lcthw/hashmap.c:Hashmap_get_node:205: TRY: 9
DEBUG: src/lcthw/hashmap.c:Hashmap_get_node:205: TRY: 10
DEBUG: src/lcthw/hashmap.c:Hashmap_get_node:205: TRY: 11
DEBUG: src/lcthw/hashmap.c:Hashmap_get_node:205: TRY: 12
DEBUG: src/lcthw/hashmap.c:Hashmap_get_node:205: TRY: 13
DEBUG: src/lcthw/hashmap.c:Hashmap_get_node:205: TRY: 14
DEBUG: src/lcthw/hashmap.c:Hashmap_get_node:205: TRY: 15
DEBUG: src/lcthw/hashmap.c:Hashmap_get_node:205: TRY: 16
DEBUG: src/lcthw/hashmap.c:Hashmap_get_node:205: TRY: 17
DEBUG: src/lcthw/hashmap.c:Hashmap_get_node:205: TRY: 18
DEBUG: src/lcthw/hashmap.c:Hashmap_get_node:205: TRY: 19
DEBUG: src/lcthw/hashmap.c:Hashmap_get_node:205: TRY: 20
DEBUG: src/lcthw/hashmap.c:Hashmap_get_node:205: TRY: 21
DEBUG: src/lcthw/hashmap.c:Hashmap_get_node:205: TRY: 22
DEBUG: src/lcthw/hashmap.c:Hashmap_get_node:205: TRY: 23
DEBUG: src/lcthw/hashmap.c:Hashmap_get_node:205: TRY: 24
DEBUG: src/lcthw/hashmap.c:Hashmap_get_node:205: TRY: 25
DEBUG: src/lcthw/hashmap.c:Hashmap_get_node:205: TRY: 26
DEBUG: src/lcthw/hashmap.c:Hashmap_get_node:205: TRY: 27
DEBUG: src/lcthw/hashmap.c:Hashmap_get_node:205: TRY: 28
DEBUG: src/lcthw/hashmap.c:Hashmap_get_node:205: TRY: 29
DEBUG: src/lcthw/hashmap.c:Hashmap_get_node:205: TRY: 30
DEBUG: src/lcthw/hashmap.c:Hashmap_get_node:205: TRY: 0
DEBUG: src/lcthw/hashmap.c:Hashmap_get_node:205: TRY: 1
DEBUG: src/lcthw/hashmap.c:Hashmap_get_node:205: TRY: 2
DEBUG: src/lcthw/hashmap.c:Hashmap_get_node:205: TRY: 3
DEBUG: src/lcthw/hashmap.c:Hashmap_get_node:205: TRY: 4
DEBUG: src/lcthw/hashmap.c:Hashmap_get_node:205: TRY: 5
DEBUG: src/lcthw/hashmap.c:Hashmap_get_node:205: TRY: 6
DEBUG: src/lcthw/hashmap.c:Hashmap_get_node:205: TRY: 7
DEBUG: src/lcthw/hashmap.c:Hashmap_get_node:205: TRY: 8
DEBUG: src/lcthw/hashmap.c:Hashmap_get_node:205: TRY: 9
DEBUG: src/lcthw/hashmap.c:Hashmap_get_node:205: TRY: 10
DEBUG: src/lcthw/hashmap.c:Hashmap_get_node:205: TRY: 11
DEBUG: src/lcthw/hashmap.c:Hashmap_get_node:205: TRY: 12
DEBUG: src/lcthw/hashmap.c:Hashmap_get_node:205: TRY: 13
DEBUG: src/lcthw/hashmap.c:Hashmap_get_node:205: TRY: 14
DEBUG: src/lcthw/hashmap.c:Hashmap_get_node:205: TRY: 15
DEBUG: src/lcthw/hashmap.c:Hashmap_get_node:205: TRY: 16
DEBUG: src/lcthw/hashmap.c:Hashmap_get_node:205: TRY: 17
DEBUG: src/lcthw/hashmap.c:Hashmap_get_node:205: TRY: 18
DEBUG: src/lcthw/hashmap.c:Hashmap_get_node:205: TRY: 19
DEBUG: src/lcthw/hashmap.c:Hashmap_get_node:205: TRY: 20
DEBUG: src/lcthw/hashmap.c:Hashmap_get_node:205: TRY: 21
DEBUG: src/lcthw/hashmap.c:Hashmap_get_node:205: TRY: 22
DEBUG: src/lcthw/hashmap.c:Hashmap_get_node:205: TRY: 23
DEBUG: src/lcthw/hashmap.c:Hashmap_get_node:205: TRY: 24
DEBUG: src/lcthw/hashmap.c:Hashmap_get_node:205: TRY: 25
DEBUG: src/lcthw/hashmap.c:Hashmap_get_node:205: TRY: 26
DEBUG: src/lcthw/hashmap.c:Hashmap_get_node:205: TRY: 27
DEBUG: src/lcthw/hashmap.c:Hashmap_get_node:205: TRY: 28
DEBUG: src/lcthw/hashmap.c:Hashmap_get_node:205: TRY: 29
DEBUG: src/lcthw/hashmap.c:Hashmap_get_node:205: TRY: 30
DEBUG: src/lcthw/hashmap.c:Hashmap_get_node:205: TRY: 31
DEBUG: src/lcthw/hashmap.c:Hashmap_get_node:205: TRY: 32
DEBUG: src/lcthw/hashmap.c:Hashmap_get_node:205: TRY: 33
DEBUG: src/lcthw/hashmap.c:Hashmap_get_node:205: TRY: 34
DEBUG: src/lcthw/hashmap.c:Hashmap_get_node:205: TRY: 35
DEBUG: src/lcthw/hashmap.c:Hashmap_get_node:205: TRY: 36
DEBUG: src/lcthw/hashmap.c:Hashmap_get_node:205: TRY: 37
DEBUG: src/lcthw/hashmap.c:Hashmap_get_node:205: TRY: 38
DEBUG: src/lcthw/hashmap.c:Hashmap_get_node:205: TRY: 0
DEBUG: src/lcthw/hashmap.c:Hashmap_get_node:205: TRY: 1
DEBUG: src/lcthw/hashmap.c:Hashmap_get_node:205: TRY: 2
DEBUG: src/lcthw/hashmap.c:Hashmap_get_node:205: TRY: 3
DEBUG: src/lcthw/hashmap.c:Hashmap_get_node:205: TRY: 4
DEBUG: src/lcthw/hashmap.c:Hashmap_get_node:205: TRY: 5
DEBUG: src/lcthw/hashmap.c:Hashmap_get_node:205: TRY: 6
DEBUG: src/lcthw/hashmap.c:Hashmap_get_node:205: TRY: 7
DEBUG: src/lcthw/hashmap.c:Hashmap_get_node:205: TRY: 8
DEBUG: src/lcthw/hashmap.c:Hashmap_get_node:205: TRY: 9
DEBUG: src/lcthw/hashmap.c:Hashmap_get_node:205: TRY: 10
DEBUG: src/lcthw/hashmap.c:Hashmap_get_node:205: TRY: 11
DEBUG: src/lcthw/hashmap.c:Hashmap_get_node:205: TRY: 12
DEBUG: src/lcthw/hashmap.c:Hashmap_get_node:205: TRY: 13
DEBUG: src/lcthw/hashmap.c:Hashmap_get_node:205: TRY: 14
DEBUG: src/lcthw/hashmap.c:Hashmap_get_node:205: TRY: 15
DEBUG: src/lcthw/hashmap.c:Hashmap_get_node:205: TRY: 16
DEBUG: src/lcthw/hashmap.c:Hashmap_get_node:205: TRY: 17
DEBUG: src/lcthw/hashmap.c:Hashmap_get_node:205: TRY: 18
DEBUG: src/lcthw/hashmap.c:Hashmap_get_node:205: TRY: 19
DEBUG: src/lcthw/hashmap.c:Hashmap_get_node:205: TRY: 20
DEBUG: src/lcthw/hashmap.c:Hashmap_get_node:205: TRY: 21
DEBUG: src/lcthw/hashmap.c:Hashmap_get_node:205: TRY: 22
DEBUG: src/lcthw/hashmap.c:Hashmap_get_node:205: TRY: 23
DEBUG: src/lcthw/hashmap.c:Hashmap_get_node:205: TRY: 0
DEBUG: src/lcthw/hashmap.c:Hashmap_get_node:205: TRY: 1
DEBUG: src/lcthw/hashmap.c:Hashmap_get_node:205: TRY: 2
DEBUG: src/lcthw/hashmap.c:Hashmap_get_node:205: TRY: 3
DEBUG: src/lcthw/hashmap.c:Hashmap_get_node:205: TRY: 4
DEBUG: src/lcthw/hashmap.c:Hashmap_get_node:205: TRY: 5
DEBUG: src/lcthw/hashmap.c:Hashmap_get_node:205: TRY: 6
DEBUG: src/lcthw/hashmap.c:Hashmap_get_node:205: TRY: 7
DEBUG: src/lcthw/hashmap.c:Hashmap_get_node:205: TRY: 8
DEBUG: src/lcthw/hashmap.c:Hashmap_get_node:205: TRY: 9
DEBUG: src/lcthw/hashmap.c:Hashmap_get_node:205: TRY: 10
DEBUG: src/lcthw/hashmap.c:Hashmap_get_node:205: TRY: 11
DEBUG: src/lcthw/hashmap.c:Hashmap_get_node:205: TRY: 12
DEBUG: src/lcthw/hashmap.c:Hashmap_get_node:205: TRY: 13
DEBUG: src/lcthw/hashmap.c:Hashmap_get_node:205: TRY: 14
DEBUG: src/lcthw/hashmap.c:Hashmap_get_node:205: TRY: 15
DEBUG: src/lcthw/hashmap.c:Hashmap_get_node:205: TRY: 16
DEBUG: src/lcthw/hashmap.c:Hashmap_get_node:205: TRY: 17
DEBUG: src/lcthw/hashmap.c:Hashmap_get_node:205: TRY: 18
DEBUG: src/lcthw/hashmap.c:Hashmap_get_node:205: TRY: 19
DEBUG: src/lcthw/hashmap.c:Hashmap_get_node:205: TRY: 20
DEBUG: src/lcthw/hashmap.c:Hashmap_get_node:205: TRY: 21
DEBUG: src/lcthw/hashmap.c:Hashmap_get_node:205: TRY: 22
DEBUG: src/lcthw/hashmap.c:Hashmap_get_node:205: TRY: 23
DEBUG: src/lcthw/hashmap.c:Hashmap_get_node:205: TRY: 24
DEBUG: src/lcthw/hashmap.c:Hashmap_get_node:205: TRY: 0
DEBUG: src/lcthw/hashmap.c:Hashmap_get_node:205: TRY: 1
DEBUG: src/lcthw/hashmap.c:Hashmap_get_node:205: TRY: 2
DEBUG: src/lcthw/hashmap.c:Hashmap_get_node:205: TRY: 3
DEBUG: src/lcthw/hashmap.c:Hashmap_get_node:205: TRY: 4
DEBUG: src/lcthw/hashmap.c:Hashmap_get_node:205: TRY: 5
DEBUG: src/lcthw/hashmap.c:Hashmap_get_node:205: TRY: 6
DEBUG: src/lcthw/hashmap.c:Hashmap_get_node:205: TRY: 7
DEBUG: src/lcthw/hashmap.c:Hashmap_get_node:205: TRY: 8
DEBUG: src/lcthw/hashmap.c:Hashmap_get_node:205: TRY: 9
DEBUG: src/lcthw/hashmap.c:Hashmap_get_node:205: TRY: 10
DEBUG: src/lcthw/hashmap.c:Hashmap_get_node:205: TRY: 11
DEBUG: src/lcthw/hashmap.c:Hashmap_get_node:205: TRY: 12
DEBUG: src/lcthw/hashmap.c:Hashmap_get_node:205: TRY: 13
DEBUG: src/lcthw/hashmap.c:Hashmap_get_node:205: TRY: 14
DEBUG: src/lcthw/hashmap.c:Hashmap_get_node:205: TRY: 15
DEBUG: src/lcthw/hashmap.c:Hashmap_get_node:205: TRY: 16
DEBUG: src/lcthw/hashmap.c:Hashmap_get_node:205: TRY: 17
DEBUG: src/lcthw/hashmap.c:Hashmap_get_node:205: TRY: 18
DEBUG: src/lcthw/hashmap.c:Hashmap_get_node:205: TRY: 19
DEBUG: src/lcthw/hashmap.c:Hashmap_get_node:205: TRY: 20
DEBUG: src/lcthw/hashmap.c:Hashmap_get_node:205: TRY: 21
DEBUG: src/lcthw/hashmap.c:Hashmap_get_node:205: TRY: 22
DEBUG: src/lcthw/hashmap.c:Hashmap_get_node:205: TRY: 23
DEBUG: src/lcthw/hashmap.c:Hashmap_get_node:205: TRY: 24
DEBUG: src/lcthw/hashmap.c:Hashmap_get_node:205: TRY: 25
DEBUG: src/lcthw/hashmap.c:Hashmap_get_node:205: TRY: 26
DEBUG: src/lcthw/hashmap.c:Hashmap_get_node:205: TRY: 27
DEBUG: src/lcthw/hashmap.c:Hashmap_get_node:205: TRY: 28
DEBUG: src/lcthw/hashmap.c:Hashmap_get_node:205: TRY: 29
DEBUG: src/lcthw/hashmap.c:Hashmap_get_node:205: TRY: 0
DEBUG: src/lcthw/hashmap.c:Hashmap_get_node:205: TRY: 1
DEBUG: src/lcthw/hashmap.c:Hashmap_get_node:205: TRY: 2
DEBUG: src/lcthw/hashmap.c:Hashmap_get_node:205: TRY: 3
DEBUG: src/lcthw/hashmap.c:Hashmap_get_node:205: TRY: 4
DEBUG: src/lcthw/hashmap.c:Hashmap_get_node:205: TRY: 5
DEBUG: src/lcthw/hashmap.c:Hashmap_get_node:205: TRY: 6
DEBUG: src/lcthw/hashmap.c:Hashmap_get_node:205: TRY: 7
DEBUG: src/lcthw/hashmap.c:Hashmap_get_node:205: TRY: 8
DEBUG: src/lcthw/hashmap.c:Hashmap_get_node:205: TRY: 9
DEBUG: src/lcthw/hashmap.c:Hashmap_get_node:205: TRY: 10
DEBUG: src/lcthw/hashmap.c:Hashmap_get_node:205: TRY: 11
DEBUG: src/lcthw/hashmap.c:Hashmap_get_node:205: TRY: 12
DEBUG: src/lcthw/hashmap.c:Hashmap_get_node:205: TRY: 13
DEBUG: src/lcthw/hashmap.c:Hashmap_get_node:205: TRY: 14
DEBUG: src/lcthw/hashmap.c:Hashmap_get_node:205: TRY: 15
DEBUG: src/lcthw/hashmap.c:Hashmap_get_node:205: TRY: 16
DEBUG: src/lcthw/hashmap.c:Hashmap_get_node:205: TRY: 17
DEBUG: src/lcthw/hashmap.c:Hashmap_get_node:205: TRY: 18
DEBUG: src/lcthw/hashmap.c:Hashmap_get_node:205: TRY: 19
DEBUG: src/lcthw/hashmap.c:Hashmap_get_node:205: TRY: 20
DEBUG: src/lcthw/hashmap.c:Hashmap_get_node:205: TRY: 21
DEBUG: src/lcthw/hashmap.c:Hashmap_get_node:205: TRY: 22
DEBUG: src/lcthw/hashmap.c:Hashmap_get_node:205: TRY: 23
DEBUG: src/lcthw/hashmap.c:Hashmap_get_node:205: TRY: 24
DEBUG: src/lcthw/hashmap.c:Hashmap_get_node:205: TRY: 0
DEBUG: src/lcthw/hashmap.c:Hashmap_get_node:205: TRY: 1
DEBUG: src/lcthw/hashmap.c:Hashmap_get_node:205: TRY: 2
DEBUG: src/lcthw/hashmap.c:Hashmap_get_node:205: TRY: 3
DEBUG: src/lcthw/hashmap.c:Hashmap_get_node:205: TRY: 4
DEBUG: src/lcthw/hashmap.c:Hashmap_get_node:205: TRY: 5
DEBUG: src/lcthw/hashmap.c:Hashmap_get_node:205: TRY: 6
DEBUG: src/lcthw/hashmap.c:Hashmap_get_node:205: TRY: 7
DEBUG: src/lcthw/hashmap.c:Hashmap_get_node:205: TRY: 8
DEBUG: src/lcthw/hashmap.c:Hashmap_get_node:205: TRY: 9
DEBUG: src/lcthw/hashmap.c:Hashmap_get_node:205: TRY: 10
DEBUG: src/lcthw/hashmap.c:Hashmap_get_node:205: TRY: 11
DEBUG: src/lcthw/hashmap.c:Hashmap_get_node:205: TRY: 12
DEBUG: src/lcthw/hashmap.c:Hashmap_get_node:205: TRY: 13
DEBUG: src/lcthw/hashmap.c:Hashmap_get_node:205: TRY: 14
DEBUG: src/lcthw/hashmap.c:Hashmap_get_node:205: TRY: 15
DEBUG: src/lcthw/hashmap.c:Hashmap_get_node:205: TRY: 16
DEBUG: src/lcthw/hashmap.c:Hashmap_get_node:205: TRY: 17
DEBUG: src/lcthw/hashmap.c:Hashmap_get_node:205: TRY: 18
DEBUG: src/lcthw/hashmap.c:Hashmap_get_node:205: TRY: 19
DEBUG: src/lcthw/hashmap.c:Hashmap_get_node:205: TRY: 20
DEBUG: src/lcthw/hashmap.c:Hashmap_get_node:205: TRY: 21
DEBUG: src/lcthw/hashmap.c:Hashmap_get_node:205: TRY: 22
DEBUG: src/lcthw/hashmap.c:Hashmap_get_node:205: TRY: 23
DEBUG: src/lcthw/hashmap.c:Hashmap_get_node:205: TRY: 24
DEBUG: src/lcthw/hashmap.c:Hashmap_get_node:205: TRY: 25
DEBUG: src/lcthw/hashmap.c:Hashmap_get_node:205: TRY: 26
DEBUG: src/lcthw/hashmap.c:Hashmap_get_node:205: TRY: 27
DEBUG: src/lcthw/hashmap.c:Hashmap_get_node:205: TRY: 28
DEBUG: src/lcthw/hashmap.c:Hashmap_get_node:205: TRY: 29
DEBUG: src/lcthw/hashmap.c:Hashmap_get_node:205: TRY: 30
DEBUG: src/lcthw/hashmap.c:Hashmap_get_node:205: TRY: 31
DEBUG: src/lcthw/hashmap.c:Hashmap_get_node:205: TRY: 32
DEBUG: src/lcthw/hashmap.c:Hashmap_get_node:205: TRY: 33
DEBUG: src/lcthw/hashmap.c:Hashmap_get_node:205: TRY: 34
DEBUG: src/lcthw/hashmap.c:Hashmap_get_node:205: TRY: 35
DEBUG: src/lcthw/hashmap.c:Hashmap_get_node:205: TRY: 36
DEBUG: src/lcthw/hashmap.c:Hashmap_get_node:205: TRY: 37
DEBUG: src/lcthw/hashmap.c:Hashmap_get_node:205: TRY: 38
DEBUG: src/lcthw/hashmap.c:Hashmap_get_node:205: TRY: 39
DEBUG: src/lcthw/hashmap.c:Hashmap_get_node:205: TRY: 0
DEBUG: src/lcthw/hashmap.c:Hashmap_get_node:205: TRY: 1
DEBUG: src/lcthw/hashmap.c:Hashmap_get_node:205: TRY: 2
DEBUG: src/lcthw/hashmap.c:Hashmap_get_node:205: TRY: 3
DEBUG: src/lcthw/hashmap.c:Hashmap_get_node:205: TRY: 4
DEBUG: src/lcthw/hashmap.c:Hashmap_get_node:205: TRY: 5
DEBUG: src/lcthw/hashmap.c:Hashmap_get_node:205: TRY: 6
DEBUG: src/lcthw/hashmap.c:Hashmap_get_node:205: TRY: 7
DEBUG: src/lcthw/hashmap.c:Hashmap_get_node:205: TRY: 8
DEBUG: src/lcthw/hashmap.c:Hashmap_get_node:205: TRY: 9
DEBUG: src/lcthw/hashmap.c:Hashmap_get_node:205: TRY: 10
DEBUG: src/lcthw/hashmap.c:Hashmap_get_node:205: TRY: 11
DEBUG: src/lcthw/hashmap.c:Hashmap_get_node:205: TRY: 12
DEBUG: src/lcthw/hashmap.c:Hashmap_get_node:205: TRY: 13
DEBUG: src/lcthw/hashmap.c:Hashmap_get_node:205: TRY: 14
DEBUG: src/lcthw/hashmap.c:Hashmap_get_node:205: TRY: 15
DEBUG: src/lcthw/hashmap.c:Hashmap_get_node:205: TRY: 16
DEBUG: src/lcthw/hashmap.c:Hashmap_get_node:205: TRY: 17
DEBUG: src/lcthw/hashmap.c:Hashmap_get_node:205: TRY: 18
DEBUG: src/lcthw/hashmap.c:Hashmap_get_node:205: TRY: 19
DEBUG: src/lcthw/hashmap.c:Hashmap_get_node:205: TRY: 20
DEBUG: src/lcthw/hashmap.c:Hashmap_get_node:205: TRY: 21
DEBUG: src/lcthw/hashmap.c:Hashmap_get_node:205: TRY: 22
DEBUG: src/lcthw/hashmap.c:Hashmap_get_node:205: TRY: 23
DEBUG: src/lcthw/hashmap.c:Hashmap_get_node:205: TRY: 24
DEBUG: src/lcthw/hashmap.c:Hashmap_get_node:205: TRY: 25
DEBUG: src/lcthw/hashmap.c:Hashmap_get_node:205: TRY: 26
DEBUG: src/lcthw/hashmap.c:Hashmap_get_node:205: TRY: 27
DEBUG: src/lcthw/hashmap.c:Hashmap_get_node:205: TRY: 28
DEBUG: src/lcthw/hashmap.c:Hashmap_get_node:205: TRY: 29
DEBUG: src/lcthw/hashmap.c:Hashmap_get_node:205: TRY: 30
DEBUG: src/lcthw/hashmap.c:Hashmap_get_node:205: TRY: 31
DEBUG: src/lcthw/hashmap.c:Hashmap_get_node:205: TRY: 32
DEBUG: src/lcthw/hashmap.c:Hashmap_get_node:205: TRY: 33
DEBUG: src/lcthw/hashmap.c:Hashmap_get_node:205: TRY: 34
DEBUG: src/lcthw/hashmap.c:Hashmap_get_node:205: TRY: 35
DEBUG: src/lcthw/hashmap.c:Hashmap_get_node:205: TRY: 36
DEBUG: src/lcthw/hashmap.c:Hashmap_get_node:205: TRY: 37
DEBUG: src/lcthw/hashmap.c:Hashmap_get_node:205: TRY: 38
DEBUG: src/lcthw/hashmap.c:Hashmap_get_node:205: TRY: 39
DEBUG: src/lcthw/hashmap.c:Hashmap_get_node:205: TRY: 40
DEBUG: src/lcthw/hashmap.c:Hashmap_get_node:205: TRY: 41
DEBUG: src/lcthw/hashmap.c:Hashmap_get_node:205: TRY: 42
DEBUG: src/lcthw/hashmap.c:Hashmap_get_node:205: TRY: 43
DEBUG: src/lcthw/hashmap.c:Hashmap_get_node:205: TRY: 44
DEBUG: src/lcthw/hashmap.c:Hashmap_get_node:205: TRY: 45
DEBUG: src/lcthw/hashmap.c:Hashmap_get_node:205: TRY: 46
DEBUG: src/lcthw/hashmap.c:Hashmap_get_node:205: TRY: 47
DEBUG: src/lcthw/hashmap.c:Hashmap_get_node:205: TRY: 48
DEBUG: src/lcthw/hashmap.c:Hashmap_get_node:205: TRY: 49
DEBUG: src/lcthw/hashmap.c:Hashmap_get_node:205: TRY: 50
DEBUG: src/lcthw/hashmap.c:Hashmap_get_node:205: TRY: 51
DEBUG: src/lcthw/hashmap.c:Hashmap_get_node:205: TRY: 52
DEBUG: src/lcthw/hashmap.c:Hashmap_get_node:205: TRY: 0
DEBUG: src/lcthw/hashmap.c:Hashmap_get_node:205: TRY: 1
DEBUG: src/lcthw/hashmap.c:Hashmap_get_node:205: TRY: 2
DEBUG: src/lcthw/hashmap.c:Hashmap_get_node:205: TRY: 3
DEBUG: src/lcthw/hashmap.c:Hashmap_get_node:205: TRY: 4
DEBUG: src/lcthw/hashmap.c:Hashmap_get_node:205: TRY: 5
DEBUG: src/lcthw/hashmap.c:Hashmap_get_node:205: TRY: 6
DEBUG: src/lcthw/hashmap.c:Hashmap_get_node:205: TRY: 7
DEBUG: src/lcthw/hashmap.c:Hashmap_get_node:205: TRY: 8
DEBUG: src/lcthw/hashmap.c:Hashmap_get_node:205: TRY: 9
DEBUG: src/lcthw/hashmap.c:Hashmap_get_node:205: TRY: 10
DEBUG: src/lcthw/hashmap.c:Hashmap_get_node:205: TRY: 11
DEBUG: src/lcthw/hashmap.c:Hashmap_get_node:205: TRY: 12
DEBUG: src/lcthw/hashmap.c:Hashmap_get_node:205: TRY: 13
DEBUG: src/lcthw/hashmap.c:Hashmap_get_node:205: TRY: 14
DEBUG: src/lcthw/hashmap.c:Hashmap_get_node:205: TRY: 15
DEBUG: src/lcthw/hashmap.c:Hashmap_get_node:205: TRY: 16
DEBUG: src/lcthw/hashmap.c:Hashmap_get_node:205: TRY: 17
DEBUG: src/lcthw/hashmap.c:Hashmap_get_node:205: TRY: 18
DEBUG: src/lcthw/hashmap.c:Hashmap_get_node:205: TRY: 19
DEBUG: src/lcthw/hashmap.c:Hashmap_get_node:205: TRY: 20
DEBUG: src/lcthw/hashmap.c:Hashmap_get_node:205: TRY: 21
DEBUG: src/lcthw/hashmap.c:Hashmap_get_node:205: TRY: 22
DEBUG: src/lcthw/hashmap.c:Hashmap_get_node:205: TRY: 23
DEBUG: src/lcthw/hashmap.c:Hashmap_get_node:205: TRY: 24
DEBUG: src/lcthw/hashmap.c:Hashmap_get_node:205: TRY: 25
DEBUG: src/lcthw/hashmap.c:Hashmap_get_node:205: TRY: 0
DEBUG: src/lcthw/hashmap.c:Hashmap_get_node:205: TRY: 1
DEBUG: src/lcthw/hashmap.c:Hashmap_get_node:205: TRY: 2
DEBUG: src/lcthw/hashmap.c:Hashmap_get_node:205: TRY: 3
DEBUG: src/lcthw/hashmap.c:Hashmap_get_node:205: TRY: 4
DEBUG: src/lcthw/hashmap.c:Hashmap_get_node:205: TRY: 5
DEBUG: src/lcthw/hashmap.c:Hashmap_get_node:205: TRY: 6
DEBUG: src/lcthw/hashmap.c:Hashmap_get_node:205: TRY: 7
DEBUG: src/lcthw/hashmap.c:Hashmap_get_node:205: TRY: 8
DEBUG: src/lcthw/hashmap.c:Hashmap_get_node:205: TRY: 9
DEBUG: src/lcthw/hashmap.c:Hashmap_get_node:205: TRY: 10
DEBUG: src/lcthw/hashmap.c:Hashmap_get_node:205: TRY: 11
DEBUG: src/lcthw/hashmap.c:Hashmap_get_node:205: TRY: 12
DEBUG: src/lcthw/hashmap.c:Hashmap_get_node:205: TRY: 13
DEBUG: src/lcthw/hashmap.c:Hashmap_get_node:205: TRY: 14
DEBUG: src/lcthw/hashmap.c:Hashmap_get_node:205: TRY: 15
DEBUG: src/lcthw/hashmap.c:Hashmap_get_node:205: TRY: 16
DEBUG: src/lcthw/hashmap.c:Hashmap_get_node:205: TRY: 17
DEBUG: src/lcthw/hashmap.c:Hashmap_get_node:205: TRY: 18
DEBUG: src/lcthw/hashmap.c:Hashmap_get_node:205: TRY: 19
DEBUG: src/lcthw/hashmap.c:Hashmap_get_node:205: TRY: 20
DEBUG: src/lcthw/hashmap.c:Hashmap_get_node:205: TRY: 21
DEBUG: src/lcthw/hashmap.c:Hashmap_get_node:205: TRY: 22
DEBUG: src/lcthw/hashmap.c:Hashmap_get_node:205: TRY: 23
DEBUG: src/lcthw/hashmap.c:Hashmap_get_node:205: TRY: 24
DEBUG: src/lcthw/hashmap.c:Hashmap_get_node:205: TRY: 25
DEBUG: src/lcthw/hashmap.c:Hashmap_get_node:205: TRY: 26
DEBUG: src/lcthw/hashmap.c:Hashmap_get_node:205: TRY: 0
DEBUG: src/lcthw/hashmap.c:Hashmap_get_node:205: TRY: 1
DEBUG: src/lcthw/hashmap.c:Hashmap_get_node:205: TRY: 2
DEBUG: src/lcthw/hashmap.c:Hashmap_get_node:205: TRY: 3
DEBUG: src/lcthw/hashmap.c:Hashmap_get_node:205: TRY: 4
DEBUG: src/lcthw/hashmap.c:Hashmap_get_node:205: TRY: 5
DEBUG: src/lcthw/hashmap.c:Hashmap_get_node:205: TRY: 6
DEBUG: src/lcthw/hashmap.c:Hashmap_get_node:205: TRY: 7
DEBUG: src/lcthw/hashmap.c:Hashmap_get_node:205: TRY: 8
DEBUG: src/lcthw/hashmap.c:Hashmap_get_node:205: TRY: 9
DEBUG: src/lcthw/hashmap.c:Hashmap_get_node:205: TRY: 10
DEBUG: src/lcthw/hashmap.c:Hashmap_get_node:205: TRY: 11
DEBUG: src/lcthw/hashmap.c:Hashmap_get_node:205: TRY: 12
DEBUG: src/lcthw/hashmap.c:Hashmap_get_node:205: TRY: 13
DEBUG: src/lcthw/hashmap.c:Hashmap_get_node:205: TRY: 14
DEBUG: src/lcthw/hashmap.c:Hashmap_get_node:205: TRY: 15
DEBUG: src/lcthw/hashmap.c:Hashmap_get_node:205: TRY: 16
DEBUG: src/lcthw/hashmap.c:Hashmap_get_node:205: TRY: 17
DEBUG: src/lcthw/hashmap.c:Hashmap_get_node:205: TRY: 18
DEBUG: src/lcthw/hashmap.c:Hashmap_get_node:205: TRY: 19
DEBUG: src/lcthw/hashmap.c:Hashmap_get_node:205: TRY: 20
DEBUG: src/lcthw/hashmap.c:Hashmap_get_node:205: TRY: 21
DEBUG: src/lcthw/hashmap.c:Hashmap_get_node:205: TRY: 22
DEBUG: src/lcthw/hashmap.c:Hashmap_get_node:205: TRY: 23
DEBUG: src/lcthw/hashmap.c:Hashmap_get_node:205: TRY: 24
DEBUG: src/lcthw/hashmap.c:Hashmap_get_node:205: TRY: 25
DEBUG: src/lcthw/hashmap.c:Hashmap_get_node:205: TRY: 26
DEBUG: src/lcthw/hashmap.c:Hashmap_get_node:205: TRY: 27
DEBUG: src/lcthw/hashmap.c:Hashmap_get_node:205: TRY: 0
DEBUG: src/lcthw/hashmap.c:Hashmap_get_node:205: TRY: 1
DEBUG: src/lcthw/hashmap.c:Hashmap_get_node:205: TRY: 2
DEBUG: src/lcthw/hashmap.c:Hashmap_get_node:205: TRY: 3
DEBUG: src/lcthw/hashmap.c:Hashmap_get_node:205: TRY: 4
DEBUG: src/lcthw/hashmap.c:Hashmap_get_node:205: TRY: 5
DEBUG: src/lcthw/hashmap.c:Hashmap_get_node:205: TRY: 6
DEBUG: src/lcthw/hashmap.c:Hashmap_get_node:205: TRY: 7
DEBUG: src/lcthw/hashmap.c:Hashmap_get_node:205: TRY: 8
DEBUG: src/lcthw/hashmap.c:Hashmap_get_node:205: TRY: 9
DEBUG: src/lcthw/hashmap.c:Hashmap_get_node:205: TRY: 10
DEBUG: src/lcthw/hashmap.c:Hashmap_get_node:205: TRY: 11
DEBUG: src/lcthw/hashmap.c:Hashmap_get_node:205: TRY: 12
DEBUG: src/lcthw/hashmap.c:Hashmap_get_node:205: TRY: 13
DEBUG: src/lcthw/hashmap.c:Hashmap_get_node:205: TRY: 14
DEBUG: src/lcthw/hashmap.c:Hashmap_get_node:205: TRY: 15
DEBUG: src/lcthw/hashmap.c:Hashmap_get_node:205: TRY: 16
DEBUG: src/lcthw/hashmap.c:Hashmap_get_node:205: TRY: 17
DEBUG: src/lcthw/hashmap.c:Hashmap_get_node:205: TRY: 18
DEBUG: src/lcthw/hashmap.c:Hashmap_get_node:205: TRY: 19
DEBUG: src/lcthw/hashmap.c:Hashmap_get_node:205: TRY: 20
DEBUG: src/lcthw/hashmap.c:Hashmap_get_node:205: TRY: 21
DEBUG: src/lcthw/hashmap.c:Hashmap_get_node:205: TRY: 22
DEBUG: src/lcthw/hashmap.c:Hashmap_get_node:205: TRY: 23
DEBUG: src/lcthw/hashmap.c:Hashmap_get_node:205: TRY: 24
DEBUG: src/lcthw/hashmap.c:Hashmap_get_node:205: TRY: 25
DEBUG: src/lcthw/hashmap.c:Hashmap_get_node:205: TRY: 26
DEBUG: src/lcthw/hashmap.c:Hashmap_get_node:205: TRY: 27
DEBUG: src/lcthw/hashmap.c:Hashmap_get_node:205: TRY: 28
DEBUG: src/lcthw/hashmap.c:Hashmap_get_node:205: TRY: 29
DEBUG: src/lcthw/hashmap.c:Hashmap_get_node:205: TRY: 30
DEBUG: src/lcthw/hashmap.c:Hashmap_get_node:205: TRY: 31
DEBUG: src/lcthw/hashmap.c:Hashmap_get_node:205: TRY: 0
DEBUG: src/lcthw/hashmap.c:Hashmap_get_node:205: TRY: 1
DEBUG: src/lcthw/hashmap.c:Hashmap_get_node:205: TRY: 2
DEBUG: src/lcthw/hashmap.c:Hashmap_get_node:205: TRY: 3
DEBUG: src/lcthw/hashmap.c:Hashmap_get_node:205: TRY: 4
DEBUG: src/lcthw/hashmap.c:Hashmap_get_node:205: TRY: 5
DEBUG: src/lcthw/hashmap.c:Hashmap_get_node:205: TRY: 6
DEBUG: src/lcthw/hashmap.c:Hashmap_get_node:205: TRY: 7
DEBUG: src/lcthw/hashmap.c:Hashmap_get_node:205: TRY: 8
DEBUG: src/lcthw/hashmap.c:Hashmap_get_node:205: TRY: 9
DEBUG: src/lcthw/hashmap.c:Hashmap_get_node:205: TRY: 10
DEBUG: src/lcthw/hashmap.c:Hashmap_get_node:205: TRY: 11
DEBUG: src/lcthw/hashmap.c:Hashmap_get_node:205: TRY: 12
DEBUG: src/lcthw/hashmap.c:Hashmap_get_node:205: TRY: 13
DEBUG: src/lcthw/hashmap.c:Hashmap_get_node:205: TRY: 14
DEBUG: src/lcthw/hashmap.c:Hashmap_get_node:205: TRY: 15
DEBUG: src/lcthw/hashmap.c:Hashmap_get_node:205: TRY: 16
DEBUG: src/lcthw/hashmap.c:Hashmap_get_node:205: TRY: 17
DEBUG: src/lcthw/hashmap.c:Hashmap_get_node:205: TRY: 18
DEBUG: src/lcthw/hashmap.c:Hashmap_get_node:205: TRY: 19
DEBUG: src/lcthw/hashmap.c:Hashmap_get_node:205: TRY: 20
DEBUG: src/lcthw/hashmap.c:Hashmap_get_node:205: TRY: 21
DEBUG: src/lcthw/hashmap.c:Hashmap_get_node:205: TRY: 22
DEBUG: src/lcthw/hashmap.c:Hashmap_get_node:205: TRY: 23
DEBUG: src/lcthw/hashmap.c:Hashmap_get_node:205: TRY: 24
DEBUG: src/lcthw/hashmap.c:Hashmap_get_node:205: TRY: 25
DEBUG: src/lcthw/hashmap.c:Hashmap_get_node:205: TRY: 26
DEBUG: src/lcthw/hashmap.c:Hashmap_get_node:205: TRY: 27
DEBUG: src/lcthw/hashmap.c:Hashmap_get_node:205: TRY: 28
DEBUG: src/lcthw/hashmap.c:Hashmap_get_node:205: TRY: 29
DEBUG: src/lcthw/hashmap.c:Hashmap_get_node:205: TRY: 30
DEBUG: src/lcthw/hashmap.c:Hashmap_get_node:205: TRY: 31
DEBUG: src/lcthw/hashmap.c:Hashmap_get_node:205: TRY: 32
DEBUG: src/lcthw/hashmap.c:Hashmap_get_node:205: TRY: 33
DEBUG: src/lcthw/hashmap.c:Hashmap_get_node:205: TRY: 34
DEBUG: src/lcthw/hashmap.c:Hashmap_get_node:205: TRY: 35
DEBUG: src/lcthw/hashmap.c:Hashmap_get_node:205: TRY: 36
DEBUG: src/lcthw/hashmap.c:Hashmap_get_node:205: TRY: 37
DEBUG: src/lcthw/hashmap.c:Hashmap_get_node:205: TRY: 38
DEBUG: src/lcthw/hashmap.c:Hashmap_get_node:205: TRY: 39
DEBUG: src/lcthw/hashmap.c:Hashmap_get_node:205: TRY: 40
DEBUG: src/lcthw/hashmap.c:Hashmap_get_node:205: TRY: 41
DEBUG: src/lcthw/hashmap.c:Hashmap_get_node:205: TRY: 42
DEBUG: src/lcthw/hashmap.c:Hashmap_get_node:205: TRY: 43
DEBUG: src/lcthw/hashmap.c:Hashmap_get_node:205: TRY: 44
DEBUG: src/lcthw/hashmap.c:Hashmap_get_node:205: TRY: 45
DEBUG: src/lcthw/hashmap.c:Hashmap_get_node:205: TRY: 46
DEBUG: src/lcthw/hashmap.c:Hashmap_get_node:205: TRY: 47
DEBUG: src/lcthw/hashmap.c:Hashmap_get_node:205: TRY: 48
DEBUG: src/lcthw/hashmap.c:Hashmap_get_node:205: TRY: 49
DEBUG: src/lcthw/hashmap.c:Hashmap_get_node:205: TRY: 50
DEBUG: src/lcthw/hashmap.c:Hashmap_get_node:205: TRY: 51
DEBUG: src/lcthw/hashmap.c:Hashmap_get_node:205: TRY: 52
DEBUG: src/lcthw/hashmap.c:Hashmap_get_node:205: TRY: 53
DEBUG: src/lcthw/hashmap.c:Hashmap_get_node:205: TRY: 0
DEBUG: src/lcthw/hashmap.c:Hashmap_get_node:205: TRY: 1
DEBUG: src/lcthw/hashmap.c:Hashmap_get_node:205: TRY: 2
DEBUG: src/lcthw/hashmap.c:Hashmap_get_node:205: TRY: 3
DEBUG: src/lcthw/hashmap.c:Hashmap_get_node:205: TRY: 4
DEBUG: src/lcthw/hashmap.c:Hashmap_get_node:205: TRY: 5
DEBUG: src/lcthw/hashmap.c:Hashmap_get_node:205: TRY: 6
DEBUG: src/lcthw/hashmap.c:Hashmap_get_node:205: TRY: 7
DEBUG: src/lcthw/hashmap.c:Hashmap_get_node:205: TRY: 8
DEBUG: src/lcthw/hashmap.c:Hashmap_get_node:205: TRY: 9
DEBUG: src/lcthw/hashmap.c:Hashmap_get_node:205: TRY: 10
DEBUG: src/lcthw/hashmap.c:Hashmap_get_node:205: TRY: 11
DEBUG: src/lcthw/hashmap.c:Hashmap_get_node:205: TRY: 12
DEBUG: src/lcthw/hashmap.c:Hashmap_get_node:205: TRY: 13
DEBUG: src/lcthw/hashmap.c:Hashmap_get_node:205: TRY: 14
DEBUG: src/lcthw/hashmap.c:Hashmap_get_node:205: TRY: 15
DEBUG: src/lcthw/hashmap.c:Hashmap_get_node:205: TRY: 16
DEBUG: src/lcthw/hashmap.c:Hashmap_get_node:205: TRY: 17
DEBUG: src/lcthw/hashmap.c:Hashmap_get_node:205: TRY: 18
DEBUG: src/lcthw/hashmap.c:Hashmap_get_node:205: TRY: 19
DEBUG: src/lcthw/hashmap.c:Hashmap_get_node:205: TRY: 20
DEBUG: src/lcthw/hashmap.c:Hashmap_get_node:205: TRY: 21
DEBUG: src/lcthw/hashmap.c:Hashmap_get_node:205: TRY: 22
DEBUG: src/lcthw/hashmap.c:Hashmap_get_node:205: TRY: 23
DEBUG: src/lcthw/hashmap.c:Hashmap_get_node:205: TRY: 24
DEBUG: src/lcthw/hashmap.c:Hashmap_get_node:205: TRY: 25
DEBUG: src/lcthw/hashmap.c:Hashmap_get_node:205: TRY: 26
DEBUG: src/lcthw/hashmap.c:Hashmap_get_node:205: TRY: 27
DEBUG: src/lcthw/hashmap.c:Hashmap_get_node:205: TRY: 28
DEBUG: src/lcthw/hashmap.c:Hashmap_get_node:205: TRY: 29
DEBUG: src/lcthw/hashmap.c:Hashmap_get_node:205: TRY: 30
DEBUG: src/lcthw/hashmap.c:Hashmap_get_node:205: TRY: 31
DEBUG: src/lcthw/hashmap.c:Hashmap_get_node:205: TRY: 32
DEBUG: src/lcthw/hashmap.c:Hashmap_get_node:205: TRY: 0
DEBUG: src/lcthw/hashmap.c:Hashmap_get_node:205: TRY: 1
DEBUG: src/lcthw/hashmap.c:Hashmap_get_node:205: TRY: 2
DEBUG: src/lcthw/hashmap.c:Hashmap_get_node:205: TRY: 3
DEBUG: src/lcthw/hashmap.c:Hashmap_get_node:205: TRY: 4
DEBUG: src/lcthw/hashmap.c:Hashmap_get_node:205: TRY: 5
DEBUG: src/lcthw/hashmap.c:Hashmap_get_node:205: TRY: 6
DEBUG: src/lcthw/hashmap.c:Hashmap_get_node:205: TRY: 7
DEBUG: src/lcthw/hashmap.c:Hashmap_get_node:205: TRY: 8
DEBUG: src/lcthw/hashmap.c:Hashmap_get_node:205: TRY: 9
DEBUG: src/lcthw/hashmap.c:Hashmap_get_node:205: TRY: 10
DEBUG: src/lcthw/hashmap.c:Hashmap_get_node:205: TRY: 11
DEBUG: src/lcthw/hashmap.c:Hashmap_get_node:205: TRY: 12
DEBUG: src/lcthw/hashmap.c:Hashmap_get_node:205: TRY: 13
DEBUG: src/lcthw/hashmap.c:Hashmap_get_node:205: TRY: 14
DEBUG: src/lcthw/hashmap.c:Hashmap_get_node:205: TRY: 15
DEBUG: src/lcthw/hashmap.c:Hashmap_get_node:205: TRY: 16
DEBUG: src/lcthw/hashmap.c:Hashmap_get_node:205: TRY: 17
DEBUG: src/lcthw/hashmap.c:Hashmap_get_node:205: TRY: 18
DEBUG: src/lcthw/hashmap.c:Hashmap_get_node:205: TRY: 19
DEBUG: src/lcthw/hashmap.c:Hashmap_get_node:205: TRY: 20
DEBUG: src/lcthw/hashmap.c:Hashmap_get_node:205: TRY: 21
DEBUG: src/lcthw/hashmap.c:Hashmap_get_node:205: TRY: 22
DEBUG: src/lcthw/hashmap.c:Hashmap_get_node:205: TRY: 23
DEBUG: src/lcthw/hashmap.c:Hashmap_get_node:205: TRY: 24
DEBUG: src/lcthw/hashmap.c:Hashmap_get_node:205: TRY: 25
DEBUG: src/lcthw/hashmap.c:Hashmap_get_node:205: TRY: 26
DEBUG: src/lcthw/hashmap.c:Hashmap_get_node:205: TRY: 27
DEBUG: src/lcthw/hashmap.c:Hashmap_get_node:205: TRY: 28
DEBUG: src/lcthw/hashmap.c:Hashmap_get_node:205: TRY: 29
DEBUG: src/lcthw/hashmap.c:Hashmap_get_node:205: TRY: 30
DEBUG: src/lcthw/hashmap.c:Hashmap_get_node:205: TRY: 31
DEBUG: src/lcthw/hashmap.c:Hashmap_get_node:205: TRY: 32
DEBUG: src/lcthw/hashmap.c:Hashmap_get_node:205: TRY: 33
DEBUG: src/lcthw/hashmap.c:Hashmap_get_node:205: TRY: 34
DEBUG: src/lcthw/hashmap.c:Hashmap_get_node:205: TRY: 35
DEBUG: src/lcthw/hashmap.c:Hashmap_get_node:205: TRY: 36
DEBUG: src/lcthw/hashmap.c:Hashmap_get_node:205: TRY: 0
DEBUG: src/lcthw/hashmap.c:Hashmap_get_node:205: TRY: 1
DEBUG: src/lcthw/hashmap.c:Hashmap_get_node:205: TRY: 2
DEBUG: src/lcthw/hashmap.c:Hashmap_get_node:205: TRY: 3
DEBUG: src/lcthw/hashmap.c:Hashmap_get_node:205: TRY: 4
DEBUG: src/lcthw/hashmap.c:Hashmap_get_node:205: TRY: 5
DEBUG: src/lcthw/hashmap.c:Hashmap_get_node:205: TRY: 6
DEBUG: src/lcthw/hashmap.c:Hashmap_get_node:205: TRY: 7
DEBUG: src/lcthw/hashmap.c:Hashmap_get_node:205: TRY: 8
DEBUG: src/lcthw/hashmap.c:Hashmap_get_node:205: TRY: 9
DEBUG: src/lcthw/hashmap.c:Hashmap_get_node:205: TRY: 10
DEBUG: src/lcthw/hashmap.c:Hashmap_get_node:205: TRY: 11
DEBUG: src/lcthw/hashmap.c:Hashmap_get_node:205: TRY: 12
DEBUG: src/lcthw/hashmap.c:Hashmap_get_node:205: TRY: 13
DEBUG: src/lcthw/hashmap.c:Hashmap_get_node:205: TRY: 14
DEBUG: src/lcthw/hashmap.c:Hashmap_get_node:205: TRY: 15
DEBUG: src/lcthw/hashmap.c:Hashmap_get_node:205: TRY: 16
DEBUG: src/lcthw/hashmap.c:Hashmap_get_node:205: TRY: 17
DEBUG: src/lcthw/hashmap.c:Hashmap_get_node:205: TRY: 18
DEBUG: src/lcthw/hashmap.c:Hashmap_get_node:205: TRY: 19
DEBUG: src/lcthw/hashmap.c:Hashmap_get_node:205: TRY: 20
DEBUG: src/lcthw/hashmap.c:Hashmap_get_node:205: TRY: 21
DEBUG: src/lcthw/hashmap.c:Hashmap_get_node:205: TRY: 22
DEBUG: src/lcthw/hashmap.c:Hashmap_get_node:205: TRY: 23
DEBUG: src/lcthw/hashmap.c:Hashmap_get_node:205: TRY: 24
DEBUG: src/lcthw/hashmap.c:Hashmap_get_node:205: TRY: 25
DEBUG: src/lcthw/hashmap.c:Hashmap_get_node:205: TRY: 26
DEBUG: src/lcthw/hashmap.c:Hashmap_get_node:205: TRY: 27
DEBUG: src/lcthw/hashmap.c:Hashmap_get_node:205: TRY: 28
DEBUG: src/lcthw/hashmap.c:Hashmap_get_node:205: TRY: 29
DEBUG: src/lcthw/hashmap.c:Hashmap_get_node:205: TRY: 30
DEBUG: src/lcthw/hashmap.c:Hashmap_get_node:205: TRY: 31
DEBUG: src/lcthw/hashmap.c:Hashmap_get_node:205: TRY: 32
DEBUG: src/lcthw/hashmap.c:Hashmap_get_node:205: TRY: 33
DEBUG: src/lcthw/hashmap.c:Hashmap_get_node:205: TRY: 34
DEBUG: src/lcthw/hashmap.c:Hashmap_get_node:205: TRY: 35
DEBUG: src/lcthw/hashmap.c:Hashmap_get_node:205: TRY: 36
DEBUG: src/lcthw/hashmap.c:Hashmap_get_node:205: TRY: 37
DEBUG: src/lcthw/hashmap.c:Hashmap_get_node:205: TRY: 38
DEBUG: src/lcthw/hashmap.c:Hashmap_get_node:205: TRY: 39
DEBUG: src/lcthw/hashmap.c:Hashmap_get_node:205: TRY: 40
DEBUG: src/lcthw/hashmap.c:Hashmap_get_node:205: TRY: 41
DEBUG: src/lcthw/hashmap.c:Hashmap_get_node:205: TRY: 42
DEBUG: src/lcthw/hashmap.c:Hashmap_get_node:205: TRY: 43
DEBUG: src/lcthw/hashmap.c:Hashmap_get_node:205: TRY: 44
DEBUG: src/lcthw/hashmap.c:Hashmap_get_node:205: TRY: 45
DEBUG: src/lcthw/hashmap.c:Hashmap_get_node:205: TRY: 46
DEBUG: src/lcthw/hashmap.c:Hashmap_get_node:205: TRY: 47
DEBUG: src/lcthw/hashmap.c:Hashmap_get_node:205: TRY: 48
DEBUG: src/lcthw/hashmap.c:Hashmap_get_node:205: TRY: 49
DEBUG: src/lcthw/hashmap.c:Hashmap_get_node:205: TRY: 50
DEBUG: src/lcthw/hashmap.c:Hashmap_get_node:205: TRY: 51
DEBUG: src/lcthw/hashmap.c:Hashmap_get_node:205: TRY: 52
DEBUG: src/lcthw/hashmap.c:Hashmap_get_node:205: TRY: 53
DEBUG: src/lcthw/hashmap.c:Hashmap_get_node:205: TRY: 54
DEBUG: src/lcthw/hashmap.c:Hashmap_get_node:205: TRY: 0
DEBUG: src/lcthw/hashmap.c:Hashmap_get_node:205: TRY: 1
DEBUG: src/lcthw/hashmap.c:Hashmap_get_node:205: TRY: 2
DEBUG: src/lcthw/hashmap.c:Hashmap_get_node:205: TRY: 3
DEBUG: src/lcthw/hashmap.c:Hashmap_get_node:205: TRY: 4
DEBUG: src/lcthw/hashmap.c:Hashmap_get_node:205: TRY: 5
DEBUG: src/lcthw/hashmap.c:Hashmap_get_node:205: TRY: 6
DEBUG: src/lcthw/hashmap.c:Hashmap_get_node:205: TRY: 7
DEBUG: src/lcthw/hashmap.c:Hashmap_get_node:205: TRY: 8
DEBUG: src/lcthw/hashmap.c:Hashmap_get_node:205: TRY: 9
DEBUG: src/lcthw/hashmap.c:Hashmap_get_node:205: TRY: 10
DEBUG: src/lcthw/hashmap.c:Hashmap_get_node:205: TRY: 11
DEBUG: src/lcthw/hashmap.c:Hashmap_get_node:205: TRY: 12
DEBUG: src/lcthw/hashmap.c:Hashmap_get_node:205: TRY: 13
DEBUG: src/lcthw/hashmap.c:Hashmap_get_node:205: TRY: 14
DEBUG: src/lcthw/hashmap.c:Hashmap_get_node:205: TRY: 15
DEBUG: src/lcthw/hashmap.c:Hashmap_get_node:205: TRY: 16
DEBUG: src/lcthw/hashmap.c:Hashmap_get_node:205: TRY: 17
DEBUG: src/lcthw/hashmap.c:Hashmap_get_node:205: TRY: 18
DEBUG: src/lcthw/hashmap.c:Hashmap_get_node:205: TRY: 19
DEBUG: src/lcthw/hashmap.c:Hashmap_get_node:205: TRY: 20
DEBUG: src/lcthw/hashmap.c:Hashmap_get_node:205: TRY: 21
DEBUG: src/lcthw/hashmap.c:Hashmap_get_node:205: TRY: 22
DEBUG: src/lcthw/hashmap.c:Hashmap_get_node:205: TRY: 23
DEBUG: src/lcthw/hashmap.c:Hashmap_get_node:205: TRY: 24
DEBUG: src/lcthw/hashmap.c:Hashmap_get_node:205: TRY: 25
DEBUG: src/lcthw/hashmap.c:Hashmap_get_node:205: TRY: 26
DEBUG: src/lcthw/hashmap.c:Hashmap_get_node:205: TRY: 27
DEBUG: src/lcthw/hashmap.c:Hashmap_get_node:205: TRY: 28
DEBUG: src/lcthw/hashmap.c:Hashmap_get_node:205: TRY: 29
DEBUG: src/lcthw/hashmap.c:Hashmap_get_node:205: TRY: 30
DEBUG: src/lcthw/hashmap.c:Hashmap_get_node:205: TRY: 31
DEBUG: src/lcthw/hashmap.c:Hashmap_get_node:205: TRY: 32
DEBUG: src/lcthw/hashmap.c:Hashmap_get_node:205: TRY: 33
DEBUG: src/lcthw/hashmap.c:Hashmap_get_node:205: TRY: 34
DEBUG: src/lcthw/hashmap.c:Hashmap_get_node:205: TRY: 35
DEBUG: src/lcthw/hashmap.c:Hashmap_get_node:205: TRY: 36
DEBUG: src/lcthw/hashmap.c:Hashmap_get_node:205: TRY: 37
DEBUG: src/lcthw/hashmap.c:Hashmap_get_node:205: TRY: 38
DEBUG: src/lcthw/hashmap.c:Hashmap_get_node:205: TRY: 39
DEBUG: src/lcthw/hashmap.c:Hashmap_get_node:205: TRY: 40
DEBUG: src/lcthw/hashmap.c:Hashmap_get_node:205: TRY: 41
DEBUG: src/lcthw/hashmap.c:Hashmap_get_node:205: TRY: 42
DEBUG: src/lcthw/hashmap.c:Hashmap_get_node:205: TRY: 43
DEBUG: src/lcthw/hashmap.c:Hashmap_get_node:205: TRY: 44
DEBUG: src/lcthw/hashmap.c:Hashmap_get_node:205: TRY: 45
DEBUG: src/lcthw/hashmap.c:Hashmap_get_node:205: TRY: 46
DEBUG: src/lcthw/hashmap.c:Hashmap_get_node:205: TRY: 47
DEBUG: src/lcthw/hashmap.c:Hashmap_get_node:205: TRY: 48
DEBUG: src/lcthw/hashmap.c:Hashmap_get_node:205: TRY: 49
DEBUG: src/lcthw/hashmap.c:Hashmap_get_node:205: TRY: 50
DEBUG: src/lcthw/hashmap.c:Hashmap_get_node:205: TRY: 51
DEBUG: src/lcthw/hashmap.c:Hashmap_get_node:205: TRY: 52
DEBUG: src/lcthw/hashmap.c:Hashmap_get_node:205: TRY: 53
DEBUG: src/lcthw/hashmap.c:Hashmap_get_node:205: TRY: 54
DEBUG: src/lcthw/hashmap.c:Hashmap_get_node:205: TRY: 55
DEBUG: src/lcthw/hashmap.c:Hashmap_get_node:205: TRY: 0
DEBUG: src/lcthw/hashmap.c:Hashmap_get_node:205: TRY: 1
DEBUG: src/lcthw/hashmap.c:Hashmap_get_node:205: TRY: 2
DEBUG: src/lcthw/hashmap.c:Hashmap_get_node:205: TRY: 3
DEBUG: src/lcthw/hashmap.c:Hashmap_get_node:205: TRY: 4
DEBUG: src/lcthw/hashmap.c:Hashmap_get_node:205: TRY: 5
DEBUG: src/lcthw/hashmap.c:Hashmap_get_node:205: TRY: 6
DEBUG: src/lcthw/hashmap.c:Hashmap_get_node:205: TRY: 7
DEBUG: src/lcthw/hashmap.c:Hashmap_get_node:205: TRY: 8
DEBUG: src/lcthw/hashmap.c:Hashmap_get_node:205: TRY: 9
DEBUG: src/lcthw/hashmap.c:Hashmap_get_node:205: TRY: 10
DEBUG: src/lcthw/hashmap.c:Hashmap_get_node:205: TRY: 11
DEBUG: src/lcthw/hashmap.c:Hashmap_get_node:205: TRY: 12
DEBUG: src/lcthw/hashmap.c:Hashmap_get_node:205: TRY: 13
DEBUG: src/lcthw/hashmap.c:Hashmap_get_node:205: TRY: 14
DEBUG: src/lcthw/hashmap.c:Hashmap_get_node:205: TRY: 15
DEBUG: src/lcthw/hashmap.c:Hashmap_get_node:205: TRY: 16
DEBUG: src/lcthw/hashmap.c:Hashmap_get_node:205: TRY: 17
DEBUG: src/lcthw/hashmap.c:Hashmap_get_node:205: TRY: 18
DEBUG: src/lcthw/hashmap.c:Hashmap_get_node:205: TRY: 19
DEBUG: src/lcthw/hashmap.c:Hashmap_get_node:205: TRY: 20
DEBUG: src/lcthw/hashmap.c:Hashmap_get_node:205: TRY: 21
DEBUG: src/lcthw/hashmap.c:Hashmap_get_node:205: TRY: 22
DEBUG: src/lcthw/hashmap.c:Hashmap_get_node:205: TRY: 23
DEBUG: src/lcthw/hashmap.c:Hashmap_get_node:205: TRY: 24
DEBUG: src/lcthw/hashmap.c:Hashmap_get_node:205: TRY: 25
DEBUG: src/lcthw/hashmap.c:Hashmap_get_node:205: TRY: 26
DEBUG: src/lcthw/hashmap.c:Hashmap_get_node:205: TRY: 27
DEBUG: src/lcthw/hashmap.c:Hashmap_get_node:205: TRY: 28
DEBUG: src/lcthw/hashmap.c:Hashmap_get_node:205: TRY: 29
DEBUG: src/lcthw/hashmap.c:Hashmap_get_node:205: TRY: 30
DEBUG: src/lcthw/hashmap.c:Hashmap_get_node:205: TRY: 31
DEBUG: src/lcthw/hashmap.c:Hashmap_get_node:205: TRY: 32
DEBUG: src/lcthw/hashmap.c:Hashmap_get_node:205: TRY: 33
DEBUG: src/lcthw/hashmap.c:Hashmap_get_node:205: TRY: 34
DEBUG: src/lcthw/hashmap.c:Hashmap_get_node:205: TRY: 35
DEBUG: src/lcthw/hashmap.c:Hashmap_get_node:205: TRY: 36
DEBUG: src/lcthw/hashmap.c:Hashmap_get_node:205: TRY: 37
DEBUG: src/lcthw/hashmap.c:Hashmap_get_node:205: TRY: 38
DEBUG: src/lcthw/hashmap.c:Hashmap_get_node:205: TRY: 39
DEBUG: src/lcthw/hashmap.c:Hashmap_get_node:205: TRY: 40
DEBUG: src/lcthw/hashmap.c:Hashmap_get_node:205: TRY: 0
DEBUG: src/lcthw/hashmap.c:Hashmap_get_node:205: TRY: 1
DEBUG: src/lcthw/hashmap.c:Hashmap_get_node:205: TRY: 2
DEBUG: src/lcthw/hashmap.c:Hashmap_get_node:205: TRY: 3
DEBUG: src/lcthw/hashmap.c:Hashmap_get_node:205: TRY: 4
DEBUG: src/lcthw/hashmap.c:Hashmap_get_node:205: TRY: 5
DEBUG: src/lcthw/hashmap.c:Hashmap_get_node:205: TRY: 6
DEBUG: src/lcthw/hashmap.c:Hashmap_get_node:205: TRY: 7
DEBUG: src/lcthw/hashmap.c:Hashmap_get_node:205: TRY: 8
DEBUG: src/lcthw/hashmap.c:Hashmap_get_node:205: TRY: 9
DEBUG: src/lcthw/hashmap.c:Hashmap_get_node:205: TRY: 10
DEBUG: src/lcthw/hashmap.c:Hashmap_get_node:205: TRY: 11
DEBUG: src/lcthw/hashmap.c:Hashmap_get_node:205: TRY: 12
DEBUG: src/lcthw/hashmap.c:Hashmap_get_node:205: TRY: 13
DEBUG: src/lcthw/hashmap.c:Hashmap_get_node:205: TRY: 14
DEBUG: src/lcthw/hashmap.c:Hashmap_get_node:205: TRY: 15
DEBUG: src/lcthw/hashmap.c:Hashmap_get_node:205: TRY: 16
DEBUG: src/lcthw/hashmap.c:Hashmap_get_node:205: TRY: 17
DEBUG: src/lcthw/hashmap.c:Hashmap_get_node:205: TRY: 18
DEBUG: src/lcthw/hashmap.c:Hashmap_get_node:205: TRY: 19
DEBUG: src/lcthw/hashmap.c:Hashmap_get_node:205: TRY: 20
DEBUG: src/lcthw/hashmap.c:Hashmap_get_node:205: TRY: 21
DEBUG: src/lcthw/hashmap.c:Hashmap_get_node:205: TRY: 22
DEBUG: src/lcthw/hashmap.c:Hashmap_get_node:205: TRY: 23
DEBUG: src/lcthw/hashmap.c:Hashmap_get_node:205: TRY: 24
DEBUG: src/lcthw/hashmap.c:Hashmap_get_node:205: TRY: 25
DEBUG: src/lcthw/hashmap.c:Hashmap_get_node:205: TRY: 26
DEBUG: src/lcthw/hashmap.c:Hashmap_get_node:205: TRY: 27
DEBUG: src/lcthw/hashmap.c:Hashmap_get_node:205: TRY: 28
DEBUG: src/lcthw/hashmap.c:Hashmap_get_node:205: TRY: 29
DEBUG: src/lcthw/hashmap.c:Hashmap_get_node:205: TRY: 30
DEBUG: src/lcthw/hashmap.c:Hashmap_get_node:205: TRY: 31
DEBUG: src/lcthw/hashmap.c:Hashmap_get_node:205: TRY: 32
DEBUG: src/lcthw/hashmap.c:Hashmap_get_node:205: TRY: 0
DEBUG: src/lcthw/hashmap.c:Hashmap_get_node:205: TRY: 1
DEBUG: src/lcthw/hashmap.c:Hashmap_get_node:205: TRY: 2
DEBUG: src/lcthw/hashmap.c:Hashmap_get_node:205: TRY: 3
DEBUG: src/lcthw/hashmap.c:Hashmap_get_node:205: TRY: 4
DEBUG: src/lcthw/hashmap.c:Hashmap_get_node:205: TRY: 5
DEBUG: src/lcthw/hashmap.c:Hashmap_get_node:205: TRY: 6
DEBUG: src/lcthw/hashmap.c:Hashmap_get_node:205: TRY: 7
DEBUG: src/lcthw/hashmap.c:Hashmap_get_node:205: TRY: 8
DEBUG: src/lcthw/hashmap.c:Hashmap_get_node:205: TRY: 9
DEBUG: src/lcthw/hashmap.c:Hashmap_get_node:205: TRY: 10
DEBUG: src/lcthw/hashmap.c:Hashmap_get_node:205: TRY: 11
DEBUG: src/lcthw/hashmap.c:Hashmap_get_node:205: TRY: 12
DEBUG: src/lcthw/hashmap.c:Hashmap_get_node:205: TRY: 13
DEBUG: src/lcthw/hashmap.c:Hashmap_get_node:205: TRY: 14
DEBUG: src/lcthw/hashmap.c:Hashmap_get_node:205: TRY: 15
DEBUG: src/lcthw/hashmap.c:Hashmap_get_node:205: TRY: 16
DEBUG: src/lcthw/hashmap.c:Hashmap_get_node:205: TRY: 17
DEBUG: src/lcthw/hashmap.c:Hashmap_get_node:205: TRY: 18
DEBUG: src/lcthw/hashmap.c:Hashmap_get_node:205: TRY: 19
DEBUG: src/lcthw/hashmap.c:Hashmap_get_node:205: TRY: 20
DEBUG: src/lcthw/hashmap.c:Hashmap_get_node:205: TRY: 21
DEBUG: src/lcthw/hashmap.c:Hashmap_get_node:205: TRY: 22
DEBUG: src/lcthw/hashmap.c:Hashmap_get_node:205: TRY: 23
DEBUG: src/lcthw/hashmap.c:Hashmap_get_node:205: TRY: 24
DEBUG: src/lcthw/hashmap.c:Hashmap_get_node:205: TRY: 25
DEBUG: src/lcthw/hashmap.c:Hashmap_get_node:205: TRY: 26
DEBUG: src/lcthw/hashmap.c:Hashmap_get_node:205: TRY: 27
DEBUG: src/lcthw/hashmap.c:Hashmap_get_node:205: TRY: 28
DEBUG: src/lcthw/hashmap.c:Hashmap_get_node:205: TRY: 29
DEBUG: src/lcthw/hashmap.c:Hashmap_get_node:205: TRY: 30
DEBUG: src/lcthw/hashmap.c:Hashmap_get_node:205: TRY: 0
DEBUG: src/lcthw/hashmap.c:Hashmap_get_node:205: TRY: 1
DEBUG: src/lcthw/hashmap.c:Hashmap_get_node:205: TRY: 2
DEBUG: src/lcthw/hashmap.c:Hashmap_get_node:205: TRY: 3
DEBUG: src/lcthw/hashmap.c:Hashmap_get_node:205: TRY: 4
DEBUG: src/lcthw/hashmap.c:Hashmap_get_node:205: TRY: 5
DEBUG: src/lcthw/hashmap.c:Hashmap_get_node:205: TRY: 6
DEBUG: src/lcthw/hashmap.c:Hashmap_get_node:205: TRY: 7
DEBUG: src/lcthw/hashmap.c:Hashmap_get_node:205: TRY: 8
DEBUG: src/lcthw/hashmap.c:Hashmap_get_node:205: TRY: 9
DEBUG: src/lcthw/hashmap.c:Hashmap_get_node:205: TRY: 10
DEBUG: src/lcthw/hashmap.c:Hashmap_get_node:205: TRY: 11
DEBUG: src/lcthw/hashmap.c:Hashmap_get_node:205: TRY: 12
DEBUG: src/lcthw/hashmap.c:Hashmap_get_node:205: TRY: 13
DEBUG: src/lcthw/hashmap.c:Hashmap_get_node:205: TRY: 14
DEBUG: src/lcthw/hashmap.c:Hashmap_get_node:205: TRY: 15
DEBUG: src/lcthw/hashmap.c:Hashmap_get_node:205: TRY: 16
DEBUG: src/lcthw/hashmap.c:Hashmap_get_node:205: TRY: 17
DEBUG: src/lcthw/hashmap.c:Hashmap_get_node:205: TRY: 18
DEBUG: src/lcthw/hashmap.c:Hashmap_get_node:205: TRY: 19
DEBUG: src/lcthw/hashmap.c:Hashmap_get_node:205: TRY: 20
DEBUG: src/lcthw/hashmap.c:Hashmap_get_node:205: TRY: 21
DEBUG: src/lcthw/hashmap.c:Hashmap_get_node:205: TRY: 22
DEBUG: src/lcthw/hashmap.c:Hashmap_get_node:205: TRY: 23
DEBUG: src/lcthw/hashmap.c:Hashmap_get_node:205: TRY: 24
DEBUG: src/lcthw/hashmap.c:Hashmap_get_node:205: TRY: 25
DEBUG: src/lcthw/hashmap.c:Hashmap_get_node:205: TRY: 26
DEBUG: src/lcthw/hashmap.c:Hashmap_get_node:205: TRY: 27
DEBUG: src/lcthw/hashmap.c:Hashmap_get_node:205: TRY: 28
DEBUG: src/lcthw/hashmap.c:Hashmap_get_node:205: TRY: 29
DEBUG: src/lcthw/hashmap.c:Hashmap_get_node:205: TRY: 30
DEBUG: src/lcthw/hashmap.c:Hashmap_get_node:205: TRY: 31
DEBUG: src/lcthw/hashmap.c:Hashmap_get_node:205: TRY: 32
DEBUG: src/lcthw/hashmap.c:Hashmap_get_node:205: TRY: 33
DEBUG: src/lcthw/hashmap.c:Hashmap_get_node:205: TRY: 34
DEBUG: src/lcthw/hashmap.c:Hashmap_get_node:205: TRY: 35
DEBUG: src/lcthw/hashmap.c:Hashmap_get_node:205: TRY: 36
DEBUG: src/lcthw/hashmap.c:Hashmap_get_node:205: TRY: 37
DEBUG: src/lcthw/hashmap.c:Hashmap_get_node:205: TRY: 0
DEBUG: src/lcthw/hashmap.c:Hashmap_get_node:205: TRY: 1
DEBUG: src/lcthw/hashmap.c:Hashmap_get_node:205: TRY: 2
DEBUG: src/lcthw/hashmap.c:Hashmap_get_node:205: TRY: 3
DEBUG: src/lcthw/hashmap.c:Hashmap_get_node:205: TRY: 4
DEBUG: src/lcthw/hashmap.c:Hashmap_get_node:205: TRY: 5
DEBUG: src/lcthw/hashmap.c:Hashmap_get_node:205: TRY: 6
DEBUG: src/lcthw/hashmap.c:Hashmap_get_node:205: TRY: 7
DEBUG: src/lcthw/hashmap.c:Hashmap_get_node:205: TRY: 8
DEBUG: src/lcthw/hashmap.c:Hashmap_get_node:205: TRY: 9
DEBUG: src/lcthw/hashmap.c:Hashmap_get_node:205: TRY: 10
DEBUG: src/lcthw/hashmap.c:Hashmap_get_node:205: TRY: 11
DEBUG: src/lcthw/hashmap.c:Hashmap_get_node:205: TRY: 12
DEBUG: src/lcthw/hashmap.c:Hashmap_get_node:205: TRY: 13
DEBUG: src/lcthw/hashmap.c:Hashmap_get_node:205: TRY: 14
DEBUG: src/lcthw/hashmap.c:Hashmap_get_node:205: TRY: 15
DEBUG: src/lcthw/hashmap.c:Hashmap_get_node:205: TRY: 16
DEBUG: src/lcthw/hashmap.c:Hashmap_get_node:205: TRY: 17
DEBUG: src/lcthw/hashmap.c:Hashmap_get_node:205: TRY: 18
DEBUG: src/lcthw/hashmap.c:Hashmap_get_node:205: TRY: 19
DEBUG: src/lcthw/hashmap.c:Hashmap_get_node:205: TRY: 20
DEBUG: src/lcthw/hashmap.c:Hashmap_get_node:205: TRY: 21
DEBUG: src/lcthw/hashmap.c:Hashmap_get_node:205: TRY: 22
DEBUG: src/lcthw/hashmap.c:Hashmap_get_node:205: TRY: 23
DEBUG: src/lcthw/hashmap.c:Hashmap_get_node:205: TRY: 24
DEBUG: src/lcthw/hashmap.c:Hashmap_get_node:205: TRY: 25
DEBUG: src/lcthw/hashmap.c:Hashmap_get_node:205: TRY: 0
DEBUG: src/lcthw/hashmap.c:Hashmap_get_node:205: TRY: 1
DEBUG: src/lcthw/hashmap.c:Hashmap_get_node:205: TRY: 2
DEBUG: src/lcthw/hashmap.c:Hashmap_get_node:205: TRY: 3
DEBUG: src/lcthw/hashmap.c:Hashmap_get_node:205: TRY: 4
DEBUG: src/lcthw/hashmap.c:Hashmap_get_node:205: TRY: 5
DEBUG: src/lcthw/hashmap.c:Hashmap_get_node:205: TRY: 6
DEBUG: src/lcthw/hashmap.c:Hashmap_get_node:205: TRY: 7
DEBUG: src/lcthw/hashmap.c:Hashmap_get_node:205: TRY: 8
DEBUG: src/lcthw/hashmap.c:Hashmap_get_node:205: TRY: 9
DEBUG: src/lcthw/hashmap.c:Hashmap_get_node:205: TRY: 10
DEBUG: src/lcthw/hashmap.c:Hashmap_get_node:205: TRY: 11
DEBUG: src/lcthw/hashmap.c:Hashmap_get_node:205: TRY: 12
DEBUG: src/lcthw/hashmap.c:Hashmap_get_node:205: TRY: 13
DEBUG: src/lcthw/hashmap.c:Hashmap_get_node:205: TRY: 14
DEBUG: src/lcthw/hashmap.c:Hashmap_get_node:205: TRY: 15
DEBUG: src/lcthw/hashmap.c:Hashmap_get_node:205: TRY: 16
DEBUG: src/lcthw/hashmap.c:Hashmap_get_node:205: TRY: 17
DEBUG: src/lcthw/hashmap.c:Hashmap_get_node:205: TRY: 18
DEBUG: src/lcthw/hashmap.c:Hashmap_get_node:205: TRY: 19
DEBUG: src/lcthw/hashmap.c:Hashmap_get_node:205: TRY: 20
DEBUG: src/lcthw/hashmap.c:Hashmap_get_node:205: TRY: 21
DEBUG: src/lcthw/hashmap.c:Hashmap_get_node:205: TRY: 22
DEBUG: src/lcthw/hashmap.c:Hashmap_get_node:205: TRY: 23
DEBUG: src/lcthw/hashmap.c:Hashmap_get_node:205: TRY: 24
DEBUG: src/lcthw/hashmap.c:Hashmap_get_node:205: TRY: 25
DEBUG: src/lcthw/hashmap.c:Hashmap_get_node:205: TRY: 26
DEBUG: src/lcthw/hashmap.c:Hashmap_get_node:205: TRY: 27
DEBUG: src/lcthw/hashmap.c:Hashmap_get_node:205: TRY: 28
DEBUG: src/lcthw/hashmap.c:Hashmap_get_node:205: TRY: 29
DEBUG: src/lcthw/hashmap.c:Hashmap_get_node:205: TRY: 30
DEBUG: src/lcthw/hashmap.c:Hashmap_get_node:205: TRY: 31
DEBUG: src/lcthw/hashmap.c:Hashmap_get_node:205: TRY: 32
DEBUG: src/lcthw/hashmap.c:Hashmap_get_node:205: TRY: 33
DEBUG: src/lcthw/hashmap.c:Hashmap_get_node:205: TRY: 34
DEBUG: src/lcthw/hashmap.c:Hashmap_get_node:205: TRY: 35
DEBUG: src/lcthw/hashmap.c:Hashmap_get_node:205: TRY: 36
DEBUG: src/lcthw/hashmap.c:Hashmap_get_node:205: TRY: 0
DEBUG: src/lcthw/hashmap.c:Hashmap_get_node:205: TRY: 1
DEBUG: src/lcthw/hashmap.c:Hashmap_get_node:205: TRY: 2
DEBUG: src/lcthw/hashmap.c:Hashmap_get_node:205: TRY: 3
DEBUG: src/lcthw/hashmap.c:Hashmap_get_node:205: TRY: 4
DEBUG: src/lcthw/hashmap.c:Hashmap_get_node:205: TRY: 5
DEBUG: src/lcthw/hashmap.c:Hashmap_get_node:205: TRY: 6
DEBUG: src/lcthw/hashmap.c:Hashmap_get_node:205: TRY: 7
DEBUG: src/lcthw/hashmap.c:Hashmap_get_node:205: TRY: 8
DEBUG: src/lcthw/hashmap.c:Hashmap_get_node:205: TRY: 9
DEBUG: src/lcthw/hashmap.c:Hashmap_get_node:205: TRY: 10
DEBUG: src/lcthw/hashmap.c:Hashmap_get_node:205: TRY: 11
DEBUG: src/lcthw/hashmap.c:Hashmap_get_node:205: TRY: 12
DEBUG: src/lcthw/hashmap.c:Hashmap_get_node:205: TRY: 13
DEBUG: src/lcthw/hashmap.c:Hashmap_get_node:205: TRY: 14
DEBUG: src/lcthw/hashmap.c:Hashmap_get_node:205: TRY: 15
DEBUG: src/lcthw/hashmap.c:Hashmap_get_node:205: TRY: 16
DEBUG: src/lcthw/hashmap.c:Hashmap_get_node:205: TRY: 17
DEBUG: src/lcthw/hashmap.c:Hashmap_get_node:205: TRY: 18
DEBUG: src/lcthw/hashmap.c:Hashmap_get_node:205: TRY: 19
DEBUG: src/lcthw/hashmap.c:Hashmap_get_node:205: TRY: 20
DEBUG: src/lcthw/hashmap.c:Hashmap_get_node:205: TRY: 21
DEBUG: src/lcthw/hashmap.c:Hashmap_get_node:205: TRY: 22
DEBUG: src/lcthw/hashmap.c:Hashmap_get_node:205: TRY: 23
DEBUG: src/lcthw/hashmap.c:Hashmap_get_node:205: TRY: 24
DEBUG: src/lcthw/hashmap.c:Hashmap_get_node:205: TRY: 25
DEBUG: src/lcthw/hashmap.c:Hashmap_get_node:205: TRY: 26
DEBUG: src/lcthw/hashmap.c:Hashmap_get_node:205: TRY: 27
DEBUG: src/lcthw/hashmap.c:Hashmap_get_node:205: TRY: 28
DEBUG: src/lcthw/hashmap.c:Hashmap_get_node:205: TRY: 29
DEBUG: src/lcthw/hashmap.c:Hashmap_get_node:205: TRY: 30
DEBUG: src/lcthw/hashmap.c:Hashmap_get_node:205: TRY: 31
DEBUG: src/lcthw/hashmap.c:Hashmap_get_node:205: TRY: 32
DEBUG: src/lcthw/hashmap.c:Hashmap_get_node:205: TRY: 33
DEBUG: src/lcthw/hashmap.c:Hashmap_get_node:205: TRY: 34
DEBUG: src/lcthw/hashmap.c:Hashmap_get_node:205: TRY: 35
DEBUG: src/lcthw/hashmap.c:Hashmap_get_node:205: TRY: 36
DEBUG: src/lcthw/hashmap.c:Hashmap_get_node:205: TRY: 37
DEBUG: src/lcthw/hashmap.c:Hashmap_get_node:205: TRY: 38
DEBUG: src/lcthw/hashmap.c:Hashmap_get_node:205: TRY: 39
DEBUG: src/lcthw/hashmap.c:Hashmap_get_node:205: TRY: 40
DEBUG: src/lcthw/hashmap.c:Hashmap_get_node:205: TRY: 41
DEBUG: src/lcthw/hashmap.c:Hashmap_get_node:205: TRY: 0
DEBUG: src/lcthw/hashmap.c:Hashmap_get_node:205: TRY: 1
DEBUG: src/lcthw/hashmap.c:Hashmap_get_node:205: TRY: 2
DEBUG: src/lcthw/hashmap.c:Hashmap_get_node:205: TRY: 3
DEBUG: src/lcthw/hashmap.c:Hashmap_get_node:205: TRY: 4
DEBUG: src/lcthw/hashmap.c:Hashmap_get_node:205: TRY: 5
DEBUG: src/lcthw/hashmap.c:Hashmap_get_node:205: TRY: 6
DEBUG: src/lcthw/hashmap.c:Hashmap_get_node:205: TRY: 7
DEBUG: src/lcthw/hashmap.c:Hashmap_get_node:205: TRY: 8
DEBUG: src/lcthw/hashmap.c:Hashmap_get_node:205: TRY: 9
DEBUG: src/lcthw/hashmap.c:Hashmap_get_node:205: TRY: 10
DEBUG: src/lcthw/hashmap.c:Hashmap_get_node:205: TRY: 11
DEBUG: src/lcthw/hashmap.c:Hashmap_get_node:205: TRY: 12
DEBUG: src/lcthw/hashmap.c:Hashmap_get_node:205: TRY: 13
DEBUG: src/lcthw/hashmap.c:Hashmap_get_node:205: TRY: 14
DEBUG: src/lcthw/hashmap.c:Hashmap_get_node:205: TRY: 15
DEBUG: src/lcthw/hashmap.c:Hashmap_get_node:205: TRY: 16
DEBUG: src/lcthw/hashmap.c:Hashmap_get_node:205: TRY: 17
DEBUG: src/lcthw/hashmap.c:Hashmap_get_node:205: TRY: 18
DEBUG: src/lcthw/hashmap.c:Hashmap_get_node:205: TRY: 19
DEBUG: src/lcthw/hashmap.c:Hashmap_get_node:205: TRY: 20
DEBUG: src/lcthw/hashmap.c:Hashmap_get_node:205: TRY: 21
DEBUG: src/lcthw/hashmap.c:Hashmap_get_node:205: TRY: 22
DEBUG: src/lcthw/hashmap.c:Hashmap_get_node:205: TRY: 23
DEBUG: src/lcthw/hashmap.c:Hashmap_get_node:205: TRY: 24
DEBUG: src/lcthw/hashmap.c:Hashmap_get_node:205: TRY: 25
DEBUG: src/lcthw/hashmap.c:Hashmap_get_node:205: TRY: 26
DEBUG: src/lcthw/hashmap.c:Hashmap_get_node:205: TRY: 0
DEBUG: src/lcthw/hashmap.c:Hashmap_get_node:205: TRY: 1
DEBUG: src/lcthw/hashmap.c:Hashmap_get_node:205: TRY: 2
DEBUG: src/lcthw/hashmap.c:Hashmap_get_node:205: TRY: 3
DEBUG: src/lcthw/hashmap.c:Hashmap_get_node:205: TRY: 4
DEBUG: src/lcthw/hashmap.c:Hashmap_get_node:205: TRY: 5
DEBUG: src/lcthw/hashmap.c:Hashmap_get_node:205: TRY: 6
DEBUG: src/lcthw/hashmap.c:Hashmap_get_node:205: TRY: 7
DEBUG: src/lcthw/hashmap.c:Hashmap_get_node:205: TRY: 8
DEBUG: src/lcthw/hashmap.c:Hashmap_get_node:205: TRY: 9
DEBUG: src/lcthw/hashmap.c:Hashmap_get_node:205: TRY: 10
DEBUG: src/lcthw/hashmap.c:Hashmap_get_node:205: TRY: 11
DEBUG: src/lcthw/hashmap.c:Hashmap_get_node:205: TRY: 12
DEBUG: src/lcthw/hashmap.c:Hashmap_get_node:205: TRY: 13
DEBUG: src/lcthw/hashmap.c:Hashmap_get_node:205: TRY: 14
DEBUG: src/lcthw/hashmap.c:Hashmap_get_node:205: TRY: 15
DEBUG: src/lcthw/hashmap.c:Hashmap_get_node:205: TRY: 16
DEBUG: src/lcthw/hashmap.c:Hashmap_get_node:205: TRY: 17
DEBUG: src/lcthw/hashmap.c:Hashmap_get_node:205: TRY: 18
DEBUG: src/lcthw/hashmap.c:Hashmap_get_node:205: TRY: 19
DEBUG: src/lcthw/hashmap.c:Hashmap_get_node:205: TRY: 20
DEBUG: src/lcthw/hashmap.c:Hashmap_get_node:205: TRY: 21
DEBUG: src/lcthw/hashmap.c:Hashmap_get_node:205: TRY: 22
DEBUG: src/lcthw/hashmap.c:Hashmap_get_node:205: TRY: 23
DEBUG: src/lcthw/hashmap.c:Hashmap_get_node:205: TRY: 24
DEBUG: src/lcthw/hashmap.c:Hashmap_get_node:205: TRY: 25
DEBUG: src/lcthw/hashmap.c:Hashmap_get_node:205: TRY: 26
DEBUG: src/lcthw/hashmap.c:Hashmap_get_node:205: TRY: 27
DEBUG: src/lcthw/hashmap.c:Hashmap_get_node:205: TRY: 28
DEBUG: src/lcthw/hashmap.c:Hashmap_get_node:205: TRY: 29
DEBUG: src/lcthw/hashmap.c:Hashmap_get_node:205: TRY: 30
DEBUG: src/lcthw/hashmap.c:Hashmap_get_node:205: TRY: 31
DEBUG: src/lcthw/hashmap.c:Hashmap_get_node:205: TRY: 32
DEBUG: src/lcthw/hashmap.c:Hashmap_get_node:205: TRY: 33
DEBUG: src/lcthw/hashmap.c:Hashmap_get_node:205: TRY: 34
DEBUG: src/lcthw/hashmap.c:Hashmap_get_node:205: TRY: 35
DEBUG: src/lcthw/hashmap.c:Hashmap_get_node:205: TRY: 36
DEBUG: src/lcthw/hashmap.c:Hashmap_get_node:205: TRY: 37
DEBUG: src/lcthw/hashmap.c:Hashmap_get_node:205: TRY: 38
DEBUG: src/lcthw/hashmap.c:Hashmap_get_node:205: TRY: 39
DEBUG: src/lcthw/hashmap.c:Hashmap_get_node:205: TRY: 40
DEBUG: src/lcthw/hashmap.c:Hashmap_get_node:205: TRY: 41
DEBUG: src/lcthw/hashmap.c:Hashmap_get_node:205: TRY: 42
DEBUG: src/lcthw/hashmap.c:Hashmap_get_node:205: TRY: 43
DEBUG: src/lcthw/hashmap.c:Hashmap_get_node:205: TRY: 44
DEBUG: src/lcthw/hashmap.c:Hashmap_get_node:205: TRY: 45
DEBUG: src/lcthw/hashmap.c:Hashmap_get_node:205: TRY: 46
DEBUG: src/lcthw/hashmap.c:Hashmap_get_node:205: TRY: 47
DEBUG: src/lcthw/hashmap.c:Hashmap_get_node:205: TRY: 48
DEBUG: src/lcthw/hashmap.c:Hashmap_get_node:205: TRY: 49
DEBUG: src/lcthw/hashmap.c:Hashmap_get_node:205: TRY: 50
DEBUG: src/lcthw/hashmap.c:Hashmap_get_node:205: TRY: 51
DEBUG: src/lcthw/hashmap.c:Hashmap_get_node:205: TRY: 52
DEBUG: src/lcthw/hashmap.c:Hashmap_get_node:205: TRY: 53
DEBUG: src/lcthw/hashmap.c:Hashmap_get_node:205: TRY: 54
DEBUG: src/lcthw/hashmap.c:Hashmap_get_node:205: TRY: 55
DEBUG: src/lcthw/hashmap.c:Hashmap_get_node:205: TRY: 56
DEBUG: src/lcthw/hashmap.c:Hashmap_get_node:205: TRY: 0
DEBUG: src/lcthw/hashmap.c:Hashmap_get_node:205: TRY: 1
DEBUG: src/lcthw/hashmap.c:Hashmap_get_node:205: TRY: 2
DEBUG: src/lcthw/hashmap.c:Hashmap_get_node:205: TRY: 3
DEBUG: src/lcthw/hashmap.c:Hashmap_get_node:205: TRY: 4
DEBUG: src/lcthw/hashmap.c:Hashmap_get_node:205: TRY: 5
DEBUG: src/lcthw/hashmap.c:Hashmap_get_node:205: TRY: 6
DEBUG: src/lcthw/hashmap.c:Hashmap_get_node:205: TRY: 7
DEBUG: src/lcthw/hashmap.c:Hashmap_get_node:205: TRY: 8
DEBUG: src/lcthw/hashmap.c:Hashmap_get_node:205: TRY: 9
DEBUG: src/lcthw/hashmap.c:Hashmap_get_node:205: TRY: 10
DEBUG: src/lcthw/hashmap.c:Hashmap_get_node:205: TRY: 11
DEBUG: src/lcthw/hashmap.c:Hashmap_get_node:205: TRY: 12
DEBUG: src/lcthw/hashmap.c:Hashmap_get_node:205: TRY: 13
DEBUG: src/lcthw/hashmap.c:Hashmap_get_node:205: TRY: 14
DEBUG: src/lcthw/hashmap.c:Hashmap_get_node:205: TRY: 15
DEBUG: src/lcthw/hashmap.c:Hashmap_get_node:205: TRY: 16
DEBUG: src/lcthw/hashmap.c:Hashmap_get_node:205: TRY: 17
DEBUG: src/lcthw/hashmap.c:Hashmap_get_node:205: TRY: 18
DEBUG: src/lcthw/hashmap.c:Hashmap_get_node:205: TRY: 19
DEBUG: src/lcthw/hashmap.c:Hashmap_get_node:205: TRY: 20
DEBUG: src/lcthw/hashmap.c:Hashmap_get_node:205: TRY: 21
DEBUG: src/lcthw/hashmap.c:Hashmap_get_node:205: TRY: 22
DEBUG: src/lcthw/hashmap.c:Hashmap_get_node:205: TRY: 23
DEBUG: src/lcthw/hashmap.c:Hashmap_get_node:205: TRY: 24
DEBUG: src/lcthw/hashmap.c:Hashmap_get_node:205: TRY: 25
DEBUG: src/lcthw/hashmap.c:Hashmap_get_node:205: TRY: 26
DEBUG: src/lcthw/hashmap.c:Hashmap_get_node:205: TRY: 27
DEBUG: src/lcthw/hashmap.c:Hashmap_get_node:205: TRY: 28
DEBUG: src/lcthw/hashmap.c:Hashmap_get_node:205: TRY: 29
DEBUG: src/lcthw/hashmap.c:Hashmap_get_node:205: TRY: 30
DEBUG: src/lcthw/hashmap.c:Hashmap_get_node:205: TRY: 31
DEBUG: src/lcthw/hashmap.c:Hashmap_get_node:205: TRY: 32
DEBUG: src/lcthw/hashmap.c:Hashmap_get_node:205: TRY: 33
DEBUG: src/lcthw/hashmap.c:Hashmap_get_node:205: TRY: 0
DEBUG: src/lcthw/hashmap.c:Hashmap_get_node:205: TRY: 1
DEBUG: src/lcthw/hashmap.c:Hashmap_get_node:205: TRY: 2
DEBUG: src/lcthw/hashmap.c:Hashmap_get_node:205: TRY: 3
DEBUG: src/lcthw/hashmap.c:Hashmap_get_node:205: TRY: 4
DEBUG: src/lcthw/hashmap.c:Hashmap_get_node:205: TRY: 5
DEBUG: src/lcthw/hashmap.c:Hashmap_get_node:205: TRY: 6
DEBUG: src/lcthw/hashmap.c:Hashmap_get_node:205: TRY: 7
DEBUG: src/lcthw/hashmap.c:Hashmap_get_node:205: TRY: 8
DEBUG: src/lcthw/hashmap.c:Hashmap_get_node:205: TRY: 9
DEBUG: src/lcthw/hashmap.c:Hashmap_get_node:205: TRY: 10
DEBUG: src/lcthw/hashmap.c:Hashmap_get_node:205: TRY: 11
DEBUG: src/lcthw/hashmap.c:Hashmap_get_node:205: TRY: 12
DEBUG: src/lcthw/hashmap.c:Hashmap_get_node:205: TRY: 13
DEBUG: src/lcthw/hashmap.c:Hashmap_get_node:205: TRY: 14
DEBUG: src/lcthw/hashmap.c:Hashmap_get_node:205: TRY: 15
DEBUG: src/lcthw/hashmap.c:Hashmap_get_node:205: TRY: 16
DEBUG: src/lcthw/hashmap.c:Hashmap_get_node:205: TRY: 17
DEBUG: src/lcthw/hashmap.c:Hashmap_get_node:205: TRY: 18
DEBUG: src/lcthw/hashmap.c:Hashmap_get_node:205: TRY: 19
DEBUG: src/lcthw/hashmap.c:Hashmap_get_node:205: TRY: 20
DEBUG: src/lcthw/hashmap.c:Hashmap_get_node:205: TRY: 21
DEBUG: src/lcthw/hashmap.c:Hashmap_get_node:205: TRY: 22
DEBUG: src/lcthw/hashmap.c:Hashmap_get_node:205: TRY: 23
DEBUG: src/lcthw/hashmap.c:Hashmap_get_node:205: TRY: 24
DEBUG: src/lcthw/hashmap.c:Hashmap_get_node:205: TRY: 25
DEBUG: src/lcthw/hashmap.c:Hashmap_get_node:205: TRY: 26
DEBUG: src/lcthw/hashmap.c:Hashmap_get_node:205: TRY: 27
DEBUG: src/lcthw/hashmap.c:Hashmap_get_node:205: TRY: 28
DEBUG: src/lcthw/hashmap.c:Hashmap_get_node:205: TRY: 29
DEBUG: src/lcthw/hashmap.c:Hashmap_get_node:205: TRY: 30
DEBUG: src/lcthw/hashmap.c:Hashmap_get_node:205: TRY: 31
DEBUG: src/lcthw/hashmap.c:Hashmap_get_node:205: TRY: 32
DEBUG: src/lcthw/hashmap.c:Hashmap_get_node:205: TRY: 33
DEBUG: src/lcthw/hashmap.c:Hashmap_get_node:205: TRY: 34
DEBUG: src/lcthw/hashmap.c:Hashmap_get_node:205: TRY: 35
DEBUG: src/lcthw/hashmap.c:Hashmap_get_node:205: TRY: 36
DEBUG: src/lcthw/hashmap.c:Hashmap_get_node:205: TRY: 37
DEBUG: src/lcthw/hashmap.c:Hashmap_get_node:205: TRY: 38
DEBUG: src/lcthw/hashmap.c:Hashmap_get_node:205: TRY: 39
DEBUG: src/lcthw/hashmap.c:Hashmap_get_node:205: TRY: 40
DEBUG: src/lcthw/hashmap.c:Hashmap_get_node:205: TRY: 41
DEBUG: src/lcthw/hashmap.c:Hashmap_get_node:205: TRY: 42
DEBUG: src/lcthw/hashmap.c:Hashmap_get_node:205: TRY: 43
DEBUG: src/lcthw/hashmap.c:Hashmap_get_node:205: TRY: 44
DEBUG: src/lcthw/hashmap.c:Hashmap_get_node:205: TRY: 45
DEBUG: src/lcthw/hashmap.c:Hashmap_get_node:205: TRY: 46
DEBUG: src/lcthw/hashmap.c:Hashmap_get_node:205: TRY: 47
DEBUG: src/lcthw/hashmap.c:Hashmap_get_node:205: TRY: 48
DEBUG: src/lcthw/hashmap.c:Hashmap_get_node:205: TRY: 49
DEBUG: src/lcthw/hashmap.c:Hashmap_get_node:205: TRY: 50
DEBUG: src/lcthw/hashmap.c:Hashmap_get_node:205: TRY: 51
DEBUG: src/lcthw/hashmap.c:Hashmap_get_node:205: TRY: 52
DEBUG: src/lcthw/hashmap.c:Hashmap_get_node:205: TRY: 53
DEBUG: src/lcthw/hashmap.c:Hashmap_get_node:205: TRY: 54
DEBUG: src/lcthw/hashmap.c:Hashmap_get_node:205: TRY: 55
DEBUG: src/lcthw/hashmap.c:Hashmap_get_node:205: TRY: 56
DEBUG: src/lcthw/hashmap.c:Hashmap_get_node:205: TRY: 57
DEBUG: src/lcthw/hashmap.c:Hashmap_get_node:205: TRY: 0
DEBUG: src/lcthw/hashmap.c:Hashmap_get_node:205: TRY: 1
DEBUG: src/lcthw/hashmap.c:Hashmap_get_node:205: TRY: 2
DEBUG: src/lcthw/hashmap.c:Hashmap_get_node:205: TRY: 3
DEBUG: src/lcthw/hashmap.c:Hashmap_get_node:205: TRY: 4
DEBUG: src/lcthw/hashmap.c:Hashmap_get_node:205: TRY: 5
DEBUG: src/lcthw/hashmap.c:Hashmap_get_node:205: TRY: 6
DEBUG: src/lcthw/hashmap.c:Hashmap_get_node:205: TRY: 7
DEBUG: src/lcthw/hashmap.c:Hashmap_get_node:205: TRY: 8
DEBUG: src/lcthw/hashmap.c:Hashmap_get_node:205: TRY: 9
DEBUG: src/lcthw/hashmap.c:Hashmap_get_node:205: TRY: 10
DEBUG: src/lcthw/hashmap.c:Hashmap_get_node:205: TRY: 11
DEBUG: src/lcthw/hashmap.c:Hashmap_get_node:205: TRY: 12
DEBUG: src/lcthw/hashmap.c:Hashmap_get_node:205: TRY: 13
DEBUG: src/lcthw/hashmap.c:Hashmap_get_node:205: TRY: 14
DEBUG: src/lcthw/hashmap.c:Hashmap_get_node:205: TRY: 15
DEBUG: src/lcthw/hashmap.c:Hashmap_get_node:205: TRY: 16
DEBUG: src/lcthw/hashmap.c:Hashmap_get_node:205: TRY: 17
DEBUG: src/lcthw/hashmap.c:Hashmap_get_node:205: TRY: 18
DEBUG: src/lcthw/hashmap.c:Hashmap_get_node:205: TRY: 19
DEBUG: src/lcthw/hashmap.c:Hashmap_get_node:205: TRY: 20
DEBUG: src/lcthw/hashmap.c:Hashmap_get_node:205: TRY: 21
DEBUG: src/lcthw/hashmap.c:Hashmap_get_node:205: TRY: 22
DEBUG: src/lcthw/hashmap.c:Hashmap_get_node:205: TRY: 23
DEBUG: src/lcthw/hashmap.c:Hashmap_get_node:205: TRY: 24
DEBUG: src/lcthw/hashmap.c:Hashmap_get_node:205: TRY: 25
DEBUG: src/lcthw/hashmap.c:Hashmap_get_node:205: TRY: 26
DEBUG: src/lcthw/hashmap.c:Hashmap_get_node:205: TRY: 27
DEBUG: src/lcthw/hashmap.c:Hashmap_get_node:205: TRY: 28
DEBUG: src/lcthw/hashmap.c:Hashmap_get_node:205: TRY: 29
DEBUG: src/lcthw/hashmap.c:Hashmap_get_node:205: TRY: 30
DEBUG: src/lcthw/hashmap.c:Hashmap_get_node:205: TRY: 31
DEBUG: src/lcthw/hashmap.c:Hashmap_get_node:205: TRY: 32
DEBUG: src/lcthw/hashmap.c:Hashmap_get_node:205: TRY: 33
DEBUG: src/lcthw/hashmap.c:Hashmap_get_node:205: TRY: 0
DEBUG: src/lcthw/hashmap.c:Hashmap_get_node:205: TRY: 1
DEBUG: src/lcthw/hashmap.c:Hashmap_get_node:205: TRY: 2
DEBUG: src/lcthw/hashmap.c:Hashmap_get_node:205: TRY: 3
DEBUG: src/lcthw/hashmap.c:Hashmap_get_node:205: TRY: 4
DEBUG: src/lcthw/hashmap.c:Hashmap_get_node:205: TRY: 5
DEBUG: src/lcthw/hashmap.c:Hashmap_get_node:205: TRY: 6
DEBUG: src/lcthw/hashmap.c:Hashmap_get_node:205: TRY: 7
DEBUG: src/lcthw/hashmap.c:Hashmap_get_node:205: TRY: 8
DEBUG: src/lcthw/hashmap.c:Hashmap_get_node:205: TRY: 9
DEBUG: src/lcthw/hashmap.c:Hashmap_get_node:205: TRY: 10
DEBUG: src/lcthw/hashmap.c:Hashmap_get_node:205: TRY: 11
DEBUG: src/lcthw/hashmap.c:Hashmap_get_node:205: TRY: 12
DEBUG: src/lcthw/hashmap.c:Hashmap_get_node:205: TRY: 13
DEBUG: src/lcthw/hashmap.c:Hashmap_get_node:205: TRY: 14
DEBUG: src/lcthw/hashmap.c:Hashmap_get_node:205: TRY: 15
DEBUG: src/lcthw/hashmap.c:Hashmap_get_node:205: TRY: 16
DEBUG: src/lcthw/hashmap.c:Hashmap_get_node:205: TRY: 17
DEBUG: src/lcthw/hashmap.c:Hashmap_get_node:205: TRY: 18
DEBUG: src/lcthw/hashmap.c:Hashmap_get_node:205: TRY: 19
DEBUG: src/lcthw/hashmap.c:Hashmap_get_node:205: TRY: 20
DEBUG: src/lcthw/hashmap.c:Hashmap_get_node:205: TRY: 21
DEBUG: src/lcthw/hashmap.c:Hashmap_get_node:205: TRY: 22
DEBUG: src/lcthw/hashmap.c:Hashmap_get_node:205: TRY: 23
DEBUG: src/lcthw/hashmap.c:Hashmap_get_node:205: TRY: 24
DEBUG: src/lcthw/hashmap.c:Hashmap_get_node:205: TRY: 25
DEBUG: src/lcthw/hashmap.c:Hashmap_get_node:205: TRY: 26
DEBUG: src/lcthw/hashmap.c:Hashmap_get_node:205: TRY: 27
DEBUG: src/lcthw/hashmap.c:Hashmap_get_node:205: TRY: 0
DEBUG: src/lcthw/hashmap.c:Hashmap_get_node:205: TRY: 1
DEBUG: src/lcthw/hashmap.c:Hashmap_get_node:205: TRY: 2
DEBUG: src/lcthw/hashmap.c:Hashmap_get_node:205: TRY: 3
DEBUG: src/lcthw/hashmap.c:Hashmap_get_node:205: TRY: 4
DEBUG: src/lcthw/hashmap.c:Hashmap_get_node:205: TRY: 5
DEBUG: src/lcthw/hashmap.c:Hashmap_get_node:205: TRY: 6
DEBUG: src/lcthw/hashmap.c:Hashmap_get_node:205: TRY: 7
DEBUG: src/lcthw/hashmap.c:Hashmap_get_node:205: TRY: 8
DEBUG: src/lcthw/hashmap.c:Hashmap_get_node:205: TRY: 9
DEBUG: src/lcthw/hashmap.c:Hashmap_get_node:205: TRY: 10
DEBUG: src/lcthw/hashmap.c:Hashmap_get_node:205: TRY: 11
DEBUG: src/lcthw/hashmap.c:Hashmap_get_node:205: TRY: 12
DEBUG: src/lcthw/hashmap.c:Hashmap_get_node:205: TRY: 13
DEBUG: src/lcthw/hashmap.c:Hashmap_get_node:205: TRY: 14
DEBUG: src/lcthw/hashmap.c:Hashmap_get_node:205: TRY: 15
DEBUG: src/lcthw/hashmap.c:Hashmap_get_node:205: TRY: 16
DEBUG: src/lcthw/hashmap.c:Hashmap_get_node:205: TRY: 17
DEBUG: src/lcthw/hashmap.c:Hashmap_get_node:205: TRY: 18
DEBUG: src/lcthw/hashmap.c:Hashmap_get_node:205: TRY: 19
DEBUG: src/lcthw/hashmap.c:Hashmap_get_node:205: TRY: 20
DEBUG: src/lcthw/hashmap.c:Hashmap_get_node:205: TRY: 21
DEBUG: src/lcthw/hashmap.c:Hashmap_get_node:205: TRY: 22
DEBUG: src/lcthw/hashmap.c:Hashmap_get_node:205: TRY: 23
DEBUG: src/lcthw/hashmap.c:Hashmap_get_node:205: TRY: 24
DEBUG: src/lcthw/hashmap.c:Hashmap_get_node:205: TRY: 25
DEBUG: src/lcthw/hashmap.c:Hashmap_get_node:205: TRY: 26
DEBUG: src/lcthw/hashmap.c:Hashmap_get_node:205: TRY: 27
DEBUG: src/lcthw/hashmap.c:Hashmap_get_node:205: TRY: 28
DEBUG: src/lcthw/hashmap.c:Hashmap_get_node:205: TRY: 29
DEBUG: src/lcthw/hashmap.c:Hashmap_get_node:205: TRY: 30
DEBUG: src/lcthw/hashmap.c:Hashmap_get_node:205: TRY: 31
DEBUG: src/lcthw/hashmap.c:Hashmap_get_node:205: TRY: 32
DEBUG: src/lcthw/hashmap.c:Hashmap_get_node:205: TRY: 33
DEBUG: src/lcthw/hashmap.c:Hashmap_get_node:205: TRY: 34
DEBUG: src/lcthw/hashmap.c:Hashmap_get_node:205: TRY: 35
DEBUG: src/lcthw/hashmap.c:Hashmap_get_node:205: TRY: 36
DEBUG: src/lcthw/hashmap.c:Hashmap_get_node:205: TRY: 37
DEBUG: src/lcthw/hashmap.c:Hashmap_get_node:205: TRY: 38
DEBUG: src/lcthw/hashmap.c:Hashmap_get_node:205: TRY: 39
DEBUG: src/lcthw/hashmap.c:Hashmap_get_node:205: TRY: 40
DEBUG: src/lcthw/hashmap.c:Hashmap_get_node:205: TRY: 41
DEBUG: src/lcthw/hashmap.c:Hashmap_get_node:205: TRY: 42
DEBUG: src/lcthw/hashmap.c:Hashmap_get_node:205: TRY: 0
DEBUG: src/lcthw/hashmap.c:Hashmap_get_node:205: TRY: 1
DEBUG: src/lcthw/hashmap.c:Hashmap_get_node:205: TRY: 2
DEBUG: src/lcthw/hashmap.c:Hashmap_get_node:205: TRY: 3
DEBUG: src/lcthw/hashmap.c:Hashmap_get_node:205: TRY: 4
DEBUG: src/lcthw/hashmap.c:Hashmap_get_node:205: TRY: 5
DEBUG: src/lcthw/hashmap.c:Hashmap_get_node:205: TRY: 6
DEBUG: src/lcthw/hashmap.c:Hashmap_get_node:205: TRY: 7
DEBUG: src/lcthw/hashmap.c:Hashmap_get_node:205: TRY: 8
DEBUG: src/lcthw/hashmap.c:Hashmap_get_node:205: TRY: 9
DEBUG: src/lcthw/hashmap.c:Hashmap_get_node:205: TRY: 10
DEBUG: src/lcthw/hashmap.c:Hashmap_get_node:205: TRY: 11
DEBUG: src/lcthw/hashmap.c:Hashmap_get_node:205: TRY: 12
DEBUG: src/lcthw/hashmap.c:Hashmap_get_node:205: TRY: 13
DEBUG: src/lcthw/hashmap.c:Hashmap_get_node:205: TRY: 14
DEBUG: src/lcthw/hashmap.c:Hashmap_get_node:205: TRY: 15
DEBUG: src/lcthw/hashmap.c:Hashmap_get_node:205: TRY: 16
DEBUG: src/lcthw/hashmap.c:Hashmap_get_node:205: TRY: 17
DEBUG: src/lcthw/hashmap.c:Hashmap_get_node:205: TRY: 18
DEBUG: src/lcthw/hashmap.c:Hashmap_get_node:205: TRY: 19
DEBUG: src/lcthw/hashmap.c:Hashmap_get_node:205: TRY: 20
DEBUG: src/lcthw/hashmap.c:Hashmap_get_node:205: TRY: 21
DEBUG: src/lcthw/hashmap.c:Hashmap_get_node:205: TRY: 22
DEBUG: src/lcthw/hashmap.c:Hashmap_get_node:205: TRY: 23
DEBUG: src/lcthw/hashmap.c:Hashmap_get_node:205: TRY: 24
DEBUG: src/lcthw/hashmap.c:Hashmap_get_node:205: TRY: 25
DEBUG: src/lcthw/hashmap.c:Hashmap_get_node:205: TRY: 26
DEBUG: src/lcthw/hashmap.c:Hashmap_get_node:205: TRY: 27
DEBUG: src/lcthw/hashmap.c:Hashmap_get_node:205: TRY: 28
DEBUG: src/lcthw/hashmap.c:Hashmap_get_node:205: TRY: 29
DEBUG: src/lcthw/hashmap.c:Hashmap_get_node:205: TRY: 30
DEBUG: src/lcthw/hashmap.c:Hashmap_get_node:205: TRY: 31
DEBUG: src/lcthw/hashmap.c:Hashmap_get_node:205: TRY: 0
DEBUG: src/lcthw/hashmap.c:Hashmap_get_node:205: TRY: 1
DEBUG: src/lcthw/hashmap.c:Hashmap_get_node:205: TRY: 2
DEBUG: src/lcthw/hashmap.c:Hashmap_get_node:205: TRY: 3
DEBUG: src/lcthw/hashmap.c:Hashmap_get_node:205: TRY: 4
DEBUG: src/lcthw/hashmap.c:Hashmap_get_node:205: TRY: 5
DEBUG: src/lcthw/hashmap.c:Hashmap_get_node:205: TRY: 6
DEBUG: src/lcthw/hashmap.c:Hashmap_get_node:205: TRY: 7
DEBUG: src/lcthw/hashmap.c:Hashmap_get_node:205: TRY: 8
DEBUG: src/lcthw/hashmap.c:Hashmap_get_node:205: TRY: 9
DEBUG: src/lcthw/hashmap.c:Hashmap_get_node:205: TRY: 10
DEBUG: src/lcthw/hashmap.c:Hashmap_get_node:205: TRY: 11
DEBUG: src/lcthw/hashmap.c:Hashmap_get_node:205: TRY: 12
DEBUG: src/lcthw/hashmap.c:Hashmap_get_node:205: TRY: 13
DEBUG: src/lcthw/hashmap.c:Hashmap_get_node:205: TRY: 14
DEBUG: src/lcthw/hashmap.c:Hashmap_get_node:205: TRY: 15
DEBUG: src/lcthw/hashmap.c:Hashmap_get_node:205: TRY: 16
DEBUG: src/lcthw/hashmap.c:Hashmap_get_node:205: TRY: 17
DEBUG: src/lcthw/hashmap.c:Hashmap_get_node:205: TRY: 18
DEBUG: src/lcthw/hashmap.c:Hashmap_get_node:205: TRY: 19
DEBUG: src/lcthw/hashmap.c:Hashmap_get_node:205: TRY: 20
DEBUG: src/lcthw/hashmap.c:Hashmap_get_node:205: TRY: 21
DEBUG: src/lcthw/hashmap.c:Hashmap_get_node:205: TRY: 22
DEBUG: src/lcthw/hashmap.c:Hashmap_get_node:205: TRY: 23
DEBUG: src/lcthw/hashmap.c:Hashmap_get_node:205: TRY: 24
DEBUG: src/lcthw/hashmap.c:Hashmap_get_node:205: TRY: 25
DEBUG: src/lcthw/hashmap.c:Hashmap_get_node:205: TRY: 26
DEBUG: src/lcthw/hashmap.c:Hashmap_get_node:205: TRY: 27
DEBUG: src/lcthw/hashmap.c:Hashmap_get_node:205: TRY: 28
DEBUG: src/lcthw/hashmap.c:Hashmap_get_node:205: TRY: 0
DEBUG: src/lcthw/hashmap.c:Hashmap_get_node:205: TRY: 1
DEBUG: src/lcthw/hashmap.c:Hashmap_get_node:205: TRY: 2
DEBUG: src/lcthw/hashmap.c:Hashmap_get_node:205: TRY: 3
DEBUG: src/lcthw/hashmap.c:Hashmap_get_node:205: TRY: 4
DEBUG: src/lcthw/hashmap.c:Hashmap_get_node:205: TRY: 5
DEBUG: src/lcthw/hashmap.c:Hashmap_get_node:205: TRY: 6
DEBUG: src/lcthw/hashmap.c:Hashmap_get_node:205: TRY: 7
DEBUG: src/lcthw/hashmap.c:Hashmap_get_node:205: TRY: 8
DEBUG: src/lcthw/hashmap.c:Hashmap_get_node:205: TRY: 9
DEBUG: src/lcthw/hashmap.c:Hashmap_get_node:205: TRY: 10
DEBUG: src/lcthw/hashmap.c:Hashmap_get_node:205: TRY: 11
DEBUG: src/lcthw/hashmap.c:Hashmap_get_node:205: TRY: 12
DEBUG: src/lcthw/hashmap.c:Hashmap_get_node:205: TRY: 13
DEBUG: src/lcthw/hashmap.c:Hashmap_get_node:205: TRY: 14
DEBUG: src/lcthw/hashmap.c:Hashmap_get_node:205: TRY: 15
DEBUG: src/lcthw/hashmap.c:Hashmap_get_node:205: TRY: 16
DEBUG: src/lcthw/hashmap.c:Hashmap_get_node:205: TRY: 17
DEBUG: src/lcthw/hashmap.c:Hashmap_get_node:205: TRY: 18
DEBUG: src/lcthw/hashmap.c:Hashmap_get_node:205: TRY: 19
DEBUG: src/lcthw/hashmap.c:Hashmap_get_node:205: TRY: 20
DEBUG: src/lcthw/hashmap.c:Hashmap_get_node:205: TRY: 21
DEBUG: src/lcthw/hashmap.c:Hashmap_get_node:205: TRY: 22
DEBUG: src/lcthw/hashmap.c:Hashmap_get_node:205: TRY: 23
DEBUG: src/lcthw/hashmap.c:Hashmap_get_node:205: TRY: 24
DEBUG: src/lcthw/hashmap.c:Hashmap_get_node:205: TRY: 25
DEBUG: src/lcthw/hashmap.c:Hashmap_get_node:205: TRY: 26
DEBUG: src/lcthw/hashmap.c:Hashmap_get_node:205: TRY: 27
DEBUG: src/lcthw/hashmap.c:Hashmap_get_node:205: TRY: 28
DEBUG: src/lcthw/hashmap.c:Hashmap_get_node:205: TRY: 29
DEBUG: src/lcthw/hashmap.c:Hashmap_get_node:205: TRY: 30
DEBUG: src/lcthw/hashmap.c:Hashmap_get_node:205: TRY: 31
DEBUG: src/lcthw/hashmap.c:Hashmap_get_node:205: TRY: 32
DEBUG: src/lcthw/hashmap.c:Hashmap_get_node:205: TRY: 33
DEBUG: src/lcthw/hashmap.c:Hashmap_get_node:205: TRY: 34
DEBUG: src/lcthw/hashmap.c:Hashmap_get_node:205: TRY: 35
DEBUG: src/lcthw/hashmap.c:Hashmap_get_node:205: TRY: 36
DEBUG: src/lcthw/hashmap.c:Hashmap_get_node:205: TRY: 37
DEBUG: src/lcthw/hashmap.c:Hashmap_get_node:205: TRY: 38
DEBUG: src/lcthw/hashmap.c:Hashmap_get_node:205: TRY: 39
DEBUG: src/lcthw/hashmap.c:Hashmap_get_node:205: TRY: 40
DEBUG: src/lcthw/hashmap.c:Hashmap_get_node:205: TRY: 41
DEBUG: src/lcthw/hashmap.c:Hashmap_get_node:205: TRY: 42
DEBUG: src/lcthw/hashmap.c:Hashmap_get_node:205: TRY: 43
DEBUG: src/lcthw/hashmap.c:Hashmap_get_node:205: TRY: 44
DEBUG: src/lcthw/hashmap.c:Hashmap_get_node:205: TRY: 45
DEBUG: src/lcthw/hashmap.c:Hashmap_get_node:205: TRY: 46
DEBUG: src/lcthw/hashmap.c:Hashmap_get_node:205: TRY: 47
DEBUG: src/lcthw/hashmap.c:Hashmap_get_node:205: TRY: 48
DEBUG: src/lcthw/hashmap.c:Hashmap_get_node:205: TRY: 49
DEBUG: src/lcthw/hashmap.c:Hashmap_get_node:205: TRY: 50
DEBUG: src/lcthw/hashmap.c:Hashmap_get_node:205: TRY: 51
DEBUG: src/lcthw/hashmap.c:Hashmap_get_node:205: TRY: 52
DEBUG: src/lcthw/hashmap.c:Hashmap_get_node:205: TRY: 53
DEBUG: src/lcthw/hashmap.c:Hashmap_get_node:205: TRY: 54
DEBUG: src/lcthw/hashmap.c:Hashmap_get_node:205: TRY: 55
DEBUG: src/lcthw/hashmap.c:Hashmap_get_node:205: TRY: 56
DEBUG: src/lcthw/hashmap.c:Hashmap_get_node:205: TRY: 57
DEBUG: src/lcthw/hashmap.c:Hashmap_get_node:205: TRY: 58
DEBUG: src/lcthw/hashmap.c:Hashmap_get_node:205: TRY: 0
DEBUG: src/lcthw/hashmap.c:Hashmap_get_node:205: TRY: 1
DEBUG: src/lcthw/hashmap.c:Hashmap_get_node:205: TRY: 2
DEBUG: src/lcthw/hashmap.c:Hashmap_get_node:205: TRY: 3
DEBUG: src/lcthw/hashmap.c:Hashmap_get_node:205: TRY: 4
DEBUG: src/lcthw/hashmap.c:Hashmap_get_node:205: TRY: 5
DEBUG: src/lcthw/hashmap.c:Hashmap_get_node:205: TRY: 6
DEBUG: src/lcthw/hashmap.c:Hashmap_get_node:205: TRY: 7
DEBUG: src/lcthw/hashmap.c:Hashmap_get_node:205: TRY: 8
DEBUG: src/lcthw/hashmap.c:Hashmap_get_node:205: TRY: 9
DEBUG: src/lcthw/hashmap.c:Hashmap_get_node:205: TRY: 10
DEBUG: src/lcthw/hashmap.c:Hashmap_get_node:205: TRY: 11
DEBUG: src/lcthw/hashmap.c:Hashmap_get_node:205: TRY: 12
DEBUG: src/lcthw/hashmap.c:Hashmap_get_node:205: TRY: 13
DEBUG: src/lcthw/hashmap.c:Hashmap_get_node:205: TRY: 14
DEBUG: src/lcthw/hashmap.c:Hashmap_get_node:205: TRY: 15
DEBUG: src/lcthw/hashmap.c:Hashmap_get_node:205: TRY: 16
DEBUG: src/lcthw/hashmap.c:Hashmap_get_node:205: TRY: 17
DEBUG: src/lcthw/hashmap.c:Hashmap_get_node:205: TRY: 18
DEBUG: src/lcthw/hashmap.c:Hashmap_get_node:205: TRY: 19
DEBUG: src/lcthw/hashmap.c:Hashmap_get_node:205: TRY: 20
DEBUG: src/lcthw/hashmap.c:Hashmap_get_node:205: TRY: 21
DEBUG: src/lcthw/hashmap.c:Hashmap_get_node:205: TRY: 22
DEBUG: src/lcthw/hashmap.c:Hashmap_get_node:205: TRY: 23
DEBUG: src/lcthw/hashmap.c:Hashmap_get_node:205: TRY: 24
DEBUG: src/lcthw/hashmap.c:Hashmap_get_node:205: TRY: 25
DEBUG: src/lcthw/hashmap.c:Hashmap_get_node:205: TRY: 26
DEBUG: src/lcthw/hashmap.c:Hashmap_get_node:205: TRY: 27
DEBUG: src/lcthw/hashmap.c:Hashmap_get_node:205: TRY: 28
DEBUG: src/lcthw/hashmap.c:Hashmap_get_node:205: TRY: 29
DEBUG: src/lcthw/hashmap.c:Hashmap_get_node:205: TRY: 30
DEBUG: src/lcthw/hashmap.c:Hashmap_get_node:205: TRY: 31
DEBUG: src/lcthw/hashmap.c:Hashmap_get_node:205: TRY: 32
DEBUG: src/lcthw/hashmap.c:Hashmap_get_node:205: TRY: 33
DEBUG: src/lcthw/hashmap.c:Hashmap_get_node:205: TRY: 34
DEBUG: src/lcthw/hashmap.c:Hashmap_get_node:205: TRY: 35
DEBUG: src/lcthw/hashmap.c:Hashmap_get_node:205: TRY: 36
DEBUG: src/lcthw/hashmap.c:Hashmap_get_node:205: TRY: 37
DEBUG: src/lcthw/hashmap.c:Hashmap_get_node:205: TRY: 0
DEBUG: src/lcthw/hashmap.c:Hashmap_get_node:205: TRY: 1
DEBUG: src/lcthw/hashmap.c:Hashmap_get_node:205: TRY: 2
DEBUG: src/lcthw/hashmap.c:Hashmap_get_node:205: TRY: 3
DEBUG: src/lcthw/hashmap.c:Hashmap_get_node:205: TRY: 4
DEBUG: src/lcthw/hashmap.c:Hashmap_get_node:205: TRY: 5
DEBUG: src/lcthw/hashmap.c:Hashmap_get_node:205: TRY: 6
DEBUG: src/lcthw/hashmap.c:Hashmap_get_node:205: TRY: 7
DEBUG: src/lcthw/hashmap.c:Hashmap_get_node:205: TRY: 8
DEBUG: src/lcthw/hashmap.c:Hashmap_get_node:205: TRY: 9
DEBUG: src/lcthw/hashmap.c:Hashmap_get_node:205: TRY: 10
DEBUG: src/lcthw/hashmap.c:Hashmap_get_node:205: TRY: 11
DEBUG: src/lcthw/hashmap.c:Hashmap_get_node:205: TRY: 12
DEBUG: src/lcthw/hashmap.c:Hashmap_get_node:205: TRY: 13
DEBUG: src/lcthw/hashmap.c:Hashmap_get_node:205: TRY: 14
DEBUG: src/lcthw/hashmap.c:Hashmap_get_node:205: TRY: 15
DEBUG: src/lcthw/hashmap.c:Hashmap_get_node:205: TRY: 16
DEBUG: src/lcthw/hashmap.c:Hashmap_get_node:205: TRY: 17
DEBUG: src/lcthw/hashmap.c:Hashmap_get_node:205: TRY: 18
DEBUG: src/lcthw/hashmap.c:Hashmap_get_node:205: TRY: 19
DEBUG: src/lcthw/hashmap.c:Hashmap_get_node:205: TRY: 20
DEBUG: src/lcthw/hashmap.c:Hashmap_get_node:205: TRY: 21
DEBUG: src/lcthw/hashmap.c:Hashmap_get_node:205: TRY: 22
DEBUG: src/lcthw/hashmap.c:Hashmap_get_node:205: TRY: 23
DEBUG: src/lcthw/hashmap.c:Hashmap_get_node:205: TRY: 24
DEBUG: src/lcthw/hashmap.c:Hashmap_get_node:205: TRY: 25
DEBUG: src/lcthw/hashmap.c:Hashmap_get_node:205: TRY: 26
DEBUG: src/lcthw/hashmap.c:Hashmap_get_node:205: TRY: 27
DEBUG: src/lcthw/hashmap.c:Hashmap_get_node:205: TRY: 28
DEBUG: src/lcthw/hashmap.c:Hashmap_get_node:205: TRY: 29
DEBUG: src/lcthw/hashmap.c:Hashmap_get_node:205: TRY: 30
DEBUG: src/lcthw/hashmap.c:Hashmap_get_node:205: TRY: 31
DEBUG: src/lcthw/hashmap.c:Hashmap_get_node:205: TRY: 32
DEBUG: src/lcthw/hashmap.c:Hashmap_get_node:205: TRY: 33
DEBUG: src/lcthw/hashmap.c:Hashmap_get_node:205: TRY: 34
DEBUG: src/lcthw/hashmap.c:Hashmap_get_node:205: TRY: 35
DEBUG: src/lcthw/hashmap.c:Hashmap_get_node:205: TRY: 36
DEBUG: src/lcthw/hashmap.c:Hashmap_get_node:205: TRY: 37
DEBUG: src/lcthw/hashmap.c:Hashmap_get_node:205: TRY: 38
DEBUG: src/lcthw/hashmap.c:Hashmap_get_node:205: TRY: 39
DEBUG: src/lcthw/hashmap.c:Hashmap_get_node:205: TRY: 40
DEBUG: src/lcthw/hashmap.c:Hashmap_get_node:205: TRY: 41
DEBUG: src/lcthw/hashmap.c:Hashmap_get_node:205: TRY: 42
DEBUG: src/lcthw/hashmap.c:Hashmap_get_node:205: TRY: 43
DEBUG: src/lcthw/hashmap.c:Hashmap_get_node:205: TRY: 0
DEBUG: src/lcthw/hashmap.c:Hashmap_get_node:205: TRY: 1
DEBUG: src/lcthw/hashmap.c:Hashmap_get_node:205: TRY: 2
DEBUG: src/lcthw/hashmap.c:Hashmap_get_node:205: TRY: 3
DEBUG: src/lcthw/hashmap.c:Hashmap_get_node:205: TRY: 4
DEBUG: src/lcthw/hashmap.c:Hashmap_get_node:205: TRY: 5
DEBUG: src/lcthw/hashmap.c:Hashmap_get_node:205: TRY: 6
DEBUG: src/lcthw/hashmap.c:Hashmap_get_node:205: TRY: 7
DEBUG: src/lcthw/hashmap.c:Hashmap_get_node:205: TRY: 8
DEBUG: src/lcthw/hashmap.c:Hashmap_get_node:205: TRY: 9
DEBUG: src/lcthw/hashmap.c:Hashmap_get_node:205: TRY: 10
DEBUG: src/lcthw/hashmap.c:Hashmap_get_node:205: TRY: 11
DEBUG: src/lcthw/hashmap.c:Hashmap_get_node:205: TRY: 12
DEBUG: src/lcthw/hashmap.c:Hashmap_get_node:205: TRY: 13
DEBUG: src/lcthw/hashmap.c:Hashmap_get_node:205: TRY: 14
DEBUG: src/lcthw/hashmap.c:Hashmap_get_node:205: TRY: 15
DEBUG: src/lcthw/hashmap.c:Hashmap_get_node:205: TRY: 16
DEBUG: src/lcthw/hashmap.c:Hashmap_get_node:205: TRY: 17
DEBUG: src/lcthw/hashmap.c:Hashmap_get_node:205: TRY: 18
DEBUG: src/lcthw/hashmap.c:Hashmap_get_node:205: TRY: 19
DEBUG: src/lcthw/hashmap.c:Hashmap_get_node:205: TRY: 20
DEBUG: src/lcthw/hashmap.c:Hashmap_get_node:205: TRY: 21
DEBUG: src/lcthw/hashmap.c:Hashmap_get_node:205: TRY: 22
DEBUG: src/lcthw/hashmap.c:Hashmap_get_node:205: TRY: 23
DEBUG: src/lcthw/hashmap.c:Hashmap_get_node:205: TRY: 24
DEBUG: src/lcthw/hashmap.c:Hashmap_get_node:205: TRY: 25
DEBUG: src/lcthw/hashmap.c:Hashmap_get_node:205: TRY: 26
DEBUG: src/lcthw/hashmap.c:Hashmap_get_node:205: TRY: 27
DEBUG: src/lcthw/hashmap.c:Hashmap_get_node:205: TRY: 28
DEBUG: src/lcthw/hashmap.c:Hashmap_get_node:205: TRY: 29
DEBUG: src/lcthw/hashmap.c:Hashmap_get_node:205: TRY: 30
DEBUG: src/lcthw/hashmap.c:Hashmap_get_node:205: TRY: 31
DEBUG: src/lcthw/hashmap.c:Hashmap_get_node:205: TRY: 32
DEBUG: src/lcthw/hashmap.c:Hashmap_get_node:205: TRY: 33
DEBUG: src/lcthw/hashmap.c:Hashmap_get_node:205: TRY: 34
DEBUG: src/lcthw/hashmap.c:Hashmap_get_node:205: TRY: 35
DEBUG: src/lcthw/hashmap.c:Hashmap_get_node:205: TRY: 36
DEBUG: src/lcthw/hashmap.c:Hashmap_get_node:205: TRY: 37
DEBUG: src/lcthw/hashmap.c:Hashmap_get_node:205: TRY: 38
DEBUG: src/lcthw/hashmap.c:Hashmap_get_node:205: TRY: 0
DEBUG: src/lcthw/hashmap.c:Hashmap_get_node:205: TRY: 1
DEBUG: src/lcthw/hashmap.c:Hashmap_get_node:205: TRY: 2
DEBUG: src/lcthw/hashmap.c:Hashmap_get_node:205: TRY: 3
DEBUG: src/lcthw/hashmap.c:Hashmap_get_node:205: TRY: 4
DEBUG: src/lcthw/hashmap.c:Hashmap_get_node:205: TRY: 5
DEBUG: src/lcthw/hashmap.c:Hashmap_get_node:205: TRY: 6
DEBUG: src/lcthw/hashmap.c:Hashmap_get_node:205: TRY: 7
DEBUG: src/lcthw/hashmap.c:Hashmap_get_node:205: TRY: 8
DEBUG: src/lcthw/hashmap.c:Hashmap_get_node:205: TRY: 9
DEBUG: src/lcthw/hashmap.c:Hashmap_get_node:205: TRY: 10
DEBUG: src/lcthw/hashmap.c:Hashmap_get_node:205: TRY: 11
DEBUG: src/lcthw/hashmap.c:Hashmap_get_node:205: TRY: 12
DEBUG: src/lcthw/hashmap.c:Hashmap_get_node:205: TRY: 13
DEBUG: src/lcthw/hashmap.c:Hashmap_get_node:205: TRY: 14
DEBUG: src/lcthw/hashmap.c:Hashmap_get_node:205: TRY: 15
DEBUG: src/lcthw/hashmap.c:Hashmap_get_node:205: TRY: 16
DEBUG: src/lcthw/hashmap.c:Hashmap_get_node:205: TRY: 17
DEBUG: src/lcthw/hashmap.c:Hashmap_get_node:205: TRY: 18
DEBUG: src/lcthw/hashmap.c:Hashmap_get_node:205: TRY: 19
DEBUG: src/lcthw/hashmap.c:Hashmap_get_node:205: TRY: 20
DEBUG: src/lcthw/hashmap.c:Hashmap_get_node:205: TRY: 21
DEBUG: src/lcthw/hashmap.c:Hashmap_get_node:205: TRY: 22
DEBUG: src/lcthw/hashmap.c:Hashmap_get_node:205: TRY: 23
DEBUG: src/lcthw/hashmap.c:Hashmap_get_node:205: TRY: 24
DEBUG: src/lcthw/hashmap.c:Hashmap_get_node:205: TRY: 25
DEBUG: src/lcthw/hashmap.c:Hashmap_get_node:205: TRY: 26
DEBUG: src/lcthw/hashmap.c:Hashmap_get_node:205: TRY: 27
DEBUG: src/lcthw/hashmap.c:Hashmap_get_node:205: TRY: 28
DEBUG: src/lcthw/hashmap.c:Hashmap_get_node:205: TRY: 29
DEBUG: src/lcthw/hashmap.c:Hashmap_get_node:205: TRY: 0
DEBUG: src/lcthw/hashmap.c:Hashmap_get_node:205: TRY: 1
DEBUG: src/lcthw/hashmap.c:Hashmap_get_node:205: TRY: 2
DEBUG: src/lcthw/hashmap.c:Hashmap_get_node:205: TRY: 3
DEBUG: src/lcthw/hashmap.c:Hashmap_get_node:205: TRY: 4
DEBUG: src/lcthw/hashmap.c:Hashmap_get_node:205: TRY: 5
DEBUG: src/lcthw/hashmap.c:Hashmap_get_node:205: TRY: 6
DEBUG: src/lcthw/hashmap.c:Hashmap_get_node:205: TRY: 7
DEBUG: src/lcthw/hashmap.c:Hashmap_get_node:205: TRY: 8
DEBUG: src/lcthw/hashmap.c:Hashmap_get_node:205: TRY: 9
DEBUG: src/lcthw/hashmap.c:Hashmap_get_node:205: TRY: 10
DEBUG: src/lcthw/hashmap.c:Hashmap_get_node:205: TRY: 11
DEBUG: src/lcthw/hashmap.c:Hashmap_get_node:205: TRY: 12
DEBUG: src/lcthw/hashmap.c:Hashmap_get_node:205: TRY: 13
DEBUG: src/lcthw/hashmap.c:Hashmap_get_node:205: TRY: 14
DEBUG: src/lcthw/hashmap.c:Hashmap_get_node:205: TRY: 15
DEBUG: src/lcthw/hashmap.c:Hashmap_get_node:205: TRY: 16
DEBUG: src/lcthw/hashmap.c:Hashmap_get_node:205: TRY: 17
DEBUG: src/lcthw/hashmap.c:Hashmap_get_node:205: TRY: 18
DEBUG: src/lcthw/hashmap.c:Hashmap_get_node:205: TRY: 19
DEBUG: src/lcthw/hashmap.c:Hashmap_get_node:205: TRY: 20
DEBUG: src/lcthw/hashmap.c:Hashmap_get_node:205: TRY: 21
DEBUG: src/lcthw/hashmap.c:Hashmap_get_node:205: TRY: 22
DEBUG: src/lcthw/hashmap.c:Hashmap_get_node:205: TRY: 23
DEBUG: src/lcthw/hashmap.c:Hashmap_get_node:205: TRY: 24
DEBUG: src/lcthw/hashmap.c:Hashmap_get_node:205: TRY: 25
DEBUG: src/lcthw/hashmap.c:Hashmap_get_node:205: TRY: 26
DEBUG: src/lcthw/hashmap.c:Hashmap_get_node:205: TRY: 27
DEBUG: src/lcthw/hashmap.c:Hashmap_get_node:205: TRY: 28
DEBUG: src/lcthw/hashmap.c:Hashmap_get_node:205: TRY: 29
DEBUG: src/lcthw/hashmap.c:Hashmap_get_node:205: TRY: 30
DEBUG: src/lcthw/hashmap.c:Hashmap_get_node:205: TRY: 31
DEBUG: src/lcthw/hashmap.c:Hashmap_get_node:205: TRY: 32
DEBUG: src/lcthw/hashmap.c:Hashmap_get_node:205: TRY: 33
DEBUG: src/lcthw/hashmap.c:Hashmap_get_node:205: TRY: 34
DEBUG: src/lcthw/hashmap.c:Hashmap_get_node:205: TRY: 35
DEBUG: src/lcthw/hashmap.c:Hashmap_get_node:205: TRY: 36
DEBUG: src/lcthw/hashmap.c:Hashmap_get_node:205: TRY: 37
DEBUG: src/lcthw/hashmap.c:Hashmap_get_node:205: TRY: 38
DEBUG: src/lcthw/hashmap.c:Hashmap_get_node:205: TRY: 39
DEBUG: src/lcthw/hashmap.c:Hashmap_get_node:205: TRY: 0
DEBUG: src/lcthw/hashmap.c:Hashmap_get_node:205: TRY: 1
DEBUG: src/lcthw/hashmap.c:Hashmap_get_node:205: TRY: 2
DEBUG: src/lcthw/hashmap.c:Hashmap_get_node:205: TRY: 3
DEBUG: src/lcthw/hashmap.c:Hashmap_get_node:205: TRY: 4
DEBUG: src/lcthw/hashmap.c:Hashmap_get_node:205: TRY: 5
DEBUG: src/lcthw/hashmap.c:Hashmap_get_node:205: TRY: 6
DEBUG: src/lcthw/hashmap.c:Hashmap_get_node:205: TRY: 7
DEBUG: src/lcthw/hashmap.c:Hashmap_get_node:205: TRY: 8
DEBUG: src/lcthw/hashmap.c:Hashmap_get_node:205: TRY: 9
DEBUG: src/lcthw/hashmap.c:Hashmap_get_node:205: TRY: 10
DEBUG: src/lcthw/hashmap.c:Hashmap_get_node:205: TRY: 11
DEBUG: src/lcthw/hashmap.c:Hashmap_get_node:205: TRY: 12
DEBUG: src/lcthw/hashmap.c:Hashmap_get_node:205: TRY: 13
DEBUG: src/lcthw/hashmap.c:Hashmap_get_node:205: TRY: 14
DEBUG: src/lcthw/hashmap.c:Hashmap_get_node:205: TRY: 15
DEBUG: src/lcthw/hashmap.c:Hashmap_get_node:205: TRY: 16
DEBUG: src/lcthw/hashmap.c:Hashmap_get_node:205: TRY: 17
DEBUG: src/lcthw/hashmap.c:Hashmap_get_node:205: TRY: 18
DEBUG: src/lcthw/hashmap.c:Hashmap_get_node:205: TRY: 19
DEBUG: src/lcthw/hashmap.c:Hashmap_get_node:205: TRY: 20
DEBUG: src/lcthw/hashmap.c:Hashmap_get_node:205: TRY: 21
DEBUG: src/lcthw/hashmap.c:Hashmap_get_node:205: TRY: 22
DEBUG: src/lcthw/hashmap.c:Hashmap_get_node:205: TRY: 23
DEBUG: src/lcthw/hashmap.c:Hashmap_get_node:205: TRY: 24
DEBUG: src/lcthw/hashmap.c:Hashmap_get_node:205: TRY: 25
DEBUG: src/lcthw/hashmap.c:Hashmap_get_node:205: TRY: 26
DEBUG: src/lcthw/hashmap.c:Hashmap_get_node:205: TRY: 27
DEBUG: src/lcthw/hashmap.c:Hashmap_get_node:205: TRY: 28
DEBUG: src/lcthw/hashmap.c:Hashmap_get_node:205: TRY: 29
DEBUG: src/lcthw/hashmap.c:Hashmap_get_node:205: TRY: 30
DEBUG: src/lcthw/hashmap.c:Hashmap_get_node:205: TRY: 31
DEBUG: src/lcthw/hashmap.c:Hashmap_get_node:205: TRY: 32
DEBUG: src/lcthw/hashmap.c:Hashmap_get_node:205: TRY: 33
DEBUG: src/lcthw/hashmap.c:Hashmap_get_node:205: TRY: 34
DEBUG: src/lcthw/hashmap.c:Hashmap_get_node:205: TRY: 0
DEBUG: src/lcthw/hashmap.c:Hashmap_get_node:205: TRY: 1
DEBUG: src/lcthw/hashmap.c:Hashmap_get_node:205: TRY: 2
DEBUG: src/lcthw/hashmap.c:Hashmap_get_node:205: TRY: 3
DEBUG: src/lcthw/hashmap.c:Hashmap_get_node:205: TRY: 4
DEBUG: src/lcthw/hashmap.c:Hashmap_get_node:205: TRY: 5
DEBUG: src/lcthw/hashmap.c:Hashmap_get_node:205: TRY: 6
DEBUG: src/lcthw/hashmap.c:Hashmap_get_node:205: TRY: 7
DEBUG: src/lcthw/hashmap.c:Hashmap_get_node:205: TRY: 8
DEBUG: src/lcthw/hashmap.c:Hashmap_get_node:205: TRY: 9
DEBUG: src/lcthw/hashmap.c:Hashmap_get_node:205: TRY: 10
DEBUG: src/lcthw/hashmap.c:Hashmap_get_node:205: TRY: 11
DEBUG: src/lcthw/hashmap.c:Hashmap_get_node:205: TRY: 12
DEBUG: src/lcthw/hashmap.c:Hashmap_get_node:205: TRY: 13
DEBUG: src/lcthw/hashmap.c:Hashmap_get_node:205: TRY: 14
DEBUG: src/lcthw/hashmap.c:Hashmap_get_node:205: TRY: 15
DEBUG: src/lcthw/hashmap.c:Hashmap_get_node:205: TRY: 16
DEBUG: src/lcthw/hashmap.c:Hashmap_get_node:205: TRY: 17
DEBUG: src/lcthw/hashmap.c:Hashmap_get_node:205: TRY: 18
DEBUG: src/lcthw/hashmap.c:Hashmap_get_node:205: TRY: 19
DEBUG: src/lcthw/hashmap.c:Hashmap_get_node:205: TRY: 20
DEBUG: src/lcthw/hashmap.c:Hashmap_get_node:205: TRY: 21
DEBUG: src/lcthw/hashmap.c:Hashmap_get_node:205: TRY: 22
DEBUG: src/lcthw/hashmap.c:Hashmap_get_node:205: TRY: 23
DEBUG: src/lcthw/hashmap.c:Hashmap_get_node:205: TRY: 24
DEBUG: src/lcthw/hashmap.c:Hashmap_get_node:205: TRY: 25
DEBUG: src/lcthw/hashmap.c:Hashmap_get_node:205: TRY: 26
DEBUG: src/lcthw/hashmap.c:Hashmap_get_node:205: TRY: 27
DEBUG: src/lcthw/hashmap.c:Hashmap_get_node:205: TRY: 28
DEBUG: src/lcthw/hashmap.c:Hashmap_get_node:205: TRY: 29
DEBUG: src/lcthw/hashmap.c:Hashmap_get_node:205: TRY: 30
DEBUG: src/lcthw/hashmap.c:Hashmap_get_node:205: TRY: 31
DEBUG: src/lcthw/hashmap.c:Hashmap_get_node:205: TRY: 32
DEBUG: src/lcthw/hashmap.c:Hashmap_get_node:205: TRY: 33
DEBUG: src/lcthw/hashmap.c:Hashmap_get_node:205: TRY: 34
DEBUG: src/lcthw/hashmap.c:Hashmap_get_node:205: TRY: 0
DEBUG: src/lcthw/hashmap.c:Hashmap_get_node:205: TRY: 1
DEBUG: src/lcthw/hashmap.c:Hashmap_get_node:205: TRY: 2
DEBUG: src/lcthw/hashmap.c:Hashmap_get_node:205: TRY: 3
DEBUG: src/lcthw/hashmap.c:Hashmap_get_node:205: TRY: 4
DEBUG: src/lcthw/hashmap.c:Hashmap_get_node:205: TRY: 5
DEBUG: src/lcthw/hashmap.c:Hashmap_get_node:205: TRY: 6
DEBUG: src/lcthw/hashmap.c:Hashmap_get_node:205: TRY: 7
DEBUG: src/lcthw/hashmap.c:Hashmap_get_node:205: TRY: 8
DEBUG: src/lcthw/hashmap.c:Hashmap_get_node:205: TRY: 9
DEBUG: src/lcthw/hashmap.c:Hashmap_get_node:205: TRY: 10
DEBUG: src/lcthw/hashmap.c:Hashmap_get_node:205: TRY: 11
DEBUG: src/lcthw/hashmap.c:Hashmap_get_node:205: TRY: 12
DEBUG: src/lcthw/hashmap.c:Hashmap_get_node:205: TRY: 13
DEBUG: src/lcthw/hashmap.c:Hashmap_get_node:205: TRY: 14
DEBUG: src/lcthw/hashmap.c:Hashmap_get_node:205: TRY: 15
DEBUG: src/lcthw/hashmap.c:Hashmap_get_node:205: TRY: 16
DEBUG: src/lcthw/hashmap.c:Hashmap_get_node:205: TRY: 17
DEBUG: src/lcthw/hashmap.c:Hashmap_get_node:205: TRY: 18
DEBUG: src/lcthw/hashmap.c:Hashmap_get_node:205: TRY: 19
DEBUG: src/lcthw/hashmap.c:Hashmap_get_node:205: TRY: 20
DEBUG: src/lcthw/hashmap.c:Hashmap_get_node:205: TRY: 21
DEBUG: src/lcthw/hashmap.c:Hashmap_get_node:205: TRY: 22
DEBUG: src/lcthw/hashmap.c:Hashmap_get_node:205: TRY: 23
DEBUG: src/lcthw/hashmap.c:Hashmap_get_node:205: TRY: 24
DEBUG: src/lcthw/hashmap.c:Hashmap_get_node:205: TRY: 25
DEBUG: src/lcthw/hashmap.c:Hashmap_get_node:205: TRY: 26
DEBUG: src/lcthw/hashmap.c:Hashmap_get_node:205: TRY: 27
DEBUG: src/lcthw/hashmap.c:Hashmap_get_node:205: TRY: 28
DEBUG: src/lcthw/hashmap.c:Hashmap_get_node:205: TRY: 29
DEBUG: src/lcthw/hashmap.c:Hashmap_get_node:205: TRY: 30
DEBUG: src/lcthw/hashmap.c:Hashmap_get_node:205: TRY: 0
DEBUG: src/lcthw/hashmap.c:Hashmap_get_node:205: TRY: 1
DEBUG: src/lcthw/hashmap.c:Hashmap_get_node:205: TRY: 2
DEBUG: src/lcthw/hashmap.c:Hashmap_get_node:205: TRY: 3
DEBUG: src/lcthw/hashmap.c:Hashmap_get_node:205: TRY: 4
DEBUG: src/lcthw/hashmap.c:Hashmap_get_node:205: TRY: 5
DEBUG: src/lcthw/hashmap.c:Hashmap_get_node:205: TRY: 6
DEBUG: src/lcthw/hashmap.c:Hashmap_get_node:205: TRY: 7
DEBUG: src/lcthw/hashmap.c:Hashmap_get_node:205: TRY: 8
DEBUG: src/lcthw/hashmap.c:Hashmap_get_node:205: TRY: 9
DEBUG: src/lcthw/hashmap.c:Hashmap_get_node:205: TRY: 10
DEBUG: src/lcthw/hashmap.c:Hashmap_get_node:205: TRY: 11
DEBUG: src/lcthw/hashmap.c:Hashmap_get_node:205: TRY: 12
DEBUG: src/lcthw/hashmap.c:Hashmap_get_node:205: TRY: 13
DEBUG: src/lcthw/hashmap.c:Hashmap_get_node:205: TRY: 14
DEBUG: src/lcthw/hashmap.c:Hashmap_get_node:205: TRY: 15
DEBUG: src/lcthw/hashmap.c:Hashmap_get_node:205: TRY: 16
DEBUG: src/lcthw/hashmap.c:Hashmap_get_node:205: TRY: 17
DEBUG: src/lcthw/hashmap.c:Hashmap_get_node:205: TRY: 18
DEBUG: src/lcthw/hashmap.c:Hashmap_get_node:205: TRY: 19
DEBUG: src/lcthw/hashmap.c:Hashmap_get_node:205: TRY: 20
DEBUG: src/lcthw/hashmap.c:Hashmap_get_node:205: TRY: 21
DEBUG: src/lcthw/hashmap.c:Hashmap_get_node:205: TRY: 22
DEBUG: src/lcthw/hashmap.c:Hashmap_get_node:205: TRY: 23
DEBUG: src/lcthw/hashmap.c:Hashmap_get_node:205: TRY: 24
DEBUG: src/lcthw/hashmap.c:Hashmap_get_node:205: TRY: 25
DEBUG: src/lcthw/hashmap.c:Hashmap_get_node:205: TRY: 26
DEBUG: src/lcthw/hashmap.c:Hashmap_get_node:205: TRY: 27
DEBUG: src/lcthw/hashmap.c:Hashmap_get_node:205: TRY: 28
DEBUG: src/lcthw/hashmap.c:Hashmap_get_node:205: TRY: 29
DEBUG: src/lcthw/hashmap.c:Hashmap_get_node:205: TRY: 30
DEBUG: src/lcthw/hashmap.c:Hashmap_get_node:205: TRY: 31
DEBUG: src/lcthw/hashmap.c:Hashmap_get_node:205: TRY: 32
DEBUG: src/lcthw/hashmap.c:Hashmap_get_node:205: TRY: 33
DEBUG: src/lcthw/hashmap.c:Hashmap_get_node:205: TRY: 34
DEBUG: src/lcthw/hashmap.c:Hashmap_get_node:205: TRY: 35
DEBUG: src/lcthw/hashmap.c:Hashmap_get_node:205: TRY: 0
DEBUG: src/lcthw/hashmap.c:Hashmap_get_node:205: TRY: 1
DEBUG: src/lcthw/hashmap.c:Hashmap_get_node:205: TRY: 2
DEBUG: src/lcthw/hashmap.c:Hashmap_get_node:205: TRY: 3
DEBUG: src/lcthw/hashmap.c:Hashmap_get_node:205: TRY: 4
DEBUG: src/lcthw/hashmap.c:Hashmap_get_node:205: TRY: 5
DEBUG: src/lcthw/hashmap.c:Hashmap_get_node:205: TRY: 6
DEBUG: src/lcthw/hashmap.c:Hashmap_get_node:205: TRY: 7
DEBUG: src/lcthw/hashmap.c:Hashmap_get_node:205: TRY: 8
DEBUG: src/lcthw/hashmap.c:Hashmap_get_node:205: TRY: 9
DEBUG: src/lcthw/hashmap.c:Hashmap_get_node:205: TRY: 10
DEBUG: src/lcthw/hashmap.c:Hashmap_get_node:205: TRY: 11
DEBUG: src/lcthw/hashmap.c:Hashmap_get_node:205: TRY: 12
DEBUG: src/lcthw/hashmap.c:Hashmap_get_node:205: TRY: 13
DEBUG: src/lcthw/hashmap.c:Hashmap_get_node:205: TRY: 14
DEBUG: src/lcthw/hashmap.c:Hashmap_get_node:205: TRY: 15
DEBUG: src/lcthw/hashmap.c:Hashmap_get_node:205: TRY: 16
DEBUG: src/lcthw/hashmap.c:Hashmap_get_node:205: TRY: 17
DEBUG: src/lcthw/hashmap.c:Hashmap_get_node:205: TRY: 18
DEBUG: src/lcthw/hashmap.c:Hashmap_get_node:205: TRY: 19
DEBUG: src/lcthw/hashmap.c:Hashmap_get_node:205: TRY: 20
DEBUG: src/lcthw/hashmap.c:Hashmap_get_node:205: TRY: 21
DEBUG: src/lcthw/hashmap.c:Hashmap_get_node:205: TRY: 22
DEBUG: src/lcthw/hashmap.c:Hashmap_get_node:205: TRY: 23
DEBUG: src/lcthw/hashmap.c:Hashmap_get_node:205: TRY: 24
DEBUG: src/lcthw/hashmap.c:Hashmap_get_node:205: TRY: 25
DEBUG: src/lcthw/hashmap.c:Hashmap_get_node:205: TRY: 26
DEBUG: src/lcthw/hashmap.c:Hashmap_get_node:205: TRY: 27
DEBUG: src/lcthw/hashmap.c:Hashmap_get_node:205: TRY: 28
DEBUG: src/lcthw/hashmap.c:Hashmap_get_node:205: TRY: 29
DEBUG: src/lcthw/hashmap.c:Hashmap_get_node:205: TRY: 30
DEBUG: src/lcthw/hashmap.c:Hashmap_get_node:205: TRY: 31
DEBUG: src/lcthw/hashmap.c:Hashmap_get_node:205: TRY: 32
DEBUG: src/lcthw/hashmap.c:Hashmap_get_node:205: TRY: 0
DEBUG: src/lcthw/hashmap.c:Hashmap_get_node:205: TRY: 1
DEBUG: src/lcthw/hashmap.c:Hashmap_get_node:205: TRY: 2
DEBUG: src/lcthw/hashmap.c:Hashmap_get_node:205: TRY: 3
DEBUG: src/lcthw/hashmap.c:Hashmap_get_node:205: TRY: 4
DEBUG: src/lcthw/hashmap.c:Hashmap_get_node:205: TRY: 5
DEBUG: src/lcthw/hashmap.c:Hashmap_get_node:205: TRY: 6
DEBUG: src/lcthw/hashmap.c:Hashmap_get_node:205: TRY: 7
DEBUG: src/lcthw/hashmap.c:Hashmap_get_node:205: TRY: 8
DEBUG: src/lcthw/hashmap.c:Hashmap_get_node:205: TRY: 9
DEBUG: src/lcthw/hashmap.c:Hashmap_get_node:205: TRY: 10
DEBUG: src/lcthw/hashmap.c:Hashmap_get_node:205: TRY: 11
DEBUG: src/lcthw/hashmap.c:Hashmap_get_node:205: TRY: 12
DEBUG: src/lcthw/hashmap.c:Hashmap_get_node:205: TRY: 13
DEBUG: src/lcthw/hashmap.c:Hashmap_get_node:205: TRY: 14
DEBUG: src/lcthw/hashmap.c:Hashmap_get_node:205: TRY: 15
DEBUG: src/lcthw/hashmap.c:Hashmap_get_node:205: TRY: 16
DEBUG: src/lcthw/hashmap.c:Hashmap_get_node:205: TRY: 17
DEBUG: src/lcthw/hashmap.c:Hashmap_get_node:205: TRY: 18
DEBUG: src/lcthw/hashmap.c:Hashmap_get_node:205: TRY: 19
DEBUG: src/lcthw/hashmap.c:Hashmap_get_node:205: TRY: 20
DEBUG: src/lcthw/hashmap.c:Hashmap_get_node:205: TRY: 21
DEBUG: src/lcthw/hashmap.c:Hashmap_get_node:205: TRY: 22
DEBUG: src/lcthw/hashmap.c:Hashmap_get_node:205: TRY: 23
DEBUG: src/lcthw/hashmap.c:Hashmap_get_node:205: TRY: 24
DEBUG: src/lcthw/hashmap.c:Hashmap_get_node:205: TRY: 25
DEBUG: src/lcthw/hashmap.c:Hashmap_get_node:205: TRY: 26
DEBUG: src/lcthw/hashmap.c:Hashmap_get_node:205: TRY: 27
DEBUG: src/lcthw/hashmap.c:Hashmap_get_node:205: TRY: 28
DEBUG: src/lcthw/hashmap.c:Hashmap_get_node:205: TRY: 0
DEBUG: src/lcthw/hashmap.c:Hashmap_get_node:205: TRY: 1
DEBUG: src/lcthw/hashmap.c:Hashmap_get_node:205: TRY: 2
DEBUG: src/lcthw/hashmap.c:Hashmap_get_node:205: TRY: 3
DEBUG: src/lcthw/hashmap.c:Hashmap_get_node:205: TRY: 4
DEBUG: src/lcthw/hashmap.c:Hashmap_get_node:205: TRY: 5
DEBUG: src/lcthw/hashmap.c:Hashmap_get_node:205: TRY: 6
DEBUG: src/lcthw/hashmap.c:Hashmap_get_node:205: TRY: 7
DEBUG: src/lcthw/hashmap.c:Hashmap_get_node:205: TRY: 8
DEBUG: src/lcthw/hashmap.c:Hashmap_get_node:205: TRY: 9
DEBUG: src/lcthw/hashmap.c:Hashmap_get_node:205: TRY: 10
DEBUG: src/lcthw/hashmap.c:Hashmap_get_node:205: TRY: 11
DEBUG: src/lcthw/hashmap.c:Hashmap_get_node:205: TRY: 12
DEBUG: src/lcthw/hashmap.c:Hashmap_get_node:205: TRY: 13
DEBUG: src/lcthw/hashmap.c:Hashmap_get_node:205: TRY: 14
DEBUG: src/lcthw/hashmap.c:Hashmap_get_node:205: TRY: 15
DEBUG: src/lcthw/hashmap.c:Hashmap_get_node:205: TRY: 16
DEBUG: src/lcthw/hashmap.c:Hashmap_get_node:205: TRY: 17
DEBUG: src/lcthw/hashmap.c:Hashmap_get_node:205: TRY: 18
DEBUG: src/lcthw/hashmap.c:Hashmap_get_node:205: TRY: 19
DEBUG: src/lcthw/hashmap.c:Hashmap_get_node:205: TRY: 20
DEBUG: src/lcthw/hashmap.c:Hashmap_get_node:205: TRY: 21
DEBUG: src/lcthw/hashmap.c:Hashmap_get_node:205: TRY: 22
DEBUG: src/lcthw/hashmap.c:Hashmap_get_node:205: TRY: 23
DEBUG: src/lcthw/hashmap.c:Hashmap_get_node:205: TRY: 24
DEBUG: src/lcthw/hashmap.c:Hashmap_get_node:205: TRY: 25
DEBUG: src/lcthw/hashmap.c:Hashmap_get_node:205: TRY: 26
DEBUG: src/lcthw/hashmap.c:Hashmap_get_node:205: TRY: 27
DEBUG: src/lcthw/hashmap.c:Hashmap_get_node:205: TRY: 28
DEBUG: src/lcthw/hashmap.c:Hashmap_get_node:205: TRY: 29
DEBUG: src/lcthw/hashmap.c:Hashmap_get_node:205: TRY: 30
DEBUG: src/lcthw/hashmap.c:Hashmap_get_node:205: TRY: 31
DEBUG: src/lcthw/hashmap.c:Hashmap_get_node:205: TRY: 0
DEBUG: src/lcthw/hashmap.c:Hashmap_get_node:205: TRY: 1
DEBUG: src/lcthw/hashmap.c:Hashmap_get_node:205: TRY: 2
DEBUG: src/lcthw/hashmap.c:Hashmap_get_node:205: TRY: 3
DEBUG: src/lcthw/hashmap.c:Hashmap_get_node:205: TRY: 4
DEBUG: src/lcthw/hashmap.c:Hashmap_get_node:205: TRY: 5
DEBUG: src/lcthw/hashmap.c:Hashmap_get_node:205: TRY: 6
DEBUG: src/lcthw/hashmap.c:Hashmap_get_node:205: TRY: 7
DEBUG: src/lcthw/hashmap.c:Hashmap_get_node:205: TRY: 8
DEBUG: src/lcthw/hashmap.c:Hashmap_get_node:205: TRY: 9
DEBUG: src/lcthw/hashmap.c:Hashmap_get_node:205: TRY: 10
DEBUG: src/lcthw/hashmap.c:Hashmap_get_node:205: TRY: 11
DEBUG: src/lcthw/hashmap.c:Hashmap_get_node:205: TRY: 12
DEBUG: src/lcthw/hashmap.c:Hashmap_get_node:205: TRY: 13
DEBUG: src/lcthw/hashmap.c:Hashmap_get_node:205: TRY: 14
DEBUG: src/lcthw/hashmap.c:Hashmap_get_node:205: TRY: 15
DEBUG: src/lcthw/hashmap.c:Hashmap_get_node:205: TRY: 16
DEBUG: src/lcthw/hashmap.c:Hashmap_get_node:205: TRY: 17
DEBUG: src/lcthw/hashmap.c:Hashmap_get_node:205: TRY: 18
DEBUG: src/lcthw/hashmap.c:Hashmap_get_node:205: TRY: 19
DEBUG: src/lcthw/hashmap.c:Hashmap_get_node:205: TRY: 20
DEBUG: src/lcthw/hashmap.c:Hashmap_get_node:205: TRY: 21
DEBUG: src/lcthw/hashmap.c:Hashmap_get_node:205: TRY: 22
DEBUG: src/lcthw/hashmap.c:Hashmap_get_node:205: TRY: 23
DEBUG: src/lcthw/hashmap.c:Hashmap_get_node:205: TRY: 24
DEBUG: src/lcthw/hashmap.c:Hashmap_get_node:205: TRY: 25
DEBUG: src/lcthw/hashmap.c:Hashmap_get_node:205: TRY: 26
DEBUG: src/lcthw/hashmap.c:Hashmap_get_node:205: TRY: 27
DEBUG: src/lcthw/hashmap.c:Hashmap_get_node:205: TRY: 28
DEBUG: src/lcthw/hashmap.c:Hashmap_get_node:205: TRY: 29
DEBUG: src/lcthw/hashmap.c:Hashmap_get_node:205: TRY: 30
DEBUG: src/lcthw/hashmap.c:Hashmap_get_node:205: TRY: 31
DEBUG: src/lcthw/hashmap.c:Hashmap_get_node:205: TRY: 32
DEBUG: src/lcthw/hashmap.c:Hashmap_get_node:205: TRY: 33
DEBUG: src/lcthw/hashmap.c:Hashmap_get_node:205: TRY: 0
DEBUG: src/lcthw/hashmap.c:Hashmap_get_node:205: TRY: 1
DEBUG: src/lcthw/hashmap.c:Hashmap_get_node:205: TRY: 2
DEBUG: src/lcthw/hashmap.c:Hashmap_get_node:205: TRY: 3
DEBUG: src/lcthw/hashmap.c:Hashmap_get_node:205: TRY: 4
DEBUG: src/lcthw/hashmap.c:Hashmap_get_node:205: TRY: 5
DEBUG: src/lcthw/hashmap.c:Hashmap_get_node:205: TRY: 6
DEBUG: src/lcthw/hashmap.c:Hashmap_get_node:205: TRY: 7
DEBUG: src/lcthw/hashmap.c:Hashmap_get_node:205: TRY: 8
DEBUG: src/lcthw/hashmap.c:Hashmap_get_node:205: TRY: 9
DEBUG: src/lcthw/hashmap.c:Hashmap_get_node:205: TRY: 10
DEBUG: src/lcthw/hashmap.c:Hashmap_get_node:205: TRY: 11
DEBUG: src/lcthw/hashmap.c:Hashmap_get_node:205: TRY: 12
DEBUG: src/lcthw/hashmap.c:Hashmap_get_node:205: TRY: 13
DEBUG: src/lcthw/hashmap.c:Hashmap_get_node:205: TRY: 14
DEBUG: src/lcthw/hashmap.c:Hashmap_get_node:205: TRY: 15
DEBUG: src/lcthw/hashmap.c:Hashmap_get_node:205: TRY: 16
DEBUG: src/lcthw/hashmap.c:Hashmap_get_node:205: TRY: 17
DEBUG: src/lcthw/hashmap.c:Hashmap_get_node:205: TRY: 18
DEBUG: src/lcthw/hashmap.c:Hashmap_get_node:205: TRY: 19
DEBUG: src/lcthw/hashmap.c:Hashmap_get_node:205: TRY: 20
DEBUG: src/lcthw/hashmap.c:Hashmap_get_node:205: TRY: 21
DEBUG: src/lcthw/hashmap.c:Hashmap_get_node:205: TRY: 22
DEBUG: src/lcthw/hashmap.c:Hashmap_get_node:205: TRY: 23
DEBUG: src/lcthw/hashmap.c:Hashmap_get_node:205: TRY: 24
DEBUG: src/lcthw/hashmap.c:Hashmap_get_node:205: TRY: 25
DEBUG: src/lcthw/hashmap.c:Hashmap_get_node:205: TRY: 0
DEBUG: src/lcthw/hashmap.c:Hashmap_get_node:205: TRY: 1
DEBUG: src/lcthw/hashmap.c:Hashmap_get_node:205: TRY: 2
DEBUG: src/lcthw/hashmap.c:Hashmap_get_node:205: TRY: 3
DEBUG: src/lcthw/hashmap.c:Hashmap_get_node:205: TRY: 4
DEBUG: src/lcthw/hashmap.c:Hashmap_get_node:205: TRY: 5
DEBUG: src/lcthw/hashmap.c:Hashmap_get_node:205: TRY: 6
DEBUG: src/lcthw/hashmap.c:Hashmap_get_node:205: TRY: 7
DEBUG: src/lcthw/hashmap.c:Hashmap_get_node:205: TRY: 8
DEBUG: src/lcthw/hashmap.c:Hashmap_get_node:205: TRY: 9
DEBUG: src/lcthw/hashmap.c:Hashmap_get_node:205: TRY: 10
DEBUG: src/lcthw/hashmap.c:Hashmap_get_node:205: TRY: 11
DEBUG: src/lcthw/hashmap.c:Hashmap_get_node:205: TRY: 12
DEBUG: src/lcthw/hashmap.c:Hashmap_get_node:205: TRY: 13
DEBUG: src/lcthw/hashmap.c:Hashmap_get_node:205: TRY: 14
DEBUG: src/lcthw/hashmap.c:Hashmap_get_node:205: TRY: 15
DEBUG: src/lcthw/hashmap.c:Hashmap_get_node:205: TRY: 16
DEBUG: src/lcthw/hashmap.c:Hashmap_get_node:205: TRY: 17
DEBUG: src/lcthw/hashmap.c:Hashmap_get_node:205: TRY: 18
DEBUG: src/lcthw/hashmap.c:Hashmap_get_node:205: TRY: 19
DEBUG: src/lcthw/hashmap.c:Hashmap_get_node:205: TRY: 20
DEBUG: src/lcthw/hashmap.c:Hashmap_get_node:205: TRY: 21
DEBUG: src/lcthw/hashmap.c:Hashmap_get_node:205: TRY: 22
DEBUG: src/lcthw/hashmap.c:Hashmap_get_node:205: TRY: 23
DEBUG: src/lcthw/hashmap.c:Hashmap_get_node:205: TRY: 24
DEBUG: src/lcthw/hashmap.c:Hashmap_get_node:205: TRY: 25
DEBUG: src/lcthw/hashmap.c:Hashmap_get_node:205: TRY: 26
DEBUG: src/lcthw/hashmap.c:Hashmap_get_node:205: TRY: 27
DEBUG: src/lcthw/hashmap.c:Hashmap_get_node:205: TRY: 28
DEBUG: src/lcthw/hashmap.c:Hashmap_get_node:205: TRY: 29
DEBUG: src/lcthw/hashmap.c:Hashmap_get_node:205: TRY: 30
DEBUG: src/lcthw/hashmap.c:Hashmap_get_node:205: TRY: 31
DEBUG: src/lcthw/hashmap.c:Hashmap_get_node:205: TRY: 32
DEBUG: src/lcthw/hashmap.c:Hashmap_get_node:205: TRY: 33
DEBUG: src/lcthw/hashmap.c:Hashmap_get_node:205: TRY: 34
DEBUG: src/lcthw/hashmap.c:Hashmap_get_node:205: TRY: 35
DEBUG: src/lcthw/hashmap.c:Hashmap_get_node:205: TRY: 0
DEBUG: src/lcthw/hashmap.c:Hashmap_get_node:205: TRY: 1
DEBUG: src/lcthw/hashmap.c:Hashmap_get_node:205: TRY: 2
DEBUG: src/lcthw/hashmap.c:Hashmap_get_node:205: TRY: 3
DEBUG: src/lcthw/hashmap.c:Hashmap_get_node:205: TRY: 4
DEBUG: src/lcthw/hashmap.c:Hashmap_get_node:205: TRY: 5
DEBUG: src/lcthw/hashmap.c:Hashmap_get_node:205: TRY: 6
DEBUG: src/lcthw/hashmap.c:Hashmap_get_node:205: TRY: 7
DEBUG: src/lcthw/hashmap.c:Hashmap_get_node:205: TRY: 8
DEBUG: src/lcthw/hashmap.c:Hashmap_get_node:205: TRY: 9
DEBUG: src/lcthw/hashmap.c:Hashmap_get_node:205: TRY: 10
DEBUG: src/lcthw/hashmap.c:Hashmap_get_node:205: TRY: 11
DEBUG: src/lcthw/hashmap.c:Hashmap_get_node:205: TRY: 12
DEBUG: src/lcthw/hashmap.c:Hashmap_get_node:205: TRY: 13
DEBUG: src/lcthw/hashmap.c:Hashmap_get_node:205: TRY: 14
DEBUG: src/lcthw/hashmap.c:Hashmap_get_node:205: TRY: 15
DEBUG: src/lcthw/hashmap.c:Hashmap_get_node:205: TRY: 16
DEBUG: src/lcthw/hashmap.c:Hashmap_get_node:205: TRY: 17
DEBUG: src/lcthw/hashmap.c:Hashmap_get_node:205: TRY: 18
DEBUG: src/lcthw/hashmap.c:Hashmap_get_node:205: TRY: 19
DEBUG: src/lcthw/hashmap.c:Hashmap_get_node:205: TRY: 20
DEBUG: src/lcthw/hashmap.c:Hashmap_get_node:205: TRY: 21
DEBUG: src/lcthw/hashmap.c:Hashmap_get_node:205: TRY: 22
DEBUG: src/lcthw/hashmap.c:Hashmap_get_node:205: TRY: 23
DEBUG: src/lcthw/hashmap.c:Hashmap_get_node:205: TRY: 24
DEBUG: src/lcthw/hashmap.c:Hashmap_get_node:205: TRY: 25
DEBUG: src/lcthw/hashmap.c:Hashmap_get_node:205: TRY: 26
DEBUG: src/lcthw/hashmap.c:Hashmap_get_node:205: TRY: 27
DEBUG: src/lcthw/hashmap.c:Hashmap_get_node:205: TRY: 28
DEBUG: src/lcthw/hashmap.c:Hashmap_get_node:205: TRY: 29
DEBUG: src/lcthw/hashmap.c:Hashmap_get_node:205: TRY: 30
DEBUG: src/lcthw/hashmap.c:Hashmap_get_node:205: TRY: 31
DEBUG: src/lcthw/hashmap.c:Hashmap_get_node:205: TRY: 32
DEBUG: src/lcthw/hashmap.c:Hashmap_get_node:205: TRY: 33
DEBUG: src/lcthw/hashmap.c:Hashmap_get_node:205: TRY: 34
DEBUG: src/lcthw/hashmap.c:Hashmap_get_node:205: TRY: 35
DEBUG: src/lcthw/hashmap.c:Hashmap_get_node:205: TRY: 36
DEBUG: src/lcthw/hashmap.c:Hashmap_get_node:205: TRY: 37
DEBUG: src/lcthw/hashmap.c:Hashmap_get_node:205: TRY: 38
DEBUG: src/lcthw/hashmap.c:Hashmap_get_node:205: TRY: 39
DEBUG: src/lcthw/hashmap.c:Hashmap_get_node:205: TRY: 40
DEBUG: src/lcthw/hashmap.c:Hashmap_get_node:205: TRY: 0
DEBUG: src/lcthw/hashmap.c:Hashmap_get_node:205: TRY: 1
DEBUG: src/lcthw/hashmap.c:Hashmap_get_node:205: TRY: 2
DEBUG: src/lcthw/hashmap.c:Hashmap_get_node:205: TRY: 3
DEBUG: src/lcthw/hashmap.c:Hashmap_get_node:205: TRY: 4
DEBUG: src/lcthw/hashmap.c:Hashmap_get_node:205: TRY: 5
DEBUG: src/lcthw/hashmap.c:Hashmap_get_node:205: TRY: 6
DEBUG: src/lcthw/hashmap.c:Hashmap_get_node:205: TRY: 7
DEBUG: src/lcthw/hashmap.c:Hashmap_get_node:205: TRY: 8
DEBUG: src/lcthw/hashmap.c:Hashmap_get_node:205: TRY: 9
DEBUG: src/lcthw/hashmap.c:Hashmap_get_node:205: TRY: 10
DEBUG: src/lcthw/hashmap.c:Hashmap_get_node:205: TRY: 11
DEBUG: src/lcthw/hashmap.c:Hashmap_get_node:205: TRY: 12
DEBUG: src/lcthw/hashmap.c:Hashmap_get_node:205: TRY: 13
DEBUG: src/lcthw/hashmap.c:Hashmap_get_node:205: TRY: 14
DEBUG: src/lcthw/hashmap.c:Hashmap_get_node:205: TRY: 15
DEBUG: src/lcthw/hashmap.c:Hashmap_get_node:205: TRY: 16
DEBUG: src/lcthw/hashmap.c:Hashmap_get_node:205: TRY: 17
DEBUG: src/lcthw/hashmap.c:Hashmap_get_node:205: TRY: 18
DEBUG: src/lcthw/hashmap.c:Hashmap_get_node:205: TRY: 19
DEBUG: src/lcthw/hashmap.c:Hashmap_get_node:205: TRY: 20
DEBUG: src/lcthw/hashmap.c:Hashmap_get_node:205: TRY: 21
DEBUG: src/lcthw/hashmap.c:Hashmap_get_node:205: TRY: 22
DEBUG: src/lcthw/hashmap.c:Hashmap_get_node:205: TRY: 23
DEBUG: src/lcthw/hashmap.c:Hashmap_get_node:205: TRY: 24
DEBUG: src/lcthw/hashmap.c:Hashmap_get_node:205: TRY: 25
DEBUG: src/lcthw/hashmap.c:Hashmap_get_node:205: TRY: 26
DEBUG: src/lcthw/hashmap.c:Hashmap_get_node:205: TRY: 27
DEBUG: src/lcthw/hashmap.c:Hashmap_get_node:205: TRY: 28
DEBUG: src/lcthw/hashmap.c:Hashmap_get_node:205: TRY: 29
DEBUG: src/lcthw/hashmap.c:Hashmap_get_node:205: TRY: 0
DEBUG: src/lcthw/hashmap.c:Hashmap_get_node:205: TRY: 1
DEBUG: src/lcthw/hashmap.c:Hashmap_get_node:205: TRY: 2
DEBUG: src/lcthw/hashmap.c:Hashmap_get_node:205: TRY: 3
DEBUG: src/lcthw/hashmap.c:Hashmap_get_node:205: TRY: 4
DEBUG: src/lcthw/hashmap.c:Hashmap_get_node:205: TRY: 5
DEBUG: src/lcthw/hashmap.c:Hashmap_get_node:205: TRY: 6
DEBUG: src/lcthw/hashmap.c:Hashmap_get_node:205: TRY: 7
DEBUG: src/lcthw/hashmap.c:Hashmap_get_node:205: TRY: 8
DEBUG: src/lcthw/hashmap.c:Hashmap_get_node:205: TRY: 9
DEBUG: src/lcthw/hashmap.c:Hashmap_get_node:205: TRY: 10
DEBUG: src/lcthw/hashmap.c:Hashmap_get_node:205: TRY: 11
DEBUG: src/lcthw/hashmap.c:Hashmap_get_node:205: TRY: 12
DEBUG: src/lcthw/hashmap.c:Hashmap_get_node:205: TRY: 13
DEBUG: src/lcthw/hashmap.c:Hashmap_get_node:205: TRY: 14
DEBUG: src/lcthw/hashmap.c:Hashmap_get_node:205: TRY: 15
DEBUG: src/lcthw/hashmap.c:Hashmap_get_node:205: TRY: 16
DEBUG: src/lcthw/hashmap.c:Hashmap_get_node:205: TRY: 17
DEBUG: src/lcthw/hashmap.c:Hashmap_get_node:205: TRY: 18
DEBUG: src/lcthw/hashmap.c:Hashmap_get_node:205: TRY: 19
DEBUG: src/lcthw/hashmap.c:Hashmap_get_node:205: TRY: 20
DEBUG: src/lcthw/hashmap.c:Hashmap_get_node:205: TRY: 21
DEBUG: src/lcthw/hashmap.c:Hashmap_get_node:205: TRY: 22
DEBUG: src/lcthw/hashmap.c:Hashmap_get_node:205: TRY: 23
DEBUG: src/lcthw/hashmap.c:Hashmap_get_node:205: TRY: 24
DEBUG: src/lcthw/hashmap.c:Hashmap_get_node:205: TRY: 25
DEBUG: src/lcthw/hashmap.c:Hashmap_get_node:205: TRY: 26
DEBUG: src/lcthw/hashmap.c:Hashmap_get_node:205: TRY: 27
DEBUG: src/lcthw/hashmap.c:Hashmap_get_node:205: TRY: 28
DEBUG: src/lcthw/hashmap.c:Hashmap_get_node:205: TRY: 29
DEBUG: src/lcthw/hashmap.c:Hashmap_get_node:205: TRY: 30
DEBUG: src/lcthw/hashmap.c:Hashmap_get_node:205: TRY: 31
DEBUG: src/lcthw/hashmap.c:Hashmap_get_node:205: TRY: 32
DEBUG: src/lcthw/hashmap.c:Hashmap_get_node:205: TRY: 33
DEBUG: src/lcthw/hashmap.c:Hashmap_get_node:205: TRY: 34
DEBUG: src/lcthw/hashmap.c:Hashmap_get_node:205: TRY: 35
DEBUG: src/lcthw/hashmap.c:Hashmap_get_node:205: TRY: 36
DEBUG: src/lcthw/hashmap.c:Hashmap_get_node:205: TRY: 37
DEBUG: src/lcthw/hashmap.c:Hashmap_get_node:205: TRY: 38
DEBUG: src/lcthw/hashmap.c:Hashmap_get_node:205: TRY: 0
DEBUG: src/lcthw/hashmap.c:Hashmap_get_node:205: TRY: 1
DEBUG: src/lcthw/hashmap.c:Hashmap_get_node:205: TRY: 2
DEBUG: src/lcthw/hashmap.c:Hashmap_get_node:205: TRY: 3
DEBUG: src/lcthw/hashmap.c:Hashmap_get_node:205: TRY: 4
DEBUG: src/lcthw/hashmap.c:Hashmap_get_node:205: TRY: 5
DEBUG: src/lcthw/hashmap.c:Hashmap_get_node:205: TRY: 6
DEBUG: src/lcthw/hashmap.c:Hashmap_get_node:205: TRY: 7
DEBUG: src/lcthw/hashmap.c:Hashmap_get_node:205: TRY: 8
DEBUG: src/lcthw/hashmap.c:Hashmap_get_node:205: TRY: 9
DEBUG: src/lcthw/hashmap.c:Hashmap_get_node:205: TRY: 10
DEBUG: src/lcthw/hashmap.c:Hashmap_get_node:205: TRY: 11
DEBUG: src/lcthw/hashmap.c:Hashmap_get_node:205: TRY: 12
DEBUG: src/lcthw/hashmap.c:Hashmap_get_node:205: TRY: 13
DEBUG: src/lcthw/hashmap.c:Hashmap_get_node:205: TRY: 14
DEBUG: src/lcthw/hashmap.c:Hashmap_get_node:205: TRY: 15
DEBUG: src/lcthw/hashmap.c:Hashmap_get_node:205: TRY: 16
DEBUG: src/lcthw/hashmap.c:Hashmap_get_node:205: TRY: 17
DEBUG: src/lcthw/hashmap.c:Hashmap_get_node:205: TRY: 18
DEBUG: src/lcthw/hashmap.c:Hashmap_get_node:205: TRY: 19
DEBUG: src/lcthw/hashmap.c:Hashmap_get_node:205: TRY: 20
DEBUG: src/lcthw/hashmap.c:Hashmap_get_node:205: TRY: 21
DEBUG: src/lcthw/hashmap.c:Hashmap_get_node:205: TRY: 22
DEBUG: src/lcthw/hashmap.c:Hashmap_get_node:205: TRY: 23
DEBUG: src/lcthw/hashmap.c:Hashmap_get_node:205: TRY: 24
DEBUG: src/lcthw/hashmap.c:Hashmap_get_node:205: TRY: 25
DEBUG: src/lcthw/hashmap.c:Hashmap_get_node:205: TRY: 26
DEBUG: src/lcthw/hashmap.c:Hashmap_get_node:205: TRY: 27
DEBUG: src/lcthw/hashmap.c:Hashmap_get_node:205: TRY: 28
DEBUG: src/lcthw/hashmap.c:Hashmap_get_node:205: TRY: 29
DEBUG: src/lcthw/hashmap.c:Hashmap_get_node:205: TRY: 30
DEBUG: src/lcthw/hashmap.c:Hashmap_get_node:205: TRY: 0
DEBUG: src/lcthw/hashmap.c:Hashmap_get_node:205: TRY: 1
DEBUG: src/lcthw/hashmap.c:Hashmap_get_node:205: TRY: 2
DEBUG: src/lcthw/hashmap.c:Hashmap_get_node:205: TRY: 3
DEBUG: src/lcthw/hashmap.c:Hashmap_get_node:205: TRY: 4
DEBUG: src/lcthw/hashmap.c:Hashmap_get_node:205: TRY: 5
DEBUG: src/lcthw/hashmap.c:Hashmap_get_node:205: TRY: 6
DEBUG: src/lcthw/hashmap.c:Hashmap_get_node:205: TRY: 7
DEBUG: src/lcthw/hashmap.c:Hashmap_get_node:205: TRY: 8
DEBUG: src/lcthw/hashmap.c:Hashmap_get_node:205: TRY: 9
DEBUG: src/lcthw/hashmap.c:Hashmap_get_node:205: TRY: 10
DEBUG: src/lcthw/hashmap.c:Hashmap_get_node:205: TRY: 11
DEBUG: src/lcthw/hashmap.c:Hashmap_get_node:205: TRY: 12
DEBUG: src/lcthw/hashmap.c:Hashmap_get_node:205: TRY: 13
DEBUG: src/lcthw/hashmap.c:Hashmap_get_node:205: TRY: 14
DEBUG: src/lcthw/hashmap.c:Hashmap_get_node:205: TRY: 15
DEBUG: src/lcthw/hashmap.c:Hashmap_get_node:205: TRY: 16
DEBUG: src/lcthw/hashmap.c:Hashmap_get_node:205: TRY: 17
DEBUG: src/lcthw/hashmap.c:Hashmap_get_node:205: TRY: 18
DEBUG: src/lcthw/hashmap.c:Hashmap_get_node:205: TRY: 19
DEBUG: src/lcthw/hashmap.c:Hashmap_get_node:205: TRY: 20
DEBUG: src/lcthw/hashmap.c:Hashmap_get_node:205: TRY: 21
DEBUG: src/lcthw/hashmap.c:Hashmap_get_node:205: TRY: 22
DEBUG: src/lcthw/hashmap.c:Hashmap_get_node:205: TRY: 23
DEBUG: src/lcthw/hashmap.c:Hashmap_get_node:205: TRY: 24
DEBUG: src/lcthw/hashmap.c:Hashmap_get_node:205: TRY: 25
DEBUG: src/lcthw/hashmap.c:Hashmap_get_node:205: TRY: 26
DEBUG: src/lcthw/hashmap.c:Hashmap_get_node:205: TRY: 27
DEBUG: src/lcthw/hashmap.c:Hashmap_get_node:205: TRY: 28
DEBUG: src/lcthw/hashmap.c:Hashmap_get_node:205: TRY: 29
DEBUG: src/lcthw/hashmap.c:Hashmap_get_node:205: TRY: 30
DEBUG: src/lcthw/hashmap.c:Hashmap_get_node:205: TRY: 31
DEBUG: src/lcthw/hashmap.c:Hashmap_get_node:205: TRY: 32
DEBUG: src/lcthw/hashmap.c:Hashmap_get_node:205: TRY: 33
DEBUG: src/lcthw/hashmap.c:Hashmap_get_node:205: TRY: 34
DEBUG: src/lcthw/hashmap.c:Hashmap_get_node:205: TRY: 35
DEBUG: src/lcthw/hashmap.c:Hashmap_get_node:205: TRY: 36
DEBUG: src/lcthw/hashmap.c:Hashmap_get_node:205: TRY: 37
DEBUG: src/lcthw/hashmap.c:Hashmap_get_node:205: TRY: 38
DEBUG: src/lcthw/hashmap.c:Hashmap_get_node:205: TRY: 39
DEBUG: src/lcthw/hashmap.c:Hashmap_get_node:205: TRY: 40
DEBUG: src/lcthw/hashmap.c:Hashmap_get_node:205: TRY: 41
DEBUG: src/lcthw/hashmap.c:Hashmap_get_node:205: TRY: 42
DEBUG: src/lcthw/hashmap.c:Hashmap_get_node:205: TRY: 43
DEBUG: src/lcthw/hashmap.c:Hashmap_get_node:205: TRY: 44
DEBUG: src/lcthw/hashmap.c:Hashmap_get_node:205: TRY: 0
DEBUG: src/lcthw/hashmap.c:Hashmap_get_node:205: TRY: 1
DEBUG: src/lcthw/hashmap.c:Hashmap_get_node:205: TRY: 2
DEBUG: src/lcthw/hashmap.c:Hashmap_get_node:205: TRY: 3
DEBUG: src/lcthw/hashmap.c:Hashmap_get_node:205: TRY: 4
DEBUG: src/lcthw/hashmap.c:Hashmap_get_node:205: TRY: 5
DEBUG: src/lcthw/hashmap.c:Hashmap_get_node:205: TRY: 6
DEBUG: src/lcthw/hashmap.c:Hashmap_get_node:205: TRY: 7
DEBUG: src/lcthw/hashmap.c:Hashmap_get_node:205: TRY: 8
DEBUG: src/lcthw/hashmap.c:Hashmap_get_node:205: TRY: 9
DEBUG: src/lcthw/hashmap.c:Hashmap_get_node:205: TRY: 10
DEBUG: src/lcthw/hashmap.c:Hashmap_get_node:205: TRY: 11
DEBUG: src/lcthw/hashmap.c:Hashmap_get_node:205: TRY: 12
DEBUG: src/lcthw/hashmap.c:Hashmap_get_node:205: TRY: 13
DEBUG: src/lcthw/hashmap.c:Hashmap_get_node:205: TRY: 14
DEBUG: src/lcthw/hashmap.c:Hashmap_get_node:205: TRY: 15
DEBUG: src/lcthw/hashmap.c:Hashmap_get_node:205: TRY: 16
DEBUG: src/lcthw/hashmap.c:Hashmap_get_node:205: TRY: 17
DEBUG: src/lcthw/hashmap.c:Hashmap_get_node:205: TRY: 18
DEBUG: src/lcthw/hashmap.c:Hashmap_get_node:205: TRY: 19
DEBUG: src/lcthw/hashmap.c:Hashmap_get_node:205: TRY: 20
DEBUG: src/lcthw/hashmap.c:Hashmap_get_node:205: TRY: 21
DEBUG: src/lcthw/hashmap.c:Hashmap_get_node:205: TRY: 22
DEBUG: src/lcthw/hashmap.c:Hashmap_get_node:205: TRY: 23
DEBUG: src/lcthw/hashmap.c:Hashmap_get_node:205: TRY: 24
DEBUG: src/lcthw/hashmap.c:Hashmap_get_node:205: TRY: 25
DEBUG: src/lcthw/hashmap.c:Hashmap_get_node:205: TRY: 26
DEBUG: src/lcthw/hashmap.c:Hashmap_get_node:205: TRY: 0
DEBUG: src/lcthw/hashmap.c:Hashmap_get_node:205: TRY: 1
DEBUG: src/lcthw/hashmap.c:Hashmap_get_node:205: TRY: 2
DEBUG: src/lcthw/hashmap.c:Hashmap_get_node:205: TRY: 3
DEBUG: src/lcthw/hashmap.c:Hashmap_get_node:205: TRY: 4
DEBUG: src/lcthw/hashmap.c:Hashmap_get_node:205: TRY: 5
DEBUG: src/lcthw/hashmap.c:Hashmap_get_node:205: TRY: 6
DEBUG: src/lcthw/hashmap.c:Hashmap_get_node:205: TRY: 7
DEBUG: src/lcthw/hashmap.c:Hashmap_get_node:205: TRY: 8
DEBUG: src/lcthw/hashmap.c:Hashmap_get_node:205: TRY: 9
DEBUG: src/lcthw/hashmap.c:Hashmap_get_node:205: TRY: 10
DEBUG: src/lcthw/hashmap.c:Hashmap_get_node:205: TRY: 11
DEBUG: src/lcthw/hashmap.c:Hashmap_get_node:205: TRY: 12
DEBUG: src/lcthw/hashmap.c:Hashmap_get_node:205: TRY: 13
DEBUG: src/lcthw/hashmap.c:Hashmap_get_node:205: TRY: 14
DEBUG: src/lcthw/hashmap.c:Hashmap_get_node:205: TRY: 15
DEBUG: src/lcthw/hashmap.c:Hashmap_get_node:205: TRY: 16
DEBUG: src/lcthw/hashmap.c:Hashmap_get_node:205: TRY: 17
DEBUG: src/lcthw/hashmap.c:Hashmap_get_node:205: TRY: 18
DEBUG: src/lcthw/hashmap.c:Hashmap_get_node:205: TRY: 19
DEBUG: src/lcthw/hashmap.c:Hashmap_get_node:205: TRY: 20
DEBUG: src/lcthw/hashmap.c:Hashmap_get_node:205: TRY: 21
DEBUG: src/lcthw/hashmap.c:Hashmap_get_node:205: TRY: 22
DEBUG: src/lcthw/hashmap.c:Hashmap_get_node:205: TRY: 23
DEBUG: src/lcthw/hashmap.c:Hashmap_get_node:205: TRY: 24
DEBUG: src/lcthw/hashmap.c:Hashmap_get_node:205: TRY: 25
DEBUG: src/lcthw/hashmap.c:Hashmap_get_node:205: TRY: 26
DEBUG: src/lcthw/hashmap.c:Hashmap_get_node:205: TRY: 27
DEBUG: src/lcthw/hashmap.c:Hashmap_get_node:205: TRY: 28
DEBUG: src/lcthw/hashmap.c:Hashmap_get_node:205: TRY: 29
DEBUG: src/lcthw/hashmap.c:Hashmap_get_node:205: TRY: 30
DEBUG: src/lcthw/hashmap.c:Hashmap_get_node:205: TRY: 31
DEBUG: src/lcthw/hashmap.c:Hashmap_get_node:205: TRY: 32
DEBUG: src/lcthw/hashmap.c:Hashmap_get_node:205: TRY: 33
DEBUG: src/lcthw/hashmap.c:Hashmap_get_node:205: TRY: 34
DEBUG: src/lcthw/hashmap.c:Hashmap_get_node:205: TRY: 35
DEBUG: src/lcthw/hashmap.c:Hashmap_get_node:205: TRY: 36
DEBUG: src/lcthw/hashmap.c:Hashmap_get_node:205: TRY: 37
DEBUG: src/lcthw/hashmap.c:Hashmap_get_node:205: TRY: 38
DEBUG: src/lcthw/hashmap.c:Hashmap_get_node:205: TRY: 39
DEBUG: src/lcthw/hashmap.c:Hashmap_get_node:205: TRY: 40
DEBUG: src/lcthw/hashmap.c:Hashmap_get_node:205: TRY: 41
DEBUG: src/lcthw/hashmap.c:Hashmap_get_node:205: TRY: 42
DEBUG: src/lcthw/hashmap.c:Hashmap_get_node:205: TRY: 43
DEBUG: src/lcthw/hashmap.c:Hashmap_get_node:205: TRY: 44
DEBUG: src/lcthw/hashmap.c:Hashmap_get_node:205: TRY: 45
DEBUG: src/lcthw/hashmap.c:Hashmap_get_node:205: TRY: 46
DEBUG: src/lcthw/hashmap.c:Hashmap_get_node:205: TRY: 47
DEBUG: src/lcthw/hashmap.c:Hashmap_get_node:205: TRY: 48
DEBUG: src/lcthw/hashmap.c:Hashmap_get_node:205: TRY: 49
DEBUG: src/lcthw/hashmap.c:Hashmap_get_node:205: TRY: 50
DEBUG: src/lcthw/hashmap.c:Hashmap_get_node:205: TRY: 51
DEBUG: src/lcthw/hashmap.c:Hashmap_get_node:205: TRY: 52
DEBUG: src/lcthw/hashmap.c:Hashmap_get_node:205: TRY: 53
DEBUG: src/lcthw/hashmap.c:Hashmap_get_node:205: TRY: 54
DEBUG: src/lcthw/hashmap.c:Hashmap_get_node:205: TRY: 55
DEBUG: src/lcthw/hashmap.c:Hashmap_get_node:205: TRY: 56
DEBUG: src/lcthw/hashmap.c:Hashmap_get_node:205: TRY: 57
DEBUG: src/lcthw/hashmap.c:Hashmap_get_node:205: TRY: 58
DEBUG: src/lcthw/hashmap.c:Hashmap_get_node:205: TRY: 59
DEBUG: src/lcthw/hashmap.c:Hashmap_get_node:205: TRY: 0
DEBUG: src/lcthw/hashmap.c:Hashmap_get_node:205: TRY: 1
DEBUG: src/lcthw/hashmap.c:Hashmap_get_node:205: TRY: 2
DEBUG: src/lcthw/hashmap.c:Hashmap_get_node:205: TRY: 3
DEBUG: src/lcthw/hashmap.c:Hashmap_get_node:205: TRY: 4
DEBUG: src/lcthw/hashmap.c:Hashmap_get_node:205: TRY: 5
DEBUG: src/lcthw/hashmap.c:Hashmap_get_node:205: TRY: 6
DEBUG: src/lcthw/hashmap.c:Hashmap_get_node:205: TRY: 7
DEBUG: src/lcthw/hashmap.c:Hashmap_get_node:205: TRY: 8
DEBUG: src/lcthw/hashmap.c:Hashmap_get_node:205: TRY: 9
DEBUG: src/lcthw/hashmap.c:Hashmap_get_node:205: TRY: 10
DEBUG: src/lcthw/hashmap.c:Hashmap_get_node:205: TRY: 11
DEBUG: src/lcthw/hashmap.c:Hashmap_get_node:205: TRY: 12
DEBUG: src/lcthw/hashmap.c:Hashmap_get_node:205: TRY: 13
DEBUG: src/lcthw/hashmap.c:Hashmap_get_node:205: TRY: 14
DEBUG: src/lcthw/hashmap.c:Hashmap_get_node:205: TRY: 15
DEBUG: src/lcthw/hashmap.c:Hashmap_get_node:205: TRY: 16
DEBUG: src/lcthw/hashmap.c:Hashmap_get_node:205: TRY: 17
DEBUG: src/lcthw/hashmap.c:Hashmap_get_node:205: TRY: 18
DEBUG: src/lcthw/hashmap.c:Hashmap_get_node:205: TRY: 19
DEBUG: src/lcthw/hashmap.c:Hashmap_get_node:205: TRY: 20
DEBUG: src/lcthw/hashmap.c:Hashmap_get_node:205: TRY: 21
DEBUG: src/lcthw/hashmap.c:Hashmap_get_node:205: TRY: 22
DEBUG: src/lcthw/hashmap.c:Hashmap_get_node:205: TRY: 23
DEBUG: src/lcthw/hashmap.c:Hashmap_get_node:205: TRY: 24
DEBUG: src/lcthw/hashmap.c:Hashmap_get_node:205: TRY: 25
DEBUG: src/lcthw/hashmap.c:Hashmap_get_node:205: TRY: 26
DEBUG: src/lcthw/hashmap.c:Hashmap_get_node:205: TRY: 27
DEBUG: src/lcthw/hashmap.c:Hashmap_get_node:205: TRY: 28
DEBUG: src/lcthw/hashmap.c:Hashmap_get_node:205: TRY: 29
DEBUG: src/lcthw/hashmap.c:Hashmap_get_node:205: TRY: 30
DEBUG: src/lcthw/hashmap.c:Hashmap_get_node:205: TRY: 31
DEBUG: src/lcthw/hashmap.c:Hashmap_get_node:205: TRY: 32
DEBUG: src/lcthw/hashmap.c:Hashmap_get_node:205: TRY: 0
DEBUG: src/lcthw/hashmap.c:Hashmap_get_node:205: TRY: 1
DEBUG: src/lcthw/hashmap.c:Hashmap_get_node:205: TRY: 2
DEBUG: src/lcthw/hashmap.c:Hashmap_get_node:205: TRY: 3
DEBUG: src/lcthw/hashmap.c:Hashmap_get_node:205: TRY: 4
DEBUG: src/lcthw/hashmap.c:Hashmap_get_node:205: TRY: 5
DEBUG: src/lcthw/hashmap.c:Hashmap_get_node:205: TRY: 6
DEBUG: src/lcthw/hashmap.c:Hashmap_get_node:205: TRY: 7
DEBUG: src/lcthw/hashmap.c:Hashmap_get_node:205: TRY: 8
DEBUG: src/lcthw/hashmap.c:Hashmap_get_node:205: TRY: 9
DEBUG: src/lcthw/hashmap.c:Hashmap_get_node:205: TRY: 10
DEBUG: src/lcthw/hashmap.c:Hashmap_get_node:205: TRY: 11
DEBUG: src/lcthw/hashmap.c:Hashmap_get_node:205: TRY: 12
DEBUG: src/lcthw/hashmap.c:Hashmap_get_node:205: TRY: 13
DEBUG: src/lcthw/hashmap.c:Hashmap_get_node:205: TRY: 14
DEBUG: src/lcthw/hashmap.c:Hashmap_get_node:205: TRY: 15
DEBUG: src/lcthw/hashmap.c:Hashmap_get_node:205: TRY: 16
DEBUG: src/lcthw/hashmap.c:Hashmap_get_node:205: TRY: 17
DEBUG: src/lcthw/hashmap.c:Hashmap_get_node:205: TRY: 18
DEBUG: src/lcthw/hashmap.c:Hashmap_get_node:205: TRY: 19
DEBUG: src/lcthw/hashmap.c:Hashmap_get_node:205: TRY: 20
DEBUG: src/lcthw/hashmap.c:Hashmap_get_node:205: TRY: 21
DEBUG: src/lcthw/hashmap.c:Hashmap_get_node:205: TRY: 22
DEBUG: src/lcthw/hashmap.c:Hashmap_get_node:205: TRY: 23
DEBUG: src/lcthw/hashmap.c:Hashmap_get_node:205: TRY: 24
DEBUG: src/lcthw/hashmap.c:Hashmap_get_node:205: TRY: 25
DEBUG: src/lcthw/hashmap.c:Hashmap_get_node:205: TRY: 26
DEBUG: src/lcthw/hashmap.c:Hashmap_get_node:205: TRY: 27
DEBUG: src/lcthw/hashmap.c:Hashmap_get_node:205: TRY: 28
DEBUG: src/lcthw/hashmap.c:Hashmap_get_node:205: TRY: 29
DEBUG: src/lcthw/hashmap.c:Hashmap_get_node:205: TRY: 30
DEBUG: src/lcthw/hashmap.c:Hashmap_get_node:205: TRY: 31
DEBUG: src/lcthw/hashmap.c:Hashmap_get_node:205: TRY: 32
DEBUG: src/lcthw/hashmap.c:Hashmap_get_node:205: TRY: 33
DEBUG: src/lcthw/hashmap.c:Hashmap_get_node:205: TRY: 34
DEBUG: src/lcthw/hashmap.c:Hashmap_get_node:205: TRY: 35
DEBUG: src/lcthw/hashmap.c:Hashmap_get_node:205: TRY: 36
DEBUG: src/lcthw/hashmap.c:Hashmap_get_node:205: TRY: 37
DEBUG: src/lcthw/hashmap.c:Hashmap_get_node:205: TRY: 38
DEBUG: src/lcthw/hashmap.c:Hashmap_get_node:205: TRY: 39
DEBUG: src/lcthw/hashmap.c:Hashmap_get_node:205: TRY: 0
DEBUG: src/lcthw/hashmap.c:Hashmap_get_node:205: TRY: 1
DEBUG: src/lcthw/hashmap.c:Hashmap_get_node:205: TRY: 2
DEBUG: src/lcthw/hashmap.c:Hashmap_get_node:205: TRY: 3
DEBUG: src/lcthw/hashmap.c:Hashmap_get_node:205: TRY: 4
DEBUG: src/lcthw/hashmap.c:Hashmap_get_node:205: TRY: 5
DEBUG: src/lcthw/hashmap.c:Hashmap_get_node:205: TRY: 6
DEBUG: src/lcthw/hashmap.c:Hashmap_get_node:205: TRY: 7
DEBUG: src/lcthw/hashmap.c:Hashmap_get_node:205: TRY: 8
DEBUG: src/lcthw/hashmap.c:Hashmap_get_node:205: TRY: 9
DEBUG: src/lcthw/hashmap.c:Hashmap_get_node:205: TRY: 10
DEBUG: src/lcthw/hashmap.c:Hashmap_get_node:205: TRY: 11
DEBUG: src/lcthw/hashmap.c:Hashmap_get_node:205: TRY: 12
DEBUG: src/lcthw/hashmap.c:Hashmap_get_node:205: TRY: 13
DEBUG: src/lcthw/hashmap.c:Hashmap_get_node:205: TRY: 14
DEBUG: src/lcthw/hashmap.c:Hashmap_get_node:205: TRY: 15
DEBUG: src/lcthw/hashmap.c:Hashmap_get_node:205: TRY: 16
DEBUG: src/lcthw/hashmap.c:Hashmap_get_node:205: TRY: 17
DEBUG: src/lcthw/hashmap.c:Hashmap_get_node:205: TRY: 18
DEBUG: src/lcthw/hashmap.c:Hashmap_get_node:205: TRY: 19
DEBUG: src/lcthw/hashmap.c:Hashmap_get_node:205: TRY: 20
DEBUG: src/lcthw/hashmap.c:Hashmap_get_node:205: TRY: 21
DEBUG: src/lcthw/hashmap.c:Hashmap_get_node:205: TRY: 22
DEBUG: src/lcthw/hashmap.c:Hashmap_get_node:205: TRY: 23
DEBUG: src/lcthw/hashmap.c:Hashmap_get_node:205: TRY: 24
DEBUG: src/lcthw/hashmap.c:Hashmap_get_node:205: TRY: 25
DEBUG: src/lcthw/hashmap.c:Hashmap_get_node:205: TRY: 26
DEBUG: src/lcthw/hashmap.c:Hashmap_get_node:205: TRY: 27
DEBUG: src/lcthw/hashmap.c:Hashmap_get_node:205: TRY: 28
DEBUG: src/lcthw/hashmap.c:Hashmap_get_node:205: TRY: 29
DEBUG: src/lcthw/hashmap.c:Hashmap_get_node:205: TRY: 30
DEBUG: src/lcthw/hashmap.c:Hashmap_get_node:205: TRY: 31
DEBUG: src/lcthw/hashmap.c:Hashmap_get_node:205: TRY: 32
DEBUG: src/lcthw/hashmap.c:Hashmap_get_node:205: TRY: 33
DEBUG: src/lcthw/hashmap.c:Hashmap_get_node:205: TRY: 34
DEBUG: src/lcthw/hashmap.c:Hashmap_get_node:205: TRY: 35
DEBUG: src/lcthw/hashmap.c:Hashmap_get_node:205: TRY: 36
DEBUG: src/lcthw/hashmap.c:Hashmap_get_node:205: TRY: 37
DEBUG: src/lcthw/hashmap.c:Hashmap_get_node:205: TRY: 38
DEBUG: src/lcthw/hashmap.c:Hashmap_get_node:205: TRY: 39
DEBUG: src/lcthw/hashmap.c:Hashmap_get_node:205: TRY: 40
DEBUG: src/lcthw/hashmap.c:Hashmap_get_node:205: TRY: 0
DEBUG: src/lcthw/hashmap.c:Hashmap_get_node:205: TRY: 1
DEBUG: src/lcthw/hashmap.c:Hashmap_get_node:205: TRY: 2
DEBUG: src/lcthw/hashmap.c:Hashmap_get_node:205: TRY: 3
DEBUG: src/lcthw/hashmap.c:Hashmap_get_node:205: TRY: 4
DEBUG: src/lcthw/hashmap.c:Hashmap_get_node:205: TRY: 5
DEBUG: src/lcthw/hashmap.c:Hashmap_get_node:205: TRY: 6
DEBUG: src/lcthw/hashmap.c:Hashmap_get_node:205: TRY: 7
DEBUG: src/lcthw/hashmap.c:Hashmap_get_node:205: TRY: 8
DEBUG: src/lcthw/hashmap.c:Hashmap_get_node:205: TRY: 9
DEBUG: src/lcthw/hashmap.c:Hashmap_get_node:205: TRY: 10
DEBUG: src/lcthw/hashmap.c:Hashmap_get_node:205: TRY: 11
DEBUG: src/lcthw/hashmap.c:Hashmap_get_node:205: TRY: 12
DEBUG: src/lcthw/hashmap.c:Hashmap_get_node:205: TRY: 13
DEBUG: src/lcthw/hashmap.c:Hashmap_get_node:205: TRY: 14
DEBUG: src/lcthw/hashmap.c:Hashmap_get_node:205: TRY: 15
DEBUG: src/lcthw/hashmap.c:Hashmap_get_node:205: TRY: 16
DEBUG: src/lcthw/hashmap.c:Hashmap_get_node:205: TRY: 17
DEBUG: src/lcthw/hashmap.c:Hashmap_get_node:205: TRY: 18
DEBUG: src/lcthw/hashmap.c:Hashmap_get_node:205: TRY: 19
DEBUG: src/lcthw/hashmap.c:Hashmap_get_node:205: TRY: 20
DEBUG: src/lcthw/hashmap.c:Hashmap_get_node:205: TRY: 21
DEBUG: src/lcthw/hashmap.c:Hashmap_get_node:205: TRY: 22
DEBUG: src/lcthw/hashmap.c:Hashmap_get_node:205: TRY: 23
DEBUG: src/lcthw/hashmap.c:Hashmap_get_node:205: TRY: 24
DEBUG: src/lcthw/hashmap.c:Hashmap_get_node:205: TRY: 25
DEBUG: src/lcthw/hashmap.c:Hashmap_get_node:205: TRY: 26
DEBUG: src/lcthw/hashmap.c:Hashmap_get_node:205: TRY: 27
DEBUG: src/lcthw/hashmap.c:Hashmap_get_node:205: TRY: 28
DEBUG: src/lcthw/hashmap.c:Hashmap_get_node:205: TRY: 29
DEBUG: src/lcthw/hashmap.c:Hashmap_get_node:205: TRY: 30
DEBUG: src/lcthw/hashmap.c:Hashmap_get_node:205: TRY: 31
DEBUG: src/lcthw/hashmap.c:Hashmap_get_node:205: TRY: 32
DEBUG: src/lcthw/hashmap.c:Hashmap_get_node:205: TRY: 33
DEBUG: src/lcthw/hashmap.c:Hashmap_get_node:205: TRY: 34
DEBUG: src/lcthw/hashmap.c:Hashmap_get_node:205: TRY: 35
DEBUG: src/lcthw/hashmap.c:Hashmap_get_node:205: TRY: 36
DEBUG: src/lcthw/hashmap.c:Hashmap_get_node:205: TRY: 37
DEBUG: src/lcthw/hashmap.c:Hashmap_get_node:205: TRY: 38
DEBUG: src/lcthw/hashmap.c:Hashmap_get_node:205: TRY: 39
DEBUG: src/lcthw/hashmap.c:Hashmap_get_node:205: TRY: 40
DEBUG: src/lcthw/hashmap.c:Hashmap_get_node:205: TRY: 41
DEBUG: src/lcthw/hashmap.c:Hashmap_get_node:205: TRY: 42
DEBUG: src/lcthw/hashmap.c:Hashmap_get_node:205: TRY: 43
DEBUG: src/lcthw/hashmap.c:Hashmap_get_node:205: TRY: 44
DEBUG: src/lcthw/hashmap.c:Hashmap_get_node:205: TRY: 45
DEBUG: src/lcthw/hashmap.c:Hashmap_get_node:205: TRY: 0
DEBUG: src/lcthw/hashmap.c:Hashmap_get_node:205: TRY: 1
DEBUG: src/lcthw/hashmap.c:Hashmap_get_node:205: TRY: 2
DEBUG: src/lcthw/hashmap.c:Hashmap_get_node:205: TRY: 3
DEBUG: src/lcthw/hashmap.c:Hashmap_get_node:205: TRY: 4
DEBUG: src/lcthw/hashmap.c:Hashmap_get_node:205: TRY: 5
DEBUG: src/lcthw/hashmap.c:Hashmap_get_node:205: TRY: 6
DEBUG: src/lcthw/hashmap.c:Hashmap_get_node:205: TRY: 7
DEBUG: src/lcthw/hashmap.c:Hashmap_get_node:205: TRY: 8
DEBUG: src/lcthw/hashmap.c:Hashmap_get_node:205: TRY: 9
DEBUG: src/lcthw/hashmap.c:Hashmap_get_node:205: TRY: 10
DEBUG: src/lcthw/hashmap.c:Hashmap_get_node:205: TRY: 11
DEBUG: src/lcthw/hashmap.c:Hashmap_get_node:205: TRY: 12
DEBUG: src/lcthw/hashmap.c:Hashmap_get_node:205: TRY: 13
DEBUG: src/lcthw/hashmap.c:Hashmap_get_node:205: TRY: 14
DEBUG: src/lcthw/hashmap.c:Hashmap_get_node:205: TRY: 15
DEBUG: src/lcthw/hashmap.c:Hashmap_get_node:205: TRY: 16
DEBUG: src/lcthw/hashmap.c:Hashmap_get_node:205: TRY: 17
DEBUG: src/lcthw/hashmap.c:Hashmap_get_node:205: TRY: 18
DEBUG: src/lcthw/hashmap.c:Hashmap_get_node:205: TRY: 19
DEBUG: src/lcthw/hashmap.c:Hashmap_get_node:205: TRY: 20
DEBUG: src/lcthw/hashmap.c:Hashmap_get_node:205: TRY: 21
DEBUG: src/lcthw/hashmap.c:Hashmap_get_node:205: TRY: 22
DEBUG: src/lcthw/hashmap.c:Hashmap_get_node:205: TRY: 23
DEBUG: src/lcthw/hashmap.c:Hashmap_get_node:205: TRY: 24
DEBUG: src/lcthw/hashmap.c:Hashmap_get_node:205: TRY: 25
DEBUG: src/lcthw/hashmap.c:Hashmap_get_node:205: TRY: 26
DEBUG: src/lcthw/hashmap.c:Hashmap_get_node:205: TRY: 27
DEBUG: src/lcthw/hashmap.c:Hashmap_get_node:205: TRY: 28
DEBUG: src/lcthw/hashmap.c:Hashmap_get_node:205: TRY: 29
DEBUG: src/lcthw/hashmap.c:Hashmap_get_node:205: TRY: 30
DEBUG: src/lcthw/hashmap.c:Hashmap_get_node:205: TRY: 31
DEBUG: src/lcthw/hashmap.c:Hashmap_get_node:205: TRY: 32
DEBUG: src/lcthw/hashmap.c:Hashmap_get_node:205: TRY: 33
DEBUG: src/lcthw/hashmap.c:Hashmap_get_node:205: TRY: 34
DEBUG: src/lcthw/hashmap.c:Hashmap_get_node:205: TRY: 35
DEBUG: src/lcthw/hashmap.c:Hashmap_get_node:205: TRY: 36
DEBUG: src/lcthw/hashmap.c:Hashmap_get_node:205: TRY: 37
DEBUG: src/lcthw/hashmap.c:Hashmap_get_node:205: TRY: 38
DEBUG: src/lcthw/hashmap.c:Hashmap_get_node:205: TRY: 39
DEBUG: src/lcthw/hashmap.c:Hashmap_get_node:205: TRY: 40
DEBUG: src/lcthw/hashmap.c:Hashmap_get_node:205: TRY: 41
DEBUG: src/lcthw/hashmap.c:Hashmap_get_node:205: TRY: 0
DEBUG: src/lcthw/hashmap.c:Hashmap_get_node:205: TRY: 1
DEBUG: src/lcthw/hashmap.c:Hashmap_get_node:205: TRY: 2
DEBUG: src/lcthw/hashmap.c:Hashmap_get_node:205: TRY: 3
DEBUG: src/lcthw/hashmap.c:Hashmap_get_node:205: TRY: 4
DEBUG: src/lcthw/hashmap.c:Hashmap_get_node:205: TRY: 5
DEBUG: src/lcthw/hashmap.c:Hashmap_get_node:205: TRY: 6
DEBUG: src/lcthw/hashmap.c:Hashmap_get_node:205: TRY: 7
DEBUG: src/lcthw/hashmap.c:Hashmap_get_node:205: TRY: 8
DEBUG: src/lcthw/hashmap.c:Hashmap_get_node:205: TRY: 9
DEBUG: src/lcthw/hashmap.c:Hashmap_get_node:205: TRY: 10
DEBUG: src/lcthw/hashmap.c:Hashmap_get_node:205: TRY: 11
DEBUG: src/lcthw/hashmap.c:Hashmap_get_node:205: TRY: 12
DEBUG: src/lcthw/hashmap.c:Hashmap_get_node:205: TRY: 13
DEBUG: src/lcthw/hashmap.c:Hashmap_get_node:205: TRY: 14
DEBUG: src/lcthw/hashmap.c:Hashmap_get_node:205: TRY: 15
DEBUG: src/lcthw/hashmap.c:Hashmap_get_node:205: TRY: 16
DEBUG: src/lcthw/hashmap.c:Hashmap_get_node:205: TRY: 17
DEBUG: src/lcthw/hashmap.c:Hashmap_get_node:205: TRY: 18
DEBUG: src/lcthw/hashmap.c:Hashmap_get_node:205: TRY: 19
DEBUG: src/lcthw/hashmap.c:Hashmap_get_node:205: TRY: 20
DEBUG: src/lcthw/hashmap.c:Hashmap_get_node:205: TRY: 21
DEBUG: src/lcthw/hashmap.c:Hashmap_get_node:205: TRY: 22
DEBUG: src/lcthw/hashmap.c:Hashmap_get_node:205: TRY: 23
DEBUG: src/lcthw/hashmap.c:Hashmap_get_node:205: TRY: 24
DEBUG: src/lcthw/hashmap.c:Hashmap_get_node:205: TRY: 25
DEBUG: src/lcthw/hashmap.c:Hashmap_get_node:205: TRY: 26
DEBUG: src/lcthw/hashmap.c:Hashmap_get_node:205: TRY: 27
DEBUG: src/lcthw/hashmap.c:Hashmap_get_node:205: TRY: 28
DEBUG: src/lcthw/hashmap.c:Hashmap_get_node:205: TRY: 29
DEBUG: src/lcthw/hashmap.c:Hashmap_get_node:205: TRY: 30
DEBUG: src/lcthw/hashmap.c:Hashmap_get_node:205: TRY: 31
DEBUG: src/lcthw/hashmap.c:Hashmap_get_node:205: TRY: 32
DEBUG: src/lcthw/hashmap.c:Hashmap_get_node:205: TRY: 33
DEBUG: src/lcthw/hashmap.c:Hashmap_get_node:205: TRY: 34
DEBUG: src/lcthw/hashmap.c:Hashmap_get_node:205: TRY: 35
DEBUG: src/lcthw/hashmap.c:Hashmap_get_node:205: TRY: 36
DEBUG: src/lcthw/hashmap.c:Hashmap_get_node:205: TRY: 37
DEBUG: src/lcthw/hashmap.c:Hashmap_get_node:205: TRY: 38
DEBUG: src/lcthw/hashmap.c:Hashmap_get_node:205: TRY: 39
DEBUG: src/lcthw/hashmap.c:Hashmap_get_node:205: TRY: 40
DEBUG: src/lcthw/hashmap.c:Hashmap_get_node:205: TRY: 41
DEBUG: src/lcthw/hashmap.c:Hashmap_get_node:205: TRY: 42
DEBUG: src/lcthw/hashmap.c:Hashmap_get_node:205: TRY: 0
DEBUG: src/lcthw/hashmap.c:Hashmap_get_node:205: TRY: 1
DEBUG: src/lcthw/hashmap.c:Hashmap_get_node:205: TRY: 2
DEBUG: src/lcthw/hashmap.c:Hashmap_get_node:205: TRY: 3
DEBUG: src/lcthw/hashmap.c:Hashmap_get_node:205: TRY: 4
DEBUG: src/lcthw/hashmap.c:Hashmap_get_node:205: TRY: 5
DEBUG: src/lcthw/hashmap.c:Hashmap_get_node:205: TRY: 6
DEBUG: src/lcthw/hashmap.c:Hashmap_get_node:205: TRY: 7
DEBUG: src/lcthw/hashmap.c:Hashmap_get_node:205: TRY: 8
DEBUG: src/lcthw/hashmap.c:Hashmap_get_node:205: TRY: 9
DEBUG: src/lcthw/hashmap.c:Hashmap_get_node:205: TRY: 10
DEBUG: src/lcthw/hashmap.c:Hashmap_get_node:205: TRY: 11
DEBUG: src/lcthw/hashmap.c:Hashmap_get_node:205: TRY: 12
DEBUG: src/lcthw/hashmap.c:Hashmap_get_node:205: TRY: 13
DEBUG: src/lcthw/hashmap.c:Hashmap_get_node:205: TRY: 14
DEBUG: src/lcthw/hashmap.c:Hashmap_get_node:205: TRY: 15
DEBUG: src/lcthw/hashmap.c:Hashmap_get_node:205: TRY: 16
DEBUG: src/lcthw/hashmap.c:Hashmap_get_node:205: TRY: 17
DEBUG: src/lcthw/hashmap.c:Hashmap_get_node:205: TRY: 18
DEBUG: src/lcthw/hashmap.c:Hashmap_get_node:205: TRY: 19
DEBUG: src/lcthw/hashmap.c:Hashmap_get_node:205: TRY: 20
DEBUG: src/lcthw/hashmap.c:Hashmap_get_node:205: TRY: 21
DEBUG: src/lcthw/hashmap.c:Hashmap_get_node:205: TRY: 22
DEBUG: src/lcthw/hashmap.c:Hashmap_get_node:205: TRY: 23
DEBUG: src/lcthw/hashmap.c:Hashmap_get_node:205: TRY: 24
DEBUG: src/lcthw/hashmap.c:Hashmap_get_node:205: TRY: 25
DEBUG: src/lcthw/hashmap.c:Hashmap_get_node:205: TRY: 26
DEBUG: src/lcthw/hashmap.c:Hashmap_get_node:205: TRY: 27
DEBUG: src/lcthw/hashmap.c:Hashmap_get_node:205: TRY: 28
DEBUG: src/lcthw/hashmap.c:Hashmap_get_node:205: TRY: 29
DEBUG: src/lcthw/hashmap.c:Hashmap_get_node:205: TRY: 30
DEBUG: src/lcthw/hashmap.c:Hashmap_get_node:205: TRY: 31
DEBUG: src/lcthw/hashmap.c:Hashmap_get_node:205: TRY: 32
DEBUG: src/lcthw/hashmap.c:Hashmap_get_node:205: TRY: 33
DEBUG: src/lcthw/hashmap.c:Hashmap_get_node:205: TRY: 34
DEBUG: src/lcthw/hashmap.c:Hashmap_get_node:205: TRY: 35
DEBUG: src/lcthw/hashmap.c:Hashmap_get_node:205: TRY: 36
DEBUG: src/lcthw/hashmap.c:Hashmap_get_node:205: TRY: 37
DEBUG: src/lcthw/hashmap.c:Hashmap_get_node:205: TRY: 38
DEBUG: src/lcthw/hashmap.c:Hashmap_get_node:205: TRY: 39
DEBUG: src/lcthw/hashmap.c:Hashmap_get_node:205: TRY: 40
DEBUG: src/lcthw/hashmap.c:Hashmap_get_node:205: TRY: 41
DEBUG: src/lcthw/hashmap.c:Hashmap_get_node:205: TRY: 0
DEBUG: src/lcthw/hashmap.c:Hashmap_get_node:205: TRY: 1
DEBUG: src/lcthw/hashmap.c:Hashmap_get_node:205: TRY: 2
DEBUG: src/lcthw/hashmap.c:Hashmap_get_node:205: TRY: 3
DEBUG: src/lcthw/hashmap.c:Hashmap_get_node:205: TRY: 4
DEBUG: src/lcthw/hashmap.c:Hashmap_get_node:205: TRY: 5
DEBUG: src/lcthw/hashmap.c:Hashmap_get_node:205: TRY: 6
DEBUG: src/lcthw/hashmap.c:Hashmap_get_node:205: TRY: 7
DEBUG: src/lcthw/hashmap.c:Hashmap_get_node:205: TRY: 8
DEBUG: src/lcthw/hashmap.c:Hashmap_get_node:205: TRY: 9
DEBUG: src/lcthw/hashmap.c:Hashmap_get_node:205: TRY: 10
DEBUG: src/lcthw/hashmap.c:Hashmap_get_node:205: TRY: 11
DEBUG: src/lcthw/hashmap.c:Hashmap_get_node:205: TRY: 12
DEBUG: src/lcthw/hashmap.c:Hashmap_get_node:205: TRY: 13
DEBUG: src/lcthw/hashmap.c:Hashmap_get_node:205: TRY: 14
DEBUG: src/lcthw/hashmap.c:Hashmap_get_node:205: TRY: 15
DEBUG: src/lcthw/hashmap.c:Hashmap_get_node:205: TRY: 16
DEBUG: src/lcthw/hashmap.c:Hashmap_get_node:205: TRY: 17
DEBUG: src/lcthw/hashmap.c:Hashmap_get_node:205: TRY: 18
DEBUG: src/lcthw/hashmap.c:Hashmap_get_node:205: TRY: 19
DEBUG: src/lcthw/hashmap.c:Hashmap_get_node:205: TRY: 20
DEBUG: src/lcthw/hashmap.c:Hashmap_get_node:205: TRY: 21
DEBUG: src/lcthw/hashmap.c:Hashmap_get_node:205: TRY: 22
DEBUG: src/lcthw/hashmap.c:Hashmap_get_node:205: TRY: 23
DEBUG: src/lcthw/hashmap.c:Hashmap_get_node:205: TRY: 24
DEBUG: src/lcthw/hashmap.c:Hashmap_get_node:205: TRY: 25
DEBUG: src/lcthw/hashmap.c:Hashmap_get_node:205: TRY: 26
DEBUG: src/lcthw/hashmap.c:Hashmap_get_node:205: TRY: 27
DEBUG: src/lcthw/hashmap.c:Hashmap_get_node:205: TRY: 28
DEBUG: src/lcthw/hashmap.c:Hashmap_get_node:205: TRY: 29
DEBUG: src/lcthw/hashmap.c:Hashmap_get_node:205: TRY: 30
DEBUG: src/lcthw/hashmap.c:Hashmap_get_node:205: TRY: 31
DEBUG: src/lcthw/hashmap.c:Hashmap_get_node:205: TRY: 32
DEBUG: src/lcthw/hashmap.c:Hashmap_get_node:205: TRY: 33
DEBUG: src/lcthw/hashmap.c:Hashmap_get_node:205: TRY: 34
DEBUG: src/lcthw/hashmap.c:Hashmap_get_node:205: TRY: 0
DEBUG: src/lcthw/hashmap.c:Hashmap_get_node:205: TRY: 1
DEBUG: src/lcthw/hashmap.c:Hashmap_get_node:205: TRY: 2
DEBUG: src/lcthw/hashmap.c:Hashmap_get_node:205: TRY: 3
DEBUG: src/lcthw/hashmap.c:Hashmap_get_node:205: TRY: 4
DEBUG: src/lcthw/hashmap.c:Hashmap_get_node:205: TRY: 5
DEBUG: src/lcthw/hashmap.c:Hashmap_get_node:205: TRY: 6
DEBUG: src/lcthw/hashmap.c:Hashmap_get_node:205: TRY: 7
DEBUG: src/lcthw/hashmap.c:Hashmap_get_node:205: TRY: 8
DEBUG: src/lcthw/hashmap.c:Hashmap_get_node:205: TRY: 9
DEBUG: src/lcthw/hashmap.c:Hashmap_get_node:205: TRY: 10
DEBUG: src/lcthw/hashmap.c:Hashmap_get_node:205: TRY: 11
DEBUG: src/lcthw/hashmap.c:Hashmap_get_node:205: TRY: 12
DEBUG: src/lcthw/hashmap.c:Hashmap_get_node:205: TRY: 13
DEBUG: src/lcthw/hashmap.c:Hashmap_get_node:205: TRY: 14
DEBUG: src/lcthw/hashmap.c:Hashmap_get_node:205: TRY: 15
DEBUG: src/lcthw/hashmap.c:Hashmap_get_node:205: TRY: 16
DEBUG: src/lcthw/hashmap.c:Hashmap_get_node:205: TRY: 17
DEBUG: src/lcthw/hashmap.c:Hashmap_get_node:205: TRY: 18
DEBUG: src/lcthw/hashmap.c:Hashmap_get_node:205: TRY: 19
DEBUG: src/lcthw/hashmap.c:Hashmap_get_node:205: TRY: 20
DEBUG: src/lcthw/hashmap.c:Hashmap_get_node:205: TRY: 21
DEBUG: src/lcthw/hashmap.c:Hashmap_get_node:205: TRY: 22
DEBUG: src/lcthw/hashmap.c:Hashmap_get_node:205: TRY: 23
DEBUG: src/lcthw/hashmap.c:Hashmap_get_node:205: TRY: 24
DEBUG: src/lcthw/hashmap.c:Hashmap_get_node:205: TRY: 25
DEBUG: src/lcthw/hashmap.c:Hashmap_get_node:205: TRY: 26
DEBUG: src/lcthw/hashmap.c:Hashmap_get_node:205: TRY: 27
DEBUG: src/lcthw/hashmap.c:Hashmap_get_node:205: TRY: 0
DEBUG: src/lcthw/hashmap.c:Hashmap_get_node:205: TRY: 1
DEBUG: src/lcthw/hashmap.c:Hashmap_get_node:205: TRY: 2
DEBUG: src/lcthw/hashmap.c:Hashmap_get_node:205: TRY: 3
DEBUG: src/lcthw/hashmap.c:Hashmap_get_node:205: TRY: 4
DEBUG: src/lcthw/hashmap.c:Hashmap_get_node:205: TRY: 5
DEBUG: src/lcthw/hashmap.c:Hashmap_get_node:205: TRY: 6
DEBUG: src/lcthw/hashmap.c:Hashmap_get_node:205: TRY: 7
DEBUG: src/lcthw/hashmap.c:Hashmap_get_node:205: TRY: 8
DEBUG: src/lcthw/hashmap.c:Hashmap_get_node:205: TRY: 9
DEBUG: src/lcthw/hashmap.c:Hashmap_get_node:205: TRY: 10
DEBUG: src/lcthw/hashmap.c:Hashmap_get_node:205: TRY: 11
DEBUG: src/lcthw/hashmap.c:Hashmap_get_node:205: TRY: 12
DEBUG: src/lcthw/hashmap.c:Hashmap_get_node:205: TRY: 13
DEBUG: src/lcthw/hashmap.c:Hashmap_get_node:205: TRY: 14
DEBUG: src/lcthw/hashmap.c:Hashmap_get_node:205: TRY: 15
DEBUG: src/lcthw/hashmap.c:Hashmap_get_node:205: TRY: 16
DEBUG: src/lcthw/hashmap.c:Hashmap_get_node:205: TRY: 17
DEBUG: src/lcthw/hashmap.c:Hashmap_get_node:205: TRY: 18
DEBUG: src/lcthw/hashmap.c:Hashmap_get_node:205: TRY: 19
DEBUG: src/lcthw/hashmap.c:Hashmap_get_node:205: TRY: 20
DEBUG: src/lcthw/hashmap.c:Hashmap_get_node:205: TRY: 21
DEBUG: src/lcthw/hashmap.c:Hashmap_get_node:205: TRY: 22
DEBUG: src/lcthw/hashmap.c:Hashmap_get_node:205: TRY: 23
DEBUG: src/lcthw/hashmap.c:Hashmap_get_node:205: TRY: 24
DEBUG: src/lcthw/hashmap.c:Hashmap_get_node:205: TRY: 25
DEBUG: src/lcthw/hashmap.c:Hashmap_get_node:205: TRY: 26
DEBUG: src/lcthw/hashmap.c:Hashmap_get_node:205: TRY: 27
DEBUG: src/lcthw/hashmap.c:Hashmap_get_node:205: TRY: 28
DEBUG: src/lcthw/hashmap.c:Hashmap_get_node:205: TRY: 29
DEBUG: src/lcthw/hashmap.c:Hashmap_get_node:205: TRY: 30
DEBUG: src/lcthw/hashmap.c:Hashmap_get_node:205: TRY: 31
DEBUG: src/lcthw/hashmap.c:Hashmap_get_node:205: TRY: 32
DEBUG: src/lcthw/hashmap.c:Hashmap_get_node:205: TRY: 33
DEBUG: src/lcthw/hashmap.c:Hashmap_get_node:205: TRY: 0
DEBUG: src/lcthw/hashmap.c:Hashmap_get_node:205: TRY: 1
DEBUG: src/lcthw/hashmap.c:Hashmap_get_node:205: TRY: 2
DEBUG: src/lcthw/hashmap.c:Hashmap_get_node:205: TRY: 3
DEBUG: src/lcthw/hashmap.c:Hashmap_get_node:205: TRY: 4
DEBUG: src/lcthw/hashmap.c:Hashmap_get_node:205: TRY: 5
DEBUG: src/lcthw/hashmap.c:Hashmap_get_node:205: TRY: 6
DEBUG: src/lcthw/hashmap.c:Hashmap_get_node:205: TRY: 7
DEBUG: src/lcthw/hashmap.c:Hashmap_get_node:205: TRY: 8
DEBUG: src/lcthw/hashmap.c:Hashmap_get_node:205: TRY: 9
DEBUG: src/lcthw/hashmap.c:Hashmap_get_node:205: TRY: 10
DEBUG: src/lcthw/hashmap.c:Hashmap_get_node:205: TRY: 11
DEBUG: src/lcthw/hashmap.c:Hashmap_get_node:205: TRY: 12
DEBUG: src/lcthw/hashmap.c:Hashmap_get_node:205: TRY: 13
DEBUG: src/lcthw/hashmap.c:Hashmap_get_node:205: TRY: 14
DEBUG: src/lcthw/hashmap.c:Hashmap_get_node:205: TRY: 15
DEBUG: src/lcthw/hashmap.c:Hashmap_get_node:205: TRY: 16
DEBUG: src/lcthw/hashmap.c:Hashmap_get_node:205: TRY: 17
DEBUG: src/lcthw/hashmap.c:Hashmap_get_node:205: TRY: 18
DEBUG: src/lcthw/hashmap.c:Hashmap_get_node:205: TRY: 19
DEBUG: src/lcthw/hashmap.c:Hashmap_get_node:205: TRY: 20
DEBUG: src/lcthw/hashmap.c:Hashmap_get_node:205: TRY: 21
DEBUG: src/lcthw/hashmap.c:Hashmap_get_node:205: TRY: 22
DEBUG: src/lcthw/hashmap.c:Hashmap_get_node:205: TRY: 23
DEBUG: src/lcthw/hashmap.c:Hashmap_get_node:205: TRY: 24
DEBUG: src/lcthw/hashmap.c:Hashmap_get_node:205: TRY: 25
DEBUG: src/lcthw/hashmap.c:Hashmap_get_node:205: TRY: 26
DEBUG: src/lcthw/hashmap.c:Hashmap_get_node:205: TRY: 27
DEBUG: src/lcthw/hashmap.c:Hashmap_get_node:205: TRY: 28
DEBUG: src/lcthw/hashmap.c:Hashmap_get_node:205: TRY: 29
DEBUG: src/lcthw/hashmap.c:Hashmap_get_node:205: TRY: 30
DEBUG: src/lcthw/hashmap.c:Hashmap_get_node:205: TRY: 31
DEBUG: src/lcthw/hashmap.c:Hashmap_get_node:205: TRY: 32
DEBUG: src/lcthw/hashmap.c:Hashmap_get_node:205: TRY: 33
DEBUG: src/lcthw/hashmap.c:Hashmap_get_node:205: TRY: 34
DEBUG: src/lcthw/hashmap.c:Hashmap_get_node:205: TRY: 0
DEBUG: src/lcthw/hashmap.c:Hashmap_get_node:205: TRY: 1
DEBUG: src/lcthw/hashmap.c:Hashmap_get_node:205: TRY: 2
DEBUG: src/lcthw/hashmap.c:Hashmap_get_node:205: TRY: 3
DEBUG: src/lcthw/hashmap.c:Hashmap_get_node:205: TRY: 4
DEBUG: src/lcthw/hashmap.c:Hashmap_get_node:205: TRY: 5
DEBUG: src/lcthw/hashmap.c:Hashmap_get_node:205: TRY: 6
DEBUG: src/lcthw/hashmap.c:Hashmap_get_node:205: TRY: 7
DEBUG: src/lcthw/hashmap.c:Hashmap_get_node:205: TRY: 8
DEBUG: src/lcthw/hashmap.c:Hashmap_get_node:205: TRY: 9
DEBUG: src/lcthw/hashmap.c:Hashmap_get_node:205: TRY: 10
DEBUG: src/lcthw/hashmap.c:Hashmap_get_node:205: TRY: 11
DEBUG: src/lcthw/hashmap.c:Hashmap_get_node:205: TRY: 12
DEBUG: src/lcthw/hashmap.c:Hashmap_get_node:205: TRY: 13
DEBUG: src/lcthw/hashmap.c:Hashmap_get_node:205: TRY: 14
DEBUG: src/lcthw/hashmap.c:Hashmap_get_node:205: TRY: 15
DEBUG: src/lcthw/hashmap.c:Hashmap_get_node:205: TRY: 16
DEBUG: src/lcthw/hashmap.c:Hashmap_get_node:205: TRY: 17
DEBUG: src/lcthw/hashmap.c:Hashmap_get_node:205: TRY: 18
DEBUG: src/lcthw/hashmap.c:Hashmap_get_node:205: TRY: 19
DEBUG: src/lcthw/hashmap.c:Hashmap_get_node:205: TRY: 20
DEBUG: src/lcthw/hashmap.c:Hashmap_get_node:205: TRY: 21
DEBUG: src/lcthw/hashmap.c:Hashmap_get_node:205: TRY: 22
DEBUG: src/lcthw/hashmap.c:Hashmap_get_node:205: TRY: 23
DEBUG: src/lcthw/hashmap.c:Hashmap_get_node:205: TRY: 24
DEBUG: src/lcthw/hashmap.c:Hashmap_get_node:205: TRY: 25
DEBUG: src/lcthw/hashmap.c:Hashmap_get_node:205: TRY: 26
DEBUG: src/lcthw/hashmap.c:Hashmap_get_node:205: TRY: 27
DEBUG: src/lcthw/hashmap.c:Hashmap_get_node:205: TRY: 28
DEBUG: src/lcthw/hashmap.c:Hashmap_get_node:205: TRY: 29
DEBUG: src/lcthw/hashmap.c:Hashmap_get_node:205: TRY: 30
DEBUG: src/lcthw/hashmap.c:Hashmap_get_node:205: TRY: 31
DEBUG: src/lcthw/hashmap.c:Hashmap_get_node:205: TRY: 32
DEBUG: src/lcthw/hashmap.c:Hashmap_get_node:205: TRY: 33
DEBUG: src/lcthw/hashmap.c:Hashmap_get_node:205: TRY: 34
DEBUG: src/lcthw/hashmap.c:Hashmap_get_node:205: TRY: 35
DEBUG: src/lcthw/hashmap.c:Hashmap_get_node:205: TRY: 0
DEBUG: src/lcthw/hashmap.c:Hashmap_get_node:205: TRY: 1
DEBUG: src/lcthw/hashmap.c:Hashmap_get_node:205: TRY: 2
DEBUG: src/lcthw/hashmap.c:Hashmap_get_node:205: TRY: 3
DEBUG: src/lcthw/hashmap.c:Hashmap_get_node:205: TRY: 4
DEBUG: src/lcthw/hashmap.c:Hashmap_get_node:205: TRY: 5
DEBUG: src/lcthw/hashmap.c:Hashmap_get_node:205: TRY: 6
DEBUG: src/lcthw/hashmap.c:Hashmap_get_node:205: TRY: 7
DEBUG: src/lcthw/hashmap.c:Hashmap_get_node:205: TRY: 8
DEBUG: src/lcthw/hashmap.c:Hashmap_get_node:205: TRY: 9
DEBUG: src/lcthw/hashmap.c:Hashmap_get_node:205: TRY: 10
DEBUG: src/lcthw/hashmap.c:Hashmap_get_node:205: TRY: 11
DEBUG: src/lcthw/hashmap.c:Hashmap_get_node:205: TRY: 12
DEBUG: src/lcthw/hashmap.c:Hashmap_get_node:205: TRY: 13
DEBUG: src/lcthw/hashmap.c:Hashmap_get_node:205: TRY: 14
DEBUG: src/lcthw/hashmap.c:Hashmap_get_node:205: TRY: 15
DEBUG: src/lcthw/hashmap.c:Hashmap_get_node:205: TRY: 16
DEBUG: src/lcthw/hashmap.c:Hashmap_get_node:205: TRY: 17
DEBUG: src/lcthw/hashmap.c:Hashmap_get_node:205: TRY: 18
DEBUG: src/lcthw/hashmap.c:Hashmap_get_node:205: TRY: 19
DEBUG: src/lcthw/hashmap.c:Hashmap_get_node:205: TRY: 20
DEBUG: src/lcthw/hashmap.c:Hashmap_get_node:205: TRY: 21
DEBUG: src/lcthw/hashmap.c:Hashmap_get_node:205: TRY: 22
DEBUG: src/lcthw/hashmap.c:Hashmap_get_node:205: TRY: 23
DEBUG: src/lcthw/hashmap.c:Hashmap_get_node:205: TRY: 24
DEBUG: src/lcthw/hashmap.c:Hashmap_get_node:205: TRY: 25
DEBUG: src/lcthw/hashmap.c:Hashmap_get_node:205: TRY: 26
DEBUG: src/lcthw/hashmap.c:Hashmap_get_node:205: TRY: 27
DEBUG: src/lcthw/hashmap.c:Hashmap_get_node:205: TRY: 28
DEBUG: src/lcthw/hashmap.c:Hashmap_get_node:205: TRY: 29
DEBUG: src/lcthw/hashmap.c:Hashmap_get_node:205: TRY: 30
DEBUG: src/lcthw/hashmap.c:Hashmap_get_node:205: TRY: 31
DEBUG: src/lcthw/hashmap.c:Hashmap_get_node:205: TRY: 32
DEBUG: src/lcthw/hashmap.c:Hashmap_get_node:205: TRY: 33
DEBUG: src/lcthw/hashmap.c:Hashmap_get_node:205: TRY: 34
DEBUG: src/lcthw/hashmap.c:Hashmap_get_node:205: TRY: 35
DEBUG: src/lcthw/hashmap.c:Hashmap_get_node:205: TRY: 36
DEBUG: src/lcthw/hashmap.c:Hashmap_get_node:205: TRY: 37
DEBUG: src/lcthw/hashmap.c:Hashmap_get_node:205: TRY: 38
DEBUG: src/lcthw/hashmap.c:Hashmap_get_node:205: TRY: 39
DEBUG: src/lcthw/hashmap.c:Hashmap_get_node:205: TRY: 40
DEBUG: src/lcthw/hashmap.c:Hashmap_get_node:205: TRY: 41
DEBUG: src/lcthw/hashmap.c:Hashmap_get_node:205: TRY: 42
DEBUG: src/lcthw/hashmap.c:Hashmap_get_node:205: TRY: 0
DEBUG: src/lcthw/hashmap.c:Hashmap_get_node:205: TRY: 1
DEBUG: src/lcthw/hashmap.c:Hashmap_get_node:205: TRY: 2
DEBUG: src/lcthw/hashmap.c:Hashmap_get_node:205: TRY: 3
DEBUG: src/lcthw/hashmap.c:Hashmap_get_node:205: TRY: 4
DEBUG: src/lcthw/hashmap.c:Hashmap_get_node:205: TRY: 5
DEBUG: src/lcthw/hashmap.c:Hashmap_get_node:205: TRY: 6
DEBUG: src/lcthw/hashmap.c:Hashmap_get_node:205: TRY: 7
DEBUG: src/lcthw/hashmap.c:Hashmap_get_node:205: TRY: 8
DEBUG: src/lcthw/hashmap.c:Hashmap_get_node:205: TRY: 9
DEBUG: src/lcthw/hashmap.c:Hashmap_get_node:205: TRY: 10
DEBUG: src/lcthw/hashmap.c:Hashmap_get_node:205: TRY: 11
DEBUG: src/lcthw/hashmap.c:Hashmap_get_node:205: TRY: 12
DEBUG: src/lcthw/hashmap.c:Hashmap_get_node:205: TRY: 13
DEBUG: src/lcthw/hashmap.c:Hashmap_get_node:205: TRY: 14
DEBUG: src/lcthw/hashmap.c:Hashmap_get_node:205: TRY: 15
DEBUG: src/lcthw/hashmap.c:Hashmap_get_node:205: TRY: 16
DEBUG: src/lcthw/hashmap.c:Hashmap_get_node:205: TRY: 17
DEBUG: src/lcthw/hashmap.c:Hashmap_get_node:205: TRY: 18
DEBUG: src/lcthw/hashmap.c:Hashmap_get_node:205: TRY: 19
DEBUG: src/lcthw/hashmap.c:Hashmap_get_node:205: TRY: 20
DEBUG: src/lcthw/hashmap.c:Hashmap_get_node:205: TRY: 21
DEBUG: src/lcthw/hashmap.c:Hashmap_get_node:205: TRY: 22
DEBUG: src/lcthw/hashmap.c:Hashmap_get_node:205: TRY: 23
DEBUG: src/lcthw/hashmap.c:Hashmap_get_node:205: TRY: 24
DEBUG: src/lcthw/hashmap.c:Hashmap_get_node:205: TRY: 25
DEBUG: src/lcthw/hashmap.c:Hashmap_get_node:205: TRY: 26
DEBUG: src/lcthw/hashmap.c:Hashmap_get_node:205: TRY: 27
DEBUG: src/lcthw/hashmap.c:Hashmap_get_node:205: TRY: 28
DEBUG: src/lcthw/hashmap.c:Hashmap_get_node:205: TRY: 0
DEBUG: src/lcthw/hashmap.c:Hashmap_get_node:205: TRY: 1
DEBUG: src/lcthw/hashmap.c:Hashmap_get_node:205: TRY: 2
DEBUG: src/lcthw/hashmap.c:Hashmap_get_node:205: TRY: 3
DEBUG: src/lcthw/hashmap.c:Hashmap_get_node:205: TRY: 4
DEBUG: src/lcthw/hashmap.c:Hashmap_get_node:205: TRY: 5
DEBUG: src/lcthw/hashmap.c:Hashmap_get_node:205: TRY: 6
DEBUG: src/lcthw/hashmap.c:Hashmap_get_node:205: TRY: 7
DEBUG: src/lcthw/hashmap.c:Hashmap_get_node:205: TRY: 8
DEBUG: src/lcthw/hashmap.c:Hashmap_get_node:205: TRY: 9
DEBUG: src/lcthw/hashmap.c:Hashmap_get_node:205: TRY: 10
DEBUG: src/lcthw/hashmap.c:Hashmap_get_node:205: TRY: 11
DEBUG: src/lcthw/hashmap.c:Hashmap_get_node:205: TRY: 12
DEBUG: src/lcthw/hashmap.c:Hashmap_get_node:205: TRY: 13
DEBUG: src/lcthw/hashmap.c:Hashmap_get_node:205: TRY: 14
DEBUG: src/lcthw/hashmap.c:Hashmap_get_node:205: TRY: 15
DEBUG: src/lcthw/hashmap.c:Hashmap_get_node:205: TRY: 16
DEBUG: src/lcthw/hashmap.c:Hashmap_get_node:205: TRY: 17
DEBUG: src/lcthw/hashmap.c:Hashmap_get_node:205: TRY: 18
DEBUG: src/lcthw/hashmap.c:Hashmap_get_node:205: TRY: 19
DEBUG: src/lcthw/hashmap.c:Hashmap_get_node:205: TRY: 20
DEBUG: src/lcthw/hashmap.c:Hashmap_get_node:205: TRY: 21
DEBUG: src/lcthw/hashmap.c:Hashmap_get_node:205: TRY: 22
DEBUG: src/lcthw/hashmap.c:Hashmap_get_node:205: TRY: 23
DEBUG: src/lcthw/hashmap.c:Hashmap_get_node:205: TRY: 24
DEBUG: src/lcthw/hashmap.c:Hashmap_get_node:205: TRY: 25
DEBUG: src/lcthw/hashmap.c:Hashmap_get_node:205: TRY: 26
DEBUG: src/lcthw/hashmap.c:Hashmap_get_node:205: TRY: 27
DEBUG: src/lcthw/hashmap.c:Hashmap_get_node:205: TRY: 28
DEBUG: src/lcthw/hashmap.c:Hashmap_get_node:205: TRY: 29
DEBUG: src/lcthw/hashmap.c:Hashmap_get_node:205: TRY: 30
DEBUG: src/lcthw/hashmap.c:Hashmap_get_node:205: TRY: 31
DEBUG: src/lcthw/hashmap.c:Hashmap_get_node:205: TRY: 32
DEBUG: src/lcthw/hashmap.c:Hashmap_get_node:205: TRY: 33
DEBUG: src/lcthw/hashmap.c:Hashmap_get_node:205: TRY: 34
DEBUG: src/lcthw/hashmap.c:Hashmap_get_node:205: TRY: 35
DEBUG: src/lcthw/hashmap.c:Hashmap_get_node:205: TRY: 36
DEBUG: src/lcthw/hashmap.c:Hashmap_get_node:205: TRY: 0
DEBUG: src/lcthw/hashmap.c:Hashmap_get_node:205: TRY: 1
DEBUG: src/lcthw/hashmap.c:Hashmap_get_node:205: TRY: 2
DEBUG: src/lcthw/hashmap.c:Hashmap_get_node:205: TRY: 3
DEBUG: src/lcthw/hashmap.c:Hashmap_get_node:205: TRY: 4
DEBUG: src/lcthw/hashmap.c:Hashmap_get_node:205: TRY: 5
DEBUG: src/lcthw/hashmap.c:Hashmap_get_node:205: TRY: 6
DEBUG: src/lcthw/hashmap.c:Hashmap_get_node:205: TRY: 7
DEBUG: src/lcthw/hashmap.c:Hashmap_get_node:205: TRY: 8
DEBUG: src/lcthw/hashmap.c:Hashmap_get_node:205: TRY: 9
DEBUG: src/lcthw/hashmap.c:Hashmap_get_node:205: TRY: 10
DEBUG: src/lcthw/hashmap.c:Hashmap_get_node:205: TRY: 11
DEBUG: src/lcthw/hashmap.c:Hashmap_get_node:205: TRY: 12
DEBUG: src/lcthw/hashmap.c:Hashmap_get_node:205: TRY: 13
DEBUG: src/lcthw/hashmap.c:Hashmap_get_node:205: TRY: 14
DEBUG: src/lcthw/hashmap.c:Hashmap_get_node:205: TRY: 15
DEBUG: src/lcthw/hashmap.c:Hashmap_get_node:205: TRY: 16
DEBUG: src/lcthw/hashmap.c:Hashmap_get_node:205: TRY: 17
DEBUG: src/lcthw/hashmap.c:Hashmap_get_node:205: TRY: 18
DEBUG: src/lcthw/hashmap.c:Hashmap_get_node:205: TRY: 19
DEBUG: src/lcthw/hashmap.c:Hashmap_get_node:205: TRY: 20
DEBUG: src/lcthw/hashmap.c:Hashmap_get_node:205: TRY: 21
DEBUG: src/lcthw/hashmap.c:Hashmap_get_node:205: TRY: 22
DEBUG: src/lcthw/hashmap.c:Hashmap_get_node:205: TRY: 23
DEBUG: src/lcthw/hashmap.c:Hashmap_get_node:205: TRY: 24
DEBUG: src/lcthw/hashmap.c:Hashmap_get_node:205: TRY: 25
DEBUG: src/lcthw/hashmap.c:Hashmap_get_node:205: TRY: 26
DEBUG: src/lcthw/hashmap.c:Hashmap_get_node:205: TRY: 27
DEBUG: src/lcthw/hashmap.c:Hashmap_get_node:205: TRY: 28
DEBUG: src/lcthw/hashmap.c:Hashmap_get_node:205: TRY: 29
DEBUG: src/lcthw/hashmap.c:Hashmap_get_node:205: TRY: 30
DEBUG: src/lcthw/hashmap.c:Hashmap_get_node:205: TRY: 31
DEBUG: src/lcthw/hashmap.c:Hashmap_get_node:205: TRY: 32
DEBUG: src/lcthw/hashmap.c:Hashmap_get_node:205: TRY: 33
DEBUG: src/lcthw/hashmap.c:Hashmap_get_node:205: TRY: 34
DEBUG: src/lcthw/hashmap.c:Hashmap_get_node:205: TRY: 35
DEBUG: src/lcthw/hashmap.c:Hashmap_get_node:205: TRY: 36
DEBUG: src/lcthw/hashmap.c:Hashmap_get_node:205: TRY: 37
DEBUG: src/lcthw/hashmap.c:Hashmap_get_node:205: TRY: 38
DEBUG: src/lcthw/hashmap.c:Hashmap_get_node:205: TRY: 39
DEBUG: src/lcthw/hashmap.c:Hashmap_get_node:205: TRY: 40
DEBUG: src/lcthw/hashmap.c:Hashmap_get_node:205: TRY: 41
DEBUG: src/lcthw/hashmap.c:Hashmap_get_node:205: TRY: 42
DEBUG: src/lcthw/hashmap.c:Hashmap_get_node:205: TRY: 43
DEBUG: src/lcthw/hashmap.c:Hashmap_get_node:205: TRY: 44
DEBUG: src/lcthw/hashmap.c:Hashmap_get_node:205: TRY: 45
DEBUG: src/lcthw/hashmap.c:Hashmap_get_node:205: TRY: 46
DEBUG: src/lcthw/hashmap.c:Hashmap_get_node:205: TRY: 47
DEBUG: src/lcthw/hashmap.c:Hashmap_get_node:205: TRY: 48
DEBUG: src/lcthw/hashmap.c:Hashmap_get_node:205: TRY: 49
DEBUG: src/lcthw/hashmap.c:Hashmap_get_node:205: TRY: 50
DEBUG: src/lcthw/hashmap.c:Hashmap_get_node:205: TRY: 51
DEBUG: src/lcthw/hashmap.c:Hashmap_get_node:205: TRY: 52
DEBUG: src/lcthw/hashmap.c:Hashmap_get_node:205: TRY: 53
DEBUG: src/lcthw/hashmap.c:Hashmap_get_node:205: TRY: 54
DEBUG: src/lcthw/hashmap.c:Hashmap_get_node:205: TRY: 55
DEBUG: src/lcthw/hashmap.c:Hashmap_get_node:205: TRY: 56
DEBUG: src/lcthw/hashmap.c:Hashmap_get_node:205: TRY: 57
DEBUG: src/lcthw/hashmap.c:Hashmap_get_node:205: TRY: 58
DEBUG: src/lcthw/hashmap.c:Hashmap_get_node:205: TRY: 59
DEBUG: src/lcthw/hashmap.c:Hashmap_get_node:205: TRY: 60
DEBUG: src/lcthw/hashmap.c:Hashmap_get_node:205: TRY: 0
DEBUG: src/lcthw/hashmap.c:Hashmap_get_node:205: TRY: 1
DEBUG: src/lcthw/hashmap.c:Hashmap_get_node:205: TRY: 2
DEBUG: src/lcthw/hashmap.c:Hashmap_get_node:205: TRY: 3
DEBUG: src/lcthw/hashmap.c:Hashmap_get_node:205: TRY: 4
DEBUG: src/lcthw/hashmap.c:Hashmap_get_node:205: TRY: 5
DEBUG: src/lcthw/hashmap.c:Hashmap_get_node:205: TRY: 6
DEBUG: src/lcthw/hashmap.c:Hashmap_get_node:205: TRY: 7
DEBUG: src/lcthw/hashmap.c:Hashmap_get_node:205: TRY: 8
DEBUG: src/lcthw/hashmap.c:Hashmap_get_node:205: TRY: 9
DEBUG: src/lcthw/hashmap.c:Hashmap_get_node:205: TRY: 10
DEBUG: src/lcthw/hashmap.c:Hashmap_get_node:205: TRY: 11
DEBUG: src/lcthw/hashmap.c:Hashmap_get_node:205: TRY: 12
DEBUG: src/lcthw/hashmap.c:Hashmap_get_node:205: TRY: 13
DEBUG: src/lcthw/hashmap.c:Hashmap_get_node:205: TRY: 14
DEBUG: src/lcthw/hashmap.c:Hashmap_get_node:205: TRY: 15
DEBUG: src/lcthw/hashmap.c:Hashmap_get_node:205: TRY: 16
DEBUG: src/lcthw/hashmap.c:Hashmap_get_node:205: TRY: 17
DEBUG: src/lcthw/hashmap.c:Hashmap_get_node:205: TRY: 18
DEBUG: src/lcthw/hashmap.c:Hashmap_get_node:205: TRY: 19
DEBUG: src/lcthw/hashmap.c:Hashmap_get_node:205: TRY: 20
DEBUG: src/lcthw/hashmap.c:Hashmap_get_node:205: TRY: 21
DEBUG: src/lcthw/hashmap.c:Hashmap_get_node:205: TRY: 22
DEBUG: src/lcthw/hashmap.c:Hashmap_get_node:205: TRY: 23
DEBUG: src/lcthw/hashmap.c:Hashmap_get_node:205: TRY: 24
DEBUG: src/lcthw/hashmap.c:Hashmap_get_node:205: TRY: 25
DEBUG: src/lcthw/hashmap.c:Hashmap_get_node:205: TRY: 26
DEBUG: src/lcthw/hashmap.c:Hashmap_get_node:205: TRY: 27
DEBUG: src/lcthw/hashmap.c:Hashmap_get_node:205: TRY: 28
DEBUG: src/lcthw/hashmap.c:Hashmap_get_node:205: TRY: 29
DEBUG: src/lcthw/hashmap.c:Hashmap_get_node:205: TRY: 30
DEBUG: src/lcthw/hashmap.c:Hashmap_get_node:205: TRY: 31
DEBUG: src/lcthw/hashmap.c:Hashmap_get_node:205: TRY: 32
DEBUG: src/lcthw/hashmap.c:Hashmap_get_node:205: TRY: 33
DEBUG: src/lcthw/hashmap.c:Hashmap_get_node:205: TRY: 34
DEBUG: src/lcthw/hashmap.c:Hashmap_get_node:205: TRY: 35
DEBUG: src/lcthw/hashmap.c:Hashmap_get_node:205: TRY: 36
DEBUG: src/lcthw/hashmap.c:Hashmap_get_node:205: TRY: 0
DEBUG: src/lcthw/hashmap.c:Hashmap_get_node:205: TRY: 1
DEBUG: src/lcthw/hashmap.c:Hashmap_get_node:205: TRY: 2
DEBUG: src/lcthw/hashmap.c:Hashmap_get_node:205: TRY: 3
DEBUG: src/lcthw/hashmap.c:Hashmap_get_node:205: TRY: 4
DEBUG: src/lcthw/hashmap.c:Hashmap_get_node:205: TRY: 5
DEBUG: src/lcthw/hashmap.c:Hashmap_get_node:205: TRY: 6
DEBUG: src/lcthw/hashmap.c:Hashmap_get_node:205: TRY: 7
DEBUG: src/lcthw/hashmap.c:Hashmap_get_node:205: TRY: 8
DEBUG: src/lcthw/hashmap.c:Hashmap_get_node:205: TRY: 9
DEBUG: src/lcthw/hashmap.c:Hashmap_get_node:205: TRY: 10
DEBUG: src/lcthw/hashmap.c:Hashmap_get_node:205: TRY: 11
DEBUG: src/lcthw/hashmap.c:Hashmap_get_node:205: TRY: 12
DEBUG: src/lcthw/hashmap.c:Hashmap_get_node:205: TRY: 13
DEBUG: src/lcthw/hashmap.c:Hashmap_get_node:205: TRY: 14
DEBUG: src/lcthw/hashmap.c:Hashmap_get_node:205: TRY: 15
DEBUG: src/lcthw/hashmap.c:Hashmap_get_node:205: TRY: 16
DEBUG: src/lcthw/hashmap.c:Hashmap_get_node:205: TRY: 17
DEBUG: src/lcthw/hashmap.c:Hashmap_get_node:205: TRY: 18
DEBUG: src/lcthw/hashmap.c:Hashmap_get_node:205: TRY: 19
DEBUG: src/lcthw/hashmap.c:Hashmap_get_node:205: TRY: 20
DEBUG: src/lcthw/hashmap.c:Hashmap_get_node:205: TRY: 21
DEBUG: src/lcthw/hashmap.c:Hashmap_get_node:205: TRY: 22
DEBUG: src/lcthw/hashmap.c:Hashmap_get_node:205: TRY: 23
DEBUG: src/lcthw/hashmap.c:Hashmap_get_node:205: TRY: 24
DEBUG: src/lcthw/hashmap.c:Hashmap_get_node:205: TRY: 25
DEBUG: src/lcthw/hashmap.c:Hashmap_get_node:205: TRY: 26
DEBUG: src/lcthw/hashmap.c:Hashmap_get_node:205: TRY: 27
DEBUG: src/lcthw/hashmap.c:Hashmap_get_node:205: TRY: 28
DEBUG: src/lcthw/hashmap.c:Hashmap_get_node:205: TRY: 29
DEBUG: src/lcthw/hashmap.c:Hashmap_get_node:205: TRY: 30
DEBUG: src/lcthw/hashmap.c:Hashmap_get_node:205: TRY: 31
DEBUG: src/lcthw/hashmap.c:Hashmap_get_node:205: TRY: 0
DEBUG: src/lcthw/hashmap.c:Hashmap_get_node:205: TRY: 1
DEBUG: src/lcthw/hashmap.c:Hashmap_get_node:205: TRY: 2
DEBUG: src/lcthw/hashmap.c:Hashmap_get_node:205: TRY: 3
DEBUG: src/lcthw/hashmap.c:Hashmap_get_node:205: TRY: 4
DEBUG: src/lcthw/hashmap.c:Hashmap_get_node:205: TRY: 5
DEBUG: src/lcthw/hashmap.c:Hashmap_get_node:205: TRY: 6
DEBUG: src/lcthw/hashmap.c:Hashmap_get_node:205: TRY: 7
DEBUG: src/lcthw/hashmap.c:Hashmap_get_node:205: TRY: 8
DEBUG: src/lcthw/hashmap.c:Hashmap_get_node:205: TRY: 9
DEBUG: src/lcthw/hashmap.c:Hashmap_get_node:205: TRY: 10
DEBUG: src/lcthw/hashmap.c:Hashmap_get_node:205: TRY: 11
DEBUG: src/lcthw/hashmap.c:Hashmap_get_node:205: TRY: 12
DEBUG: src/lcthw/hashmap.c:Hashmap_get_node:205: TRY: 13
DEBUG: src/lcthw/hashmap.c:Hashmap_get_node:205: TRY: 14
DEBUG: src/lcthw/hashmap.c:Hashmap_get_node:205: TRY: 15
DEBUG: src/lcthw/hashmap.c:Hashmap_get_node:205: TRY: 16
DEBUG: src/lcthw/hashmap.c:Hashmap_get_node:205: TRY: 17
DEBUG: src/lcthw/hashmap.c:Hashmap_get_node:205: TRY: 18
DEBUG: src/lcthw/hashmap.c:Hashmap_get_node:205: TRY: 19
DEBUG: src/lcthw/hashmap.c:Hashmap_get_node:205: TRY: 20
DEBUG: src/lcthw/hashmap.c:Hashmap_get_node:205: TRY: 21
DEBUG: src/lcthw/hashmap.c:Hashmap_get_node:205: TRY: 22
DEBUG: src/lcthw/hashmap.c:Hashmap_get_node:205: TRY: 23
DEBUG: src/lcthw/hashmap.c:Hashmap_get_node:205: TRY: 24
DEBUG: src/lcthw/hashmap.c:Hashmap_get_node:205: TRY: 25
DEBUG: src/lcthw/hashmap.c:Hashmap_get_node:205: TRY: 26
DEBUG: src/lcthw/hashmap.c:Hashmap_get_node:205: TRY: 27
DEBUG: src/lcthw/hashmap.c:Hashmap_get_node:205: TRY: 28
DEBUG: src/lcthw/hashmap.c:Hashmap_get_node:205: TRY: 29
DEBUG: src/lcthw/hashmap.c:Hashmap_get_node:205: TRY: 30
DEBUG: src/lcthw/hashmap.c:Hashmap_get_node:205: TRY: 31
DEBUG: src/lcthw/hashmap.c:Hashmap_get_node:205: TRY: 32
DEBUG: src/lcthw/hashmap.c:Hashmap_get_node:205: TRY: 33
DEBUG: src/lcthw/hashmap.c:Hashmap_get_node:205: TRY: 34
DEBUG: src/lcthw/hashmap.c:Hashmap_get_node:205: TRY: 35
DEBUG: src/lcthw/hashmap.c:Hashmap_get_node:205: TRY: 36
DEBUG: src/lcthw/hashmap.c:Hashmap_get_node:205: TRY: 37
DEBUG: src/lcthw/hashmap.c:Hashmap_get_node:205: TRY: 38
DEBUG: src/lcthw/hashmap.c:Hashmap_get_node:205: TRY: 39
DEBUG: src/lcthw/hashmap.c:Hashmap_get_node:205: TRY: 40
DEBUG: src/lcthw/hashmap.c:Hashmap_get_node:205: TRY: 41
DEBUG: src/lcthw/hashmap.c:Hashmap_get_node:205: TRY: 42
DEBUG: src/lcthw/hashmap.c:Hashmap_get_node:205: TRY: 43
DEBUG: src/lcthw/hashmap.c:Hashmap_get_node:205: TRY: 44
DEBUG: src/lcthw/hashmap.c:Hashmap_get_node:205: TRY: 45
DEBUG: src/lcthw/hashmap.c:Hashmap_get_node:205: TRY: 46
DEBUG: src/lcthw/hashmap.c:Hashmap_get_node:205: TRY: 47
DEBUG: src/lcthw/hashmap.c:Hashmap_get_node:205: TRY: 48
DEBUG: src/lcthw/hashmap.c:Hashmap_get_node:205: TRY: 49
DEBUG: src/lcthw/hashmap.c:Hashmap_get_node:205: TRY: 50
DEBUG: src/lcthw/hashmap.c:Hashmap_get_node:205: TRY: 51
DEBUG: src/lcthw/hashmap.c:Hashmap_get_node:205: TRY: 52
DEBUG: src/lcthw/hashmap.c:Hashmap_get_node:205: TRY: 53
DEBUG: src/lcthw/hashmap.c:Hashmap_get_node:205: TRY: 54
DEBUG: src/lcthw/hashmap.c:Hashmap_get_node:205: TRY: 55
DEBUG: src/lcthw/hashmap.c:Hashmap_get_node:205: TRY: 56
DEBUG: src/lcthw/hashmap.c:Hashmap_get_node:205: TRY: 57
DEBUG: src/lcthw/hashmap.c:Hashmap_get_node:205: TRY: 58
DEBUG: src/lcthw/hashmap.c:Hashmap_get_node:205: TRY: 59
DEBUG: src/lcthw/hashmap.c:Hashmap_get_node:205: TRY: 60
DEBUG: src/lcthw/hashmap.c:Hashmap_get_node:205: TRY: 61
DEBUG: src/lcthw/hashmap.c:Hashmap_get_node:205: TRY: 0
DEBUG: src/lcthw/hashmap.c:Hashmap_get_node:205: TRY: 1
DEBUG: src/lcthw/hashmap.c:Hashmap_get_node:205: TRY: 2
DEBUG: src/lcthw/hashmap.c:Hashmap_get_node:205: TRY: 3
DEBUG: src/lcthw/hashmap.c:Hashmap_get_node:205: TRY: 4
DEBUG: src/lcthw/hashmap.c:Hashmap_get_node:205: TRY: 5
DEBUG: src/lcthw/hashmap.c:Hashmap_get_node:205: TRY: 6
DEBUG: src/lcthw/hashmap.c:Hashmap_get_node:205: TRY: 7
DEBUG: src/lcthw/hashmap.c:Hashmap_get_node:205: TRY: 8
DEBUG: src/lcthw/hashmap.c:Hashmap_get_node:205: TRY: 9
DEBUG: src/lcthw/hashmap.c:Hashmap_get_node:205: TRY: 10
DEBUG: src/lcthw/hashmap.c:Hashmap_get_node:205: TRY: 11
DEBUG: src/lcthw/hashmap.c:Hashmap_get_node:205: TRY: 12
DEBUG: src/lcthw/hashmap.c:Hashmap_get_node:205: TRY: 13
DEBUG: src/lcthw/hashmap.c:Hashmap_get_node:205: TRY: 14
DEBUG: src/lcthw/hashmap.c:Hashmap_get_node:205: TRY: 15
DEBUG: src/lcthw/hashmap.c:Hashmap_get_node:205: TRY: 16
DEBUG: src/lcthw/hashmap.c:Hashmap_get_node:205: TRY: 17
DEBUG: src/lcthw/hashmap.c:Hashmap_get_node:205: TRY: 18
DEBUG: src/lcthw/hashmap.c:Hashmap_get_node:205: TRY: 19
DEBUG: src/lcthw/hashmap.c:Hashmap_get_node:205: TRY: 20
DEBUG: src/lcthw/hashmap.c:Hashmap_get_node:205: TRY: 21
DEBUG: src/lcthw/hashmap.c:Hashmap_get_node:205: TRY: 22
DEBUG: src/lcthw/hashmap.c:Hashmap_get_node:205: TRY: 23
DEBUG: src/lcthw/hashmap.c:Hashmap_get_node:205: TRY: 24
DEBUG: src/lcthw/hashmap.c:Hashmap_get_node:205: TRY: 25
DEBUG: src/lcthw/hashmap.c:Hashmap_get_node:205: TRY: 26
DEBUG: src/lcthw/hashmap.c:Hashmap_get_node:205: TRY: 27
DEBUG: src/lcthw/hashmap.c:Hashmap_get_node:205: TRY: 28
DEBUG: src/lcthw/hashmap.c:Hashmap_get_node:205: TRY: 29
DEBUG: src/lcthw/hashmap.c:Hashmap_get_node:205: TRY: 30
DEBUG: src/lcthw/hashmap.c:Hashmap_get_node:205: TRY: 31
DEBUG: src/lcthw/hashmap.c:Hashmap_get_node:205: TRY: 32
DEBUG: src/lcthw/hashmap.c:Hashmap_get_node:205: TRY: 33
DEBUG: src/lcthw/hashmap.c:Hashmap_get_node:205: TRY: 34
DEBUG: src/lcthw/hashmap.c:Hashmap_get_node:205: TRY: 35
DEBUG: src/lcthw/hashmap.c:Hashmap_get_node:205: TRY: 36
DEBUG: src/lcthw/hashmap.c:Hashmap_get_node:205: TRY: 37
DEBUG: src/lcthw/hashmap.c:Hashmap_get_node:205: TRY: 38
DEBUG: src/lcthw/hashmap.c:Hashmap_get_node:205: TRY: 39
DEBUG: src/lcthw/hashmap.c:Hashmap_get_node:205: TRY: 40
DEBUG: src/lcthw/hashmap.c:Hashmap_get_node:205: TRY: 41
DEBUG: src/lcthw/hashmap.c:Hashmap_get_node:205: TRY: 42
DEBUG: src/lcthw/hashmap.c:Hashmap_get_node:205: TRY: 43
DEBUG: src/lcthw/hashmap.c:Hashmap_get_node:205: TRY: 44
DEBUG: src/lcthw/hashmap.c:Hashmap_get_node:205: TRY: 45
DEBUG: src/lcthw/hashmap.c:Hashmap_get_node:205: TRY: 46
DEBUG: src/lcthw/hashmap.c:Hashmap_get_node:205: TRY: 47
DEBUG: src/lcthw/hashmap.c:Hashmap_get_node:205: TRY: 48
DEBUG: src/lcthw/hashmap.c:Hashmap_get_node:205: TRY: 49
DEBUG: src/lcthw/hashmap.c:Hashmap_get_node:205: TRY: 50
DEBUG: src/lcthw/hashmap.c:Hashmap_get_node:205: TRY: 51
DEBUG: src/lcthw/hashmap.c:Hashmap_get_node:205: TRY: 52
DEBUG: src/lcthw/hashmap.c:Hashmap_get_node:205: TRY: 53
DEBUG: src/lcthw/hashmap.c:Hashmap_get_node:205: TRY: 54
DEBUG: src/lcthw/hashmap.c:Hashmap_get_node:205: TRY: 55
DEBUG: src/lcthw/hashmap.c:Hashmap_get_node:205: TRY: 56
DEBUG: src/lcthw/hashmap.c:Hashmap_get_node:205: TRY: 57
DEBUG: src/lcthw/hashmap.c:Hashmap_get_node:205: TRY: 58
DEBUG: src/lcthw/hashmap.c:Hashmap_get_node:205: TRY: 59
DEBUG: src/lcthw/hashmap.c:Hashmap_get_node:205: TRY: 60
DEBUG: src/lcthw/hashmap.c:Hashmap_get_node:205: TRY: 61
DEBUG: src/lcthw/hashmap.c:Hashmap_get_node:205: TRY: 62
DEBUG: src/lcthw/hashmap.c:Hashmap_get_node:205: TRY: 0
DEBUG: src/lcthw/hashmap.c:Hashmap_get_node:205: TRY: 1
DEBUG: src/lcthw/hashmap.c:Hashmap_get_node:205: TRY: 2
DEBUG: src/lcthw/hashmap.c:Hashmap_get_node:205: TRY: 3
DEBUG: src/lcthw/hashmap.c:Hashmap_get_node:205: TRY: 4
DEBUG: src/lcthw/hashmap.c:Hashmap_get_node:205: TRY: 5
DEBUG: src/lcthw/hashmap.c:Hashmap_get_node:205: TRY: 6
DEBUG: src/lcthw/hashmap.c:Hashmap_get_node:205: TRY: 7
DEBUG: src/lcthw/hashmap.c:Hashmap_get_node:205: TRY: 8
DEBUG: src/lcthw/hashmap.c:Hashmap_get_node:205: TRY: 9
DEBUG: src/lcthw/hashmap.c:Hashmap_get_node:205: TRY: 10
DEBUG: src/lcthw/hashmap.c:Hashmap_get_node:205: TRY: 11
DEBUG: src/lcthw/hashmap.c:Hashmap_get_node:205: TRY: 12
DEBUG: src/lcthw/hashmap.c:Hashmap_get_node:205: TRY: 13
DEBUG: src/lcthw/hashmap.c:Hashmap_get_node:205: TRY: 14
DEBUG: src/lcthw/hashmap.c:Hashmap_get_node:205: TRY: 15
DEBUG: src/lcthw/hashmap.c:Hashmap_get_node:205: TRY: 16
DEBUG: src/lcthw/hashmap.c:Hashmap_get_node:205: TRY: 17
DEBUG: src/lcthw/hashmap.c:Hashmap_get_node:205: TRY: 18
DEBUG: src/lcthw/hashmap.c:Hashmap_get_node:205: TRY: 19
DEBUG: src/lcthw/hashmap.c:Hashmap_get_node:205: TRY: 20
DEBUG: src/lcthw/hashmap.c:Hashmap_get_node:205: TRY: 21
DEBUG: src/lcthw/hashmap.c:Hashmap_get_node:205: TRY: 22
DEBUG: src/lcthw/hashmap.c:Hashmap_get_node:205: TRY: 23
DEBUG: src/lcthw/hashmap.c:Hashmap_get_node:205: TRY: 24
DEBUG: src/lcthw/hashmap.c:Hashmap_get_node:205: TRY: 25
DEBUG: src/lcthw/hashmap.c:Hashmap_get_node:205: TRY: 26
DEBUG: src/lcthw/hashmap.c:Hashmap_get_node:205: TRY: 27
DEBUG: src/lcthw/hashmap.c:Hashmap_get_node:205: TRY: 28
DEBUG: src/lcthw/hashmap.c:Hashmap_get_node:205: TRY: 29
DEBUG: src/lcthw/hashmap.c:Hashmap_get_node:205: TRY: 30
DEBUG: src/lcthw/hashmap.c:Hashmap_get_node:205: TRY: 31
DEBUG: src/lcthw/hashmap.c:Hashmap_get_node:205: TRY: 32
DEBUG: src/lcthw/hashmap.c:Hashmap_get_node:205: TRY: 33
DEBUG: src/lcthw/hashmap.c:Hashmap_get_node:205: TRY: 34
DEBUG: src/lcthw/hashmap.c:Hashmap_get_node:205: TRY: 35
DEBUG: src/lcthw/hashmap.c:Hashmap_get_node:205: TRY: 36
DEBUG: src/lcthw/hashmap.c:Hashmap_get_node:205: TRY: 37
DEBUG: src/lcthw/hashmap.c:Hashmap_get_node:205: TRY: 0
DEBUG: src/lcthw/hashmap.c:Hashmap_get_node:205: TRY: 1
DEBUG: src/lcthw/hashmap.c:Hashmap_get_node:205: TRY: 2
DEBUG: src/lcthw/hashmap.c:Hashmap_get_node:205: TRY: 3
DEBUG: src/lcthw/hashmap.c:Hashmap_get_node:205: TRY: 4
DEBUG: src/lcthw/hashmap.c:Hashmap_get_node:205: TRY: 5
DEBUG: src/lcthw/hashmap.c:Hashmap_get_node:205: TRY: 6
DEBUG: src/lcthw/hashmap.c:Hashmap_get_node:205: TRY: 7
DEBUG: src/lcthw/hashmap.c:Hashmap_get_node:205: TRY: 8
DEBUG: src/lcthw/hashmap.c:Hashmap_get_node:205: TRY: 9
DEBUG: src/lcthw/hashmap.c:Hashmap_get_node:205: TRY: 10
DEBUG: src/lcthw/hashmap.c:Hashmap_get_node:205: TRY: 11
DEBUG: src/lcthw/hashmap.c:Hashmap_get_node:205: TRY: 12
DEBUG: src/lcthw/hashmap.c:Hashmap_get_node:205: TRY: 13
DEBUG: src/lcthw/hashmap.c:Hashmap_get_node:205: TRY: 14
DEBUG: src/lcthw/hashmap.c:Hashmap_get_node:205: TRY: 15
DEBUG: src/lcthw/hashmap.c:Hashmap_get_node:205: TRY: 16
DEBUG: src/lcthw/hashmap.c:Hashmap_get_node:205: TRY: 17
DEBUG: src/lcthw/hashmap.c:Hashmap_get_node:205: TRY: 18
DEBUG: src/lcthw/hashmap.c:Hashmap_get_node:205: TRY: 19
DEBUG: src/lcthw/hashmap.c:Hashmap_get_node:205: TRY: 20
DEBUG: src/lcthw/hashmap.c:Hashmap_get_node:205: TRY: 21
DEBUG: src/lcthw/hashmap.c:Hashmap_get_node:205: TRY: 22
DEBUG: src/lcthw/hashmap.c:Hashmap_get_node:205: TRY: 23
DEBUG: src/lcthw/hashmap.c:Hashmap_get_node:205: TRY: 24
DEBUG: src/lcthw/hashmap.c:Hashmap_get_node:205: TRY: 25
DEBUG: src/lcthw/hashmap.c:Hashmap_get_node:205: TRY: 26
DEBUG: src/lcthw/hashmap.c:Hashmap_get_node:205: TRY: 27
DEBUG: src/lcthw/hashmap.c:Hashmap_get_node:205: TRY: 28
DEBUG: src/lcthw/hashmap.c:Hashmap_get_node:205: TRY: 29
DEBUG: src/lcthw/hashmap.c:Hashmap_get_node:205: TRY: 30
DEBUG: src/lcthw/hashmap.c:Hashmap_get_node:205: TRY: 31
DEBUG: src/lcthw/hashmap.c:Hashmap_get_node:205: TRY: 32
DEBUG: src/lcthw/hashmap.c:Hashmap_get_node:205: TRY: 33
DEBUG: src/lcthw/hashmap.c:Hashmap_get_node:205: TRY: 34
DEBUG: src/lcthw/hashmap.c:Hashmap_get_node:205: TRY: 35
DEBUG: src/lcthw/hashmap.c:Hashmap_get_node:205: TRY: 36
DEBUG: src/lcthw/hashmap.c:Hashmap_get_node:205: TRY: 37
DEBUG: src/lcthw/hashmap.c:Hashmap_get_node:205: TRY: 38
DEBUG: src/lcthw/hashmap.c:Hashmap_get_node:205: TRY: 39
DEBUG: src/lcthw/hashmap.c:Hashmap_get_node:205: TRY: 40
DEBUG: src/lcthw/hashmap.c:Hashmap_get_node:205: TRY: 41
DEBUG: src/lcthw/hashmap.c:Hashmap_get_node:205: TRY: 42
DEBUG: src/lcthw/hashmap.c:Hashmap_get_node:205: TRY: 43
DEBUG: src/lcthw/hashmap.c:Hashmap_get_node:205: TRY: 44
DEBUG: src/lcthw/hashmap.c:Hashmap_get_node:205: TRY: 45
DEBUG: src/lcthw/hashmap.c:Hashmap_get_node:205: TRY: 46
DEBUG: src/lcthw/hashmap.c:Hashmap_get_node:205: TRY: 47
DEBUG: src/lcthw/hashmap.c:Hashmap_get_node:205: TRY: 48
DEBUG: src/lcthw/hashmap.c:Hashmap_get_node:205: TRY: 49
DEBUG: src/lcthw/hashmap.c:Hashmap_get_node:205: TRY: 50
DEBUG: src/lcthw/hashmap.c:Hashmap_get_node:205: TRY: 51
DEBUG: src/lcthw/hashmap.c:Hashmap_get_node:205: TRY: 52
DEBUG: src/lcthw/hashmap.c:Hashmap_get_node:205: TRY: 53
DEBUG: src/lcthw/hashmap.c:Hashmap_get_node:205: TRY: 54
DEBUG: src/lcthw/hashmap.c:Hashmap_get_node:205: TRY: 55
DEBUG: src/lcthw/hashmap.c:Hashmap_get_node:205: TRY: 56
DEBUG: src/lcthw/hashmap.c:Hashmap_get_node:205: TRY: 57
DEBUG: src/lcthw/hashmap.c:Hashmap_get_node:205: TRY: 58
DEBUG: src/lcthw/hashmap.c:Hashmap_get_node:205: TRY: 59
DEBUG: src/lcthw/hashmap.c:Hashmap_get_node:205: TRY: 60
DEBUG: src/lcthw/hashmap.c:Hashmap_get_node:205: TRY: 61
DEBUG: src/lcthw/hashmap.c:Hashmap_get_node:205: TRY: 62
DEBUG: src/lcthw/hashmap.c:Hashmap_get_node:205: TRY: 63
DEBUG: src/lcthw/hashmap.c:Hashmap_get_node:205: TRY: 0
DEBUG: src/lcthw/hashmap.c:Hashmap_get_node:205: TRY: 1
DEBUG: src/lcthw/hashmap.c:Hashmap_get_node:205: TRY: 2
DEBUG: src/lcthw/hashmap.c:Hashmap_get_node:205: TRY: 3
DEBUG: src/lcthw/hashmap.c:Hashmap_get_node:205: TRY: 4
DEBUG: src/lcthw/hashmap.c:Hashmap_get_node:205: TRY: 5
DEBUG: src/lcthw/hashmap.c:Hashmap_get_node:205: TRY: 6
DEBUG: src/lcthw/hashmap.c:Hashmap_get_node:205: TRY: 7
DEBUG: src/lcthw/hashmap.c:Hashmap_get_node:205: TRY: 8
DEBUG: src/lcthw/hashmap.c:Hashmap_get_node:205: TRY: 9
DEBUG: src/lcthw/hashmap.c:Hashmap_get_node:205: TRY: 10
DEBUG: src/lcthw/hashmap.c:Hashmap_get_node:205: TRY: 11
DEBUG: src/lcthw/hashmap.c:Hashmap_get_node:205: TRY: 12
DEBUG: src/lcthw/hashmap.c:Hashmap_get_node:205: TRY: 13
DEBUG: src/lcthw/hashmap.c:Hashmap_get_node:205: TRY: 14
DEBUG: src/lcthw/hashmap.c:Hashmap_get_node:205: TRY: 15
DEBUG: src/lcthw/hashmap.c:Hashmap_get_node:205: TRY: 16
DEBUG: src/lcthw/hashmap.c:Hashmap_get_node:205: TRY: 17
DEBUG: src/lcthw/hashmap.c:Hashmap_get_node:205: TRY: 18
DEBUG: src/lcthw/hashmap.c:Hashmap_get_node:205: TRY: 19
DEBUG: src/lcthw/hashmap.c:Hashmap_get_node:205: TRY: 20
DEBUG: src/lcthw/hashmap.c:Hashmap_get_node:205: TRY: 21
DEBUG: src/lcthw/hashmap.c:Hashmap_get_node:205: TRY: 22
DEBUG: src/lcthw/hashmap.c:Hashmap_get_node:205: TRY: 23
DEBUG: src/lcthw/hashmap.c:Hashmap_get_node:205: TRY: 24
DEBUG: src/lcthw/hashmap.c:Hashmap_get_node:205: TRY: 25
DEBUG: src/lcthw/hashmap.c:Hashmap_get_node:205: TRY: 26
DEBUG: src/lcthw/hashmap.c:Hashmap_get_node:205: TRY: 27
DEBUG: src/lcthw/hashmap.c:Hashmap_get_node:205: TRY: 28
DEBUG: src/lcthw/hashmap.c:Hashmap_get_node:205: TRY: 29
DEBUG: src/lcthw/hashmap.c:Hashmap_get_node:205: TRY: 0
DEBUG: src/lcthw/hashmap.c:Hashmap_get_node:205: TRY: 1
DEBUG: src/lcthw/hashmap.c:Hashmap_get_node:205: TRY: 2
DEBUG: src/lcthw/hashmap.c:Hashmap_get_node:205: TRY: 3
DEBUG: src/lcthw/hashmap.c:Hashmap_get_node:205: TRY: 4
DEBUG: src/lcthw/hashmap.c:Hashmap_get_node:205: TRY: 5
DEBUG: src/lcthw/hashmap.c:Hashmap_get_node:205: TRY: 6
DEBUG: src/lcthw/hashmap.c:Hashmap_get_node:205: TRY: 7
DEBUG: src/lcthw/hashmap.c:Hashmap_get_node:205: TRY: 8
DEBUG: src/lcthw/hashmap.c:Hashmap_get_node:205: TRY: 9
DEBUG: src/lcthw/hashmap.c:Hashmap_get_node:205: TRY: 10
DEBUG: src/lcthw/hashmap.c:Hashmap_get_node:205: TRY: 11
DEBUG: src/lcthw/hashmap.c:Hashmap_get_node:205: TRY: 12
DEBUG: src/lcthw/hashmap.c:Hashmap_get_node:205: TRY: 13
DEBUG: src/lcthw/hashmap.c:Hashmap_get_node:205: TRY: 14
DEBUG: src/lcthw/hashmap.c:Hashmap_get_node:205: TRY: 15
DEBUG: src/lcthw/hashmap.c:Hashmap_get_node:205: TRY: 16
DEBUG: src/lcthw/hashmap.c:Hashmap_get_node:205: TRY: 17
DEBUG: src/lcthw/hashmap.c:Hashmap_get_node:205: TRY: 18
DEBUG: src/lcthw/hashmap.c:Hashmap_get_node:205: TRY: 19
DEBUG: src/lcthw/hashmap.c:Hashmap_get_node:205: TRY: 20
DEBUG: src/lcthw/hashmap.c:Hashmap_get_node:205: TRY: 21
DEBUG: src/lcthw/hashmap.c:Hashmap_get_node:205: TRY: 22
DEBUG: src/lcthw/hashmap.c:Hashmap_get_node:205: TRY: 23
DEBUG: src/lcthw/hashmap.c:Hashmap_get_node:205: TRY: 24
DEBUG: src/lcthw/hashmap.c:Hashmap_get_node:205: TRY: 25
DEBUG: src/lcthw/hashmap.c:Hashmap_get_node:205: TRY: 26
DEBUG: src/lcthw/hashmap.c:Hashmap_get_node:205: TRY: 27
DEBUG: src/lcthw/hashmap.c:Hashmap_get_node:205: TRY: 28
DEBUG: src/lcthw/hashmap.c:Hashmap_get_node:205: TRY: 29
DEBUG: src/lcthw/hashmap.c:Hashmap_get_node:205: TRY: 30
DEBUG: src/lcthw/hashmap.c:Hashmap_get_node:205: TRY: 31
DEBUG: src/lcthw/hashmap.c:Hashmap_get_node:205: TRY: 32
DEBUG: src/lcthw/hashmap.c:Hashmap_get_node:205: TRY: 33
DEBUG: src/lcthw/hashmap.c:Hashmap_get_node:205: TRY: 34
DEBUG: src/lcthw/hashmap.c:Hashmap_get_node:205: TRY: 35
DEBUG: src/lcthw/hashmap.c:Hashmap_get_node:205: TRY: 36
DEBUG: src/lcthw/hashmap.c:Hashmap_get_node:205: TRY: 37
DEBUG: src/lcthw/hashmap.c:Hashmap_get_node:205: TRY: 0
DEBUG: src/lcthw/hashmap.c:Hashmap_get_node:205: TRY: 1
DEBUG: src/lcthw/hashmap.c:Hashmap_get_node:205: TRY: 2
DEBUG: src/lcthw/hashmap.c:Hashmap_get_node:205: TRY: 3
DEBUG: src/lcthw/hashmap.c:Hashmap_get_node:205: TRY: 4
DEBUG: src/lcthw/hashmap.c:Hashmap_get_node:205: TRY: 5
DEBUG: src/lcthw/hashmap.c:Hashmap_get_node:205: TRY: 6
DEBUG: src/lcthw/hashmap.c:Hashmap_get_node:205: TRY: 7
DEBUG: src/lcthw/hashmap.c:Hashmap_get_node:205: TRY: 8
DEBUG: src/lcthw/hashmap.c:Hashmap_get_node:205: TRY: 9
DEBUG: src/lcthw/hashmap.c:Hashmap_get_node:205: TRY: 10
DEBUG: src/lcthw/hashmap.c:Hashmap_get_node:205: TRY: 11
DEBUG: src/lcthw/hashmap.c:Hashmap_get_node:205: TRY: 12
DEBUG: src/lcthw/hashmap.c:Hashmap_get_node:205: TRY: 13
DEBUG: src/lcthw/hashmap.c:Hashmap_get_node:205: TRY: 14
DEBUG: src/lcthw/hashmap.c:Hashmap_get_node:205: TRY: 15
DEBUG: src/lcthw/hashmap.c:Hashmap_get_node:205: TRY: 16
DEBUG: src/lcthw/hashmap.c:Hashmap_get_node:205: TRY: 17
DEBUG: src/lcthw/hashmap.c:Hashmap_get_node:205: TRY: 18
DEBUG: src/lcthw/hashmap.c:Hashmap_get_node:205: TRY: 19
DEBUG: src/lcthw/hashmap.c:Hashmap_get_node:205: TRY: 20
DEBUG: src/lcthw/hashmap.c:Hashmap_get_node:205: TRY: 21
DEBUG: src/lcthw/hashmap.c:Hashmap_get_node:205: TRY: 22
DEBUG: src/lcthw/hashmap.c:Hashmap_get_node:205: TRY: 23
DEBUG: src/lcthw/hashmap.c:Hashmap_get_node:205: TRY: 24
DEBUG: src/lcthw/hashmap.c:Hashmap_get_node:205: TRY: 25
DEBUG: src/lcthw/hashmap.c:Hashmap_get_node:205: TRY: 26
DEBUG: src/lcthw/hashmap.c:Hashmap_get_node:205: TRY: 27
DEBUG: src/lcthw/hashmap.c:Hashmap_get_node:205: TRY: 28
DEBUG: src/lcthw/hashmap.c:Hashmap_get_node:205: TRY: 29
DEBUG: src/lcthw/hashmap.c:Hashmap_get_node:205: TRY: 30
DEBUG: src/lcthw/hashmap.c:Hashmap_get_node:205: TRY: 31
DEBUG: src/lcthw/hashmap.c:Hashmap_get_node:205: TRY: 32
DEBUG: src/lcthw/hashmap.c:Hashmap_get_node:205: TRY: 33
DEBUG: src/lcthw/hashmap.c:Hashmap_get_node:205: TRY: 34
DEBUG: src/lcthw/hashmap.c:Hashmap_get_node:205: TRY: 35
DEBUG: src/lcthw/hashmap.c:Hashmap_get_node:205: TRY: 36
DEBUG: src/lcthw/hashmap.c:Hashmap_get_node:205: TRY: 37
DEBUG: src/lcthw/hashmap.c:Hashmap_get_node:205: TRY: 38
DEBUG: src/lcthw/hashmap.c:Hashmap_get_node:205: TRY: 39
DEBUG: src/lcthw/hashmap.c:Hashmap_get_node:205: TRY: 40
DEBUG: src/lcthw/hashmap.c:Hashmap_get_node:205: TRY: 41
DEBUG: src/lcthw/hashmap.c:Hashmap_get_node:205: TRY: 42
DEBUG: src/lcthw/hashmap.c:Hashmap_get_node:205: TRY: 43
DEBUG: src/lcthw/hashmap.c:Hashmap_get_node:205: TRY: 0
DEBUG: src/lcthw/hashmap.c:Hashmap_get_node:205: TRY: 1
DEBUG: src/lcthw/hashmap.c:Hashmap_get_node:205: TRY: 2
DEBUG: src/lcthw/hashmap.c:Hashmap_get_node:205: TRY: 3
DEBUG: src/lcthw/hashmap.c:Hashmap_get_node:205: TRY: 4
DEBUG: src/lcthw/hashmap.c:Hashmap_get_node:205: TRY: 5
DEBUG: src/lcthw/hashmap.c:Hashmap_get_node:205: TRY: 6
DEBUG: src/lcthw/hashmap.c:Hashmap_get_node:205: TRY: 7
DEBUG: src/lcthw/hashmap.c:Hashmap_get_node:205: TRY: 8
DEBUG: src/lcthw/hashmap.c:Hashmap_get_node:205: TRY: 9
DEBUG: src/lcthw/hashmap.c:Hashmap_get_node:205: TRY: 10
DEBUG: src/lcthw/hashmap.c:Hashmap_get_node:205: TRY: 11
DEBUG: src/lcthw/hashmap.c:Hashmap_get_node:205: TRY: 12
DEBUG: src/lcthw/hashmap.c:Hashmap_get_node:205: TRY: 13
DEBUG: src/lcthw/hashmap.c:Hashmap_get_node:205: TRY: 14
DEBUG: src/lcthw/hashmap.c:Hashmap_get_node:205: TRY: 15
DEBUG: src/lcthw/hashmap.c:Hashmap_get_node:205: TRY: 16
DEBUG: src/lcthw/hashmap.c:Hashmap_get_node:205: TRY: 17
DEBUG: src/lcthw/hashmap.c:Hashmap_get_node:205: TRY: 18
DEBUG: src/lcthw/hashmap.c:Hashmap_get_node:205: TRY: 19
DEBUG: src/lcthw/hashmap.c:Hashmap_get_node:205: TRY: 20
DEBUG: src/lcthw/hashmap.c:Hashmap_get_node:205: TRY: 21
DEBUG: src/lcthw/hashmap.c:Hashmap_get_node:205: TRY: 22
DEBUG: src/lcthw/hashmap.c:Hashmap_get_node:205: TRY: 23
DEBUG: src/lcthw/hashmap.c:Hashmap_get_node:205: TRY: 24
DEBUG: src/lcthw/hashmap.c:Hashmap_get_node:205: TRY: 25
DEBUG: src/lcthw/hashmap.c:Hashmap_get_node:205: TRY: 26
DEBUG: src/lcthw/hashmap.c:Hashmap_get_node:205: TRY: 27
DEBUG: src/lcthw/hashmap.c:Hashmap_get_node:205: TRY: 28
DEBUG: src/lcthw/hashmap.c:Hashmap_get_node:205: TRY: 29
DEBUG: src/lcthw/hashmap.c:Hashmap_get_node:205: TRY: 30
DEBUG: src/lcthw/hashmap.c:Hashmap_get_node:205: TRY: 31
DEBUG: src/lcthw/hashmap.c:Hashmap_get_node:205: TRY: 32
DEBUG: src/lcthw/hashmap.c:Hashmap_get_node:205: TRY: 33
DEBUG: src/lcthw/hashmap.c:Hashmap_get_node:205: TRY: 34
DEBUG: src/lcthw/hashmap.c:Hashmap_get_node:205: TRY: 35
DEBUG: src/lcthw/hashmap.c:Hashmap_get_node:205: TRY: 36
DEBUG: src/lcthw/hashmap.c:Hashmap_get_node:205: TRY: 37
DEBUG: src/lcthw/hashmap.c:Hashmap_get_node:205: TRY: 38
DEBUG: src/lcthw/hashmap.c:Hashmap_get_node:205: TRY: 39
DEBUG: src/lcthw/hashmap.c:Hashmap_get_node:205: TRY: 40
DEBUG: src/lcthw/hashmap.c:Hashmap_get_node:205: TRY: 41
DEBUG: src/lcthw/hashmap.c:Hashmap_get_node:205: TRY: 42
DEBUG: src/lcthw/hashmap.c:Hashmap_get_node:205: TRY: 43
DEBUG: src/lcthw/hashmap.c:Hashmap_get_node:205: TRY: 44
DEBUG: src/lcthw/hashmap.c:Hashmap_get_node:205: TRY: 0
DEBUG: src/lcthw/hashmap.c:Hashmap_get_node:205: TRY: 1
DEBUG: src/lcthw/hashmap.c:Hashmap_get_node:205: TRY: 2
DEBUG: src/lcthw/hashmap.c:Hashmap_get_node:205: TRY: 3
DEBUG: src/lcthw/hashmap.c:Hashmap_get_node:205: TRY: 4
DEBUG: src/lcthw/hashmap.c:Hashmap_get_node:205: TRY: 5
DEBUG: src/lcthw/hashmap.c:Hashmap_get_node:205: TRY: 6
DEBUG: src/lcthw/hashmap.c:Hashmap_get_node:205: TRY: 7
DEBUG: src/lcthw/hashmap.c:Hashmap_get_node:205: TRY: 8
DEBUG: src/lcthw/hashmap.c:Hashmap_get_node:205: TRY: 9
DEBUG: src/lcthw/hashmap.c:Hashmap_get_node:205: TRY: 10
DEBUG: src/lcthw/hashmap.c:Hashmap_get_node:205: TRY: 11
DEBUG: src/lcthw/hashmap.c:Hashmap_get_node:205: TRY: 12
DEBUG: src/lcthw/hashmap.c:Hashmap_get_node:205: TRY: 13
DEBUG: src/lcthw/hashmap.c:Hashmap_get_node:205: TRY: 14
DEBUG: src/lcthw/hashmap.c:Hashmap_get_node:205: TRY: 15
DEBUG: src/lcthw/hashmap.c:Hashmap_get_node:205: TRY: 16
DEBUG: src/lcthw/hashmap.c:Hashmap_get_node:205: TRY: 17
DEBUG: src/lcthw/hashmap.c:Hashmap_get_node:205: TRY: 18
DEBUG: src/lcthw/hashmap.c:Hashmap_get_node:205: TRY: 19
DEBUG: src/lcthw/hashmap.c:Hashmap_get_node:205: TRY: 20
DEBUG: src/lcthw/hashmap.c:Hashmap_get_node:205: TRY: 21
DEBUG: src/lcthw/hashmap.c:Hashmap_get_node:205: TRY: 22
DEBUG: src/lcthw/hashmap.c:Hashmap_get_node:205: TRY: 23
DEBUG: src/lcthw/hashmap.c:Hashmap_get_node:205: TRY: 24
DEBUG: src/lcthw/hashmap.c:Hashmap_get_node:205: TRY: 25
DEBUG: src/lcthw/hashmap.c:Hashmap_get_node:205: TRY: 26
DEBUG: src/lcthw/hashmap.c:Hashmap_get_node:205: TRY: 27
DEBUG: src/lcthw/hashmap.c:Hashmap_get_node:205: TRY: 28
DEBUG: src/lcthw/hashmap.c:Hashmap_get_node:205: TRY: 29
DEBUG: src/lcthw/hashmap.c:Hashmap_get_node:205: TRY: 30
DEBUG: src/lcthw/hashmap.c:Hashmap_get_node:205: TRY: 31
DEBUG: src/lcthw/hashmap.c:Hashmap_get_node:205: TRY: 32
DEBUG: src/lcthw/hashmap.c:Hashmap_get_node:205: TRY: 33
DEBUG: src/lcthw/hashmap.c:Hashmap_get_node:205: TRY: 34
DEBUG: src/lcthw/hashmap.c:Hashmap_get_node:205: TRY: 35
DEBUG: src/lcthw/hashmap.c:Hashmap_get_node:205: TRY: 36
DEBUG: src/lcthw/hashmap.c:Hashmap_get_node:205: TRY: 37
DEBUG: src/lcthw/hashmap.c:Hashmap_get_node:205: TRY: 38
DEBUG: src/lcthw/hashmap.c:Hashmap_get_node:205: TRY: 0
DEBUG: src/lcthw/hashmap.c:Hashmap_get_node:205: TRY: 1
DEBUG: src/lcthw/hashmap.c:Hashmap_get_node:205: TRY: 2
DEBUG: src/lcthw/hashmap.c:Hashmap_get_node:205: TRY: 3
DEBUG: src/lcthw/hashmap.c:Hashmap_get_node:205: TRY: 4
DEBUG: src/lcthw/hashmap.c:Hashmap_get_node:205: TRY: 5
DEBUG: src/lcthw/hashmap.c:Hashmap_get_node:205: TRY: 6
DEBUG: src/lcthw/hashmap.c:Hashmap_get_node:205: TRY: 7
DEBUG: src/lcthw/hashmap.c:Hashmap_get_node:205: TRY: 8
DEBUG: src/lcthw/hashmap.c:Hashmap_get_node:205: TRY: 9
DEBUG: src/lcthw/hashmap.c:Hashmap_get_node:205: TRY: 10
DEBUG: src/lcthw/hashmap.c:Hashmap_get_node:205: TRY: 11
DEBUG: src/lcthw/hashmap.c:Hashmap_get_node:205: TRY: 12
DEBUG: src/lcthw/hashmap.c:Hashmap_get_node:205: TRY: 13
DEBUG: src/lcthw/hashmap.c:Hashmap_get_node:205: TRY: 14
DEBUG: src/lcthw/hashmap.c:Hashmap_get_node:205: TRY: 15
DEBUG: src/lcthw/hashmap.c:Hashmap_get_node:205: TRY: 16
DEBUG: src/lcthw/hashmap.c:Hashmap_get_node:205: TRY: 17
DEBUG: src/lcthw/hashmap.c:Hashmap_get_node:205: TRY: 18
DEBUG: src/lcthw/hashmap.c:Hashmap_get_node:205: TRY: 19
DEBUG: src/lcthw/hashmap.c:Hashmap_get_node:205: TRY: 20
DEBUG: src/lcthw/hashmap.c:Hashmap_get_node:205: TRY: 21
DEBUG: src/lcthw/hashmap.c:Hashmap_get_node:205: TRY: 22
DEBUG: src/lcthw/hashmap.c:Hashmap_get_node:205: TRY: 23
DEBUG: src/lcthw/hashmap.c:Hashmap_get_node:205: TRY: 24
DEBUG: src/lcthw/hashmap.c:Hashmap_get_node:205: TRY: 25
DEBUG: src/lcthw/hashmap.c:Hashmap_get_node:205: TRY: 26
DEBUG: src/lcthw/hashmap.c:Hashmap_get_node:205: TRY: 27
DEBUG: src/lcthw/hashmap.c:Hashmap_get_node:205: TRY: 28
DEBUG: src/lcthw/hashmap.c:Hashmap_get_node:205: TRY: 29
DEBUG: src/lcthw/hashmap.c:Hashmap_get_node:205: TRY: 30
DEBUG: src/lcthw/hashmap.c:Hashmap_get_node:205: TRY: 31
DEBUG: src/lcthw/hashmap.c:Hashmap_get_node:205: TRY: 32
DEBUG: src/lcthw/hashmap.c:Hashmap_get_node:205: TRY: 33
DEBUG: src/lcthw/hashmap.c:Hashmap_get_node:205: TRY: 34
DEBUG: src/lcthw/hashmap.c:Hashmap_get_node:205: TRY: 35
DEBUG: src/lcthw/hashmap.c:Hashmap_get_node:205: TRY: 0
DEBUG: src/lcthw/hashmap.c:Hashmap_get_node:205: TRY: 1
DEBUG: src/lcthw/hashmap.c:Hashmap_get_node:205: TRY: 2
DEBUG: src/lcthw/hashmap.c:Hashmap_get_node:205: TRY: 3
DEBUG: src/lcthw/hashmap.c:Hashmap_get_node:205: TRY: 4
DEBUG: src/lcthw/hashmap.c:Hashmap_get_node:205: TRY: 5
DEBUG: src/lcthw/hashmap.c:Hashmap_get_node:205: TRY: 6
DEBUG: src/lcthw/hashmap.c:Hashmap_get_node:205: TRY: 7
DEBUG: src/lcthw/hashmap.c:Hashmap_get_node:205: TRY: 8
DEBUG: src/lcthw/hashmap.c:Hashmap_get_node:205: TRY: 9
DEBUG: src/lcthw/hashmap.c:Hashmap_get_node:205: TRY: 10
DEBUG: src/lcthw/hashmap.c:Hashmap_get_node:205: TRY: 11
DEBUG: src/lcthw/hashmap.c:Hashmap_get_node:205: TRY: 12
DEBUG: src/lcthw/hashmap.c:Hashmap_get_node:205: TRY: 13
DEBUG: src/lcthw/hashmap.c:Hashmap_get_node:205: TRY: 14
DEBUG: src/lcthw/hashmap.c:Hashmap_get_node:205: TRY: 15
DEBUG: src/lcthw/hashmap.c:Hashmap_get_node:205: TRY: 16
DEBUG: src/lcthw/hashmap.c:Hashmap_get_node:205: TRY: 17
DEBUG: src/lcthw/hashmap.c:Hashmap_get_node:205: TRY: 18
DEBUG: src/lcthw/hashmap.c:Hashmap_get_node:205: TRY: 19
DEBUG: src/lcthw/hashmap.c:Hashmap_get_node:205: TRY: 20
DEBUG: src/lcthw/hashmap.c:Hashmap_get_node:205: TRY: 21
DEBUG: src/lcthw/hashmap.c:Hashmap_get_node:205: TRY: 22
DEBUG: src/lcthw/hashmap.c:Hashmap_get_node:205: TRY: 23
DEBUG: src/lcthw/hashmap.c:Hashmap_get_node:205: TRY: 24
DEBUG: src/lcthw/hashmap.c:Hashmap_get_node:205: TRY: 25
DEBUG: src/lcthw/hashmap.c:Hashmap_get_node:205: TRY: 26
DEBUG: src/lcthw/hashmap.c:Hashmap_get_node:205: TRY: 27
DEBUG: src/lcthw/hashmap.c:Hashmap_get_node:205: TRY: 28
DEBUG: src/lcthw/hashmap.c:Hashmap_get_node:205: TRY: 29
DEBUG: src/lcthw/hashmap.c:Hashmap_get_node:205: TRY: 30
DEBUG: src/lcthw/hashmap.c:Hashmap_get_node:205: TRY: 31
DEBUG: src/lcthw/hashmap.c:Hashmap_get_node:205: TRY: 32
DEBUG: src/lcthw/hashmap.c:Hashmap_get_node:205: TRY: 33
DEBUG: src/lcthw/hashmap.c:Hashmap_get_node:205: TRY: 34
DEBUG: src/lcthw/hashmap.c:Hashmap_get_node:205: TRY: 35
DEBUG: src/lcthw/hashmap.c:Hashmap_get_node:205: TRY: 36
DEBUG: src/lcthw/hashmap.c:Hashmap_get_node:205: TRY: 37
DEBUG: src/lcthw/hashmap.c:Hashmap_get_node:205: TRY: 38
DEBUG: src/lcthw/hashmap.c:Hashmap_get_node:205: TRY: 39
DEBUG: src/lcthw/hashmap.c:Hashmap_get_node:205: TRY: 0
DEBUG: src/lcthw/hashmap.c:Hashmap_get_node:205: TRY: 1
DEBUG: src/lcthw/hashmap.c:Hashmap_get_node:205: TRY: 2
DEBUG: src/lcthw/hashmap.c:Hashmap_get_node:205: TRY: 3
DEBUG: src/lcthw/hashmap.c:Hashmap_get_node:205: TRY: 4
DEBUG: src/lcthw/hashmap.c:Hashmap_get_node:205: TRY: 5
DEBUG: src/lcthw/hashmap.c:Hashmap_get_node:205: TRY: 6
DEBUG: src/lcthw/hashmap.c:Hashmap_get_node:205: TRY: 7
DEBUG: src/lcthw/hashmap.c:Hashmap_get_node:205: TRY: 8
DEBUG: src/lcthw/hashmap.c:Hashmap_get_node:205: TRY: 9
DEBUG: src/lcthw/hashmap.c:Hashmap_get_node:205: TRY: 10
DEBUG: src/lcthw/hashmap.c:Hashmap_get_node:205: TRY: 11
DEBUG: src/lcthw/hashmap.c:Hashmap_get_node:205: TRY: 12
DEBUG: src/lcthw/hashmap.c:Hashmap_get_node:205: TRY: 13
DEBUG: src/lcthw/hashmap.c:Hashmap_get_node:205: TRY: 14
DEBUG: src/lcthw/hashmap.c:Hashmap_get_node:205: TRY: 15
DEBUG: src/lcthw/hashmap.c:Hashmap_get_node:205: TRY: 16
DEBUG: src/lcthw/hashmap.c:Hashmap_get_node:205: TRY: 17
DEBUG: src/lcthw/hashmap.c:Hashmap_get_node:205: TRY: 18
DEBUG: src/lcthw/hashmap.c:Hashmap_get_node:205: TRY: 19
DEBUG: src/lcthw/hashmap.c:Hashmap_get_node:205: TRY: 20
DEBUG: src/lcthw/hashmap.c:Hashmap_get_node:205: TRY: 21
DEBUG: src/lcthw/hashmap.c:Hashmap_get_node:205: TRY: 22
DEBUG: src/lcthw/hashmap.c:Hashmap_get_node:205: TRY: 23
DEBUG: src/lcthw/hashmap.c:Hashmap_get_node:205: TRY: 24
DEBUG: src/lcthw/hashmap.c:Hashmap_get_node:205: TRY: 25
DEBUG: src/lcthw/hashmap.c:Hashmap_get_node:205: TRY: 26
DEBUG: src/lcthw/hashmap.c:Hashmap_get_node:205: TRY: 27
DEBUG: src/lcthw/hashmap.c:Hashmap_get_node:205: TRY: 28
DEBUG: src/lcthw/hashmap.c:Hashmap_get_node:205: TRY: 29
DEBUG: src/lcthw/hashmap.c:Hashmap_get_node:205: TRY: 30
DEBUG: src/lcthw/hashmap.c:Hashmap_get_node:205: TRY: 31
DEBUG: src/lcthw/hashmap.c:Hashmap_get_node:205: TRY: 32
DEBUG: src/lcthw/hashmap.c:Hashmap_get_node:205: TRY: 33
DEBUG: src/lcthw/hashmap.c:Hashmap_get_node:205: TRY: 34
DEBUG: src/lcthw/hashmap.c:Hashmap_get_node:205: TRY: 35
DEBUG: src/lcthw/hashmap.c:Hashmap_get_node:205: TRY: 36
DEBUG: src/lcthw/hashmap.c:Hashmap_get_node:205: TRY: 0
DEBUG: src/lcthw/hashmap.c:Hashmap_get_node:205: TRY: 1
DEBUG: src/lcthw/hashmap.c:Hashmap_get_node:205: TRY: 2
DEBUG: src/lcthw/hashmap.c:Hashmap_get_node:205: TRY: 3
DEBUG: src/lcthw/hashmap.c:Hashmap_get_node:205: TRY: 4
DEBUG: src/lcthw/hashmap.c:Hashmap_get_node:205: TRY: 5
DEBUG: src/lcthw/hashmap.c:Hashmap_get_node:205: TRY: 6
DEBUG: src/lcthw/hashmap.c:Hashmap_get_node:205: TRY: 7
DEBUG: src/lcthw/hashmap.c:Hashmap_get_node:205: TRY: 8
DEBUG: src/lcthw/hashmap.c:Hashmap_get_node:205: TRY: 9
DEBUG: src/lcthw/hashmap.c:Hashmap_get_node:205: TRY: 10
DEBUG: src/lcthw/hashmap.c:Hashmap_get_node:205: TRY: 11
DEBUG: src/lcthw/hashmap.c:Hashmap_get_node:205: TRY: 12
DEBUG: src/lcthw/hashmap.c:Hashmap_get_node:205: TRY: 13
DEBUG: src/lcthw/hashmap.c:Hashmap_get_node:205: TRY: 14
DEBUG: src/lcthw/hashmap.c:Hashmap_get_node:205: TRY: 15
DEBUG: src/lcthw/hashmap.c:Hashmap_get_node:205: TRY: 16
DEBUG: src/lcthw/hashmap.c:Hashmap_get_node:205: TRY: 17
DEBUG: src/lcthw/hashmap.c:Hashmap_get_node:205: TRY: 18
DEBUG: src/lcthw/hashmap.c:Hashmap_get_node:205: TRY: 19
DEBUG: src/lcthw/hashmap.c:Hashmap_get_node:205: TRY: 20
DEBUG: src/lcthw/hashmap.c:Hashmap_get_node:205: TRY: 21
DEBUG: src/lcthw/hashmap.c:Hashmap_get_node:205: TRY: 22
DEBUG: src/lcthw/hashmap.c:Hashmap_get_node:205: TRY: 23
DEBUG: src/lcthw/hashmap.c:Hashmap_get_node:205: TRY: 24
DEBUG: src/lcthw/hashmap.c:Hashmap_get_node:205: TRY: 25
DEBUG: src/lcthw/hashmap.c:Hashmap_get_node:205: TRY: 26
DEBUG: src/lcthw/hashmap.c:Hashmap_get_node:205: TRY: 27
DEBUG: src/lcthw/hashmap.c:Hashmap_get_node:205: TRY: 28
DEBUG: src/lcthw/hashmap.c:Hashmap_get_node:205: TRY: 29
DEBUG: src/lcthw/hashmap.c:Hashmap_get_node:205: TRY: 30
DEBUG: src/lcthw/hashmap.c:Hashmap_get_node:205: TRY: 31
DEBUG: src/lcthw/hashmap.c:Hashmap_get_node:205: TRY: 32
DEBUG: src/lcthw/hashmap.c:Hashmap_get_node:205: TRY: 33
DEBUG: src/lcthw/hashmap.c:Hashmap_get_node:205: TRY: 34
DEBUG: src/lcthw/hashmap.c:Hashmap_get_node:205: TRY: 35
DEBUG: src/lcthw/hashmap.c:Hashmap_get_node:205: TRY: 36
DEBUG: src/lcthw/hashmap.c:Hashmap_get_node:205: TRY: 37
DEBUG: src/lcthw/hashmap.c:Hashmap_get_node:205: TRY: 38
DEBUG: src/lcthw/hashmap.c:Hashmap_get_node:205: TRY: 39
DEBUG: src/lcthw/hashmap.c:Hashmap_get_node:205: TRY: 40
DEBUG: src/lcthw/hashmap.c:Hashmap_get_node:205: TRY: 41
DEBUG: src/lcthw/hashmap.c:Hashmap_get_node:205: TRY: 42
DEBUG: src/lcthw/hashmap.c:Hashmap_get_node:205: TRY: 43
DEBUG: src/lcthw/hashmap.c:Hashmap_get_node:205: TRY: 44
DEBUG: src/lcthw/hashmap.c:Hashmap_get_node:205: TRY: 45
DEBUG: src/lcthw/hashmap.c:Hashmap_get_node:205: TRY: 46
DEBUG: src/lcthw/hashmap.c:Hashmap_get_node:205: TRY: 47
DEBUG: src/lcthw/hashmap.c:Hashmap_get_node:205: TRY: 48
DEBUG: src/lcthw/hashmap.c:Hashmap_get_node:205: TRY: 49
DEBUG: src/lcthw/hashmap.c:Hashmap_get_node:205: TRY: 50
DEBUG: src/lcthw/hashmap.c:Hashmap_get_node:205: TRY: 51
DEBUG: src/lcthw/hashmap.c:Hashmap_get_node:205: TRY: 52
DEBUG: src/lcthw/hashmap.c:Hashmap_get_node:205: TRY: 53
DEBUG: src/lcthw/hashmap.c:Hashmap_get_node:205: TRY: 54
DEBUG: src/lcthw/hashmap.c:Hashmap_get_node:205: TRY: 55
DEBUG: src/lcthw/hashmap.c:Hashmap_get_node:205: TRY: 56
DEBUG: src/lcthw/hashmap.c:Hashmap_get_node:205: TRY: 57
DEBUG: src/lcthw/hashmap.c:Hashmap_get_node:205: TRY: 58
DEBUG: src/lcthw/hashmap.c:Hashmap_get_node:205: TRY: 59
DEBUG: src/lcthw/hashmap.c:Hashmap_get_node:205: TRY: 60
DEBUG: src/lcthw/hashmap.c:Hashmap_get_node:205: TRY: 61
DEBUG: src/lcthw/hashmap.c:Hashmap_get_node:205: TRY: 62
DEBUG: src/lcthw/hashmap.c:Hashmap_get_node:205: TRY: 63
DEBUG: src/lcthw/hashmap.c:Hashmap_get_node:205: TRY: 64
DEBUG: src/lcthw/hashmap.c:Hashmap_get_node:205: TRY: 0
DEBUG: src/lcthw/hashmap.c:Hashmap_get_node:205: TRY: 1
DEBUG: src/lcthw/hashmap.c:Hashmap_get_node:205: TRY: 2
DEBUG: src/lcthw/hashmap.c:Hashmap_get_node:205: TRY: 3
DEBUG: src/lcthw/hashmap.c:Hashmap_get_node:205: TRY: 4
DEBUG: src/lcthw/hashmap.c:Hashmap_get_node:205: TRY: 5
DEBUG: src/lcthw/hashmap.c:Hashmap_get_node:205: TRY: 6
DEBUG: src/lcthw/hashmap.c:Hashmap_get_node:205: TRY: 7
DEBUG: src/lcthw/hashmap.c:Hashmap_get_node:205: TRY: 8
DEBUG: src/lcthw/hashmap.c:Hashmap_get_node:205: TRY: 9
DEBUG: src/lcthw/hashmap.c:Hashmap_get_node:205: TRY: 10
DEBUG: src/lcthw/hashmap.c:Hashmap_get_node:205: TRY: 11
DEBUG: src/lcthw/hashmap.c:Hashmap_get_node:205: TRY: 12
DEBUG: src/lcthw/hashmap.c:Hashmap_get_node:205: TRY: 13
DEBUG: src/lcthw/hashmap.c:Hashmap_get_node:205: TRY: 14
DEBUG: src/lcthw/hashmap.c:Hashmap_get_node:205: TRY: 15
DEBUG: src/lcthw/hashmap.c:Hashmap_get_node:205: TRY: 16
DEBUG: src/lcthw/hashmap.c:Hashmap_get_node:205: TRY: 17
DEBUG: src/lcthw/hashmap.c:Hashmap_get_node:205: TRY: 18
DEBUG: src/lcthw/hashmap.c:Hashmap_get_node:205: TRY: 19
DEBUG: src/lcthw/hashmap.c:Hashmap_get_node:205: TRY: 20
DEBUG: src/lcthw/hashmap.c:Hashmap_get_node:205: TRY: 21
DEBUG: src/lcthw/hashmap.c:Hashmap_get_node:205: TRY: 22
DEBUG: src/lcthw/hashmap.c:Hashmap_get_node:205: TRY: 23
DEBUG: src/lcthw/hashmap.c:Hashmap_get_node:205: TRY: 24
DEBUG: src/lcthw/hashmap.c:Hashmap_get_node:205: TRY: 25
DEBUG: src/lcthw/hashmap.c:Hashmap_get_node:205: TRY: 26
DEBUG: src/lcthw/hashmap.c:Hashmap_get_node:205: TRY: 27
DEBUG: src/lcthw/hashmap.c:Hashmap_get_node:205: TRY: 28
DEBUG: src/lcthw/hashmap.c:Hashmap_get_node:205: TRY: 29
DEBUG: src/lcthw/hashmap.c:Hashmap_get_node:205: TRY: 30
DEBUG: src/lcthw/hashmap.c:Hashmap_get_node:205: TRY: 31
DEBUG: src/lcthw/hashmap.c:Hashmap_get_node:205: TRY: 32
DEBUG: src/lcthw/hashmap.c:Hashmap_get_node:205: TRY: 33
DEBUG: src/lcthw/hashmap.c:Hashmap_get_node:205: TRY: 34
DEBUG: src/lcthw/hashmap.c:Hashmap_get_node:205: TRY: 35
DEBUG: src/lcthw/hashmap.c:Hashmap_get_node:205: TRY: 36
DEBUG: src/lcthw/hashmap.c:Hashmap_get_node:205: TRY: 37
DEBUG: src/lcthw/hashmap.c:Hashmap_get_node:205: TRY: 38
DEBUG: src/lcthw/hashmap.c:Hashmap_get_node:205: TRY: 39
DEBUG: src/lcthw/hashmap.c:Hashmap_get_node:205: TRY: 40
DEBUG: src/lcthw/hashmap.c:Hashmap_get_node:205: TRY: 0
DEBUG: src/lcthw/hashmap.c:Hashmap_get_node:205: TRY: 1
DEBUG: src/lcthw/hashmap.c:Hashmap_get_node:205: TRY: 2
DEBUG: src/lcthw/hashmap.c:Hashmap_get_node:205: TRY: 3
DEBUG: src/lcthw/hashmap.c:Hashmap_get_node:205: TRY: 4
DEBUG: src/lcthw/hashmap.c:Hashmap_get_node:205: TRY: 5
DEBUG: src/lcthw/hashmap.c:Hashmap_get_node:205: TRY: 6
DEBUG: src/lcthw/hashmap.c:Hashmap_get_node:205: TRY: 7
DEBUG: src/lcthw/hashmap.c:Hashmap_get_node:205: TRY: 8
DEBUG: src/lcthw/hashmap.c:Hashmap_get_node:205: TRY: 9
DEBUG: src/lcthw/hashmap.c:Hashmap_get_node:205: TRY: 10
DEBUG: src/lcthw/hashmap.c:Hashmap_get_node:205: TRY: 11
DEBUG: src/lcthw/hashmap.c:Hashmap_get_node:205: TRY: 12
DEBUG: src/lcthw/hashmap.c:Hashmap_get_node:205: TRY: 13
DEBUG: src/lcthw/hashmap.c:Hashmap_get_node:205: TRY: 14
DEBUG: src/lcthw/hashmap.c:Hashmap_get_node:205: TRY: 15
DEBUG: src/lcthw/hashmap.c:Hashmap_get_node:205: TRY: 16
DEBUG: src/lcthw/hashmap.c:Hashmap_get_node:205: TRY: 17
DEBUG: src/lcthw/hashmap.c:Hashmap_get_node:205: TRY: 18
DEBUG: src/lcthw/hashmap.c:Hashmap_get_node:205: TRY: 19
DEBUG: src/lcthw/hashmap.c:Hashmap_get_node:205: TRY: 20
DEBUG: src/lcthw/hashmap.c:Hashmap_get_node:205: TRY: 21
DEBUG: src/lcthw/hashmap.c:Hashmap_get_node:205: TRY: 22
DEBUG: src/lcthw/hashmap.c:Hashmap_get_node:205: TRY: 23
DEBUG: src/lcthw/hashmap.c:Hashmap_get_node:205: TRY: 24
DEBUG: src/lcthw/hashmap.c:Hashmap_get_node:205: TRY: 25
DEBUG: src/lcthw/hashmap.c:Hashmap_get_node:205: TRY: 26
DEBUG: src/lcthw/hashmap.c:Hashmap_get_node:205: TRY: 27
DEBUG: src/lcthw/hashmap.c:Hashmap_get_node:205: TRY: 28
DEBUG: src/lcthw/hashmap.c:Hashmap_get_node:205: TRY: 29
DEBUG: src/lcthw/hashmap.c:Hashmap_get_node:205: TRY: 30
DEBUG: src/lcthw/hashmap.c:Hashmap_get_node:205: TRY: 31
DEBUG: src/lcthw/hashmap.c:Hashmap_get_node:205: TRY: 32
DEBUG: src/lcthw/hashmap.c:Hashmap_get_node:205: TRY: 33
DEBUG: src/lcthw/hashmap.c:Hashmap_get_node:205: TRY: 34
DEBUG: src/lcthw/hashmap.c:Hashmap_get_node:205: TRY: 35
DEBUG: src/lcthw/hashmap.c:Hashmap_get_node:205: TRY: 36
DEBUG: src/lcthw/hashmap.c:Hashmap_get_node:205: TRY: 37
DEBUG: src/lcthw/hashmap.c:Hashmap_get_node:205: TRY: 38
DEBUG: src/lcthw/hashmap.c:Hashmap_get_node:205: TRY: 39
DEBUG: src/lcthw/hashmap.c:Hashmap_get_node:205: TRY: 40
DEBUG: src/lcthw/hashmap.c:Hashmap_get_node:205: TRY: 41
DEBUG: src/lcthw/hashmap.c:Hashmap_get_node:205: TRY: 0
DEBUG: src/lcthw/hashmap.c:Hashmap_get_node:205: TRY: 1
DEBUG: src/lcthw/hashmap.c:Hashmap_get_node:205: TRY: 2
DEBUG: src/lcthw/hashmap.c:Hashmap_get_node:205: TRY: 3
DEBUG: src/lcthw/hashmap.c:Hashmap_get_node:205: TRY: 4
DEBUG: src/lcthw/hashmap.c:Hashmap_get_node:205: TRY: 5
DEBUG: src/lcthw/hashmap.c:Hashmap_get_node:205: TRY: 6
DEBUG: src/lcthw/hashmap.c:Hashmap_get_node:205: TRY: 7
DEBUG: src/lcthw/hashmap.c:Hashmap_get_node:205: TRY: 8
DEBUG: src/lcthw/hashmap.c:Hashmap_get_node:205: TRY: 9
DEBUG: src/lcthw/hashmap.c:Hashmap_get_node:205: TRY: 10
DEBUG: src/lcthw/hashmap.c:Hashmap_get_node:205: TRY: 11
DEBUG: src/lcthw/hashmap.c:Hashmap_get_node:205: TRY: 12
DEBUG: src/lcthw/hashmap.c:Hashmap_get_node:205: TRY: 13
DEBUG: src/lcthw/hashmap.c:Hashmap_get_node:205: TRY: 14
DEBUG: src/lcthw/hashmap.c:Hashmap_get_node:205: TRY: 15
DEBUG: src/lcthw/hashmap.c:Hashmap_get_node:205: TRY: 16
DEBUG: src/lcthw/hashmap.c:Hashmap_get_node:205: TRY: 17
DEBUG: src/lcthw/hashmap.c:Hashmap_get_node:205: TRY: 18
DEBUG: src/lcthw/hashmap.c:Hashmap_get_node:205: TRY: 19
DEBUG: src/lcthw/hashmap.c:Hashmap_get_node:205: TRY: 20
DEBUG: src/lcthw/hashmap.c:Hashmap_get_node:205: TRY: 21
DEBUG: src/lcthw/hashmap.c:Hashmap_get_node:205: TRY: 22
DEBUG: src/lcthw/hashmap.c:Hashmap_get_node:205: TRY: 23
DEBUG: src/lcthw/hashmap.c:Hashmap_get_node:205: TRY: 24
DEBUG: src/lcthw/hashmap.c:Hashmap_get_node:205: TRY: 25
DEBUG: src/lcthw/hashmap.c:Hashmap_get_node:205: TRY: 26
DEBUG: src/lcthw/hashmap.c:Hashmap_get_node:205: TRY: 27
DEBUG: src/lcthw/hashmap.c:Hashmap_get_node:205: TRY: 28
DEBUG: src/lcthw/hashmap.c:Hashmap_get_node:205: TRY: 29
DEBUG: src/lcthw/hashmap.c:Hashmap_get_node:205: TRY: 30
DEBUG: src/lcthw/hashmap.c:Hashmap_get_node:205: TRY: 31
DEBUG: src/lcthw/hashmap.c:Hashmap_get_node:205: TRY: 32
DEBUG: src/lcthw/hashmap.c:Hashmap_get_node:205: TRY: 33
DEBUG: src/lcthw/hashmap.c:Hashmap_get_node:205: TRY: 34
DEBUG: src/lcthw/hashmap.c:Hashmap_get_node:205: TRY: 35
DEBUG: src/lcthw/hashmap.c:Hashmap_get_node:205: TRY: 36
DEBUG: src/lcthw/hashmap.c:Hashmap_get_node:205: TRY: 37
DEBUG: src/lcthw/hashmap.c:Hashmap_get_node:205: TRY: 38
DEBUG: src/lcthw/hashmap.c:Hashmap_get_node:205: TRY: 39
DEBUG: src/lcthw/hashmap.c:Hashmap_get_node:205: TRY: 40
DEBUG: src/lcthw/hashmap.c:Hashmap_get_node:205: TRY: 41
DEBUG: src/lcthw/hashmap.c:Hashmap_get_node:205: TRY: 42
DEBUG: src/lcthw/hashmap.c:Hashmap_get_node:205: TRY: 43
DEBUG: src/lcthw/hashmap.c:Hashmap_get_node:205: TRY: 44
DEBUG: src/lcthw/hashmap.c:Hashmap_get_node:205: TRY: 45
DEBUG: src/lcthw/hashmap.c:Hashmap_get_node:205: TRY: 0
DEBUG: src/lcthw/hashmap.c:Hashmap_get_node:205: TRY: 1
DEBUG: src/lcthw/hashmap.c:Hashmap_get_node:205: TRY: 2
DEBUG: src/lcthw/hashmap.c:Hashmap_get_node:205: TRY: 3
DEBUG: src/lcthw/hashmap.c:Hashmap_get_node:205: TRY: 4
DEBUG: src/lcthw/hashmap.c:Hashmap_get_node:205: TRY: 5
DEBUG: src/lcthw/hashmap.c:Hashmap_get_node:205: TRY: 6
DEBUG: src/lcthw/hashmap.c:Hashmap_get_node:205: TRY: 7
DEBUG: src/lcthw/hashmap.c:Hashmap_get_node:205: TRY: 8
DEBUG: src/lcthw/hashmap.c:Hashmap_get_node:205: TRY: 9
DEBUG: src/lcthw/hashmap.c:Hashmap_get_node:205: TRY: 10
DEBUG: src/lcthw/hashmap.c:Hashmap_get_node:205: TRY: 11
DEBUG: src/lcthw/hashmap.c:Hashmap_get_node:205: TRY: 12
DEBUG: src/lcthw/hashmap.c:Hashmap_get_node:205: TRY: 13
DEBUG: src/lcthw/hashmap.c:Hashmap_get_node:205: TRY: 14
DEBUG: src/lcthw/hashmap.c:Hashmap_get_node:205: TRY: 15
DEBUG: src/lcthw/hashmap.c:Hashmap_get_node:205: TRY: 16
DEBUG: src/lcthw/hashmap.c:Hashmap_get_node:205: TRY: 17
DEBUG: src/lcthw/hashmap.c:Hashmap_get_node:205: TRY: 18
DEBUG: src/lcthw/hashmap.c:Hashmap_get_node:205: TRY: 19
DEBUG: src/lcthw/hashmap.c:Hashmap_get_node:205: TRY: 20
DEBUG: src/lcthw/hashmap.c:Hashmap_get_node:205: TRY: 21
DEBUG: src/lcthw/hashmap.c:Hashmap_get_node:205: TRY: 22
DEBUG: src/lcthw/hashmap.c:Hashmap_get_node:205: TRY: 23
DEBUG: src/lcthw/hashmap.c:Hashmap_get_node:205: TRY: 24
DEBUG: src/lcthw/hashmap.c:Hashmap_get_node:205: TRY: 25
DEBUG: src/lcthw/hashmap.c:Hashmap_get_node:205: TRY: 26
DEBUG: src/lcthw/hashmap.c:Hashmap_get_node:205: TRY: 27
DEBUG: src/lcthw/hashmap.c:Hashmap_get_node:205: TRY: 28
DEBUG: src/lcthw/hashmap.c:Hashmap_get_node:205: TRY: 29
DEBUG: src/lcthw/hashmap.c:Hashmap_get_node:205: TRY: 30
DEBUG: src/lcthw/hashmap.c:Hashmap_get_node:205: TRY: 31
DEBUG: src/lcthw/hashmap.c:Hashmap_get_node:205: TRY: 32
DEBUG: src/lcthw/hashmap.c:Hashmap_get_node:205: TRY: 33
DEBUG: src/lcthw/hashmap.c:Hashmap_get_node:205: TRY: 34
DEBUG: src/lcthw/hashmap.c:Hashmap_get_node:205: TRY: 35
DEBUG: src/lcthw/hashmap.c:Hashmap_get_node:205: TRY: 36
DEBUG: src/lcthw/hashmap.c:Hashmap_get_node:205: TRY: 37
DEBUG: src/lcthw/hashmap.c:Hashmap_get_node:205: TRY: 38
DEBUG: src/lcthw/hashmap.c:Hashmap_get_node:205: TRY: 39
DEBUG: src/lcthw/hashmap.c:Hashmap_get_node:205: TRY: 40
DEBUG: src/lcthw/hashmap.c:Hashmap_get_node:205: TRY: 41
DEBUG: src/lcthw/hashmap.c:Hashmap_get_node:205: TRY: 42
DEBUG: src/lcthw/hashmap.c:Hashmap_get_node:205: TRY: 43
DEBUG: src/lcthw/hashmap.c:Hashmap_get_node:205: TRY: 44
DEBUG: src/lcthw/hashmap.c:Hashmap_get_node:205: TRY: 45
DEBUG: src/lcthw/hashmap.c:Hashmap_get_node:205: TRY: 46
DEBUG: src/lcthw/hashmap.c:Hashmap_get_node:205: TRY: 47
DEBUG: src/lcthw/hashmap.c:Hashmap_get_node:205: TRY: 48
DEBUG: src/lcthw/hashmap.c:Hashmap_get_node:205: TRY: 49
DEBUG: src/lcthw/hashmap.c:Hashmap_get_node:205: TRY: 50
DEBUG: src/lcthw/hashmap.c:Hashmap_get_node:205: TRY: 51
DEBUG: src/lcthw/hashmap.c:Hashmap_get_node:205: TRY: 52
DEBUG: src/lcthw/hashmap.c:Hashmap_get_node:205: TRY: 53
DEBUG: src/lcthw/hashmap.c:Hashmap_get_node:205: TRY: 54
DEBUG: src/lcthw/hashmap.c:Hashmap_get_node:205: TRY: 55
DEBUG: src/lcthw/hashmap.c:Hashmap_get_node:205: TRY: 56
DEBUG: src/lcthw/hashmap.c:Hashmap_get_node:205: TRY: 57
DEBUG: src/lcthw/hashmap.c:Hashmap_get_node:205: TRY: 58
DEBUG: src/lcthw/hashmap.c:Hashmap_get_node:205: TRY: 59
DEBUG: src/lcthw/hashmap.c:Hashmap_get_node:205: TRY: 60
DEBUG: src/lcthw/hashmap.c:Hashmap_get_node:205: TRY: 61
DEBUG: src/lcthw/hashmap.c:Hashmap_get_node:205: TRY: 62
DEBUG: src/lcthw/hashmap.c:Hashmap_get_node:205: TRY: 63
DEBUG: src/lcthw/hashmap.c:Hashmap_get_node:205: TRY: 64
DEBUG: src/lcthw/hashmap.c:Hashmap_get_node:205: TRY: 65
DEBUG: src/lcthw/hashmap.c:Hashmap_get_node:205: TRY: 0
DEBUG: src/lcthw/hashmap.c:Hashmap_get_node:205: TRY: 1
DEBUG: src/lcthw/hashmap.c:Hashmap_get_node:205: TRY: 2
DEBUG: src/lcthw/hashmap.c:Hashmap_get_node:205: TRY: 3
DEBUG: src/lcthw/hashmap.c:Hashmap_get_node:205: TRY: 4
DEBUG: src/lcthw/hashmap.c:Hashmap_get_node:205: TRY: 5
DEBUG: src/lcthw/hashmap.c:Hashmap_get_node:205: TRY: 6
DEBUG: src/lcthw/hashmap.c:Hashmap_get_node:205: TRY: 7
DEBUG: src/lcthw/hashmap.c:Hashmap_get_node:205: TRY: 8
DEBUG: src/lcthw/hashmap.c:Hashmap_get_node:205: TRY: 9
DEBUG: src/lcthw/hashmap.c:Hashmap_get_node:205: TRY: 10
DEBUG: src/lcthw/hashmap.c:Hashmap_get_node:205: TRY: 11
DEBUG: src/lcthw/hashmap.c:Hashmap_get_node:205: TRY: 12
DEBUG: src/lcthw/hashmap.c:Hashmap_get_node:205: TRY: 13
DEBUG: src/lcthw/hashmap.c:Hashmap_get_node:205: TRY: 14
DEBUG: src/lcthw/hashmap.c:Hashmap_get_node:205: TRY: 15
DEBUG: src/lcthw/hashmap.c:Hashmap_get_node:205: TRY: 16
DEBUG: src/lcthw/hashmap.c:Hashmap_get_node:205: TRY: 17
DEBUG: src/lcthw/hashmap.c:Hashmap_get_node:205: TRY: 18
DEBUG: src/lcthw/hashmap.c:Hashmap_get_node:205: TRY: 19
DEBUG: src/lcthw/hashmap.c:Hashmap_get_node:205: TRY: 20
DEBUG: src/lcthw/hashmap.c:Hashmap_get_node:205: TRY: 21
DEBUG: src/lcthw/hashmap.c:Hashmap_get_node:205: TRY: 22
DEBUG: src/lcthw/hashmap.c:Hashmap_get_node:205: TRY: 23
DEBUG: src/lcthw/hashmap.c:Hashmap_get_node:205: TRY: 24
DEBUG: src/lcthw/hashmap.c:Hashmap_get_node:205: TRY: 25
DEBUG: src/lcthw/hashmap.c:Hashmap_get_node:205: TRY: 26
DEBUG: src/lcthw/hashmap.c:Hashmap_get_node:205: TRY: 27
DEBUG: src/lcthw/hashmap.c:Hashmap_get_node:205: TRY: 28
DEBUG: src/lcthw/hashmap.c:Hashmap_get_node:205: TRY: 29
DEBUG: src/lcthw/hashmap.c:Hashmap_get_node:205: TRY: 30
DEBUG: src/lcthw/hashmap.c:Hashmap_get_node:205: TRY: 31
DEBUG: src/lcthw/hashmap.c:Hashmap_get_node:205: TRY: 32
DEBUG: src/lcthw/hashmap.c:Hashmap_get_node:205: TRY: 0
DEBUG: src/lcthw/hashmap.c:Hashmap_get_node:205: TRY: 1
DEBUG: src/lcthw/hashmap.c:Hashmap_get_node:205: TRY: 2
DEBUG: src/lcthw/hashmap.c:Hashmap_get_node:205: TRY: 3
DEBUG: src/lcthw/hashmap.c:Hashmap_get_node:205: TRY: 4
DEBUG: src/lcthw/hashmap.c:Hashmap_get_node:205: TRY: 5
DEBUG: src/lcthw/hashmap.c:Hashmap_get_node:205: TRY: 6
DEBUG: src/lcthw/hashmap.c:Hashmap_get_node:205: TRY: 7
DEBUG: src/lcthw/hashmap.c:Hashmap_get_node:205: TRY: 8
DEBUG: src/lcthw/hashmap.c:Hashmap_get_node:205: TRY: 9
DEBUG: src/lcthw/hashmap.c:Hashmap_get_node:205: TRY: 10
DEBUG: src/lcthw/hashmap.c:Hashmap_get_node:205: TRY: 11
DEBUG: src/lcthw/hashmap.c:Hashmap_get_node:205: TRY: 12
DEBUG: src/lcthw/hashmap.c:Hashmap_get_node:205: TRY: 13
DEBUG: src/lcthw/hashmap.c:Hashmap_get_node:205: TRY: 14
DEBUG: src/lcthw/hashmap.c:Hashmap_get_node:205: TRY: 15
DEBUG: src/lcthw/hashmap.c:Hashmap_get_node:205: TRY: 16
DEBUG: src/lcthw/hashmap.c:Hashmap_get_node:205: TRY: 17
DEBUG: src/lcthw/hashmap.c:Hashmap_get_node:205: TRY: 18
DEBUG: src/lcthw/hashmap.c:Hashmap_get_node:205: TRY: 19
DEBUG: src/lcthw/hashmap.c:Hashmap_get_node:205: TRY: 20
DEBUG: src/lcthw/hashmap.c:Hashmap_get_node:205: TRY: 21
DEBUG: src/lcthw/hashmap.c:Hashmap_get_node:205: TRY: 22
DEBUG: src/lcthw/hashmap.c:Hashmap_get_node:205: TRY: 23
DEBUG: src/lcthw/hashmap.c:Hashmap_get_node:205: TRY: 24
DEBUG: src/lcthw/hashmap.c:Hashmap_get_node:205: TRY: 25
DEBUG: src/lcthw/hashmap.c:Hashmap_get_node:205: TRY: 26
DEBUG: src/lcthw/hashmap.c:Hashmap_get_node:205: TRY: 27
DEBUG: src/lcthw/hashmap.c:Hashmap_get_node:205: TRY: 28
DEBUG: src/lcthw/hashmap.c:Hashmap_get_node:205: TRY: 29
DEBUG: src/lcthw/hashmap.c:Hashmap_get_node:205: TRY: 30
DEBUG: src/lcthw/hashmap.c:Hashmap_get_node:205: TRY: 31
DEBUG: src/lcthw/hashmap.c:Hashmap_get_node:205: TRY: 32
DEBUG: src/lcthw/hashmap.c:Hashmap_get_node:205: TRY: 33
DEBUG: src/lcthw/hashmap.c:Hashmap_get_node:205: TRY: 34
DEBUG: src/lcthw/hashmap.c:Hashmap_get_node:205: TRY: 35
DEBUG: src/lcthw/hashmap.c:Hashmap_get_node:205: TRY: 36
DEBUG: src/lcthw/hashmap.c:Hashmap_get_node:205: TRY: 37
DEBUG: src/lcthw/hashmap.c:Hashmap_get_node:205: TRY: 38
DEBUG: src/lcthw/hashmap.c:Hashmap_get_node:205: TRY: 0
DEBUG: src/lcthw/hashmap.c:Hashmap_get_node:205: TRY: 1
DEBUG: src/lcthw/hashmap.c:Hashmap_get_node:205: TRY: 2
DEBUG: src/lcthw/hashmap.c:Hashmap_get_node:205: TRY: 3
DEBUG: src/lcthw/hashmap.c:Hashmap_get_node:205: TRY: 4
DEBUG: src/lcthw/hashmap.c:Hashmap_get_node:205: TRY: 5
DEBUG: src/lcthw/hashmap.c:Hashmap_get_node:205: TRY: 6
DEBUG: src/lcthw/hashmap.c:Hashmap_get_node:205: TRY: 7
DEBUG: src/lcthw/hashmap.c:Hashmap_get_node:205: TRY: 8
DEBUG: src/lcthw/hashmap.c:Hashmap_get_node:205: TRY: 9
DEBUG: src/lcthw/hashmap.c:Hashmap_get_node:205: TRY: 10
DEBUG: src/lcthw/hashmap.c:Hashmap_get_node:205: TRY: 11
DEBUG: src/lcthw/hashmap.c:Hashmap_get_node:205: TRY: 12
DEBUG: src/lcthw/hashmap.c:Hashmap_get_node:205: TRY: 13
DEBUG: src/lcthw/hashmap.c:Hashmap_get_node:205: TRY: 14
DEBUG: src/lcthw/hashmap.c:Hashmap_get_node:205: TRY: 15
DEBUG: src/lcthw/hashmap.c:Hashmap_get_node:205: TRY: 16
DEBUG: src/lcthw/hashmap.c:Hashmap_get_node:205: TRY: 17
DEBUG: src/lcthw/hashmap.c:Hashmap_get_node:205: TRY: 18
DEBUG: src/lcthw/hashmap.c:Hashmap_get_node:205: TRY: 19
DEBUG: src/lcthw/hashmap.c:Hashmap_get_node:205: TRY: 20
DEBUG: src/lcthw/hashmap.c:Hashmap_get_node:205: TRY: 21
DEBUG: src/lcthw/hashmap.c:Hashmap_get_node:205: TRY: 22
DEBUG: src/lcthw/hashmap.c:Hashmap_get_node:205: TRY: 23
DEBUG: src/lcthw/hashmap.c:Hashmap_get_node:205: TRY: 24
DEBUG: src/lcthw/hashmap.c:Hashmap_get_node:205: TRY: 25
DEBUG: src/lcthw/hashmap.c:Hashmap_get_node:205: TRY: 26
DEBUG: src/lcthw/hashmap.c:Hashmap_get_node:205: TRY: 27
DEBUG: src/lcthw/hashmap.c:Hashmap_get_node:205: TRY: 28
DEBUG: src/lcthw/hashmap.c:Hashmap_get_node:205: TRY: 29
DEBUG: src/lcthw/hashmap.c:Hashmap_get_node:205: TRY: 30
DEBUG: src/lcthw/hashmap.c:Hashmap_get_node:205: TRY: 31
DEBUG: src/lcthw/hashmap.c:Hashmap_get_node:205: TRY: 32
DEBUG: src/lcthw/hashmap.c:Hashmap_get_node:205: TRY: 33
DEBUG: src/lcthw/hashmap.c:Hashmap_get_node:205: TRY: 34
DEBUG: src/lcthw/hashmap.c:Hashmap_get_node:205: TRY: 35
DEBUG: src/lcthw/hashmap.c:Hashmap_get_node:205: TRY: 36
DEBUG: src/lcthw/hashmap.c:Hashmap_get_node:205: TRY: 37
DEBUG: src/lcthw/hashmap.c:Hashmap_get_node:205: TRY: 38
DEBUG: src/lcthw/hashmap.c:Hashmap_get_node:205: TRY: 39
DEBUG: src/lcthw/hashmap.c:Hashmap_get_node:205: TRY: 40
DEBUG: src/lcthw/hashmap.c:Hashmap_get_node:205: TRY: 41
DEBUG: src/lcthw/hashmap.c:Hashmap_get_node:205: TRY: 42
DEBUG: src/lcthw/hashmap.c:Hashmap_get_node:205: TRY: 43
DEBUG: src/lcthw/hashmap.c:Hashmap_get_node:205: TRY: 0
DEBUG: src/lcthw/hashmap.c:Hashmap_get_node:205: TRY: 1
DEBUG: src/lcthw/hashmap.c:Hashmap_get_node:205: TRY: 2
DEBUG: src/lcthw/hashmap.c:Hashmap_get_node:205: TRY: 3
DEBUG: src/lcthw/hashmap.c:Hashmap_get_node:205: TRY: 4
DEBUG: src/lcthw/hashmap.c:Hashmap_get_node:205: TRY: 5
DEBUG: src/lcthw/hashmap.c:Hashmap_get_node:205: TRY: 6
DEBUG: src/lcthw/hashmap.c:Hashmap_get_node:205: TRY: 7
DEBUG: src/lcthw/hashmap.c:Hashmap_get_node:205: TRY: 8
DEBUG: src/lcthw/hashmap.c:Hashmap_get_node:205: TRY: 9
DEBUG: src/lcthw/hashmap.c:Hashmap_get_node:205: TRY: 10
DEBUG: src/lcthw/hashmap.c:Hashmap_get_node:205: TRY: 11
DEBUG: src/lcthw/hashmap.c:Hashmap_get_node:205: TRY: 12
DEBUG: src/lcthw/hashmap.c:Hashmap_get_node:205: TRY: 13
DEBUG: src/lcthw/hashmap.c:Hashmap_get_node:205: TRY: 14
DEBUG: src/lcthw/hashmap.c:Hashmap_get_node:205: TRY: 15
DEBUG: src/lcthw/hashmap.c:Hashmap_get_node:205: TRY: 16
DEBUG: src/lcthw/hashmap.c:Hashmap_get_node:205: TRY: 17
DEBUG: src/lcthw/hashmap.c:Hashmap_get_node:205: TRY: 18
DEBUG: src/lcthw/hashmap.c:Hashmap_get_node:205: TRY: 19
DEBUG: src/lcthw/hashmap.c:Hashmap_get_node:205: TRY: 20
DEBUG: src/lcthw/hashmap.c:Hashmap_get_node:205: TRY: 21
DEBUG: src/lcthw/hashmap.c:Hashmap_get_node:205: TRY: 22
DEBUG: src/lcthw/hashmap.c:Hashmap_get_node:205: TRY: 23
DEBUG: src/lcthw/hashmap.c:Hashmap_get_node:205: TRY: 24
DEBUG: src/lcthw/hashmap.c:Hashmap_get_node:205: TRY: 25
DEBUG: src/lcthw/hashmap.c:Hashmap_get_node:205: TRY: 26
DEBUG: src/lcthw/hashmap.c:Hashmap_get_node:205: TRY: 27
DEBUG: src/lcthw/hashmap.c:Hashmap_get_node:205: TRY: 28
DEBUG: src/lcthw/hashmap.c:Hashmap_get_node:205: TRY: 29
DEBUG: src/lcthw/hashmap.c:Hashmap_get_node:205: TRY: 30
DEBUG: src/lcthw/hashmap.c:Hashmap_get_node:205: TRY: 31
DEBUG: src/lcthw/hashmap.c:Hashmap_get_node:205: TRY: 32
DEBUG: src/lcthw/hashmap.c:Hashmap_get_node:205: TRY: 33
DEBUG: src/lcthw/hashmap.c:Hashmap_get_node:205: TRY: 0
DEBUG: src/lcthw/hashmap.c:Hashmap_get_node:205: TRY: 1
DEBUG: src/lcthw/hashmap.c:Hashmap_get_node:205: TRY: 2
DEBUG: src/lcthw/hashmap.c:Hashmap_get_node:205: TRY: 3
DEBUG: src/lcthw/hashmap.c:Hashmap_get_node:205: TRY: 4
DEBUG: src/lcthw/hashmap.c:Hashmap_get_node:205: TRY: 5
DEBUG: src/lcthw/hashmap.c:Hashmap_get_node:205: TRY: 6
DEBUG: src/lcthw/hashmap.c:Hashmap_get_node:205: TRY: 7
DEBUG: src/lcthw/hashmap.c:Hashmap_get_node:205: TRY: 8
DEBUG: src/lcthw/hashmap.c:Hashmap_get_node:205: TRY: 9
DEBUG: src/lcthw/hashmap.c:Hashmap_get_node:205: TRY: 10
DEBUG: src/lcthw/hashmap.c:Hashmap_get_node:205: TRY: 11
DEBUG: src/lcthw/hashmap.c:Hashmap_get_node:205: TRY: 12
DEBUG: src/lcthw/hashmap.c:Hashmap_get_node:205: TRY: 13
DEBUG: src/lcthw/hashmap.c:Hashmap_get_node:205: TRY: 14
DEBUG: src/lcthw/hashmap.c:Hashmap_get_node:205: TRY: 15
DEBUG: src/lcthw/hashmap.c:Hashmap_get_node:205: TRY: 16
DEBUG: src/lcthw/hashmap.c:Hashmap_get_node:205: TRY: 17
DEBUG: src/lcthw/hashmap.c:Hashmap_get_node:205: TRY: 18
DEBUG: src/lcthw/hashmap.c:Hashmap_get_node:205: TRY: 19
DEBUG: src/lcthw/hashmap.c:Hashmap_get_node:205: TRY: 20
DEBUG: src/lcthw/hashmap.c:Hashmap_get_node:205: TRY: 21
DEBUG: src/lcthw/hashmap.c:Hashmap_get_node:205: TRY: 22
DEBUG: src/lcthw/hashmap.c:Hashmap_get_node:205: TRY: 23
DEBUG: src/lcthw/hashmap.c:Hashmap_get_node:205: TRY: 24
DEBUG: src/lcthw/hashmap.c:Hashmap_get_node:205: TRY: 25
DEBUG: src/lcthw/hashmap.c:Hashmap_get_node:205: TRY: 26
DEBUG: src/lcthw/hashmap.c:Hashmap_get_node:205: TRY: 27
DEBUG: src/lcthw/hashmap.c:Hashmap_get_node:205: TRY: 28
DEBUG: src/lcthw/hashmap.c:Hashmap_get_node:205: TRY: 29
DEBUG: src/lcthw/hashmap.c:Hashmap_get_node:205: TRY: 30
DEBUG: src/lcthw/hashmap.c:Hashmap_get_node:205: TRY: 31
DEBUG: src/lcthw/hashmap.c:Hashmap_get_node:205: TRY: 32
DEBUG: src/lcthw/hashmap.c:Hashmap_get_node:205: TRY: 33
DEBUG: src/lcthw/hashmap.c:Hashmap_get_node:205: TRY: 34
DEBUG: src/lcthw/hashmap.c:Hashmap_get_node:205: TRY: 35
DEBUG: src/lcthw/hashmap.c:Hashmap_get_node:205: TRY: 36
DEBUG: src/lcthw/hashmap.c:Hashmap_get_node:205: TRY: 37
DEBUG: src/lcthw/hashmap.c:Hashmap_get_node:205: TRY: 38
DEBUG: src/lcthw/hashmap.c:Hashmap_get_node:205: TRY: 39
DEBUG: src/lcthw/hashmap.c:Hashmap_get_node:205: TRY: 40
DEBUG: src/lcthw/hashmap.c:Hashmap_get_node:205: TRY: 41
DEBUG: src/lcthw/hashmap.c:Hashmap_get_node:205: TRY: 42
DEBUG: src/lcthw/hashmap.c:Hashmap_get_node:205: TRY: 43
DEBUG: src/lcthw/hashmap.c:Hashmap_get_node:205: TRY: 44
DEBUG: src/lcthw/hashmap.c:Hashmap_get_node:205: TRY: 0
DEBUG: src/lcthw/hashmap.c:Hashmap_get_node:205: TRY: 1
DEBUG: src/lcthw/hashmap.c:Hashmap_get_node:205: TRY: 2
DEBUG: src/lcthw/hashmap.c:Hashmap_get_node:205: TRY: 3
DEBUG: src/lcthw/hashmap.c:Hashmap_get_node:205: TRY: 4
DEBUG: src/lcthw/hashmap.c:Hashmap_get_node:205: TRY: 5
DEBUG: src/lcthw/hashmap.c:Hashmap_get_node:205: TRY: 6
DEBUG: src/lcthw/hashmap.c:Hashmap_get_node:205: TRY: 7
DEBUG: src/lcthw/hashmap.c:Hashmap_get_node:205: TRY: 8
DEBUG: src/lcthw/hashmap.c:Hashmap_get_node:205: TRY: 9
DEBUG: src/lcthw/hashmap.c:Hashmap_get_node:205: TRY: 10
DEBUG: src/lcthw/hashmap.c:Hashmap_get_node:205: TRY: 11
DEBUG: src/lcthw/hashmap.c:Hashmap_get_node:205: TRY: 12
DEBUG: src/lcthw/hashmap.c:Hashmap_get_node:205: TRY: 13
DEBUG: src/lcthw/hashmap.c:Hashmap_get_node:205: TRY: 14
DEBUG: src/lcthw/hashmap.c:Hashmap_get_node:205: TRY: 15
DEBUG: src/lcthw/hashmap.c:Hashmap_get_node:205: TRY: 16
DEBUG: src/lcthw/hashmap.c:Hashmap_get_node:205: TRY: 17
DEBUG: src/lcthw/hashmap.c:Hashmap_get_node:205: TRY: 18
DEBUG: src/lcthw/hashmap.c:Hashmap_get_node:205: TRY: 19
DEBUG: src/lcthw/hashmap.c:Hashmap_get_node:205: TRY: 20
DEBUG: src/lcthw/hashmap.c:Hashmap_get_node:205: TRY: 21
DEBUG: src/lcthw/hashmap.c:Hashmap_get_node:205: TRY: 22
DEBUG: src/lcthw/hashmap.c:Hashmap_get_node:205: TRY: 23
DEBUG: src/lcthw/hashmap.c:Hashmap_get_node:205: TRY: 24
DEBUG: src/lcthw/hashmap.c:Hashmap_get_node:205: TRY: 25
DEBUG: src/lcthw/hashmap.c:Hashmap_get_node:205: TRY: 26
DEBUG: src/lcthw/hashmap.c:Hashmap_get_node:205: TRY: 27
DEBUG: src/lcthw/hashmap.c:Hashmap_get_node:205: TRY: 28
DEBUG: src/lcthw/hashmap.c:Hashmap_get_node:205: TRY: 29
DEBUG: src/lcthw/hashmap.c:Hashmap_get_node:205: TRY: 30
DEBUG: src/lcthw/hashmap.c:Hashmap_get_node:205: TRY: 31
DEBUG: src/lcthw/hashmap.c:Hashmap_get_node:205: TRY: 32
DEBUG: src/lcthw/hashmap.c:Hashmap_get_node:205: TRY: 33
DEBUG: src/lcthw/hashmap.c:Hashmap_get_node:205: TRY: 34
DEBUG: src/lcthw/hashmap.c:Hashmap_get_node:205: TRY: 35
DEBUG: src/lcthw/hashmap.c:Hashmap_get_node:205: TRY: 36
DEBUG: src/lcthw/hashmap.c:Hashmap_get_node:205: TRY: 37
DEBUG: src/lcthw/hashmap.c:Hashmap_get_node:205: TRY: 38
DEBUG: src/lcthw/hashmap.c:Hashmap_get_node:205: TRY: 39
DEBUG: src/lcthw/hashmap.c:Hashmap_get_node:205: TRY: 0
DEBUG: src/lcthw/hashmap.c:Hashmap_get_node:205: TRY: 1
DEBUG: src/lcthw/hashmap.c:Hashmap_get_node:205: TRY: 2
DEBUG: src/lcthw/hashmap.c:Hashmap_get_node:205: TRY: 3
DEBUG: src/lcthw/hashmap.c:Hashmap_get_node:205: TRY: 4
DEBUG: src/lcthw/hashmap.c:Hashmap_get_node:205: TRY: 5
DEBUG: src/lcthw/hashmap.c:Hashmap_get_node:205: TRY: 6
DEBUG: src/lcthw/hashmap.c:Hashmap_get_node:205: TRY: 7
DEBUG: src/lcthw/hashmap.c:Hashmap_get_node:205: TRY: 8
DEBUG: src/lcthw/hashmap.c:Hashmap_get_node:205: TRY: 9
DEBUG: src/lcthw/hashmap.c:Hashmap_get_node:205: TRY: 10
DEBUG: src/lcthw/hashmap.c:Hashmap_get_node:205: TRY: 11
DEBUG: src/lcthw/hashmap.c:Hashmap_get_node:205: TRY: 12
DEBUG: src/lcthw/hashmap.c:Hashmap_get_node:205: TRY: 13
DEBUG: src/lcthw/hashmap.c:Hashmap_get_node:205: TRY: 14
DEBUG: src/lcthw/hashmap.c:Hashmap_get_node:205: TRY: 15
DEBUG: src/lcthw/hashmap.c:Hashmap_get_node:205: TRY: 16
DEBUG: src/lcthw/hashmap.c:Hashmap_get_node:205: TRY: 17
DEBUG: src/lcthw/hashmap.c:Hashmap_get_node:205: TRY: 18
DEBUG: src/lcthw/hashmap.c:Hashmap_get_node:205: TRY: 19
DEBUG: src/lcthw/hashmap.c:Hashmap_get_node:205: TRY: 20
DEBUG: src/lcthw/hashmap.c:Hashmap_get_node:205: TRY: 21
DEBUG: src/lcthw/hashmap.c:Hashmap_get_node:205: TRY: 22
DEBUG: src/lcthw/hashmap.c:Hashmap_get_node:205: TRY: 23
DEBUG: src/lcthw/hashmap.c:Hashmap_get_node:205: TRY: 24
DEBUG: src/lcthw/hashmap.c:Hashmap_get_node:205: TRY: 25
DEBUG: src/lcthw/hashmap.c:Hashmap_get_node:205: TRY: 26
DEBUG: src/lcthw/hashmap.c:Hashmap_get_node:205: TRY: 27
DEBUG: src/lcthw/hashmap.c:Hashmap_get_node:205: TRY: 28
DEBUG: src/lcthw/hashmap.c:Hashmap_get_node:205: TRY: 29
DEBUG: src/lcthw/hashmap.c:Hashmap_get_node:205: TRY: 30
DEBUG: src/lcthw/hashmap.c:Hashmap_get_node:205: TRY: 31
DEBUG: src/lcthw/hashmap.c:Hashmap_get_node:205: TRY: 32
DEBUG: src/lcthw/hashmap.c:Hashmap_get_node:205: TRY: 33
DEBUG: src/lcthw/hashmap.c:Hashmap_get_node:205: TRY: 34
DEBUG: src/lcthw/hashmap.c:Hashmap_get_node:205: TRY: 35
DEBUG: src/lcthw/hashmap.c:Hashmap_get_node:205: TRY: 36
DEBUG: src/lcthw/hashmap.c:Hashmap_get_node:205: TRY: 37
DEBUG: src/lcthw/hashmap.c:Hashmap_get_node:205: TRY: 0
DEBUG: src/lcthw/hashmap.c:Hashmap_get_node:205: TRY: 1
DEBUG: src/lcthw/hashmap.c:Hashmap_get_node:205: TRY: 2
DEBUG: src/lcthw/hashmap.c:Hashmap_get_node:205: TRY: 3
DEBUG: src/lcthw/hashmap.c:Hashmap_get_node:205: TRY: 4
DEBUG: src/lcthw/hashmap.c:Hashmap_get_node:205: TRY: 5
DEBUG: src/lcthw/hashmap.c:Hashmap_get_node:205: TRY: 6
DEBUG: src/lcthw/hashmap.c:Hashmap_get_node:205: TRY: 7
DEBUG: src/lcthw/hashmap.c:Hashmap_get_node:205: TRY: 8
DEBUG: src/lcthw/hashmap.c:Hashmap_get_node:205: TRY: 9
DEBUG: src/lcthw/hashmap.c:Hashmap_get_node:205: TRY: 10
DEBUG: src/lcthw/hashmap.c:Hashmap_get_node:205: TRY: 11
DEBUG: src/lcthw/hashmap.c:Hashmap_get_node:205: TRY: 12
DEBUG: src/lcthw/hashmap.c:Hashmap_get_node:205: TRY: 13
DEBUG: src/lcthw/hashmap.c:Hashmap_get_node:205: TRY: 14
DEBUG: src/lcthw/hashmap.c:Hashmap_get_node:205: TRY: 15
DEBUG: src/lcthw/hashmap.c:Hashmap_get_node:205: TRY: 16
DEBUG: src/lcthw/hashmap.c:Hashmap_get_node:205: TRY: 17
DEBUG: src/lcthw/hashmap.c:Hashmap_get_node:205: TRY: 18
DEBUG: src/lcthw/hashmap.c:Hashmap_get_node:205: TRY: 19
DEBUG: src/lcthw/hashmap.c:Hashmap_get_node:205: TRY: 20
DEBUG: src/lcthw/hashmap.c:Hashmap_get_node:205: TRY: 21
DEBUG: src/lcthw/hashmap.c:Hashmap_get_node:205: TRY: 22
DEBUG: src/lcthw/hashmap.c:Hashmap_get_node:205: TRY: 23
DEBUG: src/lcthw/hashmap.c:Hashmap_get_node:205: TRY: 24
DEBUG: src/lcthw/hashmap.c:Hashmap_get_node:205: TRY: 25
DEBUG: src/lcthw/hashmap.c:Hashmap_get_node:205: TRY: 26
DEBUG: src/lcthw/hashmap.c:Hashmap_get_node:205: TRY: 27
DEBUG: src/lcthw/hashmap.c:Hashmap_get_node:205: TRY: 28
DEBUG: src/lcthw/hashmap.c:Hashmap_get_node:205: TRY: 29
DEBUG: src/lcthw/hashmap.c:Hashmap_get_node:205: TRY: 30
DEBUG: src/lcthw/hashmap.c:Hashmap_get_node:205: TRY: 0
DEBUG: src/lcthw/hashmap.c:Hashmap_get_node:205: TRY: 1
DEBUG: src/lcthw/hashmap.c:Hashmap_get_node:205: TRY: 2
DEBUG: src/lcthw/hashmap.c:Hashmap_get_node:205: TRY: 3
DEBUG: src/lcthw/hashmap.c:Hashmap_get_node:205: TRY: 4
DEBUG: src/lcthw/hashmap.c:Hashmap_get_node:205: TRY: 5
DEBUG: src/lcthw/hashmap.c:Hashmap_get_node:205: TRY: 6
DEBUG: src/lcthw/hashmap.c:Hashmap_get_node:205: TRY: 7
DEBUG: src/lcthw/hashmap.c:Hashmap_get_node:205: TRY: 8
DEBUG: src/lcthw/hashmap.c:Hashmap_get_node:205: TRY: 9
DEBUG: src/lcthw/hashmap.c:Hashmap_get_node:205: TRY: 10
DEBUG: src/lcthw/hashmap.c:Hashmap_get_node:205: TRY: 11
DEBUG: src/lcthw/hashmap.c:Hashmap_get_node:205: TRY: 12
DEBUG: src/lcthw/hashmap.c:Hashmap_get_node:205: TRY: 13
DEBUG: src/lcthw/hashmap.c:Hashmap_get_node:205: TRY: 14
DEBUG: src/lcthw/hashmap.c:Hashmap_get_node:205: TRY: 15
DEBUG: src/lcthw/hashmap.c:Hashmap_get_node:205: TRY: 16
DEBUG: src/lcthw/hashmap.c:Hashmap_get_node:205: TRY: 17
DEBUG: src/lcthw/hashmap.c:Hashmap_get_node:205: TRY: 18
DEBUG: src/lcthw/hashmap.c:Hashmap_get_node:205: TRY: 19
DEBUG: src/lcthw/hashmap.c:Hashmap_get_node:205: TRY: 20
DEBUG: src/lcthw/hashmap.c:Hashmap_get_node:205: TRY: 21
DEBUG: src/lcthw/hashmap.c:Hashmap_get_node:205: TRY: 22
DEBUG: src/lcthw/hashmap.c:Hashmap_get_node:205: TRY: 23
DEBUG: src/lcthw/hashmap.c:Hashmap_get_node:205: TRY: 24
DEBUG: src/lcthw/hashmap.c:Hashmap_get_node:205: TRY: 25
DEBUG: src/lcthw/hashmap.c:Hashmap_get_node:205: TRY: 26
DEBUG: src/lcthw/hashmap.c:Hashmap_get_node:205: TRY: 27
DEBUG: src/lcthw/hashmap.c:Hashmap_get_node:205: TRY: 28
DEBUG: src/lcthw/hashmap.c:Hashmap_get_node:205: TRY: 29
DEBUG: src/lcthw/hashmap.c:Hashmap_get_node:205: TRY: 30
DEBUG: src/lcthw/hashmap.c:Hashmap_get_node:205: TRY: 31
DEBUG: src/lcthw/hashmap.c:Hashmap_get_node:205: TRY: 32
DEBUG: src/lcthw/hashmap.c:Hashmap_get_node:205: TRY: 33
DEBUG: src/lcthw/hashmap.c:Hashmap_get_node:205: TRY: 34
DEBUG: src/lcthw/hashmap.c:Hashmap_get_node:205: TRY: 35
DEBUG: src/lcthw/hashmap.c:Hashmap_get_node:205: TRY: 36
DEBUG: src/lcthw/hashmap.c:Hashmap_get_node:205: TRY: 37
DEBUG: src/lcthw/hashmap.c:Hashmap_get_node:205: TRY: 38
DEBUG: src/lcthw/hashmap.c:Hashmap_get_node:205: TRY: 39
DEBUG: src/lcthw/hashmap.c:Hashmap_get_node:205: TRY: 40
DEBUG: src/lcthw/hashmap.c:Hashmap_get_node:205: TRY: 41
DEBUG: src/lcthw/hashmap.c:Hashmap_get_node:205: TRY: 42
DEBUG: src/lcthw/hashmap.c:Hashmap_get_node:205: TRY: 43
DEBUG: src/lcthw/hashmap.c:Hashmap_get_node:205: TRY: 44
DEBUG: src/lcthw/hashmap.c:Hashmap_get_node:205: TRY: 45
DEBUG: src/lcthw/hashmap.c:Hashmap_get_node:205: TRY: 46
DEBUG: src/lcthw/hashmap.c:Hashmap_get_node:205: TRY: 0
DEBUG: src/lcthw/hashmap.c:Hashmap_get_node:205: TRY: 1
DEBUG: src/lcthw/hashmap.c:Hashmap_get_node:205: TRY: 2
DEBUG: src/lcthw/hashmap.c:Hashmap_get_node:205: TRY: 3
DEBUG: src/lcthw/hashmap.c:Hashmap_get_node:205: TRY: 4
DEBUG: src/lcthw/hashmap.c:Hashmap_get_node:205: TRY: 5
DEBUG: src/lcthw/hashmap.c:Hashmap_get_node:205: TRY: 6
DEBUG: src/lcthw/hashmap.c:Hashmap_get_node:205: TRY: 7
DEBUG: src/lcthw/hashmap.c:Hashmap_get_node:205: TRY: 8
DEBUG: src/lcthw/hashmap.c:Hashmap_get_node:205: TRY: 9
DEBUG: src/lcthw/hashmap.c:Hashmap_get_node:205: TRY: 10
DEBUG: src/lcthw/hashmap.c:Hashmap_get_node:205: TRY: 11
DEBUG: src/lcthw/hashmap.c:Hashmap_get_node:205: TRY: 12
DEBUG: src/lcthw/hashmap.c:Hashmap_get_node:205: TRY: 13
DEBUG: src/lcthw/hashmap.c:Hashmap_get_node:205: TRY: 14
DEBUG: src/lcthw/hashmap.c:Hashmap_get_node:205: TRY: 15
DEBUG: src/lcthw/hashmap.c:Hashmap_get_node:205: TRY: 16
DEBUG: src/lcthw/hashmap.c:Hashmap_get_node:205: TRY: 17
DEBUG: src/lcthw/hashmap.c:Hashmap_get_node:205: TRY: 18
DEBUG: src/lcthw/hashmap.c:Hashmap_get_node:205: TRY: 19
DEBUG: src/lcthw/hashmap.c:Hashmap_get_node:205: TRY: 20
DEBUG: src/lcthw/hashmap.c:Hashmap_get_node:205: TRY: 21
DEBUG: src/lcthw/hashmap.c:Hashmap_get_node:205: TRY: 22
DEBUG: src/lcthw/hashmap.c:Hashmap_get_node:205: TRY: 23
DEBUG: src/lcthw/hashmap.c:Hashmap_get_node:205: TRY: 24
DEBUG: src/lcthw/hashmap.c:Hashmap_get_node:205: TRY: 25
DEBUG: src/lcthw/hashmap.c:Hashmap_get_node:205: TRY: 26
DEBUG: src/lcthw/hashmap.c:Hashmap_get_node:205: TRY: 27
DEBUG: src/lcthw/hashmap.c:Hashmap_get_node:205: TRY: 28
DEBUG: src/lcthw/hashmap.c:Hashmap_get_node:205: TRY: 29
DEBUG: src/lcthw/hashmap.c:Hashmap_get_node:205: TRY: 30
DEBUG: src/lcthw/hashmap.c:Hashmap_get_node:205: TRY: 31
DEBUG: src/lcthw/hashmap.c:Hashmap_get_node:205: TRY: 32
DEBUG: src/lcthw/hashmap.c:Hashmap_get_node:205: TRY: 33
DEBUG: src/lcthw/hashmap.c:Hashmap_get_node:205: TRY: 34
DEBUG: src/lcthw/hashmap.c:Hashmap_get_node:205: TRY: 35
DEBUG: src/lcthw/hashmap.c:Hashmap_get_node:205: TRY: 36
DEBUG: src/lcthw/hashmap.c:Hashmap_get_node:205: TRY: 37
DEBUG: src/lcthw/hashmap.c:Hashmap_get_node:205: TRY: 38
DEBUG: src/lcthw/hashmap.c:Hashmap_get_node:205: TRY: 39
DEBUG: src/lcthw/hashmap.c:Hashmap_get_node:205: TRY: 40
DEBUG: src/lcthw/hashmap.c:Hashmap_get_node:205: TRY: 41
DEBUG: src/lcthw/hashmap.c:Hashmap_get_node:205: TRY: 42
DEBUG: src/lcthw/hashmap.c:Hashmap_get_node:205: TRY: 43
DEBUG: src/lcthw/hashmap.c:Hashmap_get_node:205: TRY: 44
DEBUG: src/lcthw/hashmap.c:Hashmap_get_node:205: TRY: 45
DEBUG: src/lcthw/hashmap.c:Hashmap_get_node:205: TRY: 0
DEBUG: src/lcthw/hashmap.c:Hashmap_get_node:205: TRY: 1
DEBUG: src/lcthw/hashmap.c:Hashmap_get_node:205: TRY: 2
DEBUG: src/lcthw/hashmap.c:Hashmap_get_node:205: TRY: 3
DEBUG: src/lcthw/hashmap.c:Hashmap_get_node:205: TRY: 4
DEBUG: src/lcthw/hashmap.c:Hashmap_get_node:205: TRY: 5
DEBUG: src/lcthw/hashmap.c:Hashmap_get_node:205: TRY: 6
DEBUG: src/lcthw/hashmap.c:Hashmap_get_node:205: TRY: 7
DEBUG: src/lcthw/hashmap.c:Hashmap_get_node:205: TRY: 8
DEBUG: src/lcthw/hashmap.c:Hashmap_get_node:205: TRY: 9
DEBUG: src/lcthw/hashmap.c:Hashmap_get_node:205: TRY: 10
DEBUG: src/lcthw/hashmap.c:Hashmap_get_node:205: TRY: 11
DEBUG: src/lcthw/hashmap.c:Hashmap_get_node:205: TRY: 12
DEBUG: src/lcthw/hashmap.c:Hashmap_get_node:205: TRY: 13
DEBUG: src/lcthw/hashmap.c:Hashmap_get_node:205: TRY: 14
DEBUG: src/lcthw/hashmap.c:Hashmap_get_node:205: TRY: 15
DEBUG: src/lcthw/hashmap.c:Hashmap_get_node:205: TRY: 16
DEBUG: src/lcthw/hashmap.c:Hashmap_get_node:205: TRY: 17
DEBUG: src/lcthw/hashmap.c:Hashmap_get_node:205: TRY: 18
DEBUG: src/lcthw/hashmap.c:Hashmap_get_node:205: TRY: 19
DEBUG: src/lcthw/hashmap.c:Hashmap_get_node:205: TRY: 20
DEBUG: src/lcthw/hashmap.c:Hashmap_get_node:205: TRY: 21
DEBUG: src/lcthw/hashmap.c:Hashmap_get_node:205: TRY: 22
DEBUG: src/lcthw/hashmap.c:Hashmap_get_node:205: TRY: 23
DEBUG: src/lcthw/hashmap.c:Hashmap_get_node:205: TRY: 24
DEBUG: src/lcthw/hashmap.c:Hashmap_get_node:205: TRY: 25
DEBUG: src/lcthw/hashmap.c:Hashmap_get_node:205: TRY: 26
DEBUG: src/lcthw/hashmap.c:Hashmap_get_node:205: TRY: 27
DEBUG: src/lcthw/hashmap.c:Hashmap_get_node:205: TRY: 28
DEBUG: src/lcthw/hashmap.c:Hashmap_get_node:205: TRY: 29
DEBUG: src/lcthw/hashmap.c:Hashmap_get_node:205: TRY: 30
DEBUG: src/lcthw/hashmap.c:Hashmap_get_node:205: TRY: 31
DEBUG: src/lcthw/hashmap.c:Hashmap_get_node:205: TRY: 32
DEBUG: src/lcthw/hashmap.c:Hashmap_get_node:205: TRY: 33
DEBUG: src/lcthw/hashmap.c:Hashmap_get_node:205: TRY: 34
DEBUG: src/lcthw/hashmap.c:Hashmap_get_node:205: TRY: 0
DEBUG: src/lcthw/hashmap.c:Hashmap_get_node:205: TRY: 1
DEBUG: src/lcthw/hashmap.c:Hashmap_get_node:205: TRY: 2
DEBUG: src/lcthw/hashmap.c:Hashmap_get_node:205: TRY: 3
DEBUG: src/lcthw/hashmap.c:Hashmap_get_node:205: TRY: 4
DEBUG: src/lcthw/hashmap.c:Hashmap_get_node:205: TRY: 5
DEBUG: src/lcthw/hashmap.c:Hashmap_get_node:205: TRY: 6
DEBUG: src/lcthw/hashmap.c:Hashmap_get_node:205: TRY: 7
DEBUG: src/lcthw/hashmap.c:Hashmap_get_node:205: TRY: 8
DEBUG: src/lcthw/hashmap.c:Hashmap_get_node:205: TRY: 9
DEBUG: src/lcthw/hashmap.c:Hashmap_get_node:205: TRY: 10
DEBUG: src/lcthw/hashmap.c:Hashmap_get_node:205: TRY: 11
DEBUG: src/lcthw/hashmap.c:Hashmap_get_node:205: TRY: 12
DEBUG: src/lcthw/hashmap.c:Hashmap_get_node:205: TRY: 13
DEBUG: src/lcthw/hashmap.c:Hashmap_get_node:205: TRY: 14
DEBUG: src/lcthw/hashmap.c:Hashmap_get_node:205: TRY: 15
DEBUG: src/lcthw/hashmap.c:Hashmap_get_node:205: TRY: 16
DEBUG: src/lcthw/hashmap.c:Hashmap_get_node:205: TRY: 17
DEBUG: src/lcthw/hashmap.c:Hashmap_get_node:205: TRY: 18
DEBUG: src/lcthw/hashmap.c:Hashmap_get_node:205: TRY: 19
DEBUG: src/lcthw/hashmap.c:Hashmap_get_node:205: TRY: 20
DEBUG: src/lcthw/hashmap.c:Hashmap_get_node:205: TRY: 21
DEBUG: src/lcthw/hashmap.c:Hashmap_get_node:205: TRY: 22
DEBUG: src/lcthw/hashmap.c:Hashmap_get_node:205: TRY: 23
DEBUG: src/lcthw/hashmap.c:Hashmap_get_node:205: TRY: 24
DEBUG: src/lcthw/hashmap.c:Hashmap_get_node:205: TRY: 25
DEBUG: src/lcthw/hashmap.c:Hashmap_get_node:205: TRY: 26
DEBUG: src/lcthw/hashmap.c:Hashmap_get_node:205: TRY: 27
DEBUG: src/lcthw/hashmap.c:Hashmap_get_node:205: TRY: 28
DEBUG: src/lcthw/hashmap.c:Hashmap_get_node:205: TRY: 29
DEBUG: src/lcthw/hashmap.c:Hashmap_get_node:205: TRY: 30
DEBUG: src/lcthw/hashmap.c:Hashmap_get_node:205: TRY: 31
DEBUG: src/lcthw/hashmap.c:Hashmap_get_node:205: TRY: 32
DEBUG: src/lcthw/hashmap.c:Hashmap_get_node:205: TRY: 33
DEBUG: src/lcthw/hashmap.c:Hashmap_get_node:205: TRY: 34
DEBUG: src/lcthw/hashmap.c:Hashmap_get_node:205: TRY: 35
DEBUG: src/lcthw/hashmap.c:Hashmap_get_node:205: TRY: 0
DEBUG: src/lcthw/hashmap.c:Hashmap_get_node:205: TRY: 1
DEBUG: src/lcthw/hashmap.c:Hashmap_get_node:205: TRY: 2
DEBUG: src/lcthw/hashmap.c:Hashmap_get_node:205: TRY: 3
DEBUG: src/lcthw/hashmap.c:Hashmap_get_node:205: TRY: 4
DEBUG: src/lcthw/hashmap.c:Hashmap_get_node:205: TRY: 5
DEBUG: src/lcthw/hashmap.c:Hashmap_get_node:205: TRY: 6
DEBUG: src/lcthw/hashmap.c:Hashmap_get_node:205: TRY: 7
DEBUG: src/lcthw/hashmap.c:Hashmap_get_node:205: TRY: 8
DEBUG: src/lcthw/hashmap.c:Hashmap_get_node:205: TRY: 9
DEBUG: src/lcthw/hashmap.c:Hashmap_get_node:205: TRY: 10
DEBUG: src/lcthw/hashmap.c:Hashmap_get_node:205: TRY: 11
DEBUG: src/lcthw/hashmap.c:Hashmap_get_node:205: TRY: 12
DEBUG: src/lcthw/hashmap.c:Hashmap_get_node:205: TRY: 13
DEBUG: src/lcthw/hashmap.c:Hashmap_get_node:205: TRY: 14
DEBUG: src/lcthw/hashmap.c:Hashmap_get_node:205: TRY: 15
DEBUG: src/lcthw/hashmap.c:Hashmap_get_node:205: TRY: 16
DEBUG: src/lcthw/hashmap.c:Hashmap_get_node:205: TRY: 17
DEBUG: src/lcthw/hashmap.c:Hashmap_get_node:205: TRY: 18
DEBUG: src/lcthw/hashmap.c:Hashmap_get_node:205: TRY: 19
DEBUG: src/lcthw/hashmap.c:Hashmap_get_node:205: TRY: 20
DEBUG: src/lcthw/hashmap.c:Hashmap_get_node:205: TRY: 21
DEBUG: src/lcthw/hashmap.c:Hashmap_get_node:205: TRY: 22
DEBUG: src/lcthw/hashmap.c:Hashmap_get_node:205: TRY: 23
DEBUG: src/lcthw/hashmap.c:Hashmap_get_node:205: TRY: 24
DEBUG: src/lcthw/hashmap.c:Hashmap_get_node:205: TRY: 25
DEBUG: src/lcthw/hashmap.c:Hashmap_get_node:205: TRY: 26
DEBUG: src/lcthw/hashmap.c:Hashmap_get_node:205: TRY: 27
DEBUG: src/lcthw/hashmap.c:Hashmap_get_node:205: TRY: 28
DEBUG: src/lcthw/hashmap.c:Hashmap_get_node:205: TRY: 29
DEBUG: src/lcthw/hashmap.c:Hashmap_get_node:205: TRY: 30
DEBUG: src/lcthw/hashmap.c:Hashmap_get_node:205: TRY: 31
DEBUG: src/lcthw/hashmap.c:Hashmap_get_node:205: TRY: 32
DEBUG: src/lcthw/hashmap.c:Hashmap_get_node:205: TRY: 33
DEBUG: src/lcthw/hashmap.c:Hashmap_get_node:205: TRY: 34
DEBUG: src/lcthw/hashmap.c:Hashmap_get_node:205: TRY: 35
DEBUG: src/lcthw/hashmap.c:Hashmap_get_node:205: TRY: 36
DEBUG: src/lcthw/hashmap.c:Hashmap_get_node:205: TRY: 37
DEBUG: src/lcthw/hashmap.c:Hashmap_get_node:205: TRY: 38
DEBUG: src/lcthw/hashmap.c:Hashmap_get_node:205: TRY: 39
DEBUG: src/lcthw/hashmap.c:Hashmap_get_node:205: TRY: 40
DEBUG: src/lcthw/hashmap.c:Hashmap_get_node:205: TRY: 0
DEBUG: src/lcthw/hashmap.c:Hashmap_get_node:205: TRY: 1
DEBUG: src/lcthw/hashmap.c:Hashmap_get_node:205: TRY: 2
DEBUG: src/lcthw/hashmap.c:Hashmap_get_node:205: TRY: 3
DEBUG: src/lcthw/hashmap.c:Hashmap_get_node:205: TRY: 4
DEBUG: src/lcthw/hashmap.c:Hashmap_get_node:205: TRY: 5
DEBUG: src/lcthw/hashmap.c:Hashmap_get_node:205: TRY: 6
DEBUG: src/lcthw/hashmap.c:Hashmap_get_node:205: TRY: 7
DEBUG: src/lcthw/hashmap.c:Hashmap_get_node:205: TRY: 8
DEBUG: src/lcthw/hashmap.c:Hashmap_get_node:205: TRY: 9
DEBUG: src/lcthw/hashmap.c:Hashmap_get_node:205: TRY: 10
DEBUG: src/lcthw/hashmap.c:Hashmap_get_node:205: TRY: 11
DEBUG: src/lcthw/hashmap.c:Hashmap_get_node:205: TRY: 12
DEBUG: src/lcthw/hashmap.c:Hashmap_get_node:205: TRY: 13
DEBUG: src/lcthw/hashmap.c:Hashmap_get_node:205: TRY: 14
DEBUG: src/lcthw/hashmap.c:Hashmap_get_node:205: TRY: 15
DEBUG: src/lcthw/hashmap.c:Hashmap_get_node:205: TRY: 16
DEBUG: src/lcthw/hashmap.c:Hashmap_get_node:205: TRY: 17
DEBUG: src/lcthw/hashmap.c:Hashmap_get_node:205: TRY: 18
DEBUG: src/lcthw/hashmap.c:Hashmap_get_node:205: TRY: 19
DEBUG: src/lcthw/hashmap.c:Hashmap_get_node:205: TRY: 20
DEBUG: src/lcthw/hashmap.c:Hashmap_get_node:205: TRY: 21
DEBUG: src/lcthw/hashmap.c:Hashmap_get_node:205: TRY: 22
DEBUG: src/lcthw/hashmap.c:Hashmap_get_node:205: TRY: 23
DEBUG: src/lcthw/hashmap.c:Hashmap_get_node:205: TRY: 24
DEBUG: src/lcthw/hashmap.c:Hashmap_get_node:205: TRY: 25
DEBUG: src/lcthw/hashmap.c:Hashmap_get_node:205: TRY: 26
DEBUG: src/lcthw/hashmap.c:Hashmap_get_node:205: TRY: 27
DEBUG: src/lcthw/hashmap.c:Hashmap_get_node:205: TRY: 28
DEBUG: src/lcthw/hashmap.c:Hashmap_get_node:205: TRY: 29
DEBUG: src/lcthw/hashmap.c:Hashmap_get_node:205: TRY: 30
DEBUG: src/lcthw/hashmap.c:Hashmap_get_node:205: TRY: 31
DEBUG: src/lcthw/hashmap.c:Hashmap_get_node:205: TRY: 32
DEBUG: src/lcthw/hashmap.c:Hashmap_get_node:205: TRY: 33
DEBUG: src/lcthw/hashmap.c:Hashmap_get_node:205: TRY: 34
DEBUG: src/lcthw/hashmap.c:Hashmap_get_node:205: TRY: 35
DEBUG: src/lcthw/hashmap.c:Hashmap_get_node:205: TRY: 36
DEBUG: src/lcthw/hashmap.c:Hashmap_get_node:205: TRY: 0
DEBUG: src/lcthw/hashmap.c:Hashmap_get_node:205: TRY: 1
DEBUG: src/lcthw/hashmap.c:Hashmap_get_node:205: TRY: 2
DEBUG: src/lcthw/hashmap.c:Hashmap_get_node:205: TRY: 3
DEBUG: src/lcthw/hashmap.c:Hashmap_get_node:205: TRY: 4
DEBUG: src/lcthw/hashmap.c:Hashmap_get_node:205: TRY: 5
DEBUG: src/lcthw/hashmap.c:Hashmap_get_node:205: TRY: 6
DEBUG: src/lcthw/hashmap.c:Hashmap_get_node:205: TRY: 7
DEBUG: src/lcthw/hashmap.c:Hashmap_get_node:205: TRY: 8
DEBUG: src/lcthw/hashmap.c:Hashmap_get_node:205: TRY: 9
DEBUG: src/lcthw/hashmap.c:Hashmap_get_node:205: TRY: 10
DEBUG: src/lcthw/hashmap.c:Hashmap_get_node:205: TRY: 11
DEBUG: src/lcthw/hashmap.c:Hashmap_get_node:205: TRY: 12
DEBUG: src/lcthw/hashmap.c:Hashmap_get_node:205: TRY: 13
DEBUG: src/lcthw/hashmap.c:Hashmap_get_node:205: TRY: 14
DEBUG: src/lcthw/hashmap.c:Hashmap_get_node:205: TRY: 15
DEBUG: src/lcthw/hashmap.c:Hashmap_get_node:205: TRY: 16
DEBUG: src/lcthw/hashmap.c:Hashmap_get_node:205: TRY: 17
DEBUG: src/lcthw/hashmap.c:Hashmap_get_node:205: TRY: 18
DEBUG: src/lcthw/hashmap.c:Hashmap_get_node:205: TRY: 19
DEBUG: src/lcthw/hashmap.c:Hashmap_get_node:205: TRY: 20
DEBUG: src/lcthw/hashmap.c:Hashmap_get_node:205: TRY: 21
DEBUG: src/lcthw/hashmap.c:Hashmap_get_node:205: TRY: 22
DEBUG: src/lcthw/hashmap.c:Hashmap_get_node:205: TRY: 23
DEBUG: src/lcthw/hashmap.c:Hashmap_get_node:205: TRY: 24
DEBUG: src/lcthw/hashmap.c:Hashmap_get_node:205: TRY: 25
DEBUG: src/lcthw/hashmap.c:Hashmap_get_node:205: TRY: 26
DEBUG: src/lcthw/hashmap.c:Hashmap_get_node:205: TRY: 27
DEBUG: src/lcthw/hashmap.c:Hashmap_get_node:205: TRY: 28
DEBUG: src/lcthw/hashmap.c:Hashmap_get_node:205: TRY: 29
DEBUG: src/lcthw/hashmap.c:Hashmap_get_node:205: TRY: 30
DEBUG: src/lcthw/hashmap.c:Hashmap_get_node:205: TRY: 31
DEBUG: src/lcthw/hashmap.c:Hashmap_get_node:205: TRY: 32
DEBUG: src/lcthw/hashmap.c:Hashmap_get_node:205: TRY: 33
DEBUG: src/lcthw/hashmap.c:Hashmap_get_node:205: TRY: 34
DEBUG: src/lcthw/hashmap.c:Hashmap_get_node:205: TRY: 35
DEBUG: src/lcthw/hashmap.c:Hashmap_get_node:205: TRY: 36
DEBUG: src/lcthw/hashmap.c:Hashmap_get_node:205: TRY: 37
DEBUG: src/lcthw/hashmap.c:Hashmap_get_node:205: TRY: 38
DEBUG: src/lcthw/hashmap.c:Hashmap_get_node:205: TRY: 39
DEBUG: src/lcthw/hashmap.c:Hashmap_get_node:205: TRY: 40
DEBUG: src/lcthw/hashmap.c:Hashmap_get_node:205: TRY: 41
DEBUG: src/lcthw/hashmap.c:Hashmap_get_node:205: TRY: 0
DEBUG: src/lcthw/hashmap.c:Hashmap_get_node:205: TRY: 1
DEBUG: src/lcthw/hashmap.c:Hashmap_get_node:205: TRY: 2
DEBUG: src/lcthw/hashmap.c:Hashmap_get_node:205: TRY: 3
DEBUG: src/lcthw/hashmap.c:Hashmap_get_node:205: TRY: 4
DEBUG: src/lcthw/hashmap.c:Hashmap_get_node:205: TRY: 5
DEBUG: src/lcthw/hashmap.c:Hashmap_get_node:205: TRY: 6
DEBUG: src/lcthw/hashmap.c:Hashmap_get_node:205: TRY: 7
DEBUG: src/lcthw/hashmap.c:Hashmap_get_node:205: TRY: 8
DEBUG: src/lcthw/hashmap.c:Hashmap_get_node:205: TRY: 9
DEBUG: src/lcthw/hashmap.c:Hashmap_get_node:205: TRY: 10
DEBUG: src/lcthw/hashmap.c:Hashmap_get_node:205: TRY: 11
DEBUG: src/lcthw/hashmap.c:Hashmap_get_node:205: TRY: 12
DEBUG: src/lcthw/hashmap.c:Hashmap_get_node:205: TRY: 13
DEBUG: src/lcthw/hashmap.c:Hashmap_get_node:205: TRY: 14
DEBUG: src/lcthw/hashmap.c:Hashmap_get_node:205: TRY: 15
DEBUG: src/lcthw/hashmap.c:Hashmap_get_node:205: TRY: 16
DEBUG: src/lcthw/hashmap.c:Hashmap_get_node:205: TRY: 17
DEBUG: src/lcthw/hashmap.c:Hashmap_get_node:205: TRY: 18
DEBUG: src/lcthw/hashmap.c:Hashmap_get_node:205: TRY: 19
DEBUG: src/lcthw/hashmap.c:Hashmap_get_node:205: TRY: 20
DEBUG: src/lcthw/hashmap.c:Hashmap_get_node:205: TRY: 21
DEBUG: src/lcthw/hashmap.c:Hashmap_get_node:205: TRY: 22
DEBUG: src/lcthw/hashmap.c:Hashmap_get_node:205: TRY: 23
DEBUG: src/lcthw/hashmap.c:Hashmap_get_node:205: TRY: 24
DEBUG: src/lcthw/hashmap.c:Hashmap_get_node:205: TRY: 25
DEBUG: src/lcthw/hashmap.c:Hashmap_get_node:205: TRY: 26
DEBUG: src/lcthw/hashmap.c:Hashmap_get_node:205: TRY: 27
DEBUG: src/lcthw/hashmap.c:Hashmap_get_node:205: TRY: 28
DEBUG: src/lcthw/hashmap.c:Hashmap_get_node:205: TRY: 29
DEBUG: src/lcthw/hashmap.c:Hashmap_get_node:205: TRY: 30
DEBUG: src/lcthw/hashmap.c:Hashmap_get_node:205: TRY: 31
DEBUG: src/lcthw/hashmap.c:Hashmap_get_node:205: TRY: 0
DEBUG: src/lcthw/hashmap.c:Hashmap_get_node:205: TRY: 1
DEBUG: src/lcthw/hashmap.c:Hashmap_get_node:205: TRY: 2
DEBUG: src/lcthw/hashmap.c:Hashmap_get_node:205: TRY: 3
DEBUG: src/lcthw/hashmap.c:Hashmap_get_node:205: TRY: 4
DEBUG: src/lcthw/hashmap.c:Hashmap_get_node:205: TRY: 5
DEBUG: src/lcthw/hashmap.c:Hashmap_get_node:205: TRY: 6
DEBUG: src/lcthw/hashmap.c:Hashmap_get_node:205: TRY: 7
DEBUG: src/lcthw/hashmap.c:Hashmap_get_node:205: TRY: 8
DEBUG: src/lcthw/hashmap.c:Hashmap_get_node:205: TRY: 9
DEBUG: src/lcthw/hashmap.c:Hashmap_get_node:205: TRY: 10
DEBUG: src/lcthw/hashmap.c:Hashmap_get_node:205: TRY: 11
DEBUG: src/lcthw/hashmap.c:Hashmap_get_node:205: TRY: 12
DEBUG: src/lcthw/hashmap.c:Hashmap_get_node:205: TRY: 13
DEBUG: src/lcthw/hashmap.c:Hashmap_get_node:205: TRY: 14
DEBUG: src/lcthw/hashmap.c:Hashmap_get_node:205: TRY: 15
DEBUG: src/lcthw/hashmap.c:Hashmap_get_node:205: TRY: 16
DEBUG: src/lcthw/hashmap.c:Hashmap_get_node:205: TRY: 17
DEBUG: src/lcthw/hashmap.c:Hashmap_get_node:205: TRY: 18
DEBUG: src/lcthw/hashmap.c:Hashmap_get_node:205: TRY: 19
DEBUG: src/lcthw/hashmap.c:Hashmap_get_node:205: TRY: 20
DEBUG: src/lcthw/hashmap.c:Hashmap_get_node:205: TRY: 21
DEBUG: src/lcthw/hashmap.c:Hashmap_get_node:205: TRY: 22
DEBUG: src/lcthw/hashmap.c:Hashmap_get_node:205: TRY: 23
DEBUG: src/lcthw/hashmap.c:Hashmap_get_node:205: TRY: 24
DEBUG: src/lcthw/hashmap.c:Hashmap_get_node:205: TRY: 25
DEBUG: src/lcthw/hashmap.c:Hashmap_get_node:205: TRY: 26
DEBUG: src/lcthw/hashmap.c:Hashmap_get_node:205: TRY: 27
DEBUG: src/lcthw/hashmap.c:Hashmap_get_node:205: TRY: 28
DEBUG: src/lcthw/hashmap.c:Hashmap_get_node:205: TRY: 29
DEBUG: src/lcthw/hashmap.c:Hashmap_get_node:205: TRY: 30
DEBUG: src/lcthw/hashmap.c:Hashmap_get_node:205: TRY: 31
DEBUG: src/lcthw/hashmap.c:Hashmap_get_node:205: TRY: 32
DEBUG: src/lcthw/hashmap.c:Hashmap_get_node:205: TRY: 33
DEBUG: src/lcthw/hashmap.c:Hashmap_get_node:205: TRY: 34
DEBUG: src/lcthw/hashmap.c:Hashmap_get_node:205: TRY: 35
DEBUG: src/lcthw/hashmap.c:Hashmap_get_node:205: TRY: 36
DEBUG: src/lcthw/hashmap.c:Hashmap_get_node:205: TRY: 37
DEBUG: src/lcthw/hashmap.c:Hashmap_get_node:205: TRY: 38
DEBUG: src/lcthw/hashmap.c:Hashmap_get_node:205: TRY: 39
DEBUG: src/lcthw/hashmap.c:Hashmap_get_node:205: TRY: 40
DEBUG: src/lcthw/hashmap.c:Hashmap_get_node:205: TRY: 41
DEBUG: src/lcthw/hashmap.c:Hashmap_get_node:205: TRY: 42
DEBUG: src/lcthw/hashmap.c:Hashmap_get_node:205: TRY: 0
DEBUG: src/lcthw/hashmap.c:Hashmap_get_node:205: TRY: 1
DEBUG: src/lcthw/hashmap.c:Hashmap_get_node:205: TRY: 2
DEBUG: src/lcthw/hashmap.c:Hashmap_get_node:205: TRY: 3
DEBUG: src/lcthw/hashmap.c:Hashmap_get_node:205: TRY: 4
DEBUG: src/lcthw/hashmap.c:Hashmap_get_node:205: TRY: 5
DEBUG: src/lcthw/hashmap.c:Hashmap_get_node:205: TRY: 6
DEBUG: src/lcthw/hashmap.c:Hashmap_get_node:205: TRY: 7
DEBUG: src/lcthw/hashmap.c:Hashmap_get_node:205: TRY: 8
DEBUG: src/lcthw/hashmap.c:Hashmap_get_node:205: TRY: 9
DEBUG: src/lcthw/hashmap.c:Hashmap_get_node:205: TRY: 10
DEBUG: src/lcthw/hashmap.c:Hashmap_get_node:205: TRY: 11
DEBUG: src/lcthw/hashmap.c:Hashmap_get_node:205: TRY: 12
DEBUG: src/lcthw/hashmap.c:Hashmap_get_node:205: TRY: 13
DEBUG: src/lcthw/hashmap.c:Hashmap_get_node:205: TRY: 14
DEBUG: src/lcthw/hashmap.c:Hashmap_get_node:205: TRY: 15
DEBUG: src/lcthw/hashmap.c:Hashmap_get_node:205: TRY: 16
DEBUG: src/lcthw/hashmap.c:Hashmap_get_node:205: TRY: 17
DEBUG: src/lcthw/hashmap.c:Hashmap_get_node:205: TRY: 18
DEBUG: src/lcthw/hashmap.c:Hashmap_get_node:205: TRY: 19
DEBUG: src/lcthw/hashmap.c:Hashmap_get_node:205: TRY: 20
DEBUG: src/lcthw/hashmap.c:Hashmap_get_node:205: TRY: 21
DEBUG: src/lcthw/hashmap.c:Hashmap_get_node:205: TRY: 22
DEBUG: src/lcthw/hashmap.c:Hashmap_get_node:205: TRY: 23
DEBUG: src/lcthw/hashmap.c:Hashmap_get_node:205: TRY: 24
DEBUG: src/lcthw/hashmap.c:Hashmap_get_node:205: TRY: 25
DEBUG: src/lcthw/hashmap.c:Hashmap_get_node:205: TRY: 26
DEBUG: src/lcthw/hashmap.c:Hashmap_get_node:205: TRY: 27
DEBUG: src/lcthw/hashmap.c:Hashmap_get_node:205: TRY: 28
DEBUG: src/lcthw/hashmap.c:Hashmap_get_node:205: TRY: 29
DEBUG: src/lcthw/hashmap.c:Hashmap_get_node:205: TRY: 30
DEBUG: src/lcthw/hashmap.c:Hashmap_get_node:205: TRY: 31
DEBUG: src/lcthw/hashmap.c:Hashmap_get_node:205: TRY: 32
DEBUG: src/lcthw/hashmap.c:Hashmap_get_node:205: TRY: 33
DEBUG: src/lcthw/hashmap.c:Hashmap_get_node:205: TRY: 34
DEBUG: src/lcthw/hashmap.c:Hashmap_get_node:205: TRY: 35
DEBUG: src/lcthw/hashmap.c:Hashmap_get_node:205: TRY: 36
DEBUG: src/lcthw/hashmap.c:Hashmap_get_node:205: TRY: 37
DEBUG: src/lcthw/hashmap.c:Hashmap_get_node:205: TRY: 38
DEBUG: src/lcthw/hashmap.c:Hashmap_get_node:205: TRY: 39
DEBUG: src/lcthw/hashmap.c:Hashmap_get_node:205: TRY: 40
DEBUG: src/lcthw/hashmap.c:Hashmap_get_node:205: TRY: 41
DEBUG: src/lcthw/hashmap.c:Hashmap_get_node:205: TRY: 42
DEBUG: src/lcthw/hashmap.c:Hashmap_get_node:205: TRY: 43
DEBUG: src/lcthw/hashmap.c:Hashmap_get_node:205: TRY: 44
DEBUG: src/lcthw/hashmap.c:Hashmap_get_node:205: TRY: 45
DEBUG: src/lcthw/hashmap.c:Hashmap_get_node:205: TRY: 46
DEBUG: src/lcthw/hashmap.c:Hashmap_get_node:205: TRY: 47
DEBUG: src/lcthw/hashmap.c:Hashmap_get_node:205: TRY: 48
DEBUG: src/lcthw/hashmap.c:Hashmap_get_node:205: TRY: 49
DEBUG: src/lcthw/hashmap.c:Hashmap_get_node:205: TRY: 50
DEBUG: src/lcthw/hashmap.c:Hashmap_get_node:205: TRY: 51
DEBUG: src/lcthw/hashmap.c:Hashmap_get_node:205: TRY: 52
DEBUG: src/lcthw/hashmap.c:Hashmap_get_node:205: TRY: 53
DEBUG: src/lcthw/hashmap.c:Hashmap_get_node:205: TRY: 54
DEBUG: src/lcthw/hashmap.c:Hashmap_get_node:205: TRY: 55
DEBUG: src/lcthw/hashmap.c:Hashmap_get_node:205: TRY: 56
DEBUG: src/lcthw/hashmap.c:Hashmap_get_node:205: TRY: 57
DEBUG: src/lcthw/hashmap.c:Hashmap_get_node:205: TRY: 58
DEBUG: src/lcthw/hashmap.c:Hashmap_get_node:205: TRY: 59
DEBUG: src/lcthw/hashmap.c:Hashmap_get_node:205: TRY: 60
DEBUG: src/lcthw/hashmap.c:Hashmap_get_node:205: TRY: 61
DEBUG: src/lcthw/hashmap.c:Hashmap_get_node:205: TRY: 62
DEBUG: src/lcthw/hashmap.c:Hashmap_get_node:205: TRY: 63
DEBUG: src/lcthw/hashmap.c:Hashmap_get_node:205: TRY: 64
DEBUG: src/lcthw/hashmap.c:Hashmap_get_node:205: TRY: 65
DEBUG: src/lcthw/hashmap.c:Hashmap_get_node:205: TRY: 66
DEBUG: src/lcthw/hashmap.c:Hashmap_get_node:205: TRY: 0
DEBUG: src/lcthw/hashmap.c:Hashmap_get_node:205: TRY: 1
DEBUG: src/lcthw/hashmap.c:Hashmap_get_node:205: TRY: 2
DEBUG: src/lcthw/hashmap.c:Hashmap_get_node:205: TRY: 3
DEBUG: src/lcthw/hashmap.c:Hashmap_get_node:205: TRY: 4
DEBUG: src/lcthw/hashmap.c:Hashmap_get_node:205: TRY: 5
DEBUG: src/lcthw/hashmap.c:Hashmap_get_node:205: TRY: 6
DEBUG: src/lcthw/hashmap.c:Hashmap_get_node:205: TRY: 7
DEBUG: src/lcthw/hashmap.c:Hashmap_get_node:205: TRY: 8
DEBUG: src/lcthw/hashmap.c:Hashmap_get_node:205: TRY: 9
DEBUG: src/lcthw/hashmap.c:Hashmap_get_node:205: TRY: 10
DEBUG: src/lcthw/hashmap.c:Hashmap_get_node:205: TRY: 11
DEBUG: src/lcthw/hashmap.c:Hashmap_get_node:205: TRY: 12
DEBUG: src/lcthw/hashmap.c:Hashmap_get_node:205: TRY: 13
DEBUG: src/lcthw/hashmap.c:Hashmap_get_node:205: TRY: 14
DEBUG: src/lcthw/hashmap.c:Hashmap_get_node:205: TRY: 15
DEBUG: src/lcthw/hashmap.c:Hashmap_get_node:205: TRY: 16
DEBUG: src/lcthw/hashmap.c:Hashmap_get_node:205: TRY: 17
DEBUG: src/lcthw/hashmap.c:Hashmap_get_node:205: TRY: 18
DEBUG: src/lcthw/hashmap.c:Hashmap_get_node:205: TRY: 19
DEBUG: src/lcthw/hashmap.c:Hashmap_get_node:205: TRY: 20
DEBUG: src/lcthw/hashmap.c:Hashmap_get_node:205: TRY: 21
DEBUG: src/lcthw/hashmap.c:Hashmap_get_node:205: TRY: 22
DEBUG: src/lcthw/hashmap.c:Hashmap_get_node:205: TRY: 23
DEBUG: src/lcthw/hashmap.c:Hashmap_get_node:205: TRY: 24
DEBUG: src/lcthw/hashmap.c:Hashmap_get_node:205: TRY: 25
DEBUG: src/lcthw/hashmap.c:Hashmap_get_node:205: TRY: 26
DEBUG: src/lcthw/hashmap.c:Hashmap_get_node:205: TRY: 27
DEBUG: src/lcthw/hashmap.c:Hashmap_get_node:205: TRY: 28
DEBUG: src/lcthw/hashmap.c:Hashmap_get_node:205: TRY: 29
DEBUG: src/lcthw/hashmap.c:Hashmap_get_node:205: TRY: 30
DEBUG: src/lcthw/hashmap.c:Hashmap_get_node:205: TRY: 31
DEBUG: src/lcthw/hashmap.c:Hashmap_get_node:205: TRY: 32
DEBUG: src/lcthw/hashmap.c:Hashmap_get_node:205: TRY: 33
DEBUG: src/lcthw/hashmap.c:Hashmap_get_node:205: TRY: 34
DEBUG: src/lcthw/hashmap.c:Hashmap_get_node:205: TRY: 35
DEBUG: src/lcthw/hashmap.c:Hashmap_get_node:205: TRY: 36
DEBUG: src/lcthw/hashmap.c:Hashmap_get_node:205: TRY: 37
DEBUG: src/lcthw/hashmap.c:Hashmap_get_node:205: TRY: 38
DEBUG: src/lcthw/hashmap.c:Hashmap_get_node:205: TRY: 39
DEBUG: src/lcthw/hashmap.c:Hashmap_get_node:205: TRY: 40
DEBUG: src/lcthw/hashmap.c:Hashmap_get_node:205: TRY: 41
DEBUG: src/lcthw/hashmap.c:Hashmap_get_node:205: TRY: 42
DEBUG: src/lcthw/hashmap.c:Hashmap_get_node:205: TRY: 43
DEBUG: src/lcthw/hashmap.c:Hashmap_get_node:205: TRY: 44
DEBUG: src/lcthw/hashmap.c:Hashmap_get_node:205: TRY: 45
DEBUG: src/lcthw/hashmap.c:Hashmap_get_node:205: TRY: 46
DEBUG: src/lcthw/hashmap.c:Hashmap_get_node:205: TRY: 47
DEBUG: src/lcthw/hashmap.c:Hashmap_get_node:205: TRY: 0
DEBUG: src/lcthw/hashmap.c:Hashmap_get_node:205: TRY: 1
DEBUG: src/lcthw/hashmap.c:Hashmap_get_node:205: TRY: 2
DEBUG: src/lcthw/hashmap.c:Hashmap_get_node:205: TRY: 3
DEBUG: src/lcthw/hashmap.c:Hashmap_get_node:205: TRY: 4
DEBUG: src/lcthw/hashmap.c:Hashmap_get_node:205: TRY: 5
DEBUG: src/lcthw/hashmap.c:Hashmap_get_node:205: TRY: 6
DEBUG: src/lcthw/hashmap.c:Hashmap_get_node:205: TRY: 7
DEBUG: src/lcthw/hashmap.c:Hashmap_get_node:205: TRY: 8
DEBUG: src/lcthw/hashmap.c:Hashmap_get_node:205: TRY: 9
DEBUG: src/lcthw/hashmap.c:Hashmap_get_node:205: TRY: 10
DEBUG: src/lcthw/hashmap.c:Hashmap_get_node:205: TRY: 11
DEBUG: src/lcthw/hashmap.c:Hashmap_get_node:205: TRY: 12
DEBUG: src/lcthw/hashmap.c:Hashmap_get_node:205: TRY: 13
DEBUG: src/lcthw/hashmap.c:Hashmap_get_node:205: TRY: 14
DEBUG: src/lcthw/hashmap.c:Hashmap_get_node:205: TRY: 15
DEBUG: src/lcthw/hashmap.c:Hashmap_get_node:205: TRY: 16
DEBUG: src/lcthw/hashmap.c:Hashmap_get_node:205: TRY: 17
DEBUG: src/lcthw/hashmap.c:Hashmap_get_node:205: TRY: 18
DEBUG: src/lcthw/hashmap.c:Hashmap_get_node:205: TRY: 19
DEBUG: src/lcthw/hashmap.c:Hashmap_get_node:205: TRY: 20
DEBUG: src/lcthw/hashmap.c:Hashmap_get_node:205: TRY: 21
DEBUG: src/lcthw/hashmap.c:Hashmap_get_node:205: TRY: 22
DEBUG: src/lcthw/hashmap.c:Hashmap_get_node:205: TRY: 23
DEBUG: src/lcthw/hashmap.c:Hashmap_get_node:205: TRY: 24
DEBUG: src/lcthw/hashmap.c:Hashmap_get_node:205: TRY: 25
DEBUG: src/lcthw/hashmap.c:Hashmap_get_node:205: TRY: 26
DEBUG: src/lcthw/hashmap.c:Hashmap_get_node:205: TRY: 27
DEBUG: src/lcthw/hashmap.c:Hashmap_get_node:205: TRY: 28
DEBUG: src/lcthw/hashmap.c:Hashmap_get_node:205: TRY: 29
DEBUG: src/lcthw/hashmap.c:Hashmap_get_node:205: TRY: 30
DEBUG: src/lcthw/hashmap.c:Hashmap_get_node:205: TRY: 31
DEBUG: src/lcthw/hashmap.c:Hashmap_get_node:205: TRY: 32
DEBUG: src/lcthw/hashmap.c:Hashmap_get_node:205: TRY: 33
DEBUG: src/lcthw/hashmap.c:Hashmap_get_node:205: TRY: 34
DEBUG: src/lcthw/hashmap.c:Hashmap_get_node:205: TRY: 35
DEBUG: src/lcthw/hashmap.c:Hashmap_get_node:205: TRY: 36
DEBUG: src/lcthw/hashmap.c:Hashmap_get_node:205: TRY: 37
DEBUG: src/lcthw/hashmap.c:Hashmap_get_node:205: TRY: 38
DEBUG: src/lcthw/hashmap.c:Hashmap_get_node:205: TRY: 39
DEBUG: src/lcthw/hashmap.c:Hashmap_get_node:205: TRY: 40
DEBUG: src/lcthw/hashmap.c:Hashmap_get_node:205: TRY: 41
DEBUG: src/lcthw/hashmap.c:Hashmap_get_node:205: TRY: 42
DEBUG: src/lcthw/hashmap.c:Hashmap_get_node:205: TRY: 43
DEBUG: src/lcthw/hashmap.c:Hashmap_get_node:205: TRY: 44
DEBUG: src/lcthw/hashmap.c:Hashmap_get_node:205: TRY: 45
DEBUG: src/lcthw/hashmap.c:Hashmap_get_node:205: TRY: 46
DEBUG: src/lcthw/hashmap.c:Hashmap_get_node:205: TRY: 47
DEBUG: src/lcthw/hashmap.c:Hashmap_get_node:205: TRY: 48
DEBUG: src/lcthw/hashmap.c:Hashmap_get_node:205: TRY: 49
DEBUG: src/lcthw/hashmap.c:Hashmap_get_node:205: TRY: 50
DEBUG: src/lcthw/hashmap.c:Hashmap_get_node:205: TRY: 51
DEBUG: src/lcthw/hashmap.c:Hashmap_get_node:205: TRY: 52
DEBUG: src/lcthw/hashmap.c:Hashmap_get_node:205: TRY: 53
DEBUG: src/lcthw/hashmap.c:Hashmap_get_node:205: TRY: 54
DEBUG: src/lcthw/hashmap.c:Hashmap_get_node:205: TRY: 55
DEBUG: src/lcthw/hashmap.c:Hashmap_get_node:205: TRY: 56
DEBUG: src/lcthw/hashmap.c:Hashmap_get_node:205: TRY: 57
DEBUG: src/lcthw/hashmap.c:Hashmap_get_node:205: TRY: 58
DEBUG: src/lcthw/hashmap.c:Hashmap_get_node:205: TRY: 59
DEBUG: src/lcthw/hashmap.c:Hashmap_get_node:205: TRY: 60
DEBUG: src/lcthw/hashmap.c:Hashmap_get_node:205: TRY: 61
DEBUG: src/lcthw/hashmap.c:Hashmap_get_node:205: TRY: 62
DEBUG: src/lcthw/hashmap.c:Hashmap_get_node:205: TRY: 63
DEBUG: src/lcthw/hashmap.c:Hashmap_get_node:205: TRY: 64
DEBUG: src/lcthw/hashmap.c:Hashmap_get_node:205: TRY: 65
DEBUG: src/lcthw/hashmap.c:Hashmap_get_node:205: TRY: 66
DEBUG: src/lcthw/hashmap.c:Hashmap_get_node:205: TRY: 67
DEBUG: src/lcthw/hashmap.c:Hashmap_get_node:205: TRY: 0
DEBUG: src/lcthw/hashmap.c:Hashmap_get_node:205: TRY: 1
DEBUG: src/lcthw/hashmap.c:Hashmap_get_node:205: TRY: 2
DEBUG: src/lcthw/hashmap.c:Hashmap_get_node:205: TRY: 3
DEBUG: src/lcthw/hashmap.c:Hashmap_get_node:205: TRY: 4
DEBUG: src/lcthw/hashmap.c:Hashmap_get_node:205: TRY: 5
DEBUG: src/lcthw/hashmap.c:Hashmap_get_node:205: TRY: 6
DEBUG: src/lcthw/hashmap.c:Hashmap_get_node:205: TRY: 7
DEBUG: src/lcthw/hashmap.c:Hashmap_get_node:205: TRY: 8
DEBUG: src/lcthw/hashmap.c:Hashmap_get_node:205: TRY: 9
DEBUG: src/lcthw/hashmap.c:Hashmap_get_node:205: TRY: 10
DEBUG: src/lcthw/hashmap.c:Hashmap_get_node:205: TRY: 11
DEBUG: src/lcthw/hashmap.c:Hashmap_get_node:205: TRY: 12
DEBUG: src/lcthw/hashmap.c:Hashmap_get_node:205: TRY: 13
DEBUG: src/lcthw/hashmap.c:Hashmap_get_node:205: TRY: 14
DEBUG: src/lcthw/hashmap.c:Hashmap_get_node:205: TRY: 15
DEBUG: src/lcthw/hashmap.c:Hashmap_get_node:205: TRY: 16
DEBUG: src/lcthw/hashmap.c:Hashmap_get_node:205: TRY: 17
DEBUG: src/lcthw/hashmap.c:Hashmap_get_node:205: TRY: 18
DEBUG: src/lcthw/hashmap.c:Hashmap_get_node:205: TRY: 19
DEBUG: src/lcthw/hashmap.c:Hashmap_get_node:205: TRY: 20
DEBUG: src/lcthw/hashmap.c:Hashmap_get_node:205: TRY: 21
DEBUG: src/lcthw/hashmap.c:Hashmap_get_node:205: TRY: 22
DEBUG: src/lcthw/hashmap.c:Hashmap_get_node:205: TRY: 23
DEBUG: src/lcthw/hashmap.c:Hashmap_get_node:205: TRY: 24
DEBUG: src/lcthw/hashmap.c:Hashmap_get_node:205: TRY: 25
DEBUG: src/lcthw/hashmap.c:Hashmap_get_node:205: TRY: 26
DEBUG: src/lcthw/hashmap.c:Hashmap_get_node:205: TRY: 27
DEBUG: src/lcthw/hashmap.c:Hashmap_get_node:205: TRY: 28
DEBUG: src/lcthw/hashmap.c:Hashmap_get_node:205: TRY: 29
DEBUG: src/lcthw/hashmap.c:Hashmap_get_node:205: TRY: 30
DEBUG: src/lcthw/hashmap.c:Hashmap_get_node:205: TRY: 31
DEBUG: src/lcthw/hashmap.c:Hashmap_get_node:205: TRY: 32
DEBUG: src/lcthw/hashmap.c:Hashmap_get_node:205: TRY: 33
DEBUG: src/lcthw/hashmap.c:Hashmap_get_node:205: TRY: 34
DEBUG: src/lcthw/hashmap.c:Hashmap_get_node:205: TRY: 35
DEBUG: src/lcthw/hashmap.c:Hashmap_get_node:205: TRY: 36
DEBUG: src/lcthw/hashmap.c:Hashmap_get_node:205: TRY: 0
DEBUG: src/lcthw/hashmap.c:Hashmap_get_node:205: TRY: 1
DEBUG: src/lcthw/hashmap.c:Hashmap_get_node:205: TRY: 2
DEBUG: src/lcthw/hashmap.c:Hashmap_get_node:205: TRY: 3
DEBUG: src/lcthw/hashmap.c:Hashmap_get_node:205: TRY: 4
DEBUG: src/lcthw/hashmap.c:Hashmap_get_node:205: TRY: 5
DEBUG: src/lcthw/hashmap.c:Hashmap_get_node:205: TRY: 6
DEBUG: src/lcthw/hashmap.c:Hashmap_get_node:205: TRY: 7
DEBUG: src/lcthw/hashmap.c:Hashmap_get_node:205: TRY: 8
DEBUG: src/lcthw/hashmap.c:Hashmap_get_node:205: TRY: 9
DEBUG: src/lcthw/hashmap.c:Hashmap_get_node:205: TRY: 10
DEBUG: src/lcthw/hashmap.c:Hashmap_get_node:205: TRY: 11
DEBUG: src/lcthw/hashmap.c:Hashmap_get_node:205: TRY: 12
DEBUG: src/lcthw/hashmap.c:Hashmap_get_node:205: TRY: 13
DEBUG: src/lcthw/hashmap.c:Hashmap_get_node:205: TRY: 14
DEBUG: src/lcthw/hashmap.c:Hashmap_get_node:205: TRY: 15
DEBUG: src/lcthw/hashmap.c:Hashmap_get_node:205: TRY: 16
DEBUG: src/lcthw/hashmap.c:Hashmap_get_node:205: TRY: 17
DEBUG: src/lcthw/hashmap.c:Hashmap_get_node:205: TRY: 18
DEBUG: src/lcthw/hashmap.c:Hashmap_get_node:205: TRY: 19
DEBUG: src/lcthw/hashmap.c:Hashmap_get_node:205: TRY: 20
DEBUG: src/lcthw/hashmap.c:Hashmap_get_node:205: TRY: 21
DEBUG: src/lcthw/hashmap.c:Hashmap_get_node:205: TRY: 22
DEBUG: src/lcthw/hashmap.c:Hashmap_get_node:205: TRY: 23
DEBUG: src/lcthw/hashmap.c:Hashmap_get_node:205: TRY: 24
DEBUG: src/lcthw/hashmap.c:Hashmap_get_node:205: TRY: 25
DEBUG: src/lcthw/hashmap.c:Hashmap_get_node:205: TRY: 26
DEBUG: src/lcthw/hashmap.c:Hashmap_get_node:205: TRY: 27
DEBUG: src/lcthw/hashmap.c:Hashmap_get_node:205: TRY: 28
DEBUG: src/lcthw/hashmap.c:Hashmap_get_node:205: TRY: 29
DEBUG: src/lcthw/hashmap.c:Hashmap_get_node:205: TRY: 30
DEBUG: src/lcthw/hashmap.c:Hashmap_get_node:205: TRY: 31
DEBUG: src/lcthw/hashmap.c:Hashmap_get_node:205: TRY: 32
DEBUG: src/lcthw/hashmap.c:Hashmap_get_node:205: TRY: 0
DEBUG: src/lcthw/hashmap.c:Hashmap_get_node:205: TRY: 1
DEBUG: src/lcthw/hashmap.c:Hashmap_get_node:205: TRY: 2
DEBUG: src/lcthw/hashmap.c:Hashmap_get_node:205: TRY: 3
DEBUG: src/lcthw/hashmap.c:Hashmap_get_node:205: TRY: 4
DEBUG: src/lcthw/hashmap.c:Hashmap_get_node:205: TRY: 5
DEBUG: src/lcthw/hashmap.c:Hashmap_get_node:205: TRY: 6
DEBUG: src/lcthw/hashmap.c:Hashmap_get_node:205: TRY: 7
DEBUG: src/lcthw/hashmap.c:Hashmap_get_node:205: TRY: 8
DEBUG: src/lcthw/hashmap.c:Hashmap_get_node:205: TRY: 9
DEBUG: src/lcthw/hashmap.c:Hashmap_get_node:205: TRY: 10
DEBUG: src/lcthw/hashmap.c:Hashmap_get_node:205: TRY: 11
DEBUG: src/lcthw/hashmap.c:Hashmap_get_node:205: TRY: 12
DEBUG: src/lcthw/hashmap.c:Hashmap_get_node:205: TRY: 13
DEBUG: src/lcthw/hashmap.c:Hashmap_get_node:205: TRY: 14
DEBUG: src/lcthw/hashmap.c:Hashmap_get_node:205: TRY: 15
DEBUG: src/lcthw/hashmap.c:Hashmap_get_node:205: TRY: 16
DEBUG: src/lcthw/hashmap.c:Hashmap_get_node:205: TRY: 17
DEBUG: src/lcthw/hashmap.c:Hashmap_get_node:205: TRY: 18
DEBUG: src/lcthw/hashmap.c:Hashmap_get_node:205: TRY: 19
DEBUG: src/lcthw/hashmap.c:Hashmap_get_node:205: TRY: 20
DEBUG: src/lcthw/hashmap.c:Hashmap_get_node:205: TRY: 21
DEBUG: src/lcthw/hashmap.c:Hashmap_get_node:205: TRY: 22
DEBUG: src/lcthw/hashmap.c:Hashmap_get_node:205: TRY: 23
DEBUG: src/lcthw/hashmap.c:Hashmap_get_node:205: TRY: 24
DEBUG: src/lcthw/hashmap.c:Hashmap_get_node:205: TRY: 25
DEBUG: src/lcthw/hashmap.c:Hashmap_get_node:205: TRY: 26
DEBUG: src/lcthw/hashmap.c:Hashmap_get_node:205: TRY: 27
DEBUG: src/lcthw/hashmap.c:Hashmap_get_node:205: TRY: 28
DEBUG: src/lcthw/hashmap.c:Hashmap_get_node:205: TRY: 29
DEBUG: src/lcthw/hashmap.c:Hashmap_get_node:205: TRY: 30
DEBUG: src/lcthw/hashmap.c:Hashmap_get_node:205: TRY: 31
DEBUG: src/lcthw/hashmap.c:Hashmap_get_node:205: TRY: 32
DEBUG: src/lcthw/hashmap.c:Hashmap_get_node:205: TRY: 33
DEBUG: src/lcthw/hashmap.c:Hashmap_get_node:205: TRY: 34
DEBUG: src/lcthw/hashmap.c:Hashmap_get_node:205: TRY: 35
DEBUG: src/lcthw/hashmap.c:Hashmap_get_node:205: TRY: 36
DEBUG: src/lcthw/hashmap.c:Hashmap_get_node:205: TRY: 37
DEBUG: src/lcthw/hashmap.c:Hashmap_get_node:205: TRY: 38
DEBUG: src/lcthw/hashmap.c:Hashmap_get_node:205: TRY: 39
DEBUG: src/lcthw/hashmap.c:Hashmap_get_node:205: TRY: 40
DEBUG: src/lcthw/hashmap.c:Hashmap_get_node:205: TRY: 41
DEBUG: src/lcthw/hashmap.c:Hashmap_get_node:205: TRY: 42
DEBUG: src/lcthw/hashmap.c:Hashmap_get_node:205: TRY: 43
DEBUG: src/lcthw/hashmap.c:Hashmap_get_node:205: TRY: 44
DEBUG: src/lcthw/hashmap.c:Hashmap_get_node:205: TRY: 45
DEBUG: src/lcthw/hashmap.c:Hashmap_get_node:205: TRY: 46
DEBUG: src/lcthw/hashmap.c:Hashmap_get_node:205: TRY: 47
DEBUG: src/lcthw/hashmap.c:Hashmap_get_node:205: TRY: 48
DEBUG: src/lcthw/hashmap.c:Hashmap_get_node:205: TRY: 49
DEBUG: src/lcthw/hashmap.c:Hashmap_get_node:205: TRY: 50
DEBUG: src/lcthw/hashmap.c:Hashmap_get_node:205: TRY: 51
DEBUG: src/lcthw/hashmap.c:Hashmap_get_node:205: TRY: 52
DEBUG: src/lcthw/hashmap.c:Hashmap_get_node:205: TRY: 53
DEBUG: src/lcthw/hashmap.c:Hashmap_get_node:205: TRY: 54
DEBUG: src/lcthw/hashmap.c:Hashmap_get_node:205: TRY: 55
DEBUG: src/lcthw/hashmap.c:Hashmap_get_node:205: TRY: 56
DEBUG: src/lcthw/hashmap.c:Hashmap_get_node:205: TRY: 57
DEBUG: src/lcthw/hashmap.c:Hashmap_get_node:205: TRY: 58
DEBUG: src/lcthw/hashmap.c:Hashmap_get_node:205: TRY: 59
DEBUG: src/lcthw/hashmap.c:Hashmap_get_node:205: TRY: 60
DEBUG: src/lcthw/hashmap.c:Hashmap_get_node:205: TRY: 61
DEBUG: src/lcthw/hashmap.c:Hashmap_get_node:205: TRY: 62
DEBUG: src/lcthw/hashmap.c:Hashmap_get_node:205: TRY: 63
DEBUG: src/lcthw/hashmap.c:Hashmap_get_node:205: TRY: 64
DEBUG: src/lcthw/hashmap.c:Hashmap_get_node:205: TRY: 65
DEBUG: src/lcthw/hashmap.c:Hashmap_get_node:205: TRY: 66
DEBUG: src/lcthw/hashmap.c:Hashmap_get_node:205: TRY: 67
DEBUG: src/lcthw/hashmap.c:Hashmap_get_node:205: TRY: 68
DEBUG: src/lcthw/hashmap.c:Hashmap_get_node:205: TRY: 0
DEBUG: src/lcthw/hashmap.c:Hashmap_get_node:205: TRY: 1
DEBUG: src/lcthw/hashmap.c:Hashmap_get_node:205: TRY: 2
DEBUG: src/lcthw/hashmap.c:Hashmap_get_node:205: TRY: 3
DEBUG: src/lcthw/hashmap.c:Hashmap_get_node:205: TRY: 4
DEBUG: src/lcthw/hashmap.c:Hashmap_get_node:205: TRY: 5
DEBUG: src/lcthw/hashmap.c:Hashmap_get_node:205: TRY: 6
DEBUG: src/lcthw/hashmap.c:Hashmap_get_node:205: TRY: 7
DEBUG: src/lcthw/hashmap.c:Hashmap_get_node:205: TRY: 8
DEBUG: src/lcthw/hashmap.c:Hashmap_get_node:205: TRY: 9
DEBUG: src/lcthw/hashmap.c:Hashmap_get_node:205: TRY: 10
DEBUG: src/lcthw/hashmap.c:Hashmap_get_node:205: TRY: 11
DEBUG: src/lcthw/hashmap.c:Hashmap_get_node:205: TRY: 12
DEBUG: src/lcthw/hashmap.c:Hashmap_get_node:205: TRY: 13
DEBUG: src/lcthw/hashmap.c:Hashmap_get_node:205: TRY: 14
DEBUG: src/lcthw/hashmap.c:Hashmap_get_node:205: TRY: 15
DEBUG: src/lcthw/hashmap.c:Hashmap_get_node:205: TRY: 16
DEBUG: src/lcthw/hashmap.c:Hashmap_get_node:205: TRY: 17
DEBUG: src/lcthw/hashmap.c:Hashmap_get_node:205: TRY: 18
DEBUG: src/lcthw/hashmap.c:Hashmap_get_node:205: TRY: 19
DEBUG: src/lcthw/hashmap.c:Hashmap_get_node:205: TRY: 20
DEBUG: src/lcthw/hashmap.c:Hashmap_get_node:205: TRY: 21
DEBUG: src/lcthw/hashmap.c:Hashmap_get_node:205: TRY: 22
DEBUG: src/lcthw/hashmap.c:Hashmap_get_node:205: TRY: 23
DEBUG: src/lcthw/hashmap.c:Hashmap_get_node:205: TRY: 24
DEBUG: src/lcthw/hashmap.c:Hashmap_get_node:205: TRY: 25
DEBUG: src/lcthw/hashmap.c:Hashmap_get_node:205: TRY: 26
DEBUG: src/lcthw/hashmap.c:Hashmap_get_node:205: TRY: 27
DEBUG: src/lcthw/hashmap.c:Hashmap_get_node:205: TRY: 28
DEBUG: src/lcthw/hashmap.c:Hashmap_get_node:205: TRY: 29
DEBUG: src/lcthw/hashmap.c:Hashmap_get_node:205: TRY: 30
DEBUG: src/lcthw/hashmap.c:Hashmap_get_node:205: TRY: 31
DEBUG: src/lcthw/hashmap.c:Hashmap_get_node:205: TRY: 32
DEBUG: src/lcthw/hashmap.c:Hashmap_get_node:205: TRY: 33
DEBUG: src/lcthw/hashmap.c:Hashmap_get_node:205: TRY: 34
DEBUG: src/lcthw/hashmap.c:Hashmap_get_node:205: TRY: 35
DEBUG: src/lcthw/hashmap.c:Hashmap_get_node:205: TRY: 36
DEBUG: src/lcthw/hashmap.c:Hashmap_get_node:205: TRY: 37
DEBUG: src/lcthw/hashmap.c:Hashmap_get_node:205: TRY: 0
DEBUG: src/lcthw/hashmap.c:Hashmap_get_node:205: TRY: 1
DEBUG: src/lcthw/hashmap.c:Hashmap_get_node:205: TRY: 2
DEBUG: src/lcthw/hashmap.c:Hashmap_get_node:205: TRY: 3
DEBUG: src/lcthw/hashmap.c:Hashmap_get_node:205: TRY: 4
DEBUG: src/lcthw/hashmap.c:Hashmap_get_node:205: TRY: 5
DEBUG: src/lcthw/hashmap.c:Hashmap_get_node:205: TRY: 6
DEBUG: src/lcthw/hashmap.c:Hashmap_get_node:205: TRY: 7
DEBUG: src/lcthw/hashmap.c:Hashmap_get_node:205: TRY: 8
DEBUG: src/lcthw/hashmap.c:Hashmap_get_node:205: TRY: 9
DEBUG: src/lcthw/hashmap.c:Hashmap_get_node:205: TRY: 10
DEBUG: src/lcthw/hashmap.c:Hashmap_get_node:205: TRY: 11
DEBUG: src/lcthw/hashmap.c:Hashmap_get_node:205: TRY: 12
DEBUG: src/lcthw/hashmap.c:Hashmap_get_node:205: TRY: 13
DEBUG: src/lcthw/hashmap.c:Hashmap_get_node:205: TRY: 14
DEBUG: src/lcthw/hashmap.c:Hashmap_get_node:205: TRY: 15
DEBUG: src/lcthw/hashmap.c:Hashmap_get_node:205: TRY: 16
DEBUG: src/lcthw/hashmap.c:Hashmap_get_node:205: TRY: 17
DEBUG: src/lcthw/hashmap.c:Hashmap_get_node:205: TRY: 18
DEBUG: src/lcthw/hashmap.c:Hashmap_get_node:205: TRY: 19
DEBUG: src/lcthw/hashmap.c:Hashmap_get_node:205: TRY: 20
DEBUG: src/lcthw/hashmap.c:Hashmap_get_node:205: TRY: 21
DEBUG: src/lcthw/hashmap.c:Hashmap_get_node:205: TRY: 22
DEBUG: src/lcthw/hashmap.c:Hashmap_get_node:205: TRY: 23
DEBUG: src/lcthw/hashmap.c:Hashmap_get_node:205: TRY: 24
DEBUG: src/lcthw/hashmap.c:Hashmap_get_node:205: TRY: 25
DEBUG: src/lcthw/hashmap.c:Hashmap_get_node:205: TRY: 26
DEBUG: src/lcthw/hashmap.c:Hashmap_get_node:205: TRY: 27
DEBUG: src/lcthw/hashmap.c:Hashmap_get_node:205: TRY: 28
DEBUG: src/lcthw/hashmap.c:Hashmap_get_node:205: TRY: 29
DEBUG: src/lcthw/hashmap.c:Hashmap_get_node:205: TRY: 30
DEBUG: src/lcthw/hashmap.c:Hashmap_get_node:205: TRY: 31
DEBUG: src/lcthw/hashmap.c:Hashmap_get_node:205: TRY: 32
DEBUG: src/lcthw/hashmap.c:Hashmap_get_node:205: TRY: 33
DEBUG: src/lcthw/hashmap.c:Hashmap_get_node:205: TRY: 34
DEBUG: src/lcthw/hashmap.c:Hashmap_get_node:205: TRY: 35
DEBUG: src/lcthw/hashmap.c:Hashmap_get_node:205: TRY: 36
DEBUG: src/lcthw/hashmap.c:Hashmap_get_node:205: TRY: 37
DEBUG: src/lcthw/hashmap.c:Hashmap_get_node:205: TRY: 0
DEBUG: src/lcthw/hashmap.c:Hashmap_get_node:205: TRY: 1
DEBUG: src/lcthw/hashmap.c:Hashmap_get_node:205: TRY: 2
DEBUG: src/lcthw/hashmap.c:Hashmap_get_node:205: TRY: 3
DEBUG: src/lcthw/hashmap.c:Hashmap_get_node:205: TRY: 4
DEBUG: src/lcthw/hashmap.c:Hashmap_get_node:205: TRY: 5
DEBUG: src/lcthw/hashmap.c:Hashmap_get_node:205: TRY: 6
DEBUG: src/lcthw/hashmap.c:Hashmap_get_node:205: TRY: 7
DEBUG: src/lcthw/hashmap.c:Hashmap_get_node:205: TRY: 8
DEBUG: src/lcthw/hashmap.c:Hashmap_get_node:205: TRY: 9
DEBUG: src/lcthw/hashmap.c:Hashmap_get_node:205: TRY: 10
DEBUG: src/lcthw/hashmap.c:Hashmap_get_node:205: TRY: 11
DEBUG: src/lcthw/hashmap.c:Hashmap_get_node:205: TRY: 12
DEBUG: src/lcthw/hashmap.c:Hashmap_get_node:205: TRY: 13
DEBUG: src/lcthw/hashmap.c:Hashmap_get_node:205: TRY: 14
DEBUG: src/lcthw/hashmap.c:Hashmap_get_node:205: TRY: 15
DEBUG: src/lcthw/hashmap.c:Hashmap_get_node:205: TRY: 16
DEBUG: src/lcthw/hashmap.c:Hashmap_get_node:205: TRY: 17
DEBUG: src/lcthw/hashmap.c:Hashmap_get_node:205: TRY: 18
DEBUG: src/lcthw/hashmap.c:Hashmap_get_node:205: TRY: 19
DEBUG: src/lcthw/hashmap.c:Hashmap_get_node:205: TRY: 20
DEBUG: src/lcthw/hashmap.c:Hashmap_get_node:205: TRY: 21
DEBUG: src/lcthw/hashmap.c:Hashmap_get_node:205: TRY: 22
DEBUG: src/lcthw/hashmap.c:Hashmap_get_node:205: TRY: 23
DEBUG: src/lcthw/hashmap.c:Hashmap_get_node:205: TRY: 24
DEBUG: src/lcthw/hashmap.c:Hashmap_get_node:205: TRY: 25
DEBUG: src/lcthw/hashmap.c:Hashmap_get_node:205: TRY: 26
DEBUG: src/lcthw/hashmap.c:Hashmap_get_node:205: TRY: 27
DEBUG: src/lcthw/hashmap.c:Hashmap_get_node:205: TRY: 28
DEBUG: src/lcthw/hashmap.c:Hashmap_get_node:205: TRY: 29
DEBUG: src/lcthw/hashmap.c:Hashmap_get_node:205: TRY: 30
DEBUG: src/lcthw/hashmap.c:Hashmap_get_node:205: TRY: 31
DEBUG: src/lcthw/hashmap.c:Hashmap_get_node:205: TRY: 32
DEBUG: src/lcthw/hashmap.c:Hashmap_get_node:205: TRY: 33
DEBUG: src/lcthw/hashmap.c:Hashmap_get_node:205: TRY: 34
DEBUG: src/lcthw/hashmap.c:Hashmap_get_node:205: TRY: 35
DEBUG: src/lcthw/hashmap.c:Hashmap_get_node:205: TRY: 36
DEBUG: src/lcthw/hashmap.c:Hashmap_get_node:205: TRY: 37
DEBUG: src/lcthw/hashmap.c:Hashmap_get_node:205: TRY: 38
DEBUG: src/lcthw/hashmap.c:Hashmap_get_node:205: TRY: 39
DEBUG: src/lcthw/hashmap.c:Hashmap_get_node:205: TRY: 40
DEBUG: src/lcthw/hashmap.c:Hashmap_get_node:205: TRY: 41
DEBUG: src/lcthw/hashmap.c:Hashmap_get_node:205: TRY: 42
DEBUG: src/lcthw/hashmap.c:Hashmap_get_node:205: TRY: 43
DEBUG: src/lcthw/hashmap.c:Hashmap_get_node:205: TRY: 44
DEBUG: src/lcthw/hashmap.c:Hashmap_get_node:205: TRY: 45
DEBUG: src/lcthw/hashmap.c:Hashmap_get_node:205: TRY: 46
DEBUG: src/lcthw/hashmap.c:Hashmap_get_node:205: TRY: 0
DEBUG: src/lcthw/hashmap.c:Hashmap_get_node:205: TRY: 1
DEBUG: src/lcthw/hashmap.c:Hashmap_get_node:205: TRY: 2
DEBUG: src/lcthw/hashmap.c:Hashmap_get_node:205: TRY: 3
DEBUG: src/lcthw/hashmap.c:Hashmap_get_node:205: TRY: 4
DEBUG: src/lcthw/hashmap.c:Hashmap_get_node:205: TRY: 5
DEBUG: src/lcthw/hashmap.c:Hashmap_get_node:205: TRY: 6
DEBUG: src/lcthw/hashmap.c:Hashmap_get_node:205: TRY: 7
DEBUG: src/lcthw/hashmap.c:Hashmap_get_node:205: TRY: 8
DEBUG: src/lcthw/hashmap.c:Hashmap_get_node:205: TRY: 9
DEBUG: src/lcthw/hashmap.c:Hashmap_get_node:205: TRY: 10
DEBUG: src/lcthw/hashmap.c:Hashmap_get_node:205: TRY: 11
DEBUG: src/lcthw/hashmap.c:Hashmap_get_node:205: TRY: 12
DEBUG: src/lcthw/hashmap.c:Hashmap_get_node:205: TRY: 13
DEBUG: src/lcthw/hashmap.c:Hashmap_get_node:205: TRY: 14
DEBUG: src/lcthw/hashmap.c:Hashmap_get_node:205: TRY: 15
DEBUG: src/lcthw/hashmap.c:Hashmap_get_node:205: TRY: 16
DEBUG: src/lcthw/hashmap.c:Hashmap_get_node:205: TRY: 17
DEBUG: src/lcthw/hashmap.c:Hashmap_get_node:205: TRY: 18
DEBUG: src/lcthw/hashmap.c:Hashmap_get_node:205: TRY: 19
DEBUG: src/lcthw/hashmap.c:Hashmap_get_node:205: TRY: 20
DEBUG: src/lcthw/hashmap.c:Hashmap_get_node:205: TRY: 21
DEBUG: src/lcthw/hashmap.c:Hashmap_get_node:205: TRY: 22
DEBUG: src/lcthw/hashmap.c:Hashmap_get_node:205: TRY: 23
DEBUG: src/lcthw/hashmap.c:Hashmap_get_node:205: TRY: 24
DEBUG: src/lcthw/hashmap.c:Hashmap_get_node:205: TRY: 25
DEBUG: src/lcthw/hashmap.c:Hashmap_get_node:205: TRY: 26
DEBUG: src/lcthw/hashmap.c:Hashmap_get_node:205: TRY: 27
DEBUG: src/lcthw/hashmap.c:Hashmap_get_node:205: TRY: 28
DEBUG: src/lcthw/hashmap.c:Hashmap_get_node:205: TRY: 29
DEBUG: src/lcthw/hashmap.c:Hashmap_get_node:205: TRY: 30
DEBUG: src/lcthw/hashmap.c:Hashmap_get_node:205: TRY: 31
DEBUG: src/lcthw/hashmap.c:Hashmap_get_node:205: TRY: 32
DEBUG: src/lcthw/hashmap.c:Hashmap_get_node:205: TRY: 33
DEBUG: src/lcthw/hashmap.c:Hashmap_get_node:205: TRY: 34
DEBUG: src/lcthw/hashmap.c:Hashmap_get_node:205: TRY: 35
DEBUG: src/lcthw/hashmap.c:Hashmap_get_node:205: TRY: 36
DEBUG: src/lcthw/hashmap.c:Hashmap_get_node:205: TRY: 37
DEBUG: src/lcthw/hashmap.c:Hashmap_get_node:205: TRY: 38
DEBUG: src/lcthw/hashmap.c:Hashmap_get_node:205: TRY: 0
DEBUG: src/lcthw/hashmap.c:Hashmap_get_node:205: TRY: 1
DEBUG: src/lcthw/hashmap.c:Hashmap_get_node:205: TRY: 2
DEBUG: src/lcthw/hashmap.c:Hashmap_get_node:205: TRY: 3
DEBUG: src/lcthw/hashmap.c:Hashmap_get_node:205: TRY: 4
DEBUG: src/lcthw/hashmap.c:Hashmap_get_node:205: TRY: 5
DEBUG: src/lcthw/hashmap.c:Hashmap_get_node:205: TRY: 6
DEBUG: src/lcthw/hashmap.c:Hashmap_get_node:205: TRY: 7
DEBUG: src/lcthw/hashmap.c:Hashmap_get_node:205: TRY: 8
DEBUG: src/lcthw/hashmap.c:Hashmap_get_node:205: TRY: 9
DEBUG: src/lcthw/hashmap.c:Hashmap_get_node:205: TRY: 10
DEBUG: src/lcthw/hashmap.c:Hashmap_get_node:205: TRY: 11
DEBUG: src/lcthw/hashmap.c:Hashmap_get_node:205: TRY: 12
DEBUG: src/lcthw/hashmap.c:Hashmap_get_node:205: TRY: 13
DEBUG: src/lcthw/hashmap.c:Hashmap_get_node:205: TRY: 14
DEBUG: src/lcthw/hashmap.c:Hashmap_get_node:205: TRY: 15
DEBUG: src/lcthw/hashmap.c:Hashmap_get_node:205: TRY: 16
DEBUG: src/lcthw/hashmap.c:Hashmap_get_node:205: TRY: 17
DEBUG: src/lcthw/hashmap.c:Hashmap_get_node:205: TRY: 18
DEBUG: src/lcthw/hashmap.c:Hashmap_get_node:205: TRY: 19
DEBUG: src/lcthw/hashmap.c:Hashmap_get_node:205: TRY: 20
DEBUG: src/lcthw/hashmap.c:Hashmap_get_node:205: TRY: 21
DEBUG: src/lcthw/hashmap.c:Hashmap_get_node:205: TRY: 22
DEBUG: src/lcthw/hashmap.c:Hashmap_get_node:205: TRY: 23
DEBUG: src/lcthw/hashmap.c:Hashmap_get_node:205: TRY: 24
DEBUG: src/lcthw/hashmap.c:Hashmap_get_node:205: TRY: 25
DEBUG: src/lcthw/hashmap.c:Hashmap_get_node:205: TRY: 26
DEBUG: src/lcthw/hashmap.c:Hashmap_get_node:205: TRY: 27
DEBUG: src/lcthw/hashmap.c:Hashmap_get_node:205: TRY: 28
DEBUG: src/lcthw/hashmap.c:Hashmap_get_node:205: TRY: 29
DEBUG: src/lcthw/hashmap.c:Hashmap_get_node:205: TRY: 30
DEBUG: src/lcthw/hashmap.c:Hashmap_get_node:205: TRY: 31
DEBUG: src/lcthw/hashmap.c:Hashmap_get_node:205: TRY: 32
DEBUG: src/lcthw/hashmap.c:Hashmap_get_node:205: TRY: 33
DEBUG: src/lcthw/hashmap.c:Hashmap_get_node:205: TRY: 34
DEBUG: src/lcthw/hashmap.c:Hashmap_get_node:205: TRY: 35
DEBUG: src/lcthw/hashmap.c:Hashmap_get_node:205: TRY: 36
DEBUG: src/lcthw/hashmap.c:Hashmap_get_node:205: TRY: 37
DEBUG: src/lcthw/hashmap.c:Hashmap_get_node:205: TRY: 38
DEBUG: src/lcthw/hashmap.c:Hashmap_get_node:205: TRY: 39
DEBUG: src/lcthw/hashmap.c:Hashmap_get_node:205: TRY: 40
DEBUG: src/lcthw/hashmap.c:Hashmap_get_node:205: TRY: 41
DEBUG: src/lcthw/hashmap.c:Hashmap_get_node:205: TRY: 42
DEBUG: src/lcthw/hashmap.c:Hashmap_get_node:205: TRY: 43
DEBUG: src/lcthw/hashmap.c:Hashmap_get_node:205: TRY: 44
DEBUG: src/lcthw/hashmap.c:Hashmap_get_node:205: TRY: 45
DEBUG: src/lcthw/hashmap.c:Hashmap_get_node:205: TRY: 46
DEBUG: src/lcthw/hashmap.c:Hashmap_get_node:205: TRY: 0
DEBUG: src/lcthw/hashmap.c:Hashmap_get_node:205: TRY: 1
DEBUG: src/lcthw/hashmap.c:Hashmap_get_node:205: TRY: 2
DEBUG: src/lcthw/hashmap.c:Hashmap_get_node:205: TRY: 3
DEBUG: src/lcthw/hashmap.c:Hashmap_get_node:205: TRY: 4
DEBUG: src/lcthw/hashmap.c:Hashmap_get_node:205: TRY: 5
DEBUG: src/lcthw/hashmap.c:Hashmap_get_node:205: TRY: 6
DEBUG: src/lcthw/hashmap.c:Hashmap_get_node:205: TRY: 7
DEBUG: src/lcthw/hashmap.c:Hashmap_get_node:205: TRY: 8
DEBUG: src/lcthw/hashmap.c:Hashmap_get_node:205: TRY: 9
DEBUG: src/lcthw/hashmap.c:Hashmap_get_node:205: TRY: 10
DEBUG: src/lcthw/hashmap.c:Hashmap_get_node:205: TRY: 11
DEBUG: src/lcthw/hashmap.c:Hashmap_get_node:205: TRY: 12
DEBUG: src/lcthw/hashmap.c:Hashmap_get_node:205: TRY: 13
DEBUG: src/lcthw/hashmap.c:Hashmap_get_node:205: TRY: 14
DEBUG: src/lcthw/hashmap.c:Hashmap_get_node:205: TRY: 15
DEBUG: src/lcthw/hashmap.c:Hashmap_get_node:205: TRY: 16
DEBUG: src/lcthw/hashmap.c:Hashmap_get_node:205: TRY: 17
DEBUG: src/lcthw/hashmap.c:Hashmap_get_node:205: TRY: 18
DEBUG: src/lcthw/hashmap.c:Hashmap_get_node:205: TRY: 19
DEBUG: src/lcthw/hashmap.c:Hashmap_get_node:205: TRY: 20
DEBUG: src/lcthw/hashmap.c:Hashmap_get_node:205: TRY: 21
DEBUG: src/lcthw/hashmap.c:Hashmap_get_node:205: TRY: 22
DEBUG: src/lcthw/hashmap.c:Hashmap_get_node:205: TRY: 23
DEBUG: src/lcthw/hashmap.c:Hashmap_get_node:205: TRY: 24
DEBUG: src/lcthw/hashmap.c:Hashmap_get_node:205: TRY: 25
DEBUG: src/lcthw/hashmap.c:Hashmap_get_node:205: TRY: 26
DEBUG: src/lcthw/hashmap.c:Hashmap_get_node:205: TRY: 27
DEBUG: src/lcthw/hashmap.c:Hashmap_get_node:205: TRY: 28
DEBUG: src/lcthw/hashmap.c:Hashmap_get_node:205: TRY: 29
DEBUG: src/lcthw/hashmap.c:Hashmap_get_node:205: TRY: 30
DEBUG: src/lcthw/hashmap.c:Hashmap_get_node:205: TRY: 31
DEBUG: src/lcthw/hashmap.c:Hashmap_get_node:205: TRY: 32
DEBUG: src/lcthw/hashmap.c:Hashmap_get_node:205: TRY: 33
DEBUG: src/lcthw/hashmap.c:Hashmap_get_node:205: TRY: 34
DEBUG: src/lcthw/hashmap.c:Hashmap_get_node:205: TRY: 35
DEBUG: src/lcthw/hashmap.c:Hashmap_get_node:205: TRY: 36
DEBUG: src/lcthw/hashmap.c:Hashmap_get_node:205: TRY: 37
DEBUG: src/lcthw/hashmap.c:Hashmap_get_node:205: TRY: 38
DEBUG: src/lcthw/hashmap.c:Hashmap_get_node:205: TRY: 39
DEBUG: src/lcthw/hashmap.c:Hashmap_get_node:205: TRY: 40
DEBUG: src/lcthw/hashmap.c:Hashmap_get_node:205: TRY: 41
DEBUG: src/lcthw/hashmap.c:Hashmap_get_node:205: TRY: 42
DEBUG: src/lcthw/hashmap.c:Hashmap_get_node:205: TRY: 43
DEBUG: src/lcthw/hashmap.c:Hashmap_get_node:205: TRY: 0
DEBUG: src/lcthw/hashmap.c:Hashmap_get_node:205: TRY: 1
DEBUG: src/lcthw/hashmap.c:Hashmap_get_node:205: TRY: 2
DEBUG: src/lcthw/hashmap.c:Hashmap_get_node:205: TRY: 3
DEBUG: src/lcthw/hashmap.c:Hashmap_get_node:205: TRY: 4
DEBUG: src/lcthw/hashmap.c:Hashmap_get_node:205: TRY: 5
DEBUG: src/lcthw/hashmap.c:Hashmap_get_node:205: TRY: 6
DEBUG: src/lcthw/hashmap.c:Hashmap_get_node:205: TRY: 7
DEBUG: src/lcthw/hashmap.c:Hashmap_get_node:205: TRY: 8
DEBUG: src/lcthw/hashmap.c:Hashmap_get_node:205: TRY: 9
DEBUG: src/lcthw/hashmap.c:Hashmap_get_node:205: TRY: 10
DEBUG: src/lcthw/hashmap.c:Hashmap_get_node:205: TRY: 11
DEBUG: src/lcthw/hashmap.c:Hashmap_get_node:205: TRY: 12
DEBUG: src/lcthw/hashmap.c:Hashmap_get_node:205: TRY: 13
DEBUG: src/lcthw/hashmap.c:Hashmap_get_node:205: TRY: 14
DEBUG: src/lcthw/hashmap.c:Hashmap_get_node:205: TRY: 15
DEBUG: src/lcthw/hashmap.c:Hashmap_get_node:205: TRY: 16
DEBUG: src/lcthw/hashmap.c:Hashmap_get_node:205: TRY: 17
DEBUG: src/lcthw/hashmap.c:Hashmap_get_node:205: TRY: 18
DEBUG: src/lcthw/hashmap.c:Hashmap_get_node:205: TRY: 19
DEBUG: src/lcthw/hashmap.c:Hashmap_get_node:205: TRY: 20
DEBUG: src/lcthw/hashmap.c:Hashmap_get_node:205: TRY: 21
DEBUG: src/lcthw/hashmap.c:Hashmap_get_node:205: TRY: 22
DEBUG: src/lcthw/hashmap.c:Hashmap_get_node:205: TRY: 23
DEBUG: src/lcthw/hashmap.c:Hashmap_get_node:205: TRY: 24
DEBUG: src/lcthw/hashmap.c:Hashmap_get_node:205: TRY: 25
DEBUG: src/lcthw/hashmap.c:Hashmap_get_node:205: TRY: 26
DEBUG: src/lcthw/hashmap.c:Hashmap_get_node:205: TRY: 27
DEBUG: src/lcthw/hashmap.c:Hashmap_get_node:205: TRY: 28
DEBUG: src/lcthw/hashmap.c:Hashmap_get_node:205: TRY: 29
DEBUG: src/lcthw/hashmap.c:Hashmap_get_node:205: TRY: 30
DEBUG: src/lcthw/hashmap.c:Hashmap_get_node:205: TRY: 31
DEBUG: src/lcthw/hashmap.c:Hashmap_get_node:205: TRY: 32
DEBUG: src/lcthw/hashmap.c:Hashmap_get_node:205: TRY: 33
DEBUG: src/lcthw/hashmap.c:Hashmap_get_node:205: TRY: 34
DEBUG: src/lcthw/hashmap.c:Hashmap_get_node:205: TRY: 35
DEBUG: src/lcthw/hashmap.c:Hashmap_get_node:205: TRY: 36
DEBUG: src/lcthw/hashmap.c:Hashmap_get_node:205: TRY: 37
DEBUG: src/lcthw/hashmap.c:Hashmap_get_node:205: TRY: 38
DEBUG: src/lcthw/hashmap.c:Hashmap_get_node:205: TRY: 39
DEBUG: src/lcthw/hashmap.c:Hashmap_get_node:205: TRY: 40
DEBUG: src/lcthw/hashmap.c:Hashmap_get_node:205: TRY: 41
DEBUG: src/lcthw/hashmap.c:Hashmap_get_node:205: TRY: 42
DEBUG: src/lcthw/hashmap.c:Hashmap_get_node:205: TRY: 43
DEBUG: src/lcthw/hashmap.c:Hashmap_get_node:205: TRY: 44
DEBUG: src/lcthw/hashmap.c:Hashmap_get_node:205: TRY: 45
DEBUG: src/lcthw/hashmap.c:Hashmap_get_node:205: TRY: 46
DEBUG: src/lcthw/hashmap.c:Hashmap_get_node:205: TRY: 47
DEBUG: src/lcthw/hashmap.c:Hashmap_get_node:205: TRY: 0
DEBUG: src/lcthw/hashmap.c:Hashmap_get_node:205: TRY: 1
DEBUG: src/lcthw/hashmap.c:Hashmap_get_node:205: TRY: 2
DEBUG: src/lcthw/hashmap.c:Hashmap_get_node:205: TRY: 3
DEBUG: src/lcthw/hashmap.c:Hashmap_get_node:205: TRY: 4
DEBUG: src/lcthw/hashmap.c:Hashmap_get_node:205: TRY: 5
DEBUG: src/lcthw/hashmap.c:Hashmap_get_node:205: TRY: 6
DEBUG: src/lcthw/hashmap.c:Hashmap_get_node:205: TRY: 7
DEBUG: src/lcthw/hashmap.c:Hashmap_get_node:205: TRY: 8
DEBUG: src/lcthw/hashmap.c:Hashmap_get_node:205: TRY: 9
DEBUG: src/lcthw/hashmap.c:Hashmap_get_node:205: TRY: 10
DEBUG: src/lcthw/hashmap.c:Hashmap_get_node:205: TRY: 11
DEBUG: src/lcthw/hashmap.c:Hashmap_get_node:205: TRY: 12
DEBUG: src/lcthw/hashmap.c:Hashmap_get_node:205: TRY: 13
DEBUG: src/lcthw/hashmap.c:Hashmap_get_node:205: TRY: 14
DEBUG: src/lcthw/hashmap.c:Hashmap_get_node:205: TRY: 15
DEBUG: src/lcthw/hashmap.c:Hashmap_get_node:205: TRY: 16
DEBUG: src/lcthw/hashmap.c:Hashmap_get_node:205: TRY: 17
DEBUG: src/lcthw/hashmap.c:Hashmap_get_node:205: TRY: 18
DEBUG: src/lcthw/hashmap.c:Hashmap_get_node:205: TRY: 19
DEBUG: src/lcthw/hashmap.c:Hashmap_get_node:205: TRY: 20
DEBUG: src/lcthw/hashmap.c:Hashmap_get_node:205: TRY: 21
DEBUG: src/lcthw/hashmap.c:Hashmap_get_node:205: TRY: 22
DEBUG: src/lcthw/hashmap.c:Hashmap_get_node:205: TRY: 23
DEBUG: src/lcthw/hashmap.c:Hashmap_get_node:205: TRY: 24
DEBUG: src/lcthw/hashmap.c:Hashmap_get_node:205: TRY: 25
DEBUG: src/lcthw/hashmap.c:Hashmap_get_node:205: TRY: 26
DEBUG: src/lcthw/hashmap.c:Hashmap_get_node:205: TRY: 27
DEBUG: src/lcthw/hashmap.c:Hashmap_get_node:205: TRY: 28
DEBUG: src/lcthw/hashmap.c:Hashmap_get_node:205: TRY: 29
DEBUG: src/lcthw/hashmap.c:Hashmap_get_node:205: TRY: 30
DEBUG: src/lcthw/hashmap.c:Hashmap_get_node:205: TRY: 31
DEBUG: src/lcthw/hashmap.c:Hashmap_get_node:205: TRY: 32
DEBUG: src/lcthw/hashmap.c:Hashmap_get_node:205: TRY: 33
DEBUG: src/lcthw/hashmap.c:Hashmap_get_node:205: TRY: 34
DEBUG: src/lcthw/hashmap.c:Hashmap_get_node:205: TRY: 35
DEBUG: src/lcthw/hashmap.c:Hashmap_get_node:205: TRY: 36
DEBUG: src/lcthw/hashmap.c:Hashmap_get_node:205: TRY: 37
DEBUG: src/lcthw/hashmap.c:Hashmap_get_node:205: TRY: 38
DEBUG: src/lcthw/hashmap.c:Hashmap_get_node:205: TRY: 39
DEBUG: src/lcthw/hashmap.c:Hashmap_get_node:205: TRY: 0
DEBUG: src/lcthw/hashmap.c:Hashmap_get_node:205: TRY: 1
DEBUG: src/lcthw/hashmap.c:Hashmap_get_node:205: TRY: 2
DEBUG: src/lcthw/hashmap.c:Hashmap_get_node:205: TRY: 3
DEBUG: src/lcthw/hashmap.c:Hashmap_get_node:205: TRY: 4
DEBUG: src/lcthw/hashmap.c:Hashmap_get_node:205: TRY: 5
DEBUG: src/lcthw/hashmap.c:Hashmap_get_node:205: TRY: 6
DEBUG: src/lcthw/hashmap.c:Hashmap_get_node:205: TRY: 7
DEBUG: src/lcthw/hashmap.c:Hashmap_get_node:205: TRY: 8
DEBUG: src/lcthw/hashmap.c:Hashmap_get_node:205: TRY: 9
DEBUG: src/lcthw/hashmap.c:Hashmap_get_node:205: TRY: 10
DEBUG: src/lcthw/hashmap.c:Hashmap_get_node:205: TRY: 11
DEBUG: src/lcthw/hashmap.c:Hashmap_get_node:205: TRY: 12
DEBUG: src/lcthw/hashmap.c:Hashmap_get_node:205: TRY: 13
DEBUG: src/lcthw/hashmap.c:Hashmap_get_node:205: TRY: 14
DEBUG: src/lcthw/hashmap.c:Hashmap_get_node:205: TRY: 15
DEBUG: src/lcthw/hashmap.c:Hashmap_get_node:205: TRY: 16
DEBUG: src/lcthw/hashmap.c:Hashmap_get_node:205: TRY: 17
DEBUG: src/lcthw/hashmap.c:Hashmap_get_node:205: TRY: 18
DEBUG: src/lcthw/hashmap.c:Hashmap_get_node:205: TRY: 19
DEBUG: src/lcthw/hashmap.c:Hashmap_get_node:205: TRY: 20
DEBUG: src/lcthw/hashmap.c:Hashmap_get_node:205: TRY: 21
DEBUG: src/lcthw/hashmap.c:Hashmap_get_node:205: TRY: 22
DEBUG: src/lcthw/hashmap.c:Hashmap_get_node:205: TRY: 23
DEBUG: src/lcthw/hashmap.c:Hashmap_get_node:205: TRY: 24
DEBUG: src/lcthw/hashmap.c:Hashmap_get_node:205: TRY: 25
DEBUG: src/lcthw/hashmap.c:Hashmap_get_node:205: TRY: 26
DEBUG: src/lcthw/hashmap.c:Hashmap_get_node:205: TRY: 27
DEBUG: src/lcthw/hashmap.c:Hashmap_get_node:205: TRY: 28
DEBUG: src/lcthw/hashmap.c:Hashmap_get_node:205: TRY: 29
DEBUG: src/lcthw/hashmap.c:Hashmap_get_node:205: TRY: 30
DEBUG: src/lcthw/hashmap.c:Hashmap_get_node:205: TRY: 31
DEBUG: src/lcthw/hashmap.c:Hashmap_get_node:205: TRY: 32
DEBUG: src/lcthw/hashmap.c:Hashmap_get_node:205: TRY: 33
DEBUG: src/lcthw/hashmap.c:Hashmap_get_node:205: TRY: 34
DEBUG: src/lcthw/hashmap.c:Hashmap_get_node:205: TRY: 35
DEBUG: src/lcthw/hashmap.c:Hashmap_get_node:205: TRY: 36
DEBUG: src/lcthw/hashmap.c:Hashmap_get_node:205: TRY: 37
DEBUG: src/lcthw/hashmap.c:Hashmap_get_node:205: TRY: 38
DEBUG: src/lcthw/hashmap.c:Hashmap_get_node:205: TRY: 39
DEBUG: src/lcthw/hashmap.c:Hashmap_get_node:205: TRY: 40
DEBUG: src/lcthw/hashmap.c:Hashmap_get_node:205: TRY: 41
DEBUG: src/lcthw/hashmap.c:Hashmap_get_node:205: TRY: 42
DEBUG: src/lcthw/hashmap.c:Hashmap_get_node:205: TRY: 43
DEBUG: src/lcthw/hashmap.c:Hashmap_get_node:205: TRY: 44
DEBUG: src/lcthw/hashmap.c:Hashmap_get_node:205: TRY: 45
DEBUG: src/lcthw/hashmap.c:Hashmap_get_node:205: TRY: 46
DEBUG: src/lcthw/hashmap.c:Hashmap_get_node:205: TRY: 47
DEBUG: src/lcthw/hashmap.c:Hashmap_get_node:205: TRY: 48
DEBUG: src/lcthw/hashmap.c:Hashmap_get_node:205: TRY: 49
DEBUG: src/lcthw/hashmap.c:Hashmap_get_node:205: TRY: 50
DEBUG: src/lcthw/hashmap.c:Hashmap_get_node:205: TRY: 51
DEBUG: src/lcthw/hashmap.c:Hashmap_get_node:205: TRY: 52
DEBUG: src/lcthw/hashmap.c:Hashmap_get_node:205: TRY: 53
DEBUG: src/lcthw/hashmap.c:Hashmap_get_node:205: TRY: 54
DEBUG: src/lcthw/hashmap.c:Hashmap_get_node:205: TRY: 55
DEBUG: src/lcthw/hashmap.c:Hashmap_get_node:205: TRY: 56
DEBUG: src/lcthw/hashmap.c:Hashmap_get_node:205: TRY: 57
DEBUG: src/lcthw/hashmap.c:Hashmap_get_node:205: TRY: 58
DEBUG: src/lcthw/hashmap.c:Hashmap_get_node:205: TRY: 59
DEBUG: src/lcthw/hashmap.c:Hashmap_get_node:205: TRY: 60
DEBUG: src/lcthw/hashmap.c:Hashmap_get_node:205: TRY: 61
DEBUG: src/lcthw/hashmap.c:Hashmap_get_node:205: TRY: 62
DEBUG: src/lcthw/hashmap.c:Hashmap_get_node:205: TRY: 63
DEBUG: src/lcthw/hashmap.c:Hashmap_get_node:205: TRY: 64
DEBUG: src/lcthw/hashmap.c:Hashmap_get_node:205: TRY: 65
DEBUG: src/lcthw/hashmap.c:Hashmap_get_node:205: TRY: 66
DEBUG: src/lcthw/hashmap.c:Hashmap_get_node:205: TRY: 67
DEBUG: src/lcthw/hashmap.c:Hashmap_get_node:205: TRY: 68
DEBUG: src/lcthw/hashmap.c:Hashmap_get_node:205: TRY: 69
DEBUG: src/lcthw/hashmap.c:Hashmap_get_node:205: TRY: 0
DEBUG: src/lcthw/hashmap.c:Hashmap_get_node:205: TRY: 1
DEBUG: src/lcthw/hashmap.c:Hashmap_get_node:205: TRY: 2
DEBUG: src/lcthw/hashmap.c:Hashmap_get_node:205: TRY: 3
DEBUG: src/lcthw/hashmap.c:Hashmap_get_node:205: TRY: 4
DEBUG: src/lcthw/hashmap.c:Hashmap_get_node:205: TRY: 5
DEBUG: src/lcthw/hashmap.c:Hashmap_get_node:205: TRY: 6
DEBUG: src/lcthw/hashmap.c:Hashmap_get_node:205: TRY: 7
DEBUG: src/lcthw/hashmap.c:Hashmap_get_node:205: TRY: 8
DEBUG: src/lcthw/hashmap.c:Hashmap_get_node:205: TRY: 9
DEBUG: src/lcthw/hashmap.c:Hashmap_get_node:205: TRY: 10
DEBUG: src/lcthw/hashmap.c:Hashmap_get_node:205: TRY: 11
DEBUG: src/lcthw/hashmap.c:Hashmap_get_node:205: TRY: 12
DEBUG: src/lcthw/hashmap.c:Hashmap_get_node:205: TRY: 13
DEBUG: src/lcthw/hashmap.c:Hashmap_get_node:205: TRY: 14
DEBUG: src/lcthw/hashmap.c:Hashmap_get_node:205: TRY: 15
DEBUG: src/lcthw/hashmap.c:Hashmap_get_node:205: TRY: 16
DEBUG: src/lcthw/hashmap.c:Hashmap_get_node:205: TRY: 17
DEBUG: src/lcthw/hashmap.c:Hashmap_get_node:205: TRY: 18
DEBUG: src/lcthw/hashmap.c:Hashmap_get_node:205: TRY: 19
DEBUG: src/lcthw/hashmap.c:Hashmap_get_node:205: TRY: 20
DEBUG: src/lcthw/hashmap.c:Hashmap_get_node:205: TRY: 21
DEBUG: src/lcthw/hashmap.c:Hashmap_get_node:205: TRY: 22
DEBUG: src/lcthw/hashmap.c:Hashmap_get_node:205: TRY: 23
DEBUG: src/lcthw/hashmap.c:Hashmap_get_node:205: TRY: 24
DEBUG: src/lcthw/hashmap.c:Hashmap_get_node:205: TRY: 25
DEBUG: src/lcthw/hashmap.c:Hashmap_get_node:205: TRY: 26
DEBUG: src/lcthw/hashmap.c:Hashmap_get_node:205: TRY: 27
DEBUG: src/lcthw/hashmap.c:Hashmap_get_node:205: TRY: 28
DEBUG: src/lcthw/hashmap.c:Hashmap_get_node:205: TRY: 29
DEBUG: src/lcthw/hashmap.c:Hashmap_get_node:205: TRY: 30
DEBUG: src/lcthw/hashmap.c:Hashmap_get_node:205: TRY: 31
DEBUG: src/lcthw/hashmap.c:Hashmap_get_node:205: TRY: 32
DEBUG: src/lcthw/hashmap.c:Hashmap_get_node:205: TRY: 33
DEBUG: src/lcthw/hashmap.c:Hashmap_get_node:205: TRY: 0
DEBUG: src/lcthw/hashmap.c:Hashmap_get_node:205: TRY: 1
DEBUG: src/lcthw/hashmap.c:Hashmap_get_node:205: TRY: 2
DEBUG: src/lcthw/hashmap.c:Hashmap_get_node:205: TRY: 3
DEBUG: src/lcthw/hashmap.c:Hashmap_get_node:205: TRY: 4
DEBUG: src/lcthw/hashmap.c:Hashmap_get_node:205: TRY: 5
DEBUG: src/lcthw/hashmap.c:Hashmap_get_node:205: TRY: 6
DEBUG: src/lcthw/hashmap.c:Hashmap_get_node:205: TRY: 7
DEBUG: src/lcthw/hashmap.c:Hashmap_get_node:205: TRY: 8
DEBUG: src/lcthw/hashmap.c:Hashmap_get_node:205: TRY: 9
DEBUG: src/lcthw/hashmap.c:Hashmap_get_node:205: TRY: 10
DEBUG: src/lcthw/hashmap.c:Hashmap_get_node:205: TRY: 11
DEBUG: src/lcthw/hashmap.c:Hashmap_get_node:205: TRY: 12
DEBUG: src/lcthw/hashmap.c:Hashmap_get_node:205: TRY: 13
DEBUG: src/lcthw/hashmap.c:Hashmap_get_node:205: TRY: 14
DEBUG: src/lcthw/hashmap.c:Hashmap_get_node:205: TRY: 15
DEBUG: src/lcthw/hashmap.c:Hashmap_get_node:205: TRY: 16
DEBUG: src/lcthw/hashmap.c:Hashmap_get_node:205: TRY: 17
DEBUG: src/lcthw/hashmap.c:Hashmap_get_node:205: TRY: 18
DEBUG: src/lcthw/hashmap.c:Hashmap_get_node:205: TRY: 19
DEBUG: src/lcthw/hashmap.c:Hashmap_get_node:205: TRY: 20
DEBUG: src/lcthw/hashmap.c:Hashmap_get_node:205: TRY: 21
DEBUG: src/lcthw/hashmap.c:Hashmap_get_node:205: TRY: 22
DEBUG: src/lcthw/hashmap.c:Hashmap_get_node:205: TRY: 23
DEBUG: src/lcthw/hashmap.c:Hashmap_get_node:205: TRY: 24
DEBUG: src/lcthw/hashmap.c:Hashmap_get_node:205: TRY: 25
DEBUG: src/lcthw/hashmap.c:Hashmap_get_node:205: TRY: 26
DEBUG: src/lcthw/hashmap.c:Hashmap_get_node:205: TRY: 27
DEBUG: src/lcthw/hashmap.c:Hashmap_get_node:205: TRY: 28
DEBUG: src/lcthw/hashmap.c:Hashmap_get_node:205: TRY: 29
DEBUG: src/lcthw/hashmap.c:Hashmap_get_node:205: TRY: 30
DEBUG: src/lcthw/hashmap.c:Hashmap_get_node:205: TRY: 31
DEBUG: src/lcthw/hashmap.c:Hashmap_get_node:205: TRY: 32
DEBUG: src/lcthw/hashmap.c:Hashmap_get_node:205: TRY: 33
DEBUG: src/lcthw/hashmap.c:Hashmap_get_node:205: TRY: 34
DEBUG: src/lcthw/hashmap.c:Hashmap_get_node:205: TRY: 0
DEBUG: src/lcthw/hashmap.c:Hashmap_get_node:205: TRY: 1
DEBUG: src/lcthw/hashmap.c:Hashmap_get_node:205: TRY: 2
DEBUG: src/lcthw/hashmap.c:Hashmap_get_node:205: TRY: 3
DEBUG: src/lcthw/hashmap.c:Hashmap_get_node:205: TRY: 4
DEBUG: src/lcthw/hashmap.c:Hashmap_get_node:205: TRY: 5
DEBUG: src/lcthw/hashmap.c:Hashmap_get_node:205: TRY: 6
DEBUG: src/lcthw/hashmap.c:Hashmap_get_node:205: TRY: 7
DEBUG: src/lcthw/hashmap.c:Hashmap_get_node:205: TRY: 8
DEBUG: src/lcthw/hashmap.c:Hashmap_get_node:205: TRY: 9
DEBUG: src/lcthw/hashmap.c:Hashmap_get_node:205: TRY: 10
DEBUG: src/lcthw/hashmap.c:Hashmap_get_node:205: TRY: 11
DEBUG: src/lcthw/hashmap.c:Hashmap_get_node:205: TRY: 12
DEBUG: src/lcthw/hashmap.c:Hashmap_get_node:205: TRY: 13
DEBUG: src/lcthw/hashmap.c:Hashmap_get_node:205: TRY: 14
DEBUG: src/lcthw/hashmap.c:Hashmap_get_node:205: TRY: 15
DEBUG: src/lcthw/hashmap.c:Hashmap_get_node:205: TRY: 16
DEBUG: src/lcthw/hashmap.c:Hashmap_get_node:205: TRY: 17
DEBUG: src/lcthw/hashmap.c:Hashmap_get_node:205: TRY: 18
DEBUG: src/lcthw/hashmap.c:Hashmap_get_node:205: TRY: 19
DEBUG: src/lcthw/hashmap.c:Hashmap_get_node:205: TRY: 20
DEBUG: src/lcthw/hashmap.c:Hashmap_get_node:205: TRY: 21
DEBUG: src/lcthw/hashmap.c:Hashmap_get_node:205: TRY: 22
DEBUG: src/lcthw/hashmap.c:Hashmap_get_node:205: TRY: 23
DEBUG: src/lcthw/hashmap.c:Hashmap_get_node:205: TRY: 24
DEBUG: src/lcthw/hashmap.c:Hashmap_get_node:205: TRY: 25
DEBUG: src/lcthw/hashmap.c:Hashmap_get_node:205: TRY: 26
DEBUG: src/lcthw/hashmap.c:Hashmap_get_node:205: TRY: 27
DEBUG: src/lcthw/hashmap.c:Hashmap_get_node:205: TRY: 28
DEBUG: src/lcthw/hashmap.c:Hashmap_get_node:205: TRY: 29
DEBUG: src/lcthw/hashmap.c:Hashmap_get_node:205: TRY: 30
DEBUG: src/lcthw/hashmap.c:Hashmap_get_node:205: TRY: 31
DEBUG: src/lcthw/hashmap.c:Hashmap_get_node:205: TRY: 32
DEBUG: src/lcthw/hashmap.c:Hashmap_get_node:205: TRY: 33
DEBUG: src/lcthw/hashmap.c:Hashmap_get_node:205: TRY: 34
DEBUG: src/lcthw/hashmap.c:Hashmap_get_node:205: TRY: 35
DEBUG: src/lcthw/hashmap.c:Hashmap_get_node:205: TRY: 36
DEBUG: src/lcthw/hashmap.c:Hashmap_get_node:205: TRY: 37
DEBUG: src/lcthw/hashmap.c:Hashmap_get_node:205: TRY: 38
DEBUG: src/lcthw/hashmap.c:Hashmap_get_node:205: TRY: 39
DEBUG: src/lcthw/hashmap.c:Hashmap_get_node:205: TRY: 40
DEBUG: src/lcthw/hashmap.c:Hashmap_get_node:205: TRY: 41
DEBUG: src/lcthw/hashmap.c:Hashmap_get_node:205: TRY: 42
DEBUG: src/lcthw/hashmap.c:Hashmap_get_node:205: TRY: 43
DEBUG: src/lcthw/hashmap.c:Hashmap_get_node:205: TRY: 44
DEBUG: src/lcthw/hashmap.c:Hashmap_get_node:205: TRY: 45
DEBUG: src/lcthw/hashmap.c:Hashmap_get_node:205: TRY: 46
DEBUG: src/lcthw/hashmap.c:Hashmap_get_node:205: TRY: 47
DEBUG: src/lcthw/hashmap.c:Hashmap_get_node:205: TRY: 48
DEBUG: src/lcthw/hashmap.c:Hashmap_get_node:205: TRY: 0
DEBUG: src/lcthw/hashmap.c:Hashmap_get_node:205: TRY: 1
DEBUG: src/lcthw/hashmap.c:Hashmap_get_node:205: TRY: 2
DEBUG: src/lcthw/hashmap.c:Hashmap_get_node:205: TRY: 3
DEBUG: src/lcthw/hashmap.c:Hashmap_get_node:205: TRY: 4
DEBUG: src/lcthw/hashmap.c:Hashmap_get_node:205: TRY: 5
DEBUG: src/lcthw/hashmap.c:Hashmap_get_node:205: TRY: 6
DEBUG: src/lcthw/hashmap.c:Hashmap_get_node:205: TRY: 7
DEBUG: src/lcthw/hashmap.c:Hashmap_get_node:205: TRY: 8
DEBUG: src/lcthw/hashmap.c:Hashmap_get_node:205: TRY: 9
DEBUG: src/lcthw/hashmap.c:Hashmap_get_node:205: TRY: 10
DEBUG: src/lcthw/hashmap.c:Hashmap_get_node:205: TRY: 11
DEBUG: src/lcthw/hashmap.c:Hashmap_get_node:205: TRY: 12
DEBUG: src/lcthw/hashmap.c:Hashmap_get_node:205: TRY: 13
DEBUG: src/lcthw/hashmap.c:Hashmap_get_node:205: TRY: 14
DEBUG: src/lcthw/hashmap.c:Hashmap_get_node:205: TRY: 15
DEBUG: src/lcthw/hashmap.c:Hashmap_get_node:205: TRY: 16
DEBUG: src/lcthw/hashmap.c:Hashmap_get_node:205: TRY: 17
DEBUG: src/lcthw/hashmap.c:Hashmap_get_node:205: TRY: 18
DEBUG: src/lcthw/hashmap.c:Hashmap_get_node:205: TRY: 19
DEBUG: src/lcthw/hashmap.c:Hashmap_get_node:205: TRY: 20
DEBUG: src/lcthw/hashmap.c:Hashmap_get_node:205: TRY: 21
DEBUG: src/lcthw/hashmap.c:Hashmap_get_node:205: TRY: 22
DEBUG: src/lcthw/hashmap.c:Hashmap_get_node:205: TRY: 23
DEBUG: src/lcthw/hashmap.c:Hashmap_get_node:205: TRY: 24
DEBUG: src/lcthw/hashmap.c:Hashmap_get_node:205: TRY: 25
DEBUG: src/lcthw/hashmap.c:Hashmap_get_node:205: TRY: 26
DEBUG: src/lcthw/hashmap.c:Hashmap_get_node:205: TRY: 27
DEBUG: src/lcthw/hashmap.c:Hashmap_get_node:205: TRY: 28
DEBUG: src/lcthw/hashmap.c:Hashmap_get_node:205: TRY: 29
DEBUG: src/lcthw/hashmap.c:Hashmap_get_node:205: TRY: 30
DEBUG: src/lcthw/hashmap.c:Hashmap_get_node:205: TRY: 31
DEBUG: src/lcthw/hashmap.c:Hashmap_get_node:205: TRY: 32
DEBUG: src/lcthw/hashmap.c:Hashmap_get_node:205: TRY: 33
DEBUG: src/lcthw/hashmap.c:Hashmap_get_node:205: TRY: 34
DEBUG: src/lcthw/hashmap.c:Hashmap_get_node:205: TRY: 35
DEBUG: src/lcthw/hashmap.c:Hashmap_get_node:205: TRY: 36
DEBUG: src/lcthw/hashmap.c:Hashmap_get_node:205: TRY: 37
DEBUG: src/lcthw/hashmap.c:Hashmap_get_node:205: TRY: 38
DEBUG: src/lcthw/hashmap.c:Hashmap_get_node:205: TRY: 39
DEBUG: src/lcthw/hashmap.c:Hashmap_get_node:205: TRY: 40
DEBUG: src/lcthw/hashmap.c:Hashmap_get_node:205: TRY: 41
DEBUG: src/lcthw/hashmap.c:Hashmap_get_node:205: TRY: 42
DEBUG: src/lcthw/hashmap.c:Hashmap_get_node:205: TRY: 43
DEBUG: src/lcthw/hashmap.c:Hashmap_get_node:205: TRY: 44
DEBUG: src/lcthw/hashmap.c:Hashmap_get_node:205: TRY: 45
DEBUG: src/lcthw/hashmap.c:Hashmap_get_node:205: TRY: 46
DEBUG: src/lcthw/hashmap.c:Hashmap_get_node:205: TRY: 47
DEBUG: src/lcthw/hashmap.c:Hashmap_get_node:205: TRY: 0
DEBUG: src/lcthw/hashmap.c:Hashmap_get_node:205: TRY: 1
DEBUG: src/lcthw/hashmap.c:Hashmap_get_node:205: TRY: 2
DEBUG: src/lcthw/hashmap.c:Hashmap_get_node:205: TRY: 3
DEBUG: src/lcthw/hashmap.c:Hashmap_get_node:205: TRY: 4
DEBUG: src/lcthw/hashmap.c:Hashmap_get_node:205: TRY: 5
DEBUG: src/lcthw/hashmap.c:Hashmap_get_node:205: TRY: 6
DEBUG: src/lcthw/hashmap.c:Hashmap_get_node:205: TRY: 7
DEBUG: src/lcthw/hashmap.c:Hashmap_get_node:205: TRY: 8
DEBUG: src/lcthw/hashmap.c:Hashmap_get_node:205: TRY: 9
DEBUG: src/lcthw/hashmap.c:Hashmap_get_node:205: TRY: 10
DEBUG: src/lcthw/hashmap.c:Hashmap_get_node:205: TRY: 11
DEBUG: src/lcthw/hashmap.c:Hashmap_get_node:205: TRY: 12
DEBUG: src/lcthw/hashmap.c:Hashmap_get_node:205: TRY: 13
DEBUG: src/lcthw/hashmap.c:Hashmap_get_node:205: TRY: 14
DEBUG: src/lcthw/hashmap.c:Hashmap_get_node:205: TRY: 15
DEBUG: src/lcthw/hashmap.c:Hashmap_get_node:205: TRY: 16
DEBUG: src/lcthw/hashmap.c:Hashmap_get_node:205: TRY: 17
DEBUG: src/lcthw/hashmap.c:Hashmap_get_node:205: TRY: 18
DEBUG: src/lcthw/hashmap.c:Hashmap_get_node:205: TRY: 19
DEBUG: src/lcthw/hashmap.c:Hashmap_get_node:205: TRY: 20
DEBUG: src/lcthw/hashmap.c:Hashmap_get_node:205: TRY: 21
DEBUG: src/lcthw/hashmap.c:Hashmap_get_node:205: TRY: 22
DEBUG: src/lcthw/hashmap.c:Hashmap_get_node:205: TRY: 23
DEBUG: src/lcthw/hashmap.c:Hashmap_get_node:205: TRY: 24
DEBUG: src/lcthw/hashmap.c:Hashmap_get_node:205: TRY: 25
DEBUG: src/lcthw/hashmap.c:Hashmap_get_node:205: TRY: 26
DEBUG: src/lcthw/hashmap.c:Hashmap_get_node:205: TRY: 27
DEBUG: src/lcthw/hashmap.c:Hashmap_get_node:205: TRY: 28
DEBUG: src/lcthw/hashmap.c:Hashmap_get_node:205: TRY: 29
DEBUG: src/lcthw/hashmap.c:Hashmap_get_node:205: TRY: 30
DEBUG: src/lcthw/hashmap.c:Hashmap_get_node:205: TRY: 31
DEBUG: src/lcthw/hashmap.c:Hashmap_get_node:205: TRY: 32
DEBUG: src/lcthw/hashmap.c:Hashmap_get_node:205: TRY: 33
DEBUG: src/lcthw/hashmap.c:Hashmap_get_node:205: TRY: 34
DEBUG: src/lcthw/hashmap.c:Hashmap_get_node:205: TRY: 35
DEBUG: src/lcthw/hashmap.c:Hashmap_get_node:205: TRY: 36
DEBUG: src/lcthw/hashmap.c:Hashmap_get_node:205: TRY: 37
DEBUG: src/lcthw/hashmap.c:Hashmap_get_node:205: TRY: 38
DEBUG: src/lcthw/hashmap.c:Hashmap_get_node:205: TRY: 39
DEBUG: src/lcthw/hashmap.c:Hashmap_get_node:205: TRY: 40
DEBUG: src/lcthw/hashmap.c:Hashmap_get_node:205: TRY: 41
DEBUG: src/lcthw/hashmap.c:Hashmap_get_node:205: TRY: 42
DEBUG: src/lcthw/hashmap.c:Hashmap_get_node:205: TRY: 43
DEBUG: src/lcthw/hashmap.c:Hashmap_get_node:205: TRY: 44
DEBUG: src/lcthw/hashmap.c:Hashmap_get_node:205: TRY: 45
DEBUG: src/lcthw/hashmap.c:Hashmap_get_node:205: TRY: 46
DEBUG: src/lcthw/hashmap.c:Hashmap_get_node:205: TRY: 47
DEBUG: src/lcthw/hashmap.c:Hashmap_get_node:205: TRY: 48
DEBUG: src/lcthw/hashmap.c:Hashmap_get_node:205: TRY: 49
DEBUG: src/lcthw/hashmap.c:Hashmap_get_node:205: TRY: 0
DEBUG: src/lcthw/hashmap.c:Hashmap_get_node:205: TRY: 1
DEBUG: src/lcthw/hashmap.c:Hashmap_get_node:205: TRY: 2
DEBUG: src/lcthw/hashmap.c:Hashmap_get_node:205: TRY: 3
DEBUG: src/lcthw/hashmap.c:Hashmap_get_node:205: TRY: 4
DEBUG: src/lcthw/hashmap.c:Hashmap_get_node:205: TRY: 5
DEBUG: src/lcthw/hashmap.c:Hashmap_get_node:205: TRY: 6
DEBUG: src/lcthw/hashmap.c:Hashmap_get_node:205: TRY: 7
DEBUG: src/lcthw/hashmap.c:Hashmap_get_node:205: TRY: 8
DEBUG: src/lcthw/hashmap.c:Hashmap_get_node:205: TRY: 9
DEBUG: src/lcthw/hashmap.c:Hashmap_get_node:205: TRY: 10
DEBUG: src/lcthw/hashmap.c:Hashmap_get_node:205: TRY: 11
DEBUG: src/lcthw/hashmap.c:Hashmap_get_node:205: TRY: 12
DEBUG: src/lcthw/hashmap.c:Hashmap_get_node:205: TRY: 13
DEBUG: src/lcthw/hashmap.c:Hashmap_get_node:205: TRY: 14
DEBUG: src/lcthw/hashmap.c:Hashmap_get_node:205: TRY: 15
DEBUG: src/lcthw/hashmap.c:Hashmap_get_node:205: TRY: 16
DEBUG: src/lcthw/hashmap.c:Hashmap_get_node:205: TRY: 17
DEBUG: src/lcthw/hashmap.c:Hashmap_get_node:205: TRY: 18
DEBUG: src/lcthw/hashmap.c:Hashmap_get_node:205: TRY: 19
DEBUG: src/lcthw/hashmap.c:Hashmap_get_node:205: TRY: 20
DEBUG: src/lcthw/hashmap.c:Hashmap_get_node:205: TRY: 21
DEBUG: src/lcthw/hashmap.c:Hashmap_get_node:205: TRY: 22
DEBUG: src/lcthw/hashmap.c:Hashmap_get_node:205: TRY: 23
DEBUG: src/lcthw/hashmap.c:Hashmap_get_node:205: TRY: 24
DEBUG: src/lcthw/hashmap.c:Hashmap_get_node:205: TRY: 25
DEBUG: src/lcthw/hashmap.c:Hashmap_get_node:205: TRY: 26
DEBUG: src/lcthw/hashmap.c:Hashmap_get_node:205: TRY: 27
DEBUG: src/lcthw/hashmap.c:Hashmap_get_node:205: TRY: 28
DEBUG: src/lcthw/hashmap.c:Hashmap_get_node:205: TRY: 29
DEBUG: src/lcthw/hashmap.c:Hashmap_get_node:205: TRY: 30
DEBUG: src/lcthw/hashmap.c:Hashmap_get_node:205: TRY: 31
DEBUG: src/lcthw/hashmap.c:Hashmap_get_node:205: TRY: 32
DEBUG: src/lcthw/hashmap.c:Hashmap_get_node:205: TRY: 33
DEBUG: src/lcthw/hashmap.c:Hashmap_get_node:205: TRY: 34
DEBUG: src/lcthw/hashmap.c:Hashmap_get_node:205: TRY: 35
DEBUG: src/lcthw/hashmap.c:Hashmap_get_node:205: TRY: 36
DEBUG: src/lcthw/hashmap.c:Hashmap_get_node:205: TRY: 37
DEBUG: src/lcthw/hashmap.c:Hashmap_get_node:205: TRY: 38
DEBUG: src/lcthw/hashmap.c:Hashmap_get_node:205: TRY: 39
DEBUG: src/lcthw/hashmap.c:Hashmap_get_node:205: TRY: 40
DEBUG: src/lcthw/hashmap.c:Hashmap_get_node:205: TRY: 0
DEBUG: src/lcthw/hashmap.c:Hashmap_get_node:205: TRY: 1
DEBUG: src/lcthw/hashmap.c:Hashmap_get_node:205: TRY: 2
DEBUG: src/lcthw/hashmap.c:Hashmap_get_node:205: TRY: 3
DEBUG: src/lcthw/hashmap.c:Hashmap_get_node:205: TRY: 4
DEBUG: src/lcthw/hashmap.c:Hashmap_get_node:205: TRY: 5
DEBUG: src/lcthw/hashmap.c:Hashmap_get_node:205: TRY: 6
DEBUG: src/lcthw/hashmap.c:Hashmap_get_node:205: TRY: 7
DEBUG: src/lcthw/hashmap.c:Hashmap_get_node:205: TRY: 8
DEBUG: src/lcthw/hashmap.c:Hashmap_get_node:205: TRY: 9
DEBUG: src/lcthw/hashmap.c:Hashmap_get_node:205: TRY: 10
DEBUG: src/lcthw/hashmap.c:Hashmap_get_node:205: TRY: 11
DEBUG: src/lcthw/hashmap.c:Hashmap_get_node:205: TRY: 12
DEBUG: src/lcthw/hashmap.c:Hashmap_get_node:205: TRY: 13
DEBUG: src/lcthw/hashmap.c:Hashmap_get_node:205: TRY: 14
DEBUG: src/lcthw/hashmap.c:Hashmap_get_node:205: TRY: 15
DEBUG: src/lcthw/hashmap.c:Hashmap_get_node:205: TRY: 16
DEBUG: src/lcthw/hashmap.c:Hashmap_get_node:205: TRY: 17
DEBUG: src/lcthw/hashmap.c:Hashmap_get_node:205: TRY: 18
DEBUG: src/lcthw/hashmap.c:Hashmap_get_node:205: TRY: 19
DEBUG: src/lcthw/hashmap.c:Hashmap_get_node:205: TRY: 20
DEBUG: src/lcthw/hashmap.c:Hashmap_get_node:205: TRY: 21
DEBUG: src/lcthw/hashmap.c:Hashmap_get_node:205: TRY: 22
DEBUG: src/lcthw/hashmap.c:Hashmap_get_node:205: TRY: 23
DEBUG: src/lcthw/hashmap.c:Hashmap_get_node:205: TRY: 24
DEBUG: src/lcthw/hashmap.c:Hashmap_get_node:205: TRY: 25
DEBUG: src/lcthw/hashmap.c:Hashmap_get_node:205: TRY: 26
DEBUG: src/lcthw/hashmap.c:Hashmap_get_node:205: TRY: 27
DEBUG: src/lcthw/hashmap.c:Hashmap_get_node:205: TRY: 28
DEBUG: src/lcthw/hashmap.c:Hashmap_get_node:205: TRY: 29
DEBUG: src/lcthw/hashmap.c:Hashmap_get_node:205: TRY: 30
DEBUG: src/lcthw/hashmap.c:Hashmap_get_node:205: TRY: 31
DEBUG: src/lcthw/hashmap.c:Hashmap_get_node:205: TRY: 32
DEBUG: src/lcthw/hashmap.c:Hashmap_get_node:205: TRY: 33
DEBUG: src/lcthw/hashmap.c:Hashmap_get_node:205: TRY: 34
DEBUG: src/lcthw/hashmap.c:Hashmap_get_node:205: TRY: 35
DEBUG: src/lcthw/hashmap.c:Hashmap_get_node:205: TRY: 36
DEBUG: src/lcthw/hashmap.c:Hashmap_get_node:205: TRY: 37
DEBUG: src/lcthw/hashmap.c:Hashmap_get_node:205: TRY: 38
DEBUG: src/lcthw/hashmap.c:Hashmap_get_node:205: TRY: 39
DEBUG: src/lcthw/hashmap.c:Hashmap_get_node:205: TRY: 40
DEBUG: src/lcthw/hashmap.c:Hashmap_get_node:205: TRY: 41
DEBUG: src/lcthw/hashmap.c:Hashmap_get_node:205: TRY: 42
DEBUG: src/lcthw/hashmap.c:Hashmap_get_node:205: TRY: 43
DEBUG: src/lcthw/hashmap.c:Hashmap_get_node:205: TRY: 44
DEBUG: src/lcthw/hashmap.c:Hashmap_get_node:205: TRY: 45
DEBUG: src/lcthw/hashmap.c:Hashmap_get_node:205: TRY: 46
DEBUG: src/lcthw/hashmap.c:Hashmap_get_node:205: TRY: 47
DEBUG: src/lcthw/hashmap.c:Hashmap_get_node:205: TRY: 48
DEBUG: src/lcthw/hashmap.c:Hashmap_get_node:205: TRY: 0
DEBUG: src/lcthw/hashmap.c:Hashmap_get_node:205: TRY: 1
DEBUG: src/lcthw/hashmap.c:Hashmap_get_node:205: TRY: 2
DEBUG: src/lcthw/hashmap.c:Hashmap_get_node:205: TRY: 3
DEBUG: src/lcthw/hashmap.c:Hashmap_get_node:205: TRY: 4
DEBUG: src/lcthw/hashmap.c:Hashmap_get_node:205: TRY: 5
DEBUG: src/lcthw/hashmap.c:Hashmap_get_node:205: TRY: 6
DEBUG: src/lcthw/hashmap.c:Hashmap_get_node:205: TRY: 7
DEBUG: src/lcthw/hashmap.c:Hashmap_get_node:205: TRY: 8
DEBUG: src/lcthw/hashmap.c:Hashmap_get_node:205: TRY: 9
DEBUG: src/lcthw/hashmap.c:Hashmap_get_node:205: TRY: 10
DEBUG: src/lcthw/hashmap.c:Hashmap_get_node:205: TRY: 11
DEBUG: src/lcthw/hashmap.c:Hashmap_get_node:205: TRY: 12
DEBUG: src/lcthw/hashmap.c:Hashmap_get_node:205: TRY: 13
DEBUG: src/lcthw/hashmap.c:Hashmap_get_node:205: TRY: 14
DEBUG: src/lcthw/hashmap.c:Hashmap_get_node:205: TRY: 15
DEBUG: src/lcthw/hashmap.c:Hashmap_get_node:205: TRY: 16
DEBUG: src/lcthw/hashmap.c:Hashmap_get_node:205: TRY: 17
DEBUG: src/lcthw/hashmap.c:Hashmap_get_node:205: TRY: 18
DEBUG: src/lcthw/hashmap.c:Hashmap_get_node:205: TRY: 19
DEBUG: src/lcthw/hashmap.c:Hashmap_get_node:205: TRY: 20
DEBUG: src/lcthw/hashmap.c:Hashmap_get_node:205: TRY: 21
DEBUG: src/lcthw/hashmap.c:Hashmap_get_node:205: TRY: 22
DEBUG: src/lcthw/hashmap.c:Hashmap_get_node:205: TRY: 23
DEBUG: src/lcthw/hashmap.c:Hashmap_get_node:205: TRY: 24
DEBUG: src/lcthw/hashmap.c:Hashmap_get_node:205: TRY: 25
DEBUG: src/lcthw/hashmap.c:Hashmap_get_node:205: TRY: 26
DEBUG: src/lcthw/hashmap.c:Hashmap_get_node:205: TRY: 27
DEBUG: src/lcthw/hashmap.c:Hashmap_get_node:205: TRY: 28
DEBUG: src/lcthw/hashmap.c:Hashmap_get_node:205: TRY: 29
DEBUG: src/lcthw/hashmap.c:Hashmap_get_node:205: TRY: 30
DEBUG: src/lcthw/hashmap.c:Hashmap_get_node:205: TRY: 31
DEBUG: src/lcthw/hashmap.c:Hashmap_get_node:205: TRY: 32
DEBUG: src/lcthw/hashmap.c:Hashmap_get_node:205: TRY: 33
DEBUG: src/lcthw/hashmap.c:Hashmap_get_node:205: TRY: 34
DEBUG: src/lcthw/hashmap.c:Hashmap_get_node:205: TRY: 35
DEBUG: src/lcthw/hashmap.c:Hashmap_get_node:205: TRY: 36
DEBUG: src/lcthw/hashmap.c:Hashmap_get_node:205: TRY: 37
DEBUG: src/lcthw/hashmap.c:Hashmap_get_node:205: TRY: 38
DEBUG: src/lcthw/hashmap.c:Hashmap_get_node:205: TRY: 39
DEBUG: src/lcthw/hashmap.c:Hashmap_get_node:205: TRY: 40
DEBUG: src/lcthw/hashmap.c:Hashmap_get_node:205: TRY: 41
DEBUG: src/lcthw/hashmap.c:Hashmap_get_node:205: TRY: 42
DEBUG: src/lcthw/hashmap.c:Hashmap_get_node:205: TRY: 43
DEBUG: src/lcthw/hashmap.c:Hashmap_get_node:205: TRY: 44
DEBUG: src/lcthw/hashmap.c:Hashmap_get_node:205: TRY: 45
DEBUG: src/lcthw/hashmap.c:Hashmap_get_node:205: TRY: 46
DEBUG: src/lcthw/hashmap.c:Hashmap_get_node:205: TRY: 47
DEBUG: src/lcthw/hashmap.c:Hashmap_get_node:205: TRY: 48
DEBUG: src/lcthw/hashmap.c:Hashmap_get_node:205: TRY: 49
DEBUG: src/lcthw/hashmap.c:Hashmap_get_node:205: TRY: 50
DEBUG: src/lcthw/hashmap.c:Hashmap_get_node:205: TRY: 0
DEBUG: src/lcthw/hashmap.c:Hashmap_get_node:205: TRY: 1
DEBUG: src/lcthw/hashmap.c:Hashmap_get_node:205: TRY: 2
DEBUG: src/lcthw/hashmap.c:Hashmap_get_node:205: TRY: 3
DEBUG: src/lcthw/hashmap.c:Hashmap_get_node:205: TRY: 4
DEBUG: src/lcthw/hashmap.c:Hashmap_get_node:205: TRY: 5
DEBUG: src/lcthw/hashmap.c:Hashmap_get_node:205: TRY: 6
DEBUG: src/lcthw/hashmap.c:Hashmap_get_node:205: TRY: 7
DEBUG: src/lcthw/hashmap.c:Hashmap_get_node:205: TRY: 8
DEBUG: src/lcthw/hashmap.c:Hashmap_get_node:205: TRY: 9
DEBUG: src/lcthw/hashmap.c:Hashmap_get_node:205: TRY: 10
DEBUG: src/lcthw/hashmap.c:Hashmap_get_node:205: TRY: 11
DEBUG: src/lcthw/hashmap.c:Hashmap_get_node:205: TRY: 12
DEBUG: src/lcthw/hashmap.c:Hashmap_get_node:205: TRY: 13
DEBUG: src/lcthw/hashmap.c:Hashmap_get_node:205: TRY: 14
DEBUG: src/lcthw/hashmap.c:Hashmap_get_node:205: TRY: 15
DEBUG: src/lcthw/hashmap.c:Hashmap_get_node:205: TRY: 16
DEBUG: src/lcthw/hashmap.c:Hashmap_get_node:205: TRY: 17
DEBUG: src/lcthw/hashmap.c:Hashmap_get_node:205: TRY: 18
DEBUG: src/lcthw/hashmap.c:Hashmap_get_node:205: TRY: 19
DEBUG: src/lcthw/hashmap.c:Hashmap_get_node:205: TRY: 20
DEBUG: src/lcthw/hashmap.c:Hashmap_get_node:205: TRY: 21
DEBUG: src/lcthw/hashmap.c:Hashmap_get_node:205: TRY: 22
DEBUG: src/lcthw/hashmap.c:Hashmap_get_node:205: TRY: 23
DEBUG: src/lcthw/hashmap.c:Hashmap_get_node:205: TRY: 24
DEBUG: src/lcthw/hashmap.c:Hashmap_get_node:205: TRY: 25
DEBUG: src/lcthw/hashmap.c:Hashmap_get_node:205: TRY: 26
DEBUG: src/lcthw/hashmap.c:Hashmap_get_node:205: TRY: 27
DEBUG: src/lcthw/hashmap.c:Hashmap_get_node:205: TRY: 28
DEBUG: src/lcthw/hashmap.c:Hashmap_get_node:205: TRY: 29
DEBUG: src/lcthw/hashmap.c:Hashmap_get_node:205: TRY: 30
DEBUG: src/lcthw/hashmap.c:Hashmap_get_node:205: TRY: 31
DEBUG: src/lcthw/hashmap.c:Hashmap_get_node:205: TRY: 32
DEBUG: src/lcthw/hashmap.c:Hashmap_get_node:205: TRY: 33
DEBUG: src/lcthw/hashmap.c:Hashmap_get_node:205: TRY: 34
DEBUG: src/lcthw/hashmap.c:Hashmap_get_node:205: TRY: 35
DEBUG: src/lcthw/hashmap.c:Hashmap_get_node:205: TRY: 36
DEBUG: src/lcthw/hashmap.c:Hashmap_get_node:205: TRY: 37
DEBUG: src/lcthw/hashmap.c:Hashmap_get_node:205: TRY: 38
DEBUG: src/lcthw/hashmap.c:Hashmap_get_node:205: TRY: 39
DEBUG: src/lcthw/hashmap.c:Hashmap_get_node:205: TRY: 40
DEBUG: src/lcthw/hashmap.c:Hashmap_get_node:205: TRY: 41
DEBUG: src/lcthw/hashmap.c:Hashmap_get_node:205: TRY: 42
DEBUG: src/lcthw/hashmap.c:Hashmap_get_node:205: TRY: 43
DEBUG: src/lcthw/hashmap.c:Hashmap_get_node:205: TRY: 44
DEBUG: src/lcthw/hashmap.c:Hashmap_get_node:205: TRY: 0
DEBUG: src/lcthw/hashmap.c:Hashmap_get_node:205: TRY: 1
DEBUG: src/lcthw/hashmap.c:Hashmap_get_node:205: TRY: 2
DEBUG: src/lcthw/hashmap.c:Hashmap_get_node:205: TRY: 3
DEBUG: src/lcthw/hashmap.c:Hashmap_get_node:205: TRY: 4
DEBUG: src/lcthw/hashmap.c:Hashmap_get_node:205: TRY: 5
DEBUG: src/lcthw/hashmap.c:Hashmap_get_node:205: TRY: 6
DEBUG: src/lcthw/hashmap.c:Hashmap_get_node:205: TRY: 7
DEBUG: src/lcthw/hashmap.c:Hashmap_get_node:205: TRY: 8
DEBUG: src/lcthw/hashmap.c:Hashmap_get_node:205: TRY: 9
DEBUG: src/lcthw/hashmap.c:Hashmap_get_node:205: TRY: 10
DEBUG: src/lcthw/hashmap.c:Hashmap_get_node:205: TRY: 11
DEBUG: src/lcthw/hashmap.c:Hashmap_get_node:205: TRY: 12
DEBUG: src/lcthw/hashmap.c:Hashmap_get_node:205: TRY: 13
DEBUG: src/lcthw/hashmap.c:Hashmap_get_node:205: TRY: 14
DEBUG: src/lcthw/hashmap.c:Hashmap_get_node:205: TRY: 15
DEBUG: src/lcthw/hashmap.c:Hashmap_get_node:205: TRY: 16
DEBUG: src/lcthw/hashmap.c:Hashmap_get_node:205: TRY: 17
DEBUG: src/lcthw/hashmap.c:Hashmap_get_node:205: TRY: 18
DEBUG: src/lcthw/hashmap.c:Hashmap_get_node:205: TRY: 19
DEBUG: src/lcthw/hashmap.c:Hashmap_get_node:205: TRY: 20
DEBUG: src/lcthw/hashmap.c:Hashmap_get_node:205: TRY: 21
DEBUG: src/lcthw/hashmap.c:Hashmap_get_node:205: TRY: 22
DEBUG: src/lcthw/hashmap.c:Hashmap_get_node:205: TRY: 23
DEBUG: src/lcthw/hashmap.c:Hashmap_get_node:205: TRY: 24
DEBUG: src/lcthw/hashmap.c:Hashmap_get_node:205: TRY: 25
DEBUG: src/lcthw/hashmap.c:Hashmap_get_node:205: TRY: 26
DEBUG: src/lcthw/hashmap.c:Hashmap_get_node:205: TRY: 27
DEBUG: src/lcthw/hashmap.c:Hashmap_get_node:205: TRY: 28
DEBUG: src/lcthw/hashmap.c:Hashmap_get_node:205: TRY: 29
DEBUG: src/lcthw/hashmap.c:Hashmap_get_node:205: TRY: 30
DEBUG: src/lcthw/hashmap.c:Hashmap_get_node:205: TRY: 31
DEBUG: src/lcthw/hashmap.c:Hashmap_get_node:205: TRY: 32
DEBUG: src/lcthw/hashmap.c:Hashmap_get_node:205: TRY: 33
DEBUG: src/lcthw/hashmap.c:Hashmap_get_node:205: TRY: 34
DEBUG: src/lcthw/hashmap.c:Hashmap_get_node:205: TRY: 35
DEBUG: src/lcthw/hashmap.c:Hashmap_get_node:205: TRY: 36
DEBUG: src/lcthw/hashmap.c:Hashmap_get_node:205: TRY: 37
DEBUG: src/lcthw/hashmap.c:Hashmap_get_node:205: TRY: 38
DEBUG: src/lcthw/hashmap.c:Hashmap_get_node:205: TRY: 39
DEBUG: src/lcthw/hashmap.c:Hashmap_get_node:205: TRY: 40
DEBUG: src/lcthw/hashmap.c:Hashmap_get_node:205: TRY: 41
DEBUG: src/lcthw/hashmap.c:Hashmap_get_node:205: TRY: 42
DEBUG: src/lcthw/hashmap.c:Hashmap_get_node:205: TRY: 43
DEBUG: src/lcthw/hashmap.c:Hashmap_get_node:205: TRY: 44
DEBUG: src/lcthw/hashmap.c:Hashmap_get_node:205: TRY: 45
DEBUG: src/lcthw/hashmap.c:Hashmap_get_node:205: TRY: 46
DEBUG: src/lcthw/hashmap.c:Hashmap_get_node:205: TRY: 47
DEBUG: src/lcthw/hashmap.c:Hashmap_get_node:205: TRY: 48
DEBUG: src/lcthw/hashmap.c:Hashmap_get_node:205: TRY: 49
DEBUG: src/lcthw/hashmap.c:Hashmap_get_node:205: TRY: 50
DEBUG: src/lcthw/hashmap.c:Hashmap_get_node:205: TRY: 51
DEBUG: src/lcthw/hashmap.c:Hashmap_get_node:205: TRY: 0
DEBUG: src/lcthw/hashmap.c:Hashmap_get_node:205: TRY: 1
DEBUG: src/lcthw/hashmap.c:Hashmap_get_node:205: TRY: 2
DEBUG: src/lcthw/hashmap.c:Hashmap_get_node:205: TRY: 3
DEBUG: src/lcthw/hashmap.c:Hashmap_get_node:205: TRY: 4
DEBUG: src/lcthw/hashmap.c:Hashmap_get_node:205: TRY: 5
DEBUG: src/lcthw/hashmap.c:Hashmap_get_node:205: TRY: 6
DEBUG: src/lcthw/hashmap.c:Hashmap_get_node:205: TRY: 7
DEBUG: src/lcthw/hashmap.c:Hashmap_get_node:205: TRY: 8
DEBUG: src/lcthw/hashmap.c:Hashmap_get_node:205: TRY: 9
DEBUG: src/lcthw/hashmap.c:Hashmap_get_node:205: TRY: 10
DEBUG: src/lcthw/hashmap.c:Hashmap_get_node:205: TRY: 11
DEBUG: src/lcthw/hashmap.c:Hashmap_get_node:205: TRY: 12
DEBUG: src/lcthw/hashmap.c:Hashmap_get_node:205: TRY: 13
DEBUG: src/lcthw/hashmap.c:Hashmap_get_node:205: TRY: 14
DEBUG: src/lcthw/hashmap.c:Hashmap_get_node:205: TRY: 15
DEBUG: src/lcthw/hashmap.c:Hashmap_get_node:205: TRY: 16
DEBUG: src/lcthw/hashmap.c:Hashmap_get_node:205: TRY: 17
DEBUG: src/lcthw/hashmap.c:Hashmap_get_node:205: TRY: 18
DEBUG: src/lcthw/hashmap.c:Hashmap_get_node:205: TRY: 19
DEBUG: src/lcthw/hashmap.c:Hashmap_get_node:205: TRY: 20
DEBUG: src/lcthw/hashmap.c:Hashmap_get_node:205: TRY: 21
DEBUG: src/lcthw/hashmap.c:Hashmap_get_node:205: TRY: 22
DEBUG: src/lcthw/hashmap.c:Hashmap_get_node:205: TRY: 23
DEBUG: src/lcthw/hashmap.c:Hashmap_get_node:205: TRY: 24
DEBUG: src/lcthw/hashmap.c:Hashmap_get_node:205: TRY: 25
DEBUG: src/lcthw/hashmap.c:Hashmap_get_node:205: TRY: 26
DEBUG: src/lcthw/hashmap.c:Hashmap_get_node:205: TRY: 27
DEBUG: src/lcthw/hashmap.c:Hashmap_get_node:205: TRY: 28
DEBUG: src/lcthw/hashmap.c:Hashmap_get_node:205: TRY: 29
DEBUG: src/lcthw/hashmap.c:Hashmap_get_node:205: TRY: 30
DEBUG: src/lcthw/hashmap.c:Hashmap_get_node:205: TRY: 31
DEBUG: src/lcthw/hashmap.c:Hashmap_get_node:205: TRY: 32
DEBUG: src/lcthw/hashmap.c:Hashmap_get_node:205: TRY: 33
DEBUG: src/lcthw/hashmap.c:Hashmap_get_node:205: TRY: 34
DEBUG: src/lcthw/hashmap.c:Hashmap_get_node:205: TRY: 35
DEBUG: src/lcthw/hashmap.c:Hashmap_get_node:205: TRY: 36
DEBUG: src/lcthw/hashmap.c:Hashmap_get_node:205: TRY: 37
DEBUG: src/lcthw/hashmap.c:Hashmap_get_node:205: TRY: 38
DEBUG: src/lcthw/hashmap.c:Hashmap_get_node:205: TRY: 0
DEBUG: src/lcthw/hashmap.c:Hashmap_get_node:205: TRY: 1
DEBUG: src/lcthw/hashmap.c:Hashmap_get_node:205: TRY: 2
DEBUG: src/lcthw/hashmap.c:Hashmap_get_node:205: TRY: 3
DEBUG: src/lcthw/hashmap.c:Hashmap_get_node:205: TRY: 4
DEBUG: src/lcthw/hashmap.c:Hashmap_get_node:205: TRY: 5
DEBUG: src/lcthw/hashmap.c:Hashmap_get_node:205: TRY: 6
DEBUG: src/lcthw/hashmap.c:Hashmap_get_node:205: TRY: 7
DEBUG: src/lcthw/hashmap.c:Hashmap_get_node:205: TRY: 8
DEBUG: src/lcthw/hashmap.c:Hashmap_get_node:205: TRY: 9
DEBUG: src/lcthw/hashmap.c:Hashmap_get_node:205: TRY: 10
DEBUG: src/lcthw/hashmap.c:Hashmap_get_node:205: TRY: 11
DEBUG: src/lcthw/hashmap.c:Hashmap_get_node:205: TRY: 12
DEBUG: src/lcthw/hashmap.c:Hashmap_get_node:205: TRY: 13
DEBUG: src/lcthw/hashmap.c:Hashmap_get_node:205: TRY: 14
DEBUG: src/lcthw/hashmap.c:Hashmap_get_node:205: TRY: 15
DEBUG: src/lcthw/hashmap.c:Hashmap_get_node:205: TRY: 16
DEBUG: src/lcthw/hashmap.c:Hashmap_get_node:205: TRY: 17
DEBUG: src/lcthw/hashmap.c:Hashmap_get_node:205: TRY: 18
DEBUG: src/lcthw/hashmap.c:Hashmap_get_node:205: TRY: 19
DEBUG: src/lcthw/hashmap.c:Hashmap_get_node:205: TRY: 20
DEBUG: src/lcthw/hashmap.c:Hashmap_get_node:205: TRY: 21
DEBUG: src/lcthw/hashmap.c:Hashmap_get_node:205: TRY: 22
DEBUG: src/lcthw/hashmap.c:Hashmap_get_node:205: TRY: 23
DEBUG: src/lcthw/hashmap.c:Hashmap_get_node:205: TRY: 24
DEBUG: src/lcthw/hashmap.c:Hashmap_get_node:205: TRY: 25
DEBUG: src/lcthw/hashmap.c:Hashmap_get_node:205: TRY: 26
DEBUG: src/lcthw/hashmap.c:Hashmap_get_node:205: TRY: 27
DEBUG: src/lcthw/hashmap.c:Hashmap_get_node:205: TRY: 28
DEBUG: src/lcthw/hashmap.c:Hashmap_get_node:205: TRY: 29
DEBUG: src/lcthw/hashmap.c:Hashmap_get_node:205: TRY: 30
DEBUG: src/lcthw/hashmap.c:Hashmap_get_node:205: TRY: 31
DEBUG: src/lcthw/hashmap.c:Hashmap_get_node:205: TRY: 32
DEBUG: src/lcthw/hashmap.c:Hashmap_get_node:205: TRY: 33
DEBUG: src/lcthw/hashmap.c:Hashmap_get_node:205: TRY: 34
DEBUG: src/lcthw/hashmap.c:Hashmap_get_node:205: TRY: 35
DEBUG: src/lcthw/hashmap.c:Hashmap_get_node:205: TRY: 36
DEBUG: src/lcthw/hashmap.c:Hashmap_get_node:205: TRY: 37
DEBUG: src/lcthw/hashmap.c:Hashmap_get_node:205: TRY: 38
DEBUG: src/lcthw/hashmap.c:Hashmap_get_node:205: TRY: 39
DEBUG: src/lcthw/hashmap.c:Hashmap_get_node:205: TRY: 40
DEBUG: src/lcthw/hashmap.c:Hashmap_get_node:205: TRY: 41
DEBUG: src/lcthw/hashmap.c:Hashmap_get_node:205: TRY: 42
DEBUG: src/lcthw/hashmap.c:Hashmap_get_node:205: TRY: 43
DEBUG: src/lcthw/hashmap.c:Hashmap_get_node:205: TRY: 44
DEBUG: src/lcthw/hashmap.c:Hashmap_get_node:205: TRY: 45
DEBUG: src/lcthw/hashmap.c:Hashmap_get_node:205: TRY: 46
DEBUG: src/lcthw/hashmap.c:Hashmap_get_node:205: TRY: 47
DEBUG: src/lcthw/hashmap.c:Hashmap_get_node:205: TRY: 48
DEBUG: src/lcthw/hashmap.c:Hashmap_get_node:205: TRY: 49
DEBUG: src/lcthw/hashmap.c:Hashmap_get_node:205: TRY: 50
DEBUG: src/lcthw/hashmap.c:Hashmap_get_node:205: TRY: 51
DEBUG: src/lcthw/hashmap.c:Hashmap_get_node:205: TRY: 52
DEBUG: src/lcthw/hashmap.c:Hashmap_get_node:205: TRY: 0
DEBUG: src/lcthw/hashmap.c:Hashmap_get_node:205: TRY: 1
DEBUG: src/lcthw/hashmap.c:Hashmap_get_node:205: TRY: 2
DEBUG: src/lcthw/hashmap.c:Hashmap_get_node:205: TRY: 3
DEBUG: src/lcthw/hashmap.c:Hashmap_get_node:205: TRY: 4
DEBUG: src/lcthw/hashmap.c:Hashmap_get_node:205: TRY: 5
DEBUG: src/lcthw/hashmap.c:Hashmap_get_node:205: TRY: 6
DEBUG: src/lcthw/hashmap.c:Hashmap_get_node:205: TRY: 7
DEBUG: src/lcthw/hashmap.c:Hashmap_get_node:205: TRY: 8
DEBUG: src/lcthw/hashmap.c:Hashmap_get_node:205: TRY: 9
DEBUG: src/lcthw/hashmap.c:Hashmap_get_node:205: TRY: 10
DEBUG: src/lcthw/hashmap.c:Hashmap_get_node:205: TRY: 11
DEBUG: src/lcthw/hashmap.c:Hashmap_get_node:205: TRY: 12
DEBUG: src/lcthw/hashmap.c:Hashmap_get_node:205: TRY: 13
DEBUG: src/lcthw/hashmap.c:Hashmap_get_node:205: TRY: 14
DEBUG: src/lcthw/hashmap.c:Hashmap_get_node:205: TRY: 15
DEBUG: src/lcthw/hashmap.c:Hashmap_get_node:205: TRY: 16
DEBUG: src/lcthw/hashmap.c:Hashmap_get_node:205: TRY: 17
DEBUG: src/lcthw/hashmap.c:Hashmap_get_node:205: TRY: 18
DEBUG: src/lcthw/hashmap.c:Hashmap_get_node:205: TRY: 19
DEBUG: src/lcthw/hashmap.c:Hashmap_get_node:205: TRY: 20
DEBUG: src/lcthw/hashmap.c:Hashmap_get_node:205: TRY: 21
DEBUG: src/lcthw/hashmap.c:Hashmap_get_node:205: TRY: 22
DEBUG: src/lcthw/hashmap.c:Hashmap_get_node:205: TRY: 23
DEBUG: src/lcthw/hashmap.c:Hashmap_get_node:205: TRY: 24
DEBUG: src/lcthw/hashmap.c:Hashmap_get_node:205: TRY: 25
DEBUG: src/lcthw/hashmap.c:Hashmap_get_node:205: TRY: 26
DEBUG: src/lcthw/hashmap.c:Hashmap_get_node:205: TRY: 27
DEBUG: src/lcthw/hashmap.c:Hashmap_get_node:205: TRY: 28
DEBUG: src/lcthw/hashmap.c:Hashmap_get_node:205: TRY: 29
DEBUG: src/lcthw/hashmap.c:Hashmap_get_node:205: TRY: 30
DEBUG: src/lcthw/hashmap.c:Hashmap_get_node:205: TRY: 31
DEBUG: src/lcthw/hashmap.c:Hashmap_get_node:205: TRY: 32
DEBUG: src/lcthw/hashmap.c:Hashmap_get_node:205: TRY: 33
DEBUG: src/lcthw/hashmap.c:Hashmap_get_node:205: TRY: 34
DEBUG: src/lcthw/hashmap.c:Hashmap_get_node:205: TRY: 35
DEBUG: src/lcthw/hashmap.c:Hashmap_get_node:205: TRY: 36
DEBUG: src/lcthw/hashmap.c:Hashmap_get_node:205: TRY: 37
DEBUG: src/lcthw/hashmap.c:Hashmap_get_node:205: TRY: 38
DEBUG: src/lcthw/hashmap.c:Hashmap_get_node:205: TRY: 39
DEBUG: src/lcthw/hashmap.c:Hashmap_get_node:205: TRY: 40
DEBUG: src/lcthw/hashmap.c:Hashmap_get_node:205: TRY: 41
DEBUG: src/lcthw/hashmap.c:Hashmap_get_node:205: TRY: 42
DEBUG: src/lcthw/hashmap.c:Hashmap_get_node:205: TRY: 43
DEBUG: src/lcthw/hashmap.c:Hashmap_get_node:205: TRY: 44
DEBUG: src/lcthw/hashmap.c:Hashmap_get_node:205: TRY: 45
DEBUG: src/lcthw/hashmap.c:Hashmap_get_node:205: TRY: 46
DEBUG: src/lcthw/hashmap.c:Hashmap_get_node:205: TRY: 47
DEBUG: src/lcthw/hashmap.c:Hashmap_get_node:205: TRY: 48
DEBUG: src/lcthw/hashmap.c:Hashmap_get_node:205: TRY: 49
DEBUG: src/lcthw/hashmap.c:Hashmap_get_node:205: TRY: 50
DEBUG: src/lcthw/hashmap.c:Hashmap_get_node:205: TRY: 51
DEBUG: src/lcthw/hashmap.c:Hashmap_get_node:205: TRY: 52
DEBUG: src/lcthw/hashmap.c:Hashmap_get_node:205: TRY: 53
DEBUG: src/lcthw/hashmap.c:Hashmap_get_node:205: TRY: 54
DEBUG: src/lcthw/hashmap.c:Hashmap_get_node:205: TRY: 55
DEBUG: src/lcthw/hashmap.c:Hashmap_get_node:205: TRY: 56
DEBUG: src/lcthw/hashmap.c:Hashmap_get_node:205: TRY: 57
DEBUG: src/lcthw/hashmap.c:Hashmap_get_node:205: TRY: 58
DEBUG: src/lcthw/hashmap.c:Hashmap_get_node:205: TRY: 59
DEBUG: src/lcthw/hashmap.c:Hashmap_get_node:205: TRY: 60
DEBUG: src/lcthw/hashmap.c:Hashmap_get_node:205: TRY: 61
DEBUG: src/lcthw/hashmap.c:Hashmap_get_node:205: TRY: 62
DEBUG: src/lcthw/hashmap.c:Hashmap_get_node:205: TRY: 63
DEBUG: src/lcthw/hashmap.c:Hashmap_get_node:205: TRY: 64
DEBUG: src/lcthw/hashmap.c:Hashmap_get_node:205: TRY: 65
DEBUG: src/lcthw/hashmap.c:Hashmap_get_node:205: TRY: 66
DEBUG: src/lcthw/hashmap.c:Hashmap_get_node:205: TRY: 67
DEBUG: src/lcthw/hashmap.c:Hashmap_get_node:205: TRY: 68
DEBUG: src/lcthw/hashmap.c:Hashmap_get_node:205: TRY: 69
DEBUG: src/lcthw/hashmap.c:Hashmap_get_node:205: TRY: 70
DEBUG: src/lcthw/hashmap.c:Hashmap_get_node:205: TRY: 0
DEBUG: src/lcthw/hashmap.c:Hashmap_get_node:205: TRY: 1
DEBUG: src/lcthw/hashmap.c:Hashmap_get_node:205: TRY: 2
DEBUG: src/lcthw/hashmap.c:Hashmap_get_node:205: TRY: 3
DEBUG: src/lcthw/hashmap.c:Hashmap_get_node:205: TRY: 4
DEBUG: src/lcthw/hashmap.c:Hashmap_get_node:205: TRY: 5
DEBUG: src/lcthw/hashmap.c:Hashmap_get_node:205: TRY: 6
DEBUG: src/lcthw/hashmap.c:Hashmap_get_node:205: TRY: 7
DEBUG: src/lcthw/hashmap.c:Hashmap_get_node:205: TRY: 8
DEBUG: src/lcthw/hashmap.c:Hashmap_get_node:205: TRY: 9
DEBUG: src/lcthw/hashmap.c:Hashmap_get_node:205: TRY: 10
DEBUG: src/lcthw/hashmap.c:Hashmap_get_node:205: TRY: 11
DEBUG: src/lcthw/hashmap.c:Hashmap_get_node:205: TRY: 12
DEBUG: src/lcthw/hashmap.c:Hashmap_get_node:205: TRY: 13
DEBUG: src/lcthw/hashmap.c:Hashmap_get_node:205: TRY: 14
DEBUG: src/lcthw/hashmap.c:Hashmap_get_node:205: TRY: 15
DEBUG: src/lcthw/hashmap.c:Hashmap_get_node:205: TRY: 16
DEBUG: src/lcthw/hashmap.c:Hashmap_get_node:205: TRY: 17
DEBUG: src/lcthw/hashmap.c:Hashmap_get_node:205: TRY: 18
DEBUG: src/lcthw/hashmap.c:Hashmap_get_node:205: TRY: 19
DEBUG: src/lcthw/hashmap.c:Hashmap_get_node:205: TRY: 20
DEBUG: src/lcthw/hashmap.c:Hashmap_get_node:205: TRY: 21
DEBUG: src/lcthw/hashmap.c:Hashmap_get_node:205: TRY: 22
DEBUG: src/lcthw/hashmap.c:Hashmap_get_node:205: TRY: 23
DEBUG: src/lcthw/hashmap.c:Hashmap_get_node:205: TRY: 24
DEBUG: src/lcthw/hashmap.c:Hashmap_get_node:205: TRY: 25
DEBUG: src/lcthw/hashmap.c:Hashmap_get_node:205: TRY: 26
DEBUG: src/lcthw/hashmap.c:Hashmap_get_node:205: TRY: 27
DEBUG: src/lcthw/hashmap.c:Hashmap_get_node:205: TRY: 28
DEBUG: src/lcthw/hashmap.c:Hashmap_get_node:205: TRY: 29
DEBUG: src/lcthw/hashmap.c:Hashmap_get_node:205: TRY: 30
DEBUG: src/lcthw/hashmap.c:Hashmap_get_node:205: TRY: 31
DEBUG: src/lcthw/hashmap.c:Hashmap_get_node:205: TRY: 32
DEBUG: src/lcthw/hashmap.c:Hashmap_get_node:205: TRY: 33
DEBUG: src/lcthw/hashmap.c:Hashmap_get_node:205: TRY: 34
DEBUG: src/lcthw/hashmap.c:Hashmap_get_node:205: TRY: 35
DEBUG: src/lcthw/hashmap.c:Hashmap_get_node:205: TRY: 36
DEBUG: src/lcthw/hashmap.c:Hashmap_get_node:205: TRY: 37
DEBUG: src/lcthw/hashmap.c:Hashmap_get_node:205: TRY: 38
DEBUG: src/lcthw/hashmap.c:Hashmap_get_node:205: TRY: 39
DEBUG: src/lcthw/hashmap.c:Hashmap_get_node:205: TRY: 40
DEBUG: src/lcthw/hashmap.c:Hashmap_get_node:205: TRY: 41
DEBUG: src/lcthw/hashmap.c:Hashmap_get_node:205: TRY: 42
DEBUG: src/lcthw/hashmap.c:Hashmap_get_node:205: TRY: 43
DEBUG: src/lcthw/hashmap.c:Hashmap_get_node:205: TRY: 44
DEBUG: src/lcthw/hashmap.c:Hashmap_get_node:205: TRY: 45
DEBUG: src/lcthw/hashmap.c:Hashmap_get_node:205: TRY: 46
DEBUG: src/lcthw/hashmap.c:Hashmap_get_node:205: TRY: 47
DEBUG: src/lcthw/hashmap.c:Hashmap_get_node:205: TRY: 48
DEBUG: src/lcthw/hashmap.c:Hashmap_get_node:205: TRY: 49
DEBUG: src/lcthw/hashmap.c:Hashmap_get_node:205: TRY: 50
DEBUG: src/lcthw/hashmap.c:Hashmap_get_node:205: TRY: 51
DEBUG: src/lcthw/hashmap.c:Hashmap_get_node:205: TRY: 52
DEBUG: src/lcthw/hashmap.c:Hashmap_get_node:205: TRY: 53
DEBUG: src/lcthw/hashmap.c:Hashmap_get_node:205: TRY: 54
DEBUG: src/lcthw/hashmap.c:Hashmap_get_node:205: TRY: 55
DEBUG: src/lcthw/hashmap.c:Hashmap_get_node:205: TRY: 56
DEBUG: src/lcthw/hashmap.c:Hashmap_get_node:205: TRY: 57
DEBUG: src/lcthw/hashmap.c:Hashmap_get_node:205: TRY: 58
DEBUG: src/lcthw/hashmap.c:Hashmap_get_node:205: TRY: 59
DEBUG: src/lcthw/hashmap.c:Hashmap_get_node:205: TRY: 60
DEBUG: src/lcthw/hashmap.c:Hashmap_get_node:205: TRY: 61
DEBUG: src/lcthw/hashmap.c:Hashmap_get_node:205: TRY: 62
DEBUG: src/lcthw/hashmap.c:Hashmap_get_node:205: TRY: 63
DEBUG: src/lcthw/hashmap.c:Hashmap_get_node:205: TRY: 64
DEBUG: src/lcthw/hashmap.c:Hashmap_get_node:205: TRY: 65
DEBUG: src/lcthw/hashmap.c:Hashmap_get_node:205: TRY: 66
DEBUG: src/lcthw/hashmap.c:Hashmap_get_node:205: TRY: 67
DEBUG: src/lcthw/hashmap.c:Hashmap_get_node:205: TRY: 68
DEBUG: src/lcthw/hashmap.c:Hashmap_get_node:205: TRY: 69
DEBUG: src/lcthw/hashmap.c:Hashmap_get_node:205: TRY: 70
DEBUG: src/lcthw/hashmap.c:Hashmap_get_node:205: TRY: 71
DEBUG: src/lcthw/hashmap.c:Hashmap_get_node:205: TRY: 0
DEBUG: src/lcthw/hashmap.c:Hashmap_get_node:205: TRY: 1
DEBUG: src/lcthw/hashmap.c:Hashmap_get_node:205: TRY: 2
DEBUG: src/lcthw/hashmap.c:Hashmap_get_node:205: TRY: 3
DEBUG: src/lcthw/hashmap.c:Hashmap_get_node:205: TRY: 4
DEBUG: src/lcthw/hashmap.c:Hashmap_get_node:205: TRY: 5
DEBUG: src/lcthw/hashmap.c:Hashmap_get_node:205: TRY: 6
DEBUG: src/lcthw/hashmap.c:Hashmap_get_node:205: TRY: 7
DEBUG: src/lcthw/hashmap.c:Hashmap_get_node:205: TRY: 8
DEBUG: src/lcthw/hashmap.c:Hashmap_get_node:205: TRY: 9
DEBUG: src/lcthw/hashmap.c:Hashmap_get_node:205: TRY: 10
DEBUG: src/lcthw/hashmap.c:Hashmap_get_node:205: TRY: 11
DEBUG: src/lcthw/hashmap.c:Hashmap_get_node:205: TRY: 12
DEBUG: src/lcthw/hashmap.c:Hashmap_get_node:205: TRY: 13
DEBUG: src/lcthw/hashmap.c:Hashmap_get_node:205: TRY: 14
DEBUG: src/lcthw/hashmap.c:Hashmap_get_node:205: TRY: 15
DEBUG: src/lcthw/hashmap.c:Hashmap_get_node:205: TRY: 16
DEBUG: src/lcthw/hashmap.c:Hashmap_get_node:205: TRY: 17
DEBUG: src/lcthw/hashmap.c:Hashmap_get_node:205: TRY: 18
DEBUG: src/lcthw/hashmap.c:Hashmap_get_node:205: TRY: 19
DEBUG: src/lcthw/hashmap.c:Hashmap_get_node:205: TRY: 20
DEBUG: src/lcthw/hashmap.c:Hashmap_get_node:205: TRY: 21
DEBUG: src/lcthw/hashmap.c:Hashmap_get_node:205: TRY: 22
DEBUG: src/lcthw/hashmap.c:Hashmap_get_node:205: TRY: 23
DEBUG: src/lcthw/hashmap.c:Hashmap_get_node:205: TRY: 24
DEBUG: src/lcthw/hashmap.c:Hashmap_get_node:205: TRY: 25
DEBUG: src/lcthw/hashmap.c:Hashmap_get_node:205: TRY: 26
DEBUG: src/lcthw/hashmap.c:Hashmap_get_node:205: TRY: 27
DEBUG: src/lcthw/hashmap.c:Hashmap_get_node:205: TRY: 28
DEBUG: src/lcthw/hashmap.c:Hashmap_get_node:205: TRY: 29
DEBUG: src/lcthw/hashmap.c:Hashmap_get_node:205: TRY: 30
DEBUG: src/lcthw/hashmap.c:Hashmap_get_node:205: TRY: 31
DEBUG: src/lcthw/hashmap.c:Hashmap_get_node:205: TRY: 32
DEBUG: src/lcthw/hashmap.c:Hashmap_get_node:205: TRY: 33
DEBUG: src/lcthw/hashmap.c:Hashmap_get_node:205: TRY: 34
DEBUG: src/lcthw/hashmap.c:Hashmap_get_node:205: TRY: 35
DEBUG: src/lcthw/hashmap.c:Hashmap_get_node:205: TRY: 36
DEBUG: src/lcthw/hashmap.c:Hashmap_get_node:205: TRY: 37
DEBUG: src/lcthw/hashmap.c:Hashmap_get_node:205: TRY: 38
DEBUG: src/lcthw/hashmap.c:Hashmap_get_node:205: TRY: 39
DEBUG: src/lcthw/hashmap.c:Hashmap_get_node:205: TRY: 40
DEBUG: src/lcthw/hashmap.c:Hashmap_get_node:205: TRY: 41
DEBUG: src/lcthw/hashmap.c:Hashmap_get_node:205: TRY: 0
DEBUG: src/lcthw/hashmap.c:Hashmap_get_node:205: TRY: 1
DEBUG: src/lcthw/hashmap.c:Hashmap_get_node:205: TRY: 2
DEBUG: src/lcthw/hashmap.c:Hashmap_get_node:205: TRY: 3
DEBUG: src/lcthw/hashmap.c:Hashmap_get_node:205: TRY: 4
DEBUG: src/lcthw/hashmap.c:Hashmap_get_node:205: TRY: 5
DEBUG: src/lcthw/hashmap.c:Hashmap_get_node:205: TRY: 6
DEBUG: src/lcthw/hashmap.c:Hashmap_get_node:205: TRY: 7
DEBUG: src/lcthw/hashmap.c:Hashmap_get_node:205: TRY: 8
DEBUG: src/lcthw/hashmap.c:Hashmap_get_node:205: TRY: 9
DEBUG: src/lcthw/hashmap.c:Hashmap_get_node:205: TRY: 10
DEBUG: src/lcthw/hashmap.c:Hashmap_get_node:205: TRY: 11
DEBUG: src/lcthw/hashmap.c:Hashmap_get_node:205: TRY: 12
DEBUG: src/lcthw/hashmap.c:Hashmap_get_node:205: TRY: 13
DEBUG: src/lcthw/hashmap.c:Hashmap_get_node:205: TRY: 14
DEBUG: src/lcthw/hashmap.c:Hashmap_get_node:205: TRY: 15
DEBUG: src/lcthw/hashmap.c:Hashmap_get_node:205: TRY: 16
DEBUG: src/lcthw/hashmap.c:Hashmap_get_node:205: TRY: 17
DEBUG: src/lcthw/hashmap.c:Hashmap_get_node:205: TRY: 18
DEBUG: src/lcthw/hashmap.c:Hashmap_get_node:205: TRY: 19
DEBUG: src/lcthw/hashmap.c:Hashmap_get_node:205: TRY: 20
DEBUG: src/lcthw/hashmap.c:Hashmap_get_node:205: TRY: 21
DEBUG: src/lcthw/hashmap.c:Hashmap_get_node:205: TRY: 22
DEBUG: src/lcthw/hashmap.c:Hashmap_get_node:205: TRY: 23
DEBUG: src/lcthw/hashmap.c:Hashmap_get_node:205: TRY: 24
DEBUG: src/lcthw/hashmap.c:Hashmap_get_node:205: TRY: 25
DEBUG: src/lcthw/hashmap.c:Hashmap_get_node:205: TRY: 26
DEBUG: src/lcthw/hashmap.c:Hashmap_get_node:205: TRY: 27
DEBUG: src/lcthw/hashmap.c:Hashmap_get_node:205: TRY: 28
DEBUG: src/lcthw/hashmap.c:Hashmap_get_node:205: TRY: 29
DEBUG: src/lcthw/hashmap.c:Hashmap_get_node:205: TRY: 30
DEBUG: src/lcthw/hashmap.c:Hashmap_get_node:205: TRY: 31
DEBUG: src/lcthw/hashmap.c:Hashmap_get_node:205: TRY: 32
DEBUG: src/lcthw/hashmap.c:Hashmap_get_node:205: TRY: 33
DEBUG: src/lcthw/hashmap.c:Hashmap_get_node:205: TRY: 34
DEBUG: src/lcthw/hashmap.c:Hashmap_get_node:205: TRY: 35
DEBUG: src/lcthw/hashmap.c:Hashmap_get_node:205: TRY: 36
DEBUG: src/lcthw/hashmap.c:Hashmap_get_node:205: TRY: 37
DEBUG: src/lcthw/hashmap.c:Hashmap_get_node:205: TRY: 38
DEBUG: src/lcthw/hashmap.c:Hashmap_get_node:205: TRY: 39
DEBUG: src/lcthw/hashmap.c:Hashmap_get_node:205: TRY: 40
DEBUG: src/lcthw/hashmap.c:Hashmap_get_node:205: TRY: 41
DEBUG: src/lcthw/hashmap.c:Hashmap_get_node:205: TRY: 42
DEBUG: src/lcthw/hashmap.c:Hashmap_get_node:205: TRY: 43
DEBUG: src/lcthw/hashmap.c:Hashmap_get_node:205: TRY: 44
DEBUG: src/lcthw/hashmap.c:Hashmap_get_node:205: TRY: 45
DEBUG: src/lcthw/hashmap.c:Hashmap_get_node:205: TRY: 46
DEBUG: src/lcthw/hashmap.c:Hashmap_get_node:205: TRY: 47
DEBUG: src/lcthw/hashmap.c:Hashmap_get_node:205: TRY: 48
DEBUG: src/lcthw/hashmap.c:Hashmap_get_node:205: TRY: 0
DEBUG: src/lcthw/hashmap.c:Hashmap_get_node:205: TRY: 1
DEBUG: src/lcthw/hashmap.c:Hashmap_get_node:205: TRY: 2
DEBUG: src/lcthw/hashmap.c:Hashmap_get_node:205: TRY: 3
DEBUG: src/lcthw/hashmap.c:Hashmap_get_node:205: TRY: 4
DEBUG: src/lcthw/hashmap.c:Hashmap_get_node:205: TRY: 5
DEBUG: src/lcthw/hashmap.c:Hashmap_get_node:205: TRY: 6
DEBUG: src/lcthw/hashmap.c:Hashmap_get_node:205: TRY: 7
DEBUG: src/lcthw/hashmap.c:Hashmap_get_node:205: TRY: 8
DEBUG: src/lcthw/hashmap.c:Hashmap_get_node:205: TRY: 9
DEBUG: src/lcthw/hashmap.c:Hashmap_get_node:205: TRY: 10
DEBUG: src/lcthw/hashmap.c:Hashmap_get_node:205: TRY: 11
DEBUG: src/lcthw/hashmap.c:Hashmap_get_node:205: TRY: 12
DEBUG: src/lcthw/hashmap.c:Hashmap_get_node:205: TRY: 13
DEBUG: src/lcthw/hashmap.c:Hashmap_get_node:205: TRY: 14
DEBUG: src/lcthw/hashmap.c:Hashmap_get_node:205: TRY: 15
DEBUG: src/lcthw/hashmap.c:Hashmap_get_node:205: TRY: 16
DEBUG: src/lcthw/hashmap.c:Hashmap_get_node:205: TRY: 17
DEBUG: src/lcthw/hashmap.c:Hashmap_get_node:205: TRY: 18
DEBUG: src/lcthw/hashmap.c:Hashmap_get_node:205: TRY: 19
DEBUG: src/lcthw/hashmap.c:Hashmap_get_node:205: TRY: 20
DEBUG: src/lcthw/hashmap.c:Hashmap_get_node:205: TRY: 21
DEBUG: src/lcthw/hashmap.c:Hashmap_get_node:205: TRY: 22
DEBUG: src/lcthw/hashmap.c:Hashmap_get_node:205: TRY: 23
DEBUG: src/lcthw/hashmap.c:Hashmap_get_node:205: TRY: 24
DEBUG: src/lcthw/hashmap.c:Hashmap_get_node:205: TRY: 25
DEBUG: src/lcthw/hashmap.c:Hashmap_get_node:205: TRY: 26
DEBUG: src/lcthw/hashmap.c:Hashmap_get_node:205: TRY: 27
DEBUG: src/lcthw/hashmap.c:Hashmap_get_node:205: TRY: 28
DEBUG: src/lcthw/hashmap.c:Hashmap_get_node:205: TRY: 29
DEBUG: src/lcthw/hashmap.c:Hashmap_get_node:205: TRY: 30
DEBUG: src/lcthw/hashmap.c:Hashmap_get_node:205: TRY: 31
DEBUG: src/lcthw/hashmap.c:Hashmap_get_node:205: TRY: 32
DEBUG: src/lcthw/hashmap.c:Hashmap_get_node:205: TRY: 33
DEBUG: src/lcthw/hashmap.c:Hashmap_get_node:205: TRY: 34
DEBUG: src/lcthw/hashmap.c:Hashmap_get_node:205: TRY: 35
DEBUG: src/lcthw/hashmap.c:Hashmap_get_node:205: TRY: 36
DEBUG: src/lcthw/hashmap.c:Hashmap_get_node:205: TRY: 37
DEBUG: src/lcthw/hashmap.c:Hashmap_get_node:205: TRY: 38
DEBUG: src/lcthw/hashmap.c:Hashmap_get_node:205: TRY: 0
DEBUG: src/lcthw/hashmap.c:Hashmap_get_node:205: TRY: 1
DEBUG: src/lcthw/hashmap.c:Hashmap_get_node:205: TRY: 2
DEBUG: src/lcthw/hashmap.c:Hashmap_get_node:205: TRY: 3
DEBUG: src/lcthw/hashmap.c:Hashmap_get_node:205: TRY: 4
DEBUG: src/lcthw/hashmap.c:Hashmap_get_node:205: TRY: 5
DEBUG: src/lcthw/hashmap.c:Hashmap_get_node:205: TRY: 6
DEBUG: src/lcthw/hashmap.c:Hashmap_get_node:205: TRY: 7
DEBUG: src/lcthw/hashmap.c:Hashmap_get_node:205: TRY: 8
DEBUG: src/lcthw/hashmap.c:Hashmap_get_node:205: TRY: 9
DEBUG: src/lcthw/hashmap.c:Hashmap_get_node:205: TRY: 10
DEBUG: src/lcthw/hashmap.c:Hashmap_get_node:205: TRY: 11
DEBUG: src/lcthw/hashmap.c:Hashmap_get_node:205: TRY: 12
DEBUG: src/lcthw/hashmap.c:Hashmap_get_node:205: TRY: 13
DEBUG: src/lcthw/hashmap.c:Hashmap_get_node:205: TRY: 14
DEBUG: src/lcthw/hashmap.c:Hashmap_get_node:205: TRY: 15
DEBUG: src/lcthw/hashmap.c:Hashmap_get_node:205: TRY: 16
DEBUG: src/lcthw/hashmap.c:Hashmap_get_node:205: TRY: 17
DEBUG: src/lcthw/hashmap.c:Hashmap_get_node:205: TRY: 18
DEBUG: src/lcthw/hashmap.c:Hashmap_get_node:205: TRY: 19
DEBUG: src/lcthw/hashmap.c:Hashmap_get_node:205: TRY: 20
DEBUG: src/lcthw/hashmap.c:Hashmap_get_node:205: TRY: 21
DEBUG: src/lcthw/hashmap.c:Hashmap_get_node:205: TRY: 22
DEBUG: src/lcthw/hashmap.c:Hashmap_get_node:205: TRY: 23
DEBUG: src/lcthw/hashmap.c:Hashmap_get_node:205: TRY: 24
DEBUG: src/lcthw/hashmap.c:Hashmap_get_node:205: TRY: 25
DEBUG: src/lcthw/hashmap.c:Hashmap_get_node:205: TRY: 26
DEBUG: src/lcthw/hashmap.c:Hashmap_get_node:205: TRY: 27
DEBUG: src/lcthw/hashmap.c:Hashmap_get_node:205: TRY: 28
DEBUG: src/lcthw/hashmap.c:Hashmap_get_node:205: TRY: 29
DEBUG: src/lcthw/hashmap.c:Hashmap_get_node:205: TRY: 30
DEBUG: src/lcthw/hashmap.c:Hashmap_get_node:205: TRY: 31
DEBUG: src/lcthw/hashmap.c:Hashmap_get_node:205: TRY: 32
DEBUG: src/lcthw/hashmap.c:Hashmap_get_node:205: TRY: 33
DEBUG: src/lcthw/hashmap.c:Hashmap_get_node:205: TRY: 34
DEBUG: src/lcthw/hashmap.c:Hashmap_get_node:205: TRY: 35
DEBUG: src/lcthw/hashmap.c:Hashmap_get_node:205: TRY: 36
DEBUG: src/lcthw/hashmap.c:Hashmap_get_node:205: TRY: 37
DEBUG: src/lcthw/hashmap.c:Hashmap_get_node:205: TRY: 38
DEBUG: src/lcthw/hashmap.c:Hashmap_get_node:205: TRY: 39
DEBUG: src/lcthw/hashmap.c:Hashmap_get_node:205: TRY: 40
DEBUG: src/lcthw/hashmap.c:Hashmap_get_node:205: TRY: 41
DEBUG: src/lcthw/hashmap.c:Hashmap_get_node:205: TRY: 42
DEBUG: src/lcthw/hashmap.c:Hashmap_get_node:205: TRY: 43
DEBUG: src/lcthw/hashmap.c:Hashmap_get_node:205: TRY: 44
DEBUG: src/lcthw/hashmap.c:Hashmap_get_node:205: TRY: 45
DEBUG: src/lcthw/hashmap.c:Hashmap_get_node:205: TRY: 46
DEBUG: src/lcthw/hashmap.c:Hashmap_get_node:205: TRY: 47
DEBUG: src/lcthw/hashmap.c:Hashmap_get_node:205: TRY: 48
DEBUG: src/lcthw/hashmap.c:Hashmap_get_node:205: TRY: 49
DEBUG: src/lcthw/hashmap.c:Hashmap_get_node:205: TRY: 0
DEBUG: src/lcthw/hashmap.c:Hashmap_get_node:205: TRY: 1
DEBUG: src/lcthw/hashmap.c:Hashmap_get_node:205: TRY: 2
DEBUG: src/lcthw/hashmap.c:Hashmap_get_node:205: TRY: 3
DEBUG: src/lcthw/hashmap.c:Hashmap_get_node:205: TRY: 4
DEBUG: src/lcthw/hashmap.c:Hashmap_get_node:205: TRY: 5
DEBUG: src/lcthw/hashmap.c:Hashmap_get_node:205: TRY: 6
DEBUG: src/lcthw/hashmap.c:Hashmap_get_node:205: TRY: 7
DEBUG: src/lcthw/hashmap.c:Hashmap_get_node:205: TRY: 8
DEBUG: src/lcthw/hashmap.c:Hashmap_get_node:205: TRY: 9
DEBUG: src/lcthw/hashmap.c:Hashmap_get_node:205: TRY: 10
DEBUG: src/lcthw/hashmap.c:Hashmap_get_node:205: TRY: 11
DEBUG: src/lcthw/hashmap.c:Hashmap_get_node:205: TRY: 12
DEBUG: src/lcthw/hashmap.c:Hashmap_get_node:205: TRY: 13
DEBUG: src/lcthw/hashmap.c:Hashmap_get_node:205: TRY: 14
DEBUG: src/lcthw/hashmap.c:Hashmap_get_node:205: TRY: 15
DEBUG: src/lcthw/hashmap.c:Hashmap_get_node:205: TRY: 16
DEBUG: src/lcthw/hashmap.c:Hashmap_get_node:205: TRY: 17
DEBUG: src/lcthw/hashmap.c:Hashmap_get_node:205: TRY: 18
DEBUG: src/lcthw/hashmap.c:Hashmap_get_node:205: TRY: 19
DEBUG: src/lcthw/hashmap.c:Hashmap_get_node:205: TRY: 20
DEBUG: src/lcthw/hashmap.c:Hashmap_get_node:205: TRY: 21
DEBUG: src/lcthw/hashmap.c:Hashmap_get_node:205: TRY: 22
DEBUG: src/lcthw/hashmap.c:Hashmap_get_node:205: TRY: 23
DEBUG: src/lcthw/hashmap.c:Hashmap_get_node:205: TRY: 24
DEBUG: src/lcthw/hashmap.c:Hashmap_get_node:205: TRY: 25
DEBUG: src/lcthw/hashmap.c:Hashmap_get_node:205: TRY: 26
DEBUG: src/lcthw/hashmap.c:Hashmap_get_node:205: TRY: 27
DEBUG: src/lcthw/hashmap.c:Hashmap_get_node:205: TRY: 28
DEBUG: src/lcthw/hashmap.c:Hashmap_get_node:205: TRY: 29
DEBUG: src/lcthw/hashmap.c:Hashmap_get_node:205: TRY: 30
DEBUG: src/lcthw/hashmap.c:Hashmap_get_node:205: TRY: 31
DEBUG: src/lcthw/hashmap.c:Hashmap_get_node:205: TRY: 32
DEBUG: src/lcthw/hashmap.c:Hashmap_get_node:205: TRY: 33
DEBUG: src/lcthw/hashmap.c:Hashmap_get_node:205: TRY: 34
DEBUG: src/lcthw/hashmap.c:Hashmap_get_node:205: TRY: 35
DEBUG: src/lcthw/hashmap.c:Hashmap_get_node:205: TRY: 36
DEBUG: src/lcthw/hashmap.c:Hashmap_get_node:205: TRY: 37
DEBUG: src/lcthw/hashmap.c:Hashmap_get_node:205: TRY: 38
DEBUG: src/lcthw/hashmap.c:Hashmap_get_node:205: TRY: 39
DEBUG: src/lcthw/hashmap.c:Hashmap_get_node:205: TRY: 0
DEBUG: src/lcthw/hashmap.c:Hashmap_get_node:205: TRY: 1
DEBUG: src/lcthw/hashmap.c:Hashmap_get_node:205: TRY: 2
DEBUG: src/lcthw/hashmap.c:Hashmap_get_node:205: TRY: 3
DEBUG: src/lcthw/hashmap.c:Hashmap_get_node:205: TRY: 4
DEBUG: src/lcthw/hashmap.c:Hashmap_get_node:205: TRY: 5
DEBUG: src/lcthw/hashmap.c:Hashmap_get_node:205: TRY: 6
DEBUG: src/lcthw/hashmap.c:Hashmap_get_node:205: TRY: 7
DEBUG: src/lcthw/hashmap.c:Hashmap_get_node:205: TRY: 8
DEBUG: src/lcthw/hashmap.c:Hashmap_get_node:205: TRY: 9
DEBUG: src/lcthw/hashmap.c:Hashmap_get_node:205: TRY: 10
DEBUG: src/lcthw/hashmap.c:Hashmap_get_node:205: TRY: 11
DEBUG: src/lcthw/hashmap.c:Hashmap_get_node:205: TRY: 12
DEBUG: src/lcthw/hashmap.c:Hashmap_get_node:205: TRY: 13
DEBUG: src/lcthw/hashmap.c:Hashmap_get_node:205: TRY: 14
DEBUG: src/lcthw/hashmap.c:Hashmap_get_node:205: TRY: 15
DEBUG: src/lcthw/hashmap.c:Hashmap_get_node:205: TRY: 16
DEBUG: src/lcthw/hashmap.c:Hashmap_get_node:205: TRY: 17
DEBUG: src/lcthw/hashmap.c:Hashmap_get_node:205: TRY: 18
DEBUG: src/lcthw/hashmap.c:Hashmap_get_node:205: TRY: 19
DEBUG: src/lcthw/hashmap.c:Hashmap_get_node:205: TRY: 20
DEBUG: src/lcthw/hashmap.c:Hashmap_get_node:205: TRY: 21
DEBUG: src/lcthw/hashmap.c:Hashmap_get_node:205: TRY: 22
DEBUG: src/lcthw/hashmap.c:Hashmap_get_node:205: TRY: 23
DEBUG: src/lcthw/hashmap.c:Hashmap_get_node:205: TRY: 24
DEBUG: src/lcthw/hashmap.c:Hashmap_get_node:205: TRY: 25
DEBUG: src/lcthw/hashmap.c:Hashmap_get_node:205: TRY: 26
DEBUG: src/lcthw/hashmap.c:Hashmap_get_node:205: TRY: 27
DEBUG: src/lcthw/hashmap.c:Hashmap_get_node:205: TRY: 28
DEBUG: src/lcthw/hashmap.c:Hashmap_get_node:205: TRY: 29
DEBUG: src/lcthw/hashmap.c:Hashmap_get_node:205: TRY: 30
DEBUG: src/lcthw/hashmap.c:Hashmap_get_node:205: TRY: 31
DEBUG: src/lcthw/hashmap.c:Hashmap_get_node:205: TRY: 32
DEBUG: src/lcthw/hashmap.c:Hashmap_get_node:205: TRY: 33
DEBUG: src/lcthw/hashmap.c:Hashmap_get_node:205: TRY: 34
DEBUG: src/lcthw/hashmap.c:Hashmap_get_node:205: TRY: 35
DEBUG: src/lcthw/hashmap.c:Hashmap_get_node:205: TRY: 36
DEBUG: src/lcthw/hashmap.c:Hashmap_get_node:205: TRY: 37
DEBUG: src/lcthw/hashmap.c:Hashmap_get_node:205: TRY: 38
DEBUG: src/lcthw/hashmap.c:Hashmap_get_node:205: TRY: 39
DEBUG: src/lcthw/hashmap.c:Hashmap_get_node:205: TRY: 40
DEBUG: src/lcthw/hashmap.c:Hashmap_get_node:205: TRY: 0
DEBUG: src/lcthw/hashmap.c:Hashmap_get_node:205: TRY: 1
DEBUG: src/lcthw/hashmap.c:Hashmap_get_node:205: TRY: 2
DEBUG: src/lcthw/hashmap.c:Hashmap_get_node:205: TRY: 3
DEBUG: src/lcthw/hashmap.c:Hashmap_get_node:205: TRY: 4
DEBUG: src/lcthw/hashmap.c:Hashmap_get_node:205: TRY: 5
DEBUG: src/lcthw/hashmap.c:Hashmap_get_node:205: TRY: 6
DEBUG: src/lcthw/hashmap.c:Hashmap_get_node:205: TRY: 7
DEBUG: src/lcthw/hashmap.c:Hashmap_get_node:205: TRY: 8
DEBUG: src/lcthw/hashmap.c:Hashmap_get_node:205: TRY: 9
DEBUG: src/lcthw/hashmap.c:Hashmap_get_node:205: TRY: 10
DEBUG: src/lcthw/hashmap.c:Hashmap_get_node:205: TRY: 11
DEBUG: src/lcthw/hashmap.c:Hashmap_get_node:205: TRY: 12
DEBUG: src/lcthw/hashmap.c:Hashmap_get_node:205: TRY: 13
DEBUG: src/lcthw/hashmap.c:Hashmap_get_node:205: TRY: 14
DEBUG: src/lcthw/hashmap.c:Hashmap_get_node:205: TRY: 15
DEBUG: src/lcthw/hashmap.c:Hashmap_get_node:205: TRY: 16
DEBUG: src/lcthw/hashmap.c:Hashmap_get_node:205: TRY: 17
DEBUG: src/lcthw/hashmap.c:Hashmap_get_node:205: TRY: 18
DEBUG: src/lcthw/hashmap.c:Hashmap_get_node:205: TRY: 19
DEBUG: src/lcthw/hashmap.c:Hashmap_get_node:205: TRY: 20
DEBUG: src/lcthw/hashmap.c:Hashmap_get_node:205: TRY: 21
DEBUG: src/lcthw/hashmap.c:Hashmap_get_node:205: TRY: 22
DEBUG: src/lcthw/hashmap.c:Hashmap_get_node:205: TRY: 23
DEBUG: src/lcthw/hashmap.c:Hashmap_get_node:205: TRY: 24
DEBUG: src/lcthw/hashmap.c:Hashmap_get_node:205: TRY: 25
DEBUG: src/lcthw/hashmap.c:Hashmap_get_node:205: TRY: 26
DEBUG: src/lcthw/hashmap.c:Hashmap_get_node:205: TRY: 27
DEBUG: src/lcthw/hashmap.c:Hashmap_get_node:205: TRY: 28
DEBUG: src/lcthw/hashmap.c:Hashmap_get_node:205: TRY: 29
DEBUG: src/lcthw/hashmap.c:Hashmap_get_node:205: TRY: 30
DEBUG: src/lcthw/hashmap.c:Hashmap_get_node:205: TRY: 31
DEBUG: src/lcthw/hashmap.c:Hashmap_get_node:205: TRY: 32
DEBUG: src/lcthw/hashmap.c:Hashmap_get_node:205: TRY: 33
DEBUG: src/lcthw/hashmap.c:Hashmap_get_node:205: TRY: 34
DEBUG: src/lcthw/hashmap.c:Hashmap_get_node:205: TRY: 35
DEBUG: src/lcthw/hashmap.c:Hashmap_get_node:205: TRY: 36
DEBUG: src/lcthw/hashmap.c:Hashmap_get_node:205: TRY: 37
DEBUG: src/lcthw/hashmap.c:Hashmap_get_node:205: TRY: 38
DEBUG: src/lcthw/hashmap.c:Hashmap_get_node:205: TRY: 39
DEBUG: src/lcthw/hashmap.c:Hashmap_get_node:205: TRY: 40
DEBUG: src/lcthw/hashmap.c:Hashmap_get_node:205: TRY: 41
DEBUG: src/lcthw/hashmap.c:Hashmap_get_node:205: TRY: 42
DEBUG: src/lcthw/hashmap.c:Hashmap_get_node:205: TRY: 0
DEBUG: src/lcthw/hashmap.c:Hashmap_get_node:205: TRY: 1
DEBUG: src/lcthw/hashmap.c:Hashmap_get_node:205: TRY: 2
DEBUG: src/lcthw/hashmap.c:Hashmap_get_node:205: TRY: 3
DEBUG: src/lcthw/hashmap.c:Hashmap_get_node:205: TRY: 4
DEBUG: src/lcthw/hashmap.c:Hashmap_get_node:205: TRY: 5
DEBUG: src/lcthw/hashmap.c:Hashmap_get_node:205: TRY: 6
DEBUG: src/lcthw/hashmap.c:Hashmap_get_node:205: TRY: 7
DEBUG: src/lcthw/hashmap.c:Hashmap_get_node:205: TRY: 8
DEBUG: src/lcthw/hashmap.c:Hashmap_get_node:205: TRY: 9
DEBUG: src/lcthw/hashmap.c:Hashmap_get_node:205: TRY: 10
DEBUG: src/lcthw/hashmap.c:Hashmap_get_node:205: TRY: 11
DEBUG: src/lcthw/hashmap.c:Hashmap_get_node:205: TRY: 12
DEBUG: src/lcthw/hashmap.c:Hashmap_get_node:205: TRY: 13
DEBUG: src/lcthw/hashmap.c:Hashmap_get_node:205: TRY: 14
DEBUG: src/lcthw/hashmap.c:Hashmap_get_node:205: TRY: 15
DEBUG: src/lcthw/hashmap.c:Hashmap_get_node:205: TRY: 16
DEBUG: src/lcthw/hashmap.c:Hashmap_get_node:205: TRY: 17
DEBUG: src/lcthw/hashmap.c:Hashmap_get_node:205: TRY: 18
DEBUG: src/lcthw/hashmap.c:Hashmap_get_node:205: TRY: 19
DEBUG: src/lcthw/hashmap.c:Hashmap_get_node:205: TRY: 20
DEBUG: src/lcthw/hashmap.c:Hashmap_get_node:205: TRY: 21
DEBUG: src/lcthw/hashmap.c:Hashmap_get_node:205: TRY: 22
DEBUG: src/lcthw/hashmap.c:Hashmap_get_node:205: TRY: 23
DEBUG: src/lcthw/hashmap.c:Hashmap_get_node:205: TRY: 24
DEBUG: src/lcthw/hashmap.c:Hashmap_get_node:205: TRY: 25
DEBUG: src/lcthw/hashmap.c:Hashmap_get_node:205: TRY: 26
DEBUG: src/lcthw/hashmap.c:Hashmap_get_node:205: TRY: 27
DEBUG: src/lcthw/hashmap.c:Hashmap_get_node:205: TRY: 28
DEBUG: src/lcthw/hashmap.c:Hashmap_get_node:205: TRY: 29
DEBUG: src/lcthw/hashmap.c:Hashmap_get_node:205: TRY: 30
DEBUG: src/lcthw/hashmap.c:Hashmap_get_node:205: TRY: 31
DEBUG: src/lcthw/hashmap.c:Hashmap_get_node:205: TRY: 32
DEBUG: src/lcthw/hashmap.c:Hashmap_get_node:205: TRY: 33
DEBUG: src/lcthw/hashmap.c:Hashmap_get_node:205: TRY: 34
DEBUG: src/lcthw/hashmap.c:Hashmap_get_node:205: TRY: 35
DEBUG: src/lcthw/hashmap.c:Hashmap_get_node:205: TRY: 36
DEBUG: src/lcthw/hashmap.c:Hashmap_get_node:205: TRY: 37
DEBUG: src/lcthw/hashmap.c:Hashmap_get_node:205: TRY: 38
DEBUG: src/lcthw/hashmap.c:Hashmap_get_node:205: TRY: 39
DEBUG: src/lcthw/hashmap.c:Hashmap_get_node:205: TRY: 0
DEBUG: src/lcthw/hashmap.c:Hashmap_get_node:205: TRY: 1
DEBUG: src/lcthw/hashmap.c:Hashmap_get_node:205: TRY: 2
DEBUG: src/lcthw/hashmap.c:Hashmap_get_node:205: TRY: 3
DEBUG: src/lcthw/hashmap.c:Hashmap_get_node:205: TRY: 4
DEBUG: src/lcthw/hashmap.c:Hashmap_get_node:205: TRY: 5
DEBUG: src/lcthw/hashmap.c:Hashmap_get_node:205: TRY: 6
DEBUG: src/lcthw/hashmap.c:Hashmap_get_node:205: TRY: 7
DEBUG: src/lcthw/hashmap.c:Hashmap_get_node:205: TRY: 8
DEBUG: src/lcthw/hashmap.c:Hashmap_get_node:205: TRY: 9
DEBUG: src/lcthw/hashmap.c:Hashmap_get_node:205: TRY: 10
DEBUG: src/lcthw/hashmap.c:Hashmap_get_node:205: TRY: 11
DEBUG: src/lcthw/hashmap.c:Hashmap_get_node:205: TRY: 12
DEBUG: src/lcthw/hashmap.c:Hashmap_get_node:205: TRY: 13
DEBUG: src/lcthw/hashmap.c:Hashmap_get_node:205: TRY: 14
DEBUG: src/lcthw/hashmap.c:Hashmap_get_node:205: TRY: 15
DEBUG: src/lcthw/hashmap.c:Hashmap_get_node:205: TRY: 16
DEBUG: src/lcthw/hashmap.c:Hashmap_get_node:205: TRY: 17
DEBUG: src/lcthw/hashmap.c:Hashmap_get_node:205: TRY: 18
DEBUG: src/lcthw/hashmap.c:Hashmap_get_node:205: TRY: 19
DEBUG: src/lcthw/hashmap.c:Hashmap_get_node:205: TRY: 20
DEBUG: src/lcthw/hashmap.c:Hashmap_get_node:205: TRY: 21
DEBUG: src/lcthw/hashmap.c:Hashmap_get_node:205: TRY: 22
DEBUG: src/lcthw/hashmap.c:Hashmap_get_node:205: TRY: 23
DEBUG: src/lcthw/hashmap.c:Hashmap_get_node:205: TRY: 24
DEBUG: src/lcthw/hashmap.c:Hashmap_get_node:205: TRY: 25
DEBUG: src/lcthw/hashmap.c:Hashmap_get_node:205: TRY: 26
DEBUG: src/lcthw/hashmap.c:Hashmap_get_node:205: TRY: 27
DEBUG: src/lcthw/hashmap.c:Hashmap_get_node:205: TRY: 28
DEBUG: src/lcthw/hashmap.c:Hashmap_get_node:205: TRY: 29
DEBUG: src/lcthw/hashmap.c:Hashmap_get_node:205: TRY: 30
DEBUG: src/lcthw/hashmap.c:Hashmap_get_node:205: TRY: 31
DEBUG: src/lcthw/hashmap.c:Hashmap_get_node:205: TRY: 32
DEBUG: src/lcthw/hashmap.c:Hashmap_get_node:205: TRY: 33
DEBUG: src/lcthw/hashmap.c:Hashmap_get_node:205: TRY: 34
DEBUG: src/lcthw/hashmap.c:Hashmap_get_node:205: TRY: 35
DEBUG: src/lcthw/hashmap.c:Hashmap_get_node:205: TRY: 36
DEBUG: src/lcthw/hashmap.c:Hashmap_get_node:205: TRY: 37
DEBUG: src/lcthw/hashmap.c:Hashmap_get_node:205: TRY: 38
DEBUG: src/lcthw/hashmap.c:Hashmap_get_node:205: TRY: 39
DEBUG: src/lcthw/hashmap.c:Hashmap_get_node:205: TRY: 40
DEBUG: src/lcthw/hashmap.c:Hashmap_get_node:205: TRY: 0
DEBUG: src/lcthw/hashmap.c:Hashmap_get_node:205: TRY: 1
DEBUG: src/lcthw/hashmap.c:Hashmap_get_node:205: TRY: 2
DEBUG: src/lcthw/hashmap.c:Hashmap_get_node:205: TRY: 3
DEBUG: src/lcthw/hashmap.c:Hashmap_get_node:205: TRY: 4
DEBUG: src/lcthw/hashmap.c:Hashmap_get_node:205: TRY: 5
DEBUG: src/lcthw/hashmap.c:Hashmap_get_node:205: TRY: 6
DEBUG: src/lcthw/hashmap.c:Hashmap_get_node:205: TRY: 7
DEBUG: src/lcthw/hashmap.c:Hashmap_get_node:205: TRY: 8
DEBUG: src/lcthw/hashmap.c:Hashmap_get_node:205: TRY: 9
DEBUG: src/lcthw/hashmap.c:Hashmap_get_node:205: TRY: 10
DEBUG: src/lcthw/hashmap.c:Hashmap_get_node:205: TRY: 11
DEBUG: src/lcthw/hashmap.c:Hashmap_get_node:205: TRY: 12
DEBUG: src/lcthw/hashmap.c:Hashmap_get_node:205: TRY: 13
DEBUG: src/lcthw/hashmap.c:Hashmap_get_node:205: TRY: 14
DEBUG: src/lcthw/hashmap.c:Hashmap_get_node:205: TRY: 15
DEBUG: src/lcthw/hashmap.c:Hashmap_get_node:205: TRY: 16
DEBUG: src/lcthw/hashmap.c:Hashmap_get_node:205: TRY: 17
DEBUG: src/lcthw/hashmap.c:Hashmap_get_node:205: TRY: 18
DEBUG: src/lcthw/hashmap.c:Hashmap_get_node:205: TRY: 19
DEBUG: src/lcthw/hashmap.c:Hashmap_get_node:205: TRY: 20
DEBUG: src/lcthw/hashmap.c:Hashmap_get_node:205: TRY: 21
DEBUG: src/lcthw/hashmap.c:Hashmap_get_node:205: TRY: 22
DEBUG: src/lcthw/hashmap.c:Hashmap_get_node:205: TRY: 23
DEBUG: src/lcthw/hashmap.c:Hashmap_get_node:205: TRY: 24
DEBUG: src/lcthw/hashmap.c:Hashmap_get_node:205: TRY: 25
DEBUG: src/lcthw/hashmap.c:Hashmap_get_node:205: TRY: 26
DEBUG: src/lcthw/hashmap.c:Hashmap_get_node:205: TRY: 27
DEBUG: src/lcthw/hashmap.c:Hashmap_get_node:205: TRY: 28
DEBUG: src/lcthw/hashmap.c:Hashmap_get_node:205: TRY: 29
DEBUG: src/lcthw/hashmap.c:Hashmap_get_node:205: TRY: 30
DEBUG: src/lcthw/hashmap.c:Hashmap_get_node:205: TRY: 31
DEBUG: src/lcthw/hashmap.c:Hashmap_get_node:205: TRY: 32
DEBUG: src/lcthw/hashmap.c:Hashmap_get_node:205: TRY: 33
DEBUG: src/lcthw/hashmap.c:Hashmap_get_node:205: TRY: 34
DEBUG: src/lcthw/hashmap.c:Hashmap_get_node:205: TRY: 35
DEBUG: src/lcthw/hashmap.c:Hashmap_get_node:205: TRY: 0
DEBUG: src/lcthw/hashmap.c:Hashmap_get_node:205: TRY: 1
DEBUG: src/lcthw/hashmap.c:Hashmap_get_node:205: TRY: 2
DEBUG: src/lcthw/hashmap.c:Hashmap_get_node:205: TRY: 3
DEBUG: src/lcthw/hashmap.c:Hashmap_get_node:205: TRY: 4
DEBUG: src/lcthw/hashmap.c:Hashmap_get_node:205: TRY: 5
DEBUG: src/lcthw/hashmap.c:Hashmap_get_node:205: TRY: 6
DEBUG: src/lcthw/hashmap.c:Hashmap_get_node:205: TRY: 7
DEBUG: src/lcthw/hashmap.c:Hashmap_get_node:205: TRY: 8
DEBUG: src/lcthw/hashmap.c:Hashmap_get_node:205: TRY: 9
DEBUG: src/lcthw/hashmap.c:Hashmap_get_node:205: TRY: 10
DEBUG: src/lcthw/hashmap.c:Hashmap_get_node:205: TRY: 11
DEBUG: src/lcthw/hashmap.c:Hashmap_get_node:205: TRY: 12
DEBUG: src/lcthw/hashmap.c:Hashmap_get_node:205: TRY: 13
DEBUG: src/lcthw/hashmap.c:Hashmap_get_node:205: TRY: 14
DEBUG: src/lcthw/hashmap.c:Hashmap_get_node:205: TRY: 15
DEBUG: src/lcthw/hashmap.c:Hashmap_get_node:205: TRY: 16
DEBUG: src/lcthw/hashmap.c:Hashmap_get_node:205: TRY: 17
DEBUG: src/lcthw/hashmap.c:Hashmap_get_node:205: TRY: 18
DEBUG: src/lcthw/hashmap.c:Hashmap_get_node:205: TRY: 19
DEBUG: src/lcthw/hashmap.c:Hashmap_get_node:205: TRY: 20
DEBUG: src/lcthw/hashmap.c:Hashmap_get_node:205: TRY: 21
DEBUG: src/lcthw/hashmap.c:Hashmap_get_node:205: TRY: 22
DEBUG: src/lcthw/hashmap.c:Hashmap_get_node:205: TRY: 23
DEBUG: src/lcthw/hashmap.c:Hashmap_get_node:205: TRY: 24
DEBUG: src/lcthw/hashmap.c:Hashmap_get_node:205: TRY: 25
DEBUG: src/lcthw/hashmap.c:Hashmap_get_node:205: TRY: 26
DEBUG: src/lcthw/hashmap.c:Hashmap_get_node:205: TRY: 27
DEBUG: src/lcthw/hashmap.c:Hashmap_get_node:205: TRY: 28
DEBUG: src/lcthw/hashmap.c:Hashmap_get_node:205: TRY: 29
DEBUG: src/lcthw/hashmap.c:Hashmap_get_node:205: TRY: 30
DEBUG: src/lcthw/hashmap.c:Hashmap_get_node:205: TRY: 31
DEBUG: src/lcthw/hashmap.c:Hashmap_get_node:205: TRY: 32
DEBUG: src/lcthw/hashmap.c:Hashmap_get_node:205: TRY: 33
DEBUG: src/lcthw/hashmap.c:Hashmap_get_node:205: TRY: 34
DEBUG: src/lcthw/hashmap.c:Hashmap_get_node:205: TRY: 35
DEBUG: src/lcthw/hashmap.c:Hashmap_get_node:205: TRY: 36
DEBUG: src/lcthw/hashmap.c:Hashmap_get_node:205: TRY: 37
DEBUG: src/lcthw/hashmap.c:Hashmap_get_node:205: TRY: 38
DEBUG: src/lcthw/hashmap.c:Hashmap_get_node:205: TRY: 39
DEBUG: src/lcthw/hashmap.c:Hashmap_get_node:205: TRY: 40
DEBUG: src/lcthw/hashmap.c:Hashmap_get_node:205: TRY: 41
DEBUG: src/lcthw/hashmap.c:Hashmap_get_node:205: TRY: 0
DEBUG: src/lcthw/hashmap.c:Hashmap_get_node:205: TRY: 1
DEBUG: src/lcthw/hashmap.c:Hashmap_get_node:205: TRY: 2
DEBUG: src/lcthw/hashmap.c:Hashmap_get_node:205: TRY: 3
DEBUG: src/lcthw/hashmap.c:Hashmap_get_node:205: TRY: 4
DEBUG: src/lcthw/hashmap.c:Hashmap_get_node:205: TRY: 5
DEBUG: src/lcthw/hashmap.c:Hashmap_get_node:205: TRY: 6
DEBUG: src/lcthw/hashmap.c:Hashmap_get_node:205: TRY: 7
DEBUG: src/lcthw/hashmap.c:Hashmap_get_node:205: TRY: 8
DEBUG: src/lcthw/hashmap.c:Hashmap_get_node:205: TRY: 9
DEBUG: src/lcthw/hashmap.c:Hashmap_get_node:205: TRY: 10
DEBUG: src/lcthw/hashmap.c:Hashmap_get_node:205: TRY: 11
DEBUG: src/lcthw/hashmap.c:Hashmap_get_node:205: TRY: 12
DEBUG: src/lcthw/hashmap.c:Hashmap_get_node:205: TRY: 13
DEBUG: src/lcthw/hashmap.c:Hashmap_get_node:205: TRY: 14
DEBUG: src/lcthw/hashmap.c:Hashmap_get_node:205: TRY: 15
DEBUG: src/lcthw/hashmap.c:Hashmap_get_node:205: TRY: 16
DEBUG: src/lcthw/hashmap.c:Hashmap_get_node:205: TRY: 17
DEBUG: src/lcthw/hashmap.c:Hashmap_get_node:205: TRY: 18
DEBUG: src/lcthw/hashmap.c:Hashmap_get_node:205: TRY: 19
DEBUG: src/lcthw/hashmap.c:Hashmap_get_node:205: TRY: 20
DEBUG: src/lcthw/hashmap.c:Hashmap_get_node:205: TRY: 21
DEBUG: src/lcthw/hashmap.c:Hashmap_get_node:205: TRY: 22
DEBUG: src/lcthw/hashmap.c:Hashmap_get_node:205: TRY: 23
DEBUG: src/lcthw/hashmap.c:Hashmap_get_node:205: TRY: 24
DEBUG: src/lcthw/hashmap.c:Hashmap_get_node:205: TRY: 25
DEBUG: src/lcthw/hashmap.c:Hashmap_get_node:205: TRY: 26
DEBUG: src/lcthw/hashmap.c:Hashmap_get_node:205: TRY: 27
DEBUG: src/lcthw/hashmap.c:Hashmap_get_node:205: TRY: 28
DEBUG: src/lcthw/hashmap.c:Hashmap_get_node:205: TRY: 29
DEBUG: src/lcthw/hashmap.c:Hashmap_get_node:205: TRY: 30
DEBUG: src/lcthw/hashmap.c:Hashmap_get_node:205: TRY: 31
DEBUG: src/lcthw/hashmap.c:Hashmap_get_node:205: TRY: 32
DEBUG: src/lcthw/hashmap.c:Hashmap_get_node:205: TRY: 33
DEBUG: src/lcthw/hashmap.c:Hashmap_get_node:205: TRY: 34
DEBUG: src/lcthw/hashmap.c:Hashmap_get_node:205: TRY: 35
DEBUG: src/lcthw/hashmap.c:Hashmap_get_node:205: TRY: 36
DEBUG: src/lcthw/hashmap.c:Hashmap_get_node:205: TRY: 0
DEBUG: src/lcthw/hashmap.c:Hashmap_get_node:205: TRY: 1
DEBUG: src/lcthw/hashmap.c:Hashmap_get_node:205: TRY: 2
DEBUG: src/lcthw/hashmap.c:Hashmap_get_node:205: TRY: 3
DEBUG: src/lcthw/hashmap.c:Hashmap_get_node:205: TRY: 4
DEBUG: src/lcthw/hashmap.c:Hashmap_get_node:205: TRY: 5
DEBUG: src/lcthw/hashmap.c:Hashmap_get_node:205: TRY: 6
DEBUG: src/lcthw/hashmap.c:Hashmap_get_node:205: TRY: 7
DEBUG: src/lcthw/hashmap.c:Hashmap_get_node:205: TRY: 8
DEBUG: src/lcthw/hashmap.c:Hashmap_get_node:205: TRY: 9
DEBUG: src/lcthw/hashmap.c:Hashmap_get_node:205: TRY: 10
DEBUG: src/lcthw/hashmap.c:Hashmap_get_node:205: TRY: 11
DEBUG: src/lcthw/hashmap.c:Hashmap_get_node:205: TRY: 12
DEBUG: src/lcthw/hashmap.c:Hashmap_get_node:205: TRY: 13
DEBUG: src/lcthw/hashmap.c:Hashmap_get_node:205: TRY: 14
DEBUG: src/lcthw/hashmap.c:Hashmap_get_node:205: TRY: 15
DEBUG: src/lcthw/hashmap.c:Hashmap_get_node:205: TRY: 16
DEBUG: src/lcthw/hashmap.c:Hashmap_get_node:205: TRY: 17
DEBUG: src/lcthw/hashmap.c:Hashmap_get_node:205: TRY: 18
DEBUG: src/lcthw/hashmap.c:Hashmap_get_node:205: TRY: 19
DEBUG: src/lcthw/hashmap.c:Hashmap_get_node:205: TRY: 20
DEBUG: src/lcthw/hashmap.c:Hashmap_get_node:205: TRY: 21
DEBUG: src/lcthw/hashmap.c:Hashmap_get_node:205: TRY: 22
DEBUG: src/lcthw/hashmap.c:Hashmap_get_node:205: TRY: 23
DEBUG: src/lcthw/hashmap.c:Hashmap_get_node:205: TRY: 24
DEBUG: src/lcthw/hashmap.c:Hashmap_get_node:205: TRY: 25
DEBUG: src/lcthw/hashmap.c:Hashmap_get_node:205: TRY: 26
DEBUG: src/lcthw/hashmap.c:Hashmap_get_node:205: TRY: 27
DEBUG: src/lcthw/hashmap.c:Hashmap_get_node:205: TRY: 28
DEBUG: src/lcthw/hashmap.c:Hashmap_get_node:205: TRY: 29
DEBUG: src/lcthw/hashmap.c:Hashmap_get_node:205: TRY: 30
DEBUG: src/lcthw/hashmap.c:Hashmap_get_node:205: TRY: 31
DEBUG: src/lcthw/hashmap.c:Hashmap_get_node:205: TRY: 32
DEBUG: src/lcthw/hashmap.c:Hashmap_get_node:205: TRY: 33
DEBUG: src/lcthw/hashmap.c:Hashmap_get_node:205: TRY: 34
DEBUG: src/lcthw/hashmap.c:Hashmap_get_node:205: TRY: 35
DEBUG: src/lcthw/hashmap.c:Hashmap_get_node:205: TRY: 36
DEBUG: src/lcthw/hashmap.c:Hashmap_get_node:205: TRY: 37
DEBUG: src/lcthw/hashmap.c:Hashmap_get_node:205: TRY: 38
DEBUG: src/lcthw/hashmap.c:Hashmap_get_node:205: TRY: 39
DEBUG: src/lcthw/hashmap.c:Hashmap_get_node:205: TRY: 40
DEBUG: src/lcthw/hashmap.c:Hashmap_get_node:205: TRY: 41
DEBUG: src/lcthw/hashmap.c:Hashmap_get_node:205: TRY: 42
DEBUG: src/lcthw/hashmap.c:Hashmap_get_node:205: TRY: 43
DEBUG: src/lcthw/hashmap.c:Hashmap_get_node:205: TRY: 44
DEBUG: src/lcthw/hashmap.c:Hashmap_get_node:205: TRY: 45
DEBUG: src/lcthw/hashmap.c:Hashmap_get_node:205: TRY: 46
DEBUG: src/lcthw/hashmap.c:Hashmap_get_node:205: TRY: 47
DEBUG: src/lcthw/hashmap.c:Hashmap_get_node:205: TRY: 48
DEBUG: src/lcthw/hashmap.c:Hashmap_get_node:205: TRY: 49
DEBUG: src/lcthw/hashmap.c:Hashmap_get_node:205: TRY: 50
DEBUG: src/lcthw/hashmap.c:Hashmap_get_node:205: TRY: 0
DEBUG: src/lcthw/hashmap.c:Hashmap_get_node:205: TRY: 1
DEBUG: src/lcthw/hashmap.c:Hashmap_get_node:205: TRY: 2
DEBUG: src/lcthw/hashmap.c:Hashmap_get_node:205: TRY: 3
DEBUG: src/lcthw/hashmap.c:Hashmap_get_node:205: TRY: 4
DEBUG: src/lcthw/hashmap.c:Hashmap_get_node:205: TRY: 5
DEBUG: src/lcthw/hashmap.c:Hashmap_get_node:205: TRY: 6
DEBUG: src/lcthw/hashmap.c:Hashmap_get_node:205: TRY: 7
DEBUG: src/lcthw/hashmap.c:Hashmap_get_node:205: TRY: 8
DEBUG: src/lcthw/hashmap.c:Hashmap_get_node:205: TRY: 9
DEBUG: src/lcthw/hashmap.c:Hashmap_get_node:205: TRY: 10
DEBUG: src/lcthw/hashmap.c:Hashmap_get_node:205: TRY: 11
DEBUG: src/lcthw/hashmap.c:Hashmap_get_node:205: TRY: 12
DEBUG: src/lcthw/hashmap.c:Hashmap_get_node:205: TRY: 13
DEBUG: src/lcthw/hashmap.c:Hashmap_get_node:205: TRY: 14
DEBUG: src/lcthw/hashmap.c:Hashmap_get_node:205: TRY: 15
DEBUG: src/lcthw/hashmap.c:Hashmap_get_node:205: TRY: 16
DEBUG: src/lcthw/hashmap.c:Hashmap_get_node:205: TRY: 17
DEBUG: src/lcthw/hashmap.c:Hashmap_get_node:205: TRY: 18
DEBUG: src/lcthw/hashmap.c:Hashmap_get_node:205: TRY: 19
DEBUG: src/lcthw/hashmap.c:Hashmap_get_node:205: TRY: 20
DEBUG: src/lcthw/hashmap.c:Hashmap_get_node:205: TRY: 21
DEBUG: src/lcthw/hashmap.c:Hashmap_get_node:205: TRY: 22
DEBUG: src/lcthw/hashmap.c:Hashmap_get_node:205: TRY: 23
DEBUG: src/lcthw/hashmap.c:Hashmap_get_node:205: TRY: 24
DEBUG: src/lcthw/hashmap.c:Hashmap_get_node:205: TRY: 25
DEBUG: src/lcthw/hashmap.c:Hashmap_get_node:205: TRY: 26
DEBUG: src/lcthw/hashmap.c:Hashmap_get_node:205: TRY: 27
DEBUG: src/lcthw/hashmap.c:Hashmap_get_node:205: TRY: 28
DEBUG: src/lcthw/hashmap.c:Hashmap_get_node:205: TRY: 29
DEBUG: src/lcthw/hashmap.c:Hashmap_get_node:205: TRY: 30
DEBUG: src/lcthw/hashmap.c:Hashmap_get_node:205: TRY: 31
DEBUG: src/lcthw/hashmap.c:Hashmap_get_node:205: TRY: 32
DEBUG: src/lcthw/hashmap.c:Hashmap_get_node:205: TRY: 33
DEBUG: src/lcthw/hashmap.c:Hashmap_get_node:205: TRY: 34
DEBUG: src/lcthw/hashmap.c:Hashmap_get_node:205: TRY: 35
DEBUG: src/lcthw/hashmap.c:Hashmap_get_node:205: TRY: 36
DEBUG: src/lcthw/hashmap.c:Hashmap_get_node:205: TRY: 37
DEBUG: src/lcthw/hashmap.c:Hashmap_get_node:205: TRY: 38
DEBUG: src/lcthw/hashmap.c:Hashmap_get_node:205: TRY: 39
DEBUG: src/lcthw/hashmap.c:Hashmap_get_node:205: TRY: 40
DEBUG: src/lcthw/hashmap.c:Hashmap_get_node:205: TRY: 41
DEBUG: src/lcthw/hashmap.c:Hashmap_get_node:205: TRY: 42
DEBUG: src/lcthw/hashmap.c:Hashmap_get_node:205: TRY: 43
DEBUG: src/lcthw/hashmap.c:Hashmap_get_node:205: TRY: 44
DEBUG: src/lcthw/hashmap.c:Hashmap_get_node:205: TRY: 45
DEBUG: src/lcthw/hashmap.c:Hashmap_get_node:205: TRY: 46
DEBUG: src/lcthw/hashmap.c:Hashmap_get_node:205: TRY: 47
DEBUG: src/lcthw/hashmap.c:Hashmap_get_node:205: TRY: 48
DEBUG: src/lcthw/hashmap.c:Hashmap_get_node:205: TRY: 49
DEBUG: src/lcthw/hashmap.c:Hashmap_get_node:205: TRY: 50
DEBUG: src/lcthw/hashmap.c:Hashmap_get_node:205: TRY: 51
DEBUG: src/lcthw/hashmap.c:Hashmap_get_node:205: TRY: 52
DEBUG: src/lcthw/hashmap.c:Hashmap_get_node:205: TRY: 53
DEBUG: src/lcthw/hashmap.c:Hashmap_get_node:205: TRY: 54
DEBUG: src/lcthw/hashmap.c:Hashmap_get_node:205: TRY: 55
DEBUG: src/lcthw/hashmap.c:Hashmap_get_node:205: TRY: 56
DEBUG: src/lcthw/hashmap.c:Hashmap_get_node:205: TRY: 57
DEBUG: src/lcthw/hashmap.c:Hashmap_get_node:205: TRY: 58
DEBUG: src/lcthw/hashmap.c:Hashmap_get_node:205: TRY: 59
DEBUG: src/lcthw/hashmap.c:Hashmap_get_node:205: TRY: 60
DEBUG: src/lcthw/hashmap.c:Hashmap_get_node:205: TRY: 61
DEBUG: src/lcthw/hashmap.c:Hashmap_get_node:205: TRY: 62
DEBUG: src/lcthw/hashmap.c:Hashmap_get_node:205: TRY: 63
DEBUG: src/lcthw/hashmap.c:Hashmap_get_node:205: TRY: 64
DEBUG: src/lcthw/hashmap.c:Hashmap_get_node:205: TRY: 65
DEBUG: src/lcthw/hashmap.c:Hashmap_get_node:205: TRY: 66
DEBUG: src/lcthw/hashmap.c:Hashmap_get_node:205: TRY: 67
DEBUG: src/lcthw/hashmap.c:Hashmap_get_node:205: TRY: 68
DEBUG: src/lcthw/hashmap.c:Hashmap_get_node:205: TRY: 69
DEBUG: src/lcthw/hashmap.c:Hashmap_get_node:205: TRY: 70
DEBUG: src/lcthw/hashmap.c:Hashmap_get_node:205: TRY: 71
DEBUG: src/lcthw/hashmap.c:Hashmap_get_node:205: TRY: 72
DEBUG: src/lcthw/hashmap.c:Hashmap_get_node:205: TRY: 0
DEBUG: src/lcthw/hashmap.c:Hashmap_get_node:205: TRY: 1
DEBUG: src/lcthw/hashmap.c:Hashmap_get_node:205: TRY: 2
DEBUG: src/lcthw/hashmap.c:Hashmap_get_node:205: TRY: 3
DEBUG: src/lcthw/hashmap.c:Hashmap_get_node:205: TRY: 4
DEBUG: src/lcthw/hashmap.c:Hashmap_get_node:205: TRY: 5
DEBUG: src/lcthw/hashmap.c:Hashmap_get_node:205: TRY: 6
DEBUG: src/lcthw/hashmap.c:Hashmap_get_node:205: TRY: 7
DEBUG: src/lcthw/hashmap.c:Hashmap_get_node:205: TRY: 8
DEBUG: src/lcthw/hashmap.c:Hashmap_get_node:205: TRY: 9
DEBUG: src/lcthw/hashmap.c:Hashmap_get_node:205: TRY: 10
DEBUG: src/lcthw/hashmap.c:Hashmap_get_node:205: TRY: 11
DEBUG: src/lcthw/hashmap.c:Hashmap_get_node:205: TRY: 12
DEBUG: src/lcthw/hashmap.c:Hashmap_get_node:205: TRY: 13
DEBUG: src/lcthw/hashmap.c:Hashmap_get_node:205: TRY: 14
DEBUG: src/lcthw/hashmap.c:Hashmap_get_node:205: TRY: 15
DEBUG: src/lcthw/hashmap.c:Hashmap_get_node:205: TRY: 16
DEBUG: src/lcthw/hashmap.c:Hashmap_get_node:205: TRY: 17
DEBUG: src/lcthw/hashmap.c:Hashmap_get_node:205: TRY: 18
DEBUG: src/lcthw/hashmap.c:Hashmap_get_node:205: TRY: 19
DEBUG: src/lcthw/hashmap.c:Hashmap_get_node:205: TRY: 20
DEBUG: src/lcthw/hashmap.c:Hashmap_get_node:205: TRY: 21
DEBUG: src/lcthw/hashmap.c:Hashmap_get_node:205: TRY: 22
DEBUG: src/lcthw/hashmap.c:Hashmap_get_node:205: TRY: 23
DEBUG: src/lcthw/hashmap.c:Hashmap_get_node:205: TRY: 24
DEBUG: src/lcthw/hashmap.c:Hashmap_get_node:205: TRY: 25
DEBUG: src/lcthw/hashmap.c:Hashmap_get_node:205: TRY: 26
DEBUG: src/lcthw/hashmap.c:Hashmap_get_node:205: TRY: 27
DEBUG: src/lcthw/hashmap.c:Hashmap_get_node:205: TRY: 28
DEBUG: src/lcthw/hashmap.c:Hashmap_get_node:205: TRY: 29
DEBUG: src/lcthw/hashmap.c:Hashmap_get_node:205: TRY: 30
DEBUG: src/lcthw/hashmap.c:Hashmap_get_node:205: TRY: 31
DEBUG: src/lcthw/hashmap.c:Hashmap_get_node:205: TRY: 32
DEBUG: src/lcthw/hashmap.c:Hashmap_get_node:205: TRY: 33
DEBUG: src/lcthw/hashmap.c:Hashmap_get_node:205: TRY: 34
DEBUG: src/lcthw/hashmap.c:Hashmap_get_node:205: TRY: 35
DEBUG: src/lcthw/hashmap.c:Hashmap_get_node:205: TRY: 36
DEBUG: src/lcthw/hashmap.c:Hashmap_get_node:205: TRY: 37
DEBUG: src/lcthw/hashmap.c:Hashmap_get_node:205: TRY: 38
DEBUG: src/lcthw/hashmap.c:Hashmap_get_node:205: TRY: 39
DEBUG: src/lcthw/hashmap.c:Hashmap_get_node:205: TRY: 40
DEBUG: src/lcthw/hashmap.c:Hashmap_get_node:205: TRY: 41
DEBUG: src/lcthw/hashmap.c:Hashmap_get_node:205: TRY: 42
DEBUG: src/lcthw/hashmap.c:Hashmap_get_node:205: TRY: 0
DEBUG: src/lcthw/hashmap.c:Hashmap_get_node:205: TRY: 1
DEBUG: src/lcthw/hashmap.c:Hashmap_get_node:205: TRY: 2
DEBUG: src/lcthw/hashmap.c:Hashmap_get_node:205: TRY: 3
DEBUG: src/lcthw/hashmap.c:Hashmap_get_node:205: TRY: 4
DEBUG: src/lcthw/hashmap.c:Hashmap_get_node:205: TRY: 5
DEBUG: src/lcthw/hashmap.c:Hashmap_get_node:205: TRY: 6
DEBUG: src/lcthw/hashmap.c:Hashmap_get_node:205: TRY: 7
DEBUG: src/lcthw/hashmap.c:Hashmap_get_node:205: TRY: 8
DEBUG: src/lcthw/hashmap.c:Hashmap_get_node:205: TRY: 9
DEBUG: src/lcthw/hashmap.c:Hashmap_get_node:205: TRY: 10
DEBUG: src/lcthw/hashmap.c:Hashmap_get_node:205: TRY: 11
DEBUG: src/lcthw/hashmap.c:Hashmap_get_node:205: TRY: 12
DEBUG: src/lcthw/hashmap.c:Hashmap_get_node:205: TRY: 13
DEBUG: src/lcthw/hashmap.c:Hashmap_get_node:205: TRY: 14
DEBUG: src/lcthw/hashmap.c:Hashmap_get_node:205: TRY: 15
DEBUG: src/lcthw/hashmap.c:Hashmap_get_node:205: TRY: 16
DEBUG: src/lcthw/hashmap.c:Hashmap_get_node:205: TRY: 17
DEBUG: src/lcthw/hashmap.c:Hashmap_get_node:205: TRY: 18
DEBUG: src/lcthw/hashmap.c:Hashmap_get_node:205: TRY: 19
DEBUG: src/lcthw/hashmap.c:Hashmap_get_node:205: TRY: 20
DEBUG: src/lcthw/hashmap.c:Hashmap_get_node:205: TRY: 21
DEBUG: src/lcthw/hashmap.c:Hashmap_get_node:205: TRY: 22
DEBUG: src/lcthw/hashmap.c:Hashmap_get_node:205: TRY: 23
DEBUG: src/lcthw/hashmap.c:Hashmap_get_node:205: TRY: 24
DEBUG: src/lcthw/hashmap.c:Hashmap_get_node:205: TRY: 25
DEBUG: src/lcthw/hashmap.c:Hashmap_get_node:205: TRY: 26
DEBUG: src/lcthw/hashmap.c:Hashmap_get_node:205: TRY: 27
DEBUG: src/lcthw/hashmap.c:Hashmap_get_node:205: TRY: 28
DEBUG: src/lcthw/hashmap.c:Hashmap_get_node:205: TRY: 29
DEBUG: src/lcthw/hashmap.c:Hashmap_get_node:205: TRY: 30
DEBUG: src/lcthw/hashmap.c:Hashmap_get_node:205: TRY: 31
DEBUG: src/lcthw/hashmap.c:Hashmap_get_node:205: TRY: 32
DEBUG: src/lcthw/hashmap.c:Hashmap_get_node:205: TRY: 33
DEBUG: src/lcthw/hashmap.c:Hashmap_get_node:205: TRY: 34
DEBUG: src/lcthw/hashmap.c:Hashmap_get_node:205: TRY: 35
DEBUG: src/lcthw/hashmap.c:Hashmap_get_node:205: TRY: 36
DEBUG: src/lcthw/hashmap.c:Hashmap_get_node:205: TRY: 37
DEBUG: src/lcthw/hashmap.c:Hashmap_get_node:205: TRY: 38
DEBUG: src/lcthw/hashmap.c:Hashmap_get_node:205: TRY: 39
DEBUG: src/lcthw/hashmap.c:Hashmap_get_node:205: TRY: 40
DEBUG: src/lcthw/hashmap.c:Hashmap_get_node:205: TRY: 41
DEBUG: src/lcthw/hashmap.c:Hashmap_get_node:205: TRY: 42
DEBUG: src/lcthw/hashmap.c:Hashmap_get_node:205: TRY: 43
DEBUG: src/lcthw/hashmap.c:Hashmap_get_node:205: TRY: 44
DEBUG: src/lcthw/hashmap.c:Hashmap_get_node:205: TRY: 45
DEBUG: src/lcthw/hashmap.c:Hashmap_get_node:205: TRY: 46
DEBUG: src/lcthw/hashmap.c:Hashmap_get_node:205: TRY: 47
DEBUG: src/lcthw/hashmap.c:Hashmap_get_node:205: TRY: 48
DEBUG: src/lcthw/hashmap.c:Hashmap_get_node:205: TRY: 49
DEBUG: src/lcthw/hashmap.c:Hashmap_get_node:205: TRY: 50
DEBUG: src/lcthw/hashmap.c:Hashmap_get_node:205: TRY: 51
DEBUG: src/lcthw/hashmap.c:Hashmap_get_node:205: TRY: 0
DEBUG: src/lcthw/hashmap.c:Hashmap_get_node:205: TRY: 1
DEBUG: src/lcthw/hashmap.c:Hashmap_get_node:205: TRY: 2
DEBUG: src/lcthw/hashmap.c:Hashmap_get_node:205: TRY: 3
DEBUG: src/lcthw/hashmap.c:Hashmap_get_node:205: TRY: 4
DEBUG: src/lcthw/hashmap.c:Hashmap_get_node:205: TRY: 5
DEBUG: src/lcthw/hashmap.c:Hashmap_get_node:205: TRY: 6
DEBUG: src/lcthw/hashmap.c:Hashmap_get_node:205: TRY: 7
DEBUG: src/lcthw/hashmap.c:Hashmap_get_node:205: TRY: 8
DEBUG: src/lcthw/hashmap.c:Hashmap_get_node:205: TRY: 9
DEBUG: src/lcthw/hashmap.c:Hashmap_get_node:205: TRY: 10
DEBUG: src/lcthw/hashmap.c:Hashmap_get_node:205: TRY: 11
DEBUG: src/lcthw/hashmap.c:Hashmap_get_node:205: TRY: 12
DEBUG: src/lcthw/hashmap.c:Hashmap_get_node:205: TRY: 13
DEBUG: src/lcthw/hashmap.c:Hashmap_get_node:205: TRY: 14
DEBUG: src/lcthw/hashmap.c:Hashmap_get_node:205: TRY: 15
DEBUG: src/lcthw/hashmap.c:Hashmap_get_node:205: TRY: 16
DEBUG: src/lcthw/hashmap.c:Hashmap_get_node:205: TRY: 17
DEBUG: src/lcthw/hashmap.c:Hashmap_get_node:205: TRY: 18
DEBUG: src/lcthw/hashmap.c:Hashmap_get_node:205: TRY: 19
DEBUG: src/lcthw/hashmap.c:Hashmap_get_node:205: TRY: 20
DEBUG: src/lcthw/hashmap.c:Hashmap_get_node:205: TRY: 21
DEBUG: src/lcthw/hashmap.c:Hashmap_get_node:205: TRY: 22
DEBUG: src/lcthw/hashmap.c:Hashmap_get_node:205: TRY: 23
DEBUG: src/lcthw/hashmap.c:Hashmap_get_node:205: TRY: 24
DEBUG: src/lcthw/hashmap.c:Hashmap_get_node:205: TRY: 25
DEBUG: src/lcthw/hashmap.c:Hashmap_get_node:205: TRY: 26
DEBUG: src/lcthw/hashmap.c:Hashmap_get_node:205: TRY: 27
DEBUG: src/lcthw/hashmap.c:Hashmap_get_node:205: TRY: 28
DEBUG: src/lcthw/hashmap.c:Hashmap_get_node:205: TRY: 29
DEBUG: src/lcthw/hashmap.c:Hashmap_get_node:205: TRY: 30
DEBUG: src/lcthw/hashmap.c:Hashmap_get_node:205: TRY: 31
DEBUG: src/lcthw/hashmap.c:Hashmap_get_node:205: TRY: 32
DEBUG: src/lcthw/hashmap.c:Hashmap_get_node:205: TRY: 33
DEBUG: src/lcthw/hashmap.c:Hashmap_get_node:205: TRY: 34
DEBUG: src/lcthw/hashmap.c:Hashmap_get_node:205: TRY: 35
DEBUG: src/lcthw/hashmap.c:Hashmap_get_node:205: TRY: 36
DEBUG: src/lcthw/hashmap.c:Hashmap_get_node:205: TRY: 37
DEBUG: src/lcthw/hashmap.c:Hashmap_get_node:205: TRY: 38
DEBUG: src/lcthw/hashmap.c:Hashmap_get_node:205: TRY: 39
DEBUG: src/lcthw/hashmap.c:Hashmap_get_node:205: TRY: 40
DEBUG: src/lcthw/hashmap.c:Hashmap_get_node:205: TRY: 41
DEBUG: src/lcthw/hashmap.c:Hashmap_get_node:205: TRY: 42
DEBUG: src/lcthw/hashmap.c:Hashmap_get_node:205: TRY: 43
DEBUG: src/lcthw/hashmap.c:Hashmap_get_node:205: TRY: 0
DEBUG: src/lcthw/hashmap.c:Hashmap_get_node:205: TRY: 1
DEBUG: src/lcthw/hashmap.c:Hashmap_get_node:205: TRY: 2
DEBUG: src/lcthw/hashmap.c:Hashmap_get_node:205: TRY: 3
DEBUG: src/lcthw/hashmap.c:Hashmap_get_node:205: TRY: 4
DEBUG: src/lcthw/hashmap.c:Hashmap_get_node:205: TRY: 5
DEBUG: src/lcthw/hashmap.c:Hashmap_get_node:205: TRY: 6
DEBUG: src/lcthw/hashmap.c:Hashmap_get_node:205: TRY: 7
DEBUG: src/lcthw/hashmap.c:Hashmap_get_node:205: TRY: 8
DEBUG: src/lcthw/hashmap.c:Hashmap_get_node:205: TRY: 9
DEBUG: src/lcthw/hashmap.c:Hashmap_get_node:205: TRY: 10
DEBUG: src/lcthw/hashmap.c:Hashmap_get_node:205: TRY: 11
DEBUG: src/lcthw/hashmap.c:Hashmap_get_node:205: TRY: 12
DEBUG: src/lcthw/hashmap.c:Hashmap_get_node:205: TRY: 13
DEBUG: src/lcthw/hashmap.c:Hashmap_get_node:205: TRY: 14
DEBUG: src/lcthw/hashmap.c:Hashmap_get_node:205: TRY: 15
DEBUG: src/lcthw/hashmap.c:Hashmap_get_node:205: TRY: 16
DEBUG: src/lcthw/hashmap.c:Hashmap_get_node:205: TRY: 17
DEBUG: src/lcthw/hashmap.c:Hashmap_get_node:205: TRY: 18
DEBUG: src/lcthw/hashmap.c:Hashmap_get_node:205: TRY: 19
DEBUG: src/lcthw/hashmap.c:Hashmap_get_node:205: TRY: 20
DEBUG: src/lcthw/hashmap.c:Hashmap_get_node:205: TRY: 21
DEBUG: src/lcthw/hashmap.c:Hashmap_get_node:205: TRY: 22
DEBUG: src/lcthw/hashmap.c:Hashmap_get_node:205: TRY: 23
DEBUG: src/lcthw/hashmap.c:Hashmap_get_node:205: TRY: 24
DEBUG: src/lcthw/hashmap.c:Hashmap_get_node:205: TRY: 25
DEBUG: src/lcthw/hashmap.c:Hashmap_get_node:205: TRY: 26
DEBUG: src/lcthw/hashmap.c:Hashmap_get_node:205: TRY: 27
DEBUG: src/lcthw/hashmap.c:Hashmap_get_node:205: TRY: 28
DEBUG: src/lcthw/hashmap.c:Hashmap_get_node:205: TRY: 29
DEBUG: src/lcthw/hashmap.c:Hashmap_get_node:205: TRY: 30
DEBUG: src/lcthw/hashmap.c:Hashmap_get_node:205: TRY: 31
DEBUG: src/lcthw/hashmap.c:Hashmap_get_node:205: TRY: 32
DEBUG: src/lcthw/hashmap.c:Hashmap_get_node:205: TRY: 33
DEBUG: src/lcthw/hashmap.c:Hashmap_get_node:205: TRY: 34
DEBUG: src/lcthw/hashmap.c:Hashmap_get_node:205: TRY: 35
DEBUG: src/lcthw/hashmap.c:Hashmap_get_node:205: TRY: 36
DEBUG: src/lcthw/hashmap.c:Hashmap_get_node:205: TRY: 37
DEBUG: src/lcthw/hashmap.c:Hashmap_get_node:205: TRY: 38
DEBUG: src/lcthw/hashmap.c:Hashmap_get_node:205: TRY: 39
DEBUG: src/lcthw/hashmap.c:Hashmap_get_node:205: TRY: 40
DEBUG: src/lcthw/hashmap.c:Hashmap_get_node:205: TRY: 41
DEBUG: src/lcthw/hashmap.c:Hashmap_get_node:205: TRY: 42
DEBUG: src/lcthw/hashmap.c:Hashmap_get_node:205: TRY: 0
DEBUG: src/lcthw/hashmap.c:Hashmap_get_node:205: TRY: 1
DEBUG: src/lcthw/hashmap.c:Hashmap_get_node:205: TRY: 2
DEBUG: src/lcthw/hashmap.c:Hashmap_get_node:205: TRY: 3
DEBUG: src/lcthw/hashmap.c:Hashmap_get_node:205: TRY: 4
DEBUG: src/lcthw/hashmap.c:Hashmap_get_node:205: TRY: 5
DEBUG: src/lcthw/hashmap.c:Hashmap_get_node:205: TRY: 6
DEBUG: src/lcthw/hashmap.c:Hashmap_get_node:205: TRY: 7
DEBUG: src/lcthw/hashmap.c:Hashmap_get_node:205: TRY: 8
DEBUG: src/lcthw/hashmap.c:Hashmap_get_node:205: TRY: 9
DEBUG: src/lcthw/hashmap.c:Hashmap_get_node:205: TRY: 10
DEBUG: src/lcthw/hashmap.c:Hashmap_get_node:205: TRY: 11
DEBUG: src/lcthw/hashmap.c:Hashmap_get_node:205: TRY: 12
DEBUG: src/lcthw/hashmap.c:Hashmap_get_node:205: TRY: 13
DEBUG: src/lcthw/hashmap.c:Hashmap_get_node:205: TRY: 14
DEBUG: src/lcthw/hashmap.c:Hashmap_get_node:205: TRY: 15
DEBUG: src/lcthw/hashmap.c:Hashmap_get_node:205: TRY: 16
DEBUG: src/lcthw/hashmap.c:Hashmap_get_node:205: TRY: 17
DEBUG: src/lcthw/hashmap.c:Hashmap_get_node:205: TRY: 18
DEBUG: src/lcthw/hashmap.c:Hashmap_get_node:205: TRY: 19
DEBUG: src/lcthw/hashmap.c:Hashmap_get_node:205: TRY: 20
DEBUG: src/lcthw/hashmap.c:Hashmap_get_node:205: TRY: 21
DEBUG: src/lcthw/hashmap.c:Hashmap_get_node:205: TRY: 22
DEBUG: src/lcthw/hashmap.c:Hashmap_get_node:205: TRY: 23
DEBUG: src/lcthw/hashmap.c:Hashmap_get_node:205: TRY: 24
DEBUG: src/lcthw/hashmap.c:Hashmap_get_node:205: TRY: 25
DEBUG: src/lcthw/hashmap.c:Hashmap_get_node:205: TRY: 26
DEBUG: src/lcthw/hashmap.c:Hashmap_get_node:205: TRY: 27
DEBUG: src/lcthw/hashmap.c:Hashmap_get_node:205: TRY: 28
DEBUG: src/lcthw/hashmap.c:Hashmap_get_node:205: TRY: 29
DEBUG: src/lcthw/hashmap.c:Hashmap_get_node:205: TRY: 30
DEBUG: src/lcthw/hashmap.c:Hashmap_get_node:205: TRY: 31
DEBUG: src/lcthw/hashmap.c:Hashmap_get_node:205: TRY: 32
DEBUG: src/lcthw/hashmap.c:Hashmap_get_node:205: TRY: 33
DEBUG: src/lcthw/hashmap.c:Hashmap_get_node:205: TRY: 34
DEBUG: src/lcthw/hashmap.c:Hashmap_get_node:205: TRY: 35
DEBUG: src/lcthw/hashmap.c:Hashmap_get_node:205: TRY: 36
DEBUG: src/lcthw/hashmap.c:Hashmap_get_node:205: TRY: 37
DEBUG: src/lcthw/hashmap.c:Hashmap_get_node:205: TRY: 38
DEBUG: src/lcthw/hashmap.c:Hashmap_get_node:205: TRY: 39
DEBUG: src/lcthw/hashmap.c:Hashmap_get_node:205: TRY: 40
DEBUG: src/lcthw/hashmap.c:Hashmap_get_node:205: TRY: 41
DEBUG: src/lcthw/hashmap.c:Hashmap_get_node:205: TRY: 42
DEBUG: src/lcthw/hashmap.c:Hashmap_get_node:205: TRY: 43
DEBUG: src/lcthw/hashmap.c:Hashmap_get_node:205: TRY: 44
DEBUG: src/lcthw/hashmap.c:Hashmap_get_node:205: TRY: 45
DEBUG: src/lcthw/hashmap.c:Hashmap_get_node:205: TRY: 0
DEBUG: src/lcthw/hashmap.c:Hashmap_get_node:205: TRY: 1
DEBUG: src/lcthw/hashmap.c:Hashmap_get_node:205: TRY: 2
DEBUG: src/lcthw/hashmap.c:Hashmap_get_node:205: TRY: 3
DEBUG: src/lcthw/hashmap.c:Hashmap_get_node:205: TRY: 4
DEBUG: src/lcthw/hashmap.c:Hashmap_get_node:205: TRY: 5
DEBUG: src/lcthw/hashmap.c:Hashmap_get_node:205: TRY: 6
DEBUG: src/lcthw/hashmap.c:Hashmap_get_node:205: TRY: 7
DEBUG: src/lcthw/hashmap.c:Hashmap_get_node:205: TRY: 8
DEBUG: src/lcthw/hashmap.c:Hashmap_get_node:205: TRY: 9
DEBUG: src/lcthw/hashmap.c:Hashmap_get_node:205: TRY: 10
DEBUG: src/lcthw/hashmap.c:Hashmap_get_node:205: TRY: 11
DEBUG: src/lcthw/hashmap.c:Hashmap_get_node:205: TRY: 12
DEBUG: src/lcthw/hashmap.c:Hashmap_get_node:205: TRY: 13
DEBUG: src/lcthw/hashmap.c:Hashmap_get_node:205: TRY: 14
DEBUG: src/lcthw/hashmap.c:Hashmap_get_node:205: TRY: 15
DEBUG: src/lcthw/hashmap.c:Hashmap_get_node:205: TRY: 16
DEBUG: src/lcthw/hashmap.c:Hashmap_get_node:205: TRY: 17
DEBUG: src/lcthw/hashmap.c:Hashmap_get_node:205: TRY: 18
DEBUG: src/lcthw/hashmap.c:Hashmap_get_node:205: TRY: 19
DEBUG: src/lcthw/hashmap.c:Hashmap_get_node:205: TRY: 20
DEBUG: src/lcthw/hashmap.c:Hashmap_get_node:205: TRY: 21
DEBUG: src/lcthw/hashmap.c:Hashmap_get_node:205: TRY: 22
DEBUG: src/lcthw/hashmap.c:Hashmap_get_node:205: TRY: 23
DEBUG: src/lcthw/hashmap.c:Hashmap_get_node:205: TRY: 24
DEBUG: src/lcthw/hashmap.c:Hashmap_get_node:205: TRY: 25
DEBUG: src/lcthw/hashmap.c:Hashmap_get_node:205: TRY: 26
DEBUG: src/lcthw/hashmap.c:Hashmap_get_node:205: TRY: 27
DEBUG: src/lcthw/hashmap.c:Hashmap_get_node:205: TRY: 28
DEBUG: src/lcthw/hashmap.c:Hashmap_get_node:205: TRY: 29
DEBUG: src/lcthw/hashmap.c:Hashmap_get_node:205: TRY: 30
DEBUG: src/lcthw/hashmap.c:Hashmap_get_node:205: TRY: 31
DEBUG: src/lcthw/hashmap.c:Hashmap_get_node:205: TRY: 32
DEBUG: src/lcthw/hashmap.c:Hashmap_get_node:205: TRY: 33
DEBUG: src/lcthw/hashmap.c:Hashmap_get_node:205: TRY: 34
DEBUG: src/lcthw/hashmap.c:Hashmap_get_node:205: TRY: 35
DEBUG: src/lcthw/hashmap.c:Hashmap_get_node:205: TRY: 36
DEBUG: src/lcthw/hashmap.c:Hashmap_get_node:205: TRY: 37
DEBUG: src/lcthw/hashmap.c:Hashmap_get_node:205: TRY: 38
DEBUG: src/lcthw/hashmap.c:Hashmap_get_node:205: TRY: 39
DEBUG: src/lcthw/hashmap.c:Hashmap_get_node:205: TRY: 40
DEBUG: src/lcthw/hashmap.c:Hashmap_get_node:205: TRY: 41
DEBUG: src/lcthw/hashmap.c:Hashmap_get_node:205: TRY: 42
DEBUG: src/lcthw/hashmap.c:Hashmap_get_node:205: TRY: 43
DEBUG: src/lcthw/hashmap.c:Hashmap_get_node:205: TRY: 44
DEBUG: src/lcthw/hashmap.c:Hashmap_get_node:205: TRY: 45
DEBUG: src/lcthw/hashmap.c:Hashmap_get_node:205: TRY: 46
DEBUG: src/lcthw/hashmap.c:Hashmap_get_node:205: TRY: 47
DEBUG: src/lcthw/hashmap.c:Hashmap_get_node:205: TRY: 48
DEBUG: src/lcthw/hashmap.c:Hashmap_get_node:205: TRY: 49
DEBUG: src/lcthw/hashmap.c:Hashmap_get_node:205: TRY: 50
DEBUG: src/lcthw/hashmap.c:Hashmap_get_node:205: TRY: 51
DEBUG: src/lcthw/hashmap.c:Hashmap_get_node:205: TRY: 52
DEBUG: src/lcthw/hashmap.c:Hashmap_get_node:205: TRY: 0
DEBUG: src/lcthw/hashmap.c:Hashmap_get_node:205: TRY: 1
DEBUG: src/lcthw/hashmap.c:Hashmap_get_node:205: TRY: 2
DEBUG: src/lcthw/hashmap.c:Hashmap_get_node:205: TRY: 3
DEBUG: src/lcthw/hashmap.c:Hashmap_get_node:205: TRY: 4
DEBUG: src/lcthw/hashmap.c:Hashmap_get_node:205: TRY: 5
DEBUG: src/lcthw/hashmap.c:Hashmap_get_node:205: TRY: 6
DEBUG: src/lcthw/hashmap.c:Hashmap_get_node:205: TRY: 7
DEBUG: src/lcthw/hashmap.c:Hashmap_get_node:205: TRY: 8
DEBUG: src/lcthw/hashmap.c:Hashmap_get_node:205: TRY: 9
DEBUG: src/lcthw/hashmap.c:Hashmap_get_node:205: TRY: 10
DEBUG: src/lcthw/hashmap.c:Hashmap_get_node:205: TRY: 11
DEBUG: src/lcthw/hashmap.c:Hashmap_get_node:205: TRY: 12
DEBUG: src/lcthw/hashmap.c:Hashmap_get_node:205: TRY: 13
DEBUG: src/lcthw/hashmap.c:Hashmap_get_node:205: TRY: 14
DEBUG: src/lcthw/hashmap.c:Hashmap_get_node:205: TRY: 15
DEBUG: src/lcthw/hashmap.c:Hashmap_get_node:205: TRY: 16
DEBUG: src/lcthw/hashmap.c:Hashmap_get_node:205: TRY: 17
DEBUG: src/lcthw/hashmap.c:Hashmap_get_node:205: TRY: 18
DEBUG: src/lcthw/hashmap.c:Hashmap_get_node:205: TRY: 19
DEBUG: src/lcthw/hashmap.c:Hashmap_get_node:205: TRY: 20
DEBUG: src/lcthw/hashmap.c:Hashmap_get_node:205: TRY: 21
DEBUG: src/lcthw/hashmap.c:Hashmap_get_node:205: TRY: 22
DEBUG: src/lcthw/hashmap.c:Hashmap_get_node:205: TRY: 23
DEBUG: src/lcthw/hashmap.c:Hashmap_get_node:205: TRY: 24
DEBUG: src/lcthw/hashmap.c:Hashmap_get_node:205: TRY: 25
DEBUG: src/lcthw/hashmap.c:Hashmap_get_node:205: TRY: 26
DEBUG: src/lcthw/hashmap.c:Hashmap_get_node:205: TRY: 27
DEBUG: src/lcthw/hashmap.c:Hashmap_get_node:205: TRY: 28
DEBUG: src/lcthw/hashmap.c:Hashmap_get_node:205: TRY: 29
DEBUG: src/lcthw/hashmap.c:Hashmap_get_node:205: TRY: 30
DEBUG: src/lcthw/hashmap.c:Hashmap_get_node:205: TRY: 31
DEBUG: src/lcthw/hashmap.c:Hashmap_get_node:205: TRY: 32
DEBUG: src/lcthw/hashmap.c:Hashmap_get_node:205: TRY: 33
DEBUG: src/lcthw/hashmap.c:Hashmap_get_node:205: TRY: 34
DEBUG: src/lcthw/hashmap.c:Hashmap_get_node:205: TRY: 35
DEBUG: src/lcthw/hashmap.c:Hashmap_get_node:205: TRY: 36
DEBUG: src/lcthw/hashmap.c:Hashmap_get_node:205: TRY: 37
DEBUG: src/lcthw/hashmap.c:Hashmap_get_node:205: TRY: 38
DEBUG: src/lcthw/hashmap.c:Hashmap_get_node:205: TRY: 39
DEBUG: src/lcthw/hashmap.c:Hashmap_get_node:205: TRY: 40
DEBUG: src/lcthw/hashmap.c:Hashmap_get_node:205: TRY: 41
DEBUG: src/lcthw/hashmap.c:Hashmap_get_node:205: TRY: 42
DEBUG: src/lcthw/hashmap.c:Hashmap_get_node:205: TRY: 43
DEBUG: src/lcthw/hashmap.c:Hashmap_get_node:205: TRY: 0
DEBUG: src/lcthw/hashmap.c:Hashmap_get_node:205: TRY: 1
DEBUG: src/lcthw/hashmap.c:Hashmap_get_node:205: TRY: 2
DEBUG: src/lcthw/hashmap.c:Hashmap_get_node:205: TRY: 3
DEBUG: src/lcthw/hashmap.c:Hashmap_get_node:205: TRY: 4
DEBUG: src/lcthw/hashmap.c:Hashmap_get_node:205: TRY: 5
DEBUG: src/lcthw/hashmap.c:Hashmap_get_node:205: TRY: 6
DEBUG: src/lcthw/hashmap.c:Hashmap_get_node:205: TRY: 7
DEBUG: src/lcthw/hashmap.c:Hashmap_get_node:205: TRY: 8
DEBUG: src/lcthw/hashmap.c:Hashmap_get_node:205: TRY: 9
DEBUG: src/lcthw/hashmap.c:Hashmap_get_node:205: TRY: 10
DEBUG: src/lcthw/hashmap.c:Hashmap_get_node:205: TRY: 11
DEBUG: src/lcthw/hashmap.c:Hashmap_get_node:205: TRY: 12
DEBUG: src/lcthw/hashmap.c:Hashmap_get_node:205: TRY: 13
DEBUG: src/lcthw/hashmap.c:Hashmap_get_node:205: TRY: 14
DEBUG: src/lcthw/hashmap.c:Hashmap_get_node:205: TRY: 15
DEBUG: src/lcthw/hashmap.c:Hashmap_get_node:205: TRY: 16
DEBUG: src/lcthw/hashmap.c:Hashmap_get_node:205: TRY: 17
DEBUG: src/lcthw/hashmap.c:Hashmap_get_node:205: TRY: 18
DEBUG: src/lcthw/hashmap.c:Hashmap_get_node:205: TRY: 19
DEBUG: src/lcthw/hashmap.c:Hashmap_get_node:205: TRY: 20
DEBUG: src/lcthw/hashmap.c:Hashmap_get_node:205: TRY: 21
DEBUG: src/lcthw/hashmap.c:Hashmap_get_node:205: TRY: 22
DEBUG: src/lcthw/hashmap.c:Hashmap_get_node:205: TRY: 23
DEBUG: src/lcthw/hashmap.c:Hashmap_get_node:205: TRY: 24
DEBUG: src/lcthw/hashmap.c:Hashmap_get_node:205: TRY: 25
DEBUG: src/lcthw/hashmap.c:Hashmap_get_node:205: TRY: 26
DEBUG: src/lcthw/hashmap.c:Hashmap_get_node:205: TRY: 27
DEBUG: src/lcthw/hashmap.c:Hashmap_get_node:205: TRY: 28
DEBUG: src/lcthw/hashmap.c:Hashmap_get_node:205: TRY: 29
DEBUG: src/lcthw/hashmap.c:Hashmap_get_node:205: TRY: 30
DEBUG: src/lcthw/hashmap.c:Hashmap_get_node:205: TRY: 31
DEBUG: src/lcthw/hashmap.c:Hashmap_get_node:205: TRY: 32
DEBUG: src/lcthw/hashmap.c:Hashmap_get_node:205: TRY: 33
DEBUG: src/lcthw/hashmap.c:Hashmap_get_node:205: TRY: 34
DEBUG: src/lcthw/hashmap.c:Hashmap_get_node:205: TRY: 35
DEBUG: src/lcthw/hashmap.c:Hashmap_get_node:205: TRY: 36
DEBUG: src/lcthw/hashmap.c:Hashmap_get_node:205: TRY: 37
DEBUG: src/lcthw/hashmap.c:Hashmap_get_node:205: TRY: 38
DEBUG: src/lcthw/hashmap.c:Hashmap_get_node:205: TRY: 39
DEBUG: src/lcthw/hashmap.c:Hashmap_get_node:205: TRY: 40
DEBUG: src/lcthw/hashmap.c:Hashmap_get_node:205: TRY: 41
DEBUG: src/lcthw/hashmap.c:Hashmap_get_node:205: TRY: 42
DEBUG: src/lcthw/hashmap.c:Hashmap_get_node:205: TRY: 43
DEBUG: src/lcthw/hashmap.c:Hashmap_get_node:205: TRY: 44
DEBUG: src/lcthw/hashmap.c:Hashmap_get_node:205: TRY: 45
DEBUG: src/lcthw/hashmap.c:Hashmap_get_node:205: TRY: 46
DEBUG: src/lcthw/hashmap.c:Hashmap_get_node:205: TRY: 47
DEBUG: src/lcthw/hashmap.c:Hashmap_get_node:205: TRY: 48
DEBUG: src/lcthw/hashmap.c:Hashmap_get_node:205: TRY: 49
DEBUG: src/lcthw/hashmap.c:Hashmap_get_node:205: TRY: 50
DEBUG: src/lcthw/hashmap.c:Hashmap_get_node:205: TRY: 51
DEBUG: src/lcthw/hashmap.c:Hashmap_get_node:205: TRY: 52
DEBUG: src/lcthw/hashmap.c:Hashmap_get_node:205: TRY: 53
DEBUG: src/lcthw/hashmap.c:Hashmap_get_node:205: TRY: 54
DEBUG: src/lcthw/hashmap.c:Hashmap_get_node:205: TRY: 55
DEBUG: src/lcthw/hashmap.c:Hashmap_get_node:205: TRY: 56
DEBUG: src/lcthw/hashmap.c:Hashmap_get_node:205: TRY: 57
DEBUG: src/lcthw/hashmap.c:Hashmap_get_node:205: TRY: 58
DEBUG: src/lcthw/hashmap.c:Hashmap_get_node:205: TRY: 59
DEBUG: src/lcthw/hashmap.c:Hashmap_get_node:205: TRY: 60
DEBUG: src/lcthw/hashmap.c:Hashmap_get_node:205: TRY: 61
DEBUG: src/lcthw/hashmap.c:Hashmap_get_node:205: TRY: 62
DEBUG: src/lcthw/hashmap.c:Hashmap_get_node:205: TRY: 63
DEBUG: src/lcthw/hashmap.c:Hashmap_get_node:205: TRY: 64
DEBUG: src/lcthw/hashmap.c:Hashmap_get_node:205: TRY: 65
DEBUG: src/lcthw/hashmap.c:Hashmap_get_node:205: TRY: 66
DEBUG: src/lcthw/hashmap.c:Hashmap_get_node:205: TRY: 67
DEBUG: src/lcthw/hashmap.c:Hashmap_get_node:205: TRY: 68
DEBUG: src/lcthw/hashmap.c:Hashmap_get_node:205: TRY: 69
DEBUG: src/lcthw/hashmap.c:Hashmap_get_node:205: TRY: 70
DEBUG: src/lcthw/hashmap.c:Hashmap_get_node:205: TRY: 71
DEBUG: src/lcthw/hashmap.c:Hashmap_get_node:205: TRY: 72
DEBUG: src/lcthw/hashmap.c:Hashmap_get_node:205: TRY: 73
DEBUG: src/lcthw/hashmap.c:Hashmap_get_node:205: TRY: 0
DEBUG: src/lcthw/hashmap.c:Hashmap_get_node:205: TRY: 1
DEBUG: src/lcthw/hashmap.c:Hashmap_get_node:205: TRY: 2
DEBUG: src/lcthw/hashmap.c:Hashmap_get_node:205: TRY: 3
DEBUG: src/lcthw/hashmap.c:Hashmap_get_node:205: TRY: 4
DEBUG: src/lcthw/hashmap.c:Hashmap_get_node:205: TRY: 5
DEBUG: src/lcthw/hashmap.c:Hashmap_get_node:205: TRY: 6
DEBUG: src/lcthw/hashmap.c:Hashmap_get_node:205: TRY: 7
DEBUG: src/lcthw/hashmap.c:Hashmap_get_node:205: TRY: 8
DEBUG: src/lcthw/hashmap.c:Hashmap_get_node:205: TRY: 9
DEBUG: src/lcthw/hashmap.c:Hashmap_get_node:205: TRY: 10
DEBUG: src/lcthw/hashmap.c:Hashmap_get_node:205: TRY: 11
DEBUG: src/lcthw/hashmap.c:Hashmap_get_node:205: TRY: 12
DEBUG: src/lcthw/hashmap.c:Hashmap_get_node:205: TRY: 13
DEBUG: src/lcthw/hashmap.c:Hashmap_get_node:205: TRY: 14
DEBUG: src/lcthw/hashmap.c:Hashmap_get_node:205: TRY: 15
DEBUG: src/lcthw/hashmap.c:Hashmap_get_node:205: TRY: 16
DEBUG: src/lcthw/hashmap.c:Hashmap_get_node:205: TRY: 17
DEBUG: src/lcthw/hashmap.c:Hashmap_get_node:205: TRY: 18
DEBUG: src/lcthw/hashmap.c:Hashmap_get_node:205: TRY: 19
DEBUG: src/lcthw/hashmap.c:Hashmap_get_node:205: TRY: 20
DEBUG: src/lcthw/hashmap.c:Hashmap_get_node:205: TRY: 21
DEBUG: src/lcthw/hashmap.c:Hashmap_get_node:205: TRY: 22
DEBUG: src/lcthw/hashmap.c:Hashmap_get_node:205: TRY: 23
DEBUG: src/lcthw/hashmap.c:Hashmap_get_node:205: TRY: 24
DEBUG: src/lcthw/hashmap.c:Hashmap_get_node:205: TRY: 25
DEBUG: src/lcthw/hashmap.c:Hashmap_get_node:205: TRY: 26
DEBUG: src/lcthw/hashmap.c:Hashmap_get_node:205: TRY: 27
DEBUG: src/lcthw/hashmap.c:Hashmap_get_node:205: TRY: 28
DEBUG: src/lcthw/hashmap.c:Hashmap_get_node:205: TRY: 29
DEBUG: src/lcthw/hashmap.c:Hashmap_get_node:205: TRY: 30
DEBUG: src/lcthw/hashmap.c:Hashmap_get_node:205: TRY: 31
DEBUG: src/lcthw/hashmap.c:Hashmap_get_node:205: TRY: 32
DEBUG: src/lcthw/hashmap.c:Hashmap_get_node:205: TRY: 33
DEBUG: src/lcthw/hashmap.c:Hashmap_get_node:205: TRY: 34
DEBUG: src/lcthw/hashmap.c:Hashmap_get_node:205: TRY: 35
DEBUG: src/lcthw/hashmap.c:Hashmap_get_node:205: TRY: 36
DEBUG: src/lcthw/hashmap.c:Hashmap_get_node:205: TRY: 37
DEBUG: src/lcthw/hashmap.c:Hashmap_get_node:205: TRY: 38
DEBUG: src/lcthw/hashmap.c:Hashmap_get_node:205: TRY: 39
DEBUG: src/lcthw/hashmap.c:Hashmap_get_node:205: TRY: 40
DEBUG: src/lcthw/hashmap.c:Hashmap_get_node:205: TRY: 41
DEBUG: src/lcthw/hashmap.c:Hashmap_get_node:205: TRY: 42
DEBUG: src/lcthw/hashmap.c:Hashmap_get_node:205: TRY: 43
DEBUG: src/lcthw/hashmap.c:Hashmap_get_node:205: TRY: 44
DEBUG: src/lcthw/hashmap.c:Hashmap_get_node:205: TRY: 45
DEBUG: src/lcthw/hashmap.c:Hashmap_get_node:205: TRY: 46
DEBUG: src/lcthw/hashmap.c:Hashmap_get_node:205: TRY: 47
DEBUG: src/lcthw/hashmap.c:Hashmap_get_node:205: TRY: 48
DEBUG: src/lcthw/hashmap.c:Hashmap_get_node:205: TRY: 49
DEBUG: src/lcthw/hashmap.c:Hashmap_get_node:205: TRY: 0
DEBUG: src/lcthw/hashmap.c:Hashmap_get_node:205: TRY: 1
DEBUG: src/lcthw/hashmap.c:Hashmap_get_node:205: TRY: 2
DEBUG: src/lcthw/hashmap.c:Hashmap_get_node:205: TRY: 3
DEBUG: src/lcthw/hashmap.c:Hashmap_get_node:205: TRY: 4
DEBUG: src/lcthw/hashmap.c:Hashmap_get_node:205: TRY: 5
DEBUG: src/lcthw/hashmap.c:Hashmap_get_node:205: TRY: 6
DEBUG: src/lcthw/hashmap.c:Hashmap_get_node:205: TRY: 7
DEBUG: src/lcthw/hashmap.c:Hashmap_get_node:205: TRY: 8
DEBUG: src/lcthw/hashmap.c:Hashmap_get_node:205: TRY: 9
DEBUG: src/lcthw/hashmap.c:Hashmap_get_node:205: TRY: 10
DEBUG: src/lcthw/hashmap.c:Hashmap_get_node:205: TRY: 11
DEBUG: src/lcthw/hashmap.c:Hashmap_get_node:205: TRY: 12
DEBUG: src/lcthw/hashmap.c:Hashmap_get_node:205: TRY: 13
DEBUG: src/lcthw/hashmap.c:Hashmap_get_node:205: TRY: 14
DEBUG: src/lcthw/hashmap.c:Hashmap_get_node:205: TRY: 15
DEBUG: src/lcthw/hashmap.c:Hashmap_get_node:205: TRY: 16
DEBUG: src/lcthw/hashmap.c:Hashmap_get_node:205: TRY: 17
DEBUG: src/lcthw/hashmap.c:Hashmap_get_node:205: TRY: 18
DEBUG: src/lcthw/hashmap.c:Hashmap_get_node:205: TRY: 19
DEBUG: src/lcthw/hashmap.c:Hashmap_get_node:205: TRY: 20
DEBUG: src/lcthw/hashmap.c:Hashmap_get_node:205: TRY: 21
DEBUG: src/lcthw/hashmap.c:Hashmap_get_node:205: TRY: 22
DEBUG: src/lcthw/hashmap.c:Hashmap_get_node:205: TRY: 23
DEBUG: src/lcthw/hashmap.c:Hashmap_get_node:205: TRY: 24
DEBUG: src/lcthw/hashmap.c:Hashmap_get_node:205: TRY: 25
DEBUG: src/lcthw/hashmap.c:Hashmap_get_node:205: TRY: 26
DEBUG: src/lcthw/hashmap.c:Hashmap_get_node:205: TRY: 27
DEBUG: src/lcthw/hashmap.c:Hashmap_get_node:205: TRY: 28
DEBUG: src/lcthw/hashmap.c:Hashmap_get_node:205: TRY: 29
DEBUG: src/lcthw/hashmap.c:Hashmap_get_node:205: TRY: 30
DEBUG: src/lcthw/hashmap.c:Hashmap_get_node:205: TRY: 31
DEBUG: src/lcthw/hashmap.c:Hashmap_get_node:205: TRY: 32
DEBUG: src/lcthw/hashmap.c:Hashmap_get_node:205: TRY: 33
DEBUG: src/lcthw/hashmap.c:Hashmap_get_node:205: TRY: 34
DEBUG: src/lcthw/hashmap.c:Hashmap_get_node:205: TRY: 35
DEBUG: src/lcthw/hashmap.c:Hashmap_get_node:205: TRY: 36
DEBUG: src/lcthw/hashmap.c:Hashmap_get_node:205: TRY: 37
DEBUG: src/lcthw/hashmap.c:Hashmap_get_node:205: TRY: 38
DEBUG: src/lcthw/hashmap.c:Hashmap_get_node:205: TRY: 39
DEBUG: src/lcthw/hashmap.c:Hashmap_get_node:205: TRY: 40
DEBUG: src/lcthw/hashmap.c:Hashmap_get_node:205: TRY: 41
DEBUG: src/lcthw/hashmap.c:Hashmap_get_node:205: TRY: 42
DEBUG: src/lcthw/hashmap.c:Hashmap_get_node:205: TRY: 43
DEBUG: src/lcthw/hashmap.c:Hashmap_get_node:205: TRY: 44
DEBUG: src/lcthw/hashmap.c:Hashmap_get_node:205: TRY: 45
DEBUG: src/lcthw/hashmap.c:Hashmap_get_node:205: TRY: 46
DEBUG: src/lcthw/hashmap.c:Hashmap_get_node:205: TRY: 47
DEBUG: src/lcthw/hashmap.c:Hashmap_get_node:205: TRY: 48
DEBUG: src/lcthw/hashmap.c:Hashmap_get_node:205: TRY: 49
DEBUG: src/lcthw/hashmap.c:Hashmap_get_node:205: TRY: 50
DEBUG: src/lcthw/hashmap.c:Hashmap_get_node:205: TRY: 51
DEBUG: src/lcthw/hashmap.c:Hashmap_get_node:205: TRY: 52
DEBUG: src/lcthw/hashmap.c:Hashmap_get_node:205: TRY: 53
DEBUG: src/lcthw/hashmap.c:Hashmap_get_node:205: TRY: 0
DEBUG: src/lcthw/hashmap.c:Hashmap_get_node:205: TRY: 1
DEBUG: src/lcthw/hashmap.c:Hashmap_get_node:205: TRY: 2
DEBUG: src/lcthw/hashmap.c:Hashmap_get_node:205: TRY: 3
DEBUG: src/lcthw/hashmap.c:Hashmap_get_node:205: TRY: 4
DEBUG: src/lcthw/hashmap.c:Hashmap_get_node:205: TRY: 5
DEBUG: src/lcthw/hashmap.c:Hashmap_get_node:205: TRY: 6
DEBUG: src/lcthw/hashmap.c:Hashmap_get_node:205: TRY: 7
DEBUG: src/lcthw/hashmap.c:Hashmap_get_node:205: TRY: 8
DEBUG: src/lcthw/hashmap.c:Hashmap_get_node:205: TRY: 9
DEBUG: src/lcthw/hashmap.c:Hashmap_get_node:205: TRY: 10
DEBUG: src/lcthw/hashmap.c:Hashmap_get_node:205: TRY: 11
DEBUG: src/lcthw/hashmap.c:Hashmap_get_node:205: TRY: 12
DEBUG: src/lcthw/hashmap.c:Hashmap_get_node:205: TRY: 13
DEBUG: src/lcthw/hashmap.c:Hashmap_get_node:205: TRY: 14
DEBUG: src/lcthw/hashmap.c:Hashmap_get_node:205: TRY: 15
DEBUG: src/lcthw/hashmap.c:Hashmap_get_node:205: TRY: 16
DEBUG: src/lcthw/hashmap.c:Hashmap_get_node:205: TRY: 17
DEBUG: src/lcthw/hashmap.c:Hashmap_get_node:205: TRY: 18
DEBUG: src/lcthw/hashmap.c:Hashmap_get_node:205: TRY: 19
DEBUG: src/lcthw/hashmap.c:Hashmap_get_node:205: TRY: 20
DEBUG: src/lcthw/hashmap.c:Hashmap_get_node:205: TRY: 21
DEBUG: src/lcthw/hashmap.c:Hashmap_get_node:205: TRY: 22
DEBUG: src/lcthw/hashmap.c:Hashmap_get_node:205: TRY: 23
DEBUG: src/lcthw/hashmap.c:Hashmap_get_node:205: TRY: 24
DEBUG: src/lcthw/hashmap.c:Hashmap_get_node:205: TRY: 25
DEBUG: src/lcthw/hashmap.c:Hashmap_get_node:205: TRY: 26
DEBUG: src/lcthw/hashmap.c:Hashmap_get_node:205: TRY: 27
DEBUG: src/lcthw/hashmap.c:Hashmap_get_node:205: TRY: 28
DEBUG: src/lcthw/hashmap.c:Hashmap_get_node:205: TRY: 29
DEBUG: src/lcthw/hashmap.c:Hashmap_get_node:205: TRY: 30
DEBUG: src/lcthw/hashmap.c:Hashmap_get_node:205: TRY: 31
DEBUG: src/lcthw/hashmap.c:Hashmap_get_node:205: TRY: 32
DEBUG: src/lcthw/hashmap.c:Hashmap_get_node:205: TRY: 33
DEBUG: src/lcthw/hashmap.c:Hashmap_get_node:205: TRY: 34
DEBUG: src/lcthw/hashmap.c:Hashmap_get_node:205: TRY: 35
DEBUG: src/lcthw/hashmap.c:Hashmap_get_node:205: TRY: 36
DEBUG: src/lcthw/hashmap.c:Hashmap_get_node:205: TRY: 37
DEBUG: src/lcthw/hashmap.c:Hashmap_get_node:205: TRY: 38
DEBUG: src/lcthw/hashmap.c:Hashmap_get_node:205: TRY: 39
DEBUG: src/lcthw/hashmap.c:Hashmap_get_node:205: TRY: 40
DEBUG: src/lcthw/hashmap.c:Hashmap_get_node:205: TRY: 41
DEBUG: src/lcthw/hashmap.c:Hashmap_get_node:205: TRY: 42
DEBUG: src/lcthw/hashmap.c:Hashmap_get_node:205: TRY: 43
DEBUG: src/lcthw/hashmap.c:Hashmap_get_node:205: TRY: 44
DEBUG: src/lcthw/hashmap.c:Hashmap_get_node:205: TRY: 45
DEBUG: src/lcthw/hashmap.c:Hashmap_get_node:205: TRY: 46
DEBUG: src/lcthw/hashmap.c:Hashmap_get_node:205: TRY: 0
DEBUG: src/lcthw/hashmap.c:Hashmap_get_node:205: TRY: 1
DEBUG: src/lcthw/hashmap.c:Hashmap_get_node:205: TRY: 2
DEBUG: src/lcthw/hashmap.c:Hashmap_get_node:205: TRY: 3
DEBUG: src/lcthw/hashmap.c:Hashmap_get_node:205: TRY: 4
DEBUG: src/lcthw/hashmap.c:Hashmap_get_node:205: TRY: 5
DEBUG: src/lcthw/hashmap.c:Hashmap_get_node:205: TRY: 6
DEBUG: src/lcthw/hashmap.c:Hashmap_get_node:205: TRY: 7
DEBUG: src/lcthw/hashmap.c:Hashmap_get_node:205: TRY: 8
DEBUG: src/lcthw/hashmap.c:Hashmap_get_node:205: TRY: 9
DEBUG: src/lcthw/hashmap.c:Hashmap_get_node:205: TRY: 10
DEBUG: src/lcthw/hashmap.c:Hashmap_get_node:205: TRY: 11
DEBUG: src/lcthw/hashmap.c:Hashmap_get_node:205: TRY: 12
DEBUG: src/lcthw/hashmap.c:Hashmap_get_node:205: TRY: 13
DEBUG: src/lcthw/hashmap.c:Hashmap_get_node:205: TRY: 14
DEBUG: src/lcthw/hashmap.c:Hashmap_get_node:205: TRY: 15
DEBUG: src/lcthw/hashmap.c:Hashmap_get_node:205: TRY: 16
DEBUG: src/lcthw/hashmap.c:Hashmap_get_node:205: TRY: 17
DEBUG: src/lcthw/hashmap.c:Hashmap_get_node:205: TRY: 18
DEBUG: src/lcthw/hashmap.c:Hashmap_get_node:205: TRY: 19
DEBUG: src/lcthw/hashmap.c:Hashmap_get_node:205: TRY: 20
DEBUG: src/lcthw/hashmap.c:Hashmap_get_node:205: TRY: 21
DEBUG: src/lcthw/hashmap.c:Hashmap_get_node:205: TRY: 22
DEBUG: src/lcthw/hashmap.c:Hashmap_get_node:205: TRY: 23
DEBUG: src/lcthw/hashmap.c:Hashmap_get_node:205: TRY: 24
DEBUG: src/lcthw/hashmap.c:Hashmap_get_node:205: TRY: 25
DEBUG: src/lcthw/hashmap.c:Hashmap_get_node:205: TRY: 26
DEBUG: src/lcthw/hashmap.c:Hashmap_get_node:205: TRY: 27
DEBUG: src/lcthw/hashmap.c:Hashmap_get_node:205: TRY: 28
DEBUG: src/lcthw/hashmap.c:Hashmap_get_node:205: TRY: 29
DEBUG: src/lcthw/hashmap.c:Hashmap_get_node:205: TRY: 30
DEBUG: src/lcthw/hashmap.c:Hashmap_get_node:205: TRY: 31
DEBUG: src/lcthw/hashmap.c:Hashmap_get_node:205: TRY: 32
DEBUG: src/lcthw/hashmap.c:Hashmap_get_node:205: TRY: 33
DEBUG: src/lcthw/hashmap.c:Hashmap_get_node:205: TRY: 34
DEBUG: src/lcthw/hashmap.c:Hashmap_get_node:205: TRY: 35
DEBUG: src/lcthw/hashmap.c:Hashmap_get_node:205: TRY: 36
DEBUG: src/lcthw/hashmap.c:Hashmap_get_node:205: TRY: 37
DEBUG: src/lcthw/hashmap.c:Hashmap_get_node:205: TRY: 38
DEBUG: src/lcthw/hashmap.c:Hashmap_get_node:205: TRY: 39
DEBUG: src/lcthw/hashmap.c:Hashmap_get_node:205: TRY: 40
DEBUG: src/lcthw/hashmap.c:Hashmap_get_node:205: TRY: 41
DEBUG: src/lcthw/hashmap.c:Hashmap_get_node:205: TRY: 42
DEBUG: src/lcthw/hashmap.c:Hashmap_get_node:205: TRY: 43
DEBUG: src/lcthw/hashmap.c:Hashmap_get_node:205: TRY: 44
DEBUG: src/lcthw/hashmap.c:Hashmap_get_node:205: TRY: 45
DEBUG: src/lcthw/hashmap.c:Hashmap_get_node:205: TRY: 46
DEBUG: src/lcthw/hashmap.c:Hashmap_get_node:205: TRY: 47
DEBUG: src/lcthw/hashmap.c:Hashmap_get_node:205: TRY: 48
DEBUG: src/lcthw/hashmap.c:Hashmap_get_node:205: TRY: 49
DEBUG: src/lcthw/hashmap.c:Hashmap_get_node:205: TRY: 50
DEBUG: src/lcthw/hashmap.c:Hashmap_get_node:205: TRY: 51
DEBUG: src/lcthw/hashmap.c:Hashmap_get_node:205: TRY: 52
DEBUG: src/lcthw/hashmap.c:Hashmap_get_node:205: TRY: 53
DEBUG: src/lcthw/hashmap.c:Hashmap_get_node:205: TRY: 54
DEBUG: src/lcthw/hashmap.c:Hashmap_get_node:205: TRY: 0
DEBUG: src/lcthw/hashmap.c:Hashmap_get_node:205: TRY: 1
DEBUG: src/lcthw/hashmap.c:Hashmap_get_node:205: TRY: 2
DEBUG: src/lcthw/hashmap.c:Hashmap_get_node:205: TRY: 3
DEBUG: src/lcthw/hashmap.c:Hashmap_get_node:205: TRY: 4
DEBUG: src/lcthw/hashmap.c:Hashmap_get_node:205: TRY: 5
DEBUG: src/lcthw/hashmap.c:Hashmap_get_node:205: TRY: 6
DEBUG: src/lcthw/hashmap.c:Hashmap_get_node:205: TRY: 7
DEBUG: src/lcthw/hashmap.c:Hashmap_get_node:205: TRY: 8
DEBUG: src/lcthw/hashmap.c:Hashmap_get_node:205: TRY: 9
DEBUG: src/lcthw/hashmap.c:Hashmap_get_node:205: TRY: 10
DEBUG: src/lcthw/hashmap.c:Hashmap_get_node:205: TRY: 11
DEBUG: src/lcthw/hashmap.c:Hashmap_get_node:205: TRY: 12
DEBUG: src/lcthw/hashmap.c:Hashmap_get_node:205: TRY: 13
DEBUG: src/lcthw/hashmap.c:Hashmap_get_node:205: TRY: 14
DEBUG: src/lcthw/hashmap.c:Hashmap_get_node:205: TRY: 15
DEBUG: src/lcthw/hashmap.c:Hashmap_get_node:205: TRY: 16
DEBUG: src/lcthw/hashmap.c:Hashmap_get_node:205: TRY: 17
DEBUG: src/lcthw/hashmap.c:Hashmap_get_node:205: TRY: 18
DEBUG: src/lcthw/hashmap.c:Hashmap_get_node:205: TRY: 19
DEBUG: src/lcthw/hashmap.c:Hashmap_get_node:205: TRY: 20
DEBUG: src/lcthw/hashmap.c:Hashmap_get_node:205: TRY: 21
DEBUG: src/lcthw/hashmap.c:Hashmap_get_node:205: TRY: 22
DEBUG: src/lcthw/hashmap.c:Hashmap_get_node:205: TRY: 23
DEBUG: src/lcthw/hashmap.c:Hashmap_get_node:205: TRY: 24
DEBUG: src/lcthw/hashmap.c:Hashmap_get_node:205: TRY: 25
DEBUG: src/lcthw/hashmap.c:Hashmap_get_node:205: TRY: 26
DEBUG: src/lcthw/hashmap.c:Hashmap_get_node:205: TRY: 27
DEBUG: src/lcthw/hashmap.c:Hashmap_get_node:205: TRY: 28
DEBUG: src/lcthw/hashmap.c:Hashmap_get_node:205: TRY: 29
DEBUG: src/lcthw/hashmap.c:Hashmap_get_node:205: TRY: 30
DEBUG: src/lcthw/hashmap.c:Hashmap_get_node:205: TRY: 31
DEBUG: src/lcthw/hashmap.c:Hashmap_get_node:205: TRY: 32
DEBUG: src/lcthw/hashmap.c:Hashmap_get_node:205: TRY: 33
DEBUG: src/lcthw/hashmap.c:Hashmap_get_node:205: TRY: 34
DEBUG: src/lcthw/hashmap.c:Hashmap_get_node:205: TRY: 35
DEBUG: src/lcthw/hashmap.c:Hashmap_get_node:205: TRY: 36
DEBUG: src/lcthw/hashmap.c:Hashmap_get_node:205: TRY: 37
DEBUG: src/lcthw/hashmap.c:Hashmap_get_node:205: TRY: 38
DEBUG: src/lcthw/hashmap.c:Hashmap_get_node:205: TRY: 39
DEBUG: src/lcthw/hashmap.c:Hashmap_get_node:205: TRY: 40
DEBUG: src/lcthw/hashmap.c:Hashmap_get_node:205: TRY: 41
DEBUG: src/lcthw/hashmap.c:Hashmap_get_node:205: TRY: 0
DEBUG: src/lcthw/hashmap.c:Hashmap_get_node:205: TRY: 1
DEBUG: src/lcthw/hashmap.c:Hashmap_get_node:205: TRY: 2
DEBUG: src/lcthw/hashmap.c:Hashmap_get_node:205: TRY: 3
DEBUG: src/lcthw/hashmap.c:Hashmap_get_node:205: TRY: 4
DEBUG: src/lcthw/hashmap.c:Hashmap_get_node:205: TRY: 5
DEBUG: src/lcthw/hashmap.c:Hashmap_get_node:205: TRY: 6
DEBUG: src/lcthw/hashmap.c:Hashmap_get_node:205: TRY: 7
DEBUG: src/lcthw/hashmap.c:Hashmap_get_node:205: TRY: 8
DEBUG: src/lcthw/hashmap.c:Hashmap_get_node:205: TRY: 9
DEBUG: src/lcthw/hashmap.c:Hashmap_get_node:205: TRY: 10
DEBUG: src/lcthw/hashmap.c:Hashmap_get_node:205: TRY: 11
DEBUG: src/lcthw/hashmap.c:Hashmap_get_node:205: TRY: 12
DEBUG: src/lcthw/hashmap.c:Hashmap_get_node:205: TRY: 13
DEBUG: src/lcthw/hashmap.c:Hashmap_get_node:205: TRY: 14
DEBUG: src/lcthw/hashmap.c:Hashmap_get_node:205: TRY: 15
DEBUG: src/lcthw/hashmap.c:Hashmap_get_node:205: TRY: 16
DEBUG: src/lcthw/hashmap.c:Hashmap_get_node:205: TRY: 17
DEBUG: src/lcthw/hashmap.c:Hashmap_get_node:205: TRY: 18
DEBUG: src/lcthw/hashmap.c:Hashmap_get_node:205: TRY: 19
DEBUG: src/lcthw/hashmap.c:Hashmap_get_node:205: TRY: 20
DEBUG: src/lcthw/hashmap.c:Hashmap_get_node:205: TRY: 21
DEBUG: src/lcthw/hashmap.c:Hashmap_get_node:205: TRY: 22
DEBUG: src/lcthw/hashmap.c:Hashmap_get_node:205: TRY: 23
DEBUG: src/lcthw/hashmap.c:Hashmap_get_node:205: TRY: 24
DEBUG: src/lcthw/hashmap.c:Hashmap_get_node:205: TRY: 25
DEBUG: src/lcthw/hashmap.c:Hashmap_get_node:205: TRY: 26
DEBUG: src/lcthw/hashmap.c:Hashmap_get_node:205: TRY: 27
DEBUG: src/lcthw/hashmap.c:Hashmap_get_node:205: TRY: 28
DEBUG: src/lcthw/hashmap.c:Hashmap_get_node:205: TRY: 29
DEBUG: src/lcthw/hashmap.c:Hashmap_get_node:205: TRY: 30
DEBUG: src/lcthw/hashmap.c:Hashmap_get_node:205: TRY: 31
DEBUG: src/lcthw/hashmap.c:Hashmap_get_node:205: TRY: 32
DEBUG: src/lcthw/hashmap.c:Hashmap_get_node:205: TRY: 33
DEBUG: src/lcthw/hashmap.c:Hashmap_get_node:205: TRY: 34
DEBUG: src/lcthw/hashmap.c:Hashmap_get_node:205: TRY: 35
DEBUG: src/lcthw/hashmap.c:Hashmap_get_node:205: TRY: 36
DEBUG: src/lcthw/hashmap.c:Hashmap_get_node:205: TRY: 37
DEBUG: src/lcthw/hashmap.c:Hashmap_get_node:205: TRY: 0
DEBUG: src/lcthw/hashmap.c:Hashmap_get_node:205: TRY: 1
DEBUG: src/lcthw/hashmap.c:Hashmap_get_node:205: TRY: 2
DEBUG: src/lcthw/hashmap.c:Hashmap_get_node:205: TRY: 3
DEBUG: src/lcthw/hashmap.c:Hashmap_get_node:205: TRY: 4
DEBUG: src/lcthw/hashmap.c:Hashmap_get_node:205: TRY: 5
DEBUG: src/lcthw/hashmap.c:Hashmap_get_node:205: TRY: 6
DEBUG: src/lcthw/hashmap.c:Hashmap_get_node:205: TRY: 7
DEBUG: src/lcthw/hashmap.c:Hashmap_get_node:205: TRY: 8
DEBUG: src/lcthw/hashmap.c:Hashmap_get_node:205: TRY: 9
DEBUG: src/lcthw/hashmap.c:Hashmap_get_node:205: TRY: 10
DEBUG: src/lcthw/hashmap.c:Hashmap_get_node:205: TRY: 11
DEBUG: src/lcthw/hashmap.c:Hashmap_get_node:205: TRY: 12
DEBUG: src/lcthw/hashmap.c:Hashmap_get_node:205: TRY: 13
DEBUG: src/lcthw/hashmap.c:Hashmap_get_node:205: TRY: 14
DEBUG: src/lcthw/hashmap.c:Hashmap_get_node:205: TRY: 15
DEBUG: src/lcthw/hashmap.c:Hashmap_get_node:205: TRY: 16
DEBUG: src/lcthw/hashmap.c:Hashmap_get_node:205: TRY: 17
DEBUG: src/lcthw/hashmap.c:Hashmap_get_node:205: TRY: 18
DEBUG: src/lcthw/hashmap.c:Hashmap_get_node:205: TRY: 19
DEBUG: src/lcthw/hashmap.c:Hashmap_get_node:205: TRY: 20
DEBUG: src/lcthw/hashmap.c:Hashmap_get_node:205: TRY: 21
DEBUG: src/lcthw/hashmap.c:Hashmap_get_node:205: TRY: 22
DEBUG: src/lcthw/hashmap.c:Hashmap_get_node:205: TRY: 23
DEBUG: src/lcthw/hashmap.c:Hashmap_get_node:205: TRY: 24
DEBUG: src/lcthw/hashmap.c:Hashmap_get_node:205: TRY: 25
DEBUG: src/lcthw/hashmap.c:Hashmap_get_node:205: TRY: 26
DEBUG: src/lcthw/hashmap.c:Hashmap_get_node:205: TRY: 27
DEBUG: src/lcthw/hashmap.c:Hashmap_get_node:205: TRY: 28
DEBUG: src/lcthw/hashmap.c:Hashmap_get_node:205: TRY: 29
DEBUG: src/lcthw/hashmap.c:Hashmap_get_node:205: TRY: 30
DEBUG: src/lcthw/hashmap.c:Hashmap_get_node:205: TRY: 31
DEBUG: src/lcthw/hashmap.c:Hashmap_get_node:205: TRY: 32
DEBUG: src/lcthw/hashmap.c:Hashmap_get_node:205: TRY: 33
DEBUG: src/lcthw/hashmap.c:Hashmap_get_node:205: TRY: 34
DEBUG: src/lcthw/hashmap.c:Hashmap_get_node:205: TRY: 35
DEBUG: src/lcthw/hashmap.c:Hashmap_get_node:205: TRY: 36
DEBUG: src/lcthw/hashmap.c:Hashmap_get_node:205: TRY: 37
DEBUG: src/lcthw/hashmap.c:Hashmap_get_node:205: TRY: 38
DEBUG: src/lcthw/hashmap.c:Hashmap_get_node:205: TRY: 39
DEBUG: src/lcthw/hashmap.c:Hashmap_get_node:205: TRY: 40
DEBUG: src/lcthw/hashmap.c:Hashmap_get_node:205: TRY: 41
DEBUG: src/lcthw/hashmap.c:Hashmap_get_node:205: TRY: 42
DEBUG: src/lcthw/hashmap.c:Hashmap_get_node:205: TRY: 43
DEBUG: src/lcthw/hashmap.c:Hashmap_get_node:205: TRY: 44
DEBUG: src/lcthw/hashmap.c:Hashmap_get_node:205: TRY: 45
DEBUG: src/lcthw/hashmap.c:Hashmap_get_node:205: TRY: 46
DEBUG: src/lcthw/hashmap.c:Hashmap_get_node:205: TRY: 47
DEBUG: src/lcthw/hashmap.c:Hashmap_get_node:205: TRY: 48
DEBUG: src/lcthw/hashmap.c:Hashmap_get_node:205: TRY: 49
DEBUG: src/lcthw/hashmap.c:Hashmap_get_node:205: TRY: 50
DEBUG: src/lcthw/hashmap.c:Hashmap_get_node:205: TRY: 0
DEBUG: src/lcthw/hashmap.c:Hashmap_get_node:205: TRY: 1
DEBUG: src/lcthw/hashmap.c:Hashmap_get_node:205: TRY: 2
DEBUG: src/lcthw/hashmap.c:Hashmap_get_node:205: TRY: 3
DEBUG: src/lcthw/hashmap.c:Hashmap_get_node:205: TRY: 4
DEBUG: src/lcthw/hashmap.c:Hashmap_get_node:205: TRY: 5
DEBUG: src/lcthw/hashmap.c:Hashmap_get_node:205: TRY: 6
DEBUG: src/lcthw/hashmap.c:Hashmap_get_node:205: TRY: 7
DEBUG: src/lcthw/hashmap.c:Hashmap_get_node:205: TRY: 8
DEBUG: src/lcthw/hashmap.c:Hashmap_get_node:205: TRY: 9
DEBUG: src/lcthw/hashmap.c:Hashmap_get_node:205: TRY: 10
DEBUG: src/lcthw/hashmap.c:Hashmap_get_node:205: TRY: 11
DEBUG: src/lcthw/hashmap.c:Hashmap_get_node:205: TRY: 12
DEBUG: src/lcthw/hashmap.c:Hashmap_get_node:205: TRY: 13
DEBUG: src/lcthw/hashmap.c:Hashmap_get_node:205: TRY: 14
DEBUG: src/lcthw/hashmap.c:Hashmap_get_node:205: TRY: 15
DEBUG: src/lcthw/hashmap.c:Hashmap_get_node:205: TRY: 16
DEBUG: src/lcthw/hashmap.c:Hashmap_get_node:205: TRY: 17
DEBUG: src/lcthw/hashmap.c:Hashmap_get_node:205: TRY: 18
DEBUG: src/lcthw/hashmap.c:Hashmap_get_node:205: TRY: 19
DEBUG: src/lcthw/hashmap.c:Hashmap_get_node:205: TRY: 20
DEBUG: src/lcthw/hashmap.c:Hashmap_get_node:205: TRY: 21
DEBUG: src/lcthw/hashmap.c:Hashmap_get_node:205: TRY: 22
DEBUG: src/lcthw/hashmap.c:Hashmap_get_node:205: TRY: 23
DEBUG: src/lcthw/hashmap.c:Hashmap_get_node:205: TRY: 24
DEBUG: src/lcthw/hashmap.c:Hashmap_get_node:205: TRY: 25
DEBUG: src/lcthw/hashmap.c:Hashmap_get_node:205: TRY: 26
DEBUG: src/lcthw/hashmap.c:Hashmap_get_node:205: TRY: 27
DEBUG: src/lcthw/hashmap.c:Hashmap_get_node:205: TRY: 28
DEBUG: src/lcthw/hashmap.c:Hashmap_get_node:205: TRY: 29
DEBUG: src/lcthw/hashmap.c:Hashmap_get_node:205: TRY: 30
DEBUG: src/lcthw/hashmap.c:Hashmap_get_node:205: TRY: 31
DEBUG: src/lcthw/hashmap.c:Hashmap_get_node:205: TRY: 32
DEBUG: src/lcthw/hashmap.c:Hashmap_get_node:205: TRY: 33
DEBUG: src/lcthw/hashmap.c:Hashmap_get_node:205: TRY: 34
DEBUG: src/lcthw/hashmap.c:Hashmap_get_node:205: TRY: 35
DEBUG: src/lcthw/hashmap.c:Hashmap_get_node:205: TRY: 36
DEBUG: src/lcthw/hashmap.c:Hashmap_get_node:205: TRY: 37
DEBUG: src/lcthw/hashmap.c:Hashmap_get_node:205: TRY: 38
DEBUG: src/lcthw/hashmap.c:Hashmap_get_node:205: TRY: 0
DEBUG: src/lcthw/hashmap.c:Hashmap_get_node:205: TRY: 1
DEBUG: src/lcthw/hashmap.c:Hashmap_get_node:205: TRY: 2
DEBUG: src/lcthw/hashmap.c:Hashmap_get_node:205: TRY: 3
DEBUG: src/lcthw/hashmap.c:Hashmap_get_node:205: TRY: 4
DEBUG: src/lcthw/hashmap.c:Hashmap_get_node:205: TRY: 5
DEBUG: src/lcthw/hashmap.c:Hashmap_get_node:205: TRY: 6
DEBUG: src/lcthw/hashmap.c:Hashmap_get_node:205: TRY: 7
DEBUG: src/lcthw/hashmap.c:Hashmap_get_node:205: TRY: 8
DEBUG: src/lcthw/hashmap.c:Hashmap_get_node:205: TRY: 9
DEBUG: src/lcthw/hashmap.c:Hashmap_get_node:205: TRY: 10
DEBUG: src/lcthw/hashmap.c:Hashmap_get_node:205: TRY: 11
DEBUG: src/lcthw/hashmap.c:Hashmap_get_node:205: TRY: 12
DEBUG: src/lcthw/hashmap.c:Hashmap_get_node:205: TRY: 13
DEBUG: src/lcthw/hashmap.c:Hashmap_get_node:205: TRY: 14
DEBUG: src/lcthw/hashmap.c:Hashmap_get_node:205: TRY: 15
DEBUG: src/lcthw/hashmap.c:Hashmap_get_node:205: TRY: 16
DEBUG: src/lcthw/hashmap.c:Hashmap_get_node:205: TRY: 17
DEBUG: src/lcthw/hashmap.c:Hashmap_get_node:205: TRY: 18
DEBUG: src/lcthw/hashmap.c:Hashmap_get_node:205: TRY: 19
DEBUG: src/lcthw/hashmap.c:Hashmap_get_node:205: TRY: 20
DEBUG: src/lcthw/hashmap.c:Hashmap_get_node:205: TRY: 21
DEBUG: src/lcthw/hashmap.c:Hashmap_get_node:205: TRY: 22
DEBUG: src/lcthw/hashmap.c:Hashmap_get_node:205: TRY: 23
DEBUG: src/lcthw/hashmap.c:Hashmap_get_node:205: TRY: 24
DEBUG: src/lcthw/hashmap.c:Hashmap_get_node:205: TRY: 25
DEBUG: src/lcthw/hashmap.c:Hashmap_get_node:205: TRY: 26
DEBUG: src/lcthw/hashmap.c:Hashmap_get_node:205: TRY: 27
DEBUG: src/lcthw/hashmap.c:Hashmap_get_node:205: TRY: 28
DEBUG: src/lcthw/hashmap.c:Hashmap_get_node:205: TRY: 29
DEBUG: src/lcthw/hashmap.c:Hashmap_get_node:205: TRY: 30
DEBUG: src/lcthw/hashmap.c:Hashmap_get_node:205: TRY: 31
DEBUG: src/lcthw/hashmap.c:Hashmap_get_node:205: TRY: 32
DEBUG: src/lcthw/hashmap.c:Hashmap_get_node:205: TRY: 33
DEBUG: src/lcthw/hashmap.c:Hashmap_get_node:205: TRY: 34
DEBUG: src/lcthw/hashmap.c:Hashmap_get_node:205: TRY: 35
DEBUG: src/lcthw/hashmap.c:Hashmap_get_node:205: TRY: 36
DEBUG: src/lcthw/hashmap.c:Hashmap_get_node:205: TRY: 37
DEBUG: src/lcthw/hashmap.c:Hashmap_get_node:205: TRY: 38
DEBUG: src/lcthw/hashmap.c:Hashmap_get_node:205: TRY: 39
DEBUG: src/lcthw/hashmap.c:Hashmap_get_node:205: TRY: 40
DEBUG: src/lcthw/hashmap.c:Hashmap_get_node:205: TRY: 41
DEBUG: src/lcthw/hashmap.c:Hashmap_get_node:205: TRY: 42
DEBUG: src/lcthw/hashmap.c:Hashmap_get_node:205: TRY: 43
DEBUG: src/lcthw/hashmap.c:Hashmap_get_node:205: TRY: 44
DEBUG: src/lcthw/hashmap.c:Hashmap_get_node:205: TRY: 45
DEBUG: src/lcthw/hashmap.c:Hashmap_get_node:205: TRY: 46
DEBUG: src/lcthw/hashmap.c:Hashmap_get_node:205: TRY: 47
DEBUG: src/lcthw/hashmap.c:Hashmap_get_node:205: TRY: 48
DEBUG: src/lcthw/hashmap.c:Hashmap_get_node:205: TRY: 49
DEBUG: src/lcthw/hashmap.c:Hashmap_get_node:205: TRY: 50
DEBUG: src/lcthw/hashmap.c:Hashmap_get_node:205: TRY: 51
DEBUG: src/lcthw/hashmap.c:Hashmap_get_node:205: TRY: 52
DEBUG: src/lcthw/hashmap.c:Hashmap_get_node:205: TRY: 53
DEBUG: src/lcthw/hashmap.c:Hashmap_get_node:205: TRY: 54
DEBUG: src/lcthw/hashmap.c:Hashmap_get_node:205: TRY: 55
DEBUG: src/lcthw/hashmap.c:Hashmap_get_node:205: TRY: 56
DEBUG: src/lcthw/hashmap.c:Hashmap_get_node:205: TRY: 57
DEBUG: src/lcthw/hashmap.c:Hashmap_get_node:205: TRY: 58
DEBUG: src/lcthw/hashmap.c:Hashmap_get_node:205: TRY: 59
DEBUG: src/lcthw/hashmap.c:Hashmap_get_node:205: TRY: 60
DEBUG: src/lcthw/hashmap.c:Hashmap_get_node:205: TRY: 61
DEBUG: src/lcthw/hashmap.c:Hashmap_get_node:205: TRY: 62
DEBUG: src/lcthw/hashmap.c:Hashmap_get_node:205: TRY: 63
DEBUG: src/lcthw/hashmap.c:Hashmap_get_node:205: TRY: 64
DEBUG: src/lcthw/hashmap.c:Hashmap_get_node:205: TRY: 65
DEBUG: src/lcthw/hashmap.c:Hashmap_get_node:205: TRY: 66
DEBUG: src/lcthw/hashmap.c:Hashmap_get_node:205: TRY: 67
DEBUG: src/lcthw/hashmap.c:Hashmap_get_node:205: TRY: 68
DEBUG: src/lcthw/hashmap.c:Hashmap_get_node:205: TRY: 69
DEBUG: src/lcthw/hashmap.c:Hashmap_get_node:205: TRY: 70
DEBUG: src/lcthw/hashmap.c:Hashmap_get_node:205: TRY: 71
DEBUG: src/lcthw/hashmap.c:Hashmap_get_node:205: TRY: 72
DEBUG: src/lcthw/hashmap.c:Hashmap_get_node:205: TRY: 73
DEBUG: src/lcthw/hashmap.c:Hashmap_get_node:205: TRY: 74
DEBUG: src/lcthw/hashmap.c:Hashmap_get_node:205: TRY: 0
DEBUG: src/lcthw/hashmap.c:Hashmap_get_node:205: TRY: 1
DEBUG: src/lcthw/hashmap.c:Hashmap_get_node:205: TRY: 2
DEBUG: src/lcthw/hashmap.c:Hashmap_get_node:205: TRY: 3
DEBUG: src/lcthw/hashmap.c:Hashmap_get_node:205: TRY: 4
DEBUG: src/lcthw/hashmap.c:Hashmap_get_node:205: TRY: 5
DEBUG: src/lcthw/hashmap.c:Hashmap_get_node:205: TRY: 6
DEBUG: src/lcthw/hashmap.c:Hashmap_get_node:205: TRY: 7
DEBUG: src/lcthw/hashmap.c:Hashmap_get_node:205: TRY: 8
DEBUG: src/lcthw/hashmap.c:Hashmap_get_node:205: TRY: 9
DEBUG: src/lcthw/hashmap.c:Hashmap_get_node:205: TRY: 10
DEBUG: src/lcthw/hashmap.c:Hashmap_get_node:205: TRY: 11
DEBUG: src/lcthw/hashmap.c:Hashmap_get_node:205: TRY: 12
DEBUG: src/lcthw/hashmap.c:Hashmap_get_node:205: TRY: 13
DEBUG: src/lcthw/hashmap.c:Hashmap_get_node:205: TRY: 14
DEBUG: src/lcthw/hashmap.c:Hashmap_get_node:205: TRY: 15
DEBUG: src/lcthw/hashmap.c:Hashmap_get_node:205: TRY: 16
DEBUG: src/lcthw/hashmap.c:Hashmap_get_node:205: TRY: 17
DEBUG: src/lcthw/hashmap.c:Hashmap_get_node:205: TRY: 18
DEBUG: src/lcthw/hashmap.c:Hashmap_get_node:205: TRY: 19
DEBUG: src/lcthw/hashmap.c:Hashmap_get_node:205: TRY: 20
DEBUG: src/lcthw/hashmap.c:Hashmap_get_node:205: TRY: 21
DEBUG: src/lcthw/hashmap.c:Hashmap_get_node:205: TRY: 22
DEBUG: src/lcthw/hashmap.c:Hashmap_get_node:205: TRY: 23
DEBUG: src/lcthw/hashmap.c:Hashmap_get_node:205: TRY: 24
DEBUG: src/lcthw/hashmap.c:Hashmap_get_node:205: TRY: 25
DEBUG: src/lcthw/hashmap.c:Hashmap_get_node:205: TRY: 26
DEBUG: src/lcthw/hashmap.c:Hashmap_get_node:205: TRY: 27
DEBUG: src/lcthw/hashmap.c:Hashmap_get_node:205: TRY: 28
DEBUG: src/lcthw/hashmap.c:Hashmap_get_node:205: TRY: 29
DEBUG: src/lcthw/hashmap.c:Hashmap_get_node:205: TRY: 30
DEBUG: src/lcthw/hashmap.c:Hashmap_get_node:205: TRY: 31
DEBUG: src/lcthw/hashmap.c:Hashmap_get_node:205: TRY: 32
DEBUG: src/lcthw/hashmap.c:Hashmap_get_node:205: TRY: 33
DEBUG: src/lcthw/hashmap.c:Hashmap_get_node:205: TRY: 34
DEBUG: src/lcthw/hashmap.c:Hashmap_get_node:205: TRY: 35
DEBUG: src/lcthw/hashmap.c:Hashmap_get_node:205: TRY: 36
DEBUG: src/lcthw/hashmap.c:Hashmap_get_node:205: TRY: 37
DEBUG: src/lcthw/hashmap.c:Hashmap_get_node:205: TRY: 38
DEBUG: src/lcthw/hashmap.c:Hashmap_get_node:205: TRY: 39
DEBUG: src/lcthw/hashmap.c:Hashmap_get_node:205: TRY: 0
DEBUG: src/lcthw/hashmap.c:Hashmap_get_node:205: TRY: 1
DEBUG: src/lcthw/hashmap.c:Hashmap_get_node:205: TRY: 2
DEBUG: src/lcthw/hashmap.c:Hashmap_get_node:205: TRY: 3
DEBUG: src/lcthw/hashmap.c:Hashmap_get_node:205: TRY: 4
DEBUG: src/lcthw/hashmap.c:Hashmap_get_node:205: TRY: 5
DEBUG: src/lcthw/hashmap.c:Hashmap_get_node:205: TRY: 6
DEBUG: src/lcthw/hashmap.c:Hashmap_get_node:205: TRY: 7
DEBUG: src/lcthw/hashmap.c:Hashmap_get_node:205: TRY: 8
DEBUG: src/lcthw/hashmap.c:Hashmap_get_node:205: TRY: 9
DEBUG: src/lcthw/hashmap.c:Hashmap_get_node:205: TRY: 10
DEBUG: src/lcthw/hashmap.c:Hashmap_get_node:205: TRY: 11
DEBUG: src/lcthw/hashmap.c:Hashmap_get_node:205: TRY: 12
DEBUG: src/lcthw/hashmap.c:Hashmap_get_node:205: TRY: 13
DEBUG: src/lcthw/hashmap.c:Hashmap_get_node:205: TRY: 14
DEBUG: src/lcthw/hashmap.c:Hashmap_get_node:205: TRY: 15
DEBUG: src/lcthw/hashmap.c:Hashmap_get_node:205: TRY: 16
DEBUG: src/lcthw/hashmap.c:Hashmap_get_node:205: TRY: 17
DEBUG: src/lcthw/hashmap.c:Hashmap_get_node:205: TRY: 18
DEBUG: src/lcthw/hashmap.c:Hashmap_get_node:205: TRY: 19
DEBUG: src/lcthw/hashmap.c:Hashmap_get_node:205: TRY: 20
DEBUG: src/lcthw/hashmap.c:Hashmap_get_node:205: TRY: 21
DEBUG: src/lcthw/hashmap.c:Hashmap_get_node:205: TRY: 22
DEBUG: src/lcthw/hashmap.c:Hashmap_get_node:205: TRY: 23
DEBUG: src/lcthw/hashmap.c:Hashmap_get_node:205: TRY: 24
DEBUG: src/lcthw/hashmap.c:Hashmap_get_node:205: TRY: 25
DEBUG: src/lcthw/hashmap.c:Hashmap_get_node:205: TRY: 26
DEBUG: src/lcthw/hashmap.c:Hashmap_get_node:205: TRY: 27
DEBUG: src/lcthw/hashmap.c:Hashmap_get_node:205: TRY: 28
DEBUG: src/lcthw/hashmap.c:Hashmap_get_node:205: TRY: 29
DEBUG: src/lcthw/hashmap.c:Hashmap_get_node:205: TRY: 30
DEBUG: src/lcthw/hashmap.c:Hashmap_get_node:205: TRY: 31
DEBUG: src/lcthw/hashmap.c:Hashmap_get_node:205: TRY: 32
DEBUG: src/lcthw/hashmap.c:Hashmap_get_node:205: TRY: 33
DEBUG: src/lcthw/hashmap.c:Hashmap_get_node:205: TRY: 34
DEBUG: src/lcthw/hashmap.c:Hashmap_get_node:205: TRY: 35
DEBUG: src/lcthw/hashmap.c:Hashmap_get_node:205: TRY: 36
DEBUG: src/lcthw/hashmap.c:Hashmap_get_node:205: TRY: 37
DEBUG: src/lcthw/hashmap.c:Hashmap_get_node:205: TRY: 38
DEBUG: src/lcthw/hashmap.c:Hashmap_get_node:205: TRY: 39
DEBUG: src/lcthw/hashmap.c:Hashmap_get_node:205: TRY: 40
DEBUG: src/lcthw/hashmap.c:Hashmap_get_node:205: TRY: 41
DEBUG: src/lcthw/hashmap.c:Hashmap_get_node:205: TRY: 42
DEBUG: src/lcthw/hashmap.c:Hashmap_get_node:205: TRY: 43
DEBUG: src/lcthw/hashmap.c:Hashmap_get_node:205: TRY: 44
DEBUG: src/lcthw/hashmap.c:Hashmap_get_node:205: TRY: 45
DEBUG: src/lcthw/hashmap.c:Hashmap_get_node:205: TRY: 46
DEBUG: src/lcthw/hashmap.c:Hashmap_get_node:205: TRY: 47
DEBUG: src/lcthw/hashmap.c:Hashmap_get_node:205: TRY: 48
DEBUG: src/lcthw/hashmap.c:Hashmap_get_node:205: TRY: 49
DEBUG: src/lcthw/hashmap.c:Hashmap_get_node:205: TRY: 50
DEBUG: src/lcthw/hashmap.c:Hashmap_get_node:205: TRY: 51
DEBUG: src/lcthw/hashmap.c:Hashmap_get_node:205: TRY: 52
DEBUG: src/lcthw/hashmap.c:Hashmap_get_node:205: TRY: 53
DEBUG: src/lcthw/hashmap.c:Hashmap_get_node:205: TRY: 0
DEBUG: src/lcthw/hashmap.c:Hashmap_get_node:205: TRY: 1
DEBUG: src/lcthw/hashmap.c:Hashmap_get_node:205: TRY: 2
DEBUG: src/lcthw/hashmap.c:Hashmap_get_node:205: TRY: 3
DEBUG: src/lcthw/hashmap.c:Hashmap_get_node:205: TRY: 4
DEBUG: src/lcthw/hashmap.c:Hashmap_get_node:205: TRY: 5
DEBUG: src/lcthw/hashmap.c:Hashmap_get_node:205: TRY: 6
DEBUG: src/lcthw/hashmap.c:Hashmap_get_node:205: TRY: 7
DEBUG: src/lcthw/hashmap.c:Hashmap_get_node:205: TRY: 8
DEBUG: src/lcthw/hashmap.c:Hashmap_get_node:205: TRY: 9
DEBUG: src/lcthw/hashmap.c:Hashmap_get_node:205: TRY: 10
DEBUG: src/lcthw/hashmap.c:Hashmap_get_node:205: TRY: 11
DEBUG: src/lcthw/hashmap.c:Hashmap_get_node:205: TRY: 12
DEBUG: src/lcthw/hashmap.c:Hashmap_get_node:205: TRY: 13
DEBUG: src/lcthw/hashmap.c:Hashmap_get_node:205: TRY: 14
DEBUG: src/lcthw/hashmap.c:Hashmap_get_node:205: TRY: 15
DEBUG: src/lcthw/hashmap.c:Hashmap_get_node:205: TRY: 16
DEBUG: src/lcthw/hashmap.c:Hashmap_get_node:205: TRY: 17
DEBUG: src/lcthw/hashmap.c:Hashmap_get_node:205: TRY: 18
DEBUG: src/lcthw/hashmap.c:Hashmap_get_node:205: TRY: 19
DEBUG: src/lcthw/hashmap.c:Hashmap_get_node:205: TRY: 20
DEBUG: src/lcthw/hashmap.c:Hashmap_get_node:205: TRY: 21
DEBUG: src/lcthw/hashmap.c:Hashmap_get_node:205: TRY: 22
DEBUG: src/lcthw/hashmap.c:Hashmap_get_node:205: TRY: 23
DEBUG: src/lcthw/hashmap.c:Hashmap_get_node:205: TRY: 24
DEBUG: src/lcthw/hashmap.c:Hashmap_get_node:205: TRY: 25
DEBUG: src/lcthw/hashmap.c:Hashmap_get_node:205: TRY: 26
DEBUG: src/lcthw/hashmap.c:Hashmap_get_node:205: TRY: 27
DEBUG: src/lcthw/hashmap.c:Hashmap_get_node:205: TRY: 28
DEBUG: src/lcthw/hashmap.c:Hashmap_get_node:205: TRY: 29
DEBUG: src/lcthw/hashmap.c:Hashmap_get_node:205: TRY: 30
DEBUG: src/lcthw/hashmap.c:Hashmap_get_node:205: TRY: 31
DEBUG: src/lcthw/hashmap.c:Hashmap_get_node:205: TRY: 32
DEBUG: src/lcthw/hashmap.c:Hashmap_get_node:205: TRY: 33
DEBUG: src/lcthw/hashmap.c:Hashmap_get_node:205: TRY: 34
DEBUG: src/lcthw/hashmap.c:Hashmap_get_node:205: TRY: 35
DEBUG: src/lcthw/hashmap.c:Hashmap_get_node:205: TRY: 36
DEBUG: src/lcthw/hashmap.c:Hashmap_get_node:205: TRY: 37
DEBUG: src/lcthw/hashmap.c:Hashmap_get_node:205: TRY: 38
DEBUG: src/lcthw/hashmap.c:Hashmap_get_node:205: TRY: 39
DEBUG: src/lcthw/hashmap.c:Hashmap_get_node:205: TRY: 40
DEBUG: src/lcthw/hashmap.c:Hashmap_get_node:205: TRY: 41
DEBUG: src/lcthw/hashmap.c:Hashmap_get_node:205: TRY: 42
DEBUG: src/lcthw/hashmap.c:Hashmap_get_node:205: TRY: 0
DEBUG: src/lcthw/hashmap.c:Hashmap_get_node:205: TRY: 1
DEBUG: src/lcthw/hashmap.c:Hashmap_get_node:205: TRY: 2
DEBUG: src/lcthw/hashmap.c:Hashmap_get_node:205: TRY: 3
DEBUG: src/lcthw/hashmap.c:Hashmap_get_node:205: TRY: 4
DEBUG: src/lcthw/hashmap.c:Hashmap_get_node:205: TRY: 5
DEBUG: src/lcthw/hashmap.c:Hashmap_get_node:205: TRY: 6
DEBUG: src/lcthw/hashmap.c:Hashmap_get_node:205: TRY: 7
DEBUG: src/lcthw/hashmap.c:Hashmap_get_node:205: TRY: 8
DEBUG: src/lcthw/hashmap.c:Hashmap_get_node:205: TRY: 9
DEBUG: src/lcthw/hashmap.c:Hashmap_get_node:205: TRY: 10
DEBUG: src/lcthw/hashmap.c:Hashmap_get_node:205: TRY: 11
DEBUG: src/lcthw/hashmap.c:Hashmap_get_node:205: TRY: 12
DEBUG: src/lcthw/hashmap.c:Hashmap_get_node:205: TRY: 13
DEBUG: src/lcthw/hashmap.c:Hashmap_get_node:205: TRY: 14
DEBUG: src/lcthw/hashmap.c:Hashmap_get_node:205: TRY: 15
DEBUG: src/lcthw/hashmap.c:Hashmap_get_node:205: TRY: 16
DEBUG: src/lcthw/hashmap.c:Hashmap_get_node:205: TRY: 17
DEBUG: src/lcthw/hashmap.c:Hashmap_get_node:205: TRY: 18
DEBUG: src/lcthw/hashmap.c:Hashmap_get_node:205: TRY: 19
DEBUG: src/lcthw/hashmap.c:Hashmap_get_node:205: TRY: 20
DEBUG: src/lcthw/hashmap.c:Hashmap_get_node:205: TRY: 21
DEBUG: src/lcthw/hashmap.c:Hashmap_get_node:205: TRY: 22
DEBUG: src/lcthw/hashmap.c:Hashmap_get_node:205: TRY: 23
DEBUG: src/lcthw/hashmap.c:Hashmap_get_node:205: TRY: 24
DEBUG: src/lcthw/hashmap.c:Hashmap_get_node:205: TRY: 25
DEBUG: src/lcthw/hashmap.c:Hashmap_get_node:205: TRY: 26
DEBUG: src/lcthw/hashmap.c:Hashmap_get_node:205: TRY: 27
DEBUG: src/lcthw/hashmap.c:Hashmap_get_node:205: TRY: 28
DEBUG: src/lcthw/hashmap.c:Hashmap_get_node:205: TRY: 29
DEBUG: src/lcthw/hashmap.c:Hashmap_get_node:205: TRY: 30
DEBUG: src/lcthw/hashmap.c:Hashmap_get_node:205: TRY: 31
DEBUG: src/lcthw/hashmap.c:Hashmap_get_node:205: TRY: 32
DEBUG: src/lcthw/hashmap.c:Hashmap_get_node:205: TRY: 33
DEBUG: src/lcthw/hashmap.c:Hashmap_get_node:205: TRY: 34
DEBUG: src/lcthw/hashmap.c:Hashmap_get_node:205: TRY: 35
DEBUG: src/lcthw/hashmap.c:Hashmap_get_node:205: TRY: 36
DEBUG: src/lcthw/hashmap.c:Hashmap_get_node:205: TRY: 37
DEBUG: src/lcthw/hashmap.c:Hashmap_get_node:205: TRY: 38
DEBUG: src/lcthw/hashmap.c:Hashmap_get_node:205: TRY: 39
DEBUG: src/lcthw/hashmap.c:Hashmap_get_node:205: TRY: 40
DEBUG: src/lcthw/hashmap.c:Hashmap_get_node:205: TRY: 41
DEBUG: src/lcthw/hashmap.c:Hashmap_get_node:205: TRY: 42
DEBUG: src/lcthw/hashmap.c:Hashmap_get_node:205: TRY: 43
DEBUG: src/lcthw/hashmap.c:Hashmap_get_node:205: TRY: 0
DEBUG: src/lcthw/hashmap.c:Hashmap_get_node:205: TRY: 1
DEBUG: src/lcthw/hashmap.c:Hashmap_get_node:205: TRY: 2
DEBUG: src/lcthw/hashmap.c:Hashmap_get_node:205: TRY: 3
DEBUG: src/lcthw/hashmap.c:Hashmap_get_node:205: TRY: 4
DEBUG: src/lcthw/hashmap.c:Hashmap_get_node:205: TRY: 5
DEBUG: src/lcthw/hashmap.c:Hashmap_get_node:205: TRY: 6
DEBUG: src/lcthw/hashmap.c:Hashmap_get_node:205: TRY: 7
DEBUG: src/lcthw/hashmap.c:Hashmap_get_node:205: TRY: 8
DEBUG: src/lcthw/hashmap.c:Hashmap_get_node:205: TRY: 9
DEBUG: src/lcthw/hashmap.c:Hashmap_get_node:205: TRY: 10
DEBUG: src/lcthw/hashmap.c:Hashmap_get_node:205: TRY: 11
DEBUG: src/lcthw/hashmap.c:Hashmap_get_node:205: TRY: 12
DEBUG: src/lcthw/hashmap.c:Hashmap_get_node:205: TRY: 13
DEBUG: src/lcthw/hashmap.c:Hashmap_get_node:205: TRY: 14
DEBUG: src/lcthw/hashmap.c:Hashmap_get_node:205: TRY: 15
DEBUG: src/lcthw/hashmap.c:Hashmap_get_node:205: TRY: 16
DEBUG: src/lcthw/hashmap.c:Hashmap_get_node:205: TRY: 17
DEBUG: src/lcthw/hashmap.c:Hashmap_get_node:205: TRY: 18
DEBUG: src/lcthw/hashmap.c:Hashmap_get_node:205: TRY: 19
DEBUG: src/lcthw/hashmap.c:Hashmap_get_node:205: TRY: 20
DEBUG: src/lcthw/hashmap.c:Hashmap_get_node:205: TRY: 21
DEBUG: src/lcthw/hashmap.c:Hashmap_get_node:205: TRY: 22
DEBUG: src/lcthw/hashmap.c:Hashmap_get_node:205: TRY: 23
DEBUG: src/lcthw/hashmap.c:Hashmap_get_node:205: TRY: 24
DEBUG: src/lcthw/hashmap.c:Hashmap_get_node:205: TRY: 25
DEBUG: src/lcthw/hashmap.c:Hashmap_get_node:205: TRY: 26
DEBUG: src/lcthw/hashmap.c:Hashmap_get_node:205: TRY: 27
DEBUG: src/lcthw/hashmap.c:Hashmap_get_node:205: TRY: 28
DEBUG: src/lcthw/hashmap.c:Hashmap_get_node:205: TRY: 29
DEBUG: src/lcthw/hashmap.c:Hashmap_get_node:205: TRY: 30
DEBUG: src/lcthw/hashmap.c:Hashmap_get_node:205: TRY: 31
DEBUG: src/lcthw/hashmap.c:Hashmap_get_node:205: TRY: 32
DEBUG: src/lcthw/hashmap.c:Hashmap_get_node:205: TRY: 33
DEBUG: src/lcthw/hashmap.c:Hashmap_get_node:205: TRY: 34
DEBUG: src/lcthw/hashmap.c:Hashmap_get_node:205: TRY: 35
DEBUG: src/lcthw/hashmap.c:Hashmap_get_node:205: TRY: 36
DEBUG: src/lcthw/hashmap.c:Hashmap_get_node:205: TRY: 37
DEBUG: src/lcthw/hashmap.c:Hashmap_get_node:205: TRY: 38
DEBUG: src/lcthw/hashmap.c:Hashmap_get_node:205: TRY: 39
DEBUG: src/lcthw/hashmap.c:Hashmap_get_node:205: TRY: 40
DEBUG: src/lcthw/hashmap.c:Hashmap_get_node:205: TRY: 41
DEBUG: src/lcthw/hashmap.c:Hashmap_get_node:205: TRY: 42
DEBUG: src/lcthw/hashmap.c:Hashmap_get_node:205: TRY: 43
DEBUG: src/lcthw/hashmap.c:Hashmap_get_node:205: TRY: 44
DEBUG: src/lcthw/hashmap.c:Hashmap_get_node:205: TRY: 45
DEBUG: src/lcthw/hashmap.c:Hashmap_get_node:205: TRY: 46
DEBUG: src/lcthw/hashmap.c:Hashmap_get_node:205: TRY: 47
DEBUG: src/lcthw/hashmap.c:Hashmap_get_node:205: TRY: 0
DEBUG: src/lcthw/hashmap.c:Hashmap_get_node:205: TRY: 1
DEBUG: src/lcthw/hashmap.c:Hashmap_get_node:205: TRY: 2
DEBUG: src/lcthw/hashmap.c:Hashmap_get_node:205: TRY: 3
DEBUG: src/lcthw/hashmap.c:Hashmap_get_node:205: TRY: 4
DEBUG: src/lcthw/hashmap.c:Hashmap_get_node:205: TRY: 5
DEBUG: src/lcthw/hashmap.c:Hashmap_get_node:205: TRY: 6
DEBUG: src/lcthw/hashmap.c:Hashmap_get_node:205: TRY: 7
DEBUG: src/lcthw/hashmap.c:Hashmap_get_node:205: TRY: 8
DEBUG: src/lcthw/hashmap.c:Hashmap_get_node:205: TRY: 9
DEBUG: src/lcthw/hashmap.c:Hashmap_get_node:205: TRY: 10
DEBUG: src/lcthw/hashmap.c:Hashmap_get_node:205: TRY: 11
DEBUG: src/lcthw/hashmap.c:Hashmap_get_node:205: TRY: 12
DEBUG: src/lcthw/hashmap.c:Hashmap_get_node:205: TRY: 13
DEBUG: src/lcthw/hashmap.c:Hashmap_get_node:205: TRY: 14
DEBUG: src/lcthw/hashmap.c:Hashmap_get_node:205: TRY: 15
DEBUG: src/lcthw/hashmap.c:Hashmap_get_node:205: TRY: 16
DEBUG: src/lcthw/hashmap.c:Hashmap_get_node:205: TRY: 17
DEBUG: src/lcthw/hashmap.c:Hashmap_get_node:205: TRY: 18
DEBUG: src/lcthw/hashmap.c:Hashmap_get_node:205: TRY: 19
DEBUG: src/lcthw/hashmap.c:Hashmap_get_node:205: TRY: 20
DEBUG: src/lcthw/hashmap.c:Hashmap_get_node:205: TRY: 21
DEBUG: src/lcthw/hashmap.c:Hashmap_get_node:205: TRY: 22
DEBUG: src/lcthw/hashmap.c:Hashmap_get_node:205: TRY: 23
DEBUG: src/lcthw/hashmap.c:Hashmap_get_node:205: TRY: 24
DEBUG: src/lcthw/hashmap.c:Hashmap_get_node:205: TRY: 25
DEBUG: src/lcthw/hashmap.c:Hashmap_get_node:205: TRY: 26
DEBUG: src/lcthw/hashmap.c:Hashmap_get_node:205: TRY: 27
DEBUG: src/lcthw/hashmap.c:Hashmap_get_node:205: TRY: 28
DEBUG: src/lcthw/hashmap.c:Hashmap_get_node:205: TRY: 29
DEBUG: src/lcthw/hashmap.c:Hashmap_get_node:205: TRY: 30
DEBUG: src/lcthw/hashmap.c:Hashmap_get_node:205: TRY: 31
DEBUG: src/lcthw/hashmap.c:Hashmap_get_node:205: TRY: 32
DEBUG: src/lcthw/hashmap.c:Hashmap_get_node:205: TRY: 33
DEBUG: src/lcthw/hashmap.c:Hashmap_get_node:205: TRY: 34
DEBUG: src/lcthw/hashmap.c:Hashmap_get_node:205: TRY: 35
DEBUG: src/lcthw/hashmap.c:Hashmap_get_node:205: TRY: 36
DEBUG: src/lcthw/hashmap.c:Hashmap_get_node:205: TRY: 37
DEBUG: src/lcthw/hashmap.c:Hashmap_get_node:205: TRY: 38
DEBUG: src/lcthw/hashmap.c:Hashmap_get_node:205: TRY: 39
DEBUG: src/lcthw/hashmap.c:Hashmap_get_node:205: TRY: 40
DEBUG: src/lcthw/hashmap.c:Hashmap_get_node:205: TRY: 41
DEBUG: src/lcthw/hashmap.c:Hashmap_get_node:205: TRY: 42
DEBUG: src/lcthw/hashmap.c:Hashmap_get_node:205: TRY: 43
DEBUG: src/lcthw/hashmap.c:Hashmap_get_node:205: TRY: 44
DEBUG: src/lcthw/hashmap.c:Hashmap_get_node:205: TRY: 45
DEBUG: src/lcthw/hashmap.c:Hashmap_get_node:205: TRY: 46
DEBUG: src/lcthw/hashmap.c:Hashmap_get_node:205: TRY: 47
DEBUG: src/lcthw/hashmap.c:Hashmap_get_node:205: TRY: 48
DEBUG: src/lcthw/hashmap.c:Hashmap_get_node:205: TRY: 49
DEBUG: src/lcthw/hashmap.c:Hashmap_get_node:205: TRY: 50
DEBUG: src/lcthw/hashmap.c:Hashmap_get_node:205: TRY: 51
DEBUG: src/lcthw/hashmap.c:Hashmap_get_node:205: TRY: 0
DEBUG: src/lcthw/hashmap.c:Hashmap_get_node:205: TRY: 1
DEBUG: src/lcthw/hashmap.c:Hashmap_get_node:205: TRY: 2
DEBUG: src/lcthw/hashmap.c:Hashmap_get_node:205: TRY: 3
DEBUG: src/lcthw/hashmap.c:Hashmap_get_node:205: TRY: 4
DEBUG: src/lcthw/hashmap.c:Hashmap_get_node:205: TRY: 5
DEBUG: src/lcthw/hashmap.c:Hashmap_get_node:205: TRY: 6
DEBUG: src/lcthw/hashmap.c:Hashmap_get_node:205: TRY: 7
DEBUG: src/lcthw/hashmap.c:Hashmap_get_node:205: TRY: 8
DEBUG: src/lcthw/hashmap.c:Hashmap_get_node:205: TRY: 9
DEBUG: src/lcthw/hashmap.c:Hashmap_get_node:205: TRY: 10
DEBUG: src/lcthw/hashmap.c:Hashmap_get_node:205: TRY: 11
DEBUG: src/lcthw/hashmap.c:Hashmap_get_node:205: TRY: 12
DEBUG: src/lcthw/hashmap.c:Hashmap_get_node:205: TRY: 13
DEBUG: src/lcthw/hashmap.c:Hashmap_get_node:205: TRY: 14
DEBUG: src/lcthw/hashmap.c:Hashmap_get_node:205: TRY: 15
DEBUG: src/lcthw/hashmap.c:Hashmap_get_node:205: TRY: 16
DEBUG: src/lcthw/hashmap.c:Hashmap_get_node:205: TRY: 17
DEBUG: src/lcthw/hashmap.c:Hashmap_get_node:205: TRY: 18
DEBUG: src/lcthw/hashmap.c:Hashmap_get_node:205: TRY: 19
DEBUG: src/lcthw/hashmap.c:Hashmap_get_node:205: TRY: 20
DEBUG: src/lcthw/hashmap.c:Hashmap_get_node:205: TRY: 21
DEBUG: src/lcthw/hashmap.c:Hashmap_get_node:205: TRY: 22
DEBUG: src/lcthw/hashmap.c:Hashmap_get_node:205: TRY: 23
DEBUG: src/lcthw/hashmap.c:Hashmap_get_node:205: TRY: 24
DEBUG: src/lcthw/hashmap.c:Hashmap_get_node:205: TRY: 25
DEBUG: src/lcthw/hashmap.c:Hashmap_get_node:205: TRY: 26
DEBUG: src/lcthw/hashmap.c:Hashmap_get_node:205: TRY: 27
DEBUG: src/lcthw/hashmap.c:Hashmap_get_node:205: TRY: 28
DEBUG: src/lcthw/hashmap.c:Hashmap_get_node:205: TRY: 29
DEBUG: src/lcthw/hashmap.c:Hashmap_get_node:205: TRY: 30
DEBUG: src/lcthw/hashmap.c:Hashmap_get_node:205: TRY: 31
DEBUG: src/lcthw/hashmap.c:Hashmap_get_node:205: TRY: 32
DEBUG: src/lcthw/hashmap.c:Hashmap_get_node:205: TRY: 33
DEBUG: src/lcthw/hashmap.c:Hashmap_get_node:205: TRY: 34
DEBUG: src/lcthw/hashmap.c:Hashmap_get_node:205: TRY: 35
DEBUG: src/lcthw/hashmap.c:Hashmap_get_node:205: TRY: 36
DEBUG: src/lcthw/hashmap.c:Hashmap_get_node:205: TRY: 37
DEBUG: src/lcthw/hashmap.c:Hashmap_get_node:205: TRY: 38
DEBUG: src/lcthw/hashmap.c:Hashmap_get_node:205: TRY: 39
DEBUG: src/lcthw/hashmap.c:Hashmap_get_node:205: TRY: 40
DEBUG: src/lcthw/hashmap.c:Hashmap_get_node:205: TRY: 41
DEBUG: src/lcthw/hashmap.c:Hashmap_get_node:205: TRY: 42
DEBUG: src/lcthw/hashmap.c:Hashmap_get_node:205: TRY: 43
DEBUG: src/lcthw/hashmap.c:Hashmap_get_node:205: TRY: 0
DEBUG: src/lcthw/hashmap.c:Hashmap_get_node:205: TRY: 1
DEBUG: src/lcthw/hashmap.c:Hashmap_get_node:205: TRY: 2
DEBUG: src/lcthw/hashmap.c:Hashmap_get_node:205: TRY: 3
DEBUG: src/lcthw/hashmap.c:Hashmap_get_node:205: TRY: 4
DEBUG: src/lcthw/hashmap.c:Hashmap_get_node:205: TRY: 5
DEBUG: src/lcthw/hashmap.c:Hashmap_get_node:205: TRY: 6
DEBUG: src/lcthw/hashmap.c:Hashmap_get_node:205: TRY: 7
DEBUG: src/lcthw/hashmap.c:Hashmap_get_node:205: TRY: 8
DEBUG: src/lcthw/hashmap.c:Hashmap_get_node:205: TRY: 9
DEBUG: src/lcthw/hashmap.c:Hashmap_get_node:205: TRY: 10
DEBUG: src/lcthw/hashmap.c:Hashmap_get_node:205: TRY: 11
DEBUG: src/lcthw/hashmap.c:Hashmap_get_node:205: TRY: 12
DEBUG: src/lcthw/hashmap.c:Hashmap_get_node:205: TRY: 13
DEBUG: src/lcthw/hashmap.c:Hashmap_get_node:205: TRY: 14
DEBUG: src/lcthw/hashmap.c:Hashmap_get_node:205: TRY: 15
DEBUG: src/lcthw/hashmap.c:Hashmap_get_node:205: TRY: 16
DEBUG: src/lcthw/hashmap.c:Hashmap_get_node:205: TRY: 17
DEBUG: src/lcthw/hashmap.c:Hashmap_get_node:205: TRY: 18
DEBUG: src/lcthw/hashmap.c:Hashmap_get_node:205: TRY: 19
DEBUG: src/lcthw/hashmap.c:Hashmap_get_node:205: TRY: 20
DEBUG: src/lcthw/hashmap.c:Hashmap_get_node:205: TRY: 21
DEBUG: src/lcthw/hashmap.c:Hashmap_get_node:205: TRY: 22
DEBUG: src/lcthw/hashmap.c:Hashmap_get_node:205: TRY: 23
DEBUG: src/lcthw/hashmap.c:Hashmap_get_node:205: TRY: 24
DEBUG: src/lcthw/hashmap.c:Hashmap_get_node:205: TRY: 25
DEBUG: src/lcthw/hashmap.c:Hashmap_get_node:205: TRY: 26
DEBUG: src/lcthw/hashmap.c:Hashmap_get_node:205: TRY: 27
DEBUG: src/lcthw/hashmap.c:Hashmap_get_node:205: TRY: 28
DEBUG: src/lcthw/hashmap.c:Hashmap_get_node:205: TRY: 29
DEBUG: src/lcthw/hashmap.c:Hashmap_get_node:205: TRY: 30
DEBUG: src/lcthw/hashmap.c:Hashmap_get_node:205: TRY: 31
DEBUG: src/lcthw/hashmap.c:Hashmap_get_node:205: TRY: 32
DEBUG: src/lcthw/hashmap.c:Hashmap_get_node:205: TRY: 33
DEBUG: src/lcthw/hashmap.c:Hashmap_get_node:205: TRY: 34
DEBUG: src/lcthw/hashmap.c:Hashmap_get_node:205: TRY: 35
DEBUG: src/lcthw/hashmap.c:Hashmap_get_node:205: TRY: 36
DEBUG: src/lcthw/hashmap.c:Hashmap_get_node:205: TRY: 37
DEBUG: src/lcthw/hashmap.c:Hashmap_get_node:205: TRY: 38
DEBUG: src/lcthw/hashmap.c:Hashmap_get_node:205: TRY: 39
DEBUG: src/lcthw/hashmap.c:Hashmap_get_node:205: TRY: 40
DEBUG: src/lcthw/hashmap.c:Hashmap_get_node:205: TRY: 41
DEBUG: src/lcthw/hashmap.c:Hashmap_get_node:205: TRY: 42
DEBUG: src/lcthw/hashmap.c:Hashmap_get_node:205: TRY: 43
DEBUG: src/lcthw/hashmap.c:Hashmap_get_node:205: TRY: 44
DEBUG: src/lcthw/hashmap.c:Hashmap_get_node:205: TRY: 45
DEBUG: src/lcthw/hashmap.c:Hashmap_get_node:205: TRY: 46
DEBUG: src/lcthw/hashmap.c:Hashmap_get_node:205: TRY: 47
DEBUG: src/lcthw/hashmap.c:Hashmap_get_node:205: TRY: 48
DEBUG: src/lcthw/hashmap.c:Hashmap_get_node:205: TRY: 49
DEBUG: src/lcthw/hashmap.c:Hashmap_get_node:205: TRY: 50
DEBUG: src/lcthw/hashmap.c:Hashmap_get_node:205: TRY: 51
DEBUG: src/lcthw/hashmap.c:Hashmap_get_node:205: TRY: 52
DEBUG: src/lcthw/hashmap.c:Hashmap_get_node:205: TRY: 53
DEBUG: src/lcthw/hashmap.c:Hashmap_get_node:205: TRY: 54
DEBUG: src/lcthw/hashmap.c:Hashmap_get_node:205: TRY: 0
DEBUG: src/lcthw/hashmap.c:Hashmap_get_node:205: TRY: 1
DEBUG: src/lcthw/hashmap.c:Hashmap_get_node:205: TRY: 2
DEBUG: src/lcthw/hashmap.c:Hashmap_get_node:205: TRY: 3
DEBUG: src/lcthw/hashmap.c:Hashmap_get_node:205: TRY: 4
DEBUG: src/lcthw/hashmap.c:Hashmap_get_node:205: TRY: 5
DEBUG: src/lcthw/hashmap.c:Hashmap_get_node:205: TRY: 6
DEBUG: src/lcthw/hashmap.c:Hashmap_get_node:205: TRY: 7
DEBUG: src/lcthw/hashmap.c:Hashmap_get_node:205: TRY: 8
DEBUG: src/lcthw/hashmap.c:Hashmap_get_node:205: TRY: 9
DEBUG: src/lcthw/hashmap.c:Hashmap_get_node:205: TRY: 10
DEBUG: src/lcthw/hashmap.c:Hashmap_get_node:205: TRY: 11
DEBUG: src/lcthw/hashmap.c:Hashmap_get_node:205: TRY: 12
DEBUG: src/lcthw/hashmap.c:Hashmap_get_node:205: TRY: 13
DEBUG: src/lcthw/hashmap.c:Hashmap_get_node:205: TRY: 14
DEBUG: src/lcthw/hashmap.c:Hashmap_get_node:205: TRY: 15
DEBUG: src/lcthw/hashmap.c:Hashmap_get_node:205: TRY: 16
DEBUG: src/lcthw/hashmap.c:Hashmap_get_node:205: TRY: 17
DEBUG: src/lcthw/hashmap.c:Hashmap_get_node:205: TRY: 18
DEBUG: src/lcthw/hashmap.c:Hashmap_get_node:205: TRY: 19
DEBUG: src/lcthw/hashmap.c:Hashmap_get_node:205: TRY: 20
DEBUG: src/lcthw/hashmap.c:Hashmap_get_node:205: TRY: 21
DEBUG: src/lcthw/hashmap.c:Hashmap_get_node:205: TRY: 22
DEBUG: src/lcthw/hashmap.c:Hashmap_get_node:205: TRY: 23
DEBUG: src/lcthw/hashmap.c:Hashmap_get_node:205: TRY: 24
DEBUG: src/lcthw/hashmap.c:Hashmap_get_node:205: TRY: 25
DEBUG: src/lcthw/hashmap.c:Hashmap_get_node:205: TRY: 26
DEBUG: src/lcthw/hashmap.c:Hashmap_get_node:205: TRY: 27
DEBUG: src/lcthw/hashmap.c:Hashmap_get_node:205: TRY: 28
DEBUG: src/lcthw/hashmap.c:Hashmap_get_node:205: TRY: 29
DEBUG: src/lcthw/hashmap.c:Hashmap_get_node:205: TRY: 30
DEBUG: src/lcthw/hashmap.c:Hashmap_get_node:205: TRY: 31
DEBUG: src/lcthw/hashmap.c:Hashmap_get_node:205: TRY: 32
DEBUG: src/lcthw/hashmap.c:Hashmap_get_node:205: TRY: 33
DEBUG: src/lcthw/hashmap.c:Hashmap_get_node:205: TRY: 34
DEBUG: src/lcthw/hashmap.c:Hashmap_get_node:205: TRY: 35
DEBUG: src/lcthw/hashmap.c:Hashmap_get_node:205: TRY: 36
DEBUG: src/lcthw/hashmap.c:Hashmap_get_node:205: TRY: 37
DEBUG: src/lcthw/hashmap.c:Hashmap_get_node:205: TRY: 38
DEBUG: src/lcthw/hashmap.c:Hashmap_get_node:205: TRY: 39
DEBUG: src/lcthw/hashmap.c:Hashmap_get_node:205: TRY: 40
DEBUG: src/lcthw/hashmap.c:Hashmap_get_node:205: TRY: 41
DEBUG: src/lcthw/hashmap.c:Hashmap_get_node:205: TRY: 42
DEBUG: src/lcthw/hashmap.c:Hashmap_get_node:205: TRY: 43
DEBUG: src/lcthw/hashmap.c:Hashmap_get_node:205: TRY: 44
DEBUG: src/lcthw/hashmap.c:Hashmap_get_node:205: TRY: 45
DEBUG: src/lcthw/hashmap.c:Hashmap_get_node:205: TRY: 46
DEBUG: src/lcthw/hashmap.c:Hashmap_get_node:205: TRY: 47
DEBUG: src/lcthw/hashmap.c:Hashmap_get_node:205: TRY: 48
DEBUG: src/lcthw/hashmap.c:Hashmap_get_node:205: TRY: 49
DEBUG: src/lcthw/hashmap.c:Hashmap_get_node:205: TRY: 50
DEBUG: src/lcthw/hashmap.c:Hashmap_get_node:205: TRY: 51
DEBUG: src/lcthw/hashmap.c:Hashmap_get_node:205: TRY: 52
DEBUG: src/lcthw/hashmap.c:Hashmap_get_node:205: TRY: 53
DEBUG: src/lcthw/hashmap.c:Hashmap_get_node:205: TRY: 54
DEBUG: src/lcthw/hashmap.c:Hashmap_get_node:205: TRY: 55
DEBUG: src/lcthw/hashmap.c:Hashmap_get_node:205: TRY: 56
DEBUG: src/lcthw/hashmap.c:Hashmap_get_node:205: TRY: 57
DEBUG: src/lcthw/hashmap.c:Hashmap_get_node:205: TRY: 58
DEBUG: src/lcthw/hashmap.c:Hashmap_get_node:205: TRY: 59
DEBUG: src/lcthw/hashmap.c:Hashmap_get_node:205: TRY: 60
DEBUG: src/lcthw/hashmap.c:Hashmap_get_node:205: TRY: 61
DEBUG: src/lcthw/hashmap.c:Hashmap_get_node:205: TRY: 62
DEBUG: src/lcthw/hashmap.c:Hashmap_get_node:205: TRY: 63
DEBUG: src/lcthw/hashmap.c:Hashmap_get_node:205: TRY: 64
DEBUG: src/lcthw/hashmap.c:Hashmap_get_node:205: TRY: 65
DEBUG: src/lcthw/hashmap.c:Hashmap_get_node:205: TRY: 66
DEBUG: src/lcthw/hashmap.c:Hashmap_get_node:205: TRY: 67
DEBUG: src/lcthw/hashmap.c:Hashmap_get_node:205: TRY: 68
DEBUG: src/lcthw/hashmap.c:Hashmap_get_node:205: TRY: 69
DEBUG: src/lcthw/hashmap.c:Hashmap_get_node:205: TRY: 70
DEBUG: src/lcthw/hashmap.c:Hashmap_get_node:205: TRY: 71
DEBUG: src/lcthw/hashmap.c:Hashmap_get_node:205: TRY: 72
DEBUG: src/lcthw/hashmap.c:Hashmap_get_node:205: TRY: 73
DEBUG: src/lcthw/hashmap.c:Hashmap_get_node:205: TRY: 74
DEBUG: src/lcthw/hashmap.c:Hashmap_get_node:205: TRY: 75
DEBUG: src/lcthw/hashmap.c:Hashmap_get_node:205: TRY: 0
DEBUG: src/lcthw/hashmap.c:Hashmap_get_node:205: TRY: 1
DEBUG: src/lcthw/hashmap.c:Hashmap_get_node:205: TRY: 2
DEBUG: src/lcthw/hashmap.c:Hashmap_get_node:205: TRY: 3
DEBUG: src/lcthw/hashmap.c:Hashmap_get_node:205: TRY: 4
DEBUG: src/lcthw/hashmap.c:Hashmap_get_node:205: TRY: 5
DEBUG: src/lcthw/hashmap.c:Hashmap_get_node:205: TRY: 6
DEBUG: src/lcthw/hashmap.c:Hashmap_get_node:205: TRY: 7
DEBUG: src/lcthw/hashmap.c:Hashmap_get_node:205: TRY: 8
DEBUG: src/lcthw/hashmap.c:Hashmap_get_node:205: TRY: 9
DEBUG: src/lcthw/hashmap.c:Hashmap_get_node:205: TRY: 10
DEBUG: src/lcthw/hashmap.c:Hashmap_get_node:205: TRY: 11
DEBUG: src/lcthw/hashmap.c:Hashmap_get_node:205: TRY: 12
DEBUG: src/lcthw/hashmap.c:Hashmap_get_node:205: TRY: 13
DEBUG: src/lcthw/hashmap.c:Hashmap_get_node:205: TRY: 14
DEBUG: src/lcthw/hashmap.c:Hashmap_get_node:205: TRY: 15
DEBUG: src/lcthw/hashmap.c:Hashmap_get_node:205: TRY: 16
DEBUG: src/lcthw/hashmap.c:Hashmap_get_node:205: TRY: 17
DEBUG: src/lcthw/hashmap.c:Hashmap_get_node:205: TRY: 18
DEBUG: src/lcthw/hashmap.c:Hashmap_get_node:205: TRY: 19
DEBUG: src/lcthw/hashmap.c:Hashmap_get_node:205: TRY: 20
DEBUG: src/lcthw/hashmap.c:Hashmap_get_node:205: TRY: 21
DEBUG: src/lcthw/hashmap.c:Hashmap_get_node:205: TRY: 22
DEBUG: src/lcthw/hashmap.c:Hashmap_get_node:205: TRY: 23
DEBUG: src/lcthw/hashmap.c:Hashmap_get_node:205: TRY: 24
DEBUG: src/lcthw/hashmap.c:Hashmap_get_node:205: TRY: 25
DEBUG: src/lcthw/hashmap.c:Hashmap_get_node:205: TRY: 26
DEBUG: src/lcthw/hashmap.c:Hashmap_get_node:205: TRY: 27
DEBUG: src/lcthw/hashmap.c:Hashmap_get_node:205: TRY: 28
DEBUG: src/lcthw/hashmap.c:Hashmap_get_node:205: TRY: 29
DEBUG: src/lcthw/hashmap.c:Hashmap_get_node:205: TRY: 30
DEBUG: src/lcthw/hashmap.c:Hashmap_get_node:205: TRY: 31
DEBUG: src/lcthw/hashmap.c:Hashmap_get_node:205: TRY: 32
DEBUG: src/lcthw/hashmap.c:Hashmap_get_node:205: TRY: 33
DEBUG: src/lcthw/hashmap.c:Hashmap_get_node:205: TRY: 34
DEBUG: src/lcthw/hashmap.c:Hashmap_get_node:205: TRY: 35
DEBUG: src/lcthw/hashmap.c:Hashmap_get_node:205: TRY: 36
DEBUG: src/lcthw/hashmap.c:Hashmap_get_node:205: TRY: 37
DEBUG: src/lcthw/hashmap.c:Hashmap_get_node:205: TRY: 38
DEBUG: src/lcthw/hashmap.c:Hashmap_get_node:205: TRY: 39
DEBUG: src/lcthw/hashmap.c:Hashmap_get_node:205: TRY: 40
DEBUG: src/lcthw/hashmap.c:Hashmap_get_node:205: TRY: 41
DEBUG: src/lcthw/hashmap.c:Hashmap_get_node:205: TRY: 42
DEBUG: src/lcthw/hashmap.c:Hashmap_get_node:205: TRY: 43
DEBUG: src/lcthw/hashmap.c:Hashmap_get_node:205: TRY: 44
DEBUG: src/lcthw/hashmap.c:Hashmap_get_node:205: TRY: 0
DEBUG: src/lcthw/hashmap.c:Hashmap_get_node:205: TRY: 1
DEBUG: src/lcthw/hashmap.c:Hashmap_get_node:205: TRY: 2
DEBUG: src/lcthw/hashmap.c:Hashmap_get_node:205: TRY: 3
DEBUG: src/lcthw/hashmap.c:Hashmap_get_node:205: TRY: 4
DEBUG: src/lcthw/hashmap.c:Hashmap_get_node:205: TRY: 5
DEBUG: src/lcthw/hashmap.c:Hashmap_get_node:205: TRY: 6
DEBUG: src/lcthw/hashmap.c:Hashmap_get_node:205: TRY: 7
DEBUG: src/lcthw/hashmap.c:Hashmap_get_node:205: TRY: 8
DEBUG: src/lcthw/hashmap.c:Hashmap_get_node:205: TRY: 9
DEBUG: src/lcthw/hashmap.c:Hashmap_get_node:205: TRY: 10
DEBUG: src/lcthw/hashmap.c:Hashmap_get_node:205: TRY: 11
DEBUG: src/lcthw/hashmap.c:Hashmap_get_node:205: TRY: 12
DEBUG: src/lcthw/hashmap.c:Hashmap_get_node:205: TRY: 13
DEBUG: src/lcthw/hashmap.c:Hashmap_get_node:205: TRY: 14
DEBUG: src/lcthw/hashmap.c:Hashmap_get_node:205: TRY: 15
DEBUG: src/lcthw/hashmap.c:Hashmap_get_node:205: TRY: 16
DEBUG: src/lcthw/hashmap.c:Hashmap_get_node:205: TRY: 17
DEBUG: src/lcthw/hashmap.c:Hashmap_get_node:205: TRY: 18
DEBUG: src/lcthw/hashmap.c:Hashmap_get_node:205: TRY: 19
DEBUG: src/lcthw/hashmap.c:Hashmap_get_node:205: TRY: 20
DEBUG: src/lcthw/hashmap.c:Hashmap_get_node:205: TRY: 21
DEBUG: src/lcthw/hashmap.c:Hashmap_get_node:205: TRY: 22
DEBUG: src/lcthw/hashmap.c:Hashmap_get_node:205: TRY: 23
DEBUG: src/lcthw/hashmap.c:Hashmap_get_node:205: TRY: 24
DEBUG: src/lcthw/hashmap.c:Hashmap_get_node:205: TRY: 25
DEBUG: src/lcthw/hashmap.c:Hashmap_get_node:205: TRY: 26
DEBUG: src/lcthw/hashmap.c:Hashmap_get_node:205: TRY: 27
DEBUG: src/lcthw/hashmap.c:Hashmap_get_node:205: TRY: 28
DEBUG: src/lcthw/hashmap.c:Hashmap_get_node:205: TRY: 29
DEBUG: src/lcthw/hashmap.c:Hashmap_get_node:205: TRY: 30
DEBUG: src/lcthw/hashmap.c:Hashmap_get_node:205: TRY: 31
DEBUG: src/lcthw/hashmap.c:Hashmap_get_node:205: TRY: 32
DEBUG: src/lcthw/hashmap.c:Hashmap_get_node:205: TRY: 33
DEBUG: src/lcthw/hashmap.c:Hashmap_get_node:205: TRY: 34
DEBUG: src/lcthw/hashmap.c:Hashmap_get_node:205: TRY: 35
DEBUG: src/lcthw/hashmap.c:Hashmap_get_node:205: TRY: 36
DEBUG: src/lcthw/hashmap.c:Hashmap_get_node:205: TRY: 37
DEBUG: src/lcthw/hashmap.c:Hashmap_get_node:205: TRY: 38
DEBUG: src/lcthw/hashmap.c:Hashmap_get_node:205: TRY: 39
DEBUG: src/lcthw/hashmap.c:Hashmap_get_node:205: TRY: 40
DEBUG: src/lcthw/hashmap.c:Hashmap_get_node:205: TRY: 41
DEBUG: src/lcthw/hashmap.c:Hashmap_get_node:205: TRY: 42
DEBUG: src/lcthw/hashmap.c:Hashmap_get_node:205: TRY: 43
DEBUG: src/lcthw/hashmap.c:Hashmap_get_node:205: TRY: 44
DEBUG: src/lcthw/hashmap.c:Hashmap_get_node:205: TRY: 0
DEBUG: src/lcthw/hashmap.c:Hashmap_get_node:205: TRY: 1
DEBUG: src/lcthw/hashmap.c:Hashmap_get_node:205: TRY: 2
DEBUG: src/lcthw/hashmap.c:Hashmap_get_node:205: TRY: 3
DEBUG: src/lcthw/hashmap.c:Hashmap_get_node:205: TRY: 4
DEBUG: src/lcthw/hashmap.c:Hashmap_get_node:205: TRY: 5
DEBUG: src/lcthw/hashmap.c:Hashmap_get_node:205: TRY: 6
DEBUG: src/lcthw/hashmap.c:Hashmap_get_node:205: TRY: 7
DEBUG: src/lcthw/hashmap.c:Hashmap_get_node:205: TRY: 8
DEBUG: src/lcthw/hashmap.c:Hashmap_get_node:205: TRY: 9
DEBUG: src/lcthw/hashmap.c:Hashmap_get_node:205: TRY: 10
DEBUG: src/lcthw/hashmap.c:Hashmap_get_node:205: TRY: 11
DEBUG: src/lcthw/hashmap.c:Hashmap_get_node:205: TRY: 12
DEBUG: src/lcthw/hashmap.c:Hashmap_get_node:205: TRY: 13
DEBUG: src/lcthw/hashmap.c:Hashmap_get_node:205: TRY: 14
DEBUG: src/lcthw/hashmap.c:Hashmap_get_node:205: TRY: 15
DEBUG: src/lcthw/hashmap.c:Hashmap_get_node:205: TRY: 16
DEBUG: src/lcthw/hashmap.c:Hashmap_get_node:205: TRY: 17
DEBUG: src/lcthw/hashmap.c:Hashmap_get_node:205: TRY: 18
DEBUG: src/lcthw/hashmap.c:Hashmap_get_node:205: TRY: 19
DEBUG: src/lcthw/hashmap.c:Hashmap_get_node:205: TRY: 20
DEBUG: src/lcthw/hashmap.c:Hashmap_get_node:205: TRY: 21
DEBUG: src/lcthw/hashmap.c:Hashmap_get_node:205: TRY: 22
DEBUG: src/lcthw/hashmap.c:Hashmap_get_node:205: TRY: 23
DEBUG: src/lcthw/hashmap.c:Hashmap_get_node:205: TRY: 24
DEBUG: src/lcthw/hashmap.c:Hashmap_get_node:205: TRY: 25
DEBUG: src/lcthw/hashmap.c:Hashmap_get_node:205: TRY: 26
DEBUG: src/lcthw/hashmap.c:Hashmap_get_node:205: TRY: 27
DEBUG: src/lcthw/hashmap.c:Hashmap_get_node:205: TRY: 28
DEBUG: src/lcthw/hashmap.c:Hashmap_get_node:205: TRY: 29
DEBUG: src/lcthw/hashmap.c:Hashmap_get_node:205: TRY: 30
DEBUG: src/lcthw/hashmap.c:Hashmap_get_node:205: TRY: 31
DEBUG: src/lcthw/hashmap.c:Hashmap_get_node:205: TRY: 32
DEBUG: src/lcthw/hashmap.c:Hashmap_get_node:205: TRY: 33
DEBUG: src/lcthw/hashmap.c:Hashmap_get_node:205: TRY: 34
DEBUG: src/lcthw/hashmap.c:Hashmap_get_node:205: TRY: 35
DEBUG: src/lcthw/hashmap.c:Hashmap_get_node:205: TRY: 36
DEBUG: src/lcthw/hashmap.c:Hashmap_get_node:205: TRY: 37
DEBUG: src/lcthw/hashmap.c:Hashmap_get_node:205: TRY: 38
DEBUG: src/lcthw/hashmap.c:Hashmap_get_node:205: TRY: 39
DEBUG: src/lcthw/hashmap.c:Hashmap_get_node:205: TRY: 40
DEBUG: src/lcthw/hashmap.c:Hashmap_get_node:205: TRY: 41
DEBUG: src/lcthw/hashmap.c:Hashmap_get_node:205: TRY: 42
DEBUG: src/lcthw/hashmap.c:Hashmap_get_node:205: TRY: 43
DEBUG: src/lcthw/hashmap.c:Hashmap_get_node:205: TRY: 44
DEBUG: src/lcthw/hashmap.c:Hashmap_get_node:205: TRY: 45
DEBUG: src/lcthw/hashmap.c:Hashmap_get_node:205: TRY: 46
DEBUG: src/lcthw/hashmap.c:Hashmap_get_node:205: TRY: 47
DEBUG: src/lcthw/hashmap.c:Hashmap_get_node:205: TRY: 48
DEBUG: src/lcthw/hashmap.c:Hashmap_get_node:205: TRY: 49
DEBUG: src/lcthw/hashmap.c:Hashmap_get_node:205: TRY: 50
DEBUG: src/lcthw/hashmap.c:Hashmap_get_node:205: TRY: 51
DEBUG: src/lcthw/hashmap.c:Hashmap_get_node:205: TRY: 52
DEBUG: src/lcthw/hashmap.c:Hashmap_get_node:205: TRY: 0
DEBUG: src/lcthw/hashmap.c:Hashmap_get_node:205: TRY: 1
DEBUG: src/lcthw/hashmap.c:Hashmap_get_node:205: TRY: 2
DEBUG: src/lcthw/hashmap.c:Hashmap_get_node:205: TRY: 3
DEBUG: src/lcthw/hashmap.c:Hashmap_get_node:205: TRY: 4
DEBUG: src/lcthw/hashmap.c:Hashmap_get_node:205: TRY: 5
DEBUG: src/lcthw/hashmap.c:Hashmap_get_node:205: TRY: 6
DEBUG: src/lcthw/hashmap.c:Hashmap_get_node:205: TRY: 7
DEBUG: src/lcthw/hashmap.c:Hashmap_get_node:205: TRY: 8
DEBUG: src/lcthw/hashmap.c:Hashmap_get_node:205: TRY: 9
DEBUG: src/lcthw/hashmap.c:Hashmap_get_node:205: TRY: 10
DEBUG: src/lcthw/hashmap.c:Hashmap_get_node:205: TRY: 11
DEBUG: src/lcthw/hashmap.c:Hashmap_get_node:205: TRY: 12
DEBUG: src/lcthw/hashmap.c:Hashmap_get_node:205: TRY: 13
DEBUG: src/lcthw/hashmap.c:Hashmap_get_node:205: TRY: 14
DEBUG: src/lcthw/hashmap.c:Hashmap_get_node:205: TRY: 15
DEBUG: src/lcthw/hashmap.c:Hashmap_get_node:205: TRY: 16
DEBUG: src/lcthw/hashmap.c:Hashmap_get_node:205: TRY: 17
DEBUG: src/lcthw/hashmap.c:Hashmap_get_node:205: TRY: 18
DEBUG: src/lcthw/hashmap.c:Hashmap_get_node:205: TRY: 19
DEBUG: src/lcthw/hashmap.c:Hashmap_get_node:205: TRY: 20
DEBUG: src/lcthw/hashmap.c:Hashmap_get_node:205: TRY: 21
DEBUG: src/lcthw/hashmap.c:Hashmap_get_node:205: TRY: 22
DEBUG: src/lcthw/hashmap.c:Hashmap_get_node:205: TRY: 23
DEBUG: src/lcthw/hashmap.c:Hashmap_get_node:205: TRY: 24
DEBUG: src/lcthw/hashmap.c:Hashmap_get_node:205: TRY: 25
DEBUG: src/lcthw/hashmap.c:Hashmap_get_node:205: TRY: 26
DEBUG: src/lcthw/hashmap.c:Hashmap_get_node:205: TRY: 27
DEBUG: src/lcthw/hashmap.c:Hashmap_get_node:205: TRY: 28
DEBUG: src/lcthw/hashmap.c:Hashmap_get_node:205: TRY: 29
DEBUG: src/lcthw/hashmap.c:Hashmap_get_node:205: TRY: 30
DEBUG: src/lcthw/hashmap.c:Hashmap_get_node:205: TRY: 31
DEBUG: src/lcthw/hashmap.c:Hashmap_get_node:205: TRY: 32
DEBUG: src/lcthw/hashmap.c:Hashmap_get_node:205: TRY: 33
DEBUG: src/lcthw/hashmap.c:Hashmap_get_node:205: TRY: 34
DEBUG: src/lcthw/hashmap.c:Hashmap_get_node:205: TRY: 35
DEBUG: src/lcthw/hashmap.c:Hashmap_get_node:205: TRY: 36
DEBUG: src/lcthw/hashmap.c:Hashmap_get_node:205: TRY: 37
DEBUG: src/lcthw/hashmap.c:Hashmap_get_node:205: TRY: 38
DEBUG: src/lcthw/hashmap.c:Hashmap_get_node:205: TRY: 39
DEBUG: src/lcthw/hashmap.c:Hashmap_get_node:205: TRY: 40
DEBUG: src/lcthw/hashmap.c:Hashmap_get_node:205: TRY: 0
DEBUG: src/lcthw/hashmap.c:Hashmap_get_node:205: TRY: 1
DEBUG: src/lcthw/hashmap.c:Hashmap_get_node:205: TRY: 2
DEBUG: src/lcthw/hashmap.c:Hashmap_get_node:205: TRY: 3
DEBUG: src/lcthw/hashmap.c:Hashmap_get_node:205: TRY: 4
DEBUG: src/lcthw/hashmap.c:Hashmap_get_node:205: TRY: 5
DEBUG: src/lcthw/hashmap.c:Hashmap_get_node:205: TRY: 6
DEBUG: src/lcthw/hashmap.c:Hashmap_get_node:205: TRY: 7
DEBUG: src/lcthw/hashmap.c:Hashmap_get_node:205: TRY: 8
DEBUG: src/lcthw/hashmap.c:Hashmap_get_node:205: TRY: 9
DEBUG: src/lcthw/hashmap.c:Hashmap_get_node:205: TRY: 10
DEBUG: src/lcthw/hashmap.c:Hashmap_get_node:205: TRY: 11
DEBUG: src/lcthw/hashmap.c:Hashmap_get_node:205: TRY: 12
DEBUG: src/lcthw/hashmap.c:Hashmap_get_node:205: TRY: 13
DEBUG: src/lcthw/hashmap.c:Hashmap_get_node:205: TRY: 14
DEBUG: src/lcthw/hashmap.c:Hashmap_get_node:205: TRY: 15
DEBUG: src/lcthw/hashmap.c:Hashmap_get_node:205: TRY: 16
DEBUG: src/lcthw/hashmap.c:Hashmap_get_node:205: TRY: 17
DEBUG: src/lcthw/hashmap.c:Hashmap_get_node:205: TRY: 18
DEBUG: src/lcthw/hashmap.c:Hashmap_get_node:205: TRY: 19
DEBUG: src/lcthw/hashmap.c:Hashmap_get_node:205: TRY: 20
DEBUG: src/lcthw/hashmap.c:Hashmap_get_node:205: TRY: 21
DEBUG: src/lcthw/hashmap.c:Hashmap_get_node:205: TRY: 22
DEBUG: src/lcthw/hashmap.c:Hashmap_get_node:205: TRY: 23
DEBUG: src/lcthw/hashmap.c:Hashmap_get_node:205: TRY: 24
DEBUG: src/lcthw/hashmap.c:Hashmap_get_node:205: TRY: 25
DEBUG: src/lcthw/hashmap.c:Hashmap_get_node:205: TRY: 26
DEBUG: src/lcthw/hashmap.c:Hashmap_get_node:205: TRY: 27
DEBUG: src/lcthw/hashmap.c:Hashmap_get_node:205: TRY: 28
DEBUG: src/lcthw/hashmap.c:Hashmap_get_node:205: TRY: 29
DEBUG: src/lcthw/hashmap.c:Hashmap_get_node:205: TRY: 30
DEBUG: src/lcthw/hashmap.c:Hashmap_get_node:205: TRY: 31
DEBUG: src/lcthw/hashmap.c:Hashmap_get_node:205: TRY: 32
DEBUG: src/lcthw/hashmap.c:Hashmap_get_node:205: TRY: 33
DEBUG: src/lcthw/hashmap.c:Hashmap_get_node:205: TRY: 34
DEBUG: src/lcthw/hashmap.c:Hashmap_get_node:205: TRY: 35
DEBUG: src/lcthw/hashmap.c:Hashmap_get_node:205: TRY: 36
DEBUG: src/lcthw/hashmap.c:Hashmap_get_node:205: TRY: 37
DEBUG: src/lcthw/hashmap.c:Hashmap_get_node:205: TRY: 38
DEBUG: src/lcthw/hashmap.c:Hashmap_get_node:205: TRY: 39
DEBUG: src/lcthw/hashmap.c:Hashmap_get_node:205: TRY: 40
DEBUG: src/lcthw/hashmap.c:Hashmap_get_node:205: TRY: 41
DEBUG: src/lcthw/hashmap.c:Hashmap_get_node:205: TRY: 42
DEBUG: src/lcthw/hashmap.c:Hashmap_get_node:205: TRY: 43
DEBUG: src/lcthw/hashmap.c:Hashmap_get_node:205: TRY: 44
DEBUG: src/lcthw/hashmap.c:Hashmap_get_node:205: TRY: 45
DEBUG: src/lcthw/hashmap.c:Hashmap_get_node:205: TRY: 46
DEBUG: src/lcthw/hashmap.c:Hashmap_get_node:205: TRY: 47
DEBUG: src/lcthw/hashmap.c:Hashmap_get_node:205: TRY: 48
DEBUG: src/lcthw/hashmap.c:Hashmap_get_node:205: TRY: 49
DEBUG: src/lcthw/hashmap.c:Hashmap_get_node:205: TRY: 50
DEBUG: src/lcthw/hashmap.c:Hashmap_get_node:205: TRY: 51
DEBUG: src/lcthw/hashmap.c:Hashmap_get_node:205: TRY: 52
DEBUG: src/lcthw/hashmap.c:Hashmap_get_node:205: TRY: 53
DEBUG: src/lcthw/hashmap.c:Hashmap_get_node:205: TRY: 54
DEBUG: src/lcthw/hashmap.c:Hashmap_get_node:205: TRY: 55
DEBUG: src/lcthw/hashmap.c:Hashmap_get_node:205: TRY: 56
DEBUG: src/lcthw/hashmap.c:Hashmap_get_node:205: TRY: 57
DEBUG: src/lcthw/hashmap.c:Hashmap_get_node:205: TRY: 58
DEBUG: src/lcthw/hashmap.c:Hashmap_get_node:205: TRY: 59
DEBUG: src/lcthw/hashmap.c:Hashmap_get_node:205: TRY: 60
DEBUG: src/lcthw/hashmap.c:Hashmap_get_node:205: TRY: 61
DEBUG: src/lcthw/hashmap.c:Hashmap_get_node:205: TRY: 62
DEBUG: src/lcthw/hashmap.c:Hashmap_get_node:205: TRY: 63
DEBUG: src/lcthw/hashmap.c:Hashmap_get_node:205: TRY: 64
DEBUG: src/lcthw/hashmap.c:Hashmap_get_node:205: TRY: 65
DEBUG: src/lcthw/hashmap.c:Hashmap_get_node:205: TRY: 66
DEBUG: src/lcthw/hashmap.c:Hashmap_get_node:205: TRY: 67
DEBUG: src/lcthw/hashmap.c:Hashmap_get_node:205: TRY: 68
DEBUG: src/lcthw/hashmap.c:Hashmap_get_node:205: TRY: 69
DEBUG: src/lcthw/hashmap.c:Hashmap_get_node:205: TRY: 70
DEBUG: src/lcthw/hashmap.c:Hashmap_get_node:205: TRY: 71
DEBUG: src/lcthw/hashmap.c:Hashmap_get_node:205: TRY: 72
DEBUG: src/lcthw/hashmap.c:Hashmap_get_node:205: TRY: 73
DEBUG: src/lcthw/hashmap.c:Hashmap_get_node:205: TRY: 74
DEBUG: src/lcthw/hashmap.c:Hashmap_get_node:205: TRY: 75
DEBUG: src/lcthw/hashmap.c:Hashmap_get_node:205: TRY: 76
DEBUG: src/lcthw/hashmap.c:Hashmap_get_node:205: TRY: 0
DEBUG: src/lcthw/hashmap.c:Hashmap_get_node:205: TRY: 1
DEBUG: src/lcthw/hashmap.c:Hashmap_get_node:205: TRY: 2
DEBUG: src/lcthw/hashmap.c:Hashmap_get_node:205: TRY: 3
DEBUG: src/lcthw/hashmap.c:Hashmap_get_node:205: TRY: 4
DEBUG: src/lcthw/hashmap.c:Hashmap_get_node:205: TRY: 5
DEBUG: src/lcthw/hashmap.c:Hashmap_get_node:205: TRY: 6
DEBUG: src/lcthw/hashmap.c:Hashmap_get_node:205: TRY: 7
DEBUG: src/lcthw/hashmap.c:Hashmap_get_node:205: TRY: 8
DEBUG: src/lcthw/hashmap.c:Hashmap_get_node:205: TRY: 9
DEBUG: src/lcthw/hashmap.c:Hashmap_get_node:205: TRY: 10
DEBUG: src/lcthw/hashmap.c:Hashmap_get_node:205: TRY: 11
DEBUG: src/lcthw/hashmap.c:Hashmap_get_node:205: TRY: 12
DEBUG: src/lcthw/hashmap.c:Hashmap_get_node:205: TRY: 13
DEBUG: src/lcthw/hashmap.c:Hashmap_get_node:205: TRY: 14
DEBUG: src/lcthw/hashmap.c:Hashmap_get_node:205: TRY: 15
DEBUG: src/lcthw/hashmap.c:Hashmap_get_node:205: TRY: 16
DEBUG: src/lcthw/hashmap.c:Hashmap_get_node:205: TRY: 17
DEBUG: src/lcthw/hashmap.c:Hashmap_get_node:205: TRY: 18
DEBUG: src/lcthw/hashmap.c:Hashmap_get_node:205: TRY: 19
DEBUG: src/lcthw/hashmap.c:Hashmap_get_node:205: TRY: 20
DEBUG: src/lcthw/hashmap.c:Hashmap_get_node:205: TRY: 21
DEBUG: src/lcthw/hashmap.c:Hashmap_get_node:205: TRY: 22
DEBUG: src/lcthw/hashmap.c:Hashmap_get_node:205: TRY: 23
DEBUG: src/lcthw/hashmap.c:Hashmap_get_node:205: TRY: 24
DEBUG: src/lcthw/hashmap.c:Hashmap_get_node:205: TRY: 25
DEBUG: src/lcthw/hashmap.c:Hashmap_get_node:205: TRY: 26
DEBUG: src/lcthw/hashmap.c:Hashmap_get_node:205: TRY: 27
DEBUG: src/lcthw/hashmap.c:Hashmap_get_node:205: TRY: 28
DEBUG: src/lcthw/hashmap.c:Hashmap_get_node:205: TRY: 29
DEBUG: src/lcthw/hashmap.c:Hashmap_get_node:205: TRY: 30
DEBUG: src/lcthw/hashmap.c:Hashmap_get_node:205: TRY: 31
DEBUG: src/lcthw/hashmap.c:Hashmap_get_node:205: TRY: 32
DEBUG: src/lcthw/hashmap.c:Hashmap_get_node:205: TRY: 33
DEBUG: src/lcthw/hashmap.c:Hashmap_get_node:205: TRY: 34
DEBUG: src/lcthw/hashmap.c:Hashmap_get_node:205: TRY: 35
DEBUG: src/lcthw/hashmap.c:Hashmap_get_node:205: TRY: 36
DEBUG: src/lcthw/hashmap.c:Hashmap_get_node:205: TRY: 37
DEBUG: src/lcthw/hashmap.c:Hashmap_get_node:205: TRY: 38
DEBUG: src/lcthw/hashmap.c:Hashmap_get_node:205: TRY: 39
DEBUG: src/lcthw/hashmap.c:Hashmap_get_node:205: TRY: 40
DEBUG: src/lcthw/hashmap.c:Hashmap_get_node:205: TRY: 41
DEBUG: src/lcthw/hashmap.c:Hashmap_get_node:205: TRY: 42
DEBUG: src/lcthw/hashmap.c:Hashmap_get_node:205: TRY: 43
DEBUG: src/lcthw/hashmap.c:Hashmap_get_node:205: TRY: 44
DEBUG: src/lcthw/hashmap.c:Hashmap_get_node:205: TRY: 45
DEBUG: src/lcthw/hashmap.c:Hashmap_get_node:205: TRY: 46
DEBUG: src/lcthw/hashmap.c:Hashmap_get_node:205: TRY: 47
DEBUG: src/lcthw/hashmap.c:Hashmap_get_node:205: TRY: 48
DEBUG: src/lcthw/hashmap.c:Hashmap_get_node:205: TRY: 49
DEBUG: src/lcthw/hashmap.c:Hashmap_get_node:205: TRY: 50
DEBUG: src/lcthw/hashmap.c:Hashmap_get_node:205: TRY: 51
DEBUG: src/lcthw/hashmap.c:Hashmap_get_node:205: TRY: 52
DEBUG: src/lcthw/hashmap.c:Hashmap_get_node:205: TRY: 53
DEBUG: src/lcthw/hashmap.c:Hashmap_get_node:205: TRY: 54
DEBUG: src/lcthw/hashmap.c:Hashmap_get_node:205: TRY: 55
DEBUG: src/lcthw/hashmap.c:Hashmap_get_node:205: TRY: 0
DEBUG: src/lcthw/hashmap.c:Hashmap_get_node:205: TRY: 1
DEBUG: src/lcthw/hashmap.c:Hashmap_get_node:205: TRY: 2
DEBUG: src/lcthw/hashmap.c:Hashmap_get_node:205: TRY: 3
DEBUG: src/lcthw/hashmap.c:Hashmap_get_node:205: TRY: 4
DEBUG: src/lcthw/hashmap.c:Hashmap_get_node:205: TRY: 5
DEBUG: src/lcthw/hashmap.c:Hashmap_get_node:205: TRY: 6
DEBUG: src/lcthw/hashmap.c:Hashmap_get_node:205: TRY: 7
DEBUG: src/lcthw/hashmap.c:Hashmap_get_node:205: TRY: 8
DEBUG: src/lcthw/hashmap.c:Hashmap_get_node:205: TRY: 9
DEBUG: src/lcthw/hashmap.c:Hashmap_get_node:205: TRY: 10
DEBUG: src/lcthw/hashmap.c:Hashmap_get_node:205: TRY: 11
DEBUG: src/lcthw/hashmap.c:Hashmap_get_node:205: TRY: 12
DEBUG: src/lcthw/hashmap.c:Hashmap_get_node:205: TRY: 13
DEBUG: src/lcthw/hashmap.c:Hashmap_get_node:205: TRY: 14
DEBUG: src/lcthw/hashmap.c:Hashmap_get_node:205: TRY: 15
DEBUG: src/lcthw/hashmap.c:Hashmap_get_node:205: TRY: 16
DEBUG: src/lcthw/hashmap.c:Hashmap_get_node:205: TRY: 17
DEBUG: src/lcthw/hashmap.c:Hashmap_get_node:205: TRY: 18
DEBUG: src/lcthw/hashmap.c:Hashmap_get_node:205: TRY: 19
DEBUG: src/lcthw/hashmap.c:Hashmap_get_node:205: TRY: 20
DEBUG: src/lcthw/hashmap.c:Hashmap_get_node:205: TRY: 21
DEBUG: src/lcthw/hashmap.c:Hashmap_get_node:205: TRY: 22
DEBUG: src/lcthw/hashmap.c:Hashmap_get_node:205: TRY: 23
DEBUG: src/lcthw/hashmap.c:Hashmap_get_node:205: TRY: 24
DEBUG: src/lcthw/hashmap.c:Hashmap_get_node:205: TRY: 25
DEBUG: src/lcthw/hashmap.c:Hashmap_get_node:205: TRY: 26
DEBUG: src/lcthw/hashmap.c:Hashmap_get_node:205: TRY: 27
DEBUG: src/lcthw/hashmap.c:Hashmap_get_node:205: TRY: 28
DEBUG: src/lcthw/hashmap.c:Hashmap_get_node:205: TRY: 29
DEBUG: src/lcthw/hashmap.c:Hashmap_get_node:205: TRY: 30
DEBUG: src/lcthw/hashmap.c:Hashmap_get_node:205: TRY: 31
DEBUG: src/lcthw/hashmap.c:Hashmap_get_node:205: TRY: 32
DEBUG: src/lcthw/hashmap.c:Hashmap_get_node:205: TRY: 33
DEBUG: src/lcthw/hashmap.c:Hashmap_get_node:205: TRY: 34
DEBUG: src/lcthw/hashmap.c:Hashmap_get_node:205: TRY: 35
DEBUG: src/lcthw/hashmap.c:Hashmap_get_node:205: TRY: 36
DEBUG: src/lcthw/hashmap.c:Hashmap_get_node:205: TRY: 37
DEBUG: src/lcthw/hashmap.c:Hashmap_get_node:205: TRY: 38
DEBUG: src/lcthw/hashmap.c:Hashmap_get_node:205: TRY: 39
DEBUG: src/lcthw/hashmap.c:Hashmap_get_node:205: TRY: 40
DEBUG: src/lcthw/hashmap.c:Hashmap_get_node:205: TRY: 41
DEBUG: src/lcthw/hashmap.c:Hashmap_get_node:205: TRY: 42
DEBUG: src/lcthw/hashmap.c:Hashmap_get_node:205: TRY: 43
DEBUG: src/lcthw/hashmap.c:Hashmap_get_node:205: TRY: 44
DEBUG: src/lcthw/hashmap.c:Hashmap_get_node:205: TRY: 45
DEBUG: src/lcthw/hashmap.c:Hashmap_get_node:205: TRY: 46
DEBUG: src/lcthw/hashmap.c:Hashmap_get_node:205: TRY: 47
DEBUG: src/lcthw/hashmap.c:Hashmap_get_node:205: TRY: 48
DEBUG: src/lcthw/hashmap.c:Hashmap_get_node:205: TRY: 49
DEBUG: src/lcthw/hashmap.c:Hashmap_get_node:205: TRY: 50
DEBUG: src/lcthw/hashmap.c:Hashmap_get_node:205: TRY: 51
DEBUG: src/lcthw/hashmap.c:Hashmap_get_node:205: TRY: 52
DEBUG: src/lcthw/hashmap.c:Hashmap_get_node:205: TRY: 53
DEBUG: src/lcthw/hashmap.c:Hashmap_get_node:205: TRY: 0
DEBUG: src/lcthw/hashmap.c:Hashmap_get_node:205: TRY: 1
DEBUG: src/lcthw/hashmap.c:Hashmap_get_node:205: TRY: 2
DEBUG: src/lcthw/hashmap.c:Hashmap_get_node:205: TRY: 3
DEBUG: src/lcthw/hashmap.c:Hashmap_get_node:205: TRY: 4
DEBUG: src/lcthw/hashmap.c:Hashmap_get_node:205: TRY: 5
DEBUG: src/lcthw/hashmap.c:Hashmap_get_node:205: TRY: 6
DEBUG: src/lcthw/hashmap.c:Hashmap_get_node:205: TRY: 7
DEBUG: src/lcthw/hashmap.c:Hashmap_get_node:205: TRY: 8
DEBUG: src/lcthw/hashmap.c:Hashmap_get_node:205: TRY: 9
DEBUG: src/lcthw/hashmap.c:Hashmap_get_node:205: TRY: 10
DEBUG: src/lcthw/hashmap.c:Hashmap_get_node:205: TRY: 11
DEBUG: src/lcthw/hashmap.c:Hashmap_get_node:205: TRY: 12
DEBUG: src/lcthw/hashmap.c:Hashmap_get_node:205: TRY: 13
DEBUG: src/lcthw/hashmap.c:Hashmap_get_node:205: TRY: 14
DEBUG: src/lcthw/hashmap.c:Hashmap_get_node:205: TRY: 15
DEBUG: src/lcthw/hashmap.c:Hashmap_get_node:205: TRY: 16
DEBUG: src/lcthw/hashmap.c:Hashmap_get_node:205: TRY: 17
DEBUG: src/lcthw/hashmap.c:Hashmap_get_node:205: TRY: 18
DEBUG: src/lcthw/hashmap.c:Hashmap_get_node:205: TRY: 19
DEBUG: src/lcthw/hashmap.c:Hashmap_get_node:205: TRY: 20
DEBUG: src/lcthw/hashmap.c:Hashmap_get_node:205: TRY: 21
DEBUG: src/lcthw/hashmap.c:Hashmap_get_node:205: TRY: 22
DEBUG: src/lcthw/hashmap.c:Hashmap_get_node:205: TRY: 23
DEBUG: src/lcthw/hashmap.c:Hashmap_get_node:205: TRY: 24
DEBUG: src/lcthw/hashmap.c:Hashmap_get_node:205: TRY: 25
DEBUG: src/lcthw/hashmap.c:Hashmap_get_node:205: TRY: 26
DEBUG: src/lcthw/hashmap.c:Hashmap_get_node:205: TRY: 27
DEBUG: src/lcthw/hashmap.c:Hashmap_get_node:205: TRY: 28
DEBUG: src/lcthw/hashmap.c:Hashmap_get_node:205: TRY: 29
DEBUG: src/lcthw/hashmap.c:Hashmap_get_node:205: TRY: 30
DEBUG: src/lcthw/hashmap.c:Hashmap_get_node:205: TRY: 31
DEBUG: src/lcthw/hashmap.c:Hashmap_get_node:205: TRY: 32
DEBUG: src/lcthw/hashmap.c:Hashmap_get_node:205: TRY: 33
DEBUG: src/lcthw/hashmap.c:Hashmap_get_node:205: TRY: 34
DEBUG: src/lcthw/hashmap.c:Hashmap_get_node:205: TRY: 35
DEBUG: src/lcthw/hashmap.c:Hashmap_get_node:205: TRY: 36
DEBUG: src/lcthw/hashmap.c:Hashmap_get_node:205: TRY: 37
DEBUG: src/lcthw/hashmap.c:Hashmap_get_node:205: TRY: 38
DEBUG: src/lcthw/hashmap.c:Hashmap_get_node:205: TRY: 39
DEBUG: src/lcthw/hashmap.c:Hashmap_get_node:205: TRY: 40
DEBUG: src/lcthw/hashmap.c:Hashmap_get_node:205: TRY: 41
DEBUG: src/lcthw/hashmap.c:Hashmap_get_node:205: TRY: 42
DEBUG: src/lcthw/hashmap.c:Hashmap_get_node:205: TRY: 43
DEBUG: src/lcthw/hashmap.c:Hashmap_get_node:205: TRY: 44
DEBUG: src/lcthw/hashmap.c:Hashmap_get_node:205: TRY: 0
DEBUG: src/lcthw/hashmap.c:Hashmap_get_node:205: TRY: 1
DEBUG: src/lcthw/hashmap.c:Hashmap_get_node:205: TRY: 2
DEBUG: src/lcthw/hashmap.c:Hashmap_get_node:205: TRY: 3
DEBUG: src/lcthw/hashmap.c:Hashmap_get_node:205: TRY: 4
DEBUG: src/lcthw/hashmap.c:Hashmap_get_node:205: TRY: 5
DEBUG: src/lcthw/hashmap.c:Hashmap_get_node:205: TRY: 6
DEBUG: src/lcthw/hashmap.c:Hashmap_get_node:205: TRY: 7
DEBUG: src/lcthw/hashmap.c:Hashmap_get_node:205: TRY: 8
DEBUG: src/lcthw/hashmap.c:Hashmap_get_node:205: TRY: 9
DEBUG: src/lcthw/hashmap.c:Hashmap_get_node:205: TRY: 10
DEBUG: src/lcthw/hashmap.c:Hashmap_get_node:205: TRY: 11
DEBUG: src/lcthw/hashmap.c:Hashmap_get_node:205: TRY: 12
DEBUG: src/lcthw/hashmap.c:Hashmap_get_node:205: TRY: 13
DEBUG: src/lcthw/hashmap.c:Hashmap_get_node:205: TRY: 14
DEBUG: src/lcthw/hashmap.c:Hashmap_get_node:205: TRY: 15
DEBUG: src/lcthw/hashmap.c:Hashmap_get_node:205: TRY: 16
DEBUG: src/lcthw/hashmap.c:Hashmap_get_node:205: TRY: 17
DEBUG: src/lcthw/hashmap.c:Hashmap_get_node:205: TRY: 18
DEBUG: src/lcthw/hashmap.c:Hashmap_get_node:205: TRY: 19
DEBUG: src/lcthw/hashmap.c:Hashmap_get_node:205: TRY: 20
DEBUG: src/lcthw/hashmap.c:Hashmap_get_node:205: TRY: 21
DEBUG: src/lcthw/hashmap.c:Hashmap_get_node:205: TRY: 22
DEBUG: src/lcthw/hashmap.c:Hashmap_get_node:205: TRY: 23
DEBUG: src/lcthw/hashmap.c:Hashmap_get_node:205: TRY: 24
DEBUG: src/lcthw/hashmap.c:Hashmap_get_node:205: TRY: 25
DEBUG: src/lcthw/hashmap.c:Hashmap_get_node:205: TRY: 26
DEBUG: src/lcthw/hashmap.c:Hashmap_get_node:205: TRY: 27
DEBUG: src/lcthw/hashmap.c:Hashmap_get_node:205: TRY: 28
DEBUG: src/lcthw/hashmap.c:Hashmap_get_node:205: TRY: 29
DEBUG: src/lcthw/hashmap.c:Hashmap_get_node:205: TRY: 30
DEBUG: src/lcthw/hashmap.c:Hashmap_get_node:205: TRY: 31
DEBUG: src/lcthw/hashmap.c:Hashmap_get_node:205: TRY: 32
DEBUG: src/lcthw/hashmap.c:Hashmap_get_node:205: TRY: 33
DEBUG: src/lcthw/hashmap.c:Hashmap_get_node:205: TRY: 34
DEBUG: src/lcthw/hashmap.c:Hashmap_get_node:205: TRY: 35
DEBUG: src/lcthw/hashmap.c:Hashmap_get_node:205: TRY: 36
DEBUG: src/lcthw/hashmap.c:Hashmap_get_node:205: TRY: 37
DEBUG: src/lcthw/hashmap.c:Hashmap_get_node:205: TRY: 38
DEBUG: src/lcthw/hashmap.c:Hashmap_get_node:205: TRY: 39
DEBUG: src/lcthw/hashmap.c:Hashmap_get_node:205: TRY: 40
DEBUG: src/lcthw/hashmap.c:Hashmap_get_node:205: TRY: 41
DEBUG: src/lcthw/hashmap.c:Hashmap_get_node:205: TRY: 42
DEBUG: src/lcthw/hashmap.c:Hashmap_get_node:205: TRY: 43
DEBUG: src/lcthw/hashmap.c:Hashmap_get_node:205: TRY: 44
DEBUG: src/lcthw/hashmap.c:Hashmap_get_node:205: TRY: 45
DEBUG: src/lcthw/hashmap.c:Hashmap_get_node:205: TRY: 46
DEBUG: src/lcthw/hashmap.c:Hashmap_get_node:205: TRY: 47
DEBUG: src/lcthw/hashmap.c:Hashmap_get_node:205: TRY: 48
DEBUG: src/lcthw/hashmap.c:Hashmap_get_node:205: TRY: 0
DEBUG: src/lcthw/hashmap.c:Hashmap_get_node:205: TRY: 1
DEBUG: src/lcthw/hashmap.c:Hashmap_get_node:205: TRY: 2
DEBUG: src/lcthw/hashmap.c:Hashmap_get_node:205: TRY: 3
DEBUG: src/lcthw/hashmap.c:Hashmap_get_node:205: TRY: 4
DEBUG: src/lcthw/hashmap.c:Hashmap_get_node:205: TRY: 5
DEBUG: src/lcthw/hashmap.c:Hashmap_get_node:205: TRY: 6
DEBUG: src/lcthw/hashmap.c:Hashmap_get_node:205: TRY: 7
DEBUG: src/lcthw/hashmap.c:Hashmap_get_node:205: TRY: 8
DEBUG: src/lcthw/hashmap.c:Hashmap_get_node:205: TRY: 9
DEBUG: src/lcthw/hashmap.c:Hashmap_get_node:205: TRY: 10
DEBUG: src/lcthw/hashmap.c:Hashmap_get_node:205: TRY: 11
DEBUG: src/lcthw/hashmap.c:Hashmap_get_node:205: TRY: 12
DEBUG: src/lcthw/hashmap.c:Hashmap_get_node:205: TRY: 13
DEBUG: src/lcthw/hashmap.c:Hashmap_get_node:205: TRY: 14
DEBUG: src/lcthw/hashmap.c:Hashmap_get_node:205: TRY: 15
DEBUG: src/lcthw/hashmap.c:Hashmap_get_node:205: TRY: 16
DEBUG: src/lcthw/hashmap.c:Hashmap_get_node:205: TRY: 17
DEBUG: src/lcthw/hashmap.c:Hashmap_get_node:205: TRY: 18
DEBUG: src/lcthw/hashmap.c:Hashmap_get_node:205: TRY: 19
DEBUG: src/lcthw/hashmap.c:Hashmap_get_node:205: TRY: 20
DEBUG: src/lcthw/hashmap.c:Hashmap_get_node:205: TRY: 21
DEBUG: src/lcthw/hashmap.c:Hashmap_get_node:205: TRY: 22
DEBUG: src/lcthw/hashmap.c:Hashmap_get_node:205: TRY: 23
DEBUG: src/lcthw/hashmap.c:Hashmap_get_node:205: TRY: 24
DEBUG: src/lcthw/hashmap.c:Hashmap_get_node:205: TRY: 25
DEBUG: src/lcthw/hashmap.c:Hashmap_get_node:205: TRY: 26
DEBUG: src/lcthw/hashmap.c:Hashmap_get_node:205: TRY: 27
DEBUG: src/lcthw/hashmap.c:Hashmap_get_node:205: TRY: 28
DEBUG: src/lcthw/hashmap.c:Hashmap_get_node:205: TRY: 29
DEBUG: src/lcthw/hashmap.c:Hashmap_get_node:205: TRY: 30
DEBUG: src/lcthw/hashmap.c:Hashmap_get_node:205: TRY: 31
DEBUG: src/lcthw/hashmap.c:Hashmap_get_node:205: TRY: 32
DEBUG: src/lcthw/hashmap.c:Hashmap_get_node:205: TRY: 33
DEBUG: src/lcthw/hashmap.c:Hashmap_get_node:205: TRY: 34
DEBUG: src/lcthw/hashmap.c:Hashmap_get_node:205: TRY: 35
DEBUG: src/lcthw/hashmap.c:Hashmap_get_node:205: TRY: 36
DEBUG: src/lcthw/hashmap.c:Hashmap_get_node:205: TRY: 37
DEBUG: src/lcthw/hashmap.c:Hashmap_get_node:205: TRY: 38
DEBUG: src/lcthw/hashmap.c:Hashmap_get_node:205: TRY: 39
DEBUG: src/lcthw/hashmap.c:Hashmap_get_node:205: TRY: 40
DEBUG: src/lcthw/hashmap.c:Hashmap_get_node:205: TRY: 41
DEBUG: src/lcthw/hashmap.c:Hashmap_get_node:205: TRY: 42
DEBUG: src/lcthw/hashmap.c:Hashmap_get_node:205: TRY: 43
DEBUG: src/lcthw/hashmap.c:Hashmap_get_node:205: TRY: 44
DEBUG: src/lcthw/hashmap.c:Hashmap_get_node:205: TRY: 45
DEBUG: src/lcthw/hashmap.c:Hashmap_get_node:205: TRY: 46
DEBUG: src/lcthw/hashmap.c:Hashmap_get_node:205: TRY: 47
DEBUG: src/lcthw/hashmap.c:Hashmap_get_node:205: TRY: 48
DEBUG: src/lcthw/hashmap.c:Hashmap_get_node:205: TRY: 49
DEBUG: src/lcthw/hashmap.c:Hashmap_get_node:205: TRY: 50
DEBUG: src/lcthw/hashmap.c:Hashmap_get_node:205: TRY: 51
DEBUG: src/lcthw/hashmap.c:Hashmap_get_node:205: TRY: 52
DEBUG: src/lcthw/hashmap.c:Hashmap_get_node:205: TRY: 53
DEBUG: src/lcthw/hashmap.c:Hashmap_get_node:205: TRY: 54
DEBUG: src/lcthw/hashmap.c:Hashmap_get_node:205: TRY: 55
DEBUG: src/lcthw/hashmap.c:Hashmap_get_node:205: TRY: 0
DEBUG: src/lcthw/hashmap.c:Hashmap_get_node:205: TRY: 1
DEBUG: src/lcthw/hashmap.c:Hashmap_get_node:205: TRY: 2
DEBUG: src/lcthw/hashmap.c:Hashmap_get_node:205: TRY: 3
DEBUG: src/lcthw/hashmap.c:Hashmap_get_node:205: TRY: 4
DEBUG: src/lcthw/hashmap.c:Hashmap_get_node:205: TRY: 5
DEBUG: src/lcthw/hashmap.c:Hashmap_get_node:205: TRY: 6
DEBUG: src/lcthw/hashmap.c:Hashmap_get_node:205: TRY: 7
DEBUG: src/lcthw/hashmap.c:Hashmap_get_node:205: TRY: 8
DEBUG: src/lcthw/hashmap.c:Hashmap_get_node:205: TRY: 9
DEBUG: src/lcthw/hashmap.c:Hashmap_get_node:205: TRY: 10
DEBUG: src/lcthw/hashmap.c:Hashmap_get_node:205: TRY: 11
DEBUG: src/lcthw/hashmap.c:Hashmap_get_node:205: TRY: 12
DEBUG: src/lcthw/hashmap.c:Hashmap_get_node:205: TRY: 13
DEBUG: src/lcthw/hashmap.c:Hashmap_get_node:205: TRY: 14
DEBUG: src/lcthw/hashmap.c:Hashmap_get_node:205: TRY: 15
DEBUG: src/lcthw/hashmap.c:Hashmap_get_node:205: TRY: 16
DEBUG: src/lcthw/hashmap.c:Hashmap_get_node:205: TRY: 17
DEBUG: src/lcthw/hashmap.c:Hashmap_get_node:205: TRY: 18
DEBUG: src/lcthw/hashmap.c:Hashmap_get_node:205: TRY: 19
DEBUG: src/lcthw/hashmap.c:Hashmap_get_node:205: TRY: 20
DEBUG: src/lcthw/hashmap.c:Hashmap_get_node:205: TRY: 21
DEBUG: src/lcthw/hashmap.c:Hashmap_get_node:205: TRY: 22
DEBUG: src/lcthw/hashmap.c:Hashmap_get_node:205: TRY: 23
DEBUG: src/lcthw/hashmap.c:Hashmap_get_node:205: TRY: 24
DEBUG: src/lcthw/hashmap.c:Hashmap_get_node:205: TRY: 25
DEBUG: src/lcthw/hashmap.c:Hashmap_get_node:205: TRY: 26
DEBUG: src/lcthw/hashmap.c:Hashmap_get_node:205: TRY: 27
DEBUG: src/lcthw/hashmap.c:Hashmap_get_node:205: TRY: 28
DEBUG: src/lcthw/hashmap.c:Hashmap_get_node:205: TRY: 29
DEBUG: src/lcthw/hashmap.c:Hashmap_get_node:205: TRY: 30
DEBUG: src/lcthw/hashmap.c:Hashmap_get_node:205: TRY: 31
DEBUG: src/lcthw/hashmap.c:Hashmap_get_node:205: TRY: 32
DEBUG: src/lcthw/hashmap.c:Hashmap_get_node:205: TRY: 33
DEBUG: src/lcthw/hashmap.c:Hashmap_get_node:205: TRY: 34
DEBUG: src/lcthw/hashmap.c:Hashmap_get_node:205: TRY: 35
DEBUG: src/lcthw/hashmap.c:Hashmap_get_node:205: TRY: 36
DEBUG: src/lcthw/hashmap.c:Hashmap_get_node:205: TRY: 37
DEBUG: src/lcthw/hashmap.c:Hashmap_get_node:205: TRY: 38
DEBUG: src/lcthw/hashmap.c:Hashmap_get_node:205: TRY: 39
DEBUG: src/lcthw/hashmap.c:Hashmap_get_node:205: TRY: 40
DEBUG: src/lcthw/hashmap.c:Hashmap_get_node:205: TRY: 41
DEBUG: src/lcthw/hashmap.c:Hashmap_get_node:205: TRY: 0
DEBUG: src/lcthw/hashmap.c:Hashmap_get_node:205: TRY: 1
DEBUG: src/lcthw/hashmap.c:Hashmap_get_node:205: TRY: 2
DEBUG: src/lcthw/hashmap.c:Hashmap_get_node:205: TRY: 3
DEBUG: src/lcthw/hashmap.c:Hashmap_get_node:205: TRY: 4
DEBUG: src/lcthw/hashmap.c:Hashmap_get_node:205: TRY: 5
DEBUG: src/lcthw/hashmap.c:Hashmap_get_node:205: TRY: 6
DEBUG: src/lcthw/hashmap.c:Hashmap_get_node:205: TRY: 7
DEBUG: src/lcthw/hashmap.c:Hashmap_get_node:205: TRY: 8
DEBUG: src/lcthw/hashmap.c:Hashmap_get_node:205: TRY: 9
DEBUG: src/lcthw/hashmap.c:Hashmap_get_node:205: TRY: 10
DEBUG: src/lcthw/hashmap.c:Hashmap_get_node:205: TRY: 11
DEBUG: src/lcthw/hashmap.c:Hashmap_get_node:205: TRY: 12
DEBUG: src/lcthw/hashmap.c:Hashmap_get_node:205: TRY: 13
DEBUG: src/lcthw/hashmap.c:Hashmap_get_node:205: TRY: 14
DEBUG: src/lcthw/hashmap.c:Hashmap_get_node:205: TRY: 15
DEBUG: src/lcthw/hashmap.c:Hashmap_get_node:205: TRY: 16
DEBUG: src/lcthw/hashmap.c:Hashmap_get_node:205: TRY: 17
DEBUG: src/lcthw/hashmap.c:Hashmap_get_node:205: TRY: 18
DEBUG: src/lcthw/hashmap.c:Hashmap_get_node:205: TRY: 19
DEBUG: src/lcthw/hashmap.c:Hashmap_get_node:205: TRY: 20
DEBUG: src/lcthw/hashmap.c:Hashmap_get_node:205: TRY: 21
DEBUG: src/lcthw/hashmap.c:Hashmap_get_node:205: TRY: 22
DEBUG: src/lcthw/hashmap.c:Hashmap_get_node:205: TRY: 23
DEBUG: src/lcthw/hashmap.c:Hashmap_get_node:205: TRY: 24
DEBUG: src/lcthw/hashmap.c:Hashmap_get_node:205: TRY: 25
DEBUG: src/lcthw/hashmap.c:Hashmap_get_node:205: TRY: 26
DEBUG: src/lcthw/hashmap.c:Hashmap_get_node:205: TRY: 27
DEBUG: src/lcthw/hashmap.c:Hashmap_get_node:205: TRY: 28
DEBUG: src/lcthw/hashmap.c:Hashmap_get_node:205: TRY: 29
DEBUG: src/lcthw/hashmap.c:Hashmap_get_node:205: TRY: 30
DEBUG: src/lcthw/hashmap.c:Hashmap_get_node:205: TRY: 31
DEBUG: src/lcthw/hashmap.c:Hashmap_get_node:205: TRY: 32
DEBUG: src/lcthw/hashmap.c:Hashmap_get_node:205: TRY: 33
DEBUG: src/lcthw/hashmap.c:Hashmap_get_node:205: TRY: 34
DEBUG: src/lcthw/hashmap.c:Hashmap_get_node:205: TRY: 35
DEBUG: src/lcthw/hashmap.c:Hashmap_get_node:205: TRY: 36
DEBUG: src/lcthw/hashmap.c:Hashmap_get_node:205: TRY: 37
DEBUG: src/lcthw/hashmap.c:Hashmap_get_node:205: TRY: 38
DEBUG: src/lcthw/hashmap.c:Hashmap_get_node:205: TRY: 39
DEBUG: src/lcthw/hashmap.c:Hashmap_get_node:205: TRY: 40
DEBUG: src/lcthw/hashmap.c:Hashmap_get_node:205: TRY: 41
DEBUG: src/lcthw/hashmap.c:Hashmap_get_node:205: TRY: 42
DEBUG: src/lcthw/hashmap.c:Hashmap_get_node:205: TRY: 43
DEBUG: src/lcthw/hashmap.c:Hashmap_get_node:205: TRY: 44
DEBUG: src/lcthw/hashmap.c:Hashmap_get_node:205: TRY: 45
DEBUG: src/lcthw/hashmap.c:Hashmap_get_node:205: TRY: 0
DEBUG: src/lcthw/hashmap.c:Hashmap_get_node:205: TRY: 1
DEBUG: src/lcthw/hashmap.c:Hashmap_get_node:205: TRY: 2
DEBUG: src/lcthw/hashmap.c:Hashmap_get_node:205: TRY: 3
DEBUG: src/lcthw/hashmap.c:Hashmap_get_node:205: TRY: 4
DEBUG: src/lcthw/hashmap.c:Hashmap_get_node:205: TRY: 5
DEBUG: src/lcthw/hashmap.c:Hashmap_get_node:205: TRY: 6
DEBUG: src/lcthw/hashmap.c:Hashmap_get_node:205: TRY: 7
DEBUG: src/lcthw/hashmap.c:Hashmap_get_node:205: TRY: 8
DEBUG: src/lcthw/hashmap.c:Hashmap_get_node:205: TRY: 9
DEBUG: src/lcthw/hashmap.c:Hashmap_get_node:205: TRY: 10
DEBUG: src/lcthw/hashmap.c:Hashmap_get_node:205: TRY: 11
DEBUG: src/lcthw/hashmap.c:Hashmap_get_node:205: TRY: 12
DEBUG: src/lcthw/hashmap.c:Hashmap_get_node:205: TRY: 13
DEBUG: src/lcthw/hashmap.c:Hashmap_get_node:205: TRY: 14
DEBUG: src/lcthw/hashmap.c:Hashmap_get_node:205: TRY: 15
DEBUG: src/lcthw/hashmap.c:Hashmap_get_node:205: TRY: 16
DEBUG: src/lcthw/hashmap.c:Hashmap_get_node:205: TRY: 17
DEBUG: src/lcthw/hashmap.c:Hashmap_get_node:205: TRY: 18
DEBUG: src/lcthw/hashmap.c:Hashmap_get_node:205: TRY: 19
DEBUG: src/lcthw/hashmap.c:Hashmap_get_node:205: TRY: 20
DEBUG: src/lcthw/hashmap.c:Hashmap_get_node:205: TRY: 21
DEBUG: src/lcthw/hashmap.c:Hashmap_get_node:205: TRY: 22
DEBUG: src/lcthw/hashmap.c:Hashmap_get_node:205: TRY: 23
DEBUG: src/lcthw/hashmap.c:Hashmap_get_node:205: TRY: 24
DEBUG: src/lcthw/hashmap.c:Hashmap_get_node:205: TRY: 25
DEBUG: src/lcthw/hashmap.c:Hashmap_get_node:205: TRY: 26
DEBUG: src/lcthw/hashmap.c:Hashmap_get_node:205: TRY: 27
DEBUG: src/lcthw/hashmap.c:Hashmap_get_node:205: TRY: 28
DEBUG: src/lcthw/hashmap.c:Hashmap_get_node:205: TRY: 29
DEBUG: src/lcthw/hashmap.c:Hashmap_get_node:205: TRY: 30
DEBUG: src/lcthw/hashmap.c:Hashmap_get_node:205: TRY: 31
DEBUG: src/lcthw/hashmap.c:Hashmap_get_node:205: TRY: 32
DEBUG: src/lcthw/hashmap.c:Hashmap_get_node:205: TRY: 33
DEBUG: src/lcthw/hashmap.c:Hashmap_get_node:205: TRY: 34
DEBUG: src/lcthw/hashmap.c:Hashmap_get_node:205: TRY: 35
DEBUG: src/lcthw/hashmap.c:Hashmap_get_node:205: TRY: 36
DEBUG: src/lcthw/hashmap.c:Hashmap_get_node:205: TRY: 37
DEBUG: src/lcthw/hashmap.c:Hashmap_get_node:205: TRY: 38
DEBUG: src/lcthw/hashmap.c:Hashmap_get_node:205: TRY: 39
DEBUG: src/lcthw/hashmap.c:Hashmap_get_node:205: TRY: 40
DEBUG: src/lcthw/hashmap.c:Hashmap_get_node:205: TRY: 41
DEBUG: src/lcthw/hashmap.c:Hashmap_get_node:205: TRY: 42
DEBUG: src/lcthw/hashmap.c:Hashmap_get_node:205: TRY: 43
DEBUG: src/lcthw/hashmap.c:Hashmap_get_node:205: TRY: 44
DEBUG: src/lcthw/hashmap.c:Hashmap_get_node:205: TRY: 45
DEBUG: src/lcthw/hashmap.c:Hashmap_get_node:205: TRY: 46
DEBUG: src/lcthw/hashmap.c:Hashmap_get_node:205: TRY: 47
DEBUG: src/lcthw/hashmap.c:Hashmap_get_node:205: TRY: 48
DEBUG: src/lcthw/hashmap.c:Hashmap_get_node:205: TRY: 49
DEBUG: src/lcthw/hashmap.c:Hashmap_get_node:205: TRY: 0
DEBUG: src/lcthw/hashmap.c:Hashmap_get_node:205: TRY: 1
DEBUG: src/lcthw/hashmap.c:Hashmap_get_node:205: TRY: 2
DEBUG: src/lcthw/hashmap.c:Hashmap_get_node:205: TRY: 3
DEBUG: src/lcthw/hashmap.c:Hashmap_get_node:205: TRY: 4
DEBUG: src/lcthw/hashmap.c:Hashmap_get_node:205: TRY: 5
DEBUG: src/lcthw/hashmap.c:Hashmap_get_node:205: TRY: 6
DEBUG: src/lcthw/hashmap.c:Hashmap_get_node:205: TRY: 7
DEBUG: src/lcthw/hashmap.c:Hashmap_get_node:205: TRY: 8
DEBUG: src/lcthw/hashmap.c:Hashmap_get_node:205: TRY: 9
DEBUG: src/lcthw/hashmap.c:Hashmap_get_node:205: TRY: 10
DEBUG: src/lcthw/hashmap.c:Hashmap_get_node:205: TRY: 11
DEBUG: src/lcthw/hashmap.c:Hashmap_get_node:205: TRY: 12
DEBUG: src/lcthw/hashmap.c:Hashmap_get_node:205: TRY: 13
DEBUG: src/lcthw/hashmap.c:Hashmap_get_node:205: TRY: 14
DEBUG: src/lcthw/hashmap.c:Hashmap_get_node:205: TRY: 15
DEBUG: src/lcthw/hashmap.c:Hashmap_get_node:205: TRY: 16
DEBUG: src/lcthw/hashmap.c:Hashmap_get_node:205: TRY: 17
DEBUG: src/lcthw/hashmap.c:Hashmap_get_node:205: TRY: 18
DEBUG: src/lcthw/hashmap.c:Hashmap_get_node:205: TRY: 19
DEBUG: src/lcthw/hashmap.c:Hashmap_get_node:205: TRY: 20
DEBUG: src/lcthw/hashmap.c:Hashmap_get_node:205: TRY: 21
DEBUG: src/lcthw/hashmap.c:Hashmap_get_node:205: TRY: 22
DEBUG: src/lcthw/hashmap.c:Hashmap_get_node:205: TRY: 23
DEBUG: src/lcthw/hashmap.c:Hashmap_get_node:205: TRY: 24
DEBUG: src/lcthw/hashmap.c:Hashmap_get_node:205: TRY: 25
DEBUG: src/lcthw/hashmap.c:Hashmap_get_node:205: TRY: 26
DEBUG: src/lcthw/hashmap.c:Hashmap_get_node:205: TRY: 27
DEBUG: src/lcthw/hashmap.c:Hashmap_get_node:205: TRY: 28
DEBUG: src/lcthw/hashmap.c:Hashmap_get_node:205: TRY: 29
DEBUG: src/lcthw/hashmap.c:Hashmap_get_node:205: TRY: 30
DEBUG: src/lcthw/hashmap.c:Hashmap_get_node:205: TRY: 31
DEBUG: src/lcthw/hashmap.c:Hashmap_get_node:205: TRY: 32
DEBUG: src/lcthw/hashmap.c:Hashmap_get_node:205: TRY: 33
DEBUG: src/lcthw/hashmap.c:Hashmap_get_node:205: TRY: 34
DEBUG: src/lcthw/hashmap.c:Hashmap_get_node:205: TRY: 35
DEBUG: src/lcthw/hashmap.c:Hashmap_get_node:205: TRY: 36
DEBUG: src/lcthw/hashmap.c:Hashmap_get_node:205: TRY: 37
DEBUG: src/lcthw/hashmap.c:Hashmap_get_node:205: TRY: 38
DEBUG: src/lcthw/hashmap.c:Hashmap_get_node:205: TRY: 39
DEBUG: src/lcthw/hashmap.c:Hashmap_get_node:205: TRY: 40
DEBUG: src/lcthw/hashmap.c:Hashmap_get_node:205: TRY: 41
DEBUG: src/lcthw/hashmap.c:Hashmap_get_node:205: TRY: 42
DEBUG: src/lcthw/hashmap.c:Hashmap_get_node:205: TRY: 0
DEBUG: src/lcthw/hashmap.c:Hashmap_get_node:205: TRY: 1
DEBUG: src/lcthw/hashmap.c:Hashmap_get_node:205: TRY: 2
DEBUG: src/lcthw/hashmap.c:Hashmap_get_node:205: TRY: 3
DEBUG: src/lcthw/hashmap.c:Hashmap_get_node:205: TRY: 4
DEBUG: src/lcthw/hashmap.c:Hashmap_get_node:205: TRY: 5
DEBUG: src/lcthw/hashmap.c:Hashmap_get_node:205: TRY: 6
DEBUG: src/lcthw/hashmap.c:Hashmap_get_node:205: TRY: 7
DEBUG: src/lcthw/hashmap.c:Hashmap_get_node:205: TRY: 8
DEBUG: src/lcthw/hashmap.c:Hashmap_get_node:205: TRY: 9
DEBUG: src/lcthw/hashmap.c:Hashmap_get_node:205: TRY: 10
DEBUG: src/lcthw/hashmap.c:Hashmap_get_node:205: TRY: 11
DEBUG: src/lcthw/hashmap.c:Hashmap_get_node:205: TRY: 12
DEBUG: src/lcthw/hashmap.c:Hashmap_get_node:205: TRY: 13
DEBUG: src/lcthw/hashmap.c:Hashmap_get_node:205: TRY: 14
DEBUG: src/lcthw/hashmap.c:Hashmap_get_node:205: TRY: 15
DEBUG: src/lcthw/hashmap.c:Hashmap_get_node:205: TRY: 16
DEBUG: src/lcthw/hashmap.c:Hashmap_get_node:205: TRY: 17
DEBUG: src/lcthw/hashmap.c:Hashmap_get_node:205: TRY: 18
DEBUG: src/lcthw/hashmap.c:Hashmap_get_node:205: TRY: 19
DEBUG: src/lcthw/hashmap.c:Hashmap_get_node:205: TRY: 20
DEBUG: src/lcthw/hashmap.c:Hashmap_get_node:205: TRY: 21
DEBUG: src/lcthw/hashmap.c:Hashmap_get_node:205: TRY: 22
DEBUG: src/lcthw/hashmap.c:Hashmap_get_node:205: TRY: 23
DEBUG: src/lcthw/hashmap.c:Hashmap_get_node:205: TRY: 24
DEBUG: src/lcthw/hashmap.c:Hashmap_get_node:205: TRY: 25
DEBUG: src/lcthw/hashmap.c:Hashmap_get_node:205: TRY: 26
DEBUG: src/lcthw/hashmap.c:Hashmap_get_node:205: TRY: 27
DEBUG: src/lcthw/hashmap.c:Hashmap_get_node:205: TRY: 28
DEBUG: src/lcthw/hashmap.c:Hashmap_get_node:205: TRY: 29
DEBUG: src/lcthw/hashmap.c:Hashmap_get_node:205: TRY: 30
DEBUG: src/lcthw/hashmap.c:Hashmap_get_node:205: TRY: 31
DEBUG: src/lcthw/hashmap.c:Hashmap_get_node:205: TRY: 32
DEBUG: src/lcthw/hashmap.c:Hashmap_get_node:205: TRY: 33
DEBUG: src/lcthw/hashmap.c:Hashmap_get_node:205: TRY: 34
DEBUG: src/lcthw/hashmap.c:Hashmap_get_node:205: TRY: 35
DEBUG: src/lcthw/hashmap.c:Hashmap_get_node:205: TRY: 36
DEBUG: src/lcthw/hashmap.c:Hashmap_get_node:205: TRY: 37
DEBUG: src/lcthw/hashmap.c:Hashmap_get_node:205: TRY: 38
DEBUG: src/lcthw/hashmap.c:Hashmap_get_node:205: TRY: 39
DEBUG: src/lcthw/hashmap.c:Hashmap_get_node:205: TRY: 40
DEBUG: src/lcthw/hashmap.c:Hashmap_get_node:205: TRY: 41
DEBUG: src/lcthw/hashmap.c:Hashmap_get_node:205: TRY: 42
DEBUG: src/lcthw/hashmap.c:Hashmap_get_node:205: TRY: 43
DEBUG: src/lcthw/hashmap.c:Hashmap_get_node:205: TRY: 0
DEBUG: src/lcthw/hashmap.c:Hashmap_get_node:205: TRY: 1
DEBUG: src/lcthw/hashmap.c:Hashmap_get_node:205: TRY: 2
DEBUG: src/lcthw/hashmap.c:Hashmap_get_node:205: TRY: 3
DEBUG: src/lcthw/hashmap.c:Hashmap_get_node:205: TRY: 4
DEBUG: src/lcthw/hashmap.c:Hashmap_get_node:205: TRY: 5
DEBUG: src/lcthw/hashmap.c:Hashmap_get_node:205: TRY: 6
DEBUG: src/lcthw/hashmap.c:Hashmap_get_node:205: TRY: 7
DEBUG: src/lcthw/hashmap.c:Hashmap_get_node:205: TRY: 8
DEBUG: src/lcthw/hashmap.c:Hashmap_get_node:205: TRY: 9
DEBUG: src/lcthw/hashmap.c:Hashmap_get_node:205: TRY: 10
DEBUG: src/lcthw/hashmap.c:Hashmap_get_node:205: TRY: 11
DEBUG: src/lcthw/hashmap.c:Hashmap_get_node:205: TRY: 12
DEBUG: src/lcthw/hashmap.c:Hashmap_get_node:205: TRY: 13
DEBUG: src/lcthw/hashmap.c:Hashmap_get_node:205: TRY: 14
DEBUG: src/lcthw/hashmap.c:Hashmap_get_node:205: TRY: 15
DEBUG: src/lcthw/hashmap.c:Hashmap_get_node:205: TRY: 16
DEBUG: src/lcthw/hashmap.c:Hashmap_get_node:205: TRY: 17
DEBUG: src/lcthw/hashmap.c:Hashmap_get_node:205: TRY: 18
DEBUG: src/lcthw/hashmap.c:Hashmap_get_node:205: TRY: 19
DEBUG: src/lcthw/hashmap.c:Hashmap_get_node:205: TRY: 20
DEBUG: src/lcthw/hashmap.c:Hashmap_get_node:205: TRY: 21
DEBUG: src/lcthw/hashmap.c:Hashmap_get_node:205: TRY: 22
DEBUG: src/lcthw/hashmap.c:Hashmap_get_node:205: TRY: 23
DEBUG: src/lcthw/hashmap.c:Hashmap_get_node:205: TRY: 24
DEBUG: src/lcthw/hashmap.c:Hashmap_get_node:205: TRY: 25
DEBUG: src/lcthw/hashmap.c:Hashmap_get_node:205: TRY: 26
DEBUG: src/lcthw/hashmap.c:Hashmap_get_node:205: TRY: 27
DEBUG: src/lcthw/hashmap.c:Hashmap_get_node:205: TRY: 28
DEBUG: src/lcthw/hashmap.c:Hashmap_get_node:205: TRY: 29
DEBUG: src/lcthw/hashmap.c:Hashmap_get_node:205: TRY: 30
DEBUG: src/lcthw/hashmap.c:Hashmap_get_node:205: TRY: 31
DEBUG: src/lcthw/hashmap.c:Hashmap_get_node:205: TRY: 32
DEBUG: src/lcthw/hashmap.c:Hashmap_get_node:205: TRY: 33
DEBUG: src/lcthw/hashmap.c:Hashmap_get_node:205: TRY: 34
DEBUG: src/lcthw/hashmap.c:Hashmap_get_node:205: TRY: 35
DEBUG: src/lcthw/hashmap.c:Hashmap_get_node:205: TRY: 36
DEBUG: src/lcthw/hashmap.c:Hashmap_get_node:205: TRY: 37
DEBUG: src/lcthw/hashmap.c:Hashmap_get_node:205: TRY: 38
DEBUG: src/lcthw/hashmap.c:Hashmap_get_node:205: TRY: 39
DEBUG: src/lcthw/hashmap.c:Hashmap_get_node:205: TRY: 40
DEBUG: src/lcthw/hashmap.c:Hashmap_get_node:205: TRY: 41
DEBUG: src/lcthw/hashmap.c:Hashmap_get_node:205: TRY: 42
DEBUG: src/lcthw/hashmap.c:Hashmap_get_node:205: TRY: 43
DEBUG: src/lcthw/hashmap.c:Hashmap_get_node:205: TRY: 44
DEBUG: src/lcthw/hashmap.c:Hashmap_get_node:205: TRY: 45
DEBUG: src/lcthw/hashmap.c:Hashmap_get_node:205: TRY: 46
DEBUG: src/lcthw/hashmap.c:Hashmap_get_node:205: TRY: 47
DEBUG: src/lcthw/hashmap.c:Hashmap_get_node:205: TRY: 48
DEBUG: src/lcthw/hashmap.c:Hashmap_get_node:205: TRY: 49
DEBUG: src/lcthw/hashmap.c:Hashmap_get_node:205: TRY: 50
DEBUG: src/lcthw/hashmap.c:Hashmap_get_node:205: TRY: 0
DEBUG: src/lcthw/hashmap.c:Hashmap_get_node:205: TRY: 1
DEBUG: src/lcthw/hashmap.c:Hashmap_get_node:205: TRY: 2
DEBUG: src/lcthw/hashmap.c:Hashmap_get_node:205: TRY: 3
DEBUG: src/lcthw/hashmap.c:Hashmap_get_node:205: TRY: 4
DEBUG: src/lcthw/hashmap.c:Hashmap_get_node:205: TRY: 5
DEBUG: src/lcthw/hashmap.c:Hashmap_get_node:205: TRY: 6
DEBUG: src/lcthw/hashmap.c:Hashmap_get_node:205: TRY: 7
DEBUG: src/lcthw/hashmap.c:Hashmap_get_node:205: TRY: 8
DEBUG: src/lcthw/hashmap.c:Hashmap_get_node:205: TRY: 9
DEBUG: src/lcthw/hashmap.c:Hashmap_get_node:205: TRY: 10
DEBUG: src/lcthw/hashmap.c:Hashmap_get_node:205: TRY: 11
DEBUG: src/lcthw/hashmap.c:Hashmap_get_node:205: TRY: 12
DEBUG: src/lcthw/hashmap.c:Hashmap_get_node:205: TRY: 13
DEBUG: src/lcthw/hashmap.c:Hashmap_get_node:205: TRY: 14
DEBUG: src/lcthw/hashmap.c:Hashmap_get_node:205: TRY: 15
DEBUG: src/lcthw/hashmap.c:Hashmap_get_node:205: TRY: 16
DEBUG: src/lcthw/hashmap.c:Hashmap_get_node:205: TRY: 17
DEBUG: src/lcthw/hashmap.c:Hashmap_get_node:205: TRY: 18
DEBUG: src/lcthw/hashmap.c:Hashmap_get_node:205: TRY: 19
DEBUG: src/lcthw/hashmap.c:Hashmap_get_node:205: TRY: 20
DEBUG: src/lcthw/hashmap.c:Hashmap_get_node:205: TRY: 21
DEBUG: src/lcthw/hashmap.c:Hashmap_get_node:205: TRY: 22
DEBUG: src/lcthw/hashmap.c:Hashmap_get_node:205: TRY: 23
DEBUG: src/lcthw/hashmap.c:Hashmap_get_node:205: TRY: 24
DEBUG: src/lcthw/hashmap.c:Hashmap_get_node:205: TRY: 25
DEBUG: src/lcthw/hashmap.c:Hashmap_get_node:205: TRY: 26
DEBUG: src/lcthw/hashmap.c:Hashmap_get_node:205: TRY: 27
DEBUG: src/lcthw/hashmap.c:Hashmap_get_node:205: TRY: 28
DEBUG: src/lcthw/hashmap.c:Hashmap_get_node:205: TRY: 29
DEBUG: src/lcthw/hashmap.c:Hashmap_get_node:205: TRY: 30
DEBUG: src/lcthw/hashmap.c:Hashmap_get_node:205: TRY: 31
DEBUG: src/lcthw/hashmap.c:Hashmap_get_node:205: TRY: 32
DEBUG: src/lcthw/hashmap.c:Hashmap_get_node:205: TRY: 33
DEBUG: src/lcthw/hashmap.c:Hashmap_get_node:205: TRY: 34
DEBUG: src/lcthw/hashmap.c:Hashmap_get_node:205: TRY: 35
DEBUG: src/lcthw/hashmap.c:Hashmap_get_node:205: TRY: 36
DEBUG: src/lcthw/hashmap.c:Hashmap_get_node:205: TRY: 37
DEBUG: src/lcthw/hashmap.c:Hashmap_get_node:205: TRY: 38
DEBUG: src/lcthw/hashmap.c:Hashmap_get_node:205: TRY: 39
DEBUG: src/lcthw/hashmap.c:Hashmap_get_node:205: TRY: 40
DEBUG: src/lcthw/hashmap.c:Hashmap_get_node:205: TRY: 41
DEBUG: src/lcthw/hashmap.c:Hashmap_get_node:205: TRY: 42
DEBUG: src/lcthw/hashmap.c:Hashmap_get_node:205: TRY: 43
DEBUG: src/lcthw/hashmap.c:Hashmap_get_node:205: TRY: 44
DEBUG: src/lcthw/hashmap.c:Hashmap_get_node:205: TRY: 45
DEBUG: src/lcthw/hashmap.c:Hashmap_get_node:205: TRY: 46
DEBUG: src/lcthw/hashmap.c:Hashmap_get_node:205: TRY: 47
DEBUG: src/lcthw/hashmap.c:Hashmap_get_node:205: TRY: 48
DEBUG: src/lcthw/hashmap.c:Hashmap_get_node:205: TRY: 49
DEBUG: src/lcthw/hashmap.c:Hashmap_get_node:205: TRY: 50
DEBUG: src/lcthw/hashmap.c:Hashmap_get_node:205: TRY: 51
DEBUG: src/lcthw/hashmap.c:Hashmap_get_node:205: TRY: 0
DEBUG: src/lcthw/hashmap.c:Hashmap_get_node:205: TRY: 1
DEBUG: src/lcthw/hashmap.c:Hashmap_get_node:205: TRY: 2
DEBUG: src/lcthw/hashmap.c:Hashmap_get_node:205: TRY: 3
DEBUG: src/lcthw/hashmap.c:Hashmap_get_node:205: TRY: 4
DEBUG: src/lcthw/hashmap.c:Hashmap_get_node:205: TRY: 5
DEBUG: src/lcthw/hashmap.c:Hashmap_get_node:205: TRY: 6
DEBUG: src/lcthw/hashmap.c:Hashmap_get_node:205: TRY: 7
DEBUG: src/lcthw/hashmap.c:Hashmap_get_node:205: TRY: 8
DEBUG: src/lcthw/hashmap.c:Hashmap_get_node:205: TRY: 9
DEBUG: src/lcthw/hashmap.c:Hashmap_get_node:205: TRY: 10
DEBUG: src/lcthw/hashmap.c:Hashmap_get_node:205: TRY: 11
DEBUG: src/lcthw/hashmap.c:Hashmap_get_node:205: TRY: 12
DEBUG: src/lcthw/hashmap.c:Hashmap_get_node:205: TRY: 13
DEBUG: src/lcthw/hashmap.c:Hashmap_get_node:205: TRY: 14
DEBUG: src/lcthw/hashmap.c:Hashmap_get_node:205: TRY: 15
DEBUG: src/lcthw/hashmap.c:Hashmap_get_node:205: TRY: 16
DEBUG: src/lcthw/hashmap.c:Hashmap_get_node:205: TRY: 17
DEBUG: src/lcthw/hashmap.c:Hashmap_get_node:205: TRY: 18
DEBUG: src/lcthw/hashmap.c:Hashmap_get_node:205: TRY: 19
DEBUG: src/lcthw/hashmap.c:Hashmap_get_node:205: TRY: 20
DEBUG: src/lcthw/hashmap.c:Hashmap_get_node:205: TRY: 21
DEBUG: src/lcthw/hashmap.c:Hashmap_get_node:205: TRY: 22
DEBUG: src/lcthw/hashmap.c:Hashmap_get_node:205: TRY: 23
DEBUG: src/lcthw/hashmap.c:Hashmap_get_node:205: TRY: 24
DEBUG: src/lcthw/hashmap.c:Hashmap_get_node:205: TRY: 25
DEBUG: src/lcthw/hashmap.c:Hashmap_get_node:205: TRY: 26
DEBUG: src/lcthw/hashmap.c:Hashmap_get_node:205: TRY: 27
DEBUG: src/lcthw/hashmap.c:Hashmap_get_node:205: TRY: 28
DEBUG: src/lcthw/hashmap.c:Hashmap_get_node:205: TRY: 29
DEBUG: src/lcthw/hashmap.c:Hashmap_get_node:205: TRY: 30
DEBUG: src/lcthw/hashmap.c:Hashmap_get_node:205: TRY: 31
DEBUG: src/lcthw/hashmap.c:Hashmap_get_node:205: TRY: 32
DEBUG: src/lcthw/hashmap.c:Hashmap_get_node:205: TRY: 33
DEBUG: src/lcthw/hashmap.c:Hashmap_get_node:205: TRY: 34
DEBUG: src/lcthw/hashmap.c:Hashmap_get_node:205: TRY: 35
DEBUG: src/lcthw/hashmap.c:Hashmap_get_node:205: TRY: 36
DEBUG: src/lcthw/hashmap.c:Hashmap_get_node:205: TRY: 37
DEBUG: src/lcthw/hashmap.c:Hashmap_get_node:205: TRY: 38
DEBUG: src/lcthw/hashmap.c:Hashmap_get_node:205: TRY: 39
DEBUG: src/lcthw/hashmap.c:Hashmap_get_node:205: TRY: 40
DEBUG: src/lcthw/hashmap.c:Hashmap_get_node:205: TRY: 41
DEBUG: src/lcthw/hashmap.c:Hashmap_get_node:205: TRY: 42
DEBUG: src/lcthw/hashmap.c:Hashmap_get_node:205: TRY: 43
DEBUG: src/lcthw/hashmap.c:Hashmap_get_node:205: TRY: 44
DEBUG: src/lcthw/hashmap.c:Hashmap_get_node:205: TRY: 45
DEBUG: src/lcthw/hashmap.c:Hashmap_get_node:205: TRY: 46
DEBUG: src/lcthw/hashmap.c:Hashmap_get_node:205: TRY: 47
DEBUG: src/lcthw/hashmap.c:Hashmap_get_node:205: TRY: 48
DEBUG: src/lcthw/hashmap.c:Hashmap_get_node:205: TRY: 49
DEBUG: src/lcthw/hashmap.c:Hashmap_get_node:205: TRY: 50
DEBUG: src/lcthw/hashmap.c:Hashmap_get_node:205: TRY: 51
DEBUG: src/lcthw/hashmap.c:Hashmap_get_node:205: TRY: 52
DEBUG: src/lcthw/hashmap.c:Hashmap_get_node:205: TRY: 53
DEBUG: src/lcthw/hashmap.c:Hashmap_get_node:205: TRY: 54
DEBUG: src/lcthw/hashmap.c:Hashmap_get_node:205: TRY: 0
DEBUG: src/lcthw/hashmap.c:Hashmap_get_node:205: TRY: 1
DEBUG: src/lcthw/hashmap.c:Hashmap_get_node:205: TRY: 2
DEBUG: src/lcthw/hashmap.c:Hashmap_get_node:205: TRY: 3
DEBUG: src/lcthw/hashmap.c:Hashmap_get_node:205: TRY: 4
DEBUG: src/lcthw/hashmap.c:Hashmap_get_node:205: TRY: 5
DEBUG: src/lcthw/hashmap.c:Hashmap_get_node:205: TRY: 6
DEBUG: src/lcthw/hashmap.c:Hashmap_get_node:205: TRY: 7
DEBUG: src/lcthw/hashmap.c:Hashmap_get_node:205: TRY: 8
DEBUG: src/lcthw/hashmap.c:Hashmap_get_node:205: TRY: 9
DEBUG: src/lcthw/hashmap.c:Hashmap_get_node:205: TRY: 10
DEBUG: src/lcthw/hashmap.c:Hashmap_get_node:205: TRY: 11
DEBUG: src/lcthw/hashmap.c:Hashmap_get_node:205: TRY: 12
DEBUG: src/lcthw/hashmap.c:Hashmap_get_node:205: TRY: 13
DEBUG: src/lcthw/hashmap.c:Hashmap_get_node:205: TRY: 14
DEBUG: src/lcthw/hashmap.c:Hashmap_get_node:205: TRY: 15
DEBUG: src/lcthw/hashmap.c:Hashmap_get_node:205: TRY: 16
DEBUG: src/lcthw/hashmap.c:Hashmap_get_node:205: TRY: 17
DEBUG: src/lcthw/hashmap.c:Hashmap_get_node:205: TRY: 18
DEBUG: src/lcthw/hashmap.c:Hashmap_get_node:205: TRY: 19
DEBUG: src/lcthw/hashmap.c:Hashmap_get_node:205: TRY: 20
DEBUG: src/lcthw/hashmap.c:Hashmap_get_node:205: TRY: 21
DEBUG: src/lcthw/hashmap.c:Hashmap_get_node:205: TRY: 22
DEBUG: src/lcthw/hashmap.c:Hashmap_get_node:205: TRY: 23
DEBUG: src/lcthw/hashmap.c:Hashmap_get_node:205: TRY: 24
DEBUG: src/lcthw/hashmap.c:Hashmap_get_node:205: TRY: 25
DEBUG: src/lcthw/hashmap.c:Hashmap_get_node:205: TRY: 26
DEBUG: src/lcthw/hashmap.c:Hashmap_get_node:205: TRY: 27
DEBUG: src/lcthw/hashmap.c:Hashmap_get_node:205: TRY: 28
DEBUG: src/lcthw/hashmap.c:Hashmap_get_node:205: TRY: 29
DEBUG: src/lcthw/hashmap.c:Hashmap_get_node:205: TRY: 30
DEBUG: src/lcthw/hashmap.c:Hashmap_get_node:205: TRY: 31
DEBUG: src/lcthw/hashmap.c:Hashmap_get_node:205: TRY: 32
DEBUG: src/lcthw/hashmap.c:Hashmap_get_node:205: TRY: 33
DEBUG: src/lcthw/hashmap.c:Hashmap_get_node:205: TRY: 34
DEBUG: src/lcthw/hashmap.c:Hashmap_get_node:205: TRY: 35
DEBUG: src/lcthw/hashmap.c:Hashmap_get_node:205: TRY: 36
DEBUG: src/lcthw/hashmap.c:Hashmap_get_node:205: TRY: 37
DEBUG: src/lcthw/hashmap.c:Hashmap_get_node:205: TRY: 38
DEBUG: src/lcthw/hashmap.c:Hashmap_get_node:205: TRY: 39
DEBUG: src/lcthw/hashmap.c:Hashmap_get_node:205: TRY: 40
DEBUG: src/lcthw/hashmap.c:Hashmap_get_node:205: TRY: 41
DEBUG: src/lcthw/hashmap.c:Hashmap_get_node:205: TRY: 42
DEBUG: src/lcthw/hashmap.c:Hashmap_get_node:205: TRY: 43
DEBUG: src/lcthw/hashmap.c:Hashmap_get_node:205: TRY: 44
DEBUG: src/lcthw/hashmap.c:Hashmap_get_node:205: TRY: 45
DEBUG: src/lcthw/hashmap.c:Hashmap_get_node:205: TRY: 46
DEBUG: src/lcthw/hashmap.c:Hashmap_get_node:205: TRY: 47
DEBUG: src/lcthw/hashmap.c:Hashmap_get_node:205: TRY: 48
DEBUG: src/lcthw/hashmap.c:Hashmap_get_node:205: TRY: 49
DEBUG: src/lcthw/hashmap.c:Hashmap_get_node:205: TRY: 50
DEBUG: src/lcthw/hashmap.c:Hashmap_get_node:205: TRY: 51
DEBUG: src/lcthw/hashmap.c:Hashmap_get_node:205: TRY: 52
DEBUG: src/lcthw/hashmap.c:Hashmap_get_node:205: TRY: 53
DEBUG: src/lcthw/hashmap.c:Hashmap_get_node:205: TRY: 54
DEBUG: src/lcthw/hashmap.c:Hashmap_get_node:205: TRY: 55
DEBUG: src/lcthw/hashmap.c:Hashmap_get_node:205: TRY: 0
DEBUG: src/lcthw/hashmap.c:Hashmap_get_node:205: TRY: 1
DEBUG: src/lcthw/hashmap.c:Hashmap_get_node:205: TRY: 2
DEBUG: src/lcthw/hashmap.c:Hashmap_get_node:205: TRY: 3
DEBUG: src/lcthw/hashmap.c:Hashmap_get_node:205: TRY: 4
DEBUG: src/lcthw/hashmap.c:Hashmap_get_node:205: TRY: 5
DEBUG: src/lcthw/hashmap.c:Hashmap_get_node:205: TRY: 6
DEBUG: src/lcthw/hashmap.c:Hashmap_get_node:205: TRY: 7
DEBUG: src/lcthw/hashmap.c:Hashmap_get_node:205: TRY: 8
DEBUG: src/lcthw/hashmap.c:Hashmap_get_node:205: TRY: 9
DEBUG: src/lcthw/hashmap.c:Hashmap_get_node:205: TRY: 10
DEBUG: src/lcthw/hashmap.c:Hashmap_get_node:205: TRY: 11
DEBUG: src/lcthw/hashmap.c:Hashmap_get_node:205: TRY: 12
DEBUG: src/lcthw/hashmap.c:Hashmap_get_node:205: TRY: 13
DEBUG: src/lcthw/hashmap.c:Hashmap_get_node:205: TRY: 14
DEBUG: src/lcthw/hashmap.c:Hashmap_get_node:205: TRY: 15
DEBUG: src/lcthw/hashmap.c:Hashmap_get_node:205: TRY: 16
DEBUG: src/lcthw/hashmap.c:Hashmap_get_node:205: TRY: 17
DEBUG: src/lcthw/hashmap.c:Hashmap_get_node:205: TRY: 18
DEBUG: src/lcthw/hashmap.c:Hashmap_get_node:205: TRY: 19
DEBUG: src/lcthw/hashmap.c:Hashmap_get_node:205: TRY: 20
DEBUG: src/lcthw/hashmap.c:Hashmap_get_node:205: TRY: 21
DEBUG: src/lcthw/hashmap.c:Hashmap_get_node:205: TRY: 22
DEBUG: src/lcthw/hashmap.c:Hashmap_get_node:205: TRY: 23
DEBUG: src/lcthw/hashmap.c:Hashmap_get_node:205: TRY: 24
DEBUG: src/lcthw/hashmap.c:Hashmap_get_node:205: TRY: 25
DEBUG: src/lcthw/hashmap.c:Hashmap_get_node:205: TRY: 26
DEBUG: src/lcthw/hashmap.c:Hashmap_get_node:205: TRY: 27
DEBUG: src/lcthw/hashmap.c:Hashmap_get_node:205: TRY: 28
DEBUG: src/lcthw/hashmap.c:Hashmap_get_node:205: TRY: 29
DEBUG: src/lcthw/hashmap.c:Hashmap_get_node:205: TRY: 30
DEBUG: src/lcthw/hashmap.c:Hashmap_get_node:205: TRY: 31
DEBUG: src/lcthw/hashmap.c:Hashmap_get_node:205: TRY: 32
DEBUG: src/lcthw/hashmap.c:Hashmap_get_node:205: TRY: 33
DEBUG: src/lcthw/hashmap.c:Hashmap_get_node:205: TRY: 34
DEBUG: src/lcthw/hashmap.c:Hashmap_get_node:205: TRY: 35
DEBUG: src/lcthw/hashmap.c:Hashmap_get_node:205: TRY: 36
DEBUG: src/lcthw/hashmap.c:Hashmap_get_node:205: TRY: 37
DEBUG: src/lcthw/hashmap.c:Hashmap_get_node:205: TRY: 38
DEBUG: src/lcthw/hashmap.c:Hashmap_get_node:205: TRY: 39
DEBUG: src/lcthw/hashmap.c:Hashmap_get_node:205: TRY: 40
DEBUG: src/lcthw/hashmap.c:Hashmap_get_node:205: TRY: 41
DEBUG: src/lcthw/hashmap.c:Hashmap_get_node:205: TRY: 42
DEBUG: src/lcthw/hashmap.c:Hashmap_get_node:205: TRY: 43
DEBUG: src/lcthw/hashmap.c:Hashmap_get_node:205: TRY: 44
DEBUG: src/lcthw/hashmap.c:Hashmap_get_node:205: TRY: 45
DEBUG: src/lcthw/hashmap.c:Hashmap_get_node:205: TRY: 46
DEBUG: src/lcthw/hashmap.c:Hashmap_get_node:205: TRY: 0
DEBUG: src/lcthw/hashmap.c:Hashmap_get_node:205: TRY: 1
DEBUG: src/lcthw/hashmap.c:Hashmap_get_node:205: TRY: 2
DEBUG: src/lcthw/hashmap.c:Hashmap_get_node:205: TRY: 3
DEBUG: src/lcthw/hashmap.c:Hashmap_get_node:205: TRY: 4
DEBUG: src/lcthw/hashmap.c:Hashmap_get_node:205: TRY: 5
DEBUG: src/lcthw/hashmap.c:Hashmap_get_node:205: TRY: 6
DEBUG: src/lcthw/hashmap.c:Hashmap_get_node:205: TRY: 7
DEBUG: src/lcthw/hashmap.c:Hashmap_get_node:205: TRY: 8
DEBUG: src/lcthw/hashmap.c:Hashmap_get_node:205: TRY: 9
DEBUG: src/lcthw/hashmap.c:Hashmap_get_node:205: TRY: 10
DEBUG: src/lcthw/hashmap.c:Hashmap_get_node:205: TRY: 11
DEBUG: src/lcthw/hashmap.c:Hashmap_get_node:205: TRY: 12
DEBUG: src/lcthw/hashmap.c:Hashmap_get_node:205: TRY: 13
DEBUG: src/lcthw/hashmap.c:Hashmap_get_node:205: TRY: 14
DEBUG: src/lcthw/hashmap.c:Hashmap_get_node:205: TRY: 15
DEBUG: src/lcthw/hashmap.c:Hashmap_get_node:205: TRY: 16
DEBUG: src/lcthw/hashmap.c:Hashmap_get_node:205: TRY: 17
DEBUG: src/lcthw/hashmap.c:Hashmap_get_node:205: TRY: 18
DEBUG: src/lcthw/hashmap.c:Hashmap_get_node:205: TRY: 19
DEBUG: src/lcthw/hashmap.c:Hashmap_get_node:205: TRY: 20
DEBUG: src/lcthw/hashmap.c:Hashmap_get_node:205: TRY: 21
DEBUG: src/lcthw/hashmap.c:Hashmap_get_node:205: TRY: 22
DEBUG: src/lcthw/hashmap.c:Hashmap_get_node:205: TRY: 23
DEBUG: src/lcthw/hashmap.c:Hashmap_get_node:205: TRY: 24
DEBUG: src/lcthw/hashmap.c:Hashmap_get_node:205: TRY: 25
DEBUG: src/lcthw/hashmap.c:Hashmap_get_node:205: TRY: 26
DEBUG: src/lcthw/hashmap.c:Hashmap_get_node:205: TRY: 27
DEBUG: src/lcthw/hashmap.c:Hashmap_get_node:205: TRY: 28
DEBUG: src/lcthw/hashmap.c:Hashmap_get_node:205: TRY: 29
DEBUG: src/lcthw/hashmap.c:Hashmap_get_node:205: TRY: 30
DEBUG: src/lcthw/hashmap.c:Hashmap_get_node:205: TRY: 31
DEBUG: src/lcthw/hashmap.c:Hashmap_get_node:205: TRY: 32
DEBUG: src/lcthw/hashmap.c:Hashmap_get_node:205: TRY: 33
DEBUG: src/lcthw/hashmap.c:Hashmap_get_node:205: TRY: 34
DEBUG: src/lcthw/hashmap.c:Hashmap_get_node:205: TRY: 35
DEBUG: src/lcthw/hashmap.c:Hashmap_get_node:205: TRY: 36
DEBUG: src/lcthw/hashmap.c:Hashmap_get_node:205: TRY: 37
DEBUG: src/lcthw/hashmap.c:Hashmap_get_node:205: TRY: 38
DEBUG: src/lcthw/hashmap.c:Hashmap_get_node:205: TRY: 39
DEBUG: src/lcthw/hashmap.c:Hashmap_get_node:205: TRY: 40
DEBUG: src/lcthw/hashmap.c:Hashmap_get_node:205: TRY: 41
DEBUG: src/lcthw/hashmap.c:Hashmap_get_node:205: TRY: 42
DEBUG: src/lcthw/hashmap.c:Hashmap_get_node:205: TRY: 43
DEBUG: src/lcthw/hashmap.c:Hashmap_get_node:205: TRY: 44
DEBUG: src/lcthw/hashmap.c:Hashmap_get_node:205: TRY: 0
DEBUG: src/lcthw/hashmap.c:Hashmap_get_node:205: TRY: 1
DEBUG: src/lcthw/hashmap.c:Hashmap_get_node:205: TRY: 2
DEBUG: src/lcthw/hashmap.c:Hashmap_get_node:205: TRY: 3
DEBUG: src/lcthw/hashmap.c:Hashmap_get_node:205: TRY: 4
DEBUG: src/lcthw/hashmap.c:Hashmap_get_node:205: TRY: 5
DEBUG: src/lcthw/hashmap.c:Hashmap_get_node:205: TRY: 6
DEBUG: src/lcthw/hashmap.c:Hashmap_get_node:205: TRY: 7
DEBUG: src/lcthw/hashmap.c:Hashmap_get_node:205: TRY: 8
DEBUG: src/lcthw/hashmap.c:Hashmap_get_node:205: TRY: 9
DEBUG: src/lcthw/hashmap.c:Hashmap_get_node:205: TRY: 10
DEBUG: src/lcthw/hashmap.c:Hashmap_get_node:205: TRY: 11
DEBUG: src/lcthw/hashmap.c:Hashmap_get_node:205: TRY: 12
DEBUG: src/lcthw/hashmap.c:Hashmap_get_node:205: TRY: 13
DEBUG: src/lcthw/hashmap.c:Hashmap_get_node:205: TRY: 14
DEBUG: src/lcthw/hashmap.c:Hashmap_get_node:205: TRY: 15
DEBUG: src/lcthw/hashmap.c:Hashmap_get_node:205: TRY: 16
DEBUG: src/lcthw/hashmap.c:Hashmap_get_node:205: TRY: 17
DEBUG: src/lcthw/hashmap.c:Hashmap_get_node:205: TRY: 18
DEBUG: src/lcthw/hashmap.c:Hashmap_get_node:205: TRY: 19
DEBUG: src/lcthw/hashmap.c:Hashmap_get_node:205: TRY: 20
DEBUG: src/lcthw/hashmap.c:Hashmap_get_node:205: TRY: 21
DEBUG: src/lcthw/hashmap.c:Hashmap_get_node:205: TRY: 22
DEBUG: src/lcthw/hashmap.c:Hashmap_get_node:205: TRY: 23
DEBUG: src/lcthw/hashmap.c:Hashmap_get_node:205: TRY: 24
DEBUG: src/lcthw/hashmap.c:Hashmap_get_node:205: TRY: 25
DEBUG: src/lcthw/hashmap.c:Hashmap_get_node:205: TRY: 26
DEBUG: src/lcthw/hashmap.c:Hashmap_get_node:205: TRY: 27
DEBUG: src/lcthw/hashmap.c:Hashmap_get_node:205: TRY: 28
DEBUG: src/lcthw/hashmap.c:Hashmap_get_node:205: TRY: 29
DEBUG: src/lcthw/hashmap.c:Hashmap_get_node:205: TRY: 30
DEBUG: src/lcthw/hashmap.c:Hashmap_get_node:205: TRY: 31
DEBUG: src/lcthw/hashmap.c:Hashmap_get_node:205: TRY: 32
DEBUG: src/lcthw/hashmap.c:Hashmap_get_node:205: TRY: 33
DEBUG: src/lcthw/hashmap.c:Hashmap_get_node:205: TRY: 34
DEBUG: src/lcthw/hashmap.c:Hashmap_get_node:205: TRY: 35
DEBUG: src/lcthw/hashmap.c:Hashmap_get_node:205: TRY: 36
DEBUG: src/lcthw/hashmap.c:Hashmap_get_node:205: TRY: 37
DEBUG: src/lcthw/hashmap.c:Hashmap_get_node:205: TRY: 38
DEBUG: src/lcthw/hashmap.c:Hashmap_get_node:205: TRY: 39
DEBUG: src/lcthw/hashmap.c:Hashmap_get_node:205: TRY: 40
DEBUG: src/lcthw/hashmap.c:Hashmap_get_node:205: TRY: 41
DEBUG: src/lcthw/hashmap.c:Hashmap_get_node:205: TRY: 42
DEBUG: src/lcthw/hashmap.c:Hashmap_get_node:205: TRY: 43
DEBUG: src/lcthw/hashmap.c:Hashmap_get_node:205: TRY: 44
DEBUG: src/lcthw/hashmap.c:Hashmap_get_node:205: TRY: 0
DEBUG: src/lcthw/hashmap.c:Hashmap_get_node:205: TRY: 1
DEBUG: src/lcthw/hashmap.c:Hashmap_get_node:205: TRY: 2
DEBUG: src/lcthw/hashmap.c:Hashmap_get_node:205: TRY: 3
DEBUG: src/lcthw/hashmap.c:Hashmap_get_node:205: TRY: 4
DEBUG: src/lcthw/hashmap.c:Hashmap_get_node:205: TRY: 5
DEBUG: src/lcthw/hashmap.c:Hashmap_get_node:205: TRY: 6
DEBUG: src/lcthw/hashmap.c:Hashmap_get_node:205: TRY: 7
DEBUG: src/lcthw/hashmap.c:Hashmap_get_node:205: TRY: 8
DEBUG: src/lcthw/hashmap.c:Hashmap_get_node:205: TRY: 9
DEBUG: src/lcthw/hashmap.c:Hashmap_get_node:205: TRY: 10
DEBUG: src/lcthw/hashmap.c:Hashmap_get_node:205: TRY: 11
DEBUG: src/lcthw/hashmap.c:Hashmap_get_node:205: TRY: 12
DEBUG: src/lcthw/hashmap.c:Hashmap_get_node:205: TRY: 13
DEBUG: src/lcthw/hashmap.c:Hashmap_get_node:205: TRY: 14
DEBUG: src/lcthw/hashmap.c:Hashmap_get_node:205: TRY: 15
DEBUG: src/lcthw/hashmap.c:Hashmap_get_node:205: TRY: 16
DEBUG: src/lcthw/hashmap.c:Hashmap_get_node:205: TRY: 17
DEBUG: src/lcthw/hashmap.c:Hashmap_get_node:205: TRY: 18
DEBUG: src/lcthw/hashmap.c:Hashmap_get_node:205: TRY: 19
DEBUG: src/lcthw/hashmap.c:Hashmap_get_node:205: TRY: 20
DEBUG: src/lcthw/hashmap.c:Hashmap_get_node:205: TRY: 21
DEBUG: src/lcthw/hashmap.c:Hashmap_get_node:205: TRY: 22
DEBUG: src/lcthw/hashmap.c:Hashmap_get_node:205: TRY: 23
DEBUG: src/lcthw/hashmap.c:Hashmap_get_node:205: TRY: 24
DEBUG: src/lcthw/hashmap.c:Hashmap_get_node:205: TRY: 25
DEBUG: src/lcthw/hashmap.c:Hashmap_get_node:205: TRY: 26
DEBUG: src/lcthw/hashmap.c:Hashmap_get_node:205: TRY: 27
DEBUG: src/lcthw/hashmap.c:Hashmap_get_node:205: TRY: 28
DEBUG: src/lcthw/hashmap.c:Hashmap_get_node:205: TRY: 29
DEBUG: src/lcthw/hashmap.c:Hashmap_get_node:205: TRY: 30
DEBUG: src/lcthw/hashmap.c:Hashmap_get_node:205: TRY: 31
DEBUG: src/lcthw/hashmap.c:Hashmap_get_node:205: TRY: 32
DEBUG: src/lcthw/hashmap.c:Hashmap_get_node:205: TRY: 33
DEBUG: src/lcthw/hashmap.c:Hashmap_get_node:205: TRY: 34
DEBUG: src/lcthw/hashmap.c:Hashmap_get_node:205: TRY: 35
DEBUG: src/lcthw/hashmap.c:Hashmap_get_node:205: TRY: 36
DEBUG: src/lcthw/hashmap.c:Hashmap_get_node:205: TRY: 37
DEBUG: src/lcthw/hashmap.c:Hashmap_get_node:205: TRY: 38
DEBUG: src/lcthw/hashmap.c:Hashmap_get_node:205: TRY: 39
DEBUG: src/lcthw/hashmap.c:Hashmap_get_node:205: TRY: 40
DEBUG: src/lcthw/hashmap.c:Hashmap_get_node:205: TRY: 41
DEBUG: src/lcthw/hashmap.c:Hashmap_get_node:205: TRY: 42
DEBUG: src/lcthw/hashmap.c:Hashmap_get_node:205: TRY: 43
DEBUG: src/lcthw/hashmap.c:Hashmap_get_node:205: TRY: 44
DEBUG: src/lcthw/hashmap.c:Hashmap_get_node:205: TRY: 45
DEBUG: src/lcthw/hashmap.c:Hashmap_get_node:205: TRY: 0
DEBUG: src/lcthw/hashmap.c:Hashmap_get_node:205: TRY: 1
DEBUG: src/lcthw/hashmap.c:Hashmap_get_node:205: TRY: 2
DEBUG: src/lcthw/hashmap.c:Hashmap_get_node:205: TRY: 3
DEBUG: src/lcthw/hashmap.c:Hashmap_get_node:205: TRY: 4
DEBUG: src/lcthw/hashmap.c:Hashmap_get_node:205: TRY: 5
DEBUG: src/lcthw/hashmap.c:Hashmap_get_node:205: TRY: 6
DEBUG: src/lcthw/hashmap.c:Hashmap_get_node:205: TRY: 7
DEBUG: src/lcthw/hashmap.c:Hashmap_get_node:205: TRY: 8
DEBUG: src/lcthw/hashmap.c:Hashmap_get_node:205: TRY: 9
DEBUG: src/lcthw/hashmap.c:Hashmap_get_node:205: TRY: 10
DEBUG: src/lcthw/hashmap.c:Hashmap_get_node:205: TRY: 11
DEBUG: src/lcthw/hashmap.c:Hashmap_get_node:205: TRY: 12
DEBUG: src/lcthw/hashmap.c:Hashmap_get_node:205: TRY: 13
DEBUG: src/lcthw/hashmap.c:Hashmap_get_node:205: TRY: 14
DEBUG: src/lcthw/hashmap.c:Hashmap_get_node:205: TRY: 15
DEBUG: src/lcthw/hashmap.c:Hashmap_get_node:205: TRY: 16
DEBUG: src/lcthw/hashmap.c:Hashmap_get_node:205: TRY: 17
DEBUG: src/lcthw/hashmap.c:Hashmap_get_node:205: TRY: 18
DEBUG: src/lcthw/hashmap.c:Hashmap_get_node:205: TRY: 19
DEBUG: src/lcthw/hashmap.c:Hashmap_get_node:205: TRY: 20
DEBUG: src/lcthw/hashmap.c:Hashmap_get_node:205: TRY: 21
DEBUG: src/lcthw/hashmap.c:Hashmap_get_node:205: TRY: 22
DEBUG: src/lcthw/hashmap.c:Hashmap_get_node:205: TRY: 23
DEBUG: src/lcthw/hashmap.c:Hashmap_get_node:205: TRY: 24
DEBUG: src/lcthw/hashmap.c:Hashmap_get_node:205: TRY: 25
DEBUG: src/lcthw/hashmap.c:Hashmap_get_node:205: TRY: 26
DEBUG: src/lcthw/hashmap.c:Hashmap_get_node:205: TRY: 27
DEBUG: src/lcthw/hashmap.c:Hashmap_get_node:205: TRY: 28
DEBUG: src/lcthw/hashmap.c:Hashmap_get_node:205: TRY: 29
DEBUG: src/lcthw/hashmap.c:Hashmap_get_node:205: TRY: 30
DEBUG: src/lcthw/hashmap.c:Hashmap_get_node:205: TRY: 31
DEBUG: src/lcthw/hashmap.c:Hashmap_get_node:205: TRY: 32
DEBUG: src/lcthw/hashmap.c:Hashmap_get_node:205: TRY: 33
DEBUG: src/lcthw/hashmap.c:Hashmap_get_node:205: TRY: 34
DEBUG: src/lcthw/hashmap.c:Hashmap_get_node:205: TRY: 35
DEBUG: src/lcthw/hashmap.c:Hashmap_get_node:205: TRY: 36
DEBUG: src/lcthw/hashmap.c:Hashmap_get_node:205: TRY: 37
DEBUG: src/lcthw/hashmap.c:Hashmap_get_node:205: TRY: 38
DEBUG: src/lcthw/hashmap.c:Hashmap_get_node:205: TRY: 39
DEBUG: src/lcthw/hashmap.c:Hashmap_get_node:205: TRY: 40
DEBUG: src/lcthw/hashmap.c:Hashmap_get_node:205: TRY: 41
DEBUG: src/lcthw/hashmap.c:Hashmap_get_node:205: TRY: 42
DEBUG: src/lcthw/hashmap.c:Hashmap_get_node:205: TRY: 43
DEBUG: src/lcthw/hashmap.c:Hashmap_get_node:205: TRY: 44
DEBUG: src/lcthw/hashmap.c:Hashmap_get_node:205: TRY: 45
DEBUG: src/lcthw/hashmap.c:Hashmap_get_node:205: TRY: 0
DEBUG: src/lcthw/hashmap.c:Hashmap_get_node:205: TRY: 1
DEBUG: src/lcthw/hashmap.c:Hashmap_get_node:205: TRY: 2
DEBUG: src/lcthw/hashmap.c:Hashmap_get_node:205: TRY: 3
DEBUG: src/lcthw/hashmap.c:Hashmap_get_node:205: TRY: 4
DEBUG: src/lcthw/hashmap.c:Hashmap_get_node:205: TRY: 5
DEBUG: src/lcthw/hashmap.c:Hashmap_get_node:205: TRY: 6
DEBUG: src/lcthw/hashmap.c:Hashmap_get_node:205: TRY: 7
DEBUG: src/lcthw/hashmap.c:Hashmap_get_node:205: TRY: 8
DEBUG: src/lcthw/hashmap.c:Hashmap_get_node:205: TRY: 9
DEBUG: src/lcthw/hashmap.c:Hashmap_get_node:205: TRY: 10
DEBUG: src/lcthw/hashmap.c:Hashmap_get_node:205: TRY: 11
DEBUG: src/lcthw/hashmap.c:Hashmap_get_node:205: TRY: 12
DEBUG: src/lcthw/hashmap.c:Hashmap_get_node:205: TRY: 13
DEBUG: src/lcthw/hashmap.c:Hashmap_get_node:205: TRY: 14
DEBUG: src/lcthw/hashmap.c:Hashmap_get_node:205: TRY: 15
DEBUG: src/lcthw/hashmap.c:Hashmap_get_node:205: TRY: 16
DEBUG: src/lcthw/hashmap.c:Hashmap_get_node:205: TRY: 17
DEBUG: src/lcthw/hashmap.c:Hashmap_get_node:205: TRY: 18
DEBUG: src/lcthw/hashmap.c:Hashmap_get_node:205: TRY: 19
DEBUG: src/lcthw/hashmap.c:Hashmap_get_node:205: TRY: 20
DEBUG: src/lcthw/hashmap.c:Hashmap_get_node:205: TRY: 21
DEBUG: src/lcthw/hashmap.c:Hashmap_get_node:205: TRY: 22
DEBUG: src/lcthw/hashmap.c:Hashmap_get_node:205: TRY: 23
DEBUG: src/lcthw/hashmap.c:Hashmap_get_node:205: TRY: 24
DEBUG: src/lcthw/hashmap.c:Hashmap_get_node:205: TRY: 25
DEBUG: src/lcthw/hashmap.c:Hashmap_get_node:205: TRY: 26
DEBUG: src/lcthw/hashmap.c:Hashmap_get_node:205: TRY: 27
DEBUG: src/lcthw/hashmap.c:Hashmap_get_node:205: TRY: 28
DEBUG: src/lcthw/hashmap.c:Hashmap_get_node:205: TRY: 29
DEBUG: src/lcthw/hashmap.c:Hashmap_get_node:205: TRY: 30
DEBUG: src/lcthw/hashmap.c:Hashmap_get_node:205: TRY: 31
DEBUG: src/lcthw/hashmap.c:Hashmap_get_node:205: TRY: 32
DEBUG: src/lcthw/hashmap.c:Hashmap_get_node:205: TRY: 33
DEBUG: src/lcthw/hashmap.c:Hashmap_get_node:205: TRY: 34
DEBUG: src/lcthw/hashmap.c:Hashmap_get_node:205: TRY: 35
DEBUG: src/lcthw/hashmap.c:Hashmap_get_node:205: TRY: 36
DEBUG: src/lcthw/hashmap.c:Hashmap_get_node:205: TRY: 37
DEBUG: src/lcthw/hashmap.c:Hashmap_get_node:205: TRY: 38
DEBUG: src/lcthw/hashmap.c:Hashmap_get_node:205: TRY: 39
DEBUG: src/lcthw/hashmap.c:Hashmap_get_node:205: TRY: 40
DEBUG: src/lcthw/hashmap.c:Hashmap_get_node:205: TRY: 41
DEBUG: src/lcthw/hashmap.c:Hashmap_get_node:205: TRY: 42
DEBUG: src/lcthw/hashmap.c:Hashmap_get_node:205: TRY: 43
DEBUG: src/lcthw/hashmap.c:Hashmap_get_node:205: TRY: 44
DEBUG: src/lcthw/hashmap.c:Hashmap_get_node:205: TRY: 45
DEBUG: src/lcthw/hashmap.c:Hashmap_get_node:205: TRY: 46
DEBUG: src/lcthw/hashmap.c:Hashmap_get_node:205: TRY: 47
DEBUG: src/lcthw/hashmap.c:Hashmap_get_node:205: TRY: 48
DEBUG: src/lcthw/hashmap.c:Hashmap_get_node:205: TRY: 49
DEBUG: src/lcthw/hashmap.c:Hashmap_get_node:205: TRY: 50
DEBUG: src/lcthw/hashmap.c:Hashmap_get_node:205: TRY: 51
DEBUG: src/lcthw/hashmap.c:Hashmap_get_node:205: TRY: 52
DEBUG: src/lcthw/hashmap.c:Hashmap_get_node:205: TRY: 53
DEBUG: src/lcthw/hashmap.c:Hashmap_get_node:205: TRY: 54
DEBUG: src/lcthw/hashmap.c:Hashmap_get_node:205: TRY: 55
DEBUG: src/lcthw/hashmap.c:Hashmap_get_node:205: TRY: 56
DEBUG: src/lcthw/hashmap.c:Hashmap_get_node:205: TRY: 57
DEBUG: src/lcthw/hashmap.c:Hashmap_get_node:205: TRY: 58
DEBUG: src/lcthw/hashmap.c:Hashmap_get_node:205: TRY: 59
DEBUG: src/lcthw/hashmap.c:Hashmap_get_node:205: TRY: 60
DEBUG: src/lcthw/hashmap.c:Hashmap_get_node:205: TRY: 61
DEBUG: src/lcthw/hashmap.c:Hashmap_get_node:205: TRY: 62
DEBUG: src/lcthw/hashmap.c:Hashmap_get_node:205: TRY: 63
DEBUG: src/lcthw/hashmap.c:Hashmap_get_node:205: TRY: 64
DEBUG: src/lcthw/hashmap.c:Hashmap_get_node:205: TRY: 65
DEBUG: src/lcthw/hashmap.c:Hashmap_get_node:205: TRY: 66
DEBUG: src/lcthw/hashmap.c:Hashmap_get_node:205: TRY: 67
DEBUG: src/lcthw/hashmap.c:Hashmap_get_node:205: TRY: 68
DEBUG: src/lcthw/hashmap.c:Hashmap_get_node:205: TRY: 69
DEBUG: src/lcthw/hashmap.c:Hashmap_get_node:205: TRY: 70
DEBUG: src/lcthw/hashmap.c:Hashmap_get_node:205: TRY: 71
DEBUG: src/lcthw/hashmap.c:Hashmap_get_node:205: TRY: 72
DEBUG: src/lcthw/hashmap.c:Hashmap_get_node:205: TRY: 73
DEBUG: src/lcthw/hashmap.c:Hashmap_get_node:205: TRY: 74
DEBUG: src/lcthw/hashmap.c:Hashmap_get_node:205: TRY: 75
DEBUG: src/lcthw/hashmap.c:Hashmap_get_node:205: TRY: 76
DEBUG: src/lcthw/hashmap.c:Hashmap_get_node:205: TRY: 77
DEBUG: src/lcthw/hashmap.c:Hashmap_get_node:205: TRY: 0
DEBUG: src/lcthw/hashmap.c:Hashmap_get_node:205: TRY: 1
DEBUG: src/lcthw/hashmap.c:Hashmap_get_node:205: TRY: 2
DEBUG: src/lcthw/hashmap.c:Hashmap_get_node:205: TRY: 3
DEBUG: src/lcthw/hashmap.c:Hashmap_get_node:205: TRY: 4
DEBUG: src/lcthw/hashmap.c:Hashmap_get_node:205: TRY: 5
DEBUG: src/lcthw/hashmap.c:Hashmap_get_node:205: TRY: 6
DEBUG: src/lcthw/hashmap.c:Hashmap_get_node:205: TRY: 7
DEBUG: src/lcthw/hashmap.c:Hashmap_get_node:205: TRY: 8
DEBUG: src/lcthw/hashmap.c:Hashmap_get_node:205: TRY: 9
DEBUG: src/lcthw/hashmap.c:Hashmap_get_node:205: TRY: 10
DEBUG: src/lcthw/hashmap.c:Hashmap_get_node:205: TRY: 11
DEBUG: src/lcthw/hashmap.c:Hashmap_get_node:205: TRY: 12
DEBUG: src/lcthw/hashmap.c:Hashmap_get_node:205: TRY: 13
DEBUG: src/lcthw/hashmap.c:Hashmap_get_node:205: TRY: 14
DEBUG: src/lcthw/hashmap.c:Hashmap_get_node:205: TRY: 15
DEBUG: src/lcthw/hashmap.c:Hashmap_get_node:205: TRY: 16
DEBUG: src/lcthw/hashmap.c:Hashmap_get_node:205: TRY: 17
DEBUG: src/lcthw/hashmap.c:Hashmap_get_node:205: TRY: 18
DEBUG: src/lcthw/hashmap.c:Hashmap_get_node:205: TRY: 19
DEBUG: src/lcthw/hashmap.c:Hashmap_get_node:205: TRY: 20
DEBUG: src/lcthw/hashmap.c:Hashmap_get_node:205: TRY: 21
DEBUG: src/lcthw/hashmap.c:Hashmap_get_node:205: TRY: 22
DEBUG: src/lcthw/hashmap.c:Hashmap_get_node:205: TRY: 23
DEBUG: src/lcthw/hashmap.c:Hashmap_get_node:205: TRY: 24
DEBUG: src/lcthw/hashmap.c:Hashmap_get_node:205: TRY: 25
DEBUG: src/lcthw/hashmap.c:Hashmap_get_node:205: TRY: 26
DEBUG: src/lcthw/hashmap.c:Hashmap_get_node:205: TRY: 27
DEBUG: src/lcthw/hashmap.c:Hashmap_get_node:205: TRY: 28
DEBUG: src/lcthw/hashmap.c:Hashmap_get_node:205: TRY: 29
DEBUG: src/lcthw/hashmap.c:Hashmap_get_node:205: TRY: 30
DEBUG: src/lcthw/hashmap.c:Hashmap_get_node:205: TRY: 31
DEBUG: src/lcthw/hashmap.c:Hashmap_get_node:205: TRY: 32
DEBUG: src/lcthw/hashmap.c:Hashmap_get_node:205: TRY: 33
DEBUG: src/lcthw/hashmap.c:Hashmap_get_node:205: TRY: 34
DEBUG: src/lcthw/hashmap.c:Hashmap_get_node:205: TRY: 35
DEBUG: src/lcthw/hashmap.c:Hashmap_get_node:205: TRY: 36
DEBUG: src/lcthw/hashmap.c:Hashmap_get_node:205: TRY: 37
DEBUG: src/lcthw/hashmap.c:Hashmap_get_node:205: TRY: 38
DEBUG: src/lcthw/hashmap.c:Hashmap_get_node:205: TRY: 39
DEBUG: src/lcthw/hashmap.c:Hashmap_get_node:205: TRY: 40
DEBUG: src/lcthw/hashmap.c:Hashmap_get_node:205: TRY: 41
DEBUG: src/lcthw/hashmap.c:Hashmap_get_node:205: TRY: 42
DEBUG: src/lcthw/hashmap.c:Hashmap_get_node:205: TRY: 43
DEBUG: src/lcthw/hashmap.c:Hashmap_get_node:205: TRY: 44
DEBUG: src/lcthw/hashmap.c:Hashmap_get_node:205: TRY: 45
DEBUG: src/lcthw/hashmap.c:Hashmap_get_node:205: TRY: 46
DEBUG: src/lcthw/hashmap.c:Hashmap_get_node:205: TRY: 47
DEBUG: src/lcthw/hashmap.c:Hashmap_get_node:205: TRY: 48
DEBUG: src/lcthw/hashmap.c:Hashmap_get_node:205: TRY: 49
DEBUG: src/lcthw/hashmap.c:Hashmap_get_node:205: TRY: 50
DEBUG: src/lcthw/hashmap.c:Hashmap_get_node:205: TRY: 51
DEBUG: src/lcthw/hashmap.c:Hashmap_get_node:205: TRY: 52
DEBUG: src/lcthw/hashmap.c:Hashmap_get_node:205: TRY: 53
DEBUG: src/lcthw/hashmap.c:Hashmap_get_node:205: TRY: 54
DEBUG: src/lcthw/hashmap.c:Hashmap_get_node:205: TRY: 55
DEBUG: src/lcthw/hashmap.c:Hashmap_get_node:205: TRY: 56
DEBUG: src/lcthw/hashmap.c:Hashmap_get_node:205: TRY: 0
DEBUG: src/lcthw/hashmap.c:Hashmap_get_node:205: TRY: 1
DEBUG: src/lcthw/hashmap.c:Hashmap_get_node:205: TRY: 2
DEBUG: src/lcthw/hashmap.c:Hashmap_get_node:205: TRY: 3
DEBUG: src/lcthw/hashmap.c:Hashmap_get_node:205: TRY: 4
DEBUG: src/lcthw/hashmap.c:Hashmap_get_node:205: TRY: 5
DEBUG: src/lcthw/hashmap.c:Hashmap_get_node:205: TRY: 6
DEBUG: src/lcthw/hashmap.c:Hashmap_get_node:205: TRY: 7
DEBUG: src/lcthw/hashmap.c:Hashmap_get_node:205: TRY: 8
DEBUG: src/lcthw/hashmap.c:Hashmap_get_node:205: TRY: 9
DEBUG: src/lcthw/hashmap.c:Hashmap_get_node:205: TRY: 10
DEBUG: src/lcthw/hashmap.c:Hashmap_get_node:205: TRY: 11
DEBUG: src/lcthw/hashmap.c:Hashmap_get_node:205: TRY: 12
DEBUG: src/lcthw/hashmap.c:Hashmap_get_node:205: TRY: 13
DEBUG: src/lcthw/hashmap.c:Hashmap_get_node:205: TRY: 14
DEBUG: src/lcthw/hashmap.c:Hashmap_get_node:205: TRY: 15
DEBUG: src/lcthw/hashmap.c:Hashmap_get_node:205: TRY: 16
DEBUG: src/lcthw/hashmap.c:Hashmap_get_node:205: TRY: 17
DEBUG: src/lcthw/hashmap.c:Hashmap_get_node:205: TRY: 18
DEBUG: src/lcthw/hashmap.c:Hashmap_get_node:205: TRY: 19
DEBUG: src/lcthw/hashmap.c:Hashmap_get_node:205: TRY: 20
DEBUG: src/lcthw/hashmap.c:Hashmap_get_node:205: TRY: 21
DEBUG: src/lcthw/hashmap.c:Hashmap_get_node:205: TRY: 22
DEBUG: src/lcthw/hashmap.c:Hashmap_get_node:205: TRY: 23
DEBUG: src/lcthw/hashmap.c:Hashmap_get_node:205: TRY: 24
DEBUG: src/lcthw/hashmap.c:Hashmap_get_node:205: TRY: 25
DEBUG: src/lcthw/hashmap.c:Hashmap_get_node:205: TRY: 26
DEBUG: src/lcthw/hashmap.c:Hashmap_get_node:205: TRY: 27
DEBUG: src/lcthw/hashmap.c:Hashmap_get_node:205: TRY: 28
DEBUG: src/lcthw/hashmap.c:Hashmap_get_node:205: TRY: 29
DEBUG: src/lcthw/hashmap.c:Hashmap_get_node:205: TRY: 30
DEBUG: src/lcthw/hashmap.c:Hashmap_get_node:205: TRY: 31
DEBUG: src/lcthw/hashmap.c:Hashmap_get_node:205: TRY: 32
DEBUG: src/lcthw/hashmap.c:Hashmap_get_node:205: TRY: 33
DEBUG: src/lcthw/hashmap.c:Hashmap_get_node:205: TRY: 34
DEBUG: src/lcthw/hashmap.c:Hashmap_get_node:205: TRY: 35
DEBUG: src/lcthw/hashmap.c:Hashmap_get_node:205: TRY: 36
DEBUG: src/lcthw/hashmap.c:Hashmap_get_node:205: TRY: 37
DEBUG: src/lcthw/hashmap.c:Hashmap_get_node:205: TRY: 38
DEBUG: src/lcthw/hashmap.c:Hashmap_get_node:205: TRY: 39
DEBUG: src/lcthw/hashmap.c:Hashmap_get_node:205: TRY: 40
DEBUG: src/lcthw/hashmap.c:Hashmap_get_node:205: TRY: 41
DEBUG: src/lcthw/hashmap.c:Hashmap_get_node:205: TRY: 42
DEBUG: src/lcthw/hashmap.c:Hashmap_get_node:205: TRY: 43
DEBUG: src/lcthw/hashmap.c:Hashmap_get_node:205: TRY: 44
DEBUG: src/lcthw/hashmap.c:Hashmap_get_node:205: TRY: 45
DEBUG: src/lcthw/hashmap.c:Hashmap_get_node:205: TRY: 46
DEBUG: src/lcthw/hashmap.c:Hashmap_get_node:205: TRY: 47
DEBUG: src/lcthw/hashmap.c:Hashmap_get_node:205: TRY: 48
DEBUG: src/lcthw/hashmap.c:Hashmap_get_node:205: TRY: 49
DEBUG: src/lcthw/hashmap.c:Hashmap_get_node:205: TRY: 50
DEBUG: src/lcthw/hashmap.c:Hashmap_get_node:205: TRY: 51
DEBUG: src/lcthw/hashmap.c:Hashmap_get_node:205: TRY: 52
DEBUG: src/lcthw/hashmap.c:Hashmap_get_node:205: TRY: 53
DEBUG: src/lcthw/hashmap.c:Hashmap_get_node:205: TRY: 54
DEBUG: src/lcthw/hashmap.c:Hashmap_get_node:205: TRY: 55
DEBUG: src/lcthw/hashmap.c:Hashmap_get_node:205: TRY: 56
DEBUG: src/lcthw/hashmap.c:Hashmap_get_node:205: TRY: 0
DEBUG: src/lcthw/hashmap.c:Hashmap_get_node:205: TRY: 1
DEBUG: src/lcthw/hashmap.c:Hashmap_get_node:205: TRY: 2
DEBUG: src/lcthw/hashmap.c:Hashmap_get_node:205: TRY: 3
DEBUG: src/lcthw/hashmap.c:Hashmap_get_node:205: TRY: 4
DEBUG: src/lcthw/hashmap.c:Hashmap_get_node:205: TRY: 5
DEBUG: src/lcthw/hashmap.c:Hashmap_get_node:205: TRY: 6
DEBUG: src/lcthw/hashmap.c:Hashmap_get_node:205: TRY: 7
DEBUG: src/lcthw/hashmap.c:Hashmap_get_node:205: TRY: 8
DEBUG: src/lcthw/hashmap.c:Hashmap_get_node:205: TRY: 9
DEBUG: src/lcthw/hashmap.c:Hashmap_get_node:205: TRY: 10
DEBUG: src/lcthw/hashmap.c:Hashmap_get_node:205: TRY: 11
DEBUG: src/lcthw/hashmap.c:Hashmap_get_node:205: TRY: 12
DEBUG: src/lcthw/hashmap.c:Hashmap_get_node:205: TRY: 13
DEBUG: src/lcthw/hashmap.c:Hashmap_get_node:205: TRY: 14
DEBUG: src/lcthw/hashmap.c:Hashmap_get_node:205: TRY: 15
DEBUG: src/lcthw/hashmap.c:Hashmap_get_node:205: TRY: 16
DEBUG: src/lcthw/hashmap.c:Hashmap_get_node:205: TRY: 17
DEBUG: src/lcthw/hashmap.c:Hashmap_get_node:205: TRY: 18
DEBUG: src/lcthw/hashmap.c:Hashmap_get_node:205: TRY: 19
DEBUG: src/lcthw/hashmap.c:Hashmap_get_node:205: TRY: 20
DEBUG: src/lcthw/hashmap.c:Hashmap_get_node:205: TRY: 21
DEBUG: src/lcthw/hashmap.c:Hashmap_get_node:205: TRY: 22
DEBUG: src/lcthw/hashmap.c:Hashmap_get_node:205: TRY: 23
DEBUG: src/lcthw/hashmap.c:Hashmap_get_node:205: TRY: 24
DEBUG: src/lcthw/hashmap.c:Hashmap_get_node:205: TRY: 25
DEBUG: src/lcthw/hashmap.c:Hashmap_get_node:205: TRY: 26
DEBUG: src/lcthw/hashmap.c:Hashmap_get_node:205: TRY: 27
DEBUG: src/lcthw/hashmap.c:Hashmap_get_node:205: TRY: 28
DEBUG: src/lcthw/hashmap.c:Hashmap_get_node:205: TRY: 29
DEBUG: src/lcthw/hashmap.c:Hashmap_get_node:205: TRY: 30
DEBUG: src/lcthw/hashmap.c:Hashmap_get_node:205: TRY: 31
DEBUG: src/lcthw/hashmap.c:Hashmap_get_node:205: TRY: 32
DEBUG: src/lcthw/hashmap.c:Hashmap_get_node:205: TRY: 33
DEBUG: src/lcthw/hashmap.c:Hashmap_get_node:205: TRY: 34
DEBUG: src/lcthw/hashmap.c:Hashmap_get_node:205: TRY: 35
DEBUG: src/lcthw/hashmap.c:Hashmap_get_node:205: TRY: 36
DEBUG: src/lcthw/hashmap.c:Hashmap_get_node:205: TRY: 37
DEBUG: src/lcthw/hashmap.c:Hashmap_get_node:205: TRY: 38
DEBUG: src/lcthw/hashmap.c:Hashmap_get_node:205: TRY: 39
DEBUG: src/lcthw/hashmap.c:Hashmap_get_node:205: TRY: 40
DEBUG: src/lcthw/hashmap.c:Hashmap_get_node:205: TRY: 41
DEBUG: src/lcthw/hashmap.c:Hashmap_get_node:205: TRY: 42
DEBUG: src/lcthw/hashmap.c:Hashmap_get_node:205: TRY: 43
DEBUG: src/lcthw/hashmap.c:Hashmap_get_node:205: TRY: 44
DEBUG: src/lcthw/hashmap.c:Hashmap_get_node:205: TRY: 45
DEBUG: src/lcthw/hashmap.c:Hashmap_get_node:205: TRY: 0
DEBUG: src/lcthw/hashmap.c:Hashmap_get_node:205: TRY: 1
DEBUG: src/lcthw/hashmap.c:Hashmap_get_node:205: TRY: 2
DEBUG: src/lcthw/hashmap.c:Hashmap_get_node:205: TRY: 3
DEBUG: src/lcthw/hashmap.c:Hashmap_get_node:205: TRY: 4
DEBUG: src/lcthw/hashmap.c:Hashmap_get_node:205: TRY: 5
DEBUG: src/lcthw/hashmap.c:Hashmap_get_node:205: TRY: 6
DEBUG: src/lcthw/hashmap.c:Hashmap_get_node:205: TRY: 7
DEBUG: src/lcthw/hashmap.c:Hashmap_get_node:205: TRY: 8
DEBUG: src/lcthw/hashmap.c:Hashmap_get_node:205: TRY: 9
DEBUG: src/lcthw/hashmap.c:Hashmap_get_node:205: TRY: 10
DEBUG: src/lcthw/hashmap.c:Hashmap_get_node:205: TRY: 11
DEBUG: src/lcthw/hashmap.c:Hashmap_get_node:205: TRY: 12
DEBUG: src/lcthw/hashmap.c:Hashmap_get_node:205: TRY: 13
DEBUG: src/lcthw/hashmap.c:Hashmap_get_node:205: TRY: 14
DEBUG: src/lcthw/hashmap.c:Hashmap_get_node:205: TRY: 15
DEBUG: src/lcthw/hashmap.c:Hashmap_get_node:205: TRY: 16
DEBUG: src/lcthw/hashmap.c:Hashmap_get_node:205: TRY: 17
DEBUG: src/lcthw/hashmap.c:Hashmap_get_node:205: TRY: 18
DEBUG: src/lcthw/hashmap.c:Hashmap_get_node:205: TRY: 19
DEBUG: src/lcthw/hashmap.c:Hashmap_get_node:205: TRY: 20
DEBUG: src/lcthw/hashmap.c:Hashmap_get_node:205: TRY: 21
DEBUG: src/lcthw/hashmap.c:Hashmap_get_node:205: TRY: 22
DEBUG: src/lcthw/hashmap.c:Hashmap_get_node:205: TRY: 23
DEBUG: src/lcthw/hashmap.c:Hashmap_get_node:205: TRY: 24
DEBUG: src/lcthw/hashmap.c:Hashmap_get_node:205: TRY: 25
DEBUG: src/lcthw/hashmap.c:Hashmap_get_node:205: TRY: 26
DEBUG: src/lcthw/hashmap.c:Hashmap_get_node:205: TRY: 27
DEBUG: src/lcthw/hashmap.c:Hashmap_get_node:205: TRY: 28
DEBUG: src/lcthw/hashmap.c:Hashmap_get_node:205: TRY: 29
DEBUG: src/lcthw/hashmap.c:Hashmap_get_node:205: TRY: 30
DEBUG: src/lcthw/hashmap.c:Hashmap_get_node:205: TRY: 31
DEBUG: src/lcthw/hashmap.c:Hashmap_get_node:205: TRY: 32
DEBUG: src/lcthw/hashmap.c:Hashmap_get_node:205: TRY: 33
DEBUG: src/lcthw/hashmap.c:Hashmap_get_node:205: TRY: 34
DEBUG: src/lcthw/hashmap.c:Hashmap_get_node:205: TRY: 35
DEBUG: src/lcthw/hashmap.c:Hashmap_get_node:205: TRY: 36
DEBUG: src/lcthw/hashmap.c:Hashmap_get_node:205: TRY: 37
DEBUG: src/lcthw/hashmap.c:Hashmap_get_node:205: TRY: 38
DEBUG: src/lcthw/hashmap.c:Hashmap_get_node:205: TRY: 39
DEBUG: src/lcthw/hashmap.c:Hashmap_get_node:205: TRY: 40
DEBUG: src/lcthw/hashmap.c:Hashmap_get_node:205: TRY: 41
DEBUG: src/lcthw/hashmap.c:Hashmap_get_node:205: TRY: 42
DEBUG: src/lcthw/hashmap.c:Hashmap_get_node:205: TRY: 43
DEBUG: src/lcthw/hashmap.c:Hashmap_get_node:205: TRY: 44
DEBUG: src/lcthw/hashmap.c:Hashmap_get_node:205: TRY: 45
DEBUG: src/lcthw/hashmap.c:Hashmap_get_node:205: TRY: 0
DEBUG: src/lcthw/hashmap.c:Hashmap_get_node:205: TRY: 1
DEBUG: src/lcthw/hashmap.c:Hashmap_get_node:205: TRY: 2
DEBUG: src/lcthw/hashmap.c:Hashmap_get_node:205: TRY: 3
DEBUG: src/lcthw/hashmap.c:Hashmap_get_node:205: TRY: 4
DEBUG: src/lcthw/hashmap.c:Hashmap_get_node:205: TRY: 5
DEBUG: src/lcthw/hashmap.c:Hashmap_get_node:205: TRY: 6
DEBUG: src/lcthw/hashmap.c:Hashmap_get_node:205: TRY: 7
DEBUG: src/lcthw/hashmap.c:Hashmap_get_node:205: TRY: 8
DEBUG: src/lcthw/hashmap.c:Hashmap_get_node:205: TRY: 9
DEBUG: src/lcthw/hashmap.c:Hashmap_get_node:205: TRY: 10
DEBUG: src/lcthw/hashmap.c:Hashmap_get_node:205: TRY: 11
DEBUG: src/lcthw/hashmap.c:Hashmap_get_node:205: TRY: 12
DEBUG: src/lcthw/hashmap.c:Hashmap_get_node:205: TRY: 13
DEBUG: src/lcthw/hashmap.c:Hashmap_get_node:205: TRY: 14
DEBUG: src/lcthw/hashmap.c:Hashmap_get_node:205: TRY: 15
DEBUG: src/lcthw/hashmap.c:Hashmap_get_node:205: TRY: 16
DEBUG: src/lcthw/hashmap.c:Hashmap_get_node:205: TRY: 17
DEBUG: src/lcthw/hashmap.c:Hashmap_get_node:205: TRY: 18
DEBUG: src/lcthw/hashmap.c:Hashmap_get_node:205: TRY: 19
DEBUG: src/lcthw/hashmap.c:Hashmap_get_node:205: TRY: 20
DEBUG: src/lcthw/hashmap.c:Hashmap_get_node:205: TRY: 21
DEBUG: src/lcthw/hashmap.c:Hashmap_get_node:205: TRY: 22
DEBUG: src/lcthw/hashmap.c:Hashmap_get_node:205: TRY: 23
DEBUG: src/lcthw/hashmap.c:Hashmap_get_node:205: TRY: 24
DEBUG: src/lcthw/hashmap.c:Hashmap_get_node:205: TRY: 25
DEBUG: src/lcthw/hashmap.c:Hashmap_get_node:205: TRY: 26
DEBUG: src/lcthw/hashmap.c:Hashmap_get_node:205: TRY: 27
DEBUG: src/lcthw/hashmap.c:Hashmap_get_node:205: TRY: 28
DEBUG: src/lcthw/hashmap.c:Hashmap_get_node:205: TRY: 29
DEBUG: src/lcthw/hashmap.c:Hashmap_get_node:205: TRY: 30
DEBUG: src/lcthw/hashmap.c:Hashmap_get_node:205: TRY: 31
DEBUG: src/lcthw/hashmap.c:Hashmap_get_node:205: TRY: 32
DEBUG: src/lcthw/hashmap.c:Hashmap_get_node:205: TRY: 33
DEBUG: src/lcthw/hashmap.c:Hashmap_get_node:205: TRY: 34
DEBUG: src/lcthw/hashmap.c:Hashmap_get_node:205: TRY: 35
DEBUG: src/lcthw/hashmap.c:Hashmap_get_node:205: TRY: 36
DEBUG: src/lcthw/hashmap.c:Hashmap_get_node:205: TRY: 37
DEBUG: src/lcthw/hashmap.c:Hashmap_get_node:205: TRY: 38
DEBUG: src/lcthw/hashmap.c:Hashmap_get_node:205: TRY: 39
DEBUG: src/lcthw/hashmap.c:Hashmap_get_node:205: TRY: 40
DEBUG: src/lcthw/hashmap.c:Hashmap_get_node:205: TRY: 41
DEBUG: src/lcthw/hashmap.c:Hashmap_get_node:205: TRY: 42
DEBUG: src/lcthw/hashmap.c:Hashmap_get_node:205: TRY: 43
DEBUG: src/lcthw/hashmap.c:Hashmap_get_node:205: TRY: 44
DEBUG: src/lcthw/hashmap.c:Hashmap_get_node:205: TRY: 45
DEBUG: src/lcthw/hashmap.c:Hashmap_get_node:205: TRY: 46
DEBUG: src/lcthw/hashmap.c:Hashmap_get_node:205: TRY: 0
DEBUG: src/lcthw/hashmap.c:Hashmap_get_node:205: TRY: 1
DEBUG: src/lcthw/hashmap.c:Hashmap_get_node:205: TRY: 2
DEBUG: src/lcthw/hashmap.c:Hashmap_get_node:205: TRY: 3
DEBUG: src/lcthw/hashmap.c:Hashmap_get_node:205: TRY: 4
DEBUG: src/lcthw/hashmap.c:Hashmap_get_node:205: TRY: 5
DEBUG: src/lcthw/hashmap.c:Hashmap_get_node:205: TRY: 6
DEBUG: src/lcthw/hashmap.c:Hashmap_get_node:205: TRY: 7
DEBUG: src/lcthw/hashmap.c:Hashmap_get_node:205: TRY: 8
DEBUG: src/lcthw/hashmap.c:Hashmap_get_node:205: TRY: 9
DEBUG: src/lcthw/hashmap.c:Hashmap_get_node:205: TRY: 10
DEBUG: src/lcthw/hashmap.c:Hashmap_get_node:205: TRY: 11
DEBUG: src/lcthw/hashmap.c:Hashmap_get_node:205: TRY: 12
DEBUG: src/lcthw/hashmap.c:Hashmap_get_node:205: TRY: 13
DEBUG: src/lcthw/hashmap.c:Hashmap_get_node:205: TRY: 14
DEBUG: src/lcthw/hashmap.c:Hashmap_get_node:205: TRY: 15
DEBUG: src/lcthw/hashmap.c:Hashmap_get_node:205: TRY: 16
DEBUG: src/lcthw/hashmap.c:Hashmap_get_node:205: TRY: 17
DEBUG: src/lcthw/hashmap.c:Hashmap_get_node:205: TRY: 18
DEBUG: src/lcthw/hashmap.c:Hashmap_get_node:205: TRY: 19
DEBUG: src/lcthw/hashmap.c:Hashmap_get_node:205: TRY: 20
DEBUG: src/lcthw/hashmap.c:Hashmap_get_node:205: TRY: 21
DEBUG: src/lcthw/hashmap.c:Hashmap_get_node:205: TRY: 22
DEBUG: src/lcthw/hashmap.c:Hashmap_get_node:205: TRY: 23
DEBUG: src/lcthw/hashmap.c:Hashmap_get_node:205: TRY: 24
DEBUG: src/lcthw/hashmap.c:Hashmap_get_node:205: TRY: 25
DEBUG: src/lcthw/hashmap.c:Hashmap_get_node:205: TRY: 26
DEBUG: src/lcthw/hashmap.c:Hashmap_get_node:205: TRY: 27
DEBUG: src/lcthw/hashmap.c:Hashmap_get_node:205: TRY: 28
DEBUG: src/lcthw/hashmap.c:Hashmap_get_node:205: TRY: 29
DEBUG: src/lcthw/hashmap.c:Hashmap_get_node:205: TRY: 30
DEBUG: src/lcthw/hashmap.c:Hashmap_get_node:205: TRY: 31
DEBUG: src/lcthw/hashmap.c:Hashmap_get_node:205: TRY: 32
DEBUG: src/lcthw/hashmap.c:Hashmap_get_node:205: TRY: 33
DEBUG: src/lcthw/hashmap.c:Hashmap_get_node:205: TRY: 34
DEBUG: src/lcthw/hashmap.c:Hashmap_get_node:205: TRY: 35
DEBUG: src/lcthw/hashmap.c:Hashmap_get_node:205: TRY: 36
DEBUG: src/lcthw/hashmap.c:Hashmap_get_node:205: TRY: 37
DEBUG: src/lcthw/hashmap.c:Hashmap_get_node:205: TRY: 38
DEBUG: src/lcthw/hashmap.c:Hashmap_get_node:205: TRY: 39
DEBUG: src/lcthw/hashmap.c:Hashmap_get_node:205: TRY: 40
DEBUG: src/lcthw/hashmap.c:Hashmap_get_node:205: TRY: 41
DEBUG: src/lcthw/hashmap.c:Hashmap_get_node:205: TRY: 42
DEBUG: src/lcthw/hashmap.c:Hashmap_get_node:205: TRY: 43
DEBUG: src/lcthw/hashmap.c:Hashmap_get_node:205: TRY: 44
DEBUG: src/lcthw/hashmap.c:Hashmap_get_node:205: TRY: 45
DEBUG: src/lcthw/hashmap.c:Hashmap_get_node:205: TRY: 46
DEBUG: src/lcthw/hashmap.c:Hashmap_get_node:205: TRY: 47
DEBUG: src/lcthw/hashmap.c:Hashmap_get_node:205: TRY: 48
DEBUG: src/lcthw/hashmap.c:Hashmap_get_node:205: TRY: 49
DEBUG: src/lcthw/hashmap.c:Hashmap_get_node:205: TRY: 50
DEBUG: src/lcthw/hashmap.c:Hashmap_get_node:205: TRY: 51
DEBUG: src/lcthw/hashmap.c:Hashmap_get_node:205: TRY: 52
DEBUG: src/lcthw/hashmap.c:Hashmap_get_node:205: TRY: 53
DEBUG: src/lcthw/hashmap.c:Hashmap_get_node:205: TRY: 54
DEBUG: src/lcthw/hashmap.c:Hashmap_get_node:205: TRY: 55
DEBUG: src/lcthw/hashmap.c:Hashmap_get_node:205: TRY: 56
DEBUG: src/lcthw/hashmap.c:Hashmap_get_node:205: TRY: 57
DEBUG: src/lcthw/hashmap.c:Hashmap_get_node:205: TRY: 58
DEBUG: src/lcthw/hashmap.c:Hashmap_get_node:205: TRY: 59
DEBUG: src/lcthw/hashmap.c:Hashmap_get_node:205: TRY: 60
DEBUG: src/lcthw/hashmap.c:Hashmap_get_node:205: TRY: 61
DEBUG: src/lcthw/hashmap.c:Hashmap_get_node:205: TRY: 62
DEBUG: src/lcthw/hashmap.c:Hashmap_get_node:205: TRY: 63
DEBUG: src/lcthw/hashmap.c:Hashmap_get_node:205: TRY: 64
DEBUG: src/lcthw/hashmap.c:Hashmap_get_node:205: TRY: 65
DEBUG: src/lcthw/hashmap.c:Hashmap_get_node:205: TRY: 66
DEBUG: src/lcthw/hashmap.c:Hashmap_get_node:205: TRY: 67
DEBUG: src/lcthw/hashmap.c:Hashmap_get_node:205: TRY: 68
DEBUG: src/lcthw/hashmap.c:Hashmap_get_node:205: TRY: 69
DEBUG: src/lcthw/hashmap.c:Hashmap_get_node:205: TRY: 70
DEBUG: src/lcthw/hashmap.c:Hashmap_get_node:205: TRY: 71
DEBUG: src/lcthw/hashmap.c:Hashmap_get_node:205: TRY: 72
DEBUG: src/lcthw/hashmap.c:Hashmap_get_node:205: TRY: 73
DEBUG: src/lcthw/hashmap.c:Hashmap_get_node:205: TRY: 74
DEBUG: src/lcthw/hashmap.c:Hashmap_get_node:205: TRY: 75
DEBUG: src/lcthw/hashmap.c:Hashmap_get_node:205: TRY: 76
DEBUG: src/lcthw/hashmap.c:Hashmap_get_node:205: TRY: 77
DEBUG: src/lcthw/hashmap.c:Hashmap_get_node:205: TRY: 78
DEBUG: src/lcthw/hashmap.c:Hashmap_get_node:205: TRY: 0
DEBUG: src/lcthw/hashmap.c:Hashmap_get_node:205: TRY: 1
DEBUG: src/lcthw/hashmap.c:Hashmap_get_node:205: TRY: 2
DEBUG: src/lcthw/hashmap.c:Hashmap_get_node:205: TRY: 3
DEBUG: src/lcthw/hashmap.c:Hashmap_get_node:205: TRY: 4
DEBUG: src/lcthw/hashmap.c:Hashmap_get_node:205: TRY: 5
DEBUG: src/lcthw/hashmap.c:Hashmap_get_node:205: TRY: 6
DEBUG: src/lcthw/hashmap.c:Hashmap_get_node:205: TRY: 7
DEBUG: src/lcthw/hashmap.c:Hashmap_get_node:205: TRY: 8
DEBUG: src/lcthw/hashmap.c:Hashmap_get_node:205: TRY: 9
DEBUG: src/lcthw/hashmap.c:Hashmap_get_node:205: TRY: 10
DEBUG: src/lcthw/hashmap.c:Hashmap_get_node:205: TRY: 11
DEBUG: src/lcthw/hashmap.c:Hashmap_get_node:205: TRY: 12
DEBUG: src/lcthw/hashmap.c:Hashmap_get_node:205: TRY: 13
DEBUG: src/lcthw/hashmap.c:Hashmap_get_node:205: TRY: 14
DEBUG: src/lcthw/hashmap.c:Hashmap_get_node:205: TRY: 15
DEBUG: src/lcthw/hashmap.c:Hashmap_get_node:205: TRY: 16
DEBUG: src/lcthw/hashmap.c:Hashmap_get_node:205: TRY: 17
DEBUG: src/lcthw/hashmap.c:Hashmap_get_node:205: TRY: 18
DEBUG: src/lcthw/hashmap.c:Hashmap_get_node:205: TRY: 19
DEBUG: src/lcthw/hashmap.c:Hashmap_get_node:205: TRY: 20
DEBUG: src/lcthw/hashmap.c:Hashmap_get_node:205: TRY: 21
DEBUG: src/lcthw/hashmap.c:Hashmap_get_node:205: TRY: 22
DEBUG: src/lcthw/hashmap.c:Hashmap_get_node:205: TRY: 23
DEBUG: src/lcthw/hashmap.c:Hashmap_get_node:205: TRY: 24
DEBUG: src/lcthw/hashmap.c:Hashmap_get_node:205: TRY: 25
DEBUG: src/lcthw/hashmap.c:Hashmap_get_node:205: TRY: 26
DEBUG: src/lcthw/hashmap.c:Hashmap_get_node:205: TRY: 27
DEBUG: src/lcthw/hashmap.c:Hashmap_get_node:205: TRY: 28
DEBUG: src/lcthw/hashmap.c:Hashmap_get_node:205: TRY: 29
DEBUG: src/lcthw/hashmap.c:Hashmap_get_node:205: TRY: 30
DEBUG: src/lcthw/hashmap.c:Hashmap_get_node:205: TRY: 31
DEBUG: src/lcthw/hashmap.c:Hashmap_get_node:205: TRY: 32
DEBUG: src/lcthw/hashmap.c:Hashmap_get_node:205: TRY: 33
DEBUG: src/lcthw/hashmap.c:Hashmap_get_node:205: TRY: 34
DEBUG: src/lcthw/hashmap.c:Hashmap_get_node:205: TRY: 35
DEBUG: src/lcthw/hashmap.c:Hashmap_get_node:205: TRY: 36
DEBUG: src/lcthw/hashmap.c:Hashmap_get_node:205: TRY: 37
DEBUG: src/lcthw/hashmap.c:Hashmap_get_node:205: TRY: 38
DEBUG: src/lcthw/hashmap.c:Hashmap_get_node:205: TRY: 39
DEBUG: src/lcthw/hashmap.c:Hashmap_get_node:205: TRY: 40
DEBUG: src/lcthw/hashmap.c:Hashmap_get_node:205: TRY: 41
DEBUG: src/lcthw/hashmap.c:Hashmap_get_node:205: TRY: 42
DEBUG: src/lcthw/hashmap.c:Hashmap_get_node:205: TRY: 43
DEBUG: src/lcthw/hashmap.c:Hashmap_get_node:205: TRY: 44
DEBUG: src/lcthw/hashmap.c:Hashmap_get_node:205: TRY: 45
DEBUG: src/lcthw/hashmap.c:Hashmap_get_node:205: TRY: 46
DEBUG: src/lcthw/hashmap.c:Hashmap_get_node:205: TRY: 0
DEBUG: src/lcthw/hashmap.c:Hashmap_get_node:205: TRY: 1
DEBUG: src/lcthw/hashmap.c:Hashmap_get_node:205: TRY: 2
DEBUG: src/lcthw/hashmap.c:Hashmap_get_node:205: TRY: 3
DEBUG: src/lcthw/hashmap.c:Hashmap_get_node:205: TRY: 4
DEBUG: src/lcthw/hashmap.c:Hashmap_get_node:205: TRY: 5
DEBUG: src/lcthw/hashmap.c:Hashmap_get_node:205: TRY: 6
DEBUG: src/lcthw/hashmap.c:Hashmap_get_node:205: TRY: 7
DEBUG: src/lcthw/hashmap.c:Hashmap_get_node:205: TRY: 8
DEBUG: src/lcthw/hashmap.c:Hashmap_get_node:205: TRY: 9
DEBUG: src/lcthw/hashmap.c:Hashmap_get_node:205: TRY: 10
DEBUG: src/lcthw/hashmap.c:Hashmap_get_node:205: TRY: 11
DEBUG: src/lcthw/hashmap.c:Hashmap_get_node:205: TRY: 12
DEBUG: src/lcthw/hashmap.c:Hashmap_get_node:205: TRY: 13
DEBUG: src/lcthw/hashmap.c:Hashmap_get_node:205: TRY: 14
DEBUG: src/lcthw/hashmap.c:Hashmap_get_node:205: TRY: 15
DEBUG: src/lcthw/hashmap.c:Hashmap_get_node:205: TRY: 16
DEBUG: src/lcthw/hashmap.c:Hashmap_get_node:205: TRY: 17
DEBUG: src/lcthw/hashmap.c:Hashmap_get_node:205: TRY: 18
DEBUG: src/lcthw/hashmap.c:Hashmap_get_node:205: TRY: 19
DEBUG: src/lcthw/hashmap.c:Hashmap_get_node:205: TRY: 20
DEBUG: src/lcthw/hashmap.c:Hashmap_get_node:205: TRY: 21
DEBUG: src/lcthw/hashmap.c:Hashmap_get_node:205: TRY: 22
DEBUG: src/lcthw/hashmap.c:Hashmap_get_node:205: TRY: 23
DEBUG: src/lcthw/hashmap.c:Hashmap_get_node:205: TRY: 24
DEBUG: src/lcthw/hashmap.c:Hashmap_get_node:205: TRY: 25
DEBUG: src/lcthw/hashmap.c:Hashmap_get_node:205: TRY: 26
DEBUG: src/lcthw/hashmap.c:Hashmap_get_node:205: TRY: 27
DEBUG: src/lcthw/hashmap.c:Hashmap_get_node:205: TRY: 28
DEBUG: src/lcthw/hashmap.c:Hashmap_get_node:205: TRY: 29
DEBUG: src/lcthw/hashmap.c:Hashmap_get_node:205: TRY: 30
DEBUG: src/lcthw/hashmap.c:Hashmap_get_node:205: TRY: 31
DEBUG: src/lcthw/hashmap.c:Hashmap_get_node:205: TRY: 32
DEBUG: src/lcthw/hashmap.c:Hashmap_get_node:205: TRY: 33
DEBUG: src/lcthw/hashmap.c:Hashmap_get_node:205: TRY: 34
DEBUG: src/lcthw/hashmap.c:Hashmap_get_node:205: TRY: 35
DEBUG: src/lcthw/hashmap.c:Hashmap_get_node:205: TRY: 36
DEBUG: src/lcthw/hashmap.c:Hashmap_get_node:205: TRY: 37
DEBUG: src/lcthw/hashmap.c:Hashmap_get_node:205: TRY: 38
DEBUG: src/lcthw/hashmap.c:Hashmap_get_node:205: TRY: 39
DEBUG: src/lcthw/hashmap.c:Hashmap_get_node:205: TRY: 40
DEBUG: src/lcthw/hashmap.c:Hashmap_get_node:205: TRY: 41
DEBUG: src/lcthw/hashmap.c:Hashmap_get_node:205: TRY: 42
DEBUG: src/lcthw/hashmap.c:Hashmap_get_node:205: TRY: 43
DEBUG: src/lcthw/hashmap.c:Hashmap_get_node:205: TRY: 44
DEBUG: src/lcthw/hashmap.c:Hashmap_get_node:205: TRY: 45
DEBUG: src/lcthw/hashmap.c:Hashmap_get_node:205: TRY: 46
DEBUG: src/lcthw/hashmap.c:Hashmap_get_node:205: TRY: 47
DEBUG: src/lcthw/hashmap.c:Hashmap_get_node:205: TRY: 48
DEBUG: src/lcthw/hashmap.c:Hashmap_get_node:205: TRY: 49
DEBUG: src/lcthw/hashmap.c:Hashmap_get_node:205: TRY: 50
DEBUG: src/lcthw/hashmap.c:Hashmap_get_node:205: TRY: 51
DEBUG: src/lcthw/hashmap.c:Hashmap_get_node:205: TRY: 52
DEBUG: src/lcthw/hashmap.c:Hashmap_get_node:205: TRY: 53
DEBUG: src/lcthw/hashmap.c:Hashmap_get_node:205: TRY: 54
DEBUG: src/lcthw/hashmap.c:Hashmap_get_node:205: TRY: 55
DEBUG: src/lcthw/hashmap.c:Hashmap_get_node:205: TRY: 56
DEBUG: src/lcthw/hashmap.c:Hashmap_get_node:205: TRY: 57
DEBUG: src/lcthw/hashmap.c:Hashmap_get_node:205: TRY: 58
DEBUG: src/lcthw/hashmap.c:Hashmap_get_node:205: TRY: 59
DEBUG: src/lcthw/hashmap.c:Hashmap_get_node:205: TRY: 60
DEBUG: src/lcthw/hashmap.c:Hashmap_get_node:205: TRY: 61
DEBUG: src/lcthw/hashmap.c:Hashmap_get_node:205: TRY: 62
DEBUG: src/lcthw/hashmap.c:Hashmap_get_node:205: TRY: 63
DEBUG: src/lcthw/hashmap.c:Hashmap_get_node:205: TRY: 64
DEBUG: src/lcthw/hashmap.c:Hashmap_get_node:205: TRY: 65
DEBUG: src/lcthw/hashmap.c:Hashmap_get_node:205: TRY: 66
DEBUG: src/lcthw/hashmap.c:Hashmap_get_node:205: TRY: 67
DEBUG: src/lcthw/hashmap.c:Hashmap_get_node:205: TRY: 68
DEBUG: src/lcthw/hashmap.c:Hashmap_get_node:205: TRY: 69
DEBUG: src/lcthw/hashmap.c:Hashmap_get_node:205: TRY: 70
DEBUG: src/lcthw/hashmap.c:Hashmap_get_node:205: TRY: 71
DEBUG: src/lcthw/hashmap.c:Hashmap_get_node:205: TRY: 72
DEBUG: src/lcthw/hashmap.c:Hashmap_get_node:205: TRY: 73
DEBUG: src/lcthw/hashmap.c:Hashmap_get_node:205: TRY: 74
DEBUG: src/lcthw/hashmap.c:Hashmap_get_node:205: TRY: 75
DEBUG: src/lcthw/hashmap.c:Hashmap_get_node:205: TRY: 76
DEBUG: src/lcthw/hashmap.c:Hashmap_get_node:205: TRY: 77
DEBUG: src/lcthw/hashmap.c:Hashmap_get_node:205: TRY: 78
DEBUG: src/lcthw/hashmap.c:Hashmap_get_node:205: TRY: 79
DEBUG: src/lcthw/hashmap.c:Hashmap_get_node:205: TRY: 0
DEBUG: src/lcthw/hashmap.c:Hashmap_get_node:205: TRY: 1
DEBUG: src/lcthw/hashmap.c:Hashmap_get_node:205: TRY: 2
DEBUG: src/lcthw/hashmap.c:Hashmap_get_node:205: TRY: 3
DEBUG: src/lcthw/hashmap.c:Hashmap_get_node:205: TRY: 4
DEBUG: src/lcthw/hashmap.c:Hashmap_get_node:205: TRY: 5
DEBUG: src/lcthw/hashmap.c:Hashmap_get_node:205: TRY: 6
DEBUG: src/lcthw/hashmap.c:Hashmap_get_node:205: TRY: 7
DEBUG: src/lcthw/hashmap.c:Hashmap_get_node:205: TRY: 8
DEBUG: src/lcthw/hashmap.c:Hashmap_get_node:205: TRY: 9
DEBUG: src/lcthw/hashmap.c:Hashmap_get_node:205: TRY: 10
DEBUG: src/lcthw/hashmap.c:Hashmap_get_node:205: TRY: 11
DEBUG: src/lcthw/hashmap.c:Hashmap_get_node:205: TRY: 12
DEBUG: src/lcthw/hashmap.c:Hashmap_get_node:205: TRY: 13
DEBUG: src/lcthw/hashmap.c:Hashmap_get_node:205: TRY: 14
DEBUG: src/lcthw/hashmap.c:Hashmap_get_node:205: TRY: 15
DEBUG: src/lcthw/hashmap.c:Hashmap_get_node:205: TRY: 16
DEBUG: src/lcthw/hashmap.c:Hashmap_get_node:205: TRY: 17
DEBUG: src/lcthw/hashmap.c:Hashmap_get_node:205: TRY: 18
DEBUG: src/lcthw/hashmap.c:Hashmap_get_node:205: TRY: 19
DEBUG: src/lcthw/hashmap.c:Hashmap_get_node:205: TRY: 20
DEBUG: src/lcthw/hashmap.c:Hashmap_get_node:205: TRY: 21
DEBUG: src/lcthw/hashmap.c:Hashmap_get_node:205: TRY: 22
DEBUG: src/lcthw/hashmap.c:Hashmap_get_node:205: TRY: 23
DEBUG: src/lcthw/hashmap.c:Hashmap_get_node:205: TRY: 24
DEBUG: src/lcthw/hashmap.c:Hashmap_get_node:205: TRY: 25
DEBUG: src/lcthw/hashmap.c:Hashmap_get_node:205: TRY: 26
DEBUG: src/lcthw/hashmap.c:Hashmap_get_node:205: TRY: 27
DEBUG: src/lcthw/hashmap.c:Hashmap_get_node:205: TRY: 28
DEBUG: src/lcthw/hashmap.c:Hashmap_get_node:205: TRY: 29
DEBUG: src/lcthw/hashmap.c:Hashmap_get_node:205: TRY: 30
DEBUG: src/lcthw/hashmap.c:Hashmap_get_node:205: TRY: 31
DEBUG: src/lcthw/hashmap.c:Hashmap_get_node:205: TRY: 32
DEBUG: src/lcthw/hashmap.c:Hashmap_get_node:205: TRY: 33
DEBUG: src/lcthw/hashmap.c:Hashmap_get_node:205: TRY: 34
DEBUG: src/lcthw/hashmap.c:Hashmap_get_node:205: TRY: 35
DEBUG: src/lcthw/hashmap.c:Hashmap_get_node:205: TRY: 36
DEBUG: src/lcthw/hashmap.c:Hashmap_get_node:205: TRY: 37
DEBUG: src/lcthw/hashmap.c:Hashmap_get_node:205: TRY: 38
DEBUG: src/lcthw/hashmap.c:Hashmap_get_node:205: TRY: 39
DEBUG: src/lcthw/hashmap.c:Hashmap_get_node:205: TRY: 40
DEBUG: src/lcthw/hashmap.c:Hashmap_get_node:205: TRY: 41
DEBUG: src/lcthw/hashmap.c:Hashmap_get_node:205: TRY: 42
DEBUG: src/lcthw/hashmap.c:Hashmap_get_node:205: TRY: 43
DEBUG: src/lcthw/hashmap.c:Hashmap_get_node:205: TRY: 44
DEBUG: src/lcthw/hashmap.c:Hashmap_get_node:205: TRY: 45
DEBUG: src/lcthw/hashmap.c:Hashmap_get_node:205: TRY: 46
DEBUG: src/lcthw/hashmap.c:Hashmap_get_node:205: TRY: 0
DEBUG: src/lcthw/hashmap.c:Hashmap_get_node:205: TRY: 1
DEBUG: src/lcthw/hashmap.c:Hashmap_get_node:205: TRY: 2
DEBUG: src/lcthw/hashmap.c:Hashmap_get_node:205: TRY: 3
DEBUG: src/lcthw/hashmap.c:Hashmap_get_node:205: TRY: 4
DEBUG: src/lcthw/hashmap.c:Hashmap_get_node:205: TRY: 5
DEBUG: src/lcthw/hashmap.c:Hashmap_get_node:205: TRY: 6
DEBUG: src/lcthw/hashmap.c:Hashmap_get_node:205: TRY: 7
DEBUG: src/lcthw/hashmap.c:Hashmap_get_node:205: TRY: 8
DEBUG: src/lcthw/hashmap.c:Hashmap_get_node:205: TRY: 9
DEBUG: src/lcthw/hashmap.c:Hashmap_get_node:205: TRY: 10
DEBUG: src/lcthw/hashmap.c:Hashmap_get_node:205: TRY: 11
DEBUG: src/lcthw/hashmap.c:Hashmap_get_node:205: TRY: 12
DEBUG: src/lcthw/hashmap.c:Hashmap_get_node:205: TRY: 13
DEBUG: src/lcthw/hashmap.c:Hashmap_get_node:205: TRY: 14
DEBUG: src/lcthw/hashmap.c:Hashmap_get_node:205: TRY: 15
DEBUG: src/lcthw/hashmap.c:Hashmap_get_node:205: TRY: 16
DEBUG: src/lcthw/hashmap.c:Hashmap_get_node:205: TRY: 17
DEBUG: src/lcthw/hashmap.c:Hashmap_get_node:205: TRY: 18
DEBUG: src/lcthw/hashmap.c:Hashmap_get_node:205: TRY: 19
DEBUG: src/lcthw/hashmap.c:Hashmap_get_node:205: TRY: 20
DEBUG: src/lcthw/hashmap.c:Hashmap_get_node:205: TRY: 21
DEBUG: src/lcthw/hashmap.c:Hashmap_get_node:205: TRY: 22
DEBUG: src/lcthw/hashmap.c:Hashmap_get_node:205: TRY: 23
DEBUG: src/lcthw/hashmap.c:Hashmap_get_node:205: TRY: 24
DEBUG: src/lcthw/hashmap.c:Hashmap_get_node:205: TRY: 25
DEBUG: src/lcthw/hashmap.c:Hashmap_get_node:205: TRY: 26
DEBUG: src/lcthw/hashmap.c:Hashmap_get_node:205: TRY: 27
DEBUG: src/lcthw/hashmap.c:Hashmap_get_node:205: TRY: 28
DEBUG: src/lcthw/hashmap.c:Hashmap_get_node:205: TRY: 29
DEBUG: src/lcthw/hashmap.c:Hashmap_get_node:205: TRY: 30
DEBUG: src/lcthw/hashmap.c:Hashmap_get_node:205: TRY: 31
DEBUG: src/lcthw/hashmap.c:Hashmap_get_node:205: TRY: 32
DEBUG: src/lcthw/hashmap.c:Hashmap_get_node:205: TRY: 33
DEBUG: src/lcthw/hashmap.c:Hashmap_get_node:205: TRY: 34
DEBUG: src/lcthw/hashmap.c:Hashmap_get_node:205: TRY: 35
DEBUG: src/lcthw/hashmap.c:Hashmap_get_node:205: TRY: 36
DEBUG: src/lcthw/hashmap.c:Hashmap_get_node:205: TRY: 37
DEBUG: src/lcthw/hashmap.c:Hashmap_get_node:205: TRY: 38
DEBUG: src/lcthw/hashmap.c:Hashmap_get_node:205: TRY: 39
DEBUG: src/lcthw/hashmap.c:Hashmap_get_node:205: TRY: 40
DEBUG: src/lcthw/hashmap.c:Hashmap_get_node:205: TRY: 41
DEBUG: src/lcthw/hashmap.c:Hashmap_get_node:205: TRY: 42
DEBUG: src/lcthw/hashmap.c:Hashmap_get_node:205: TRY: 43
DEBUG: src/lcthw/hashmap.c:Hashmap_get_node:205: TRY: 44
DEBUG: src/lcthw/hashmap.c:Hashmap_get_node:205: TRY: 45
DEBUG: src/lcthw/hashmap.c:Hashmap_get_node:205: TRY: 46
DEBUG: src/lcthw/hashmap.c:Hashmap_get_node:205: TRY: 47
DEBUG: src/lcthw/hashmap.c:Hashmap_get_node:205: TRY: 48
DEBUG: src/lcthw/hashmap.c:Hashmap_get_node:205: TRY: 49
DEBUG: src/lcthw/hashmap.c:Hashmap_get_node:205: TRY: 50
DEBUG: src/lcthw/hashmap.c:Hashmap_get_node:205: TRY: 51
DEBUG: src/lcthw/hashmap.c:Hashmap_get_node:205: TRY: 52
DEBUG: src/lcthw/hashmap.c:Hashmap_get_node:205: TRY: 53
DEBUG: src/lcthw/hashmap.c:Hashmap_get_node:205: TRY: 54
DEBUG: src/lcthw/hashmap.c:Hashmap_get_node:205: TRY: 55
DEBUG: src/lcthw/hashmap.c:Hashmap_get_node:205: TRY: 56
DEBUG: src/lcthw/hashmap.c:Hashmap_get_node:205: TRY: 57
DEBUG: src/lcthw/hashmap.c:Hashmap_get_node:205: TRY: 58
DEBUG: src/lcthw/hashmap.c:Hashmap_get_node:205: TRY: 59
DEBUG: src/lcthw/hashmap.c:Hashmap_get_node:205: TRY: 60
DEBUG: src/lcthw/hashmap.c:Hashmap_get_node:205: TRY: 61
DEBUG: src/lcthw/hashmap.c:Hashmap_get_node:205: TRY: 62
DEBUG: src/lcthw/hashmap.c:Hashmap_get_node:205: TRY: 63
DEBUG: src/lcthw/hashmap.c:Hashmap_get_node:205: TRY: 64
DEBUG: src/lcthw/hashmap.c:Hashmap_get_node:205: TRY: 65
DEBUG: src/lcthw/hashmap.c:Hashmap_get_node:205: TRY: 66
DEBUG: src/lcthw/hashmap.c:Hashmap_get_node:205: TRY: 67
DEBUG: src/lcthw/hashmap.c:Hashmap_get_node:205: TRY: 68
DEBUG: src/lcthw/hashmap.c:Hashmap_get_node:205: TRY: 69
DEBUG: src/lcthw/hashmap.c:Hashmap_get_node:205: TRY: 70
DEBUG: src/lcthw/hashmap.c:Hashmap_get_node:205: TRY: 71
DEBUG: src/lcthw/hashmap.c:Hashmap_get_node:205: TRY: 72
DEBUG: src/lcthw/hashmap.c:Hashmap_get_node:205: TRY: 73
DEBUG: src/lcthw/hashmap.c:Hashmap_get_node:205: TRY: 74
DEBUG: src/lcthw/hashmap.c:Hashmap_get_node:205: TRY: 75
DEBUG: src/lcthw/hashmap.c:Hashmap_get_node:205: TRY: 76
DEBUG: src/lcthw/hashmap.c:Hashmap_get_node:205: TRY: 77
DEBUG: src/lcthw/hashmap.c:Hashmap_get_node:205: TRY: 78
DEBUG: src/lcthw/hashmap.c:Hashmap_get_node:205: TRY: 79
DEBUG: src/lcthw/hashmap.c:Hashmap_get_node:205: TRY: 80
DEBUG: src/lcthw/hashmap.c:Hashmap_get_node:205: TRY: 0
DEBUG: src/lcthw/hashmap.c:Hashmap_get_node:205: TRY: 1
DEBUG: src/lcthw/hashmap.c:Hashmap_get_node:205: TRY: 2
DEBUG: src/lcthw/hashmap.c:Hashmap_get_node:205: TRY: 3
DEBUG: src/lcthw/hashmap.c:Hashmap_get_node:205: TRY: 4
DEBUG: src/lcthw/hashmap.c:Hashmap_get_node:205: TRY: 5
DEBUG: src/lcthw/hashmap.c:Hashmap_get_node:205: TRY: 6
DEBUG: src/lcthw/hashmap.c:Hashmap_get_node:205: TRY: 7
DEBUG: src/lcthw/hashmap.c:Hashmap_get_node:205: TRY: 8
DEBUG: src/lcthw/hashmap.c:Hashmap_get_node:205: TRY: 9
DEBUG: src/lcthw/hashmap.c:Hashmap_get_node:205: TRY: 10
DEBUG: src/lcthw/hashmap.c:Hashmap_get_node:205: TRY: 11
DEBUG: src/lcthw/hashmap.c:Hashmap_get_node:205: TRY: 12
DEBUG: src/lcthw/hashmap.c:Hashmap_get_node:205: TRY: 13
DEBUG: src/lcthw/hashmap.c:Hashmap_get_node:205: TRY: 14
DEBUG: src/lcthw/hashmap.c:Hashmap_get_node:205: TRY: 15
DEBUG: src/lcthw/hashmap.c:Hashmap_get_node:205: TRY: 16
DEBUG: src/lcthw/hashmap.c:Hashmap_get_node:205: TRY: 17
DEBUG: src/lcthw/hashmap.c:Hashmap_get_node:205: TRY: 18
DEBUG: src/lcthw/hashmap.c:Hashmap_get_node:205: TRY: 19
DEBUG: src/lcthw/hashmap.c:Hashmap_get_node:205: TRY: 20
DEBUG: src/lcthw/hashmap.c:Hashmap_get_node:205: TRY: 21
DEBUG: src/lcthw/hashmap.c:Hashmap_get_node:205: TRY: 22
DEBUG: src/lcthw/hashmap.c:Hashmap_get_node:205: TRY: 23
DEBUG: src/lcthw/hashmap.c:Hashmap_get_node:205: TRY: 24
DEBUG: src/lcthw/hashmap.c:Hashmap_get_node:205: TRY: 25
DEBUG: src/lcthw/hashmap.c:Hashmap_get_node:205: TRY: 26
DEBUG: src/lcthw/hashmap.c:Hashmap_get_node:205: TRY: 27
DEBUG: src/lcthw/hashmap.c:Hashmap_get_node:205: TRY: 28
DEBUG: src/lcthw/hashmap.c:Hashmap_get_node:205: TRY: 29
DEBUG: src/lcthw/hashmap.c:Hashmap_get_node:205: TRY: 30
DEBUG: src/lcthw/hashmap.c:Hashmap_get_node:205: TRY: 31
DEBUG: src/lcthw/hashmap.c:Hashmap_get_node:205: TRY: 32
DEBUG: src/lcthw/hashmap.c:Hashmap_get_node:205: TRY: 33
DEBUG: src/lcthw/hashmap.c:Hashmap_get_node:205: TRY: 34
DEBUG: src/lcthw/hashmap.c:Hashmap_get_node:205: TRY: 35
DEBUG: src/lcthw/hashmap.c:Hashmap_get_node:205: TRY: 36
DEBUG: src/lcthw/hashmap.c:Hashmap_get_node:205: TRY: 37
DEBUG: src/lcthw/hashmap.c:Hashmap_get_node:205: TRY: 38
DEBUG: src/lcthw/hashmap.c:Hashmap_get_node:205: TRY: 39
DEBUG: src/lcthw/hashmap.c:Hashmap_get_node:205: TRY: 40
DEBUG: src/lcthw/hashmap.c:Hashmap_get_node:205: TRY: 41
DEBUG: src/lcthw/hashmap.c:Hashmap_get_node:205: TRY: 42
DEBUG: src/lcthw/hashmap.c:Hashmap_get_node:205: TRY: 43
DEBUG: src/lcthw/hashmap.c:Hashmap_get_node:205: TRY: 44
DEBUG: src/lcthw/hashmap.c:Hashmap_get_node:205: TRY: 45
DEBUG: src/lcthw/hashmap.c:Hashmap_get_node:205: TRY: 46
DEBUG: src/lcthw/hashmap.c:Hashmap_get_node:205: TRY: 47
DEBUG: src/lcthw/hashmap.c:Hashmap_get_node:205: TRY: 48
DEBUG: src/lcthw/hashmap.c:Hashmap_get_node:205: TRY: 49
DEBUG: src/lcthw/hashmap.c:Hashmap_get_node:205: TRY: 50
DEBUG: src/lcthw/hashmap.c:Hashmap_get_node:205: TRY: 51
DEBUG: src/lcthw/hashmap.c:Hashmap_get_node:205: TRY: 52
DEBUG: src/lcthw/hashmap.c:Hashmap_get_node:205: TRY: 53
DEBUG: src/lcthw/hashmap.c:Hashmap_get_node:205: TRY: 54
DEBUG: src/lcthw/hashmap.c:Hashmap_get_node:205: TRY: 55
DEBUG: src/lcthw/hashmap.c:Hashmap_get_node:205: TRY: 56
DEBUG: src/lcthw/hashmap.c:Hashmap_get_node:205: TRY: 57
DEBUG: src/lcthw/hashmap.c:Hashmap_get_node:205: TRY: 58
DEBUG: src/lcthw/hashmap.c:Hashmap_get_node:205: TRY: 59
DEBUG: src/lcthw/hashmap.c:Hashmap_get_node:205: TRY: 60
DEBUG: src/lcthw/hashmap.c:Hashmap_get_node:205: TRY: 61
DEBUG: src/lcthw/hashmap.c:Hashmap_get_node:205: TRY: 62
DEBUG: src/lcthw/hashmap.c:Hashmap_get_node:205: TRY: 63
DEBUG: src/lcthw/hashmap.c:Hashmap_get_node:205: TRY: 64
DEBUG: src/lcthw/hashmap.c:Hashmap_get_node:205: TRY: 65
DEBUG: src/lcthw/hashmap.c:Hashmap_get_node:205: TRY: 66
DEBUG: src/lcthw/hashmap.c:Hashmap_get_node:205: TRY: 67
DEBUG: src/lcthw/hashmap.c:Hashmap_get_node:205: TRY: 68
DEBUG: src/lcthw/hashmap.c:Hashmap_get_node:205: TRY: 69
DEBUG: src/lcthw/hashmap.c:Hashmap_get_node:205: TRY: 70
DEBUG: src/lcthw/hashmap.c:Hashmap_get_node:205: TRY: 71
DEBUG: src/lcthw/hashmap.c:Hashmap_get_node:205: TRY: 72
DEBUG: src/lcthw/hashmap.c:Hashmap_get_node:205: TRY: 73
DEBUG: src/lcthw/hashmap.c:Hashmap_get_node:205: TRY: 74
DEBUG: src/lcthw/hashmap.c:Hashmap_get_node:205: TRY: 75
DEBUG: src/lcthw/hashmap.c:Hashmap_get_node:205: TRY: 76
DEBUG: src/lcthw/hashmap.c:Hashmap_get_node:205: TRY: 77
DEBUG: src/lcthw/hashmap.c:Hashmap_get_node:205: TRY: 78
DEBUG: src/lcthw/hashmap.c:Hashmap_get_node:205: TRY: 79
DEBUG: src/lcthw/hashmap.c:Hashmap_get_node:205: TRY: 80
DEBUG: src/lcthw/hashmap.c:Hashmap_get_node:205: TRY: 81
DEBUG: src/lcthw/hashmap.c:Hashmap_get_node:205: TRY: 0
DEBUG: src/lcthw/hashmap.c:Hashmap_get_node:205: TRY: 1
DEBUG: src/lcthw/hashmap.c:Hashmap_get_node:205: TRY: 2
DEBUG: src/lcthw/hashmap.c:Hashmap_get_node:205: TRY: 3
DEBUG: src/lcthw/hashmap.c:Hashmap_get_node:205: TRY: 4
DEBUG: src/lcthw/hashmap.c:Hashmap_get_node:205: TRY: 5
DEBUG: src/lcthw/hashmap.c:Hashmap_get_node:205: TRY: 6
DEBUG: src/lcthw/hashmap.c:Hashmap_get_node:205: TRY: 7
DEBUG: src/lcthw/hashmap.c:Hashmap_get_node:205: TRY: 8
DEBUG: src/lcthw/hashmap.c:Hashmap_get_node:205: TRY: 9
DEBUG: src/lcthw/hashmap.c:Hashmap_get_node:205: TRY: 10
DEBUG: src/lcthw/hashmap.c:Hashmap_get_node:205: TRY: 11
DEBUG: src/lcthw/hashmap.c:Hashmap_get_node:205: TRY: 12
DEBUG: src/lcthw/hashmap.c:Hashmap_get_node:205: TRY: 13
DEBUG: src/lcthw/hashmap.c:Hashmap_get_node:205: TRY: 14
DEBUG: src/lcthw/hashmap.c:Hashmap_get_node:205: TRY: 15
DEBUG: src/lcthw/hashmap.c:Hashmap_get_node:205: TRY: 16
DEBUG: src/lcthw/hashmap.c:Hashmap_get_node:205: TRY: 17
DEBUG: src/lcthw/hashmap.c:Hashmap_get_node:205: TRY: 18
DEBUG: src/lcthw/hashmap.c:Hashmap_get_node:205: TRY: 19
DEBUG: src/lcthw/hashmap.c:Hashmap_get_node:205: TRY: 20
DEBUG: src/lcthw/hashmap.c:Hashmap_get_node:205: TRY: 21
DEBUG: src/lcthw/hashmap.c:Hashmap_get_node:205: TRY: 22
DEBUG: src/lcthw/hashmap.c:Hashmap_get_node:205: TRY: 23
DEBUG: src/lcthw/hashmap.c:Hashmap_get_node:205: TRY: 24
DEBUG: src/lcthw/hashmap.c:Hashmap_get_node:205: TRY: 25
DEBUG: src/lcthw/hashmap.c:Hashmap_get_node:205: TRY: 26
DEBUG: src/lcthw/hashmap.c:Hashmap_get_node:205: TRY: 27
DEBUG: src/lcthw/hashmap.c:Hashmap_get_node:205: TRY: 28
DEBUG: src/lcthw/hashmap.c:Hashmap_get_node:205: TRY: 29
DEBUG: src/lcthw/hashmap.c:Hashmap_get_node:205: TRY: 30
DEBUG: src/lcthw/hashmap.c:Hashmap_get_node:205: TRY: 31
DEBUG: src/lcthw/hashmap.c:Hashmap_get_node:205: TRY: 32
DEBUG: src/lcthw/hashmap.c:Hashmap_get_node:205: TRY: 33
DEBUG: src/lcthw/hashmap.c:Hashmap_get_node:205: TRY: 34
DEBUG: src/lcthw/hashmap.c:Hashmap_get_node:205: TRY: 35
DEBUG: src/lcthw/hashmap.c:Hashmap_get_node:205: TRY: 36
DEBUG: src/lcthw/hashmap.c:Hashmap_get_node:205: TRY: 37
DEBUG: src/lcthw/hashmap.c:Hashmap_get_node:205: TRY: 38
DEBUG: src/lcthw/hashmap.c:Hashmap_get_node:205: TRY: 39
DEBUG: src/lcthw/hashmap.c:Hashmap_get_node:205: TRY: 40
DEBUG: src/lcthw/hashmap.c:Hashmap_get_node:205: TRY: 41
DEBUG: src/lcthw/hashmap.c:Hashmap_get_node:205: TRY: 42
DEBUG: src/lcthw/hashmap.c:Hashmap_get_node:205: TRY: 43
DEBUG: src/lcthw/hashmap.c:Hashmap_get_node:205: TRY: 44
DEBUG: src/lcthw/hashmap.c:Hashmap_get_node:205: TRY: 45
DEBUG: src/lcthw/hashmap.c:Hashmap_get_node:205: TRY: 46
DEBUG: src/lcthw/hashmap.c:Hashmap_get_node:205: TRY: 47
DEBUG: src/lcthw/hashmap.c:Hashmap_get_node:205: TRY: 48
DEBUG: src/lcthw/hashmap.c:Hashmap_get_node:205: TRY: 49
DEBUG: src/lcthw/hashmap.c:Hashmap_get_node:205: TRY: 50
DEBUG: src/lcthw/hashmap.c:Hashmap_get_node:205: TRY: 51
DEBUG: src/lcthw/hashmap.c:Hashmap_get_node:205: TRY: 52
DEBUG: src/lcthw/hashmap.c:Hashmap_get_node:205: TRY: 53
DEBUG: src/lcthw/hashmap.c:Hashmap_get_node:205: TRY: 54
DEBUG: src/lcthw/hashmap.c:Hashmap_get_node:205: TRY: 55
DEBUG: src/lcthw/hashmap.c:Hashmap_get_node:205: TRY: 56
DEBUG: src/lcthw/hashmap.c:Hashmap_get_node:205: TRY: 57
DEBUG: src/lcthw/hashmap.c:Hashmap_get_node:205: TRY: 0
DEBUG: src/lcthw/hashmap.c:Hashmap_get_node:205: TRY: 1
DEBUG: src/lcthw/hashmap.c:Hashmap_get_node:205: TRY: 2
DEBUG: src/lcthw/hashmap.c:Hashmap_get_node:205: TRY: 3
DEBUG: src/lcthw/hashmap.c:Hashmap_get_node:205: TRY: 4
DEBUG: src/lcthw/hashmap.c:Hashmap_get_node:205: TRY: 5
DEBUG: src/lcthw/hashmap.c:Hashmap_get_node:205: TRY: 6
DEBUG: src/lcthw/hashmap.c:Hashmap_get_node:205: TRY: 7
DEBUG: src/lcthw/hashmap.c:Hashmap_get_node:205: TRY: 8
DEBUG: src/lcthw/hashmap.c:Hashmap_get_node:205: TRY: 9
DEBUG: src/lcthw/hashmap.c:Hashmap_get_node:205: TRY: 10
DEBUG: src/lcthw/hashmap.c:Hashmap_get_node:205: TRY: 11
DEBUG: src/lcthw/hashmap.c:Hashmap_get_node:205: TRY: 12
DEBUG: src/lcthw/hashmap.c:Hashmap_get_node:205: TRY: 13
DEBUG: src/lcthw/hashmap.c:Hashmap_get_node:205: TRY: 14
DEBUG: src/lcthw/hashmap.c:Hashmap_get_node:205: TRY: 15
DEBUG: src/lcthw/hashmap.c:Hashmap_get_node:205: TRY: 16
DEBUG: src/lcthw/hashmap.c:Hashmap_get_node:205: TRY: 17
DEBUG: src/lcthw/hashmap.c:Hashmap_get_node:205: TRY: 18
DEBUG: src/lcthw/hashmap.c:Hashmap_get_node:205: TRY: 19
DEBUG: src/lcthw/hashmap.c:Hashmap_get_node:205: TRY: 20
DEBUG: src/lcthw/hashmap.c:Hashmap_get_node:205: TRY: 21
DEBUG: src/lcthw/hashmap.c:Hashmap_get_node:205: TRY: 22
DEBUG: src/lcthw/hashmap.c:Hashmap_get_node:205: TRY: 23
DEBUG: src/lcthw/hashmap.c:Hashmap_get_node:205: TRY: 24
DEBUG: src/lcthw/hashmap.c:Hashmap_get_node:205: TRY: 25
DEBUG: src/lcthw/hashmap.c:Hashmap_get_node:205: TRY: 26
DEBUG: src/lcthw/hashmap.c:Hashmap_get_node:205: TRY: 27
DEBUG: src/lcthw/hashmap.c:Hashmap_get_node:205: TRY: 28
DEBUG: src/lcthw/hashmap.c:Hashmap_get_node:205: TRY: 29
DEBUG: src/lcthw/hashmap.c:Hashmap_get_node:205: TRY: 30
DEBUG: src/lcthw/hashmap.c:Hashmap_get_node:205: TRY: 31
DEBUG: src/lcthw/hashmap.c:Hashmap_get_node:205: TRY: 32
DEBUG: src/lcthw/hashmap.c:Hashmap_get_node:205: TRY: 33
DEBUG: src/lcthw/hashmap.c:Hashmap_get_node:205: TRY: 34
DEBUG: src/lcthw/hashmap.c:Hashmap_get_node:205: TRY: 35
DEBUG: src/lcthw/hashmap.c:Hashmap_get_node:205: TRY: 36
DEBUG: src/lcthw/hashmap.c:Hashmap_get_node:205: TRY: 37
DEBUG: src/lcthw/hashmap.c:Hashmap_get_node:205: TRY: 38
DEBUG: src/lcthw/hashmap.c:Hashmap_get_node:205: TRY: 39
DEBUG: src/lcthw/hashmap.c:Hashmap_get_node:205: TRY: 40
DEBUG: src/lcthw/hashmap.c:Hashmap_get_node:205: TRY: 41
DEBUG: src/lcthw/hashmap.c:Hashmap_get_node:205: TRY: 42
DEBUG: src/lcthw/hashmap.c:Hashmap_get_node:205: TRY: 43
DEBUG: src/lcthw/hashmap.c:Hashmap_get_node:205: TRY: 44
DEBUG: src/lcthw/hashmap.c:Hashmap_get_node:205: TRY: 45
DEBUG: src/lcthw/hashmap.c:Hashmap_get_node:205: TRY: 46
DEBUG: src/lcthw/hashmap.c:Hashmap_get_node:205: TRY: 0
DEBUG: src/lcthw/hashmap.c:Hashmap_get_node:205: TRY: 1
DEBUG: src/lcthw/hashmap.c:Hashmap_get_node:205: TRY: 2
DEBUG: src/lcthw/hashmap.c:Hashmap_get_node:205: TRY: 3
DEBUG: src/lcthw/hashmap.c:Hashmap_get_node:205: TRY: 4
DEBUG: src/lcthw/hashmap.c:Hashmap_get_node:205: TRY: 5
DEBUG: src/lcthw/hashmap.c:Hashmap_get_node:205: TRY: 6
DEBUG: src/lcthw/hashmap.c:Hashmap_get_node:205: TRY: 7
DEBUG: src/lcthw/hashmap.c:Hashmap_get_node:205: TRY: 8
DEBUG: src/lcthw/hashmap.c:Hashmap_get_node:205: TRY: 9
DEBUG: src/lcthw/hashmap.c:Hashmap_get_node:205: TRY: 10
DEBUG: src/lcthw/hashmap.c:Hashmap_get_node:205: TRY: 11
DEBUG: src/lcthw/hashmap.c:Hashmap_get_node:205: TRY: 12
DEBUG: src/lcthw/hashmap.c:Hashmap_get_node:205: TRY: 13
DEBUG: src/lcthw/hashmap.c:Hashmap_get_node:205: TRY: 14
DEBUG: src/lcthw/hashmap.c:Hashmap_get_node:205: TRY: 15
DEBUG: src/lcthw/hashmap.c:Hashmap_get_node:205: TRY: 16
DEBUG: src/lcthw/hashmap.c:Hashmap_get_node:205: TRY: 17
DEBUG: src/lcthw/hashmap.c:Hashmap_get_node:205: TRY: 18
DEBUG: src/lcthw/hashmap.c:Hashmap_get_node:205: TRY: 19
DEBUG: src/lcthw/hashmap.c:Hashmap_get_node:205: TRY: 20
DEBUG: src/lcthw/hashmap.c:Hashmap_get_node:205: TRY: 21
DEBUG: src/lcthw/hashmap.c:Hashmap_get_node:205: TRY: 22
DEBUG: src/lcthw/hashmap.c:Hashmap_get_node:205: TRY: 23
DEBUG: src/lcthw/hashmap.c:Hashmap_get_node:205: TRY: 24
DEBUG: src/lcthw/hashmap.c:Hashmap_get_node:205: TRY: 25
DEBUG: src/lcthw/hashmap.c:Hashmap_get_node:205: TRY: 26
DEBUG: src/lcthw/hashmap.c:Hashmap_get_node:205: TRY: 27
DEBUG: src/lcthw/hashmap.c:Hashmap_get_node:205: TRY: 28
DEBUG: src/lcthw/hashmap.c:Hashmap_get_node:205: TRY: 29
DEBUG: src/lcthw/hashmap.c:Hashmap_get_node:205: TRY: 30
DEBUG: src/lcthw/hashmap.c:Hashmap_get_node:205: TRY: 31
DEBUG: src/lcthw/hashmap.c:Hashmap_get_node:205: TRY: 32
DEBUG: src/lcthw/hashmap.c:Hashmap_get_node:205: TRY: 33
DEBUG: src/lcthw/hashmap.c:Hashmap_get_node:205: TRY: 34
DEBUG: src/lcthw/hashmap.c:Hashmap_get_node:205: TRY: 35
DEBUG: src/lcthw/hashmap.c:Hashmap_get_node:205: TRY: 36
DEBUG: src/lcthw/hashmap.c:Hashmap_get_node:205: TRY: 37
DEBUG: src/lcthw/hashmap.c:Hashmap_get_node:205: TRY: 38
DEBUG: src/lcthw/hashmap.c:Hashmap_get_node:205: TRY: 39
DEBUG: src/lcthw/hashmap.c:Hashmap_get_node:205: TRY: 40
DEBUG: src/lcthw/hashmap.c:Hashmap_get_node:205: TRY: 41
DEBUG: src/lcthw/hashmap.c:Hashmap_get_node:205: TRY: 42
DEBUG: src/lcthw/hashmap.c:Hashmap_get_node:205: TRY: 43
DEBUG: src/lcthw/hashmap.c:Hashmap_get_node:205: TRY: 44
DEBUG: src/lcthw/hashmap.c:Hashmap_get_node:205: TRY: 45
DEBUG: src/lcthw/hashmap.c:Hashmap_get_node:205: TRY: 46
DEBUG: src/lcthw/hashmap.c:Hashmap_get_node:205: TRY: 47
DEBUG: src/lcthw/hashmap.c:Hashmap_get_node:205: TRY: 48
DEBUG: src/lcthw/hashmap.c:Hashmap_get_node:205: TRY: 49
DEBUG: src/lcthw/hashmap.c:Hashmap_get_node:205: TRY: 50
DEBUG: src/lcthw/hashmap.c:Hashmap_get_node:205: TRY: 51
DEBUG: src/lcthw/hashmap.c:Hashmap_get_node:205: TRY: 52
DEBUG: src/lcthw/hashmap.c:Hashmap_get_node:205: TRY: 53
DEBUG: src/lcthw/hashmap.c:Hashmap_get_node:205: TRY: 54
DEBUG: src/lcthw/hashmap.c:Hashmap_get_node:205: TRY: 55
DEBUG: src/lcthw/hashmap.c:Hashmap_get_node:205: TRY: 56
DEBUG: src/lcthw/hashmap.c:Hashmap_get_node:205: TRY: 57
DEBUG: src/lcthw/hashmap.c:Hashmap_get_node:205: TRY: 58
DEBUG: src/lcthw/hashmap.c:Hashmap_get_node:205: TRY: 0
DEBUG: src/lcthw/hashmap.c:Hashmap_get_node:205: TRY: 1
DEBUG: src/lcthw/hashmap.c:Hashmap_get_node:205: TRY: 2
DEBUG: src/lcthw/hashmap.c:Hashmap_get_node:205: TRY: 3
DEBUG: src/lcthw/hashmap.c:Hashmap_get_node:205: TRY: 4
DEBUG: src/lcthw/hashmap.c:Hashmap_get_node:205: TRY: 5
DEBUG: src/lcthw/hashmap.c:Hashmap_get_node:205: TRY: 6
DEBUG: src/lcthw/hashmap.c:Hashmap_get_node:205: TRY: 7
DEBUG: src/lcthw/hashmap.c:Hashmap_get_node:205: TRY: 8
DEBUG: src/lcthw/hashmap.c:Hashmap_get_node:205: TRY: 9
DEBUG: src/lcthw/hashmap.c:Hashmap_get_node:205: TRY: 10
DEBUG: src/lcthw/hashmap.c:Hashmap_get_node:205: TRY: 11
DEBUG: src/lcthw/hashmap.c:Hashmap_get_node:205: TRY: 12
DEBUG: src/lcthw/hashmap.c:Hashmap_get_node:205: TRY: 13
DEBUG: src/lcthw/hashmap.c:Hashmap_get_node:205: TRY: 14
DEBUG: src/lcthw/hashmap.c:Hashmap_get_node:205: TRY: 15
DEBUG: src/lcthw/hashmap.c:Hashmap_get_node:205: TRY: 16
DEBUG: src/lcthw/hashmap.c:Hashmap_get_node:205: TRY: 17
DEBUG: src/lcthw/hashmap.c:Hashmap_get_node:205: TRY: 18
DEBUG: src/lcthw/hashmap.c:Hashmap_get_node:205: TRY: 19
DEBUG: src/lcthw/hashmap.c:Hashmap_get_node:205: TRY: 20
DEBUG: src/lcthw/hashmap.c:Hashmap_get_node:205: TRY: 21
DEBUG: src/lcthw/hashmap.c:Hashmap_get_node:205: TRY: 22
DEBUG: src/lcthw/hashmap.c:Hashmap_get_node:205: TRY: 23
DEBUG: src/lcthw/hashmap.c:Hashmap_get_node:205: TRY: 24
DEBUG: src/lcthw/hashmap.c:Hashmap_get_node:205: TRY: 25
DEBUG: src/lcthw/hashmap.c:Hashmap_get_node:205: TRY: 26
DEBUG: src/lcthw/hashmap.c:Hashmap_get_node:205: TRY: 27
DEBUG: src/lcthw/hashmap.c:Hashmap_get_node:205: TRY: 28
DEBUG: src/lcthw/hashmap.c:Hashmap_get_node:205: TRY: 29
DEBUG: src/lcthw/hashmap.c:Hashmap_get_node:205: TRY: 30
DEBUG: src/lcthw/hashmap.c:Hashmap_get_node:205: TRY: 31
DEBUG: src/lcthw/hashmap.c:Hashmap_get_node:205: TRY: 32
DEBUG: src/lcthw/hashmap.c:Hashmap_get_node:205: TRY: 33
DEBUG: src/lcthw/hashmap.c:Hashmap_get_node:205: TRY: 34
DEBUG: src/lcthw/hashmap.c:Hashmap_get_node:205: TRY: 35
DEBUG: src/lcthw/hashmap.c:Hashmap_get_node:205: TRY: 36
DEBUG: src/lcthw/hashmap.c:Hashmap_get_node:205: TRY: 37
DEBUG: src/lcthw/hashmap.c:Hashmap_get_node:205: TRY: 38
DEBUG: src/lcthw/hashmap.c:Hashmap_get_node:205: TRY: 39
DEBUG: src/lcthw/hashmap.c:Hashmap_get_node:205: TRY: 40
DEBUG: src/lcthw/hashmap.c:Hashmap_get_node:205: TRY: 41
DEBUG: src/lcthw/hashmap.c:Hashmap_get_node:205: TRY: 42
DEBUG: src/lcthw/hashmap.c:Hashmap_get_node:205: TRY: 43
DEBUG: src/lcthw/hashmap.c:Hashmap_get_node:205: TRY: 44
DEBUG: src/lcthw/hashmap.c:Hashmap_get_node:205: TRY: 45
DEBUG: src/lcthw/hashmap.c:Hashmap_get_node:205: TRY: 46
DEBUG: src/lcthw/hashmap.c:Hashmap_get_node:205: TRY: 47
DEBUG: src/lcthw/hashmap.c:Hashmap_get_node:205: TRY: 48
DEBUG: src/lcthw/hashmap.c:Hashmap_get_node:205: TRY: 49
DEBUG: src/lcthw/hashmap.c:Hashmap_get_node:205: TRY: 50
DEBUG: src/lcthw/hashmap.c:Hashmap_get_node:205: TRY: 51
DEBUG: src/lcthw/hashmap.c:Hashmap_get_node:205: TRY: 52
DEBUG: src/lcthw/hashmap.c:Hashmap_get_node:205: TRY: 53
DEBUG: src/lcthw/hashmap.c:Hashmap_get_node:205: TRY: 54
DEBUG: src/lcthw/hashmap.c:Hashmap_get_node:205: TRY: 55
DEBUG: src/lcthw/hashmap.c:Hashmap_get_node:205: TRY: 56
DEBUG: src/lcthw/hashmap.c:Hashmap_get_node:205: TRY: 0
DEBUG: src/lcthw/hashmap.c:Hashmap_get_node:205: TRY: 1
DEBUG: src/lcthw/hashmap.c:Hashmap_get_node:205: TRY: 2
DEBUG: src/lcthw/hashmap.c:Hashmap_get_node:205: TRY: 3
DEBUG: src/lcthw/hashmap.c:Hashmap_get_node:205: TRY: 4
DEBUG: src/lcthw/hashmap.c:Hashmap_get_node:205: TRY: 5
DEBUG: src/lcthw/hashmap.c:Hashmap_get_node:205: TRY: 6
DEBUG: src/lcthw/hashmap.c:Hashmap_get_node:205: TRY: 7
DEBUG: src/lcthw/hashmap.c:Hashmap_get_node:205: TRY: 8
DEBUG: src/lcthw/hashmap.c:Hashmap_get_node:205: TRY: 9
DEBUG: src/lcthw/hashmap.c:Hashmap_get_node:205: TRY: 10
DEBUG: src/lcthw/hashmap.c:Hashmap_get_node:205: TRY: 11
DEBUG: src/lcthw/hashmap.c:Hashmap_get_node:205: TRY: 12
DEBUG: src/lcthw/hashmap.c:Hashmap_get_node:205: TRY: 13
DEBUG: src/lcthw/hashmap.c:Hashmap_get_node:205: TRY: 14
DEBUG: src/lcthw/hashmap.c:Hashmap_get_node:205: TRY: 15
DEBUG: src/lcthw/hashmap.c:Hashmap_get_node:205: TRY: 16
DEBUG: src/lcthw/hashmap.c:Hashmap_get_node:205: TRY: 17
DEBUG: src/lcthw/hashmap.c:Hashmap_get_node:205: TRY: 18
DEBUG: src/lcthw/hashmap.c:Hashmap_get_node:205: TRY: 19
DEBUG: src/lcthw/hashmap.c:Hashmap_get_node:205: TRY: 20
DEBUG: src/lcthw/hashmap.c:Hashmap_get_node:205: TRY: 21
DEBUG: src/lcthw/hashmap.c:Hashmap_get_node:205: TRY: 22
DEBUG: src/lcthw/hashmap.c:Hashmap_get_node:205: TRY: 23
DEBUG: src/lcthw/hashmap.c:Hashmap_get_node:205: TRY: 24
DEBUG: src/lcthw/hashmap.c:Hashmap_get_node:205: TRY: 25
DEBUG: src/lcthw/hashmap.c:Hashmap_get_node:205: TRY: 26
DEBUG: src/lcthw/hashmap.c:Hashmap_get_node:205: TRY: 27
DEBUG: src/lcthw/hashmap.c:Hashmap_get_node:205: TRY: 28
DEBUG: src/lcthw/hashmap.c:Hashmap_get_node:205: TRY: 29
DEBUG: src/lcthw/hashmap.c:Hashmap_get_node:205: TRY: 30
DEBUG: src/lcthw/hashmap.c:Hashmap_get_node:205: TRY: 31
DEBUG: src/lcthw/hashmap.c:Hashmap_get_node:205: TRY: 32
DEBUG: src/lcthw/hashmap.c:Hashmap_get_node:205: TRY: 33
DEBUG: src/lcthw/hashmap.c:Hashmap_get_node:205: TRY: 34
DEBUG: src/lcthw/hashmap.c:Hashmap_get_node:205: TRY: 35
DEBUG: src/lcthw/hashmap.c:Hashmap_get_node:205: TRY: 36
DEBUG: src/lcthw/hashmap.c:Hashmap_get_node:205: TRY: 37
DEBUG: src/lcthw/hashmap.c:Hashmap_get_node:205: TRY: 38
DEBUG: src/lcthw/hashmap.c:Hashmap_get_node:205: TRY: 39
DEBUG: src/lcthw/hashmap.c:Hashmap_get_node:205: TRY: 40
DEBUG: src/lcthw/hashmap.c:Hashmap_get_node:205: TRY: 41
DEBUG: src/lcthw/hashmap.c:Hashmap_get_node:205: TRY: 42
DEBUG: src/lcthw/hashmap.c:Hashmap_get_node:205: TRY: 43
DEBUG: src/lcthw/hashmap.c:Hashmap_get_node:205: TRY: 44
DEBUG: src/lcthw/hashmap.c:Hashmap_get_node:205: TRY: 45
DEBUG: src/lcthw/hashmap.c:Hashmap_get_node:205: TRY: 46
DEBUG: src/lcthw/hashmap.c:Hashmap_get_node:205: TRY: 47
DEBUG: src/lcthw/hashmap.c:Hashmap_get_node:205: TRY: 0
DEBUG: src/lcthw/hashmap.c:Hashmap_get_node:205: TRY: 1
DEBUG: src/lcthw/hashmap.c:Hashmap_get_node:205: TRY: 2
DEBUG: src/lcthw/hashmap.c:Hashmap_get_node:205: TRY: 3
DEBUG: src/lcthw/hashmap.c:Hashmap_get_node:205: TRY: 4
DEBUG: src/lcthw/hashmap.c:Hashmap_get_node:205: TRY: 5
DEBUG: src/lcthw/hashmap.c:Hashmap_get_node:205: TRY: 6
DEBUG: src/lcthw/hashmap.c:Hashmap_get_node:205: TRY: 7
DEBUG: src/lcthw/hashmap.c:Hashmap_get_node:205: TRY: 8
DEBUG: src/lcthw/hashmap.c:Hashmap_get_node:205: TRY: 9
DEBUG: src/lcthw/hashmap.c:Hashmap_get_node:205: TRY: 10
DEBUG: src/lcthw/hashmap.c:Hashmap_get_node:205: TRY: 11
DEBUG: src/lcthw/hashmap.c:Hashmap_get_node:205: TRY: 12
DEBUG: src/lcthw/hashmap.c:Hashmap_get_node:205: TRY: 13
DEBUG: src/lcthw/hashmap.c:Hashmap_get_node:205: TRY: 14
DEBUG: src/lcthw/hashmap.c:Hashmap_get_node:205: TRY: 15
DEBUG: src/lcthw/hashmap.c:Hashmap_get_node:205: TRY: 16
DEBUG: src/lcthw/hashmap.c:Hashmap_get_node:205: TRY: 17
DEBUG: src/lcthw/hashmap.c:Hashmap_get_node:205: TRY: 18
DEBUG: src/lcthw/hashmap.c:Hashmap_get_node:205: TRY: 19
DEBUG: src/lcthw/hashmap.c:Hashmap_get_node:205: TRY: 20
DEBUG: src/lcthw/hashmap.c:Hashmap_get_node:205: TRY: 21
DEBUG: src/lcthw/hashmap.c:Hashmap_get_node:205: TRY: 22
DEBUG: src/lcthw/hashmap.c:Hashmap_get_node:205: TRY: 23
DEBUG: src/lcthw/hashmap.c:Hashmap_get_node:205: TRY: 24
DEBUG: src/lcthw/hashmap.c:Hashmap_get_node:205: TRY: 25
DEBUG: src/lcthw/hashmap.c:Hashmap_get_node:205: TRY: 26
DEBUG: src/lcthw/hashmap.c:Hashmap_get_node:205: TRY: 27
DEBUG: src/lcthw/hashmap.c:Hashmap_get_node:205: TRY: 28
DEBUG: src/lcthw/hashmap.c:Hashmap_get_node:205: TRY: 29
DEBUG: src/lcthw/hashmap.c:Hashmap_get_node:205: TRY: 30
DEBUG: src/lcthw/hashmap.c:Hashmap_get_node:205: TRY: 31
DEBUG: src/lcthw/hashmap.c:Hashmap_get_node:205: TRY: 32
DEBUG: src/lcthw/hashmap.c:Hashmap_get_node:205: TRY: 33
DEBUG: src/lcthw/hashmap.c:Hashmap_get_node:205: TRY: 34
DEBUG: src/lcthw/hashmap.c:Hashmap_get_node:205: TRY: 35
DEBUG: src/lcthw/hashmap.c:Hashmap_get_node:205: TRY: 36
DEBUG: src/lcthw/hashmap.c:Hashmap_get_node:205: TRY: 37
DEBUG: src/lcthw/hashmap.c:Hashmap_get_node:205: TRY: 38
DEBUG: src/lcthw/hashmap.c:Hashmap_get_node:205: TRY: 39
DEBUG: src/lcthw/hashmap.c:Hashmap_get_node:205: TRY: 40
DEBUG: src/lcthw/hashmap.c:Hashmap_get_node:205: TRY: 41
DEBUG: src/lcthw/hashmap.c:Hashmap_get_node:205: TRY: 42
DEBUG: src/lcthw/hashmap.c:Hashmap_get_node:205: TRY: 43
DEBUG: src/lcthw/hashmap.c:Hashmap_get_node:205: TRY: 44
DEBUG: src/lcthw/hashmap.c:Hashmap_get_node:205: TRY: 45
DEBUG: src/lcthw/hashmap.c:Hashmap_get_node:205: TRY: 46
DEBUG: src/lcthw/hashmap.c:Hashmap_get_node:205: TRY: 47
DEBUG: src/lcthw/hashmap.c:Hashmap_get_node:205: TRY: 48
DEBUG: src/lcthw/hashmap.c:Hashmap_get_node:205: TRY: 49
DEBUG: src/lcthw/hashmap.c:Hashmap_get_node:205: TRY: 50
DEBUG: src/lcthw/hashmap.c:Hashmap_get_node:205: TRY: 51
DEBUG: src/lcthw/hashmap.c:Hashmap_get_node:205: TRY: 52
DEBUG: src/lcthw/hashmap.c:Hashmap_get_node:205: TRY: 53
DEBUG: src/lcthw/hashmap.c:Hashmap_get_node:205: TRY: 54
DEBUG: src/lcthw/hashmap.c:Hashmap_get_node:205: TRY: 55
DEBUG: src/lcthw/hashmap.c:Hashmap_get_node:205: TRY: 56
DEBUG: src/lcthw/hashmap.c:Hashmap_get_node:205: TRY: 57
DEBUG: src/lcthw/hashmap.c:Hashmap_get_node:205: TRY: 58
DEBUG: src/lcthw/hashmap.c:Hashmap_get_node:205: TRY: 59
DEBUG: src/lcthw/hashmap.c:Hashmap_get_node:205: TRY: 60
DEBUG: src/lcthw/hashmap.c:Hashmap_get_node:205: TRY: 61
DEBUG: src/lcthw/hashmap.c:Hashmap_get_node:205: TRY: 62
DEBUG: src/lcthw/hashmap.c:Hashmap_get_node:205: TRY: 63
DEBUG: src/lcthw/hashmap.c:Hashmap_get_node:205: TRY: 64
DEBUG: src/lcthw/hashmap.c:Hashmap_get_node:205: TRY: 65
DEBUG: src/lcthw/hashmap.c:Hashmap_get_node:205: TRY: 66
DEBUG: src/lcthw/hashmap.c:Hashmap_get_node:205: TRY: 67
DEBUG: src/lcthw/hashmap.c:Hashmap_get_node:205: TRY: 68
DEBUG: src/lcthw/hashmap.c:Hashmap_get_node:205: TRY: 69
DEBUG: src/lcthw/hashmap.c:Hashmap_get_node:205: TRY: 70
DEBUG: src/lcthw/hashmap.c:Hashmap_get_node:205: TRY: 71
DEBUG: src/lcthw/hashmap.c:Hashmap_get_node:205: TRY: 72
DEBUG: src/lcthw/hashmap.c:Hashmap_get_node:205: TRY: 73
DEBUG: src/lcthw/hashmap.c:Hashmap_get_node:205: TRY: 74
DEBUG: src/lcthw/hashmap.c:Hashmap_get_node:205: TRY: 75
DEBUG: src/lcthw/hashmap.c:Hashmap_get_node:205: TRY: 76
DEBUG: src/lcthw/hashmap.c:Hashmap_get_node:205: TRY: 77
DEBUG: src/lcthw/hashmap.c:Hashmap_get_node:205: TRY: 78
DEBUG: src/lcthw/hashmap.c:Hashmap_get_node:205: TRY: 79
DEBUG: src/lcthw/hashmap.c:Hashmap_get_node:205: TRY: 80
DEBUG: src/lcthw/hashmap.c:Hashmap_get_node:205: TRY: 81
DEBUG: src/lcthw/hashmap.c:Hashmap_get_node:205: TRY: 82
DEBUG: src/lcthw/hashmap.c:Hashmap_get_node:205: TRY: 0
DEBUG: src/lcthw/hashmap.c:Hashmap_get_node:205: TRY: 1
DEBUG: src/lcthw/hashmap.c:Hashmap_get_node:205: TRY: 2
DEBUG: src/lcthw/hashmap.c:Hashmap_get_node:205: TRY: 3
DEBUG: src/lcthw/hashmap.c:Hashmap_get_node:205: TRY: 4
DEBUG: src/lcthw/hashmap.c:Hashmap_get_node:205: TRY: 5
DEBUG: src/lcthw/hashmap.c:Hashmap_get_node:205: TRY: 6
DEBUG: src/lcthw/hashmap.c:Hashmap_get_node:205: TRY: 7
DEBUG: src/lcthw/hashmap.c:Hashmap_get_node:205: TRY: 8
DEBUG: src/lcthw/hashmap.c:Hashmap_get_node:205: TRY: 9
DEBUG: src/lcthw/hashmap.c:Hashmap_get_node:205: TRY: 10
DEBUG: src/lcthw/hashmap.c:Hashmap_get_node:205: TRY: 11
DEBUG: src/lcthw/hashmap.c:Hashmap_get_node:205: TRY: 12
DEBUG: src/lcthw/hashmap.c:Hashmap_get_node:205: TRY: 13
DEBUG: src/lcthw/hashmap.c:Hashmap_get_node:205: TRY: 14
DEBUG: src/lcthw/hashmap.c:Hashmap_get_node:205: TRY: 15
DEBUG: src/lcthw/hashmap.c:Hashmap_get_node:205: TRY: 16
DEBUG: src/lcthw/hashmap.c:Hashmap_get_node:205: TRY: 17
DEBUG: src/lcthw/hashmap.c:Hashmap_get_node:205: TRY: 18
DEBUG: src/lcthw/hashmap.c:Hashmap_get_node:205: TRY: 19
DEBUG: src/lcthw/hashmap.c:Hashmap_get_node:205: TRY: 20
DEBUG: src/lcthw/hashmap.c:Hashmap_get_node:205: TRY: 21
DEBUG: src/lcthw/hashmap.c:Hashmap_get_node:205: TRY: 22
DEBUG: src/lcthw/hashmap.c:Hashmap_get_node:205: TRY: 23
DEBUG: src/lcthw/hashmap.c:Hashmap_get_node:205: TRY: 24
DEBUG: src/lcthw/hashmap.c:Hashmap_get_node:205: TRY: 25
DEBUG: src/lcthw/hashmap.c:Hashmap_get_node:205: TRY: 26
DEBUG: src/lcthw/hashmap.c:Hashmap_get_node:205: TRY: 27
DEBUG: src/lcthw/hashmap.c:Hashmap_get_node:205: TRY: 28
DEBUG: src/lcthw/hashmap.c:Hashmap_get_node:205: TRY: 29
DEBUG: src/lcthw/hashmap.c:Hashmap_get_node:205: TRY: 30
DEBUG: src/lcthw/hashmap.c:Hashmap_get_node:205: TRY: 31
DEBUG: src/lcthw/hashmap.c:Hashmap_get_node:205: TRY: 32
DEBUG: src/lcthw/hashmap.c:Hashmap_get_node:205: TRY: 33
DEBUG: src/lcthw/hashmap.c:Hashmap_get_node:205: TRY: 34
DEBUG: src/lcthw/hashmap.c:Hashmap_get_node:205: TRY: 35
DEBUG: src/lcthw/hashmap.c:Hashmap_get_node:205: TRY: 36
DEBUG: src/lcthw/hashmap.c:Hashmap_get_node:205: TRY: 37
DEBUG: src/lcthw/hashmap.c:Hashmap_get_node:205: TRY: 38
DEBUG: src/lcthw/hashmap.c:Hashmap_get_node:205: TRY: 39
DEBUG: src/lcthw/hashmap.c:Hashmap_get_node:205: TRY: 40
DEBUG: src/lcthw/hashmap.c:Hashmap_get_node:205: TRY: 41
DEBUG: src/lcthw/hashmap.c:Hashmap_get_node:205: TRY: 42
DEBUG: src/lcthw/hashmap.c:Hashmap_get_node:205: TRY: 43
DEBUG: src/lcthw/hashmap.c:Hashmap_get_node:205: TRY: 44
DEBUG: src/lcthw/hashmap.c:Hashmap_get_node:205: TRY: 45
DEBUG: src/lcthw/hashmap.c:Hashmap_get_node:205: TRY: 46
DEBUG: src/lcthw/hashmap.c:Hashmap_get_node:205: TRY: 47
DEBUG: src/lcthw/hashmap.c:Hashmap_get_node:205: TRY: 48
DEBUG: src/lcthw/hashmap.c:Hashmap_get_node:205: TRY: 0
DEBUG: src/lcthw/hashmap.c:Hashmap_get_node:205: TRY: 1
DEBUG: src/lcthw/hashmap.c:Hashmap_get_node:205: TRY: 2
DEBUG: src/lcthw/hashmap.c:Hashmap_get_node:205: TRY: 3
DEBUG: src/lcthw/hashmap.c:Hashmap_get_node:205: TRY: 4
DEBUG: src/lcthw/hashmap.c:Hashmap_get_node:205: TRY: 5
DEBUG: src/lcthw/hashmap.c:Hashmap_get_node:205: TRY: 6
DEBUG: src/lcthw/hashmap.c:Hashmap_get_node:205: TRY: 7
DEBUG: src/lcthw/hashmap.c:Hashmap_get_node:205: TRY: 8
DEBUG: src/lcthw/hashmap.c:Hashmap_get_node:205: TRY: 9
DEBUG: src/lcthw/hashmap.c:Hashmap_get_node:205: TRY: 10
DEBUG: src/lcthw/hashmap.c:Hashmap_get_node:205: TRY: 11
DEBUG: src/lcthw/hashmap.c:Hashmap_get_node:205: TRY: 12
DEBUG: src/lcthw/hashmap.c:Hashmap_get_node:205: TRY: 13
DEBUG: src/lcthw/hashmap.c:Hashmap_get_node:205: TRY: 14
DEBUG: src/lcthw/hashmap.c:Hashmap_get_node:205: TRY: 15
DEBUG: src/lcthw/hashmap.c:Hashmap_get_node:205: TRY: 16
DEBUG: src/lcthw/hashmap.c:Hashmap_get_node:205: TRY: 17
DEBUG: src/lcthw/hashmap.c:Hashmap_get_node:205: TRY: 18
DEBUG: src/lcthw/hashmap.c:Hashmap_get_node:205: TRY: 19
DEBUG: src/lcthw/hashmap.c:Hashmap_get_node:205: TRY: 20
DEBUG: src/lcthw/hashmap.c:Hashmap_get_node:205: TRY: 21
DEBUG: src/lcthw/hashmap.c:Hashmap_get_node:205: TRY: 22
DEBUG: src/lcthw/hashmap.c:Hashmap_get_node:205: TRY: 23
DEBUG: src/lcthw/hashmap.c:Hashmap_get_node:205: TRY: 24
DEBUG: src/lcthw/hashmap.c:Hashmap_get_node:205: TRY: 25
DEBUG: src/lcthw/hashmap.c:Hashmap_get_node:205: TRY: 26
DEBUG: src/lcthw/hashmap.c:Hashmap_get_node:205: TRY: 27
DEBUG: src/lcthw/hashmap.c:Hashmap_get_node:205: TRY: 28
DEBUG: src/lcthw/hashmap.c:Hashmap_get_node:205: TRY: 29
DEBUG: src/lcthw/hashmap.c:Hashmap_get_node:205: TRY: 30
DEBUG: src/lcthw/hashmap.c:Hashmap_get_node:205: TRY: 31
DEBUG: src/lcthw/hashmap.c:Hashmap_get_node:205: TRY: 32
DEBUG: src/lcthw/hashmap.c:Hashmap_get_node:205: TRY: 33
DEBUG: src/lcthw/hashmap.c:Hashmap_get_node:205: TRY: 34
DEBUG: src/lcthw/hashmap.c:Hashmap_get_node:205: TRY: 35
DEBUG: src/lcthw/hashmap.c:Hashmap_get_node:205: TRY: 36
DEBUG: src/lcthw/hashmap.c:Hashmap_get_node:205: TRY: 37
DEBUG: src/lcthw/hashmap.c:Hashmap_get_node:205: TRY: 38
DEBUG: src/lcthw/hashmap.c:Hashmap_get_node:205: TRY: 39
DEBUG: src/lcthw/hashmap.c:Hashmap_get_node:205: TRY: 40
DEBUG: src/lcthw/hashmap.c:Hashmap_get_node:205: TRY: 41
DEBUG: src/lcthw/hashmap.c:Hashmap_get_node:205: TRY: 42
DEBUG: src/lcthw/hashmap.c:Hashmap_get_node:205: TRY: 43
DEBUG: src/lcthw/hashmap.c:Hashmap_get_node:205: TRY: 44
DEBUG: src/lcthw/hashmap.c:Hashmap_get_node:205: TRY: 45
DEBUG: src/lcthw/hashmap.c:Hashmap_get_node:205: TRY: 46
DEBUG: src/lcthw/hashmap.c:Hashmap_get_node:205: TRY: 47
DEBUG: src/lcthw/hashmap.c:Hashmap_get_node:205: TRY: 48
DEBUG: src/lcthw/hashmap.c:Hashmap_get_node:205: TRY: 49
DEBUG: src/lcthw/hashmap.c:Hashmap_get_node:205: TRY: 50
DEBUG: src/lcthw/hashmap.c:Hashmap_get_node:205: TRY: 51
DEBUG: src/lcthw/hashmap.c:Hashmap_get_node:205: TRY: 52
DEBUG: src/lcthw/hashmap.c:Hashmap_get_node:205: TRY: 53
DEBUG: src/lcthw/hashmap.c:Hashmap_get_node:205: TRY: 54
DEBUG: src/lcthw/hashmap.c:Hashmap_get_node:205: TRY: 55
DEBUG: src/lcthw/hashmap.c:Hashmap_get_node:205: TRY: 56
DEBUG: src/lcthw/hashmap.c:Hashmap_get_node:205: TRY: 57
DEBUG: src/lcthw/hashmap.c:Hashmap_get_node:205: TRY: 58
DEBUG: src/lcthw/hashmap.c:Hashmap_get_node:205: TRY: 59
DEBUG: src/lcthw/hashmap.c:Hashmap_get_node:205: TRY: 0
DEBUG: src/lcthw/hashmap.c:Hashmap_get_node:205: TRY: 1
DEBUG: src/lcthw/hashmap.c:Hashmap_get_node:205: TRY: 2
DEBUG: src/lcthw/hashmap.c:Hashmap_get_node:205: TRY: 3
DEBUG: src/lcthw/hashmap.c:Hashmap_get_node:205: TRY: 4
DEBUG: src/lcthw/hashmap.c:Hashmap_get_node:205: TRY: 5
DEBUG: src/lcthw/hashmap.c:Hashmap_get_node:205: TRY: 6
DEBUG: src/lcthw/hashmap.c:Hashmap_get_node:205: TRY: 7
DEBUG: src/lcthw/hashmap.c:Hashmap_get_node:205: TRY: 8
DEBUG: src/lcthw/hashmap.c:Hashmap_get_node:205: TRY: 9
DEBUG: src/lcthw/hashmap.c:Hashmap_get_node:205: TRY: 10
DEBUG: src/lcthw/hashmap.c:Hashmap_get_node:205: TRY: 11
DEBUG: src/lcthw/hashmap.c:Hashmap_get_node:205: TRY: 12
DEBUG: src/lcthw/hashmap.c:Hashmap_get_node:205: TRY: 13
DEBUG: src/lcthw/hashmap.c:Hashmap_get_node:205: TRY: 14
DEBUG: src/lcthw/hashmap.c:Hashmap_get_node:205: TRY: 15
DEBUG: src/lcthw/hashmap.c:Hashmap_get_node:205: TRY: 16
DEBUG: src/lcthw/hashmap.c:Hashmap_get_node:205: TRY: 17
DEBUG: src/lcthw/hashmap.c:Hashmap_get_node:205: TRY: 18
DEBUG: src/lcthw/hashmap.c:Hashmap_get_node:205: TRY: 19
DEBUG: src/lcthw/hashmap.c:Hashmap_get_node:205: TRY: 20
DEBUG: src/lcthw/hashmap.c:Hashmap_get_node:205: TRY: 21
DEBUG: src/lcthw/hashmap.c:Hashmap_get_node:205: TRY: 22
DEBUG: src/lcthw/hashmap.c:Hashmap_get_node:205: TRY: 23
DEBUG: src/lcthw/hashmap.c:Hashmap_get_node:205: TRY: 24
DEBUG: src/lcthw/hashmap.c:Hashmap_get_node:205: TRY: 25
DEBUG: src/lcthw/hashmap.c:Hashmap_get_node:205: TRY: 26
DEBUG: src/lcthw/hashmap.c:Hashmap_get_node:205: TRY: 27
DEBUG: src/lcthw/hashmap.c:Hashmap_get_node:205: TRY: 28
DEBUG: src/lcthw/hashmap.c:Hashmap_get_node:205: TRY: 29
DEBUG: src/lcthw/hashmap.c:Hashmap_get_node:205: TRY: 30
DEBUG: src/lcthw/hashmap.c:Hashmap_get_node:205: TRY: 31
DEBUG: src/lcthw/hashmap.c:Hashmap_get_node:205: TRY: 32
DEBUG: src/lcthw/hashmap.c:Hashmap_get_node:205: TRY: 33
DEBUG: src/lcthw/hashmap.c:Hashmap_get_node:205: TRY: 34
DEBUG: src/lcthw/hashmap.c:Hashmap_get_node:205: TRY: 35
DEBUG: src/lcthw/hashmap.c:Hashmap_get_node:205: TRY: 36
DEBUG: src/lcthw/hashmap.c:Hashmap_get_node:205: TRY: 37
DEBUG: src/lcthw/hashmap.c:Hashmap_get_node:205: TRY: 38
DEBUG: src/lcthw/hashmap.c:Hashmap_get_node:205: TRY: 39
DEBUG: src/lcthw/hashmap.c:Hashmap_get_node:205: TRY: 40
DEBUG: src/lcthw/hashmap.c:Hashmap_get_node:205: TRY: 41
DEBUG: src/lcthw/hashmap.c:Hashmap_get_node:205: TRY: 42
DEBUG: src/lcthw/hashmap.c:Hashmap_get_node:205: TRY: 43
DEBUG: src/lcthw/hashmap.c:Hashmap_get_node:205: TRY: 44
DEBUG: src/lcthw/hashmap.c:Hashmap_get_node:205: TRY: 45
DEBUG: src/lcthw/hashmap.c:Hashmap_get_node:205: TRY: 46
DEBUG: src/lcthw/hashmap.c:Hashmap_get_node:205: TRY: 47
DEBUG: src/lcthw/hashmap.c:Hashmap_get_node:205: TRY: 0
DEBUG: src/lcthw/hashmap.c:Hashmap_get_node:205: TRY: 1
DEBUG: src/lcthw/hashmap.c:Hashmap_get_node:205: TRY: 2
DEBUG: src/lcthw/hashmap.c:Hashmap_get_node:205: TRY: 3
DEBUG: src/lcthw/hashmap.c:Hashmap_get_node:205: TRY: 4
DEBUG: src/lcthw/hashmap.c:Hashmap_get_node:205: TRY: 5
DEBUG: src/lcthw/hashmap.c:Hashmap_get_node:205: TRY: 6
DEBUG: src/lcthw/hashmap.c:Hashmap_get_node:205: TRY: 7
DEBUG: src/lcthw/hashmap.c:Hashmap_get_node:205: TRY: 8
DEBUG: src/lcthw/hashmap.c:Hashmap_get_node:205: TRY: 9
DEBUG: src/lcthw/hashmap.c:Hashmap_get_node:205: TRY: 10
DEBUG: src/lcthw/hashmap.c:Hashmap_get_node:205: TRY: 11
DEBUG: src/lcthw/hashmap.c:Hashmap_get_node:205: TRY: 12
DEBUG: src/lcthw/hashmap.c:Hashmap_get_node:205: TRY: 13
DEBUG: src/lcthw/hashmap.c:Hashmap_get_node:205: TRY: 14
DEBUG: src/lcthw/hashmap.c:Hashmap_get_node:205: TRY: 15
DEBUG: src/lcthw/hashmap.c:Hashmap_get_node:205: TRY: 16
DEBUG: src/lcthw/hashmap.c:Hashmap_get_node:205: TRY: 17
DEBUG: src/lcthw/hashmap.c:Hashmap_get_node:205: TRY: 18
DEBUG: src/lcthw/hashmap.c:Hashmap_get_node:205: TRY: 19
DEBUG: src/lcthw/hashmap.c:Hashmap_get_node:205: TRY: 20
DEBUG: src/lcthw/hashmap.c:Hashmap_get_node:205: TRY: 21
DEBUG: src/lcthw/hashmap.c:Hashmap_get_node:205: TRY: 22
DEBUG: src/lcthw/hashmap.c:Hashmap_get_node:205: TRY: 23
DEBUG: src/lcthw/hashmap.c:Hashmap_get_node:205: TRY: 24
DEBUG: src/lcthw/hashmap.c:Hashmap_get_node:205: TRY: 25
DEBUG: src/lcthw/hashmap.c:Hashmap_get_node:205: TRY: 26
DEBUG: src/lcthw/hashmap.c:Hashmap_get_node:205: TRY: 27
DEBUG: src/lcthw/hashmap.c:Hashmap_get_node:205: TRY: 28
DEBUG: src/lcthw/hashmap.c:Hashmap_get_node:205: TRY: 29
DEBUG: src/lcthw/hashmap.c:Hashmap_get_node:205: TRY: 30
DEBUG: src/lcthw/hashmap.c:Hashmap_get_node:205: TRY: 31
DEBUG: src/lcthw/hashmap.c:Hashmap_get_node:205: TRY: 32
DEBUG: src/lcthw/hashmap.c:Hashmap_get_node:205: TRY: 33
DEBUG: src/lcthw/hashmap.c:Hashmap_get_node:205: TRY: 34
DEBUG: src/lcthw/hashmap.c:Hashmap_get_node:205: TRY: 35
DEBUG: src/lcthw/hashmap.c:Hashmap_get_node:205: TRY: 36
DEBUG: src/lcthw/hashmap.c:Hashmap_get_node:205: TRY: 37
DEBUG: src/lcthw/hashmap.c:Hashmap_get_node:205: TRY: 38
DEBUG: src/lcthw/hashmap.c:Hashmap_get_node:205: TRY: 39
DEBUG: src/lcthw/hashmap.c:Hashmap_get_node:205: TRY: 40
DEBUG: src/lcthw/hashmap.c:Hashmap_get_node:205: TRY: 41
DEBUG: src/lcthw/hashmap.c:Hashmap_get_node:205: TRY: 42
DEBUG: src/lcthw/hashmap.c:Hashmap_get_node:205: TRY: 43
DEBUG: src/lcthw/hashmap.c:Hashmap_get_node:205: TRY: 44
DEBUG: src/lcthw/hashmap.c:Hashmap_get_node:205: TRY: 45
DEBUG: src/lcthw/hashmap.c:Hashmap_get_node:205: TRY: 46
DEBUG: src/lcthw/hashmap.c:Hashmap_get_node:205: TRY: 47
DEBUG: src/lcthw/hashmap.c:Hashmap_get_node:205: TRY: 48
DEBUG: src/lcthw/hashmap.c:Hashmap_get_node:205: TRY: 49
DEBUG: src/lcthw/hashmap.c:Hashmap_get_node:205: TRY: 50
DEBUG: src/lcthw/hashmap.c:Hashmap_get_node:205: TRY: 51
DEBUG: src/lcthw/hashmap.c:Hashmap_get_node:205: TRY: 52
DEBUG: src/lcthw/hashmap.c:Hashmap_get_node:205: TRY: 53
DEBUG: src/lcthw/hashmap.c:Hashmap_get_node:205: TRY: 54
DEBUG: src/lcthw/hashmap.c:Hashmap_get_node:205: TRY: 55
DEBUG: src/lcthw/hashmap.c:Hashmap_get_node:205: TRY: 56
DEBUG: src/lcthw/hashmap.c:Hashmap_get_node:205: TRY: 57
DEBUG: src/lcthw/hashmap.c:Hashmap_get_node:205: TRY: 0
DEBUG: src/lcthw/hashmap.c:Hashmap_get_node:205: TRY: 1
DEBUG: src/lcthw/hashmap.c:Hashmap_get_node:205: TRY: 2
DEBUG: src/lcthw/hashmap.c:Hashmap_get_node:205: TRY: 3
DEBUG: src/lcthw/hashmap.c:Hashmap_get_node:205: TRY: 4
DEBUG: src/lcthw/hashmap.c:Hashmap_get_node:205: TRY: 5
DEBUG: src/lcthw/hashmap.c:Hashmap_get_node:205: TRY: 6
DEBUG: src/lcthw/hashmap.c:Hashmap_get_node:205: TRY: 7
DEBUG: src/lcthw/hashmap.c:Hashmap_get_node:205: TRY: 8
DEBUG: src/lcthw/hashmap.c:Hashmap_get_node:205: TRY: 9
DEBUG: src/lcthw/hashmap.c:Hashmap_get_node:205: TRY: 10
DEBUG: src/lcthw/hashmap.c:Hashmap_get_node:205: TRY: 11
DEBUG: src/lcthw/hashmap.c:Hashmap_get_node:205: TRY: 12
DEBUG: src/lcthw/hashmap.c:Hashmap_get_node:205: TRY: 13
DEBUG: src/lcthw/hashmap.c:Hashmap_get_node:205: TRY: 14
DEBUG: src/lcthw/hashmap.c:Hashmap_get_node:205: TRY: 15
DEBUG: src/lcthw/hashmap.c:Hashmap_get_node:205: TRY: 16
DEBUG: src/lcthw/hashmap.c:Hashmap_get_node:205: TRY: 17
DEBUG: src/lcthw/hashmap.c:Hashmap_get_node:205: TRY: 18
DEBUG: src/lcthw/hashmap.c:Hashmap_get_node:205: TRY: 19
DEBUG: src/lcthw/hashmap.c:Hashmap_get_node:205: TRY: 20
DEBUG: src/lcthw/hashmap.c:Hashmap_get_node:205: TRY: 21
DEBUG: src/lcthw/hashmap.c:Hashmap_get_node:205: TRY: 22
DEBUG: src/lcthw/hashmap.c:Hashmap_get_node:205: TRY: 23
DEBUG: src/lcthw/hashmap.c:Hashmap_get_node:205: TRY: 24
DEBUG: src/lcthw/hashmap.c:Hashmap_get_node:205: TRY: 25
DEBUG: src/lcthw/hashmap.c:Hashmap_get_node:205: TRY: 26
DEBUG: src/lcthw/hashmap.c:Hashmap_get_node:205: TRY: 27
DEBUG: src/lcthw/hashmap.c:Hashmap_get_node:205: TRY: 28
DEBUG: src/lcthw/hashmap.c:Hashmap_get_node:205: TRY: 29
DEBUG: src/lcthw/hashmap.c:Hashmap_get_node:205: TRY: 30
DEBUG: src/lcthw/hashmap.c:Hashmap_get_node:205: TRY: 31
DEBUG: src/lcthw/hashmap.c:Hashmap_get_node:205: TRY: 32
DEBUG: src/lcthw/hashmap.c:Hashmap_get_node:205: TRY: 33
DEBUG: src/lcthw/hashmap.c:Hashmap_get_node:205: TRY: 34
DEBUG: src/lcthw/hashmap.c:Hashmap_get_node:205: TRY: 35
DEBUG: src/lcthw/hashmap.c:Hashmap_get_node:205: TRY: 36
DEBUG: src/lcthw/hashmap.c:Hashmap_get_node:205: TRY: 37
DEBUG: src/lcthw/hashmap.c:Hashmap_get_node:205: TRY: 38
DEBUG: src/lcthw/hashmap.c:Hashmap_get_node:205: TRY: 39
DEBUG: src/lcthw/hashmap.c:Hashmap_get_node:205: TRY: 40
DEBUG: src/lcthw/hashmap.c:Hashmap_get_node:205: TRY: 41
DEBUG: src/lcthw/hashmap.c:Hashmap_get_node:205: TRY: 42
DEBUG: src/lcthw/hashmap.c:Hashmap_get_node:205: TRY: 43
DEBUG: src/lcthw/hashmap.c:Hashmap_get_node:205: TRY: 44
DEBUG: src/lcthw/hashmap.c:Hashmap_get_node:205: TRY: 45
DEBUG: src/lcthw/hashmap.c:Hashmap_get_node:205: TRY: 46
DEBUG: src/lcthw/hashmap.c:Hashmap_get_node:205: TRY: 47
DEBUG: src/lcthw/hashmap.c:Hashmap_get_node:205: TRY: 48
DEBUG: src/lcthw/hashmap.c:Hashmap_get_node:205: TRY: 49
DEBUG: src/lcthw/hashmap.c:Hashmap_get_node:205: TRY: 50
DEBUG: src/lcthw/hashmap.c:Hashmap_get_node:205: TRY: 51
DEBUG: src/lcthw/hashmap.c:Hashmap_get_node:205: TRY: 52
DEBUG: src/lcthw/hashmap.c:Hashmap_get_node:205: TRY: 53
DEBUG: src/lcthw/hashmap.c:Hashmap_get_node:205: TRY: 54
DEBUG: src/lcthw/hashmap.c:Hashmap_get_node:205: TRY: 55
DEBUG: src/lcthw/hashmap.c:Hashmap_get_node:205: TRY: 56
DEBUG: src/lcthw/hashmap.c:Hashmap_get_node:205: TRY: 57
DEBUG: src/lcthw/hashmap.c:Hashmap_get_node:205: TRY: 0
DEBUG: src/lcthw/hashmap.c:Hashmap_get_node:205: TRY: 1
DEBUG: src/lcthw/hashmap.c:Hashmap_get_node:205: TRY: 2
DEBUG: src/lcthw/hashmap.c:Hashmap_get_node:205: TRY: 3
DEBUG: src/lcthw/hashmap.c:Hashmap_get_node:205: TRY: 4
DEBUG: src/lcthw/hashmap.c:Hashmap_get_node:205: TRY: 5
DEBUG: src/lcthw/hashmap.c:Hashmap_get_node:205: TRY: 6
DEBUG: src/lcthw/hashmap.c:Hashmap_get_node:205: TRY: 7
DEBUG: src/lcthw/hashmap.c:Hashmap_get_node:205: TRY: 8
DEBUG: src/lcthw/hashmap.c:Hashmap_get_node:205: TRY: 9
DEBUG: src/lcthw/hashmap.c:Hashmap_get_node:205: TRY: 10
DEBUG: src/lcthw/hashmap.c:Hashmap_get_node:205: TRY: 11
DEBUG: src/lcthw/hashmap.c:Hashmap_get_node:205: TRY: 12
DEBUG: src/lcthw/hashmap.c:Hashmap_get_node:205: TRY: 13
DEBUG: src/lcthw/hashmap.c:Hashmap_get_node:205: TRY: 14
DEBUG: src/lcthw/hashmap.c:Hashmap_get_node:205: TRY: 15
DEBUG: src/lcthw/hashmap.c:Hashmap_get_node:205: TRY: 16
DEBUG: src/lcthw/hashmap.c:Hashmap_get_node:205: TRY: 17
DEBUG: src/lcthw/hashmap.c:Hashmap_get_node:205: TRY: 18
DEBUG: src/lcthw/hashmap.c:Hashmap_get_node:205: TRY: 19
DEBUG: src/lcthw/hashmap.c:Hashmap_get_node:205: TRY: 20
DEBUG: src/lcthw/hashmap.c:Hashmap_get_node:205: TRY: 21
DEBUG: src/lcthw/hashmap.c:Hashmap_get_node:205: TRY: 22
DEBUG: src/lcthw/hashmap.c:Hashmap_get_node:205: TRY: 23
DEBUG: src/lcthw/hashmap.c:Hashmap_get_node:205: TRY: 24
DEBUG: src/lcthw/hashmap.c:Hashmap_get_node:205: TRY: 25
DEBUG: src/lcthw/hashmap.c:Hashmap_get_node:205: TRY: 26
DEBUG: src/lcthw/hashmap.c:Hashmap_get_node:205: TRY: 27
DEBUG: src/lcthw/hashmap.c:Hashmap_get_node:205: TRY: 28
DEBUG: src/lcthw/hashmap.c:Hashmap_get_node:205: TRY: 29
DEBUG: src/lcthw/hashmap.c:Hashmap_get_node:205: TRY: 30
DEBUG: src/lcthw/hashmap.c:Hashmap_get_node:205: TRY: 31
DEBUG: src/lcthw/hashmap.c:Hashmap_get_node:205: TRY: 32
DEBUG: src/lcthw/hashmap.c:Hashmap_get_node:205: TRY: 33
DEBUG: src/lcthw/hashmap.c:Hashmap_get_node:205: TRY: 34
DEBUG: src/lcthw/hashmap.c:Hashmap_get_node:205: TRY: 35
DEBUG: src/lcthw/hashmap.c:Hashmap_get_node:205: TRY: 36
DEBUG: src/lcthw/hashmap.c:Hashmap_get_node:205: TRY: 37
DEBUG: src/lcthw/hashmap.c:Hashmap_get_node:205: TRY: 38
DEBUG: src/lcthw/hashmap.c:Hashmap_get_node:205: TRY: 39
DEBUG: src/lcthw/hashmap.c:Hashmap_get_node:205: TRY: 40
DEBUG: src/lcthw/hashmap.c:Hashmap_get_node:205: TRY: 41
DEBUG: src/lcthw/hashmap.c:Hashmap_get_node:205: TRY: 42
DEBUG: src/lcthw/hashmap.c:Hashmap_get_node:205: TRY: 43
DEBUG: src/lcthw/hashmap.c:Hashmap_get_node:205: TRY: 44
DEBUG: src/lcthw/hashmap.c:Hashmap_get_node:205: TRY: 45
DEBUG: src/lcthw/hashmap.c:Hashmap_get_node:205: TRY: 46
DEBUG: src/lcthw/hashmap.c:Hashmap_get_node:205: TRY: 47
DEBUG: src/lcthw/hashmap.c:Hashmap_get_node:205: TRY: 0
DEBUG: src/lcthw/hashmap.c:Hashmap_get_node:205: TRY: 1
DEBUG: src/lcthw/hashmap.c:Hashmap_get_node:205: TRY: 2
DEBUG: src/lcthw/hashmap.c:Hashmap_get_node:205: TRY: 3
DEBUG: src/lcthw/hashmap.c:Hashmap_get_node:205: TRY: 4
DEBUG: src/lcthw/hashmap.c:Hashmap_get_node:205: TRY: 5
DEBUG: src/lcthw/hashmap.c:Hashmap_get_node:205: TRY: 6
DEBUG: src/lcthw/hashmap.c:Hashmap_get_node:205: TRY: 7
DEBUG: src/lcthw/hashmap.c:Hashmap_get_node:205: TRY: 8
DEBUG: src/lcthw/hashmap.c:Hashmap_get_node:205: TRY: 9
DEBUG: src/lcthw/hashmap.c:Hashmap_get_node:205: TRY: 10
DEBUG: src/lcthw/hashmap.c:Hashmap_get_node:205: TRY: 11
DEBUG: src/lcthw/hashmap.c:Hashmap_get_node:205: TRY: 12
DEBUG: src/lcthw/hashmap.c:Hashmap_get_node:205: TRY: 13
DEBUG: src/lcthw/hashmap.c:Hashmap_get_node:205: TRY: 14
DEBUG: src/lcthw/hashmap.c:Hashmap_get_node:205: TRY: 15
DEBUG: src/lcthw/hashmap.c:Hashmap_get_node:205: TRY: 16
DEBUG: src/lcthw/hashmap.c:Hashmap_get_node:205: TRY: 17
DEBUG: src/lcthw/hashmap.c:Hashmap_get_node:205: TRY: 18
DEBUG: src/lcthw/hashmap.c:Hashmap_get_node:205: TRY: 19
DEBUG: src/lcthw/hashmap.c:Hashmap_get_node:205: TRY: 20
DEBUG: src/lcthw/hashmap.c:Hashmap_get_node:205: TRY: 21
DEBUG: src/lcthw/hashmap.c:Hashmap_get_node:205: TRY: 22
DEBUG: src/lcthw/hashmap.c:Hashmap_get_node:205: TRY: 23
DEBUG: src/lcthw/hashmap.c:Hashmap_get_node:205: TRY: 24
DEBUG: src/lcthw/hashmap.c:Hashmap_get_node:205: TRY: 25
DEBUG: src/lcthw/hashmap.c:Hashmap_get_node:205: TRY: 26
DEBUG: src/lcthw/hashmap.c:Hashmap_get_node:205: TRY: 27
DEBUG: src/lcthw/hashmap.c:Hashmap_get_node:205: TRY: 28
DEBUG: src/lcthw/hashmap.c:Hashmap_get_node:205: TRY: 29
DEBUG: src/lcthw/hashmap.c:Hashmap_get_node:205: TRY: 30
DEBUG: src/lcthw/hashmap.c:Hashmap_get_node:205: TRY: 31
DEBUG: src/lcthw/hashmap.c:Hashmap_get_node:205: TRY: 32
DEBUG: src/lcthw/hashmap.c:Hashmap_get_node:205: TRY: 33
DEBUG: src/lcthw/hashmap.c:Hashmap_get_node:205: TRY: 34
DEBUG: src/lcthw/hashmap.c:Hashmap_get_node:205: TRY: 35
DEBUG: src/lcthw/hashmap.c:Hashmap_get_node:205: TRY: 36
DEBUG: src/lcthw/hashmap.c:Hashmap_get_node:205: TRY: 37
DEBUG: src/lcthw/hashmap.c:Hashmap_get_node:205: TRY: 38
DEBUG: src/lcthw/hashmap.c:Hashmap_get_node:205: TRY: 39
DEBUG: src/lcthw/hashmap.c:Hashmap_get_node:205: TRY: 40
DEBUG: src/lcthw/hashmap.c:Hashmap_get_node:205: TRY: 41
DEBUG: src/lcthw/hashmap.c:Hashmap_get_node:205: TRY: 42
DEBUG: src/lcthw/hashmap.c:Hashmap_get_node:205: TRY: 43
DEBUG: src/lcthw/hashmap.c:Hashmap_get_node:205: TRY: 44
DEBUG: src/lcthw/hashmap.c:Hashmap_get_node:205: TRY: 45
DEBUG: src/lcthw/hashmap.c:Hashmap_get_node:205: TRY: 46
DEBUG: src/lcthw/hashmap.c:Hashmap_get_node:205: TRY: 47
DEBUG: src/lcthw/hashmap.c:Hashmap_get_node:205: TRY: 0
DEBUG: src/lcthw/hashmap.c:Hashmap_get_node:205: TRY: 1
DEBUG: src/lcthw/hashmap.c:Hashmap_get_node:205: TRY: 2
DEBUG: src/lcthw/hashmap.c:Hashmap_get_node:205: TRY: 3
DEBUG: src/lcthw/hashmap.c:Hashmap_get_node:205: TRY: 4
DEBUG: src/lcthw/hashmap.c:Hashmap_get_node:205: TRY: 5
DEBUG: src/lcthw/hashmap.c:Hashmap_get_node:205: TRY: 6
DEBUG: src/lcthw/hashmap.c:Hashmap_get_node:205: TRY: 7
DEBUG: src/lcthw/hashmap.c:Hashmap_get_node:205: TRY: 8
DEBUG: src/lcthw/hashmap.c:Hashmap_get_node:205: TRY: 9
DEBUG: src/lcthw/hashmap.c:Hashmap_get_node:205: TRY: 10
DEBUG: src/lcthw/hashmap.c:Hashmap_get_node:205: TRY: 11
DEBUG: src/lcthw/hashmap.c:Hashmap_get_node:205: TRY: 12
DEBUG: src/lcthw/hashmap.c:Hashmap_get_node:205: TRY: 13
DEBUG: src/lcthw/hashmap.c:Hashmap_get_node:205: TRY: 14
DEBUG: src/lcthw/hashmap.c:Hashmap_get_node:205: TRY: 15
DEBUG: src/lcthw/hashmap.c:Hashmap_get_node:205: TRY: 16
DEBUG: src/lcthw/hashmap.c:Hashmap_get_node:205: TRY: 17
DEBUG: src/lcthw/hashmap.c:Hashmap_get_node:205: TRY: 18
DEBUG: src/lcthw/hashmap.c:Hashmap_get_node:205: TRY: 19
DEBUG: src/lcthw/hashmap.c:Hashmap_get_node:205: TRY: 20
DEBUG: src/lcthw/hashmap.c:Hashmap_get_node:205: TRY: 21
DEBUG: src/lcthw/hashmap.c:Hashmap_get_node:205: TRY: 22
DEBUG: src/lcthw/hashmap.c:Hashmap_get_node:205: TRY: 23
DEBUG: src/lcthw/hashmap.c:Hashmap_get_node:205: TRY: 24
DEBUG: src/lcthw/hashmap.c:Hashmap_get_node:205: TRY: 25
DEBUG: src/lcthw/hashmap.c:Hashmap_get_node:205: TRY: 26
DEBUG: src/lcthw/hashmap.c:Hashmap_get_node:205: TRY: 27
DEBUG: src/lcthw/hashmap.c:Hashmap_get_node:205: TRY: 28
DEBUG: src/lcthw/hashmap.c:Hashmap_get_node:205: TRY: 29
DEBUG: src/lcthw/hashmap.c:Hashmap_get_node:205: TRY: 30
DEBUG: src/lcthw/hashmap.c:Hashmap_get_node:205: TRY: 31
DEBUG: src/lcthw/hashmap.c:Hashmap_get_node:205: TRY: 32
DEBUG: src/lcthw/hashmap.c:Hashmap_get_node:205: TRY: 33
DEBUG: src/lcthw/hashmap.c:Hashmap_get_node:205: TRY: 34
DEBUG: src/lcthw/hashmap.c:Hashmap_get_node:205: TRY: 35
DEBUG: src/lcthw/hashmap.c:Hashmap_get_node:205: TRY: 36
DEBUG: src/lcthw/hashmap.c:Hashmap_get_node:205: TRY: 37
DEBUG: src/lcthw/hashmap.c:Hashmap_get_node:205: TRY: 38
DEBUG: src/lcthw/hashmap.c:Hashmap_get_node:205: TRY: 39
DEBUG: src/lcthw/hashmap.c:Hashmap_get_node:205: TRY: 40
DEBUG: src/lcthw/hashmap.c:Hashmap_get_node:205: TRY: 41
DEBUG: src/lcthw/hashmap.c:Hashmap_get_node:205: TRY: 42
DEBUG: src/lcthw/hashmap.c:Hashmap_get_node:205: TRY: 43
DEBUG: src/lcthw/hashmap.c:Hashmap_get_node:205: TRY: 44
DEBUG: src/lcthw/hashmap.c:Hashmap_get_node:205: TRY: 45
DEBUG: src/lcthw/hashmap.c:Hashmap_get_node:205: TRY: 46
DEBUG: src/lcthw/hashmap.c:Hashmap_get_node:205: TRY: 47
DEBUG: src/lcthw/hashmap.c:Hashmap_get_node:205: TRY: 48
DEBUG: src/lcthw/hashmap.c:Hashmap_get_node:205: TRY: 0
DEBUG: src/lcthw/hashmap.c:Hashmap_get_node:205: TRY: 1
DEBUG: src/lcthw/hashmap.c:Hashmap_get_node:205: TRY: 2
DEBUG: src/lcthw/hashmap.c:Hashmap_get_node:205: TRY: 3
DEBUG: src/lcthw/hashmap.c:Hashmap_get_node:205: TRY: 4
DEBUG: src/lcthw/hashmap.c:Hashmap_get_node:205: TRY: 5
DEBUG: src/lcthw/hashmap.c:Hashmap_get_node:205: TRY: 6
DEBUG: src/lcthw/hashmap.c:Hashmap_get_node:205: TRY: 7
DEBUG: src/lcthw/hashmap.c:Hashmap_get_node:205: TRY: 8
DEBUG: src/lcthw/hashmap.c:Hashmap_get_node:205: TRY: 9
DEBUG: src/lcthw/hashmap.c:Hashmap_get_node:205: TRY: 10
DEBUG: src/lcthw/hashmap.c:Hashmap_get_node:205: TRY: 11
DEBUG: src/lcthw/hashmap.c:Hashmap_get_node:205: TRY: 12
DEBUG: src/lcthw/hashmap.c:Hashmap_get_node:205: TRY: 13
DEBUG: src/lcthw/hashmap.c:Hashmap_get_node:205: TRY: 14
DEBUG: src/lcthw/hashmap.c:Hashmap_get_node:205: TRY: 15
DEBUG: src/lcthw/hashmap.c:Hashmap_get_node:205: TRY: 16
DEBUG: src/lcthw/hashmap.c:Hashmap_get_node:205: TRY: 17
DEBUG: src/lcthw/hashmap.c:Hashmap_get_node:205: TRY: 18
DEBUG: src/lcthw/hashmap.c:Hashmap_get_node:205: TRY: 19
DEBUG: src/lcthw/hashmap.c:Hashmap_get_node:205: TRY: 20
DEBUG: src/lcthw/hashmap.c:Hashmap_get_node:205: TRY: 21
DEBUG: src/lcthw/hashmap.c:Hashmap_get_node:205: TRY: 22
DEBUG: src/lcthw/hashmap.c:Hashmap_get_node:205: TRY: 23
DEBUG: src/lcthw/hashmap.c:Hashmap_get_node:205: TRY: 24
DEBUG: src/lcthw/hashmap.c:Hashmap_get_node:205: TRY: 25
DEBUG: src/lcthw/hashmap.c:Hashmap_get_node:205: TRY: 26
DEBUG: src/lcthw/hashmap.c:Hashmap_get_node:205: TRY: 27
DEBUG: src/lcthw/hashmap.c:Hashmap_get_node:205: TRY: 28
DEBUG: src/lcthw/hashmap.c:Hashmap_get_node:205: TRY: 29
DEBUG: src/lcthw/hashmap.c:Hashmap_get_node:205: TRY: 30
DEBUG: src/lcthw/hashmap.c:Hashmap_get_node:205: TRY: 31
DEBUG: src/lcthw/hashmap.c:Hashmap_get_node:205: TRY: 32
DEBUG: src/lcthw/hashmap.c:Hashmap_get_node:205: TRY: 33
DEBUG: src/lcthw/hashmap.c:Hashmap_get_node:205: TRY: 34
DEBUG: src/lcthw/hashmap.c:Hashmap_get_node:205: TRY: 35
DEBUG: src/lcthw/hashmap.c:Hashmap_get_node:205: TRY: 36
DEBUG: src/lcthw/hashmap.c:Hashmap_get_node:205: TRY: 37
DEBUG: src/lcthw/hashmap.c:Hashmap_get_node:205: TRY: 38
DEBUG: src/lcthw/hashmap.c:Hashmap_get_node:205: TRY: 39
DEBUG: src/lcthw/hashmap.c:Hashmap_get_node:205: TRY: 40
DEBUG: src/lcthw/hashmap.c:Hashmap_get_node:205: TRY: 41
DEBUG: src/lcthw/hashmap.c:Hashmap_get_node:205: TRY: 42
DEBUG: src/lcthw/hashmap.c:Hashmap_get_node:205: TRY: 43
DEBUG: src/lcthw/hashmap.c:Hashmap_get_node:205: TRY: 44
DEBUG: src/lcthw/hashmap.c:Hashmap_get_node:205: TRY: 45
DEBUG: src/lcthw/hashmap.c:Hashmap_get_node:205: TRY: 46
DEBUG: src/lcthw/hashmap.c:Hashmap_get_node:205: TRY: 47
DEBUG: src/lcthw/hashmap.c:Hashmap_get_node:205: TRY: 48
DEBUG: src/lcthw/hashmap.c:Hashmap_get_node:205: TRY: 49
DEBUG: src/lcthw/hashmap.c:Hashmap_get_node:205: TRY: 50
DEBUG: src/lcthw/hashmap.c:Hashmap_get_node:205: TRY: 51
DEBUG: src/lcthw/hashmap.c:Hashmap_get_node:205: TRY: 52
DEBUG: src/lcthw/hashmap.c:Hashmap_get_node:205: TRY: 0
DEBUG: src/lcthw/hashmap.c:Hashmap_get_node:205: TRY: 1
DEBUG: src/lcthw/hashmap.c:Hashmap_get_node:205: TRY: 2
DEBUG: src/lcthw/hashmap.c:Hashmap_get_node:205: TRY: 3
DEBUG: src/lcthw/hashmap.c:Hashmap_get_node:205: TRY: 4
DEBUG: src/lcthw/hashmap.c:Hashmap_get_node:205: TRY: 5
DEBUG: src/lcthw/hashmap.c:Hashmap_get_node:205: TRY: 6
DEBUG: src/lcthw/hashmap.c:Hashmap_get_node:205: TRY: 7
DEBUG: src/lcthw/hashmap.c:Hashmap_get_node:205: TRY: 8
DEBUG: src/lcthw/hashmap.c:Hashmap_get_node:205: TRY: 9
DEBUG: src/lcthw/hashmap.c:Hashmap_get_node:205: TRY: 10
DEBUG: src/lcthw/hashmap.c:Hashmap_get_node:205: TRY: 11
DEBUG: src/lcthw/hashmap.c:Hashmap_get_node:205: TRY: 12
DEBUG: src/lcthw/hashmap.c:Hashmap_get_node:205: TRY: 13
DEBUG: src/lcthw/hashmap.c:Hashmap_get_node:205: TRY: 14
DEBUG: src/lcthw/hashmap.c:Hashmap_get_node:205: TRY: 15
DEBUG: src/lcthw/hashmap.c:Hashmap_get_node:205: TRY: 16
DEBUG: src/lcthw/hashmap.c:Hashmap_get_node:205: TRY: 17
DEBUG: src/lcthw/hashmap.c:Hashmap_get_node:205: TRY: 18
DEBUG: src/lcthw/hashmap.c:Hashmap_get_node:205: TRY: 19
DEBUG: src/lcthw/hashmap.c:Hashmap_get_node:205: TRY: 20
DEBUG: src/lcthw/hashmap.c:Hashmap_get_node:205: TRY: 21
DEBUG: src/lcthw/hashmap.c:Hashmap_get_node:205: TRY: 22
DEBUG: src/lcthw/hashmap.c:Hashmap_get_node:205: TRY: 23
DEBUG: src/lcthw/hashmap.c:Hashmap_get_node:205: TRY: 24
DEBUG: src/lcthw/hashmap.c:Hashmap_get_node:205: TRY: 25
DEBUG: src/lcthw/hashmap.c:Hashmap_get_node:205: TRY: 26
DEBUG: src/lcthw/hashmap.c:Hashmap_get_node:205: TRY: 27
DEBUG: src/lcthw/hashmap.c:Hashmap_get_node:205: TRY: 28
DEBUG: src/lcthw/hashmap.c:Hashmap_get_node:205: TRY: 29
DEBUG: src/lcthw/hashmap.c:Hashmap_get_node:205: TRY: 30
DEBUG: src/lcthw/hashmap.c:Hashmap_get_node:205: TRY: 31
DEBUG: src/lcthw/hashmap.c:Hashmap_get_node:205: TRY: 32
DEBUG: src/lcthw/hashmap.c:Hashmap_get_node:205: TRY: 33
DEBUG: src/lcthw/hashmap.c:Hashmap_get_node:205: TRY: 34
DEBUG: src/lcthw/hashmap.c:Hashmap_get_node:205: TRY: 35
DEBUG: src/lcthw/hashmap.c:Hashmap_get_node:205: TRY: 36
DEBUG: src/lcthw/hashmap.c:Hashmap_get_node:205: TRY: 37
DEBUG: src/lcthw/hashmap.c:Hashmap_get_node:205: TRY: 38
DEBUG: src/lcthw/hashmap.c:Hashmap_get_node:205: TRY: 39
DEBUG: src/lcthw/hashmap.c:Hashmap_get_node:205: TRY: 40
DEBUG: src/lcthw/hashmap.c:Hashmap_get_node:205: TRY: 41
DEBUG: src/lcthw/hashmap.c:Hashmap_get_node:205: TRY: 42
DEBUG: src/lcthw/hashmap.c:Hashmap_get_node:205: TRY: 43
DEBUG: src/lcthw/hashmap.c:Hashmap_get_node:205: TRY: 44
DEBUG: src/lcthw/hashmap.c:Hashmap_get_node:205: TRY: 45
DEBUG: src/lcthw/hashmap.c:Hashmap_get_node:205: TRY: 46
DEBUG: src/lcthw/hashmap.c:Hashmap_get_node:205: TRY: 47
DEBUG: src/lcthw/hashmap.c:Hashmap_get_node:205: TRY: 48
DEBUG: src/lcthw/hashmap.c:Hashmap_get_node:205: TRY: 49
DEBUG: src/lcthw/hashmap.c:Hashmap_get_node:205: TRY: 50
DEBUG: src/lcthw/hashmap.c:Hashmap_get_node:205: TRY: 51
DEBUG: src/lcthw/hashmap.c:Hashmap_get_node:205: TRY: 52
DEBUG: src/lcthw/hashmap.c:Hashmap_get_node:205: TRY: 53
DEBUG: src/lcthw/hashmap.c:Hashmap_get_node:205: TRY: 54
DEBUG: src/lcthw/hashmap.c:Hashmap_get_node:205: TRY: 55
DEBUG: src/lcthw/hashmap.c:Hashmap_get_node:205: TRY: 56
DEBUG: src/lcthw/hashmap.c:Hashmap_get_node:205: TRY: 57
DEBUG: src/lcthw/hashmap.c:Hashmap_get_node:205: TRY: 58
DEBUG: src/lcthw/hashmap.c:Hashmap_get_node:205: TRY: 59
DEBUG: src/lcthw/hashmap.c:Hashmap_get_node:205: TRY: 60
DEBUG: src/lcthw/hashmap.c:Hashmap_get_node:205: TRY: 61
DEBUG: src/lcthw/hashmap.c:Hashmap_get_node:205: TRY: 62
DEBUG: src/lcthw/hashmap.c:Hashmap_get_node:205: TRY: 63
DEBUG: src/lcthw/hashmap.c:Hashmap_get_node:205: TRY: 64
DEBUG: src/lcthw/hashmap.c:Hashmap_get_node:205: TRY: 65
DEBUG: src/lcthw/hashmap.c:Hashmap_get_node:205: TRY: 66
DEBUG: src/lcthw/hashmap.c:Hashmap_get_node:205: TRY: 67
DEBUG: src/lcthw/hashmap.c:Hashmap_get_node:205: TRY: 68
DEBUG: src/lcthw/hashmap.c:Hashmap_get_node:205: TRY: 69
DEBUG: src/lcthw/hashmap.c:Hashmap_get_node:205: TRY: 70
DEBUG: src/lcthw/hashmap.c:Hashmap_get_node:205: TRY: 71
DEBUG: src/lcthw/hashmap.c:Hashmap_get_node:205: TRY: 72
DEBUG: src/lcthw/hashmap.c:Hashmap_get_node:205: TRY: 73
DEBUG: src/lcthw/hashmap.c:Hashmap_get_node:205: TRY: 74
DEBUG: src/lcthw/hashmap.c:Hashmap_get_node:205: TRY: 75
DEBUG: src/lcthw/hashmap.c:Hashmap_get_node:205: TRY: 76
DEBUG: src/lcthw/hashmap.c:Hashmap_get_node:205: TRY: 77
DEBUG: src/lcthw/hashmap.c:Hashmap_get_node:205: TRY: 78
DEBUG: src/lcthw/hashmap.c:Hashmap_get_node:205: TRY: 79
DEBUG: src/lcthw/hashmap.c:Hashmap_get_node:205: TRY: 80
DEBUG: src/lcthw/hashmap.c:Hashmap_get_node:205: TRY: 81
DEBUG: src/lcthw/hashmap.c:Hashmap_get_node:205: TRY: 82
DEBUG: src/lcthw/hashmap.c:Hashmap_get_node:205: TRY: 83
DEBUG: src/lcthw/hashmap.c:Hashmap_get_node:205: TRY: 0
DEBUG: src/lcthw/hashmap.c:Hashmap_get_node:205: TRY: 1
DEBUG: src/lcthw/hashmap.c:Hashmap_get_node:205: TRY: 2
DEBUG: src/lcthw/hashmap.c:Hashmap_get_node:205: TRY: 3
DEBUG: src/lcthw/hashmap.c:Hashmap_get_node:205: TRY: 4
DEBUG: src/lcthw/hashmap.c:Hashmap_get_node:205: TRY: 5
DEBUG: src/lcthw/hashmap.c:Hashmap_get_node:205: TRY: 6
DEBUG: src/lcthw/hashmap.c:Hashmap_get_node:205: TRY: 7
DEBUG: src/lcthw/hashmap.c:Hashmap_get_node:205: TRY: 8
DEBUG: src/lcthw/hashmap.c:Hashmap_get_node:205: TRY: 9
DEBUG: src/lcthw/hashmap.c:Hashmap_get_node:205: TRY: 10
DEBUG: src/lcthw/hashmap.c:Hashmap_get_node:205: TRY: 11
DEBUG: src/lcthw/hashmap.c:Hashmap_get_node:205: TRY: 12
DEBUG: src/lcthw/hashmap.c:Hashmap_get_node:205: TRY: 13
DEBUG: src/lcthw/hashmap.c:Hashmap_get_node:205: TRY: 14
DEBUG: src/lcthw/hashmap.c:Hashmap_get_node:205: TRY: 15
DEBUG: src/lcthw/hashmap.c:Hashmap_get_node:205: TRY: 16
DEBUG: src/lcthw/hashmap.c:Hashmap_get_node:205: TRY: 17
DEBUG: src/lcthw/hashmap.c:Hashmap_get_node:205: TRY: 18
DEBUG: src/lcthw/hashmap.c:Hashmap_get_node:205: TRY: 19
DEBUG: src/lcthw/hashmap.c:Hashmap_get_node:205: TRY: 20
DEBUG: src/lcthw/hashmap.c:Hashmap_get_node:205: TRY: 21
DEBUG: src/lcthw/hashmap.c:Hashmap_get_node:205: TRY: 22
DEBUG: src/lcthw/hashmap.c:Hashmap_get_node:205: TRY: 23
DEBUG: src/lcthw/hashmap.c:Hashmap_get_node:205: TRY: 24
DEBUG: src/lcthw/hashmap.c:Hashmap_get_node:205: TRY: 25
DEBUG: src/lcthw/hashmap.c:Hashmap_get_node:205: TRY: 26
DEBUG: src/lcthw/hashmap.c:Hashmap_get_node:205: TRY: 27
DEBUG: src/lcthw/hashmap.c:Hashmap_get_node:205: TRY: 28
DEBUG: src/lcthw/hashmap.c:Hashmap_get_node:205: TRY: 29
DEBUG: src/lcthw/hashmap.c:Hashmap_get_node:205: TRY: 30
DEBUG: src/lcthw/hashmap.c:Hashmap_get_node:205: TRY: 31
DEBUG: src/lcthw/hashmap.c:Hashmap_get_node:205: TRY: 32
DEBUG: src/lcthw/hashmap.c:Hashmap_get_node:205: TRY: 33
DEBUG: src/lcthw/hashmap.c:Hashmap_get_node:205: TRY: 34
DEBUG: src/lcthw/hashmap.c:Hashmap_get_node:205: TRY: 35
DEBUG: src/lcthw/hashmap.c:Hashmap_get_node:205: TRY: 36
DEBUG: src/lcthw/hashmap.c:Hashmap_get_node:205: TRY: 37
DEBUG: src/lcthw/hashmap.c:Hashmap_get_node:205: TRY: 38
DEBUG: src/lcthw/hashmap.c:Hashmap_get_node:205: TRY: 39
DEBUG: src/lcthw/hashmap.c:Hashmap_get_node:205: TRY: 40
DEBUG: src/lcthw/hashmap.c:Hashmap_get_node:205: TRY: 41
DEBUG: src/lcthw/hashmap.c:Hashmap_get_node:205: TRY: 42
DEBUG: src/lcthw/hashmap.c:Hashmap_get_node:205: TRY: 43
DEBUG: src/lcthw/hashmap.c:Hashmap_get_node:205: TRY: 44
DEBUG: src/lcthw/hashmap.c:Hashmap_get_node:205: TRY: 45
DEBUG: src/lcthw/hashmap.c:Hashmap_get_node:205: TRY: 46
DEBUG: src/lcthw/hashmap.c:Hashmap_get_node:205: TRY: 47
DEBUG: src/lcthw/hashmap.c:Hashmap_get_node:205: TRY: 48
DEBUG: src/lcthw/hashmap.c:Hashmap_get_node:205: TRY: 49
DEBUG: src/lcthw/hashmap.c:Hashmap_get_node:205: TRY: 50
DEBUG: src/lcthw/hashmap.c:Hashmap_get_node:205: TRY: 51
DEBUG: src/lcthw/hashmap.c:Hashmap_get_node:205: TRY: 52
DEBUG: src/lcthw/hashmap.c:Hashmap_get_node:205: TRY: 53
DEBUG: src/lcthw/hashmap.c:Hashmap_get_node:205: TRY: 0
DEBUG: src/lcthw/hashmap.c:Hashmap_get_node:205: TRY: 1
DEBUG: src/lcthw/hashmap.c:Hashmap_get_node:205: TRY: 2
DEBUG: src/lcthw/hashmap.c:Hashmap_get_node:205: TRY: 3
DEBUG: src/lcthw/hashmap.c:Hashmap_get_node:205: TRY: 4
DEBUG: src/lcthw/hashmap.c:Hashmap_get_node:205: TRY: 5
DEBUG: src/lcthw/hashmap.c:Hashmap_get_node:205: TRY: 6
DEBUG: src/lcthw/hashmap.c:Hashmap_get_node:205: TRY: 7
DEBUG: src/lcthw/hashmap.c:Hashmap_get_node:205: TRY: 8
DEBUG: src/lcthw/hashmap.c:Hashmap_get_node:205: TRY: 9
DEBUG: src/lcthw/hashmap.c:Hashmap_get_node:205: TRY: 10
DEBUG: src/lcthw/hashmap.c:Hashmap_get_node:205: TRY: 11
DEBUG: src/lcthw/hashmap.c:Hashmap_get_node:205: TRY: 12
DEBUG: src/lcthw/hashmap.c:Hashmap_get_node:205: TRY: 13
DEBUG: src/lcthw/hashmap.c:Hashmap_get_node:205: TRY: 14
DEBUG: src/lcthw/hashmap.c:Hashmap_get_node:205: TRY: 15
DEBUG: src/lcthw/hashmap.c:Hashmap_get_node:205: TRY: 16
DEBUG: src/lcthw/hashmap.c:Hashmap_get_node:205: TRY: 17
DEBUG: src/lcthw/hashmap.c:Hashmap_get_node:205: TRY: 18
DEBUG: src/lcthw/hashmap.c:Hashmap_get_node:205: TRY: 19
DEBUG: src/lcthw/hashmap.c:Hashmap_get_node:205: TRY: 20
DEBUG: src/lcthw/hashmap.c:Hashmap_get_node:205: TRY: 21
DEBUG: src/lcthw/hashmap.c:Hashmap_get_node:205: TRY: 22
DEBUG: src/lcthw/hashmap.c:Hashmap_get_node:205: TRY: 23
DEBUG: src/lcthw/hashmap.c:Hashmap_get_node:205: TRY: 24
DEBUG: src/lcthw/hashmap.c:Hashmap_get_node:205: TRY: 25
DEBUG: src/lcthw/hashmap.c:Hashmap_get_node:205: TRY: 26
DEBUG: src/lcthw/hashmap.c:Hashmap_get_node:205: TRY: 27
DEBUG: src/lcthw/hashmap.c:Hashmap_get_node:205: TRY: 28
DEBUG: src/lcthw/hashmap.c:Hashmap_get_node:205: TRY: 29
DEBUG: src/lcthw/hashmap.c:Hashmap_get_node:205: TRY: 30
DEBUG: src/lcthw/hashmap.c:Hashmap_get_node:205: TRY: 31
DEBUG: src/lcthw/hashmap.c:Hashmap_get_node:205: TRY: 32
DEBUG: src/lcthw/hashmap.c:Hashmap_get_node:205: TRY: 33
DEBUG: src/lcthw/hashmap.c:Hashmap_get_node:205: TRY: 34
DEBUG: src/lcthw/hashmap.c:Hashmap_get_node:205: TRY: 35
DEBUG: src/lcthw/hashmap.c:Hashmap_get_node:205: TRY: 36
DEBUG: src/lcthw/hashmap.c:Hashmap_get_node:205: TRY: 37
DEBUG: src/lcthw/hashmap.c:Hashmap_get_node:205: TRY: 38
DEBUG: src/lcthw/hashmap.c:Hashmap_get_node:205: TRY: 39
DEBUG: src/lcthw/hashmap.c:Hashmap_get_node:205: TRY: 40
DEBUG: src/lcthw/hashmap.c:Hashmap_get_node:205: TRY: 41
DEBUG: src/lcthw/hashmap.c:Hashmap_get_node:205: TRY: 42
DEBUG: src/lcthw/hashmap.c:Hashmap_get_node:205: TRY: 43
DEBUG: src/lcthw/hashmap.c:Hashmap_get_node:205: TRY: 44
DEBUG: src/lcthw/hashmap.c:Hashmap_get_node:205: TRY: 45
DEBUG: src/lcthw/hashmap.c:Hashmap_get_node:205: TRY: 46
DEBUG: src/lcthw/hashmap.c:Hashmap_get_node:205: TRY: 47
DEBUG: src/lcthw/hashmap.c:Hashmap_get_node:205: TRY: 48
DEBUG: src/lcthw/hashmap.c:Hashmap_get_node:205: TRY: 49
DEBUG: src/lcthw/hashmap.c:Hashmap_get_node:205: TRY: 50
DEBUG: src/lcthw/hashmap.c:Hashmap_get_node:205: TRY: 51
DEBUG: src/lcthw/hashmap.c:Hashmap_get_node:205: TRY: 52
DEBUG: src/lcthw/hashmap.c:Hashmap_get_node:205: TRY: 53
DEBUG: src/lcthw/hashmap.c:Hashmap_get_node:205: TRY: 54
DEBUG: src/lcthw/hashmap.c:Hashmap_get_node:205: TRY: 55
DEBUG: src/lcthw/hashmap.c:Hashmap_get_node:205: TRY: 56
DEBUG: src/lcthw/hashmap.c:Hashmap_get_node:205: TRY: 57
DEBUG: src/lcthw/hashmap.c:Hashmap_get_node:205: TRY: 58
DEBUG: src/lcthw/hashmap.c:Hashmap_get_node:205: TRY: 0
DEBUG: src/lcthw/hashmap.c:Hashmap_get_node:205: TRY: 1
DEBUG: src/lcthw/hashmap.c:Hashmap_get_node:205: TRY: 2
DEBUG: src/lcthw/hashmap.c:Hashmap_get_node:205: TRY: 3
DEBUG: src/lcthw/hashmap.c:Hashmap_get_node:205: TRY: 4
DEBUG: src/lcthw/hashmap.c:Hashmap_get_node:205: TRY: 5
DEBUG: src/lcthw/hashmap.c:Hashmap_get_node:205: TRY: 6
DEBUG: src/lcthw/hashmap.c:Hashmap_get_node:205: TRY: 7
DEBUG: src/lcthw/hashmap.c:Hashmap_get_node:205: TRY: 8
DEBUG: src/lcthw/hashmap.c:Hashmap_get_node:205: TRY: 9
DEBUG: src/lcthw/hashmap.c:Hashmap_get_node:205: TRY: 10
DEBUG: src/lcthw/hashmap.c:Hashmap_get_node:205: TRY: 11
DEBUG: src/lcthw/hashmap.c:Hashmap_get_node:205: TRY: 12
DEBUG: src/lcthw/hashmap.c:Hashmap_get_node:205: TRY: 13
DEBUG: src/lcthw/hashmap.c:Hashmap_get_node:205: TRY: 14
DEBUG: src/lcthw/hashmap.c:Hashmap_get_node:205: TRY: 15
DEBUG: src/lcthw/hashmap.c:Hashmap_get_node:205: TRY: 16
DEBUG: src/lcthw/hashmap.c:Hashmap_get_node:205: TRY: 17
DEBUG: src/lcthw/hashmap.c:Hashmap_get_node:205: TRY: 18
DEBUG: src/lcthw/hashmap.c:Hashmap_get_node:205: TRY: 19
DEBUG: src/lcthw/hashmap.c:Hashmap_get_node:205: TRY: 20
DEBUG: src/lcthw/hashmap.c:Hashmap_get_node:205: TRY: 21
DEBUG: src/lcthw/hashmap.c:Hashmap_get_node:205: TRY: 22
DEBUG: src/lcthw/hashmap.c:Hashmap_get_node:205: TRY: 23
DEBUG: src/lcthw/hashmap.c:Hashmap_get_node:205: TRY: 24
DEBUG: src/lcthw/hashmap.c:Hashmap_get_node:205: TRY: 25
DEBUG: src/lcthw/hashmap.c:Hashmap_get_node:205: TRY: 26
DEBUG: src/lcthw/hashmap.c:Hashmap_get_node:205: TRY: 27
DEBUG: src/lcthw/hashmap.c:Hashmap_get_node:205: TRY: 28
DEBUG: src/lcthw/hashmap.c:Hashmap_get_node:205: TRY: 29
DEBUG: src/lcthw/hashmap.c:Hashmap_get_node:205: TRY: 30
DEBUG: src/lcthw/hashmap.c:Hashmap_get_node:205: TRY: 31
DEBUG: src/lcthw/hashmap.c:Hashmap_get_node:205: TRY: 32
DEBUG: src/lcthw/hashmap.c:Hashmap_get_node:205: TRY: 33
DEBUG: src/lcthw/hashmap.c:Hashmap_get_node:205: TRY: 34
DEBUG: src/lcthw/hashmap.c:Hashmap_get_node:205: TRY: 35
DEBUG: src/lcthw/hashmap.c:Hashmap_get_node:205: TRY: 36
DEBUG: src/lcthw/hashmap.c:Hashmap_get_node:205: TRY: 37
DEBUG: src/lcthw/hashmap.c:Hashmap_get_node:205: TRY: 38
DEBUG: src/lcthw/hashmap.c:Hashmap_get_node:205: TRY: 39
DEBUG: src/lcthw/hashmap.c:Hashmap_get_node:205: TRY: 40
DEBUG: src/lcthw/hashmap.c:Hashmap_get_node:205: TRY: 41
DEBUG: src/lcthw/hashmap.c:Hashmap_get_node:205: TRY: 42
DEBUG: src/lcthw/hashmap.c:Hashmap_get_node:205: TRY: 43
DEBUG: src/lcthw/hashmap.c:Hashmap_get_node:205: TRY: 44
DEBUG: src/lcthw/hashmap.c:Hashmap_get_node:205: TRY: 45
DEBUG: src/lcthw/hashmap.c:Hashmap_get_node:205: TRY: 46
DEBUG: src/lcthw/hashmap.c:Hashmap_get_node:205: TRY: 47
DEBUG: src/lcthw/hashmap.c:Hashmap_get_node:205: TRY: 48
DEBUG: src/lcthw/hashmap.c:Hashmap_get_node:205: TRY: 49
DEBUG: src/lcthw/hashmap.c:Hashmap_get_node:205: TRY: 50
DEBUG: src/lcthw/hashmap.c:Hashmap_get_node:205: TRY: 51
DEBUG: src/lcthw/hashmap.c:Hashmap_get_node:205: TRY: 52
DEBUG: src/lcthw/hashmap.c:Hashmap_get_node:205: TRY: 53
DEBUG: src/lcthw/hashmap.c:Hashmap_get_node:205: TRY: 54
DEBUG: src/lcthw/hashmap.c:Hashmap_get_node:205: TRY: 0
DEBUG: src/lcthw/hashmap.c:Hashmap_get_node:205: TRY: 1
DEBUG: src/lcthw/hashmap.c:Hashmap_get_node:205: TRY: 2
DEBUG: src/lcthw/hashmap.c:Hashmap_get_node:205: TRY: 3
DEBUG: src/lcthw/hashmap.c:Hashmap_get_node:205: TRY: 4
DEBUG: src/lcthw/hashmap.c:Hashmap_get_node:205: TRY: 5
DEBUG: src/lcthw/hashmap.c:Hashmap_get_node:205: TRY: 6
DEBUG: src/lcthw/hashmap.c:Hashmap_get_node:205: TRY: 7
DEBUG: src/lcthw/hashmap.c:Hashmap_get_node:205: TRY: 8
DEBUG: src/lcthw/hashmap.c:Hashmap_get_node:205: TRY: 9
DEBUG: src/lcthw/hashmap.c:Hashmap_get_node:205: TRY: 10
DEBUG: src/lcthw/hashmap.c:Hashmap_get_node:205: TRY: 11
DEBUG: src/lcthw/hashmap.c:Hashmap_get_node:205: TRY: 12
DEBUG: src/lcthw/hashmap.c:Hashmap_get_node:205: TRY: 13
DEBUG: src/lcthw/hashmap.c:Hashmap_get_node:205: TRY: 14
DEBUG: src/lcthw/hashmap.c:Hashmap_get_node:205: TRY: 15
DEBUG: src/lcthw/hashmap.c:Hashmap_get_node:205: TRY: 16
DEBUG: src/lcthw/hashmap.c:Hashmap_get_node:205: TRY: 17
DEBUG: src/lcthw/hashmap.c:Hashmap_get_node:205: TRY: 18
DEBUG: src/lcthw/hashmap.c:Hashmap_get_node:205: TRY: 19
DEBUG: src/lcthw/hashmap.c:Hashmap_get_node:205: TRY: 20
DEBUG: src/lcthw/hashmap.c:Hashmap_get_node:205: TRY: 21
DEBUG: src/lcthw/hashmap.c:Hashmap_get_node:205: TRY: 22
DEBUG: src/lcthw/hashmap.c:Hashmap_get_node:205: TRY: 23
DEBUG: src/lcthw/hashmap.c:Hashmap_get_node:205: TRY: 24
DEBUG: src/lcthw/hashmap.c:Hashmap_get_node:205: TRY: 25
DEBUG: src/lcthw/hashmap.c:Hashmap_get_node:205: TRY: 26
DEBUG: src/lcthw/hashmap.c:Hashmap_get_node:205: TRY: 27
DEBUG: src/lcthw/hashmap.c:Hashmap_get_node:205: TRY: 28
DEBUG: src/lcthw/hashmap.c:Hashmap_get_node:205: TRY: 29
DEBUG: src/lcthw/hashmap.c:Hashmap_get_node:205: TRY: 30
DEBUG: src/lcthw/hashmap.c:Hashmap_get_node:205: TRY: 31
DEBUG: src/lcthw/hashmap.c:Hashmap_get_node:205: TRY: 32
DEBUG: src/lcthw/hashmap.c:Hashmap_get_node:205: TRY: 33
DEBUG: src/lcthw/hashmap.c:Hashmap_get_node:205: TRY: 34
DEBUG: src/lcthw/hashmap.c:Hashmap_get_node:205: TRY: 35
DEBUG: src/lcthw/hashmap.c:Hashmap_get_node:205: TRY: 36
DEBUG: src/lcthw/hashmap.c:Hashmap_get_node:205: TRY: 37
DEBUG: src/lcthw/hashmap.c:Hashmap_get_node:205: TRY: 38
DEBUG: src/lcthw/hashmap.c:Hashmap_get_node:205: TRY: 39
DEBUG: src/lcthw/hashmap.c:Hashmap_get_node:205: TRY: 40
DEBUG: src/lcthw/hashmap.c:Hashmap_get_node:205: TRY: 41
DEBUG: src/lcthw/hashmap.c:Hashmap_get_node:205: TRY: 42
DEBUG: src/lcthw/hashmap.c:Hashmap_get_node:205: TRY: 43
DEBUG: src/lcthw/hashmap.c:Hashmap_get_node:205: TRY: 44
DEBUG: src/lcthw/hashmap.c:Hashmap_get_node:205: TRY: 45
DEBUG: src/lcthw/hashmap.c:Hashmap_get_node:205: TRY: 46
DEBUG: src/lcthw/hashmap.c:Hashmap_get_node:205: TRY: 47
DEBUG: src/lcthw/hashmap.c:Hashmap_get_node:205: TRY: 48
DEBUG: src/lcthw/hashmap.c:Hashmap_get_node:205: TRY: 49
DEBUG: src/lcthw/hashmap.c:Hashmap_get_node:205: TRY: 0
DEBUG: src/lcthw/hashmap.c:Hashmap_get_node:205: TRY: 1
DEBUG: src/lcthw/hashmap.c:Hashmap_get_node:205: TRY: 2
DEBUG: src/lcthw/hashmap.c:Hashmap_get_node:205: TRY: 3
DEBUG: src/lcthw/hashmap.c:Hashmap_get_node:205: TRY: 4
DEBUG: src/lcthw/hashmap.c:Hashmap_get_node:205: TRY: 5
DEBUG: src/lcthw/hashmap.c:Hashmap_get_node:205: TRY: 6
DEBUG: src/lcthw/hashmap.c:Hashmap_get_node:205: TRY: 7
DEBUG: src/lcthw/hashmap.c:Hashmap_get_node:205: TRY: 8
DEBUG: src/lcthw/hashmap.c:Hashmap_get_node:205: TRY: 9
DEBUG: src/lcthw/hashmap.c:Hashmap_get_node:205: TRY: 10
DEBUG: src/lcthw/hashmap.c:Hashmap_get_node:205: TRY: 11
DEBUG: src/lcthw/hashmap.c:Hashmap_get_node:205: TRY: 12
DEBUG: src/lcthw/hashmap.c:Hashmap_get_node:205: TRY: 13
DEBUG: src/lcthw/hashmap.c:Hashmap_get_node:205: TRY: 14
DEBUG: src/lcthw/hashmap.c:Hashmap_get_node:205: TRY: 15
DEBUG: src/lcthw/hashmap.c:Hashmap_get_node:205: TRY: 16
DEBUG: src/lcthw/hashmap.c:Hashmap_get_node:205: TRY: 17
DEBUG: src/lcthw/hashmap.c:Hashmap_get_node:205: TRY: 18
DEBUG: src/lcthw/hashmap.c:Hashmap_get_node:205: TRY: 19
DEBUG: src/lcthw/hashmap.c:Hashmap_get_node:205: TRY: 20
DEBUG: src/lcthw/hashmap.c:Hashmap_get_node:205: TRY: 21
DEBUG: src/lcthw/hashmap.c:Hashmap_get_node:205: TRY: 22
DEBUG: src/lcthw/hashmap.c:Hashmap_get_node:205: TRY: 23
DEBUG: src/lcthw/hashmap.c:Hashmap_get_node:205: TRY: 24
DEBUG: src/lcthw/hashmap.c:Hashmap_get_node:205: TRY: 25
DEBUG: src/lcthw/hashmap.c:Hashmap_get_node:205: TRY: 26
DEBUG: src/lcthw/hashmap.c:Hashmap_get_node:205: TRY: 27
DEBUG: src/lcthw/hashmap.c:Hashmap_get_node:205: TRY: 28
DEBUG: src/lcthw/hashmap.c:Hashmap_get_node:205: TRY: 29
DEBUG: src/lcthw/hashmap.c:Hashmap_get_node:205: TRY: 30
DEBUG: src/lcthw/hashmap.c:Hashmap_get_node:205: TRY: 31
DEBUG: src/lcthw/hashmap.c:Hashmap_get_node:205: TRY: 32
DEBUG: src/lcthw/hashmap.c:Hashmap_get_node:205: TRY: 33
DEBUG: src/lcthw/hashmap.c:Hashmap_get_node:205: TRY: 34
DEBUG: src/lcthw/hashmap.c:Hashmap_get_node:205: TRY: 35
DEBUG: src/lcthw/hashmap.c:Hashmap_get_node:205: TRY: 36
DEBUG: src/lcthw/hashmap.c:Hashmap_get_node:205: TRY: 37
DEBUG: src/lcthw/hashmap.c:Hashmap_get_node:205: TRY: 38
DEBUG: src/lcthw/hashmap.c:Hashmap_get_node:205: TRY: 39
DEBUG: src/lcthw/hashmap.c:Hashmap_get_node:205: TRY: 40
DEBUG: src/lcthw/hashmap.c:Hashmap_get_node:205: TRY: 41
DEBUG: src/lcthw/hashmap.c:Hashmap_get_node:205: TRY: 42
DEBUG: src/lcthw/hashmap.c:Hashmap_get_node:205: TRY: 43
DEBUG: src/lcthw/hashmap.c:Hashmap_get_node:205: TRY: 44
DEBUG: src/lcthw/hashmap.c:Hashmap_get_node:205: TRY: 45
DEBUG: src/lcthw/hashmap.c:Hashmap_get_node:205: TRY: 46
DEBUG: src/lcthw/hashmap.c:Hashmap_get_node:205: TRY: 47
DEBUG: src/lcthw/hashmap.c:Hashmap_get_node:205: TRY: 48
DEBUG: src/lcthw/hashmap.c:Hashmap_get_node:205: TRY: 49
DEBUG: src/lcthw/hashmap.c:Hashmap_get_node:205: TRY: 0
DEBUG: src/lcthw/hashmap.c:Hashmap_get_node:205: TRY: 1
DEBUG: src/lcthw/hashmap.c:Hashmap_get_node:205: TRY: 2
DEBUG: src/lcthw/hashmap.c:Hashmap_get_node:205: TRY: 3
DEBUG: src/lcthw/hashmap.c:Hashmap_get_node:205: TRY: 4
DEBUG: src/lcthw/hashmap.c:Hashmap_get_node:205: TRY: 5
DEBUG: src/lcthw/hashmap.c:Hashmap_get_node:205: TRY: 6
DEBUG: src/lcthw/hashmap.c:Hashmap_get_node:205: TRY: 7
DEBUG: src/lcthw/hashmap.c:Hashmap_get_node:205: TRY: 8
DEBUG: src/lcthw/hashmap.c:Hashmap_get_node:205: TRY: 9
DEBUG: src/lcthw/hashmap.c:Hashmap_get_node:205: TRY: 10
DEBUG: src/lcthw/hashmap.c:Hashmap_get_node:205: TRY: 11
DEBUG: src/lcthw/hashmap.c:Hashmap_get_node:205: TRY: 12
DEBUG: src/lcthw/hashmap.c:Hashmap_get_node:205: TRY: 13
DEBUG: src/lcthw/hashmap.c:Hashmap_get_node:205: TRY: 14
DEBUG: src/lcthw/hashmap.c:Hashmap_get_node:205: TRY: 15
DEBUG: src/lcthw/hashmap.c:Hashmap_get_node:205: TRY: 16
DEBUG: src/lcthw/hashmap.c:Hashmap_get_node:205: TRY: 17
DEBUG: src/lcthw/hashmap.c:Hashmap_get_node:205: TRY: 18
DEBUG: src/lcthw/hashmap.c:Hashmap_get_node:205: TRY: 19
DEBUG: src/lcthw/hashmap.c:Hashmap_get_node:205: TRY: 20
DEBUG: src/lcthw/hashmap.c:Hashmap_get_node:205: TRY: 21
DEBUG: src/lcthw/hashmap.c:Hashmap_get_node:205: TRY: 22
DEBUG: src/lcthw/hashmap.c:Hashmap_get_node:205: TRY: 23
DEBUG: src/lcthw/hashmap.c:Hashmap_get_node:205: TRY: 24
DEBUG: src/lcthw/hashmap.c:Hashmap_get_node:205: TRY: 25
DEBUG: src/lcthw/hashmap.c:Hashmap_get_node:205: TRY: 26
DEBUG: src/lcthw/hashmap.c:Hashmap_get_node:205: TRY: 27
DEBUG: src/lcthw/hashmap.c:Hashmap_get_node:205: TRY: 28
DEBUG: src/lcthw/hashmap.c:Hashmap_get_node:205: TRY: 29
DEBUG: src/lcthw/hashmap.c:Hashmap_get_node:205: TRY: 30
DEBUG: src/lcthw/hashmap.c:Hashmap_get_node:205: TRY: 31
DEBUG: src/lcthw/hashmap.c:Hashmap_get_node:205: TRY: 32
DEBUG: src/lcthw/hashmap.c:Hashmap_get_node:205: TRY: 33
DEBUG: src/lcthw/hashmap.c:Hashmap_get_node:205: TRY: 34
DEBUG: src/lcthw/hashmap.c:Hashmap_get_node:205: TRY: 35
DEBUG: src/lcthw/hashmap.c:Hashmap_get_node:205: TRY: 36
DEBUG: src/lcthw/hashmap.c:Hashmap_get_node:205: TRY: 37
DEBUG: src/lcthw/hashmap.c:Hashmap_get_node:205: TRY: 38
DEBUG: src/lcthw/hashmap.c:Hashmap_get_node:205: TRY: 39
DEBUG: src/lcthw/hashmap.c:Hashmap_get_node:205: TRY: 40
DEBUG: src/lcthw/hashmap.c:Hashmap_get_node:205: TRY: 41
DEBUG: src/lcthw/hashmap.c:Hashmap_get_node:205: TRY: 42
DEBUG: src/lcthw/hashmap.c:Hashmap_get_node:205: TRY: 43
DEBUG: src/lcthw/hashmap.c:Hashmap_get_node:205: TRY: 44
DEBUG: src/lcthw/hashmap.c:Hashmap_get_node:205: TRY: 45
DEBUG: src/lcthw/hashmap.c:Hashmap_get_node:205: TRY: 46
DEBUG: src/lcthw/hashmap.c:Hashmap_get_node:205: TRY: 47
DEBUG: src/lcthw/hashmap.c:Hashmap_get_node:205: TRY: 48
DEBUG: src/lcthw/hashmap.c:Hashmap_get_node:205: TRY: 49
DEBUG: src/lcthw/hashmap.c:Hashmap_get_node:205: TRY: 50
DEBUG: src/lcthw/hashmap.c:Hashmap_get_node:205: TRY: 51
DEBUG: src/lcthw/hashmap.c:Hashmap_get_node:205: TRY: 52
DEBUG: src/lcthw/hashmap.c:Hashmap_get_node:205: TRY: 53
DEBUG: src/lcthw/hashmap.c:Hashmap_get_node:205: TRY: 54
DEBUG: src/lcthw/hashmap.c:Hashmap_get_node:205: TRY: 55
DEBUG: src/lcthw/hashmap.c:Hashmap_get_node:205: TRY: 56
DEBUG: src/lcthw/hashmap.c:Hashmap_get_node:205: TRY: 57
DEBUG: src/lcthw/hashmap.c:Hashmap_get_node:205: TRY: 58
DEBUG: src/lcthw/hashmap.c:Hashmap_get_node:205: TRY: 59
DEBUG: src/lcthw/hashmap.c:Hashmap_get_node:205: TRY: 60
DEBUG: src/lcthw/hashmap.c:Hashmap_get_node:205: TRY: 0
DEBUG: src/lcthw/hashmap.c:Hashmap_get_node:205: TRY: 1
DEBUG: src/lcthw/hashmap.c:Hashmap_get_node:205: TRY: 2
DEBUG: src/lcthw/hashmap.c:Hashmap_get_node:205: TRY: 3
DEBUG: src/lcthw/hashmap.c:Hashmap_get_node:205: TRY: 4
DEBUG: src/lcthw/hashmap.c:Hashmap_get_node:205: TRY: 5
DEBUG: src/lcthw/hashmap.c:Hashmap_get_node:205: TRY: 6
DEBUG: src/lcthw/hashmap.c:Hashmap_get_node:205: TRY: 7
DEBUG: src/lcthw/hashmap.c:Hashmap_get_node:205: TRY: 8
DEBUG: src/lcthw/hashmap.c:Hashmap_get_node:205: TRY: 9
DEBUG: src/lcthw/hashmap.c:Hashmap_get_node:205: TRY: 10
DEBUG: src/lcthw/hashmap.c:Hashmap_get_node:205: TRY: 11
DEBUG: src/lcthw/hashmap.c:Hashmap_get_node:205: TRY: 12
DEBUG: src/lcthw/hashmap.c:Hashmap_get_node:205: TRY: 13
DEBUG: src/lcthw/hashmap.c:Hashmap_get_node:205: TRY: 14
DEBUG: src/lcthw/hashmap.c:Hashmap_get_node:205: TRY: 15
DEBUG: src/lcthw/hashmap.c:Hashmap_get_node:205: TRY: 16
DEBUG: src/lcthw/hashmap.c:Hashmap_get_node:205: TRY: 17
DEBUG: src/lcthw/hashmap.c:Hashmap_get_node:205: TRY: 18
DEBUG: src/lcthw/hashmap.c:Hashmap_get_node:205: TRY: 19
DEBUG: src/lcthw/hashmap.c:Hashmap_get_node:205: TRY: 20
DEBUG: src/lcthw/hashmap.c:Hashmap_get_node:205: TRY: 21
DEBUG: src/lcthw/hashmap.c:Hashmap_get_node:205: TRY: 22
DEBUG: src/lcthw/hashmap.c:Hashmap_get_node:205: TRY: 23
DEBUG: src/lcthw/hashmap.c:Hashmap_get_node:205: TRY: 24
DEBUG: src/lcthw/hashmap.c:Hashmap_get_node:205: TRY: 25
DEBUG: src/lcthw/hashmap.c:Hashmap_get_node:205: TRY: 26
DEBUG: src/lcthw/hashmap.c:Hashmap_get_node:205: TRY: 27
DEBUG: src/lcthw/hashmap.c:Hashmap_get_node:205: TRY: 28
DEBUG: src/lcthw/hashmap.c:Hashmap_get_node:205: TRY: 29
DEBUG: src/lcthw/hashmap.c:Hashmap_get_node:205: TRY: 30
DEBUG: src/lcthw/hashmap.c:Hashmap_get_node:205: TRY: 31
DEBUG: src/lcthw/hashmap.c:Hashmap_get_node:205: TRY: 32
DEBUG: src/lcthw/hashmap.c:Hashmap_get_node:205: TRY: 33
DEBUG: src/lcthw/hashmap.c:Hashmap_get_node:205: TRY: 34
DEBUG: src/lcthw/hashmap.c:Hashmap_get_node:205: TRY: 35
DEBUG: src/lcthw/hashmap.c:Hashmap_get_node:205: TRY: 36
DEBUG: src/lcthw/hashmap.c:Hashmap_get_node:205: TRY: 37
DEBUG: src/lcthw/hashmap.c:Hashmap_get_node:205: TRY: 38
DEBUG: src/lcthw/hashmap.c:Hashmap_get_node:205: TRY: 39
DEBUG: src/lcthw/hashmap.c:Hashmap_get_node:205: TRY: 40
DEBUG: src/lcthw/hashmap.c:Hashmap_get_node:205: TRY: 41
DEBUG: src/lcthw/hashmap.c:Hashmap_get_node:205: TRY: 42
DEBUG: src/lcthw/hashmap.c:Hashmap_get_node:205: TRY: 43
DEBUG: src/lcthw/hashmap.c:Hashmap_get_node:205: TRY: 44
DEBUG: src/lcthw/hashmap.c:Hashmap_get_node:205: TRY: 45
DEBUG: src/lcthw/hashmap.c:Hashmap_get_node:205: TRY: 46
DEBUG: src/lcthw/hashmap.c:Hashmap_get_node:205: TRY: 47
DEBUG: src/lcthw/hashmap.c:Hashmap_get_node:205: TRY: 48
DEBUG: src/lcthw/hashmap.c:Hashmap_get_node:205: TRY: 49
DEBUG: src/lcthw/hashmap.c:Hashmap_get_node:205: TRY: 50
DEBUG: src/lcthw/hashmap.c:Hashmap_get_node:205: TRY: 51
DEBUG: src/lcthw/hashmap.c:Hashmap_get_node:205: TRY: 52
DEBUG: src/lcthw/hashmap.c:Hashmap_get_node:205: TRY: 53
DEBUG: src/lcthw/hashmap.c:Hashmap_get_node:205: TRY: 54
DEBUG: src/lcthw/hashmap.c:Hashmap_get_node:205: TRY: 55
DEBUG: src/lcthw/hashmap.c:Hashmap_get_node:205: TRY: 56
DEBUG: src/lcthw/hashmap.c:Hashmap_get_node:205: TRY: 57
DEBUG: src/lcthw/hashmap.c:Hashmap_get_node:205: TRY: 58
DEBUG: src/lcthw/hashmap.c:Hashmap_get_node:205: TRY: 59
DEBUG: src/lcthw/hashmap.c:Hashmap_get_node:205: TRY: 60
DEBUG: src/lcthw/hashmap.c:Hashmap_get_node:205: TRY: 61
DEBUG: src/lcthw/hashmap.c:Hashmap_get_node:205: TRY: 0
DEBUG: src/lcthw/hashmap.c:Hashmap_get_node:205: TRY: 1
DEBUG: src/lcthw/hashmap.c:Hashmap_get_node:205: TRY: 2
DEBUG: src/lcthw/hashmap.c:Hashmap_get_node:205: TRY: 3
DEBUG: src/lcthw/hashmap.c:Hashmap_get_node:205: TRY: 4
DEBUG: src/lcthw/hashmap.c:Hashmap_get_node:205: TRY: 5
DEBUG: src/lcthw/hashmap.c:Hashmap_get_node:205: TRY: 6
DEBUG: src/lcthw/hashmap.c:Hashmap_get_node:205: TRY: 7
DEBUG: src/lcthw/hashmap.c:Hashmap_get_node:205: TRY: 8
DEBUG: src/lcthw/hashmap.c:Hashmap_get_node:205: TRY: 9
DEBUG: src/lcthw/hashmap.c:Hashmap_get_node:205: TRY: 10
DEBUG: src/lcthw/hashmap.c:Hashmap_get_node:205: TRY: 11
DEBUG: src/lcthw/hashmap.c:Hashmap_get_node:205: TRY: 12
DEBUG: src/lcthw/hashmap.c:Hashmap_get_node:205: TRY: 13
DEBUG: src/lcthw/hashmap.c:Hashmap_get_node:205: TRY: 14
DEBUG: src/lcthw/hashmap.c:Hashmap_get_node:205: TRY: 15
DEBUG: src/lcthw/hashmap.c:Hashmap_get_node:205: TRY: 16
DEBUG: src/lcthw/hashmap.c:Hashmap_get_node:205: TRY: 17
DEBUG: src/lcthw/hashmap.c:Hashmap_get_node:205: TRY: 18
DEBUG: src/lcthw/hashmap.c:Hashmap_get_node:205: TRY: 19
DEBUG: src/lcthw/hashmap.c:Hashmap_get_node:205: TRY: 20
DEBUG: src/lcthw/hashmap.c:Hashmap_get_node:205: TRY: 21
DEBUG: src/lcthw/hashmap.c:Hashmap_get_node:205: TRY: 22
DEBUG: src/lcthw/hashmap.c:Hashmap_get_node:205: TRY: 23
DEBUG: src/lcthw/hashmap.c:Hashmap_get_node:205: TRY: 24
DEBUG: src/lcthw/hashmap.c:Hashmap_get_node:205: TRY: 25
DEBUG: src/lcthw/hashmap.c:Hashmap_get_node:205: TRY: 26
DEBUG: src/lcthw/hashmap.c:Hashmap_get_node:205: TRY: 27
DEBUG: src/lcthw/hashmap.c:Hashmap_get_node:205: TRY: 28
DEBUG: src/lcthw/hashmap.c:Hashmap_get_node:205: TRY: 29
DEBUG: src/lcthw/hashmap.c:Hashmap_get_node:205: TRY: 30
DEBUG: src/lcthw/hashmap.c:Hashmap_get_node:205: TRY: 31
DEBUG: src/lcthw/hashmap.c:Hashmap_get_node:205: TRY: 32
DEBUG: src/lcthw/hashmap.c:Hashmap_get_node:205: TRY: 33
DEBUG: src/lcthw/hashmap.c:Hashmap_get_node:205: TRY: 34
DEBUG: src/lcthw/hashmap.c:Hashmap_get_node:205: TRY: 35
DEBUG: src/lcthw/hashmap.c:Hashmap_get_node:205: TRY: 36
DEBUG: src/lcthw/hashmap.c:Hashmap_get_node:205: TRY: 37
DEBUG: src/lcthw/hashmap.c:Hashmap_get_node:205: TRY: 38
DEBUG: src/lcthw/hashmap.c:Hashmap_get_node:205: TRY: 39
DEBUG: src/lcthw/hashmap.c:Hashmap_get_node:205: TRY: 40
DEBUG: src/lcthw/hashmap.c:Hashmap_get_node:205: TRY: 41
DEBUG: src/lcthw/hashmap.c:Hashmap_get_node:205: TRY: 42
DEBUG: src/lcthw/hashmap.c:Hashmap_get_node:205: TRY: 43
DEBUG: src/lcthw/hashmap.c:Hashmap_get_node:205: TRY: 44
DEBUG: src/lcthw/hashmap.c:Hashmap_get_node:205: TRY: 45
DEBUG: src/lcthw/hashmap.c:Hashmap_get_node:205: TRY: 46
DEBUG: src/lcthw/hashmap.c:Hashmap_get_node:205: TRY: 47
DEBUG: src/lcthw/hashmap.c:Hashmap_get_node:205: TRY: 48
DEBUG: src/lcthw/hashmap.c:Hashmap_get_node:205: TRY: 49
DEBUG: src/lcthw/hashmap.c:Hashmap_get_node:205: TRY: 50
DEBUG: src/lcthw/hashmap.c:Hashmap_get_node:205: TRY: 51
DEBUG: src/lcthw/hashmap.c:Hashmap_get_node:205: TRY: 52
DEBUG: src/lcthw/hashmap.c:Hashmap_get_node:205: TRY: 53
DEBUG: src/lcthw/hashmap.c:Hashmap_get_node:205: TRY: 54
DEBUG: src/lcthw/hashmap.c:Hashmap_get_node:205: TRY: 55
DEBUG: src/lcthw/hashmap.c:Hashmap_get_node:205: TRY: 56
DEBUG: src/lcthw/hashmap.c:Hashmap_get_node:205: TRY: 57
DEBUG: src/lcthw/hashmap.c:Hashmap_get_node:205: TRY: 58
DEBUG: src/lcthw/hashmap.c:Hashmap_get_node:205: TRY: 59
DEBUG: src/lcthw/hashmap.c:Hashmap_get_node:205: TRY: 60
DEBUG: src/lcthw/hashmap.c:Hashmap_get_node:205: TRY: 61
DEBUG: src/lcthw/hashmap.c:Hashmap_get_node:205: TRY: 62
DEBUG: src/lcthw/hashmap.c:Hashmap_get_node:205: TRY: 0
DEBUG: src/lcthw/hashmap.c:Hashmap_get_node:205: TRY: 1
DEBUG: src/lcthw/hashmap.c:Hashmap_get_node:205: TRY: 2
DEBUG: src/lcthw/hashmap.c:Hashmap_get_node:205: TRY: 3
DEBUG: src/lcthw/hashmap.c:Hashmap_get_node:205: TRY: 4
DEBUG: src/lcthw/hashmap.c:Hashmap_get_node:205: TRY: 5
DEBUG: src/lcthw/hashmap.c:Hashmap_get_node:205: TRY: 6
DEBUG: src/lcthw/hashmap.c:Hashmap_get_node:205: TRY: 7
DEBUG: src/lcthw/hashmap.c:Hashmap_get_node:205: TRY: 8
DEBUG: src/lcthw/hashmap.c:Hashmap_get_node:205: TRY: 9
DEBUG: src/lcthw/hashmap.c:Hashmap_get_node:205: TRY: 10
DEBUG: src/lcthw/hashmap.c:Hashmap_get_node:205: TRY: 11
DEBUG: src/lcthw/hashmap.c:Hashmap_get_node:205: TRY: 12
DEBUG: src/lcthw/hashmap.c:Hashmap_get_node:205: TRY: 13
DEBUG: src/lcthw/hashmap.c:Hashmap_get_node:205: TRY: 14
DEBUG: src/lcthw/hashmap.c:Hashmap_get_node:205: TRY: 15
DEBUG: src/lcthw/hashmap.c:Hashmap_get_node:205: TRY: 16
DEBUG: src/lcthw/hashmap.c:Hashmap_get_node:205: TRY: 17
DEBUG: src/lcthw/hashmap.c:Hashmap_get_node:205: TRY: 18
DEBUG: src/lcthw/hashmap.c:Hashmap_get_node:205: TRY: 19
DEBUG: src/lcthw/hashmap.c:Hashmap_get_node:205: TRY: 20
DEBUG: src/lcthw/hashmap.c:Hashmap_get_node:205: TRY: 21
DEBUG: src/lcthw/hashmap.c:Hashmap_get_node:205: TRY: 22
DEBUG: src/lcthw/hashmap.c:Hashmap_get_node:205: TRY: 23
DEBUG: src/lcthw/hashmap.c:Hashmap_get_node:205: TRY: 24
DEBUG: src/lcthw/hashmap.c:Hashmap_get_node:205: TRY: 25
DEBUG: src/lcthw/hashmap.c:Hashmap_get_node:205: TRY: 26
DEBUG: src/lcthw/hashmap.c:Hashmap_get_node:205: TRY: 27
DEBUG: src/lcthw/hashmap.c:Hashmap_get_node:205: TRY: 28
DEBUG: src/lcthw/hashmap.c:Hashmap_get_node:205: TRY: 29
DEBUG: src/lcthw/hashmap.c:Hashmap_get_node:205: TRY: 30
DEBUG: src/lcthw/hashmap.c:Hashmap_get_node:205: TRY: 31
DEBUG: src/lcthw/hashmap.c:Hashmap_get_node:205: TRY: 32
DEBUG: src/lcthw/hashmap.c:Hashmap_get_node:205: TRY: 33
DEBUG: src/lcthw/hashmap.c:Hashmap_get_node:205: TRY: 34
DEBUG: src/lcthw/hashmap.c:Hashmap_get_node:205: TRY: 35
DEBUG: src/lcthw/hashmap.c:Hashmap_get_node:205: TRY: 36
DEBUG: src/lcthw/hashmap.c:Hashmap_get_node:205: TRY: 37
DEBUG: src/lcthw/hashmap.c:Hashmap_get_node:205: TRY: 38
DEBUG: src/lcthw/hashmap.c:Hashmap_get_node:205: TRY: 39
DEBUG: src/lcthw/hashmap.c:Hashmap_get_node:205: TRY: 40
DEBUG: src/lcthw/hashmap.c:Hashmap_get_node:205: TRY: 41
DEBUG: src/lcthw/hashmap.c:Hashmap_get_node:205: TRY: 42
DEBUG: src/lcthw/hashmap.c:Hashmap_get_node:205: TRY: 43
DEBUG: src/lcthw/hashmap.c:Hashmap_get_node:205: TRY: 44
DEBUG: src/lcthw/hashmap.c:Hashmap_get_node:205: TRY: 45
DEBUG: src/lcthw/hashmap.c:Hashmap_get_node:205: TRY: 46
DEBUG: src/lcthw/hashmap.c:Hashmap_get_node:205: TRY: 47
DEBUG: src/lcthw/hashmap.c:Hashmap_get_node:205: TRY: 48
DEBUG: src/lcthw/hashmap.c:Hashmap_get_node:205: TRY: 0
DEBUG: src/lcthw/hashmap.c:Hashmap_get_node:205: TRY: 1
DEBUG: src/lcthw/hashmap.c:Hashmap_get_node:205: TRY: 2
DEBUG: src/lcthw/hashmap.c:Hashmap_get_node:205: TRY: 3
DEBUG: src/lcthw/hashmap.c:Hashmap_get_node:205: TRY: 4
DEBUG: src/lcthw/hashmap.c:Hashmap_get_node:205: TRY: 5
DEBUG: src/lcthw/hashmap.c:Hashmap_get_node:205: TRY: 6
DEBUG: src/lcthw/hashmap.c:Hashmap_get_node:205: TRY: 7
DEBUG: src/lcthw/hashmap.c:Hashmap_get_node:205: TRY: 8
DEBUG: src/lcthw/hashmap.c:Hashmap_get_node:205: TRY: 9
DEBUG: src/lcthw/hashmap.c:Hashmap_get_node:205: TRY: 10
DEBUG: src/lcthw/hashmap.c:Hashmap_get_node:205: TRY: 11
DEBUG: src/lcthw/hashmap.c:Hashmap_get_node:205: TRY: 12
DEBUG: src/lcthw/hashmap.c:Hashmap_get_node:205: TRY: 13
DEBUG: src/lcthw/hashmap.c:Hashmap_get_node:205: TRY: 14
DEBUG: src/lcthw/hashmap.c:Hashmap_get_node:205: TRY: 15
DEBUG: src/lcthw/hashmap.c:Hashmap_get_node:205: TRY: 16
DEBUG: src/lcthw/hashmap.c:Hashmap_get_node:205: TRY: 17
DEBUG: src/lcthw/hashmap.c:Hashmap_get_node:205: TRY: 18
DEBUG: src/lcthw/hashmap.c:Hashmap_get_node:205: TRY: 19
DEBUG: src/lcthw/hashmap.c:Hashmap_get_node:205: TRY: 20
DEBUG: src/lcthw/hashmap.c:Hashmap_get_node:205: TRY: 21
DEBUG: src/lcthw/hashmap.c:Hashmap_get_node:205: TRY: 22
DEBUG: src/lcthw/hashmap.c:Hashmap_get_node:205: TRY: 23
DEBUG: src/lcthw/hashmap.c:Hashmap_get_node:205: TRY: 24
DEBUG: src/lcthw/hashmap.c:Hashmap_get_node:205: TRY: 25
DEBUG: src/lcthw/hashmap.c:Hashmap_get_node:205: TRY: 26
DEBUG: src/lcthw/hashmap.c:Hashmap_get_node:205: TRY: 27
DEBUG: src/lcthw/hashmap.c:Hashmap_get_node:205: TRY: 28
DEBUG: src/lcthw/hashmap.c:Hashmap_get_node:205: TRY: 29
DEBUG: src/lcthw/hashmap.c:Hashmap_get_node:205: TRY: 30
DEBUG: src/lcthw/hashmap.c:Hashmap_get_node:205: TRY: 31
DEBUG: src/lcthw/hashmap.c:Hashmap_get_node:205: TRY: 32
DEBUG: src/lcthw/hashmap.c:Hashmap_get_node:205: TRY: 33
DEBUG: src/lcthw/hashmap.c:Hashmap_get_node:205: TRY: 34
DEBUG: src/lcthw/hashmap.c:Hashmap_get_node:205: TRY: 35
DEBUG: src/lcthw/hashmap.c:Hashmap_get_node:205: TRY: 36
DEBUG: src/lcthw/hashmap.c:Hashmap_get_node:205: TRY: 37
DEBUG: src/lcthw/hashmap.c:Hashmap_get_node:205: TRY: 38
DEBUG: src/lcthw/hashmap.c:Hashmap_get_node:205: TRY: 39
DEBUG: src/lcthw/hashmap.c:Hashmap_get_node:205: TRY: 40
DEBUG: src/lcthw/hashmap.c:Hashmap_get_node:205: TRY: 41
DEBUG: src/lcthw/hashmap.c:Hashmap_get_node:205: TRY: 42
DEBUG: src/lcthw/hashmap.c:Hashmap_get_node:205: TRY: 43
DEBUG: src/lcthw/hashmap.c:Hashmap_get_node:205: TRY: 44
DEBUG: src/lcthw/hashmap.c:Hashmap_get_node:205: TRY: 45
DEBUG: src/lcthw/hashmap.c:Hashmap_get_node:205: TRY: 46
DEBUG: src/lcthw/hashmap.c:Hashmap_get_node:205: TRY: 47
DEBUG: src/lcthw/hashmap.c:Hashmap_get_node:205: TRY: 0
DEBUG: src/lcthw/hashmap.c:Hashmap_get_node:205: TRY: 1
DEBUG: src/lcthw/hashmap.c:Hashmap_get_node:205: TRY: 2
DEBUG: src/lcthw/hashmap.c:Hashmap_get_node:205: TRY: 3
DEBUG: src/lcthw/hashmap.c:Hashmap_get_node:205: TRY: 4
DEBUG: src/lcthw/hashmap.c:Hashmap_get_node:205: TRY: 5
DEBUG: src/lcthw/hashmap.c:Hashmap_get_node:205: TRY: 6
DEBUG: src/lcthw/hashmap.c:Hashmap_get_node:205: TRY: 7
DEBUG: src/lcthw/hashmap.c:Hashmap_get_node:205: TRY: 8
DEBUG: src/lcthw/hashmap.c:Hashmap_get_node:205: TRY: 9
DEBUG: src/lcthw/hashmap.c:Hashmap_get_node:205: TRY: 10
DEBUG: src/lcthw/hashmap.c:Hashmap_get_node:205: TRY: 11
DEBUG: src/lcthw/hashmap.c:Hashmap_get_node:205: TRY: 12
DEBUG: src/lcthw/hashmap.c:Hashmap_get_node:205: TRY: 13
DEBUG: src/lcthw/hashmap.c:Hashmap_get_node:205: TRY: 14
DEBUG: src/lcthw/hashmap.c:Hashmap_get_node:205: TRY: 15
DEBUG: src/lcthw/hashmap.c:Hashmap_get_node:205: TRY: 16
DEBUG: src/lcthw/hashmap.c:Hashmap_get_node:205: TRY: 17
DEBUG: src/lcthw/hashmap.c:Hashmap_get_node:205: TRY: 18
DEBUG: src/lcthw/hashmap.c:Hashmap_get_node:205: TRY: 19
DEBUG: src/lcthw/hashmap.c:Hashmap_get_node:205: TRY: 20
DEBUG: src/lcthw/hashmap.c:Hashmap_get_node:205: TRY: 21
DEBUG: src/lcthw/hashmap.c:Hashmap_get_node:205: TRY: 22
DEBUG: src/lcthw/hashmap.c:Hashmap_get_node:205: TRY: 23
DEBUG: src/lcthw/hashmap.c:Hashmap_get_node:205: TRY: 24
DEBUG: src/lcthw/hashmap.c:Hashmap_get_node:205: TRY: 25
DEBUG: src/lcthw/hashmap.c:Hashmap_get_node:205: TRY: 26
DEBUG: src/lcthw/hashmap.c:Hashmap_get_node:205: TRY: 27
DEBUG: src/lcthw/hashmap.c:Hashmap_get_node:205: TRY: 28
DEBUG: src/lcthw/hashmap.c:Hashmap_get_node:205: TRY: 29
DEBUG: src/lcthw/hashmap.c:Hashmap_get_node:205: TRY: 30
DEBUG: src/lcthw/hashmap.c:Hashmap_get_node:205: TRY: 31
DEBUG: src/lcthw/hashmap.c:Hashmap_get_node:205: TRY: 32
DEBUG: src/lcthw/hashmap.c:Hashmap_get_node:205: TRY: 33
DEBUG: src/lcthw/hashmap.c:Hashmap_get_node:205: TRY: 34
DEBUG: src/lcthw/hashmap.c:Hashmap_get_node:205: TRY: 35
DEBUG: src/lcthw/hashmap.c:Hashmap_get_node:205: TRY: 36
DEBUG: src/lcthw/hashmap.c:Hashmap_get_node:205: TRY: 37
DEBUG: src/lcthw/hashmap.c:Hashmap_get_node:205: TRY: 38
DEBUG: src/lcthw/hashmap.c:Hashmap_get_node:205: TRY: 39
DEBUG: src/lcthw/hashmap.c:Hashmap_get_node:205: TRY: 40
DEBUG: src/lcthw/hashmap.c:Hashmap_get_node:205: TRY: 41
DEBUG: src/lcthw/hashmap.c:Hashmap_get_node:205: TRY: 42
DEBUG: src/lcthw/hashmap.c:Hashmap_get_node:205: TRY: 43
DEBUG: src/lcthw/hashmap.c:Hashmap_get_node:205: TRY: 44
DEBUG: src/lcthw/hashmap.c:Hashmap_get_node:205: TRY: 45
DEBUG: src/lcthw/hashmap.c:Hashmap_get_node:205: TRY: 46
DEBUG: src/lcthw/hashmap.c:Hashmap_get_node:205: TRY: 47
DEBUG: src/lcthw/hashmap.c:Hashmap_get_node:205: TRY: 48
DEBUG: src/lcthw/hashmap.c:Hashmap_get_node:205: TRY: 49
DEBUG: src/lcthw/hashmap.c:Hashmap_get_node:205: TRY: 50
DEBUG: src/lcthw/hashmap.c:Hashmap_get_node:205: TRY: 0
DEBUG: src/lcthw/hashmap.c:Hashmap_get_node:205: TRY: 1
DEBUG: src/lcthw/hashmap.c:Hashmap_get_node:205: TRY: 2
DEBUG: src/lcthw/hashmap.c:Hashmap_get_node:205: TRY: 3
DEBUG: src/lcthw/hashmap.c:Hashmap_get_node:205: TRY: 4
DEBUG: src/lcthw/hashmap.c:Hashmap_get_node:205: TRY: 5
DEBUG: src/lcthw/hashmap.c:Hashmap_get_node:205: TRY: 6
DEBUG: src/lcthw/hashmap.c:Hashmap_get_node:205: TRY: 7
DEBUG: src/lcthw/hashmap.c:Hashmap_get_node:205: TRY: 8
DEBUG: src/lcthw/hashmap.c:Hashmap_get_node:205: TRY: 9
DEBUG: src/lcthw/hashmap.c:Hashmap_get_node:205: TRY: 10
DEBUG: src/lcthw/hashmap.c:Hashmap_get_node:205: TRY: 11
DEBUG: src/lcthw/hashmap.c:Hashmap_get_node:205: TRY: 12
DEBUG: src/lcthw/hashmap.c:Hashmap_get_node:205: TRY: 13
DEBUG: src/lcthw/hashmap.c:Hashmap_get_node:205: TRY: 14
DEBUG: src/lcthw/hashmap.c:Hashmap_get_node:205: TRY: 15
DEBUG: src/lcthw/hashmap.c:Hashmap_get_node:205: TRY: 16
DEBUG: src/lcthw/hashmap.c:Hashmap_get_node:205: TRY: 17
DEBUG: src/lcthw/hashmap.c:Hashmap_get_node:205: TRY: 18
DEBUG: src/lcthw/hashmap.c:Hashmap_get_node:205: TRY: 19
DEBUG: src/lcthw/hashmap.c:Hashmap_get_node:205: TRY: 20
DEBUG: src/lcthw/hashmap.c:Hashmap_get_node:205: TRY: 21
DEBUG: src/lcthw/hashmap.c:Hashmap_get_node:205: TRY: 22
DEBUG: src/lcthw/hashmap.c:Hashmap_get_node:205: TRY: 23
DEBUG: src/lcthw/hashmap.c:Hashmap_get_node:205: TRY: 24
DEBUG: src/lcthw/hashmap.c:Hashmap_get_node:205: TRY: 25
DEBUG: src/lcthw/hashmap.c:Hashmap_get_node:205: TRY: 26
DEBUG: src/lcthw/hashmap.c:Hashmap_get_node:205: TRY: 27
DEBUG: src/lcthw/hashmap.c:Hashmap_get_node:205: TRY: 28
DEBUG: src/lcthw/hashmap.c:Hashmap_get_node:205: TRY: 29
DEBUG: src/lcthw/hashmap.c:Hashmap_get_node:205: TRY: 30
DEBUG: src/lcthw/hashmap.c:Hashmap_get_node:205: TRY: 31
DEBUG: src/lcthw/hashmap.c:Hashmap_get_node:205: TRY: 32
DEBUG: src/lcthw/hashmap.c:Hashmap_get_node:205: TRY: 33
DEBUG: src/lcthw/hashmap.c:Hashmap_get_node:205: TRY: 34
DEBUG: src/lcthw/hashmap.c:Hashmap_get_node:205: TRY: 35
DEBUG: src/lcthw/hashmap.c:Hashmap_get_node:205: TRY: 36
DEBUG: src/lcthw/hashmap.c:Hashmap_get_node:205: TRY: 37
DEBUG: src/lcthw/hashmap.c:Hashmap_get_node:205: TRY: 38
DEBUG: src/lcthw/hashmap.c:Hashmap_get_node:205: TRY: 39
DEBUG: src/lcthw/hashmap.c:Hashmap_get_node:205: TRY: 40
DEBUG: src/lcthw/hashmap.c:Hashmap_get_node:205: TRY: 41
DEBUG: src/lcthw/hashmap.c:Hashmap_get_node:205: TRY: 42
DEBUG: src/lcthw/hashmap.c:Hashmap_get_node:205: TRY: 43
DEBUG: src/lcthw/hashmap.c:Hashmap_get_node:205: TRY: 44
DEBUG: src/lcthw/hashmap.c:Hashmap_get_node:205: TRY: 45
DEBUG: src/lcthw/hashmap.c:Hashmap_get_node:205: TRY: 46
DEBUG: src/lcthw/hashmap.c:Hashmap_get_node:205: TRY: 47
DEBUG: src/lcthw/hashmap.c:Hashmap_get_node:205: TRY: 48
DEBUG: src/lcthw/hashmap.c:Hashmap_get_node:205: TRY: 49
DEBUG: src/lcthw/hashmap.c:Hashmap_get_node:205: TRY: 0
DEBUG: src/lcthw/hashmap.c:Hashmap_get_node:205: TRY: 1
DEBUG: src/lcthw/hashmap.c:Hashmap_get_node:205: TRY: 2
DEBUG: src/lcthw/hashmap.c:Hashmap_get_node:205: TRY: 3
DEBUG: src/lcthw/hashmap.c:Hashmap_get_node:205: TRY: 4
DEBUG: src/lcthw/hashmap.c:Hashmap_get_node:205: TRY: 5
DEBUG: src/lcthw/hashmap.c:Hashmap_get_node:205: TRY: 6
DEBUG: src/lcthw/hashmap.c:Hashmap_get_node:205: TRY: 7
DEBUG: src/lcthw/hashmap.c:Hashmap_get_node:205: TRY: 8
DEBUG: src/lcthw/hashmap.c:Hashmap_get_node:205: TRY: 9
DEBUG: src/lcthw/hashmap.c:Hashmap_get_node:205: TRY: 10
DEBUG: src/lcthw/hashmap.c:Hashmap_get_node:205: TRY: 11
DEBUG: src/lcthw/hashmap.c:Hashmap_get_node:205: TRY: 12
DEBUG: src/lcthw/hashmap.c:Hashmap_get_node:205: TRY: 13
DEBUG: src/lcthw/hashmap.c:Hashmap_get_node:205: TRY: 14
DEBUG: src/lcthw/hashmap.c:Hashmap_get_node:205: TRY: 15
DEBUG: src/lcthw/hashmap.c:Hashmap_get_node:205: TRY: 16
DEBUG: src/lcthw/hashmap.c:Hashmap_get_node:205: TRY: 17
DEBUG: src/lcthw/hashmap.c:Hashmap_get_node:205: TRY: 18
DEBUG: src/lcthw/hashmap.c:Hashmap_get_node:205: TRY: 19
DEBUG: src/lcthw/hashmap.c:Hashmap_get_node:205: TRY: 20
DEBUG: src/lcthw/hashmap.c:Hashmap_get_node:205: TRY: 21
DEBUG: src/lcthw/hashmap.c:Hashmap_get_node:205: TRY: 22
DEBUG: src/lcthw/hashmap.c:Hashmap_get_node:205: TRY: 23
DEBUG: src/lcthw/hashmap.c:Hashmap_get_node:205: TRY: 24
DEBUG: src/lcthw/hashmap.c:Hashmap_get_node:205: TRY: 25
DEBUG: src/lcthw/hashmap.c:Hashmap_get_node:205: TRY: 26
DEBUG: src/lcthw/hashmap.c:Hashmap_get_node:205: TRY: 27
DEBUG: src/lcthw/hashmap.c:Hashmap_get_node:205: TRY: 28
DEBUG: src/lcthw/hashmap.c:Hashmap_get_node:205: TRY: 29
DEBUG: src/lcthw/hashmap.c:Hashmap_get_node:205: TRY: 30
DEBUG: src/lcthw/hashmap.c:Hashmap_get_node:205: TRY: 31
DEBUG: src/lcthw/hashmap.c:Hashmap_get_node:205: TRY: 32
DEBUG: src/lcthw/hashmap.c:Hashmap_get_node:205: TRY: 33
DEBUG: src/lcthw/hashmap.c:Hashmap_get_node:205: TRY: 34
DEBUG: src/lcthw/hashmap.c:Hashmap_get_node:205: TRY: 35
DEBUG: src/lcthw/hashmap.c:Hashmap_get_node:205: TRY: 36
DEBUG: src/lcthw/hashmap.c:Hashmap_get_node:205: TRY: 37
DEBUG: src/lcthw/hashmap.c:Hashmap_get_node:205: TRY: 38
DEBUG: src/lcthw/hashmap.c:Hashmap_get_node:205: TRY: 39
DEBUG: src/lcthw/hashmap.c:Hashmap_get_node:205: TRY: 40
DEBUG: src/lcthw/hashmap.c:Hashmap_get_node:205: TRY: 41
DEBUG: src/lcthw/hashmap.c:Hashmap_get_node:205: TRY: 42
DEBUG: src/lcthw/hashmap.c:Hashmap_get_node:205: TRY: 43
DEBUG: src/lcthw/hashmap.c:Hashmap_get_node:205: TRY: 44
DEBUG: src/lcthw/hashmap.c:Hashmap_get_node:205: TRY: 45
DEBUG: src/lcthw/hashmap.c:Hashmap_get_node:205: TRY: 46
DEBUG: src/lcthw/hashmap.c:Hashmap_get_node:205: TRY: 47
DEBUG: src/lcthw/hashmap.c:Hashmap_get_node:205: TRY: 48
DEBUG: src/lcthw/hashmap.c:Hashmap_get_node:205: TRY: 49
DEBUG: src/lcthw/hashmap.c:Hashmap_get_node:205: TRY: 50
DEBUG: src/lcthw/hashmap.c:Hashmap_get_node:205: TRY: 0
DEBUG: src/lcthw/hashmap.c:Hashmap_get_node:205: TRY: 1
DEBUG: src/lcthw/hashmap.c:Hashmap_get_node:205: TRY: 2
DEBUG: src/lcthw/hashmap.c:Hashmap_get_node:205: TRY: 3
DEBUG: src/lcthw/hashmap.c:Hashmap_get_node:205: TRY: 4
DEBUG: src/lcthw/hashmap.c:Hashmap_get_node:205: TRY: 5
DEBUG: src/lcthw/hashmap.c:Hashmap_get_node:205: TRY: 6
DEBUG: src/lcthw/hashmap.c:Hashmap_get_node:205: TRY: 7
DEBUG: src/lcthw/hashmap.c:Hashmap_get_node:205: TRY: 8
DEBUG: src/lcthw/hashmap.c:Hashmap_get_node:205: TRY: 9
DEBUG: src/lcthw/hashmap.c:Hashmap_get_node:205: TRY: 10
DEBUG: src/lcthw/hashmap.c:Hashmap_get_node:205: TRY: 11
DEBUG: src/lcthw/hashmap.c:Hashmap_get_node:205: TRY: 12
DEBUG: src/lcthw/hashmap.c:Hashmap_get_node:205: TRY: 13
DEBUG: src/lcthw/hashmap.c:Hashmap_get_node:205: TRY: 14
DEBUG: src/lcthw/hashmap.c:Hashmap_get_node:205: TRY: 15
DEBUG: src/lcthw/hashmap.c:Hashmap_get_node:205: TRY: 16
DEBUG: src/lcthw/hashmap.c:Hashmap_get_node:205: TRY: 17
DEBUG: src/lcthw/hashmap.c:Hashmap_get_node:205: TRY: 18
DEBUG: src/lcthw/hashmap.c:Hashmap_get_node:205: TRY: 19
DEBUG: src/lcthw/hashmap.c:Hashmap_get_node:205: TRY: 20
DEBUG: src/lcthw/hashmap.c:Hashmap_get_node:205: TRY: 21
DEBUG: src/lcthw/hashmap.c:Hashmap_get_node:205: TRY: 22
DEBUG: src/lcthw/hashmap.c:Hashmap_get_node:205: TRY: 23
DEBUG: src/lcthw/hashmap.c:Hashmap_get_node:205: TRY: 24
DEBUG: src/lcthw/hashmap.c:Hashmap_get_node:205: TRY: 25
DEBUG: src/lcthw/hashmap.c:Hashmap_get_node:205: TRY: 26
DEBUG: src/lcthw/hashmap.c:Hashmap_get_node:205: TRY: 27
DEBUG: src/lcthw/hashmap.c:Hashmap_get_node:205: TRY: 28
DEBUG: src/lcthw/hashmap.c:Hashmap_get_node:205: TRY: 29
DEBUG: src/lcthw/hashmap.c:Hashmap_get_node:205: TRY: 30
DEBUG: src/lcthw/hashmap.c:Hashmap_get_node:205: TRY: 31
DEBUG: src/lcthw/hashmap.c:Hashmap_get_node:205: TRY: 32
DEBUG: src/lcthw/hashmap.c:Hashmap_get_node:205: TRY: 33
DEBUG: src/lcthw/hashmap.c:Hashmap_get_node:205: TRY: 34
DEBUG: src/lcthw/hashmap.c:Hashmap_get_node:205: TRY: 35
DEBUG: src/lcthw/hashmap.c:Hashmap_get_node:205: TRY: 36
DEBUG: src/lcthw/hashmap.c:Hashmap_get_node:205: TRY: 37
DEBUG: src/lcthw/hashmap.c:Hashmap_get_node:205: TRY: 38
DEBUG: src/lcthw/hashmap.c:Hashmap_get_node:205: TRY: 39
DEBUG: src/lcthw/hashmap.c:Hashmap_get_node:205: TRY: 40
DEBUG: src/lcthw/hashmap.c:Hashmap_get_node:205: TRY: 41
DEBUG: src/lcthw/hashmap.c:Hashmap_get_node:205: TRY: 42
DEBUG: src/lcthw/hashmap.c:Hashmap_get_node:205: TRY: 43
DEBUG: src/lcthw/hashmap.c:Hashmap_get_node:205: TRY: 44
DEBUG: src/lcthw/hashmap.c:Hashmap_get_node:205: TRY: 45
DEBUG: src/lcthw/hashmap.c:Hashmap_get_node:205: TRY: 46
DEBUG: src/lcthw/hashmap.c:Hashmap_get_node:205: TRY: 47
DEBUG: src/lcthw/hashmap.c:Hashmap_get_node:205: TRY: 48
DEBUG: src/lcthw/hashmap.c:Hashmap_get_node:205: TRY: 49
DEBUG: src/lcthw/hashmap.c:Hashmap_get_node:205: TRY: 50
DEBUG: src/lcthw/hashmap.c:Hashmap_get_node:205: TRY: 0
DEBUG: src/lcthw/hashmap.c:Hashmap_get_node:205: TRY: 1
DEBUG: src/lcthw/hashmap.c:Hashmap_get_node:205: TRY: 2
DEBUG: src/lcthw/hashmap.c:Hashmap_get_node:205: TRY: 3
DEBUG: src/lcthw/hashmap.c:Hashmap_get_node:205: TRY: 4
DEBUG: src/lcthw/hashmap.c:Hashmap_get_node:205: TRY: 5
DEBUG: src/lcthw/hashmap.c:Hashmap_get_node:205: TRY: 6
DEBUG: src/lcthw/hashmap.c:Hashmap_get_node:205: TRY: 7
DEBUG: src/lcthw/hashmap.c:Hashmap_get_node:205: TRY: 8
DEBUG: src/lcthw/hashmap.c:Hashmap_get_node:205: TRY: 9
DEBUG: src/lcthw/hashmap.c:Hashmap_get_node:205: TRY: 10
DEBUG: src/lcthw/hashmap.c:Hashmap_get_node:205: TRY: 11
DEBUG: src/lcthw/hashmap.c:Hashmap_get_node:205: TRY: 12
DEBUG: src/lcthw/hashmap.c:Hashmap_get_node:205: TRY: 13
DEBUG: src/lcthw/hashmap.c:Hashmap_get_node:205: TRY: 14
DEBUG: src/lcthw/hashmap.c:Hashmap_get_node:205: TRY: 15
DEBUG: src/lcthw/hashmap.c:Hashmap_get_node:205: TRY: 16
DEBUG: src/lcthw/hashmap.c:Hashmap_get_node:205: TRY: 17
DEBUG: src/lcthw/hashmap.c:Hashmap_get_node:205: TRY: 18
DEBUG: src/lcthw/hashmap.c:Hashmap_get_node:205: TRY: 19
DEBUG: src/lcthw/hashmap.c:Hashmap_get_node:205: TRY: 20
DEBUG: src/lcthw/hashmap.c:Hashmap_get_node:205: TRY: 21
DEBUG: src/lcthw/hashmap.c:Hashmap_get_node:205: TRY: 22
DEBUG: src/lcthw/hashmap.c:Hashmap_get_node:205: TRY: 23
DEBUG: src/lcthw/hashmap.c:Hashmap_get_node:205: TRY: 24
DEBUG: src/lcthw/hashmap.c:Hashmap_get_node:205: TRY: 25
DEBUG: src/lcthw/hashmap.c:Hashmap_get_node:205: TRY: 26
DEBUG: src/lcthw/hashmap.c:Hashmap_get_node:205: TRY: 27
DEBUG: src/lcthw/hashmap.c:Hashmap_get_node:205: TRY: 28
DEBUG: src/lcthw/hashmap.c:Hashmap_get_node:205: TRY: 29
DEBUG: src/lcthw/hashmap.c:Hashmap_get_node:205: TRY: 30
DEBUG: src/lcthw/hashmap.c:Hashmap_get_node:205: TRY: 31
DEBUG: src/lcthw/hashmap.c:Hashmap_get_node:205: TRY: 32
DEBUG: src/lcthw/hashmap.c:Hashmap_get_node:205: TRY: 33
DEBUG: src/lcthw/hashmap.c:Hashmap_get_node:205: TRY: 34
DEBUG: src/lcthw/hashmap.c:Hashmap_get_node:205: TRY: 35
DEBUG: src/lcthw/hashmap.c:Hashmap_get_node:205: TRY: 36
DEBUG: src/lcthw/hashmap.c:Hashmap_get_node:205: TRY: 37
DEBUG: src/lcthw/hashmap.c:Hashmap_get_node:205: TRY: 38
DEBUG: src/lcthw/hashmap.c:Hashmap_get_node:205: TRY: 39
DEBUG: src/lcthw/hashmap.c:Hashmap_get_node:205: TRY: 40
DEBUG: src/lcthw/hashmap.c:Hashmap_get_node:205: TRY: 41
DEBUG: src/lcthw/hashmap.c:Hashmap_get_node:205: TRY: 42
DEBUG: src/lcthw/hashmap.c:Hashmap_get_node:205: TRY: 43
DEBUG: src/lcthw/hashmap.c:Hashmap_get_node:205: TRY: 44
DEBUG: src/lcthw/hashmap.c:Hashmap_get_node:205: TRY: 45
DEBUG: src/lcthw/hashmap.c:Hashmap_get_node:205: TRY: 46
DEBUG: src/lcthw/hashmap.c:Hashmap_get_node:205: TRY: 47
DEBUG: src/lcthw/hashmap.c:Hashmap_get_node:205: TRY: 48
DEBUG: src/lcthw/hashmap.c:Hashmap_get_node:205: TRY: 49
DEBUG: src/lcthw/hashmap.c:Hashmap_get_node:205: TRY: 50
DEBUG: src/lcthw/hashmap.c:Hashmap_get_node:205: TRY: 51
DEBUG: src/lcthw/hashmap.c:Hashmap_get_node:205: TRY: 0
DEBUG: src/lcthw/hashmap.c:Hashmap_get_node:205: TRY: 1
DEBUG: src/lcthw/hashmap.c:Hashmap_get_node:205: TRY: 2
DEBUG: src/lcthw/hashmap.c:Hashmap_get_node:205: TRY: 3
DEBUG: src/lcthw/hashmap.c:Hashmap_get_node:205: TRY: 4
DEBUG: src/lcthw/hashmap.c:Hashmap_get_node:205: TRY: 5
DEBUG: src/lcthw/hashmap.c:Hashmap_get_node:205: TRY: 6
DEBUG: src/lcthw/hashmap.c:Hashmap_get_node:205: TRY: 7
DEBUG: src/lcthw/hashmap.c:Hashmap_get_node:205: TRY: 8
DEBUG: src/lcthw/hashmap.c:Hashmap_get_node:205: TRY: 9
DEBUG: src/lcthw/hashmap.c:Hashmap_get_node:205: TRY: 10
DEBUG: src/lcthw/hashmap.c:Hashmap_get_node:205: TRY: 11
DEBUG: src/lcthw/hashmap.c:Hashmap_get_node:205: TRY: 12
DEBUG: src/lcthw/hashmap.c:Hashmap_get_node:205: TRY: 13
DEBUG: src/lcthw/hashmap.c:Hashmap_get_node:205: TRY: 14
DEBUG: src/lcthw/hashmap.c:Hashmap_get_node:205: TRY: 15
DEBUG: src/lcthw/hashmap.c:Hashmap_get_node:205: TRY: 16
DEBUG: src/lcthw/hashmap.c:Hashmap_get_node:205: TRY: 17
DEBUG: src/lcthw/hashmap.c:Hashmap_get_node:205: TRY: 18
DEBUG: src/lcthw/hashmap.c:Hashmap_get_node:205: TRY: 19
DEBUG: src/lcthw/hashmap.c:Hashmap_get_node:205: TRY: 20
DEBUG: src/lcthw/hashmap.c:Hashmap_get_node:205: TRY: 21
DEBUG: src/lcthw/hashmap.c:Hashmap_get_node:205: TRY: 22
DEBUG: src/lcthw/hashmap.c:Hashmap_get_node:205: TRY: 23
DEBUG: src/lcthw/hashmap.c:Hashmap_get_node:205: TRY: 24
DEBUG: src/lcthw/hashmap.c:Hashmap_get_node:205: TRY: 25
DEBUG: src/lcthw/hashmap.c:Hashmap_get_node:205: TRY: 26
DEBUG: src/lcthw/hashmap.c:Hashmap_get_node:205: TRY: 27
DEBUG: src/lcthw/hashmap.c:Hashmap_get_node:205: TRY: 28
DEBUG: src/lcthw/hashmap.c:Hashmap_get_node:205: TRY: 29
DEBUG: src/lcthw/hashmap.c:Hashmap_get_node:205: TRY: 30
DEBUG: src/lcthw/hashmap.c:Hashmap_get_node:205: TRY: 31
DEBUG: src/lcthw/hashmap.c:Hashmap_get_node:205: TRY: 32
DEBUG: src/lcthw/hashmap.c:Hashmap_get_node:205: TRY: 33
DEBUG: src/lcthw/hashmap.c:Hashmap_get_node:205: TRY: 34
DEBUG: src/lcthw/hashmap.c:Hashmap_get_node:205: TRY: 35
DEBUG: src/lcthw/hashmap.c:Hashmap_get_node:205: TRY: 36
DEBUG: src/lcthw/hashmap.c:Hashmap_get_node:205: TRY: 37
DEBUG: src/lcthw/hashmap.c:Hashmap_get_node:205: TRY: 38
DEBUG: src/lcthw/hashmap.c:Hashmap_get_node:205: TRY: 39
DEBUG: src/lcthw/hashmap.c:Hashmap_get_node:205: TRY: 40
DEBUG: src/lcthw/hashmap.c:Hashmap_get_node:205: TRY: 41
DEBUG: src/lcthw/hashmap.c:Hashmap_get_node:205: TRY: 42
DEBUG: src/lcthw/hashmap.c:Hashmap_get_node:205: TRY: 43
DEBUG: src/lcthw/hashmap.c:Hashmap_get_node:205: TRY: 44
DEBUG: src/lcthw/hashmap.c:Hashmap_get_node:205: TRY: 45
DEBUG: src/lcthw/hashmap.c:Hashmap_get_node:205: TRY: 46
DEBUG: src/lcthw/hashmap.c:Hashmap_get_node:205: TRY: 47
DEBUG: src/lcthw/hashmap.c:Hashmap_get_node:205: TRY: 48
DEBUG: src/lcthw/hashmap.c:Hashmap_get_node:205: TRY: 49
DEBUG: src/lcthw/hashmap.c:Hashmap_get_node:205: TRY: 50
DEBUG: src/lcthw/hashmap.c:Hashmap_get_node:205: TRY: 51
DEBUG: src/lcthw/hashmap.c:Hashmap_get_node:205: TRY: 0
DEBUG: src/lcthw/hashmap.c:Hashmap_get_node:205: TRY: 1
DEBUG: src/lcthw/hashmap.c:Hashmap_get_node:205: TRY: 2
DEBUG: src/lcthw/hashmap.c:Hashmap_get_node:205: TRY: 3
DEBUG: src/lcthw/hashmap.c:Hashmap_get_node:205: TRY: 4
DEBUG: src/lcthw/hashmap.c:Hashmap_get_node:205: TRY: 5
DEBUG: src/lcthw/hashmap.c:Hashmap_get_node:205: TRY: 6
DEBUG: src/lcthw/hashmap.c:Hashmap_get_node:205: TRY: 7
DEBUG: src/lcthw/hashmap.c:Hashmap_get_node:205: TRY: 8
DEBUG: src/lcthw/hashmap.c:Hashmap_get_node:205: TRY: 9
DEBUG: src/lcthw/hashmap.c:Hashmap_get_node:205: TRY: 10
DEBUG: src/lcthw/hashmap.c:Hashmap_get_node:205: TRY: 11
DEBUG: src/lcthw/hashmap.c:Hashmap_get_node:205: TRY: 12
DEBUG: src/lcthw/hashmap.c:Hashmap_get_node:205: TRY: 13
DEBUG: src/lcthw/hashmap.c:Hashmap_get_node:205: TRY: 14
DEBUG: src/lcthw/hashmap.c:Hashmap_get_node:205: TRY: 15
DEBUG: src/lcthw/hashmap.c:Hashmap_get_node:205: TRY: 16
DEBUG: src/lcthw/hashmap.c:Hashmap_get_node:205: TRY: 17
DEBUG: src/lcthw/hashmap.c:Hashmap_get_node:205: TRY: 18
DEBUG: src/lcthw/hashmap.c:Hashmap_get_node:205: TRY: 19
DEBUG: src/lcthw/hashmap.c:Hashmap_get_node:205: TRY: 20
DEBUG: src/lcthw/hashmap.c:Hashmap_get_node:205: TRY: 21
DEBUG: src/lcthw/hashmap.c:Hashmap_get_node:205: TRY: 22
DEBUG: src/lcthw/hashmap.c:Hashmap_get_node:205: TRY: 23
DEBUG: src/lcthw/hashmap.c:Hashmap_get_node:205: TRY: 24
DEBUG: src/lcthw/hashmap.c:Hashmap_get_node:205: TRY: 25
DEBUG: src/lcthw/hashmap.c:Hashmap_get_node:205: TRY: 26
DEBUG: src/lcthw/hashmap.c:Hashmap_get_node:205: TRY: 27
DEBUG: src/lcthw/hashmap.c:Hashmap_get_node:205: TRY: 28
DEBUG: src/lcthw/hashmap.c:Hashmap_get_node:205: TRY: 29
DEBUG: src/lcthw/hashmap.c:Hashmap_get_node:205: TRY: 30
DEBUG: src/lcthw/hashmap.c:Hashmap_get_node:205: TRY: 31
DEBUG: src/lcthw/hashmap.c:Hashmap_get_node:205: TRY: 32
DEBUG: src/lcthw/hashmap.c:Hashmap_get_node:205: TRY: 33
DEBUG: src/lcthw/hashmap.c:Hashmap_get_node:205: TRY: 34
DEBUG: src/lcthw/hashmap.c:Hashmap_get_node:205: TRY: 35
DEBUG: src/lcthw/hashmap.c:Hashmap_get_node:205: TRY: 36
DEBUG: src/lcthw/hashmap.c:Hashmap_get_node:205: TRY: 37
DEBUG: src/lcthw/hashmap.c:Hashmap_get_node:205: TRY: 38
DEBUG: src/lcthw/hashmap.c:Hashmap_get_node:205: TRY: 39
DEBUG: src/lcthw/hashmap.c:Hashmap_get_node:205: TRY: 40
DEBUG: src/lcthw/hashmap.c:Hashmap_get_node:205: TRY: 41
DEBUG: src/lcthw/hashmap.c:Hashmap_get_node:205: TRY: 42
DEBUG: src/lcthw/hashmap.c:Hashmap_get_node:205: TRY: 43
DEBUG: src/lcthw/hashmap.c:Hashmap_get_node:205: TRY: 44
DEBUG: src/lcthw/hashmap.c:Hashmap_get_node:205: TRY: 45
DEBUG: src/lcthw/hashmap.c:Hashmap_get_node:205: TRY: 46
DEBUG: src/lcthw/hashmap.c:Hashmap_get_node:205: TRY: 47
DEBUG: src/lcthw/hashmap.c:Hashmap_get_node:205: TRY: 48
DEBUG: src/lcthw/hashmap.c:Hashmap_get_node:205: TRY: 49
DEBUG: src/lcthw/hashmap.c:Hashmap_get_node:205: TRY: 50
DEBUG: src/lcthw/hashmap.c:Hashmap_get_node:205: TRY: 51
DEBUG: src/lcthw/hashmap.c:Hashmap_get_node:205: TRY: 52
DEBUG: src/lcthw/hashmap.c:Hashmap_get_node:205: TRY: 53
DEBUG: src/lcthw/hashmap.c:Hashmap_get_node:205: TRY: 54
DEBUG: src/lcthw/hashmap.c:Hashmap_get_node:205: TRY: 55
DEBUG: src/lcthw/hashmap.c:Hashmap_get_node:205: TRY: 56
DEBUG: src/lcthw/hashmap.c:Hashmap_get_node:205: TRY: 57
DEBUG: src/lcthw/hashmap.c:Hashmap_get_node:205: TRY: 58
DEBUG: src/lcthw/hashmap.c:Hashmap_get_node:205: TRY: 59
DEBUG: src/lcthw/hashmap.c:Hashmap_get_node:205: TRY: 60
DEBUG: src/lcthw/hashmap.c:Hashmap_get_node:205: TRY: 61
DEBUG: src/lcthw/hashmap.c:Hashmap_get_node:205: TRY: 62
DEBUG: src/lcthw/hashmap.c:Hashmap_get_node:205: TRY: 63
DEBUG: src/lcthw/hashmap.c:Hashmap_get_node:205: TRY: 0
DEBUG: src/lcthw/hashmap.c:Hashmap_get_node:205: TRY: 1
DEBUG: src/lcthw/hashmap.c:Hashmap_get_node:205: TRY: 2
DEBUG: src/lcthw/hashmap.c:Hashmap_get_node:205: TRY: 3
DEBUG: src/lcthw/hashmap.c:Hashmap_get_node:205: TRY: 4
DEBUG: src/lcthw/hashmap.c:Hashmap_get_node:205: TRY: 5
DEBUG: src/lcthw/hashmap.c:Hashmap_get_node:205: TRY: 6
DEBUG: src/lcthw/hashmap.c:Hashmap_get_node:205: TRY: 7
DEBUG: src/lcthw/hashmap.c:Hashmap_get_node:205: TRY: 8
DEBUG: src/lcthw/hashmap.c:Hashmap_get_node:205: TRY: 9
DEBUG: src/lcthw/hashmap.c:Hashmap_get_node:205: TRY: 10
DEBUG: src/lcthw/hashmap.c:Hashmap_get_node:205: TRY: 11
DEBUG: src/lcthw/hashmap.c:Hashmap_get_node:205: TRY: 12
DEBUG: src/lcthw/hashmap.c:Hashmap_get_node:205: TRY: 13
DEBUG: src/lcthw/hashmap.c:Hashmap_get_node:205: TRY: 14
DEBUG: src/lcthw/hashmap.c:Hashmap_get_node:205: TRY: 15
DEBUG: src/lcthw/hashmap.c:Hashmap_get_node:205: TRY: 16
DEBUG: src/lcthw/hashmap.c:Hashmap_get_node:205: TRY: 17
DEBUG: src/lcthw/hashmap.c:Hashmap_get_node:205: TRY: 18
DEBUG: src/lcthw/hashmap.c:Hashmap_get_node:205: TRY: 19
DEBUG: src/lcthw/hashmap.c:Hashmap_get_node:205: TRY: 20
DEBUG: src/lcthw/hashmap.c:Hashmap_get_node:205: TRY: 21
DEBUG: src/lcthw/hashmap.c:Hashmap_get_node:205: TRY: 22
DEBUG: src/lcthw/hashmap.c:Hashmap_get_node:205: TRY: 23
DEBUG: src/lcthw/hashmap.c:Hashmap_get_node:205: TRY: 24
DEBUG: src/lcthw/hashmap.c:Hashmap_get_node:205: TRY: 25
DEBUG: src/lcthw/hashmap.c:Hashmap_get_node:205: TRY: 26
DEBUG: src/lcthw/hashmap.c:Hashmap_get_node:205: TRY: 27
DEBUG: src/lcthw/hashmap.c:Hashmap_get_node:205: TRY: 28
DEBUG: src/lcthw/hashmap.c:Hashmap_get_node:205: TRY: 29
DEBUG: src/lcthw/hashmap.c:Hashmap_get_node:205: TRY: 30
DEBUG: src/lcthw/hashmap.c:Hashmap_get_node:205: TRY: 31
DEBUG: src/lcthw/hashmap.c:Hashmap_get_node:205: TRY: 32
DEBUG: src/lcthw/hashmap.c:Hashmap_get_node:205: TRY: 33
DEBUG: src/lcthw/hashmap.c:Hashmap_get_node:205: TRY: 34
DEBUG: src/lcthw/hashmap.c:Hashmap_get_node:205: TRY: 35
DEBUG: src/lcthw/hashmap.c:Hashmap_get_node:205: TRY: 36
DEBUG: src/lcthw/hashmap.c:Hashmap_get_node:205: TRY: 37
DEBUG: src/lcthw/hashmap.c:Hashmap_get_node:205: TRY: 38
DEBUG: src/lcthw/hashmap.c:Hashmap_get_node:205: TRY: 39
DEBUG: src/lcthw/hashmap.c:Hashmap_get_node:205: TRY: 40
DEBUG: src/lcthw/hashmap.c:Hashmap_get_node:205: TRY: 41
DEBUG: src/lcthw/hashmap.c:Hashmap_get_node:205: TRY: 42
DEBUG: src/lcthw/hashmap.c:Hashmap_get_node:205: TRY: 43
DEBUG: src/lcthw/hashmap.c:Hashmap_get_node:205: TRY: 44
DEBUG: src/lcthw/hashmap.c:Hashmap_get_node:205: TRY: 45
DEBUG: src/lcthw/hashmap.c:Hashmap_get_node:205: TRY: 46
DEBUG: src/lcthw/hashmap.c:Hashmap_get_node:205: TRY: 47
DEBUG: src/lcthw/hashmap.c:Hashmap_get_node:205: TRY: 48
DEBUG: src/lcthw/hashmap.c:Hashmap_get_node:205: TRY: 49
DEBUG: src/lcthw/hashmap.c:Hashmap_get_node:205: TRY: 50
DEBUG: src/lcthw/hashmap.c:Hashmap_get_node:205: TRY: 51
DEBUG: src/lcthw/hashmap.c:Hashmap_get_node:205: TRY: 52
DEBUG: src/lcthw/hashmap.c:Hashmap_get_node:205: TRY: 0
DEBUG: src/lcthw/hashmap.c:Hashmap_get_node:205: TRY: 1
DEBUG: src/lcthw/hashmap.c:Hashmap_get_node:205: TRY: 2
DEBUG: src/lcthw/hashmap.c:Hashmap_get_node:205: TRY: 3
DEBUG: src/lcthw/hashmap.c:Hashmap_get_node:205: TRY: 4
DEBUG: src/lcthw/hashmap.c:Hashmap_get_node:205: TRY: 5
DEBUG: src/lcthw/hashmap.c:Hashmap_get_node:205: TRY: 6
DEBUG: src/lcthw/hashmap.c:Hashmap_get_node:205: TRY: 7
DEBUG: src/lcthw/hashmap.c:Hashmap_get_node:205: TRY: 8
DEBUG: src/lcthw/hashmap.c:Hashmap_get_node:205: TRY: 9
DEBUG: src/lcthw/hashmap.c:Hashmap_get_node:205: TRY: 10
DEBUG: src/lcthw/hashmap.c:Hashmap_get_node:205: TRY: 11
DEBUG: src/lcthw/hashmap.c:Hashmap_get_node:205: TRY: 12
DEBUG: src/lcthw/hashmap.c:Hashmap_get_node:205: TRY: 13
DEBUG: src/lcthw/hashmap.c:Hashmap_get_node:205: TRY: 14
DEBUG: src/lcthw/hashmap.c:Hashmap_get_node:205: TRY: 15
DEBUG: src/lcthw/hashmap.c:Hashmap_get_node:205: TRY: 16
DEBUG: src/lcthw/hashmap.c:Hashmap_get_node:205: TRY: 17
DEBUG: src/lcthw/hashmap.c:Hashmap_get_node:205: TRY: 18
DEBUG: src/lcthw/hashmap.c:Hashmap_get_node:205: TRY: 19
DEBUG: src/lcthw/hashmap.c:Hashmap_get_node:205: TRY: 20
DEBUG: src/lcthw/hashmap.c:Hashmap_get_node:205: TRY: 21
DEBUG: src/lcthw/hashmap.c:Hashmap_get_node:205: TRY: 22
DEBUG: src/lcthw/hashmap.c:Hashmap_get_node:205: TRY: 23
DEBUG: src/lcthw/hashmap.c:Hashmap_get_node:205: TRY: 24
DEBUG: src/lcthw/hashmap.c:Hashmap_get_node:205: TRY: 25
DEBUG: src/lcthw/hashmap.c:Hashmap_get_node:205: TRY: 26
DEBUG: src/lcthw/hashmap.c:Hashmap_get_node:205: TRY: 27
DEBUG: src/lcthw/hashmap.c:Hashmap_get_node:205: TRY: 28
DEBUG: src/lcthw/hashmap.c:Hashmap_get_node:205: TRY: 29
DEBUG: src/lcthw/hashmap.c:Hashmap_get_node:205: TRY: 30
DEBUG: src/lcthw/hashmap.c:Hashmap_get_node:205: TRY: 31
DEBUG: src/lcthw/hashmap.c:Hashmap_get_node:205: TRY: 32
DEBUG: src/lcthw/hashmap.c:Hashmap_get_node:205: TRY: 33
DEBUG: src/lcthw/hashmap.c:Hashmap_get_node:205: TRY: 34
DEBUG: src/lcthw/hashmap.c:Hashmap_get_node:205: TRY: 35
DEBUG: src/lcthw/hashmap.c:Hashmap_get_node:205: TRY: 36
DEBUG: src/lcthw/hashmap.c:Hashmap_get_node:205: TRY: 37
DEBUG: src/lcthw/hashmap.c:Hashmap_get_node:205: TRY: 38
DEBUG: src/lcthw/hashmap.c:Hashmap_get_node:205: TRY: 39
DEBUG: src/lcthw/hashmap.c:Hashmap_get_node:205: TRY: 40
DEBUG: src/lcthw/hashmap.c:Hashmap_get_node:205: TRY: 41
DEBUG: src/lcthw/hashmap.c:Hashmap_get_node:205: TRY: 42
DEBUG: src/lcthw/hashmap.c:Hashmap_get_node:205: TRY: 43
DEBUG: src/lcthw/hashmap.c:Hashmap_get_node:205: TRY: 44
DEBUG: src/lcthw/hashmap.c:Hashmap_get_node:205: TRY: 45
DEBUG: src/lcthw/hashmap.c:Hashmap_get_node:205: TRY: 46
DEBUG: src/lcthw/hashmap.c:Hashmap_get_node:205: TRY: 47
DEBUG: src/lcthw/hashmap.c:Hashmap_get_node:205: TRY: 48
DEBUG: src/lcthw/hashmap.c:Hashmap_get_node:205: TRY: 49
DEBUG: src/lcthw/hashmap.c:Hashmap_get_node:205: TRY: 50
DEBUG: src/lcthw/hashmap.c:Hashmap_get_node:205: TRY: 51
DEBUG: src/lcthw/hashmap.c:Hashmap_get_node:205: TRY: 52
DEBUG: src/lcthw/hashmap.c:Hashmap_get_node:205: TRY: 53
DEBUG: src/lcthw/hashmap.c:Hashmap_get_node:205: TRY: 54
DEBUG: src/lcthw/hashmap.c:Hashmap_get_node:205: TRY: 55
DEBUG: src/lcthw/hashmap.c:Hashmap_get_node:205: TRY: 0
DEBUG: src/lcthw/hashmap.c:Hashmap_get_node:205: TRY: 1
DEBUG: src/lcthw/hashmap.c:Hashmap_get_node:205: TRY: 2
DEBUG: src/lcthw/hashmap.c:Hashmap_get_node:205: TRY: 3
DEBUG: src/lcthw/hashmap.c:Hashmap_get_node:205: TRY: 4
DEBUG: src/lcthw/hashmap.c:Hashmap_get_node:205: TRY: 5
DEBUG: src/lcthw/hashmap.c:Hashmap_get_node:205: TRY: 6
DEBUG: src/lcthw/hashmap.c:Hashmap_get_node:205: TRY: 7
DEBUG: src/lcthw/hashmap.c:Hashmap_get_node:205: TRY: 8
DEBUG: src/lcthw/hashmap.c:Hashmap_get_node:205: TRY: 9
DEBUG: src/lcthw/hashmap.c:Hashmap_get_node:205: TRY: 10
DEBUG: src/lcthw/hashmap.c:Hashmap_get_node:205: TRY: 11
DEBUG: src/lcthw/hashmap.c:Hashmap_get_node:205: TRY: 12
DEBUG: src/lcthw/hashmap.c:Hashmap_get_node:205: TRY: 13
DEBUG: src/lcthw/hashmap.c:Hashmap_get_node:205: TRY: 14
DEBUG: src/lcthw/hashmap.c:Hashmap_get_node:205: TRY: 15
DEBUG: src/lcthw/hashmap.c:Hashmap_get_node:205: TRY: 16
DEBUG: src/lcthw/hashmap.c:Hashmap_get_node:205: TRY: 17
DEBUG: src/lcthw/hashmap.c:Hashmap_get_node:205: TRY: 18
DEBUG: src/lcthw/hashmap.c:Hashmap_get_node:205: TRY: 19
DEBUG: src/lcthw/hashmap.c:Hashmap_get_node:205: TRY: 20
DEBUG: src/lcthw/hashmap.c:Hashmap_get_node:205: TRY: 21
DEBUG: src/lcthw/hashmap.c:Hashmap_get_node:205: TRY: 22
DEBUG: src/lcthw/hashmap.c:Hashmap_get_node:205: TRY: 23
DEBUG: src/lcthw/hashmap.c:Hashmap_get_node:205: TRY: 24
DEBUG: src/lcthw/hashmap.c:Hashmap_get_node:205: TRY: 25
DEBUG: src/lcthw/hashmap.c:Hashmap_get_node:205: TRY: 26
DEBUG: src/lcthw/hashmap.c:Hashmap_get_node:205: TRY: 27
DEBUG: src/lcthw/hashmap.c:Hashmap_get_node:205: TRY: 28
DEBUG: src/lcthw/hashmap.c:Hashmap_get_node:205: TRY: 29
DEBUG: src/lcthw/hashmap.c:Hashmap_get_node:205: TRY: 30
DEBUG: src/lcthw/hashmap.c:Hashmap_get_node:205: TRY: 31
DEBUG: src/lcthw/hashmap.c:Hashmap_get_node:205: TRY: 32
DEBUG: src/lcthw/hashmap.c:Hashmap_get_node:205: TRY: 33
DEBUG: src/lcthw/hashmap.c:Hashmap_get_node:205: TRY: 34
DEBUG: src/lcthw/hashmap.c:Hashmap_get_node:205: TRY: 35
DEBUG: src/lcthw/hashmap.c:Hashmap_get_node:205: TRY: 36
DEBUG: src/lcthw/hashmap.c:Hashmap_get_node:205: TRY: 37
DEBUG: src/lcthw/hashmap.c:Hashmap_get_node:205: TRY: 38
DEBUG: src/lcthw/hashmap.c:Hashmap_get_node:205: TRY: 39
DEBUG: src/lcthw/hashmap.c:Hashmap_get_node:205: TRY: 40
DEBUG: src/lcthw/hashmap.c:Hashmap_get_node:205: TRY: 41
DEBUG: src/lcthw/hashmap.c:Hashmap_get_node:205: TRY: 42
DEBUG: src/lcthw/hashmap.c:Hashmap_get_node:205: TRY: 43
DEBUG: src/lcthw/hashmap.c:Hashmap_get_node:205: TRY: 44
DEBUG: src/lcthw/hashmap.c:Hashmap_get_node:205: TRY: 45
DEBUG: src/lcthw/hashmap.c:Hashmap_get_node:205: TRY: 46
DEBUG: src/lcthw/hashmap.c:Hashmap_get_node:205: TRY: 47
DEBUG: src/lcthw/hashmap.c:Hashmap_get_node:205: TRY: 48
DEBUG: src/lcthw/hashmap.c:Hashmap_get_node:205: TRY: 49
DEBUG: src/lcthw/hashmap.c:Hashmap_get_node:205: TRY: 50
DEBUG: src/lcthw/hashmap.c:Hashmap_get_node:205: TRY: 51
DEBUG: src/lcthw/hashmap.c:Hashmap_get_node:205: TRY: 0
DEBUG: src/lcthw/hashmap.c:Hashmap_get_node:205: TRY: 1
DEBUG: src/lcthw/hashmap.c:Hashmap_get_node:205: TRY: 2
DEBUG: src/lcthw/hashmap.c:Hashmap_get_node:205: TRY: 3
DEBUG: src/lcthw/hashmap.c:Hashmap_get_node:205: TRY: 4
DEBUG: src/lcthw/hashmap.c:Hashmap_get_node:205: TRY: 5
DEBUG: src/lcthw/hashmap.c:Hashmap_get_node:205: TRY: 6
DEBUG: src/lcthw/hashmap.c:Hashmap_get_node:205: TRY: 7
DEBUG: src/lcthw/hashmap.c:Hashmap_get_node:205: TRY: 8
DEBUG: src/lcthw/hashmap.c:Hashmap_get_node:205: TRY: 9
DEBUG: src/lcthw/hashmap.c:Hashmap_get_node:205: TRY: 10
DEBUG: src/lcthw/hashmap.c:Hashmap_get_node:205: TRY: 11
DEBUG: src/lcthw/hashmap.c:Hashmap_get_node:205: TRY: 12
DEBUG: src/lcthw/hashmap.c:Hashmap_get_node:205: TRY: 13
DEBUG: src/lcthw/hashmap.c:Hashmap_get_node:205: TRY: 14
DEBUG: src/lcthw/hashmap.c:Hashmap_get_node:205: TRY: 15
DEBUG: src/lcthw/hashmap.c:Hashmap_get_node:205: TRY: 16
DEBUG: src/lcthw/hashmap.c:Hashmap_get_node:205: TRY: 17
DEBUG: src/lcthw/hashmap.c:Hashmap_get_node:205: TRY: 18
DEBUG: src/lcthw/hashmap.c:Hashmap_get_node:205: TRY: 19
DEBUG: src/lcthw/hashmap.c:Hashmap_get_node:205: TRY: 20
DEBUG: src/lcthw/hashmap.c:Hashmap_get_node:205: TRY: 21
DEBUG: src/lcthw/hashmap.c:Hashmap_get_node:205: TRY: 22
DEBUG: src/lcthw/hashmap.c:Hashmap_get_node:205: TRY: 23
DEBUG: src/lcthw/hashmap.c:Hashmap_get_node:205: TRY: 24
DEBUG: src/lcthw/hashmap.c:Hashmap_get_node:205: TRY: 25
DEBUG: src/lcthw/hashmap.c:Hashmap_get_node:205: TRY: 26
DEBUG: src/lcthw/hashmap.c:Hashmap_get_node:205: TRY: 27
DEBUG: src/lcthw/hashmap.c:Hashmap_get_node:205: TRY: 28
DEBUG: src/lcthw/hashmap.c:Hashmap_get_node:205: TRY: 29
DEBUG: src/lcthw/hashmap.c:Hashmap_get_node:205: TRY: 30
DEBUG: src/lcthw/hashmap.c:Hashmap_get_node:205: TRY: 31
DEBUG: src/lcthw/hashmap.c:Hashmap_get_node:205: TRY: 32
DEBUG: src/lcthw/hashmap.c:Hashmap_get_node:205: TRY: 33
DEBUG: src/lcthw/hashmap.c:Hashmap_get_node:205: TRY: 34
DEBUG: src/lcthw/hashmap.c:Hashmap_get_node:205: TRY: 35
DEBUG: src/lcthw/hashmap.c:Hashmap_get_node:205: TRY: 36
DEBUG: src/lcthw/hashmap.c:Hashmap_get_node:205: TRY: 37
DEBUG: src/lcthw/hashmap.c:Hashmap_get_node:205: TRY: 38
DEBUG: src/lcthw/hashmap.c:Hashmap_get_node:205: TRY: 39
DEBUG: src/lcthw/hashmap.c:Hashmap_get_node:205: TRY: 40
DEBUG: src/lcthw/hashmap.c:Hashmap_get_node:205: TRY: 41
DEBUG: src/lcthw/hashmap.c:Hashmap_get_node:205: TRY: 42
DEBUG: src/lcthw/hashmap.c:Hashmap_get_node:205: TRY: 43
DEBUG: src/lcthw/hashmap.c:Hashmap_get_node:205: TRY: 44
DEBUG: src/lcthw/hashmap.c:Hashmap_get_node:205: TRY: 45
DEBUG: src/lcthw/hashmap.c:Hashmap_get_node:205: TRY: 46
DEBUG: src/lcthw/hashmap.c:Hashmap_get_node:205: TRY: 47
DEBUG: src/lcthw/hashmap.c:Hashmap_get_node:205: TRY: 48
DEBUG: src/lcthw/hashmap.c:Hashmap_get_node:205: TRY: 49
DEBUG: src/lcthw/hashmap.c:Hashmap_get_node:205: TRY: 50
DEBUG: src/lcthw/hashmap.c:Hashmap_get_node:205: TRY: 51
DEBUG: src/lcthw/hashmap.c:Hashmap_get_node:205: TRY: 52
DEBUG: src/lcthw/hashmap.c:Hashmap_get_node:205: TRY: 53
DEBUG: src/lcthw/hashmap.c:Hashmap_get_node:205: TRY: 0
DEBUG: src/lcthw/hashmap.c:Hashmap_get_node:205: TRY: 1
DEBUG: src/lcthw/hashmap.c:Hashmap_get_node:205: TRY: 2
DEBUG: src/lcthw/hashmap.c:Hashmap_get_node:205: TRY: 3
DEBUG: src/lcthw/hashmap.c:Hashmap_get_node:205: TRY: 4
DEBUG: src/lcthw/hashmap.c:Hashmap_get_node:205: TRY: 5
DEBUG: src/lcthw/hashmap.c:Hashmap_get_node:205: TRY: 6
DEBUG: src/lcthw/hashmap.c:Hashmap_get_node:205: TRY: 7
DEBUG: src/lcthw/hashmap.c:Hashmap_get_node:205: TRY: 8
DEBUG: src/lcthw/hashmap.c:Hashmap_get_node:205: TRY: 9
DEBUG: src/lcthw/hashmap.c:Hashmap_get_node:205: TRY: 10
DEBUG: src/lcthw/hashmap.c:Hashmap_get_node:205: TRY: 11
DEBUG: src/lcthw/hashmap.c:Hashmap_get_node:205: TRY: 12
DEBUG: src/lcthw/hashmap.c:Hashmap_get_node:205: TRY: 13
DEBUG: src/lcthw/hashmap.c:Hashmap_get_node:205: TRY: 14
DEBUG: src/lcthw/hashmap.c:Hashmap_get_node:205: TRY: 15
DEBUG: src/lcthw/hashmap.c:Hashmap_get_node:205: TRY: 16
DEBUG: src/lcthw/hashmap.c:Hashmap_get_node:205: TRY: 17
DEBUG: src/lcthw/hashmap.c:Hashmap_get_node:205: TRY: 18
DEBUG: src/lcthw/hashmap.c:Hashmap_get_node:205: TRY: 19
DEBUG: src/lcthw/hashmap.c:Hashmap_get_node:205: TRY: 20
DEBUG: src/lcthw/hashmap.c:Hashmap_get_node:205: TRY: 21
DEBUG: src/lcthw/hashmap.c:Hashmap_get_node:205: TRY: 22
DEBUG: src/lcthw/hashmap.c:Hashmap_get_node:205: TRY: 23
DEBUG: src/lcthw/hashmap.c:Hashmap_get_node:205: TRY: 24
DEBUG: src/lcthw/hashmap.c:Hashmap_get_node:205: TRY: 25
DEBUG: src/lcthw/hashmap.c:Hashmap_get_node:205: TRY: 26
DEBUG: src/lcthw/hashmap.c:Hashmap_get_node:205: TRY: 27
DEBUG: src/lcthw/hashmap.c:Hashmap_get_node:205: TRY: 28
DEBUG: src/lcthw/hashmap.c:Hashmap_get_node:205: TRY: 29
DEBUG: src/lcthw/hashmap.c:Hashmap_get_node:205: TRY: 30
DEBUG: src/lcthw/hashmap.c:Hashmap_get_node:205: TRY: 31
DEBUG: src/lcthw/hashmap.c:Hashmap_get_node:205: TRY: 32
DEBUG: src/lcthw/hashmap.c:Hashmap_get_node:205: TRY: 33
DEBUG: src/lcthw/hashmap.c:Hashmap_get_node:205: TRY: 34
DEBUG: src/lcthw/hashmap.c:Hashmap_get_node:205: TRY: 35
DEBUG: src/lcthw/hashmap.c:Hashmap_get_node:205: TRY: 36
DEBUG: src/lcthw/hashmap.c:Hashmap_get_node:205: TRY: 37
DEBUG: src/lcthw/hashmap.c:Hashmap_get_node:205: TRY: 38
DEBUG: src/lcthw/hashmap.c:Hashmap_get_node:205: TRY: 39
DEBUG: src/lcthw/hashmap.c:Hashmap_get_node:205: TRY: 40
DEBUG: src/lcthw/hashmap.c:Hashmap_get_node:205: TRY: 41
DEBUG: src/lcthw/hashmap.c:Hashmap_get_node:205: TRY: 42
DEBUG: src/lcthw/hashmap.c:Hashmap_get_node:205: TRY: 43
DEBUG: src/lcthw/hashmap.c:Hashmap_get_node:205: TRY: 44
DEBUG: src/lcthw/hashmap.c:Hashmap_get_node:205: TRY: 45
DEBUG: src/lcthw/hashmap.c:Hashmap_get_node:205: TRY: 46
DEBUG: src/lcthw/hashmap.c:Hashmap_get_node:205: TRY: 47
DEBUG: src/lcthw/hashmap.c:Hashmap_get_node:205: TRY: 48
DEBUG: src/lcthw/hashmap.c:Hashmap_get_node:205: TRY: 49
DEBUG: src/lcthw/hashmap.c:Hashmap_get_node:205: TRY: 50
DEBUG: src/lcthw/hashmap.c:Hashmap_get_node:205: TRY: 51
DEBUG: src/lcthw/hashmap.c:Hashmap_get_node:205: TRY: 52
DEBUG: src/lcthw/hashmap.c:Hashmap_get_node:205: TRY: 0
DEBUG: src/lcthw/hashmap.c:Hashmap_get_node:205: TRY: 1
DEBUG: src/lcthw/hashmap.c:Hashmap_get_node:205: TRY: 2
DEBUG: src/lcthw/hashmap.c:Hashmap_get_node:205: TRY: 3
DEBUG: src/lcthw/hashmap.c:Hashmap_get_node:205: TRY: 4
DEBUG: src/lcthw/hashmap.c:Hashmap_get_node:205: TRY: 5
DEBUG: src/lcthw/hashmap.c:Hashmap_get_node:205: TRY: 6
DEBUG: src/lcthw/hashmap.c:Hashmap_get_node:205: TRY: 7
DEBUG: src/lcthw/hashmap.c:Hashmap_get_node:205: TRY: 8
DEBUG: src/lcthw/hashmap.c:Hashmap_get_node:205: TRY: 9
DEBUG: src/lcthw/hashmap.c:Hashmap_get_node:205: TRY: 10
DEBUG: src/lcthw/hashmap.c:Hashmap_get_node:205: TRY: 11
DEBUG: src/lcthw/hashmap.c:Hashmap_get_node:205: TRY: 12
DEBUG: src/lcthw/hashmap.c:Hashmap_get_node:205: TRY: 13
DEBUG: src/lcthw/hashmap.c:Hashmap_get_node:205: TRY: 14
DEBUG: src/lcthw/hashmap.c:Hashmap_get_node:205: TRY: 15
DEBUG: src/lcthw/hashmap.c:Hashmap_get_node:205: TRY: 16
DEBUG: src/lcthw/hashmap.c:Hashmap_get_node:205: TRY: 17
DEBUG: src/lcthw/hashmap.c:Hashmap_get_node:205: TRY: 18
DEBUG: src/lcthw/hashmap.c:Hashmap_get_node:205: TRY: 19
DEBUG: src/lcthw/hashmap.c:Hashmap_get_node:205: TRY: 20
DEBUG: src/lcthw/hashmap.c:Hashmap_get_node:205: TRY: 21
DEBUG: src/lcthw/hashmap.c:Hashmap_get_node:205: TRY: 22
DEBUG: src/lcthw/hashmap.c:Hashmap_get_node:205: TRY: 23
DEBUG: src/lcthw/hashmap.c:Hashmap_get_node:205: TRY: 24
DEBUG: src/lcthw/hashmap.c:Hashmap_get_node:205: TRY: 25
DEBUG: src/lcthw/hashmap.c:Hashmap_get_node:205: TRY: 26
DEBUG: src/lcthw/hashmap.c:Hashmap_get_node:205: TRY: 27
DEBUG: src/lcthw/hashmap.c:Hashmap_get_node:205: TRY: 28
DEBUG: src/lcthw/hashmap.c:Hashmap_get_node:205: TRY: 29
DEBUG: src/lcthw/hashmap.c:Hashmap_get_node:205: TRY: 30
DEBUG: src/lcthw/hashmap.c:Hashmap_get_node:205: TRY: 31
DEBUG: src/lcthw/hashmap.c:Hashmap_get_node:205: TRY: 32
DEBUG: src/lcthw/hashmap.c:Hashmap_get_node:205: TRY: 33
DEBUG: src/lcthw/hashmap.c:Hashmap_get_node:205: TRY: 34
DEBUG: src/lcthw/hashmap.c:Hashmap_get_node:205: TRY: 35
DEBUG: src/lcthw/hashmap.c:Hashmap_get_node:205: TRY: 36
DEBUG: src/lcthw/hashmap.c:Hashmap_get_node:205: TRY: 37
DEBUG: src/lcthw/hashmap.c:Hashmap_get_node:205: TRY: 38
DEBUG: src/lcthw/hashmap.c:Hashmap_get_node:205: TRY: 39
DEBUG: src/lcthw/hashmap.c:Hashmap_get_node:205: TRY: 40
DEBUG: src/lcthw/hashmap.c:Hashmap_get_node:205: TRY: 41
DEBUG: src/lcthw/hashmap.c:Hashmap_get_node:205: TRY: 42
DEBUG: src/lcthw/hashmap.c:Hashmap_get_node:205: TRY: 43
DEBUG: src/lcthw/hashmap.c:Hashmap_get_node:205: TRY: 44
DEBUG: src/lcthw/hashmap.c:Hashmap_get_node:205: TRY: 45
DEBUG: src/lcthw/hashmap.c:Hashmap_get_node:205: TRY: 46
DEBUG: src/lcthw/hashmap.c:Hashmap_get_node:205: TRY: 47
DEBUG: src/lcthw/hashmap.c:Hashmap_get_node:205: TRY: 48
DEBUG: src/lcthw/hashmap.c:Hashmap_get_node:205: TRY: 49
DEBUG: src/lcthw/hashmap.c:Hashmap_get_node:205: TRY: 50
DEBUG: src/lcthw/hashmap.c:Hashmap_get_node:205: TRY: 51
DEBUG: src/lcthw/hashmap.c:Hashmap_get_node:205: TRY: 52
DEBUG: src/lcthw/hashmap.c:Hashmap_get_node:205: TRY: 0
DEBUG: src/lcthw/hashmap.c:Hashmap_get_node:205: TRY: 1
DEBUG: src/lcthw/hashmap.c:Hashmap_get_node:205: TRY: 2
DEBUG: src/lcthw/hashmap.c:Hashmap_get_node:205: TRY: 3
DEBUG: src/lcthw/hashmap.c:Hashmap_get_node:205: TRY: 4
DEBUG: src/lcthw/hashmap.c:Hashmap_get_node:205: TRY: 5
DEBUG: src/lcthw/hashmap.c:Hashmap_get_node:205: TRY: 6
DEBUG: src/lcthw/hashmap.c:Hashmap_get_node:205: TRY: 7
DEBUG: src/lcthw/hashmap.c:Hashmap_get_node:205: TRY: 8
DEBUG: src/lcthw/hashmap.c:Hashmap_get_node:205: TRY: 9
DEBUG: src/lcthw/hashmap.c:Hashmap_get_node:205: TRY: 10
DEBUG: src/lcthw/hashmap.c:Hashmap_get_node:205: TRY: 11
DEBUG: src/lcthw/hashmap.c:Hashmap_get_node:205: TRY: 12
DEBUG: src/lcthw/hashmap.c:Hashmap_get_node:205: TRY: 13
DEBUG: src/lcthw/hashmap.c:Hashmap_get_node:205: TRY: 14
DEBUG: src/lcthw/hashmap.c:Hashmap_get_node:205: TRY: 15
DEBUG: src/lcthw/hashmap.c:Hashmap_get_node:205: TRY: 16
DEBUG: src/lcthw/hashmap.c:Hashmap_get_node:205: TRY: 17
DEBUG: src/lcthw/hashmap.c:Hashmap_get_node:205: TRY: 18
DEBUG: src/lcthw/hashmap.c:Hashmap_get_node:205: TRY: 19
DEBUG: src/lcthw/hashmap.c:Hashmap_get_node:205: TRY: 20
DEBUG: src/lcthw/hashmap.c:Hashmap_get_node:205: TRY: 21
DEBUG: src/lcthw/hashmap.c:Hashmap_get_node:205: TRY: 22
DEBUG: src/lcthw/hashmap.c:Hashmap_get_node:205: TRY: 23
DEBUG: src/lcthw/hashmap.c:Hashmap_get_node:205: TRY: 24
DEBUG: src/lcthw/hashmap.c:Hashmap_get_node:205: TRY: 25
DEBUG: src/lcthw/hashmap.c:Hashmap_get_node:205: TRY: 26
DEBUG: src/lcthw/hashmap.c:Hashmap_get_node:205: TRY: 27
DEBUG: src/lcthw/hashmap.c:Hashmap_get_node:205: TRY: 28
DEBUG: src/lcthw/hashmap.c:Hashmap_get_node:205: TRY: 29
DEBUG: src/lcthw/hashmap.c:Hashmap_get_node:205: TRY: 30
DEBUG: src/lcthw/hashmap.c:Hashmap_get_node:205: TRY: 31
DEBUG: src/lcthw/hashmap.c:Hashmap_get_node:205: TRY: 32
DEBUG: src/lcthw/hashmap.c:Hashmap_get_node:205: TRY: 33
DEBUG: src/lcthw/hashmap.c:Hashmap_get_node:205: TRY: 34
DEBUG: src/lcthw/hashmap.c:Hashmap_get_node:205: TRY: 35
DEBUG: src/lcthw/hashmap.c:Hashmap_get_node:205: TRY: 36
DEBUG: src/lcthw/hashmap.c:Hashmap_get_node:205: TRY: 37
DEBUG: src/lcthw/hashmap.c:Hashmap_get_node:205: TRY: 38
DEBUG: src/lcthw/hashmap.c:Hashmap_get_node:205: TRY: 39
DEBUG: src/lcthw/hashmap.c:Hashmap_get_node:205: TRY: 40
DEBUG: src/lcthw/hashmap.c:Hashmap_get_node:205: TRY: 41
DEBUG: src/lcthw/hashmap.c:Hashmap_get_node:205: TRY: 42
DEBUG: src/lcthw/hashmap.c:Hashmap_get_node:205: TRY: 43
DEBUG: src/lcthw/hashmap.c:Hashmap_get_node:205: TRY: 44
DEBUG: src/lcthw/hashmap.c:Hashmap_get_node:205: TRY: 45
DEBUG: src/lcthw/hashmap.c:Hashmap_get_node:205: TRY: 46
DEBUG: src/lcthw/hashmap.c:Hashmap_get_node:205: TRY: 47
DEBUG: src/lcthw/hashmap.c:Hashmap_get_node:205: TRY: 48
DEBUG: src/lcthw/hashmap.c:Hashmap_get_node:205: TRY: 49
DEBUG: src/lcthw/hashmap.c:Hashmap_get_node:205: TRY: 50
DEBUG: src/lcthw/hashmap.c:Hashmap_get_node:205: TRY: 51
DEBUG: src/lcthw/hashmap.c:Hashmap_get_node:205: TRY: 52
DEBUG: src/lcthw/hashmap.c:Hashmap_get_node:205: TRY: 53
DEBUG: src/lcthw/hashmap.c:Hashmap_get_node:205: TRY: 0
DEBUG: src/lcthw/hashmap.c:Hashmap_get_node:205: TRY: 1
DEBUG: src/lcthw/hashmap.c:Hashmap_get_node:205: TRY: 2
DEBUG: src/lcthw/hashmap.c:Hashmap_get_node:205: TRY: 3
DEBUG: src/lcthw/hashmap.c:Hashmap_get_node:205: TRY: 4
DEBUG: src/lcthw/hashmap.c:Hashmap_get_node:205: TRY: 5
DEBUG: src/lcthw/hashmap.c:Hashmap_get_node:205: TRY: 6
DEBUG: src/lcthw/hashmap.c:Hashmap_get_node:205: TRY: 7
DEBUG: src/lcthw/hashmap.c:Hashmap_get_node:205: TRY: 8
DEBUG: src/lcthw/hashmap.c:Hashmap_get_node:205: TRY: 9
DEBUG: src/lcthw/hashmap.c:Hashmap_get_node:205: TRY: 10
DEBUG: src/lcthw/hashmap.c:Hashmap_get_node:205: TRY: 11
DEBUG: src/lcthw/hashmap.c:Hashmap_get_node:205: TRY: 12
DEBUG: src/lcthw/hashmap.c:Hashmap_get_node:205: TRY: 13
DEBUG: src/lcthw/hashmap.c:Hashmap_get_node:205: TRY: 14
DEBUG: src/lcthw/hashmap.c:Hashmap_get_node:205: TRY: 15
DEBUG: src/lcthw/hashmap.c:Hashmap_get_node:205: TRY: 16
DEBUG: src/lcthw/hashmap.c:Hashmap_get_node:205: TRY: 17
DEBUG: src/lcthw/hashmap.c:Hashmap_get_node:205: TRY: 18
DEBUG: src/lcthw/hashmap.c:Hashmap_get_node:205: TRY: 19
DEBUG: src/lcthw/hashmap.c:Hashmap_get_node:205: TRY: 20
DEBUG: src/lcthw/hashmap.c:Hashmap_get_node:205: TRY: 21
DEBUG: src/lcthw/hashmap.c:Hashmap_get_node:205: TRY: 22
DEBUG: src/lcthw/hashmap.c:Hashmap_get_node:205: TRY: 23
DEBUG: src/lcthw/hashmap.c:Hashmap_get_node:205: TRY: 24
DEBUG: src/lcthw/hashmap.c:Hashmap_get_node:205: TRY: 25
DEBUG: src/lcthw/hashmap.c:Hashmap_get_node:205: TRY: 26
DEBUG: src/lcthw/hashmap.c:Hashmap_get_node:205: TRY: 27
DEBUG: src/lcthw/hashmap.c:Hashmap_get_node:205: TRY: 28
DEBUG: src/lcthw/hashmap.c:Hashmap_get_node:205: TRY: 29
DEBUG: src/lcthw/hashmap.c:Hashmap_get_node:205: TRY: 30
DEBUG: src/lcthw/hashmap.c:Hashmap_get_node:205: TRY: 31
DEBUG: src/lcthw/hashmap.c:Hashmap_get_node:205: TRY: 32
DEBUG: src/lcthw/hashmap.c:Hashmap_get_node:205: TRY: 33
DEBUG: src/lcthw/hashmap.c:Hashmap_get_node:205: TRY: 34
DEBUG: src/lcthw/hashmap.c:Hashmap_get_node:205: TRY: 35
DEBUG: src/lcthw/hashmap.c:Hashmap_get_node:205: TRY: 36
DEBUG: src/lcthw/hashmap.c:Hashmap_get_node:205: TRY: 37
DEBUG: src/lcthw/hashmap.c:Hashmap_get_node:205: TRY: 38
DEBUG: src/lcthw/hashmap.c:Hashmap_get_node:205: TRY: 39
DEBUG: src/lcthw/hashmap.c:Hashmap_get_node:205: TRY: 40
DEBUG: src/lcthw/hashmap.c:Hashmap_get_node:205: TRY: 41
DEBUG: src/lcthw/hashmap.c:Hashmap_get_node:205: TRY: 42
DEBUG: src/lcthw/hashmap.c:Hashmap_get_node:205: TRY: 43
DEBUG: src/lcthw/hashmap.c:Hashmap_get_node:205: TRY: 44
DEBUG: src/lcthw/hashmap.c:Hashmap_get_node:205: TRY: 45
DEBUG: src/lcthw/hashmap.c:Hashmap_get_node:205: TRY: 46
DEBUG: src/lcthw/hashmap.c:Hashmap_get_node:205: TRY: 47
DEBUG: src/lcthw/hashmap.c:Hashmap_get_node:205: TRY: 48
DEBUG: src/lcthw/hashmap.c:Hashmap_get_node:205: TRY: 0
DEBUG: src/lcthw/hashmap.c:Hashmap_get_node:205: TRY: 1
DEBUG: src/lcthw/hashmap.c:Hashmap_get_node:205: TRY: 2
DEBUG: src/lcthw/hashmap.c:Hashmap_get_node:205: TRY: 3
DEBUG: src/lcthw/hashmap.c:Hashmap_get_node:205: TRY: 4
DEBUG: src/lcthw/hashmap.c:Hashmap_get_node:205: TRY: 5
DEBUG: src/lcthw/hashmap.c:Hashmap_get_node:205: TRY: 6
DEBUG: src/lcthw/hashmap.c:Hashmap_get_node:205: TRY: 7
DEBUG: src/lcthw/hashmap.c:Hashmap_get_node:205: TRY: 8
DEBUG: src/lcthw/hashmap.c:Hashmap_get_node:205: TRY: 9
DEBUG: src/lcthw/hashmap.c:Hashmap_get_node:205: TRY: 10
DEBUG: src/lcthw/hashmap.c:Hashmap_get_node:205: TRY: 11
DEBUG: src/lcthw/hashmap.c:Hashmap_get_node:205: TRY: 12
DEBUG: src/lcthw/hashmap.c:Hashmap_get_node:205: TRY: 13
DEBUG: src/lcthw/hashmap.c:Hashmap_get_node:205: TRY: 14
DEBUG: src/lcthw/hashmap.c:Hashmap_get_node:205: TRY: 15
DEBUG: src/lcthw/hashmap.c:Hashmap_get_node:205: TRY: 16
DEBUG: src/lcthw/hashmap.c:Hashmap_get_node:205: TRY: 17
DEBUG: src/lcthw/hashmap.c:Hashmap_get_node:205: TRY: 18
DEBUG: src/lcthw/hashmap.c:Hashmap_get_node:205: TRY: 19
DEBUG: src/lcthw/hashmap.c:Hashmap_get_node:205: TRY: 20
DEBUG: src/lcthw/hashmap.c:Hashmap_get_node:205: TRY: 21
DEBUG: src/lcthw/hashmap.c:Hashmap_get_node:205: TRY: 22
DEBUG: src/lcthw/hashmap.c:Hashmap_get_node:205: TRY: 23
DEBUG: src/lcthw/hashmap.c:Hashmap_get_node:205: TRY: 24
DEBUG: src/lcthw/hashmap.c:Hashmap_get_node:205: TRY: 25
DEBUG: src/lcthw/hashmap.c:Hashmap_get_node:205: TRY: 26
DEBUG: src/lcthw/hashmap.c:Hashmap_get_node:205: TRY: 27
DEBUG: src/lcthw/hashmap.c:Hashmap_get_node:205: TRY: 28
DEBUG: src/lcthw/hashmap.c:Hashmap_get_node:205: TRY: 29
DEBUG: src/lcthw/hashmap.c:Hashmap_get_node:205: TRY: 30
DEBUG: src/lcthw/hashmap.c:Hashmap_get_node:205: TRY: 31
DEBUG: src/lcthw/hashmap.c:Hashmap_get_node:205: TRY: 32
DEBUG: src/lcthw/hashmap.c:Hashmap_get_node:205: TRY: 33
DEBUG: src/lcthw/hashmap.c:Hashmap_get_node:205: TRY: 34
DEBUG: src/lcthw/hashmap.c:Hashmap_get_node:205: TRY: 35
DEBUG: src/lcthw/hashmap.c:Hashmap_get_node:205: TRY: 36
DEBUG: src/lcthw/hashmap.c:Hashmap_get_node:205: TRY: 37
DEBUG: src/lcthw/hashmap.c:Hashmap_get_node:205: TRY: 38
DEBUG: src/lcthw/hashmap.c:Hashmap_get_node:205: TRY: 39
DEBUG: src/lcthw/hashmap.c:Hashmap_get_node:205: TRY: 40
DEBUG: src/lcthw/hashmap.c:Hashmap_get_node:205: TRY: 41
DEBUG: src/lcthw/hashmap.c:Hashmap_get_node:205: TRY: 42
DEBUG: src/lcthw/hashmap.c:Hashmap_get_node:205: TRY: 43
DEBUG: src/lcthw/hashmap.c:Hashmap_get_node:205: TRY: 44
DEBUG: src/lcthw/hashmap.c:Hashmap_get_node:205: TRY: 45
DEBUG: src/lcthw/hashmap.c:Hashmap_get_node:205: TRY: 46
DEBUG: src/lcthw/hashmap.c:Hashmap_get_node:205: TRY: 47
DEBUG: src/lcthw/hashmap.c:Hashmap_get_node:205: TRY: 48
DEBUG: src/lcthw/hashmap.c:Hashmap_get_node:205: TRY: 0
DEBUG: src/lcthw/hashmap.c:Hashmap_get_node:205: TRY: 1
DEBUG: src/lcthw/hashmap.c:Hashmap_get_node:205: TRY: 2
DEBUG: src/lcthw/hashmap.c:Hashmap_get_node:205: TRY: 3
DEBUG: src/lcthw/hashmap.c:Hashmap_get_node:205: TRY: 4
DEBUG: src/lcthw/hashmap.c:Hashmap_get_node:205: TRY: 5
DEBUG: src/lcthw/hashmap.c:Hashmap_get_node:205: TRY: 6
DEBUG: src/lcthw/hashmap.c:Hashmap_get_node:205: TRY: 7
DEBUG: src/lcthw/hashmap.c:Hashmap_get_node:205: TRY: 8
DEBUG: src/lcthw/hashmap.c:Hashmap_get_node:205: TRY: 9
DEBUG: src/lcthw/hashmap.c:Hashmap_get_node:205: TRY: 10
DEBUG: src/lcthw/hashmap.c:Hashmap_get_node:205: TRY: 11
DEBUG: src/lcthw/hashmap.c:Hashmap_get_node:205: TRY: 12
DEBUG: src/lcthw/hashmap.c:Hashmap_get_node:205: TRY: 13
DEBUG: src/lcthw/hashmap.c:Hashmap_get_node:205: TRY: 14
DEBUG: src/lcthw/hashmap.c:Hashmap_get_node:205: TRY: 15
DEBUG: src/lcthw/hashmap.c:Hashmap_get_node:205: TRY: 16
DEBUG: src/lcthw/hashmap.c:Hashmap_get_node:205: TRY: 17
DEBUG: src/lcthw/hashmap.c:Hashmap_get_node:205: TRY: 18
DEBUG: src/lcthw/hashmap.c:Hashmap_get_node:205: TRY: 19
DEBUG: src/lcthw/hashmap.c:Hashmap_get_node:205: TRY: 20
DEBUG: src/lcthw/hashmap.c:Hashmap_get_node:205: TRY: 21
DEBUG: src/lcthw/hashmap.c:Hashmap_get_node:205: TRY: 22
DEBUG: src/lcthw/hashmap.c:Hashmap_get_node:205: TRY: 23
DEBUG: src/lcthw/hashmap.c:Hashmap_get_node:205: TRY: 24
DEBUG: src/lcthw/hashmap.c:Hashmap_get_node:205: TRY: 25
DEBUG: src/lcthw/hashmap.c:Hashmap_get_node:205: TRY: 26
DEBUG: src/lcthw/hashmap.c:Hashmap_get_node:205: TRY: 27
DEBUG: src/lcthw/hashmap.c:Hashmap_get_node:205: TRY: 28
DEBUG: src/lcthw/hashmap.c:Hashmap_get_node:205: TRY: 29
DEBUG: src/lcthw/hashmap.c:Hashmap_get_node:205: TRY: 30
DEBUG: src/lcthw/hashmap.c:Hashmap_get_node:205: TRY: 31
DEBUG: src/lcthw/hashmap.c:Hashmap_get_node:205: TRY: 32
DEBUG: src/lcthw/hashmap.c:Hashmap_get_node:205: TRY: 33
DEBUG: src/lcthw/hashmap.c:Hashmap_get_node:205: TRY: 34
DEBUG: src/lcthw/hashmap.c:Hashmap_get_node:205: TRY: 35
DEBUG: src/lcthw/hashmap.c:Hashmap_get_node:205: TRY: 36
DEBUG: src/lcthw/hashmap.c:Hashmap_get_node:205: TRY: 37
DEBUG: src/lcthw/hashmap.c:Hashmap_get_node:205: TRY: 38
DEBUG: src/lcthw/hashmap.c:Hashmap_get_node:205: TRY: 39
DEBUG: src/lcthw/hashmap.c:Hashmap_get_node:205: TRY: 40
DEBUG: src/lcthw/hashmap.c:Hashmap_get_node:205: TRY: 41
DEBUG: src/lcthw/hashmap.c:Hashmap_get_node:205: TRY: 42
DEBUG: src/lcthw/hashmap.c:Hashmap_get_node:205: TRY: 43
DEBUG: src/lcthw/hashmap.c:Hashmap_get_node:205: TRY: 44
DEBUG: src/lcthw/hashmap.c:Hashmap_get_node:205: TRY: 45
DEBUG: src/lcthw/hashmap.c:Hashmap_get_node:205: TRY: 46
DEBUG: src/lcthw/hashmap.c:Hashmap_get_node:205: TRY: 47
DEBUG: src/lcthw/hashmap.c:Hashmap_get_node:205: TRY: 48
DEBUG: src/lcthw/hashmap.c:Hashmap_get_node:205: TRY: 49
DEBUG: src/lcthw/hashmap.c:Hashmap_get_node:205: TRY: 0
DEBUG: src/lcthw/hashmap.c:Hashmap_get_node:205: TRY: 1
DEBUG: src/lcthw/hashmap.c:Hashmap_get_node:205: TRY: 2
DEBUG: src/lcthw/hashmap.c:Hashmap_get_node:205: TRY: 3
DEBUG: src/lcthw/hashmap.c:Hashmap_get_node:205: TRY: 4
DEBUG: src/lcthw/hashmap.c:Hashmap_get_node:205: TRY: 5
DEBUG: src/lcthw/hashmap.c:Hashmap_get_node:205: TRY: 6
DEBUG: src/lcthw/hashmap.c:Hashmap_get_node:205: TRY: 7
DEBUG: src/lcthw/hashmap.c:Hashmap_get_node:205: TRY: 8
DEBUG: src/lcthw/hashmap.c:Hashmap_get_node:205: TRY: 9
DEBUG: src/lcthw/hashmap.c:Hashmap_get_node:205: TRY: 10
DEBUG: src/lcthw/hashmap.c:Hashmap_get_node:205: TRY: 11
DEBUG: src/lcthw/hashmap.c:Hashmap_get_node:205: TRY: 12
DEBUG: src/lcthw/hashmap.c:Hashmap_get_node:205: TRY: 13
DEBUG: src/lcthw/hashmap.c:Hashmap_get_node:205: TRY: 14
DEBUG: src/lcthw/hashmap.c:Hashmap_get_node:205: TRY: 15
DEBUG: src/lcthw/hashmap.c:Hashmap_get_node:205: TRY: 16
DEBUG: src/lcthw/hashmap.c:Hashmap_get_node:205: TRY: 17
DEBUG: src/lcthw/hashmap.c:Hashmap_get_node:205: TRY: 18
DEBUG: src/lcthw/hashmap.c:Hashmap_get_node:205: TRY: 19
DEBUG: src/lcthw/hashmap.c:Hashmap_get_node:205: TRY: 20
DEBUG: src/lcthw/hashmap.c:Hashmap_get_node:205: TRY: 21
DEBUG: src/lcthw/hashmap.c:Hashmap_get_node:205: TRY: 22
DEBUG: src/lcthw/hashmap.c:Hashmap_get_node:205: TRY: 23
DEBUG: src/lcthw/hashmap.c:Hashmap_get_node:205: TRY: 24
DEBUG: src/lcthw/hashmap.c:Hashmap_get_node:205: TRY: 25
DEBUG: src/lcthw/hashmap.c:Hashmap_get_node:205: TRY: 26
DEBUG: src/lcthw/hashmap.c:Hashmap_get_node:205: TRY: 27
DEBUG: src/lcthw/hashmap.c:Hashmap_get_node:205: TRY: 28
DEBUG: src/lcthw/hashmap.c:Hashmap_get_node:205: TRY: 29
DEBUG: src/lcthw/hashmap.c:Hashmap_get_node:205: TRY: 30
DEBUG: src/lcthw/hashmap.c:Hashmap_get_node:205: TRY: 31
DEBUG: src/lcthw/hashmap.c:Hashmap_get_node:205: TRY: 32
DEBUG: src/lcthw/hashmap.c:Hashmap_get_node:205: TRY: 33
DEBUG: src/lcthw/hashmap.c:Hashmap_get_node:205: TRY: 34
DEBUG: src/lcthw/hashmap.c:Hashmap_get_node:205: TRY: 35
DEBUG: src/lcthw/hashmap.c:Hashmap_get_node:205: TRY: 36
DEBUG: src/lcthw/hashmap.c:Hashmap_get_node:205: TRY: 37
DEBUG: src/lcthw/hashmap.c:Hashmap_get_node:205: TRY: 38
DEBUG: src/lcthw/hashmap.c:Hashmap_get_node:205: TRY: 39
DEBUG: src/lcthw/hashmap.c:Hashmap_get_node:205: TRY: 40
DEBUG: src/lcthw/hashmap.c:Hashmap_get_node:205: TRY: 41
DEBUG: src/lcthw/hashmap.c:Hashmap_get_node:205: TRY: 42
DEBUG: src/lcthw/hashmap.c:Hashmap_get_node:205: TRY: 43
DEBUG: src/lcthw/hashmap.c:Hashmap_get_node:205: TRY: 44
DEBUG: src/lcthw/hashmap.c:Hashmap_get_node:205: TRY: 45
DEBUG: src/lcthw/hashmap.c:Hashmap_get_node:205: TRY: 46
DEBUG: src/lcthw/hashmap.c:Hashmap_get_node:205: TRY: 47
DEBUG: src/lcthw/hashmap.c:Hashmap_get_node:205: TRY: 48
DEBUG: src/lcthw/hashmap.c:Hashmap_get_node:205: TRY: 49
DEBUG: src/lcthw/hashmap.c:Hashmap_get_node:205: TRY: 50
DEBUG: src/lcthw/hashmap.c:Hashmap_get_node:205: TRY: 51
DEBUG: src/lcthw/hashmap.c:Hashmap_get_node:205: TRY: 52
DEBUG: src/lcthw/hashmap.c:Hashmap_get_node:205: TRY: 53
DEBUG: src/lcthw/hashmap.c:Hashmap_get_node:205: TRY: 54
DEBUG: src/lcthw/hashmap.c:Hashmap_get_node:205: TRY: 55
DEBUG: src/lcthw/hashmap.c:Hashmap_get_node:205: TRY: 56
DEBUG: src/lcthw/hashmap.c:Hashmap_get_node:205: TRY: 57
DEBUG: src/lcthw/hashmap.c:Hashmap_get_node:205: TRY: 58
DEBUG: src/lcthw/hashmap.c:Hashmap_get_node:205: TRY: 0
DEBUG: src/lcthw/hashmap.c:Hashmap_get_node:205: TRY: 1
DEBUG: src/lcthw/hashmap.c:Hashmap_get_node:205: TRY: 2
DEBUG: src/lcthw/hashmap.c:Hashmap_get_node:205: TRY: 3
DEBUG: src/lcthw/hashmap.c:Hashmap_get_node:205: TRY: 4
DEBUG: src/lcthw/hashmap.c:Hashmap_get_node:205: TRY: 5
DEBUG: src/lcthw/hashmap.c:Hashmap_get_node:205: TRY: 6
DEBUG: src/lcthw/hashmap.c:Hashmap_get_node:205: TRY: 7
DEBUG: src/lcthw/hashmap.c:Hashmap_get_node:205: TRY: 8
DEBUG: src/lcthw/hashmap.c:Hashmap_get_node:205: TRY: 9
DEBUG: src/lcthw/hashmap.c:Hashmap_get_node:205: TRY: 10
DEBUG: src/lcthw/hashmap.c:Hashmap_get_node:205: TRY: 11
DEBUG: src/lcthw/hashmap.c:Hashmap_get_node:205: TRY: 12
DEBUG: src/lcthw/hashmap.c:Hashmap_get_node:205: TRY: 13
DEBUG: src/lcthw/hashmap.c:Hashmap_get_node:205: TRY: 14
DEBUG: src/lcthw/hashmap.c:Hashmap_get_node:205: TRY: 15
DEBUG: src/lcthw/hashmap.c:Hashmap_get_node:205: TRY: 16
DEBUG: src/lcthw/hashmap.c:Hashmap_get_node:205: TRY: 17
DEBUG: src/lcthw/hashmap.c:Hashmap_get_node:205: TRY: 18
DEBUG: src/lcthw/hashmap.c:Hashmap_get_node:205: TRY: 19
DEBUG: src/lcthw/hashmap.c:Hashmap_get_node:205: TRY: 20
DEBUG: src/lcthw/hashmap.c:Hashmap_get_node:205: TRY: 21
DEBUG: src/lcthw/hashmap.c:Hashmap_get_node:205: TRY: 22
DEBUG: src/lcthw/hashmap.c:Hashmap_get_node:205: TRY: 23
DEBUG: src/lcthw/hashmap.c:Hashmap_get_node:205: TRY: 24
DEBUG: src/lcthw/hashmap.c:Hashmap_get_node:205: TRY: 25
DEBUG: src/lcthw/hashmap.c:Hashmap_get_node:205: TRY: 26
DEBUG: src/lcthw/hashmap.c:Hashmap_get_node:205: TRY: 27
DEBUG: src/lcthw/hashmap.c:Hashmap_get_node:205: TRY: 28
DEBUG: src/lcthw/hashmap.c:Hashmap_get_node:205: TRY: 29
DEBUG: src/lcthw/hashmap.c:Hashmap_get_node:205: TRY: 30
DEBUG: src/lcthw/hashmap.c:Hashmap_get_node:205: TRY: 31
DEBUG: src/lcthw/hashmap.c:Hashmap_get_node:205: TRY: 32
DEBUG: src/lcthw/hashmap.c:Hashmap_get_node:205: TRY: 33
DEBUG: src/lcthw/hashmap.c:Hashmap_get_node:205: TRY: 34
DEBUG: src/lcthw/hashmap.c:Hashmap_get_node:205: TRY: 35
DEBUG: src/lcthw/hashmap.c:Hashmap_get_node:205: TRY: 36
DEBUG: src/lcthw/hashmap.c:Hashmap_get_node:205: TRY: 37
DEBUG: src/lcthw/hashmap.c:Hashmap_get_node:205: TRY: 38
DEBUG: src/lcthw/hashmap.c:Hashmap_get_node:205: TRY: 39
DEBUG: src/lcthw/hashmap.c:Hashmap_get_node:205: TRY: 40
DEBUG: src/lcthw/hashmap.c:Hashmap_get_node:205: TRY: 41
DEBUG: src/lcthw/hashmap.c:Hashmap_get_node:205: TRY: 42
DEBUG: src/lcthw/hashmap.c:Hashmap_get_node:205: TRY: 43
DEBUG: src/lcthw/hashmap.c:Hashmap_get_node:205: TRY: 44
DEBUG: src/lcthw/hashmap.c:Hashmap_get_node:205: TRY: 45
DEBUG: src/lcthw/hashmap.c:Hashmap_get_node:205: TRY: 46
DEBUG: src/lcthw/hashmap.c:Hashmap_get_node:205: TRY: 47
DEBUG: src/lcthw/hashmap.c:Hashmap_get_node:205: TRY: 48
DEBUG: src/lcthw/hashmap.c:Hashmap_get_node:205: TRY: 49
DEBUG: src/lcthw/hashmap.c:Hashmap_get_node:205: TRY: 50
DEBUG: src/lcthw/hashmap.c:Hashmap_get_node:205: TRY: 51
DEBUG: src/lcthw/hashmap.c:Hashmap_get_node:205: TRY: 52
DEBUG: src/lcthw/hashmap.c:Hashmap_get_node:205: TRY: 53
DEBUG: src/lcthw/hashmap.c:Hashmap_get_node:205: TRY: 54
DEBUG: src/lcthw/hashmap.c:Hashmap_get_node:205: TRY: 55
DEBUG: src/lcthw/hashmap.c:Hashmap_get_node:205: TRY: 56
DEBUG: src/lcthw/hashmap.c:Hashmap_get_node:205: TRY: 57
DEBUG: src/lcthw/hashmap.c:Hashmap_get_node:205: TRY: 58
DEBUG: src/lcthw/hashmap.c:Hashmap_get_node:205: TRY: 59
DEBUG: src/lcthw/hashmap.c:Hashmap_get_node:205: TRY: 60
DEBUG: src/lcthw/hashmap.c:Hashmap_get_node:205: TRY: 61
DEBUG: src/lcthw/hashmap.c:Hashmap_get_node:205: TRY: 62
DEBUG: src/lcthw/hashmap.c:Hashmap_get_node:205: TRY: 63
DEBUG: src/lcthw/hashmap.c:Hashmap_get_node:205: TRY: 64
DEBUG: src/lcthw/hashmap.c:Hashmap_get_node:205: TRY: 0
DEBUG: src/lcthw/hashmap.c:Hashmap_get_node:205: TRY: 1
DEBUG: src/lcthw/hashmap.c:Hashmap_get_node:205: TRY: 2
DEBUG: src/lcthw/hashmap.c:Hashmap_get_node:205: TRY: 3
DEBUG: src/lcthw/hashmap.c:Hashmap_get_node:205: TRY: 4
DEBUG: src/lcthw/hashmap.c:Hashmap_get_node:205: TRY: 5
DEBUG: src/lcthw/hashmap.c:Hashmap_get_node:205: TRY: 6
DEBUG: src/lcthw/hashmap.c:Hashmap_get_node:205: TRY: 7
DEBUG: src/lcthw/hashmap.c:Hashmap_get_node:205: TRY: 8
DEBUG: src/lcthw/hashmap.c:Hashmap_get_node:205: TRY: 9
DEBUG: src/lcthw/hashmap.c:Hashmap_get_node:205: TRY: 10
DEBUG: src/lcthw/hashmap.c:Hashmap_get_node:205: TRY: 11
DEBUG: src/lcthw/hashmap.c:Hashmap_get_node:205: TRY: 12
DEBUG: src/lcthw/hashmap.c:Hashmap_get_node:205: TRY: 13
DEBUG: src/lcthw/hashmap.c:Hashmap_get_node:205: TRY: 14
DEBUG: src/lcthw/hashmap.c:Hashmap_get_node:205: TRY: 15
DEBUG: src/lcthw/hashmap.c:Hashmap_get_node:205: TRY: 16
DEBUG: src/lcthw/hashmap.c:Hashmap_get_node:205: TRY: 17
DEBUG: src/lcthw/hashmap.c:Hashmap_get_node:205: TRY: 18
DEBUG: src/lcthw/hashmap.c:Hashmap_get_node:205: TRY: 19
DEBUG: src/lcthw/hashmap.c:Hashmap_get_node:205: TRY: 20
DEBUG: src/lcthw/hashmap.c:Hashmap_get_node:205: TRY: 21
DEBUG: src/lcthw/hashmap.c:Hashmap_get_node:205: TRY: 22
DEBUG: src/lcthw/hashmap.c:Hashmap_get_node:205: TRY: 23
DEBUG: src/lcthw/hashmap.c:Hashmap_get_node:205: TRY: 24
DEBUG: src/lcthw/hashmap.c:Hashmap_get_node:205: TRY: 25
DEBUG: src/lcthw/hashmap.c:Hashmap_get_node:205: TRY: 26
DEBUG: src/lcthw/hashmap.c:Hashmap_get_node:205: TRY: 27
DEBUG: src/lcthw/hashmap.c:Hashmap_get_node:205: TRY: 28
DEBUG: src/lcthw/hashmap.c:Hashmap_get_node:205: TRY: 29
DEBUG: src/lcthw/hashmap.c:Hashmap_get_node:205: TRY: 30
DEBUG: src/lcthw/hashmap.c:Hashmap_get_node:205: TRY: 31
DEBUG: src/lcthw/hashmap.c:Hashmap_get_node:205: TRY: 32
DEBUG: src/lcthw/hashmap.c:Hashmap_get_node:205: TRY: 33
DEBUG: src/lcthw/hashmap.c:Hashmap_get_node:205: TRY: 34
DEBUG: src/lcthw/hashmap.c:Hashmap_get_node:205: TRY: 35
DEBUG: src/lcthw/hashmap.c:Hashmap_get_node:205: TRY: 36
DEBUG: src/lcthw/hashmap.c:Hashmap_get_node:205: TRY: 37
DEBUG: src/lcthw/hashmap.c:Hashmap_get_node:205: TRY: 38
DEBUG: src/lcthw/hashmap.c:Hashmap_get_node:205: TRY: 39
DEBUG: src/lcthw/hashmap.c:Hashmap_get_node:205: TRY: 40
DEBUG: src/lcthw/hashmap.c:Hashmap_get_node:205: TRY: 41
DEBUG: src/lcthw/hashmap.c:Hashmap_get_node:205: TRY: 42
DEBUG: src/lcthw/hashmap.c:Hashmap_get_node:205: TRY: 43
DEBUG: src/lcthw/hashmap.c:Hashmap_get_node:205: TRY: 44
DEBUG: src/lcthw/hashmap.c:Hashmap_get_node:205: TRY: 45
DEBUG: src/lcthw/hashmap.c:Hashmap_get_node:205: TRY: 46
DEBUG: src/lcthw/hashmap.c:Hashmap_get_node:205: TRY: 47
DEBUG: src/lcthw/hashmap.c:Hashmap_get_node:205: TRY: 48
DEBUG: src/lcthw/hashmap.c:Hashmap_get_node:205: TRY: 49
DEBUG: src/lcthw/hashmap.c:Hashmap_get_node:205: TRY: 50
DEBUG: src/lcthw/hashmap.c:Hashmap_get_node:205: TRY: 51
DEBUG: src/lcthw/hashmap.c:Hashmap_get_node:205: TRY: 52
DEBUG: src/lcthw/hashmap.c:Hashmap_get_node:205: TRY: 53
DEBUG: src/lcthw/hashmap.c:Hashmap_get_node:205: TRY: 54
DEBUG: src/lcthw/hashmap.c:Hashmap_get_node:205: TRY: 0
DEBUG: src/lcthw/hashmap.c:Hashmap_get_node:205: TRY: 1
DEBUG: src/lcthw/hashmap.c:Hashmap_get_node:205: TRY: 2
DEBUG: src/lcthw/hashmap.c:Hashmap_get_node:205: TRY: 3
DEBUG: src/lcthw/hashmap.c:Hashmap_get_node:205: TRY: 4
DEBUG: src/lcthw/hashmap.c:Hashmap_get_node:205: TRY: 5
DEBUG: src/lcthw/hashmap.c:Hashmap_get_node:205: TRY: 6
DEBUG: src/lcthw/hashmap.c:Hashmap_get_node:205: TRY: 7
DEBUG: src/lcthw/hashmap.c:Hashmap_get_node:205: TRY: 8
DEBUG: src/lcthw/hashmap.c:Hashmap_get_node:205: TRY: 9
DEBUG: src/lcthw/hashmap.c:Hashmap_get_node:205: TRY: 10
DEBUG: src/lcthw/hashmap.c:Hashmap_get_node:205: TRY: 11
DEBUG: src/lcthw/hashmap.c:Hashmap_get_node:205: TRY: 12
DEBUG: src/lcthw/hashmap.c:Hashmap_get_node:205: TRY: 13
DEBUG: src/lcthw/hashmap.c:Hashmap_get_node:205: TRY: 14
DEBUG: src/lcthw/hashmap.c:Hashmap_get_node:205: TRY: 15
DEBUG: src/lcthw/hashmap.c:Hashmap_get_node:205: TRY: 16
DEBUG: src/lcthw/hashmap.c:Hashmap_get_node:205: TRY: 17
DEBUG: src/lcthw/hashmap.c:Hashmap_get_node:205: TRY: 18
DEBUG: src/lcthw/hashmap.c:Hashmap_get_node:205: TRY: 19
DEBUG: src/lcthw/hashmap.c:Hashmap_get_node:205: TRY: 20
DEBUG: src/lcthw/hashmap.c:Hashmap_get_node:205: TRY: 21
DEBUG: src/lcthw/hashmap.c:Hashmap_get_node:205: TRY: 22
DEBUG: src/lcthw/hashmap.c:Hashmap_get_node:205: TRY: 23
DEBUG: src/lcthw/hashmap.c:Hashmap_get_node:205: TRY: 24
DEBUG: src/lcthw/hashmap.c:Hashmap_get_node:205: TRY: 25
DEBUG: src/lcthw/hashmap.c:Hashmap_get_node:205: TRY: 26
DEBUG: src/lcthw/hashmap.c:Hashmap_get_node:205: TRY: 27
DEBUG: src/lcthw/hashmap.c:Hashmap_get_node:205: TRY: 28
DEBUG: src/lcthw/hashmap.c:Hashmap_get_node:205: TRY: 29
DEBUG: src/lcthw/hashmap.c:Hashmap_get_node:205: TRY: 30
DEBUG: src/lcthw/hashmap.c:Hashmap_get_node:205: TRY: 31
DEBUG: src/lcthw/hashmap.c:Hashmap_get_node:205: TRY: 32
DEBUG: src/lcthw/hashmap.c:Hashmap_get_node:205: TRY: 33
DEBUG: src/lcthw/hashmap.c:Hashmap_get_node:205: TRY: 34
DEBUG: src/lcthw/hashmap.c:Hashmap_get_node:205: TRY: 35
DEBUG: src/lcthw/hashmap.c:Hashmap_get_node:205: TRY: 36
DEBUG: src/lcthw/hashmap.c:Hashmap_get_node:205: TRY: 37
DEBUG: src/lcthw/hashmap.c:Hashmap_get_node:205: TRY: 38
DEBUG: src/lcthw/hashmap.c:Hashmap_get_node:205: TRY: 39
DEBUG: src/lcthw/hashmap.c:Hashmap_get_node:205: TRY: 40
DEBUG: src/lcthw/hashmap.c:Hashmap_get_node:205: TRY: 41
DEBUG: src/lcthw/hashmap.c:Hashmap_get_node:205: TRY: 42
DEBUG: src/lcthw/hashmap.c:Hashmap_get_node:205: TRY: 43
DEBUG: src/lcthw/hashmap.c:Hashmap_get_node:205: TRY: 44
DEBUG: src/lcthw/hashmap.c:Hashmap_get_node:205: TRY: 45
DEBUG: src/lcthw/hashmap.c:Hashmap_get_node:205: TRY: 46
DEBUG: src/lcthw/hashmap.c:Hashmap_get_node:205: TRY: 47
DEBUG: src/lcthw/hashmap.c:Hashmap_get_node:205: TRY: 48
DEBUG: src/lcthw/hashmap.c:Hashmap_get_node:205: TRY: 49
DEBUG: src/lcthw/hashmap.c:Hashmap_get_node:205: TRY: 50
DEBUG: src/lcthw/hashmap.c:Hashmap_get_node:205: TRY: 51
DEBUG: src/lcthw/hashmap.c:Hashmap_get_node:205: TRY: 52
DEBUG: src/lcthw/hashmap.c:Hashmap_get_node:205: TRY: 53
DEBUG: src/lcthw/hashmap.c:Hashmap_get_node:205: TRY: 0
DEBUG: src/lcthw/hashmap.c:Hashmap_get_node:205: TRY: 1
DEBUG: src/lcthw/hashmap.c:Hashmap_get_node:205: TRY: 2
DEBUG: src/lcthw/hashmap.c:Hashmap_get_node:205: TRY: 3
DEBUG: src/lcthw/hashmap.c:Hashmap_get_node:205: TRY: 4
DEBUG: src/lcthw/hashmap.c:Hashmap_get_node:205: TRY: 5
DEBUG: src/lcthw/hashmap.c:Hashmap_get_node:205: TRY: 6
DEBUG: src/lcthw/hashmap.c:Hashmap_get_node:205: TRY: 7
DEBUG: src/lcthw/hashmap.c:Hashmap_get_node:205: TRY: 8
DEBUG: src/lcthw/hashmap.c:Hashmap_get_node:205: TRY: 9
DEBUG: src/lcthw/hashmap.c:Hashmap_get_node:205: TRY: 10
DEBUG: src/lcthw/hashmap.c:Hashmap_get_node:205: TRY: 11
DEBUG: src/lcthw/hashmap.c:Hashmap_get_node:205: TRY: 12
DEBUG: src/lcthw/hashmap.c:Hashmap_get_node:205: TRY: 13
DEBUG: src/lcthw/hashmap.c:Hashmap_get_node:205: TRY: 14
DEBUG: src/lcthw/hashmap.c:Hashmap_get_node:205: TRY: 15
DEBUG: src/lcthw/hashmap.c:Hashmap_get_node:205: TRY: 16
DEBUG: src/lcthw/hashmap.c:Hashmap_get_node:205: TRY: 17
DEBUG: src/lcthw/hashmap.c:Hashmap_get_node:205: TRY: 18
DEBUG: src/lcthw/hashmap.c:Hashmap_get_node:205: TRY: 19
DEBUG: src/lcthw/hashmap.c:Hashmap_get_node:205: TRY: 20
DEBUG: src/lcthw/hashmap.c:Hashmap_get_node:205: TRY: 21
DEBUG: src/lcthw/hashmap.c:Hashmap_get_node:205: TRY: 22
DEBUG: src/lcthw/hashmap.c:Hashmap_get_node:205: TRY: 23
DEBUG: src/lcthw/hashmap.c:Hashmap_get_node:205: TRY: 24
DEBUG: src/lcthw/hashmap.c:Hashmap_get_node:205: TRY: 25
DEBUG: src/lcthw/hashmap.c:Hashmap_get_node:205: TRY: 26
DEBUG: src/lcthw/hashmap.c:Hashmap_get_node:205: TRY: 27
DEBUG: src/lcthw/hashmap.c:Hashmap_get_node:205: TRY: 28
DEBUG: src/lcthw/hashmap.c:Hashmap_get_node:205: TRY: 29
DEBUG: src/lcthw/hashmap.c:Hashmap_get_node:205: TRY: 30
DEBUG: src/lcthw/hashmap.c:Hashmap_get_node:205: TRY: 31
DEBUG: src/lcthw/hashmap.c:Hashmap_get_node:205: TRY: 32
DEBUG: src/lcthw/hashmap.c:Hashmap_get_node:205: TRY: 33
DEBUG: src/lcthw/hashmap.c:Hashmap_get_node:205: TRY: 34
DEBUG: src/lcthw/hashmap.c:Hashmap_get_node:205: TRY: 35
DEBUG: src/lcthw/hashmap.c:Hashmap_get_node:205: TRY: 36
DEBUG: src/lcthw/hashmap.c:Hashmap_get_node:205: TRY: 37
DEBUG: src/lcthw/hashmap.c:Hashmap_get_node:205: TRY: 38
DEBUG: src/lcthw/hashmap.c:Hashmap_get_node:205: TRY: 39
DEBUG: src/lcthw/hashmap.c:Hashmap_get_node:205: TRY: 40
DEBUG: src/lcthw/hashmap.c:Hashmap_get_node:205: TRY: 41
DEBUG: src/lcthw/hashmap.c:Hashmap_get_node:205: TRY: 42
DEBUG: src/lcthw/hashmap.c:Hashmap_get_node:205: TRY: 43
DEBUG: src/lcthw/hashmap.c:Hashmap_get_node:205: TRY: 44
DEBUG: src/lcthw/hashmap.c:Hashmap_get_node:205: TRY: 45
DEBUG: src/lcthw/hashmap.c:Hashmap_get_node:205: TRY: 46
DEBUG: src/lcthw/hashmap.c:Hashmap_get_node:205: TRY: 47
DEBUG: src/lcthw/hashmap.c:Hashmap_get_node:205: TRY: 48
DEBUG: src/lcthw/hashmap.c:Hashmap_get_node:205: TRY: 49
DEBUG: src/lcthw/hashmap.c:Hashmap_get_node:205: TRY: 0
DEBUG: src/lcthw/hashmap.c:Hashmap_get_node:205: TRY: 1
DEBUG: src/lcthw/hashmap.c:Hashmap_get_node:205: TRY: 2
DEBUG: src/lcthw/hashmap.c:Hashmap_get_node:205: TRY: 3
DEBUG: src/lcthw/hashmap.c:Hashmap_get_node:205: TRY: 4
DEBUG: src/lcthw/hashmap.c:Hashmap_get_node:205: TRY: 5
DEBUG: src/lcthw/hashmap.c:Hashmap_get_node:205: TRY: 6
DEBUG: src/lcthw/hashmap.c:Hashmap_get_node:205: TRY: 7
DEBUG: src/lcthw/hashmap.c:Hashmap_get_node:205: TRY: 8
DEBUG: src/lcthw/hashmap.c:Hashmap_get_node:205: TRY: 9
DEBUG: src/lcthw/hashmap.c:Hashmap_get_node:205: TRY: 10
DEBUG: src/lcthw/hashmap.c:Hashmap_get_node:205: TRY: 11
DEBUG: src/lcthw/hashmap.c:Hashmap_get_node:205: TRY: 12
DEBUG: src/lcthw/hashmap.c:Hashmap_get_node:205: TRY: 13
DEBUG: src/lcthw/hashmap.c:Hashmap_get_node:205: TRY: 14
DEBUG: src/lcthw/hashmap.c:Hashmap_get_node:205: TRY: 15
DEBUG: src/lcthw/hashmap.c:Hashmap_get_node:205: TRY: 16
DEBUG: src/lcthw/hashmap.c:Hashmap_get_node:205: TRY: 17
DEBUG: src/lcthw/hashmap.c:Hashmap_get_node:205: TRY: 18
DEBUG: src/lcthw/hashmap.c:Hashmap_get_node:205: TRY: 19
DEBUG: src/lcthw/hashmap.c:Hashmap_get_node:205: TRY: 20
DEBUG: src/lcthw/hashmap.c:Hashmap_get_node:205: TRY: 21
DEBUG: src/lcthw/hashmap.c:Hashmap_get_node:205: TRY: 22
DEBUG: src/lcthw/hashmap.c:Hashmap_get_node:205: TRY: 23
DEBUG: src/lcthw/hashmap.c:Hashmap_get_node:205: TRY: 24
DEBUG: src/lcthw/hashmap.c:Hashmap_get_node:205: TRY: 25
DEBUG: src/lcthw/hashmap.c:Hashmap_get_node:205: TRY: 26
DEBUG: src/lcthw/hashmap.c:Hashmap_get_node:205: TRY: 27
DEBUG: src/lcthw/hashmap.c:Hashmap_get_node:205: TRY: 28
DEBUG: src/lcthw/hashmap.c:Hashmap_get_node:205: TRY: 29
DEBUG: src/lcthw/hashmap.c:Hashmap_get_node:205: TRY: 30
DEBUG: src/lcthw/hashmap.c:Hashmap_get_node:205: TRY: 31
DEBUG: src/lcthw/hashmap.c:Hashmap_get_node:205: TRY: 32
DEBUG: src/lcthw/hashmap.c:Hashmap_get_node:205: TRY: 33
DEBUG: src/lcthw/hashmap.c:Hashmap_get_node:205: TRY: 34
DEBUG: src/lcthw/hashmap.c:Hashmap_get_node:205: TRY: 35
DEBUG: src/lcthw/hashmap.c:Hashmap_get_node:205: TRY: 36
DEBUG: src/lcthw/hashmap.c:Hashmap_get_node:205: TRY: 37
DEBUG: src/lcthw/hashmap.c:Hashmap_get_node:205: TRY: 38
DEBUG: src/lcthw/hashmap.c:Hashmap_get_node:205: TRY: 39
DEBUG: src/lcthw/hashmap.c:Hashmap_get_node:205: TRY: 40
DEBUG: src/lcthw/hashmap.c:Hashmap_get_node:205: TRY: 41
DEBUG: src/lcthw/hashmap.c:Hashmap_get_node:205: TRY: 42
DEBUG: src/lcthw/hashmap.c:Hashmap_get_node:205: TRY: 43
DEBUG: src/lcthw/hashmap.c:Hashmap_get_node:205: TRY: 44
DEBUG: src/lcthw/hashmap.c:Hashmap_get_node:205: TRY: 45
DEBUG: src/lcthw/hashmap.c:Hashmap_get_node:205: TRY: 46
DEBUG: src/lcthw/hashmap.c:Hashmap_get_node:205: TRY: 47
DEBUG: src/lcthw/hashmap.c:Hashmap_get_node:205: TRY: 48
DEBUG: src/lcthw/hashmap.c:Hashmap_get_node:205: TRY: 49
DEBUG: src/lcthw/hashmap.c:Hashmap_get_node:205: TRY: 50
DEBUG: src/lcthw/hashmap.c:Hashmap_get_node:205: TRY: 0
DEBUG: src/lcthw/hashmap.c:Hashmap_get_node:205: TRY: 1
DEBUG: src/lcthw/hashmap.c:Hashmap_get_node:205: TRY: 2
DEBUG: src/lcthw/hashmap.c:Hashmap_get_node:205: TRY: 3
DEBUG: src/lcthw/hashmap.c:Hashmap_get_node:205: TRY: 4
DEBUG: src/lcthw/hashmap.c:Hashmap_get_node:205: TRY: 5
DEBUG: src/lcthw/hashmap.c:Hashmap_get_node:205: TRY: 6
DEBUG: src/lcthw/hashmap.c:Hashmap_get_node:205: TRY: 7
DEBUG: src/lcthw/hashmap.c:Hashmap_get_node:205: TRY: 8
DEBUG: src/lcthw/hashmap.c:Hashmap_get_node:205: TRY: 9
DEBUG: src/lcthw/hashmap.c:Hashmap_get_node:205: TRY: 10
DEBUG: src/lcthw/hashmap.c:Hashmap_get_node:205: TRY: 11
DEBUG: src/lcthw/hashmap.c:Hashmap_get_node:205: TRY: 12
DEBUG: src/lcthw/hashmap.c:Hashmap_get_node:205: TRY: 13
DEBUG: src/lcthw/hashmap.c:Hashmap_get_node:205: TRY: 14
DEBUG: src/lcthw/hashmap.c:Hashmap_get_node:205: TRY: 15
DEBUG: src/lcthw/hashmap.c:Hashmap_get_node:205: TRY: 16
DEBUG: src/lcthw/hashmap.c:Hashmap_get_node:205: TRY: 17
DEBUG: src/lcthw/hashmap.c:Hashmap_get_node:205: TRY: 18
DEBUG: src/lcthw/hashmap.c:Hashmap_get_node:205: TRY: 19
DEBUG: src/lcthw/hashmap.c:Hashmap_get_node:205: TRY: 20
DEBUG: src/lcthw/hashmap.c:Hashmap_get_node:205: TRY: 21
DEBUG: src/lcthw/hashmap.c:Hashmap_get_node:205: TRY: 22
DEBUG: src/lcthw/hashmap.c:Hashmap_get_node:205: TRY: 23
DEBUG: src/lcthw/hashmap.c:Hashmap_get_node:205: TRY: 24
DEBUG: src/lcthw/hashmap.c:Hashmap_get_node:205: TRY: 25
DEBUG: src/lcthw/hashmap.c:Hashmap_get_node:205: TRY: 26
DEBUG: src/lcthw/hashmap.c:Hashmap_get_node:205: TRY: 27
DEBUG: src/lcthw/hashmap.c:Hashmap_get_node:205: TRY: 28
DEBUG: src/lcthw/hashmap.c:Hashmap_get_node:205: TRY: 29
DEBUG: src/lcthw/hashmap.c:Hashmap_get_node:205: TRY: 30
DEBUG: src/lcthw/hashmap.c:Hashmap_get_node:205: TRY: 31
DEBUG: src/lcthw/hashmap.c:Hashmap_get_node:205: TRY: 32
DEBUG: src/lcthw/hashmap.c:Hashmap_get_node:205: TRY: 33
DEBUG: src/lcthw/hashmap.c:Hashmap_get_node:205: TRY: 34
DEBUG: src/lcthw/hashmap.c:Hashmap_get_node:205: TRY: 35
DEBUG: src/lcthw/hashmap.c:Hashmap_get_node:205: TRY: 36
DEBUG: src/lcthw/hashmap.c:Hashmap_get_node:205: TRY: 37
DEBUG: src/lcthw/hashmap.c:Hashmap_get_node:205: TRY: 38
DEBUG: src/lcthw/hashmap.c:Hashmap_get_node:205: TRY: 39
DEBUG: src/lcthw/hashmap.c:Hashmap_get_node:205: TRY: 40
DEBUG: src/lcthw/hashmap.c:Hashmap_get_node:205: TRY: 41
DEBUG: src/lcthw/hashmap.c:Hashmap_get_node:205: TRY: 42
DEBUG: src/lcthw/hashmap.c:Hashmap_get_node:205: TRY: 43
DEBUG: src/lcthw/hashmap.c:Hashmap_get_node:205: TRY: 44
DEBUG: src/lcthw/hashmap.c:Hashmap_get_node:205: TRY: 45
DEBUG: src/lcthw/hashmap.c:Hashmap_get_node:205: TRY: 46
DEBUG: src/lcthw/hashmap.c:Hashmap_get_node:205: TRY: 47
DEBUG: src/lcthw/hashmap.c:Hashmap_get_node:205: TRY: 48
DEBUG: src/lcthw/hashmap.c:Hashmap_get_node:205: TRY: 49
DEBUG: src/lcthw/hashmap.c:Hashmap_get_node:205: TRY: 50
DEBUG: src/lcthw/hashmap.c:Hashmap_get_node:205: TRY: 0
DEBUG: src/lcthw/hashmap.c:Hashmap_get_node:205: TRY: 1
DEBUG: src/lcthw/hashmap.c:Hashmap_get_node:205: TRY: 2
DEBUG: src/lcthw/hashmap.c:Hashmap_get_node:205: TRY: 3
DEBUG: src/lcthw/hashmap.c:Hashmap_get_node:205: TRY: 4
DEBUG: src/lcthw/hashmap.c:Hashmap_get_node:205: TRY: 5
DEBUG: src/lcthw/hashmap.c:Hashmap_get_node:205: TRY: 6
DEBUG: src/lcthw/hashmap.c:Hashmap_get_node:205: TRY: 7
DEBUG: src/lcthw/hashmap.c:Hashmap_get_node:205: TRY: 8
DEBUG: src/lcthw/hashmap.c:Hashmap_get_node:205: TRY: 9
DEBUG: src/lcthw/hashmap.c:Hashmap_get_node:205: TRY: 10
DEBUG: src/lcthw/hashmap.c:Hashmap_get_node:205: TRY: 11
DEBUG: src/lcthw/hashmap.c:Hashmap_get_node:205: TRY: 12
DEBUG: src/lcthw/hashmap.c:Hashmap_get_node:205: TRY: 13
DEBUG: src/lcthw/hashmap.c:Hashmap_get_node:205: TRY: 14
DEBUG: src/lcthw/hashmap.c:Hashmap_get_node:205: TRY: 15
DEBUG: src/lcthw/hashmap.c:Hashmap_get_node:205: TRY: 16
DEBUG: src/lcthw/hashmap.c:Hashmap_get_node:205: TRY: 17
DEBUG: src/lcthw/hashmap.c:Hashmap_get_node:205: TRY: 18
DEBUG: src/lcthw/hashmap.c:Hashmap_get_node:205: TRY: 19
DEBUG: src/lcthw/hashmap.c:Hashmap_get_node:205: TRY: 20
DEBUG: src/lcthw/hashmap.c:Hashmap_get_node:205: TRY: 21
DEBUG: src/lcthw/hashmap.c:Hashmap_get_node:205: TRY: 22
DEBUG: src/lcthw/hashmap.c:Hashmap_get_node:205: TRY: 23
DEBUG: src/lcthw/hashmap.c:Hashmap_get_node:205: TRY: 24
DEBUG: src/lcthw/hashmap.c:Hashmap_get_node:205: TRY: 25
DEBUG: src/lcthw/hashmap.c:Hashmap_get_node:205: TRY: 26
DEBUG: src/lcthw/hashmap.c:Hashmap_get_node:205: TRY: 27
DEBUG: src/lcthw/hashmap.c:Hashmap_get_node:205: TRY: 28
DEBUG: src/lcthw/hashmap.c:Hashmap_get_node:205: TRY: 29
DEBUG: src/lcthw/hashmap.c:Hashmap_get_node:205: TRY: 30
DEBUG: src/lcthw/hashmap.c:Hashmap_get_node:205: TRY: 31
DEBUG: src/lcthw/hashmap.c:Hashmap_get_node:205: TRY: 32
DEBUG: src/lcthw/hashmap.c:Hashmap_get_node:205: TRY: 33
DEBUG: src/lcthw/hashmap.c:Hashmap_get_node:205: TRY: 34
DEBUG: src/lcthw/hashmap.c:Hashmap_get_node:205: TRY: 35
DEBUG: src/lcthw/hashmap.c:Hashmap_get_node:205: TRY: 36
DEBUG: src/lcthw/hashmap.c:Hashmap_get_node:205: TRY: 37
DEBUG: src/lcthw/hashmap.c:Hashmap_get_node:205: TRY: 38
DEBUG: src/lcthw/hashmap.c:Hashmap_get_node:205: TRY: 39
DEBUG: src/lcthw/hashmap.c:Hashmap_get_node:205: TRY: 40
DEBUG: src/lcthw/hashmap.c:Hashmap_get_node:205: TRY: 41
DEBUG: src/lcthw/hashmap.c:Hashmap_get_node:205: TRY: 42
DEBUG: src/lcthw/hashmap.c:Hashmap_get_node:205: TRY: 43
DEBUG: src/lcthw/hashmap.c:Hashmap_get_node:205: TRY: 44
DEBUG: src/lcthw/hashmap.c:Hashmap_get_node:205: TRY: 45
DEBUG: src/lcthw/hashmap.c:Hashmap_get_node:205: TRY: 46
DEBUG: src/lcthw/hashmap.c:Hashmap_get_node:205: TRY: 47
DEBUG: src/lcthw/hashmap.c:Hashmap_get_node:205: TRY: 48
DEBUG: src/lcthw/hashmap.c:Hashmap_get_node:205: TRY: 49
DEBUG: src/lcthw/hashmap.c:Hashmap_get_node:205: TRY: 50
DEBUG: src/lcthw/hashmap.c:Hashmap_get_node:205: TRY: 51
DEBUG: src/lcthw/hashmap.c:Hashmap_get_node:205: TRY: 52
DEBUG: src/lcthw/hashmap.c:Hashmap_get_node:205: TRY: 53
DEBUG: src/lcthw/hashmap.c:Hashmap_get_node:205: TRY: 54
DEBUG: src/lcthw/hashmap.c:Hashmap_get_node:205: TRY: 55
DEBUG: src/lcthw/hashmap.c:Hashmap_get_node:205: TRY: 56
DEBUG: src/lcthw/hashmap.c:Hashmap_get_node:205: TRY: 57
DEBUG: src/lcthw/hashmap.c:Hashmap_get_node:205: TRY: 58
DEBUG: src/lcthw/hashmap.c:Hashmap_get_node:205: TRY: 59
DEBUG: src/lcthw/hashmap.c:Hashmap_get_node:205: TRY: 0
DEBUG: src/lcthw/hashmap.c:Hashmap_get_node:205: TRY: 1
DEBUG: src/lcthw/hashmap.c:Hashmap_get_node:205: TRY: 2
DEBUG: src/lcthw/hashmap.c:Hashmap_get_node:205: TRY: 3
DEBUG: src/lcthw/hashmap.c:Hashmap_get_node:205: TRY: 4
DEBUG: src/lcthw/hashmap.c:Hashmap_get_node:205: TRY: 5
DEBUG: src/lcthw/hashmap.c:Hashmap_get_node:205: TRY: 6
DEBUG: src/lcthw/hashmap.c:Hashmap_get_node:205: TRY: 7
DEBUG: src/lcthw/hashmap.c:Hashmap_get_node:205: TRY: 8
DEBUG: src/lcthw/hashmap.c:Hashmap_get_node:205: TRY: 9
DEBUG: src/lcthw/hashmap.c:Hashmap_get_node:205: TRY: 10
DEBUG: src/lcthw/hashmap.c:Hashmap_get_node:205: TRY: 11
DEBUG: src/lcthw/hashmap.c:Hashmap_get_node:205: TRY: 12
DEBUG: src/lcthw/hashmap.c:Hashmap_get_node:205: TRY: 13
DEBUG: src/lcthw/hashmap.c:Hashmap_get_node:205: TRY: 14
DEBUG: src/lcthw/hashmap.c:Hashmap_get_node:205: TRY: 15
DEBUG: src/lcthw/hashmap.c:Hashmap_get_node:205: TRY: 16
DEBUG: src/lcthw/hashmap.c:Hashmap_get_node:205: TRY: 17
DEBUG: src/lcthw/hashmap.c:Hashmap_get_node:205: TRY: 18
DEBUG: src/lcthw/hashmap.c:Hashmap_get_node:205: TRY: 19
DEBUG: src/lcthw/hashmap.c:Hashmap_get_node:205: TRY: 20
DEBUG: src/lcthw/hashmap.c:Hashmap_get_node:205: TRY: 21
DEBUG: src/lcthw/hashmap.c:Hashmap_get_node:205: TRY: 22
DEBUG: src/lcthw/hashmap.c:Hashmap_get_node:205: TRY: 23
DEBUG: src/lcthw/hashmap.c:Hashmap_get_node:205: TRY: 24
DEBUG: src/lcthw/hashmap.c:Hashmap_get_node:205: TRY: 25
DEBUG: src/lcthw/hashmap.c:Hashmap_get_node:205: TRY: 26
DEBUG: src/lcthw/hashmap.c:Hashmap_get_node:205: TRY: 27
DEBUG: src/lcthw/hashmap.c:Hashmap_get_node:205: TRY: 28
DEBUG: src/lcthw/hashmap.c:Hashmap_get_node:205: TRY: 29
DEBUG: src/lcthw/hashmap.c:Hashmap_get_node:205: TRY: 30
DEBUG: src/lcthw/hashmap.c:Hashmap_get_node:205: TRY: 31
DEBUG: src/lcthw/hashmap.c:Hashmap_get_node:205: TRY: 32
DEBUG: src/lcthw/hashmap.c:Hashmap_get_node:205: TRY: 33
DEBUG: src/lcthw/hashmap.c:Hashmap_get_node:205: TRY: 34
DEBUG: src/lcthw/hashmap.c:Hashmap_get_node:205: TRY: 35
DEBUG: src/lcthw/hashmap.c:Hashmap_get_node:205: TRY: 36
DEBUG: src/lcthw/hashmap.c:Hashmap_get_node:205: TRY: 37
DEBUG: src/lcthw/hashmap.c:Hashmap_get_node:205: TRY: 38
DEBUG: src/lcthw/hashmap.c:Hashmap_get_node:205: TRY: 39
DEBUG: src/lcthw/hashmap.c:Hashmap_get_node:205: TRY: 40
DEBUG: src/lcthw/hashmap.c:Hashmap_get_node:205: TRY: 41
DEBUG: src/lcthw/hashmap.c:Hashmap_get_node:205: TRY: 42
DEBUG: src/lcthw/hashmap.c:Hashmap_get_node:205: TRY: 43
DEBUG: src/lcthw/hashmap.c:Hashmap_get_node:205: TRY: 44
DEBUG: src/lcthw/hashmap.c:Hashmap_get_node:205: TRY: 45
DEBUG: src/lcthw/hashmap.c:Hashmap_get_node:205: TRY: 46
DEBUG: src/lcthw/hashmap.c:Hashmap_get_node:205: TRY: 47
DEBUG: src/lcthw/hashmap.c:Hashmap_get_node:205: TRY: 48
DEBUG: src/lcthw/hashmap.c:Hashmap_get_node:205: TRY: 49
DEBUG: src/lcthw/hashmap.c:Hashmap_get_node:205: TRY: 50
DEBUG: src/lcthw/hashmap.c:Hashmap_get_node:205: TRY: 51
DEBUG: src/lcthw/hashmap.c:Hashmap_get_node:205: TRY: 52
DEBUG: src/lcthw/hashmap.c:Hashmap_get_node:205: TRY: 53
DEBUG: src/lcthw/hashmap.c:Hashmap_get_node:205: TRY: 54
DEBUG: src/lcthw/hashmap.c:Hashmap_get_node:205: TRY: 55
DEBUG: src/lcthw/hashmap.c:Hashmap_get_node:205: TRY: 56
DEBUG: src/lcthw/hashmap.c:Hashmap_get_node:205: TRY: 57
DEBUG: src/lcthw/hashmap.c:Hashmap_get_node:205: TRY: 58
DEBUG: src/lcthw/hashmap.c:Hashmap_get_node:205: TRY: 59
DEBUG: src/lcthw/hashmap.c:Hashmap_get_node:205: TRY: 0
DEBUG: src/lcthw/hashmap.c:Hashmap_get_node:205: TRY: 1
DEBUG: src/lcthw/hashmap.c:Hashmap_get_node:205: TRY: 2
DEBUG: src/lcthw/hashmap.c:Hashmap_get_node:205: TRY: 3
DEBUG: src/lcthw/hashmap.c:Hashmap_get_node:205: TRY: 4
DEBUG: src/lcthw/hashmap.c:Hashmap_get_node:205: TRY: 5
DEBUG: src/lcthw/hashmap.c:Hashmap_get_node:205: TRY: 6
DEBUG: src/lcthw/hashmap.c:Hashmap_get_node:205: TRY: 7
DEBUG: src/lcthw/hashmap.c:Hashmap_get_node:205: TRY: 8
DEBUG: src/lcthw/hashmap.c:Hashmap_get_node:205: TRY: 9
DEBUG: src/lcthw/hashmap.c:Hashmap_get_node:205: TRY: 10
DEBUG: src/lcthw/hashmap.c:Hashmap_get_node:205: TRY: 11
DEBUG: src/lcthw/hashmap.c:Hashmap_get_node:205: TRY: 12
DEBUG: src/lcthw/hashmap.c:Hashmap_get_node:205: TRY: 13
DEBUG: src/lcthw/hashmap.c:Hashmap_get_node:205: TRY: 14
DEBUG: src/lcthw/hashmap.c:Hashmap_get_node:205: TRY: 15
DEBUG: src/lcthw/hashmap.c:Hashmap_get_node:205: TRY: 16
DEBUG: src/lcthw/hashmap.c:Hashmap_get_node:205: TRY: 17
DEBUG: src/lcthw/hashmap.c:Hashmap_get_node:205: TRY: 18
DEBUG: src/lcthw/hashmap.c:Hashmap_get_node:205: TRY: 19
DEBUG: src/lcthw/hashmap.c:Hashmap_get_node:205: TRY: 20
DEBUG: src/lcthw/hashmap.c:Hashmap_get_node:205: TRY: 21
DEBUG: src/lcthw/hashmap.c:Hashmap_get_node:205: TRY: 22
DEBUG: src/lcthw/hashmap.c:Hashmap_get_node:205: TRY: 23
DEBUG: src/lcthw/hashmap.c:Hashmap_get_node:205: TRY: 24
DEBUG: src/lcthw/hashmap.c:Hashmap_get_node:205: TRY: 25
DEBUG: src/lcthw/hashmap.c:Hashmap_get_node:205: TRY: 26
DEBUG: src/lcthw/hashmap.c:Hashmap_get_node:205: TRY: 27
DEBUG: src/lcthw/hashmap.c:Hashmap_get_node:205: TRY: 28
DEBUG: src/lcthw/hashmap.c:Hashmap_get_node:205: TRY: 29
DEBUG: src/lcthw/hashmap.c:Hashmap_get_node:205: TRY: 30
DEBUG: src/lcthw/hashmap.c:Hashmap_get_node:205: TRY: 31
DEBUG: src/lcthw/hashmap.c:Hashmap_get_node:205: TRY: 32
DEBUG: src/lcthw/hashmap.c:Hashmap_get_node:205: TRY: 33
DEBUG: src/lcthw/hashmap.c:Hashmap_get_node:205: TRY: 34
DEBUG: src/lcthw/hashmap.c:Hashmap_get_node:205: TRY: 35
DEBUG: src/lcthw/hashmap.c:Hashmap_get_node:205: TRY: 36
DEBUG: src/lcthw/hashmap.c:Hashmap_get_node:205: TRY: 37
DEBUG: src/lcthw/hashmap.c:Hashmap_get_node:205: TRY: 38
DEBUG: src/lcthw/hashmap.c:Hashmap_get_node:205: TRY: 39
DEBUG: src/lcthw/hashmap.c:Hashmap_get_node:205: TRY: 40
DEBUG: src/lcthw/hashmap.c:Hashmap_get_node:205: TRY: 41
DEBUG: src/lcthw/hashmap.c:Hashmap_get_node:205: TRY: 42
DEBUG: src/lcthw/hashmap.c:Hashmap_get_node:205: TRY: 43
DEBUG: src/lcthw/hashmap.c:Hashmap_get_node:205: TRY: 44
DEBUG: src/lcthw/hashmap.c:Hashmap_get_node:205: TRY: 45
DEBUG: src/lcthw/hashmap.c:Hashmap_get_node:205: TRY: 46
DEBUG: src/lcthw/hashmap.c:Hashmap_get_node:205: TRY: 47
DEBUG: src/lcthw/hashmap.c:Hashmap_get_node:205: TRY: 48
DEBUG: src/lcthw/hashmap.c:Hashmap_get_node:205: TRY: 49
DEBUG: src/lcthw/hashmap.c:Hashmap_get_node:205: TRY: 50
DEBUG: src/lcthw/hashmap.c:Hashmap_get_node:205: TRY: 51
DEBUG: src/lcthw/hashmap.c:Hashmap_get_node:205: TRY: 52
DEBUG: src/lcthw/hashmap.c:Hashmap_get_node:205: TRY: 53
DEBUG: src/lcthw/hashmap.c:Hashmap_get_node:205: TRY: 54
DEBUG: src/lcthw/hashmap.c:Hashmap_get_node:205: TRY: 55
DEBUG: src/lcthw/hashmap.c:Hashmap_get_node:205: TRY: 0
DEBUG: src/lcthw/hashmap.c:Hashmap_get_node:205: TRY: 1
DEBUG: src/lcthw/hashmap.c:Hashmap_get_node:205: TRY: 2
DEBUG: src/lcthw/hashmap.c:Hashmap_get_node:205: TRY: 3
DEBUG: src/lcthw/hashmap.c:Hashmap_get_node:205: TRY: 4
DEBUG: src/lcthw/hashmap.c:Hashmap_get_node:205: TRY: 5
DEBUG: src/lcthw/hashmap.c:Hashmap_get_node:205: TRY: 6
DEBUG: src/lcthw/hashmap.c:Hashmap_get_node:205: TRY: 7
DEBUG: src/lcthw/hashmap.c:Hashmap_get_node:205: TRY: 8
DEBUG: src/lcthw/hashmap.c:Hashmap_get_node:205: TRY: 9
DEBUG: src/lcthw/hashmap.c:Hashmap_get_node:205: TRY: 10
DEBUG: src/lcthw/hashmap.c:Hashmap_get_node:205: TRY: 11
DEBUG: src/lcthw/hashmap.c:Hashmap_get_node:205: TRY: 12
DEBUG: src/lcthw/hashmap.c:Hashmap_get_node:205: TRY: 13
DEBUG: src/lcthw/hashmap.c:Hashmap_get_node:205: TRY: 14
DEBUG: src/lcthw/hashmap.c:Hashmap_get_node:205: TRY: 15
DEBUG: src/lcthw/hashmap.c:Hashmap_get_node:205: TRY: 16
DEBUG: src/lcthw/hashmap.c:Hashmap_get_node:205: TRY: 17
DEBUG: src/lcthw/hashmap.c:Hashmap_get_node:205: TRY: 18
DEBUG: src/lcthw/hashmap.c:Hashmap_get_node:205: TRY: 19
DEBUG: src/lcthw/hashmap.c:Hashmap_get_node:205: TRY: 20
DEBUG: src/lcthw/hashmap.c:Hashmap_get_node:205: TRY: 21
DEBUG: src/lcthw/hashmap.c:Hashmap_get_node:205: TRY: 22
DEBUG: src/lcthw/hashmap.c:Hashmap_get_node:205: TRY: 23
DEBUG: src/lcthw/hashmap.c:Hashmap_get_node:205: TRY: 24
DEBUG: src/lcthw/hashmap.c:Hashmap_get_node:205: TRY: 25
DEBUG: src/lcthw/hashmap.c:Hashmap_get_node:205: TRY: 26
DEBUG: src/lcthw/hashmap.c:Hashmap_get_node:205: TRY: 27
DEBUG: src/lcthw/hashmap.c:Hashmap_get_node:205: TRY: 28
DEBUG: src/lcthw/hashmap.c:Hashmap_get_node:205: TRY: 29
DEBUG: src/lcthw/hashmap.c:Hashmap_get_node:205: TRY: 30
DEBUG: src/lcthw/hashmap.c:Hashmap_get_node:205: TRY: 31
DEBUG: src/lcthw/hashmap.c:Hashmap_get_node:205: TRY: 32
DEBUG: src/lcthw/hashmap.c:Hashmap_get_node:205: TRY: 33
DEBUG: src/lcthw/hashmap.c:Hashmap_get_node:205: TRY: 34
DEBUG: src/lcthw/hashmap.c:Hashmap_get_node:205: TRY: 35
DEBUG: src/lcthw/hashmap.c:Hashmap_get_node:205: TRY: 36
DEBUG: src/lcthw/hashmap.c:Hashmap_get_node:205: TRY: 37
DEBUG: src/lcthw/hashmap.c:Hashmap_get_node:205: TRY: 38
DEBUG: src/lcthw/hashmap.c:Hashmap_get_node:205: TRY: 39
DEBUG: src/lcthw/hashmap.c:Hashmap_get_node:205: TRY: 40
DEBUG: src/lcthw/hashmap.c:Hashmap_get_node:205: TRY: 41
DEBUG: src/lcthw/hashmap.c:Hashmap_get_node:205: TRY: 42
DEBUG: src/lcthw/hashmap.c:Hashmap_get_node:205: TRY: 43
DEBUG: src/lcthw/hashmap.c:Hashmap_get_node:205: TRY: 44
DEBUG: src/lcthw/hashmap.c:Hashmap_get_node:205: TRY: 45
DEBUG: src/lcthw/hashmap.c:Hashmap_get_node:205: TRY: 46
DEBUG: src/lcthw/hashmap.c:Hashmap_get_node:205: TRY: 47
DEBUG: src/lcthw/hashmap.c:Hashmap_get_node:205: TRY: 48
DEBUG: src/lcthw/hashmap.c:Hashmap_get_node:205: TRY: 49
DEBUG: src/lcthw/hashmap.c:Hashmap_get_node:205: TRY: 50
DEBUG: src/lcthw/hashmap.c:Hashmap_get_node:205: TRY: 51
DEBUG: src/lcthw/hashmap.c:Hashmap_get_node:205: TRY: 52
DEBUG: src/lcthw/hashmap.c:Hashmap_get_node:205: TRY: 53
DEBUG: src/lcthw/hashmap.c:Hashmap_get_node:205: TRY: 54
DEBUG: src/lcthw/hashmap.c:Hashmap_get_node:205: TRY: 55
DEBUG: src/lcthw/hashmap.c:Hashmap_get_node:205: TRY: 56
DEBUG: src/lcthw/hashmap.c:Hashmap_get_node:205: TRY: 57
DEBUG: src/lcthw/hashmap.c:Hashmap_get_node:205: TRY: 58
DEBUG: src/lcthw/hashmap.c:Hashmap_get_node:205: TRY: 59
DEBUG: src/lcthw/hashmap.c:Hashmap_get_node:205: TRY: 60
DEBUG: src/lcthw/hashmap.c:Hashmap_get_node:205: TRY: 0
DEBUG: src/lcthw/hashmap.c:Hashmap_get_node:205: TRY: 1
DEBUG: src/lcthw/hashmap.c:Hashmap_get_node:205: TRY: 2
DEBUG: src/lcthw/hashmap.c:Hashmap_get_node:205: TRY: 3
DEBUG: src/lcthw/hashmap.c:Hashmap_get_node:205: TRY: 4
DEBUG: src/lcthw/hashmap.c:Hashmap_get_node:205: TRY: 5
DEBUG: src/lcthw/hashmap.c:Hashmap_get_node:205: TRY: 6
DEBUG: src/lcthw/hashmap.c:Hashmap_get_node:205: TRY: 7
DEBUG: src/lcthw/hashmap.c:Hashmap_get_node:205: TRY: 8
DEBUG: src/lcthw/hashmap.c:Hashmap_get_node:205: TRY: 9
DEBUG: src/lcthw/hashmap.c:Hashmap_get_node:205: TRY: 10
DEBUG: src/lcthw/hashmap.c:Hashmap_get_node:205: TRY: 11
DEBUG: src/lcthw/hashmap.c:Hashmap_get_node:205: TRY: 12
DEBUG: src/lcthw/hashmap.c:Hashmap_get_node:205: TRY: 13
DEBUG: src/lcthw/hashmap.c:Hashmap_get_node:205: TRY: 14
DEBUG: src/lcthw/hashmap.c:Hashmap_get_node:205: TRY: 15
DEBUG: src/lcthw/hashmap.c:Hashmap_get_node:205: TRY: 16
DEBUG: src/lcthw/hashmap.c:Hashmap_get_node:205: TRY: 17
DEBUG: src/lcthw/hashmap.c:Hashmap_get_node:205: TRY: 18
DEBUG: src/lcthw/hashmap.c:Hashmap_get_node:205: TRY: 19
DEBUG: src/lcthw/hashmap.c:Hashmap_get_node:205: TRY: 20
DEBUG: src/lcthw/hashmap.c:Hashmap_get_node:205: TRY: 21
DEBUG: src/lcthw/hashmap.c:Hashmap_get_node:205: TRY: 22
DEBUG: src/lcthw/hashmap.c:Hashmap_get_node:205: TRY: 23
DEBUG: src/lcthw/hashmap.c:Hashmap_get_node:205: TRY: 24
DEBUG: src/lcthw/hashmap.c:Hashmap_get_node:205: TRY: 25
DEBUG: src/lcthw/hashmap.c:Hashmap_get_node:205: TRY: 26
DEBUG: src/lcthw/hashmap.c:Hashmap_get_node:205: TRY: 27
DEBUG: src/lcthw/hashmap.c:Hashmap_get_node:205: TRY: 28
DEBUG: src/lcthw/hashmap.c:Hashmap_get_node:205: TRY: 29
DEBUG: src/lcthw/hashmap.c:Hashmap_get_node:205: TRY: 30
DEBUG: src/lcthw/hashmap.c:Hashmap_get_node:205: TRY: 31
DEBUG: src/lcthw/hashmap.c:Hashmap_get_node:205: TRY: 32
DEBUG: src/lcthw/hashmap.c:Hashmap_get_node:205: TRY: 33
DEBUG: src/lcthw/hashmap.c:Hashmap_get_node:205: TRY: 34
DEBUG: src/lcthw/hashmap.c:Hashmap_get_node:205: TRY: 35
DEBUG: src/lcthw/hashmap.c:Hashmap_get_node:205: TRY: 36
DEBUG: src/lcthw/hashmap.c:Hashmap_get_node:205: TRY: 37
DEBUG: src/lcthw/hashmap.c:Hashmap_get_node:205: TRY: 38
DEBUG: src/lcthw/hashmap.c:Hashmap_get_node:205: TRY: 39
DEBUG: src/lcthw/hashmap.c:Hashmap_get_node:205: TRY: 40
DEBUG: src/lcthw/hashmap.c:Hashmap_get_node:205: TRY: 41
DEBUG: src/lcthw/hashmap.c:Hashmap_get_node:205: TRY: 42
DEBUG: src/lcthw/hashmap.c:Hashmap_get_node:205: TRY: 43
DEBUG: src/lcthw/hashmap.c:Hashmap_get_node:205: TRY: 44
DEBUG: src/lcthw/hashmap.c:Hashmap_get_node:205: TRY: 45
DEBUG: src/lcthw/hashmap.c:Hashmap_get_node:205: TRY: 46
DEBUG: src/lcthw/hashmap.c:Hashmap_get_node:205: TRY: 47
DEBUG: src/lcthw/hashmap.c:Hashmap_get_node:205: TRY: 48
DEBUG: src/lcthw/hashmap.c:Hashmap_get_node:205: TRY: 49
DEBUG: src/lcthw/hashmap.c:Hashmap_get_node:205: TRY: 50
DEBUG: src/lcthw/hashmap.c:Hashmap_get_node:205: TRY: 51
DEBUG: src/lcthw/hashmap.c:Hashmap_get_node:205: TRY: 0
DEBUG: src/lcthw/hashmap.c:Hashmap_get_node:205: TRY: 1
DEBUG: src/lcthw/hashmap.c:Hashmap_get_node:205: TRY: 2
DEBUG: src/lcthw/hashmap.c:Hashmap_get_node:205: TRY: 3
DEBUG: src/lcthw/hashmap.c:Hashmap_get_node:205: TRY: 4
DEBUG: src/lcthw/hashmap.c:Hashmap_get_node:205: TRY: 5
DEBUG: src/lcthw/hashmap.c:Hashmap_get_node:205: TRY: 6
DEBUG: src/lcthw/hashmap.c:Hashmap_get_node:205: TRY: 7
DEBUG: src/lcthw/hashmap.c:Hashmap_get_node:205: TRY: 8
DEBUG: src/lcthw/hashmap.c:Hashmap_get_node:205: TRY: 9
DEBUG: src/lcthw/hashmap.c:Hashmap_get_node:205: TRY: 10
DEBUG: src/lcthw/hashmap.c:Hashmap_get_node:205: TRY: 11
DEBUG: src/lcthw/hashmap.c:Hashmap_get_node:205: TRY: 12
DEBUG: src/lcthw/hashmap.c:Hashmap_get_node:205: TRY: 13
DEBUG: src/lcthw/hashmap.c:Hashmap_get_node:205: TRY: 14
DEBUG: src/lcthw/hashmap.c:Hashmap_get_node:205: TRY: 15
DEBUG: src/lcthw/hashmap.c:Hashmap_get_node:205: TRY: 16
DEBUG: src/lcthw/hashmap.c:Hashmap_get_node:205: TRY: 17
DEBUG: src/lcthw/hashmap.c:Hashmap_get_node:205: TRY: 18
DEBUG: src/lcthw/hashmap.c:Hashmap_get_node:205: TRY: 19
DEBUG: src/lcthw/hashmap.c:Hashmap_get_node:205: TRY: 20
DEBUG: src/lcthw/hashmap.c:Hashmap_get_node:205: TRY: 21
DEBUG: src/lcthw/hashmap.c:Hashmap_get_node:205: TRY: 22
DEBUG: src/lcthw/hashmap.c:Hashmap_get_node:205: TRY: 23
DEBUG: src/lcthw/hashmap.c:Hashmap_get_node:205: TRY: 24
DEBUG: src/lcthw/hashmap.c:Hashmap_get_node:205: TRY: 25
DEBUG: src/lcthw/hashmap.c:Hashmap_get_node:205: TRY: 26
DEBUG: src/lcthw/hashmap.c:Hashmap_get_node:205: TRY: 27
DEBUG: src/lcthw/hashmap.c:Hashmap_get_node:205: TRY: 28
DEBUG: src/lcthw/hashmap.c:Hashmap_get_node:205: TRY: 29
DEBUG: src/lcthw/hashmap.c:Hashmap_get_node:205: TRY: 30
DEBUG: src/lcthw/hashmap.c:Hashmap_get_node:205: TRY: 31
DEBUG: src/lcthw/hashmap.c:Hashmap_get_node:205: TRY: 32
DEBUG: src/lcthw/hashmap.c:Hashmap_get_node:205: TRY: 33
DEBUG: src/lcthw/hashmap.c:Hashmap_get_node:205: TRY: 34
DEBUG: src/lcthw/hashmap.c:Hashmap_get_node:205: TRY: 35
DEBUG: src/lcthw/hashmap.c:Hashmap_get_node:205: TRY: 36
DEBUG: src/lcthw/hashmap.c:Hashmap_get_node:205: TRY: 37
DEBUG: src/lcthw/hashmap.c:Hashmap_get_node:205: TRY: 38
DEBUG: src/lcthw/hashmap.c:Hashmap_get_node:205: TRY: 39
DEBUG: src/lcthw/hashmap.c:Hashmap_get_node:205: TRY: 40
DEBUG: src/lcthw/hashmap.c:Hashmap_get_node:205: TRY: 41
DEBUG: src/lcthw/hashmap.c:Hashmap_get_node:205: TRY: 42
DEBUG: src/lcthw/hashmap.c:Hashmap_get_node:205: TRY: 43
DEBUG: src/lcthw/hashmap.c:Hashmap_get_node:205: TRY: 44
DEBUG: src/lcthw/hashmap.c:Hashmap_get_node:205: TRY: 45
DEBUG: src/lcthw/hashmap.c:Hashmap_get_node:205: TRY: 46
DEBUG: src/lcthw/hashmap.c:Hashmap_get_node:205: TRY: 47
DEBUG: src/lcthw/hashmap.c:Hashmap_get_node:205: TRY: 48
DEBUG: src/lcthw/hashmap.c:Hashmap_get_node:205: TRY: 49
DEBUG: src/lcthw/hashmap.c:Hashmap_get_node:205: TRY: 50
DEBUG: src/lcthw/hashmap.c:Hashmap_get_node:205: TRY: 51
DEBUG: src/lcthw/hashmap.c:Hashmap_get_node:205: TRY: 52
DEBUG: src/lcthw/hashmap.c:Hashmap_get_node:205: TRY: 53
DEBUG: src/lcthw/hashmap.c:Hashmap_get_node:205: TRY: 54
DEBUG: src/lcthw/hashmap.c:Hashmap_get_node:205: TRY: 0
DEBUG: src/lcthw/hashmap.c:Hashmap_get_node:205: TRY: 1
DEBUG: src/lcthw/hashmap.c:Hashmap_get_node:205: TRY: 2
DEBUG: src/lcthw/hashmap.c:Hashmap_get_node:205: TRY: 3
DEBUG: src/lcthw/hashmap.c:Hashmap_get_node:205: TRY: 4
DEBUG: src/lcthw/hashmap.c:Hashmap_get_node:205: TRY: 5
DEBUG: src/lcthw/hashmap.c:Hashmap_get_node:205: TRY: 6
DEBUG: src/lcthw/hashmap.c:Hashmap_get_node:205: TRY: 7
DEBUG: src/lcthw/hashmap.c:Hashmap_get_node:205: TRY: 8
DEBUG: src/lcthw/hashmap.c:Hashmap_get_node:205: TRY: 9
DEBUG: src/lcthw/hashmap.c:Hashmap_get_node:205: TRY: 10
DEBUG: src/lcthw/hashmap.c:Hashmap_get_node:205: TRY: 11
DEBUG: src/lcthw/hashmap.c:Hashmap_get_node:205: TRY: 12
DEBUG: src/lcthw/hashmap.c:Hashmap_get_node:205: TRY: 13
DEBUG: src/lcthw/hashmap.c:Hashmap_get_node:205: TRY: 14
DEBUG: src/lcthw/hashmap.c:Hashmap_get_node:205: TRY: 15
DEBUG: src/lcthw/hashmap.c:Hashmap_get_node:205: TRY: 16
DEBUG: src/lcthw/hashmap.c:Hashmap_get_node:205: TRY: 17
DEBUG: src/lcthw/hashmap.c:Hashmap_get_node:205: TRY: 18
DEBUG: src/lcthw/hashmap.c:Hashmap_get_node:205: TRY: 19
DEBUG: src/lcthw/hashmap.c:Hashmap_get_node:205: TRY: 20
DEBUG: src/lcthw/hashmap.c:Hashmap_get_node:205: TRY: 21
DEBUG: src/lcthw/hashmap.c:Hashmap_get_node:205: TRY: 22
DEBUG: src/lcthw/hashmap.c:Hashmap_get_node:205: TRY: 23
DEBUG: src/lcthw/hashmap.c:Hashmap_get_node:205: TRY: 24
DEBUG: src/lcthw/hashmap.c:Hashmap_get_node:205: TRY: 25
DEBUG: src/lcthw/hashmap.c:Hashmap_get_node:205: TRY: 26
DEBUG: src/lcthw/hashmap.c:Hashmap_get_node:205: TRY: 27
DEBUG: src/lcthw/hashmap.c:Hashmap_get_node:205: TRY: 28
DEBUG: src/lcthw/hashmap.c:Hashmap_get_node:205: TRY: 29
DEBUG: src/lcthw/hashmap.c:Hashmap_get_node:205: TRY: 30
DEBUG: src/lcthw/hashmap.c:Hashmap_get_node:205: TRY: 31
DEBUG: src/lcthw/hashmap.c:Hashmap_get_node:205: TRY: 32
DEBUG: src/lcthw/hashmap.c:Hashmap_get_node:205: TRY: 33
DEBUG: src/lcthw/hashmap.c:Hashmap_get_node:205: TRY: 34
DEBUG: src/lcthw/hashmap.c:Hashmap_get_node:205: TRY: 35
DEBUG: src/lcthw/hashmap.c:Hashmap_get_node:205: TRY: 36
DEBUG: src/lcthw/hashmap.c:Hashmap_get_node:205: TRY: 37
DEBUG: src/lcthw/hashmap.c:Hashmap_get_node:205: TRY: 38
DEBUG: src/lcthw/hashmap.c:Hashmap_get_node:205: TRY: 39
DEBUG: src/lcthw/hashmap.c:Hashmap_get_node:205: TRY: 40
DEBUG: src/lcthw/hashmap.c:Hashmap_get_node:205: TRY: 41
DEBUG: src/lcthw/hashmap.c:Hashmap_get_node:205: TRY: 42
DEBUG: src/lcthw/hashmap.c:Hashmap_get_node:205: TRY: 43
DEBUG: src/lcthw/hashmap.c:Hashmap_get_node:205: TRY: 44
DEBUG: src/lcthw/hashmap.c:Hashmap_get_node:205: TRY: 45
DEBUG: src/lcthw/hashmap.c:Hashmap_get_node:205: TRY: 46
DEBUG: src/lcthw/hashmap.c:Hashmap_get_node:205: TRY: 47
DEBUG: src/lcthw/hashmap.c:Hashmap_get_node:205: TRY: 48
DEBUG: src/lcthw/hashmap.c:Hashmap_get_node:205: TRY: 49
DEBUG: src/lcthw/hashmap.c:Hashmap_get_node:205: TRY: 50
DEBUG: src/lcthw/hashmap.c:Hashmap_get_node:205: TRY: 51
DEBUG: src/lcthw/hashmap.c:Hashmap_get_node:205: TRY: 52
DEBUG: src/lcthw/hashmap.c:Hashmap_get_node:205: TRY: 53
DEBUG: src/lcthw/hashmap.c:Hashmap_get_node:205: TRY: 54
DEBUG: src/lcthw/hashmap.c:Hashmap_get_node:205: TRY: 55
DEBUG: src/lcthw/hashmap.c:Hashmap_get_node:205: TRY: 56
DEBUG: src/lcthw/hashmap.c:Hashmap_get_node:205: TRY: 57
DEBUG: src/lcthw/hashmap.c:Hashmap_get_node:205: TRY: 58
DEBUG: src/lcthw/hashmap.c:Hashmap_get_node:205: TRY: 59
DEBUG: src/lcthw/hashmap.c:Hashmap_get_node:205: TRY: 60
DEBUG: src/lcthw/hashmap.c:Hashmap_get_node:205: TRY: 61
DEBUG: src/lcthw/hashmap.c:Hashmap_get_node:205: TRY: 62
DEBUG: src/lcthw/hashmap.c:Hashmap_get_node:205: TRY: 63
DEBUG: src/lcthw/hashmap.c:Hashmap_get_node:205: TRY: 64
DEBUG: src/lcthw/hashmap.c:Hashmap_get_node:205: TRY: 65
DEBUG: src/lcthw/hashmap.c:Hashmap_get_node:205: TRY: 66
DEBUG: src/lcthw/hashmap.c:Hashmap_get_node:205: TRY: 67
DEBUG: src/lcthw/hashmap.c:Hashmap_get_node:205: TRY: 68
DEBUG: src/lcthw/hashmap.c:Hashmap_get_node:205: TRY: 69
DEBUG: src/lcthw/hashmap.c:Hashmap_get_node:205: TRY: 70
DEBUG: src/lcthw/hashmap.c:Hashmap_get_node:205: TRY: 71
DEBUG: src/lcthw/hashmap.c:Hashmap_get_node:205: TRY: 72
DEBUG: src/lcthw/hashmap.c:Hashmap_get_node:205: TRY: 73
DEBUG: src/lcthw/hashmap.c:Hashmap_get_node:205: TRY: 74
DEBUG: src/lcthw/hashmap.c:Hashmap_get_node:205: TRY: 75
DEBUG: src/lcthw/hashmap.c:Hashmap_get_node:205: TRY: 76
DEBUG: src/lcthw/hashmap.c:Hashmap_get_node:205: TRY: 77
DEBUG: src/lcthw/hashmap.c:Hashmap_get_node:205: TRY: 78
DEBUG: src/lcthw/hashmap.c:Hashmap_get_node:205: TRY: 79
DEBUG: src/lcthw/hashmap.c:Hashmap_get_node:205: TRY: 80
DEBUG: src/lcthw/hashmap.c:Hashmap_get_node:205: TRY: 81
DEBUG: src/lcthw/hashmap.c:Hashmap_get_node:205: TRY: 82
DEBUG: src/lcthw/hashmap.c:Hashmap_get_node:205: TRY: 83
DEBUG: src/lcthw/hashmap.c:Hashmap_get_node:205: TRY: 84
DEBUG: src/lcthw/hashmap.c:Hashmap_get_node:205: TRY: 0
DEBUG: src/lcthw/hashmap.c:Hashmap_get_node:205: TRY: 1
DEBUG: src/lcthw/hashmap.c:Hashmap_get_node:205: TRY: 2
DEBUG: src/lcthw/hashmap.c:Hashmap_get_node:205: TRY: 3
DEBUG: src/lcthw/hashmap.c:Hashmap_get_node:205: TRY: 4
DEBUG: src/lcthw/hashmap.c:Hashmap_get_node:205: TRY: 5
DEBUG: src/lcthw/hashmap.c:Hashmap_get_node:205: TRY: 6
DEBUG: src/lcthw/hashmap.c:Hashmap_get_node:205: TRY: 7
DEBUG: src/lcthw/hashmap.c:Hashmap_get_node:205: TRY: 8
DEBUG: src/lcthw/hashmap.c:Hashmap_get_node:205: TRY: 9
DEBUG: src/lcthw/hashmap.c:Hashmap_get_node:205: TRY: 10
DEBUG: src/lcthw/hashmap.c:Hashmap_get_node:205: TRY: 11
DEBUG: src/lcthw/hashmap.c:Hashmap_get_node:205: TRY: 12
DEBUG: src/lcthw/hashmap.c:Hashmap_get_node:205: TRY: 13
DEBUG: src/lcthw/hashmap.c:Hashmap_get_node:205: TRY: 14
DEBUG: src/lcthw/hashmap.c:Hashmap_get_node:205: TRY: 15
DEBUG: src/lcthw/hashmap.c:Hashmap_get_node:205: TRY: 16
DEBUG: src/lcthw/hashmap.c:Hashmap_get_node:205: TRY: 17
DEBUG: src/lcthw/hashmap.c:Hashmap_get_node:205: TRY: 18
DEBUG: src/lcthw/hashmap.c:Hashmap_get_node:205: TRY: 19
DEBUG: src/lcthw/hashmap.c:Hashmap_get_node:205: TRY: 20
DEBUG: src/lcthw/hashmap.c:Hashmap_get_node:205: TRY: 21
DEBUG: src/lcthw/hashmap.c:Hashmap_get_node:205: TRY: 22
DEBUG: src/lcthw/hashmap.c:Hashmap_get_node:205: TRY: 23
DEBUG: src/lcthw/hashmap.c:Hashmap_get_node:205: TRY: 24
DEBUG: src/lcthw/hashmap.c:Hashmap_get_node:205: TRY: 25
DEBUG: src/lcthw/hashmap.c:Hashmap_get_node:205: TRY: 26
DEBUG: src/lcthw/hashmap.c:Hashmap_get_node:205: TRY: 27
DEBUG: src/lcthw/hashmap.c:Hashmap_get_node:205: TRY: 28
DEBUG: src/lcthw/hashmap.c:Hashmap_get_node:205: TRY: 29
DEBUG: src/lcthw/hashmap.c:Hashmap_get_node:205: TRY: 30
DEBUG: src/lcthw/hashmap.c:Hashmap_get_node:205: TRY: 31
DEBUG: src/lcthw/hashmap.c:Hashmap_get_node:205: TRY: 32
DEBUG: src/lcthw/hashmap.c:Hashmap_get_node:205: TRY: 33
DEBUG: src/lcthw/hashmap.c:Hashmap_get_node:205: TRY: 34
DEBUG: src/lcthw/hashmap.c:Hashmap_get_node:205: TRY: 35
DEBUG: src/lcthw/hashmap.c:Hashmap_get_node:205: TRY: 36
DEBUG: src/lcthw/hashmap.c:Hashmap_get_node:205: TRY: 37
DEBUG: src/lcthw/hashmap.c:Hashmap_get_node:205: TRY: 38
DEBUG: src/lcthw/hashmap.c:Hashmap_get_node:205: TRY: 39
DEBUG: src/lcthw/hashmap.c:Hashmap_get_node:205: TRY: 40
DEBUG: src/lcthw/hashmap.c:Hashmap_get_node:205: TRY: 41
DEBUG: src/lcthw/hashmap.c:Hashmap_get_node:205: TRY: 42
DEBUG: src/lcthw/hashmap.c:Hashmap_get_node:205: TRY: 43
DEBUG: src/lcthw/hashmap.c:Hashmap_get_node:205: TRY: 44
DEBUG: src/lcthw/hashmap.c:Hashmap_get_node:205: TRY: 45
DEBUG: src/lcthw/hashmap.c:Hashmap_get_node:205: TRY: 46
DEBUG: src/lcthw/hashmap.c:Hashmap_get_node:205: TRY: 47
DEBUG: src/lcthw/hashmap.c:Hashmap_get_node:205: TRY: 48
DEBUG: src/lcthw/hashmap.c:Hashmap_get_node:205: TRY: 49
DEBUG: src/lcthw/hashmap.c:Hashmap_get_node:205: TRY: 50
DEBUG: src/lcthw/hashmap.c:Hashmap_get_node:205: TRY: 51
DEBUG: src/lcthw/hashmap.c:Hashmap_get_node:205: TRY: 52
DEBUG: src/lcthw/hashmap.c:Hashmap_get_node:205: TRY: 53
DEBUG: src/lcthw/hashmap.c:Hashmap_get_node:205: TRY: 54
DEBUG: src/lcthw/hashmap.c:Hashmap_get_node:205: TRY: 55
DEBUG: src/lcthw/hashmap.c:Hashmap_get_node:205: TRY: 56
DEBUG: src/lcthw/hashmap.c:Hashmap_get_node:205: TRY: 0
DEBUG: src/lcthw/hashmap.c:Hashmap_get_node:205: TRY: 1
DEBUG: src/lcthw/hashmap.c:Hashmap_get_node:205: TRY: 2
DEBUG: src/lcthw/hashmap.c:Hashmap_get_node:205: TRY: 3
DEBUG: src/lcthw/hashmap.c:Hashmap_get_node:205: TRY: 4
DEBUG: src/lcthw/hashmap.c:Hashmap_get_node:205: TRY: 5
DEBUG: src/lcthw/hashmap.c:Hashmap_get_node:205: TRY: 6
DEBUG: src/lcthw/hashmap.c:Hashmap_get_node:205: TRY: 7
DEBUG: src/lcthw/hashmap.c:Hashmap_get_node:205: TRY: 8
DEBUG: src/lcthw/hashmap.c:Hashmap_get_node:205: TRY: 9
DEBUG: src/lcthw/hashmap.c:Hashmap_get_node:205: TRY: 10
DEBUG: src/lcthw/hashmap.c:Hashmap_get_node:205: TRY: 11
DEBUG: src/lcthw/hashmap.c:Hashmap_get_node:205: TRY: 12
DEBUG: src/lcthw/hashmap.c:Hashmap_get_node:205: TRY: 13
DEBUG: src/lcthw/hashmap.c:Hashmap_get_node:205: TRY: 14
DEBUG: src/lcthw/hashmap.c:Hashmap_get_node:205: TRY: 15
DEBUG: src/lcthw/hashmap.c:Hashmap_get_node:205: TRY: 16
DEBUG: src/lcthw/hashmap.c:Hashmap_get_node:205: TRY: 17
DEBUG: src/lcthw/hashmap.c:Hashmap_get_node:205: TRY: 18
DEBUG: src/lcthw/hashmap.c:Hashmap_get_node:205: TRY: 19
DEBUG: src/lcthw/hashmap.c:Hashmap_get_node:205: TRY: 20
DEBUG: src/lcthw/hashmap.c:Hashmap_get_node:205: TRY: 21
DEBUG: src/lcthw/hashmap.c:Hashmap_get_node:205: TRY: 22
DEBUG: src/lcthw/hashmap.c:Hashmap_get_node:205: TRY: 23
DEBUG: src/lcthw/hashmap.c:Hashmap_get_node:205: TRY: 24
DEBUG: src/lcthw/hashmap.c:Hashmap_get_node:205: TRY: 25
DEBUG: src/lcthw/hashmap.c:Hashmap_get_node:205: TRY: 26
DEBUG: src/lcthw/hashmap.c:Hashmap_get_node:205: TRY: 27
DEBUG: src/lcthw/hashmap.c:Hashmap_get_node:205: TRY: 28
DEBUG: src/lcthw/hashmap.c:Hashmap_get_node:205: TRY: 29
DEBUG: src/lcthw/hashmap.c:Hashmap_get_node:205: TRY: 30
DEBUG: src/lcthw/hashmap.c:Hashmap_get_node:205: TRY: 31
DEBUG: src/lcthw/hashmap.c:Hashmap_get_node:205: TRY: 32
DEBUG: src/lcthw/hashmap.c:Hashmap_get_node:205: TRY: 33
DEBUG: src/lcthw/hashmap.c:Hashmap_get_node:205: TRY: 34
DEBUG: src/lcthw/hashmap.c:Hashmap_get_node:205: TRY: 35
DEBUG: src/lcthw/hashmap.c:Hashmap_get_node:205: TRY: 36
DEBUG: src/lcthw/hashmap.c:Hashmap_get_node:205: TRY: 37
DEBUG: src/lcthw/hashmap.c:Hashmap_get_node:205: TRY: 38
DEBUG: src/lcthw/hashmap.c:Hashmap_get_node:205: TRY: 39
DEBUG: src/lcthw/hashmap.c:Hashmap_get_node:205: TRY: 40
DEBUG: src/lcthw/hashmap.c:Hashmap_get_node:205: TRY: 41
DEBUG: src/lcthw/hashmap.c:Hashmap_get_node:205: TRY: 42
DEBUG: src/lcthw/hashmap.c:Hashmap_get_node:205: TRY: 43
DEBUG: src/lcthw/hashmap.c:Hashmap_get_node:205: TRY: 44
DEBUG: src/lcthw/hashmap.c:Hashmap_get_node:205: TRY: 45
DEBUG: src/lcthw/hashmap.c:Hashmap_get_node:205: TRY: 46
DEBUG: src/lcthw/hashmap.c:Hashmap_get_node:205: TRY: 47
DEBUG: src/lcthw/hashmap.c:Hashmap_get_node:205: TRY: 48
DEBUG: src/lcthw/hashmap.c:Hashmap_get_node:205: TRY: 49
DEBUG: src/lcthw/hashmap.c:Hashmap_get_node:205: TRY: 50
DEBUG: src/lcthw/hashmap.c:Hashmap_get_node:205: TRY: 51
DEBUG: src/lcthw/hashmap.c:Hashmap_get_node:205: TRY: 52
DEBUG: src/lcthw/hashmap.c:Hashmap_get_node:205: TRY: 53
DEBUG: src/lcthw/hashmap.c:Hashmap_get_node:205: TRY: 54
DEBUG: src/lcthw/hashmap.c:Hashmap_get_node:205: TRY: 55
DEBUG: src/lcthw/hashmap.c:Hashmap_get_node:205: TRY: 56
DEBUG: src/lcthw/hashmap.c:Hashmap_get_node:205: TRY: 57
DEBUG: src/lcthw/hashmap.c:Hashmap_get_node:205: TRY: 58
DEBUG: src/lcthw/hashmap.c:Hashmap_get_node:205: TRY: 59
DEBUG: src/lcthw/hashmap.c:Hashmap_get_node:205: TRY: 60
DEBUG: src/lcthw/hashmap.c:Hashmap_get_node:205: TRY: 61
DEBUG: src/lcthw/hashmap.c:Hashmap_get_node:205: TRY: 0
DEBUG: src/lcthw/hashmap.c:Hashmap_get_node:205: TRY: 1
DEBUG: src/lcthw/hashmap.c:Hashmap_get_node:205: TRY: 2
DEBUG: src/lcthw/hashmap.c:Hashmap_get_node:205: TRY: 3
DEBUG: src/lcthw/hashmap.c:Hashmap_get_node:205: TRY: 4
DEBUG: src/lcthw/hashmap.c:Hashmap_get_node:205: TRY: 5
DEBUG: src/lcthw/hashmap.c:Hashmap_get_node:205: TRY: 6
DEBUG: src/lcthw/hashmap.c:Hashmap_get_node:205: TRY: 7
DEBUG: src/lcthw/hashmap.c:Hashmap_get_node:205: TRY: 8
DEBUG: src/lcthw/hashmap.c:Hashmap_get_node:205: TRY: 9
DEBUG: src/lcthw/hashmap.c:Hashmap_get_node:205: TRY: 10
DEBUG: src/lcthw/hashmap.c:Hashmap_get_node:205: TRY: 11
DEBUG: src/lcthw/hashmap.c:Hashmap_get_node:205: TRY: 12
DEBUG: src/lcthw/hashmap.c:Hashmap_get_node:205: TRY: 13
DEBUG: src/lcthw/hashmap.c:Hashmap_get_node:205: TRY: 14
DEBUG: src/lcthw/hashmap.c:Hashmap_get_node:205: TRY: 15
DEBUG: src/lcthw/hashmap.c:Hashmap_get_node:205: TRY: 16
DEBUG: src/lcthw/hashmap.c:Hashmap_get_node:205: TRY: 17
DEBUG: src/lcthw/hashmap.c:Hashmap_get_node:205: TRY: 18
DEBUG: src/lcthw/hashmap.c:Hashmap_get_node:205: TRY: 19
DEBUG: src/lcthw/hashmap.c:Hashmap_get_node:205: TRY: 20
DEBUG: src/lcthw/hashmap.c:Hashmap_get_node:205: TRY: 21
DEBUG: src/lcthw/hashmap.c:Hashmap_get_node:205: TRY: 22
DEBUG: src/lcthw/hashmap.c:Hashmap_get_node:205: TRY: 23
DEBUG: src/lcthw/hashmap.c:Hashmap_get_node:205: TRY: 24
DEBUG: src/lcthw/hashmap.c:Hashmap_get_node:205: TRY: 25
DEBUG: src/lcthw/hashmap.c:Hashmap_get_node:205: TRY: 26
DEBUG: src/lcthw/hashmap.c:Hashmap_get_node:205: TRY: 27
DEBUG: src/lcthw/hashmap.c:Hashmap_get_node:205: TRY: 28
DEBUG: src/lcthw/hashmap.c:Hashmap_get_node:205: TRY: 29
DEBUG: src/lcthw/hashmap.c:Hashmap_get_node:205: TRY: 30
DEBUG: src/lcthw/hashmap.c:Hashmap_get_node:205: TRY: 31
DEBUG: src/lcthw/hashmap.c:Hashmap_get_node:205: TRY: 32
DEBUG: src/lcthw/hashmap.c:Hashmap_get_node:205: TRY: 33
DEBUG: src/lcthw/hashmap.c:Hashmap_get_node:205: TRY: 34
DEBUG: src/lcthw/hashmap.c:Hashmap_get_node:205: TRY: 35
DEBUG: src/lcthw/hashmap.c:Hashmap_get_node:205: TRY: 36
DEBUG: src/lcthw/hashmap.c:Hashmap_get_node:205: TRY: 37
DEBUG: src/lcthw/hashmap.c:Hashmap_get_node:205: TRY: 38
DEBUG: src/lcthw/hashmap.c:Hashmap_get_node:205: TRY: 39
DEBUG: src/lcthw/hashmap.c:Hashmap_get_node:205: TRY: 40
DEBUG: src/lcthw/hashmap.c:Hashmap_get_node:205: TRY: 41
DEBUG: src/lcthw/hashmap.c:Hashmap_get_node:205: TRY: 42
DEBUG: src/lcthw/hashmap.c:Hashmap_get_node:205: TRY: 43
DEBUG: src/lcthw/hashmap.c:Hashmap_get_node:205: TRY: 44
DEBUG: src/lcthw/hashmap.c:Hashmap_get_node:205: TRY: 45
DEBUG: src/lcthw/hashmap.c:Hashmap_get_node:205: TRY: 46
DEBUG: src/lcthw/hashmap.c:Hashmap_get_node:205: TRY: 47
DEBUG: src/lcthw/hashmap.c:Hashmap_get_node:205: TRY: 48
DEBUG: src/lcthw/hashmap.c:Hashmap_get_node:205: TRY: 49
DEBUG: src/lcthw/hashmap.c:Hashmap_get_node:205: TRY: 50
DEBUG: src/lcthw/hashmap.c:Hashmap_get_node:205: TRY: 51
DEBUG: src/lcthw/hashmap.c:Hashmap_get_node:205: TRY: 52
DEBUG: src/lcthw/hashmap.c:Hashmap_get_node:205: TRY: 53
DEBUG: src/lcthw/hashmap.c:Hashmap_get_node:205: TRY: 54
DEBUG: src/lcthw/hashmap.c:Hashmap_get_node:205: TRY: 55
DEBUG: src/lcthw/hashmap.c:Hashmap_get_node:205: TRY: 0
DEBUG: src/lcthw/hashmap.c:Hashmap_get_node:205: TRY: 1
DEBUG: src/lcthw/hashmap.c:Hashmap_get_node:205: TRY: 2
DEBUG: src/lcthw/hashmap.c:Hashmap_get_node:205: TRY: 3
DEBUG: src/lcthw/hashmap.c:Hashmap_get_node:205: TRY: 4
DEBUG: src/lcthw/hashmap.c:Hashmap_get_node:205: TRY: 5
DEBUG: src/lcthw/hashmap.c:Hashmap_get_node:205: TRY: 6
DEBUG: src/lcthw/hashmap.c:Hashmap_get_node:205: TRY: 7
DEBUG: src/lcthw/hashmap.c:Hashmap_get_node:205: TRY: 8
DEBUG: src/lcthw/hashmap.c:Hashmap_get_node:205: TRY: 9
DEBUG: src/lcthw/hashmap.c:Hashmap_get_node:205: TRY: 10
DEBUG: src/lcthw/hashmap.c:Hashmap_get_node:205: TRY: 11
DEBUG: src/lcthw/hashmap.c:Hashmap_get_node:205: TRY: 12
DEBUG: src/lcthw/hashmap.c:Hashmap_get_node:205: TRY: 13
DEBUG: src/lcthw/hashmap.c:Hashmap_get_node:205: TRY: 14
DEBUG: src/lcthw/hashmap.c:Hashmap_get_node:205: TRY: 15
DEBUG: src/lcthw/hashmap.c:Hashmap_get_node:205: TRY: 16
DEBUG: src/lcthw/hashmap.c:Hashmap_get_node:205: TRY: 17
DEBUG: src/lcthw/hashmap.c:Hashmap_get_node:205: TRY: 18
DEBUG: src/lcthw/hashmap.c:Hashmap_get_node:205: TRY: 19
DEBUG: src/lcthw/hashmap.c:Hashmap_get_node:205: TRY: 20
DEBUG: src/lcthw/hashmap.c:Hashmap_get_node:205: TRY: 21
DEBUG: src/lcthw/hashmap.c:Hashmap_get_node:205: TRY: 22
DEBUG: src/lcthw/hashmap.c:Hashmap_get_node:205: TRY: 23
DEBUG: src/lcthw/hashmap.c:Hashmap_get_node:205: TRY: 24
DEBUG: src/lcthw/hashmap.c:Hashmap_get_node:205: TRY: 25
DEBUG: src/lcthw/hashmap.c:Hashmap_get_node:205: TRY: 26
DEBUG: src/lcthw/hashmap.c:Hashmap_get_node:205: TRY: 27
DEBUG: src/lcthw/hashmap.c:Hashmap_get_node:205: TRY: 28
DEBUG: src/lcthw/hashmap.c:Hashmap_get_node:205: TRY: 29
DEBUG: src/lcthw/hashmap.c:Hashmap_get_node:205: TRY: 30
DEBUG: src/lcthw/hashmap.c:Hashmap_get_node:205: TRY: 31
DEBUG: src/lcthw/hashmap.c:Hashmap_get_node:205: TRY: 32
DEBUG: src/lcthw/hashmap.c:Hashmap_get_node:205: TRY: 33
DEBUG: src/lcthw/hashmap.c:Hashmap_get_node:205: TRY: 34
DEBUG: src/lcthw/hashmap.c:Hashmap_get_node:205: TRY: 35
DEBUG: src/lcthw/hashmap.c:Hashmap_get_node:205: TRY: 36
DEBUG: src/lcthw/hashmap.c:Hashmap_get_node:205: TRY: 37
DEBUG: src/lcthw/hashmap.c:Hashmap_get_node:205: TRY: 38
DEBUG: src/lcthw/hashmap.c:Hashmap_get_node:205: TRY: 39
DEBUG: src/lcthw/hashmap.c:Hashmap_get_node:205: TRY: 40
DEBUG: src/lcthw/hashmap.c:Hashmap_get_node:205: TRY: 41
DEBUG: src/lcthw/hashmap.c:Hashmap_get_node:205: TRY: 42
DEBUG: src/lcthw/hashmap.c:Hashmap_get_node:205: TRY: 43
DEBUG: src/lcthw/hashmap.c:Hashmap_get_node:205: TRY: 44
DEBUG: src/lcthw/hashmap.c:Hashmap_get_node:205: TRY: 45
DEBUG: src/lcthw/hashmap.c:Hashmap_get_node:205: TRY: 46
DEBUG: src/lcthw/hashmap.c:Hashmap_get_node:205: TRY: 47
DEBUG: src/lcthw/hashmap.c:Hashmap_get_node:205: TRY: 48
DEBUG: src/lcthw/hashmap.c:Hashmap_get_node:205: TRY: 49
DEBUG: src/lcthw/hashmap.c:Hashmap_get_node:205: TRY: 50
DEBUG: src/lcthw/hashmap.c:Hashmap_get_node:205: TRY: 51
DEBUG: src/lcthw/hashmap.c:Hashmap_get_node:205: TRY: 52
DEBUG: src/lcthw/hashmap.c:Hashmap_get_node:205: TRY: 53
DEBUG: src/lcthw/hashmap.c:Hashmap_get_node:205: TRY: 54
DEBUG: src/lcthw/hashmap.c:Hashmap_get_node:205: TRY: 55
DEBUG: src/lcthw/hashmap.c:Hashmap_get_node:205: TRY: 56
DEBUG: src/lcthw/hashmap.c:Hashmap_get_node:205: TRY: 0
DEBUG: src/lcthw/hashmap.c:Hashmap_get_node:205: TRY: 1
DEBUG: src/lcthw/hashmap.c:Hashmap_get_node:205: TRY: 2
DEBUG: src/lcthw/hashmap.c:Hashmap_get_node:205: TRY: 3
DEBUG: src/lcthw/hashmap.c:Hashmap_get_node:205: TRY: 4
DEBUG: src/lcthw/hashmap.c:Hashmap_get_node:205: TRY: 5
DEBUG: src/lcthw/hashmap.c:Hashmap_get_node:205: TRY: 6
DEBUG: src/lcthw/hashmap.c:Hashmap_get_node:205: TRY: 7
DEBUG: src/lcthw/hashmap.c:Hashmap_get_node:205: TRY: 8
DEBUG: src/lcthw/hashmap.c:Hashmap_get_node:205: TRY: 9
DEBUG: src/lcthw/hashmap.c:Hashmap_get_node:205: TRY: 10
DEBUG: src/lcthw/hashmap.c:Hashmap_get_node:205: TRY: 11
DEBUG: src/lcthw/hashmap.c:Hashmap_get_node:205: TRY: 12
DEBUG: src/lcthw/hashmap.c:Hashmap_get_node:205: TRY: 13
DEBUG: src/lcthw/hashmap.c:Hashmap_get_node:205: TRY: 14
DEBUG: src/lcthw/hashmap.c:Hashmap_get_node:205: TRY: 15
DEBUG: src/lcthw/hashmap.c:Hashmap_get_node:205: TRY: 16
DEBUG: src/lcthw/hashmap.c:Hashmap_get_node:205: TRY: 17
DEBUG: src/lcthw/hashmap.c:Hashmap_get_node:205: TRY: 18
DEBUG: src/lcthw/hashmap.c:Hashmap_get_node:205: TRY: 19
DEBUG: src/lcthw/hashmap.c:Hashmap_get_node:205: TRY: 20
DEBUG: src/lcthw/hashmap.c:Hashmap_get_node:205: TRY: 21
DEBUG: src/lcthw/hashmap.c:Hashmap_get_node:205: TRY: 22
DEBUG: src/lcthw/hashmap.c:Hashmap_get_node:205: TRY: 23
DEBUG: src/lcthw/hashmap.c:Hashmap_get_node:205: TRY: 24
DEBUG: src/lcthw/hashmap.c:Hashmap_get_node:205: TRY: 25
DEBUG: src/lcthw/hashmap.c:Hashmap_get_node:205: TRY: 26
DEBUG: src/lcthw/hashmap.c:Hashmap_get_node:205: TRY: 27
DEBUG: src/lcthw/hashmap.c:Hashmap_get_node:205: TRY: 28
DEBUG: src/lcthw/hashmap.c:Hashmap_get_node:205: TRY: 29
DEBUG: src/lcthw/hashmap.c:Hashmap_get_node:205: TRY: 30
DEBUG: src/lcthw/hashmap.c:Hashmap_get_node:205: TRY: 31
DEBUG: src/lcthw/hashmap.c:Hashmap_get_node:205: TRY: 32
DEBUG: src/lcthw/hashmap.c:Hashmap_get_node:205: TRY: 33
DEBUG: src/lcthw/hashmap.c:Hashmap_get_node:205: TRY: 34
DEBUG: src/lcthw/hashmap.c:Hashmap_get_node:205: TRY: 35
DEBUG: src/lcthw/hashmap.c:Hashmap_get_node:205: TRY: 36
DEBUG: src/lcthw/hashmap.c:Hashmap_get_node:205: TRY: 37
DEBUG: src/lcthw/hashmap.c:Hashmap_get_node:205: TRY: 38
DEBUG: src/lcthw/hashmap.c:Hashmap_get_node:205: TRY: 39
DEBUG: src/lcthw/hashmap.c:Hashmap_get_node:205: TRY: 40
DEBUG: src/lcthw/hashmap.c:Hashmap_get_node:205: TRY: 41
DEBUG: src/lcthw/hashmap.c:Hashmap_get_node:205: TRY: 42
DEBUG: src/lcthw/hashmap.c:Hashmap_get_node:205: TRY: 43
DEBUG: src/lcthw/hashmap.c:Hashmap_get_node:205: TRY: 44
DEBUG: src/lcthw/hashmap.c:Hashmap_get_node:205: TRY: 45
DEBUG: src/lcthw/hashmap.c:Hashmap_get_node:205: TRY: 46
DEBUG: src/lcthw/hashmap.c:Hashmap_get_node:205: TRY: 47
DEBUG: src/lcthw/hashmap.c:Hashmap_get_node:205: TRY: 48
DEBUG: src/lcthw/hashmap.c:Hashmap_get_node:205: TRY: 49
DEBUG: src/lcthw/hashmap.c:Hashmap_get_node:205: TRY: 50
DEBUG: src/lcthw/hashmap.c:Hashmap_get_node:205: TRY: 51
DEBUG: src/lcthw/hashmap.c:Hashmap_get_node:205: TRY: 52
DEBUG: src/lcthw/hashmap.c:Hashmap_get_node:205: TRY: 0
DEBUG: src/lcthw/hashmap.c:Hashmap_get_node:205: TRY: 1
DEBUG: src/lcthw/hashmap.c:Hashmap_get_node:205: TRY: 2
DEBUG: src/lcthw/hashmap.c:Hashmap_get_node:205: TRY: 3
DEBUG: src/lcthw/hashmap.c:Hashmap_get_node:205: TRY: 4
DEBUG: src/lcthw/hashmap.c:Hashmap_get_node:205: TRY: 5
DEBUG: src/lcthw/hashmap.c:Hashmap_get_node:205: TRY: 6
DEBUG: src/lcthw/hashmap.c:Hashmap_get_node:205: TRY: 7
DEBUG: src/lcthw/hashmap.c:Hashmap_get_node:205: TRY: 8
DEBUG: src/lcthw/hashmap.c:Hashmap_get_node:205: TRY: 9
DEBUG: src/lcthw/hashmap.c:Hashmap_get_node:205: TRY: 10
DEBUG: src/lcthw/hashmap.c:Hashmap_get_node:205: TRY: 11
DEBUG: src/lcthw/hashmap.c:Hashmap_get_node:205: TRY: 12
DEBUG: src/lcthw/hashmap.c:Hashmap_get_node:205: TRY: 13
DEBUG: src/lcthw/hashmap.c:Hashmap_get_node:205: TRY: 14
DEBUG: src/lcthw/hashmap.c:Hashmap_get_node:205: TRY: 15
DEBUG: src/lcthw/hashmap.c:Hashmap_get_node:205: TRY: 16
DEBUG: src/lcthw/hashmap.c:Hashmap_get_node:205: TRY: 17
DEBUG: src/lcthw/hashmap.c:Hashmap_get_node:205: TRY: 18
DEBUG: src/lcthw/hashmap.c:Hashmap_get_node:205: TRY: 19
DEBUG: src/lcthw/hashmap.c:Hashmap_get_node:205: TRY: 20
DEBUG: src/lcthw/hashmap.c:Hashmap_get_node:205: TRY: 21
DEBUG: src/lcthw/hashmap.c:Hashmap_get_node:205: TRY: 22
DEBUG: src/lcthw/hashmap.c:Hashmap_get_node:205: TRY: 23
DEBUG: src/lcthw/hashmap.c:Hashmap_get_node:205: TRY: 24
DEBUG: src/lcthw/hashmap.c:Hashmap_get_node:205: TRY: 25
DEBUG: src/lcthw/hashmap.c:Hashmap_get_node:205: TRY: 26
DEBUG: src/lcthw/hashmap.c:Hashmap_get_node:205: TRY: 27
DEBUG: src/lcthw/hashmap.c:Hashmap_get_node:205: TRY: 28
DEBUG: src/lcthw/hashmap.c:Hashmap_get_node:205: TRY: 29
DEBUG: src/lcthw/hashmap.c:Hashmap_get_node:205: TRY: 30
DEBUG: src/lcthw/hashmap.c:Hashmap_get_node:205: TRY: 31
DEBUG: src/lcthw/hashmap.c:Hashmap_get_node:205: TRY: 32
DEBUG: src/lcthw/hashmap.c:Hashmap_get_node:205: TRY: 33
DEBUG: src/lcthw/hashmap.c:Hashmap_get_node:205: TRY: 34
DEBUG: src/lcthw/hashmap.c:Hashmap_get_node:205: TRY: 35
DEBUG: src/lcthw/hashmap.c:Hashmap_get_node:205: TRY: 36
DEBUG: src/lcthw/hashmap.c:Hashmap_get_node:205: TRY: 37
DEBUG: src/lcthw/hashmap.c:Hashmap_get_node:205: TRY: 38
DEBUG: src/lcthw/hashmap.c:Hashmap_get_node:205: TRY: 39
DEBUG: src/lcthw/hashmap.c:Hashmap_get_node:205: TRY: 40
DEBUG: src/lcthw/hashmap.c:Hashmap_get_node:205: TRY: 41
DEBUG: src/lcthw/hashmap.c:Hashmap_get_node:205: TRY: 42
DEBUG: src/lcthw/hashmap.c:Hashmap_get_node:205: TRY: 43
DEBUG: src/lcthw/hashmap.c:Hashmap_get_node:205: TRY: 44
DEBUG: src/lcthw/hashmap.c:Hashmap_get_node:205: TRY: 45
DEBUG: src/lcthw/hashmap.c:Hashmap_get_node:205: TRY: 46
DEBUG: src/lcthw/hashmap.c:Hashmap_get_node:205: TRY: 47
DEBUG: src/lcthw/hashmap.c:Hashmap_get_node:205: TRY: 48
DEBUG: src/lcthw/hashmap.c:Hashmap_get_node:205: TRY: 49
DEBUG: src/lcthw/hashmap.c:Hashmap_get_node:205: TRY: 50
DEBUG: src/lcthw/hashmap.c:Hashmap_get_node:205: TRY: 51
DEBUG: src/lcthw/hashmap.c:Hashmap_get_node:205: TRY: 52
DEBUG: src/lcthw/hashmap.c:Hashmap_get_node:205: TRY: 53
DEBUG: src/lcthw/hashmap.c:Hashmap_get_node:205: TRY: 54
DEBUG: src/lcthw/hashmap.c:Hashmap_get_node:205: TRY: 55
DEBUG: src/lcthw/hashmap.c:Hashmap_get_node:205: TRY: 56
DEBUG: src/lcthw/hashmap.c:Hashmap_get_node:205: TRY: 57
DEBUG: src/lcthw/hashmap.c:Hashmap_get_node:205: TRY: 58
DEBUG: src/lcthw/hashmap.c:Hashmap_get_node:205: TRY: 59
DEBUG: src/lcthw/hashmap.c:Hashmap_get_node:205: TRY: 60
DEBUG: src/lcthw/hashmap.c:Hashmap_get_node:205: TRY: 61
DEBUG: src/lcthw/hashmap.c:Hashmap_get_node:205: TRY: 62
DEBUG: src/lcthw/hashmap.c:Hashmap_get_node:205: TRY: 63
DEBUG: src/lcthw/hashmap.c:Hashmap_get_node:205: TRY: 64
DEBUG: src/lcthw/hashmap.c:Hashmap_get_node:205: TRY: 65
DEBUG: src/lcthw/hashmap.c:Hashmap_get_node:205: TRY: 0
DEBUG: src/lcthw/hashmap.c:Hashmap_get_node:205: TRY: 1
DEBUG: src/lcthw/hashmap.c:Hashmap_get_node:205: TRY: 2
DEBUG: src/lcthw/hashmap.c:Hashmap_get_node:205: TRY: 3
DEBUG: src/lcthw/hashmap.c:Hashmap_get_node:205: TRY: 4
DEBUG: src/lcthw/hashmap.c:Hashmap_get_node:205: TRY: 5
DEBUG: src/lcthw/hashmap.c:Hashmap_get_node:205: TRY: 6
DEBUG: src/lcthw/hashmap.c:Hashmap_get_node:205: TRY: 7
DEBUG: src/lcthw/hashmap.c:Hashmap_get_node:205: TRY: 8
DEBUG: src/lcthw/hashmap.c:Hashmap_get_node:205: TRY: 9
DEBUG: src/lcthw/hashmap.c:Hashmap_get_node:205: TRY: 10
DEBUG: src/lcthw/hashmap.c:Hashmap_get_node:205: TRY: 11
DEBUG: src/lcthw/hashmap.c:Hashmap_get_node:205: TRY: 12
DEBUG: src/lcthw/hashmap.c:Hashmap_get_node:205: TRY: 13
DEBUG: src/lcthw/hashmap.c:Hashmap_get_node:205: TRY: 14
DEBUG: src/lcthw/hashmap.c:Hashmap_get_node:205: TRY: 15
DEBUG: src/lcthw/hashmap.c:Hashmap_get_node:205: TRY: 16
DEBUG: src/lcthw/hashmap.c:Hashmap_get_node:205: TRY: 17
DEBUG: src/lcthw/hashmap.c:Hashmap_get_node:205: TRY: 18
DEBUG: src/lcthw/hashmap.c:Hashmap_get_node:205: TRY: 19
DEBUG: src/lcthw/hashmap.c:Hashmap_get_node:205: TRY: 20
DEBUG: src/lcthw/hashmap.c:Hashmap_get_node:205: TRY: 21
DEBUG: src/lcthw/hashmap.c:Hashmap_get_node:205: TRY: 22
DEBUG: src/lcthw/hashmap.c:Hashmap_get_node:205: TRY: 23
DEBUG: src/lcthw/hashmap.c:Hashmap_get_node:205: TRY: 24
DEBUG: src/lcthw/hashmap.c:Hashmap_get_node:205: TRY: 25
DEBUG: src/lcthw/hashmap.c:Hashmap_get_node:205: TRY: 26
DEBUG: src/lcthw/hashmap.c:Hashmap_get_node:205: TRY: 27
DEBUG: src/lcthw/hashmap.c:Hashmap_get_node:205: TRY: 28
DEBUG: src/lcthw/hashmap.c:Hashmap_get_node:205: TRY: 29
DEBUG: src/lcthw/hashmap.c:Hashmap_get_node:205: TRY: 30
DEBUG: src/lcthw/hashmap.c:Hashmap_get_node:205: TRY: 31
DEBUG: src/lcthw/hashmap.c:Hashmap_get_node:205: TRY: 32
DEBUG: src/lcthw/hashmap.c:Hashmap_get_node:205: TRY: 33
DEBUG: src/lcthw/hashmap.c:Hashmap_get_node:205: TRY: 34
DEBUG: src/lcthw/hashmap.c:Hashmap_get_node:205: TRY: 35
DEBUG: src/lcthw/hashmap.c:Hashmap_get_node:205: TRY: 36
DEBUG: src/lcthw/hashmap.c:Hashmap_get_node:205: TRY: 37
DEBUG: src/lcthw/hashmap.c:Hashmap_get_node:205: TRY: 38
DEBUG: src/lcthw/hashmap.c:Hashmap_get_node:205: TRY: 39
DEBUG: src/lcthw/hashmap.c:Hashmap_get_node:205: TRY: 40
DEBUG: src/lcthw/hashmap.c:Hashmap_get_node:205: TRY: 41
DEBUG: src/lcthw/hashmap.c:Hashmap_get_node:205: TRY: 42
DEBUG: src/lcthw/hashmap.c:Hashmap_get_node:205: TRY: 43
DEBUG: src/lcthw/hashmap.c:Hashmap_get_node:205: TRY: 44
DEBUG: src/lcthw/hashmap.c:Hashmap_get_node:205: TRY: 45
DEBUG: src/lcthw/hashmap.c:Hashmap_get_node:205: TRY: 46
DEBUG: src/lcthw/hashmap.c:Hashmap_get_node:205: TRY: 47
DEBUG: src/lcthw/hashmap.c:Hashmap_get_node:205: TRY: 48
DEBUG: src/lcthw/hashmap.c:Hashmap_get_node:205: TRY: 49
DEBUG: src/lcthw/hashmap.c:Hashmap_get_node:205: TRY: 50
DEBUG: src/lcthw/hashmap.c:Hashmap_get_node:205: TRY: 51
DEBUG: src/lcthw/hashmap.c:Hashmap_get_node:205: TRY: 52
DEBUG: src/lcthw/hashmap.c:Hashmap_get_node:205: TRY: 53
DEBUG: src/lcthw/hashmap.c:Hashmap_get_node:205: TRY: 54
DEBUG: src/lcthw/hashmap.c:Hashmap_get_node:205: TRY: 55
DEBUG: src/lcthw/hashmap.c:Hashmap_get_node:205: TRY: 56
DEBUG: src/lcthw/hashmap.c:Hashmap_get_node:205: TRY: 57
DEBUG: src/lcthw/hashmap.c:Hashmap_get_node:205: TRY: 58
DEBUG: src/lcthw/hashmap.c:Hashmap_get_node:205: TRY: 59
DEBUG: src/lcthw/hashmap.c:Hashmap_get_node:205: TRY: 60
DEBUG: src/lcthw/hashmap.c:Hashmap_get_node:205: TRY: 61
DEBUG: src/lcthw/hashmap.c:Hashmap_get_node:205: TRY: 62
DEBUG: src/lcthw/hashmap.c:Hashmap_get_node:205: TRY: 0
DEBUG: src/lcthw/hashmap.c:Hashmap_get_node:205: TRY: 1
DEBUG: src/lcthw/hashmap.c:Hashmap_get_node:205: TRY: 2
DEBUG: src/lcthw/hashmap.c:Hashmap_get_node:205: TRY: 3
DEBUG: src/lcthw/hashmap.c:Hashmap_get_node:205: TRY: 4
DEBUG: src/lcthw/hashmap.c:Hashmap_get_node:205: TRY: 5
DEBUG: src/lcthw/hashmap.c:Hashmap_get_node:205: TRY: 6
DEBUG: src/lcthw/hashmap.c:Hashmap_get_node:205: TRY: 7
DEBUG: src/lcthw/hashmap.c:Hashmap_get_node:205: TRY: 8
DEBUG: src/lcthw/hashmap.c:Hashmap_get_node:205: TRY: 9
DEBUG: src/lcthw/hashmap.c:Hashmap_get_node:205: TRY: 10
DEBUG: src/lcthw/hashmap.c:Hashmap_get_node:205: TRY: 11
DEBUG: src/lcthw/hashmap.c:Hashmap_get_node:205: TRY: 12
DEBUG: src/lcthw/hashmap.c:Hashmap_get_node:205: TRY: 13
DEBUG: src/lcthw/hashmap.c:Hashmap_get_node:205: TRY: 14
DEBUG: src/lcthw/hashmap.c:Hashmap_get_node:205: TRY: 15
DEBUG: src/lcthw/hashmap.c:Hashmap_get_node:205: TRY: 16
DEBUG: src/lcthw/hashmap.c:Hashmap_get_node:205: TRY: 17
DEBUG: src/lcthw/hashmap.c:Hashmap_get_node:205: TRY: 18
DEBUG: src/lcthw/hashmap.c:Hashmap_get_node:205: TRY: 19
DEBUG: src/lcthw/hashmap.c:Hashmap_get_node:205: TRY: 20
DEBUG: src/lcthw/hashmap.c:Hashmap_get_node:205: TRY: 21
DEBUG: src/lcthw/hashmap.c:Hashmap_get_node:205: TRY: 22
DEBUG: src/lcthw/hashmap.c:Hashmap_get_node:205: TRY: 23
DEBUG: src/lcthw/hashmap.c:Hashmap_get_node:205: TRY: 24
DEBUG: src/lcthw/hashmap.c:Hashmap_get_node:205: TRY: 25
DEBUG: src/lcthw/hashmap.c:Hashmap_get_node:205: TRY: 26
DEBUG: src/lcthw/hashmap.c:Hashmap_get_node:205: TRY: 27
DEBUG: src/lcthw/hashmap.c:Hashmap_get_node:205: TRY: 28
DEBUG: src/lcthw/hashmap.c:Hashmap_get_node:205: TRY: 29
DEBUG: src/lcthw/hashmap.c:Hashmap_get_node:205: TRY: 30
DEBUG: src/lcthw/hashmap.c:Hashmap_get_node:205: TRY: 31
DEBUG: src/lcthw/hashmap.c:Hashmap_get_node:205: TRY: 32
DEBUG: src/lcthw/hashmap.c:Hashmap_get_node:205: TRY: 33
DEBUG: src/lcthw/hashmap.c:Hashmap_get_node:205: TRY: 34
DEBUG: src/lcthw/hashmap.c:Hashmap_get_node:205: TRY: 35
DEBUG: src/lcthw/hashmap.c:Hashmap_get_node:205: TRY: 36
DEBUG: src/lcthw/hashmap.c:Hashmap_get_node:205: TRY: 37
DEBUG: src/lcthw/hashmap.c:Hashmap_get_node:205: TRY: 38
DEBUG: src/lcthw/hashmap.c:Hashmap_get_node:205: TRY: 39
DEBUG: src/lcthw/hashmap.c:Hashmap_get_node:205: TRY: 40
DEBUG: src/lcthw/hashmap.c:Hashmap_get_node:205: TRY: 41
DEBUG: src/lcthw/hashmap.c:Hashmap_get_node:205: TRY: 42
DEBUG: src/lcthw/hashmap.c:Hashmap_get_node:205: TRY: 43
DEBUG: src/lcthw/hashmap.c:Hashmap_get_node:205: TRY: 44
DEBUG: src/lcthw/hashmap.c:Hashmap_get_node:205: TRY: 45
DEBUG: src/lcthw/hashmap.c:Hashmap_get_node:205: TRY: 46
DEBUG: src/lcthw/hashmap.c:Hashmap_get_node:205: TRY: 47
DEBUG: src/lcthw/hashmap.c:Hashmap_get_node:205: TRY: 48
DEBUG: src/lcthw/hashmap.c:Hashmap_get_node:205: TRY: 49
DEBUG: src/lcthw/hashmap.c:Hashmap_get_node:205: TRY: 50
DEBUG: src/lcthw/hashmap.c:Hashmap_get_node:205: TRY: 51
DEBUG: src/lcthw/hashmap.c:Hashmap_get_node:205: TRY: 0
DEBUG: src/lcthw/hashmap.c:Hashmap_get_node:205: TRY: 1
DEBUG: src/lcthw/hashmap.c:Hashmap_get_node:205: TRY: 2
DEBUG: src/lcthw/hashmap.c:Hashmap_get_node:205: TRY: 3
DEBUG: src/lcthw/hashmap.c:Hashmap_get_node:205: TRY: 4
DEBUG: src/lcthw/hashmap.c:Hashmap_get_node:205: TRY: 5
DEBUG: src/lcthw/hashmap.c:Hashmap_get_node:205: TRY: 6
DEBUG: src/lcthw/hashmap.c:Hashmap_get_node:205: TRY: 7
DEBUG: src/lcthw/hashmap.c:Hashmap_get_node:205: TRY: 8
DEBUG: src/lcthw/hashmap.c:Hashmap_get_node:205: TRY: 9
DEBUG: src/lcthw/hashmap.c:Hashmap_get_node:205: TRY: 10
DEBUG: src/lcthw/hashmap.c:Hashmap_get_node:205: TRY: 11
DEBUG: src/lcthw/hashmap.c:Hashmap_get_node:205: TRY: 12
DEBUG: src/lcthw/hashmap.c:Hashmap_get_node:205: TRY: 13
DEBUG: src/lcthw/hashmap.c:Hashmap_get_node:205: TRY: 14
DEBUG: src/lcthw/hashmap.c:Hashmap_get_node:205: TRY: 15
DEBUG: src/lcthw/hashmap.c:Hashmap_get_node:205: TRY: 16
DEBUG: src/lcthw/hashmap.c:Hashmap_get_node:205: TRY: 17
DEBUG: src/lcthw/hashmap.c:Hashmap_get_node:205: TRY: 18
DEBUG: src/lcthw/hashmap.c:Hashmap_get_node:205: TRY: 19
DEBUG: src/lcthw/hashmap.c:Hashmap_get_node:205: TRY: 20
DEBUG: src/lcthw/hashmap.c:Hashmap_get_node:205: TRY: 21
DEBUG: src/lcthw/hashmap.c:Hashmap_get_node:205: TRY: 22
DEBUG: src/lcthw/hashmap.c:Hashmap_get_node:205: TRY: 23
DEBUG: src/lcthw/hashmap.c:Hashmap_get_node:205: TRY: 24
DEBUG: src/lcthw/hashmap.c:Hashmap_get_node:205: TRY: 25
DEBUG: src/lcthw/hashmap.c:Hashmap_get_node:205: TRY: 26
DEBUG: src/lcthw/hashmap.c:Hashmap_get_node:205: TRY: 27
DEBUG: src/lcthw/hashmap.c:Hashmap_get_node:205: TRY: 28
DEBUG: src/lcthw/hashmap.c:Hashmap_get_node:205: TRY: 29
DEBUG: src/lcthw/hashmap.c:Hashmap_get_node:205: TRY: 30
DEBUG: src/lcthw/hashmap.c:Hashmap_get_node:205: TRY: 31
DEBUG: src/lcthw/hashmap.c:Hashmap_get_node:205: TRY: 32
DEBUG: src/lcthw/hashmap.c:Hashmap_get_node:205: TRY: 33
DEBUG: src/lcthw/hashmap.c:Hashmap_get_node:205: TRY: 34
DEBUG: src/lcthw/hashmap.c:Hashmap_get_node:205: TRY: 35
DEBUG: src/lcthw/hashmap.c:Hashmap_get_node:205: TRY: 36
DEBUG: src/lcthw/hashmap.c:Hashmap_get_node:205: TRY: 37
DEBUG: src/lcthw/hashmap.c:Hashmap_get_node:205: TRY: 38
DEBUG: src/lcthw/hashmap.c:Hashmap_get_node:205: TRY: 39
DEBUG: src/lcthw/hashmap.c:Hashmap_get_node:205: TRY: 40
DEBUG: src/lcthw/hashmap.c:Hashmap_get_node:205: TRY: 41
DEBUG: src/lcthw/hashmap.c:Hashmap_get_node:205: TRY: 42
DEBUG: src/lcthw/hashmap.c:Hashmap_get_node:205: TRY: 43
DEBUG: src/lcthw/hashmap.c:Hashmap_get_node:205: TRY: 44
DEBUG: src/lcthw/hashmap.c:Hashmap_get_node:205: TRY: 45
DEBUG: src/lcthw/hashmap.c:Hashmap_get_node:205: TRY: 46
DEBUG: src/lcthw/hashmap.c:Hashmap_get_node:205: TRY: 47
DEBUG: src/lcthw/hashmap.c:Hashmap_get_node:205: TRY: 48
DEBUG: src/lcthw/hashmap.c:Hashmap_get_node:205: TRY: 49
DEBUG: src/lcthw/hashmap.c:Hashmap_get_node:205: TRY: 50
DEBUG: src/lcthw/hashmap.c:Hashmap_get_node:205: TRY: 51
DEBUG: src/lcthw/hashmap.c:Hashmap_get_node:205: TRY: 52
DEBUG: src/lcthw/hashmap.c:Hashmap_get_node:205: TRY: 53
DEBUG: src/lcthw/hashmap.c:Hashmap_get_node:205: TRY: 54
DEBUG: src/lcthw/hashmap.c:Hashmap_get_node:205: TRY: 55
DEBUG: src/lcthw/hashmap.c:Hashmap_get_node:205: TRY: 56
DEBUG: src/lcthw/hashmap.c:Hashmap_get_node:205: TRY: 57
DEBUG: src/lcthw/hashmap.c:Hashmap_get_node:205: TRY: 0
DEBUG: src/lcthw/hashmap.c:Hashmap_get_node:205: TRY: 1
DEBUG: src/lcthw/hashmap.c:Hashmap_get_node:205: TRY: 2
DEBUG: src/lcthw/hashmap.c:Hashmap_get_node:205: TRY: 3
DEBUG: src/lcthw/hashmap.c:Hashmap_get_node:205: TRY: 4
DEBUG: src/lcthw/hashmap.c:Hashmap_get_node:205: TRY: 5
DEBUG: src/lcthw/hashmap.c:Hashmap_get_node:205: TRY: 6
DEBUG: src/lcthw/hashmap.c:Hashmap_get_node:205: TRY: 7
DEBUG: src/lcthw/hashmap.c:Hashmap_get_node:205: TRY: 8
DEBUG: src/lcthw/hashmap.c:Hashmap_get_node:205: TRY: 9
DEBUG: src/lcthw/hashmap.c:Hashmap_get_node:205: TRY: 10
DEBUG: src/lcthw/hashmap.c:Hashmap_get_node:205: TRY: 11
DEBUG: src/lcthw/hashmap.c:Hashmap_get_node:205: TRY: 12
DEBUG: src/lcthw/hashmap.c:Hashmap_get_node:205: TRY: 13
DEBUG: src/lcthw/hashmap.c:Hashmap_get_node:205: TRY: 14
DEBUG: src/lcthw/hashmap.c:Hashmap_get_node:205: TRY: 15
DEBUG: src/lcthw/hashmap.c:Hashmap_get_node:205: TRY: 16
DEBUG: src/lcthw/hashmap.c:Hashmap_get_node:205: TRY: 17
DEBUG: src/lcthw/hashmap.c:Hashmap_get_node:205: TRY: 18
DEBUG: src/lcthw/hashmap.c:Hashmap_get_node:205: TRY: 19
DEBUG: src/lcthw/hashmap.c:Hashmap_get_node:205: TRY: 20
DEBUG: src/lcthw/hashmap.c:Hashmap_get_node:205: TRY: 21
DEBUG: src/lcthw/hashmap.c:Hashmap_get_node:205: TRY: 22
DEBUG: src/lcthw/hashmap.c:Hashmap_get_node:205: TRY: 23
DEBUG: src/lcthw/hashmap.c:Hashmap_get_node:205: TRY: 24
DEBUG: src/lcthw/hashmap.c:Hashmap_get_node:205: TRY: 25
DEBUG: src/lcthw/hashmap.c:Hashmap_get_node:205: TRY: 26
DEBUG: src/lcthw/hashmap.c:Hashmap_get_node:205: TRY: 27
DEBUG: src/lcthw/hashmap.c:Hashmap_get_node:205: TRY: 28
DEBUG: src/lcthw/hashmap.c:Hashmap_get_node:205: TRY: 29
DEBUG: src/lcthw/hashmap.c:Hashmap_get_node:205: TRY: 30
DEBUG: src/lcthw/hashmap.c:Hashmap_get_node:205: TRY: 31
DEBUG: src/lcthw/hashmap.c:Hashmap_get_node:205: TRY: 32
DEBUG: src/lcthw/hashmap.c:Hashmap_get_node:205: TRY: 33
DEBUG: src/lcthw/hashmap.c:Hashmap_get_node:205: TRY: 34
DEBUG: src/lcthw/hashmap.c:Hashmap_get_node:205: TRY: 35
DEBUG: src/lcthw/hashmap.c:Hashmap_get_node:205: TRY: 36
DEBUG: src/lcthw/hashmap.c:Hashmap_get_node:205: TRY: 37
DEBUG: src/lcthw/hashmap.c:Hashmap_get_node:205: TRY: 38
DEBUG: src/lcthw/hashmap.c:Hashmap_get_node:205: TRY: 39
DEBUG: src/lcthw/hashmap.c:Hashmap_get_node:205: TRY: 40
DEBUG: src/lcthw/hashmap.c:Hashmap_get_node:205: TRY: 41
DEBUG: src/lcthw/hashmap.c:Hashmap_get_node:205: TRY: 42
DEBUG: src/lcthw/hashmap.c:Hashmap_get_node:205: TRY: 43
DEBUG: src/lcthw/hashmap.c:Hashmap_get_node:205: TRY: 44
DEBUG: src/lcthw/hashmap.c:Hashmap_get_node:205: TRY: 45
DEBUG: src/lcthw/hashmap.c:Hashmap_get_node:205: TRY: 46
DEBUG: src/lcthw/hashmap.c:Hashmap_get_node:205: TRY: 47
DEBUG: src/lcthw/hashmap.c:Hashmap_get_node:205: TRY: 48
DEBUG: src/lcthw/hashmap.c:Hashmap_get_node:205: TRY: 49
DEBUG: src/lcthw/hashmap.c:Hashmap_get_node:205: TRY: 50
DEBUG: src/lcthw/hashmap.c:Hashmap_get_node:205: TRY: 51
DEBUG: src/lcthw/hashmap.c:Hashmap_get_node:205: TRY: 52
DEBUG: src/lcthw/hashmap.c:Hashmap_get_node:205: TRY: 53
DEBUG: src/lcthw/hashmap.c:Hashmap_get_node:205: TRY: 54
DEBUG: src/lcthw/hashmap.c:Hashmap_get_node:205: TRY: 55
DEBUG: src/lcthw/hashmap.c:Hashmap_get_node:205: TRY: 56
DEBUG: src/lcthw/hashmap.c:Hashmap_get_node:205: TRY: 57
DEBUG: src/lcthw/hashmap.c:Hashmap_get_node:205: TRY: 0
DEBUG: src/lcthw/hashmap.c:Hashmap_get_node:205: TRY: 1
DEBUG: src/lcthw/hashmap.c:Hashmap_get_node:205: TRY: 2
DEBUG: src/lcthw/hashmap.c:Hashmap_get_node:205: TRY: 3
DEBUG: src/lcthw/hashmap.c:Hashmap_get_node:205: TRY: 4
DEBUG: src/lcthw/hashmap.c:Hashmap_get_node:205: TRY: 5
DEBUG: src/lcthw/hashmap.c:Hashmap_get_node:205: TRY: 6
DEBUG: src/lcthw/hashmap.c:Hashmap_get_node:205: TRY: 7
DEBUG: src/lcthw/hashmap.c:Hashmap_get_node:205: TRY: 8
DEBUG: src/lcthw/hashmap.c:Hashmap_get_node:205: TRY: 9
DEBUG: src/lcthw/hashmap.c:Hashmap_get_node:205: TRY: 10
DEBUG: src/lcthw/hashmap.c:Hashmap_get_node:205: TRY: 11
DEBUG: src/lcthw/hashmap.c:Hashmap_get_node:205: TRY: 12
DEBUG: src/lcthw/hashmap.c:Hashmap_get_node:205: TRY: 13
DEBUG: src/lcthw/hashmap.c:Hashmap_get_node:205: TRY: 14
DEBUG: src/lcthw/hashmap.c:Hashmap_get_node:205: TRY: 15
DEBUG: src/lcthw/hashmap.c:Hashmap_get_node:205: TRY: 16
DEBUG: src/lcthw/hashmap.c:Hashmap_get_node:205: TRY: 17
DEBUG: src/lcthw/hashmap.c:Hashmap_get_node:205: TRY: 18
DEBUG: src/lcthw/hashmap.c:Hashmap_get_node:205: TRY: 19
DEBUG: src/lcthw/hashmap.c:Hashmap_get_node:205: TRY: 20
DEBUG: src/lcthw/hashmap.c:Hashmap_get_node:205: TRY: 21
DEBUG: src/lcthw/hashmap.c:Hashmap_get_node:205: TRY: 22
DEBUG: src/lcthw/hashmap.c:Hashmap_get_node:205: TRY: 23
DEBUG: src/lcthw/hashmap.c:Hashmap_get_node:205: TRY: 24
DEBUG: src/lcthw/hashmap.c:Hashmap_get_node:205: TRY: 25
DEBUG: src/lcthw/hashmap.c:Hashmap_get_node:205: TRY: 26
DEBUG: src/lcthw/hashmap.c:Hashmap_get_node:205: TRY: 27
DEBUG: src/lcthw/hashmap.c:Hashmap_get_node:205: TRY: 28
DEBUG: src/lcthw/hashmap.c:Hashmap_get_node:205: TRY: 29
DEBUG: src/lcthw/hashmap.c:Hashmap_get_node:205: TRY: 30
DEBUG: src/lcthw/hashmap.c:Hashmap_get_node:205: TRY: 31
DEBUG: src/lcthw/hashmap.c:Hashmap_get_node:205: TRY: 32
DEBUG: src/lcthw/hashmap.c:Hashmap_get_node:205: TRY: 33
DEBUG: src/lcthw/hashmap.c:Hashmap_get_node:205: TRY: 34
DEBUG: src/lcthw/hashmap.c:Hashmap_get_node:205: TRY: 35
DEBUG: src/lcthw/hashmap.c:Hashmap_get_node:205: TRY: 36
DEBUG: src/lcthw/hashmap.c:Hashmap_get_node:205: TRY: 37
DEBUG: src/lcthw/hashmap.c:Hashmap_get_node:205: TRY: 38
DEBUG: src/lcthw/hashmap.c:Hashmap_get_node:205: TRY: 39
DEBUG: src/lcthw/hashmap.c:Hashmap_get_node:205: TRY: 40
DEBUG: src/lcthw/hashmap.c:Hashmap_get_node:205: TRY: 41
DEBUG: src/lcthw/hashmap.c:Hashmap_get_node:205: TRY: 42
DEBUG: src/lcthw/hashmap.c:Hashmap_get_node:205: TRY: 43
DEBUG: src/lcthw/hashmap.c:Hashmap_get_node:205: TRY: 44
DEBUG: src/lcthw/hashmap.c:Hashmap_get_node:205: TRY: 45
DEBUG: src/lcthw/hashmap.c:Hashmap_get_node:205: TRY: 46
DEBUG: src/lcthw/hashmap.c:Hashmap_get_node:205: TRY: 47
DEBUG: src/lcthw/hashmap.c:Hashmap_get_node:205: TRY: 48
DEBUG: src/lcthw/hashmap.c:Hashmap_get_node:205: TRY: 49
DEBUG: src/lcthw/hashmap.c:Hashmap_get_node:205: TRY: 50
DEBUG: src/lcthw/hashmap.c:Hashmap_get_node:205: TRY: 51
DEBUG: src/lcthw/hashmap.c:Hashmap_get_node:205: TRY: 52
DEBUG: src/lcthw/hashmap.c:Hashmap_get_node:205: TRY: 53
DEBUG: src/lcthw/hashmap.c:Hashmap_get_node:205: TRY: 54
DEBUG: src/lcthw/hashmap.c:Hashmap_get_node:205: TRY: 55
DEBUG: src/lcthw/hashmap.c:Hashmap_get_node:205: TRY: 56
DEBUG: src/lcthw/hashmap.c:Hashmap_get_node:205: TRY: 57
DEBUG: src/lcthw/hashmap.c:Hashmap_get_node:205: TRY: 58
DEBUG: src/lcthw/hashmap.c:Hashmap_get_node:205: TRY: 0
DEBUG: src/lcthw/hashmap.c:Hashmap_get_node:205: TRY: 1
DEBUG: src/lcthw/hashmap.c:Hashmap_get_node:205: TRY: 2
DEBUG: src/lcthw/hashmap.c:Hashmap_get_node:205: TRY: 3
DEBUG: src/lcthw/hashmap.c:Hashmap_get_node:205: TRY: 4
DEBUG: src/lcthw/hashmap.c:Hashmap_get_node:205: TRY: 5
DEBUG: src/lcthw/hashmap.c:Hashmap_get_node:205: TRY: 6
DEBUG: src/lcthw/hashmap.c:Hashmap_get_node:205: TRY: 7
DEBUG: src/lcthw/hashmap.c:Hashmap_get_node:205: TRY: 8
DEBUG: src/lcthw/hashmap.c:Hashmap_get_node:205: TRY: 9
DEBUG: src/lcthw/hashmap.c:Hashmap_get_node:205: TRY: 10
DEBUG: src/lcthw/hashmap.c:Hashmap_get_node:205: TRY: 11
DEBUG: src/lcthw/hashmap.c:Hashmap_get_node:205: TRY: 12
DEBUG: src/lcthw/hashmap.c:Hashmap_get_node:205: TRY: 13
DEBUG: src/lcthw/hashmap.c:Hashmap_get_node:205: TRY: 14
DEBUG: src/lcthw/hashmap.c:Hashmap_get_node:205: TRY: 15
DEBUG: src/lcthw/hashmap.c:Hashmap_get_node:205: TRY: 16
DEBUG: src/lcthw/hashmap.c:Hashmap_get_node:205: TRY: 17
DEBUG: src/lcthw/hashmap.c:Hashmap_get_node:205: TRY: 18
DEBUG: src/lcthw/hashmap.c:Hashmap_get_node:205: TRY: 19
DEBUG: src/lcthw/hashmap.c:Hashmap_get_node:205: TRY: 20
DEBUG: src/lcthw/hashmap.c:Hashmap_get_node:205: TRY: 21
DEBUG: src/lcthw/hashmap.c:Hashmap_get_node:205: TRY: 22
DEBUG: src/lcthw/hashmap.c:Hashmap_get_node:205: TRY: 23
DEBUG: src/lcthw/hashmap.c:Hashmap_get_node:205: TRY: 24
DEBUG: src/lcthw/hashmap.c:Hashmap_get_node:205: TRY: 25
DEBUG: src/lcthw/hashmap.c:Hashmap_get_node:205: TRY: 26
DEBUG: src/lcthw/hashmap.c:Hashmap_get_node:205: TRY: 27
DEBUG: src/lcthw/hashmap.c:Hashmap_get_node:205: TRY: 28
DEBUG: src/lcthw/hashmap.c:Hashmap_get_node:205: TRY: 29
DEBUG: src/lcthw/hashmap.c:Hashmap_get_node:205: TRY: 30
DEBUG: src/lcthw/hashmap.c:Hashmap_get_node:205: TRY: 31
DEBUG: src/lcthw/hashmap.c:Hashmap_get_node:205: TRY: 32
DEBUG: src/lcthw/hashmap.c:Hashmap_get_node:205: TRY: 33
DEBUG: src/lcthw/hashmap.c:Hashmap_get_node:205: TRY: 34
DEBUG: src/lcthw/hashmap.c:Hashmap_get_node:205: TRY: 35
DEBUG: src/lcthw/hashmap.c:Hashmap_get_node:205: TRY: 36
DEBUG: src/lcthw/hashmap.c:Hashmap_get_node:205: TRY: 37
DEBUG: src/lcthw/hashmap.c:Hashmap_get_node:205: TRY: 38
DEBUG: src/lcthw/hashmap.c:Hashmap_get_node:205: TRY: 39
DEBUG: src/lcthw/hashmap.c:Hashmap_get_node:205: TRY: 40
DEBUG: src/lcthw/hashmap.c:Hashmap_get_node:205: TRY: 41
DEBUG: src/lcthw/hashmap.c:Hashmap_get_node:205: TRY: 42
DEBUG: src/lcthw/hashmap.c:Hashmap_get_node:205: TRY: 43
DEBUG: src/lcthw/hashmap.c:Hashmap_get_node:205: TRY: 44
DEBUG: src/lcthw/hashmap.c:Hashmap_get_node:205: TRY: 45
DEBUG: src/lcthw/hashmap.c:Hashmap_get_node:205: TRY: 46
DEBUG: src/lcthw/hashmap.c:Hashmap_get_node:205: TRY: 47
DEBUG: src/lcthw/hashmap.c:Hashmap_get_node:205: TRY: 48
DEBUG: src/lcthw/hashmap.c:Hashmap_get_node:205: TRY: 49
DEBUG: src/lcthw/hashmap.c:Hashmap_get_node:205: TRY: 50
DEBUG: src/lcthw/hashmap.c:Hashmap_get_node:205: TRY: 51
DEBUG: src/lcthw/hashmap.c:Hashmap_get_node:205: TRY: 52
DEBUG: src/lcthw/hashmap.c:Hashmap_get_node:205: TRY: 53
DEBUG: src/lcthw/hashmap.c:Hashmap_get_node:205: TRY: 54
DEBUG: src/lcthw/hashmap.c:Hashmap_get_node:205: TRY: 55
DEBUG: src/lcthw/hashmap.c:Hashmap_get_node:205: TRY: 56
DEBUG: src/lcthw/hashmap.c:Hashmap_get_node:205: TRY: 57
DEBUG: src/lcthw/hashmap.c:Hashmap_get_node:205: TRY: 58
DEBUG: src/lcthw/hashmap.c:Hashmap_get_node:205: TRY: 59
DEBUG: src/lcthw/hashmap.c:Hashmap_get_node:205: TRY: 60
DEBUG: src/lcthw/hashmap.c:Hashmap_get_node:205: TRY: 61
DEBUG: src/lcthw/hashmap.c:Hashmap_get_node:205: TRY: 62
DEBUG: src/lcthw/hashmap.c:Hashmap_get_node:205: TRY: 63
DEBUG: src/lcthw/hashmap.c:Hashmap_get_node:205: TRY: 64
DEBUG: src/lcthw/hashmap.c:Hashmap_get_node:205: TRY: 65
DEBUG: src/lcthw/hashmap.c:Hashmap_get_node:205: TRY: 66
DEBUG: src/lcthw/hashmap.c:Hashmap_get_node:205: TRY: 67
DEBUG: src/lcthw/hashmap.c:Hashmap_get_node:205: TRY: 68
DEBUG: src/lcthw/hashmap.c:Hashmap_get_node:205: TRY: 69
DEBUG: src/lcthw/hashmap.c:Hashmap_get_node:205: TRY: 70
DEBUG: src/lcthw/hashmap.c:Hashmap_get_node:205: TRY: 71
DEBUG: src/lcthw/hashmap.c:Hashmap_get_node:205: TRY: 72
DEBUG: src/lcthw/hashmap.c:Hashmap_get_node:205: TRY: 73
DEBUG: src/lcthw/hashmap.c:Hashmap_get_node:205: TRY: 74
DEBUG: src/lcthw/hashmap.c:Hashmap_get_node:205: TRY: 75
DEBUG: src/lcthw/hashmap.c:Hashmap_get_node:205: TRY: 76
DEBUG: src/lcthw/hashmap.c:Hashmap_get_node:205: TRY: 77
DEBUG: src/lcthw/hashmap.c:Hashmap_get_node:205: TRY: 78
DEBUG: src/lcthw/hashmap.c:Hashmap_get_node:205: TRY: 79
DEBUG: src/lcthw/hashmap.c:Hashmap_get_node:205: TRY: 80
DEBUG: src/lcthw/hashmap.c:Hashmap_get_node:205: TRY: 81
DEBUG: src/lcthw/hashmap.c:Hashmap_get_node:205: TRY: 82
DEBUG: src/lcthw/hashmap.c:Hashmap_get_node:205: TRY: 83
DEBUG: src/lcthw/hashmap.c:Hashmap_get_node:205: TRY: 84
DEBUG: src/lcthw/hashmap.c:Hashmap_get_node:205: TRY: 85
DEBUG: src/lcthw/hashmap.c:Hashmap_get_node:205: TRY: 0
DEBUG: src/lcthw/hashmap.c:Hashmap_get_node:205: TRY: 1
DEBUG: src/lcthw/hashmap.c:Hashmap_get_node:205: TRY: 2
DEBUG: src/lcthw/hashmap.c:Hashmap_get_node:205: TRY: 3
DEBUG: src/lcthw/hashmap.c:Hashmap_get_node:205: TRY: 4
DEBUG: src/lcthw/hashmap.c:Hashmap_get_node:205: TRY: 5
DEBUG: src/lcthw/hashmap.c:Hashmap_get_node:205: TRY: 6
DEBUG: src/lcthw/hashmap.c:Hashmap_get_node:205: TRY: 7
DEBUG: src/lcthw/hashmap.c:Hashmap_get_node:205: TRY: 8
DEBUG: src/lcthw/hashmap.c:Hashmap_get_node:205: TRY: 9
DEBUG: src/lcthw/hashmap.c:Hashmap_get_node:205: TRY: 10
DEBUG: src/lcthw/hashmap.c:Hashmap_get_node:205: TRY: 11
DEBUG: src/lcthw/hashmap.c:Hashmap_get_node:205: TRY: 12
DEBUG: src/lcthw/hashmap.c:Hashmap_get_node:205: TRY: 13
DEBUG: src/lcthw/hashmap.c:Hashmap_get_node:205: TRY: 14
DEBUG: src/lcthw/hashmap.c:Hashmap_get_node:205: TRY: 15
DEBUG: src/lcthw/hashmap.c:Hashmap_get_node:205: TRY: 16
DEBUG: src/lcthw/hashmap.c:Hashmap_get_node:205: TRY: 17
DEBUG: src/lcthw/hashmap.c:Hashmap_get_node:205: TRY: 18
DEBUG: src/lcthw/hashmap.c:Hashmap_get_node:205: TRY: 19
DEBUG: src/lcthw/hashmap.c:Hashmap_get_node:205: TRY: 20
DEBUG: src/lcthw/hashmap.c:Hashmap_get_node:205: TRY: 21
DEBUG: src/lcthw/hashmap.c:Hashmap_get_node:205: TRY: 22
DEBUG: src/lcthw/hashmap.c:Hashmap_get_node:205: TRY: 23
DEBUG: src/lcthw/hashmap.c:Hashmap_get_node:205: TRY: 24
DEBUG: src/lcthw/hashmap.c:Hashmap_get_node:205: TRY: 25
DEBUG: src/lcthw/hashmap.c:Hashmap_get_node:205: TRY: 26
DEBUG: src/lcthw/hashmap.c:Hashmap_get_node:205: TRY: 27
DEBUG: src/lcthw/hashmap.c:Hashmap_get_node:205: TRY: 28
DEBUG: src/lcthw/hashmap.c:Hashmap_get_node:205: TRY: 29
DEBUG: src/lcthw/hashmap.c:Hashmap_get_node:205: TRY: 30
DEBUG: src/lcthw/hashmap.c:Hashmap_get_node:205: TRY: 31
DEBUG: src/lcthw/hashmap.c:Hashmap_get_node:205: TRY: 32
DEBUG: src/lcthw/hashmap.c:Hashmap_get_node:205: TRY: 33
DEBUG: src/lcthw/hashmap.c:Hashmap_get_node:205: TRY: 34
DEBUG: src/lcthw/hashmap.c:Hashmap_get_node:205: TRY: 35
DEBUG: src/lcthw/hashmap.c:Hashmap_get_node:205: TRY: 36
DEBUG: src/lcthw/hashmap.c:Hashmap_get_node:205: TRY: 37
DEBUG: src/lcthw/hashmap.c:Hashmap_get_node:205: TRY: 38
DEBUG: src/lcthw/hashmap.c:Hashmap_get_node:205: TRY: 39
DEBUG: src/lcthw/hashmap.c:Hashmap_get_node:205: TRY: 40
DEBUG: src/lcthw/hashmap.c:Hashmap_get_node:205: TRY: 41
DEBUG: src/lcthw/hashmap.c:Hashmap_get_node:205: TRY: 42
DEBUG: src/lcthw/hashmap.c:Hashmap_get_node:205: TRY: 43
DEBUG: src/lcthw/hashmap.c:Hashmap_get_node:205: TRY: 44
DEBUG: src/lcthw/hashmap.c:Hashmap_get_node:205: TRY: 45
DEBUG: src/lcthw/hashmap.c:Hashmap_get_node:205: TRY: 46
DEBUG: src/lcthw/hashmap.c:Hashmap_get_node:205: TRY: 47
DEBUG: src/lcthw/hashmap.c:Hashmap_get_node:205: TRY: 48
DEBUG: src/lcthw/hashmap.c:Hashmap_get_node:205: TRY: 49
DEBUG: src/lcthw/hashmap.c:Hashmap_get_node:205: TRY: 50
DEBUG: src/lcthw/hashmap.c:Hashmap_get_node:205: TRY: 51
DEBUG: src/lcthw/hashmap.c:Hashmap_get_node:205: TRY: 52
DEBUG: src/lcthw/hashmap.c:Hashmap_get_node:205: TRY: 53
DEBUG: src/lcthw/hashmap.c:Hashmap_get_node:205: TRY: 54
DEBUG: src/lcthw/hashmap.c:Hashmap_get_node:205: TRY: 55
DEBUG: src/lcthw/hashmap.c:Hashmap_get_node:205: TRY: 56
DEBUG: src/lcthw/hashmap.c:Hashmap_get_node:205: TRY: 57
DEBUG: src/lcthw/hashmap.c:Hashmap_get_node:205: TRY: 58
DEBUG: src/lcthw/hashmap.c:Hashmap_get_node:205: TRY: 0
DEBUG: src/lcthw/hashmap.c:Hashmap_get_node:205: TRY: 1
DEBUG: src/lcthw/hashmap.c:Hashmap_get_node:205: TRY: 2
DEBUG: src/lcthw/hashmap.c:Hashmap_get_node:205: TRY: 3
DEBUG: src/lcthw/hashmap.c:Hashmap_get_node:205: TRY: 4
DEBUG: src/lcthw/hashmap.c:Hashmap_get_node:205: TRY: 5
DEBUG: src/lcthw/hashmap.c:Hashmap_get_node:205: TRY: 6
DEBUG: src/lcthw/hashmap.c:Hashmap_get_node:205: TRY: 7
DEBUG: src/lcthw/hashmap.c:Hashmap_get_node:205: TRY: 8
DEBUG: src/lcthw/hashmap.c:Hashmap_get_node:205: TRY: 9
DEBUG: src/lcthw/hashmap.c:Hashmap_get_node:205: TRY: 10
DEBUG: src/lcthw/hashmap.c:Hashmap_get_node:205: TRY: 11
DEBUG: src/lcthw/hashmap.c:Hashmap_get_node:205: TRY: 12
DEBUG: src/lcthw/hashmap.c:Hashmap_get_node:205: TRY: 13
DEBUG: src/lcthw/hashmap.c:Hashmap_get_node:205: TRY: 14
DEBUG: src/lcthw/hashmap.c:Hashmap_get_node:205: TRY: 15
DEBUG: src/lcthw/hashmap.c:Hashmap_get_node:205: TRY: 16
DEBUG: src/lcthw/hashmap.c:Hashmap_get_node:205: TRY: 17
DEBUG: src/lcthw/hashmap.c:Hashmap_get_node:205: TRY: 18
DEBUG: src/lcthw/hashmap.c:Hashmap_get_node:205: TRY: 19
DEBUG: src/lcthw/hashmap.c:Hashmap_get_node:205: TRY: 20
DEBUG: src/lcthw/hashmap.c:Hashmap_get_node:205: TRY: 21
DEBUG: src/lcthw/hashmap.c:Hashmap_get_node:205: TRY: 22
DEBUG: src/lcthw/hashmap.c:Hashmap_get_node:205: TRY: 23
DEBUG: src/lcthw/hashmap.c:Hashmap_get_node:205: TRY: 24
DEBUG: src/lcthw/hashmap.c:Hashmap_get_node:205: TRY: 25
DEBUG: src/lcthw/hashmap.c:Hashmap_get_node:205: TRY: 26
DEBUG: src/lcthw/hashmap.c:Hashmap_get_node:205: TRY: 27
DEBUG: src/lcthw/hashmap.c:Hashmap_get_node:205: TRY: 28
DEBUG: src/lcthw/hashmap.c:Hashmap_get_node:205: TRY: 29
DEBUG: src/lcthw/hashmap.c:Hashmap_get_node:205: TRY: 30
DEBUG: src/lcthw/hashmap.c:Hashmap_get_node:205: TRY: 31
DEBUG: src/lcthw/hashmap.c:Hashmap_get_node:205: TRY: 32
DEBUG: src/lcthw/hashmap.c:Hashmap_get_node:205: TRY: 33
DEBUG: src/lcthw/hashmap.c:Hashmap_get_node:205: TRY: 34
DEBUG: src/lcthw/hashmap.c:Hashmap_get_node:205: TRY: 35
DEBUG: src/lcthw/hashmap.c:Hashmap_get_node:205: TRY: 36
DEBUG: src/lcthw/hashmap.c:Hashmap_get_node:205: TRY: 37
DEBUG: src/lcthw/hashmap.c:Hashmap_get_node:205: TRY: 38
DEBUG: src/lcthw/hashmap.c:Hashmap_get_node:205: TRY: 39
DEBUG: src/lcthw/hashmap.c:Hashmap_get_node:205: TRY: 40
DEBUG: src/lcthw/hashmap.c:Hashmap_get_node:205: TRY: 41
DEBUG: src/lcthw/hashmap.c:Hashmap_get_node:205: TRY: 42
DEBUG: src/lcthw/hashmap.c:Hashmap_get_node:205: TRY: 43
DEBUG: src/lcthw/hashmap.c:Hashmap_get_node:205: TRY: 44
DEBUG: src/lcthw/hashmap.c:Hashmap_get_node:205: TRY: 45
DEBUG: src/lcthw/hashmap.c:Hashmap_get_node:205: TRY: 46
DEBUG: src/lcthw/hashmap.c:Hashmap_get_node:205: TRY: 47
DEBUG: src/lcthw/hashmap.c:Hashmap_get_node:205: TRY: 48
DEBUG: src/lcthw/hashmap.c:Hashmap_get_node:205: TRY: 49
DEBUG: src/lcthw/hashmap.c:Hashmap_get_node:205: TRY: 50
DEBUG: src/lcthw/hashmap.c:Hashmap_get_node:205: TRY: 51
DEBUG: src/lcthw/hashmap.c:Hashmap_get_node:205: TRY: 52
DEBUG: src/lcthw/hashmap.c:Hashmap_get_node:205: TRY: 0
DEBUG: src/lcthw/hashmap.c:Hashmap_get_node:205: TRY: 1
DEBUG: src/lcthw/hashmap.c:Hashmap_get_node:205: TRY: 2
DEBUG: src/lcthw/hashmap.c:Hashmap_get_node:205: TRY: 3
DEBUG: src/lcthw/hashmap.c:Hashmap_get_node:205: TRY: 4
DEBUG: src/lcthw/hashmap.c:Hashmap_get_node:205: TRY: 5
DEBUG: src/lcthw/hashmap.c:Hashmap_get_node:205: TRY: 6
DEBUG: src/lcthw/hashmap.c:Hashmap_get_node:205: TRY: 7
DEBUG: src/lcthw/hashmap.c:Hashmap_get_node:205: TRY: 8
DEBUG: src/lcthw/hashmap.c:Hashmap_get_node:205: TRY: 9
DEBUG: src/lcthw/hashmap.c:Hashmap_get_node:205: TRY: 10
DEBUG: src/lcthw/hashmap.c:Hashmap_get_node:205: TRY: 11
DEBUG: src/lcthw/hashmap.c:Hashmap_get_node:205: TRY: 12
DEBUG: src/lcthw/hashmap.c:Hashmap_get_node:205: TRY: 13
DEBUG: src/lcthw/hashmap.c:Hashmap_get_node:205: TRY: 14
DEBUG: src/lcthw/hashmap.c:Hashmap_get_node:205: TRY: 15
DEBUG: src/lcthw/hashmap.c:Hashmap_get_node:205: TRY: 16
DEBUG: src/lcthw/hashmap.c:Hashmap_get_node:205: TRY: 17
DEBUG: src/lcthw/hashmap.c:Hashmap_get_node:205: TRY: 18
DEBUG: src/lcthw/hashmap.c:Hashmap_get_node:205: TRY: 19
DEBUG: src/lcthw/hashmap.c:Hashmap_get_node:205: TRY: 20
DEBUG: src/lcthw/hashmap.c:Hashmap_get_node:205: TRY: 21
DEBUG: src/lcthw/hashmap.c:Hashmap_get_node:205: TRY: 22
DEBUG: src/lcthw/hashmap.c:Hashmap_get_node:205: TRY: 23
DEBUG: src/lcthw/hashmap.c:Hashmap_get_node:205: TRY: 24
DEBUG: src/lcthw/hashmap.c:Hashmap_get_node:205: TRY: 25
DEBUG: src/lcthw/hashmap.c:Hashmap_get_node:205: TRY: 26
DEBUG: src/lcthw/hashmap.c:Hashmap_get_node:205: TRY: 27
DEBUG: src/lcthw/hashmap.c:Hashmap_get_node:205: TRY: 28
DEBUG: src/lcthw/hashmap.c:Hashmap_get_node:205: TRY: 29
DEBUG: src/lcthw/hashmap.c:Hashmap_get_node:205: TRY: 30
DEBUG: src/lcthw/hashmap.c:Hashmap_get_node:205: TRY: 31
DEBUG: src/lcthw/hashmap.c:Hashmap_get_node:205: TRY: 32
DEBUG: src/lcthw/hashmap.c:Hashmap_get_node:205: TRY: 33
DEBUG: src/lcthw/hashmap.c:Hashmap_get_node:205: TRY: 34
DEBUG: src/lcthw/hashmap.c:Hashmap_get_node:205: TRY: 35
DEBUG: src/lcthw/hashmap.c:Hashmap_get_node:205: TRY: 36
DEBUG: src/lcthw/hashmap.c:Hashmap_get_node:205: TRY: 37
DEBUG: src/lcthw/hashmap.c:Hashmap_get_node:205: TRY: 38
DEBUG: src/lcthw/hashmap.c:Hashmap_get_node:205: TRY: 39
DEBUG: src/lcthw/hashmap.c:Hashmap_get_node:205: TRY: 40
DEBUG: src/lcthw/hashmap.c:Hashmap_get_node:205: TRY: 41
DEBUG: src/lcthw/hashmap.c:Hashmap_get_node:205: TRY: 42
DEBUG: src/lcthw/hashmap.c:Hashmap_get_node:205: TRY: 43
DEBUG: src/lcthw/hashmap.c:Hashmap_get_node:205: TRY: 44
DEBUG: src/lcthw/hashmap.c:Hashmap_get_node:205: TRY: 45
DEBUG: src/lcthw/hashmap.c:Hashmap_get_node:205: TRY: 46
DEBUG: src/lcthw/hashmap.c:Hashmap_get_node:205: TRY: 47
DEBUG: src/lcthw/hashmap.c:Hashmap_get_node:205: TRY: 48
DEBUG: src/lcthw/hashmap.c:Hashmap_get_node:205: TRY: 49
DEBUG: src/lcthw/hashmap.c:Hashmap_get_node:205: TRY: 50
DEBUG: src/lcthw/hashmap.c:Hashmap_get_node:205: TRY: 51
DEBUG: src/lcthw/hashmap.c:Hashmap_get_node:205: TRY: 52
DEBUG: src/lcthw/hashmap.c:Hashmap_get_node:205: TRY: 53
DEBUG: src/lcthw/hashmap.c:Hashmap_get_node:205: TRY: 54
DEBUG: src/lcthw/hashmap.c:Hashmap_get_node:205: TRY: 55
DEBUG: src/lcthw/hashmap.c:Hashmap_get_node:205: TRY: 56
DEBUG: src/lcthw/hashmap.c:Hashmap_get_node:205: TRY: 57
DEBUG: src/lcthw/hashmap.c:Hashmap_get_node:205: TRY: 58
DEBUG: src/lcthw/hashmap.c:Hashmap_get_node:205: TRY: 59
DEBUG: src/lcthw/hashmap.c:Hashmap_get_node:205: TRY: 60
DEBUG: src/lcthw/hashmap.c:Hashmap_get_node:205: TRY: 61
DEBUG: src/lcthw/hashmap.c:Hashmap_get_node:205: TRY: 62
DEBUG: src/lcthw/hashmap.c:Hashmap_get_node:205: TRY: 63
DEBUG: src/lcthw/hashmap.c:Hashmap_get_node:205: TRY: 0
DEBUG: src/lcthw/hashmap.c:Hashmap_get_node:205: TRY: 1
DEBUG: src/lcthw/hashmap.c:Hashmap_get_node:205: TRY: 2
DEBUG: src/lcthw/hashmap.c:Hashmap_get_node:205: TRY: 3
DEBUG: src/lcthw/hashmap.c:Hashmap_get_node:205: TRY: 4
DEBUG: src/lcthw/hashmap.c:Hashmap_get_node:205: TRY: 5
DEBUG: src/lcthw/hashmap.c:Hashmap_get_node:205: TRY: 6
DEBUG: src/lcthw/hashmap.c:Hashmap_get_node:205: TRY: 7
DEBUG: src/lcthw/hashmap.c:Hashmap_get_node:205: TRY: 8
DEBUG: src/lcthw/hashmap.c:Hashmap_get_node:205: TRY: 9
DEBUG: src/lcthw/hashmap.c:Hashmap_get_node:205: TRY: 10
DEBUG: src/lcthw/hashmap.c:Hashmap_get_node:205: TRY: 11
DEBUG: src/lcthw/hashmap.c:Hashmap_get_node:205: TRY: 12
DEBUG: src/lcthw/hashmap.c:Hashmap_get_node:205: TRY: 13
DEBUG: src/lcthw/hashmap.c:Hashmap_get_node:205: TRY: 14
DEBUG: src/lcthw/hashmap.c:Hashmap_get_node:205: TRY: 15
DEBUG: src/lcthw/hashmap.c:Hashmap_get_node:205: TRY: 16
DEBUG: src/lcthw/hashmap.c:Hashmap_get_node:205: TRY: 17
DEBUG: src/lcthw/hashmap.c:Hashmap_get_node:205: TRY: 18
DEBUG: src/lcthw/hashmap.c:Hashmap_get_node:205: TRY: 19
DEBUG: src/lcthw/hashmap.c:Hashmap_get_node:205: TRY: 20
DEBUG: src/lcthw/hashmap.c:Hashmap_get_node:205: TRY: 21
DEBUG: src/lcthw/hashmap.c:Hashmap_get_node:205: TRY: 22
DEBUG: src/lcthw/hashmap.c:Hashmap_get_node:205: TRY: 23
DEBUG: src/lcthw/hashmap.c:Hashmap_get_node:205: TRY: 24
DEBUG: src/lcthw/hashmap.c:Hashmap_get_node:205: TRY: 25
DEBUG: src/lcthw/hashmap.c:Hashmap_get_node:205: TRY: 26
DEBUG: src/lcthw/hashmap.c:Hashmap_get_node:205: TRY: 27
DEBUG: src/lcthw/hashmap.c:Hashmap_get_node:205: TRY: 28
DEBUG: src/lcthw/hashmap.c:Hashmap_get_node:205: TRY: 29
DEBUG: src/lcthw/hashmap.c:Hashmap_get_node:205: TRY: 30
DEBUG: src/lcthw/hashmap.c:Hashmap_get_node:205: TRY: 31
DEBUG: src/lcthw/hashmap.c:Hashmap_get_node:205: TRY: 32
DEBUG: src/lcthw/hashmap.c:Hashmap_get_node:205: TRY: 33
DEBUG: src/lcthw/hashmap.c:Hashmap_get_node:205: TRY: 34
DEBUG: src/lcthw/hashmap.c:Hashmap_get_node:205: TRY: 35
DEBUG: src/lcthw/hashmap.c:Hashmap_get_node:205: TRY: 36
DEBUG: src/lcthw/hashmap.c:Hashmap_get_node:205: TRY: 37
DEBUG: src/lcthw/hashmap.c:Hashmap_get_node:205: TRY: 38
DEBUG: src/lcthw/hashmap.c:Hashmap_get_node:205: TRY: 39
DEBUG: src/lcthw/hashmap.c:Hashmap_get_node:205: TRY: 40
DEBUG: src/lcthw/hashmap.c:Hashmap_get_node:205: TRY: 41
DEBUG: src/lcthw/hashmap.c:Hashmap_get_node:205: TRY: 42
DEBUG: src/lcthw/hashmap.c:Hashmap_get_node:205: TRY: 43
DEBUG: src/lcthw/hashmap.c:Hashmap_get_node:205: TRY: 44
DEBUG: src/lcthw/hashmap.c:Hashmap_get_node:205: TRY: 45
DEBUG: src/lcthw/hashmap.c:Hashmap_get_node:205: TRY: 46
DEBUG: src/lcthw/hashmap.c:Hashmap_get_node:205: TRY: 47
DEBUG: src/lcthw/hashmap.c:Hashmap_get_node:205: TRY: 48
DEBUG: src/lcthw/hashmap.c:Hashmap_get_node:205: TRY: 49
DEBUG: src/lcthw/hashmap.c:Hashmap_get_node:205: TRY: 50
DEBUG: src/lcthw/hashmap.c:Hashmap_get_node:205: TRY: 51
DEBUG: src/lcthw/hashmap.c:Hashmap_get_node:205: TRY: 52
DEBUG: src/lcthw/hashmap.c:Hashmap_get_node:205: TRY: 53
DEBUG: src/lcthw/hashmap.c:Hashmap_get_node:205: TRY: 0
DEBUG: src/lcthw/hashmap.c:Hashmap_get_node:205: TRY: 1
DEBUG: src/lcthw/hashmap.c:Hashmap_get_node:205: TRY: 2
DEBUG: src/lcthw/hashmap.c:Hashmap_get_node:205: TRY: 3
DEBUG: src/lcthw/hashmap.c:Hashmap_get_node:205: TRY: 4
DEBUG: src/lcthw/hashmap.c:Hashmap_get_node:205: TRY: 5
DEBUG: src/lcthw/hashmap.c:Hashmap_get_node:205: TRY: 6
DEBUG: src/lcthw/hashmap.c:Hashmap_get_node:205: TRY: 7
DEBUG: src/lcthw/hashmap.c:Hashmap_get_node:205: TRY: 8
DEBUG: src/lcthw/hashmap.c:Hashmap_get_node:205: TRY: 9
DEBUG: src/lcthw/hashmap.c:Hashmap_get_node:205: TRY: 10
DEBUG: src/lcthw/hashmap.c:Hashmap_get_node:205: TRY: 11
DEBUG: src/lcthw/hashmap.c:Hashmap_get_node:205: TRY: 12
DEBUG: src/lcthw/hashmap.c:Hashmap_get_node:205: TRY: 13
DEBUG: src/lcthw/hashmap.c:Hashmap_get_node:205: TRY: 14
DEBUG: src/lcthw/hashmap.c:Hashmap_get_node:205: TRY: 15
DEBUG: src/lcthw/hashmap.c:Hashmap_get_node:205: TRY: 16
DEBUG: src/lcthw/hashmap.c:Hashmap_get_node:205: TRY: 17
DEBUG: src/lcthw/hashmap.c:Hashmap_get_node:205: TRY: 18
DEBUG: src/lcthw/hashmap.c:Hashmap_get_node:205: TRY: 19
DEBUG: src/lcthw/hashmap.c:Hashmap_get_node:205: TRY: 20
DEBUG: src/lcthw/hashmap.c:Hashmap_get_node:205: TRY: 21
DEBUG: src/lcthw/hashmap.c:Hashmap_get_node:205: TRY: 22
DEBUG: src/lcthw/hashmap.c:Hashmap_get_node:205: TRY: 23
DEBUG: src/lcthw/hashmap.c:Hashmap_get_node:205: TRY: 24
DEBUG: src/lcthw/hashmap.c:Hashmap_get_node:205: TRY: 25
DEBUG: src/lcthw/hashmap.c:Hashmap_get_node:205: TRY: 26
DEBUG: src/lcthw/hashmap.c:Hashmap_get_node:205: TRY: 27
DEBUG: src/lcthw/hashmap.c:Hashmap_get_node:205: TRY: 28
DEBUG: src/lcthw/hashmap.c:Hashmap_get_node:205: TRY: 29
DEBUG: src/lcthw/hashmap.c:Hashmap_get_node:205: TRY: 30
DEBUG: src/lcthw/hashmap.c:Hashmap_get_node:205: TRY: 31
DEBUG: src/lcthw/hashmap.c:Hashmap_get_node:205: TRY: 32
DEBUG: src/lcthw/hashmap.c:Hashmap_get_node:205: TRY: 33
DEBUG: src/lcthw/hashmap.c:Hashmap_get_node:205: TRY: 34
DEBUG: src/lcthw/hashmap.c:Hashmap_get_node:205: TRY: 35
DEBUG: src/lcthw/hashmap.c:Hashmap_get_node:205: TRY: 36
DEBUG: src/lcthw/hashmap.c:Hashmap_get_node:205: TRY: 37
DEBUG: src/lcthw/hashmap.c:Hashmap_get_node:205: TRY: 38
DEBUG: src/lcthw/hashmap.c:Hashmap_get_node:205: TRY: 39
DEBUG: src/lcthw/hashmap.c:Hashmap_get_node:205: TRY: 40
DEBUG: src/lcthw/hashmap.c:Hashmap_get_node:205: TRY: 41
DEBUG: src/lcthw/hashmap.c:Hashmap_get_node:205: TRY: 42
DEBUG: src/lcthw/hashmap.c:Hashmap_get_node:205: TRY: 43
DEBUG: src/lcthw/hashmap.c:Hashmap_get_node:205: TRY: 44
DEBUG: src/lcthw/hashmap.c:Hashmap_get_node:205: TRY: 45
DEBUG: src/lcthw/hashmap.c:Hashmap_get_node:205: TRY: 46
DEBUG: src/lcthw/hashmap.c:Hashmap_get_node:205: TRY: 47
DEBUG: src/lcthw/hashmap.c:Hashmap_get_node:205: TRY: 48
DEBUG: src/lcthw/hashmap.c:Hashmap_get_node:205: TRY: 49
DEBUG: src/lcthw/hashmap.c:Hashmap_get_node:205: TRY: 50
DEBUG: src/lcthw/hashmap.c:Hashmap_get_node:205: TRY: 51
DEBUG: src/lcthw/hashmap.c:Hashmap_get_node:205: TRY: 52
DEBUG: src/lcthw/hashmap.c:Hashmap_get_node:205: TRY: 53
DEBUG: src/lcthw/hashmap.c:Hashmap_get_node:205: TRY: 54
DEBUG: src/lcthw/hashmap.c:Hashmap_get_node:205: TRY: 55
DEBUG: src/lcthw/hashmap.c:Hashmap_get_node:205: TRY: 56
DEBUG: src/lcthw/hashmap.c:Hashmap_get_node:205: TRY: 57
DEBUG: src/lcthw/hashmap.c:Hashmap_get_node:205: TRY: 58
DEBUG: src/lcthw/hashmap.c:Hashmap_get_node:205: TRY: 59
DEBUG: src/lcthw/hashmap.c:Hashmap_get_node:205: TRY: 60
DEBUG: src/lcthw/hashmap.c:Hashmap_get_node:205: TRY: 61
DEBUG: src/lcthw/hashmap.c:Hashmap_get_node:205: TRY: 62
DEBUG: src/lcthw/hashmap.c:Hashmap_get_node:205: TRY: 63
DEBUG: src/lcthw/hashmap.c:Hashmap_get_node:205: TRY: 64
DEBUG: src/lcthw/hashmap.c:Hashmap_get_node:205: TRY: 65
DEBUG: src/lcthw/hashmap.c:Hashmap_get_node:205: TRY: 66
DEBUG: src/lcthw/hashmap.c:Hashmap_get_node:205: TRY: 0
DEBUG: src/lcthw/hashmap.c:Hashmap_get_node:205: TRY: 1
DEBUG: src/lcthw/hashmap.c:Hashmap_get_node:205: TRY: 2
DEBUG: src/lcthw/hashmap.c:Hashmap_get_node:205: TRY: 3
DEBUG: src/lcthw/hashmap.c:Hashmap_get_node:205: TRY: 4
DEBUG: src/lcthw/hashmap.c:Hashmap_get_node:205: TRY: 5
DEBUG: src/lcthw/hashmap.c:Hashmap_get_node:205: TRY: 6
DEBUG: src/lcthw/hashmap.c:Hashmap_get_node:205: TRY: 7
DEBUG: src/lcthw/hashmap.c:Hashmap_get_node:205: TRY: 8
DEBUG: src/lcthw/hashmap.c:Hashmap_get_node:205: TRY: 9
DEBUG: src/lcthw/hashmap.c:Hashmap_get_node:205: TRY: 10
DEBUG: src/lcthw/hashmap.c:Hashmap_get_node:205: TRY: 11
DEBUG: src/lcthw/hashmap.c:Hashmap_get_node:205: TRY: 12
DEBUG: src/lcthw/hashmap.c:Hashmap_get_node:205: TRY: 13
DEBUG: src/lcthw/hashmap.c:Hashmap_get_node:205: TRY: 14
DEBUG: src/lcthw/hashmap.c:Hashmap_get_node:205: TRY: 15
DEBUG: src/lcthw/hashmap.c:Hashmap_get_node:205: TRY: 16
DEBUG: src/lcthw/hashmap.c:Hashmap_get_node:205: TRY: 17
DEBUG: src/lcthw/hashmap.c:Hashmap_get_node:205: TRY: 18
DEBUG: src/lcthw/hashmap.c:Hashmap_get_node:205: TRY: 19
DEBUG: src/lcthw/hashmap.c:Hashmap_get_node:205: TRY: 20
DEBUG: src/lcthw/hashmap.c:Hashmap_get_node:205: TRY: 21
DEBUG: src/lcthw/hashmap.c:Hashmap_get_node:205: TRY: 22
DEBUG: src/lcthw/hashmap.c:Hashmap_get_node:205: TRY: 23
DEBUG: src/lcthw/hashmap.c:Hashmap_get_node:205: TRY: 24
DEBUG: src/lcthw/hashmap.c:Hashmap_get_node:205: TRY: 25
DEBUG: src/lcthw/hashmap.c:Hashmap_get_node:205: TRY: 26
DEBUG: src/lcthw/hashmap.c:Hashmap_get_node:205: TRY: 27
DEBUG: src/lcthw/hashmap.c:Hashmap_get_node:205: TRY: 28
DEBUG: src/lcthw/hashmap.c:Hashmap_get_node:205: TRY: 29
DEBUG: src/lcthw/hashmap.c:Hashmap_get_node:205: TRY: 30
DEBUG: src/lcthw/hashmap.c:Hashmap_get_node:205: TRY: 31
DEBUG: src/lcthw/hashmap.c:Hashmap_get_node:205: TRY: 32
DEBUG: src/lcthw/hashmap.c:Hashmap_get_node:205: TRY: 33
DEBUG: src/lcthw/hashmap.c:Hashmap_get_node:205: TRY: 34
DEBUG: src/lcthw/hashmap.c:Hashmap_get_node:205: TRY: 35
DEBUG: src/lcthw/hashmap.c:Hashmap_get_node:205: TRY: 36
DEBUG: src/lcthw/hashmap.c:Hashmap_get_node:205: TRY: 37
DEBUG: src/lcthw/hashmap.c:Hashmap_get_node:205: TRY: 38
DEBUG: src/lcthw/hashmap.c:Hashmap_get_node:205: TRY: 39
DEBUG: src/lcthw/hashmap.c:Hashmap_get_node:205: TRY: 40
DEBUG: src/lcthw/hashmap.c:Hashmap_get_node:205: TRY: 41
DEBUG: src/lcthw/hashmap.c:Hashmap_get_node:205: TRY: 42
DEBUG: src/lcthw/hashmap.c:Hashmap_get_node:205: TRY: 43
DEBUG: src/lcthw/hashmap.c:Hashmap_get_node:205: TRY: 44
DEBUG: src/lcthw/hashmap.c:Hashmap_get_node:205: TRY: 45
DEBUG: src/lcthw/hashmap.c:Hashmap_get_node:205: TRY: 46
DEBUG: src/lcthw/hashmap.c:Hashmap_get_node:205: TRY: 47
DEBUG: src/lcthw/hashmap.c:Hashmap_get_node:205: TRY: 48
DEBUG: src/lcthw/hashmap.c:Hashmap_get_node:205: TRY: 49
DEBUG: src/lcthw/hashmap.c:Hashmap_get_node:205: TRY: 50
DEBUG: src/lcthw/hashmap.c:Hashmap_get_node:205: TRY: 51
DEBUG: src/lcthw/hashmap.c:Hashmap_get_node:205: TRY: 52
DEBUG: src/lcthw/hashmap.c:Hashmap_get_node:205: TRY: 53
DEBUG: src/lcthw/hashmap.c:Hashmap_get_node:205: TRY: 54
DEBUG: src/lcthw/hashmap.c:Hashmap_get_node:205: TRY: 55
DEBUG: src/lcthw/hashmap.c:Hashmap_get_node:205: TRY: 56
DEBUG: src/lcthw/hashmap.c:Hashmap_get_node:205: TRY: 57
DEBUG: src/lcthw/hashmap.c:Hashmap_get_node:205: TRY: 58
DEBUG: src/lcthw/hashmap.c:Hashmap_get_node:205: TRY: 59
DEBUG: src/lcthw/hashmap.c:Hashmap_get_node:205: TRY: 60
DEBUG: src/lcthw/hashmap.c:Hashmap_get_node:205: TRY: 61
DEBUG: src/lcthw/hashmap.c:Hashmap_get_node:205: TRY: 62
DEBUG: src/lcthw/hashmap.c:Hashmap_get_node:205: TRY: 63
DEBUG: src/lcthw/hashmap.c:Hashmap_get_node:205: TRY: 64
DEBUG: src/lcthw/hashmap.c:Hashmap_get_node:205: TRY: 65
DEBUG: src/lcthw/hashmap.c:Hashmap_get_node:205: TRY: 66
DEBUG: src/lcthw/hashmap.c:Hashmap_get_node:205: TRY: 67
DEBUG: src/lcthw/hashmap.c:Hashmap_get_node:205: TRY: 68
DEBUG: src/lcthw/hashmap.c:Hashmap_get_node:205: TRY: 69
DEBUG: src/lcthw/hashmap.c:Hashmap_get_node:205: TRY: 70
DEBUG: src/lcthw/hashmap.c:Hashmap_get_node:205: TRY: 71
DEBUG: src/lcthw/hashmap.c:Hashmap_get_node:205: TRY: 72
DEBUG: src/lcthw/hashmap.c:Hashmap_get_node:205: TRY: 73
DEBUG: src/lcthw/hashmap.c:Hashmap_get_node:205: TRY: 74
DEBUG: src/lcthw/hashmap.c:Hashmap_get_node:205: TRY: 75
DEBUG: src/lcthw/hashmap.c:Hashmap_get_node:205: TRY: 76
DEBUG: src/lcthw/hashmap.c:Hashmap_get_node:205: TRY: 77
DEBUG: src/lcthw/hashmap.c:Hashmap_get_node:205: TRY: 78
DEBUG: src/lcthw/hashmap.c:Hashmap_get_node:205: TRY: 79
DEBUG: src/lcthw/hashmap.c:Hashmap_get_node:205: TRY: 80
DEBUG: src/lcthw/hashmap.c:Hashmap_get_node:205: TRY: 81
DEBUG: src/lcthw/hashmap.c:Hashmap_get_node:205: TRY: 82
DEBUG: src/lcthw/hashmap.c:Hashmap_get_node:205: TRY: 83
DEBUG: src/lcthw/hashmap.c:Hashmap_get_node:205: TRY: 84
DEBUG: src/lcthw/hashmap.c:Hashmap_get_node:205: TRY: 85
DEBUG: src/lcthw/hashmap.c:Hashmap_get_node:205: TRY: 86
DEBUG: src/lcthw/hashmap.c:Hashmap_get_node:205: TRY: 0
DEBUG: src/lcthw/hashmap.c:Hashmap_get_node:205: TRY: 1
DEBUG: src/lcthw/hashmap.c:Hashmap_get_node:205: TRY: 2
DEBUG: src/lcthw/hashmap.c:Hashmap_get_node:205: TRY: 3
DEBUG: src/lcthw/hashmap.c:Hashmap_get_node:205: TRY: 4
DEBUG: src/lcthw/hashmap.c:Hashmap_get_node:205: TRY: 5
DEBUG: src/lcthw/hashmap.c:Hashmap_get_node:205: TRY: 6
DEBUG: src/lcthw/hashmap.c:Hashmap_get_node:205: TRY: 7
DEBUG: src/lcthw/hashmap.c:Hashmap_get_node:205: TRY: 8
DEBUG: src/lcthw/hashmap.c:Hashmap_get_node:205: TRY: 9
DEBUG: src/lcthw/hashmap.c:Hashmap_get_node:205: TRY: 10
DEBUG: src/lcthw/hashmap.c:Hashmap_get_node:205: TRY: 11
DEBUG: src/lcthw/hashmap.c:Hashmap_get_node:205: TRY: 12
DEBUG: src/lcthw/hashmap.c:Hashmap_get_node:205: TRY: 13
DEBUG: src/lcthw/hashmap.c:Hashmap_get_node:205: TRY: 14
DEBUG: src/lcthw/hashmap.c:Hashmap_get_node:205: TRY: 15
DEBUG: src/lcthw/hashmap.c:Hashmap_get_node:205: TRY: 16
DEBUG: src/lcthw/hashmap.c:Hashmap_get_node:205: TRY: 17
DEBUG: src/lcthw/hashmap.c:Hashmap_get_node:205: TRY: 18
DEBUG: src/lcthw/hashmap.c:Hashmap_get_node:205: TRY: 19
DEBUG: src/lcthw/hashmap.c:Hashmap_get_node:205: TRY: 20
DEBUG: src/lcthw/hashmap.c:Hashmap_get_node:205: TRY: 21
DEBUG: src/lcthw/hashmap.c:Hashmap_get_node:205: TRY: 22
DEBUG: src/lcthw/hashmap.c:Hashmap_get_node:205: TRY: 23
DEBUG: src/lcthw/hashmap.c:Hashmap_get_node:205: TRY: 24
DEBUG: src/lcthw/hashmap.c:Hashmap_get_node:205: TRY: 25
DEBUG: src/lcthw/hashmap.c:Hashmap_get_node:205: TRY: 26
DEBUG: src/lcthw/hashmap.c:Hashmap_get_node:205: TRY: 27
DEBUG: src/lcthw/hashmap.c:Hashmap_get_node:205: TRY: 28
DEBUG: src/lcthw/hashmap.c:Hashmap_get_node:205: TRY: 29
DEBUG: src/lcthw/hashmap.c:Hashmap_get_node:205: TRY: 30
DEBUG: src/lcthw/hashmap.c:Hashmap_get_node:205: TRY: 31
DEBUG: src/lcthw/hashmap.c:Hashmap_get_node:205: TRY: 32
DEBUG: src/lcthw/hashmap.c:Hashmap_get_node:205: TRY: 33
DEBUG: src/lcthw/hashmap.c:Hashmap_get_node:205: TRY: 34
DEBUG: src/lcthw/hashmap.c:Hashmap_get_node:205: TRY: 35
DEBUG: src/lcthw/hashmap.c:Hashmap_get_node:205: TRY: 36
DEBUG: src/lcthw/hashmap.c:Hashmap_get_node:205: TRY: 37
DEBUG: src/lcthw/hashmap.c:Hashmap_get_node:205: TRY: 38
DEBUG: src/lcthw/hashmap.c:Hashmap_get_node:205: TRY: 39
DEBUG: src/lcthw/hashmap.c:Hashmap_get_node:205: TRY: 40
DEBUG: src/lcthw/hashmap.c:Hashmap_get_node:205: TRY: 41
DEBUG: src/lcthw/hashmap.c:Hashmap_get_node:205: TRY: 42
DEBUG: src/lcthw/hashmap.c:Hashmap_get_node:205: TRY: 43
DEBUG: src/lcthw/hashmap.c:Hashmap_get_node:205: TRY: 44
DEBUG: src/lcthw/hashmap.c:Hashmap_get_node:205: TRY: 45
DEBUG: src/lcthw/hashmap.c:Hashmap_get_node:205: TRY: 46
DEBUG: src/lcthw/hashmap.c:Hashmap_get_node:205: TRY: 47
DEBUG: src/lcthw/hashmap.c:Hashmap_get_node:205: TRY: 48
DEBUG: src/lcthw/hashmap.c:Hashmap_get_node:205: TRY: 49
DEBUG: src/lcthw/hashmap.c:Hashmap_get_node:205: TRY: 50
DEBUG: src/lcthw/hashmap.c:Hashmap_get_node:205: TRY: 51
DEBUG: src/lcthw/hashmap.c:Hashmap_get_node:205: TRY: 52
DEBUG: src/lcthw/hashmap.c:Hashmap_get_node:205: TRY: 53
DEBUG: src/lcthw/hashmap.c:Hashmap_get_node:205: TRY: 54
DEBUG: src/lcthw/hashmap.c:Hashmap_get_node:205: TRY: 55
DEBUG: src/lcthw/hashmap.c:Hashmap_get_node:205: TRY: 56
DEBUG: src/lcthw/hashmap.c:Hashmap_get_node:205: TRY: 57
DEBUG: src/lcthw/hashmap.c:Hashmap_get_node:205: TRY: 58
DEBUG: src/lcthw/hashmap.c:Hashmap_get_node:205: TRY: 59
DEBUG: src/lcthw/hashmap.c:Hashmap_get_node:205: TRY: 0
DEBUG: src/lcthw/hashmap.c:Hashmap_get_node:205: TRY: 1
DEBUG: src/lcthw/hashmap.c:Hashmap_get_node:205: TRY: 2
DEBUG: src/lcthw/hashmap.c:Hashmap_get_node:205: TRY: 3
DEBUG: src/lcthw/hashmap.c:Hashmap_get_node:205: TRY: 4
DEBUG: src/lcthw/hashmap.c:Hashmap_get_node:205: TRY: 5
DEBUG: src/lcthw/hashmap.c:Hashmap_get_node:205: TRY: 6
DEBUG: src/lcthw/hashmap.c:Hashmap_get_node:205: TRY: 7
DEBUG: src/lcthw/hashmap.c:Hashmap_get_node:205: TRY: 8
DEBUG: src/lcthw/hashmap.c:Hashmap_get_node:205: TRY: 9
DEBUG: src/lcthw/hashmap.c:Hashmap_get_node:205: TRY: 10
DEBUG: src/lcthw/hashmap.c:Hashmap_get_node:205: TRY: 11
DEBUG: src/lcthw/hashmap.c:Hashmap_get_node:205: TRY: 12
DEBUG: src/lcthw/hashmap.c:Hashmap_get_node:205: TRY: 13
DEBUG: src/lcthw/hashmap.c:Hashmap_get_node:205: TRY: 14
DEBUG: src/lcthw/hashmap.c:Hashmap_get_node:205: TRY: 15
DEBUG: src/lcthw/hashmap.c:Hashmap_get_node:205: TRY: 16
DEBUG: src/lcthw/hashmap.c:Hashmap_get_node:205: TRY: 17
DEBUG: src/lcthw/hashmap.c:Hashmap_get_node:205: TRY: 18
DEBUG: src/lcthw/hashmap.c:Hashmap_get_node:205: TRY: 19
DEBUG: src/lcthw/hashmap.c:Hashmap_get_node:205: TRY: 20
DEBUG: src/lcthw/hashmap.c:Hashmap_get_node:205: TRY: 21
DEBUG: src/lcthw/hashmap.c:Hashmap_get_node:205: TRY: 22
DEBUG: src/lcthw/hashmap.c:Hashmap_get_node:205: TRY: 23
DEBUG: src/lcthw/hashmap.c:Hashmap_get_node:205: TRY: 24
DEBUG: src/lcthw/hashmap.c:Hashmap_get_node:205: TRY: 25
DEBUG: src/lcthw/hashmap.c:Hashmap_get_node:205: TRY: 26
DEBUG: src/lcthw/hashmap.c:Hashmap_get_node:205: TRY: 27
DEBUG: src/lcthw/hashmap.c:Hashmap_get_node:205: TRY: 28
DEBUG: src/lcthw/hashmap.c:Hashmap_get_node:205: TRY: 29
DEBUG: src/lcthw/hashmap.c:Hashmap_get_node:205: TRY: 30
DEBUG: src/lcthw/hashmap.c:Hashmap_get_node:205: TRY: 31
DEBUG: src/lcthw/hashmap.c:Hashmap_get_node:205: TRY: 32
DEBUG: src/lcthw/hashmap.c:Hashmap_get_node:205: TRY: 33
DEBUG: src/lcthw/hashmap.c:Hashmap_get_node:205: TRY: 34
DEBUG: src/lcthw/hashmap.c:Hashmap_get_node:205: TRY: 35
DEBUG: src/lcthw/hashmap.c:Hashmap_get_node:205: TRY: 36
DEBUG: src/lcthw/hashmap.c:Hashmap_get_node:205: TRY: 37
DEBUG: src/lcthw/hashmap.c:Hashmap_get_node:205: TRY: 38
DEBUG: src/lcthw/hashmap.c:Hashmap_get_node:205: TRY: 39
DEBUG: src/lcthw/hashmap.c:Hashmap_get_node:205: TRY: 40
DEBUG: src/lcthw/hashmap.c:Hashmap_get_node:205: TRY: 41
DEBUG: src/lcthw/hashmap.c:Hashmap_get_node:205: TRY: 42
DEBUG: src/lcthw/hashmap.c:Hashmap_get_node:205: TRY: 43
DEBUG: src/lcthw/hashmap.c:Hashmap_get_node:205: TRY: 44
DEBUG: src/lcthw/hashmap.c:Hashmap_get_node:205: TRY: 45
DEBUG: src/lcthw/hashmap.c:Hashmap_get_node:205: TRY: 46
DEBUG: src/lcthw/hashmap.c:Hashmap_get_node:205: TRY: 47
DEBUG: src/lcthw/hashmap.c:Hashmap_get_node:205: TRY: 48
DEBUG: src/lcthw/hashmap.c:Hashmap_get_node:205: TRY: 49
DEBUG: src/lcthw/hashmap.c:Hashmap_get_node:205: TRY: 50
DEBUG: src/lcthw/hashmap.c:Hashmap_get_node:205: TRY: 51
DEBUG: src/lcthw/hashmap.c:Hashmap_get_node:205: TRY: 52
DEBUG: src/lcthw/hashmap.c:Hashmap_get_node:205: TRY: 53
DEBUG: src/lcthw/hashmap.c:Hashmap_get_node:205: TRY: 54
DEBUG: src/lcthw/hashmap.c:Hashmap_get_node:205: TRY: 55
DEBUG: src/lcthw/hashmap.c:Hashmap_get_node:205: TRY: 56
DEBUG: src/lcthw/hashmap.c:Hashmap_get_node:205: TRY: 57
DEBUG: src/lcthw/hashmap.c:Hashmap_get_node:205: TRY: 58
DEBUG: src/lcthw/hashmap.c:Hashmap_get_node:205: TRY: 59
DEBUG: src/lcthw/hashmap.c:Hashmap_get_node:205: TRY: 60
DEBUG: src/lcthw/hashmap.c:Hashmap_get_node:205: TRY: 61
DEBUG: src/lcthw/hashmap.c:Hashmap_get_node:205: TRY: 62
DEBUG: src/lcthw/hashmap.c:Hashmap_get_node:205: TRY: 63
DEBUG: src/lcthw/hashmap.c:Hashmap_get_node:205: TRY: 64
DEBUG: src/lcthw/hashmap.c:Hashmap_get_node:205: TRY: 65
DEBUG: src/lcthw/hashmap.c:Hashmap_get_node:205: TRY: 66
DEBUG: src/lcthw/hashmap.c:Hashmap_get_node:205: TRY: 67
DEBUG: src/lcthw/hashmap.c:Hashmap_get_node:205: TRY: 68
DEBUG: src/lcthw/hashmap.c:Hashmap_get_node:205: TRY: 69
DEBUG: src/lcthw/hashmap.c:Hashmap_get_node:205: TRY: 70
DEBUG: src/lcthw/hashmap.c:Hashmap_get_node:205: TRY: 71
DEBUG: src/lcthw/hashmap.c:Hashmap_get_node:205: TRY: 72
DEBUG: src/lcthw/hashmap.c:Hashmap_get_node:205: TRY: 73
DEBUG: src/lcthw/hashmap.c:Hashmap_get_node:205: TRY: 74
DEBUG: src/lcthw/hashmap.c:Hashmap_get_node:205: TRY: 75
DEBUG: src/lcthw/hashmap.c:Hashmap_get_node:205: TRY: 76
DEBUG: src/lcthw/hashmap.c:Hashmap_get_node:205: TRY: 77
DEBUG: src/lcthw/hashmap.c:Hashmap_get_node:205: TRY: 78
DEBUG: src/lcthw/hashmap.c:Hashmap_get_node:205: TRY: 79
DEBUG: src/lcthw/hashmap.c:Hashmap_get_node:205: TRY: 80
DEBUG: src/lcthw/hashmap.c:Hashmap_get_node:205: TRY: 81
DEBUG: src/lcthw/hashmap.c:Hashmap_get_node:205: TRY: 82
DEBUG: src/lcthw/hashmap.c:Hashmap_get_node:205: TRY: 83
DEBUG: src/lcthw/hashmap.c:Hashmap_get_node:205: TRY: 84
DEBUG: src/lcthw/hashmap.c:Hashmap_get_node:205: TRY: 85
DEBUG: src/lcthw/hashmap.c:Hashmap_get_node:205: TRY: 86
DEBUG: src/lcthw/hashmap.c:Hashmap_get_node:205: TRY: 87
DEBUG: src/lcthw/hashmap.c:Hashmap_get_node:205: TRY: 0
DEBUG: src/lcthw/hashmap.c:Hashmap_get_node:205: TRY: 1
DEBUG: src/lcthw/hashmap.c:Hashmap_get_node:205: TRY: 2
DEBUG: src/lcthw/hashmap.c:Hashmap_get_node:205: TRY: 3
DEBUG: src/lcthw/hashmap.c:Hashmap_get_node:205: TRY: 4
DEBUG: src/lcthw/hashmap.c:Hashmap_get_node:205: TRY: 5
DEBUG: src/lcthw/hashmap.c:Hashmap_get_node:205: TRY: 6
DEBUG: src/lcthw/hashmap.c:Hashmap_get_node:205: TRY: 7
DEBUG: src/lcthw/hashmap.c:Hashmap_get_node:205: TRY: 8
DEBUG: src/lcthw/hashmap.c:Hashmap_get_node:205: TRY: 9
DEBUG: src/lcthw/hashmap.c:Hashmap_get_node:205: TRY: 10
DEBUG: src/lcthw/hashmap.c:Hashmap_get_node:205: TRY: 11
DEBUG: src/lcthw/hashmap.c:Hashmap_get_node:205: TRY: 12
DEBUG: src/lcthw/hashmap.c:Hashmap_get_node:205: TRY: 13
DEBUG: src/lcthw/hashmap.c:Hashmap_get_node:205: TRY: 14
DEBUG: src/lcthw/hashmap.c:Hashmap_get_node:205: TRY: 15
DEBUG: src/lcthw/hashmap.c:Hashmap_get_node:205: TRY: 16
DEBUG: src/lcthw/hashmap.c:Hashmap_get_node:205: TRY: 17
DEBUG: src/lcthw/hashmap.c:Hashmap_get_node:205: TRY: 18
DEBUG: src/lcthw/hashmap.c:Hashmap_get_node:205: TRY: 19
DEBUG: src/lcthw/hashmap.c:Hashmap_get_node:205: TRY: 20
DEBUG: src/lcthw/hashmap.c:Hashmap_get_node:205: TRY: 21
DEBUG: src/lcthw/hashmap.c:Hashmap_get_node:205: TRY: 22
DEBUG: src/lcthw/hashmap.c:Hashmap_get_node:205: TRY: 23
DEBUG: src/lcthw/hashmap.c:Hashmap_get_node:205: TRY: 24
DEBUG: src/lcthw/hashmap.c:Hashmap_get_node:205: TRY: 25
DEBUG: src/lcthw/hashmap.c:Hashmap_get_node:205: TRY: 26
DEBUG: src/lcthw/hashmap.c:Hashmap_get_node:205: TRY: 27
DEBUG: src/lcthw/hashmap.c:Hashmap_get_node:205: TRY: 28
DEBUG: src/lcthw/hashmap.c:Hashmap_get_node:205: TRY: 29
DEBUG: src/lcthw/hashmap.c:Hashmap_get_node:205: TRY: 30
DEBUG: src/lcthw/hashmap.c:Hashmap_get_node:205: TRY: 31
DEBUG: src/lcthw/hashmap.c:Hashmap_get_node:205: TRY: 32
DEBUG: src/lcthw/hashmap.c:Hashmap_get_node:205: TRY: 33
DEBUG: src/lcthw/hashmap.c:Hashmap_get_node:205: TRY: 34
DEBUG: src/lcthw/hashmap.c:Hashmap_get_node:205: TRY: 35
DEBUG: src/lcthw/hashmap.c:Hashmap_get_node:205: TRY: 36
DEBUG: src/lcthw/hashmap.c:Hashmap_get_node:205: TRY: 37
DEBUG: src/lcthw/hashmap.c:Hashmap_get_node:205: TRY: 38
DEBUG: src/lcthw/hashmap.c:Hashmap_get_node:205: TRY: 39
DEBUG: src/lcthw/hashmap.c:Hashmap_get_node:205: TRY: 40
DEBUG: src/lcthw/hashmap.c:Hashmap_get_node:205: TRY: 41
DEBUG: src/lcthw/hashmap.c:Hashmap_get_node:205: TRY: 42
DEBUG: src/lcthw/hashmap.c:Hashmap_get_node:205: TRY: 43
DEBUG: src/lcthw/hashmap.c:Hashmap_get_node:205: TRY: 44
DEBUG: src/lcthw/hashmap.c:Hashmap_get_node:205: TRY: 45
DEBUG: src/lcthw/hashmap.c:Hashmap_get_node:205: TRY: 46
DEBUG: src/lcthw/hashmap.c:Hashmap_get_node:205: TRY: 47
DEBUG: src/lcthw/hashmap.c:Hashmap_get_node:205: TRY: 48
DEBUG: src/lcthw/hashmap.c:Hashmap_get_node:205: TRY: 49
DEBUG: src/lcthw/hashmap.c:Hashmap_get_node:205: TRY: 50
DEBUG: src/lcthw/hashmap.c:Hashmap_get_node:205: TRY: 51
DEBUG: src/lcthw/hashmap.c:Hashmap_get_node:205: TRY: 52
DEBUG: src/lcthw/hashmap.c:Hashmap_get_node:205: TRY: 53
DEBUG: src/lcthw/hashmap.c:Hashmap_get_node:205: TRY: 0
DEBUG: src/lcthw/hashmap.c:Hashmap_get_node:205: TRY: 1
DEBUG: src/lcthw/hashmap.c:Hashmap_get_node:205: TRY: 2
DEBUG: src/lcthw/hashmap.c:Hashmap_get_node:205: TRY: 3
DEBUG: src/lcthw/hashmap.c:Hashmap_get_node:205: TRY: 4
DEBUG: src/lcthw/hashmap.c:Hashmap_get_node:205: TRY: 5
DEBUG: src/lcthw/hashmap.c:Hashmap_get_node:205: TRY: 6
DEBUG: src/lcthw/hashmap.c:Hashmap_get_node:205: TRY: 7
DEBUG: src/lcthw/hashmap.c:Hashmap_get_node:205: TRY: 8
DEBUG: src/lcthw/hashmap.c:Hashmap_get_node:205: TRY: 9
DEBUG: src/lcthw/hashmap.c:Hashmap_get_node:205: TRY: 10
DEBUG: src/lcthw/hashmap.c:Hashmap_get_node:205: TRY: 11
DEBUG: src/lcthw/hashmap.c:Hashmap_get_node:205: TRY: 12
DEBUG: src/lcthw/hashmap.c:Hashmap_get_node:205: TRY: 13
DEBUG: src/lcthw/hashmap.c:Hashmap_get_node:205: TRY: 14
DEBUG: src/lcthw/hashmap.c:Hashmap_get_node:205: TRY: 15
DEBUG: src/lcthw/hashmap.c:Hashmap_get_node:205: TRY: 16
DEBUG: src/lcthw/hashmap.c:Hashmap_get_node:205: TRY: 17
DEBUG: src/lcthw/hashmap.c:Hashmap_get_node:205: TRY: 18
DEBUG: src/lcthw/hashmap.c:Hashmap_get_node:205: TRY: 19
DEBUG: src/lcthw/hashmap.c:Hashmap_get_node:205: TRY: 20
DEBUG: src/lcthw/hashmap.c:Hashmap_get_node:205: TRY: 21
DEBUG: src/lcthw/hashmap.c:Hashmap_get_node:205: TRY: 22
DEBUG: src/lcthw/hashmap.c:Hashmap_get_node:205: TRY: 23
DEBUG: src/lcthw/hashmap.c:Hashmap_get_node:205: TRY: 24
DEBUG: src/lcthw/hashmap.c:Hashmap_get_node:205: TRY: 25
DEBUG: src/lcthw/hashmap.c:Hashmap_get_node:205: TRY: 26
DEBUG: src/lcthw/hashmap.c:Hashmap_get_node:205: TRY: 27
DEBUG: src/lcthw/hashmap.c:Hashmap_get_node:205: TRY: 28
DEBUG: src/lcthw/hashmap.c:Hashmap_get_node:205: TRY: 29
DEBUG: src/lcthw/hashmap.c:Hashmap_get_node:205: TRY: 30
DEBUG: src/lcthw/hashmap.c:Hashmap_get_node:205: TRY: 31
DEBUG: src/lcthw/hashmap.c:Hashmap_get_node:205: TRY: 32
DEBUG: src/lcthw/hashmap.c:Hashmap_get_node:205: TRY: 33
DEBUG: src/lcthw/hashmap.c:Hashmap_get_node:205: TRY: 34
DEBUG: src/lcthw/hashmap.c:Hashmap_get_node:205: TRY: 35
DEBUG: src/lcthw/hashmap.c:Hashmap_get_node:205: TRY: 36
DEBUG: src/lcthw/hashmap.c:Hashmap_get_node:205: TRY: 37
DEBUG: src/lcthw/hashmap.c:Hashmap_get_node:205: TRY: 38
DEBUG: src/lcthw/hashmap.c:Hashmap_get_node:205: TRY: 39
DEBUG: src/lcthw/hashmap.c:Hashmap_get_node:205: TRY: 40
DEBUG: src/lcthw/hashmap.c:Hashmap_get_node:205: TRY: 41
DEBUG: src/lcthw/hashmap.c:Hashmap_get_node:205: TRY: 42
DEBUG: src/lcthw/hashmap.c:Hashmap_get_node:205: TRY: 43
DEBUG: src/lcthw/hashmap.c:Hashmap_get_node:205: TRY: 44
DEBUG: src/lcthw/hashmap.c:Hashmap_get_node:205: TRY: 45
DEBUG: src/lcthw/hashmap.c:Hashmap_get_node:205: TRY: 46
DEBUG: src/lcthw/hashmap.c:Hashmap_get_node:205: TRY: 47
DEBUG: src/lcthw/hashmap.c:Hashmap_get_node:205: TRY: 48
DEBUG: src/lcthw/hashmap.c:Hashmap_get_node:205: TRY: 49
DEBUG: src/lcthw/hashmap.c:Hashmap_get_node:205: TRY: 50
DEBUG: src/lcthw/hashmap.c:Hashmap_get_node:205: TRY: 51
DEBUG: src/lcthw/hashmap.c:Hashmap_get_node:205: TRY: 52
DEBUG: src/lcthw/hashmap.c:Hashmap_get_node:205: TRY: 53
DEBUG: src/lcthw/hashmap.c:Hashmap_get_node:205: TRY: 54
DEBUG: src/lcthw/hashmap.c:Hashmap_get_node:205: TRY: 55
DEBUG: src/lcthw/hashmap.c:Hashmap_get_node:205: TRY: 56
DEBUG: src/lcthw/hashmap.c:Hashmap_get_node:205: TRY: 57
DEBUG: src/lcthw/hashmap.c:Hashmap_get_node:205: TRY: 58
DEBUG: src/lcthw/hashmap.c:Hashmap_get_node:205: TRY: 59
DEBUG: src/lcthw/hashmap.c:Hashmap_get_node:205: TRY: 60
DEBUG: src/lcthw/hashmap.c:Hashmap_get_node:205: TRY: 61
DEBUG: src/lcthw/hashmap.c:Hashmap_get_node:205: TRY: 62
DEBUG: src/lcthw/hashmap.c:Hashmap_get_node:205: TRY: 63
DEBUG: src/lcthw/hashmap.c:Hashmap_get_node:205: TRY: 64
DEBUG: src/lcthw/hashmap.c:Hashmap_get_node:205: TRY: 65
DEBUG: src/lcthw/hashmap.c:Hashmap_get_node:205: TRY: 66
DEBUG: src/lcthw/hashmap.c:Hashmap_get_node:205: TRY: 67
DEBUG: src/lcthw/hashmap.c:Hashmap_get_node:205: TRY: 0
DEBUG: src/lcthw/hashmap.c:Hashmap_get_node:205: TRY: 1
DEBUG: src/lcthw/hashmap.c:Hashmap_get_node:205: TRY: 2
DEBUG: src/lcthw/hashmap.c:Hashmap_get_node:205: TRY: 3
DEBUG: src/lcthw/hashmap.c:Hashmap_get_node:205: TRY: 4
DEBUG: src/lcthw/hashmap.c:Hashmap_get_node:205: TRY: 5
DEBUG: src/lcthw/hashmap.c:Hashmap_get_node:205: TRY: 6
DEBUG: src/lcthw/hashmap.c:Hashmap_get_node:205: TRY: 7
DEBUG: src/lcthw/hashmap.c:Hashmap_get_node:205: TRY: 8
DEBUG: src/lcthw/hashmap.c:Hashmap_get_node:205: TRY: 9
DEBUG: src/lcthw/hashmap.c:Hashmap_get_node:205: TRY: 10
DEBUG: src/lcthw/hashmap.c:Hashmap_get_node:205: TRY: 11
DEBUG: src/lcthw/hashmap.c:Hashmap_get_node:205: TRY: 12
DEBUG: src/lcthw/hashmap.c:Hashmap_get_node:205: TRY: 13
DEBUG: src/lcthw/hashmap.c:Hashmap_get_node:205: TRY: 14
DEBUG: src/lcthw/hashmap.c:Hashmap_get_node:205: TRY: 15
DEBUG: src/lcthw/hashmap.c:Hashmap_get_node:205: TRY: 16
DEBUG: src/lcthw/hashmap.c:Hashmap_get_node:205: TRY: 17
DEBUG: src/lcthw/hashmap.c:Hashmap_get_node:205: TRY: 18
DEBUG: src/lcthw/hashmap.c:Hashmap_get_node:205: TRY: 19
DEBUG: src/lcthw/hashmap.c:Hashmap_get_node:205: TRY: 20
DEBUG: src/lcthw/hashmap.c:Hashmap_get_node:205: TRY: 21
DEBUG: src/lcthw/hashmap.c:Hashmap_get_node:205: TRY: 22
DEBUG: src/lcthw/hashmap.c:Hashmap_get_node:205: TRY: 23
DEBUG: src/lcthw/hashmap.c:Hashmap_get_node:205: TRY: 24
DEBUG: src/lcthw/hashmap.c:Hashmap_get_node:205: TRY: 25
DEBUG: src/lcthw/hashmap.c:Hashmap_get_node:205: TRY: 26
DEBUG: src/lcthw/hashmap.c:Hashmap_get_node:205: TRY: 27
DEBUG: src/lcthw/hashmap.c:Hashmap_get_node:205: TRY: 28
DEBUG: src/lcthw/hashmap.c:Hashmap_get_node:205: TRY: 29
DEBUG: src/lcthw/hashmap.c:Hashmap_get_node:205: TRY: 30
DEBUG: src/lcthw/hashmap.c:Hashmap_get_node:205: TRY: 31
DEBUG: src/lcthw/hashmap.c:Hashmap_get_node:205: TRY: 32
DEBUG: src/lcthw/hashmap.c:Hashmap_get_node:205: TRY: 33
DEBUG: src/lcthw/hashmap.c:Hashmap_get_node:205: TRY: 34
DEBUG: src/lcthw/hashmap.c:Hashmap_get_node:205: TRY: 35
DEBUG: src/lcthw/hashmap.c:Hashmap_get_node:205: TRY: 36
DEBUG: src/lcthw/hashmap.c:Hashmap_get_node:205: TRY: 37
DEBUG: src/lcthw/hashmap.c:Hashmap_get_node:205: TRY: 38
DEBUG: src/lcthw/hashmap.c:Hashmap_get_node:205: TRY: 39
DEBUG: src/lcthw/hashmap.c:Hashmap_get_node:205: TRY: 40
DEBUG: src/lcthw/hashmap.c:Hashmap_get_node:205: TRY: 41
DEBUG: src/lcthw/hashmap.c:Hashmap_get_node:205: TRY: 42
DEBUG: src/lcthw/hashmap.c:Hashmap_get_node:205: TRY: 43
DEBUG: src/lcthw/hashmap.c:Hashmap_get_node:205: TRY: 44
DEBUG: src/lcthw/hashmap.c:Hashmap_get_node:205: TRY: 45
DEBUG: src/lcthw/hashmap.c:Hashmap_get_node:205: TRY: 46
DEBUG: src/lcthw/hashmap.c:Hashmap_get_node:205: TRY: 47
DEBUG: src/lcthw/hashmap.c:Hashmap_get_node:205: TRY: 48
DEBUG: src/lcthw/hashmap.c:Hashmap_get_node:205: TRY: 49
DEBUG: src/lcthw/hashmap.c:Hashmap_get_node:205: TRY: 50
DEBUG: src/lcthw/hashmap.c:Hashmap_get_node:205: TRY: 51
DEBUG: src/lcthw/hashmap.c:Hashmap_get_node:205: TRY: 52
DEBUG: src/lcthw/hashmap.c:Hashmap_get_node:205: TRY: 53
DEBUG: src/lcthw/hashmap.c:Hashmap_get_node:205: TRY: 54
DEBUG: src/lcthw/hashmap.c:Hashmap_get_node:205: TRY: 55
DEBUG: src/lcthw/hashmap.c:Hashmap_get_node:205: TRY: 56
DEBUG: src/lcthw/hashmap.c:Hashmap_get_node:205: TRY: 0
DEBUG: src/lcthw/hashmap.c:Hashmap_get_node:205: TRY: 1
DEBUG: src/lcthw/hashmap.c:Hashmap_get_node:205: TRY: 2
DEBUG: src/lcthw/hashmap.c:Hashmap_get_node:205: TRY: 3
DEBUG: src/lcthw/hashmap.c:Hashmap_get_node:205: TRY: 4
DEBUG: src/lcthw/hashmap.c:Hashmap_get_node:205: TRY: 5
DEBUG: src/lcthw/hashmap.c:Hashmap_get_node:205: TRY: 6
DEBUG: src/lcthw/hashmap.c:Hashmap_get_node:205: TRY: 7
DEBUG: src/lcthw/hashmap.c:Hashmap_get_node:205: TRY: 8
DEBUG: src/lcthw/hashmap.c:Hashmap_get_node:205: TRY: 9
DEBUG: src/lcthw/hashmap.c:Hashmap_get_node:205: TRY: 10
DEBUG: src/lcthw/hashmap.c:Hashmap_get_node:205: TRY: 11
DEBUG: src/lcthw/hashmap.c:Hashmap_get_node:205: TRY: 12
DEBUG: src/lcthw/hashmap.c:Hashmap_get_node:205: TRY: 13
DEBUG: src/lcthw/hashmap.c:Hashmap_get_node:205: TRY: 14
DEBUG: src/lcthw/hashmap.c:Hashmap_get_node:205: TRY: 15
DEBUG: src/lcthw/hashmap.c:Hashmap_get_node:205: TRY: 16
DEBUG: src/lcthw/hashmap.c:Hashmap_get_node:205: TRY: 17
DEBUG: src/lcthw/hashmap.c:Hashmap_get_node:205: TRY: 18
DEBUG: src/lcthw/hashmap.c:Hashmap_get_node:205: TRY: 19
DEBUG: src/lcthw/hashmap.c:Hashmap_get_node:205: TRY: 20
DEBUG: src/lcthw/hashmap.c:Hashmap_get_node:205: TRY: 21
DEBUG: src/lcthw/hashmap.c:Hashmap_get_node:205: TRY: 22
DEBUG: src/lcthw/hashmap.c:Hashmap_get_node:205: TRY: 23
DEBUG: src/lcthw/hashmap.c:Hashmap_get_node:205: TRY: 24
DEBUG: src/lcthw/hashmap.c:Hashmap_get_node:205: TRY: 25
DEBUG: src/lcthw/hashmap.c:Hashmap_get_node:205: TRY: 26
DEBUG: src/lcthw/hashmap.c:Hashmap_get_node:205: TRY: 27
DEBUG: src/lcthw/hashmap.c:Hashmap_get_node:205: TRY: 28
DEBUG: src/lcthw/hashmap.c:Hashmap_get_node:205: TRY: 29
DEBUG: src/lcthw/hashmap.c:Hashmap_get_node:205: TRY: 30
DEBUG: src/lcthw/hashmap.c:Hashmap_get_node:205: TRY: 31
DEBUG: src/lcthw/hashmap.c:Hashmap_get_node:205: TRY: 32
DEBUG: src/lcthw/hashmap.c:Hashmap_get_node:205: TRY: 33
DEBUG: src/lcthw/hashmap.c:Hashmap_get_node:205: TRY: 34
DEBUG: src/lcthw/hashmap.c:Hashmap_get_node:205: TRY: 35
DEBUG: src/lcthw/hashmap.c:Hashmap_get_node:205: TRY: 36
DEBUG: src/lcthw/hashmap.c:Hashmap_get_node:205: TRY: 37
DEBUG: src/lcthw/hashmap.c:Hashmap_get_node:205: TRY: 38
DEBUG: src/lcthw/hashmap.c:Hashmap_get_node:205: TRY: 39
DEBUG: src/lcthw/hashmap.c:Hashmap_get_node:205: TRY: 40
DEBUG: src/lcthw/hashmap.c:Hashmap_get_node:205: TRY: 41
DEBUG: src/lcthw/hashmap.c:Hashmap_get_node:205: TRY: 42
DEBUG: src/lcthw/hashmap.c:Hashmap_get_node:205: TRY: 43
DEBUG: src/lcthw/hashmap.c:Hashmap_get_node:205: TRY: 44
DEBUG: src/lcthw/hashmap.c:Hashmap_get_node:205: TRY: 45
DEBUG: src/lcthw/hashmap.c:Hashmap_get_node:205: TRY: 46
DEBUG: src/lcthw/hashmap.c:Hashmap_get_node:205: TRY: 47
DEBUG: src/lcthw/hashmap.c:Hashmap_get_node:205: TRY: 48
DEBUG: src/lcthw/hashmap.c:Hashmap_get_node:205: TRY: 49
DEBUG: src/lcthw/hashmap.c:Hashmap_get_node:205: TRY: 50
DEBUG: src/lcthw/hashmap.c:Hashmap_get_node:205: TRY: 51
DEBUG: src/lcthw/hashmap.c:Hashmap_get_node:205: TRY: 52
DEBUG: src/lcthw/hashmap.c:Hashmap_get_node:205: TRY: 53
DEBUG: src/lcthw/hashmap.c:Hashmap_get_node:205: TRY: 54
DEBUG: src/lcthw/hashmap.c:Hashmap_get_node:205: TRY: 55
DEBUG: src/lcthw/hashmap.c:Hashmap_get_node:205: TRY: 56
DEBUG: src/lcthw/hashmap.c:Hashmap_get_node:205: TRY: 57
DEBUG: src/lcthw/hashmap.c:Hashmap_get_node:205: TRY: 58
DEBUG: src/lcthw/hashmap.c:Hashmap_get_node:205: TRY: 59
DEBUG: src/lcthw/hashmap.c:Hashmap_get_node:205: TRY: 60
DEBUG: src/lcthw/hashmap.c:Hashmap_get_node:205: TRY: 0
DEBUG: src/lcthw/hashmap.c:Hashmap_get_node:205: TRY: 1
DEBUG: src/lcthw/hashmap.c:Hashmap_get_node:205: TRY: 2
DEBUG: src/lcthw/hashmap.c:Hashmap_get_node:205: TRY: 3
DEBUG: src/lcthw/hashmap.c:Hashmap_get_node:205: TRY: 4
DEBUG: src/lcthw/hashmap.c:Hashmap_get_node:205: TRY: 5
DEBUG: src/lcthw/hashmap.c:Hashmap_get_node:205: TRY: 6
DEBUG: src/lcthw/hashmap.c:Hashmap_get_node:205: TRY: 7
DEBUG: src/lcthw/hashmap.c:Hashmap_get_node:205: TRY: 8
DEBUG: src/lcthw/hashmap.c:Hashmap_get_node:205: TRY: 9
DEBUG: src/lcthw/hashmap.c:Hashmap_get_node:205: TRY: 10
DEBUG: src/lcthw/hashmap.c:Hashmap_get_node:205: TRY: 11
DEBUG: src/lcthw/hashmap.c:Hashmap_get_node:205: TRY: 12
DEBUG: src/lcthw/hashmap.c:Hashmap_get_node:205: TRY: 13
DEBUG: src/lcthw/hashmap.c:Hashmap_get_node:205: TRY: 14
DEBUG: src/lcthw/hashmap.c:Hashmap_get_node:205: TRY: 15
DEBUG: src/lcthw/hashmap.c:Hashmap_get_node:205: TRY: 16
DEBUG: src/lcthw/hashmap.c:Hashmap_get_node:205: TRY: 17
DEBUG: src/lcthw/hashmap.c:Hashmap_get_node:205: TRY: 18
DEBUG: src/lcthw/hashmap.c:Hashmap_get_node:205: TRY: 19
DEBUG: src/lcthw/hashmap.c:Hashmap_get_node:205: TRY: 20
DEBUG: src/lcthw/hashmap.c:Hashmap_get_node:205: TRY: 21
DEBUG: src/lcthw/hashmap.c:Hashmap_get_node:205: TRY: 22
DEBUG: src/lcthw/hashmap.c:Hashmap_get_node:205: TRY: 23
DEBUG: src/lcthw/hashmap.c:Hashmap_get_node:205: TRY: 24
DEBUG: src/lcthw/hashmap.c:Hashmap_get_node:205: TRY: 25
DEBUG: src/lcthw/hashmap.c:Hashmap_get_node:205: TRY: 26
DEBUG: src/lcthw/hashmap.c:Hashmap_get_node:205: TRY: 27
DEBUG: src/lcthw/hashmap.c:Hashmap_get_node:205: TRY: 28
DEBUG: src/lcthw/hashmap.c:Hashmap_get_node:205: TRY: 29
DEBUG: src/lcthw/hashmap.c:Hashmap_get_node:205: TRY: 30
DEBUG: src/lcthw/hashmap.c:Hashmap_get_node:205: TRY: 31
DEBUG: src/lcthw/hashmap.c:Hashmap_get_node:205: TRY: 32
DEBUG: src/lcthw/hashmap.c:Hashmap_get_node:205: TRY: 33
DEBUG: src/lcthw/hashmap.c:Hashmap_get_node:205: TRY: 34
DEBUG: src/lcthw/hashmap.c:Hashmap_get_node:205: TRY: 35
DEBUG: src/lcthw/hashmap.c:Hashmap_get_node:205: TRY: 36
DEBUG: src/lcthw/hashmap.c:Hashmap_get_node:205: TRY: 37
DEBUG: src/lcthw/hashmap.c:Hashmap_get_node:205: TRY: 38
DEBUG: src/lcthw/hashmap.c:Hashmap_get_node:205: TRY: 39
DEBUG: src/lcthw/hashmap.c:Hashmap_get_node:205: TRY: 40
DEBUG: src/lcthw/hashmap.c:Hashmap_get_node:205: TRY: 41
DEBUG: src/lcthw/hashmap.c:Hashmap_get_node:205: TRY: 42
DEBUG: src/lcthw/hashmap.c:Hashmap_get_node:205: TRY: 43
DEBUG: src/lcthw/hashmap.c:Hashmap_get_node:205: TRY: 44
DEBUG: src/lcthw/hashmap.c:Hashmap_get_node:205: TRY: 45
DEBUG: src/lcthw/hashmap.c:Hashmap_get_node:205: TRY: 46
DEBUG: src/lcthw/hashmap.c:Hashmap_get_node:205: TRY: 47
DEBUG: src/lcthw/hashmap.c:Hashmap_get_node:205: TRY: 48
DEBUG: src/lcthw/hashmap.c:Hashmap_get_node:205: TRY: 49
DEBUG: src/lcthw/hashmap.c:Hashmap_get_node:205: TRY: 50
DEBUG: src/lcthw/hashmap.c:Hashmap_get_node:205: TRY: 51
DEBUG: src/lcthw/hashmap.c:Hashmap_get_node:205: TRY: 52
DEBUG: src/lcthw/hashmap.c:Hashmap_get_node:205: TRY: 53
DEBUG: src/lcthw/hashmap.c:Hashmap_get_node:205: TRY: 54
DEBUG: src/lcthw/hashmap.c:Hashmap_get_node:205: TRY: 55
DEBUG: src/lcthw/hashmap.c:Hashmap_get_node:205: TRY: 56
DEBUG: src/lcthw/hashmap.c:Hashmap_get_node:205: TRY: 57
DEBUG: src/lcthw/hashmap.c:Hashmap_get_node:205: TRY: 58
DEBUG: src/lcthw/hashmap.c:Hashmap_get_node:205: TRY: 59
DEBUG: src/lcthw/hashmap.c:Hashmap_get_node:205: TRY: 60
DEBUG: src/lcthw/hashmap.c:Hashmap_get_node:205: TRY: 61
DEBUG: src/lcthw/hashmap.c:Hashmap_get_node:205: TRY: 62
DEBUG: src/lcthw/hashmap.c:Hashmap_get_node:205: TRY: 63
DEBUG: src/lcthw/hashmap.c:Hashmap_get_node:205: TRY: 64
DEBUG: src/lcthw/hashmap.c:Hashmap_get_node:205: TRY: 65
DEBUG: src/lcthw/hashmap.c:Hashmap_get_node:205: TRY: 66
DEBUG: src/lcthw/hashmap.c:Hashmap_get_node:205: TRY: 67
DEBUG: src/lcthw/hashmap.c:Hashmap_get_node:205: TRY: 68
DEBUG: src/lcthw/hashmap.c:Hashmap_get_node:205: TRY: 69
DEBUG: src/lcthw/hashmap.c:Hashmap_get_node:205: TRY: 70
DEBUG: src/lcthw/hashmap.c:Hashmap_get_node:205: TRY: 71
DEBUG: src/lcthw/hashmap.c:Hashmap_get_node:205: TRY: 72
DEBUG: src/lcthw/hashmap.c:Hashmap_get_node:205: TRY: 73
DEBUG: src/lcthw/hashmap.c:Hashmap_get_node:205: TRY: 74
DEBUG: src/lcthw/hashmap.c:Hashmap_get_node:205: TRY: 75
DEBUG: src/lcthw/hashmap.c:Hashmap_get_node:205: TRY: 76
DEBUG: src/lcthw/hashmap.c:Hashmap_get_node:205: TRY: 77
DEBUG: src/lcthw/hashmap.c:Hashmap_get_node:205: TRY: 78
DEBUG: src/lcthw/hashmap.c:Hashmap_get_node:205: TRY: 79
DEBUG: src/lcthw/hashmap.c:Hashmap_get_node:205: TRY: 80
DEBUG: src/lcthw/hashmap.c:Hashmap_get_node:205: TRY: 81
DEBUG: src/lcthw/hashmap.c:Hashmap_get_node:205: TRY: 82
DEBUG: src/lcthw/hashmap.c:Hashmap_get_node:205: TRY: 83
DEBUG: src/lcthw/hashmap.c:Hashmap_get_node:205: TRY: 84
DEBUG: src/lcthw/hashmap.c:Hashmap_get_node:205: TRY: 85
DEBUG: src/lcthw/hashmap.c:Hashmap_get_node:205: TRY: 86
DEBUG: src/lcthw/hashmap.c:Hashmap_get_node:205: TRY: 87
DEBUG: src/lcthw/hashmap.c:Hashmap_get_node:205: TRY: 88
DEBUG: src/lcthw/hashmap.c:Hashmap_get_node:205: TRY: 0
DEBUG: src/lcthw/hashmap.c:Hashmap_get_node:205: TRY: 1
DEBUG: src/lcthw/hashmap.c:Hashmap_get_node:205: TRY: 2
DEBUG: src/lcthw/hashmap.c:Hashmap_get_node:205: TRY: 3
DEBUG: src/lcthw/hashmap.c:Hashmap_get_node:205: TRY: 4
DEBUG: src/lcthw/hashmap.c:Hashmap_get_node:205: TRY: 5
DEBUG: src/lcthw/hashmap.c:Hashmap_get_node:205: TRY: 6
DEBUG: src/lcthw/hashmap.c:Hashmap_get_node:205: TRY: 7
DEBUG: src/lcthw/hashmap.c:Hashmap_get_node:205: TRY: 8
DEBUG: src/lcthw/hashmap.c:Hashmap_get_node:205: TRY: 9
DEBUG: src/lcthw/hashmap.c:Hashmap_get_node:205: TRY: 10
DEBUG: src/lcthw/hashmap.c:Hashmap_get_node:205: TRY: 11
DEBUG: src/lcthw/hashmap.c:Hashmap_get_node:205: TRY: 12
DEBUG: src/lcthw/hashmap.c:Hashmap_get_node:205: TRY: 13
DEBUG: src/lcthw/hashmap.c:Hashmap_get_node:205: TRY: 14
DEBUG: src/lcthw/hashmap.c:Hashmap_get_node:205: TRY: 15
DEBUG: src/lcthw/hashmap.c:Hashmap_get_node:205: TRY: 16
DEBUG: src/lcthw/hashmap.c:Hashmap_get_node:205: TRY: 17
DEBUG: src/lcthw/hashmap.c:Hashmap_get_node:205: TRY: 18
DEBUG: src/lcthw/hashmap.c:Hashmap_get_node:205: TRY: 19
DEBUG: src/lcthw/hashmap.c:Hashmap_get_node:205: TRY: 20
DEBUG: src/lcthw/hashmap.c:Hashmap_get_node:205: TRY: 21
DEBUG: src/lcthw/hashmap.c:Hashmap_get_node:205: TRY: 22
DEBUG: src/lcthw/hashmap.c:Hashmap_get_node:205: TRY: 23
DEBUG: src/lcthw/hashmap.c:Hashmap_get_node:205: TRY: 24
DEBUG: src/lcthw/hashmap.c:Hashmap_get_node:205: TRY: 25
DEBUG: src/lcthw/hashmap.c:Hashmap_get_node:205: TRY: 26
DEBUG: src/lcthw/hashmap.c:Hashmap_get_node:205: TRY: 27
DEBUG: src/lcthw/hashmap.c:Hashmap_get_node:205: TRY: 28
DEBUG: src/lcthw/hashmap.c:Hashmap_get_node:205: TRY: 29
DEBUG: src/lcthw/hashmap.c:Hashmap_get_node:205: TRY: 30
DEBUG: src/lcthw/hashmap.c:Hashmap_get_node:205: TRY: 31
DEBUG: src/lcthw/hashmap.c:Hashmap_get_node:205: TRY: 32
DEBUG: src/lcthw/hashmap.c:Hashmap_get_node:205: TRY: 33
DEBUG: src/lcthw/hashmap.c:Hashmap_get_node:205: TRY: 34
DEBUG: src/lcthw/hashmap.c:Hashmap_get_node:205: TRY: 35
DEBUG: src/lcthw/hashmap.c:Hashmap_get_node:205: TRY: 36
DEBUG: src/lcthw/hashmap.c:Hashmap_get_node:205: TRY: 37
DEBUG: src/lcthw/hashmap.c:Hashmap_get_node:205: TRY: 38
DEBUG: src/lcthw/hashmap.c:Hashmap_get_node:205: TRY: 39
DEBUG: src/lcthw/hashmap.c:Hashmap_get_node:205: TRY: 40
DEBUG: src/lcthw/hashmap.c:Hashmap_get_node:205: TRY: 41
DEBUG: src/lcthw/hashmap.c:Hashmap_get_node:205: TRY: 42
DEBUG: src/lcthw/hashmap.c:Hashmap_get_node:205: TRY: 43
DEBUG: src/lcthw/hashmap.c:Hashmap_get_node:205: TRY: 44
DEBUG: src/lcthw/hashmap.c:Hashmap_get_node:205: TRY: 45
DEBUG: src/lcthw/hashmap.c:Hashmap_get_node:205: TRY: 46
DEBUG: src/lcthw/hashmap.c:Hashmap_get_node:205: TRY: 47
DEBUG: src/lcthw/hashmap.c:Hashmap_get_node:205: TRY: 48
DEBUG: src/lcthw/hashmap.c:Hashmap_get_node:205: TRY: 49
DEBUG: src/lcthw/hashmap.c:Hashmap_get_node:205: TRY: 50
DEBUG: src/lcthw/hashmap.c:Hashmap_get_node:205: TRY: 51
DEBUG: src/lcthw/hashmap.c:Hashmap_get_node:205: TRY: 52
DEBUG: src/lcthw/hashmap.c:Hashmap_get_node:205: TRY: 53
DEBUG: src/lcthw/hashmap.c:Hashmap_get_node:205: TRY: 54
DEBUG: src/lcthw/hashmap.c:Hashmap_get_node:205: TRY: 55
DEBUG: src/lcthw/hashmap.c:Hashmap_get_node:205: TRY: 56
DEBUG: src/lcthw/hashmap.c:Hashmap_get_node:205: TRY: 57
DEBUG: src/lcthw/hashmap.c:Hashmap_get_node:205: TRY: 0
DEBUG: src/lcthw/hashmap.c:Hashmap_get_node:205: TRY: 1
DEBUG: src/lcthw/hashmap.c:Hashmap_get_node:205: TRY: 2
DEBUG: src/lcthw/hashmap.c:Hashmap_get_node:205: TRY: 3
DEBUG: src/lcthw/hashmap.c:Hashmap_get_node:205: TRY: 4
DEBUG: src/lcthw/hashmap.c:Hashmap_get_node:205: TRY: 5
DEBUG: src/lcthw/hashmap.c:Hashmap_get_node:205: TRY: 6
DEBUG: src/lcthw/hashmap.c:Hashmap_get_node:205: TRY: 7
DEBUG: src/lcthw/hashmap.c:Hashmap_get_node:205: TRY: 8
DEBUG: src/lcthw/hashmap.c:Hashmap_get_node:205: TRY: 9
DEBUG: src/lcthw/hashmap.c:Hashmap_get_node:205: TRY: 10
DEBUG: src/lcthw/hashmap.c:Hashmap_get_node:205: TRY: 11
DEBUG: src/lcthw/hashmap.c:Hashmap_get_node:205: TRY: 12
DEBUG: src/lcthw/hashmap.c:Hashmap_get_node:205: TRY: 13
DEBUG: src/lcthw/hashmap.c:Hashmap_get_node:205: TRY: 14
DEBUG: src/lcthw/hashmap.c:Hashmap_get_node:205: TRY: 15
DEBUG: src/lcthw/hashmap.c:Hashmap_get_node:205: TRY: 16
DEBUG: src/lcthw/hashmap.c:Hashmap_get_node:205: TRY: 17
DEBUG: src/lcthw/hashmap.c:Hashmap_get_node:205: TRY: 18
DEBUG: src/lcthw/hashmap.c:Hashmap_get_node:205: TRY: 19
DEBUG: src/lcthw/hashmap.c:Hashmap_get_node:205: TRY: 20
DEBUG: src/lcthw/hashmap.c:Hashmap_get_node:205: TRY: 21
DEBUG: src/lcthw/hashmap.c:Hashmap_get_node:205: TRY: 22
DEBUG: src/lcthw/hashmap.c:Hashmap_get_node:205: TRY: 23
DEBUG: src/lcthw/hashmap.c:Hashmap_get_node:205: TRY: 24
DEBUG: src/lcthw/hashmap.c:Hashmap_get_node:205: TRY: 25
DEBUG: src/lcthw/hashmap.c:Hashmap_get_node:205: TRY: 26
DEBUG: src/lcthw/hashmap.c:Hashmap_get_node:205: TRY: 27
DEBUG: src/lcthw/hashmap.c:Hashmap_get_node:205: TRY: 28
DEBUG: src/lcthw/hashmap.c:Hashmap_get_node:205: TRY: 29
DEBUG: src/lcthw/hashmap.c:Hashmap_get_node:205: TRY: 30
DEBUG: src/lcthw/hashmap.c:Hashmap_get_node:205: TRY: 31
DEBUG: src/lcthw/hashmap.c:Hashmap_get_node:205: TRY: 32
DEBUG: src/lcthw/hashmap.c:Hashmap_get_node:205: TRY: 33
DEBUG: src/lcthw/hashmap.c:Hashmap_get_node:205: TRY: 34
DEBUG: src/lcthw/hashmap.c:Hashmap_get_node:205: TRY: 35
DEBUG: src/lcthw/hashmap.c:Hashmap_get_node:205: TRY: 36
DEBUG: src/lcthw/hashmap.c:Hashmap_get_node:205: TRY: 37
DEBUG: src/lcthw/hashmap.c:Hashmap_get_node:205: TRY: 38
DEBUG: src/lcthw/hashmap.c:Hashmap_get_node:205: TRY: 39
DEBUG: src/lcthw/hashmap.c:Hashmap_get_node:205: TRY: 40
DEBUG: src/lcthw/hashmap.c:Hashmap_get_node:205: TRY: 41
DEBUG: src/lcthw/hashmap.c:Hashmap_get_node:205: TRY: 42
DEBUG: src/lcthw/hashmap.c:Hashmap_get_node:205: TRY: 43
DEBUG: src/lcthw/hashmap.c:Hashmap_get_node:205: TRY: 44
DEBUG: src/lcthw/hashmap.c:Hashmap_get_node:205: TRY: 45
DEBUG: src/lcthw/hashmap.c:Hashmap_get_node:205: TRY: 46
DEBUG: src/lcthw/hashmap.c:Hashmap_get_node:205: TRY: 47
DEBUG: src/lcthw/hashmap.c:Hashmap_get_node:205: TRY: 48
DEBUG: src/lcthw/hashmap.c:Hashmap_get_node:205: TRY: 49
DEBUG: src/lcthw/hashmap.c:Hashmap_get_node:205: TRY: 50
DEBUG: src/lcthw/hashmap.c:Hashmap_get_node:205: TRY: 51
DEBUG: src/lcthw/hashmap.c:Hashmap_get_node:205: TRY: 52
DEBUG: src/lcthw/hashmap.c:Hashmap_get_node:205: TRY: 53
DEBUG: src/lcthw/hashmap.c:Hashmap_get_node:205: TRY: 54
DEBUG: src/lcthw/hashmap.c:Hashmap_get_node:205: TRY: 0
DEBUG: src/lcthw/hashmap.c:Hashmap_get_node:205: TRY: 1
DEBUG: src/lcthw/hashmap.c:Hashmap_get_node:205: TRY: 2
DEBUG: src/lcthw/hashmap.c:Hashmap_get_node:205: TRY: 3
DEBUG: src/lcthw/hashmap.c:Hashmap_get_node:205: TRY: 4
DEBUG: src/lcthw/hashmap.c:Hashmap_get_node:205: TRY: 5
DEBUG: src/lcthw/hashmap.c:Hashmap_get_node:205: TRY: 6
DEBUG: src/lcthw/hashmap.c:Hashmap_get_node:205: TRY: 7
DEBUG: src/lcthw/hashmap.c:Hashmap_get_node:205: TRY: 8
DEBUG: src/lcthw/hashmap.c:Hashmap_get_node:205: TRY: 9
DEBUG: src/lcthw/hashmap.c:Hashmap_get_node:205: TRY: 10
DEBUG: src/lcthw/hashmap.c:Hashmap_get_node:205: TRY: 11
DEBUG: src/lcthw/hashmap.c:Hashmap_get_node:205: TRY: 12
DEBUG: src/lcthw/hashmap.c:Hashmap_get_node:205: TRY: 13
DEBUG: src/lcthw/hashmap.c:Hashmap_get_node:205: TRY: 14
DEBUG: src/lcthw/hashmap.c:Hashmap_get_node:205: TRY: 15
DEBUG: src/lcthw/hashmap.c:Hashmap_get_node:205: TRY: 16
DEBUG: src/lcthw/hashmap.c:Hashmap_get_node:205: TRY: 17
DEBUG: src/lcthw/hashmap.c:Hashmap_get_node:205: TRY: 18
DEBUG: src/lcthw/hashmap.c:Hashmap_get_node:205: TRY: 19
DEBUG: src/lcthw/hashmap.c:Hashmap_get_node:205: TRY: 20
DEBUG: src/lcthw/hashmap.c:Hashmap_get_node:205: TRY: 21
DEBUG: src/lcthw/hashmap.c:Hashmap_get_node:205: TRY: 22
DEBUG: src/lcthw/hashmap.c:Hashmap_get_node:205: TRY: 23
DEBUG: src/lcthw/hashmap.c:Hashmap_get_node:205: TRY: 24
DEBUG: src/lcthw/hashmap.c:Hashmap_get_node:205: TRY: 25
DEBUG: src/lcthw/hashmap.c:Hashmap_get_node:205: TRY: 26
DEBUG: src/lcthw/hashmap.c:Hashmap_get_node:205: TRY: 27
DEBUG: src/lcthw/hashmap.c:Hashmap_get_node:205: TRY: 28
DEBUG: src/lcthw/hashmap.c:Hashmap_get_node:205: TRY: 29
DEBUG: src/lcthw/hashmap.c:Hashmap_get_node:205: TRY: 30
DEBUG: src/lcthw/hashmap.c:Hashmap_get_node:205: TRY: 31
DEBUG: src/lcthw/hashmap.c:Hashmap_get_node:205: TRY: 32
DEBUG: src/lcthw/hashmap.c:Hashmap_get_node:205: TRY: 33
DEBUG: src/lcthw/hashmap.c:Hashmap_get_node:205: TRY: 34
DEBUG: src/lcthw/hashmap.c:Hashmap_get_node:205: TRY: 35
DEBUG: src/lcthw/hashmap.c:Hashmap_get_node:205: TRY: 36
DEBUG: src/lcthw/hashmap.c:Hashmap_get_node:205: TRY: 37
DEBUG: src/lcthw/hashmap.c:Hashmap_get_node:205: TRY: 38
DEBUG: src/lcthw/hashmap.c:Hashmap_get_node:205: TRY: 39
DEBUG: src/lcthw/hashmap.c:Hashmap_get_node:205: TRY: 40
DEBUG: src/lcthw/hashmap.c:Hashmap_get_node:205: TRY: 41
DEBUG: src/lcthw/hashmap.c:Hashmap_get_node:205: TRY: 42
DEBUG: src/lcthw/hashmap.c:Hashmap_get_node:205: TRY: 43
DEBUG: src/lcthw/hashmap.c:Hashmap_get_node:205: TRY: 44
DEBUG: src/lcthw/hashmap.c:Hashmap_get_node:205: TRY: 45
DEBUG: src/lcthw/hashmap.c:Hashmap_get_node:205: TRY: 46
DEBUG: src/lcthw/hashmap.c:Hashmap_get_node:205: TRY: 47
DEBUG: src/lcthw/hashmap.c:Hashmap_get_node:205: TRY: 48
DEBUG: src/lcthw/hashmap.c:Hashmap_get_node:205: TRY: 49
DEBUG: src/lcthw/hashmap.c:Hashmap_get_node:205: TRY: 50
DEBUG: src/lcthw/hashmap.c:Hashmap_get_node:205: TRY: 51
DEBUG: src/lcthw/hashmap.c:Hashmap_get_node:205: TRY: 52
DEBUG: src/lcthw/hashmap.c:Hashmap_get_node:205: TRY: 53
DEBUG: src/lcthw/hashmap.c:Hashmap_get_node:205: TRY: 54
DEBUG: src/lcthw/hashmap.c:Hashmap_get_node:205: TRY: 55
DEBUG: src/lcthw/hashmap.c:Hashmap_get_node:205: TRY: 56
DEBUG: src/lcthw/hashmap.c:Hashmap_get_node:205: TRY: 57
DEBUG: src/lcthw/hashmap.c:Hashmap_get_node:205: TRY: 58
DEBUG: src/lcthw/hashmap.c:Hashmap_get_node:205: TRY: 0
DEBUG: src/lcthw/hashmap.c:Hashmap_get_node:205: TRY: 1
DEBUG: src/lcthw/hashmap.c:Hashmap_get_node:205: TRY: 2
DEBUG: src/lcthw/hashmap.c:Hashmap_get_node:205: TRY: 3
DEBUG: src/lcthw/hashmap.c:Hashmap_get_node:205: TRY: 4
DEBUG: src/lcthw/hashmap.c:Hashmap_get_node:205: TRY: 5
DEBUG: src/lcthw/hashmap.c:Hashmap_get_node:205: TRY: 6
DEBUG: src/lcthw/hashmap.c:Hashmap_get_node:205: TRY: 7
DEBUG: src/lcthw/hashmap.c:Hashmap_get_node:205: TRY: 8
DEBUG: src/lcthw/hashmap.c:Hashmap_get_node:205: TRY: 9
DEBUG: src/lcthw/hashmap.c:Hashmap_get_node:205: TRY: 10
DEBUG: src/lcthw/hashmap.c:Hashmap_get_node:205: TRY: 11
DEBUG: src/lcthw/hashmap.c:Hashmap_get_node:205: TRY: 12
DEBUG: src/lcthw/hashmap.c:Hashmap_get_node:205: TRY: 13
DEBUG: src/lcthw/hashmap.c:Hashmap_get_node:205: TRY: 14
DEBUG: src/lcthw/hashmap.c:Hashmap_get_node:205: TRY: 15
DEBUG: src/lcthw/hashmap.c:Hashmap_get_node:205: TRY: 16
DEBUG: src/lcthw/hashmap.c:Hashmap_get_node:205: TRY: 17
DEBUG: src/lcthw/hashmap.c:Hashmap_get_node:205: TRY: 18
DEBUG: src/lcthw/hashmap.c:Hashmap_get_node:205: TRY: 19
DEBUG: src/lcthw/hashmap.c:Hashmap_get_node:205: TRY: 20
DEBUG: src/lcthw/hashmap.c:Hashmap_get_node:205: TRY: 21
DEBUG: src/lcthw/hashmap.c:Hashmap_get_node:205: TRY: 22
DEBUG: src/lcthw/hashmap.c:Hashmap_get_node:205: TRY: 23
DEBUG: src/lcthw/hashmap.c:Hashmap_get_node:205: TRY: 24
DEBUG: src/lcthw/hashmap.c:Hashmap_get_node:205: TRY: 25
DEBUG: src/lcthw/hashmap.c:Hashmap_get_node:205: TRY: 26
DEBUG: src/lcthw/hashmap.c:Hashmap_get_node:205: TRY: 27
DEBUG: src/lcthw/hashmap.c:Hashmap_get_node:205: TRY: 28
DEBUG: src/lcthw/hashmap.c:Hashmap_get_node:205: TRY: 29
DEBUG: src/lcthw/hashmap.c:Hashmap_get_node:205: TRY: 30
DEBUG: src/lcthw/hashmap.c:Hashmap_get_node:205: TRY: 31
DEBUG: src/lcthw/hashmap.c:Hashmap_get_node:205: TRY: 32
DEBUG: src/lcthw/hashmap.c:Hashmap_get_node:205: TRY: 33
DEBUG: src/lcthw/hashmap.c:Hashmap_get_node:205: TRY: 34
DEBUG: src/lcthw/hashmap.c:Hashmap_get_node:205: TRY: 35
DEBUG: src/lcthw/hashmap.c:Hashmap_get_node:205: TRY: 36
DEBUG: src/lcthw/hashmap.c:Hashmap_get_node:205: TRY: 37
DEBUG: src/lcthw/hashmap.c:Hashmap_get_node:205: TRY: 38
DEBUG: src/lcthw/hashmap.c:Hashmap_get_node:205: TRY: 39
DEBUG: src/lcthw/hashmap.c:Hashmap_get_node:205: TRY: 40
DEBUG: src/lcthw/hashmap.c:Hashmap_get_node:205: TRY: 41
DEBUG: src/lcthw/hashmap.c:Hashmap_get_node:205: TRY: 42
DEBUG: src/lcthw/hashmap.c:Hashmap_get_node:205: TRY: 43
DEBUG: src/lcthw/hashmap.c:Hashmap_get_node:205: TRY: 44
DEBUG: src/lcthw/hashmap.c:Hashmap_get_node:205: TRY: 45
DEBUG: src/lcthw/hashmap.c:Hashmap_get_node:205: TRY: 46
DEBUG: src/lcthw/hashmap.c:Hashmap_get_node:205: TRY: 47
DEBUG: src/lcthw/hashmap.c:Hashmap_get_node:205: TRY: 48
DEBUG: src/lcthw/hashmap.c:Hashmap_get_node:205: TRY: 49
DEBUG: src/lcthw/hashmap.c:Hashmap_get_node:205: TRY: 50
DEBUG: src/lcthw/hashmap.c:Hashmap_get_node:205: TRY: 51
DEBUG: src/lcthw/hashmap.c:Hashmap_get_node:205: TRY: 52
DEBUG: src/lcthw/hashmap.c:Hashmap_get_node:205: TRY: 53
DEBUG: src/lcthw/hashmap.c:Hashmap_get_node:205: TRY: 54
DEBUG: src/lcthw/hashmap.c:Hashmap_get_node:205: TRY: 0
DEBUG: src/lcthw/hashmap.c:Hashmap_get_node:205: TRY: 1
DEBUG: src/lcthw/hashmap.c:Hashmap_get_node:205: TRY: 2
DEBUG: src/lcthw/hashmap.c:Hashmap_get_node:205: TRY: 3
DEBUG: src/lcthw/hashmap.c:Hashmap_get_node:205: TRY: 4
DEBUG: src/lcthw/hashmap.c:Hashmap_get_node:205: TRY: 5
DEBUG: src/lcthw/hashmap.c:Hashmap_get_node:205: TRY: 6
DEBUG: src/lcthw/hashmap.c:Hashmap_get_node:205: TRY: 7
DEBUG: src/lcthw/hashmap.c:Hashmap_get_node:205: TRY: 8
DEBUG: src/lcthw/hashmap.c:Hashmap_get_node:205: TRY: 9
DEBUG: src/lcthw/hashmap.c:Hashmap_get_node:205: TRY: 10
DEBUG: src/lcthw/hashmap.c:Hashmap_get_node:205: TRY: 11
DEBUG: src/lcthw/hashmap.c:Hashmap_get_node:205: TRY: 12
DEBUG: src/lcthw/hashmap.c:Hashmap_get_node:205: TRY: 13
DEBUG: src/lcthw/hashmap.c:Hashmap_get_node:205: TRY: 14
DEBUG: src/lcthw/hashmap.c:Hashmap_get_node:205: TRY: 15
DEBUG: src/lcthw/hashmap.c:Hashmap_get_node:205: TRY: 16
DEBUG: src/lcthw/hashmap.c:Hashmap_get_node:205: TRY: 17
DEBUG: src/lcthw/hashmap.c:Hashmap_get_node:205: TRY: 18
DEBUG: src/lcthw/hashmap.c:Hashmap_get_node:205: TRY: 19
DEBUG: src/lcthw/hashmap.c:Hashmap_get_node:205: TRY: 20
DEBUG: src/lcthw/hashmap.c:Hashmap_get_node:205: TRY: 21
DEBUG: src/lcthw/hashmap.c:Hashmap_get_node:205: TRY: 22
DEBUG: src/lcthw/hashmap.c:Hashmap_get_node:205: TRY: 23
DEBUG: src/lcthw/hashmap.c:Hashmap_get_node:205: TRY: 24
DEBUG: src/lcthw/hashmap.c:Hashmap_get_node:205: TRY: 25
DEBUG: src/lcthw/hashmap.c:Hashmap_get_node:205: TRY: 26
DEBUG: src/lcthw/hashmap.c:Hashmap_get_node:205: TRY: 27
DEBUG: src/lcthw/hashmap.c:Hashmap_get_node:205: TRY: 28
DEBUG: src/lcthw/hashmap.c:Hashmap_get_node:205: TRY: 29
DEBUG: src/lcthw/hashmap.c:Hashmap_get_node:205: TRY: 30
DEBUG: src/lcthw/hashmap.c:Hashmap_get_node:205: TRY: 31
DEBUG: src/lcthw/hashmap.c:Hashmap_get_node:205: TRY: 32
DEBUG: src/lcthw/hashmap.c:Hashmap_get_node:205: TRY: 33
DEBUG: src/lcthw/hashmap.c:Hashmap_get_node:205: TRY: 34
DEBUG: src/lcthw/hashmap.c:Hashmap_get_node:205: TRY: 35
DEBUG: src/lcthw/hashmap.c:Hashmap_get_node:205: TRY: 36
DEBUG: src/lcthw/hashmap.c:Hashmap_get_node:205: TRY: 37
DEBUG: src/lcthw/hashmap.c:Hashmap_get_node:205: TRY: 38
DEBUG: src/lcthw/hashmap.c:Hashmap_get_node:205: TRY: 39
DEBUG: src/lcthw/hashmap.c:Hashmap_get_node:205: TRY: 40
DEBUG: src/lcthw/hashmap.c:Hashmap_get_node:205: TRY: 41
DEBUG: src/lcthw/hashmap.c:Hashmap_get_node:205: TRY: 42
DEBUG: src/lcthw/hashmap.c:Hashmap_get_node:205: TRY: 43
DEBUG: src/lcthw/hashmap.c:Hashmap_get_node:205: TRY: 44
DEBUG: src/lcthw/hashmap.c:Hashmap_get_node:205: TRY: 45
DEBUG: src/lcthw/hashmap.c:Hashmap_get_node:205: TRY: 46
DEBUG: src/lcthw/hashmap.c:Hashmap_get_node:205: TRY: 47
DEBUG: src/lcthw/hashmap.c:Hashmap_get_node:205: TRY: 48
DEBUG: src/lcthw/hashmap.c:Hashmap_get_node:205: TRY: 49
DEBUG: src/lcthw/hashmap.c:Hashmap_get_node:205: TRY: 50
DEBUG: src/lcthw/hashmap.c:Hashmap_get_node:205: TRY: 51
DEBUG: src/lcthw/hashmap.c:Hashmap_get_node:205: TRY: 52
DEBUG: src/lcthw/hashmap.c:Hashmap_get_node:205: TRY: 53
DEBUG: src/lcthw/hashmap.c:Hashmap_get_node:205: TRY: 54
DEBUG: src/lcthw/hashmap.c:Hashmap_get_node:205: TRY: 55
DEBUG: src/lcthw/hashmap.c:Hashmap_get_node:205: TRY: 0
DEBUG: src/lcthw/hashmap.c:Hashmap_get_node:205: TRY: 1
DEBUG: src/lcthw/hashmap.c:Hashmap_get_node:205: TRY: 2
DEBUG: src/lcthw/hashmap.c:Hashmap_get_node:205: TRY: 3
DEBUG: src/lcthw/hashmap.c:Hashmap_get_node:205: TRY: 4
DEBUG: src/lcthw/hashmap.c:Hashmap_get_node:205: TRY: 5
DEBUG: src/lcthw/hashmap.c:Hashmap_get_node:205: TRY: 6
DEBUG: src/lcthw/hashmap.c:Hashmap_get_node:205: TRY: 7
DEBUG: src/lcthw/hashmap.c:Hashmap_get_node:205: TRY: 8
DEBUG: src/lcthw/hashmap.c:Hashmap_get_node:205: TRY: 9
DEBUG: src/lcthw/hashmap.c:Hashmap_get_node:205: TRY: 10
DEBUG: src/lcthw/hashmap.c:Hashmap_get_node:205: TRY: 11
DEBUG: src/lcthw/hashmap.c:Hashmap_get_node:205: TRY: 12
DEBUG: src/lcthw/hashmap.c:Hashmap_get_node:205: TRY: 13
DEBUG: src/lcthw/hashmap.c:Hashmap_get_node:205: TRY: 14
DEBUG: src/lcthw/hashmap.c:Hashmap_get_node:205: TRY: 15
DEBUG: src/lcthw/hashmap.c:Hashmap_get_node:205: TRY: 16
DEBUG: src/lcthw/hashmap.c:Hashmap_get_node:205: TRY: 17
DEBUG: src/lcthw/hashmap.c:Hashmap_get_node:205: TRY: 18
DEBUG: src/lcthw/hashmap.c:Hashmap_get_node:205: TRY: 19
DEBUG: src/lcthw/hashmap.c:Hashmap_get_node:205: TRY: 20
DEBUG: src/lcthw/hashmap.c:Hashmap_get_node:205: TRY: 21
DEBUG: src/lcthw/hashmap.c:Hashmap_get_node:205: TRY: 22
DEBUG: src/lcthw/hashmap.c:Hashmap_get_node:205: TRY: 23
DEBUG: src/lcthw/hashmap.c:Hashmap_get_node:205: TRY: 24
DEBUG: src/lcthw/hashmap.c:Hashmap_get_node:205: TRY: 25
DEBUG: src/lcthw/hashmap.c:Hashmap_get_node:205: TRY: 26
DEBUG: src/lcthw/hashmap.c:Hashmap_get_node:205: TRY: 27
DEBUG: src/lcthw/hashmap.c:Hashmap_get_node:205: TRY: 28
DEBUG: src/lcthw/hashmap.c:Hashmap_get_node:205: TRY: 29
DEBUG: src/lcthw/hashmap.c:Hashmap_get_node:205: TRY: 30
DEBUG: src/lcthw/hashmap.c:Hashmap_get_node:205: TRY: 31
DEBUG: src/lcthw/hashmap.c:Hashmap_get_node:205: TRY: 32
DEBUG: src/lcthw/hashmap.c:Hashmap_get_node:205: TRY: 33
DEBUG: src/lcthw/hashmap.c:Hashmap_get_node:205: TRY: 34
DEBUG: src/lcthw/hashmap.c:Hashmap_get_node:205: TRY: 35
DEBUG: src/lcthw/hashmap.c:Hashmap_get_node:205: TRY: 36
DEBUG: src/lcthw/hashmap.c:Hashmap_get_node:205: TRY: 37
DEBUG: src/lcthw/hashmap.c:Hashmap_get_node:205: TRY: 38
DEBUG: src/lcthw/hashmap.c:Hashmap_get_node:205: TRY: 39
DEBUG: src/lcthw/hashmap.c:Hashmap_get_node:205: TRY: 40
DEBUG: src/lcthw/hashmap.c:Hashmap_get_node:205: TRY: 41
DEBUG: src/lcthw/hashmap.c:Hashmap_get_node:205: TRY: 42
DEBUG: src/lcthw/hashmap.c:Hashmap_get_node:205: TRY: 43
DEBUG: src/lcthw/hashmap.c:Hashmap_get_node:205: TRY: 44
DEBUG: src/lcthw/hashmap.c:Hashmap_get_node:205: TRY: 45
DEBUG: src/lcthw/hashmap.c:Hashmap_get_node:205: TRY: 46
DEBUG: src/lcthw/hashmap.c:Hashmap_get_node:205: TRY: 47
DEBUG: src/lcthw/hashmap.c:Hashmap_get_node:205: TRY: 48
DEBUG: src/lcthw/hashmap.c:Hashmap_get_node:205: TRY: 49
DEBUG: src/lcthw/hashmap.c:Hashmap_get_node:205: TRY: 50
DEBUG: src/lcthw/hashmap.c:Hashmap_get_node:205: TRY: 51
DEBUG: src/lcthw/hashmap.c:Hashmap_get_node:205: TRY: 52
DEBUG: src/lcthw/hashmap.c:Hashmap_get_node:205: TRY: 53
DEBUG: src/lcthw/hashmap.c:Hashmap_get_node:205: TRY: 54
DEBUG: src/lcthw/hashmap.c:Hashmap_get_node:205: TRY: 55
DEBUG: src/lcthw/hashmap.c:Hashmap_get_node:205: TRY: 56
DEBUG: src/lcthw/hashmap.c:Hashmap_get_node:205: TRY: 57
DEBUG: src/lcthw/hashmap.c:Hashmap_get_node:205: TRY: 58
DEBUG: src/lcthw/hashmap.c:Hashmap_get_node:205: TRY: 59
DEBUG: src/lcthw/hashmap.c:Hashmap_get_node:205: TRY: 60
DEBUG: src/lcthw/hashmap.c:Hashmap_get_node:205: TRY: 61
DEBUG: src/lcthw/hashmap.c:Hashmap_get_node:205: TRY: 0
DEBUG: src/lcthw/hashmap.c:Hashmap_get_node:205: TRY: 1
DEBUG: src/lcthw/hashmap.c:Hashmap_get_node:205: TRY: 2
DEBUG: src/lcthw/hashmap.c:Hashmap_get_node:205: TRY: 3
DEBUG: src/lcthw/hashmap.c:Hashmap_get_node:205: TRY: 4
DEBUG: src/lcthw/hashmap.c:Hashmap_get_node:205: TRY: 5
DEBUG: src/lcthw/hashmap.c:Hashmap_get_node:205: TRY: 6
DEBUG: src/lcthw/hashmap.c:Hashmap_get_node:205: TRY: 7
DEBUG: src/lcthw/hashmap.c:Hashmap_get_node:205: TRY: 8
DEBUG: src/lcthw/hashmap.c:Hashmap_get_node:205: TRY: 9
DEBUG: src/lcthw/hashmap.c:Hashmap_get_node:205: TRY: 10
DEBUG: src/lcthw/hashmap.c:Hashmap_get_node:205: TRY: 11
DEBUG: src/lcthw/hashmap.c:Hashmap_get_node:205: TRY: 12
DEBUG: src/lcthw/hashmap.c:Hashmap_get_node:205: TRY: 13
DEBUG: src/lcthw/hashmap.c:Hashmap_get_node:205: TRY: 14
DEBUG: src/lcthw/hashmap.c:Hashmap_get_node:205: TRY: 15
DEBUG: src/lcthw/hashmap.c:Hashmap_get_node:205: TRY: 16
DEBUG: src/lcthw/hashmap.c:Hashmap_get_node:205: TRY: 17
DEBUG: src/lcthw/hashmap.c:Hashmap_get_node:205: TRY: 18
DEBUG: src/lcthw/hashmap.c:Hashmap_get_node:205: TRY: 19
DEBUG: src/lcthw/hashmap.c:Hashmap_get_node:205: TRY: 20
DEBUG: src/lcthw/hashmap.c:Hashmap_get_node:205: TRY: 21
DEBUG: src/lcthw/hashmap.c:Hashmap_get_node:205: TRY: 22
DEBUG: src/lcthw/hashmap.c:Hashmap_get_node:205: TRY: 23
DEBUG: src/lcthw/hashmap.c:Hashmap_get_node:205: TRY: 24
DEBUG: src/lcthw/hashmap.c:Hashmap_get_node:205: TRY: 25
DEBUG: src/lcthw/hashmap.c:Hashmap_get_node:205: TRY: 26
DEBUG: src/lcthw/hashmap.c:Hashmap_get_node:205: TRY: 27
DEBUG: src/lcthw/hashmap.c:Hashmap_get_node:205: TRY: 28
DEBUG: src/lcthw/hashmap.c:Hashmap_get_node:205: TRY: 29
DEBUG: src/lcthw/hashmap.c:Hashmap_get_node:205: TRY: 30
DEBUG: src/lcthw/hashmap.c:Hashmap_get_node:205: TRY: 31
DEBUG: src/lcthw/hashmap.c:Hashmap_get_node:205: TRY: 32
DEBUG: src/lcthw/hashmap.c:Hashmap_get_node:205: TRY: 33
DEBUG: src/lcthw/hashmap.c:Hashmap_get_node:205: TRY: 34
DEBUG: src/lcthw/hashmap.c:Hashmap_get_node:205: TRY: 35
DEBUG: src/lcthw/hashmap.c:Hashmap_get_node:205: TRY: 36
DEBUG: src/lcthw/hashmap.c:Hashmap_get_node:205: TRY: 37
DEBUG: src/lcthw/hashmap.c:Hashmap_get_node:205: TRY: 38
DEBUG: src/lcthw/hashmap.c:Hashmap_get_node:205: TRY: 39
DEBUG: src/lcthw/hashmap.c:Hashmap_get_node:205: TRY: 40
DEBUG: src/lcthw/hashmap.c:Hashmap_get_node:205: TRY: 41
DEBUG: src/lcthw/hashmap.c:Hashmap_get_node:205: TRY: 42
DEBUG: src/lcthw/hashmap.c:Hashmap_get_node:205: TRY: 43
DEBUG: src/lcthw/hashmap.c:Hashmap_get_node:205: TRY: 44
DEBUG: src/lcthw/hashmap.c:Hashmap_get_node:205: TRY: 45
DEBUG: src/lcthw/hashmap.c:Hashmap_get_node:205: TRY: 46
DEBUG: src/lcthw/hashmap.c:Hashmap_get_node:205: TRY: 47
DEBUG: src/lcthw/hashmap.c:Hashmap_get_node:205: TRY: 48
DEBUG: src/lcthw/hashmap.c:Hashmap_get_node:205: TRY: 49
DEBUG: src/lcthw/hashmap.c:Hashmap_get_node:205: TRY: 50
DEBUG: src/lcthw/hashmap.c:Hashmap_get_node:205: TRY: 51
DEBUG: src/lcthw/hashmap.c:Hashmap_get_node:205: TRY: 52
DEBUG: src/lcthw/hashmap.c:Hashmap_get_node:205: TRY: 53
DEBUG: src/lcthw/hashmap.c:Hashmap_get_node:205: TRY: 54
DEBUG: src/lcthw/hashmap.c:Hashmap_get_node:205: TRY: 55
DEBUG: src/lcthw/hashmap.c:Hashmap_get_node:205: TRY: 56
DEBUG: src/lcthw/hashmap.c:Hashmap_get_node:205: TRY: 57
DEBUG: src/lcthw/hashmap.c:Hashmap_get_node:205: TRY: 58
DEBUG: src/lcthw/hashmap.c:Hashmap_get_node:205: TRY: 59
DEBUG: src/lcthw/hashmap.c:Hashmap_get_node:205: TRY: 0
DEBUG: src/lcthw/hashmap.c:Hashmap_get_node:205: TRY: 1
DEBUG: src/lcthw/hashmap.c:Hashmap_get_node:205: TRY: 2
DEBUG: src/lcthw/hashmap.c:Hashmap_get_node:205: TRY: 3
DEBUG: src/lcthw/hashmap.c:Hashmap_get_node:205: TRY: 4
DEBUG: src/lcthw/hashmap.c:Hashmap_get_node:205: TRY: 5
DEBUG: src/lcthw/hashmap.c:Hashmap_get_node:205: TRY: 6
DEBUG: src/lcthw/hashmap.c:Hashmap_get_node:205: TRY: 7
DEBUG: src/lcthw/hashmap.c:Hashmap_get_node:205: TRY: 8
DEBUG: src/lcthw/hashmap.c:Hashmap_get_node:205: TRY: 9
DEBUG: src/lcthw/hashmap.c:Hashmap_get_node:205: TRY: 10
DEBUG: src/lcthw/hashmap.c:Hashmap_get_node:205: TRY: 11
DEBUG: src/lcthw/hashmap.c:Hashmap_get_node:205: TRY: 12
DEBUG: src/lcthw/hashmap.c:Hashmap_get_node:205: TRY: 13
DEBUG: src/lcthw/hashmap.c:Hashmap_get_node:205: TRY: 14
DEBUG: src/lcthw/hashmap.c:Hashmap_get_node:205: TRY: 15
DEBUG: src/lcthw/hashmap.c:Hashmap_get_node:205: TRY: 16
DEBUG: src/lcthw/hashmap.c:Hashmap_get_node:205: TRY: 17
DEBUG: src/lcthw/hashmap.c:Hashmap_get_node:205: TRY: 18
DEBUG: src/lcthw/hashmap.c:Hashmap_get_node:205: TRY: 19
DEBUG: src/lcthw/hashmap.c:Hashmap_get_node:205: TRY: 20
DEBUG: src/lcthw/hashmap.c:Hashmap_get_node:205: TRY: 21
DEBUG: src/lcthw/hashmap.c:Hashmap_get_node:205: TRY: 22
DEBUG: src/lcthw/hashmap.c:Hashmap_get_node:205: TRY: 23
DEBUG: src/lcthw/hashmap.c:Hashmap_get_node:205: TRY: 24
DEBUG: src/lcthw/hashmap.c:Hashmap_get_node:205: TRY: 25
DEBUG: src/lcthw/hashmap.c:Hashmap_get_node:205: TRY: 26
DEBUG: src/lcthw/hashmap.c:Hashmap_get_node:205: TRY: 27
DEBUG: src/lcthw/hashmap.c:Hashmap_get_node:205: TRY: 28
DEBUG: src/lcthw/hashmap.c:Hashmap_get_node:205: TRY: 29
DEBUG: src/lcthw/hashmap.c:Hashmap_get_node:205: TRY: 30
DEBUG: src/lcthw/hashmap.c:Hashmap_get_node:205: TRY: 31
DEBUG: src/lcthw/hashmap.c:Hashmap_get_node:205: TRY: 32
DEBUG: src/lcthw/hashmap.c:Hashmap_get_node:205: TRY: 33
DEBUG: src/lcthw/hashmap.c:Hashmap_get_node:205: TRY: 34
DEBUG: src/lcthw/hashmap.c:Hashmap_get_node:205: TRY: 35
DEBUG: src/lcthw/hashmap.c:Hashmap_get_node:205: TRY: 36
DEBUG: src/lcthw/hashmap.c:Hashmap_get_node:205: TRY: 37
DEBUG: src/lcthw/hashmap.c:Hashmap_get_node:205: TRY: 38
DEBUG: src/lcthw/hashmap.c:Hashmap_get_node:205: TRY: 39
DEBUG: src/lcthw/hashmap.c:Hashmap_get_node:205: TRY: 40
DEBUG: src/lcthw/hashmap.c:Hashmap_get_node:205: TRY: 41
DEBUG: src/lcthw/hashmap.c:Hashmap_get_node:205: TRY: 42
DEBUG: src/lcthw/hashmap.c:Hashmap_get_node:205: TRY: 43
DEBUG: src/lcthw/hashmap.c:Hashmap_get_node:205: TRY: 44
DEBUG: src/lcthw/hashmap.c:Hashmap_get_node:205: TRY: 45
DEBUG: src/lcthw/hashmap.c:Hashmap_get_node:205: TRY: 46
DEBUG: src/lcthw/hashmap.c:Hashmap_get_node:205: TRY: 47
DEBUG: src/lcthw/hashmap.c:Hashmap_get_node:205: TRY: 48
DEBUG: src/lcthw/hashmap.c:Hashmap_get_node:205: TRY: 49
DEBUG: src/lcthw/hashmap.c:Hashmap_get_node:205: TRY: 50
DEBUG: src/lcthw/hashmap.c:Hashmap_get_node:205: TRY: 51
DEBUG: src/lcthw/hashmap.c:Hashmap_get_node:205: TRY: 52
DEBUG: src/lcthw/hashmap.c:Hashmap_get_node:205: TRY: 53
DEBUG: src/lcthw/hashmap.c:Hashmap_get_node:205: TRY: 54
DEBUG: src/lcthw/hashmap.c:Hashmap_get_node:205: TRY: 55
DEBUG: src/lcthw/hashmap.c:Hashmap_get_node:205: TRY: 56
DEBUG: src/lcthw/hashmap.c:Hashmap_get_node:205: TRY: 57
DEBUG: src/lcthw/hashmap.c:Hashmap_get_node:205: TRY: 58
DEBUG: src/lcthw/hashmap.c:Hashmap_get_node:205: TRY: 59
DEBUG: src/lcthw/hashmap.c:Hashmap_get_node:205: TRY: 60
DEBUG: src/lcthw/hashmap.c:Hashmap_get_node:205: TRY: 0
DEBUG: src/lcthw/hashmap.c:Hashmap_get_node:205: TRY: 1
DEBUG: src/lcthw/hashmap.c:Hashmap_get_node:205: TRY: 2
DEBUG: src/lcthw/hashmap.c:Hashmap_get_node:205: TRY: 3
DEBUG: src/lcthw/hashmap.c:Hashmap_get_node:205: TRY: 4
DEBUG: src/lcthw/hashmap.c:Hashmap_get_node:205: TRY: 5
DEBUG: src/lcthw/hashmap.c:Hashmap_get_node:205: TRY: 6
DEBUG: src/lcthw/hashmap.c:Hashmap_get_node:205: TRY: 7
DEBUG: src/lcthw/hashmap.c:Hashmap_get_node:205: TRY: 8
DEBUG: src/lcthw/hashmap.c:Hashmap_get_node:205: TRY: 9
DEBUG: src/lcthw/hashmap.c:Hashmap_get_node:205: TRY: 10
DEBUG: src/lcthw/hashmap.c:Hashmap_get_node:205: TRY: 11
DEBUG: src/lcthw/hashmap.c:Hashmap_get_node:205: TRY: 12
DEBUG: src/lcthw/hashmap.c:Hashmap_get_node:205: TRY: 13
DEBUG: src/lcthw/hashmap.c:Hashmap_get_node:205: TRY: 14
DEBUG: src/lcthw/hashmap.c:Hashmap_get_node:205: TRY: 15
DEBUG: src/lcthw/hashmap.c:Hashmap_get_node:205: TRY: 16
DEBUG: src/lcthw/hashmap.c:Hashmap_get_node:205: TRY: 17
DEBUG: src/lcthw/hashmap.c:Hashmap_get_node:205: TRY: 18
DEBUG: src/lcthw/hashmap.c:Hashmap_get_node:205: TRY: 19
DEBUG: src/lcthw/hashmap.c:Hashmap_get_node:205: TRY: 20
DEBUG: src/lcthw/hashmap.c:Hashmap_get_node:205: TRY: 21
DEBUG: src/lcthw/hashmap.c:Hashmap_get_node:205: TRY: 22
DEBUG: src/lcthw/hashmap.c:Hashmap_get_node:205: TRY: 23
DEBUG: src/lcthw/hashmap.c:Hashmap_get_node:205: TRY: 24
DEBUG: src/lcthw/hashmap.c:Hashmap_get_node:205: TRY: 25
DEBUG: src/lcthw/hashmap.c:Hashmap_get_node:205: TRY: 26
DEBUG: src/lcthw/hashmap.c:Hashmap_get_node:205: TRY: 27
DEBUG: src/lcthw/hashmap.c:Hashmap_get_node:205: TRY: 28
DEBUG: src/lcthw/hashmap.c:Hashmap_get_node:205: TRY: 29
DEBUG: src/lcthw/hashmap.c:Hashmap_get_node:205: TRY: 30
DEBUG: src/lcthw/hashmap.c:Hashmap_get_node:205: TRY: 31
DEBUG: src/lcthw/hashmap.c:Hashmap_get_node:205: TRY: 32
DEBUG: src/lcthw/hashmap.c:Hashmap_get_node:205: TRY: 33
DEBUG: src/lcthw/hashmap.c:Hashmap_get_node:205: TRY: 34
DEBUG: src/lcthw/hashmap.c:Hashmap_get_node:205: TRY: 35
DEBUG: src/lcthw/hashmap.c:Hashmap_get_node:205: TRY: 36
DEBUG: src/lcthw/hashmap.c:Hashmap_get_node:205: TRY: 37
DEBUG: src/lcthw/hashmap.c:Hashmap_get_node:205: TRY: 38
DEBUG: src/lcthw/hashmap.c:Hashmap_get_node:205: TRY: 39
DEBUG: src/lcthw/hashmap.c:Hashmap_get_node:205: TRY: 40
DEBUG: src/lcthw/hashmap.c:Hashmap_get_node:205: TRY: 41
DEBUG: src/lcthw/hashmap.c:Hashmap_get_node:205: TRY: 42
DEBUG: src/lcthw/hashmap.c:Hashmap_get_node:205: TRY: 43
DEBUG: src/lcthw/hashmap.c:Hashmap_get_node:205: TRY: 44
DEBUG: src/lcthw/hashmap.c:Hashmap_get_node:205: TRY: 45
DEBUG: src/lcthw/hashmap.c:Hashmap_get_node:205: TRY: 46
DEBUG: src/lcthw/hashmap.c:Hashmap_get_node:205: TRY: 47
DEBUG: src/lcthw/hashmap.c:Hashmap_get_node:205: TRY: 48
DEBUG: src/lcthw/hashmap.c:Hashmap_get_node:205: TRY: 49
DEBUG: src/lcthw/hashmap.c:Hashmap_get_node:205: TRY: 50
DEBUG: src/lcthw/hashmap.c:Hashmap_get_node:205: TRY: 51
DEBUG: src/lcthw/hashmap.c:Hashmap_get_node:205: TRY: 52
DEBUG: src/lcthw/hashmap.c:Hashmap_get_node:205: TRY: 53
DEBUG: src/lcthw/hashmap.c:Hashmap_get_node:205: TRY: 54
DEBUG: src/lcthw/hashmap.c:Hashmap_get_node:205: TRY: 55
DEBUG: src/lcthw/hashmap.c:Hashmap_get_node:205: TRY: 56
DEBUG: src/lcthw/hashmap.c:Hashmap_get_node:205: TRY: 57
DEBUG: src/lcthw/hashmap.c:Hashmap_get_node:205: TRY: 58
DEBUG: src/lcthw/hashmap.c:Hashmap_get_node:205: TRY: 59
DEBUG: src/lcthw/hashmap.c:Hashmap_get_node:205: TRY: 0
DEBUG: src/lcthw/hashmap.c:Hashmap_get_node:205: TRY: 1
DEBUG: src/lcthw/hashmap.c:Hashmap_get_node:205: TRY: 2
DEBUG: src/lcthw/hashmap.c:Hashmap_get_node:205: TRY: 3
DEBUG: src/lcthw/hashmap.c:Hashmap_get_node:205: TRY: 4
DEBUG: src/lcthw/hashmap.c:Hashmap_get_node:205: TRY: 5
DEBUG: src/lcthw/hashmap.c:Hashmap_get_node:205: TRY: 6
DEBUG: src/lcthw/hashmap.c:Hashmap_get_node:205: TRY: 7
DEBUG: src/lcthw/hashmap.c:Hashmap_get_node:205: TRY: 8
DEBUG: src/lcthw/hashmap.c:Hashmap_get_node:205: TRY: 9
DEBUG: src/lcthw/hashmap.c:Hashmap_get_node:205: TRY: 10
DEBUG: src/lcthw/hashmap.c:Hashmap_get_node:205: TRY: 11
DEBUG: src/lcthw/hashmap.c:Hashmap_get_node:205: TRY: 12
DEBUG: src/lcthw/hashmap.c:Hashmap_get_node:205: TRY: 13
DEBUG: src/lcthw/hashmap.c:Hashmap_get_node:205: TRY: 14
DEBUG: src/lcthw/hashmap.c:Hashmap_get_node:205: TRY: 15
DEBUG: src/lcthw/hashmap.c:Hashmap_get_node:205: TRY: 16
DEBUG: src/lcthw/hashmap.c:Hashmap_get_node:205: TRY: 17
DEBUG: src/lcthw/hashmap.c:Hashmap_get_node:205: TRY: 18
DEBUG: src/lcthw/hashmap.c:Hashmap_get_node:205: TRY: 19
DEBUG: src/lcthw/hashmap.c:Hashmap_get_node:205: TRY: 20
DEBUG: src/lcthw/hashmap.c:Hashmap_get_node:205: TRY: 21
DEBUG: src/lcthw/hashmap.c:Hashmap_get_node:205: TRY: 22
DEBUG: src/lcthw/hashmap.c:Hashmap_get_node:205: TRY: 23
DEBUG: src/lcthw/hashmap.c:Hashmap_get_node:205: TRY: 24
DEBUG: src/lcthw/hashmap.c:Hashmap_get_node:205: TRY: 25
DEBUG: src/lcthw/hashmap.c:Hashmap_get_node:205: TRY: 26
DEBUG: src/lcthw/hashmap.c:Hashmap_get_node:205: TRY: 27
DEBUG: src/lcthw/hashmap.c:Hashmap_get_node:205: TRY: 28
DEBUG: src/lcthw/hashmap.c:Hashmap_get_node:205: TRY: 29
DEBUG: src/lcthw/hashmap.c:Hashmap_get_node:205: TRY: 30
DEBUG: src/lcthw/hashmap.c:Hashmap_get_node:205: TRY: 31
DEBUG: src/lcthw/hashmap.c:Hashmap_get_node:205: TRY: 32
DEBUG: src/lcthw/hashmap.c:Hashmap_get_node:205: TRY: 33
DEBUG: src/lcthw/hashmap.c:Hashmap_get_node:205: TRY: 34
DEBUG: src/lcthw/hashmap.c:Hashmap_get_node:205: TRY: 35
DEBUG: src/lcthw/hashmap.c:Hashmap_get_node:205: TRY: 36
DEBUG: src/lcthw/hashmap.c:Hashmap_get_node:205: TRY: 37
DEBUG: src/lcthw/hashmap.c:Hashmap_get_node:205: TRY: 38
DEBUG: src/lcthw/hashmap.c:Hashmap_get_node:205: TRY: 39
DEBUG: src/lcthw/hashmap.c:Hashmap_get_node:205: TRY: 40
DEBUG: src/lcthw/hashmap.c:Hashmap_get_node:205: TRY: 41
DEBUG: src/lcthw/hashmap.c:Hashmap_get_node:205: TRY: 42
DEBUG: src/lcthw/hashmap.c:Hashmap_get_node:205: TRY: 43
DEBUG: src/lcthw/hashmap.c:Hashmap_get_node:205: TRY: 44
DEBUG: src/lcthw/hashmap.c:Hashmap_get_node:205: TRY: 45
DEBUG: src/lcthw/hashmap.c:Hashmap_get_node:205: TRY: 46
DEBUG: src/lcthw/hashmap.c:Hashmap_get_node:205: TRY: 47
DEBUG: src/lcthw/hashmap.c:Hashmap_get_node:205: TRY: 48
DEBUG: src/lcthw/hashmap.c:Hashmap_get_node:205: TRY: 49
DEBUG: src/lcthw/hashmap.c:Hashmap_get_node:205: TRY: 50
DEBUG: src/lcthw/hashmap.c:Hashmap_get_node:205: TRY: 51
DEBUG: src/lcthw/hashmap.c:Hashmap_get_node:205: TRY: 52
DEBUG: src/lcthw/hashmap.c:Hashmap_get_node:205: TRY: 53
DEBUG: src/lcthw/hashmap.c:Hashmap_get_node:205: TRY: 54
DEBUG: src/lcthw/hashmap.c:Hashmap_get_node:205: TRY: 55
DEBUG: src/lcthw/hashmap.c:Hashmap_get_node:205: TRY: 0
DEBUG: src/lcthw/hashmap.c:Hashmap_get_node:205: TRY: 1
DEBUG: src/lcthw/hashmap.c:Hashmap_get_node:205: TRY: 2
DEBUG: src/lcthw/hashmap.c:Hashmap_get_node:205: TRY: 3
DEBUG: src/lcthw/hashmap.c:Hashmap_get_node:205: TRY: 4
DEBUG: src/lcthw/hashmap.c:Hashmap_get_node:205: TRY: 5
DEBUG: src/lcthw/hashmap.c:Hashmap_get_node:205: TRY: 6
DEBUG: src/lcthw/hashmap.c:Hashmap_get_node:205: TRY: 7
DEBUG: src/lcthw/hashmap.c:Hashmap_get_node:205: TRY: 8
DEBUG: src/lcthw/hashmap.c:Hashmap_get_node:205: TRY: 9
DEBUG: src/lcthw/hashmap.c:Hashmap_get_node:205: TRY: 10
DEBUG: src/lcthw/hashmap.c:Hashmap_get_node:205: TRY: 11
DEBUG: src/lcthw/hashmap.c:Hashmap_get_node:205: TRY: 12
DEBUG: src/lcthw/hashmap.c:Hashmap_get_node:205: TRY: 13
DEBUG: src/lcthw/hashmap.c:Hashmap_get_node:205: TRY: 14
DEBUG: src/lcthw/hashmap.c:Hashmap_get_node:205: TRY: 15
DEBUG: src/lcthw/hashmap.c:Hashmap_get_node:205: TRY: 16
DEBUG: src/lcthw/hashmap.c:Hashmap_get_node:205: TRY: 17
DEBUG: src/lcthw/hashmap.c:Hashmap_get_node:205: TRY: 18
DEBUG: src/lcthw/hashmap.c:Hashmap_get_node:205: TRY: 19
DEBUG: src/lcthw/hashmap.c:Hashmap_get_node:205: TRY: 20
DEBUG: src/lcthw/hashmap.c:Hashmap_get_node:205: TRY: 21
DEBUG: src/lcthw/hashmap.c:Hashmap_get_node:205: TRY: 22
DEBUG: src/lcthw/hashmap.c:Hashmap_get_node:205: TRY: 23
DEBUG: src/lcthw/hashmap.c:Hashmap_get_node:205: TRY: 24
DEBUG: src/lcthw/hashmap.c:Hashmap_get_node:205: TRY: 25
DEBUG: src/lcthw/hashmap.c:Hashmap_get_node:205: TRY: 26
DEBUG: src/lcthw/hashmap.c:Hashmap_get_node:205: TRY: 27
DEBUG: src/lcthw/hashmap.c:Hashmap_get_node:205: TRY: 28
DEBUG: src/lcthw/hashmap.c:Hashmap_get_node:205: TRY: 29
DEBUG: src/lcthw/hashmap.c:Hashmap_get_node:205: TRY: 30
DEBUG: src/lcthw/hashmap.c:Hashmap_get_node:205: TRY: 31
DEBUG: src/lcthw/hashmap.c:Hashmap_get_node:205: TRY: 32
DEBUG: src/lcthw/hashmap.c:Hashmap_get_node:205: TRY: 33
DEBUG: src/lcthw/hashmap.c:Hashmap_get_node:205: TRY: 34
DEBUG: src/lcthw/hashmap.c:Hashmap_get_node:205: TRY: 35
DEBUG: src/lcthw/hashmap.c:Hashmap_get_node:205: TRY: 36
DEBUG: src/lcthw/hashmap.c:Hashmap_get_node:205: TRY: 37
DEBUG: src/lcthw/hashmap.c:Hashmap_get_node:205: TRY: 38
DEBUG: src/lcthw/hashmap.c:Hashmap_get_node:205: TRY: 39
DEBUG: src/lcthw/hashmap.c:Hashmap_get_node:205: TRY: 40
DEBUG: src/lcthw/hashmap.c:Hashmap_get_node:205: TRY: 41
DEBUG: src/lcthw/hashmap.c:Hashmap_get_node:205: TRY: 42
DEBUG: src/lcthw/hashmap.c:Hashmap_get_node:205: TRY: 43
DEBUG: src/lcthw/hashmap.c:Hashmap_get_node:205: TRY: 44
DEBUG: src/lcthw/hashmap.c:Hashmap_get_node:205: TRY: 45
DEBUG: src/lcthw/hashmap.c:Hashmap_get_node:205: TRY: 46
DEBUG: src/lcthw/hashmap.c:Hashmap_get_node:205: TRY: 47
DEBUG: src/lcthw/hashmap.c:Hashmap_get_node:205: TRY: 48
DEBUG: src/lcthw/hashmap.c:Hashmap_get_node:205: TRY: 49
DEBUG: src/lcthw/hashmap.c:Hashmap_get_node:205: TRY: 50
DEBUG: src/lcthw/hashmap.c:Hashmap_get_node:205: TRY: 51
DEBUG: src/lcthw/hashmap.c:Hashmap_get_node:205: TRY: 52
DEBUG: src/lcthw/hashmap.c:Hashmap_get_node:205: TRY: 53
DEBUG: src/lcthw/hashmap.c:Hashmap_get_node:205: TRY: 54
DEBUG: src/lcthw/hashmap.c:Hashmap_get_node:205: TRY: 55
DEBUG: src/lcthw/hashmap.c:Hashmap_get_node:205: TRY: 56
DEBUG: src/lcthw/hashmap.c:Hashmap_get_node:205: TRY: 57
DEBUG: src/lcthw/hashmap.c:Hashmap_get_node:205: TRY: 58
DEBUG: src/lcthw/hashmap.c:Hashmap_get_node:205: TRY: 59
DEBUG: src/lcthw/hashmap.c:Hashmap_get_node:205: TRY: 60
DEBUG: src/lcthw/hashmap.c:Hashmap_get_node:205: TRY: 61
DEBUG: src/lcthw/hashmap.c:Hashmap_get_node:205: TRY: 62
DEBUG: src/lcthw/hashmap.c:Hashmap_get_node:205: TRY: 63
DEBUG: src/lcthw/hashmap.c:Hashmap_get_node:205: TRY: 64
DEBUG: src/lcthw/hashmap.c:Hashmap_get_node:205: TRY: 0
DEBUG: src/lcthw/hashmap.c:Hashmap_get_node:205: TRY: 1
DEBUG: src/lcthw/hashmap.c:Hashmap_get_node:205: TRY: 2
DEBUG: src/lcthw/hashmap.c:Hashmap_get_node:205: TRY: 3
DEBUG: src/lcthw/hashmap.c:Hashmap_get_node:205: TRY: 4
DEBUG: src/lcthw/hashmap.c:Hashmap_get_node:205: TRY: 5
DEBUG: src/lcthw/hashmap.c:Hashmap_get_node:205: TRY: 6
DEBUG: src/lcthw/hashmap.c:Hashmap_get_node:205: TRY: 7
DEBUG: src/lcthw/hashmap.c:Hashmap_get_node:205: TRY: 8
DEBUG: src/lcthw/hashmap.c:Hashmap_get_node:205: TRY: 9
DEBUG: src/lcthw/hashmap.c:Hashmap_get_node:205: TRY: 10
DEBUG: src/lcthw/hashmap.c:Hashmap_get_node:205: TRY: 11
DEBUG: src/lcthw/hashmap.c:Hashmap_get_node:205: TRY: 12
DEBUG: src/lcthw/hashmap.c:Hashmap_get_node:205: TRY: 13
DEBUG: src/lcthw/hashmap.c:Hashmap_get_node:205: TRY: 14
DEBUG: src/lcthw/hashmap.c:Hashmap_get_node:205: TRY: 15
DEBUG: src/lcthw/hashmap.c:Hashmap_get_node:205: TRY: 16
DEBUG: src/lcthw/hashmap.c:Hashmap_get_node:205: TRY: 17
DEBUG: src/lcthw/hashmap.c:Hashmap_get_node:205: TRY: 18
DEBUG: src/lcthw/hashmap.c:Hashmap_get_node:205: TRY: 19
DEBUG: src/lcthw/hashmap.c:Hashmap_get_node:205: TRY: 20
DEBUG: src/lcthw/hashmap.c:Hashmap_get_node:205: TRY: 21
DEBUG: src/lcthw/hashmap.c:Hashmap_get_node:205: TRY: 22
DEBUG: src/lcthw/hashmap.c:Hashmap_get_node:205: TRY: 23
DEBUG: src/lcthw/hashmap.c:Hashmap_get_node:205: TRY: 24
DEBUG: src/lcthw/hashmap.c:Hashmap_get_node:205: TRY: 25
DEBUG: src/lcthw/hashmap.c:Hashmap_get_node:205: TRY: 26
DEBUG: src/lcthw/hashmap.c:Hashmap_get_node:205: TRY: 27
DEBUG: src/lcthw/hashmap.c:Hashmap_get_node:205: TRY: 28
DEBUG: src/lcthw/hashmap.c:Hashmap_get_node:205: TRY: 29
DEBUG: src/lcthw/hashmap.c:Hashmap_get_node:205: TRY: 30
DEBUG: src/lcthw/hashmap.c:Hashmap_get_node:205: TRY: 31
DEBUG: src/lcthw/hashmap.c:Hashmap_get_node:205: TRY: 32
DEBUG: src/lcthw/hashmap.c:Hashmap_get_node:205: TRY: 33
DEBUG: src/lcthw/hashmap.c:Hashmap_get_node:205: TRY: 34
DEBUG: src/lcthw/hashmap.c:Hashmap_get_node:205: TRY: 35
DEBUG: src/lcthw/hashmap.c:Hashmap_get_node:205: TRY: 36
DEBUG: src/lcthw/hashmap.c:Hashmap_get_node:205: TRY: 37
DEBUG: src/lcthw/hashmap.c:Hashmap_get_node:205: TRY: 38
DEBUG: src/lcthw/hashmap.c:Hashmap_get_node:205: TRY: 39
DEBUG: src/lcthw/hashmap.c:Hashmap_get_node:205: TRY: 40
DEBUG: src/lcthw/hashmap.c:Hashmap_get_node:205: TRY: 41
DEBUG: src/lcthw/hashmap.c:Hashmap_get_node:205: TRY: 42
DEBUG: src/lcthw/hashmap.c:Hashmap_get_node:205: TRY: 43
DEBUG: src/lcthw/hashmap.c:Hashmap_get_node:205: TRY: 44
DEBUG: src/lcthw/hashmap.c:Hashmap_get_node:205: TRY: 45
DEBUG: src/lcthw/hashmap.c:Hashmap_get_node:205: TRY: 46
DEBUG: src/lcthw/hashmap.c:Hashmap_get_node:205: TRY: 47
DEBUG: src/lcthw/hashmap.c:Hashmap_get_node:205: TRY: 48
DEBUG: src/lcthw/hashmap.c:Hashmap_get_node:205: TRY: 49
DEBUG: src/lcthw/hashmap.c:Hashmap_get_node:205: TRY: 50
DEBUG: src/lcthw/hashmap.c:Hashmap_get_node:205: TRY: 51
DEBUG: src/lcthw/hashmap.c:Hashmap_get_node:205: TRY: 52
DEBUG: src/lcthw/hashmap.c:Hashmap_get_node:205: TRY: 53
DEBUG: src/lcthw/hashmap.c:Hashmap_get_node:205: TRY: 54
DEBUG: src/lcthw/hashmap.c:Hashmap_get_node:205: TRY: 55
DEBUG: src/lcthw/hashmap.c:Hashmap_get_node:205: TRY: 56
DEBUG: src/lcthw/hashmap.c:Hashmap_get_node:205: TRY: 57
DEBUG: src/lcthw/hashmap.c:Hashmap_get_node:205: TRY: 58
DEBUG: src/lcthw/hashmap.c:Hashmap_get_node:205: TRY: 59
DEBUG: src/lcthw/hashmap.c:Hashmap_get_node:205: TRY: 60
DEBUG: src/lcthw/hashmap.c:Hashmap_get_node:205: TRY: 0
DEBUG: src/lcthw/hashmap.c:Hashmap_get_node:205: TRY: 1
DEBUG: src/lcthw/hashmap.c:Hashmap_get_node:205: TRY: 2
DEBUG: src/lcthw/hashmap.c:Hashmap_get_node:205: TRY: 3
DEBUG: src/lcthw/hashmap.c:Hashmap_get_node:205: TRY: 4
DEBUG: src/lcthw/hashmap.c:Hashmap_get_node:205: TRY: 5
DEBUG: src/lcthw/hashmap.c:Hashmap_get_node:205: TRY: 6
DEBUG: src/lcthw/hashmap.c:Hashmap_get_node:205: TRY: 7
DEBUG: src/lcthw/hashmap.c:Hashmap_get_node:205: TRY: 8
DEBUG: src/lcthw/hashmap.c:Hashmap_get_node:205: TRY: 9
DEBUG: src/lcthw/hashmap.c:Hashmap_get_node:205: TRY: 10
DEBUG: src/lcthw/hashmap.c:Hashmap_get_node:205: TRY: 11
DEBUG: src/lcthw/hashmap.c:Hashmap_get_node:205: TRY: 12
DEBUG: src/lcthw/hashmap.c:Hashmap_get_node:205: TRY: 13
DEBUG: src/lcthw/hashmap.c:Hashmap_get_node:205: TRY: 14
DEBUG: src/lcthw/hashmap.c:Hashmap_get_node:205: TRY: 15
DEBUG: src/lcthw/hashmap.c:Hashmap_get_node:205: TRY: 16
DEBUG: src/lcthw/hashmap.c:Hashmap_get_node:205: TRY: 17
DEBUG: src/lcthw/hashmap.c:Hashmap_get_node:205: TRY: 18
DEBUG: src/lcthw/hashmap.c:Hashmap_get_node:205: TRY: 19
DEBUG: src/lcthw/hashmap.c:Hashmap_get_node:205: TRY: 20
DEBUG: src/lcthw/hashmap.c:Hashmap_get_node:205: TRY: 21
DEBUG: src/lcthw/hashmap.c:Hashmap_get_node:205: TRY: 22
DEBUG: src/lcthw/hashmap.c:Hashmap_get_node:205: TRY: 23
DEBUG: src/lcthw/hashmap.c:Hashmap_get_node:205: TRY: 24
DEBUG: src/lcthw/hashmap.c:Hashmap_get_node:205: TRY: 25
DEBUG: src/lcthw/hashmap.c:Hashmap_get_node:205: TRY: 26
DEBUG: src/lcthw/hashmap.c:Hashmap_get_node:205: TRY: 27
DEBUG: src/lcthw/hashmap.c:Hashmap_get_node:205: TRY: 28
DEBUG: src/lcthw/hashmap.c:Hashmap_get_node:205: TRY: 29
DEBUG: src/lcthw/hashmap.c:Hashmap_get_node:205: TRY: 30
DEBUG: src/lcthw/hashmap.c:Hashmap_get_node:205: TRY: 31
DEBUG: src/lcthw/hashmap.c:Hashmap_get_node:205: TRY: 32
DEBUG: src/lcthw/hashmap.c:Hashmap_get_node:205: TRY: 33
DEBUG: src/lcthw/hashmap.c:Hashmap_get_node:205: TRY: 34
DEBUG: src/lcthw/hashmap.c:Hashmap_get_node:205: TRY: 35
DEBUG: src/lcthw/hashmap.c:Hashmap_get_node:205: TRY: 36
DEBUG: src/lcthw/hashmap.c:Hashmap_get_node:205: TRY: 37
DEBUG: src/lcthw/hashmap.c:Hashmap_get_node:205: TRY: 38
DEBUG: src/lcthw/hashmap.c:Hashmap_get_node:205: TRY: 39
DEBUG: src/lcthw/hashmap.c:Hashmap_get_node:205: TRY: 40
DEBUG: src/lcthw/hashmap.c:Hashmap_get_node:205: TRY: 41
DEBUG: src/lcthw/hashmap.c:Hashmap_get_node:205: TRY: 42
DEBUG: src/lcthw/hashmap.c:Hashmap_get_node:205: TRY: 43
DEBUG: src/lcthw/hashmap.c:Hashmap_get_node:205: TRY: 44
DEBUG: src/lcthw/hashmap.c:Hashmap_get_node:205: TRY: 45
DEBUG: src/lcthw/hashmap.c:Hashmap_get_node:205: TRY: 46
DEBUG: src/lcthw/hashmap.c:Hashmap_get_node:205: TRY: 47
DEBUG: src/lcthw/hashmap.c:Hashmap_get_node:205: TRY: 48
DEBUG: src/lcthw/hashmap.c:Hashmap_get_node:205: TRY: 49
DEBUG: src/lcthw/hashmap.c:Hashmap_get_node:205: TRY: 50
DEBUG: src/lcthw/hashmap.c:Hashmap_get_node:205: TRY: 51
DEBUG: src/lcthw/hashmap.c:Hashmap_get_node:205: TRY: 52
DEBUG: src/lcthw/hashmap.c:Hashmap_get_node:205: TRY: 53
DEBUG: src/lcthw/hashmap.c:Hashmap_get_node:205: TRY: 54
DEBUG: src/lcthw/hashmap.c:Hashmap_get_node:205: TRY: 55
DEBUG: src/lcthw/hashmap.c:Hashmap_get_node:205: TRY: 56
DEBUG: src/lcthw/hashmap.c:Hashmap_get_node:205: TRY: 57
DEBUG: src/lcthw/hashmap.c:Hashmap_get_node:205: TRY: 58
DEBUG: src/lcthw/hashmap.c:Hashmap_get_node:205: TRY: 59
DEBUG: src/lcthw/hashmap.c:Hashmap_get_node:205: TRY: 60
DEBUG: src/lcthw/hashmap.c:Hashmap_get_node:205: TRY: 61
DEBUG: src/lcthw/hashmap.c:Hashmap_get_node:205: TRY: 0
DEBUG: src/lcthw/hashmap.c:Hashmap_get_node:205: TRY: 1
DEBUG: src/lcthw/hashmap.c:Hashmap_get_node:205: TRY: 2
DEBUG: src/lcthw/hashmap.c:Hashmap_get_node:205: TRY: 3
DEBUG: src/lcthw/hashmap.c:Hashmap_get_node:205: TRY: 4
DEBUG: src/lcthw/hashmap.c:Hashmap_get_node:205: TRY: 5
DEBUG: src/lcthw/hashmap.c:Hashmap_get_node:205: TRY: 6
DEBUG: src/lcthw/hashmap.c:Hashmap_get_node:205: TRY: 7
DEBUG: src/lcthw/hashmap.c:Hashmap_get_node:205: TRY: 8
DEBUG: src/lcthw/hashmap.c:Hashmap_get_node:205: TRY: 9
DEBUG: src/lcthw/hashmap.c:Hashmap_get_node:205: TRY: 10
DEBUG: src/lcthw/hashmap.c:Hashmap_get_node:205: TRY: 11
DEBUG: src/lcthw/hashmap.c:Hashmap_get_node:205: TRY: 12
DEBUG: src/lcthw/hashmap.c:Hashmap_get_node:205: TRY: 13
DEBUG: src/lcthw/hashmap.c:Hashmap_get_node:205: TRY: 14
DEBUG: src/lcthw/hashmap.c:Hashmap_get_node:205: TRY: 15
DEBUG: src/lcthw/hashmap.c:Hashmap_get_node:205: TRY: 16
DEBUG: src/lcthw/hashmap.c:Hashmap_get_node:205: TRY: 17
DEBUG: src/lcthw/hashmap.c:Hashmap_get_node:205: TRY: 18
DEBUG: src/lcthw/hashmap.c:Hashmap_get_node:205: TRY: 19
DEBUG: src/lcthw/hashmap.c:Hashmap_get_node:205: TRY: 20
DEBUG: src/lcthw/hashmap.c:Hashmap_get_node:205: TRY: 21
DEBUG: src/lcthw/hashmap.c:Hashmap_get_node:205: TRY: 22
DEBUG: src/lcthw/hashmap.c:Hashmap_get_node:205: TRY: 23
DEBUG: src/lcthw/hashmap.c:Hashmap_get_node:205: TRY: 24
DEBUG: src/lcthw/hashmap.c:Hashmap_get_node:205: TRY: 25
DEBUG: src/lcthw/hashmap.c:Hashmap_get_node:205: TRY: 26
DEBUG: src/lcthw/hashmap.c:Hashmap_get_node:205: TRY: 27
DEBUG: src/lcthw/hashmap.c:Hashmap_get_node:205: TRY: 28
DEBUG: src/lcthw/hashmap.c:Hashmap_get_node:205: TRY: 29
DEBUG: src/lcthw/hashmap.c:Hashmap_get_node:205: TRY: 30
DEBUG: src/lcthw/hashmap.c:Hashmap_get_node:205: TRY: 31
DEBUG: src/lcthw/hashmap.c:Hashmap_get_node:205: TRY: 32
DEBUG: src/lcthw/hashmap.c:Hashmap_get_node:205: TRY: 33
DEBUG: src/lcthw/hashmap.c:Hashmap_get_node:205: TRY: 34
DEBUG: src/lcthw/hashmap.c:Hashmap_get_node:205: TRY: 35
DEBUG: src/lcthw/hashmap.c:Hashmap_get_node:205: TRY: 36
DEBUG: src/lcthw/hashmap.c:Hashmap_get_node:205: TRY: 37
DEBUG: src/lcthw/hashmap.c:Hashmap_get_node:205: TRY: 38
DEBUG: src/lcthw/hashmap.c:Hashmap_get_node:205: TRY: 39
DEBUG: src/lcthw/hashmap.c:Hashmap_get_node:205: TRY: 40
DEBUG: src/lcthw/hashmap.c:Hashmap_get_node:205: TRY: 41
DEBUG: src/lcthw/hashmap.c:Hashmap_get_node:205: TRY: 42
DEBUG: src/lcthw/hashmap.c:Hashmap_get_node:205: TRY: 43
DEBUG: src/lcthw/hashmap.c:Hashmap_get_node:205: TRY: 44
DEBUG: src/lcthw/hashmap.c:Hashmap_get_node:205: TRY: 45
DEBUG: src/lcthw/hashmap.c:Hashmap_get_node:205: TRY: 46
DEBUG: src/lcthw/hashmap.c:Hashmap_get_node:205: TRY: 47
DEBUG: src/lcthw/hashmap.c:Hashmap_get_node:205: TRY: 48
DEBUG: src/lcthw/hashmap.c:Hashmap_get_node:205: TRY: 49
DEBUG: src/lcthw/hashmap.c:Hashmap_get_node:205: TRY: 50
DEBUG: src/lcthw/hashmap.c:Hashmap_get_node:205: TRY: 51
DEBUG: src/lcthw/hashmap.c:Hashmap_get_node:205: TRY: 52
DEBUG: src/lcthw/hashmap.c:Hashmap_get_node:205: TRY: 53
DEBUG: src/lcthw/hashmap.c:Hashmap_get_node:205: TRY: 54
DEBUG: src/lcthw/hashmap.c:Hashmap_get_node:205: TRY: 55
DEBUG: src/lcthw/hashmap.c:Hashmap_get_node:205: TRY: 56
DEBUG: src/lcthw/hashmap.c:Hashmap_get_node:205: TRY: 57
DEBUG: src/lcthw/hashmap.c:Hashmap_get_node:205: TRY: 58
DEBUG: src/lcthw/hashmap.c:Hashmap_get_node:205: TRY: 59
DEBUG: src/lcthw/hashmap.c:Hashmap_get_node:205: TRY: 60
DEBUG: src/lcthw/hashmap.c:Hashmap_get_node:205: TRY: 61
DEBUG: src/lcthw/hashmap.c:Hashmap_get_node:205: TRY: 62
DEBUG: src/lcthw/hashmap.c:Hashmap_get_node:205: TRY: 63
DEBUG: src/lcthw/hashmap.c:Hashmap_get_node:205: TRY: 64
DEBUG: src/lcthw/hashmap.c:Hashmap_get_node:205: TRY: 65
DEBUG: src/lcthw/hashmap.c:Hashmap_get_node:205: TRY: 66
DEBUG: src/lcthw/hashmap.c:Hashmap_get_node:205: TRY: 67
DEBUG: src/lcthw/hashmap.c:Hashmap_get_node:205: TRY: 68
DEBUG: src/lcthw/hashmap.c:Hashmap_get_node:205: TRY: 69
DEBUG: src/lcthw/hashmap.c:Hashmap_get_node:205: TRY: 70
DEBUG: src/lcthw/hashmap.c:Hashmap_get_node:205: TRY: 71
DEBUG: src/lcthw/hashmap.c:Hashmap_get_node:205: TRY: 72
DEBUG: src/lcthw/hashmap.c:Hashmap_get_node:205: TRY: 73
DEBUG: src/lcthw/hashmap.c:Hashmap_get_node:205: TRY: 74
DEBUG: src/lcthw/hashmap.c:Hashmap_get_node:205: TRY: 75
DEBUG: src/lcthw/hashmap.c:Hashmap_get_node:205: TRY: 76
DEBUG: src/lcthw/hashmap.c:Hashmap_get_node:205: TRY: 77
DEBUG: src/lcthw/hashmap.c:Hashmap_get_node:205: TRY: 78
DEBUG: src/lcthw/hashmap.c:Hashmap_get_node:205: TRY: 79
DEBUG: src/lcthw/hashmap.c:Hashmap_get_node:205: TRY: 80
DEBUG: src/lcthw/hashmap.c:Hashmap_get_node:205: TRY: 81
DEBUG: src/lcthw/hashmap.c:Hashmap_get_node:205: TRY: 82
DEBUG: src/lcthw/hashmap.c:Hashmap_get_node:205: TRY: 83
DEBUG: src/lcthw/hashmap.c:Hashmap_get_node:205: TRY: 84
DEBUG: src/lcthw/hashmap.c:Hashmap_get_node:205: TRY: 85
DEBUG: src/lcthw/hashmap.c:Hashmap_get_node:205: TRY: 86
DEBUG: src/lcthw/hashmap.c:Hashmap_get_node:205: TRY: 87
DEBUG: src/lcthw/hashmap.c:Hashmap_get_node:205: TRY: 88
DEBUG: src/lcthw/hashmap.c:Hashmap_get_node:205: TRY: 89
DEBUG: src/lcthw/hashmap.c:Hashmap_get_node:205: TRY: 0
DEBUG: src/lcthw/hashmap.c:Hashmap_get_node:205: TRY: 1
DEBUG: src/lcthw/hashmap.c:Hashmap_get_node:205: TRY: 2
DEBUG: src/lcthw/hashmap.c:Hashmap_get_node:205: TRY: 3
DEBUG: src/lcthw/hashmap.c:Hashmap_get_node:205: TRY: 4
DEBUG: src/lcthw/hashmap.c:Hashmap_get_node:205: TRY: 5
DEBUG: src/lcthw/hashmap.c:Hashmap_get_node:205: TRY: 6
DEBUG: src/lcthw/hashmap.c:Hashmap_get_node:205: TRY: 7
DEBUG: src/lcthw/hashmap.c:Hashmap_get_node:205: TRY: 8
DEBUG: src/lcthw/hashmap.c:Hashmap_get_node:205: TRY: 9
DEBUG: src/lcthw/hashmap.c:Hashmap_get_node:205: TRY: 10
DEBUG: src/lcthw/hashmap.c:Hashmap_get_node:205: TRY: 11
DEBUG: src/lcthw/hashmap.c:Hashmap_get_node:205: TRY: 12
DEBUG: src/lcthw/hashmap.c:Hashmap_get_node:205: TRY: 13
DEBUG: src/lcthw/hashmap.c:Hashmap_get_node:205: TRY: 14
DEBUG: src/lcthw/hashmap.c:Hashmap_get_node:205: TRY: 15
DEBUG: src/lcthw/hashmap.c:Hashmap_get_node:205: TRY: 16
DEBUG: src/lcthw/hashmap.c:Hashmap_get_node:205: TRY: 17
DEBUG: src/lcthw/hashmap.c:Hashmap_get_node:205: TRY: 18
DEBUG: src/lcthw/hashmap.c:Hashmap_get_node:205: TRY: 19
DEBUG: src/lcthw/hashmap.c:Hashmap_get_node:205: TRY: 20
DEBUG: src/lcthw/hashmap.c:Hashmap_get_node:205: TRY: 21
DEBUG: src/lcthw/hashmap.c:Hashmap_get_node:205: TRY: 22
DEBUG: src/lcthw/hashmap.c:Hashmap_get_node:205: TRY: 23
DEBUG: src/lcthw/hashmap.c:Hashmap_get_node:205: TRY: 24
DEBUG: src/lcthw/hashmap.c:Hashmap_get_node:205: TRY: 25
DEBUG: src/lcthw/hashmap.c:Hashmap_get_node:205: TRY: 26
DEBUG: src/lcthw/hashmap.c:Hashmap_get_node:205: TRY: 27
DEBUG: src/lcthw/hashmap.c:Hashmap_get_node:205: TRY: 28
DEBUG: src/lcthw/hashmap.c:Hashmap_get_node:205: TRY: 29
DEBUG: src/lcthw/hashmap.c:Hashmap_get_node:205: TRY: 30
DEBUG: src/lcthw/hashmap.c:Hashmap_get_node:205: TRY: 31
DEBUG: src/lcthw/hashmap.c:Hashmap_get_node:205: TRY: 32
DEBUG: src/lcthw/hashmap.c:Hashmap_get_node:205: TRY: 33
DEBUG: src/lcthw/hashmap.c:Hashmap_get_node:205: TRY: 34
DEBUG: src/lcthw/hashmap.c:Hashmap_get_node:205: TRY: 35
DEBUG: src/lcthw/hashmap.c:Hashmap_get_node:205: TRY: 36
DEBUG: src/lcthw/hashmap.c:Hashmap_get_node:205: TRY: 37
DEBUG: src/lcthw/hashmap.c:Hashmap_get_node:205: TRY: 38
DEBUG: src/lcthw/hashmap.c:Hashmap_get_node:205: TRY: 39
DEBUG: src/lcthw/hashmap.c:Hashmap_get_node:205: TRY: 40
DEBUG: src/lcthw/hashmap.c:Hashmap_get_node:205: TRY: 41
DEBUG: src/lcthw/hashmap.c:Hashmap_get_node:205: TRY: 42
DEBUG: src/lcthw/hashmap.c:Hashmap_get_node:205: TRY: 43
DEBUG: src/lcthw/hashmap.c:Hashmap_get_node:205: TRY: 44
DEBUG: src/lcthw/hashmap.c:Hashmap_get_node:205: TRY: 45
DEBUG: src/lcthw/hashmap.c:Hashmap_get_node:205: TRY: 46
DEBUG: src/lcthw/hashmap.c:Hashmap_get_node:205: TRY: 47
DEBUG: src/lcthw/hashmap.c:Hashmap_get_node:205: TRY: 48
DEBUG: src/lcthw/hashmap.c:Hashmap_get_node:205: TRY: 49
DEBUG: src/lcthw/hashmap.c:Hashmap_get_node:205: TRY: 50
DEBUG: src/lcthw/hashmap.c:Hashmap_get_node:205: TRY: 51
DEBUG: src/lcthw/hashmap.c:Hashmap_get_node:205: TRY: 52
DEBUG: src/lcthw/hashmap.c:Hashmap_get_node:205: TRY: 53
DEBUG: src/lcthw/hashmap.c:Hashmap_get_node:205: TRY: 54
DEBUG: src/lcthw/hashmap.c:Hashmap_get_node:205: TRY: 55
DEBUG: src/lcthw/hashmap.c:Hashmap_get_node:205: TRY: 56
DEBUG: src/lcthw/hashmap.c:Hashmap_get_node:205: TRY: 57
DEBUG: src/lcthw/hashmap.c:Hashmap_get_node:205: TRY: 58
DEBUG: src/lcthw/hashmap.c:Hashmap_get_node:205: TRY: 59
DEBUG: src/lcthw/hashmap.c:Hashmap_get_node:205: TRY: 60
DEBUG: src/lcthw/hashmap.c:Hashmap_get_node:205: TRY: 0
DEBUG: src/lcthw/hashmap.c:Hashmap_get_node:205: TRY: 1
DEBUG: src/lcthw/hashmap.c:Hashmap_get_node:205: TRY: 2
DEBUG: src/lcthw/hashmap.c:Hashmap_get_node:205: TRY: 3
DEBUG: src/lcthw/hashmap.c:Hashmap_get_node:205: TRY: 4
DEBUG: src/lcthw/hashmap.c:Hashmap_get_node:205: TRY: 5
DEBUG: src/lcthw/hashmap.c:Hashmap_get_node:205: TRY: 6
DEBUG: src/lcthw/hashmap.c:Hashmap_get_node:205: TRY: 7
DEBUG: src/lcthw/hashmap.c:Hashmap_get_node:205: TRY: 8
DEBUG: src/lcthw/hashmap.c:Hashmap_get_node:205: TRY: 9
DEBUG: src/lcthw/hashmap.c:Hashmap_get_node:205: TRY: 10
DEBUG: src/lcthw/hashmap.c:Hashmap_get_node:205: TRY: 11
DEBUG: src/lcthw/hashmap.c:Hashmap_get_node:205: TRY: 12
DEBUG: src/lcthw/hashmap.c:Hashmap_get_node:205: TRY: 13
DEBUG: src/lcthw/hashmap.c:Hashmap_get_node:205: TRY: 14
DEBUG: src/lcthw/hashmap.c:Hashmap_get_node:205: TRY: 15
DEBUG: src/lcthw/hashmap.c:Hashmap_get_node:205: TRY: 16
DEBUG: src/lcthw/hashmap.c:Hashmap_get_node:205: TRY: 17
DEBUG: src/lcthw/hashmap.c:Hashmap_get_node:205: TRY: 18
DEBUG: src/lcthw/hashmap.c:Hashmap_get_node:205: TRY: 19
DEBUG: src/lcthw/hashmap.c:Hashmap_get_node:205: TRY: 20
DEBUG: src/lcthw/hashmap.c:Hashmap_get_node:205: TRY: 21
DEBUG: src/lcthw/hashmap.c:Hashmap_get_node:205: TRY: 22
DEBUG: src/lcthw/hashmap.c:Hashmap_get_node:205: TRY: 23
DEBUG: src/lcthw/hashmap.c:Hashmap_get_node:205: TRY: 24
DEBUG: src/lcthw/hashmap.c:Hashmap_get_node:205: TRY: 25
DEBUG: src/lcthw/hashmap.c:Hashmap_get_node:205: TRY: 26
DEBUG: src/lcthw/hashmap.c:Hashmap_get_node:205: TRY: 27
DEBUG: src/lcthw/hashmap.c:Hashmap_get_node:205: TRY: 28
DEBUG: src/lcthw/hashmap.c:Hashmap_get_node:205: TRY: 29
DEBUG: src/lcthw/hashmap.c:Hashmap_get_node:205: TRY: 30
DEBUG: src/lcthw/hashmap.c:Hashmap_get_node:205: TRY: 31
DEBUG: src/lcthw/hashmap.c:Hashmap_get_node:205: TRY: 32
DEBUG: src/lcthw/hashmap.c:Hashmap_get_node:205: TRY: 33
DEBUG: src/lcthw/hashmap.c:Hashmap_get_node:205: TRY: 34
DEBUG: src/lcthw/hashmap.c:Hashmap_get_node:205: TRY: 35
DEBUG: src/lcthw/hashmap.c:Hashmap_get_node:205: TRY: 36
DEBUG: src/lcthw/hashmap.c:Hashmap_get_node:205: TRY: 37
DEBUG: src/lcthw/hashmap.c:Hashmap_get_node:205: TRY: 38
DEBUG: src/lcthw/hashmap.c:Hashmap_get_node:205: TRY: 39
DEBUG: src/lcthw/hashmap.c:Hashmap_get_node:205: TRY: 40
DEBUG: src/lcthw/hashmap.c:Hashmap_get_node:205: TRY: 41
DEBUG: src/lcthw/hashmap.c:Hashmap_get_node:205: TRY: 42
DEBUG: src/lcthw/hashmap.c:Hashmap_get_node:205: TRY: 43
DEBUG: src/lcthw/hashmap.c:Hashmap_get_node:205: TRY: 44
DEBUG: src/lcthw/hashmap.c:Hashmap_get_node:205: TRY: 45
DEBUG: src/lcthw/hashmap.c:Hashmap_get_node:205: TRY: 46
DEBUG: src/lcthw/hashmap.c:Hashmap_get_node:205: TRY: 47
DEBUG: src/lcthw/hashmap.c:Hashmap_get_node:205: TRY: 48
DEBUG: src/lcthw/hashmap.c:Hashmap_get_node:205: TRY: 49
DEBUG: src/lcthw/hashmap.c:Hashmap_get_node:205: TRY: 50
DEBUG: src/lcthw/hashmap.c:Hashmap_get_node:205: TRY: 51
DEBUG: src/lcthw/hashmap.c:Hashmap_get_node:205: TRY: 52
DEBUG: src/lcthw/hashmap.c:Hashmap_get_node:205: TRY: 53
DEBUG: src/lcthw/hashmap.c:Hashmap_get_node:205: TRY: 54
DEBUG: src/lcthw/hashmap.c:Hashmap_get_node:205: TRY: 55
DEBUG: src/lcthw/hashmap.c:Hashmap_get_node:205: TRY: 56
DEBUG: src/lcthw/hashmap.c:Hashmap_get_node:205: TRY: 57
DEBUG: src/lcthw/hashmap.c:Hashmap_get_node:205: TRY: 58
DEBUG: src/lcthw/hashmap.c:Hashmap_get_node:205: TRY: 59
DEBUG: src/lcthw/hashmap.c:Hashmap_get_node:205: TRY: 60
DEBUG: src/lcthw/hashmap.c:Hashmap_get_node:205: TRY: 61
DEBUG: src/lcthw/hashmap.c:Hashmap_get_node:205: TRY: 62
DEBUG: src/lcthw/hashmap.c:Hashmap_get_node:205: TRY: 0
DEBUG: src/lcthw/hashmap.c:Hashmap_get_node:205: TRY: 1
DEBUG: src/lcthw/hashmap.c:Hashmap_get_node:205: TRY: 2
DEBUG: src/lcthw/hashmap.c:Hashmap_get_node:205: TRY: 3
DEBUG: src/lcthw/hashmap.c:Hashmap_get_node:205: TRY: 4
DEBUG: src/lcthw/hashmap.c:Hashmap_get_node:205: TRY: 5
DEBUG: src/lcthw/hashmap.c:Hashmap_get_node:205: TRY: 6
DEBUG: src/lcthw/hashmap.c:Hashmap_get_node:205: TRY: 7
DEBUG: src/lcthw/hashmap.c:Hashmap_get_node:205: TRY: 8
DEBUG: src/lcthw/hashmap.c:Hashmap_get_node:205: TRY: 9
DEBUG: src/lcthw/hashmap.c:Hashmap_get_node:205: TRY: 10
DEBUG: src/lcthw/hashmap.c:Hashmap_get_node:205: TRY: 11
DEBUG: src/lcthw/hashmap.c:Hashmap_get_node:205: TRY: 12
DEBUG: src/lcthw/hashmap.c:Hashmap_get_node:205: TRY: 13
DEBUG: src/lcthw/hashmap.c:Hashmap_get_node:205: TRY: 14
DEBUG: src/lcthw/hashmap.c:Hashmap_get_node:205: TRY: 15
DEBUG: src/lcthw/hashmap.c:Hashmap_get_node:205: TRY: 16
DEBUG: src/lcthw/hashmap.c:Hashmap_get_node:205: TRY: 17
DEBUG: src/lcthw/hashmap.c:Hashmap_get_node:205: TRY: 18
DEBUG: src/lcthw/hashmap.c:Hashmap_get_node:205: TRY: 19
DEBUG: src/lcthw/hashmap.c:Hashmap_get_node:205: TRY: 20
DEBUG: src/lcthw/hashmap.c:Hashmap_get_node:205: TRY: 21
DEBUG: src/lcthw/hashmap.c:Hashmap_get_node:205: TRY: 22
DEBUG: src/lcthw/hashmap.c:Hashmap_get_node:205: TRY: 23
DEBUG: src/lcthw/hashmap.c:Hashmap_get_node:205: TRY: 24
DEBUG: src/lcthw/hashmap.c:Hashmap_get_node:205: TRY: 25
DEBUG: src/lcthw/hashmap.c:Hashmap_get_node:205: TRY: 26
DEBUG: src/lcthw/hashmap.c:Hashmap_get_node:205: TRY: 27
DEBUG: src/lcthw/hashmap.c:Hashmap_get_node:205: TRY: 28
DEBUG: src/lcthw/hashmap.c:Hashmap_get_node:205: TRY: 29
DEBUG: src/lcthw/hashmap.c:Hashmap_get_node:205: TRY: 30
DEBUG: src/lcthw/hashmap.c:Hashmap_get_node:205: TRY: 31
DEBUG: src/lcthw/hashmap.c:Hashmap_get_node:205: TRY: 32
DEBUG: src/lcthw/hashmap.c:Hashmap_get_node:205: TRY: 33
DEBUG: src/lcthw/hashmap.c:Hashmap_get_node:205: TRY: 34
DEBUG: src/lcthw/hashmap.c:Hashmap_get_node:205: TRY: 35
DEBUG: src/lcthw/hashmap.c:Hashmap_get_node:205: TRY: 36
DEBUG: src/lcthw/hashmap.c:Hashmap_get_node:205: TRY: 37
DEBUG: src/lcthw/hashmap.c:Hashmap_get_node:205: TRY: 38
DEBUG: src/lcthw/hashmap.c:Hashmap_get_node:205: TRY: 39
DEBUG: src/lcthw/hashmap.c:Hashmap_get_node:205: TRY: 40
DEBUG: src/lcthw/hashmap.c:Hashmap_get_node:205: TRY: 41
DEBUG: src/lcthw/hashmap.c:Hashmap_get_node:205: TRY: 42
DEBUG: src/lcthw/hashmap.c:Hashmap_get_node:205: TRY: 43
DEBUG: src/lcthw/hashmap.c:Hashmap_get_node:205: TRY: 44
DEBUG: src/lcthw/hashmap.c:Hashmap_get_node:205: TRY: 45
DEBUG: src/lcthw/hashmap.c:Hashmap_get_node:205: TRY: 46
DEBUG: src/lcthw/hashmap.c:Hashmap_get_node:205: TRY: 47
DEBUG: src/lcthw/hashmap.c:Hashmap_get_node:205: TRY: 48
DEBUG: src/lcthw/hashmap.c:Hashmap_get_node:205: TRY: 49
DEBUG: src/lcthw/hashmap.c:Hashmap_get_node:205: TRY: 50
DEBUG: src/lcthw/hashmap.c:Hashmap_get_node:205: TRY: 51
DEBUG: src/lcthw/hashmap.c:Hashmap_get_node:205: TRY: 52
DEBUG: src/lcthw/hashmap.c:Hashmap_get_node:205: TRY: 53
DEBUG: src/lcthw/hashmap.c:Hashmap_get_node:205: TRY: 54
DEBUG: src/lcthw/hashmap.c:Hashmap_get_node:205: TRY: 55
DEBUG: src/lcthw/hashmap.c:Hashmap_get_node:205: TRY: 56
DEBUG: src/lcthw/hashmap.c:Hashmap_get_node:205: TRY: 0
DEBUG: src/lcthw/hashmap.c:Hashmap_get_node:205: TRY: 1
DEBUG: src/lcthw/hashmap.c:Hashmap_get_node:205: TRY: 2
DEBUG: src/lcthw/hashmap.c:Hashmap_get_node:205: TRY: 3
DEBUG: src/lcthw/hashmap.c:Hashmap_get_node:205: TRY: 4
DEBUG: src/lcthw/hashmap.c:Hashmap_get_node:205: TRY: 5
DEBUG: src/lcthw/hashmap.c:Hashmap_get_node:205: TRY: 6
DEBUG: src/lcthw/hashmap.c:Hashmap_get_node:205: TRY: 7
DEBUG: src/lcthw/hashmap.c:Hashmap_get_node:205: TRY: 8
DEBUG: src/lcthw/hashmap.c:Hashmap_get_node:205: TRY: 9
DEBUG: src/lcthw/hashmap.c:Hashmap_get_node:205: TRY: 10
DEBUG: src/lcthw/hashmap.c:Hashmap_get_node:205: TRY: 11
DEBUG: src/lcthw/hashmap.c:Hashmap_get_node:205: TRY: 12
DEBUG: src/lcthw/hashmap.c:Hashmap_get_node:205: TRY: 13
DEBUG: src/lcthw/hashmap.c:Hashmap_get_node:205: TRY: 14
DEBUG: src/lcthw/hashmap.c:Hashmap_get_node:205: TRY: 15
DEBUG: src/lcthw/hashmap.c:Hashmap_get_node:205: TRY: 16
DEBUG: src/lcthw/hashmap.c:Hashmap_get_node:205: TRY: 17
DEBUG: src/lcthw/hashmap.c:Hashmap_get_node:205: TRY: 18
DEBUG: src/lcthw/hashmap.c:Hashmap_get_node:205: TRY: 19
DEBUG: src/lcthw/hashmap.c:Hashmap_get_node:205: TRY: 20
DEBUG: src/lcthw/hashmap.c:Hashmap_get_node:205: TRY: 21
DEBUG: src/lcthw/hashmap.c:Hashmap_get_node:205: TRY: 22
DEBUG: src/lcthw/hashmap.c:Hashmap_get_node:205: TRY: 23
DEBUG: src/lcthw/hashmap.c:Hashmap_get_node:205: TRY: 24
DEBUG: src/lcthw/hashmap.c:Hashmap_get_node:205: TRY: 25
DEBUG: src/lcthw/hashmap.c:Hashmap_get_node:205: TRY: 26
DEBUG: src/lcthw/hashmap.c:Hashmap_get_node:205: TRY: 27
DEBUG: src/lcthw/hashmap.c:Hashmap_get_node:205: TRY: 28
DEBUG: src/lcthw/hashmap.c:Hashmap_get_node:205: TRY: 29
DEBUG: src/lcthw/hashmap.c:Hashmap_get_node:205: TRY: 30
DEBUG: src/lcthw/hashmap.c:Hashmap_get_node:205: TRY: 31
DEBUG: src/lcthw/hashmap.c:Hashmap_get_node:205: TRY: 32
DEBUG: src/lcthw/hashmap.c:Hashmap_get_node:205: TRY: 33
DEBUG: src/lcthw/hashmap.c:Hashmap_get_node:205: TRY: 34
DEBUG: src/lcthw/hashmap.c:Hashmap_get_node:205: TRY: 35
DEBUG: src/lcthw/hashmap.c:Hashmap_get_node:205: TRY: 36
DEBUG: src/lcthw/hashmap.c:Hashmap_get_node:205: TRY: 37
DEBUG: src/lcthw/hashmap.c:Hashmap_get_node:205: TRY: 38
DEBUG: src/lcthw/hashmap.c:Hashmap_get_node:205: TRY: 39
DEBUG: src/lcthw/hashmap.c:Hashmap_get_node:205: TRY: 40
DEBUG: src/lcthw/hashmap.c:Hashmap_get_node:205: TRY: 41
DEBUG: src/lcthw/hashmap.c:Hashmap_get_node:205: TRY: 42
DEBUG: src/lcthw/hashmap.c:Hashmap_get_node:205: TRY: 43
DEBUG: src/lcthw/hashmap.c:Hashmap_get_node:205: TRY: 44
DEBUG: src/lcthw/hashmap.c:Hashmap_get_node:205: TRY: 45
DEBUG: src/lcthw/hashmap.c:Hashmap_get_node:205: TRY: 46
DEBUG: src/lcthw/hashmap.c:Hashmap_get_node:205: TRY: 47
DEBUG: src/lcthw/hashmap.c:Hashmap_get_node:205: TRY: 48
DEBUG: src/lcthw/hashmap.c:Hashmap_get_node:205: TRY: 49
DEBUG: src/lcthw/hashmap.c:Hashmap_get_node:205: TRY: 50
DEBUG: src/lcthw/hashmap.c:Hashmap_get_node:205: TRY: 51
DEBUG: src/lcthw/hashmap.c:Hashmap_get_node:205: TRY: 52
DEBUG: src/lcthw/hashmap.c:Hashmap_get_node:205: TRY: 53
DEBUG: src/lcthw/hashmap.c:Hashmap_get_node:205: TRY: 54
DEBUG: src/lcthw/hashmap.c:Hashmap_get_node:205: TRY: 55
DEBUG: src/lcthw/hashmap.c:Hashmap_get_node:205: TRY: 56
DEBUG: src/lcthw/hashmap.c:Hashmap_get_node:205: TRY: 57
DEBUG: src/lcthw/hashmap.c:Hashmap_get_node:205: TRY: 58
DEBUG: src/lcthw/hashmap.c:Hashmap_get_node:205: TRY: 59
DEBUG: src/lcthw/hashmap.c:Hashmap_get_node:205: TRY: 60
DEBUG: src/lcthw/hashmap.c:Hashmap_get_node:205: TRY: 61
DEBUG: src/lcthw/hashmap.c:Hashmap_get_node:205: TRY: 62
DEBUG: src/lcthw/hashmap.c:Hashmap_get_node:205: TRY: 0
DEBUG: src/lcthw/hashmap.c:Hashmap_get_node:205: TRY: 1
DEBUG: src/lcthw/hashmap.c:Hashmap_get_node:205: TRY: 2
DEBUG: src/lcthw/hashmap.c:Hashmap_get_node:205: TRY: 3
DEBUG: src/lcthw/hashmap.c:Hashmap_get_node:205: TRY: 4
DEBUG: src/lcthw/hashmap.c:Hashmap_get_node:205: TRY: 5
DEBUG: src/lcthw/hashmap.c:Hashmap_get_node:205: TRY: 6
DEBUG: src/lcthw/hashmap.c:Hashmap_get_node:205: TRY: 7
DEBUG: src/lcthw/hashmap.c:Hashmap_get_node:205: TRY: 8
DEBUG: src/lcthw/hashmap.c:Hashmap_get_node:205: TRY: 9
DEBUG: src/lcthw/hashmap.c:Hashmap_get_node:205: TRY: 10
DEBUG: src/lcthw/hashmap.c:Hashmap_get_node:205: TRY: 11
DEBUG: src/lcthw/hashmap.c:Hashmap_get_node:205: TRY: 12
DEBUG: src/lcthw/hashmap.c:Hashmap_get_node:205: TRY: 13
DEBUG: src/lcthw/hashmap.c:Hashmap_get_node:205: TRY: 14
DEBUG: src/lcthw/hashmap.c:Hashmap_get_node:205: TRY: 15
DEBUG: src/lcthw/hashmap.c:Hashmap_get_node:205: TRY: 16
DEBUG: src/lcthw/hashmap.c:Hashmap_get_node:205: TRY: 17
DEBUG: src/lcthw/hashmap.c:Hashmap_get_node:205: TRY: 18
DEBUG: src/lcthw/hashmap.c:Hashmap_get_node:205: TRY: 19
DEBUG: src/lcthw/hashmap.c:Hashmap_get_node:205: TRY: 20
DEBUG: src/lcthw/hashmap.c:Hashmap_get_node:205: TRY: 21
DEBUG: src/lcthw/hashmap.c:Hashmap_get_node:205: TRY: 22
DEBUG: src/lcthw/hashmap.c:Hashmap_get_node:205: TRY: 23
DEBUG: src/lcthw/hashmap.c:Hashmap_get_node:205: TRY: 24
DEBUG: src/lcthw/hashmap.c:Hashmap_get_node:205: TRY: 25
DEBUG: src/lcthw/hashmap.c:Hashmap_get_node:205: TRY: 26
DEBUG: src/lcthw/hashmap.c:Hashmap_get_node:205: TRY: 27
DEBUG: src/lcthw/hashmap.c:Hashmap_get_node:205: TRY: 28
DEBUG: src/lcthw/hashmap.c:Hashmap_get_node:205: TRY: 29
DEBUG: src/lcthw/hashmap.c:Hashmap_get_node:205: TRY: 30
DEBUG: src/lcthw/hashmap.c:Hashmap_get_node:205: TRY: 31
DEBUG: src/lcthw/hashmap.c:Hashmap_get_node:205: TRY: 32
DEBUG: src/lcthw/hashmap.c:Hashmap_get_node:205: TRY: 33
DEBUG: src/lcthw/hashmap.c:Hashmap_get_node:205: TRY: 34
DEBUG: src/lcthw/hashmap.c:Hashmap_get_node:205: TRY: 35
DEBUG: src/lcthw/hashmap.c:Hashmap_get_node:205: TRY: 36
DEBUG: src/lcthw/hashmap.c:Hashmap_get_node:205: TRY: 37
DEBUG: src/lcthw/hashmap.c:Hashmap_get_node:205: TRY: 38
DEBUG: src/lcthw/hashmap.c:Hashmap_get_node:205: TRY: 39
DEBUG: src/lcthw/hashmap.c:Hashmap_get_node:205: TRY: 40
DEBUG: src/lcthw/hashmap.c:Hashmap_get_node:205: TRY: 41
DEBUG: src/lcthw/hashmap.c:Hashmap_get_node:205: TRY: 42
DEBUG: src/lcthw/hashmap.c:Hashmap_get_node:205: TRY: 43
DEBUG: src/lcthw/hashmap.c:Hashmap_get_node:205: TRY: 44
DEBUG: src/lcthw/hashmap.c:Hashmap_get_node:205: TRY: 45
DEBUG: src/lcthw/hashmap.c:Hashmap_get_node:205: TRY: 46
DEBUG: src/lcthw/hashmap.c:Hashmap_get_node:205: TRY: 47
DEBUG: src/lcthw/hashmap.c:Hashmap_get_node:205: TRY: 48
DEBUG: src/lcthw/hashmap.c:Hashmap_get_node:205: TRY: 49
DEBUG: src/lcthw/hashmap.c:Hashmap_get_node:205: TRY: 50
DEBUG: src/lcthw/hashmap.c:Hashmap_get_node:205: TRY: 51
DEBUG: src/lcthw/hashmap.c:Hashmap_get_node:205: TRY: 52
DEBUG: src/lcthw/hashmap.c:Hashmap_get_node:205: TRY: 53
DEBUG: src/lcthw/hashmap.c:Hashmap_get_node:205: TRY: 54
DEBUG: src/lcthw/hashmap.c:Hashmap_get_node:205: TRY: 55
DEBUG: src/lcthw/hashmap.c:Hashmap_get_node:205: TRY: 56
DEBUG: src/lcthw/hashmap.c:Hashmap_get_node:205: TRY: 57
DEBUG: src/lcthw/hashmap.c:Hashmap_get_node:205: TRY: 58
DEBUG: src/lcthw/hashmap.c:Hashmap_get_node:205: TRY: 59
DEBUG: src/lcthw/hashmap.c:Hashmap_get_node:205: TRY: 60
DEBUG: src/lcthw/hashmap.c:Hashmap_get_node:205: TRY: 61
DEBUG: src/lcthw/hashmap.c:Hashmap_get_node:205: TRY: 62
DEBUG: src/lcthw/hashmap.c:Hashmap_get_node:205: TRY: 63
DEBUG: src/lcthw/hashmap.c:Hashmap_get_node:205: TRY: 64
DEBUG: src/lcthw/hashmap.c:Hashmap_get_node:205: TRY: 65
DEBUG: src/lcthw/hashmap.c:Hashmap_get_node:205: TRY: 66
DEBUG: src/lcthw/hashmap.c:Hashmap_get_node:205: TRY: 67
DEBUG: src/lcthw/hashmap.c:Hashmap_get_node:205: TRY: 68
DEBUG: src/lcthw/hashmap.c:Hashmap_get_node:205: TRY: 69
DEBUG: src/lcthw/hashmap.c:Hashmap_get_node:205: TRY: 70
DEBUG: src/lcthw/hashmap.c:Hashmap_get_node:205: TRY: 71
DEBUG: src/lcthw/hashmap.c:Hashmap_get_node:205: TRY: 72
DEBUG: src/lcthw/hashmap.c:Hashmap_get_node:205: TRY: 73
DEBUG: src/lcthw/hashmap.c:Hashmap_get_node:205: TRY: 74
DEBUG: src/lcthw/hashmap.c:Hashmap_get_node:205: TRY: 75
DEBUG: src/lcthw/hashmap.c:Hashmap_get_node:205: TRY: 76
DEBUG: src/lcthw/hashmap.c:Hashmap_get_node:205: TRY: 77
DEBUG: src/lcthw/hashmap.c:Hashmap_get_node:205: TRY: 78
DEBUG: src/lcthw/hashmap.c:Hashmap_get_node:205: TRY: 79
DEBUG: src/lcthw/hashmap.c:Hashmap_get_node:205: TRY: 80
DEBUG: src/lcthw/hashmap.c:Hashmap_get_node:205: TRY: 81
DEBUG: src/lcthw/hashmap.c:Hashmap_get_node:205: TRY: 82
DEBUG: src/lcthw/hashmap.c:Hashmap_get_node:205: TRY: 83
DEBUG: src/lcthw/hashmap.c:Hashmap_get_node:205: TRY: 84
DEBUG: src/lcthw/hashmap.c:Hashmap_get_node:205: TRY: 85
DEBUG: src/lcthw/hashmap.c:Hashmap_get_node:205: TRY: 86
DEBUG: src/lcthw/hashmap.c:Hashmap_get_node:205: TRY: 87
DEBUG: src/lcthw/hashmap.c:Hashmap_get_node:205: TRY: 88
DEBUG: src/lcthw/hashmap.c:Hashmap_get_node:205: TRY: 89
DEBUG: src/lcthw/hashmap.c:Hashmap_get_node:205: TRY: 90
DEBUG: src/lcthw/hashmap.c:Hashmap_get_node:205: TRY: 0
DEBUG: src/lcthw/hashmap.c:Hashmap_get_node:205: TRY: 1
DEBUG: src/lcthw/hashmap.c:Hashmap_get_node:205: TRY: 2
DEBUG: src/lcthw/hashmap.c:Hashmap_get_node:205: TRY: 3
DEBUG: src/lcthw/hashmap.c:Hashmap_get_node:205: TRY: 4
DEBUG: src/lcthw/hashmap.c:Hashmap_get_node:205: TRY: 5
DEBUG: src/lcthw/hashmap.c:Hashmap_get_node:205: TRY: 6
DEBUG: src/lcthw/hashmap.c:Hashmap_get_node:205: TRY: 7
DEBUG: src/lcthw/hashmap.c:Hashmap_get_node:205: TRY: 8
DEBUG: src/lcthw/hashmap.c:Hashmap_get_node:205: TRY: 9
DEBUG: src/lcthw/hashmap.c:Hashmap_get_node:205: TRY: 10
DEBUG: src/lcthw/hashmap.c:Hashmap_get_node:205: TRY: 11
DEBUG: src/lcthw/hashmap.c:Hashmap_get_node:205: TRY: 12
DEBUG: src/lcthw/hashmap.c:Hashmap_get_node:205: TRY: 13
DEBUG: src/lcthw/hashmap.c:Hashmap_get_node:205: TRY: 14
DEBUG: src/lcthw/hashmap.c:Hashmap_get_node:205: TRY: 15
DEBUG: src/lcthw/hashmap.c:Hashmap_get_node:205: TRY: 16
DEBUG: src/lcthw/hashmap.c:Hashmap_get_node:205: TRY: 17
DEBUG: src/lcthw/hashmap.c:Hashmap_get_node:205: TRY: 18
DEBUG: src/lcthw/hashmap.c:Hashmap_get_node:205: TRY: 19
DEBUG: src/lcthw/hashmap.c:Hashmap_get_node:205: TRY: 20
DEBUG: src/lcthw/hashmap.c:Hashmap_get_node:205: TRY: 21
DEBUG: src/lcthw/hashmap.c:Hashmap_get_node:205: TRY: 22
DEBUG: src/lcthw/hashmap.c:Hashmap_get_node:205: TRY: 23
DEBUG: src/lcthw/hashmap.c:Hashmap_get_node:205: TRY: 24
DEBUG: src/lcthw/hashmap.c:Hashmap_get_node:205: TRY: 25
DEBUG: src/lcthw/hashmap.c:Hashmap_get_node:205: TRY: 26
DEBUG: src/lcthw/hashmap.c:Hashmap_get_node:205: TRY: 27
DEBUG: src/lcthw/hashmap.c:Hashmap_get_node:205: TRY: 28
DEBUG: src/lcthw/hashmap.c:Hashmap_get_node:205: TRY: 29
DEBUG: src/lcthw/hashmap.c:Hashmap_get_node:205: TRY: 30
DEBUG: src/lcthw/hashmap.c:Hashmap_get_node:205: TRY: 31
DEBUG: src/lcthw/hashmap.c:Hashmap_get_node:205: TRY: 32
DEBUG: src/lcthw/hashmap.c:Hashmap_get_node:205: TRY: 33
DEBUG: src/lcthw/hashmap.c:Hashmap_get_node:205: TRY: 34
DEBUG: src/lcthw/hashmap.c:Hashmap_get_node:205: TRY: 35
DEBUG: src/lcthw/hashmap.c:Hashmap_get_node:205: TRY: 36
DEBUG: src/lcthw/hashmap.c:Hashmap_get_node:205: TRY: 37
DEBUG: src/lcthw/hashmap.c:Hashmap_get_node:205: TRY: 38
DEBUG: src/lcthw/hashmap.c:Hashmap_get_node:205: TRY: 39
DEBUG: src/lcthw/hashmap.c:Hashmap_get_node:205: TRY: 40
DEBUG: src/lcthw/hashmap.c:Hashmap_get_node:205: TRY: 41
DEBUG: src/lcthw/hashmap.c:Hashmap_get_node:205: TRY: 42
DEBUG: src/lcthw/hashmap.c:Hashmap_get_node:205: TRY: 43
DEBUG: src/lcthw/hashmap.c:Hashmap_get_node:205: TRY: 44
DEBUG: src/lcthw/hashmap.c:Hashmap_get_node:205: TRY: 45
DEBUG: src/lcthw/hashmap.c:Hashmap_get_node:205: TRY: 46
DEBUG: src/lcthw/hashmap.c:Hashmap_get_node:205: TRY: 47
DEBUG: src/lcthw/hashmap.c:Hashmap_get_node:205: TRY: 48
DEBUG: src/lcthw/hashmap.c:Hashmap_get_node:205: TRY: 49
DEBUG: src/lcthw/hashmap.c:Hashmap_get_node:205: TRY: 50
DEBUG: src/lcthw/hashmap.c:Hashmap_get_node:205: TRY: 51
DEBUG: src/lcthw/hashmap.c:Hashmap_get_node:205: TRY: 52
DEBUG: src/lcthw/hashmap.c:Hashmap_get_node:205: TRY: 53
DEBUG: src/lcthw/hashmap.c:Hashmap_get_node:205: TRY: 54
DEBUG: src/lcthw/hashmap.c:Hashmap_get_node:205: TRY: 55
DEBUG: src/lcthw/hashmap.c:Hashmap_get_node:205: TRY: 56
DEBUG: src/lcthw/hashmap.c:Hashmap_get_node:205: TRY: 57
DEBUG: src/lcthw/hashmap.c:Hashmap_get_node:205: TRY: 58
DEBUG: src/lcthw/hashmap.c:Hashmap_get_node:205: TRY: 59
DEBUG: src/lcthw/hashmap.c:Hashmap_get_node:205: TRY: 60
DEBUG: src/lcthw/hashmap.c:Hashmap_get_node:205: TRY: 61
DEBUG: src/lcthw/hashmap.c:Hashmap_get_node:205: TRY: 62
DEBUG: src/lcthw/hashmap.c:Hashmap_get_node:205: TRY: 63
DEBUG: src/lcthw/hashmap.c:Hashmap_get_node:205: TRY: 64
DEBUG: src/lcthw/hashmap.c:Hashmap_get_node:205: TRY: 65
DEBUG: src/lcthw/hashmap.c:Hashmap_get_node:205: TRY: 66
DEBUG: src/lcthw/hashmap.c:Hashmap_get_node:205: TRY: 67
DEBUG: src/lcthw/hashmap.c:Hashmap_get_node:205: TRY: 68
DEBUG: src/lcthw/hashmap.c:Hashmap_get_node:205: TRY: 69
DEBUG: src/lcthw/hashmap.c:Hashmap_get_node:205: TRY: 70
DEBUG: src/lcthw/hashmap.c:Hashmap_get_node:205: TRY: 71
DEBUG: src/lcthw/hashmap.c:Hashmap_get_node:205: TRY: 72
DEBUG: src/lcthw/hashmap.c:Hashmap_get_node:205: TRY: 73
DEBUG: src/lcthw/hashmap.c:Hashmap_get_node:205: TRY: 74
DEBUG: src/lcthw/hashmap.c:Hashmap_get_node:205: TRY: 75
DEBUG: src/lcthw/hashmap.c:Hashmap_get_node:205: TRY: 76
DEBUG: src/lcthw/hashmap.c:Hashmap_get_node:205: TRY: 77
DEBUG: src/lcthw/hashmap.c:Hashmap_get_node:205: TRY: 78
DEBUG: src/lcthw/hashmap.c:Hashmap_get_node:205: TRY: 79
DEBUG: src/lcthw/hashmap.c:Hashmap_get_node:205: TRY: 80
DEBUG: src/lcthw/hashmap.c:Hashmap_get_node:205: TRY: 81
DEBUG: src/lcthw/hashmap.c:Hashmap_get_node:205: TRY: 82
DEBUG: src/lcthw/hashmap.c:Hashmap_get_node:205: TRY: 83
DEBUG: src/lcthw/hashmap.c:Hashmap_get_node:205: TRY: 84
DEBUG: src/lcthw/hashmap.c:Hashmap_get_node:205: TRY: 85
DEBUG: src/lcthw/hashmap.c:Hashmap_get_node:205: TRY: 86
DEBUG: src/lcthw/hashmap.c:Hashmap_get_node:205: TRY: 87
DEBUG: src/lcthw/hashmap.c:Hashmap_get_node:205: TRY: 88
DEBUG: src/lcthw/hashmap.c:Hashmap_get_node:205: TRY: 89
DEBUG: src/lcthw/hashmap.c:Hashmap_get_node:205: TRY: 90
DEBUG: src/lcthw/hashmap.c:Hashmap_get_node:205: TRY: 91
DEBUG: src/lcthw/hashmap.c:Hashmap_get_node:205: TRY: 0
DEBUG: src/lcthw/hashmap.c:Hashmap_get_node:205: TRY: 1
DEBUG: src/lcthw/hashmap.c:Hashmap_get_node:205: TRY: 2
DEBUG: src/lcthw/hashmap.c:Hashmap_get_node:205: TRY: 3
DEBUG: src/lcthw/hashmap.c:Hashmap_get_node:205: TRY: 4
DEBUG: src/lcthw/hashmap.c:Hashmap_get_node:205: TRY: 5
DEBUG: src/lcthw/hashmap.c:Hashmap_get_node:205: TRY: 6
DEBUG: src/lcthw/hashmap.c:Hashmap_get_node:205: TRY: 7
DEBUG: src/lcthw/hashmap.c:Hashmap_get_node:205: TRY: 8
DEBUG: src/lcthw/hashmap.c:Hashmap_get_node:205: TRY: 9
DEBUG: src/lcthw/hashmap.c:Hashmap_get_node:205: TRY: 10
DEBUG: src/lcthw/hashmap.c:Hashmap_get_node:205: TRY: 11
DEBUG: src/lcthw/hashmap.c:Hashmap_get_node:205: TRY: 12
DEBUG: src/lcthw/hashmap.c:Hashmap_get_node:205: TRY: 13
DEBUG: src/lcthw/hashmap.c:Hashmap_get_node:205: TRY: 14
DEBUG: src/lcthw/hashmap.c:Hashmap_get_node:205: TRY: 15
DEBUG: src/lcthw/hashmap.c:Hashmap_get_node:205: TRY: 16
DEBUG: src/lcthw/hashmap.c:Hashmap_get_node:205: TRY: 17
DEBUG: src/lcthw/hashmap.c:Hashmap_get_node:205: TRY: 18
DEBUG: src/lcthw/hashmap.c:Hashmap_get_node:205: TRY: 19
DEBUG: src/lcthw/hashmap.c:Hashmap_get_node:205: TRY: 20
DEBUG: src/lcthw/hashmap.c:Hashmap_get_node:205: TRY: 21
DEBUG: src/lcthw/hashmap.c:Hashmap_get_node:205: TRY: 22
DEBUG: src/lcthw/hashmap.c:Hashmap_get_node:205: TRY: 23
DEBUG: src/lcthw/hashmap.c:Hashmap_get_node:205: TRY: 24
DEBUG: src/lcthw/hashmap.c:Hashmap_get_node:205: TRY: 25
DEBUG: src/lcthw/hashmap.c:Hashmap_get_node:205: TRY: 26
DEBUG: src/lcthw/hashmap.c:Hashmap_get_node:205: TRY: 27
DEBUG: src/lcthw/hashmap.c:Hashmap_get_node:205: TRY: 28
DEBUG: src/lcthw/hashmap.c:Hashmap_get_node:205: TRY: 29
DEBUG: src/lcthw/hashmap.c:Hashmap_get_node:205: TRY: 30
DEBUG: src/lcthw/hashmap.c:Hashmap_get_node:205: TRY: 31
DEBUG: src/lcthw/hashmap.c:Hashmap_get_node:205: TRY: 32
DEBUG: src/lcthw/hashmap.c:Hashmap_get_node:205: TRY: 33
DEBUG: src/lcthw/hashmap.c:Hashmap_get_node:205: TRY: 34
DEBUG: src/lcthw/hashmap.c:Hashmap_get_node:205: TRY: 35
DEBUG: src/lcthw/hashmap.c:Hashmap_get_node:205: TRY: 36
DEBUG: src/lcthw/hashmap.c:Hashmap_get_node:205: TRY: 37
DEBUG: src/lcthw/hashmap.c:Hashmap_get_node:205: TRY: 38
DEBUG: src/lcthw/hashmap.c:Hashmap_get_node:205: TRY: 39
DEBUG: src/lcthw/hashmap.c:Hashmap_get_node:205: TRY: 40
DEBUG: src/lcthw/hashmap.c:Hashmap_get_node:205: TRY: 41
DEBUG: src/lcthw/hashmap.c:Hashmap_get_node:205: TRY: 42
DEBUG: src/lcthw/hashmap.c:Hashmap_get_node:205: TRY: 43
DEBUG: src/lcthw/hashmap.c:Hashmap_get_node:205: TRY: 44
DEBUG: src/lcthw/hashmap.c:Hashmap_get_node:205: TRY: 45
DEBUG: src/lcthw/hashmap.c:Hashmap_get_node:205: TRY: 46
DEBUG: src/lcthw/hashmap.c:Hashmap_get_node:205: TRY: 47
DEBUG: src/lcthw/hashmap.c:Hashmap_get_node:205: TRY: 48
DEBUG: src/lcthw/hashmap.c:Hashmap_get_node:205: TRY: 49
DEBUG: src/lcthw/hashmap.c:Hashmap_get_node:205: TRY: 50
DEBUG: src/lcthw/hashmap.c:Hashmap_get_node:205: TRY: 51
DEBUG: src/lcthw/hashmap.c:Hashmap_get_node:205: TRY: 52
DEBUG: src/lcthw/hashmap.c:Hashmap_get_node:205: TRY: 53
DEBUG: src/lcthw/hashmap.c:Hashmap_get_node:205: TRY: 54
DEBUG: src/lcthw/hashmap.c:Hashmap_get_node:205: TRY: 55
DEBUG: src/lcthw/hashmap.c:Hashmap_get_node:205: TRY: 56
DEBUG: src/lcthw/hashmap.c:Hashmap_get_node:205: TRY: 57
DEBUG: src/lcthw/hashmap.c:Hashmap_get_node:205: TRY: 58
DEBUG: src/lcthw/hashmap.c:Hashmap_get_node:205: TRY: 59
DEBUG: src/lcthw/hashmap.c:Hashmap_get_node:205: TRY: 60
DEBUG: src/lcthw/hashmap.c:Hashmap_get_node:205: TRY: 61
DEBUG: src/lcthw/hashmap.c:Hashmap_get_node:205: TRY: 0
DEBUG: src/lcthw/hashmap.c:Hashmap_get_node:205: TRY: 1
DEBUG: src/lcthw/hashmap.c:Hashmap_get_node:205: TRY: 2
DEBUG: src/lcthw/hashmap.c:Hashmap_get_node:205: TRY: 3
DEBUG: src/lcthw/hashmap.c:Hashmap_get_node:205: TRY: 4
DEBUG: src/lcthw/hashmap.c:Hashmap_get_node:205: TRY: 5
DEBUG: src/lcthw/hashmap.c:Hashmap_get_node:205: TRY: 6
DEBUG: src/lcthw/hashmap.c:Hashmap_get_node:205: TRY: 7
DEBUG: src/lcthw/hashmap.c:Hashmap_get_node:205: TRY: 8
DEBUG: src/lcthw/hashmap.c:Hashmap_get_node:205: TRY: 9
DEBUG: src/lcthw/hashmap.c:Hashmap_get_node:205: TRY: 10
DEBUG: src/lcthw/hashmap.c:Hashmap_get_node:205: TRY: 11
DEBUG: src/lcthw/hashmap.c:Hashmap_get_node:205: TRY: 12
DEBUG: src/lcthw/hashmap.c:Hashmap_get_node:205: TRY: 13
DEBUG: src/lcthw/hashmap.c:Hashmap_get_node:205: TRY: 14
DEBUG: src/lcthw/hashmap.c:Hashmap_get_node:205: TRY: 15
DEBUG: src/lcthw/hashmap.c:Hashmap_get_node:205: TRY: 16
DEBUG: src/lcthw/hashmap.c:Hashmap_get_node:205: TRY: 17
DEBUG: src/lcthw/hashmap.c:Hashmap_get_node:205: TRY: 18
DEBUG: src/lcthw/hashmap.c:Hashmap_get_node:205: TRY: 19
DEBUG: src/lcthw/hashmap.c:Hashmap_get_node:205: TRY: 20
DEBUG: src/lcthw/hashmap.c:Hashmap_get_node:205: TRY: 21
DEBUG: src/lcthw/hashmap.c:Hashmap_get_node:205: TRY: 22
DEBUG: src/lcthw/hashmap.c:Hashmap_get_node:205: TRY: 23
DEBUG: src/lcthw/hashmap.c:Hashmap_get_node:205: TRY: 24
DEBUG: src/lcthw/hashmap.c:Hashmap_get_node:205: TRY: 25
DEBUG: src/lcthw/hashmap.c:Hashmap_get_node:205: TRY: 26
DEBUG: src/lcthw/hashmap.c:Hashmap_get_node:205: TRY: 27
DEBUG: src/lcthw/hashmap.c:Hashmap_get_node:205: TRY: 28
DEBUG: src/lcthw/hashmap.c:Hashmap_get_node:205: TRY: 29
DEBUG: src/lcthw/hashmap.c:Hashmap_get_node:205: TRY: 30
DEBUG: src/lcthw/hashmap.c:Hashmap_get_node:205: TRY: 31
DEBUG: src/lcthw/hashmap.c:Hashmap_get_node:205: TRY: 32
DEBUG: src/lcthw/hashmap.c:Hashmap_get_node:205: TRY: 33
DEBUG: src/lcthw/hashmap.c:Hashmap_get_node:205: TRY: 34
DEBUG: src/lcthw/hashmap.c:Hashmap_get_node:205: TRY: 35
DEBUG: src/lcthw/hashmap.c:Hashmap_get_node:205: TRY: 36
DEBUG: src/lcthw/hashmap.c:Hashmap_get_node:205: TRY: 37
DEBUG: src/lcthw/hashmap.c:Hashmap_get_node:205: TRY: 38
DEBUG: src/lcthw/hashmap.c:Hashmap_get_node:205: TRY: 39
DEBUG: src/lcthw/hashmap.c:Hashmap_get_node:205: TRY: 40
DEBUG: src/lcthw/hashmap.c:Hashmap_get_node:205: TRY: 41
DEBUG: src/lcthw/hashmap.c:Hashmap_get_node:205: TRY: 42
DEBUG: src/lcthw/hashmap.c:Hashmap_get_node:205: TRY: 43
DEBUG: src/lcthw/hashmap.c:Hashmap_get_node:205: TRY: 44
DEBUG: src/lcthw/hashmap.c:Hashmap_get_node:205: TRY: 45
DEBUG: src/lcthw/hashmap.c:Hashmap_get_node:205: TRY: 46
DEBUG: src/lcthw/hashmap.c:Hashmap_get_node:205: TRY: 47
DEBUG: src/lcthw/hashmap.c:Hashmap_get_node:205: TRY: 48
DEBUG: src/lcthw/hashmap.c:Hashmap_get_node:205: TRY: 49
DEBUG: src/lcthw/hashmap.c:Hashmap_get_node:205: TRY: 50
DEBUG: src/lcthw/hashmap.c:Hashmap_get_node:205: TRY: 51
DEBUG: src/lcthw/hashmap.c:Hashmap_get_node:205: TRY: 52
DEBUG: src/lcthw/hashmap.c:Hashmap_get_node:205: TRY: 53
DEBUG: src/lcthw/hashmap.c:Hashmap_get_node:205: TRY: 54
DEBUG: src/lcthw/hashmap.c:Hashmap_get_node:205: TRY: 55
DEBUG: src/lcthw/hashmap.c:Hashmap_get_node:205: TRY: 56
DEBUG: src/lcthw/hashmap.c:Hashmap_get_node:205: TRY: 57
DEBUG: src/lcthw/hashmap.c:Hashmap_get_node:205: TRY: 58
DEBUG: src/lcthw/hashmap.c:Hashmap_get_node:205: TRY: 59
DEBUG: src/lcthw/hashmap.c:Hashmap_get_node:205: TRY: 60
DEBUG: src/lcthw/hashmap.c:Hashmap_get_node:205: TRY: 61
DEBUG: src/lcthw/hashmap.c:Hashmap_get_node:205: TRY: 62
DEBUG: src/lcthw/hashmap.c:Hashmap_get_node:205: TRY: 0
DEBUG: src/lcthw/hashmap.c:Hashmap_get_node:205: TRY: 1
DEBUG: src/lcthw/hashmap.c:Hashmap_get_node:205: TRY: 2
DEBUG: src/lcthw/hashmap.c:Hashmap_get_node:205: TRY: 3
DEBUG: src/lcthw/hashmap.c:Hashmap_get_node:205: TRY: 4
DEBUG: src/lcthw/hashmap.c:Hashmap_get_node:205: TRY: 5
DEBUG: src/lcthw/hashmap.c:Hashmap_get_node:205: TRY: 6
DEBUG: src/lcthw/hashmap.c:Hashmap_get_node:205: TRY: 7
DEBUG: src/lcthw/hashmap.c:Hashmap_get_node:205: TRY: 8
DEBUG: src/lcthw/hashmap.c:Hashmap_get_node:205: TRY: 9
DEBUG: src/lcthw/hashmap.c:Hashmap_get_node:205: TRY: 10
DEBUG: src/lcthw/hashmap.c:Hashmap_get_node:205: TRY: 11
DEBUG: src/lcthw/hashmap.c:Hashmap_get_node:205: TRY: 12
DEBUG: src/lcthw/hashmap.c:Hashmap_get_node:205: TRY: 13
DEBUG: src/lcthw/hashmap.c:Hashmap_get_node:205: TRY: 14
DEBUG: src/lcthw/hashmap.c:Hashmap_get_node:205: TRY: 15
DEBUG: src/lcthw/hashmap.c:Hashmap_get_node:205: TRY: 16
DEBUG: src/lcthw/hashmap.c:Hashmap_get_node:205: TRY: 17
DEBUG: src/lcthw/hashmap.c:Hashmap_get_node:205: TRY: 18
DEBUG: src/lcthw/hashmap.c:Hashmap_get_node:205: TRY: 19
DEBUG: src/lcthw/hashmap.c:Hashmap_get_node:205: TRY: 20
DEBUG: src/lcthw/hashmap.c:Hashmap_get_node:205: TRY: 21
DEBUG: src/lcthw/hashmap.c:Hashmap_get_node:205: TRY: 22
DEBUG: src/lcthw/hashmap.c:Hashmap_get_node:205: TRY: 23
DEBUG: src/lcthw/hashmap.c:Hashmap_get_node:205: TRY: 24
DEBUG: src/lcthw/hashmap.c:Hashmap_get_node:205: TRY: 25
DEBUG: src/lcthw/hashmap.c:Hashmap_get_node:205: TRY: 26
DEBUG: src/lcthw/hashmap.c:Hashmap_get_node:205: TRY: 27
DEBUG: src/lcthw/hashmap.c:Hashmap_get_node:205: TRY: 28
DEBUG: src/lcthw/hashmap.c:Hashmap_get_node:205: TRY: 29
DEBUG: src/lcthw/hashmap.c:Hashmap_get_node:205: TRY: 30
DEBUG: src/lcthw/hashmap.c:Hashmap_get_node:205: TRY: 31
DEBUG: src/lcthw/hashmap.c:Hashmap_get_node:205: TRY: 32
DEBUG: src/lcthw/hashmap.c:Hashmap_get_node:205: TRY: 33
DEBUG: src/lcthw/hashmap.c:Hashmap_get_node:205: TRY: 34
DEBUG: src/lcthw/hashmap.c:Hashmap_get_node:205: TRY: 35
DEBUG: src/lcthw/hashmap.c:Hashmap_get_node:205: TRY: 36
DEBUG: src/lcthw/hashmap.c:Hashmap_get_node:205: TRY: 37
DEBUG: src/lcthw/hashmap.c:Hashmap_get_node:205: TRY: 38
DEBUG: src/lcthw/hashmap.c:Hashmap_get_node:205: TRY: 39
DEBUG: src/lcthw/hashmap.c:Hashmap_get_node:205: TRY: 40
DEBUG: src/lcthw/hashmap.c:Hashmap_get_node:205: TRY: 41
DEBUG: src/lcthw/hashmap.c:Hashmap_get_node:205: TRY: 42
DEBUG: src/lcthw/hashmap.c:Hashmap_get_node:205: TRY: 43
DEBUG: src/lcthw/hashmap.c:Hashmap_get_node:205: TRY: 44
DEBUG: src/lcthw/hashmap.c:Hashmap_get_node:205: TRY: 45
DEBUG: src/lcthw/hashmap.c:Hashmap_get_node:205: TRY: 46
DEBUG: src/lcthw/hashmap.c:Hashmap_get_node:205: TRY: 47
DEBUG: src/lcthw/hashmap.c:Hashmap_get_node:205: TRY: 48
DEBUG: src/lcthw/hashmap.c:Hashmap_get_node:205: TRY: 49
DEBUG: src/lcthw/hashmap.c:Hashmap_get_node:205: TRY: 50
DEBUG: src/lcthw/hashmap.c:Hashmap_get_node:205: TRY: 51
DEBUG: src/lcthw/hashmap.c:Hashmap_get_node:205: TRY: 52
DEBUG: src/lcthw/hashmap.c:Hashmap_get_node:205: TRY: 53
DEBUG: src/lcthw/hashmap.c:Hashmap_get_node:205: TRY: 54
DEBUG: src/lcthw/hashmap.c:Hashmap_get_node:205: TRY: 55
DEBUG: src/lcthw/hashmap.c:Hashmap_get_node:205: TRY: 56
DEBUG: src/lcthw/hashmap.c:Hashmap_get_node:205: TRY: 57
DEBUG: src/lcthw/hashmap.c:Hashmap_get_node:205: TRY: 58
DEBUG: src/lcthw/hashmap.c:Hashmap_get_node:205: TRY: 59
DEBUG: src/lcthw/hashmap.c:Hashmap_get_node:205: TRY: 60
DEBUG: src/lcthw/hashmap.c:Hashmap_get_node:205: TRY: 61
DEBUG: src/lcthw/hashmap.c:Hashmap_get_node:205: TRY: 62
DEBUG: src/lcthw/hashmap.c:Hashmap_get_node:205: TRY: 63
DEBUG: src/lcthw/hashmap.c:Hashmap_get_node:205: TRY: 0
DEBUG: src/lcthw/hashmap.c:Hashmap_get_node:205: TRY: 1
DEBUG: src/lcthw/hashmap.c:Hashmap_get_node:205: TRY: 2
DEBUG: src/lcthw/hashmap.c:Hashmap_get_node:205: TRY: 3
DEBUG: src/lcthw/hashmap.c:Hashmap_get_node:205: TRY: 4
DEBUG: src/lcthw/hashmap.c:Hashmap_get_node:205: TRY: 5
DEBUG: src/lcthw/hashmap.c:Hashmap_get_node:205: TRY: 6
DEBUG: src/lcthw/hashmap.c:Hashmap_get_node:205: TRY: 7
DEBUG: src/lcthw/hashmap.c:Hashmap_get_node:205: TRY: 8
DEBUG: src/lcthw/hashmap.c:Hashmap_get_node:205: TRY: 9
DEBUG: src/lcthw/hashmap.c:Hashmap_get_node:205: TRY: 10
DEBUG: src/lcthw/hashmap.c:Hashmap_get_node:205: TRY: 11
DEBUG: src/lcthw/hashmap.c:Hashmap_get_node:205: TRY: 12
DEBUG: src/lcthw/hashmap.c:Hashmap_get_node:205: TRY: 13
DEBUG: src/lcthw/hashmap.c:Hashmap_get_node:205: TRY: 14
DEBUG: src/lcthw/hashmap.c:Hashmap_get_node:205: TRY: 15
DEBUG: src/lcthw/hashmap.c:Hashmap_get_node:205: TRY: 16
DEBUG: src/lcthw/hashmap.c:Hashmap_get_node:205: TRY: 17
DEBUG: src/lcthw/hashmap.c:Hashmap_get_node:205: TRY: 18
DEBUG: src/lcthw/hashmap.c:Hashmap_get_node:205: TRY: 19
DEBUG: src/lcthw/hashmap.c:Hashmap_get_node:205: TRY: 20
DEBUG: src/lcthw/hashmap.c:Hashmap_get_node:205: TRY: 21
DEBUG: src/lcthw/hashmap.c:Hashmap_get_node:205: TRY: 22
DEBUG: src/lcthw/hashmap.c:Hashmap_get_node:205: TRY: 23
DEBUG: src/lcthw/hashmap.c:Hashmap_get_node:205: TRY: 24
DEBUG: src/lcthw/hashmap.c:Hashmap_get_node:205: TRY: 25
DEBUG: src/lcthw/hashmap.c:Hashmap_get_node:205: TRY: 26
DEBUG: src/lcthw/hashmap.c:Hashmap_get_node:205: TRY: 27
DEBUG: src/lcthw/hashmap.c:Hashmap_get_node:205: TRY: 28
DEBUG: src/lcthw/hashmap.c:Hashmap_get_node:205: TRY: 29
DEBUG: src/lcthw/hashmap.c:Hashmap_get_node:205: TRY: 30
DEBUG: src/lcthw/hashmap.c:Hashmap_get_node:205: TRY: 31
DEBUG: src/lcthw/hashmap.c:Hashmap_get_node:205: TRY: 32
DEBUG: src/lcthw/hashmap.c:Hashmap_get_node:205: TRY: 33
DEBUG: src/lcthw/hashmap.c:Hashmap_get_node:205: TRY: 34
DEBUG: src/lcthw/hashmap.c:Hashmap_get_node:205: TRY: 35
DEBUG: src/lcthw/hashmap.c:Hashmap_get_node:205: TRY: 36
DEBUG: src/lcthw/hashmap.c:Hashmap_get_node:205: TRY: 37
DEBUG: src/lcthw/hashmap.c:Hashmap_get_node:205: TRY: 38
DEBUG: src/lcthw/hashmap.c:Hashmap_get_node:205: TRY: 39
DEBUG: src/lcthw/hashmap.c:Hashmap_get_node:205: TRY: 40
DEBUG: src/lcthw/hashmap.c:Hashmap_get_node:205: TRY: 41
DEBUG: src/lcthw/hashmap.c:Hashmap_get_node:205: TRY: 42
DEBUG: src/lcthw/hashmap.c:Hashmap_get_node:205: TRY: 43
DEBUG: src/lcthw/hashmap.c:Hashmap_get_node:205: TRY: 44
DEBUG: src/lcthw/hashmap.c:Hashmap_get_node:205: TRY: 45
DEBUG: src/lcthw/hashmap.c:Hashmap_get_node:205: TRY: 46
DEBUG: src/lcthw/hashmap.c:Hashmap_get_node:205: TRY: 47
DEBUG: src/lcthw/hashmap.c:Hashmap_get_node:205: TRY: 48
DEBUG: src/lcthw/hashmap.c:Hashmap_get_node:205: TRY: 49
DEBUG: src/lcthw/hashmap.c:Hashmap_get_node:205: TRY: 50
DEBUG: src/lcthw/hashmap.c:Hashmap_get_node:205: TRY: 51
DEBUG: src/lcthw/hashmap.c:Hashmap_get_node:205: TRY: 52
DEBUG: src/lcthw/hashmap.c:Hashmap_get_node:205: TRY: 53
DEBUG: src/lcthw/hashmap.c:Hashmap_get_node:205: TRY: 54
DEBUG: src/lcthw/hashmap.c:Hashmap_get_node:205: TRY: 55
DEBUG: src/lcthw/hashmap.c:Hashmap_get_node:205: TRY: 56
DEBUG: src/lcthw/hashmap.c:Hashmap_get_node:205: TRY: 0
DEBUG: src/lcthw/hashmap.c:Hashmap_get_node:205: TRY: 1
DEBUG: src/lcthw/hashmap.c:Hashmap_get_node:205: TRY: 2
DEBUG: src/lcthw/hashmap.c:Hashmap_get_node:205: TRY: 3
DEBUG: src/lcthw/hashmap.c:Hashmap_get_node:205: TRY: 4
DEBUG: src/lcthw/hashmap.c:Hashmap_get_node:205: TRY: 5
DEBUG: src/lcthw/hashmap.c:Hashmap_get_node:205: TRY: 6
DEBUG: src/lcthw/hashmap.c:Hashmap_get_node:205: TRY: 7
DEBUG: src/lcthw/hashmap.c:Hashmap_get_node:205: TRY: 8
DEBUG: src/lcthw/hashmap.c:Hashmap_get_node:205: TRY: 9
DEBUG: src/lcthw/hashmap.c:Hashmap_get_node:205: TRY: 10
DEBUG: src/lcthw/hashmap.c:Hashmap_get_node:205: TRY: 11
DEBUG: src/lcthw/hashmap.c:Hashmap_get_node:205: TRY: 12
DEBUG: src/lcthw/hashmap.c:Hashmap_get_node:205: TRY: 13
DEBUG: src/lcthw/hashmap.c:Hashmap_get_node:205: TRY: 14
DEBUG: src/lcthw/hashmap.c:Hashmap_get_node:205: TRY: 15
DEBUG: src/lcthw/hashmap.c:Hashmap_get_node:205: TRY: 16
DEBUG: src/lcthw/hashmap.c:Hashmap_get_node:205: TRY: 17
DEBUG: src/lcthw/hashmap.c:Hashmap_get_node:205: TRY: 18
DEBUG: src/lcthw/hashmap.c:Hashmap_get_node:205: TRY: 19
DEBUG: src/lcthw/hashmap.c:Hashmap_get_node:205: TRY: 20
DEBUG: src/lcthw/hashmap.c:Hashmap_get_node:205: TRY: 21
DEBUG: src/lcthw/hashmap.c:Hashmap_get_node:205: TRY: 22
DEBUG: src/lcthw/hashmap.c:Hashmap_get_node:205: TRY: 23
DEBUG: src/lcthw/hashmap.c:Hashmap_get_node:205: TRY: 24
DEBUG: src/lcthw/hashmap.c:Hashmap_get_node:205: TRY: 25
DEBUG: src/lcthw/hashmap.c:Hashmap_get_node:205: TRY: 26
DEBUG: src/lcthw/hashmap.c:Hashmap_get_node:205: TRY: 27
DEBUG: src/lcthw/hashmap.c:Hashmap_get_node:205: TRY: 28
DEBUG: src/lcthw/hashmap.c:Hashmap_get_node:205: TRY: 29
DEBUG: src/lcthw/hashmap.c:Hashmap_get_node:205: TRY: 30
DEBUG: src/lcthw/hashmap.c:Hashmap_get_node:205: TRY: 31
DEBUG: src/lcthw/hashmap.c:Hashmap_get_node:205: TRY: 32
DEBUG: src/lcthw/hashmap.c:Hashmap_get_node:205: TRY: 33
DEBUG: src/lcthw/hashmap.c:Hashmap_get_node:205: TRY: 34
DEBUG: src/lcthw/hashmap.c:Hashmap_get_node:205: TRY: 35
DEBUG: src/lcthw/hashmap.c:Hashmap_get_node:205: TRY: 36
DEBUG: src/lcthw/hashmap.c:Hashmap_get_node:205: TRY: 37
DEBUG: src/lcthw/hashmap.c:Hashmap_get_node:205: TRY: 38
DEBUG: src/lcthw/hashmap.c:Hashmap_get_node:205: TRY: 39
DEBUG: src/lcthw/hashmap.c:Hashmap_get_node:205: TRY: 40
DEBUG: src/lcthw/hashmap.c:Hashmap_get_node:205: TRY: 41
DEBUG: src/lcthw/hashmap.c:Hashmap_get_node:205: TRY: 42
DEBUG: src/lcthw/hashmap.c:Hashmap_get_node:205: TRY: 43
DEBUG: src/lcthw/hashmap.c:Hashmap_get_node:205: TRY: 44
DEBUG: src/lcthw/hashmap.c:Hashmap_get_node:205: TRY: 45
DEBUG: src/lcthw/hashmap.c:Hashmap_get_node:205: TRY: 46
DEBUG: src/lcthw/hashmap.c:Hashmap_get_node:205: TRY: 47
DEBUG: src/lcthw/hashmap.c:Hashmap_get_node:205: TRY: 48
DEBUG: src/lcthw/hashmap.c:Hashmap_get_node:205: TRY: 49
DEBUG: src/lcthw/hashmap.c:Hashmap_get_node:205: TRY: 50
DEBUG: src/lcthw/hashmap.c:Hashmap_get_node:205: TRY: 51
DEBUG: src/lcthw/hashmap.c:Hashmap_get_node:205: TRY: 52
DEBUG: src/lcthw/hashmap.c:Hashmap_get_node:205: TRY: 53
DEBUG: src/lcthw/hashmap.c:Hashmap_get_node:205: TRY: 54
DEBUG: src/lcthw/hashmap.c:Hashmap_get_node:205: TRY: 55
DEBUG: src/lcthw/hashmap.c:Hashmap_get_node:205: TRY: 56
DEBUG: src/lcthw/hashmap.c:Hashmap_get_node:205: TRY: 57
DEBUG: src/lcthw/hashmap.c:Hashmap_get_node:205: TRY: 58
DEBUG: src/lcthw/hashmap.c:Hashmap_get_node:205: TRY: 59
DEBUG: src/lcthw/hashmap.c:Hashmap_get_node:205: TRY: 60
DEBUG: src/lcthw/hashmap.c:Hashmap_get_node:205: TRY: 61
DEBUG: src/lcthw/hashmap.c:Hashmap_get_node:205: TRY: 62
DEBUG: src/lcthw/hashmap.c:Hashmap_get_node:205: TRY: 63
DEBUG: src/lcthw/hashmap.c:Hashmap_get_node:205: TRY: 0
DEBUG: src/lcthw/hashmap.c:Hashmap_get_node:205: TRY: 1
DEBUG: src/lcthw/hashmap.c:Hashmap_get_node:205: TRY: 2
DEBUG: src/lcthw/hashmap.c:Hashmap_get_node:205: TRY: 3
DEBUG: src/lcthw/hashmap.c:Hashmap_get_node:205: TRY: 4
DEBUG: src/lcthw/hashmap.c:Hashmap_get_node:205: TRY: 5
DEBUG: src/lcthw/hashmap.c:Hashmap_get_node:205: TRY: 6
DEBUG: src/lcthw/hashmap.c:Hashmap_get_node:205: TRY: 7
DEBUG: src/lcthw/hashmap.c:Hashmap_get_node:205: TRY: 8
DEBUG: src/lcthw/hashmap.c:Hashmap_get_node:205: TRY: 9
DEBUG: src/lcthw/hashmap.c:Hashmap_get_node:205: TRY: 10
DEBUG: src/lcthw/hashmap.c:Hashmap_get_node:205: TRY: 11
DEBUG: src/lcthw/hashmap.c:Hashmap_get_node:205: TRY: 12
DEBUG: src/lcthw/hashmap.c:Hashmap_get_node:205: TRY: 13
DEBUG: src/lcthw/hashmap.c:Hashmap_get_node:205: TRY: 14
DEBUG: src/lcthw/hashmap.c:Hashmap_get_node:205: TRY: 15
DEBUG: src/lcthw/hashmap.c:Hashmap_get_node:205: TRY: 16
DEBUG: src/lcthw/hashmap.c:Hashmap_get_node:205: TRY: 17
DEBUG: src/lcthw/hashmap.c:Hashmap_get_node:205: TRY: 18
DEBUG: src/lcthw/hashmap.c:Hashmap_get_node:205: TRY: 19
DEBUG: src/lcthw/hashmap.c:Hashmap_get_node:205: TRY: 20
DEBUG: src/lcthw/hashmap.c:Hashmap_get_node:205: TRY: 21
DEBUG: src/lcthw/hashmap.c:Hashmap_get_node:205: TRY: 22
DEBUG: src/lcthw/hashmap.c:Hashmap_get_node:205: TRY: 23
DEBUG: src/lcthw/hashmap.c:Hashmap_get_node:205: TRY: 24
DEBUG: src/lcthw/hashmap.c:Hashmap_get_node:205: TRY: 25
DEBUG: src/lcthw/hashmap.c:Hashmap_get_node:205: TRY: 26
DEBUG: src/lcthw/hashmap.c:Hashmap_get_node:205: TRY: 27
DEBUG: src/lcthw/hashmap.c:Hashmap_get_node:205: TRY: 28
DEBUG: src/lcthw/hashmap.c:Hashmap_get_node:205: TRY: 29
DEBUG: src/lcthw/hashmap.c:Hashmap_get_node:205: TRY: 30
DEBUG: src/lcthw/hashmap.c:Hashmap_get_node:205: TRY: 31
DEBUG: src/lcthw/hashmap.c:Hashmap_get_node:205: TRY: 32
DEBUG: src/lcthw/hashmap.c:Hashmap_get_node:205: TRY: 33
DEBUG: src/lcthw/hashmap.c:Hashmap_get_node:205: TRY: 34
DEBUG: src/lcthw/hashmap.c:Hashmap_get_node:205: TRY: 35
DEBUG: src/lcthw/hashmap.c:Hashmap_get_node:205: TRY: 36
DEBUG: src/lcthw/hashmap.c:Hashmap_get_node:205: TRY: 37
DEBUG: src/lcthw/hashmap.c:Hashmap_get_node:205: TRY: 38
DEBUG: src/lcthw/hashmap.c:Hashmap_get_node:205: TRY: 39
DEBUG: src/lcthw/hashmap.c:Hashmap_get_node:205: TRY: 40
DEBUG: src/lcthw/hashmap.c:Hashmap_get_node:205: TRY: 41
DEBUG: src/lcthw/hashmap.c:Hashmap_get_node:205: TRY: 42
DEBUG: src/lcthw/hashmap.c:Hashmap_get_node:205: TRY: 43
DEBUG: src/lcthw/hashmap.c:Hashmap_get_node:205: TRY: 44
DEBUG: src/lcthw/hashmap.c:Hashmap_get_node:205: TRY: 45
DEBUG: src/lcthw/hashmap.c:Hashmap_get_node:205: TRY: 46
DEBUG: src/lcthw/hashmap.c:Hashmap_get_node:205: TRY: 47
DEBUG: src/lcthw/hashmap.c:Hashmap_get_node:205: TRY: 48
DEBUG: src/lcthw/hashmap.c:Hashmap_get_node:205: TRY: 49
DEBUG: src/lcthw/hashmap.c:Hashmap_get_node:205: TRY: 50
DEBUG: src/lcthw/hashmap.c:Hashmap_get_node:205: TRY: 51
DEBUG: src/lcthw/hashmap.c:Hashmap_get_node:205: TRY: 52
DEBUG: src/lcthw/hashmap.c:Hashmap_get_node:205: TRY: 53
DEBUG: src/lcthw/hashmap.c:Hashmap_get_node:205: TRY: 54
DEBUG: src/lcthw/hashmap.c:Hashmap_get_node:205: TRY: 55
DEBUG: src/lcthw/hashmap.c:Hashmap_get_node:205: TRY: 56
DEBUG: src/lcthw/hashmap.c:Hashmap_get_node:205: TRY: 57
DEBUG: src/lcthw/hashmap.c:Hashmap_get_node:205: TRY: 58
DEBUG: src/lcthw/hashmap.c:Hashmap_get_node:205: TRY: 59
DEBUG: src/lcthw/hashmap.c:Hashmap_get_node:205: TRY: 60
DEBUG: src/lcthw/hashmap.c:Hashmap_get_node:205: TRY: 61
DEBUG: src/lcthw/hashmap.c:Hashmap_get_node:205: TRY: 62
DEBUG: src/lcthw/hashmap.c:Hashmap_get_node:205: TRY: 63
DEBUG: src/lcthw/hashmap.c:Hashmap_get_node:205: TRY: 64
DEBUG: src/lcthw/hashmap.c:Hashmap_get_node:205: TRY: 65
DEBUG: src/lcthw/hashmap.c:Hashmap_get_node:205: TRY: 66
DEBUG: src/lcthw/hashmap.c:Hashmap_get_node:205: TRY: 67
DEBUG: src/lcthw/hashmap.c:Hashmap_get_node:205: TRY: 68
DEBUG: src/lcthw/hashmap.c:Hashmap_get_node:205: TRY: 69
DEBUG: src/lcthw/hashmap.c:Hashmap_get_node:205: TRY: 70
DEBUG: src/lcthw/hashmap.c:Hashmap_get_node:205: TRY: 71
DEBUG: src/lcthw/hashmap.c:Hashmap_get_node:205: TRY: 72
DEBUG: src/lcthw/hashmap.c:Hashmap_get_node:205: TRY: 73
DEBUG: src/lcthw/hashmap.c:Hashmap_get_node:205: TRY: 74
DEBUG: src/lcthw/hashmap.c:Hashmap_get_node:205: TRY: 75
DEBUG: src/lcthw/hashmap.c:Hashmap_get_node:205: TRY: 76
DEBUG: src/lcthw/hashmap.c:Hashmap_get_node:205: TRY: 77
DEBUG: src/lcthw/hashmap.c:Hashmap_get_node:205: TRY: 78
DEBUG: src/lcthw/hashmap.c:Hashmap_get_node:205: TRY: 79
DEBUG: src/lcthw/hashmap.c:Hashmap_get_node:205: TRY: 80
DEBUG: src/lcthw/hashmap.c:Hashmap_get_node:205: TRY: 81
DEBUG: src/lcthw/hashmap.c:Hashmap_get_node:205: TRY: 82
DEBUG: src/lcthw/hashmap.c:Hashmap_get_node:205: TRY: 83
DEBUG: src/lcthw/hashmap.c:Hashmap_get_node:205: TRY: 84
DEBUG: src/lcthw/hashmap.c:Hashmap_get_node:205: TRY: 85
DEBUG: src/lcthw/hashmap.c:Hashmap_get_node:205: TRY: 86
DEBUG: src/lcthw/hashmap.c:Hashmap_get_node:205: TRY: 87
DEBUG: src/lcthw/hashmap.c:Hashmap_get_node:205: TRY: 88
DEBUG: src/lcthw/hashmap.c:Hashmap_get_node:205: TRY: 89
DEBUG: src/lcthw/hashmap.c:Hashmap_get_node:205: TRY: 90
DEBUG: src/lcthw/hashmap.c:Hashmap_get_node:205: TRY: 91
DEBUG: src/lcthw/hashmap.c:Hashmap_get_node:205: TRY: 92
DEBUG: src/lcthw/hashmap.c:Hashmap_get_node:205: TRY: 0
DEBUG: src/lcthw/hashmap.c:Hashmap_get_node:205: TRY: 1
DEBUG: src/lcthw/hashmap.c:Hashmap_get_node:205: TRY: 2
DEBUG: src/lcthw/hashmap.c:Hashmap_get_node:205: TRY: 3
DEBUG: src/lcthw/hashmap.c:Hashmap_get_node:205: TRY: 4
DEBUG: src/lcthw/hashmap.c:Hashmap_get_node:205: TRY: 5
DEBUG: src/lcthw/hashmap.c:Hashmap_get_node:205: TRY: 6
DEBUG: src/lcthw/hashmap.c:Hashmap_get_node:205: TRY: 7
DEBUG: src/lcthw/hashmap.c:Hashmap_get_node:205: TRY: 8
DEBUG: src/lcthw/hashmap.c:Hashmap_get_node:205: TRY: 9
DEBUG: src/lcthw/hashmap.c:Hashmap_get_node:205: TRY: 10
DEBUG: src/lcthw/hashmap.c:Hashmap_get_node:205: TRY: 11
DEBUG: src/lcthw/hashmap.c:Hashmap_get_node:205: TRY: 12
DEBUG: src/lcthw/hashmap.c:Hashmap_get_node:205: TRY: 13
DEBUG: src/lcthw/hashmap.c:Hashmap_get_node:205: TRY: 14
DEBUG: src/lcthw/hashmap.c:Hashmap_get_node:205: TRY: 15
DEBUG: src/lcthw/hashmap.c:Hashmap_get_node:205: TRY: 16
DEBUG: src/lcthw/hashmap.c:Hashmap_get_node:205: TRY: 17
DEBUG: src/lcthw/hashmap.c:Hashmap_get_node:205: TRY: 18
DEBUG: src/lcthw/hashmap.c:Hashmap_get_node:205: TRY: 19
DEBUG: src/lcthw/hashmap.c:Hashmap_get_node:205: TRY: 20
DEBUG: src/lcthw/hashmap.c:Hashmap_get_node:205: TRY: 21
DEBUG: src/lcthw/hashmap.c:Hashmap_get_node:205: TRY: 22
DEBUG: src/lcthw/hashmap.c:Hashmap_get_node:205: TRY: 23
DEBUG: src/lcthw/hashmap.c:Hashmap_get_node:205: TRY: 24
DEBUG: src/lcthw/hashmap.c:Hashmap_get_node:205: TRY: 25
DEBUG: src/lcthw/hashmap.c:Hashmap_get_node:205: TRY: 26
DEBUG: src/lcthw/hashmap.c:Hashmap_get_node:205: TRY: 27
DEBUG: src/lcthw/hashmap.c:Hashmap_get_node:205: TRY: 28
DEBUG: src/lcthw/hashmap.c:Hashmap_get_node:205: TRY: 29
DEBUG: src/lcthw/hashmap.c:Hashmap_get_node:205: TRY: 30
DEBUG: src/lcthw/hashmap.c:Hashmap_get_node:205: TRY: 31
DEBUG: src/lcthw/hashmap.c:Hashmap_get_node:205: TRY: 32
DEBUG: src/lcthw/hashmap.c:Hashmap_get_node:205: TRY: 33
DEBUG: src/lcthw/hashmap.c:Hashmap_get_node:205: TRY: 34
DEBUG: src/lcthw/hashmap.c:Hashmap_get_node:205: TRY: 35
DEBUG: src/lcthw/hashmap.c:Hashmap_get_node:205: TRY: 36
DEBUG: src/lcthw/hashmap.c:Hashmap_get_node:205: TRY: 37
DEBUG: src/lcthw/hashmap.c:Hashmap_get_node:205: TRY: 38
DEBUG: src/lcthw/hashmap.c:Hashmap_get_node:205: TRY: 39
DEBUG: src/lcthw/hashmap.c:Hashmap_get_node:205: TRY: 40
DEBUG: src/lcthw/hashmap.c:Hashmap_get_node:205: TRY: 41
DEBUG: src/lcthw/hashmap.c:Hashmap_get_node:205: TRY: 42
DEBUG: src/lcthw/hashmap.c:Hashmap_get_node:205: TRY: 43
DEBUG: src/lcthw/hashmap.c:Hashmap_get_node:205: TRY: 44
DEBUG: src/lcthw/hashmap.c:Hashmap_get_node:205: TRY: 45
DEBUG: src/lcthw/hashmap.c:Hashmap_get_node:205: TRY: 46
DEBUG: src/lcthw/hashmap.c:Hashmap_get_node:205: TRY: 47
DEBUG: src/lcthw/hashmap.c:Hashmap_get_node:205: TRY: 48
DEBUG: src/lcthw/hashmap.c:Hashmap_get_node:205: TRY: 49
DEBUG: src/lcthw/hashmap.c:Hashmap_get_node:205: TRY: 50
DEBUG: src/lcthw/hashmap.c:Hashmap_get_node:205: TRY: 51
DEBUG: src/lcthw/hashmap.c:Hashmap_get_node:205: TRY: 52
DEBUG: src/lcthw/hashmap.c:Hashmap_get_node:205: TRY: 53
DEBUG: src/lcthw/hashmap.c:Hashmap_get_node:205: TRY: 54
DEBUG: src/lcthw/hashmap.c:Hashmap_get_node:205: TRY: 55
DEBUG: src/lcthw/hashmap.c:Hashmap_get_node:205: TRY: 56
DEBUG: src/lcthw/hashmap.c:Hashmap_get_node:205: TRY: 57
DEBUG: src/lcthw/hashmap.c:Hashmap_get_node:205: TRY: 58
DEBUG: src/lcthw/hashmap.c:Hashmap_get_node:205: TRY: 59
DEBUG: src/lcthw/hashmap.c:Hashmap_get_node:205: TRY: 60
DEBUG: src/lcthw/hashmap.c:Hashmap_get_node:205: TRY: 61
DEBUG: src/lcthw/hashmap.c:Hashmap_get_node:205: TRY: 62
DEBUG: src/lcthw/hashmap.c:Hashmap_get_node:205: TRY: 63
DEBUG: src/lcthw/hashmap.c:Hashmap_get_node:205: TRY: 0
DEBUG: src/lcthw/hashmap.c:Hashmap_get_node:205: TRY: 1
DEBUG: src/lcthw/hashmap.c:Hashmap_get_node:205: TRY: 2
DEBUG: src/lcthw/hashmap.c:Hashmap_get_node:205: TRY: 3
DEBUG: src/lcthw/hashmap.c:Hashmap_get_node:205: TRY: 4
DEBUG: src/lcthw/hashmap.c:Hashmap_get_node:205: TRY: 5
DEBUG: src/lcthw/hashmap.c:Hashmap_get_node:205: TRY: 6
DEBUG: src/lcthw/hashmap.c:Hashmap_get_node:205: TRY: 7
DEBUG: src/lcthw/hashmap.c:Hashmap_get_node:205: TRY: 8
DEBUG: src/lcthw/hashmap.c:Hashmap_get_node:205: TRY: 9
DEBUG: src/lcthw/hashmap.c:Hashmap_get_node:205: TRY: 10
DEBUG: src/lcthw/hashmap.c:Hashmap_get_node:205: TRY: 11
DEBUG: src/lcthw/hashmap.c:Hashmap_get_node:205: TRY: 12
DEBUG: src/lcthw/hashmap.c:Hashmap_get_node:205: TRY: 13
DEBUG: src/lcthw/hashmap.c:Hashmap_get_node:205: TRY: 14
DEBUG: src/lcthw/hashmap.c:Hashmap_get_node:205: TRY: 15
DEBUG: src/lcthw/hashmap.c:Hashmap_get_node:205: TRY: 16
DEBUG: src/lcthw/hashmap.c:Hashmap_get_node:205: TRY: 17
DEBUG: src/lcthw/hashmap.c:Hashmap_get_node:205: TRY: 18
DEBUG: src/lcthw/hashmap.c:Hashmap_get_node:205: TRY: 19
DEBUG: src/lcthw/hashmap.c:Hashmap_get_node:205: TRY: 20
DEBUG: src/lcthw/hashmap.c:Hashmap_get_node:205: TRY: 21
DEBUG: src/lcthw/hashmap.c:Hashmap_get_node:205: TRY: 22
DEBUG: src/lcthw/hashmap.c:Hashmap_get_node:205: TRY: 23
DEBUG: src/lcthw/hashmap.c:Hashmap_get_node:205: TRY: 24
DEBUG: src/lcthw/hashmap.c:Hashmap_get_node:205: TRY: 25
DEBUG: src/lcthw/hashmap.c:Hashmap_get_node:205: TRY: 26
DEBUG: src/lcthw/hashmap.c:Hashmap_get_node:205: TRY: 27
DEBUG: src/lcthw/hashmap.c:Hashmap_get_node:205: TRY: 28
DEBUG: src/lcthw/hashmap.c:Hashmap_get_node:205: TRY: 29
DEBUG: src/lcthw/hashmap.c:Hashmap_get_node:205: TRY: 30
DEBUG: src/lcthw/hashmap.c:Hashmap_get_node:205: TRY: 31
DEBUG: src/lcthw/hashmap.c:Hashmap_get_node:205: TRY: 32
DEBUG: src/lcthw/hashmap.c:Hashmap_get_node:205: TRY: 33
DEBUG: src/lcthw/hashmap.c:Hashmap_get_node:205: TRY: 34
DEBUG: src/lcthw/hashmap.c:Hashmap_get_node:205: TRY: 35
DEBUG: src/lcthw/hashmap.c:Hashmap_get_node:205: TRY: 36
DEBUG: src/lcthw/hashmap.c:Hashmap_get_node:205: TRY: 37
DEBUG: src/lcthw/hashmap.c:Hashmap_get_node:205: TRY: 38
DEBUG: src/lcthw/hashmap.c:Hashmap_get_node:205: TRY: 39
DEBUG: src/lcthw/hashmap.c:Hashmap_get_node:205: TRY: 40
DEBUG: src/lcthw/hashmap.c:Hashmap_get_node:205: TRY: 41
DEBUG: src/lcthw/hashmap.c:Hashmap_get_node:205: TRY: 42
DEBUG: src/lcthw/hashmap.c:Hashmap_get_node:205: TRY: 43
DEBUG: src/lcthw/hashmap.c:Hashmap_get_node:205: TRY: 44
DEBUG: src/lcthw/hashmap.c:Hashmap_get_node:205: TRY: 45
DEBUG: src/lcthw/hashmap.c:Hashmap_get_node:205: TRY: 46
DEBUG: src/lcthw/hashmap.c:Hashmap_get_node:205: TRY: 47
DEBUG: src/lcthw/hashmap.c:Hashmap_get_node:205: TRY: 48
DEBUG: src/lcthw/hashmap.c:Hashmap_get_node:205: TRY: 49
DEBUG: src/lcthw/hashmap.c:Hashmap_get_node:205: TRY: 50
DEBUG: src/lcthw/hashmap.c:Hashmap_get_node:205: TRY: 51
DEBUG: src/lcthw/hashmap.c:Hashmap_get_node:205: TRY: 52
DEBUG: src/lcthw/hashmap.c:Hashmap_get_node:205: TRY: 53
DEBUG: src/lcthw/hashmap.c:Hashmap_get_node:205: TRY: 54
DEBUG: src/lcthw/hashmap.c:Hashmap_get_node:205: TRY: 0
DEBUG: src/lcthw/hashmap.c:Hashmap_get_node:205: TRY: 1
DEBUG: src/lcthw/hashmap.c:Hashmap_get_node:205: TRY: 2
DEBUG: src/lcthw/hashmap.c:Hashmap_get_node:205: TRY: 3
DEBUG: src/lcthw/hashmap.c:Hashmap_get_node:205: TRY: 4
DEBUG: src/lcthw/hashmap.c:Hashmap_get_node:205: TRY: 5
DEBUG: src/lcthw/hashmap.c:Hashmap_get_node:205: TRY: 6
DEBUG: src/lcthw/hashmap.c:Hashmap_get_node:205: TRY: 7
DEBUG: src/lcthw/hashmap.c:Hashmap_get_node:205: TRY: 8
DEBUG: src/lcthw/hashmap.c:Hashmap_get_node:205: TRY: 9
DEBUG: src/lcthw/hashmap.c:Hashmap_get_node:205: TRY: 10
DEBUG: src/lcthw/hashmap.c:Hashmap_get_node:205: TRY: 11
DEBUG: src/lcthw/hashmap.c:Hashmap_get_node:205: TRY: 12
DEBUG: src/lcthw/hashmap.c:Hashmap_get_node:205: TRY: 13
DEBUG: src/lcthw/hashmap.c:Hashmap_get_node:205: TRY: 14
DEBUG: src/lcthw/hashmap.c:Hashmap_get_node:205: TRY: 15
DEBUG: src/lcthw/hashmap.c:Hashmap_get_node:205: TRY: 16
DEBUG: src/lcthw/hashmap.c:Hashmap_get_node:205: TRY: 17
DEBUG: src/lcthw/hashmap.c:Hashmap_get_node:205: TRY: 18
DEBUG: src/lcthw/hashmap.c:Hashmap_get_node:205: TRY: 19
DEBUG: src/lcthw/hashmap.c:Hashmap_get_node:205: TRY: 20
DEBUG: src/lcthw/hashmap.c:Hashmap_get_node:205: TRY: 21
DEBUG: src/lcthw/hashmap.c:Hashmap_get_node:205: TRY: 22
DEBUG: src/lcthw/hashmap.c:Hashmap_get_node:205: TRY: 23
DEBUG: src/lcthw/hashmap.c:Hashmap_get_node:205: TRY: 24
DEBUG: src/lcthw/hashmap.c:Hashmap_get_node:205: TRY: 25
DEBUG: src/lcthw/hashmap.c:Hashmap_get_node:205: TRY: 26
DEBUG: src/lcthw/hashmap.c:Hashmap_get_node:205: TRY: 27
DEBUG: src/lcthw/hashmap.c:Hashmap_get_node:205: TRY: 28
DEBUG: src/lcthw/hashmap.c:Hashmap_get_node:205: TRY: 29
DEBUG: src/lcthw/hashmap.c:Hashmap_get_node:205: TRY: 30
DEBUG: src/lcthw/hashmap.c:Hashmap_get_node:205: TRY: 31
DEBUG: src/lcthw/hashmap.c:Hashmap_get_node:205: TRY: 32
DEBUG: src/lcthw/hashmap.c:Hashmap_get_node:205: TRY: 33
DEBUG: src/lcthw/hashmap.c:Hashmap_get_node:205: TRY: 34
DEBUG: src/lcthw/hashmap.c:Hashmap_get_node:205: TRY: 35
DEBUG: src/lcthw/hashmap.c:Hashmap_get_node:205: TRY: 36
DEBUG: src/lcthw/hashmap.c:Hashmap_get_node:205: TRY: 37
DEBUG: src/lcthw/hashmap.c:Hashmap_get_node:205: TRY: 38
DEBUG: src/lcthw/hashmap.c:Hashmap_get_node:205: TRY: 39
DEBUG: src/lcthw/hashmap.c:Hashmap_get_node:205: TRY: 40
DEBUG: src/lcthw/hashmap.c:Hashmap_get_node:205: TRY: 41
DEBUG: src/lcthw/hashmap.c:Hashmap_get_node:205: TRY: 42
DEBUG: src/lcthw/hashmap.c:Hashmap_get_node:205: TRY: 43
DEBUG: src/lcthw/hashmap.c:Hashmap_get_node:205: TRY: 44
DEBUG: src/lcthw/hashmap.c:Hashmap_get_node:205: TRY: 45
DEBUG: src/lcthw/hashmap.c:Hashmap_get_node:205: TRY: 46
DEBUG: src/lcthw/hashmap.c:Hashmap_get_node:205: TRY: 47
DEBUG: src/lcthw/hashmap.c:Hashmap_get_node:205: TRY: 48
DEBUG: src/lcthw/hashmap.c:Hashmap_get_node:205: TRY: 49
DEBUG: src/lcthw/hashmap.c:Hashmap_get_node:205: TRY: 50
DEBUG: src/lcthw/hashmap.c:Hashmap_get_node:205: TRY: 51
DEBUG: src/lcthw/hashmap.c:Hashmap_get_node:205: TRY: 52
DEBUG: src/lcthw/hashmap.c:Hashmap_get_node:205: TRY: 53
DEBUG: src/lcthw/hashmap.c:Hashmap_get_node:205: TRY: 54
DEBUG: src/lcthw/hashmap.c:Hashmap_get_node:205: TRY: 55
DEBUG: src/lcthw/hashmap.c:Hashmap_get_node:205: TRY: 56
DEBUG: src/lcthw/hashmap.c:Hashmap_get_node:205: TRY: 57
DEBUG: src/lcthw/hashmap.c:Hashmap_get_node:205: TRY: 58
DEBUG: src/lcthw/hashmap.c:Hashmap_get_node:205: TRY: 59
DEBUG: src/lcthw/hashmap.c:Hashmap_get_node:205: TRY: 60
DEBUG: src/lcthw/hashmap.c:Hashmap_get_node:205: TRY: 61
DEBUG: src/lcthw/hashmap.c:Hashmap_get_node:205: TRY: 62
DEBUG: src/lcthw/hashmap.c:Hashmap_get_node:205: TRY: 63
DEBUG: src/lcthw/hashmap.c:Hashmap_get_node:205: TRY: 64
DEBUG: src/lcthw/hashmap.c:Hashmap_get_node:205: TRY: 0
DEBUG: src/lcthw/hashmap.c:Hashmap_get_node:205: TRY: 1
DEBUG: src/lcthw/hashmap.c:Hashmap_get_node:205: TRY: 2
DEBUG: src/lcthw/hashmap.c:Hashmap_get_node:205: TRY: 3
DEBUG: src/lcthw/hashmap.c:Hashmap_get_node:205: TRY: 4
DEBUG: src/lcthw/hashmap.c:Hashmap_get_node:205: TRY: 5
DEBUG: src/lcthw/hashmap.c:Hashmap_get_node:205: TRY: 6
DEBUG: src/lcthw/hashmap.c:Hashmap_get_node:205: TRY: 7
DEBUG: src/lcthw/hashmap.c:Hashmap_get_node:205: TRY: 8
DEBUG: src/lcthw/hashmap.c:Hashmap_get_node:205: TRY: 9
DEBUG: src/lcthw/hashmap.c:Hashmap_get_node:205: TRY: 10
DEBUG: src/lcthw/hashmap.c:Hashmap_get_node:205: TRY: 11
DEBUG: src/lcthw/hashmap.c:Hashmap_get_node:205: TRY: 12
DEBUG: src/lcthw/hashmap.c:Hashmap_get_node:205: TRY: 13
DEBUG: src/lcthw/hashmap.c:Hashmap_get_node:205: TRY: 14
DEBUG: src/lcthw/hashmap.c:Hashmap_get_node:205: TRY: 15
DEBUG: src/lcthw/hashmap.c:Hashmap_get_node:205: TRY: 16
DEBUG: src/lcthw/hashmap.c:Hashmap_get_node:205: TRY: 17
DEBUG: src/lcthw/hashmap.c:Hashmap_get_node:205: TRY: 18
DEBUG: src/lcthw/hashmap.c:Hashmap_get_node:205: TRY: 19
DEBUG: src/lcthw/hashmap.c:Hashmap_get_node:205: TRY: 20
DEBUG: src/lcthw/hashmap.c:Hashmap_get_node:205: TRY: 21
DEBUG: src/lcthw/hashmap.c:Hashmap_get_node:205: TRY: 22
DEBUG: src/lcthw/hashmap.c:Hashmap_get_node:205: TRY: 23
DEBUG: src/lcthw/hashmap.c:Hashmap_get_node:205: TRY: 24
DEBUG: src/lcthw/hashmap.c:Hashmap_get_node:205: TRY: 25
DEBUG: src/lcthw/hashmap.c:Hashmap_get_node:205: TRY: 26
DEBUG: src/lcthw/hashmap.c:Hashmap_get_node:205: TRY: 27
DEBUG: src/lcthw/hashmap.c:Hashmap_get_node:205: TRY: 28
DEBUG: src/lcthw/hashmap.c:Hashmap_get_node:205: TRY: 29
DEBUG: src/lcthw/hashmap.c:Hashmap_get_node:205: TRY: 30
DEBUG: src/lcthw/hashmap.c:Hashmap_get_node:205: TRY: 31
DEBUG: src/lcthw/hashmap.c:Hashmap_get_node:205: TRY: 32
DEBUG: src/lcthw/hashmap.c:Hashmap_get_node:205: TRY: 33
DEBUG: src/lcthw/hashmap.c:Hashmap_get_node:205: TRY: 34
DEBUG: src/lcthw/hashmap.c:Hashmap_get_node:205: TRY: 35
DEBUG: src/lcthw/hashmap.c:Hashmap_get_node:205: TRY: 36
DEBUG: src/lcthw/hashmap.c:Hashmap_get_node:205: TRY: 37
DEBUG: src/lcthw/hashmap.c:Hashmap_get_node:205: TRY: 38
DEBUG: src/lcthw/hashmap.c:Hashmap_get_node:205: TRY: 39
DEBUG: src/lcthw/hashmap.c:Hashmap_get_node:205: TRY: 40
DEBUG: src/lcthw/hashmap.c:Hashmap_get_node:205: TRY: 41
DEBUG: src/lcthw/hashmap.c:Hashmap_get_node:205: TRY: 42
DEBUG: src/lcthw/hashmap.c:Hashmap_get_node:205: TRY: 43
DEBUG: src/lcthw/hashmap.c:Hashmap_get_node:205: TRY: 44
DEBUG: src/lcthw/hashmap.c:Hashmap_get_node:205: TRY: 45
DEBUG: src/lcthw/hashmap.c:Hashmap_get_node:205: TRY: 46
DEBUG: src/lcthw/hashmap.c:Hashmap_get_node:205: TRY: 47
DEBUG: src/lcthw/hashmap.c:Hashmap_get_node:205: TRY: 48
DEBUG: src/lcthw/hashmap.c:Hashmap_get_node:205: TRY: 49
DEBUG: src/lcthw/hashmap.c:Hashmap_get_node:205: TRY: 50
DEBUG: src/lcthw/hashmap.c:Hashmap_get_node:205: TRY: 51
DEBUG: src/lcthw/hashmap.c:Hashmap_get_node:205: TRY: 52
DEBUG: src/lcthw/hashmap.c:Hashmap_get_node:205: TRY: 53
DEBUG: src/lcthw/hashmap.c:Hashmap_get_node:205: TRY: 54
DEBUG: src/lcthw/hashmap.c:Hashmap_get_node:205: TRY: 55
DEBUG: src/lcthw/hashmap.c:Hashmap_get_node:205: TRY: 56
DEBUG: src/lcthw/hashmap.c:Hashmap_get_node:205: TRY: 57
DEBUG: src/lcthw/hashmap.c:Hashmap_get_node:205: TRY: 58
DEBUG: src/lcthw/hashmap.c:Hashmap_get_node:205: TRY: 59
DEBUG: src/lcthw/hashmap.c:Hashmap_get_node:205: TRY: 60
DEBUG: src/lcthw/hashmap.c:Hashmap_get_node:205: TRY: 61
DEBUG: src/lcthw/hashmap.c:Hashmap_get_node:205: TRY: 62
DEBUG: src/lcthw/hashmap.c:Hashmap_get_node:205: TRY: 63
DEBUG: src/lcthw/hashmap.c:Hashmap_get_node:205: TRY: 64
DEBUG: src/lcthw/hashmap.c:Hashmap_get_node:205: TRY: 65
DEBUG: src/lcthw/hashmap.c:Hashmap_get_node:205: TRY: 66
DEBUG: src/lcthw/hashmap.c:Hashmap_get_node:205: TRY: 67
DEBUG: src/lcthw/hashmap.c:Hashmap_get_node:205: TRY: 68
DEBUG: src/lcthw/hashmap.c:Hashmap_get_node:205: TRY: 69
DEBUG: src/lcthw/hashmap.c:Hashmap_get_node:205: TRY: 70
DEBUG: src/lcthw/hashmap.c:Hashmap_get_node:205: TRY: 71
DEBUG: src/lcthw/hashmap.c:Hashmap_get_node:205: TRY: 72
DEBUG: src/lcthw/hashmap.c:Hashmap_get_node:205: TRY: 73
DEBUG: src/lcthw/hashmap.c:Hashmap_get_node:205: TRY: 74
DEBUG: src/lcthw/hashmap.c:Hashmap_get_node:205: TRY: 75
DEBUG: src/lcthw/hashmap.c:Hashmap_get_node:205: TRY: 76
DEBUG: src/lcthw/hashmap.c:Hashmap_get_node:205: TRY: 77
DEBUG: src/lcthw/hashmap.c:Hashmap_get_node:205: TRY: 78
DEBUG: src/lcthw/hashmap.c:Hashmap_get_node:205: TRY: 79
DEBUG: src/lcthw/hashmap.c:Hashmap_get_node:205: TRY: 80
DEBUG: src/lcthw/hashmap.c:Hashmap_get_node:205: TRY: 81
DEBUG: src/lcthw/hashmap.c:Hashmap_get_node:205: TRY: 82
DEBUG: src/lcthw/hashmap.c:Hashmap_get_node:205: TRY: 83
DEBUG: src/lcthw/hashmap.c:Hashmap_get_node:205: TRY: 84
DEBUG: src/lcthw/hashmap.c:Hashmap_get_node:205: TRY: 85
DEBUG: src/lcthw/hashmap.c:Hashmap_get_node:205: TRY: 86
DEBUG: src/lcthw/hashmap.c:Hashmap_get_node:205: TRY: 87
DEBUG: src/lcthw/hashmap.c:Hashmap_get_node:205: TRY: 88
DEBUG: src/lcthw/hashmap.c:Hashmap_get_node:205: TRY: 89
DEBUG: src/lcthw/hashmap.c:Hashmap_get_node:205: TRY: 90
DEBUG: src/lcthw/hashmap.c:Hashmap_get_node:205: TRY: 91
DEBUG: src/lcthw/hashmap.c:Hashmap_get_node:205: TRY: 92
DEBUG: src/lcthw/hashmap.c:Hashmap_get_node:205: TRY: 93
DEBUG: src/lcthw/hashmap.c:Hashmap_get_node:205: TRY: 0
DEBUG: src/lcthw/hashmap.c:Hashmap_get_node:205: TRY: 1
DEBUG: src/lcthw/hashmap.c:Hashmap_get_node:205: TRY: 2
DEBUG: src/lcthw/hashmap.c:Hashmap_get_node:205: TRY: 3
DEBUG: src/lcthw/hashmap.c:Hashmap_get_node:205: TRY: 4
DEBUG: src/lcthw/hashmap.c:Hashmap_get_node:205: TRY: 5
DEBUG: src/lcthw/hashmap.c:Hashmap_get_node:205: TRY: 6
DEBUG: src/lcthw/hashmap.c:Hashmap_get_node:205: TRY: 7
DEBUG: src/lcthw/hashmap.c:Hashmap_get_node:205: TRY: 8
DEBUG: src/lcthw/hashmap.c:Hashmap_get_node:205: TRY: 9
DEBUG: src/lcthw/hashmap.c:Hashmap_get_node:205: TRY: 10
DEBUG: src/lcthw/hashmap.c:Hashmap_get_node:205: TRY: 11
DEBUG: src/lcthw/hashmap.c:Hashmap_get_node:205: TRY: 12
DEBUG: src/lcthw/hashmap.c:Hashmap_get_node:205: TRY: 13
DEBUG: src/lcthw/hashmap.c:Hashmap_get_node:205: TRY: 14
DEBUG: src/lcthw/hashmap.c:Hashmap_get_node:205: TRY: 15
DEBUG: src/lcthw/hashmap.c:Hashmap_get_node:205: TRY: 16
DEBUG: src/lcthw/hashmap.c:Hashmap_get_node:205: TRY: 17
DEBUG: src/lcthw/hashmap.c:Hashmap_get_node:205: TRY: 18
DEBUG: src/lcthw/hashmap.c:Hashmap_get_node:205: TRY: 19
DEBUG: src/lcthw/hashmap.c:Hashmap_get_node:205: TRY: 20
DEBUG: src/lcthw/hashmap.c:Hashmap_get_node:205: TRY: 21
DEBUG: src/lcthw/hashmap.c:Hashmap_get_node:205: TRY: 22
DEBUG: src/lcthw/hashmap.c:Hashmap_get_node:205: TRY: 23
DEBUG: src/lcthw/hashmap.c:Hashmap_get_node:205: TRY: 24
DEBUG: src/lcthw/hashmap.c:Hashmap_get_node:205: TRY: 25
DEBUG: src/lcthw/hashmap.c:Hashmap_get_node:205: TRY: 26
DEBUG: src/lcthw/hashmap.c:Hashmap_get_node:205: TRY: 27
DEBUG: src/lcthw/hashmap.c:Hashmap_get_node:205: TRY: 28
DEBUG: src/lcthw/hashmap.c:Hashmap_get_node:205: TRY: 29
DEBUG: src/lcthw/hashmap.c:Hashmap_get_node:205: TRY: 30
DEBUG: src/lcthw/hashmap.c:Hashmap_get_node:205: TRY: 31
DEBUG: src/lcthw/hashmap.c:Hashmap_get_node:205: TRY: 32
DEBUG: src/lcthw/hashmap.c:Hashmap_get_node:205: TRY: 33
DEBUG: src/lcthw/hashmap.c:Hashmap_get_node:205: TRY: 34
DEBUG: src/lcthw/hashmap.c:Hashmap_get_node:205: TRY: 35
DEBUG: src/lcthw/hashmap.c:Hashmap_get_node:205: TRY: 36
DEBUG: src/lcthw/hashmap.c:Hashmap_get_node:205: TRY: 37
DEBUG: src/lcthw/hashmap.c:Hashmap_get_node:205: TRY: 38
DEBUG: src/lcthw/hashmap.c:Hashmap_get_node:205: TRY: 39
DEBUG: src/lcthw/hashmap.c:Hashmap_get_node:205: TRY: 40
DEBUG: src/lcthw/hashmap.c:Hashmap_get_node:205: TRY: 41
DEBUG: src/lcthw/hashmap.c:Hashmap_get_node:205: TRY: 42
DEBUG: src/lcthw/hashmap.c:Hashmap_get_node:205: TRY: 43
DEBUG: src/lcthw/hashmap.c:Hashmap_get_node:205: TRY: 44
DEBUG: src/lcthw/hashmap.c:Hashmap_get_node:205: TRY: 45
DEBUG: src/lcthw/hashmap.c:Hashmap_get_node:205: TRY: 46
DEBUG: src/lcthw/hashmap.c:Hashmap_get_node:205: TRY: 47
DEBUG: src/lcthw/hashmap.c:Hashmap_get_node:205: TRY: 48
DEBUG: src/lcthw/hashmap.c:Hashmap_get_node:205: TRY: 49
DEBUG: src/lcthw/hashmap.c:Hashmap_get_node:205: TRY: 50
DEBUG: src/lcthw/hashmap.c:Hashmap_get_node:205: TRY: 51
DEBUG: src/lcthw/hashmap.c:Hashmap_get_node:205: TRY: 52
DEBUG: src/lcthw/hashmap.c:Hashmap_get_node:205: TRY: 53
DEBUG: src/lcthw/hashmap.c:Hashmap_get_node:205: TRY: 54
DEBUG: src/lcthw/hashmap.c:Hashmap_get_node:205: TRY: 55
DEBUG: src/lcthw/hashmap.c:Hashmap_get_node:205: TRY: 0
DEBUG: src/lcthw/hashmap.c:Hashmap_get_node:205: TRY: 1
DEBUG: src/lcthw/hashmap.c:Hashmap_get_node:205: TRY: 2
DEBUG: src/lcthw/hashmap.c:Hashmap_get_node:205: TRY: 3
DEBUG: src/lcthw/hashmap.c:Hashmap_get_node:205: TRY: 4
DEBUG: src/lcthw/hashmap.c:Hashmap_get_node:205: TRY: 5
DEBUG: src/lcthw/hashmap.c:Hashmap_get_node:205: TRY: 6
DEBUG: src/lcthw/hashmap.c:Hashmap_get_node:205: TRY: 7
DEBUG: src/lcthw/hashmap.c:Hashmap_get_node:205: TRY: 8
DEBUG: src/lcthw/hashmap.c:Hashmap_get_node:205: TRY: 9
DEBUG: src/lcthw/hashmap.c:Hashmap_get_node:205: TRY: 10
DEBUG: src/lcthw/hashmap.c:Hashmap_get_node:205: TRY: 11
DEBUG: src/lcthw/hashmap.c:Hashmap_get_node:205: TRY: 12
DEBUG: src/lcthw/hashmap.c:Hashmap_get_node:205: TRY: 13
DEBUG: src/lcthw/hashmap.c:Hashmap_get_node:205: TRY: 14
DEBUG: src/lcthw/hashmap.c:Hashmap_get_node:205: TRY: 15
DEBUG: src/lcthw/hashmap.c:Hashmap_get_node:205: TRY: 16
DEBUG: src/lcthw/hashmap.c:Hashmap_get_node:205: TRY: 17
DEBUG: src/lcthw/hashmap.c:Hashmap_get_node:205: TRY: 18
DEBUG: src/lcthw/hashmap.c:Hashmap_get_node:205: TRY: 19
DEBUG: src/lcthw/hashmap.c:Hashmap_get_node:205: TRY: 20
DEBUG: src/lcthw/hashmap.c:Hashmap_get_node:205: TRY: 21
DEBUG: src/lcthw/hashmap.c:Hashmap_get_node:205: TRY: 22
DEBUG: src/lcthw/hashmap.c:Hashmap_get_node:205: TRY: 23
DEBUG: src/lcthw/hashmap.c:Hashmap_get_node:205: TRY: 24
DEBUG: src/lcthw/hashmap.c:Hashmap_get_node:205: TRY: 25
DEBUG: src/lcthw/hashmap.c:Hashmap_get_node:205: TRY: 26
DEBUG: src/lcthw/hashmap.c:Hashmap_get_node:205: TRY: 27
DEBUG: src/lcthw/hashmap.c:Hashmap_get_node:205: TRY: 28
DEBUG: src/lcthw/hashmap.c:Hashmap_get_node:205: TRY: 29
DEBUG: src/lcthw/hashmap.c:Hashmap_get_node:205: TRY: 30
DEBUG: src/lcthw/hashmap.c:Hashmap_get_node:205: TRY: 31
DEBUG: src/lcthw/hashmap.c:Hashmap_get_node:205: TRY: 32
DEBUG: src/lcthw/hashmap.c:Hashmap_get_node:205: TRY: 33
DEBUG: src/lcthw/hashmap.c:Hashmap_get_node:205: TRY: 34
DEBUG: src/lcthw/hashmap.c:Hashmap_get_node:205: TRY: 35
DEBUG: src/lcthw/hashmap.c:Hashmap_get_node:205: TRY: 36
DEBUG: src/lcthw/hashmap.c:Hashmap_get_node:205: TRY: 37
DEBUG: src/lcthw/hashmap.c:Hashmap_get_node:205: TRY: 38
DEBUG: src/lcthw/hashmap.c:Hashmap_get_node:205: TRY: 39
DEBUG: src/lcthw/hashmap.c:Hashmap_get_node:205: TRY: 40
DEBUG: src/lcthw/hashmap.c:Hashmap_get_node:205: TRY: 41
DEBUG: src/lcthw/hashmap.c:Hashmap_get_node:205: TRY: 42
DEBUG: src/lcthw/hashmap.c:Hashmap_get_node:205: TRY: 43
DEBUG: src/lcthw/hashmap.c:Hashmap_get_node:205: TRY: 44
DEBUG: src/lcthw/hashmap.c:Hashmap_get_node:205: TRY: 45
DEBUG: src/lcthw/hashmap.c:Hashmap_get_node:205: TRY: 46
DEBUG: src/lcthw/hashmap.c:Hashmap_get_node:205: TRY: 47
DEBUG: src/lcthw/hashmap.c:Hashmap_get_node:205: TRY: 48
DEBUG: src/lcthw/hashmap.c:Hashmap_get_node:205: TRY: 49
DEBUG: src/lcthw/hashmap.c:Hashmap_get_node:205: TRY: 50
DEBUG: src/lcthw/hashmap.c:Hashmap_get_node:205: TRY: 51
DEBUG: src/lcthw/hashmap.c:Hashmap_get_node:205: TRY: 52
DEBUG: src/lcthw/hashmap.c:Hashmap_get_node:205: TRY: 53
DEBUG: src/lcthw/hashmap.c:Hashmap_get_node:205: TRY: 54
DEBUG: src/lcthw/hashmap.c:Hashmap_get_node:205: TRY: 55
DEBUG: src/lcthw/hashmap.c:Hashmap_get_node:205: TRY: 56
DEBUG: src/lcthw/hashmap.c:Hashmap_get_node:205: TRY: 57
DEBUG: src/lcthw/hashmap.c:Hashmap_get_node:205: TRY: 58
DEBUG: src/lcthw/hashmap.c:Hashmap_get_node:205: TRY: 59
DEBUG: src/lcthw/hashmap.c:Hashmap_get_node:205: TRY: 60
DEBUG: src/lcthw/hashmap.c:Hashmap_get_node:205: TRY: 61
DEBUG: src/lcthw/hashmap.c:Hashmap_get_node:205: TRY: 62
DEBUG: src/lcthw/hashmap.c:Hashmap_get_node:205: TRY: 63
DEBUG: src/lcthw/hashmap.c:Hashmap_get_node:205: TRY: 64
DEBUG: src/lcthw/hashmap.c:Hashmap_get_node:205: TRY: 65
DEBUG: src/lcthw/hashmap.c:Hashmap_get_node:205: TRY: 66
DEBUG: src/lcthw/hashmap.c:Hashmap_get_node:205: TRY: 67
DEBUG: src/lcthw/hashmap.c:Hashmap_get_node:205: TRY: 68
DEBUG: src/lcthw/hashmap.c:Hashmap_get_node:205: TRY: 0
DEBUG: src/lcthw/hashmap.c:Hashmap_get_node:205: TRY: 1
DEBUG: src/lcthw/hashmap.c:Hashmap_get_node:205: TRY: 2
DEBUG: src/lcthw/hashmap.c:Hashmap_get_node:205: TRY: 3
DEBUG: src/lcthw/hashmap.c:Hashmap_get_node:205: TRY: 4
DEBUG: src/lcthw/hashmap.c:Hashmap_get_node:205: TRY: 5
DEBUG: src/lcthw/hashmap.c:Hashmap_get_node:205: TRY: 6
DEBUG: src/lcthw/hashmap.c:Hashmap_get_node:205: TRY: 7
DEBUG: src/lcthw/hashmap.c:Hashmap_get_node:205: TRY: 8
DEBUG: src/lcthw/hashmap.c:Hashmap_get_node:205: TRY: 9
DEBUG: src/lcthw/hashmap.c:Hashmap_get_node:205: TRY: 10
DEBUG: src/lcthw/hashmap.c:Hashmap_get_node:205: TRY: 11
DEBUG: src/lcthw/hashmap.c:Hashmap_get_node:205: TRY: 12
DEBUG: src/lcthw/hashmap.c:Hashmap_get_node:205: TRY: 13
DEBUG: src/lcthw/hashmap.c:Hashmap_get_node:205: TRY: 14
DEBUG: src/lcthw/hashmap.c:Hashmap_get_node:205: TRY: 15
DEBUG: src/lcthw/hashmap.c:Hashmap_get_node:205: TRY: 16
DEBUG: src/lcthw/hashmap.c:Hashmap_get_node:205: TRY: 17
DEBUG: src/lcthw/hashmap.c:Hashmap_get_node:205: TRY: 18
DEBUG: src/lcthw/hashmap.c:Hashmap_get_node:205: TRY: 19
DEBUG: src/lcthw/hashmap.c:Hashmap_get_node:205: TRY: 20
DEBUG: src/lcthw/hashmap.c:Hashmap_get_node:205: TRY: 21
DEBUG: src/lcthw/hashmap.c:Hashmap_get_node:205: TRY: 22
DEBUG: src/lcthw/hashmap.c:Hashmap_get_node:205: TRY: 23
DEBUG: src/lcthw/hashmap.c:Hashmap_get_node:205: TRY: 24
DEBUG: src/lcthw/hashmap.c:Hashmap_get_node:205: TRY: 25
DEBUG: src/lcthw/hashmap.c:Hashmap_get_node:205: TRY: 26
DEBUG: src/lcthw/hashmap.c:Hashmap_get_node:205: TRY: 27
DEBUG: src/lcthw/hashmap.c:Hashmap_get_node:205: TRY: 28
DEBUG: src/lcthw/hashmap.c:Hashmap_get_node:205: TRY: 29
DEBUG: src/lcthw/hashmap.c:Hashmap_get_node:205: TRY: 30
DEBUG: src/lcthw/hashmap.c:Hashmap_get_node:205: TRY: 31
DEBUG: src/lcthw/hashmap.c:Hashmap_get_node:205: TRY: 32
DEBUG: src/lcthw/hashmap.c:Hashmap_get_node:205: TRY: 33
DEBUG: src/lcthw/hashmap.c:Hashmap_get_node:205: TRY: 34
DEBUG: src/lcthw/hashmap.c:Hashmap_get_node:205: TRY: 35
DEBUG: src/lcthw/hashmap.c:Hashmap_get_node:205: TRY: 36
DEBUG: src/lcthw/hashmap.c:Hashmap_get_node:205: TRY: 37
DEBUG: src/lcthw/hashmap.c:Hashmap_get_node:205: TRY: 38
DEBUG: src/lcthw/hashmap.c:Hashmap_get_node:205: TRY: 39
DEBUG: src/lcthw/hashmap.c:Hashmap_get_node:205: TRY: 40
DEBUG: src/lcthw/hashmap.c:Hashmap_get_node:205: TRY: 41
DEBUG: src/lcthw/hashmap.c:Hashmap_get_node:205: TRY: 42
DEBUG: src/lcthw/hashmap.c:Hashmap_get_node:205: TRY: 43
DEBUG: src/lcthw/hashmap.c:Hashmap_get_node:205: TRY: 44
DEBUG: src/lcthw/hashmap.c:Hashmap_get_node:205: TRY: 45
DEBUG: src/lcthw/hashmap.c:Hashmap_get_node:205: TRY: 46
DEBUG: src/lcthw/hashmap.c:Hashmap_get_node:205: TRY: 47
DEBUG: src/lcthw/hashmap.c:Hashmap_get_node:205: TRY: 48
DEBUG: src/lcthw/hashmap.c:Hashmap_get_node:205: TRY: 49
DEBUG: src/lcthw/hashmap.c:Hashmap_get_node:205: TRY: 50
DEBUG: src/lcthw/hashmap.c:Hashmap_get_node:205: TRY: 51
DEBUG: src/lcthw/hashmap.c:Hashmap_get_node:205: TRY: 52
DEBUG: src/lcthw/hashmap.c:Hashmap_get_node:205: TRY: 53
DEBUG: src/lcthw/hashmap.c:Hashmap_get_node:205: TRY: 54
DEBUG: src/lcthw/hashmap.c:Hashmap_get_node:205: TRY: 55
DEBUG: src/lcthw/hashmap.c:Hashmap_get_node:205: TRY: 56
DEBUG: src/lcthw/hashmap.c:Hashmap_get_node:205: TRY: 57
DEBUG: src/lcthw/hashmap.c:Hashmap_get_node:205: TRY: 0
DEBUG: src/lcthw/hashmap.c:Hashmap_get_node:205: TRY: 1
DEBUG: src/lcthw/hashmap.c:Hashmap_get_node:205: TRY: 2
DEBUG: src/lcthw/hashmap.c:Hashmap_get_node:205: TRY: 3
DEBUG: src/lcthw/hashmap.c:Hashmap_get_node:205: TRY: 4
DEBUG: src/lcthw/hashmap.c:Hashmap_get_node:205: TRY: 5
DEBUG: src/lcthw/hashmap.c:Hashmap_get_node:205: TRY: 6
DEBUG: src/lcthw/hashmap.c:Hashmap_get_node:205: TRY: 7
DEBUG: src/lcthw/hashmap.c:Hashmap_get_node:205: TRY: 8
DEBUG: src/lcthw/hashmap.c:Hashmap_get_node:205: TRY: 9
DEBUG: src/lcthw/hashmap.c:Hashmap_get_node:205: TRY: 10
DEBUG: src/lcthw/hashmap.c:Hashmap_get_node:205: TRY: 11
DEBUG: src/lcthw/hashmap.c:Hashmap_get_node:205: TRY: 12
DEBUG: src/lcthw/hashmap.c:Hashmap_get_node:205: TRY: 13
DEBUG: src/lcthw/hashmap.c:Hashmap_get_node:205: TRY: 14
DEBUG: src/lcthw/hashmap.c:Hashmap_get_node:205: TRY: 15
DEBUG: src/lcthw/hashmap.c:Hashmap_get_node:205: TRY: 16
DEBUG: src/lcthw/hashmap.c:Hashmap_get_node:205: TRY: 17
DEBUG: src/lcthw/hashmap.c:Hashmap_get_node:205: TRY: 18
DEBUG: src/lcthw/hashmap.c:Hashmap_get_node:205: TRY: 19
DEBUG: src/lcthw/hashmap.c:Hashmap_get_node:205: TRY: 20
DEBUG: src/lcthw/hashmap.c:Hashmap_get_node:205: TRY: 21
DEBUG: src/lcthw/hashmap.c:Hashmap_get_node:205: TRY: 22
DEBUG: src/lcthw/hashmap.c:Hashmap_get_node:205: TRY: 23
DEBUG: src/lcthw/hashmap.c:Hashmap_get_node:205: TRY: 24
DEBUG: src/lcthw/hashmap.c:Hashmap_get_node:205: TRY: 25
DEBUG: src/lcthw/hashmap.c:Hashmap_get_node:205: TRY: 26
DEBUG: src/lcthw/hashmap.c:Hashmap_get_node:205: TRY: 27
DEBUG: src/lcthw/hashmap.c:Hashmap_get_node:205: TRY: 28
DEBUG: src/lcthw/hashmap.c:Hashmap_get_node:205: TRY: 29
DEBUG: src/lcthw/hashmap.c:Hashmap_get_node:205: TRY: 30
DEBUG: src/lcthw/hashmap.c:Hashmap_get_node:205: TRY: 31
DEBUG: src/lcthw/hashmap.c:Hashmap_get_node:205: TRY: 32
DEBUG: src/lcthw/hashmap.c:Hashmap_get_node:205: TRY: 33
DEBUG: src/lcthw/hashmap.c:Hashmap_get_node:205: TRY: 34
DEBUG: src/lcthw/hashmap.c:Hashmap_get_node:205: TRY: 35
DEBUG: src/lcthw/hashmap.c:Hashmap_get_node:205: TRY: 36
DEBUG: src/lcthw/hashmap.c:Hashmap_get_node:205: TRY: 37
DEBUG: src/lcthw/hashmap.c:Hashmap_get_node:205: TRY: 38
DEBUG: src/lcthw/hashmap.c:Hashmap_get_node:205: TRY: 39
DEBUG: src/lcthw/hashmap.c:Hashmap_get_node:205: TRY: 40
DEBUG: src/lcthw/hashmap.c:Hashmap_get_node:205: TRY: 41
DEBUG: src/lcthw/hashmap.c:Hashmap_get_node:205: TRY: 42
DEBUG: src/lcthw/hashmap.c:Hashmap_get_node:205: TRY: 43
DEBUG: src/lcthw/hashmap.c:Hashmap_get_node:205: TRY: 44
DEBUG: src/lcthw/hashmap.c:Hashmap_get_node:205: TRY: 45
DEBUG: src/lcthw/hashmap.c:Hashmap_get_node:205: TRY: 46
DEBUG: src/lcthw/hashmap.c:Hashmap_get_node:205: TRY: 47
DEBUG: src/lcthw/hashmap.c:Hashmap_get_node:205: TRY: 48
DEBUG: src/lcthw/hashmap.c:Hashmap_get_node:205: TRY: 49
DEBUG: src/lcthw/hashmap.c:Hashmap_get_node:205: TRY: 50
DEBUG: src/lcthw/hashmap.c:Hashmap_get_node:205: TRY: 51
DEBUG: src/lcthw/hashmap.c:Hashmap_get_node:205: TRY: 52
DEBUG: src/lcthw/hashmap.c:Hashmap_get_node:205: TRY: 53
DEBUG: src/lcthw/hashmap.c:Hashmap_get_node:205: TRY: 54
DEBUG: src/lcthw/hashmap.c:Hashmap_get_node:205: TRY: 55
DEBUG: src/lcthw/hashmap.c:Hashmap_get_node:205: TRY: 56
DEBUG: src/lcthw/hashmap.c:Hashmap_get_node:205: TRY: 57
DEBUG: src/lcthw/hashmap.c:Hashmap_get_node:205: TRY: 58
DEBUG: src/lcthw/hashmap.c:Hashmap_get_node:205: TRY: 59
DEBUG: src/lcthw/hashmap.c:Hashmap_get_node:205: TRY: 60
DEBUG: src/lcthw/hashmap.c:Hashmap_get_node:205: TRY: 61
DEBUG: src/lcthw/hashmap.c:Hashmap_get_node:205: TRY: 62
DEBUG: src/lcthw/hashmap.c:Hashmap_get_node:205: TRY: 63
DEBUG: src/lcthw/hashmap.c:Hashmap_get_node:205: TRY: 64
DEBUG: src/lcthw/hashmap.c:Hashmap_get_node:205: TRY: 65
DEBUG: src/lcthw/hashmap.c:Hashmap_get_node:205: TRY: 66
DEBUG: src/lcthw/hashmap.c:Hashmap_get_node:205: TRY: 67
DEBUG: src/lcthw/hashmap.c:Hashmap_get_node:205: TRY: 68
DEBUG: src/lcthw/hashmap.c:Hashmap_get_node:205: TRY: 69
DEBUG: src/lcthw/hashmap.c:Hashmap_get_node:205: TRY: 0
DEBUG: src/lcthw/hashmap.c:Hashmap_get_node:205: TRY: 1
DEBUG: src/lcthw/hashmap.c:Hashmap_get_node:205: TRY: 2
DEBUG: src/lcthw/hashmap.c:Hashmap_get_node:205: TRY: 3
DEBUG: src/lcthw/hashmap.c:Hashmap_get_node:205: TRY: 4
DEBUG: src/lcthw/hashmap.c:Hashmap_get_node:205: TRY: 5
DEBUG: src/lcthw/hashmap.c:Hashmap_get_node:205: TRY: 6
DEBUG: src/lcthw/hashmap.c:Hashmap_get_node:205: TRY: 7
DEBUG: src/lcthw/hashmap.c:Hashmap_get_node:205: TRY: 8
DEBUG: src/lcthw/hashmap.c:Hashmap_get_node:205: TRY: 9
DEBUG: src/lcthw/hashmap.c:Hashmap_get_node:205: TRY: 10
DEBUG: src/lcthw/hashmap.c:Hashmap_get_node:205: TRY: 11
DEBUG: src/lcthw/hashmap.c:Hashmap_get_node:205: TRY: 12
DEBUG: src/lcthw/hashmap.c:Hashmap_get_node:205: TRY: 13
DEBUG: src/lcthw/hashmap.c:Hashmap_get_node:205: TRY: 14
DEBUG: src/lcthw/hashmap.c:Hashmap_get_node:205: TRY: 15
DEBUG: src/lcthw/hashmap.c:Hashmap_get_node:205: TRY: 16
DEBUG: src/lcthw/hashmap.c:Hashmap_get_node:205: TRY: 17
DEBUG: src/lcthw/hashmap.c:Hashmap_get_node:205: TRY: 18
DEBUG: src/lcthw/hashmap.c:Hashmap_get_node:205: TRY: 19
DEBUG: src/lcthw/hashmap.c:Hashmap_get_node:205: TRY: 20
DEBUG: src/lcthw/hashmap.c:Hashmap_get_node:205: TRY: 21
DEBUG: src/lcthw/hashmap.c:Hashmap_get_node:205: TRY: 22
DEBUG: src/lcthw/hashmap.c:Hashmap_get_node:205: TRY: 23
DEBUG: src/lcthw/hashmap.c:Hashmap_get_node:205: TRY: 24
DEBUG: src/lcthw/hashmap.c:Hashmap_get_node:205: TRY: 25
DEBUG: src/lcthw/hashmap.c:Hashmap_get_node:205: TRY: 26
DEBUG: src/lcthw/hashmap.c:Hashmap_get_node:205: TRY: 27
DEBUG: src/lcthw/hashmap.c:Hashmap_get_node:205: TRY: 28
DEBUG: src/lcthw/hashmap.c:Hashmap_get_node:205: TRY: 29
DEBUG: src/lcthw/hashmap.c:Hashmap_get_node:205: TRY: 30
DEBUG: src/lcthw/hashmap.c:Hashmap_get_node:205: TRY: 31
DEBUG: src/lcthw/hashmap.c:Hashmap_get_node:205: TRY: 32
DEBUG: src/lcthw/hashmap.c:Hashmap_get_node:205: TRY: 33
DEBUG: src/lcthw/hashmap.c:Hashmap_get_node:205: TRY: 34
DEBUG: src/lcthw/hashmap.c:Hashmap_get_node:205: TRY: 35
DEBUG: src/lcthw/hashmap.c:Hashmap_get_node:205: TRY: 36
DEBUG: src/lcthw/hashmap.c:Hashmap_get_node:205: TRY: 37
DEBUG: src/lcthw/hashmap.c:Hashmap_get_node:205: TRY: 38
DEBUG: src/lcthw/hashmap.c:Hashmap_get_node:205: TRY: 39
DEBUG: src/lcthw/hashmap.c:Hashmap_get_node:205: TRY: 40
DEBUG: src/lcthw/hashmap.c:Hashmap_get_node:205: TRY: 41
DEBUG: src/lcthw/hashmap.c:Hashmap_get_node:205: TRY: 42
DEBUG: src/lcthw/hashmap.c:Hashmap_get_node:205: TRY: 43
DEBUG: src/lcthw/hashmap.c:Hashmap_get_node:205: TRY: 44
DEBUG: src/lcthw/hashmap.c:Hashmap_get_node:205: TRY: 45
DEBUG: src/lcthw/hashmap.c:Hashmap_get_node:205: TRY: 46
DEBUG: src/lcthw/hashmap.c:Hashmap_get_node:205: TRY: 47
DEBUG: src/lcthw/hashmap.c:Hashmap_get_node:205: TRY: 48
DEBUG: src/lcthw/hashmap.c:Hashmap_get_node:205: TRY: 49
DEBUG: src/lcthw/hashmap.c:Hashmap_get_node:205: TRY: 50
DEBUG: src/lcthw/hashmap.c:Hashmap_get_node:205: TRY: 51
DEBUG: src/lcthw/hashmap.c:Hashmap_get_node:205: TRY: 52
DEBUG: src/lcthw/hashmap.c:Hashmap_get_node:205: TRY: 53
DEBUG: src/lcthw/hashmap.c:Hashmap_get_node:205: TRY: 54
DEBUG: src/lcthw/hashmap.c:Hashmap_get_node:205: TRY: 55
DEBUG: src/lcthw/hashmap.c:Hashmap_get_node:205: TRY: 56
DEBUG: src/lcthw/hashmap.c:Hashmap_get_node:205: TRY: 0
DEBUG: src/lcthw/hashmap.c:Hashmap_get_node:205: TRY: 1
DEBUG: src/lcthw/hashmap.c:Hashmap_get_node:205: TRY: 2
DEBUG: src/lcthw/hashmap.c:Hashmap_get_node:205: TRY: 3
DEBUG: src/lcthw/hashmap.c:Hashmap_get_node:205: TRY: 4
DEBUG: src/lcthw/hashmap.c:Hashmap_get_node:205: TRY: 5
DEBUG: src/lcthw/hashmap.c:Hashmap_get_node:205: TRY: 6
DEBUG: src/lcthw/hashmap.c:Hashmap_get_node:205: TRY: 7
DEBUG: src/lcthw/hashmap.c:Hashmap_get_node:205: TRY: 8
DEBUG: src/lcthw/hashmap.c:Hashmap_get_node:205: TRY: 9
DEBUG: src/lcthw/hashmap.c:Hashmap_get_node:205: TRY: 10
DEBUG: src/lcthw/hashmap.c:Hashmap_get_node:205: TRY: 11
DEBUG: src/lcthw/hashmap.c:Hashmap_get_node:205: TRY: 12
DEBUG: src/lcthw/hashmap.c:Hashmap_get_node:205: TRY: 13
DEBUG: src/lcthw/hashmap.c:Hashmap_get_node:205: TRY: 14
DEBUG: src/lcthw/hashmap.c:Hashmap_get_node:205: TRY: 15
DEBUG: src/lcthw/hashmap.c:Hashmap_get_node:205: TRY: 16
DEBUG: src/lcthw/hashmap.c:Hashmap_get_node:205: TRY: 17
DEBUG: src/lcthw/hashmap.c:Hashmap_get_node:205: TRY: 18
DEBUG: src/lcthw/hashmap.c:Hashmap_get_node:205: TRY: 19
DEBUG: src/lcthw/hashmap.c:Hashmap_get_node:205: TRY: 20
DEBUG: src/lcthw/hashmap.c:Hashmap_get_node:205: TRY: 21
DEBUG: src/lcthw/hashmap.c:Hashmap_get_node:205: TRY: 22
DEBUG: src/lcthw/hashmap.c:Hashmap_get_node:205: TRY: 23
DEBUG: src/lcthw/hashmap.c:Hashmap_get_node:205: TRY: 24
DEBUG: src/lcthw/hashmap.c:Hashmap_get_node:205: TRY: 25
DEBUG: src/lcthw/hashmap.c:Hashmap_get_node:205: TRY: 26
DEBUG: src/lcthw/hashmap.c:Hashmap_get_node:205: TRY: 27
DEBUG: src/lcthw/hashmap.c:Hashmap_get_node:205: TRY: 28
DEBUG: src/lcthw/hashmap.c:Hashmap_get_node:205: TRY: 29
DEBUG: src/lcthw/hashmap.c:Hashmap_get_node:205: TRY: 30
DEBUG: src/lcthw/hashmap.c:Hashmap_get_node:205: TRY: 31
DEBUG: src/lcthw/hashmap.c:Hashmap_get_node:205: TRY: 32
DEBUG: src/lcthw/hashmap.c:Hashmap_get_node:205: TRY: 33
DEBUG: src/lcthw/hashmap.c:Hashmap_get_node:205: TRY: 34
DEBUG: src/lcthw/hashmap.c:Hashmap_get_node:205: TRY: 35
DEBUG: src/lcthw/hashmap.c:Hashmap_get_node:205: TRY: 36
DEBUG: src/lcthw/hashmap.c:Hashmap_get_node:205: TRY: 37
DEBUG: src/lcthw/hashmap.c:Hashmap_get_node:205: TRY: 38
DEBUG: src/lcthw/hashmap.c:Hashmap_get_node:205: TRY: 39
DEBUG: src/lcthw/hashmap.c:Hashmap_get_node:205: TRY: 40
DEBUG: src/lcthw/hashmap.c:Hashmap_get_node:205: TRY: 41
DEBUG: src/lcthw/hashmap.c:Hashmap_get_node:205: TRY: 42
DEBUG: src/lcthw/hashmap.c:Hashmap_get_node:205: TRY: 43
DEBUG: src/lcthw/hashmap.c:Hashmap_get_node:205: TRY: 44
DEBUG: src/lcthw/hashmap.c:Hashmap_get_node:205: TRY: 45
DEBUG: src/lcthw/hashmap.c:Hashmap_get_node:205: TRY: 46
DEBUG: src/lcthw/hashmap.c:Hashmap_get_node:205: TRY: 47
DEBUG: src/lcthw/hashmap.c:Hashmap_get_node:205: TRY: 48
DEBUG: src/lcthw/hashmap.c:Hashmap_get_node:205: TRY: 49
DEBUG: src/lcthw/hashmap.c:Hashmap_get_node:205: TRY: 50
DEBUG: src/lcthw/hashmap.c:Hashmap_get_node:205: TRY: 51
DEBUG: src/lcthw/hashmap.c:Hashmap_get_node:205: TRY: 52
DEBUG: src/lcthw/hashmap.c:Hashmap_get_node:205: TRY: 53
DEBUG: src/lcthw/hashmap.c:Hashmap_get_node:205: TRY: 54
DEBUG: src/lcthw/hashmap.c:Hashmap_get_node:205: TRY: 55
DEBUG: src/lcthw/hashmap.c:Hashmap_get_node:205: TRY: 56
DEBUG: src/lcthw/hashmap.c:Hashmap_get_node:205: TRY: 57
DEBUG: src/lcthw/hashmap.c:Hashmap_get_node:205: TRY: 58
DEBUG: src/lcthw/hashmap.c:Hashmap_get_node:205: TRY: 59
DEBUG: src/lcthw/hashmap.c:Hashmap_get_node:205: TRY: 60
DEBUG: src/lcthw/hashmap.c:Hashmap_get_node:205: TRY: 61
DEBUG: src/lcthw/hashmap.c:Hashmap_get_node:205: TRY: 0
DEBUG: src/lcthw/hashmap.c:Hashmap_get_node:205: TRY: 1
DEBUG: src/lcthw/hashmap.c:Hashmap_get_node:205: TRY: 2
DEBUG: src/lcthw/hashmap.c:Hashmap_get_node:205: TRY: 3
DEBUG: src/lcthw/hashmap.c:Hashmap_get_node:205: TRY: 4
DEBUG: src/lcthw/hashmap.c:Hashmap_get_node:205: TRY: 5
DEBUG: src/lcthw/hashmap.c:Hashmap_get_node:205: TRY: 6
DEBUG: src/lcthw/hashmap.c:Hashmap_get_node:205: TRY: 7
DEBUG: src/lcthw/hashmap.c:Hashmap_get_node:205: TRY: 8
DEBUG: src/lcthw/hashmap.c:Hashmap_get_node:205: TRY: 9
DEBUG: src/lcthw/hashmap.c:Hashmap_get_node:205: TRY: 10
DEBUG: src/lcthw/hashmap.c:Hashmap_get_node:205: TRY: 11
DEBUG: src/lcthw/hashmap.c:Hashmap_get_node:205: TRY: 12
DEBUG: src/lcthw/hashmap.c:Hashmap_get_node:205: TRY: 13
DEBUG: src/lcthw/hashmap.c:Hashmap_get_node:205: TRY: 14
DEBUG: src/lcthw/hashmap.c:Hashmap_get_node:205: TRY: 15
DEBUG: src/lcthw/hashmap.c:Hashmap_get_node:205: TRY: 16
DEBUG: src/lcthw/hashmap.c:Hashmap_get_node:205: TRY: 17
DEBUG: src/lcthw/hashmap.c:Hashmap_get_node:205: TRY: 18
DEBUG: src/lcthw/hashmap.c:Hashmap_get_node:205: TRY: 19
DEBUG: src/lcthw/hashmap.c:Hashmap_get_node:205: TRY: 20
DEBUG: src/lcthw/hashmap.c:Hashmap_get_node:205: TRY: 21
DEBUG: src/lcthw/hashmap.c:Hashmap_get_node:205: TRY: 22
DEBUG: src/lcthw/hashmap.c:Hashmap_get_node:205: TRY: 23
DEBUG: src/lcthw/hashmap.c:Hashmap_get_node:205: TRY: 24
DEBUG: src/lcthw/hashmap.c:Hashmap_get_node:205: TRY: 25
DEBUG: src/lcthw/hashmap.c:Hashmap_get_node:205: TRY: 26
DEBUG: src/lcthw/hashmap.c:Hashmap_get_node:205: TRY: 27
DEBUG: src/lcthw/hashmap.c:Hashmap_get_node:205: TRY: 28
DEBUG: src/lcthw/hashmap.c:Hashmap_get_node:205: TRY: 29
DEBUG: src/lcthw/hashmap.c:Hashmap_get_node:205: TRY: 30
DEBUG: src/lcthw/hashmap.c:Hashmap_get_node:205: TRY: 31
DEBUG: src/lcthw/hashmap.c:Hashmap_get_node:205: TRY: 32
DEBUG: src/lcthw/hashmap.c:Hashmap_get_node:205: TRY: 33
DEBUG: src/lcthw/hashmap.c:Hashmap_get_node:205: TRY: 34
DEBUG: src/lcthw/hashmap.c:Hashmap_get_node:205: TRY: 35
DEBUG: src/lcthw/hashmap.c:Hashmap_get_node:205: TRY: 36
DEBUG: src/lcthw/hashmap.c:Hashmap_get_node:205: TRY: 37
DEBUG: src/lcthw/hashmap.c:Hashmap_get_node:205: TRY: 38
DEBUG: src/lcthw/hashmap.c:Hashmap_get_node:205: TRY: 39
DEBUG: src/lcthw/hashmap.c:Hashmap_get_node:205: TRY: 40
DEBUG: src/lcthw/hashmap.c:Hashmap_get_node:205: TRY: 41
DEBUG: src/lcthw/hashmap.c:Hashmap_get_node:205: TRY: 42
DEBUG: src/lcthw/hashmap.c:Hashmap_get_node:205: TRY: 43
DEBUG: src/lcthw/hashmap.c:Hashmap_get_node:205: TRY: 44
DEBUG: src/lcthw/hashmap.c:Hashmap_get_node:205: TRY: 45
DEBUG: src/lcthw/hashmap.c:Hashmap_get_node:205: TRY: 46
DEBUG: src/lcthw/hashmap.c:Hashmap_get_node:205: TRY: 47
DEBUG: src/lcthw/hashmap.c:Hashmap_get_node:205: TRY: 48
DEBUG: src/lcthw/hashmap.c:Hashmap_get_node:205: TRY: 49
DEBUG: src/lcthw/hashmap.c:Hashmap_get_node:205: TRY: 50
DEBUG: src/lcthw/hashmap.c:Hashmap_get_node:205: TRY: 51
DEBUG: src/lcthw/hashmap.c:Hashmap_get_node:205: TRY: 52
DEBUG: src/lcthw/hashmap.c:Hashmap_get_node:205: TRY: 53
DEBUG: src/lcthw/hashmap.c:Hashmap_get_node:205: TRY: 54
DEBUG: src/lcthw/hashmap.c:Hashmap_get_node:205: TRY: 55
DEBUG: src/lcthw/hashmap.c:Hashmap_get_node:205: TRY: 56
DEBUG: src/lcthw/hashmap.c:Hashmap_get_node:205: TRY: 57
DEBUG: src/lcthw/hashmap.c:Hashmap_get_node:205: TRY: 0
DEBUG: src/lcthw/hashmap.c:Hashmap_get_node:205: TRY: 1
DEBUG: src/lcthw/hashmap.c:Hashmap_get_node:205: TRY: 2
DEBUG: src/lcthw/hashmap.c:Hashmap_get_node:205: TRY: 3
DEBUG: src/lcthw/hashmap.c:Hashmap_get_node:205: TRY: 4
DEBUG: src/lcthw/hashmap.c:Hashmap_get_node:205: TRY: 5
DEBUG: src/lcthw/hashmap.c:Hashmap_get_node:205: TRY: 6
DEBUG: src/lcthw/hashmap.c:Hashmap_get_node:205: TRY: 7
DEBUG: src/lcthw/hashmap.c:Hashmap_get_node:205: TRY: 8
DEBUG: src/lcthw/hashmap.c:Hashmap_get_node:205: TRY: 9
DEBUG: src/lcthw/hashmap.c:Hashmap_get_node:205: TRY: 10
DEBUG: src/lcthw/hashmap.c:Hashmap_get_node:205: TRY: 11
DEBUG: src/lcthw/hashmap.c:Hashmap_get_node:205: TRY: 12
DEBUG: src/lcthw/hashmap.c:Hashmap_get_node:205: TRY: 13
DEBUG: src/lcthw/hashmap.c:Hashmap_get_node:205: TRY: 14
DEBUG: src/lcthw/hashmap.c:Hashmap_get_node:205: TRY: 15
DEBUG: src/lcthw/hashmap.c:Hashmap_get_node:205: TRY: 16
DEBUG: src/lcthw/hashmap.c:Hashmap_get_node:205: TRY: 17
DEBUG: src/lcthw/hashmap.c:Hashmap_get_node:205: TRY: 18
DEBUG: src/lcthw/hashmap.c:Hashmap_get_node:205: TRY: 19
DEBUG: src/lcthw/hashmap.c:Hashmap_get_node:205: TRY: 20
DEBUG: src/lcthw/hashmap.c:Hashmap_get_node:205: TRY: 21
DEBUG: src/lcthw/hashmap.c:Hashmap_get_node:205: TRY: 22
DEBUG: src/lcthw/hashmap.c:Hashmap_get_node:205: TRY: 23
DEBUG: src/lcthw/hashmap.c:Hashmap_get_node:205: TRY: 24
DEBUG: src/lcthw/hashmap.c:Hashmap_get_node:205: TRY: 25
DEBUG: src/lcthw/hashmap.c:Hashmap_get_node:205: TRY: 26
DEBUG: src/lcthw/hashmap.c:Hashmap_get_node:205: TRY: 27
DEBUG: src/lcthw/hashmap.c:Hashmap_get_node:205: TRY: 28
DEBUG: src/lcthw/hashmap.c:Hashmap_get_node:205: TRY: 29
DEBUG: src/lcthw/hashmap.c:Hashmap_get_node:205: TRY: 30
DEBUG: src/lcthw/hashmap.c:Hashmap_get_node:205: TRY: 31
DEBUG: src/lcthw/hashmap.c:Hashmap_get_node:205: TRY: 32
DEBUG: src/lcthw/hashmap.c:Hashmap_get_node:205: TRY: 33
DEBUG: src/lcthw/hashmap.c:Hashmap_get_node:205: TRY: 34
DEBUG: src/lcthw/hashmap.c:Hashmap_get_node:205: TRY: 35
DEBUG: src/lcthw/hashmap.c:Hashmap_get_node:205: TRY: 36
DEBUG: src/lcthw/hashmap.c:Hashmap_get_node:205: TRY: 37
DEBUG: src/lcthw/hashmap.c:Hashmap_get_node:205: TRY: 38
DEBUG: src/lcthw/hashmap.c:Hashmap_get_node:205: TRY: 39
DEBUG: src/lcthw/hashmap.c:Hashmap_get_node:205: TRY: 40
DEBUG: src/lcthw/hashmap.c:Hashmap_get_node:205: TRY: 41
DEBUG: src/lcthw/hashmap.c:Hashmap_get_node:205: TRY: 42
DEBUG: src/lcthw/hashmap.c:Hashmap_get_node:205: TRY: 43
DEBUG: src/lcthw/hashmap.c:Hashmap_get_node:205: TRY: 44
DEBUG: src/lcthw/hashmap.c:Hashmap_get_node:205: TRY: 45
DEBUG: src/lcthw/hashmap.c:Hashmap_get_node:205: TRY: 46
DEBUG: src/lcthw/hashmap.c:Hashmap_get_node:205: TRY: 47
DEBUG: src/lcthw/hashmap.c:Hashmap_get_node:205: TRY: 48
DEBUG: src/lcthw/hashmap.c:Hashmap_get_node:205: TRY: 49
DEBUG: src/lcthw/hashmap.c:Hashmap_get_node:205: TRY: 50
DEBUG: src/lcthw/hashmap.c:Hashmap_get_node:205: TRY: 51
DEBUG: src/lcthw/hashmap.c:Hashmap_get_node:205: TRY: 52
DEBUG: src/lcthw/hashmap.c:Hashmap_get_node:205: TRY: 53
DEBUG: src/lcthw/hashmap.c:Hashmap_get_node:205: TRY: 54
DEBUG: src/lcthw/hashmap.c:Hashmap_get_node:205: TRY: 55
DEBUG: src/lcthw/hashmap.c:Hashmap_get_node:205: TRY: 56
DEBUG: src/lcthw/hashmap.c:Hashmap_get_node:205: TRY: 57
DEBUG: src/lcthw/hashmap.c:Hashmap_get_node:205: TRY: 58
DEBUG: src/lcthw/hashmap.c:Hashmap_get_node:205: TRY: 59
DEBUG: src/lcthw/hashmap.c:Hashmap_get_node:205: TRY: 60
DEBUG: src/lcthw/hashmap.c:Hashmap_get_node:205: TRY: 61
DEBUG: src/lcthw/hashmap.c:Hashmap_get_node:205: TRY: 62
DEBUG: src/lcthw/hashmap.c:Hashmap_get_node:205: TRY: 63
DEBUG: src/lcthw/hashmap.c:Hashmap_get_node:205: TRY: 64
DEBUG: src/lcthw/hashmap.c:Hashmap_get_node:205: TRY: 0
DEBUG: src/lcthw/hashmap.c:Hashmap_get_node:205: TRY: 1
DEBUG: src/lcthw/hashmap.c:Hashmap_get_node:205: TRY: 2
DEBUG: src/lcthw/hashmap.c:Hashmap_get_node:205: TRY: 3
DEBUG: src/lcthw/hashmap.c:Hashmap_get_node:205: TRY: 4
DEBUG: src/lcthw/hashmap.c:Hashmap_get_node:205: TRY: 5
DEBUG: src/lcthw/hashmap.c:Hashmap_get_node:205: TRY: 6
DEBUG: src/lcthw/hashmap.c:Hashmap_get_node:205: TRY: 7
DEBUG: src/lcthw/hashmap.c:Hashmap_get_node:205: TRY: 8
DEBUG: src/lcthw/hashmap.c:Hashmap_get_node:205: TRY: 9
DEBUG: src/lcthw/hashmap.c:Hashmap_get_node:205: TRY: 10
DEBUG: src/lcthw/hashmap.c:Hashmap_get_node:205: TRY: 11
DEBUG: src/lcthw/hashmap.c:Hashmap_get_node:205: TRY: 12
DEBUG: src/lcthw/hashmap.c:Hashmap_get_node:205: TRY: 13
DEBUG: src/lcthw/hashmap.c:Hashmap_get_node:205: TRY: 14
DEBUG: src/lcthw/hashmap.c:Hashmap_get_node:205: TRY: 15
DEBUG: src/lcthw/hashmap.c:Hashmap_get_node:205: TRY: 16
DEBUG: src/lcthw/hashmap.c:Hashmap_get_node:205: TRY: 17
DEBUG: src/lcthw/hashmap.c:Hashmap_get_node:205: TRY: 18
DEBUG: src/lcthw/hashmap.c:Hashmap_get_node:205: TRY: 19
DEBUG: src/lcthw/hashmap.c:Hashmap_get_node:205: TRY: 20
DEBUG: src/lcthw/hashmap.c:Hashmap_get_node:205: TRY: 21
DEBUG: src/lcthw/hashmap.c:Hashmap_get_node:205: TRY: 22
DEBUG: src/lcthw/hashmap.c:Hashmap_get_node:205: TRY: 23
DEBUG: src/lcthw/hashmap.c:Hashmap_get_node:205: TRY: 24
DEBUG: src/lcthw/hashmap.c:Hashmap_get_node:205: TRY: 25
DEBUG: src/lcthw/hashmap.c:Hashmap_get_node:205: TRY: 26
DEBUG: src/lcthw/hashmap.c:Hashmap_get_node:205: TRY: 27
DEBUG: src/lcthw/hashmap.c:Hashmap_get_node:205: TRY: 28
DEBUG: src/lcthw/hashmap.c:Hashmap_get_node:205: TRY: 29
DEBUG: src/lcthw/hashmap.c:Hashmap_get_node:205: TRY: 30
DEBUG: src/lcthw/hashmap.c:Hashmap_get_node:205: TRY: 31
DEBUG: src/lcthw/hashmap.c:Hashmap_get_node:205: TRY: 32
DEBUG: src/lcthw/hashmap.c:Hashmap_get_node:205: TRY: 33
DEBUG: src/lcthw/hashmap.c:Hashmap_get_node:205: TRY: 34
DEBUG: src/lcthw/hashmap.c:Hashmap_get_node:205: TRY: 35
DEBUG: src/lcthw/hashmap.c:Hashmap_get_node:205: TRY: 36
DEBUG: src/lcthw/hashmap.c:Hashmap_get_node:205: TRY: 37
DEBUG: src/lcthw/hashmap.c:Hashmap_get_node:205: TRY: 38
DEBUG: src/lcthw/hashmap.c:Hashmap_get_node:205: TRY: 39
DEBUG: src/lcthw/hashmap.c:Hashmap_get_node:205: TRY: 40
DEBUG: src/lcthw/hashmap.c:Hashmap_get_node:205: TRY: 41
DEBUG: src/lcthw/hashmap.c:Hashmap_get_node:205: TRY: 42
DEBUG: src/lcthw/hashmap.c:Hashmap_get_node:205: TRY: 43
DEBUG: src/lcthw/hashmap.c:Hashmap_get_node:205: TRY: 44
DEBUG: src/lcthw/hashmap.c:Hashmap_get_node:205: TRY: 45
DEBUG: src/lcthw/hashmap.c:Hashmap_get_node:205: TRY: 46
DEBUG: src/lcthw/hashmap.c:Hashmap_get_node:205: TRY: 47
DEBUG: src/lcthw/hashmap.c:Hashmap_get_node:205: TRY: 48
DEBUG: src/lcthw/hashmap.c:Hashmap_get_node:205: TRY: 49
DEBUG: src/lcthw/hashmap.c:Hashmap_get_node:205: TRY: 50
DEBUG: src/lcthw/hashmap.c:Hashmap_get_node:205: TRY: 51
DEBUG: src/lcthw/hashmap.c:Hashmap_get_node:205: TRY: 52
DEBUG: src/lcthw/hashmap.c:Hashmap_get_node:205: TRY: 53
DEBUG: src/lcthw/hashmap.c:Hashmap_get_node:205: TRY: 54
DEBUG: src/lcthw/hashmap.c:Hashmap_get_node:205: TRY: 55
DEBUG: src/lcthw/hashmap.c:Hashmap_get_node:205: TRY: 56
DEBUG: src/lcthw/hashmap.c:Hashmap_get_node:205: TRY: 57
DEBUG: src/lcthw/hashmap.c:Hashmap_get_node:205: TRY: 58
DEBUG: src/lcthw/hashmap.c:Hashmap_get_node:205: TRY: 0
DEBUG: src/lcthw/hashmap.c:Hashmap_get_node:205: TRY: 1
DEBUG: src/lcthw/hashmap.c:Hashmap_get_node:205: TRY: 2
DEBUG: src/lcthw/hashmap.c:Hashmap_get_node:205: TRY: 3
DEBUG: src/lcthw/hashmap.c:Hashmap_get_node:205: TRY: 4
DEBUG: src/lcthw/hashmap.c:Hashmap_get_node:205: TRY: 5
DEBUG: src/lcthw/hashmap.c:Hashmap_get_node:205: TRY: 6
DEBUG: src/lcthw/hashmap.c:Hashmap_get_node:205: TRY: 7
DEBUG: src/lcthw/hashmap.c:Hashmap_get_node:205: TRY: 8
DEBUG: src/lcthw/hashmap.c:Hashmap_get_node:205: TRY: 9
DEBUG: src/lcthw/hashmap.c:Hashmap_get_node:205: TRY: 10
DEBUG: src/lcthw/hashmap.c:Hashmap_get_node:205: TRY: 11
DEBUG: src/lcthw/hashmap.c:Hashmap_get_node:205: TRY: 12
DEBUG: src/lcthw/hashmap.c:Hashmap_get_node:205: TRY: 13
DEBUG: src/lcthw/hashmap.c:Hashmap_get_node:205: TRY: 14
DEBUG: src/lcthw/hashmap.c:Hashmap_get_node:205: TRY: 15
DEBUG: src/lcthw/hashmap.c:Hashmap_get_node:205: TRY: 16
DEBUG: src/lcthw/hashmap.c:Hashmap_get_node:205: TRY: 17
DEBUG: src/lcthw/hashmap.c:Hashmap_get_node:205: TRY: 18
DEBUG: src/lcthw/hashmap.c:Hashmap_get_node:205: TRY: 19
DEBUG: src/lcthw/hashmap.c:Hashmap_get_node:205: TRY: 20
DEBUG: src/lcthw/hashmap.c:Hashmap_get_node:205: TRY: 21
DEBUG: src/lcthw/hashmap.c:Hashmap_get_node:205: TRY: 22
DEBUG: src/lcthw/hashmap.c:Hashmap_get_node:205: TRY: 23
DEBUG: src/lcthw/hashmap.c:Hashmap_get_node:205: TRY: 24
DEBUG: src/lcthw/hashmap.c:Hashmap_get_node:205: TRY: 25
DEBUG: src/lcthw/hashmap.c:Hashmap_get_node:205: TRY: 26
DEBUG: src/lcthw/hashmap.c:Hashmap_get_node:205: TRY: 27
DEBUG: src/lcthw/hashmap.c:Hashmap_get_node:205: TRY: 28
DEBUG: src/lcthw/hashmap.c:Hashmap_get_node:205: TRY: 29
DEBUG: src/lcthw/hashmap.c:Hashmap_get_node:205: TRY: 30
DEBUG: src/lcthw/hashmap.c:Hashmap_get_node:205: TRY: 31
DEBUG: src/lcthw/hashmap.c:Hashmap_get_node:205: TRY: 32
DEBUG: src/lcthw/hashmap.c:Hashmap_get_node:205: TRY: 33
DEBUG: src/lcthw/hashmap.c:Hashmap_get_node:205: TRY: 34
DEBUG: src/lcthw/hashmap.c:Hashmap_get_node:205: TRY: 35
DEBUG: src/lcthw/hashmap.c:Hashmap_get_node:205: TRY: 36
DEBUG: src/lcthw/hashmap.c:Hashmap_get_node:205: TRY: 37
DEBUG: src/lcthw/hashmap.c:Hashmap_get_node:205: TRY: 38
DEBUG: src/lcthw/hashmap.c:Hashmap_get_node:205: TRY: 39
DEBUG: src/lcthw/hashmap.c:Hashmap_get_node:205: TRY: 40
DEBUG: src/lcthw/hashmap.c:Hashmap_get_node:205: TRY: 41
DEBUG: src/lcthw/hashmap.c:Hashmap_get_node:205: TRY: 42
DEBUG: src/lcthw/hashmap.c:Hashmap_get_node:205: TRY: 43
DEBUG: src/lcthw/hashmap.c:Hashmap_get_node:205: TRY: 44
DEBUG: src/lcthw/hashmap.c:Hashmap_get_node:205: TRY: 45
DEBUG: src/lcthw/hashmap.c:Hashmap_get_node:205: TRY: 46
DEBUG: src/lcthw/hashmap.c:Hashmap_get_node:205: TRY: 47
DEBUG: src/lcthw/hashmap.c:Hashmap_get_node:205: TRY: 48
DEBUG: src/lcthw/hashmap.c:Hashmap_get_node:205: TRY: 49
DEBUG: src/lcthw/hashmap.c:Hashmap_get_node:205: TRY: 50
DEBUG: src/lcthw/hashmap.c:Hashmap_get_node:205: TRY: 51
DEBUG: src/lcthw/hashmap.c:Hashmap_get_node:205: TRY: 52
DEBUG: src/lcthw/hashmap.c:Hashmap_get_node:205: TRY: 53
DEBUG: src/lcthw/hashmap.c:Hashmap_get_node:205: TRY: 54
DEBUG: src/lcthw/hashmap.c:Hashmap_get_node:205: TRY: 55
DEBUG: src/lcthw/hashmap.c:Hashmap_get_node:205: TRY: 56
DEBUG: src/lcthw/hashmap.c:Hashmap_get_node:205: TRY: 57
DEBUG: src/lcthw/hashmap.c:Hashmap_get_node:205: TRY: 58
DEBUG: src/lcthw/hashmap.c:Hashmap_get_node:205: TRY: 0
DEBUG: src/lcthw/hashmap.c:Hashmap_get_node:205: TRY: 1
DEBUG: src/lcthw/hashmap.c:Hashmap_get_node:205: TRY: 2
DEBUG: src/lcthw/hashmap.c:Hashmap_get_node:205: TRY: 3
DEBUG: src/lcthw/hashmap.c:Hashmap_get_node:205: TRY: 4
DEBUG: src/lcthw/hashmap.c:Hashmap_get_node:205: TRY: 5
DEBUG: src/lcthw/hashmap.c:Hashmap_get_node:205: TRY: 6
DEBUG: src/lcthw/hashmap.c:Hashmap_get_node:205: TRY: 7
DEBUG: src/lcthw/hashmap.c:Hashmap_get_node:205: TRY: 8
DEBUG: src/lcthw/hashmap.c:Hashmap_get_node:205: TRY: 9
DEBUG: src/lcthw/hashmap.c:Hashmap_get_node:205: TRY: 10
DEBUG: src/lcthw/hashmap.c:Hashmap_get_node:205: TRY: 11
DEBUG: src/lcthw/hashmap.c:Hashmap_get_node:205: TRY: 12
DEBUG: src/lcthw/hashmap.c:Hashmap_get_node:205: TRY: 13
DEBUG: src/lcthw/hashmap.c:Hashmap_get_node:205: TRY: 14
DEBUG: src/lcthw/hashmap.c:Hashmap_get_node:205: TRY: 15
DEBUG: src/lcthw/hashmap.c:Hashmap_get_node:205: TRY: 16
DEBUG: src/lcthw/hashmap.c:Hashmap_get_node:205: TRY: 17
DEBUG: src/lcthw/hashmap.c:Hashmap_get_node:205: TRY: 18
DEBUG: src/lcthw/hashmap.c:Hashmap_get_node:205: TRY: 19
DEBUG: src/lcthw/hashmap.c:Hashmap_get_node:205: TRY: 20
DEBUG: src/lcthw/hashmap.c:Hashmap_get_node:205: TRY: 21
DEBUG: src/lcthw/hashmap.c:Hashmap_get_node:205: TRY: 22
DEBUG: src/lcthw/hashmap.c:Hashmap_get_node:205: TRY: 23
DEBUG: src/lcthw/hashmap.c:Hashmap_get_node:205: TRY: 24
DEBUG: src/lcthw/hashmap.c:Hashmap_get_node:205: TRY: 25
DEBUG: src/lcthw/hashmap.c:Hashmap_get_node:205: TRY: 26
DEBUG: src/lcthw/hashmap.c:Hashmap_get_node:205: TRY: 27
DEBUG: src/lcthw/hashmap.c:Hashmap_get_node:205: TRY: 28
DEBUG: src/lcthw/hashmap.c:Hashmap_get_node:205: TRY: 29
DEBUG: src/lcthw/hashmap.c:Hashmap_get_node:205: TRY: 30
DEBUG: src/lcthw/hashmap.c:Hashmap_get_node:205: TRY: 31
DEBUG: src/lcthw/hashmap.c:Hashmap_get_node:205: TRY: 32
DEBUG: src/lcthw/hashmap.c:Hashmap_get_node:205: TRY: 33
DEBUG: src/lcthw/hashmap.c:Hashmap_get_node:205: TRY: 34
DEBUG: src/lcthw/hashmap.c:Hashmap_get_node:205: TRY: 35
DEBUG: src/lcthw/hashmap.c:Hashmap_get_node:205: TRY: 36
DEBUG: src/lcthw/hashmap.c:Hashmap_get_node:205: TRY: 37
DEBUG: src/lcthw/hashmap.c:Hashmap_get_node:205: TRY: 38
DEBUG: src/lcthw/hashmap.c:Hashmap_get_node:205: TRY: 39
DEBUG: src/lcthw/hashmap.c:Hashmap_get_node:205: TRY: 40
DEBUG: src/lcthw/hashmap.c:Hashmap_get_node:205: TRY: 41
DEBUG: src/lcthw/hashmap.c:Hashmap_get_node:205: TRY: 42
DEBUG: src/lcthw/hashmap.c:Hashmap_get_node:205: TRY: 43
DEBUG: src/lcthw/hashmap.c:Hashmap_get_node:205: TRY: 44
DEBUG: src/lcthw/hashmap.c:Hashmap_get_node:205: TRY: 45
DEBUG: src/lcthw/hashmap.c:Hashmap_get_node:205: TRY: 46
DEBUG: src/lcthw/hashmap.c:Hashmap_get_node:205: TRY: 47
DEBUG: src/lcthw/hashmap.c:Hashmap_get_node:205: TRY: 48
DEBUG: src/lcthw/hashmap.c:Hashmap_get_node:205: TRY: 49
DEBUG: src/lcthw/hashmap.c:Hashmap_get_node:205: TRY: 50
DEBUG: src/lcthw/hashmap.c:Hashmap_get_node:205: TRY: 51
DEBUG: src/lcthw/hashmap.c:Hashmap_get_node:205: TRY: 52
DEBUG: src/lcthw/hashmap.c:Hashmap_get_node:205: TRY: 53
DEBUG: src/lcthw/hashmap.c:Hashmap_get_node:205: TRY: 54
DEBUG: src/lcthw/hashmap.c:Hashmap_get_node:205: TRY: 55
DEBUG: src/lcthw/hashmap.c:Hashmap_get_node:205: TRY: 56
DEBUG: src/lcthw/hashmap.c:Hashmap_get_node:205: TRY: 57
DEBUG: src/lcthw/hashmap.c:Hashmap_get_node:205: TRY: 58
DEBUG: src/lcthw/hashmap.c:Hashmap_get_node:205: TRY: 59
DEBUG: src/lcthw/hashmap.c:Hashmap_get_node:205: TRY: 60
DEBUG: src/lcthw/hashmap.c:Hashmap_get_node:205: TRY: 61
DEBUG: src/lcthw/hashmap.c:Hashmap_get_node:205: TRY: 62
DEBUG: src/lcthw/hashmap.c:Hashmap_get_node:205: TRY: 63
DEBUG: src/lcthw/hashmap.c:Hashmap_get_node:205: TRY: 64
DEBUG: src/lcthw/hashmap.c:Hashmap_get_node:205: TRY: 0
DEBUG: src/lcthw/hashmap.c:Hashmap_get_node:205: TRY: 1
DEBUG: src/lcthw/hashmap.c:Hashmap_get_node:205: TRY: 2
DEBUG: src/lcthw/hashmap.c:Hashmap_get_node:205: TRY: 3
DEBUG: src/lcthw/hashmap.c:Hashmap_get_node:205: TRY: 4
DEBUG: src/lcthw/hashmap.c:Hashmap_get_node:205: TRY: 5
DEBUG: src/lcthw/hashmap.c:Hashmap_get_node:205: TRY: 6
DEBUG: src/lcthw/hashmap.c:Hashmap_get_node:205: TRY: 7
DEBUG: src/lcthw/hashmap.c:Hashmap_get_node:205: TRY: 8
DEBUG: src/lcthw/hashmap.c:Hashmap_get_node:205: TRY: 9
DEBUG: src/lcthw/hashmap.c:Hashmap_get_node:205: TRY: 10
DEBUG: src/lcthw/hashmap.c:Hashmap_get_node:205: TRY: 11
DEBUG: src/lcthw/hashmap.c:Hashmap_get_node:205: TRY: 12
DEBUG: src/lcthw/hashmap.c:Hashmap_get_node:205: TRY: 13
DEBUG: src/lcthw/hashmap.c:Hashmap_get_node:205: TRY: 14
DEBUG: src/lcthw/hashmap.c:Hashmap_get_node:205: TRY: 15
DEBUG: src/lcthw/hashmap.c:Hashmap_get_node:205: TRY: 16
DEBUG: src/lcthw/hashmap.c:Hashmap_get_node:205: TRY: 17
DEBUG: src/lcthw/hashmap.c:Hashmap_get_node:205: TRY: 18
DEBUG: src/lcthw/hashmap.c:Hashmap_get_node:205: TRY: 19
DEBUG: src/lcthw/hashmap.c:Hashmap_get_node:205: TRY: 20
DEBUG: src/lcthw/hashmap.c:Hashmap_get_node:205: TRY: 21
DEBUG: src/lcthw/hashmap.c:Hashmap_get_node:205: TRY: 22
DEBUG: src/lcthw/hashmap.c:Hashmap_get_node:205: TRY: 23
DEBUG: src/lcthw/hashmap.c:Hashmap_get_node:205: TRY: 24
DEBUG: src/lcthw/hashmap.c:Hashmap_get_node:205: TRY: 25
DEBUG: src/lcthw/hashmap.c:Hashmap_get_node:205: TRY: 26
DEBUG: src/lcthw/hashmap.c:Hashmap_get_node:205: TRY: 27
DEBUG: src/lcthw/hashmap.c:Hashmap_get_node:205: TRY: 28
DEBUG: src/lcthw/hashmap.c:Hashmap_get_node:205: TRY: 29
DEBUG: src/lcthw/hashmap.c:Hashmap_get_node:205: TRY: 30
DEBUG: src/lcthw/hashmap.c:Hashmap_get_node:205: TRY: 31
DEBUG: src/lcthw/hashmap.c:Hashmap_get_node:205: TRY: 32
DEBUG: src/lcthw/hashmap.c:Hashmap_get_node:205: TRY: 33
DEBUG: src/lcthw/hashmap.c:Hashmap_get_node:205: TRY: 34
DEBUG: src/lcthw/hashmap.c:Hashmap_get_node:205: TRY: 35
DEBUG: src/lcthw/hashmap.c:Hashmap_get_node:205: TRY: 36
DEBUG: src/lcthw/hashmap.c:Hashmap_get_node:205: TRY: 37
DEBUG: src/lcthw/hashmap.c:Hashmap_get_node:205: TRY: 38
DEBUG: src/lcthw/hashmap.c:Hashmap_get_node:205: TRY: 39
DEBUG: src/lcthw/hashmap.c:Hashmap_get_node:205: TRY: 40
DEBUG: src/lcthw/hashmap.c:Hashmap_get_node:205: TRY: 41
DEBUG: src/lcthw/hashmap.c:Hashmap_get_node:205: TRY: 42
DEBUG: src/lcthw/hashmap.c:Hashmap_get_node:205: TRY: 43
DEBUG: src/lcthw/hashmap.c:Hashmap_get_node:205: TRY: 44
DEBUG: src/lcthw/hashmap.c:Hashmap_get_node:205: TRY: 45
DEBUG: src/lcthw/hashmap.c:Hashmap_get_node:205: TRY: 46
DEBUG: src/lcthw/hashmap.c:Hashmap_get_node:205: TRY: 47
DEBUG: src/lcthw/hashmap.c:Hashmap_get_node:205: TRY: 48
DEBUG: src/lcthw/hashmap.c:Hashmap_get_node:205: TRY: 49
DEBUG: src/lcthw/hashmap.c:Hashmap_get_node:205: TRY: 50
DEBUG: src/lcthw/hashmap.c:Hashmap_get_node:205: TRY: 51
DEBUG: src/lcthw/hashmap.c:Hashmap_get_node:205: TRY: 52
DEBUG: src/lcthw/hashmap.c:Hashmap_get_node:205: TRY: 53
DEBUG: src/lcthw/hashmap.c:Hashmap_get_node:205: TRY: 54
DEBUG: src/lcthw/hashmap.c:Hashmap_get_node:205: TRY: 55
DEBUG: src/lcthw/hashmap.c:Hashmap_get_node:205: TRY: 56
DEBUG: src/lcthw/hashmap.c:Hashmap_get_node:205: TRY: 57
DEBUG: src/lcthw/hashmap.c:Hashmap_get_node:205: TRY: 58
DEBUG: src/lcthw/hashmap.c:Hashmap_get_node:205: TRY: 59
DEBUG: src/lcthw/hashmap.c:Hashmap_get_node:205: TRY: 60
DEBUG: src/lcthw/hashmap.c:Hashmap_get_node:205: TRY: 61
DEBUG: src/lcthw/hashmap.c:Hashmap_get_node:205: TRY: 62
DEBUG: src/lcthw/hashmap.c:Hashmap_get_node:205: TRY: 63
DEBUG: src/lcthw/hashmap.c:Hashmap_get_node:205: TRY: 64
DEBUG: src/lcthw/hashmap.c:Hashmap_get_node:205: TRY: 65
DEBUG: src/lcthw/hashmap.c:Hashmap_get_node:205: TRY: 66
DEBUG: src/lcthw/hashmap.c:Hashmap_get_node:205: TRY: 67
DEBUG: src/lcthw/hashmap.c:Hashmap_get_node:205: TRY: 68
DEBUG: src/lcthw/hashmap.c:Hashmap_get_node:205: TRY: 69
DEBUG: src/lcthw/hashmap.c:Hashmap_get_node:205: TRY: 70
DEBUG: src/lcthw/hashmap.c:Hashmap_get_node:205: TRY: 0
DEBUG: src/lcthw/hashmap.c:Hashmap_get_node:205: TRY: 1
DEBUG: src/lcthw/hashmap.c:Hashmap_get_node:205: TRY: 2
DEBUG: src/lcthw/hashmap.c:Hashmap_get_node:205: TRY: 3
DEBUG: src/lcthw/hashmap.c:Hashmap_get_node:205: TRY: 4
DEBUG: src/lcthw/hashmap.c:Hashmap_get_node:205: TRY: 5
DEBUG: src/lcthw/hashmap.c:Hashmap_get_node:205: TRY: 6
DEBUG: src/lcthw/hashmap.c:Hashmap_get_node:205: TRY: 7
DEBUG: src/lcthw/hashmap.c:Hashmap_get_node:205: TRY: 8
DEBUG: src/lcthw/hashmap.c:Hashmap_get_node:205: TRY: 9
DEBUG: src/lcthw/hashmap.c:Hashmap_get_node:205: TRY: 10
DEBUG: src/lcthw/hashmap.c:Hashmap_get_node:205: TRY: 11
DEBUG: src/lcthw/hashmap.c:Hashmap_get_node:205: TRY: 12
DEBUG: src/lcthw/hashmap.c:Hashmap_get_node:205: TRY: 13
DEBUG: src/lcthw/hashmap.c:Hashmap_get_node:205: TRY: 14
DEBUG: src/lcthw/hashmap.c:Hashmap_get_node:205: TRY: 15
DEBUG: src/lcthw/hashmap.c:Hashmap_get_node:205: TRY: 16
DEBUG: src/lcthw/hashmap.c:Hashmap_get_node:205: TRY: 17
DEBUG: src/lcthw/hashmap.c:Hashmap_get_node:205: TRY: 18
DEBUG: src/lcthw/hashmap.c:Hashmap_get_node:205: TRY: 19
DEBUG: src/lcthw/hashmap.c:Hashmap_get_node:205: TRY: 20
DEBUG: src/lcthw/hashmap.c:Hashmap_get_node:205: TRY: 21
DEBUG: src/lcthw/hashmap.c:Hashmap_get_node:205: TRY: 22
DEBUG: src/lcthw/hashmap.c:Hashmap_get_node:205: TRY: 23
DEBUG: src/lcthw/hashmap.c:Hashmap_get_node:205: TRY: 24
DEBUG: src/lcthw/hashmap.c:Hashmap_get_node:205: TRY: 25
DEBUG: src/lcthw/hashmap.c:Hashmap_get_node:205: TRY: 26
DEBUG: src/lcthw/hashmap.c:Hashmap_get_node:205: TRY: 27
DEBUG: src/lcthw/hashmap.c:Hashmap_get_node:205: TRY: 28
DEBUG: src/lcthw/hashmap.c:Hashmap_get_node:205: TRY: 29
DEBUG: src/lcthw/hashmap.c:Hashmap_get_node:205: TRY: 30
DEBUG: src/lcthw/hashmap.c:Hashmap_get_node:205: TRY: 31
DEBUG: src/lcthw/hashmap.c:Hashmap_get_node:205: TRY: 32
DEBUG: src/lcthw/hashmap.c:Hashmap_get_node:205: TRY: 33
DEBUG: src/lcthw/hashmap.c:Hashmap_get_node:205: TRY: 34
DEBUG: src/lcthw/hashmap.c:Hashmap_get_node:205: TRY: 35
DEBUG: src/lcthw/hashmap.c:Hashmap_get_node:205: TRY: 36
DEBUG: src/lcthw/hashmap.c:Hashmap_get_node:205: TRY: 37
DEBUG: src/lcthw/hashmap.c:Hashmap_get_node:205: TRY: 38
DEBUG: src/lcthw/hashmap.c:Hashmap_get_node:205: TRY: 39
DEBUG: src/lcthw/hashmap.c:Hashmap_get_node:205: TRY: 40
DEBUG: src/lcthw/hashmap.c:Hashmap_get_node:205: TRY: 41
DEBUG: src/lcthw/hashmap.c:Hashmap_get_node:205: TRY: 42
DEBUG: src/lcthw/hashmap.c:Hashmap_get_node:205: TRY: 43
DEBUG: src/lcthw/hashmap.c:Hashmap_get_node:205: TRY: 44
DEBUG: src/lcthw/hashmap.c:Hashmap_get_node:205: TRY: 45
DEBUG: src/lcthw/hashmap.c:Hashmap_get_node:205: TRY: 46
DEBUG: src/lcthw/hashmap.c:Hashmap_get_node:205: TRY: 47
DEBUG: src/lcthw/hashmap.c:Hashmap_get_node:205: TRY: 48
DEBUG: src/lcthw/hashmap.c:Hashmap_get_node:205: TRY: 49
DEBUG: src/lcthw/hashmap.c:Hashmap_get_node:205: TRY: 50
DEBUG: src/lcthw/hashmap.c:Hashmap_get_node:205: TRY: 51
DEBUG: src/lcthw/hashmap.c:Hashmap_get_node:205: TRY: 52
DEBUG: src/lcthw/hashmap.c:Hashmap_get_node:205: TRY: 53
DEBUG: src/lcthw/hashmap.c:Hashmap_get_node:205: TRY: 54
DEBUG: src/lcthw/hashmap.c:Hashmap_get_node:205: TRY: 55
DEBUG: src/lcthw/hashmap.c:Hashmap_get_node:205: TRY: 56
DEBUG: src/lcthw/hashmap.c:Hashmap_get_node:205: TRY: 57
DEBUG: src/lcthw/hashmap.c:Hashmap_get_node:205: TRY: 58
DEBUG: src/lcthw/hashmap.c:Hashmap_get_node:205: TRY: 59
DEBUG: src/lcthw/hashmap.c:Hashmap_get_node:205: TRY: 0
DEBUG: src/lcthw/hashmap.c:Hashmap_get_node:205: TRY: 1
DEBUG: src/lcthw/hashmap.c:Hashmap_get_node:205: TRY: 2
DEBUG: src/lcthw/hashmap.c:Hashmap_get_node:205: TRY: 3
DEBUG: src/lcthw/hashmap.c:Hashmap_get_node:205: TRY: 4
DEBUG: src/lcthw/hashmap.c:Hashmap_get_node:205: TRY: 5
DEBUG: src/lcthw/hashmap.c:Hashmap_get_node:205: TRY: 6
DEBUG: src/lcthw/hashmap.c:Hashmap_get_node:205: TRY: 7
DEBUG: src/lcthw/hashmap.c:Hashmap_get_node:205: TRY: 8
DEBUG: src/lcthw/hashmap.c:Hashmap_get_node:205: TRY: 9
DEBUG: src/lcthw/hashmap.c:Hashmap_get_node:205: TRY: 10
DEBUG: src/lcthw/hashmap.c:Hashmap_get_node:205: TRY: 11
DEBUG: src/lcthw/hashmap.c:Hashmap_get_node:205: TRY: 12
DEBUG: src/lcthw/hashmap.c:Hashmap_get_node:205: TRY: 13
DEBUG: src/lcthw/hashmap.c:Hashmap_get_node:205: TRY: 14
DEBUG: src/lcthw/hashmap.c:Hashmap_get_node:205: TRY: 15
DEBUG: src/lcthw/hashmap.c:Hashmap_get_node:205: TRY: 16
DEBUG: src/lcthw/hashmap.c:Hashmap_get_node:205: TRY: 17
DEBUG: src/lcthw/hashmap.c:Hashmap_get_node:205: TRY: 18
DEBUG: src/lcthw/hashmap.c:Hashmap_get_node:205: TRY: 19
DEBUG: src/lcthw/hashmap.c:Hashmap_get_node:205: TRY: 20
DEBUG: src/lcthw/hashmap.c:Hashmap_get_node:205: TRY: 21
DEBUG: src/lcthw/hashmap.c:Hashmap_get_node:205: TRY: 22
DEBUG: src/lcthw/hashmap.c:Hashmap_get_node:205: TRY: 23
DEBUG: src/lcthw/hashmap.c:Hashmap_get_node:205: TRY: 24
DEBUG: src/lcthw/hashmap.c:Hashmap_get_node:205: TRY: 25
DEBUG: src/lcthw/hashmap.c:Hashmap_get_node:205: TRY: 26
DEBUG: src/lcthw/hashmap.c:Hashmap_get_node:205: TRY: 27
DEBUG: src/lcthw/hashmap.c:Hashmap_get_node:205: TRY: 28
DEBUG: src/lcthw/hashmap.c:Hashmap_get_node:205: TRY: 29
DEBUG: src/lcthw/hashmap.c:Hashmap_get_node:205: TRY: 30
DEBUG: src/lcthw/hashmap.c:Hashmap_get_node:205: TRY: 31
DEBUG: src/lcthw/hashmap.c:Hashmap_get_node:205: TRY: 32
DEBUG: src/lcthw/hashmap.c:Hashmap_get_node:205: TRY: 33
DEBUG: src/lcthw/hashmap.c:Hashmap_get_node:205: TRY: 34
DEBUG: src/lcthw/hashmap.c:Hashmap_get_node:205: TRY: 35
DEBUG: src/lcthw/hashmap.c:Hashmap_get_node:205: TRY: 36
DEBUG: src/lcthw/hashmap.c:Hashmap_get_node:205: TRY: 37
DEBUG: src/lcthw/hashmap.c:Hashmap_get_node:205: TRY: 38
DEBUG: src/lcthw/hashmap.c:Hashmap_get_node:205: TRY: 39
DEBUG: src/lcthw/hashmap.c:Hashmap_get_node:205: TRY: 40
DEBUG: src/lcthw/hashmap.c:Hashmap_get_node:205: TRY: 41
DEBUG: src/lcthw/hashmap.c:Hashmap_get_node:205: TRY: 42
DEBUG: src/lcthw/hashmap.c:Hashmap_get_node:205: TRY: 43
DEBUG: src/lcthw/hashmap.c:Hashmap_get_node:205: TRY: 44
DEBUG: src/lcthw/hashmap.c:Hashmap_get_node:205: TRY: 45
DEBUG: src/lcthw/hashmap.c:Hashmap_get_node:205: TRY: 46
DEBUG: src/lcthw/hashmap.c:Hashmap_get_node:205: TRY: 47
DEBUG: src/lcthw/hashmap.c:Hashmap_get_node:205: TRY: 48
DEBUG: src/lcthw/hashmap.c:Hashmap_get_node:205: TRY: 49
DEBUG: src/lcthw/hashmap.c:Hashmap_get_node:205: TRY: 50
DEBUG: src/lcthw/hashmap.c:Hashmap_get_node:205: TRY: 51
DEBUG: src/lcthw/hashmap.c:Hashmap_get_node:205: TRY: 52
DEBUG: src/lcthw/hashmap.c:Hashmap_get_node:205: TRY: 53
DEBUG: src/lcthw/hashmap.c:Hashmap_get_node:205: TRY: 54
DEBUG: src/lcthw/hashmap.c:Hashmap_get_node:205: TRY: 55
DEBUG: src/lcthw/hashmap.c:Hashmap_get_node:205: TRY: 56
DEBUG: src/lcthw/hashmap.c:Hashmap_get_node:205: TRY: 57
DEBUG: src/lcthw/hashmap.c:Hashmap_get_node:205: TRY: 58
DEBUG: src/lcthw/hashmap.c:Hashmap_get_node:205: TRY: 59
DEBUG: src/lcthw/hashmap.c:Hashmap_get_node:205: TRY: 60
DEBUG: src/lcthw/hashmap.c:Hashmap_get_node:205: TRY: 0
DEBUG: src/lcthw/hashmap.c:Hashmap_get_node:205: TRY: 1
DEBUG: src/lcthw/hashmap.c:Hashmap_get_node:205: TRY: 2
DEBUG: src/lcthw/hashmap.c:Hashmap_get_node:205: TRY: 3
DEBUG: src/lcthw/hashmap.c:Hashmap_get_node:205: TRY: 4
DEBUG: src/lcthw/hashmap.c:Hashmap_get_node:205: TRY: 5
DEBUG: src/lcthw/hashmap.c:Hashmap_get_node:205: TRY: 6
DEBUG: src/lcthw/hashmap.c:Hashmap_get_node:205: TRY: 7
DEBUG: src/lcthw/hashmap.c:Hashmap_get_node:205: TRY: 8
DEBUG: src/lcthw/hashmap.c:Hashmap_get_node:205: TRY: 9
DEBUG: src/lcthw/hashmap.c:Hashmap_get_node:205: TRY: 10
DEBUG: src/lcthw/hashmap.c:Hashmap_get_node:205: TRY: 11
DEBUG: src/lcthw/hashmap.c:Hashmap_get_node:205: TRY: 12
DEBUG: src/lcthw/hashmap.c:Hashmap_get_node:205: TRY: 13
DEBUG: src/lcthw/hashmap.c:Hashmap_get_node:205: TRY: 14
DEBUG: src/lcthw/hashmap.c:Hashmap_get_node:205: TRY: 15
DEBUG: src/lcthw/hashmap.c:Hashmap_get_node:205: TRY: 16
DEBUG: src/lcthw/hashmap.c:Hashmap_get_node:205: TRY: 17
DEBUG: src/lcthw/hashmap.c:Hashmap_get_node:205: TRY: 18
DEBUG: src/lcthw/hashmap.c:Hashmap_get_node:205: TRY: 19
DEBUG: src/lcthw/hashmap.c:Hashmap_get_node:205: TRY: 20
DEBUG: src/lcthw/hashmap.c:Hashmap_get_node:205: TRY: 21
DEBUG: src/lcthw/hashmap.c:Hashmap_get_node:205: TRY: 22
DEBUG: src/lcthw/hashmap.c:Hashmap_get_node:205: TRY: 23
DEBUG: src/lcthw/hashmap.c:Hashmap_get_node:205: TRY: 24
DEBUG: src/lcthw/hashmap.c:Hashmap_get_node:205: TRY: 25
DEBUG: src/lcthw/hashmap.c:Hashmap_get_node:205: TRY: 26
DEBUG: src/lcthw/hashmap.c:Hashmap_get_node:205: TRY: 27
DEBUG: src/lcthw/hashmap.c:Hashmap_get_node:205: TRY: 28
DEBUG: src/lcthw/hashmap.c:Hashmap_get_node:205: TRY: 29
DEBUG: src/lcthw/hashmap.c:Hashmap_get_node:205: TRY: 30
DEBUG: src/lcthw/hashmap.c:Hashmap_get_node:205: TRY: 31
DEBUG: src/lcthw/hashmap.c:Hashmap_get_node:205: TRY: 32
DEBUG: src/lcthw/hashmap.c:Hashmap_get_node:205: TRY: 33
DEBUG: src/lcthw/hashmap.c:Hashmap_get_node:205: TRY: 34
DEBUG: src/lcthw/hashmap.c:Hashmap_get_node:205: TRY: 35
DEBUG: src/lcthw/hashmap.c:Hashmap_get_node:205: TRY: 36
DEBUG: src/lcthw/hashmap.c:Hashmap_get_node:205: TRY: 37
DEBUG: src/lcthw/hashmap.c:Hashmap_get_node:205: TRY: 38
DEBUG: src/lcthw/hashmap.c:Hashmap_get_node:205: TRY: 39
DEBUG: src/lcthw/hashmap.c:Hashmap_get_node:205: TRY: 40
DEBUG: src/lcthw/hashmap.c:Hashmap_get_node:205: TRY: 41
DEBUG: src/lcthw/hashmap.c:Hashmap_get_node:205: TRY: 42
DEBUG: src/lcthw/hashmap.c:Hashmap_get_node:205: TRY: 43
DEBUG: src/lcthw/hashmap.c:Hashmap_get_node:205: TRY: 44
DEBUG: src/lcthw/hashmap.c:Hashmap_get_node:205: TRY: 45
DEBUG: src/lcthw/hashmap.c:Hashmap_get_node:205: TRY: 46
DEBUG: src/lcthw/hashmap.c:Hashmap_get_node:205: TRY: 47
DEBUG: src/lcthw/hashmap.c:Hashmap_get_node:205: TRY: 48
DEBUG: src/lcthw/hashmap.c:Hashmap_get_node:205: TRY: 49
DEBUG: src/lcthw/hashmap.c:Hashmap_get_node:205: TRY: 50
DEBUG: src/lcthw/hashmap.c:Hashmap_get_node:205: TRY: 51
DEBUG: src/lcthw/hashmap.c:Hashmap_get_node:205: TRY: 52
DEBUG: src/lcthw/hashmap.c:Hashmap_get_node:205: TRY: 53
DEBUG: src/lcthw/hashmap.c:Hashmap_get_node:205: TRY: 54
DEBUG: src/lcthw/hashmap.c:Hashmap_get_node:205: TRY: 55
DEBUG: src/lcthw/hashmap.c:Hashmap_get_node:205: TRY: 56
DEBUG: src/lcthw/hashmap.c:Hashmap_get_node:205: TRY: 57
DEBUG: src/lcthw/hashmap.c:Hashmap_get_node:205: TRY: 58
DEBUG: src/lcthw/hashmap.c:Hashmap_get_node:205: TRY: 59
DEBUG: src/lcthw/hashmap.c:Hashmap_get_node:205: TRY: 60
DEBUG: src/lcthw/hashmap.c:Hashmap_get_node:205: TRY: 61
DEBUG: src/lcthw/hashmap.c:Hashmap_get_node:205: TRY: 62
DEBUG: src/lcthw/hashmap.c:Hashmap_get_node:205: TRY: 63
DEBUG: src/lcthw/hashmap.c:Hashmap_get_node:205: TRY: 64
DEBUG: src/lcthw/hashmap.c:Hashmap_get_node:205: TRY: 65
DEBUG: src/lcthw/hashmap.c:Hashmap_get_node:205: TRY: 66
DEBUG: src/lcthw/hashmap.c:Hashmap_get_node:205: TRY: 67
DEBUG: src/lcthw/hashmap.c:Hashmap_get_node:205: TRY: 68
DEBUG: src/lcthw/hashmap.c:Hashmap_get_node:205: TRY: 69
DEBUG: src/lcthw/hashmap.c:Hashmap_get_node:205: TRY: 70
DEBUG: src/lcthw/hashmap.c:Hashmap_get_node:205: TRY: 71
DEBUG: src/lcthw/hashmap.c:Hashmap_get_node:205: TRY: 0
DEBUG: src/lcthw/hashmap.c:Hashmap_get_node:205: TRY: 1
DEBUG: src/lcthw/hashmap.c:Hashmap_get_node:205: TRY: 2
DEBUG: src/lcthw/hashmap.c:Hashmap_get_node:205: TRY: 3
DEBUG: src/lcthw/hashmap.c:Hashmap_get_node:205: TRY: 4
DEBUG: src/lcthw/hashmap.c:Hashmap_get_node:205: TRY: 5
DEBUG: src/lcthw/hashmap.c:Hashmap_get_node:205: TRY: 6
DEBUG: src/lcthw/hashmap.c:Hashmap_get_node:205: TRY: 7
DEBUG: src/lcthw/hashmap.c:Hashmap_get_node:205: TRY: 8
DEBUG: src/lcthw/hashmap.c:Hashmap_get_node:205: TRY: 9
DEBUG: src/lcthw/hashmap.c:Hashmap_get_node:205: TRY: 10
DEBUG: src/lcthw/hashmap.c:Hashmap_get_node:205: TRY: 11
DEBUG: src/lcthw/hashmap.c:Hashmap_get_node:205: TRY: 12
DEBUG: src/lcthw/hashmap.c:Hashmap_get_node:205: TRY: 13
DEBUG: src/lcthw/hashmap.c:Hashmap_get_node:205: TRY: 14
DEBUG: src/lcthw/hashmap.c:Hashmap_get_node:205: TRY: 15
DEBUG: src/lcthw/hashmap.c:Hashmap_get_node:205: TRY: 16
DEBUG: src/lcthw/hashmap.c:Hashmap_get_node:205: TRY: 17
DEBUG: src/lcthw/hashmap.c:Hashmap_get_node:205: TRY: 18
DEBUG: src/lcthw/hashmap.c:Hashmap_get_node:205: TRY: 19
DEBUG: src/lcthw/hashmap.c:Hashmap_get_node:205: TRY: 20
DEBUG: src/lcthw/hashmap.c:Hashmap_get_node:205: TRY: 21
DEBUG: src/lcthw/hashmap.c:Hashmap_get_node:205: TRY: 22
DEBUG: src/lcthw/hashmap.c:Hashmap_get_node:205: TRY: 23
DEBUG: src/lcthw/hashmap.c:Hashmap_get_node:205: TRY: 24
DEBUG: src/lcthw/hashmap.c:Hashmap_get_node:205: TRY: 25
DEBUG: src/lcthw/hashmap.c:Hashmap_get_node:205: TRY: 26
DEBUG: src/lcthw/hashmap.c:Hashmap_get_node:205: TRY: 27
DEBUG: src/lcthw/hashmap.c:Hashmap_get_node:205: TRY: 28
DEBUG: src/lcthw/hashmap.c:Hashmap_get_node:205: TRY: 29
DEBUG: src/lcthw/hashmap.c:Hashmap_get_node:205: TRY: 30
DEBUG: src/lcthw/hashmap.c:Hashmap_get_node:205: TRY: 31
DEBUG: src/lcthw/hashmap.c:Hashmap_get_node:205: TRY: 32
DEBUG: src/lcthw/hashmap.c:Hashmap_get_node:205: TRY: 33
DEBUG: src/lcthw/hashmap.c:Hashmap_get_node:205: TRY: 34
DEBUG: src/lcthw/hashmap.c:Hashmap_get_node:205: TRY: 35
DEBUG: src/lcthw/hashmap.c:Hashmap_get_node:205: TRY: 36
DEBUG: src/lcthw/hashmap.c:Hashmap_get_node:205: TRY: 37
DEBUG: src/lcthw/hashmap.c:Hashmap_get_node:205: TRY: 38
DEBUG: src/lcthw/hashmap.c:Hashmap_get_node:205: TRY: 39
DEBUG: src/lcthw/hashmap.c:Hashmap_get_node:205: TRY: 40
DEBUG: src/lcthw/hashmap.c:Hashmap_get_node:205: TRY: 41
DEBUG: src/lcthw/hashmap.c:Hashmap_get_node:205: TRY: 42
DEBUG: src/lcthw/hashmap.c:Hashmap_get_node:205: TRY: 43
DEBUG: src/lcthw/hashmap.c:Hashmap_get_node:205: TRY: 44
DEBUG: src/lcthw/hashmap.c:Hashmap_get_node:205: TRY: 45
DEBUG: src/lcthw/hashmap.c:Hashmap_get_node:205: TRY: 46
DEBUG: src/lcthw/hashmap.c:Hashmap_get_node:205: TRY: 47
DEBUG: src/lcthw/hashmap.c:Hashmap_get_node:205: TRY: 48
DEBUG: src/lcthw/hashmap.c:Hashmap_get_node:205: TRY: 49
DEBUG: src/lcthw/hashmap.c:Hashmap_get_node:205: TRY: 50
DEBUG: src/lcthw/hashmap.c:Hashmap_get_node:205: TRY: 51
DEBUG: src/lcthw/hashmap.c:Hashmap_get_node:205: TRY: 52
DEBUG: src/lcthw/hashmap.c:Hashmap_get_node:205: TRY: 53
DEBUG: src/lcthw/hashmap.c:Hashmap_get_node:205: TRY: 54
DEBUG: src/lcthw/hashmap.c:Hashmap_get_node:205: TRY: 55
DEBUG: src/lcthw/hashmap.c:Hashmap_get_node:205: TRY: 56
DEBUG: src/lcthw/hashmap.c:Hashmap_get_node:205: TRY: 57
DEBUG: src/lcthw/hashmap.c:Hashmap_get_node:205: TRY: 58
DEBUG: src/lcthw/hashmap.c:Hashmap_get_node:205: TRY: 59
DEBUG: src/lcthw/hashmap.c:Hashmap_get_node:205: TRY: 0
DEBUG: src/lcthw/hashmap.c:Hashmap_get_node:205: TRY: 1
DEBUG: src/lcthw/hashmap.c:Hashmap_get_node:205: TRY: 2
DEBUG: src/lcthw/hashmap.c:Hashmap_get_node:205: TRY: 3
DEBUG: src/lcthw/hashmap.c:Hashmap_get_node:205: TRY: 4
DEBUG: src/lcthw/hashmap.c:Hashmap_get_node:205: TRY: 5
DEBUG: src/lcthw/hashmap.c:Hashmap_get_node:205: TRY: 6
DEBUG: src/lcthw/hashmap.c:Hashmap_get_node:205: TRY: 7
DEBUG: src/lcthw/hashmap.c:Hashmap_get_node:205: TRY: 8
DEBUG: src/lcthw/hashmap.c:Hashmap_get_node:205: TRY: 9
DEBUG: src/lcthw/hashmap.c:Hashmap_get_node:205: TRY: 10
DEBUG: src/lcthw/hashmap.c:Hashmap_get_node:205: TRY: 11
DEBUG: src/lcthw/hashmap.c:Hashmap_get_node:205: TRY: 12
DEBUG: src/lcthw/hashmap.c:Hashmap_get_node:205: TRY: 13
DEBUG: src/lcthw/hashmap.c:Hashmap_get_node:205: TRY: 14
DEBUG: src/lcthw/hashmap.c:Hashmap_get_node:205: TRY: 15
DEBUG: src/lcthw/hashmap.c:Hashmap_get_node:205: TRY: 16
DEBUG: src/lcthw/hashmap.c:Hashmap_get_node:205: TRY: 17
DEBUG: src/lcthw/hashmap.c:Hashmap_get_node:205: TRY: 18
DEBUG: src/lcthw/hashmap.c:Hashmap_get_node:205: TRY: 19
DEBUG: src/lcthw/hashmap.c:Hashmap_get_node:205: TRY: 20
DEBUG: src/lcthw/hashmap.c:Hashmap_get_node:205: TRY: 21
DEBUG: src/lcthw/hashmap.c:Hashmap_get_node:205: TRY: 22
DEBUG: src/lcthw/hashmap.c:Hashmap_get_node:205: TRY: 23
DEBUG: src/lcthw/hashmap.c:Hashmap_get_node:205: TRY: 24
DEBUG: src/lcthw/hashmap.c:Hashmap_get_node:205: TRY: 25
DEBUG: src/lcthw/hashmap.c:Hashmap_get_node:205: TRY: 26
DEBUG: src/lcthw/hashmap.c:Hashmap_get_node:205: TRY: 27
DEBUG: src/lcthw/hashmap.c:Hashmap_get_node:205: TRY: 28
DEBUG: src/lcthw/hashmap.c:Hashmap_get_node:205: TRY: 29
DEBUG: src/lcthw/hashmap.c:Hashmap_get_node:205: TRY: 30
DEBUG: src/lcthw/hashmap.c:Hashmap_get_node:205: TRY: 31
DEBUG: src/lcthw/hashmap.c:Hashmap_get_node:205: TRY: 32
DEBUG: src/lcthw/hashmap.c:Hashmap_get_node:205: TRY: 33
DEBUG: src/lcthw/hashmap.c:Hashmap_get_node:205: TRY: 34
DEBUG: src/lcthw/hashmap.c:Hashmap_get_node:205: TRY: 35
DEBUG: src/lcthw/hashmap.c:Hashmap_get_node:205: TRY: 36
DEBUG: src/lcthw/hashmap.c:Hashmap_get_node:205: TRY: 37
DEBUG: src/lcthw/hashmap.c:Hashmap_get_node:205: TRY: 38
DEBUG: src/lcthw/hashmap.c:Hashmap_get_node:205: TRY: 39
DEBUG: src/lcthw/hashmap.c:Hashmap_get_node:205: TRY: 40
DEBUG: src/lcthw/hashmap.c:Hashmap_get_node:205: TRY: 41
DEBUG: src/lcthw/hashmap.c:Hashmap_get_node:205: TRY: 42
DEBUG: src/lcthw/hashmap.c:Hashmap_get_node:205: TRY: 43
DEBUG: src/lcthw/hashmap.c:Hashmap_get_node:205: TRY: 44
DEBUG: src/lcthw/hashmap.c:Hashmap_get_node:205: TRY: 45
DEBUG: src/lcthw/hashmap.c:Hashmap_get_node:205: TRY: 46
DEBUG: src/lcthw/hashmap.c:Hashmap_get_node:205: TRY: 47
DEBUG: src/lcthw/hashmap.c:Hashmap_get_node:205: TRY: 48
DEBUG: src/lcthw/hashmap.c:Hashmap_get_node:205: TRY: 49
DEBUG: src/lcthw/hashmap.c:Hashmap_get_node:205: TRY: 50
DEBUG: src/lcthw/hashmap.c:Hashmap_get_node:205: TRY: 51
DEBUG: src/lcthw/hashmap.c:Hashmap_get_node:205: TRY: 52
DEBUG: src/lcthw/hashmap.c:Hashmap_get_node:205: TRY: 53
DEBUG: src/lcthw/hashmap.c:Hashmap_get_node:205: TRY: 54
DEBUG: src/lcthw/hashmap.c:Hashmap_get_node:205: TRY: 55
DEBUG: src/lcthw/hashmap.c:Hashmap_get_node:205: TRY: 56
DEBUG: src/lcthw/hashmap.c:Hashmap_get_node:205: TRY: 57
DEBUG: src/lcthw/hashmap.c:Hashmap_get_node:205: TRY: 58
DEBUG: src/lcthw/hashmap.c:Hashmap_get_node:205: TRY: 59
DEBUG: src/lcthw/hashmap.c:Hashmap_get_node:205: TRY: 60
DEBUG: src/lcthw/hashmap.c:Hashmap_get_node:205: TRY: 0
DEBUG: src/lcthw/hashmap.c:Hashmap_get_node:205: TRY: 1
DEBUG: src/lcthw/hashmap.c:Hashmap_get_node:205: TRY: 2
DEBUG: src/lcthw/hashmap.c:Hashmap_get_node:205: TRY: 3
DEBUG: src/lcthw/hashmap.c:Hashmap_get_node:205: TRY: 4
DEBUG: src/lcthw/hashmap.c:Hashmap_get_node:205: TRY: 5
DEBUG: src/lcthw/hashmap.c:Hashmap_get_node:205: TRY: 6
DEBUG: src/lcthw/hashmap.c:Hashmap_get_node:205: TRY: 7
DEBUG: src/lcthw/hashmap.c:Hashmap_get_node:205: TRY: 8
DEBUG: src/lcthw/hashmap.c:Hashmap_get_node:205: TRY: 9
DEBUG: src/lcthw/hashmap.c:Hashmap_get_node:205: TRY: 10
DEBUG: src/lcthw/hashmap.c:Hashmap_get_node:205: TRY: 11
DEBUG: src/lcthw/hashmap.c:Hashmap_get_node:205: TRY: 12
DEBUG: src/lcthw/hashmap.c:Hashmap_get_node:205: TRY: 13
DEBUG: src/lcthw/hashmap.c:Hashmap_get_node:205: TRY: 14
DEBUG: src/lcthw/hashmap.c:Hashmap_get_node:205: TRY: 15
DEBUG: src/lcthw/hashmap.c:Hashmap_get_node:205: TRY: 16
DEBUG: src/lcthw/hashmap.c:Hashmap_get_node:205: TRY: 17
DEBUG: src/lcthw/hashmap.c:Hashmap_get_node:205: TRY: 18
DEBUG: src/lcthw/hashmap.c:Hashmap_get_node:205: TRY: 19
DEBUG: src/lcthw/hashmap.c:Hashmap_get_node:205: TRY: 20
DEBUG: src/lcthw/hashmap.c:Hashmap_get_node:205: TRY: 21
DEBUG: src/lcthw/hashmap.c:Hashmap_get_node:205: TRY: 22
DEBUG: src/lcthw/hashmap.c:Hashmap_get_node:205: TRY: 23
DEBUG: src/lcthw/hashmap.c:Hashmap_get_node:205: TRY: 24
DEBUG: src/lcthw/hashmap.c:Hashmap_get_node:205: TRY: 25
DEBUG: src/lcthw/hashmap.c:Hashmap_get_node:205: TRY: 26
DEBUG: src/lcthw/hashmap.c:Hashmap_get_node:205: TRY: 27
DEBUG: src/lcthw/hashmap.c:Hashmap_get_node:205: TRY: 28
DEBUG: src/lcthw/hashmap.c:Hashmap_get_node:205: TRY: 29
DEBUG: src/lcthw/hashmap.c:Hashmap_get_node:205: TRY: 30
DEBUG: src/lcthw/hashmap.c:Hashmap_get_node:205: TRY: 31
DEBUG: src/lcthw/hashmap.c:Hashmap_get_node:205: TRY: 32
DEBUG: src/lcthw/hashmap.c:Hashmap_get_node:205: TRY: 33
DEBUG: src/lcthw/hashmap.c:Hashmap_get_node:205: TRY: 34
DEBUG: src/lcthw/hashmap.c:Hashmap_get_node:205: TRY: 35
DEBUG: src/lcthw/hashmap.c:Hashmap_get_node:205: TRY: 36
DEBUG: src/lcthw/hashmap.c:Hashmap_get_node:205: TRY: 37
DEBUG: src/lcthw/hashmap.c:Hashmap_get_node:205: TRY: 38
DEBUG: src/lcthw/hashmap.c:Hashmap_get_node:205: TRY: 39
DEBUG: src/lcthw/hashmap.c:Hashmap_get_node:205: TRY: 40
DEBUG: src/lcthw/hashmap.c:Hashmap_get_node:205: TRY: 41
DEBUG: src/lcthw/hashmap.c:Hashmap_get_node:205: TRY: 42
DEBUG: src/lcthw/hashmap.c:Hashmap_get_node:205: TRY: 43
DEBUG: src/lcthw/hashmap.c:Hashmap_get_node:205: TRY: 44
DEBUG: src/lcthw/hashmap.c:Hashmap_get_node:205: TRY: 45
DEBUG: src/lcthw/hashmap.c:Hashmap_get_node:205: TRY: 46
DEBUG: src/lcthw/hashmap.c:Hashmap_get_node:205: TRY: 47
DEBUG: src/lcthw/hashmap.c:Hashmap_get_node:205: TRY: 48
DEBUG: src/lcthw/hashmap.c:Hashmap_get_node:205: TRY: 49
DEBUG: src/lcthw/hashmap.c:Hashmap_get_node:205: TRY: 50
DEBUG: src/lcthw/hashmap.c:Hashmap_get_node:205: TRY: 51
DEBUG: src/lcthw/hashmap.c:Hashmap_get_node:205: TRY: 52
DEBUG: src/lcthw/hashmap.c:Hashmap_get_node:205: TRY: 53
DEBUG: src/lcthw/hashmap.c:Hashmap_get_node:205: TRY: 54
DEBUG: src/lcthw/hashmap.c:Hashmap_get_node:205: TRY: 55
DEBUG: src/lcthw/hashmap.c:Hashmap_get_node:205: TRY: 56
DEBUG: src/lcthw/hashmap.c:Hashmap_get_node:205: TRY: 57
DEBUG: src/lcthw/hashmap.c:Hashmap_get_node:205: TRY: 58
DEBUG: src/lcthw/hashmap.c:Hashmap_get_node:205: TRY: 59
DEBUG: src/lcthw/hashmap.c:Hashmap_get_node:205: TRY: 60
DEBUG: src/lcthw/hashmap.c:Hashmap_get_node:205: TRY: 61
DEBUG: src/lcthw/hashmap.c:Hashmap_get_node:205: TRY: 62
DEBUG: src/lcthw/hashmap.c:Hashmap_get_node:205: TRY: 63
DEBUG: src/lcthw/hashmap.c:Hashmap_get_node:205: TRY: 64
DEBUG: src/lcthw/hashmap.c:Hashmap_get_node:205: TRY: 65
DEBUG: src/lcthw/hashmap.c:Hashmap_get_node:205: TRY: 0
DEBUG: src/lcthw/hashmap.c:Hashmap_get_node:205: TRY: 1
DEBUG: src/lcthw/hashmap.c:Hashmap_get_node:205: TRY: 2
DEBUG: src/lcthw/hashmap.c:Hashmap_get_node:205: TRY: 3
DEBUG: src/lcthw/hashmap.c:Hashmap_get_node:205: TRY: 4
DEBUG: src/lcthw/hashmap.c:Hashmap_get_node:205: TRY: 5
DEBUG: src/lcthw/hashmap.c:Hashmap_get_node:205: TRY: 6
DEBUG: src/lcthw/hashmap.c:Hashmap_get_node:205: TRY: 7
DEBUG: src/lcthw/hashmap.c:Hashmap_get_node:205: TRY: 8
DEBUG: src/lcthw/hashmap.c:Hashmap_get_node:205: TRY: 9
DEBUG: src/lcthw/hashmap.c:Hashmap_get_node:205: TRY: 10
DEBUG: src/lcthw/hashmap.c:Hashmap_get_node:205: TRY: 11
DEBUG: src/lcthw/hashmap.c:Hashmap_get_node:205: TRY: 12
DEBUG: src/lcthw/hashmap.c:Hashmap_get_node:205: TRY: 13
DEBUG: src/lcthw/hashmap.c:Hashmap_get_node:205: TRY: 14
DEBUG: src/lcthw/hashmap.c:Hashmap_get_node:205: TRY: 15
DEBUG: src/lcthw/hashmap.c:Hashmap_get_node:205: TRY: 16
DEBUG: src/lcthw/hashmap.c:Hashmap_get_node:205: TRY: 17
DEBUG: src/lcthw/hashmap.c:Hashmap_get_node:205: TRY: 18
DEBUG: src/lcthw/hashmap.c:Hashmap_get_node:205: TRY: 19
DEBUG: src/lcthw/hashmap.c:Hashmap_get_node:205: TRY: 20
DEBUG: src/lcthw/hashmap.c:Hashmap_get_node:205: TRY: 21
DEBUG: src/lcthw/hashmap.c:Hashmap_get_node:205: TRY: 22
DEBUG: src/lcthw/hashmap.c:Hashmap_get_node:205: TRY: 23
DEBUG: src/lcthw/hashmap.c:Hashmap_get_node:205: TRY: 24
DEBUG: src/lcthw/hashmap.c:Hashmap_get_node:205: TRY: 25
DEBUG: src/lcthw/hashmap.c:Hashmap_get_node:205: TRY: 26
DEBUG: src/lcthw/hashmap.c:Hashmap_get_node:205: TRY: 27
DEBUG: src/lcthw/hashmap.c:Hashmap_get_node:205: TRY: 28
DEBUG: src/lcthw/hashmap.c:Hashmap_get_node:205: TRY: 29
DEBUG: src/lcthw/hashmap.c:Hashmap_get_node:205: TRY: 30
DEBUG: src/lcthw/hashmap.c:Hashmap_get_node:205: TRY: 31
DEBUG: src/lcthw/hashmap.c:Hashmap_get_node:205: TRY: 32
DEBUG: src/lcthw/hashmap.c:Hashmap_get_node:205: TRY: 33
DEBUG: src/lcthw/hashmap.c:Hashmap_get_node:205: TRY: 34
DEBUG: src/lcthw/hashmap.c:Hashmap_get_node:205: TRY: 35
DEBUG: src/lcthw/hashmap.c:Hashmap_get_node:205: TRY: 36
DEBUG: src/lcthw/hashmap.c:Hashmap_get_node:205: TRY: 37
DEBUG: src/lcthw/hashmap.c:Hashmap_get_node:205: TRY: 38
DEBUG: src/lcthw/hashmap.c:Hashmap_get_node:205: TRY: 39
DEBUG: src/lcthw/hashmap.c:Hashmap_get_node:205: TRY: 40
DEBUG: src/lcthw/hashmap.c:Hashmap_get_node:205: TRY: 41
DEBUG: src/lcthw/hashmap.c:Hashmap_get_node:205: TRY: 42
DEBUG: src/lcthw/hashmap.c:Hashmap_get_node:205: TRY: 43
DEBUG: src/lcthw/hashmap.c:Hashmap_get_node:205: TRY: 44
DEBUG: src/lcthw/hashmap.c:Hashmap_get_node:205: TRY: 45
DEBUG: src/lcthw/hashmap.c:Hashmap_get_node:205: TRY: 46
DEBUG: src/lcthw/hashmap.c:Hashmap_get_node:205: TRY: 47
DEBUG: src/lcthw/hashmap.c:Hashmap_get_node:205: TRY: 48
DEBUG: src/lcthw/hashmap.c:Hashmap_get_node:205: TRY: 49
DEBUG: src/lcthw/hashmap.c:Hashmap_get_node:205: TRY: 50
DEBUG: src/lcthw/hashmap.c:Hashmap_get_node:205: TRY: 51
DEBUG: src/lcthw/hashmap.c:Hashmap_get_node:205: TRY: 52
DEBUG: src/lcthw/hashmap.c:Hashmap_get_node:205: TRY: 53
DEBUG: src/lcthw/hashmap.c:Hashmap_get_node:205: TRY: 54
DEBUG: src/lcthw/hashmap.c:Hashmap_get_node:205: TRY: 55
DEBUG: src/lcthw/hashmap.c:Hashmap_get_node:205: TRY: 56
DEBUG: src/lcthw/hashmap.c:Hashmap_get_node:205: TRY: 57
DEBUG: src/lcthw/hashmap.c:Hashmap_get_node:205: TRY: 58
DEBUG: src/lcthw/hashmap.c:Hashmap_get_node:205: TRY: 59
DEBUG: src/lcthw/hashmap.c:Hashmap_get_node:205: TRY: 60
DEBUG: src/lcthw/hashmap.c:Hashmap_get_node:205: TRY: 61
DEBUG: src/lcthw/hashmap.c:Hashmap_get_node:205: TRY: 62
DEBUG: src/lcthw/hashmap.c:Hashmap_get_node:205: TRY: 63
DEBUG: src/lcthw/hashmap.c:Hashmap_get_node:205: TRY: 64
DEBUG: src/lcthw/hashmap.c:Hashmap_get_node:205: TRY: 65
DEBUG: src/lcthw/hashmap.c:Hashmap_get_node:205: TRY: 0
DEBUG: src/lcthw/hashmap.c:Hashmap_get_node:205: TRY: 1
DEBUG: src/lcthw/hashmap.c:Hashmap_get_node:205: TRY: 2
DEBUG: src/lcthw/hashmap.c:Hashmap_get_node:205: TRY: 3
DEBUG: src/lcthw/hashmap.c:Hashmap_get_node:205: TRY: 4
DEBUG: src/lcthw/hashmap.c:Hashmap_get_node:205: TRY: 5
DEBUG: src/lcthw/hashmap.c:Hashmap_get_node:205: TRY: 6
DEBUG: src/lcthw/hashmap.c:Hashmap_get_node:205: TRY: 7
DEBUG: src/lcthw/hashmap.c:Hashmap_get_node:205: TRY: 8
DEBUG: src/lcthw/hashmap.c:Hashmap_get_node:205: TRY: 9
DEBUG: src/lcthw/hashmap.c:Hashmap_get_node:205: TRY: 10
DEBUG: src/lcthw/hashmap.c:Hashmap_get_node:205: TRY: 11
DEBUG: src/lcthw/hashmap.c:Hashmap_get_node:205: TRY: 12
DEBUG: src/lcthw/hashmap.c:Hashmap_get_node:205: TRY: 13
DEBUG: src/lcthw/hashmap.c:Hashmap_get_node:205: TRY: 14
DEBUG: src/lcthw/hashmap.c:Hashmap_get_node:205: TRY: 15
DEBUG: src/lcthw/hashmap.c:Hashmap_get_node:205: TRY: 16
DEBUG: src/lcthw/hashmap.c:Hashmap_get_node:205: TRY: 17
DEBUG: src/lcthw/hashmap.c:Hashmap_get_node:205: TRY: 18
DEBUG: src/lcthw/hashmap.c:Hashmap_get_node:205: TRY: 19
DEBUG: src/lcthw/hashmap.c:Hashmap_get_node:205: TRY: 20
DEBUG: src/lcthw/hashmap.c:Hashmap_get_node:205: TRY: 21
DEBUG: src/lcthw/hashmap.c:Hashmap_get_node:205: TRY: 22
DEBUG: src/lcthw/hashmap.c:Hashmap_get_node:205: TRY: 23
DEBUG: src/lcthw/hashmap.c:Hashmap_get_node:205: TRY: 24
DEBUG: src/lcthw/hashmap.c:Hashmap_get_node:205: TRY: 25
DEBUG: src/lcthw/hashmap.c:Hashmap_get_node:205: TRY: 26
DEBUG: src/lcthw/hashmap.c:Hashmap_get_node:205: TRY: 27
DEBUG: src/lcthw/hashmap.c:Hashmap_get_node:205: TRY: 28
DEBUG: src/lcthw/hashmap.c:Hashmap_get_node:205: TRY: 29
DEBUG: src/lcthw/hashmap.c:Hashmap_get_node:205: TRY: 30
DEBUG: src/lcthw/hashmap.c:Hashmap_get_node:205: TRY: 31
DEBUG: src/lcthw/hashmap.c:Hashmap_get_node:205: TRY: 32
DEBUG: src/lcthw/hashmap.c:Hashmap_get_node:205: TRY: 33
DEBUG: src/lcthw/hashmap.c:Hashmap_get_node:205: TRY: 34
DEBUG: src/lcthw/hashmap.c:Hashmap_get_node:205: TRY: 35
DEBUG: src/lcthw/hashmap.c:Hashmap_get_node:205: TRY: 36
DEBUG: src/lcthw/hashmap.c:Hashmap_get_node:205: TRY: 37
DEBUG: src/lcthw/hashmap.c:Hashmap_get_node:205: TRY: 38
DEBUG: src/lcthw/hashmap.c:Hashmap_get_node:205: TRY: 39
DEBUG: src/lcthw/hashmap.c:Hashmap_get_node:205: TRY: 40
DEBUG: src/lcthw/hashmap.c:Hashmap_get_node:205: TRY: 41
DEBUG: src/lcthw/hashmap.c:Hashmap_get_node:205: TRY: 42
DEBUG: src/lcthw/hashmap.c:Hashmap_get_node:205: TRY: 43
DEBUG: src/lcthw/hashmap.c:Hashmap_get_node:205: TRY: 44
DEBUG: src/lcthw/hashmap.c:Hashmap_get_node:205: TRY: 45
DEBUG: src/lcthw/hashmap.c:Hashmap_get_node:205: TRY: 46
DEBUG: src/lcthw/hashmap.c:Hashmap_get_node:205: TRY: 47
DEBUG: src/lcthw/hashmap.c:Hashmap_get_node:205: TRY: 48
DEBUG: src/lcthw/hashmap.c:Hashmap_get_node:205: TRY: 49
DEBUG: src/lcthw/hashmap.c:Hashmap_get_node:205: TRY: 50
DEBUG: src/lcthw/hashmap.c:Hashmap_get_node:205: TRY: 51
DEBUG: src/lcthw/hashmap.c:Hashmap_get_node:205: TRY: 52
DEBUG: src/lcthw/hashmap.c:Hashmap_get_node:205: TRY: 53
DEBUG: src/lcthw/hashmap.c:Hashmap_get_node:205: TRY: 54
DEBUG: src/lcthw/hashmap.c:Hashmap_get_node:205: TRY: 55
DEBUG: src/lcthw/hashmap.c:Hashmap_get_node:205: TRY: 56
DEBUG: src/lcthw/hashmap.c:Hashmap_get_node:205: TRY: 57
DEBUG: src/lcthw/hashmap.c:Hashmap_get_node:205: TRY: 58
DEBUG: src/lcthw/hashmap.c:Hashmap_get_node:205: TRY: 59
DEBUG: src/lcthw/hashmap.c:Hashmap_get_node:205: TRY: 60
DEBUG: src/lcthw/hashmap.c:Hashmap_get_node:205: TRY: 61
DEBUG: src/lcthw/hashmap.c:Hashmap_get_node:205: TRY: 62
DEBUG: src/lcthw/hashmap.c:Hashmap_get_node:205: TRY: 63
DEBUG: src/lcthw/hashmap.c:Hashmap_get_node:205: TRY: 64
DEBUG: src/lcthw/hashmap.c:Hashmap_get_node:205: TRY: 65
DEBUG: src/lcthw/hashmap.c:Hashmap_get_node:205: TRY: 0
DEBUG: src/lcthw/hashmap.c:Hashmap_get_node:205: TRY: 1
DEBUG: src/lcthw/hashmap.c:Hashmap_get_node:205: TRY: 2
DEBUG: src/lcthw/hashmap.c:Hashmap_get_node:205: TRY: 3
DEBUG: src/lcthw/hashmap.c:Hashmap_get_node:205: TRY: 4
DEBUG: src/lcthw/hashmap.c:Hashmap_get_node:205: TRY: 5
DEBUG: src/lcthw/hashmap.c:Hashmap_get_node:205: TRY: 6
DEBUG: src/lcthw/hashmap.c:Hashmap_get_node:205: TRY: 7
DEBUG: src/lcthw/hashmap.c:Hashmap_get_node:205: TRY: 8
DEBUG: src/lcthw/hashmap.c:Hashmap_get_node:205: TRY: 9
DEBUG: src/lcthw/hashmap.c:Hashmap_get_node:205: TRY: 10
DEBUG: src/lcthw/hashmap.c:Hashmap_get_node:205: TRY: 11
DEBUG: src/lcthw/hashmap.c:Hashmap_get_node:205: TRY: 12
DEBUG: src/lcthw/hashmap.c:Hashmap_get_node:205: TRY: 13
DEBUG: src/lcthw/hashmap.c:Hashmap_get_node:205: TRY: 14
DEBUG: src/lcthw/hashmap.c:Hashmap_get_node:205: TRY: 15
DEBUG: src/lcthw/hashmap.c:Hashmap_get_node:205: TRY: 16
DEBUG: src/lcthw/hashmap.c:Hashmap_get_node:205: TRY: 17
DEBUG: src/lcthw/hashmap.c:Hashmap_get_node:205: TRY: 18
DEBUG: src/lcthw/hashmap.c:Hashmap_get_node:205: TRY: 19
DEBUG: src/lcthw/hashmap.c:Hashmap_get_node:205: TRY: 20
DEBUG: src/lcthw/hashmap.c:Hashmap_get_node:205: TRY: 21
DEBUG: src/lcthw/hashmap.c:Hashmap_get_node:205: TRY: 22
DEBUG: src/lcthw/hashmap.c:Hashmap_get_node:205: TRY: 23
DEBUG: src/lcthw/hashmap.c:Hashmap_get_node:205: TRY: 24
DEBUG: src/lcthw/hashmap.c:Hashmap_get_node:205: TRY: 25
DEBUG: src/lcthw/hashmap.c:Hashmap_get_node:205: TRY: 26
DEBUG: src/lcthw/hashmap.c:Hashmap_get_node:205: TRY: 27
DEBUG: src/lcthw/hashmap.c:Hashmap_get_node:205: TRY: 28
DEBUG: src/lcthw/hashmap.c:Hashmap_get_node:205: TRY: 29
DEBUG: src/lcthw/hashmap.c:Hashmap_get_node:205: TRY: 30
DEBUG: src/lcthw/hashmap.c:Hashmap_get_node:205: TRY: 31
DEBUG: src/lcthw/hashmap.c:Hashmap_get_node:205: TRY: 32
DEBUG: src/lcthw/hashmap.c:Hashmap_get_node:205: TRY: 33
DEBUG: src/lcthw/hashmap.c:Hashmap_get_node:205: TRY: 34
DEBUG: src/lcthw/hashmap.c:Hashmap_get_node:205: TRY: 35
DEBUG: src/lcthw/hashmap.c:Hashmap_get_node:205: TRY: 36
DEBUG: src/lcthw/hashmap.c:Hashmap_get_node:205: TRY: 37
DEBUG: src/lcthw/hashmap.c:Hashmap_get_node:205: TRY: 38
DEBUG: src/lcthw/hashmap.c:Hashmap_get_node:205: TRY: 39
DEBUG: src/lcthw/hashmap.c:Hashmap_get_node:205: TRY: 40
DEBUG: src/lcthw/hashmap.c:Hashmap_get_node:205: TRY: 41
DEBUG: src/lcthw/hashmap.c:Hashmap_get_node:205: TRY: 42
DEBUG: src/lcthw/hashmap.c:Hashmap_get_node:205: TRY: 43
DEBUG: src/lcthw/hashmap.c:Hashmap_get_node:205: TRY: 44
DEBUG: src/lcthw/hashmap.c:Hashmap_get_node:205: TRY: 45
DEBUG: src/lcthw/hashmap.c:Hashmap_get_node:205: TRY: 46
DEBUG: src/lcthw/hashmap.c:Hashmap_get_node:205: TRY: 47
DEBUG: src/lcthw/hashmap.c:Hashmap_get_node:205: TRY: 48
DEBUG: src/lcthw/hashmap.c:Hashmap_get_node:205: TRY: 49
DEBUG: src/lcthw/hashmap.c:Hashmap_get_node:205: TRY: 50
DEBUG: src/lcthw/hashmap.c:Hashmap_get_node:205: TRY: 51
DEBUG: src/lcthw/hashmap.c:Hashmap_get_node:205: TRY: 52
DEBUG: src/lcthw/hashmap.c:Hashmap_get_node:205: TRY: 53
DEBUG: src/lcthw/hashmap.c:Hashmap_get_node:205: TRY: 54
DEBUG: src/lcthw/hashmap.c:Hashmap_get_node:205: TRY: 55
DEBUG: src/lcthw/hashmap.c:Hashmap_get_node:205: TRY: 56
DEBUG: src/lcthw/hashmap.c:Hashmap_get_node:205: TRY: 57
DEBUG: src/lcthw/hashmap.c:Hashmap_get_node:205: TRY: 58
DEBUG: src/lcthw/hashmap.c:Hashmap_get_node:205: TRY: 59
DEBUG: src/lcthw/hashmap.c:Hashmap_get_node:205: TRY: 60
DEBUG: src/lcthw/hashmap.c:Hashmap_get_node:205: TRY: 61
DEBUG: src/lcthw/hashmap.c:Hashmap_get_node:205: TRY: 0
DEBUG: src/lcthw/hashmap.c:Hashmap_get_node:205: TRY: 1
DEBUG: src/lcthw/hashmap.c:Hashmap_get_node:205: TRY: 2
DEBUG: src/lcthw/hashmap.c:Hashmap_get_node:205: TRY: 3
DEBUG: src/lcthw/hashmap.c:Hashmap_get_node:205: TRY: 4
DEBUG: src/lcthw/hashmap.c:Hashmap_get_node:205: TRY: 5
DEBUG: src/lcthw/hashmap.c:Hashmap_get_node:205: TRY: 6
DEBUG: src/lcthw/hashmap.c:Hashmap_get_node:205: TRY: 7
DEBUG: src/lcthw/hashmap.c:Hashmap_get_node:205: TRY: 8
DEBUG: src/lcthw/hashmap.c:Hashmap_get_node:205: TRY: 9
DEBUG: src/lcthw/hashmap.c:Hashmap_get_node:205: TRY: 10
DEBUG: src/lcthw/hashmap.c:Hashmap_get_node:205: TRY: 11
DEBUG: src/lcthw/hashmap.c:Hashmap_get_node:205: TRY: 12
DEBUG: src/lcthw/hashmap.c:Hashmap_get_node:205: TRY: 13
DEBUG: src/lcthw/hashmap.c:Hashmap_get_node:205: TRY: 14
DEBUG: src/lcthw/hashmap.c:Hashmap_get_node:205: TRY: 15
DEBUG: src/lcthw/hashmap.c:Hashmap_get_node:205: TRY: 16
DEBUG: src/lcthw/hashmap.c:Hashmap_get_node:205: TRY: 17
DEBUG: src/lcthw/hashmap.c:Hashmap_get_node:205: TRY: 18
DEBUG: src/lcthw/hashmap.c:Hashmap_get_node:205: TRY: 19
DEBUG: src/lcthw/hashmap.c:Hashmap_get_node:205: TRY: 20
DEBUG: src/lcthw/hashmap.c:Hashmap_get_node:205: TRY: 21
DEBUG: src/lcthw/hashmap.c:Hashmap_get_node:205: TRY: 22
DEBUG: src/lcthw/hashmap.c:Hashmap_get_node:205: TRY: 23
DEBUG: src/lcthw/hashmap.c:Hashmap_get_node:205: TRY: 24
DEBUG: src/lcthw/hashmap.c:Hashmap_get_node:205: TRY: 25
DEBUG: src/lcthw/hashmap.c:Hashmap_get_node:205: TRY: 26
DEBUG: src/lcthw/hashmap.c:Hashmap_get_node:205: TRY: 27
DEBUG: src/lcthw/hashmap.c:Hashmap_get_node:205: TRY: 28
DEBUG: src/lcthw/hashmap.c:Hashmap_get_node:205: TRY: 29
DEBUG: src/lcthw/hashmap.c:Hashmap_get_node:205: TRY: 30
DEBUG: src/lcthw/hashmap.c:Hashmap_get_node:205: TRY: 31
DEBUG: src/lcthw/hashmap.c:Hashmap_get_node:205: TRY: 32
DEBUG: src/lcthw/hashmap.c:Hashmap_get_node:205: TRY: 33
DEBUG: src/lcthw/hashmap.c:Hashmap_get_node:205: TRY: 34
DEBUG: src/lcthw/hashmap.c:Hashmap_get_node:205: TRY: 35
DEBUG: src/lcthw/hashmap.c:Hashmap_get_node:205: TRY: 36
DEBUG: src/lcthw/hashmap.c:Hashmap_get_node:205: TRY: 37
DEBUG: src/lcthw/hashmap.c:Hashmap_get_node:205: TRY: 38
DEBUG: src/lcthw/hashmap.c:Hashmap_get_node:205: TRY: 39
DEBUG: src/lcthw/hashmap.c:Hashmap_get_node:205: TRY: 40
DEBUG: src/lcthw/hashmap.c:Hashmap_get_node:205: TRY: 41
DEBUG: src/lcthw/hashmap.c:Hashmap_get_node:205: TRY: 42
DEBUG: src/lcthw/hashmap.c:Hashmap_get_node:205: TRY: 43
DEBUG: src/lcthw/hashmap.c:Hashmap_get_node:205: TRY: 44
DEBUG: src/lcthw/hashmap.c:Hashmap_get_node:205: TRY: 45
DEBUG: src/lcthw/hashmap.c:Hashmap_get_node:205: TRY: 46
DEBUG: src/lcthw/hashmap.c:Hashmap_get_node:205: TRY: 47
DEBUG: src/lcthw/hashmap.c:Hashmap_get_node:205: TRY: 48
DEBUG: src/lcthw/hashmap.c:Hashmap_get_node:205: TRY: 49
DEBUG: src/lcthw/hashmap.c:Hashmap_get_node:205: TRY: 50
DEBUG: src/lcthw/hashmap.c:Hashmap_get_node:205: TRY: 51
DEBUG: src/lcthw/hashmap.c:Hashmap_get_node:205: TRY: 52
DEBUG: src/lcthw/hashmap.c:Hashmap_get_node:205: TRY: 53
DEBUG: src/lcthw/hashmap.c:Hashmap_get_node:205: TRY: 54
DEBUG: src/lcthw/hashmap.c:Hashmap_get_node:205: TRY: 55
DEBUG: src/lcthw/hashmap.c:Hashmap_get_node:205: TRY: 56
DEBUG: src/lcthw/hashmap.c:Hashmap_get_node:205: TRY: 57
DEBUG: src/lcthw/hashmap.c:Hashmap_get_node:205: TRY: 58
DEBUG: src/lcthw/hashmap.c:Hashmap_get_node:205: TRY: 59
DEBUG: src/lcthw/hashmap.c:Hashmap_get_node:205: TRY: 60
DEBUG: src/lcthw/hashmap.c:Hashmap_get_node:205: TRY: 61
DEBUG: src/lcthw/hashmap.c:Hashmap_get_node:205: TRY: 62
DEBUG: src/lcthw/hashmap.c:Hashmap_get_node:205: TRY: 63
DEBUG: src/lcthw/hashmap.c:Hashmap_get_node:205: TRY: 64
DEBUG: src/lcthw/hashmap.c:Hashmap_get_node:205: TRY: 65
DEBUG: src/lcthw/hashmap.c:Hashmap_get_node:205: TRY: 66
DEBUG: src/lcthw/hashmap.c:Hashmap_get_node:205: TRY: 0
DEBUG: src/lcthw/hashmap.c:Hashmap_get_node:205: TRY: 1
DEBUG: src/lcthw/hashmap.c:Hashmap_get_node:205: TRY: 2
DEBUG: src/lcthw/hashmap.c:Hashmap_get_node:205: TRY: 3
DEBUG: src/lcthw/hashmap.c:Hashmap_get_node:205: TRY: 4
DEBUG: src/lcthw/hashmap.c:Hashmap_get_node:205: TRY: 5
DEBUG: src/lcthw/hashmap.c:Hashmap_get_node:205: TRY: 6
DEBUG: src/lcthw/hashmap.c:Hashmap_get_node:205: TRY: 7
DEBUG: src/lcthw/hashmap.c:Hashmap_get_node:205: TRY: 8
DEBUG: src/lcthw/hashmap.c:Hashmap_get_node:205: TRY: 9
DEBUG: src/lcthw/hashmap.c:Hashmap_get_node:205: TRY: 10
DEBUG: src/lcthw/hashmap.c:Hashmap_get_node:205: TRY: 11
DEBUG: src/lcthw/hashmap.c:Hashmap_get_node:205: TRY: 12
DEBUG: src/lcthw/hashmap.c:Hashmap_get_node:205: TRY: 13
DEBUG: src/lcthw/hashmap.c:Hashmap_get_node:205: TRY: 14
DEBUG: src/lcthw/hashmap.c:Hashmap_get_node:205: TRY: 15
DEBUG: src/lcthw/hashmap.c:Hashmap_get_node:205: TRY: 16
DEBUG: src/lcthw/hashmap.c:Hashmap_get_node:205: TRY: 17
DEBUG: src/lcthw/hashmap.c:Hashmap_get_node:205: TRY: 18
DEBUG: src/lcthw/hashmap.c:Hashmap_get_node:205: TRY: 19
DEBUG: src/lcthw/hashmap.c:Hashmap_get_node:205: TRY: 20
DEBUG: src/lcthw/hashmap.c:Hashmap_get_node:205: TRY: 21
DEBUG: src/lcthw/hashmap.c:Hashmap_get_node:205: TRY: 22
DEBUG: src/lcthw/hashmap.c:Hashmap_get_node:205: TRY: 23
DEBUG: src/lcthw/hashmap.c:Hashmap_get_node:205: TRY: 24
DEBUG: src/lcthw/hashmap.c:Hashmap_get_node:205: TRY: 25
DEBUG: src/lcthw/hashmap.c:Hashmap_get_node:205: TRY: 26
DEBUG: src/lcthw/hashmap.c:Hashmap_get_node:205: TRY: 27
DEBUG: src/lcthw/hashmap.c:Hashmap_get_node:205: TRY: 28
DEBUG: src/lcthw/hashmap.c:Hashmap_get_node:205: TRY: 29
DEBUG: src/lcthw/hashmap.c:Hashmap_get_node:205: TRY: 30
DEBUG: src/lcthw/hashmap.c:Hashmap_get_node:205: TRY: 31
DEBUG: src/lcthw/hashmap.c:Hashmap_get_node:205: TRY: 32
DEBUG: src/lcthw/hashmap.c:Hashmap_get_node:205: TRY: 33
DEBUG: src/lcthw/hashmap.c:Hashmap_get_node:205: TRY: 34
DEBUG: src/lcthw/hashmap.c:Hashmap_get_node:205: TRY: 35
DEBUG: src/lcthw/hashmap.c:Hashmap_get_node:205: TRY: 36
DEBUG: src/lcthw/hashmap.c:Hashmap_get_node:205: TRY: 37
DEBUG: src/lcthw/hashmap.c:Hashmap_get_node:205: TRY: 38
DEBUG: src/lcthw/hashmap.c:Hashmap_get_node:205: TRY: 39
DEBUG: src/lcthw/hashmap.c:Hashmap_get_node:205: TRY: 40
DEBUG: src/lcthw/hashmap.c:Hashmap_get_node:205: TRY: 41
DEBUG: src/lcthw/hashmap.c:Hashmap_get_node:205: TRY: 42
DEBUG: src/lcthw/hashmap.c:Hashmap_get_node:205: TRY: 43
DEBUG: src/lcthw/hashmap.c:Hashmap_get_node:205: TRY: 44
DEBUG: src/lcthw/hashmap.c:Hashmap_get_node:205: TRY: 45
DEBUG: src/lcthw/hashmap.c:Hashmap_get_node:205: TRY: 46
DEBUG: src/lcthw/hashmap.c:Hashmap_get_node:205: TRY: 47
DEBUG: src/lcthw/hashmap.c:Hashmap_get_node:205: TRY: 48
DEBUG: src/lcthw/hashmap.c:Hashmap_get_node:205: TRY: 49
DEBUG: src/lcthw/hashmap.c:Hashmap_get_node:205: TRY: 50
DEBUG: src/lcthw/hashmap.c:Hashmap_get_node:205: TRY: 51
DEBUG: src/lcthw/hashmap.c:Hashmap_get_node:205: TRY: 52
DEBUG: src/lcthw/hashmap.c:Hashmap_get_node:205: TRY: 53
DEBUG: src/lcthw/hashmap.c:Hashmap_get_node:205: TRY: 54
DEBUG: src/lcthw/hashmap.c:Hashmap_get_node:205: TRY: 55
DEBUG: src/lcthw/hashmap.c:Hashmap_get_node:205: TRY: 56
DEBUG: src/lcthw/hashmap.c:Hashmap_get_node:205: TRY: 57
DEBUG: src/lcthw/hashmap.c:Hashmap_get_node:205: TRY: 58
DEBUG: src/lcthw/hashmap.c:Hashmap_get_node:205: TRY: 59
DEBUG: src/lcthw/hashmap.c:Hashmap_get_node:205: TRY: 60
DEBUG: src/lcthw/hashmap.c:Hashmap_get_node:205: TRY: 61
DEBUG: src/lcthw/hashmap.c:Hashmap_get_node:205: TRY: 62
DEBUG: src/lcthw/hashmap.c:Hashmap_get_node:205: TRY: 0
DEBUG: src/lcthw/hashmap.c:Hashmap_get_node:205: TRY: 1
DEBUG: src/lcthw/hashmap.c:Hashmap_get_node:205: TRY: 2
DEBUG: src/lcthw/hashmap.c:Hashmap_get_node:205: TRY: 3
DEBUG: src/lcthw/hashmap.c:Hashmap_get_node:205: TRY: 4
DEBUG: src/lcthw/hashmap.c:Hashmap_get_node:205: TRY: 5
DEBUG: src/lcthw/hashmap.c:Hashmap_get_node:205: TRY: 6
DEBUG: src/lcthw/hashmap.c:Hashmap_get_node:205: TRY: 7
DEBUG: src/lcthw/hashmap.c:Hashmap_get_node:205: TRY: 8
DEBUG: src/lcthw/hashmap.c:Hashmap_get_node:205: TRY: 9
DEBUG: src/lcthw/hashmap.c:Hashmap_get_node:205: TRY: 10
DEBUG: src/lcthw/hashmap.c:Hashmap_get_node:205: TRY: 11
DEBUG: src/lcthw/hashmap.c:Hashmap_get_node:205: TRY: 12
DEBUG: src/lcthw/hashmap.c:Hashmap_get_node:205: TRY: 13
DEBUG: src/lcthw/hashmap.c:Hashmap_get_node:205: TRY: 14
DEBUG: src/lcthw/hashmap.c:Hashmap_get_node:205: TRY: 15
DEBUG: src/lcthw/hashmap.c:Hashmap_get_node:205: TRY: 16
DEBUG: src/lcthw/hashmap.c:Hashmap_get_node:205: TRY: 17
DEBUG: src/lcthw/hashmap.c:Hashmap_get_node:205: TRY: 18
DEBUG: src/lcthw/hashmap.c:Hashmap_get_node:205: TRY: 19
DEBUG: src/lcthw/hashmap.c:Hashmap_get_node:205: TRY: 20
DEBUG: src/lcthw/hashmap.c:Hashmap_get_node:205: TRY: 21
DEBUG: src/lcthw/hashmap.c:Hashmap_get_node:205: TRY: 22
DEBUG: src/lcthw/hashmap.c:Hashmap_get_node:205: TRY: 23
DEBUG: src/lcthw/hashmap.c:Hashmap_get_node:205: TRY: 24
DEBUG: src/lcthw/hashmap.c:Hashmap_get_node:205: TRY: 25
DEBUG: src/lcthw/hashmap.c:Hashmap_get_node:205: TRY: 26
DEBUG: src/lcthw/hashmap.c:Hashmap_get_node:205: TRY: 27
DEBUG: src/lcthw/hashmap.c:Hashmap_get_node:205: TRY: 28
DEBUG: src/lcthw/hashmap.c:Hashmap_get_node:205: TRY: 29
DEBUG: src/lcthw/hashmap.c:Hashmap_get_node:205: TRY: 30
DEBUG: src/lcthw/hashmap.c:Hashmap_get_node:205: TRY: 31
DEBUG: src/lcthw/hashmap.c:Hashmap_get_node:205: TRY: 32
DEBUG: src/lcthw/hashmap.c:Hashmap_get_node:205: TRY: 33
DEBUG: src/lcthw/hashmap.c:Hashmap_get_node:205: TRY: 34
DEBUG: src/lcthw/hashmap.c:Hashmap_get_node:205: TRY: 35
DEBUG: src/lcthw/hashmap.c:Hashmap_get_node:205: TRY: 36
DEBUG: src/lcthw/hashmap.c:Hashmap_get_node:205: TRY: 37
DEBUG: src/lcthw/hashmap.c:Hashmap_get_node:205: TRY: 38
DEBUG: src/lcthw/hashmap.c:Hashmap_get_node:205: TRY: 39
DEBUG: src/lcthw/hashmap.c:Hashmap_get_node:205: TRY: 40
DEBUG: src/lcthw/hashmap.c:Hashmap_get_node:205: TRY: 41
DEBUG: src/lcthw/hashmap.c:Hashmap_get_node:205: TRY: 42
DEBUG: src/lcthw/hashmap.c:Hashmap_get_node:205: TRY: 43
DEBUG: src/lcthw/hashmap.c:Hashmap_get_node:205: TRY: 44
DEBUG: src/lcthw/hashmap.c:Hashmap_get_node:205: TRY: 45
DEBUG: src/lcthw/hashmap.c:Hashmap_get_node:205: TRY: 46
DEBUG: src/lcthw/hashmap.c:Hashmap_get_node:205: TRY: 47
DEBUG: src/lcthw/hashmap.c:Hashmap_get_node:205: TRY: 48
DEBUG: src/lcthw/hashmap.c:Hashmap_get_node:205: TRY: 49
DEBUG: src/lcthw/hashmap.c:Hashmap_get_node:205: TRY: 50
DEBUG: src/lcthw/hashmap.c:Hashmap_get_node:205: TRY: 51
DEBUG: src/lcthw/hashmap.c:Hashmap_get_node:205: TRY: 52
DEBUG: src/lcthw/hashmap.c:Hashmap_get_node:205: TRY: 53
DEBUG: src/lcthw/hashmap.c:Hashmap_get_node:205: TRY: 54
DEBUG: src/lcthw/hashmap.c:Hashmap_get_node:205: TRY: 55
DEBUG: src/lcthw/hashmap.c:Hashmap_get_node:205: TRY: 56
DEBUG: src/lcthw/hashmap.c:Hashmap_get_node:205: TRY: 57
DEBUG: src/lcthw/hashmap.c:Hashmap_get_node:205: TRY: 58
DEBUG: src/lcthw/hashmap.c:Hashmap_get_node:205: TRY: 59
DEBUG: src/lcthw/hashmap.c:Hashmap_get_node:205: TRY: 60
DEBUG: src/lcthw/hashmap.c:Hashmap_get_node:205: TRY: 61
DEBUG: src/lcthw/hashmap.c:Hashmap_get_node:205: TRY: 62
DEBUG: src/lcthw/hashmap.c:Hashmap_get_node:205: TRY: 63
DEBUG: src/lcthw/hashmap.c:Hashmap_get_node:205: TRY: 64
DEBUG: src/lcthw/hashmap.c:Hashmap_get_node:205: TRY: 65
DEBUG: src/lcthw/hashmap.c:Hashmap_get_node:205: TRY: 66
DEBUG: src/lcthw/hashmap.c:Hashmap_get_node:205: TRY: 67
DEBUG: src/lcthw/hashmap.c:Hashmap_get_node:205: TRY: 0
DEBUG: src/lcthw/hashmap.c:Hashmap_get_node:205: TRY: 1
DEBUG: src/lcthw/hashmap.c:Hashmap_get_node:205: TRY: 2
DEBUG: src/lcthw/hashmap.c:Hashmap_get_node:205: TRY: 3
DEBUG: src/lcthw/hashmap.c:Hashmap_get_node:205: TRY: 4
DEBUG: src/lcthw/hashmap.c:Hashmap_get_node:205: TRY: 5
DEBUG: src/lcthw/hashmap.c:Hashmap_get_node:205: TRY: 6
DEBUG: src/lcthw/hashmap.c:Hashmap_get_node:205: TRY: 7
DEBUG: src/lcthw/hashmap.c:Hashmap_get_node:205: TRY: 8
DEBUG: src/lcthw/hashmap.c:Hashmap_get_node:205: TRY: 9
DEBUG: src/lcthw/hashmap.c:Hashmap_get_node:205: TRY: 10
DEBUG: src/lcthw/hashmap.c:Hashmap_get_node:205: TRY: 11
DEBUG: src/lcthw/hashmap.c:Hashmap_get_node:205: TRY: 12
DEBUG: src/lcthw/hashmap.c:Hashmap_get_node:205: TRY: 13
DEBUG: src/lcthw/hashmap.c:Hashmap_get_node:205: TRY: 14
DEBUG: src/lcthw/hashmap.c:Hashmap_get_node:205: TRY: 15
DEBUG: src/lcthw/hashmap.c:Hashmap_get_node:205: TRY: 16
DEBUG: src/lcthw/hashmap.c:Hashmap_get_node:205: TRY: 17
DEBUG: src/lcthw/hashmap.c:Hashmap_get_node:205: TRY: 18
DEBUG: src/lcthw/hashmap.c:Hashmap_get_node:205: TRY: 19
DEBUG: src/lcthw/hashmap.c:Hashmap_get_node:205: TRY: 20
DEBUG: src/lcthw/hashmap.c:Hashmap_get_node:205: TRY: 21
DEBUG: src/lcthw/hashmap.c:Hashmap_get_node:205: TRY: 22
DEBUG: src/lcthw/hashmap.c:Hashmap_get_node:205: TRY: 23
DEBUG: src/lcthw/hashmap.c:Hashmap_get_node:205: TRY: 24
DEBUG: src/lcthw/hashmap.c:Hashmap_get_node:205: TRY: 25
DEBUG: src/lcthw/hashmap.c:Hashmap_get_node:205: TRY: 26
DEBUG: src/lcthw/hashmap.c:Hashmap_get_node:205: TRY: 27
DEBUG: src/lcthw/hashmap.c:Hashmap_get_node:205: TRY: 28
DEBUG: src/lcthw/hashmap.c:Hashmap_get_node:205: TRY: 29
DEBUG: src/lcthw/hashmap.c:Hashmap_get_node:205: TRY: 30
DEBUG: src/lcthw/hashmap.c:Hashmap_get_node:205: TRY: 31
DEBUG: src/lcthw/hashmap.c:Hashmap_get_node:205: TRY: 32
DEBUG: src/lcthw/hashmap.c:Hashmap_get_node:205: TRY: 33
DEBUG: src/lcthw/hashmap.c:Hashmap_get_node:205: TRY: 34
DEBUG: src/lcthw/hashmap.c:Hashmap_get_node:205: TRY: 35
DEBUG: src/lcthw/hashmap.c:Hashmap_get_node:205: TRY: 36
DEBUG: src/lcthw/hashmap.c:Hashmap_get_node:205: TRY: 37
DEBUG: src/lcthw/hashmap.c:Hashmap_get_node:205: TRY: 38
DEBUG: src/lcthw/hashmap.c:Hashmap_get_node:205: TRY: 39
DEBUG: src/lcthw/hashmap.c:Hashmap_get_node:205: TRY: 40
DEBUG: src/lcthw/hashmap.c:Hashmap_get_node:205: TRY: 41
DEBUG: src/lcthw/hashmap.c:Hashmap_get_node:205: TRY: 42
DEBUG: src/lcthw/hashmap.c:Hashmap_get_node:205: TRY: 43
DEBUG: src/lcthw/hashmap.c:Hashmap_get_node:205: TRY: 44
DEBUG: src/lcthw/hashmap.c:Hashmap_get_node:205: TRY: 45
DEBUG: src/lcthw/hashmap.c:Hashmap_get_node:205: TRY: 46
DEBUG: src/lcthw/hashmap.c:Hashmap_get_node:205: TRY: 47
DEBUG: src/lcthw/hashmap.c:Hashmap_get_node:205: TRY: 48
DEBUG: src/lcthw/hashmap.c:Hashmap_get_node:205: TRY: 49
DEBUG: src/lcthw/hashmap.c:Hashmap_get_node:205: TRY: 50
DEBUG: src/lcthw/hashmap.c:Hashmap_get_node:205: TRY: 51
DEBUG: src/lcthw/hashmap.c:Hashmap_get_node:205: TRY: 52
DEBUG: src/lcthw/hashmap.c:Hashmap_get_node:205: TRY: 53
DEBUG: src/lcthw/hashmap.c:Hashmap_get_node:205: TRY: 54
DEBUG: src/lcthw/hashmap.c:Hashmap_get_node:205: TRY: 55
DEBUG: src/lcthw/hashmap.c:Hashmap_get_node:205: TRY: 56
DEBUG: src/lcthw/hashmap.c:Hashmap_get_node:205: TRY: 57
DEBUG: src/lcthw/hashmap.c:Hashmap_get_node:205: TRY: 58
DEBUG: src/lcthw/hashmap.c:Hashmap_get_node:205: TRY: 59
DEBUG: src/lcthw/hashmap.c:Hashmap_get_node:205: TRY: 60
DEBUG: src/lcthw/hashmap.c:Hashmap_get_node:205: TRY: 61
DEBUG: src/lcthw/hashmap.c:Hashmap_get_node:205: TRY: 62
DEBUG: src/lcthw/hashmap.c:Hashmap_get_node:205: TRY: 63
DEBUG: src/lcthw/hashmap.c:Hashmap_get_node:205: TRY: 0
DEBUG: src/lcthw/hashmap.c:Hashmap_get_node:205: TRY: 1
DEBUG: src/lcthw/hashmap.c:Hashmap_get_node:205: TRY: 2
DEBUG: src/lcthw/hashmap.c:Hashmap_get_node:205: TRY: 3
DEBUG: src/lcthw/hashmap.c:Hashmap_get_node:205: TRY: 4
DEBUG: src/lcthw/hashmap.c:Hashmap_get_node:205: TRY: 5
DEBUG: src/lcthw/hashmap.c:Hashmap_get_node:205: TRY: 6
DEBUG: src/lcthw/hashmap.c:Hashmap_get_node:205: TRY: 7
DEBUG: src/lcthw/hashmap.c:Hashmap_get_node:205: TRY: 8
DEBUG: src/lcthw/hashmap.c:Hashmap_get_node:205: TRY: 9
DEBUG: src/lcthw/hashmap.c:Hashmap_get_node:205: TRY: 10
DEBUG: src/lcthw/hashmap.c:Hashmap_get_node:205: TRY: 11
DEBUG: src/lcthw/hashmap.c:Hashmap_get_node:205: TRY: 12
DEBUG: src/lcthw/hashmap.c:Hashmap_get_node:205: TRY: 13
DEBUG: src/lcthw/hashmap.c:Hashmap_get_node:205: TRY: 14
DEBUG: src/lcthw/hashmap.c:Hashmap_get_node:205: TRY: 15
DEBUG: src/lcthw/hashmap.c:Hashmap_get_node:205: TRY: 16
DEBUG: src/lcthw/hashmap.c:Hashmap_get_node:205: TRY: 17
DEBUG: src/lcthw/hashmap.c:Hashmap_get_node:205: TRY: 18
DEBUG: src/lcthw/hashmap.c:Hashmap_get_node:205: TRY: 19
DEBUG: src/lcthw/hashmap.c:Hashmap_get_node:205: TRY: 20
DEBUG: src/lcthw/hashmap.c:Hashmap_get_node:205: TRY: 21
DEBUG: src/lcthw/hashmap.c:Hashmap_get_node:205: TRY: 22
DEBUG: src/lcthw/hashmap.c:Hashmap_get_node:205: TRY: 23
DEBUG: src/lcthw/hashmap.c:Hashmap_get_node:205: TRY: 24
DEBUG: src/lcthw/hashmap.c:Hashmap_get_node:205: TRY: 25
DEBUG: src/lcthw/hashmap.c:Hashmap_get_node:205: TRY: 26
DEBUG: src/lcthw/hashmap.c:Hashmap_get_node:205: TRY: 27
DEBUG: src/lcthw/hashmap.c:Hashmap_get_node:205: TRY: 28
DEBUG: src/lcthw/hashmap.c:Hashmap_get_node:205: TRY: 29
DEBUG: src/lcthw/hashmap.c:Hashmap_get_node:205: TRY: 30
DEBUG: src/lcthw/hashmap.c:Hashmap_get_node:205: TRY: 31
DEBUG: src/lcthw/hashmap.c:Hashmap_get_node:205: TRY: 32
DEBUG: src/lcthw/hashmap.c:Hashmap_get_node:205: TRY: 33
DEBUG: src/lcthw/hashmap.c:Hashmap_get_node:205: TRY: 34
DEBUG: src/lcthw/hashmap.c:Hashmap_get_node:205: TRY: 35
DEBUG: src/lcthw/hashmap.c:Hashmap_get_node:205: TRY: 36
DEBUG: src/lcthw/hashmap.c:Hashmap_get_node:205: TRY: 37
DEBUG: src/lcthw/hashmap.c:Hashmap_get_node:205: TRY: 38
DEBUG: src/lcthw/hashmap.c:Hashmap_get_node:205: TRY: 39
DEBUG: src/lcthw/hashmap.c:Hashmap_get_node:205: TRY: 40
DEBUG: src/lcthw/hashmap.c:Hashmap_get_node:205: TRY: 41
DEBUG: src/lcthw/hashmap.c:Hashmap_get_node:205: TRY: 42
DEBUG: src/lcthw/hashmap.c:Hashmap_get_node:205: TRY: 43
DEBUG: src/lcthw/hashmap.c:Hashmap_get_node:205: TRY: 44
DEBUG: src/lcthw/hashmap.c:Hashmap_get_node:205: TRY: 45
DEBUG: src/lcthw/hashmap.c:Hashmap_get_node:205: TRY: 46
DEBUG: src/lcthw/hashmap.c:Hashmap_get_node:205: TRY: 47
DEBUG: src/lcthw/hashmap.c:Hashmap_get_node:205: TRY: 48
DEBUG: src/lcthw/hashmap.c:Hashmap_get_node:205: TRY: 49
DEBUG: src/lcthw/hashmap.c:Hashmap_get_node:205: TRY: 50
DEBUG: src/lcthw/hashmap.c:Hashmap_get_node:205: TRY: 51
DEBUG: src/lcthw/hashmap.c:Hashmap_get_node:205: TRY: 52
DEBUG: src/lcthw/hashmap.c:Hashmap_get_node:205: TRY: 53
DEBUG: src/lcthw/hashmap.c:Hashmap_get_node:205: TRY: 54
DEBUG: src/lcthw/hashmap.c:Hashmap_get_node:205: TRY: 55
DEBUG: src/lcthw/hashmap.c:Hashmap_get_node:205: TRY: 56
DEBUG: src/lcthw/hashmap.c:Hashmap_get_node:205: TRY: 57
DEBUG: src/lcthw/hashmap.c:Hashmap_get_node:205: TRY: 58
DEBUG: src/lcthw/hashmap.c:Hashmap_get_node:205: TRY: 59
DEBUG: src/lcthw/hashmap.c:Hashmap_get_node:205: TRY: 60
DEBUG: src/lcthw/hashmap.c:Hashmap_get_node:205: TRY: 61
DEBUG: src/lcthw/hashmap.c:Hashmap_get_node:205: TRY: 62
DEBUG: src/lcthw/hashmap.c:Hashmap_get_node:205: TRY: 63
DEBUG: src/lcthw/hashmap.c:Hashmap_get_node:205: TRY: 64
DEBUG: src/lcthw/hashmap.c:Hashmap_get_node:205: TRY: 0
DEBUG: src/lcthw/hashmap.c:Hashmap_get_node:205: TRY: 1
DEBUG: src/lcthw/hashmap.c:Hashmap_get_node:205: TRY: 2
DEBUG: src/lcthw/hashmap.c:Hashmap_get_node:205: TRY: 3
DEBUG: src/lcthw/hashmap.c:Hashmap_get_node:205: TRY: 4
DEBUG: src/lcthw/hashmap.c:Hashmap_get_node:205: TRY: 5
DEBUG: src/lcthw/hashmap.c:Hashmap_get_node:205: TRY: 6
DEBUG: src/lcthw/hashmap.c:Hashmap_get_node:205: TRY: 7
DEBUG: src/lcthw/hashmap.c:Hashmap_get_node:205: TRY: 8
DEBUG: src/lcthw/hashmap.c:Hashmap_get_node:205: TRY: 9
DEBUG: src/lcthw/hashmap.c:Hashmap_get_node:205: TRY: 10
DEBUG: src/lcthw/hashmap.c:Hashmap_get_node:205: TRY: 11
DEBUG: src/lcthw/hashmap.c:Hashmap_get_node:205: TRY: 12
DEBUG: src/lcthw/hashmap.c:Hashmap_get_node:205: TRY: 13
DEBUG: src/lcthw/hashmap.c:Hashmap_get_node:205: TRY: 14
DEBUG: src/lcthw/hashmap.c:Hashmap_get_node:205: TRY: 15
DEBUG: src/lcthw/hashmap.c:Hashmap_get_node:205: TRY: 16
DEBUG: src/lcthw/hashmap.c:Hashmap_get_node:205: TRY: 17
DEBUG: src/lcthw/hashmap.c:Hashmap_get_node:205: TRY: 18
DEBUG: src/lcthw/hashmap.c:Hashmap_get_node:205: TRY: 19
DEBUG: src/lcthw/hashmap.c:Hashmap_get_node:205: TRY: 20
DEBUG: src/lcthw/hashmap.c:Hashmap_get_node:205: TRY: 21
DEBUG: src/lcthw/hashmap.c:Hashmap_get_node:205: TRY: 22
DEBUG: src/lcthw/hashmap.c:Hashmap_get_node:205: TRY: 23
DEBUG: src/lcthw/hashmap.c:Hashmap_get_node:205: TRY: 24
DEBUG: src/lcthw/hashmap.c:Hashmap_get_node:205: TRY: 25
DEBUG: src/lcthw/hashmap.c:Hashmap_get_node:205: TRY: 26
DEBUG: src/lcthw/hashmap.c:Hashmap_get_node:205: TRY: 27
DEBUG: src/lcthw/hashmap.c:Hashmap_get_node:205: TRY: 28
DEBUG: src/lcthw/hashmap.c:Hashmap_get_node:205: TRY: 29
DEBUG: src/lcthw/hashmap.c:Hashmap_get_node:205: TRY: 30
DEBUG: src/lcthw/hashmap.c:Hashmap_get_node:205: TRY: 31
DEBUG: src/lcthw/hashmap.c:Hashmap_get_node:205: TRY: 32
DEBUG: src/lcthw/hashmap.c:Hashmap_get_node:205: TRY: 33
DEBUG: src/lcthw/hashmap.c:Hashmap_get_node:205: TRY: 34
DEBUG: src/lcthw/hashmap.c:Hashmap_get_node:205: TRY: 35
DEBUG: src/lcthw/hashmap.c:Hashmap_get_node:205: TRY: 36
DEBUG: src/lcthw/hashmap.c:Hashmap_get_node:205: TRY: 37
DEBUG: src/lcthw/hashmap.c:Hashmap_get_node:205: TRY: 38
DEBUG: src/lcthw/hashmap.c:Hashmap_get_node:205: TRY: 39
DEBUG: src/lcthw/hashmap.c:Hashmap_get_node:205: TRY: 40
DEBUG: src/lcthw/hashmap.c:Hashmap_get_node:205: TRY: 41
DEBUG: src/lcthw/hashmap.c:Hashmap_get_node:205: TRY: 42
DEBUG: src/lcthw/hashmap.c:Hashmap_get_node:205: TRY: 43
DEBUG: src/lcthw/hashmap.c:Hashmap_get_node:205: TRY: 44
DEBUG: src/lcthw/hashmap.c:Hashmap_get_node:205: TRY: 45
DEBUG: src/lcthw/hashmap.c:Hashmap_get_node:205: TRY: 46
DEBUG: src/lcthw/hashmap.c:Hashmap_get_node:205: TRY: 47
DEBUG: src/lcthw/hashmap.c:Hashmap_get_node:205: TRY: 48
DEBUG: src/lcthw/hashmap.c:Hashmap_get_node:205: TRY: 49
DEBUG: src/lcthw/hashmap.c:Hashmap_get_node:205: TRY: 50
DEBUG: src/lcthw/hashmap.c:Hashmap_get_node:205: TRY: 51
DEBUG: src/lcthw/hashmap.c:Hashmap_get_node:205: TRY: 52
DEBUG: src/lcthw/hashmap.c:Hashmap_get_node:205: TRY: 53
DEBUG: src/lcthw/hashmap.c:Hashmap_get_node:205: TRY: 54
DEBUG: src/lcthw/hashmap.c:Hashmap_get_node:205: TRY: 55
DEBUG: src/lcthw/hashmap.c:Hashmap_get_node:205: TRY: 56
DEBUG: src/lcthw/hashmap.c:Hashmap_get_node:205: TRY: 57
DEBUG: src/lcthw/hashmap.c:Hashmap_get_node:205: TRY: 58
DEBUG: src/lcthw/hashmap.c:Hashmap_get_node:205: TRY: 59
DEBUG: src/lcthw/hashmap.c:Hashmap_get_node:205: TRY: 60
DEBUG: src/lcthw/hashmap.c:Hashmap_get_node:205: TRY: 61
DEBUG: src/lcthw/hashmap.c:Hashmap_get_node:205: TRY: 62
DEBUG: src/lcthw/hashmap.c:Hashmap_get_node:205: TRY: 63
DEBUG: src/lcthw/hashmap.c:Hashmap_get_node:205: TRY: 64
DEBUG: src/lcthw/hashmap.c:Hashmap_get_node:205: TRY: 65
DEBUG: src/lcthw/hashmap.c:Hashmap_get_node:205: TRY: 0
DEBUG: src/lcthw/hashmap.c:Hashmap_get_node:205: TRY: 1
DEBUG: src/lcthw/hashmap.c:Hashmap_get_node:205: TRY: 2
DEBUG: src/lcthw/hashmap.c:Hashmap_get_node:205: TRY: 3
DEBUG: src/lcthw/hashmap.c:Hashmap_get_node:205: TRY: 4
DEBUG: src/lcthw/hashmap.c:Hashmap_get_node:205: TRY: 5
DEBUG: src/lcthw/hashmap.c:Hashmap_get_node:205: TRY: 6
DEBUG: src/lcthw/hashmap.c:Hashmap_get_node:205: TRY: 7
DEBUG: src/lcthw/hashmap.c:Hashmap_get_node:205: TRY: 8
DEBUG: src/lcthw/hashmap.c:Hashmap_get_node:205: TRY: 9
DEBUG: src/lcthw/hashmap.c:Hashmap_get_node:205: TRY: 10
DEBUG: src/lcthw/hashmap.c:Hashmap_get_node:205: TRY: 11
DEBUG: src/lcthw/hashmap.c:Hashmap_get_node:205: TRY: 12
DEBUG: src/lcthw/hashmap.c:Hashmap_get_node:205: TRY: 13
DEBUG: src/lcthw/hashmap.c:Hashmap_get_node:205: TRY: 14
DEBUG: src/lcthw/hashmap.c:Hashmap_get_node:205: TRY: 15
DEBUG: src/lcthw/hashmap.c:Hashmap_get_node:205: TRY: 16
DEBUG: src/lcthw/hashmap.c:Hashmap_get_node:205: TRY: 17
DEBUG: src/lcthw/hashmap.c:Hashmap_get_node:205: TRY: 18
DEBUG: src/lcthw/hashmap.c:Hashmap_get_node:205: TRY: 19
DEBUG: src/lcthw/hashmap.c:Hashmap_get_node:205: TRY: 20
DEBUG: src/lcthw/hashmap.c:Hashmap_get_node:205: TRY: 21
DEBUG: src/lcthw/hashmap.c:Hashmap_get_node:205: TRY: 22
DEBUG: src/lcthw/hashmap.c:Hashmap_get_node:205: TRY: 23
DEBUG: src/lcthw/hashmap.c:Hashmap_get_node:205: TRY: 24
DEBUG: src/lcthw/hashmap.c:Hashmap_get_node:205: TRY: 25
DEBUG: src/lcthw/hashmap.c:Hashmap_get_node:205: TRY: 26
DEBUG: src/lcthw/hashmap.c:Hashmap_get_node:205: TRY: 27
DEBUG: src/lcthw/hashmap.c:Hashmap_get_node:205: TRY: 28
DEBUG: src/lcthw/hashmap.c:Hashmap_get_node:205: TRY: 29
DEBUG: src/lcthw/hashmap.c:Hashmap_get_node:205: TRY: 30
DEBUG: src/lcthw/hashmap.c:Hashmap_get_node:205: TRY: 31
DEBUG: src/lcthw/hashmap.c:Hashmap_get_node:205: TRY: 32
DEBUG: src/lcthw/hashmap.c:Hashmap_get_node:205: TRY: 33
DEBUG: src/lcthw/hashmap.c:Hashmap_get_node:205: TRY: 34
DEBUG: src/lcthw/hashmap.c:Hashmap_get_node:205: TRY: 35
DEBUG: src/lcthw/hashmap.c:Hashmap_get_node:205: TRY: 36
DEBUG: src/lcthw/hashmap.c:Hashmap_get_node:205: TRY: 37
DEBUG: src/lcthw/hashmap.c:Hashmap_get_node:205: TRY: 38
DEBUG: src/lcthw/hashmap.c:Hashmap_get_node:205: TRY: 39
DEBUG: src/lcthw/hashmap.c:Hashmap_get_node:205: TRY: 40
DEBUG: src/lcthw/hashmap.c:Hashmap_get_node:205: TRY: 41
DEBUG: src/lcthw/hashmap.c:Hashmap_get_node:205: TRY: 42
DEBUG: src/lcthw/hashmap.c:Hashmap_get_node:205: TRY: 43
DEBUG: src/lcthw/hashmap.c:Hashmap_get_node:205: TRY: 44
DEBUG: src/lcthw/hashmap.c:Hashmap_get_node:205: TRY: 45
DEBUG: src/lcthw/hashmap.c:Hashmap_get_node:205: TRY: 46
DEBUG: src/lcthw/hashmap.c:Hashmap_get_node:205: TRY: 47
DEBUG: src/lcthw/hashmap.c:Hashmap_get_node:205: TRY: 48
DEBUG: src/lcthw/hashmap.c:Hashmap_get_node:205: TRY: 49
DEBUG: src/lcthw/hashmap.c:Hashmap_get_node:205: TRY: 50
DEBUG: src/lcthw/hashmap.c:Hashmap_get_node:205: TRY: 51
DEBUG: src/lcthw/hashmap.c:Hashmap_get_node:205: TRY: 52
DEBUG: src/lcthw/hashmap.c:Hashmap_get_node:205: TRY: 53
DEBUG: src/lcthw/hashmap.c:Hashmap_get_node:205: TRY: 54
DEBUG: src/lcthw/hashmap.c:Hashmap_get_node:205: TRY: 55
DEBUG: src/lcthw/hashmap.c:Hashmap_get_node:205: TRY: 56
DEBUG: src/lcthw/hashmap.c:Hashmap_get_node:205: TRY: 57
DEBUG: src/lcthw/hashmap.c:Hashmap_get_node:205: TRY: 58
DEBUG: src/lcthw/hashmap.c:Hashmap_get_node:205: TRY: 59
DEBUG: src/lcthw/hashmap.c:Hashmap_get_node:205: TRY: 60
DEBUG: src/lcthw/hashmap.c:Hashmap_get_node:205: TRY: 61
DEBUG: src/lcthw/hashmap.c:Hashmap_get_node:205: TRY: 62
DEBUG: src/lcthw/hashmap.c:Hashmap_get_node:205: TRY: 63
DEBUG: src/lcthw/hashmap.c:Hashmap_get_node:205: TRY: 64
DEBUG: src/lcthw/hashmap.c:Hashmap_get_node:205: TRY: 65
DEBUG: src/lcthw/hashmap.c:Hashmap_get_node:205: TRY: 66
DEBUG: src/lcthw/hashmap.c:Hashmap_get_node:205: TRY: 0
DEBUG: src/lcthw/hashmap.c:Hashmap_get_node:205: TRY: 1
DEBUG: src/lcthw/hashmap.c:Hashmap_get_node:205: TRY: 2
DEBUG: src/lcthw/hashmap.c:Hashmap_get_node:205: TRY: 3
DEBUG: src/lcthw/hashmap.c:Hashmap_get_node:205: TRY: 4
DEBUG: src/lcthw/hashmap.c:Hashmap_get_node:205: TRY: 5
DEBUG: src/lcthw/hashmap.c:Hashmap_get_node:205: TRY: 6
DEBUG: src/lcthw/hashmap.c:Hashmap_get_node:205: TRY: 7
DEBUG: src/lcthw/hashmap.c:Hashmap_get_node:205: TRY: 8
DEBUG: src/lcthw/hashmap.c:Hashmap_get_node:205: TRY: 9
DEBUG: src/lcthw/hashmap.c:Hashmap_get_node:205: TRY: 10
DEBUG: src/lcthw/hashmap.c:Hashmap_get_node:205: TRY: 11
DEBUG: src/lcthw/hashmap.c:Hashmap_get_node:205: TRY: 12
DEBUG: src/lcthw/hashmap.c:Hashmap_get_node:205: TRY: 13
DEBUG: src/lcthw/hashmap.c:Hashmap_get_node:205: TRY: 14
DEBUG: src/lcthw/hashmap.c:Hashmap_get_node:205: TRY: 15
DEBUG: src/lcthw/hashmap.c:Hashmap_get_node:205: TRY: 16
DEBUG: src/lcthw/hashmap.c:Hashmap_get_node:205: TRY: 17
DEBUG: src/lcthw/hashmap.c:Hashmap_get_node:205: TRY: 18
DEBUG: src/lcthw/hashmap.c:Hashmap_get_node:205: TRY: 19
DEBUG: src/lcthw/hashmap.c:Hashmap_get_node:205: TRY: 20
DEBUG: src/lcthw/hashmap.c:Hashmap_get_node:205: TRY: 21
DEBUG: src/lcthw/hashmap.c:Hashmap_get_node:205: TRY: 22
DEBUG: src/lcthw/hashmap.c:Hashmap_get_node:205: TRY: 23
DEBUG: src/lcthw/hashmap.c:Hashmap_get_node:205: TRY: 24
DEBUG: src/lcthw/hashmap.c:Hashmap_get_node:205: TRY: 25
DEBUG: src/lcthw/hashmap.c:Hashmap_get_node:205: TRY: 26
DEBUG: src/lcthw/hashmap.c:Hashmap_get_node:205: TRY: 27
DEBUG: src/lcthw/hashmap.c:Hashmap_get_node:205: TRY: 28
DEBUG: src/lcthw/hashmap.c:Hashmap_get_node:205: TRY: 29
DEBUG: src/lcthw/hashmap.c:Hashmap_get_node:205: TRY: 30
DEBUG: src/lcthw/hashmap.c:Hashmap_get_node:205: TRY: 31
DEBUG: src/lcthw/hashmap.c:Hashmap_get_node:205: TRY: 32
DEBUG: src/lcthw/hashmap.c:Hashmap_get_node:205: TRY: 33
DEBUG: src/lcthw/hashmap.c:Hashmap_get_node:205: TRY: 34
DEBUG: src/lcthw/hashmap.c:Hashmap_get_node:205: TRY: 35
DEBUG: src/lcthw/hashmap.c:Hashmap_get_node:205: TRY: 36
DEBUG: src/lcthw/hashmap.c:Hashmap_get_node:205: TRY: 37
DEBUG: src/lcthw/hashmap.c:Hashmap_get_node:205: TRY: 38
DEBUG: src/lcthw/hashmap.c:Hashmap_get_node:205: TRY: 39
DEBUG: src/lcthw/hashmap.c:Hashmap_get_node:205: TRY: 40
DEBUG: src/lcthw/hashmap.c:Hashmap_get_node:205: TRY: 41
DEBUG: src/lcthw/hashmap.c:Hashmap_get_node:205: TRY: 42
DEBUG: src/lcthw/hashmap.c:Hashmap_get_node:205: TRY: 43
DEBUG: src/lcthw/hashmap.c:Hashmap_get_node:205: TRY: 44
DEBUG: src/lcthw/hashmap.c:Hashmap_get_node:205: TRY: 45
DEBUG: src/lcthw/hashmap.c:Hashmap_get_node:205: TRY: 46
DEBUG: src/lcthw/hashmap.c:Hashmap_get_node:205: TRY: 47
DEBUG: src/lcthw/hashmap.c:Hashmap_get_node:205: TRY: 48
DEBUG: src/lcthw/hashmap.c:Hashmap_get_node:205: TRY: 49
DEBUG: src/lcthw/hashmap.c:Hashmap_get_node:205: TRY: 50
DEBUG: src/lcthw/hashmap.c:Hashmap_get_node:205: TRY: 51
DEBUG: src/lcthw/hashmap.c:Hashmap_get_node:205: TRY: 52
DEBUG: src/lcthw/hashmap.c:Hashmap_get_node:205: TRY: 53
DEBUG: src/lcthw/hashmap.c:Hashmap_get_node:205: TRY: 54
DEBUG: src/lcthw/hashmap.c:Hashmap_get_node:205: TRY: 55
DEBUG: src/lcthw/hashmap.c:Hashmap_get_node:205: TRY: 56
DEBUG: src/lcthw/hashmap.c:Hashmap_get_node:205: TRY: 57
DEBUG: src/lcthw/hashmap.c:Hashmap_get_node:205: TRY: 58
DEBUG: src/lcthw/hashmap.c:Hashmap_get_node:205: TRY: 59
DEBUG: src/lcthw/hashmap.c:Hashmap_get_node:205: TRY: 60
DEBUG: src/lcthw/hashmap.c:Hashmap_get_node:205: TRY: 61
DEBUG: src/lcthw/hashmap.c:Hashmap_get_node:205: TRY: 62
DEBUG: src/lcthw/hashmap.c:Hashmap_get_node:205: TRY: 63
DEBUG: src/lcthw/hashmap.c:Hashmap_get_node:205: TRY: 64
DEBUG: src/lcthw/hashmap.c:Hashmap_get_node:205: TRY: 65
DEBUG: src/lcthw/hashmap.c:Hashmap_get_node:205: TRY: 66
DEBUG: src/lcthw/hashmap.c:Hashmap_get_node:205: TRY: 0
DEBUG: src/lcthw/hashmap.c:Hashmap_get_node:205: TRY: 1
DEBUG: src/lcthw/hashmap.c:Hashmap_get_node:205: TRY: 2
DEBUG: src/lcthw/hashmap.c:Hashmap_get_node:205: TRY: 3
DEBUG: src/lcthw/hashmap.c:Hashmap_get_node:205: TRY: 4
DEBUG: src/lcthw/hashmap.c:Hashmap_get_node:205: TRY: 5
DEBUG: src/lcthw/hashmap.c:Hashmap_get_node:205: TRY: 6
DEBUG: src/lcthw/hashmap.c:Hashmap_get_node:205: TRY: 7
DEBUG: src/lcthw/hashmap.c:Hashmap_get_node:205: TRY: 8
DEBUG: src/lcthw/hashmap.c:Hashmap_get_node:205: TRY: 9
DEBUG: src/lcthw/hashmap.c:Hashmap_get_node:205: TRY: 10
DEBUG: src/lcthw/hashmap.c:Hashmap_get_node:205: TRY: 11
DEBUG: src/lcthw/hashmap.c:Hashmap_get_node:205: TRY: 12
DEBUG: src/lcthw/hashmap.c:Hashmap_get_node:205: TRY: 13
DEBUG: src/lcthw/hashmap.c:Hashmap_get_node:205: TRY: 14
DEBUG: src/lcthw/hashmap.c:Hashmap_get_node:205: TRY: 15
DEBUG: src/lcthw/hashmap.c:Hashmap_get_node:205: TRY: 16
DEBUG: src/lcthw/hashmap.c:Hashmap_get_node:205: TRY: 17
DEBUG: src/lcthw/hashmap.c:Hashmap_get_node:205: TRY: 18
DEBUG: src/lcthw/hashmap.c:Hashmap_get_node:205: TRY: 19
DEBUG: src/lcthw/hashmap.c:Hashmap_get_node:205: TRY: 20
DEBUG: src/lcthw/hashmap.c:Hashmap_get_node:205: TRY: 21
DEBUG: src/lcthw/hashmap.c:Hashmap_get_node:205: TRY: 22
DEBUG: src/lcthw/hashmap.c:Hashmap_get_node:205: TRY: 23
DEBUG: src/lcthw/hashmap.c:Hashmap_get_node:205: TRY: 24
DEBUG: src/lcthw/hashmap.c:Hashmap_get_node:205: TRY: 25
DEBUG: src/lcthw/hashmap.c:Hashmap_get_node:205: TRY: 26
DEBUG: src/lcthw/hashmap.c:Hashmap_get_node:205: TRY: 27
DEBUG: src/lcthw/hashmap.c:Hashmap_get_node:205: TRY: 28
DEBUG: src/lcthw/hashmap.c:Hashmap_get_node:205: TRY: 29
DEBUG: src/lcthw/hashmap.c:Hashmap_get_node:205: TRY: 30
DEBUG: src/lcthw/hashmap.c:Hashmap_get_node:205: TRY: 31
DEBUG: src/lcthw/hashmap.c:Hashmap_get_node:205: TRY: 32
DEBUG: src/lcthw/hashmap.c:Hashmap_get_node:205: TRY: 33
DEBUG: src/lcthw/hashmap.c:Hashmap_get_node:205: TRY: 34
DEBUG: src/lcthw/hashmap.c:Hashmap_get_node:205: TRY: 35
DEBUG: src/lcthw/hashmap.c:Hashmap_get_node:205: TRY: 36
DEBUG: src/lcthw/hashmap.c:Hashmap_get_node:205: TRY: 37
DEBUG: src/lcthw/hashmap.c:Hashmap_get_node:205: TRY: 38
DEBUG: src/lcthw/hashmap.c:Hashmap_get_node:205: TRY: 39
DEBUG: src/lcthw/hashmap.c:Hashmap_get_node:205: TRY: 40
DEBUG: src/lcthw/hashmap.c:Hashmap_get_node:205: TRY: 41
DEBUG: src/lcthw/hashmap.c:Hashmap_get_node:205: TRY: 42
DEBUG: src/lcthw/hashmap.c:Hashmap_get_node:205: TRY: 43
DEBUG: src/lcthw/hashmap.c:Hashmap_get_node:205: TRY: 44
DEBUG: src/lcthw/hashmap.c:Hashmap_get_node:205: TRY: 45
DEBUG: src/lcthw/hashmap.c:Hashmap_get_node:205: TRY: 46
DEBUG: src/lcthw/hashmap.c:Hashmap_get_node:205: TRY: 47
DEBUG: src/lcthw/hashmap.c:Hashmap_get_node:205: TRY: 48
DEBUG: src/lcthw/hashmap.c:Hashmap_get_node:205: TRY: 49
DEBUG: src/lcthw/hashmap.c:Hashmap_get_node:205: TRY: 50
DEBUG: src/lcthw/hashmap.c:Hashmap_get_node:205: TRY: 51
DEBUG: src/lcthw/hashmap.c:Hashmap_get_node:205: TRY: 52
DEBUG: src/lcthw/hashmap.c:Hashmap_get_node:205: TRY: 53
DEBUG: src/lcthw/hashmap.c:Hashmap_get_node:205: TRY: 54
DEBUG: src/lcthw/hashmap.c:Hashmap_get_node:205: TRY: 55
DEBUG: src/lcthw/hashmap.c:Hashmap_get_node:205: TRY: 56
DEBUG: src/lcthw/hashmap.c:Hashmap_get_node:205: TRY: 57
DEBUG: src/lcthw/hashmap.c:Hashmap_get_node:205: TRY: 58
DEBUG: src/lcthw/hashmap.c:Hashmap_get_node:205: TRY: 59
DEBUG: src/lcthw/hashmap.c:Hashmap_get_node:205: TRY: 60
DEBUG: src/lcthw/hashmap.c:Hashmap_get_node:205: TRY: 61
DEBUG: src/lcthw/hashmap.c:Hashmap_get_node:205: TRY: 62
DEBUG: src/lcthw/hashmap.c:Hashmap_get_node:205: TRY: 63
DEBUG: src/lcthw/hashmap.c:Hashmap_get_node:205: TRY: 64
DEBUG: src/lcthw/hashmap.c:Hashmap_get_node:205: TRY: 65
DEBUG: src/lcthw/hashmap.c:Hashmap_get_node:205: TRY: 66
DEBUG: src/lcthw/hashmap.c:Hashmap_get_node:205: TRY: 67
DEBUG: src/lcthw/hashmap.c:Hashmap_get_node:205: TRY: 0
DEBUG: src/lcthw/hashmap.c:Hashmap_get_node:205: TRY: 1
DEBUG: src/lcthw/hashmap.c:Hashmap_get_node:205: TRY: 2
DEBUG: src/lcthw/hashmap.c:Hashmap_get_node:205: TRY: 3
DEBUG: src/lcthw/hashmap.c:Hashmap_get_node:205: TRY: 4
DEBUG: src/lcthw/hashmap.c:Hashmap_get_node:205: TRY: 5
DEBUG: src/lcthw/hashmap.c:Hashmap_get_node:205: TRY: 6
DEBUG: src/lcthw/hashmap.c:Hashmap_get_node:205: TRY: 7
DEBUG: src/lcthw/hashmap.c:Hashmap_get_node:205: TRY: 8
DEBUG: src/lcthw/hashmap.c:Hashmap_get_node:205: TRY: 9
DEBUG: src/lcthw/hashmap.c:Hashmap_get_node:205: TRY: 10
DEBUG: src/lcthw/hashmap.c:Hashmap_get_node:205: TRY: 11
DEBUG: src/lcthw/hashmap.c:Hashmap_get_node:205: TRY: 12
DEBUG: src/lcthw/hashmap.c:Hashmap_get_node:205: TRY: 13
DEBUG: src/lcthw/hashmap.c:Hashmap_get_node:205: TRY: 14
DEBUG: src/lcthw/hashmap.c:Hashmap_get_node:205: TRY: 15
DEBUG: src/lcthw/hashmap.c:Hashmap_get_node:205: TRY: 16
DEBUG: src/lcthw/hashmap.c:Hashmap_get_node:205: TRY: 17
DEBUG: src/lcthw/hashmap.c:Hashmap_get_node:205: TRY: 18
DEBUG: src/lcthw/hashmap.c:Hashmap_get_node:205: TRY: 19
DEBUG: src/lcthw/hashmap.c:Hashmap_get_node:205: TRY: 20
DEBUG: src/lcthw/hashmap.c:Hashmap_get_node:205: TRY: 21
DEBUG: src/lcthw/hashmap.c:Hashmap_get_node:205: TRY: 22
DEBUG: src/lcthw/hashmap.c:Hashmap_get_node:205: TRY: 23
DEBUG: src/lcthw/hashmap.c:Hashmap_get_node:205: TRY: 24
DEBUG: src/lcthw/hashmap.c:Hashmap_get_node:205: TRY: 25
DEBUG: src/lcthw/hashmap.c:Hashmap_get_node:205: TRY: 26
DEBUG: src/lcthw/hashmap.c:Hashmap_get_node:205: TRY: 27
DEBUG: src/lcthw/hashmap.c:Hashmap_get_node:205: TRY: 28
DEBUG: src/lcthw/hashmap.c:Hashmap_get_node:205: TRY: 29
DEBUG: src/lcthw/hashmap.c:Hashmap_get_node:205: TRY: 30
DEBUG: src/lcthw/hashmap.c:Hashmap_get_node:205: TRY: 31
DEBUG: src/lcthw/hashmap.c:Hashmap_get_node:205: TRY: 32
DEBUG: src/lcthw/hashmap.c:Hashmap_get_node:205: TRY: 33
DEBUG: src/lcthw/hashmap.c:Hashmap_get_node:205: TRY: 34
DEBUG: src/lcthw/hashmap.c:Hashmap_get_node:205: TRY: 35
DEBUG: src/lcthw/hashmap.c:Hashmap_get_node:205: TRY: 36
DEBUG: src/lcthw/hashmap.c:Hashmap_get_node:205: TRY: 37
DEBUG: src/lcthw/hashmap.c:Hashmap_get_node:205: TRY: 38
DEBUG: src/lcthw/hashmap.c:Hashmap_get_node:205: TRY: 39
DEBUG: src/lcthw/hashmap.c:Hashmap_get_node:205: TRY: 40
DEBUG: src/lcthw/hashmap.c:Hashmap_get_node:205: TRY: 41
DEBUG: src/lcthw/hashmap.c:Hashmap_get_node:205: TRY: 42
DEBUG: src/lcthw/hashmap.c:Hashmap_get_node:205: TRY: 43
DEBUG: src/lcthw/hashmap.c:Hashmap_get_node:205: TRY: 44
DEBUG: src/lcthw/hashmap.c:Hashmap_get_node:205: TRY: 45
DEBUG: src/lcthw/hashmap.c:Hashmap_get_node:205: TRY: 46
DEBUG: src/lcthw/hashmap.c:Hashmap_get_node:205: TRY: 47
DEBUG: src/lcthw/hashmap.c:Hashmap_get_node:205: TRY: 48
DEBUG: src/lcthw/hashmap.c:Hashmap_get_node:205: TRY: 49
DEBUG: src/lcthw/hashmap.c:Hashmap_get_node:205: TRY: 50
DEBUG: src/lcthw/hashmap.c:Hashmap_get_node:205: TRY: 51
DEBUG: src/lcthw/hashmap.c:Hashmap_get_node:205: TRY: 52
DEBUG: src/lcthw/hashmap.c:Hashmap_get_node:205: TRY: 53
DEBUG: src/lcthw/hashmap.c:Hashmap_get_node:205: TRY: 54
DEBUG: src/lcthw/hashmap.c:Hashmap_get_node:205: TRY: 55
DEBUG: src/lcthw/hashmap.c:Hashmap_get_node:205: TRY: 56
DEBUG: src/lcthw/hashmap.c:Hashmap_get_node:205: TRY: 57
DEBUG: src/lcthw/hashmap.c:Hashmap_get_node:205: TRY: 0
DEBUG: src/lcthw/hashmap.c:Hashmap_get_node:205: TRY: 1
DEBUG: src/lcthw/hashmap.c:Hashmap_get_node:205: TRY: 2
DEBUG: src/lcthw/hashmap.c:Hashmap_get_node:205: TRY: 3
DEBUG: src/lcthw/hashmap.c:Hashmap_get_node:205: TRY: 4
DEBUG: src/lcthw/hashmap.c:Hashmap_get_node:205: TRY: 5
DEBUG: src/lcthw/hashmap.c:Hashmap_get_node:205: TRY: 6
DEBUG: src/lcthw/hashmap.c:Hashmap_get_node:205: TRY: 7
DEBUG: src/lcthw/hashmap.c:Hashmap_get_node:205: TRY: 8
DEBUG: src/lcthw/hashmap.c:Hashmap_get_node:205: TRY: 9
DEBUG: src/lcthw/hashmap.c:Hashmap_get_node:205: TRY: 10
DEBUG: src/lcthw/hashmap.c:Hashmap_get_node:205: TRY: 11
DEBUG: src/lcthw/hashmap.c:Hashmap_get_node:205: TRY: 12
DEBUG: src/lcthw/hashmap.c:Hashmap_get_node:205: TRY: 13
DEBUG: src/lcthw/hashmap.c:Hashmap_get_node:205: TRY: 14
DEBUG: src/lcthw/hashmap.c:Hashmap_get_node:205: TRY: 15
DEBUG: src/lcthw/hashmap.c:Hashmap_get_node:205: TRY: 16
DEBUG: src/lcthw/hashmap.c:Hashmap_get_node:205: TRY: 17
DEBUG: src/lcthw/hashmap.c:Hashmap_get_node:205: TRY: 18
DEBUG: src/lcthw/hashmap.c:Hashmap_get_node:205: TRY: 19
DEBUG: src/lcthw/hashmap.c:Hashmap_get_node:205: TRY: 20
DEBUG: src/lcthw/hashmap.c:Hashmap_get_node:205: TRY: 21
DEBUG: src/lcthw/hashmap.c:Hashmap_get_node:205: TRY: 22
DEBUG: src/lcthw/hashmap.c:Hashmap_get_node:205: TRY: 23
DEBUG: src/lcthw/hashmap.c:Hashmap_get_node:205: TRY: 24
DEBUG: src/lcthw/hashmap.c:Hashmap_get_node:205: TRY: 25
DEBUG: src/lcthw/hashmap.c:Hashmap_get_node:205: TRY: 26
DEBUG: src/lcthw/hashmap.c:Hashmap_get_node:205: TRY: 27
DEBUG: src/lcthw/hashmap.c:Hashmap_get_node:205: TRY: 28
DEBUG: src/lcthw/hashmap.c:Hashmap_get_node:205: TRY: 29
DEBUG: src/lcthw/hashmap.c:Hashmap_get_node:205: TRY: 30
DEBUG: src/lcthw/hashmap.c:Hashmap_get_node:205: TRY: 31
DEBUG: src/lcthw/hashmap.c:Hashmap_get_node:205: TRY: 32
DEBUG: src/lcthw/hashmap.c:Hashmap_get_node:205: TRY: 33
DEBUG: src/lcthw/hashmap.c:Hashmap_get_node:205: TRY: 34
DEBUG: src/lcthw/hashmap.c:Hashmap_get_node:205: TRY: 35
DEBUG: src/lcthw/hashmap.c:Hashmap_get_node:205: TRY: 36
DEBUG: src/lcthw/hashmap.c:Hashmap_get_node:205: TRY: 37
DEBUG: src/lcthw/hashmap.c:Hashmap_get_node:205: TRY: 38
DEBUG: src/lcthw/hashmap.c:Hashmap_get_node:205: TRY: 39
DEBUG: src/lcthw/hashmap.c:Hashmap_get_node:205: TRY: 40
DEBUG: src/lcthw/hashmap.c:Hashmap_get_node:205: TRY: 41
DEBUG: src/lcthw/hashmap.c:Hashmap_get_node:205: TRY: 42
DEBUG: src/lcthw/hashmap.c:Hashmap_get_node:205: TRY: 43
DEBUG: src/lcthw/hashmap.c:Hashmap_get_node:205: TRY: 44
DEBUG: src/lcthw/hashmap.c:Hashmap_get_node:205: TRY: 45
DEBUG: src/lcthw/hashmap.c:Hashmap_get_node:205: TRY: 46
DEBUG: src/lcthw/hashmap.c:Hashmap_get_node:205: TRY: 47
DEBUG: src/lcthw/hashmap.c:Hashmap_get_node:205: TRY: 48
DEBUG: src/lcthw/hashmap.c:Hashmap_get_node:205: TRY: 49
DEBUG: src/lcthw/hashmap.c:Hashmap_get_node:205: TRY: 50
DEBUG: src/lcthw/hashmap.c:Hashmap_get_node:205: TRY: 51
DEBUG: src/lcthw/hashmap.c:Hashmap_get_node:205: TRY: 52
DEBUG: src/lcthw/hashmap.c:Hashmap_get_node:205: TRY: 53
DEBUG: src/lcthw/hashmap.c:Hashmap_get_node:205: TRY: 54
DEBUG: src/lcthw/hashmap.c:Hashmap_get_node:205: TRY: 55
DEBUG: src/lcthw/hashmap.c:Hashmap_get_node:205: TRY: 56
DEBUG: src/lcthw/hashmap.c:Hashmap_get_node:205: TRY: 57
DEBUG: src/lcthw/hashmap.c:Hashmap_get_node:205: TRY: 58
DEBUG: src/lcthw/hashmap.c:Hashmap_get_node:205: TRY: 59
DEBUG: src/lcthw/hashmap.c:Hashmap_get_node:205: TRY: 60
DEBUG: src/lcthw/hashmap.c:Hashmap_get_node:205: TRY: 61
DEBUG: src/lcthw/hashmap.c:Hashmap_get_node:205: TRY: 62
DEBUG: src/lcthw/hashmap.c:Hashmap_get_node:205: TRY: 63
DEBUG: src/lcthw/hashmap.c:Hashmap_get_node:205: TRY: 64
DEBUG: src/lcthw/hashmap.c:Hashmap_get_node:205: TRY: 65
DEBUG: src/lcthw/hashmap.c:Hashmap_get_node:205: TRY: 66
DEBUG: src/lcthw/hashmap.c:Hashmap_get_node:205: TRY: 0
DEBUG: src/lcthw/hashmap.c:Hashmap_get_node:205: TRY: 1
DEBUG: src/lcthw/hashmap.c:Hashmap_get_node:205: TRY: 2
DEBUG: src/lcthw/hashmap.c:Hashmap_get_node:205: TRY: 3
DEBUG: src/lcthw/hashmap.c:Hashmap_get_node:205: TRY: 4
DEBUG: src/lcthw/hashmap.c:Hashmap_get_node:205: TRY: 5
DEBUG: src/lcthw/hashmap.c:Hashmap_get_node:205: TRY: 6
DEBUG: src/lcthw/hashmap.c:Hashmap_get_node:205: TRY: 7
DEBUG: src/lcthw/hashmap.c:Hashmap_get_node:205: TRY: 8
DEBUG: src/lcthw/hashmap.c:Hashmap_get_node:205: TRY: 9
DEBUG: src/lcthw/hashmap.c:Hashmap_get_node:205: TRY: 10
DEBUG: src/lcthw/hashmap.c:Hashmap_get_node:205: TRY: 11
DEBUG: src/lcthw/hashmap.c:Hashmap_get_node:205: TRY: 12
DEBUG: src/lcthw/hashmap.c:Hashmap_get_node:205: TRY: 13
DEBUG: src/lcthw/hashmap.c:Hashmap_get_node:205: TRY: 14
DEBUG: src/lcthw/hashmap.c:Hashmap_get_node:205: TRY: 15
DEBUG: src/lcthw/hashmap.c:Hashmap_get_node:205: TRY: 16
DEBUG: src/lcthw/hashmap.c:Hashmap_get_node:205: TRY: 17
DEBUG: src/lcthw/hashmap.c:Hashmap_get_node:205: TRY: 18
DEBUG: src/lcthw/hashmap.c:Hashmap_get_node:205: TRY: 19
DEBUG: src/lcthw/hashmap.c:Hashmap_get_node:205: TRY: 20
DEBUG: src/lcthw/hashmap.c:Hashmap_get_node:205: TRY: 21
DEBUG: src/lcthw/hashmap.c:Hashmap_get_node:205: TRY: 22
DEBUG: src/lcthw/hashmap.c:Hashmap_get_node:205: TRY: 23
DEBUG: src/lcthw/hashmap.c:Hashmap_get_node:205: TRY: 24
DEBUG: src/lcthw/hashmap.c:Hashmap_get_node:205: TRY: 25
DEBUG: src/lcthw/hashmap.c:Hashmap_get_node:205: TRY: 26
DEBUG: src/lcthw/hashmap.c:Hashmap_get_node:205: TRY: 27
DEBUG: src/lcthw/hashmap.c:Hashmap_get_node:205: TRY: 28
DEBUG: src/lcthw/hashmap.c:Hashmap_get_node:205: TRY: 29
DEBUG: src/lcthw/hashmap.c:Hashmap_get_node:205: TRY: 30
DEBUG: src/lcthw/hashmap.c:Hashmap_get_node:205: TRY: 31
DEBUG: src/lcthw/hashmap.c:Hashmap_get_node:205: TRY: 32
DEBUG: src/lcthw/hashmap.c:Hashmap_get_node:205: TRY: 33
DEBUG: src/lcthw/hashmap.c:Hashmap_get_node:205: TRY: 34
DEBUG: src/lcthw/hashmap.c:Hashmap_get_node:205: TRY: 35
DEBUG: src/lcthw/hashmap.c:Hashmap_get_node:205: TRY: 36
DEBUG: src/lcthw/hashmap.c:Hashmap_get_node:205: TRY: 37
DEBUG: src/lcthw/hashmap.c:Hashmap_get_node:205: TRY: 38
DEBUG: src/lcthw/hashmap.c:Hashmap_get_node:205: TRY: 39
DEBUG: src/lcthw/hashmap.c:Hashmap_get_node:205: TRY: 40
DEBUG: src/lcthw/hashmap.c:Hashmap_get_node:205: TRY: 41
DEBUG: src/lcthw/hashmap.c:Hashmap_get_node:205: TRY: 42
DEBUG: src/lcthw/hashmap.c:Hashmap_get_node:205: TRY: 43
DEBUG: src/lcthw/hashmap.c:Hashmap_get_node:205: TRY: 44
DEBUG: src/lcthw/hashmap.c:Hashmap_get_node:205: TRY: 45
DEBUG: src/lcthw/hashmap.c:Hashmap_get_node:205: TRY: 46
DEBUG: src/lcthw/hashmap.c:Hashmap_get_node:205: TRY: 47
DEBUG: src/lcthw/hashmap.c:Hashmap_get_node:205: TRY: 48
DEBUG: src/lcthw/hashmap.c:Hashmap_get_node:205: TRY: 49
DEBUG: src/lcthw/hashmap.c:Hashmap_get_node:205: TRY: 50
DEBUG: src/lcthw/hashmap.c:Hashmap_get_node:205: TRY: 51
DEBUG: src/lcthw/hashmap.c:Hashmap_get_node:205: TRY: 52
DEBUG: src/lcthw/hashmap.c:Hashmap_get_node:205: TRY: 53
DEBUG: src/lcthw/hashmap.c:Hashmap_get_node:205: TRY: 54
DEBUG: src/lcthw/hashmap.c:Hashmap_get_node:205: TRY: 55
DEBUG: src/lcthw/hashmap.c:Hashmap_get_node:205: TRY: 56
DEBUG: src/lcthw/hashmap.c:Hashmap_get_node:205: TRY: 57
DEBUG: src/lcthw/hashmap.c:Hashmap_get_node:205: TRY: 58
DEBUG: src/lcthw/hashmap.c:Hashmap_get_node:205: TRY: 59
DEBUG: src/lcthw/hashmap.c:Hashmap_get_node:205: TRY: 60
DEBUG: src/lcthw/hashmap.c:Hashmap_get_node:205: TRY: 61
DEBUG: src/lcthw/hashmap.c:Hashmap_get_node:205: TRY: 62
DEBUG: src/lcthw/hashmap.c:Hashmap_get_node:205: TRY: 0
DEBUG: src/lcthw/hashmap.c:Hashmap_get_node:205: TRY: 1
DEBUG: src/lcthw/hashmap.c:Hashmap_get_node:205: TRY: 2
DEBUG: src/lcthw/hashmap.c:Hashmap_get_node:205: TRY: 3
DEBUG: src/lcthw/hashmap.c:Hashmap_get_node:205: TRY: 4
DEBUG: src/lcthw/hashmap.c:Hashmap_get_node:205: TRY: 5
DEBUG: src/lcthw/hashmap.c:Hashmap_get_node:205: TRY: 6
DEBUG: src/lcthw/hashmap.c:Hashmap_get_node:205: TRY: 7
DEBUG: src/lcthw/hashmap.c:Hashmap_get_node:205: TRY: 8
DEBUG: src/lcthw/hashmap.c:Hashmap_get_node:205: TRY: 9
DEBUG: src/lcthw/hashmap.c:Hashmap_get_node:205: TRY: 10
DEBUG: src/lcthw/hashmap.c:Hashmap_get_node:205: TRY: 11
DEBUG: src/lcthw/hashmap.c:Hashmap_get_node:205: TRY: 12
DEBUG: src/lcthw/hashmap.c:Hashmap_get_node:205: TRY: 13
DEBUG: src/lcthw/hashmap.c:Hashmap_get_node:205: TRY: 14
DEBUG: src/lcthw/hashmap.c:Hashmap_get_node:205: TRY: 15
DEBUG: src/lcthw/hashmap.c:Hashmap_get_node:205: TRY: 16
DEBUG: src/lcthw/hashmap.c:Hashmap_get_node:205: TRY: 17
DEBUG: src/lcthw/hashmap.c:Hashmap_get_node:205: TRY: 18
DEBUG: src/lcthw/hashmap.c:Hashmap_get_node:205: TRY: 19
DEBUG: src/lcthw/hashmap.c:Hashmap_get_node:205: TRY: 20
DEBUG: src/lcthw/hashmap.c:Hashmap_get_node:205: TRY: 21
DEBUG: src/lcthw/hashmap.c:Hashmap_get_node:205: TRY: 22
DEBUG: src/lcthw/hashmap.c:Hashmap_get_node:205: TRY: 23
DEBUG: src/lcthw/hashmap.c:Hashmap_get_node:205: TRY: 24
DEBUG: src/lcthw/hashmap.c:Hashmap_get_node:205: TRY: 25
DEBUG: src/lcthw/hashmap.c:Hashmap_get_node:205: TRY: 26
DEBUG: src/lcthw/hashmap.c:Hashmap_get_node:205: TRY: 27
DEBUG: src/lcthw/hashmap.c:Hashmap_get_node:205: TRY: 28
DEBUG: src/lcthw/hashmap.c:Hashmap_get_node:205: TRY: 29
DEBUG: src/lcthw/hashmap.c:Hashmap_get_node:205: TRY: 30
DEBUG: src/lcthw/hashmap.c:Hashmap_get_node:205: TRY: 31
DEBUG: src/lcthw/hashmap.c:Hashmap_get_node:205: TRY: 32
DEBUG: src/lcthw/hashmap.c:Hashmap_get_node:205: TRY: 33
DEBUG: src/lcthw/hashmap.c:Hashmap_get_node:205: TRY: 34
DEBUG: src/lcthw/hashmap.c:Hashmap_get_node:205: TRY: 35
DEBUG: src/lcthw/hashmap.c:Hashmap_get_node:205: TRY: 36
DEBUG: src/lcthw/hashmap.c:Hashmap_get_node:205: TRY: 37
DEBUG: src/lcthw/hashmap.c:Hashmap_get_node:205: TRY: 38
DEBUG: src/lcthw/hashmap.c:Hashmap_get_node:205: TRY: 39
DEBUG: src/lcthw/hashmap.c:Hashmap_get_node:205: TRY: 40
DEBUG: src/lcthw/hashmap.c:Hashmap_get_node:205: TRY: 41
DEBUG: src/lcthw/hashmap.c:Hashmap_get_node:205: TRY: 42
DEBUG: src/lcthw/hashmap.c:Hashmap_get_node:205: TRY: 43
DEBUG: src/lcthw/hashmap.c:Hashmap_get_node:205: TRY: 44
DEBUG: src/lcthw/hashmap.c:Hashmap_get_node:205: TRY: 45
DEBUG: src/lcthw/hashmap.c:Hashmap_get_node:205: TRY: 46
DEBUG: src/lcthw/hashmap.c:Hashmap_get_node:205: TRY: 47
DEBUG: src/lcthw/hashmap.c:Hashmap_get_node:205: TRY: 48
DEBUG: src/lcthw/hashmap.c:Hashmap_get_node:205: TRY: 49
DEBUG: src/lcthw/hashmap.c:Hashmap_get_node:205: TRY: 50
DEBUG: src/lcthw/hashmap.c:Hashmap_get_node:205: TRY: 51
DEBUG: src/lcthw/hashmap.c:Hashmap_get_node:205: TRY: 52
DEBUG: src/lcthw/hashmap.c:Hashmap_get_node:205: TRY: 53
DEBUG: src/lcthw/hashmap.c:Hashmap_get_node:205: TRY: 54
DEBUG: src/lcthw/hashmap.c:Hashmap_get_node:205: TRY: 55
DEBUG: src/lcthw/hashmap.c:Hashmap_get_node:205: TRY: 56
DEBUG: src/lcthw/hashmap.c:Hashmap_get_node:205: TRY: 57
DEBUG: src/lcthw/hashmap.c:Hashmap_get_node:205: TRY: 58
DEBUG: src/lcthw/hashmap.c:Hashmap_get_node:205: TRY: 59
DEBUG: src/lcthw/hashmap.c:Hashmap_get_node:205: TRY: 60
DEBUG: src/lcthw/hashmap.c:Hashmap_get_node:205: TRY: 61
DEBUG: src/lcthw/hashmap.c:Hashmap_get_node:205: TRY: 62
DEBUG: src/lcthw/hashmap.c:Hashmap_get_node:205: TRY: 63
DEBUG: src/lcthw/hashmap.c:Hashmap_get_node:205: TRY: 0
DEBUG: src/lcthw/hashmap.c:Hashmap_get_node:205: TRY: 1
DEBUG: src/lcthw/hashmap.c:Hashmap_get_node:205: TRY: 2
DEBUG: src/lcthw/hashmap.c:Hashmap_get_node:205: TRY: 3
DEBUG: src/lcthw/hashmap.c:Hashmap_get_node:205: TRY: 4
DEBUG: src/lcthw/hashmap.c:Hashmap_get_node:205: TRY: 5
DEBUG: src/lcthw/hashmap.c:Hashmap_get_node:205: TRY: 6
DEBUG: src/lcthw/hashmap.c:Hashmap_get_node:205: TRY: 7
DEBUG: src/lcthw/hashmap.c:Hashmap_get_node:205: TRY: 8
DEBUG: src/lcthw/hashmap.c:Hashmap_get_node:205: TRY: 9
DEBUG: src/lcthw/hashmap.c:Hashmap_get_node:205: TRY: 10
DEBUG: src/lcthw/hashmap.c:Hashmap_get_node:205: TRY: 11
DEBUG: src/lcthw/hashmap.c:Hashmap_get_node:205: TRY: 12
DEBUG: src/lcthw/hashmap.c:Hashmap_get_node:205: TRY: 13
DEBUG: src/lcthw/hashmap.c:Hashmap_get_node:205: TRY: 14
DEBUG: src/lcthw/hashmap.c:Hashmap_get_node:205: TRY: 15
DEBUG: src/lcthw/hashmap.c:Hashmap_get_node:205: TRY: 16
DEBUG: src/lcthw/hashmap.c:Hashmap_get_node:205: TRY: 17
DEBUG: src/lcthw/hashmap.c:Hashmap_get_node:205: TRY: 18
DEBUG: src/lcthw/hashmap.c:Hashmap_get_node:205: TRY: 19
DEBUG: src/lcthw/hashmap.c:Hashmap_get_node:205: TRY: 20
DEBUG: src/lcthw/hashmap.c:Hashmap_get_node:205: TRY: 21
DEBUG: src/lcthw/hashmap.c:Hashmap_get_node:205: TRY: 22
DEBUG: src/lcthw/hashmap.c:Hashmap_get_node:205: TRY: 23
DEBUG: src/lcthw/hashmap.c:Hashmap_get_node:205: TRY: 24
DEBUG: src/lcthw/hashmap.c:Hashmap_get_node:205: TRY: 25
DEBUG: src/lcthw/hashmap.c:Hashmap_get_node:205: TRY: 26
DEBUG: src/lcthw/hashmap.c:Hashmap_get_node:205: TRY: 27
DEBUG: src/lcthw/hashmap.c:Hashmap_get_node:205: TRY: 28
DEBUG: src/lcthw/hashmap.c:Hashmap_get_node:205: TRY: 29
DEBUG: src/lcthw/hashmap.c:Hashmap_get_node:205: TRY: 30
DEBUG: src/lcthw/hashmap.c:Hashmap_get_node:205: TRY: 31
DEBUG: src/lcthw/hashmap.c:Hashmap_get_node:205: TRY: 32
DEBUG: src/lcthw/hashmap.c:Hashmap_get_node:205: TRY: 33
DEBUG: src/lcthw/hashmap.c:Hashmap_get_node:205: TRY: 34
DEBUG: src/lcthw/hashmap.c:Hashmap_get_node:205: TRY: 35
DEBUG: src/lcthw/hashmap.c:Hashmap_get_node:205: TRY: 36
DEBUG: src/lcthw/hashmap.c:Hashmap_get_node:205: TRY: 37
DEBUG: src/lcthw/hashmap.c:Hashmap_get_node:205: TRY: 38
DEBUG: src/lcthw/hashmap.c:Hashmap_get_node:205: TRY: 39
DEBUG: src/lcthw/hashmap.c:Hashmap_get_node:205: TRY: 40
DEBUG: src/lcthw/hashmap.c:Hashmap_get_node:205: TRY: 41
DEBUG: src/lcthw/hashmap.c:Hashmap_get_node:205: TRY: 42
DEBUG: src/lcthw/hashmap.c:Hashmap_get_node:205: TRY: 43
DEBUG: src/lcthw/hashmap.c:Hashmap_get_node:205: TRY: 44
DEBUG: src/lcthw/hashmap.c:Hashmap_get_node:205: TRY: 45
DEBUG: src/lcthw/hashmap.c:Hashmap_get_node:205: TRY: 46
DEBUG: src/lcthw/hashmap.c:Hashmap_get_node:205: TRY: 47
DEBUG: src/lcthw/hashmap.c:Hashmap_get_node:205: TRY: 48
DEBUG: src/lcthw/hashmap.c:Hashmap_get_node:205: TRY: 49
DEBUG: src/lcthw/hashmap.c:Hashmap_get_node:205: TRY: 50
DEBUG: src/lcthw/hashmap.c:Hashmap_get_node:205: TRY: 51
DEBUG: src/lcthw/hashmap.c:Hashmap_get_node:205: TRY: 52
DEBUG: src/lcthw/hashmap.c:Hashmap_get_node:205: TRY: 53
DEBUG: src/lcthw/hashmap.c:Hashmap_get_node:205: TRY: 54
DEBUG: src/lcthw/hashmap.c:Hashmap_get_node:205: TRY: 55
DEBUG: src/lcthw/hashmap.c:Hashmap_get_node:205: TRY: 56
DEBUG: src/lcthw/hashmap.c:Hashmap_get_node:205: TRY: 57
DEBUG: src/lcthw/hashmap.c:Hashmap_get_node:205: TRY: 58
DEBUG: src/lcthw/hashmap.c:Hashmap_get_node:205: TRY: 59
DEBUG: src/lcthw/hashmap.c:Hashmap_get_node:205: TRY: 60
DEBUG: src/lcthw/hashmap.c:Hashmap_get_node:205: TRY: 61
DEBUG: src/lcthw/hashmap.c:Hashmap_get_node:205: TRY: 62
DEBUG: src/lcthw/hashmap.c:Hashmap_get_node:205: TRY: 63
DEBUG: src/lcthw/hashmap.c:Hashmap_get_node:205: TRY: 64
DEBUG: src/lcthw/hashmap.c:Hashmap_get_node:205: TRY: 65
DEBUG: src/lcthw/hashmap.c:Hashmap_get_node:205: TRY: 66
DEBUG: src/lcthw/hashmap.c:Hashmap_get_node:205: TRY: 67
DEBUG: src/lcthw/hashmap.c:Hashmap_get_node:205: TRY: 0
DEBUG: src/lcthw/hashmap.c:Hashmap_get_node:205: TRY: 1
DEBUG: src/lcthw/hashmap.c:Hashmap_get_node:205: TRY: 2
DEBUG: src/lcthw/hashmap.c:Hashmap_get_node:205: TRY: 3
DEBUG: src/lcthw/hashmap.c:Hashmap_get_node:205: TRY: 4
DEBUG: src/lcthw/hashmap.c:Hashmap_get_node:205: TRY: 5
DEBUG: src/lcthw/hashmap.c:Hashmap_get_node:205: TRY: 6
DEBUG: src/lcthw/hashmap.c:Hashmap_get_node:205: TRY: 7
DEBUG: src/lcthw/hashmap.c:Hashmap_get_node:205: TRY: 8
DEBUG: src/lcthw/hashmap.c:Hashmap_get_node:205: TRY: 9
DEBUG: src/lcthw/hashmap.c:Hashmap_get_node:205: TRY: 10
DEBUG: src/lcthw/hashmap.c:Hashmap_get_node:205: TRY: 11
DEBUG: src/lcthw/hashmap.c:Hashmap_get_node:205: TRY: 12
DEBUG: src/lcthw/hashmap.c:Hashmap_get_node:205: TRY: 13
DEBUG: src/lcthw/hashmap.c:Hashmap_get_node:205: TRY: 14
DEBUG: src/lcthw/hashmap.c:Hashmap_get_node:205: TRY: 15
DEBUG: src/lcthw/hashmap.c:Hashmap_get_node:205: TRY: 16
DEBUG: src/lcthw/hashmap.c:Hashmap_get_node:205: TRY: 17
DEBUG: src/lcthw/hashmap.c:Hashmap_get_node:205: TRY: 18
DEBUG: src/lcthw/hashmap.c:Hashmap_get_node:205: TRY: 19
DEBUG: src/lcthw/hashmap.c:Hashmap_get_node:205: TRY: 20
DEBUG: src/lcthw/hashmap.c:Hashmap_get_node:205: TRY: 21
DEBUG: src/lcthw/hashmap.c:Hashmap_get_node:205: TRY: 22
DEBUG: src/lcthw/hashmap.c:Hashmap_get_node:205: TRY: 23
DEBUG: src/lcthw/hashmap.c:Hashmap_get_node:205: TRY: 24
DEBUG: src/lcthw/hashmap.c:Hashmap_get_node:205: TRY: 25
DEBUG: src/lcthw/hashmap.c:Hashmap_get_node:205: TRY: 26
DEBUG: src/lcthw/hashmap.c:Hashmap_get_node:205: TRY: 27
DEBUG: src/lcthw/hashmap.c:Hashmap_get_node:205: TRY: 28
DEBUG: src/lcthw/hashmap.c:Hashmap_get_node:205: TRY: 29
DEBUG: src/lcthw/hashmap.c:Hashmap_get_node:205: TRY: 30
DEBUG: src/lcthw/hashmap.c:Hashmap_get_node:205: TRY: 31
DEBUG: src/lcthw/hashmap.c:Hashmap_get_node:205: TRY: 32
DEBUG: src/lcthw/hashmap.c:Hashmap_get_node:205: TRY: 33
DEBUG: src/lcthw/hashmap.c:Hashmap_get_node:205: TRY: 34
DEBUG: src/lcthw/hashmap.c:Hashmap_get_node:205: TRY: 35
DEBUG: src/lcthw/hashmap.c:Hashmap_get_node:205: TRY: 36
DEBUG: src/lcthw/hashmap.c:Hashmap_get_node:205: TRY: 37
DEBUG: src/lcthw/hashmap.c:Hashmap_get_node:205: TRY: 38
DEBUG: src/lcthw/hashmap.c:Hashmap_get_node:205: TRY: 39
DEBUG: src/lcthw/hashmap.c:Hashmap_get_node:205: TRY: 40
DEBUG: src/lcthw/hashmap.c:Hashmap_get_node:205: TRY: 41
DEBUG: src/lcthw/hashmap.c:Hashmap_get_node:205: TRY: 42
DEBUG: src/lcthw/hashmap.c:Hashmap_get_node:205: TRY: 43
DEBUG: src/lcthw/hashmap.c:Hashmap_get_node:205: TRY: 44
DEBUG: src/lcthw/hashmap.c:Hashmap_get_node:205: TRY: 45
DEBUG: src/lcthw/hashmap.c:Hashmap_get_node:205: TRY: 46
DEBUG: src/lcthw/hashmap.c:Hashmap_get_node:205: TRY: 47
DEBUG: src/lcthw/hashmap.c:Hashmap_get_node:205: TRY: 48
DEBUG: src/lcthw/hashmap.c:Hashmap_get_node:205: TRY: 49
DEBUG: src/lcthw/hashmap.c:Hashmap_get_node:205: TRY: 50
DEBUG: src/lcthw/hashmap.c:Hashmap_get_node:205: TRY: 51
DEBUG: src/lcthw/hashmap.c:Hashmap_get_node:205: TRY: 52
DEBUG: src/lcthw/hashmap.c:Hashmap_get_node:205: TRY: 53
DEBUG: src/lcthw/hashmap.c:Hashmap_get_node:205: TRY: 54
DEBUG: src/lcthw/hashmap.c:Hashmap_get_node:205: TRY: 55
DEBUG: src/lcthw/hashmap.c:Hashmap_get_node:205: TRY: 56
DEBUG: src/lcthw/hashmap.c:Hashmap_get_node:205: TRY: 57
DEBUG: src/lcthw/hashmap.c:Hashmap_get_node:205: TRY: 58
DEBUG: src/lcthw/hashmap.c:Hashmap_get_node:205: TRY: 59
DEBUG: src/lcthw/hashmap.c:Hashmap_get_node:205: TRY: 60
DEBUG: src/lcthw/hashmap.c:Hashmap_get_node:205: TRY: 61
DEBUG: src/lcthw/hashmap.c:Hashmap_get_node:205: TRY: 62
DEBUG: src/lcthw/hashmap.c:Hashmap_get_node:205: TRY: 63
DEBUG: src/lcthw/hashmap.c:Hashmap_get_node:205: TRY: 64
DEBUG: src/lcthw/hashmap.c:Hashmap_get_node:205: TRY: 0
DEBUG: src/lcthw/hashmap.c:Hashmap_get_node:205: TRY: 1
DEBUG: src/lcthw/hashmap.c:Hashmap_get_node:205: TRY: 2
DEBUG: src/lcthw/hashmap.c:Hashmap_get_node:205: TRY: 3
DEBUG: src/lcthw/hashmap.c:Hashmap_get_node:205: TRY: 4
DEBUG: src/lcthw/hashmap.c:Hashmap_get_node:205: TRY: 5
DEBUG: src/lcthw/hashmap.c:Hashmap_get_node:205: TRY: 6
DEBUG: src/lcthw/hashmap.c:Hashmap_get_node:205: TRY: 7
DEBUG: src/lcthw/hashmap.c:Hashmap_get_node:205: TRY: 8
DEBUG: src/lcthw/hashmap.c:Hashmap_get_node:205: TRY: 9
DEBUG: src/lcthw/hashmap.c:Hashmap_get_node:205: TRY: 10
DEBUG: src/lcthw/hashmap.c:Hashmap_get_node:205: TRY: 11
DEBUG: src/lcthw/hashmap.c:Hashmap_get_node:205: TRY: 12
DEBUG: src/lcthw/hashmap.c:Hashmap_get_node:205: TRY: 13
DEBUG: src/lcthw/hashmap.c:Hashmap_get_node:205: TRY: 14
DEBUG: src/lcthw/hashmap.c:Hashmap_get_node:205: TRY: 15
DEBUG: src/lcthw/hashmap.c:Hashmap_get_node:205: TRY: 16
DEBUG: src/lcthw/hashmap.c:Hashmap_get_node:205: TRY: 17
DEBUG: src/lcthw/hashmap.c:Hashmap_get_node:205: TRY: 18
DEBUG: src/lcthw/hashmap.c:Hashmap_get_node:205: TRY: 19
DEBUG: src/lcthw/hashmap.c:Hashmap_get_node:205: TRY: 20
DEBUG: src/lcthw/hashmap.c:Hashmap_get_node:205: TRY: 21
DEBUG: src/lcthw/hashmap.c:Hashmap_get_node:205: TRY: 22
DEBUG: src/lcthw/hashmap.c:Hashmap_get_node:205: TRY: 23
DEBUG: src/lcthw/hashmap.c:Hashmap_get_node:205: TRY: 24
DEBUG: src/lcthw/hashmap.c:Hashmap_get_node:205: TRY: 25
DEBUG: src/lcthw/hashmap.c:Hashmap_get_node:205: TRY: 26
DEBUG: src/lcthw/hashmap.c:Hashmap_get_node:205: TRY: 27
DEBUG: src/lcthw/hashmap.c:Hashmap_get_node:205: TRY: 28
DEBUG: src/lcthw/hashmap.c:Hashmap_get_node:205: TRY: 29
DEBUG: src/lcthw/hashmap.c:Hashmap_get_node:205: TRY: 30
DEBUG: src/lcthw/hashmap.c:Hashmap_get_node:205: TRY: 31
DEBUG: src/lcthw/hashmap.c:Hashmap_get_node:205: TRY: 32
DEBUG: src/lcthw/hashmap.c:Hashmap_get_node:205: TRY: 33
DEBUG: src/lcthw/hashmap.c:Hashmap_get_node:205: TRY: 34
DEBUG: src/lcthw/hashmap.c:Hashmap_get_node:205: TRY: 35
DEBUG: src/lcthw/hashmap.c:Hashmap_get_node:205: TRY: 36
DEBUG: src/lcthw/hashmap.c:Hashmap_get_node:205: TRY: 37
DEBUG: src/lcthw/hashmap.c:Hashmap_get_node:205: TRY: 38
DEBUG: src/lcthw/hashmap.c:Hashmap_get_node:205: TRY: 39
DEBUG: src/lcthw/hashmap.c:Hashmap_get_node:205: TRY: 40
DEBUG: src/lcthw/hashmap.c:Hashmap_get_node:205: TRY: 41
DEBUG: src/lcthw/hashmap.c:Hashmap_get_node:205: TRY: 42
DEBUG: src/lcthw/hashmap.c:Hashmap_get_node:205: TRY: 43
DEBUG: src/lcthw/hashmap.c:Hashmap_get_node:205: TRY: 44
DEBUG: src/lcthw/hashmap.c:Hashmap_get_node:205: TRY: 45
DEBUG: src/lcthw/hashmap.c:Hashmap_get_node:205: TRY: 46
DEBUG: src/lcthw/hashmap.c:Hashmap_get_node:205: TRY: 47
DEBUG: src/lcthw/hashmap.c:Hashmap_get_node:205: TRY: 48
DEBUG: src/lcthw/hashmap.c:Hashmap_get_node:205: TRY: 49
DEBUG: src/lcthw/hashmap.c:Hashmap_get_node:205: TRY: 50
DEBUG: src/lcthw/hashmap.c:Hashmap_get_node:205: TRY: 51
DEBUG: src/lcthw/hashmap.c:Hashmap_get_node:205: TRY: 52
DEBUG: src/lcthw/hashmap.c:Hashmap_get_node:205: TRY: 53
DEBUG: src/lcthw/hashmap.c:Hashmap_get_node:205: TRY: 54
DEBUG: src/lcthw/hashmap.c:Hashmap_get_node:205: TRY: 55
DEBUG: src/lcthw/hashmap.c:Hashmap_get_node:205: TRY: 56
DEBUG: src/lcthw/hashmap.c:Hashmap_get_node:205: TRY: 57
DEBUG: src/lcthw/hashmap.c:Hashmap_get_node:205: TRY: 58
DEBUG: src/lcthw/hashmap.c:Hashmap_get_node:205: TRY: 59
DEBUG: src/lcthw/hashmap.c:Hashmap_get_node:205: TRY: 60
DEBUG: src/lcthw/hashmap.c:Hashmap_get_node:205: TRY: 61
DEBUG: src/lcthw/hashmap.c:Hashmap_get_node:205: TRY: 62
DEBUG: src/lcthw/hashmap.c:Hashmap_get_node:205: TRY: 63
DEBUG: src/lcthw/hashmap.c:Hashmap_get_node:205: TRY: 64
DEBUG: src/lcthw/hashmap.c:Hashmap_get_node:205: TRY: 65
DEBUG: src/lcthw/hashmap.c:Hashmap_get_node:205: TRY: 66
DEBUG: src/lcthw/hashmap.c:Hashmap_get_node:205: TRY: 67
DEBUG: src/lcthw/hashmap.c:Hashmap_get_node:205: TRY: 68
DEBUG: src/lcthw/hashmap.c:Hashmap_get_node:205: TRY: 69
DEBUG: src/lcthw/hashmap.c:Hashmap_get_node:205: TRY: 70
DEBUG: src/lcthw/hashmap.c:Hashmap_get_node:205: TRY: 71
DEBUG: src/lcthw/hashmap.c:Hashmap_get_node:205: TRY: 72
DEBUG: src/lcthw/hashmap.c:Hashmap_get_node:205: TRY: 73
DEBUG: src/lcthw/hashmap.c:Hashmap_get_node:205: TRY: 74
DEBUG: src/lcthw/hashmap.c:Hashmap_get_node:205: TRY: 75
DEBUG: src/lcthw/hashmap.c:Hashmap_get_node:205: TRY: 76
DEBUG: src/lcthw/hashmap.c:Hashmap_get_node:205: TRY: 77
DEBUG: src/lcthw/hashmap.c:Hashmap_get_node:205: TRY: 78
DEBUG: src/lcthw/hashmap.c:Hashmap_get_node:205: TRY: 79
DEBUG: src/lcthw/hashmap.c:Hashmap_get_node:205: TRY: 80
DEBUG: src/lcthw/hashmap.c:Hashmap_get_node:205: TRY: 81
DEBUG: src/lcthw/hashmap.c:Hashmap_get_node:205: TRY: 82
DEBUG: src/lcthw/hashmap.c:Hashmap_get_node:205: TRY: 83
DEBUG: src/lcthw/hashmap.c:Hashmap_get_node:205: TRY: 84
DEBUG: src/lcthw/hashmap.c:Hashmap_get_node:205: TRY: 85
DEBUG: src/lcthw/hashmap.c:Hashmap_get_node:205: TRY: 86
DEBUG: src/lcthw/hashmap.c:Hashmap_get_node:205: TRY: 87
DEBUG: src/lcthw/hashmap.c:Hashmap_get_node:205: TRY: 88
DEBUG: src/lcthw/hashmap.c:Hashmap_get_node:205: TRY: 89
DEBUG: src/lcthw/hashmap.c:Hashmap_get_node:205: TRY: 90
DEBUG: src/lcthw/hashmap.c:Hashmap_get_node:205: TRY: 91
DEBUG: src/lcthw/hashmap.c:Hashmap_get_node:205: TRY: 92
DEBUG: src/lcthw/hashmap.c:Hashmap_get_node:205: TRY: 93
DEBUG: src/lcthw/hashmap.c:Hashmap_get_node:205: TRY: 94
DEBUG: src/lcthw/hashmap.c:Hashmap_get_node:205: TRY: 0
DEBUG: src/lcthw/hashmap.c:Hashmap_get_node:205: TRY: 1
DEBUG: src/lcthw/hashmap.c:Hashmap_get_node:205: TRY: 2
DEBUG: src/lcthw/hashmap.c:Hashmap_get_node:205: TRY: 3
DEBUG: src/lcthw/hashmap.c:Hashmap_get_node:205: TRY: 4
DEBUG: src/lcthw/hashmap.c:Hashmap_get_node:205: TRY: 5
DEBUG: src/lcthw/hashmap.c:Hashmap_get_node:205: TRY: 6
DEBUG: src/lcthw/hashmap.c:Hashmap_get_node:205: TRY: 7
DEBUG: src/lcthw/hashmap.c:Hashmap_get_node:205: TRY: 8
DEBUG: src/lcthw/hashmap.c:Hashmap_get_node:205: TRY: 9
DEBUG: src/lcthw/hashmap.c:Hashmap_get_node:205: TRY: 10
DEBUG: src/lcthw/hashmap.c:Hashmap_get_node:205: TRY: 11
DEBUG: src/lcthw/hashmap.c:Hashmap_get_node:205: TRY: 12
DEBUG: src/lcthw/hashmap.c:Hashmap_get_node:205: TRY: 13
DEBUG: src/lcthw/hashmap.c:Hashmap_get_node:205: TRY: 14
DEBUG: src/lcthw/hashmap.c:Hashmap_get_node:205: TRY: 15
DEBUG: src/lcthw/hashmap.c:Hashmap_get_node:205: TRY: 16
DEBUG: src/lcthw/hashmap.c:Hashmap_get_node:205: TRY: 17
DEBUG: src/lcthw/hashmap.c:Hashmap_get_node:205: TRY: 18
DEBUG: src/lcthw/hashmap.c:Hashmap_get_node:205: TRY: 19
DEBUG: src/lcthw/hashmap.c:Hashmap_get_node:205: TRY: 20
DEBUG: src/lcthw/hashmap.c:Hashmap_get_node:205: TRY: 21
DEBUG: src/lcthw/hashmap.c:Hashmap_get_node:205: TRY: 22
DEBUG: src/lcthw/hashmap.c:Hashmap_get_node:205: TRY: 23
DEBUG: src/lcthw/hashmap.c:Hashmap_get_node:205: TRY: 24
DEBUG: src/lcthw/hashmap.c:Hashmap_get_node:205: TRY: 25
DEBUG: src/lcthw/hashmap.c:Hashmap_get_node:205: TRY: 26
DEBUG: src/lcthw/hashmap.c:Hashmap_get_node:205: TRY: 27
DEBUG: src/lcthw/hashmap.c:Hashmap_get_node:205: TRY: 28
DEBUG: src/lcthw/hashmap.c:Hashmap_get_node:205: TRY: 29
DEBUG: src/lcthw/hashmap.c:Hashmap_get_node:205: TRY: 30
DEBUG: src/lcthw/hashmap.c:Hashmap_get_node:205: TRY: 31
DEBUG: src/lcthw/hashmap.c:Hashmap_get_node:205: TRY: 32
DEBUG: src/lcthw/hashmap.c:Hashmap_get_node:205: TRY: 33
DEBUG: src/lcthw/hashmap.c:Hashmap_get_node:205: TRY: 34
DEBUG: src/lcthw/hashmap.c:Hashmap_get_node:205: TRY: 35
DEBUG: src/lcthw/hashmap.c:Hashmap_get_node:205: TRY: 36
DEBUG: src/lcthw/hashmap.c:Hashmap_get_node:205: TRY: 37
DEBUG: src/lcthw/hashmap.c:Hashmap_get_node:205: TRY: 38
DEBUG: src/lcthw/hashmap.c:Hashmap_get_node:205: TRY: 39
DEBUG: src/lcthw/hashmap.c:Hashmap_get_node:205: TRY: 40
DEBUG: src/lcthw/hashmap.c:Hashmap_get_node:205: TRY: 41
DEBUG: src/lcthw/hashmap.c:Hashmap_get_node:205: TRY: 42
DEBUG: src/lcthw/hashmap.c:Hashmap_get_node:205: TRY: 43
DEBUG: src/lcthw/hashmap.c:Hashmap_get_node:205: TRY: 44
DEBUG: src/lcthw/hashmap.c:Hashmap_get_node:205: TRY: 45
DEBUG: src/lcthw/hashmap.c:Hashmap_get_node:205: TRY: 46
DEBUG: src/lcthw/hashmap.c:Hashmap_get_node:205: TRY: 47
DEBUG: src/lcthw/hashmap.c:Hashmap_get_node:205: TRY: 48
DEBUG: src/lcthw/hashmap.c:Hashmap_get_node:205: TRY: 49
DEBUG: src/lcthw/hashmap.c:Hashmap_get_node:205: TRY: 50
DEBUG: src/lcthw/hashmap.c:Hashmap_get_node:205: TRY: 51
DEBUG: src/lcthw/hashmap.c:Hashmap_get_node:205: TRY: 52
DEBUG: src/lcthw/hashmap.c:Hashmap_get_node:205: TRY: 53
DEBUG: src/lcthw/hashmap.c:Hashmap_get_node:205: TRY: 54
DEBUG: src/lcthw/hashmap.c:Hashmap_get_node:205: TRY: 55
DEBUG: src/lcthw/hashmap.c:Hashmap_get_node:205: TRY: 56
DEBUG: src/lcthw/hashmap.c:Hashmap_get_node:205: TRY: 57
DEBUG: src/lcthw/hashmap.c:Hashmap_get_node:205: TRY: 58
DEBUG: src/lcthw/hashmap.c:Hashmap_get_node:205: TRY: 59
DEBUG: src/lcthw/hashmap.c:Hashmap_get_node:205: TRY: 60
DEBUG: src/lcthw/hashmap.c:Hashmap_get_node:205: TRY: 61
DEBUG: src/lcthw/hashmap.c:Hashmap_get_node:205: TRY: 62
DEBUG: src/lcthw/hashmap.c:Hashmap_get_node:205: TRY: 63
DEBUG: src/lcthw/hashmap.c:Hashmap_get_node:205: TRY: 64
DEBUG: src/lcthw/hashmap.c:Hashmap_get_node:205: TRY: 65
DEBUG: src/lcthw/hashmap.c:Hashmap_get_node:205: TRY: 66
DEBUG: src/lcthw/hashmap.c:Hashmap_get_node:205: TRY: 67
DEBUG: src/lcthw/hashmap.c:Hashmap_get_node:205: TRY: 68
DEBUG: src/lcthw/hashmap.c:Hashmap_get_node:205: TRY: 69
DEBUG: src/lcthw/hashmap.c:Hashmap_get_node:205: TRY: 70
DEBUG: src/lcthw/hashmap.c:Hashmap_get_node:205: TRY: 71
DEBUG: src/lcthw/hashmap.c:Hashmap_get_node:205: TRY: 72
DEBUG: src/lcthw/hashmap.c:Hashmap_get_node:205: TRY: 73
DEBUG: src/lcthw/hashmap.c:Hashmap_get_node:205: TRY: 74
DEBUG: src/lcthw/hashmap.c:Hashmap_get_node:205: TRY: 75
DEBUG: src/lcthw/hashmap.c:Hashmap_get_node:205: TRY: 76
DEBUG: src/lcthw/hashmap.c:Hashmap_get_node:205: TRY: 77
DEBUG: src/lcthw/hashmap.c:Hashmap_get_node:205: TRY: 78
DEBUG: src/lcthw/hashmap.c:Hashmap_get_node:205: TRY: 79
DEBUG: src/lcthw/hashmap.c:Hashmap_get_node:205: TRY: 80
DEBUG: src/lcthw/hashmap.c:Hashmap_get_node:205: TRY: 81
DEBUG: src/lcthw/hashmap.c:Hashmap_get_node:205: TRY: 82
DEBUG: src/lcthw/hashmap.c:Hashmap_get_node:205: TRY: 83
DEBUG: src/lcthw/hashmap.c:Hashmap_get_node:205: TRY: 84
DEBUG: src/lcthw/hashmap.c:Hashmap_get_node:205: TRY: 85
DEBUG: src/lcthw/hashmap.c:Hashmap_get_node:205: TRY: 86
DEBUG: src/lcthw/hashmap.c:Hashmap_get_node:205: TRY: 87
DEBUG: src/lcthw/hashmap.c:Hashmap_get_node:205: TRY: 88
DEBUG: src/lcthw/hashmap.c:Hashmap_get_node:205: TRY: 89
DEBUG: src/lcthw/hashmap.c:Hashmap_get_node:205: TRY: 90
DEBUG: src/lcthw/hashmap.c:Hashmap_get_node:205: TRY: 91
DEBUG: src/lcthw/hashmap.c:Hashmap_get_node:205: TRY: 92
DEBUG: src/lcthw/hashmap.c:Hashmap_get_node:205: TRY: 93
DEBUG: src/lcthw/hashmap.c:Hashmap_get_node:205: TRY: 94
DEBUG: src/lcthw/hashmap.c:Hashmap_get_node:205: TRY: 95
DEBUG: src/lcthw/hashmap.c:Hashmap_get_node:205: TRY: 0
DEBUG: src/lcthw/hashmap.c:Hashmap_get_node:205: TRY: 1
DEBUG: src/lcthw/hashmap.c:Hashmap_get_node:205: TRY: 2
DEBUG: src/lcthw/hashmap.c:Hashmap_get_node:205: TRY: 3
DEBUG: src/lcthw/hashmap.c:Hashmap_get_node:205: TRY: 4
DEBUG: src/lcthw/hashmap.c:Hashmap_get_node:205: TRY: 5
DEBUG: src/lcthw/hashmap.c:Hashmap_get_node:205: TRY: 6
DEBUG: src/lcthw/hashmap.c:Hashmap_get_node:205: TRY: 7
DEBUG: src/lcthw/hashmap.c:Hashmap_get_node:205: TRY: 8
DEBUG: src/lcthw/hashmap.c:Hashmap_get_node:205: TRY: 9
DEBUG: src/lcthw/hashmap.c:Hashmap_get_node:205: TRY: 10
DEBUG: src/lcthw/hashmap.c:Hashmap_get_node:205: TRY: 11
DEBUG: src/lcthw/hashmap.c:Hashmap_get_node:205: TRY: 12
DEBUG: src/lcthw/hashmap.c:Hashmap_get_node:205: TRY: 13
DEBUG: src/lcthw/hashmap.c:Hashmap_get_node:205: TRY: 14
DEBUG: src/lcthw/hashmap.c:Hashmap_get_node:205: TRY: 15
DEBUG: src/lcthw/hashmap.c:Hashmap_get_node:205: TRY: 16
DEBUG: src/lcthw/hashmap.c:Hashmap_get_node:205: TRY: 17
DEBUG: src/lcthw/hashmap.c:Hashmap_get_node:205: TRY: 18
DEBUG: src/lcthw/hashmap.c:Hashmap_get_node:205: TRY: 19
DEBUG: src/lcthw/hashmap.c:Hashmap_get_node:205: TRY: 20
DEBUG: src/lcthw/hashmap.c:Hashmap_get_node:205: TRY: 21
DEBUG: src/lcthw/hashmap.c:Hashmap_get_node:205: TRY: 22
DEBUG: src/lcthw/hashmap.c:Hashmap_get_node:205: TRY: 23
DEBUG: src/lcthw/hashmap.c:Hashmap_get_node:205: TRY: 24
DEBUG: src/lcthw/hashmap.c:Hashmap_get_node:205: TRY: 25
DEBUG: src/lcthw/hashmap.c:Hashmap_get_node:205: TRY: 26
DEBUG: src/lcthw/hashmap.c:Hashmap_get_node:205: TRY: 27
DEBUG: src/lcthw/hashmap.c:Hashmap_get_node:205: TRY: 28
DEBUG: src/lcthw/hashmap.c:Hashmap_get_node:205: TRY: 29
DEBUG: src/lcthw/hashmap.c:Hashmap_get_node:205: TRY: 30
DEBUG: src/lcthw/hashmap.c:Hashmap_get_node:205: TRY: 31
DEBUG: src/lcthw/hashmap.c:Hashmap_get_node:205: TRY: 32
DEBUG: src/lcthw/hashmap.c:Hashmap_get_node:205: TRY: 33
DEBUG: src/lcthw/hashmap.c:Hashmap_get_node:205: TRY: 34
DEBUG: src/lcthw/hashmap.c:Hashmap_get_node:205: TRY: 35
DEBUG: src/lcthw/hashmap.c:Hashmap_get_node:205: TRY: 36
DEBUG: src/lcthw/hashmap.c:Hashmap_get_node:205: TRY: 37
DEBUG: src/lcthw/hashmap.c:Hashmap_get_node:205: TRY: 38
DEBUG: src/lcthw/hashmap.c:Hashmap_get_node:205: TRY: 39
DEBUG: src/lcthw/hashmap.c:Hashmap_get_node:205: TRY: 40
DEBUG: src/lcthw/hashmap.c:Hashmap_get_node:205: TRY: 41
DEBUG: src/lcthw/hashmap.c:Hashmap_get_node:205: TRY: 42
DEBUG: src/lcthw/hashmap.c:Hashmap_get_node:205: TRY: 43
DEBUG: src/lcthw/hashmap.c:Hashmap_get_node:205: TRY: 44
DEBUG: src/lcthw/hashmap.c:Hashmap_get_node:205: TRY: 45
DEBUG: src/lcthw/hashmap.c:Hashmap_get_node:205: TRY: 46
DEBUG: src/lcthw/hashmap.c:Hashmap_get_node:205: TRY: 47
DEBUG: src/lcthw/hashmap.c:Hashmap_get_node:205: TRY: 48
DEBUG: src/lcthw/hashmap.c:Hashmap_get_node:205: TRY: 49
DEBUG: src/lcthw/hashmap.c:Hashmap_get_node:205: TRY: 50
DEBUG: src/lcthw/hashmap.c:Hashmap_get_node:205: TRY: 51
DEBUG: src/lcthw/hashmap.c:Hashmap_get_node:205: TRY: 52
DEBUG: src/lcthw/hashmap.c:Hashmap_get_node:205: TRY: 53
DEBUG: src/lcthw/hashmap.c:Hashmap_get_node:205: TRY: 54
DEBUG: src/lcthw/hashmap.c:Hashmap_get_node:205: TRY: 55
DEBUG: src/lcthw/hashmap.c:Hashmap_get_node:205: TRY: 56
DEBUG: src/lcthw/hashmap.c:Hashmap_get_node:205: TRY: 57
DEBUG: src/lcthw/hashmap.c:Hashmap_get_node:205: TRY: 58
DEBUG: src/lcthw/hashmap.c:Hashmap_get_node:205: TRY: 59
DEBUG: src/lcthw/hashmap.c:Hashmap_get_node:205: TRY: 60
DEBUG: src/lcthw/hashmap.c:Hashmap_get_node:205: TRY: 61
DEBUG: src/lcthw/hashmap.c:Hashmap_get_node:205: TRY: 62
DEBUG: src/lcthw/hashmap.c:Hashmap_get_node:205: TRY: 63
DEBUG: src/lcthw/hashmap.c:Hashmap_get_node:205: TRY: 64
DEBUG: src/lcthw/hashmap.c:Hashmap_get_node:205: TRY: 65
DEBUG: src/lcthw/hashmap.c:Hashmap_get_node:205: TRY: 66
DEBUG: src/lcthw/hashmap.c:Hashmap_get_node:205: TRY: 67
DEBUG: src/lcthw/hashmap.c:Hashmap_get_node:205: TRY: 68
DEBUG: src/lcthw/hashmap.c:Hashmap_get_node:205: TRY: 0
DEBUG: src/lcthw/hashmap.c:Hashmap_get_node:205: TRY: 1
DEBUG: src/lcthw/hashmap.c:Hashmap_get_node:205: TRY: 2
DEBUG: src/lcthw/hashmap.c:Hashmap_get_node:205: TRY: 3
DEBUG: src/lcthw/hashmap.c:Hashmap_get_node:205: TRY: 4
DEBUG: src/lcthw/hashmap.c:Hashmap_get_node:205: TRY: 5
DEBUG: src/lcthw/hashmap.c:Hashmap_get_node:205: TRY: 6
DEBUG: src/lcthw/hashmap.c:Hashmap_get_node:205: TRY: 7
DEBUG: src/lcthw/hashmap.c:Hashmap_get_node:205: TRY: 8
DEBUG: src/lcthw/hashmap.c:Hashmap_get_node:205: TRY: 9
DEBUG: src/lcthw/hashmap.c:Hashmap_get_node:205: TRY: 10
DEBUG: src/lcthw/hashmap.c:Hashmap_get_node:205: TRY: 11
DEBUG: src/lcthw/hashmap.c:Hashmap_get_node:205: TRY: 12
DEBUG: src/lcthw/hashmap.c:Hashmap_get_node:205: TRY: 13
DEBUG: src/lcthw/hashmap.c:Hashmap_get_node:205: TRY: 14
DEBUG: src/lcthw/hashmap.c:Hashmap_get_node:205: TRY: 15
DEBUG: src/lcthw/hashmap.c:Hashmap_get_node:205: TRY: 16
DEBUG: src/lcthw/hashmap.c:Hashmap_get_node:205: TRY: 17
DEBUG: src/lcthw/hashmap.c:Hashmap_get_node:205: TRY: 18
DEBUG: src/lcthw/hashmap.c:Hashmap_get_node:205: TRY: 19
DEBUG: src/lcthw/hashmap.c:Hashmap_get_node:205: TRY: 20
DEBUG: src/lcthw/hashmap.c:Hashmap_get_node:205: TRY: 21
DEBUG: src/lcthw/hashmap.c:Hashmap_get_node:205: TRY: 22
DEBUG: src/lcthw/hashmap.c:Hashmap_get_node:205: TRY: 23
DEBUG: src/lcthw/hashmap.c:Hashmap_get_node:205: TRY: 24
DEBUG: src/lcthw/hashmap.c:Hashmap_get_node:205: TRY: 25
DEBUG: src/lcthw/hashmap.c:Hashmap_get_node:205: TRY: 26
DEBUG: src/lcthw/hashmap.c:Hashmap_get_node:205: TRY: 27
DEBUG: src/lcthw/hashmap.c:Hashmap_get_node:205: TRY: 28
DEBUG: src/lcthw/hashmap.c:Hashmap_get_node:205: TRY: 29
DEBUG: src/lcthw/hashmap.c:Hashmap_get_node:205: TRY: 30
DEBUG: src/lcthw/hashmap.c:Hashmap_get_node:205: TRY: 31
DEBUG: src/lcthw/hashmap.c:Hashmap_get_node:205: TRY: 32
DEBUG: src/lcthw/hashmap.c:Hashmap_get_node:205: TRY: 33
DEBUG: src/lcthw/hashmap.c:Hashmap_get_node:205: TRY: 34
DEBUG: src/lcthw/hashmap.c:Hashmap_get_node:205: TRY: 35
DEBUG: src/lcthw/hashmap.c:Hashmap_get_node:205: TRY: 36
DEBUG: src/lcthw/hashmap.c:Hashmap_get_node:205: TRY: 37
DEBUG: src/lcthw/hashmap.c:Hashmap_get_node:205: TRY: 38
DEBUG: src/lcthw/hashmap.c:Hashmap_get_node:205: TRY: 39
DEBUG: src/lcthw/hashmap.c:Hashmap_get_node:205: TRY: 40
DEBUG: src/lcthw/hashmap.c:Hashmap_get_node:205: TRY: 41
DEBUG: src/lcthw/hashmap.c:Hashmap_get_node:205: TRY: 42
DEBUG: src/lcthw/hashmap.c:Hashmap_get_node:205: TRY: 43
DEBUG: src/lcthw/hashmap.c:Hashmap_get_node:205: TRY: 44
DEBUG: src/lcthw/hashmap.c:Hashmap_get_node:205: TRY: 45
DEBUG: src/lcthw/hashmap.c:Hashmap_get_node:205: TRY: 46
DEBUG: src/lcthw/hashmap.c:Hashmap_get_node:205: TRY: 47
DEBUG: src/lcthw/hashmap.c:Hashmap_get_node:205: TRY: 48
DEBUG: src/lcthw/hashmap.c:Hashmap_get_node:205: TRY: 49
DEBUG: src/lcthw/hashmap.c:Hashmap_get_node:205: TRY: 50
DEBUG: src/lcthw/hashmap.c:Hashmap_get_node:205: TRY: 51
DEBUG: src/lcthw/hashmap.c:Hashmap_get_node:205: TRY: 52
DEBUG: src/lcthw/hashmap.c:Hashmap_get_node:205: TRY: 53
DEBUG: src/lcthw/hashmap.c:Hashmap_get_node:205: TRY: 54
DEBUG: src/lcthw/hashmap.c:Hashmap_get_node:205: TRY: 55
DEBUG: src/lcthw/hashmap.c:Hashmap_get_node:205: TRY: 56
DEBUG: src/lcthw/hashmap.c:Hashmap_get_node:205: TRY: 57
DEBUG: src/lcthw/hashmap.c:Hashmap_get_node:205: TRY: 58
DEBUG: src/lcthw/hashmap.c:Hashmap_get_node:205: TRY: 59
DEBUG: src/lcthw/hashmap.c:Hashmap_get_node:205: TRY: 60
DEBUG: src/lcthw/hashmap.c:Hashmap_get_node:205: TRY: 61
DEBUG: src/lcthw/hashmap.c:Hashmap_get_node:205: TRY: 62
DEBUG: src/lcthw/hashmap.c:Hashmap_get_node:205: TRY: 63
DEBUG: src/lcthw/hashmap.c:Hashmap_get_node:205: TRY: 64
DEBUG: src/lcthw/hashmap.c:Hashmap_get_node:205: TRY: 65
DEBUG: src/lcthw/hashmap.c:Hashmap_get_node:205: TRY: 66
DEBUG: src/lcthw/hashmap.c:Hashmap_get_node:205: TRY: 67
DEBUG: src/lcthw/hashmap.c:Hashmap_get_node:205: TRY: 68
DEBUG: src/lcthw/hashmap.c:Hashmap_get_node:205: TRY: 69
DEBUG: src/lcthw/hashmap.c:Hashmap_get_node:205: TRY: 70
DEBUG: src/lcthw/hashmap.c:Hashmap_get_node:205: TRY: 71
DEBUG: src/lcthw/hashmap.c:Hashmap_get_node:205: TRY: 72
DEBUG: src/lcthw/hashmap.c:Hashmap_get_node:205: TRY: 73
DEBUG: src/lcthw/hashmap.c:Hashmap_get_node:205: TRY: 74
DEBUG: src/lcthw/hashmap.c:Hashmap_get_node:205: TRY: 75
DEBUG: src/lcthw/hashmap.c:Hashmap_get_node:205: TRY: 76
DEBUG: src/lcthw/hashmap.c:Hashmap_get_node:205: TRY: 77
DEBUG: src/lcthw/hashmap.c:Hashmap_get_node:205: TRY: 78
DEBUG: src/lcthw/hashmap.c:Hashmap_get_node:205: TRY: 79
DEBUG: src/lcthw/hashmap.c:Hashmap_get_node:205: TRY: 80
DEBUG: src/lcthw/hashmap.c:Hashmap_get_node:205: TRY: 81
DEBUG: src/lcthw/hashmap.c:Hashmap_get_node:205: TRY: 82
DEBUG: src/lcthw/hashmap.c:Hashmap_get_node:205: TRY: 83
DEBUG: src/lcthw/hashmap.c:Hashmap_get_node:205: TRY: 84
DEBUG: src/lcthw/hashmap.c:Hashmap_get_node:205: TRY: 85
DEBUG: src/lcthw/hashmap.c:Hashmap_get_node:205: TRY: 86
DEBUG: src/lcthw/hashmap.c:Hashmap_get_node:205: TRY: 87
DEBUG: src/lcthw/hashmap.c:Hashmap_get_node:205: TRY: 88
DEBUG: src/lcthw/hashmap.c:Hashmap_get_node:205: TRY: 89
DEBUG: src/lcthw/hashmap.c:Hashmap_get_node:205: TRY: 90
DEBUG: src/lcthw/hashmap.c:Hashmap_get_node:205: TRY: 91
DEBUG: src/lcthw/hashmap.c:Hashmap_get_node:205: TRY: 92
DEBUG: src/lcthw/hashmap.c:Hashmap_get_node:205: TRY: 93
DEBUG: src/lcthw/hashmap.c:Hashmap_get_node:205: TRY: 94
DEBUG: src/lcthw/hashmap.c:Hashmap_get_node:205: TRY: 95
DEBUG: src/lcthw/hashmap.c:Hashmap_get_node:205: TRY: 96
DEBUG: src/lcthw/hashmap.c:Hashmap_get_node:205: TRY: 0
DEBUG: src/lcthw/hashmap.c:Hashmap_get_node:205: TRY: 1
DEBUG: src/lcthw/hashmap.c:Hashmap_get_node:205: TRY: 2
DEBUG: src/lcthw/hashmap.c:Hashmap_get_node:205: TRY: 3
DEBUG: src/lcthw/hashmap.c:Hashmap_get_node:205: TRY: 4
DEBUG: src/lcthw/hashmap.c:Hashmap_get_node:205: TRY: 5
DEBUG: src/lcthw/hashmap.c:Hashmap_get_node:205: TRY: 6
DEBUG: src/lcthw/hashmap.c:Hashmap_get_node:205: TRY: 7
DEBUG: src/lcthw/hashmap.c:Hashmap_get_node:205: TRY: 8
DEBUG: src/lcthw/hashmap.c:Hashmap_get_node:205: TRY: 9
DEBUG: src/lcthw/hashmap.c:Hashmap_get_node:205: TRY: 10
DEBUG: src/lcthw/hashmap.c:Hashmap_get_node:205: TRY: 11
DEBUG: src/lcthw/hashmap.c:Hashmap_get_node:205: TRY: 12
DEBUG: src/lcthw/hashmap.c:Hashmap_get_node:205: TRY: 13
DEBUG: src/lcthw/hashmap.c:Hashmap_get_node:205: TRY: 14
DEBUG: src/lcthw/hashmap.c:Hashmap_get_node:205: TRY: 15
DEBUG: src/lcthw/hashmap.c:Hashmap_get_node:205: TRY: 16
DEBUG: src/lcthw/hashmap.c:Hashmap_get_node:205: TRY: 17
DEBUG: src/lcthw/hashmap.c:Hashmap_get_node:205: TRY: 18
DEBUG: src/lcthw/hashmap.c:Hashmap_get_node:205: TRY: 19
DEBUG: src/lcthw/hashmap.c:Hashmap_get_node:205: TRY: 20
DEBUG: src/lcthw/hashmap.c:Hashmap_get_node:205: TRY: 21
DEBUG: src/lcthw/hashmap.c:Hashmap_get_node:205: TRY: 22
DEBUG: src/lcthw/hashmap.c:Hashmap_get_node:205: TRY: 23
DEBUG: src/lcthw/hashmap.c:Hashmap_get_node:205: TRY: 24
DEBUG: src/lcthw/hashmap.c:Hashmap_get_node:205: TRY: 25
DEBUG: src/lcthw/hashmap.c:Hashmap_get_node:205: TRY: 26
DEBUG: src/lcthw/hashmap.c:Hashmap_get_node:205: TRY: 27
DEBUG: src/lcthw/hashmap.c:Hashmap_get_node:205: TRY: 28
DEBUG: src/lcthw/hashmap.c:Hashmap_get_node:205: TRY: 29
DEBUG: src/lcthw/hashmap.c:Hashmap_get_node:205: TRY: 30
DEBUG: src/lcthw/hashmap.c:Hashmap_get_node:205: TRY: 31
DEBUG: src/lcthw/hashmap.c:Hashmap_get_node:205: TRY: 32
DEBUG: src/lcthw/hashmap.c:Hashmap_get_node:205: TRY: 33
DEBUG: src/lcthw/hashmap.c:Hashmap_get_node:205: TRY: 34
DEBUG: src/lcthw/hashmap.c:Hashmap_get_node:205: TRY: 35
DEBUG: src/lcthw/hashmap.c:Hashmap_get_node:205: TRY: 36
DEBUG: src/lcthw/hashmap.c:Hashmap_get_node:205: TRY: 37
DEBUG: src/lcthw/hashmap.c:Hashmap_get_node:205: TRY: 38
DEBUG: src/lcthw/hashmap.c:Hashmap_get_node:205: TRY: 39
DEBUG: src/lcthw/hashmap.c:Hashmap_get_node:205: TRY: 40
DEBUG: src/lcthw/hashmap.c:Hashmap_get_node:205: TRY: 41
DEBUG: src/lcthw/hashmap.c:Hashmap_get_node:205: TRY: 42
DEBUG: src/lcthw/hashmap.c:Hashmap_get_node:205: TRY: 43
DEBUG: src/lcthw/hashmap.c:Hashmap_get_node:205: TRY: 44
DEBUG: src/lcthw/hashmap.c:Hashmap_get_node:205: TRY: 45
DEBUG: src/lcthw/hashmap.c:Hashmap_get_node:205: TRY: 46
DEBUG: src/lcthw/hashmap.c:Hashmap_get_node:205: TRY: 47
DEBUG: src/lcthw/hashmap.c:Hashmap_get_node:205: TRY: 48
DEBUG: src/lcthw/hashmap.c:Hashmap_get_node:205: TRY: 49
DEBUG: src/lcthw/hashmap.c:Hashmap_get_node:205: TRY: 50
DEBUG: src/lcthw/hashmap.c:Hashmap_get_node:205: TRY: 51
DEBUG: src/lcthw/hashmap.c:Hashmap_get_node:205: TRY: 52
DEBUG: src/lcthw/hashmap.c:Hashmap_get_node:205: TRY: 53
DEBUG: src/lcthw/hashmap.c:Hashmap_get_node:205: TRY: 54
DEBUG: src/lcthw/hashmap.c:Hashmap_get_node:205: TRY: 55
DEBUG: src/lcthw/hashmap.c:Hashmap_get_node:205: TRY: 56
DEBUG: src/lcthw/hashmap.c:Hashmap_get_node:205: TRY: 57
DEBUG: src/lcthw/hashmap.c:Hashmap_get_node:205: TRY: 58
DEBUG: src/lcthw/hashmap.c:Hashmap_get_node:205: TRY: 59
DEBUG: src/lcthw/hashmap.c:Hashmap_get_node:205: TRY: 60
DEBUG: src/lcthw/hashmap.c:Hashmap_get_node:205: TRY: 61
DEBUG: src/lcthw/hashmap.c:Hashmap_get_node:205: TRY: 62
DEBUG: src/lcthw/hashmap.c:Hashmap_get_node:205: TRY: 63
DEBUG: src/lcthw/hashmap.c:Hashmap_get_node:205: TRY: 64
DEBUG: src/lcthw/hashmap.c:Hashmap_get_node:205: TRY: 65
DEBUG: src/lcthw/hashmap.c:Hashmap_get_node:205: TRY: 66
DEBUG: src/lcthw/hashmap.c:Hashmap_get_node:205: TRY: 67
DEBUG: src/lcthw/hashmap.c:Hashmap_get_node:205: TRY: 68
DEBUG: src/lcthw/hashmap.c:Hashmap_get_node:205: TRY: 69
DEBUG: src/lcthw/hashmap.c:Hashmap_get_node:205: TRY: 70
DEBUG: src/lcthw/hashmap.c:Hashmap_get_node:205: TRY: 71
DEBUG: src/lcthw/hashmap.c:Hashmap_get_node:205: TRY: 72
DEBUG: src/lcthw/hashmap.c:Hashmap_get_node:205: TRY: 0
DEBUG: src/lcthw/hashmap.c:Hashmap_get_node:205: TRY: 1
DEBUG: src/lcthw/hashmap.c:Hashmap_get_node:205: TRY: 2
DEBUG: src/lcthw/hashmap.c:Hashmap_get_node:205: TRY: 3
DEBUG: src/lcthw/hashmap.c:Hashmap_get_node:205: TRY: 4
DEBUG: src/lcthw/hashmap.c:Hashmap_get_node:205: TRY: 5
DEBUG: src/lcthw/hashmap.c:Hashmap_get_node:205: TRY: 6
DEBUG: src/lcthw/hashmap.c:Hashmap_get_node:205: TRY: 7
DEBUG: src/lcthw/hashmap.c:Hashmap_get_node:205: TRY: 8
DEBUG: src/lcthw/hashmap.c:Hashmap_get_node:205: TRY: 9
DEBUG: src/lcthw/hashmap.c:Hashmap_get_node:205: TRY: 10
DEBUG: src/lcthw/hashmap.c:Hashmap_get_node:205: TRY: 11
DEBUG: src/lcthw/hashmap.c:Hashmap_get_node:205: TRY: 12
DEBUG: src/lcthw/hashmap.c:Hashmap_get_node:205: TRY: 13
DEBUG: src/lcthw/hashmap.c:Hashmap_get_node:205: TRY: 14
DEBUG: src/lcthw/hashmap.c:Hashmap_get_node:205: TRY: 15
DEBUG: src/lcthw/hashmap.c:Hashmap_get_node:205: TRY: 16
DEBUG: src/lcthw/hashmap.c:Hashmap_get_node:205: TRY: 17
DEBUG: src/lcthw/hashmap.c:Hashmap_get_node:205: TRY: 18
DEBUG: src/lcthw/hashmap.c:Hashmap_get_node:205: TRY: 19
DEBUG: src/lcthw/hashmap.c:Hashmap_get_node:205: TRY: 20
DEBUG: src/lcthw/hashmap.c:Hashmap_get_node:205: TRY: 21
DEBUG: src/lcthw/hashmap.c:Hashmap_get_node:205: TRY: 22
DEBUG: src/lcthw/hashmap.c:Hashmap_get_node:205: TRY: 23
DEBUG: src/lcthw/hashmap.c:Hashmap_get_node:205: TRY: 24
DEBUG: src/lcthw/hashmap.c:Hashmap_get_node:205: TRY: 25
DEBUG: src/lcthw/hashmap.c:Hashmap_get_node:205: TRY: 26
DEBUG: src/lcthw/hashmap.c:Hashmap_get_node:205: TRY: 27
DEBUG: src/lcthw/hashmap.c:Hashmap_get_node:205: TRY: 28
DEBUG: src/lcthw/hashmap.c:Hashmap_get_node:205: TRY: 29
DEBUG: src/lcthw/hashmap.c:Hashmap_get_node:205: TRY: 30
DEBUG: src/lcthw/hashmap.c:Hashmap_get_node:205: TRY: 31
DEBUG: src/lcthw/hashmap.c:Hashmap_get_node:205: TRY: 32
DEBUG: src/lcthw/hashmap.c:Hashmap_get_node:205: TRY: 33
DEBUG: src/lcthw/hashmap.c:Hashmap_get_node:205: TRY: 34
DEBUG: src/lcthw/hashmap.c:Hashmap_get_node:205: TRY: 35
DEBUG: src/lcthw/hashmap.c:Hashmap_get_node:205: TRY: 36
DEBUG: src/lcthw/hashmap.c:Hashmap_get_node:205: TRY: 37
DEBUG: src/lcthw/hashmap.c:Hashmap_get_node:205: TRY: 38
DEBUG: src/lcthw/hashmap.c:Hashmap_get_node:205: TRY: 39
DEBUG: src/lcthw/hashmap.c:Hashmap_get_node:205: TRY: 40
DEBUG: src/lcthw/hashmap.c:Hashmap_get_node:205: TRY: 41
DEBUG: src/lcthw/hashmap.c:Hashmap_get_node:205: TRY: 42
DEBUG: src/lcthw/hashmap.c:Hashmap_get_node:205: TRY: 43
DEBUG: src/lcthw/hashmap.c:Hashmap_get_node:205: TRY: 44
DEBUG: src/lcthw/hashmap.c:Hashmap_get_node:205: TRY: 45
DEBUG: src/lcthw/hashmap.c:Hashmap_get_node:205: TRY: 46
DEBUG: src/lcthw/hashmap.c:Hashmap_get_node:205: TRY: 47
DEBUG: src/lcthw/hashmap.c:Hashmap_get_node:205: TRY: 48
DEBUG: src/lcthw/hashmap.c:Hashmap_get_node:205: TRY: 49
DEBUG: src/lcthw/hashmap.c:Hashmap_get_node:205: TRY: 50
DEBUG: src/lcthw/hashmap.c:Hashmap_get_node:205: TRY: 51
DEBUG: src/lcthw/hashmap.c:Hashmap_get_node:205: TRY: 52
DEBUG: src/lcthw/hashmap.c:Hashmap_get_node:205: TRY: 53
DEBUG: src/lcthw/hashmap.c:Hashmap_get_node:205: TRY: 54
DEBUG: src/lcthw/hashmap.c:Hashmap_get_node:205: TRY: 55
DEBUG: src/lcthw/hashmap.c:Hashmap_get_node:205: TRY: 56
DEBUG: src/lcthw/hashmap.c:Hashmap_get_node:205: TRY: 57
DEBUG: src/lcthw/hashmap.c:Hashmap_get_node:205: TRY: 58
DEBUG: src/lcthw/hashmap.c:Hashmap_get_node:205: TRY: 59
DEBUG: src/lcthw/hashmap.c:Hashmap_get_node:205: TRY: 60
DEBUG: src/lcthw/hashmap.c:Hashmap_get_node:205: TRY: 61
DEBUG: src/lcthw/hashmap.c:Hashmap_get_node:205: TRY: 62
DEBUG: src/lcthw/hashmap.c:Hashmap_get_node:205: TRY: 63
DEBUG: src/lcthw/hashmap.c:Hashmap_get_node:205: TRY: 64
DEBUG: src/lcthw/hashmap.c:Hashmap_get_node:205: TRY: 65
DEBUG: src/lcthw/hashmap.c:Hashmap_get_node:205: TRY: 66
DEBUG: src/lcthw/hashmap.c:Hashmap_get_node:205: TRY: 67
DEBUG: src/lcthw/hashmap.c:Hashmap_get_node:205: TRY: 68
DEBUG: src/lcthw/hashmap.c:Hashmap_get_node:205: TRY: 69
DEBUG: src/lcthw/hashmap.c:Hashmap_get_node:205: TRY: 70
DEBUG: src/lcthw/hashmap.c:Hashmap_get_node:205: TRY: 71
DEBUG: src/lcthw/hashmap.c:Hashmap_get_node:205: TRY: 72
DEBUG: src/lcthw/hashmap.c:Hashmap_get_node:205: TRY: 73
DEBUG: src/lcthw/hashmap.c:Hashmap_get_node:205: TRY: 74
DEBUG: src/lcthw/hashmap.c:Hashmap_get_node:205: TRY: 75
DEBUG: src/lcthw/hashmap.c:Hashmap_get_node:205: TRY: 76
DEBUG: src/lcthw/hashmap.c:Hashmap_get_node:205: TRY: 77
DEBUG: src/lcthw/hashmap.c:Hashmap_get_node:205: TRY: 78
DEBUG: src/lcthw/hashmap.c:Hashmap_get_node:205: TRY: 79
DEBUG: src/lcthw/hashmap.c:Hashmap_get_node:205: TRY: 80
DEBUG: src/lcthw/hashmap.c:Hashmap_get_node:205: TRY: 81
DEBUG: src/lcthw/hashmap.c:Hashmap_get_node:205: TRY: 82
DEBUG: src/lcthw/hashmap.c:Hashmap_get_node:205: TRY: 83
DEBUG: src/lcthw/hashmap.c:Hashmap_get_node:205: TRY: 84
DEBUG: src/lcthw/hashmap.c:Hashmap_get_node:205: TRY: 85
DEBUG: src/lcthw/hashmap.c:Hashmap_get_node:205: TRY: 86
DEBUG: src/lcthw/hashmap.c:Hashmap_get_node:205: TRY: 87
DEBUG: src/lcthw/hashmap.c:Hashmap_get_node:205: TRY: 88
DEBUG: src/lcthw/hashmap.c:Hashmap_get_node:205: TRY: 89
DEBUG: src/lcthw/hashmap.c:Hashmap_get_node:205: TRY: 90
DEBUG: src/lcthw/hashmap.c:Hashmap_get_node:205: TRY: 91
DEBUG: src/lcthw/hashmap.c:Hashmap_get_node:205: TRY: 92
DEBUG: src/lcthw/hashmap.c:Hashmap_get_node:205: TRY: 93
DEBUG: src/lcthw/hashmap.c:Hashmap_get_node:205: TRY: 94
DEBUG: src/lcthw/hashmap.c:Hashmap_get_node:205: TRY: 95
DEBUG: src/lcthw/hashmap.c:Hashmap_get_node:205: TRY: 96
DEBUG: src/lcthw/hashmap.c:Hashmap_get_node:205: TRY: 97
DEBUG: src/lcthw/hashmap.c:Hashmap_get_node:205: TRY: 0
DEBUG: src/lcthw/hashmap.c:Hashmap_get_node:205: TRY: 1
DEBUG: src/lcthw/hashmap.c:Hashmap_get_node:205: TRY: 2
DEBUG: src/lcthw/hashmap.c:Hashmap_get_node:205: TRY: 3
DEBUG: src/lcthw/hashmap.c:Hashmap_get_node:205: TRY: 4
DEBUG: src/lcthw/hashmap.c:Hashmap_get_node:205: TRY: 5
DEBUG: src/lcthw/hashmap.c:Hashmap_get_node:205: TRY: 6
DEBUG: src/lcthw/hashmap.c:Hashmap_get_node:205: TRY: 7
DEBUG: src/lcthw/hashmap.c:Hashmap_get_node:205: TRY: 8
DEBUG: src/lcthw/hashmap.c:Hashmap_get_node:205: TRY: 9
DEBUG: src/lcthw/hashmap.c:Hashmap_get_node:205: TRY: 10
DEBUG: src/lcthw/hashmap.c:Hashmap_get_node:205: TRY: 11
DEBUG: src/lcthw/hashmap.c:Hashmap_get_node:205: TRY: 12
DEBUG: src/lcthw/hashmap.c:Hashmap_get_node:205: TRY: 13
DEBUG: src/lcthw/hashmap.c:Hashmap_get_node:205: TRY: 14
DEBUG: src/lcthw/hashmap.c:Hashmap_get_node:205: TRY: 15
DEBUG: src/lcthw/hashmap.c:Hashmap_get_node:205: TRY: 16
DEBUG: src/lcthw/hashmap.c:Hashmap_get_node:205: TRY: 17
DEBUG: src/lcthw/hashmap.c:Hashmap_get_node:205: TRY: 18
DEBUG: src/lcthw/hashmap.c:Hashmap_get_node:205: TRY: 19
DEBUG: src/lcthw/hashmap.c:Hashmap_get_node:205: TRY: 20
DEBUG: src/lcthw/hashmap.c:Hashmap_get_node:205: TRY: 21
DEBUG: src/lcthw/hashmap.c:Hashmap_get_node:205: TRY: 22
DEBUG: src/lcthw/hashmap.c:Hashmap_get_node:205: TRY: 23
DEBUG: src/lcthw/hashmap.c:Hashmap_get_node:205: TRY: 24
DEBUG: src/lcthw/hashmap.c:Hashmap_get_node:205: TRY: 25
DEBUG: src/lcthw/hashmap.c:Hashmap_get_node:205: TRY: 26
DEBUG: src/lcthw/hashmap.c:Hashmap_get_node:205: TRY: 27
DEBUG: src/lcthw/hashmap.c:Hashmap_get_node:205: TRY: 28
DEBUG: src/lcthw/hashmap.c:Hashmap_get_node:205: TRY: 29
DEBUG: src/lcthw/hashmap.c:Hashmap_get_node:205: TRY: 30
DEBUG: src/lcthw/hashmap.c:Hashmap_get_node:205: TRY: 31
DEBUG: src/lcthw/hashmap.c:Hashmap_get_node:205: TRY: 32
DEBUG: src/lcthw/hashmap.c:Hashmap_get_node:205: TRY: 33
DEBUG: src/lcthw/hashmap.c:Hashmap_get_node:205: TRY: 34
DEBUG: src/lcthw/hashmap.c:Hashmap_get_node:205: TRY: 35
DEBUG: src/lcthw/hashmap.c:Hashmap_get_node:205: TRY: 36
DEBUG: src/lcthw/hashmap.c:Hashmap_get_node:205: TRY: 37
DEBUG: src/lcthw/hashmap.c:Hashmap_get_node:205: TRY: 38
DEBUG: src/lcthw/hashmap.c:Hashmap_get_node:205: TRY: 39
DEBUG: src/lcthw/hashmap.c:Hashmap_get_node:205: TRY: 40
DEBUG: src/lcthw/hashmap.c:Hashmap_get_node:205: TRY: 41
DEBUG: src/lcthw/hashmap.c:Hashmap_get_node:205: TRY: 42
DEBUG: src/lcthw/hashmap.c:Hashmap_get_node:205: TRY: 43
DEBUG: src/lcthw/hashmap.c:Hashmap_get_node:205: TRY: 44
DEBUG: src/lcthw/hashmap.c:Hashmap_get_node:205: TRY: 45
DEBUG: src/lcthw/hashmap.c:Hashmap_get_node:205: TRY: 46
DEBUG: src/lcthw/hashmap.c:Hashmap_get_node:205: TRY: 47
DEBUG: src/lcthw/hashmap.c:Hashmap_get_node:205: TRY: 48
DEBUG: src/lcthw/hashmap.c:Hashmap_get_node:205: TRY: 49
DEBUG: src/lcthw/hashmap.c:Hashmap_get_node:205: TRY: 50
DEBUG: src/lcthw/hashmap.c:Hashmap_get_node:205: TRY: 51
DEBUG: src/lcthw/hashmap.c:Hashmap_get_node:205: TRY: 52
DEBUG: src/lcthw/hashmap.c:Hashmap_get_node:205: TRY: 53
DEBUG: src/lcthw/hashmap.c:Hashmap_get_node:205: TRY: 54
DEBUG: src/lcthw/hashmap.c:Hashmap_get_node:205: TRY: 55
DEBUG: src/lcthw/hashmap.c:Hashmap_get_node:205: TRY: 56
DEBUG: src/lcthw/hashmap.c:Hashmap_get_node:205: TRY: 57
DEBUG: src/lcthw/hashmap.c:Hashmap_get_node:205: TRY: 58
DEBUG: src/lcthw/hashmap.c:Hashmap_get_node:205: TRY: 59
DEBUG: src/lcthw/hashmap.c:Hashmap_get_node:205: TRY: 60
DEBUG: src/lcthw/hashmap.c:Hashmap_get_node:205: TRY: 61
DEBUG: src/lcthw/hashmap.c:Hashmap_get_node:205: TRY: 62
DEBUG: src/lcthw/hashmap.c:Hashmap_get_node:205: TRY: 63
DEBUG: src/lcthw/hashmap.c:Hashmap_get_node:205: TRY: 64
DEBUG: src/lcthw/hashmap.c:Hashmap_get_node:205: TRY: 65
DEBUG: src/lcthw/hashmap.c:Hashmap_get_node:205: TRY: 66
DEBUG: src/lcthw/hashmap.c:Hashmap_get_node:205: TRY: 67
DEBUG: src/lcthw/hashmap.c:Hashmap_get_node:205: TRY: 68
DEBUG: src/lcthw/hashmap.c:Hashmap_get_node:205: TRY: 69
DEBUG: src/lcthw/hashmap.c:Hashmap_get_node:205: TRY: 70
DEBUG: src/lcthw/hashmap.c:Hashmap_get_node:205: TRY: 71
DEBUG: src/lcthw/hashmap.c:Hashmap_get_node:205: TRY: 72
DEBUG: src/lcthw/hashmap.c:Hashmap_get_node:205: TRY: 73
DEBUG: src/lcthw/hashmap.c:Hashmap_get_node:205: TRY: 0
DEBUG: src/lcthw/hashmap.c:Hashmap_get_node:205: TRY: 1
DEBUG: src/lcthw/hashmap.c:Hashmap_get_node:205: TRY: 2
DEBUG: src/lcthw/hashmap.c:Hashmap_get_node:205: TRY: 3
DEBUG: src/lcthw/hashmap.c:Hashmap_get_node:205: TRY: 4
DEBUG: src/lcthw/hashmap.c:Hashmap_get_node:205: TRY: 5
DEBUG: src/lcthw/hashmap.c:Hashmap_get_node:205: TRY: 6
DEBUG: src/lcthw/hashmap.c:Hashmap_get_node:205: TRY: 7
DEBUG: src/lcthw/hashmap.c:Hashmap_get_node:205: TRY: 8
DEBUG: src/lcthw/hashmap.c:Hashmap_get_node:205: TRY: 9
DEBUG: src/lcthw/hashmap.c:Hashmap_get_node:205: TRY: 10
DEBUG: src/lcthw/hashmap.c:Hashmap_get_node:205: TRY: 11
DEBUG: src/lcthw/hashmap.c:Hashmap_get_node:205: TRY: 12
DEBUG: src/lcthw/hashmap.c:Hashmap_get_node:205: TRY: 13
DEBUG: src/lcthw/hashmap.c:Hashmap_get_node:205: TRY: 14
DEBUG: src/lcthw/hashmap.c:Hashmap_get_node:205: TRY: 15
DEBUG: src/lcthw/hashmap.c:Hashmap_get_node:205: TRY: 16
DEBUG: src/lcthw/hashmap.c:Hashmap_get_node:205: TRY: 17
DEBUG: src/lcthw/hashmap.c:Hashmap_get_node:205: TRY: 18
DEBUG: src/lcthw/hashmap.c:Hashmap_get_node:205: TRY: 19
DEBUG: src/lcthw/hashmap.c:Hashmap_get_node:205: TRY: 20
DEBUG: src/lcthw/hashmap.c:Hashmap_get_node:205: TRY: 21
DEBUG: src/lcthw/hashmap.c:Hashmap_get_node:205: TRY: 22
DEBUG: src/lcthw/hashmap.c:Hashmap_get_node:205: TRY: 23
DEBUG: src/lcthw/hashmap.c:Hashmap_get_node:205: TRY: 24
DEBUG: src/lcthw/hashmap.c:Hashmap_get_node:205: TRY: 25
DEBUG: src/lcthw/hashmap.c:Hashmap_get_node:205: TRY: 26
DEBUG: src/lcthw/hashmap.c:Hashmap_get_node:205: TRY: 27
DEBUG: src/lcthw/hashmap.c:Hashmap_get_node:205: TRY: 28
DEBUG: src/lcthw/hashmap.c:Hashmap_get_node:205: TRY: 29
DEBUG: src/lcthw/hashmap.c:Hashmap_get_node:205: TRY: 30
DEBUG: src/lcthw/hashmap.c:Hashmap_get_node:205: TRY: 31
DEBUG: src/lcthw/hashmap.c:Hashmap_get_node:205: TRY: 32
DEBUG: src/lcthw/hashmap.c:Hashmap_get_node:205: TRY: 33
DEBUG: src/lcthw/hashmap.c:Hashmap_get_node:205: TRY: 34
DEBUG: src/lcthw/hashmap.c:Hashmap_get_node:205: TRY: 35
DEBUG: src/lcthw/hashmap.c:Hashmap_get_node:205: TRY: 36
DEBUG: src/lcthw/hashmap.c:Hashmap_get_node:205: TRY: 37
DEBUG: src/lcthw/hashmap.c:Hashmap_get_node:205: TRY: 38
DEBUG: src/lcthw/hashmap.c:Hashmap_get_node:205: TRY: 39
DEBUG: src/lcthw/hashmap.c:Hashmap_get_node:205: TRY: 40
DEBUG: src/lcthw/hashmap.c:Hashmap_get_node:205: TRY: 41
DEBUG: src/lcthw/hashmap.c:Hashmap_get_node:205: TRY: 42
DEBUG: src/lcthw/hashmap.c:Hashmap_get_node:205: TRY: 43
DEBUG: src/lcthw/hashmap.c:Hashmap_get_node:205: TRY: 44
DEBUG: src/lcthw/hashmap.c:Hashmap_get_node:205: TRY: 45
DEBUG: src/lcthw/hashmap.c:Hashmap_get_node:205: TRY: 46
DEBUG: src/lcthw/hashmap.c:Hashmap_get_node:205: TRY: 47
DEBUG: src/lcthw/hashmap.c:Hashmap_get_node:205: TRY: 48
DEBUG: src/lcthw/hashmap.c:Hashmap_get_node:205: TRY: 49
DEBUG: src/lcthw/hashmap.c:Hashmap_get_node:205: TRY: 50
DEBUG: src/lcthw/hashmap.c:Hashmap_get_node:205: TRY: 51
DEBUG: src/lcthw/hashmap.c:Hashmap_get_node:205: TRY: 52
DEBUG: src/lcthw/hashmap.c:Hashmap_get_node:205: TRY: 53
DEBUG: src/lcthw/hashmap.c:Hashmap_get_node:205: TRY: 54
DEBUG: src/lcthw/hashmap.c:Hashmap_get_node:205: TRY: 55
DEBUG: src/lcthw/hashmap.c:Hashmap_get_node:205: TRY: 56
DEBUG: src/lcthw/hashmap.c:Hashmap_get_node:205: TRY: 57
DEBUG: src/lcthw/hashmap.c:Hashmap_get_node:205: TRY: 58
DEBUG: src/lcthw/hashmap.c:Hashmap_get_node:205: TRY: 59
DEBUG: src/lcthw/hashmap.c:Hashmap_get_node:205: TRY: 60
DEBUG: src/lcthw/hashmap.c:Hashmap_get_node:205: TRY: 61
DEBUG: src/lcthw/hashmap.c:Hashmap_get_node:205: TRY: 62
DEBUG: src/lcthw/hashmap.c:Hashmap_get_node:205: TRY: 63
DEBUG: src/lcthw/hashmap.c:Hashmap_get_node:205: TRY: 64
DEBUG: src/lcthw/hashmap.c:Hashmap_get_node:205: TRY: 65
DEBUG: src/lcthw/hashmap.c:Hashmap_get_node:205: TRY: 0
DEBUG: src/lcthw/hashmap.c:Hashmap_get_node:205: TRY: 1
DEBUG: src/lcthw/hashmap.c:Hashmap_get_node:205: TRY: 2
DEBUG: src/lcthw/hashmap.c:Hashmap_get_node:205: TRY: 3
DEBUG: src/lcthw/hashmap.c:Hashmap_get_node:205: TRY: 4
DEBUG: src/lcthw/hashmap.c:Hashmap_get_node:205: TRY: 5
DEBUG: src/lcthw/hashmap.c:Hashmap_get_node:205: TRY: 6
DEBUG: src/lcthw/hashmap.c:Hashmap_get_node:205: TRY: 7
DEBUG: src/lcthw/hashmap.c:Hashmap_get_node:205: TRY: 8
DEBUG: src/lcthw/hashmap.c:Hashmap_get_node:205: TRY: 9
DEBUG: src/lcthw/hashmap.c:Hashmap_get_node:205: TRY: 10
DEBUG: src/lcthw/hashmap.c:Hashmap_get_node:205: TRY: 11
DEBUG: src/lcthw/hashmap.c:Hashmap_get_node:205: TRY: 12
DEBUG: src/lcthw/hashmap.c:Hashmap_get_node:205: TRY: 13
DEBUG: src/lcthw/hashmap.c:Hashmap_get_node:205: TRY: 14
DEBUG: src/lcthw/hashmap.c:Hashmap_get_node:205: TRY: 15
DEBUG: src/lcthw/hashmap.c:Hashmap_get_node:205: TRY: 16
DEBUG: src/lcthw/hashmap.c:Hashmap_get_node:205: TRY: 17
DEBUG: src/lcthw/hashmap.c:Hashmap_get_node:205: TRY: 18
DEBUG: src/lcthw/hashmap.c:Hashmap_get_node:205: TRY: 19
DEBUG: src/lcthw/hashmap.c:Hashmap_get_node:205: TRY: 20
DEBUG: src/lcthw/hashmap.c:Hashmap_get_node:205: TRY: 21
DEBUG: src/lcthw/hashmap.c:Hashmap_get_node:205: TRY: 22
DEBUG: src/lcthw/hashmap.c:Hashmap_get_node:205: TRY: 23
DEBUG: src/lcthw/hashmap.c:Hashmap_get_node:205: TRY: 24
DEBUG: src/lcthw/hashmap.c:Hashmap_get_node:205: TRY: 25
DEBUG: src/lcthw/hashmap.c:Hashmap_get_node:205: TRY: 26
DEBUG: src/lcthw/hashmap.c:Hashmap_get_node:205: TRY: 27
DEBUG: src/lcthw/hashmap.c:Hashmap_get_node:205: TRY: 28
DEBUG: src/lcthw/hashmap.c:Hashmap_get_node:205: TRY: 29
DEBUG: src/lcthw/hashmap.c:Hashmap_get_node:205: TRY: 30
DEBUG: src/lcthw/hashmap.c:Hashmap_get_node:205: TRY: 31
DEBUG: src/lcthw/hashmap.c:Hashmap_get_node:205: TRY: 32
DEBUG: src/lcthw/hashmap.c:Hashmap_get_node:205: TRY: 33
DEBUG: src/lcthw/hashmap.c:Hashmap_get_node:205: TRY: 34
DEBUG: src/lcthw/hashmap.c:Hashmap_get_node:205: TRY: 35
DEBUG: src/lcthw/hashmap.c:Hashmap_get_node:205: TRY: 36
DEBUG: src/lcthw/hashmap.c:Hashmap_get_node:205: TRY: 37
DEBUG: src/lcthw/hashmap.c:Hashmap_get_node:205: TRY: 38
DEBUG: src/lcthw/hashmap.c:Hashmap_get_node:205: TRY: 39
DEBUG: src/lcthw/hashmap.c:Hashmap_get_node:205: TRY: 40
DEBUG: src/lcthw/hashmap.c:Hashmap_get_node:205: TRY: 41
DEBUG: src/lcthw/hashmap.c:Hashmap_get_node:205: TRY: 42
DEBUG: src/lcthw/hashmap.c:Hashmap_get_node:205: TRY: 43
DEBUG: src/lcthw/hashmap.c:Hashmap_get_node:205: TRY: 44
DEBUG: src/lcthw/hashmap.c:Hashmap_get_node:205: TRY: 45
DEBUG: src/lcthw/hashmap.c:Hashmap_get_node:205: TRY: 46
DEBUG: src/lcthw/hashmap.c:Hashmap_get_node:205: TRY: 47
DEBUG: src/lcthw/hashmap.c:Hashmap_get_node:205: TRY: 48
DEBUG: src/lcthw/hashmap.c:Hashmap_get_node:205: TRY: 49
DEBUG: src/lcthw/hashmap.c:Hashmap_get_node:205: TRY: 50
DEBUG: src/lcthw/hashmap.c:Hashmap_get_node:205: TRY: 51
DEBUG: src/lcthw/hashmap.c:Hashmap_get_node:205: TRY: 52
DEBUG: src/lcthw/hashmap.c:Hashmap_get_node:205: TRY: 53
DEBUG: src/lcthw/hashmap.c:Hashmap_get_node:205: TRY: 54
DEBUG: src/lcthw/hashmap.c:Hashmap_get_node:205: TRY: 55
DEBUG: src/lcthw/hashmap.c:Hashmap_get_node:205: TRY: 56
DEBUG: src/lcthw/hashmap.c:Hashmap_get_node:205: TRY: 57
DEBUG: src/lcthw/hashmap.c:Hashmap_get_node:205: TRY: 58
DEBUG: src/lcthw/hashmap.c:Hashmap_get_node:205: TRY: 0
DEBUG: src/lcthw/hashmap.c:Hashmap_get_node:205: TRY: 1
DEBUG: src/lcthw/hashmap.c:Hashmap_get_node:205: TRY: 2
DEBUG: src/lcthw/hashmap.c:Hashmap_get_node:205: TRY: 3
DEBUG: src/lcthw/hashmap.c:Hashmap_get_node:205: TRY: 4
DEBUG: src/lcthw/hashmap.c:Hashmap_get_node:205: TRY: 5
DEBUG: src/lcthw/hashmap.c:Hashmap_get_node:205: TRY: 6
DEBUG: src/lcthw/hashmap.c:Hashmap_get_node:205: TRY: 7
DEBUG: src/lcthw/hashmap.c:Hashmap_get_node:205: TRY: 8
DEBUG: src/lcthw/hashmap.c:Hashmap_get_node:205: TRY: 9
DEBUG: src/lcthw/hashmap.c:Hashmap_get_node:205: TRY: 10
DEBUG: src/lcthw/hashmap.c:Hashmap_get_node:205: TRY: 11
DEBUG: src/lcthw/hashmap.c:Hashmap_get_node:205: TRY: 12
DEBUG: src/lcthw/hashmap.c:Hashmap_get_node:205: TRY: 13
DEBUG: src/lcthw/hashmap.c:Hashmap_get_node:205: TRY: 14
DEBUG: src/lcthw/hashmap.c:Hashmap_get_node:205: TRY: 15
DEBUG: src/lcthw/hashmap.c:Hashmap_get_node:205: TRY: 16
DEBUG: src/lcthw/hashmap.c:Hashmap_get_node:205: TRY: 17
DEBUG: src/lcthw/hashmap.c:Hashmap_get_node:205: TRY: 18
DEBUG: src/lcthw/hashmap.c:Hashmap_get_node:205: TRY: 19
DEBUG: src/lcthw/hashmap.c:Hashmap_get_node:205: TRY: 20
DEBUG: src/lcthw/hashmap.c:Hashmap_get_node:205: TRY: 21
DEBUG: src/lcthw/hashmap.c:Hashmap_get_node:205: TRY: 22
DEBUG: src/lcthw/hashmap.c:Hashmap_get_node:205: TRY: 23
DEBUG: src/lcthw/hashmap.c:Hashmap_get_node:205: TRY: 24
DEBUG: src/lcthw/hashmap.c:Hashmap_get_node:205: TRY: 25
DEBUG: src/lcthw/hashmap.c:Hashmap_get_node:205: TRY: 26
DEBUG: src/lcthw/hashmap.c:Hashmap_get_node:205: TRY: 27
DEBUG: src/lcthw/hashmap.c:Hashmap_get_node:205: TRY: 28
DEBUG: src/lcthw/hashmap.c:Hashmap_get_node:205: TRY: 29
DEBUG: src/lcthw/hashmap.c:Hashmap_get_node:205: TRY: 30
DEBUG: src/lcthw/hashmap.c:Hashmap_get_node:205: TRY: 31
DEBUG: src/lcthw/hashmap.c:Hashmap_get_node:205: TRY: 32
DEBUG: src/lcthw/hashmap.c:Hashmap_get_node:205: TRY: 33
DEBUG: src/lcthw/hashmap.c:Hashmap_get_node:205: TRY: 34
DEBUG: src/lcthw/hashmap.c:Hashmap_get_node:205: TRY: 35
DEBUG: src/lcthw/hashmap.c:Hashmap_get_node:205: TRY: 36
DEBUG: src/lcthw/hashmap.c:Hashmap_get_node:205: TRY: 37
DEBUG: src/lcthw/hashmap.c:Hashmap_get_node:205: TRY: 38
DEBUG: src/lcthw/hashmap.c:Hashmap_get_node:205: TRY: 39
DEBUG: src/lcthw/hashmap.c:Hashmap_get_node:205: TRY: 40
DEBUG: src/lcthw/hashmap.c:Hashmap_get_node:205: TRY: 41
DEBUG: src/lcthw/hashmap.c:Hashmap_get_node:205: TRY: 42
DEBUG: src/lcthw/hashmap.c:Hashmap_get_node:205: TRY: 43
DEBUG: src/lcthw/hashmap.c:Hashmap_get_node:205: TRY: 44
DEBUG: src/lcthw/hashmap.c:Hashmap_get_node:205: TRY: 45
DEBUG: src/lcthw/hashmap.c:Hashmap_get_node:205: TRY: 46
DEBUG: src/lcthw/hashmap.c:Hashmap_get_node:205: TRY: 47
DEBUG: src/lcthw/hashmap.c:Hashmap_get_node:205: TRY: 48
DEBUG: src/lcthw/hashmap.c:Hashmap_get_node:205: TRY: 49
DEBUG: src/lcthw/hashmap.c:Hashmap_get_node:205: TRY: 50
DEBUG: src/lcthw/hashmap.c:Hashmap_get_node:205: TRY: 51
DEBUG: src/lcthw/hashmap.c:Hashmap_get_node:205: TRY: 52
DEBUG: src/lcthw/hashmap.c:Hashmap_get_node:205: TRY: 53
DEBUG: src/lcthw/hashmap.c:Hashmap_get_node:205: TRY: 54
DEBUG: src/lcthw/hashmap.c:Hashmap_get_node:205: TRY: 55
DEBUG: src/lcthw/hashmap.c:Hashmap_get_node:205: TRY: 56
DEBUG: src/lcthw/hashmap.c:Hashmap_get_node:205: TRY: 57
DEBUG: src/lcthw/hashmap.c:Hashmap_get_node:205: TRY: 58
DEBUG: src/lcthw/hashmap.c:Hashmap_get_node:205: TRY: 59
DEBUG: src/lcthw/hashmap.c:Hashmap_get_node:205: TRY: 60
DEBUG: src/lcthw/hashmap.c:Hashmap_get_node:205: TRY: 61
DEBUG: src/lcthw/hashmap.c:Hashmap_get_node:205: TRY: 0
DEBUG: src/lcthw/hashmap.c:Hashmap_get_node:205: TRY: 1
DEBUG: src/lcthw/hashmap.c:Hashmap_get_node:205: TRY: 2
DEBUG: src/lcthw/hashmap.c:Hashmap_get_node:205: TRY: 3
DEBUG: src/lcthw/hashmap.c:Hashmap_get_node:205: TRY: 4
DEBUG: src/lcthw/hashmap.c:Hashmap_get_node:205: TRY: 5
DEBUG: src/lcthw/hashmap.c:Hashmap_get_node:205: TRY: 6
DEBUG: src/lcthw/hashmap.c:Hashmap_get_node:205: TRY: 7
DEBUG: src/lcthw/hashmap.c:Hashmap_get_node:205: TRY: 8
DEBUG: src/lcthw/hashmap.c:Hashmap_get_node:205: TRY: 9
DEBUG: src/lcthw/hashmap.c:Hashmap_get_node:205: TRY: 10
DEBUG: src/lcthw/hashmap.c:Hashmap_get_node:205: TRY: 11
DEBUG: src/lcthw/hashmap.c:Hashmap_get_node:205: TRY: 12
DEBUG: src/lcthw/hashmap.c:Hashmap_get_node:205: TRY: 13
DEBUG: src/lcthw/hashmap.c:Hashmap_get_node:205: TRY: 14
DEBUG: src/lcthw/hashmap.c:Hashmap_get_node:205: TRY: 15
DEBUG: src/lcthw/hashmap.c:Hashmap_get_node:205: TRY: 16
DEBUG: src/lcthw/hashmap.c:Hashmap_get_node:205: TRY: 17
DEBUG: src/lcthw/hashmap.c:Hashmap_get_node:205: TRY: 18
DEBUG: src/lcthw/hashmap.c:Hashmap_get_node:205: TRY: 19
DEBUG: src/lcthw/hashmap.c:Hashmap_get_node:205: TRY: 20
DEBUG: src/lcthw/hashmap.c:Hashmap_get_node:205: TRY: 21
DEBUG: src/lcthw/hashmap.c:Hashmap_get_node:205: TRY: 22
DEBUG: src/lcthw/hashmap.c:Hashmap_get_node:205: TRY: 23
DEBUG: src/lcthw/hashmap.c:Hashmap_get_node:205: TRY: 24
DEBUG: src/lcthw/hashmap.c:Hashmap_get_node:205: TRY: 25
DEBUG: src/lcthw/hashmap.c:Hashmap_get_node:205: TRY: 26
DEBUG: src/lcthw/hashmap.c:Hashmap_get_node:205: TRY: 27
DEBUG: src/lcthw/hashmap.c:Hashmap_get_node:205: TRY: 28
DEBUG: src/lcthw/hashmap.c:Hashmap_get_node:205: TRY: 29
DEBUG: src/lcthw/hashmap.c:Hashmap_get_node:205: TRY: 30
DEBUG: src/lcthw/hashmap.c:Hashmap_get_node:205: TRY: 31
DEBUG: src/lcthw/hashmap.c:Hashmap_get_node:205: TRY: 32
DEBUG: src/lcthw/hashmap.c:Hashmap_get_node:205: TRY: 33
DEBUG: src/lcthw/hashmap.c:Hashmap_get_node:205: TRY: 34
DEBUG: src/lcthw/hashmap.c:Hashmap_get_node:205: TRY: 35
DEBUG: src/lcthw/hashmap.c:Hashmap_get_node:205: TRY: 36
DEBUG: src/lcthw/hashmap.c:Hashmap_get_node:205: TRY: 37
DEBUG: src/lcthw/hashmap.c:Hashmap_get_node:205: TRY: 38
DEBUG: src/lcthw/hashmap.c:Hashmap_get_node:205: TRY: 39
DEBUG: src/lcthw/hashmap.c:Hashmap_get_node:205: TRY: 40
DEBUG: src/lcthw/hashmap.c:Hashmap_get_node:205: TRY: 41
DEBUG: src/lcthw/hashmap.c:Hashmap_get_node:205: TRY: 42
DEBUG: src/lcthw/hashmap.c:Hashmap_get_node:205: TRY: 43
DEBUG: src/lcthw/hashmap.c:Hashmap_get_node:205: TRY: 44
DEBUG: src/lcthw/hashmap.c:Hashmap_get_node:205: TRY: 45
DEBUG: src/lcthw/hashmap.c:Hashmap_get_node:205: TRY: 46
DEBUG: src/lcthw/hashmap.c:Hashmap_get_node:205: TRY: 47
DEBUG: src/lcthw/hashmap.c:Hashmap_get_node:205: TRY: 48
DEBUG: src/lcthw/hashmap.c:Hashmap_get_node:205: TRY: 49
DEBUG: src/lcthw/hashmap.c:Hashmap_get_node:205: TRY: 50
DEBUG: src/lcthw/hashmap.c:Hashmap_get_node:205: TRY: 51
DEBUG: src/lcthw/hashmap.c:Hashmap_get_node:205: TRY: 52
DEBUG: src/lcthw/hashmap.c:Hashmap_get_node:205: TRY: 53
DEBUG: src/lcthw/hashmap.c:Hashmap_get_node:205: TRY: 54
DEBUG: src/lcthw/hashmap.c:Hashmap_get_node:205: TRY: 55
DEBUG: src/lcthw/hashmap.c:Hashmap_get_node:205: TRY: 56
DEBUG: src/lcthw/hashmap.c:Hashmap_get_node:205: TRY: 57
DEBUG: src/lcthw/hashmap.c:Hashmap_get_node:205: TRY: 58
DEBUG: src/lcthw/hashmap.c:Hashmap_get_node:205: TRY: 59
DEBUG: src/lcthw/hashmap.c:Hashmap_get_node:205: TRY: 60
DEBUG: src/lcthw/hashmap.c:Hashmap_get_node:205: TRY: 61
DEBUG: src/lcthw/hashmap.c:Hashmap_get_node:205: TRY: 62
DEBUG: src/lcthw/hashmap.c:Hashmap_get_node:205: TRY: 63
DEBUG: src/lcthw/hashmap.c:Hashmap_get_node:205: TRY: 64
DEBUG: src/lcthw/hashmap.c:Hashmap_get_node:205: TRY: 65
DEBUG: src/lcthw/hashmap.c:Hashmap_get_node:205: TRY: 66
DEBUG: src/lcthw/hashmap.c:Hashmap_get_node:205: TRY: 0
DEBUG: src/lcthw/hashmap.c:Hashmap_get_node:205: TRY: 1
DEBUG: src/lcthw/hashmap.c:Hashmap_get_node:205: TRY: 2
DEBUG: src/lcthw/hashmap.c:Hashmap_get_node:205: TRY: 3
DEBUG: src/lcthw/hashmap.c:Hashmap_get_node:205: TRY: 4
DEBUG: src/lcthw/hashmap.c:Hashmap_get_node:205: TRY: 5
DEBUG: src/lcthw/hashmap.c:Hashmap_get_node:205: TRY: 6
DEBUG: src/lcthw/hashmap.c:Hashmap_get_node:205: TRY: 7
DEBUG: src/lcthw/hashmap.c:Hashmap_get_node:205: TRY: 8
DEBUG: src/lcthw/hashmap.c:Hashmap_get_node:205: TRY: 9
DEBUG: src/lcthw/hashmap.c:Hashmap_get_node:205: TRY: 10
DEBUG: src/lcthw/hashmap.c:Hashmap_get_node:205: TRY: 11
DEBUG: src/lcthw/hashmap.c:Hashmap_get_node:205: TRY: 12
DEBUG: src/lcthw/hashmap.c:Hashmap_get_node:205: TRY: 13
DEBUG: src/lcthw/hashmap.c:Hashmap_get_node:205: TRY: 14
DEBUG: src/lcthw/hashmap.c:Hashmap_get_node:205: TRY: 15
DEBUG: src/lcthw/hashmap.c:Hashmap_get_node:205: TRY: 16
DEBUG: src/lcthw/hashmap.c:Hashmap_get_node:205: TRY: 17
DEBUG: src/lcthw/hashmap.c:Hashmap_get_node:205: TRY: 18
DEBUG: src/lcthw/hashmap.c:Hashmap_get_node:205: TRY: 19
DEBUG: src/lcthw/hashmap.c:Hashmap_get_node:205: TRY: 20
DEBUG: src/lcthw/hashmap.c:Hashmap_get_node:205: TRY: 21
DEBUG: src/lcthw/hashmap.c:Hashmap_get_node:205: TRY: 22
DEBUG: src/lcthw/hashmap.c:Hashmap_get_node:205: TRY: 23
DEBUG: src/lcthw/hashmap.c:Hashmap_get_node:205: TRY: 24
DEBUG: src/lcthw/hashmap.c:Hashmap_get_node:205: TRY: 25
DEBUG: src/lcthw/hashmap.c:Hashmap_get_node:205: TRY: 26
DEBUG: src/lcthw/hashmap.c:Hashmap_get_node:205: TRY: 27
DEBUG: src/lcthw/hashmap.c:Hashmap_get_node:205: TRY: 28
DEBUG: src/lcthw/hashmap.c:Hashmap_get_node:205: TRY: 29
DEBUG: src/lcthw/hashmap.c:Hashmap_get_node:205: TRY: 30
DEBUG: src/lcthw/hashmap.c:Hashmap_get_node:205: TRY: 31
DEBUG: src/lcthw/hashmap.c:Hashmap_get_node:205: TRY: 32
DEBUG: src/lcthw/hashmap.c:Hashmap_get_node:205: TRY: 33
DEBUG: src/lcthw/hashmap.c:Hashmap_get_node:205: TRY: 34
DEBUG: src/lcthw/hashmap.c:Hashmap_get_node:205: TRY: 35
DEBUG: src/lcthw/hashmap.c:Hashmap_get_node:205: TRY: 36
DEBUG: src/lcthw/hashmap.c:Hashmap_get_node:205: TRY: 37
DEBUG: src/lcthw/hashmap.c:Hashmap_get_node:205: TRY: 38
DEBUG: src/lcthw/hashmap.c:Hashmap_get_node:205: TRY: 39
DEBUG: src/lcthw/hashmap.c:Hashmap_get_node:205: TRY: 40
DEBUG: src/lcthw/hashmap.c:Hashmap_get_node:205: TRY: 41
DEBUG: src/lcthw/hashmap.c:Hashmap_get_node:205: TRY: 42
DEBUG: src/lcthw/hashmap.c:Hashmap_get_node:205: TRY: 43
DEBUG: src/lcthw/hashmap.c:Hashmap_get_node:205: TRY: 44
DEBUG: src/lcthw/hashmap.c:Hashmap_get_node:205: TRY: 45
DEBUG: src/lcthw/hashmap.c:Hashmap_get_node:205: TRY: 46
DEBUG: src/lcthw/hashmap.c:Hashmap_get_node:205: TRY: 47
DEBUG: src/lcthw/hashmap.c:Hashmap_get_node:205: TRY: 48
DEBUG: src/lcthw/hashmap.c:Hashmap_get_node:205: TRY: 49
DEBUG: src/lcthw/hashmap.c:Hashmap_get_node:205: TRY: 50
DEBUG: src/lcthw/hashmap.c:Hashmap_get_node:205: TRY: 51
DEBUG: src/lcthw/hashmap.c:Hashmap_get_node:205: TRY: 52
DEBUG: src/lcthw/hashmap.c:Hashmap_get_node:205: TRY: 53
DEBUG: src/lcthw/hashmap.c:Hashmap_get_node:205: TRY: 54
DEBUG: src/lcthw/hashmap.c:Hashmap_get_node:205: TRY: 55
DEBUG: src/lcthw/hashmap.c:Hashmap_get_node:205: TRY: 56
DEBUG: src/lcthw/hashmap.c:Hashmap_get_node:205: TRY: 57
DEBUG: src/lcthw/hashmap.c:Hashmap_get_node:205: TRY: 58
DEBUG: src/lcthw/hashmap.c:Hashmap_get_node:205: TRY: 59
DEBUG: src/lcthw/hashmap.c:Hashmap_get_node:205: TRY: 60
DEBUG: src/lcthw/hashmap.c:Hashmap_get_node:205: TRY: 61
DEBUG: src/lcthw/hashmap.c:Hashmap_get_node:205: TRY: 62
DEBUG: src/lcthw/hashmap.c:Hashmap_get_node:205: TRY: 63
DEBUG: src/lcthw/hashmap.c:Hashmap_get_node:205: TRY: 64
DEBUG: src/lcthw/hashmap.c:Hashmap_get_node:205: TRY: 65
DEBUG: src/lcthw/hashmap.c:Hashmap_get_node:205: TRY: 66
DEBUG: src/lcthw/hashmap.c:Hashmap_get_node:205: TRY: 67
DEBUG: src/lcthw/hashmap.c:Hashmap_get_node:205: TRY: 0
DEBUG: src/lcthw/hashmap.c:Hashmap_get_node:205: TRY: 1
DEBUG: src/lcthw/hashmap.c:Hashmap_get_node:205: TRY: 2
DEBUG: src/lcthw/hashmap.c:Hashmap_get_node:205: TRY: 3
DEBUG: src/lcthw/hashmap.c:Hashmap_get_node:205: TRY: 4
DEBUG: src/lcthw/hashmap.c:Hashmap_get_node:205: TRY: 5
DEBUG: src/lcthw/hashmap.c:Hashmap_get_node:205: TRY: 6
DEBUG: src/lcthw/hashmap.c:Hashmap_get_node:205: TRY: 7
DEBUG: src/lcthw/hashmap.c:Hashmap_get_node:205: TRY: 8
DEBUG: src/lcthw/hashmap.c:Hashmap_get_node:205: TRY: 9
DEBUG: src/lcthw/hashmap.c:Hashmap_get_node:205: TRY: 10
DEBUG: src/lcthw/hashmap.c:Hashmap_get_node:205: TRY: 11
DEBUG: src/lcthw/hashmap.c:Hashmap_get_node:205: TRY: 12
DEBUG: src/lcthw/hashmap.c:Hashmap_get_node:205: TRY: 13
DEBUG: src/lcthw/hashmap.c:Hashmap_get_node:205: TRY: 14
DEBUG: src/lcthw/hashmap.c:Hashmap_get_node:205: TRY: 15
DEBUG: src/lcthw/hashmap.c:Hashmap_get_node:205: TRY: 16
DEBUG: src/lcthw/hashmap.c:Hashmap_get_node:205: TRY: 17
DEBUG: src/lcthw/hashmap.c:Hashmap_get_node:205: TRY: 18
DEBUG: src/lcthw/hashmap.c:Hashmap_get_node:205: TRY: 19
DEBUG: src/lcthw/hashmap.c:Hashmap_get_node:205: TRY: 20
DEBUG: src/lcthw/hashmap.c:Hashmap_get_node:205: TRY: 21
DEBUG: src/lcthw/hashmap.c:Hashmap_get_node:205: TRY: 22
DEBUG: src/lcthw/hashmap.c:Hashmap_get_node:205: TRY: 23
DEBUG: src/lcthw/hashmap.c:Hashmap_get_node:205: TRY: 24
DEBUG: src/lcthw/hashmap.c:Hashmap_get_node:205: TRY: 25
DEBUG: src/lcthw/hashmap.c:Hashmap_get_node:205: TRY: 26
DEBUG: src/lcthw/hashmap.c:Hashmap_get_node:205: TRY: 27
DEBUG: src/lcthw/hashmap.c:Hashmap_get_node:205: TRY: 28
DEBUG: src/lcthw/hashmap.c:Hashmap_get_node:205: TRY: 29
DEBUG: src/lcthw/hashmap.c:Hashmap_get_node:205: TRY: 30
DEBUG: src/lcthw/hashmap.c:Hashmap_get_node:205: TRY: 31
DEBUG: src/lcthw/hashmap.c:Hashmap_get_node:205: TRY: 32
DEBUG: src/lcthw/hashmap.c:Hashmap_get_node:205: TRY: 33
DEBUG: src/lcthw/hashmap.c:Hashmap_get_node:205: TRY: 34
DEBUG: src/lcthw/hashmap.c:Hashmap_get_node:205: TRY: 35
DEBUG: src/lcthw/hashmap.c:Hashmap_get_node:205: TRY: 36
DEBUG: src/lcthw/hashmap.c:Hashmap_get_node:205: TRY: 37
DEBUG: src/lcthw/hashmap.c:Hashmap_get_node:205: TRY: 38
DEBUG: src/lcthw/hashmap.c:Hashmap_get_node:205: TRY: 39
DEBUG: src/lcthw/hashmap.c:Hashmap_get_node:205: TRY: 40
DEBUG: src/lcthw/hashmap.c:Hashmap_get_node:205: TRY: 41
DEBUG: src/lcthw/hashmap.c:Hashmap_get_node:205: TRY: 42
DEBUG: src/lcthw/hashmap.c:Hashmap_get_node:205: TRY: 43
DEBUG: src/lcthw/hashmap.c:Hashmap_get_node:205: TRY: 44
DEBUG: src/lcthw/hashmap.c:Hashmap_get_node:205: TRY: 45
DEBUG: src/lcthw/hashmap.c:Hashmap_get_node:205: TRY: 46
DEBUG: src/lcthw/hashmap.c:Hashmap_get_node:205: TRY: 47
DEBUG: src/lcthw/hashmap.c:Hashmap_get_node:205: TRY: 48
DEBUG: src/lcthw/hashmap.c:Hashmap_get_node:205: TRY: 49
DEBUG: src/lcthw/hashmap.c:Hashmap_get_node:205: TRY: 50
DEBUG: src/lcthw/hashmap.c:Hashmap_get_node:205: TRY: 51
DEBUG: src/lcthw/hashmap.c:Hashmap_get_node:205: TRY: 52
DEBUG: src/lcthw/hashmap.c:Hashmap_get_node:205: TRY: 53
DEBUG: src/lcthw/hashmap.c:Hashmap_get_node:205: TRY: 54
DEBUG: src/lcthw/hashmap.c:Hashmap_get_node:205: TRY: 55
DEBUG: src/lcthw/hashmap.c:Hashmap_get_node:205: TRY: 56
DEBUG: src/lcthw/hashmap.c:Hashmap_get_node:205: TRY: 57
DEBUG: src/lcthw/hashmap.c:Hashmap_get_node:205: TRY: 58
DEBUG: src/lcthw/hashmap.c:Hashmap_get_node:205: TRY: 59
DEBUG: src/lcthw/hashmap.c:Hashmap_get_node:205: TRY: 60
DEBUG: src/lcthw/hashmap.c:Hashmap_get_node:205: TRY: 61
DEBUG: src/lcthw/hashmap.c:Hashmap_get_node:205: TRY: 62
DEBUG: src/lcthw/hashmap.c:Hashmap_get_node:205: TRY: 63
DEBUG: src/lcthw/hashmap.c:Hashmap_get_node:205: TRY: 64
DEBUG: src/lcthw/hashmap.c:Hashmap_get_node:205: TRY: 65
DEBUG: src/lcthw/hashmap.c:Hashmap_get_node:205: TRY: 0
DEBUG: src/lcthw/hashmap.c:Hashmap_get_node:205: TRY: 1
DEBUG: src/lcthw/hashmap.c:Hashmap_get_node:205: TRY: 2
DEBUG: src/lcthw/hashmap.c:Hashmap_get_node:205: TRY: 3
DEBUG: src/lcthw/hashmap.c:Hashmap_get_node:205: TRY: 4
DEBUG: src/lcthw/hashmap.c:Hashmap_get_node:205: TRY: 5
DEBUG: src/lcthw/hashmap.c:Hashmap_get_node:205: TRY: 6
DEBUG: src/lcthw/hashmap.c:Hashmap_get_node:205: TRY: 7
DEBUG: src/lcthw/hashmap.c:Hashmap_get_node:205: TRY: 8
DEBUG: src/lcthw/hashmap.c:Hashmap_get_node:205: TRY: 9
DEBUG: src/lcthw/hashmap.c:Hashmap_get_node:205: TRY: 10
DEBUG: src/lcthw/hashmap.c:Hashmap_get_node:205: TRY: 11
DEBUG: src/lcthw/hashmap.c:Hashmap_get_node:205: TRY: 12
DEBUG: src/lcthw/hashmap.c:Hashmap_get_node:205: TRY: 13
DEBUG: src/lcthw/hashmap.c:Hashmap_get_node:205: TRY: 14
DEBUG: src/lcthw/hashmap.c:Hashmap_get_node:205: TRY: 15
DEBUG: src/lcthw/hashmap.c:Hashmap_get_node:205: TRY: 16
DEBUG: src/lcthw/hashmap.c:Hashmap_get_node:205: TRY: 17
DEBUG: src/lcthw/hashmap.c:Hashmap_get_node:205: TRY: 18
DEBUG: src/lcthw/hashmap.c:Hashmap_get_node:205: TRY: 19
DEBUG: src/lcthw/hashmap.c:Hashmap_get_node:205: TRY: 20
DEBUG: src/lcthw/hashmap.c:Hashmap_get_node:205: TRY: 21
DEBUG: src/lcthw/hashmap.c:Hashmap_get_node:205: TRY: 22
DEBUG: src/lcthw/hashmap.c:Hashmap_get_node:205: TRY: 23
DEBUG: src/lcthw/hashmap.c:Hashmap_get_node:205: TRY: 24
DEBUG: src/lcthw/hashmap.c:Hashmap_get_node:205: TRY: 25
DEBUG: src/lcthw/hashmap.c:Hashmap_get_node:205: TRY: 26
DEBUG: src/lcthw/hashmap.c:Hashmap_get_node:205: TRY: 27
DEBUG: src/lcthw/hashmap.c:Hashmap_get_node:205: TRY: 28
DEBUG: src/lcthw/hashmap.c:Hashmap_get_node:205: TRY: 29
DEBUG: src/lcthw/hashmap.c:Hashmap_get_node:205: TRY: 30
DEBUG: src/lcthw/hashmap.c:Hashmap_get_node:205: TRY: 31
DEBUG: src/lcthw/hashmap.c:Hashmap_get_node:205: TRY: 32
DEBUG: src/lcthw/hashmap.c:Hashmap_get_node:205: TRY: 33
DEBUG: src/lcthw/hashmap.c:Hashmap_get_node:205: TRY: 34
DEBUG: src/lcthw/hashmap.c:Hashmap_get_node:205: TRY: 35
DEBUG: src/lcthw/hashmap.c:Hashmap_get_node:205: TRY: 36
DEBUG: src/lcthw/hashmap.c:Hashmap_get_node:205: TRY: 37
DEBUG: src/lcthw/hashmap.c:Hashmap_get_node:205: TRY: 38
DEBUG: src/lcthw/hashmap.c:Hashmap_get_node:205: TRY: 39
DEBUG: src/lcthw/hashmap.c:Hashmap_get_node:205: TRY: 40
DEBUG: src/lcthw/hashmap.c:Hashmap_get_node:205: TRY: 41
DEBUG: src/lcthw/hashmap.c:Hashmap_get_node:205: TRY: 42
DEBUG: src/lcthw/hashmap.c:Hashmap_get_node:205: TRY: 43
DEBUG: src/lcthw/hashmap.c:Hashmap_get_node:205: TRY: 44
DEBUG: src/lcthw/hashmap.c:Hashmap_get_node:205: TRY: 45
DEBUG: src/lcthw/hashmap.c:Hashmap_get_node:205: TRY: 46
DEBUG: src/lcthw/hashmap.c:Hashmap_get_node:205: TRY: 47
DEBUG: src/lcthw/hashmap.c:Hashmap_get_node:205: TRY: 48
DEBUG: src/lcthw/hashmap.c:Hashmap_get_node:205: TRY: 49
DEBUG: src/lcthw/hashmap.c:Hashmap_get_node:205: TRY: 50
DEBUG: src/lcthw/hashmap.c:Hashmap_get_node:205: TRY: 51
DEBUG: src/lcthw/hashmap.c:Hashmap_get_node:205: TRY: 52
DEBUG: src/lcthw/hashmap.c:Hashmap_get_node:205: TRY: 53
DEBUG: src/lcthw/hashmap.c:Hashmap_get_node:205: TRY: 54
DEBUG: src/lcthw/hashmap.c:Hashmap_get_node:205: TRY: 55
DEBUG: src/lcthw/hashmap.c:Hashmap_get_node:205: TRY: 56
DEBUG: src/lcthw/hashmap.c:Hashmap_get_node:205: TRY: 57
DEBUG: src/lcthw/hashmap.c:Hashmap_get_node:205: TRY: 58
DEBUG: src/lcthw/hashmap.c:Hashmap_get_node:205: TRY: 59
DEBUG: src/lcthw/hashmap.c:Hashmap_get_node:205: TRY: 60
DEBUG: src/lcthw/hashmap.c:Hashmap_get_node:205: TRY: 61
DEBUG: src/lcthw/hashmap.c:Hashmap_get_node:205: TRY: 62
DEBUG: src/lcthw/hashmap.c:Hashmap_get_node:205: TRY: 63
DEBUG: src/lcthw/hashmap.c:Hashmap_get_node:205: TRY: 64
DEBUG: src/lcthw/hashmap.c:Hashmap_get_node:205: TRY: 65
DEBUG: src/lcthw/hashmap.c:Hashmap_get_node:205: TRY: 66
DEBUG: src/lcthw/hashmap.c:Hashmap_get_node:205: TRY: 67
DEBUG: src/lcthw/hashmap.c:Hashmap_get_node:205: TRY: 68
DEBUG: src/lcthw/hashmap.c:Hashmap_get_node:205: TRY: 69
DEBUG: src/lcthw/hashmap.c:Hashmap_get_node:205: TRY: 70
DEBUG: src/lcthw/hashmap.c:Hashmap_get_node:205: TRY: 71
DEBUG: src/lcthw/hashmap.c:Hashmap_get_node:205: TRY: 72
DEBUG: src/lcthw/hashmap.c:Hashmap_get_node:205: TRY: 73
DEBUG: src/lcthw/hashmap.c:Hashmap_get_node:205: TRY: 74
DEBUG: src/lcthw/hashmap.c:Hashmap_get_node:205: TRY: 0
DEBUG: src/lcthw/hashmap.c:Hashmap_get_node:205: TRY: 1
DEBUG: src/lcthw/hashmap.c:Hashmap_get_node:205: TRY: 2
DEBUG: src/lcthw/hashmap.c:Hashmap_get_node:205: TRY: 3
DEBUG: src/lcthw/hashmap.c:Hashmap_get_node:205: TRY: 4
DEBUG: src/lcthw/hashmap.c:Hashmap_get_node:205: TRY: 5
DEBUG: src/lcthw/hashmap.c:Hashmap_get_node:205: TRY: 6
DEBUG: src/lcthw/hashmap.c:Hashmap_get_node:205: TRY: 7
DEBUG: src/lcthw/hashmap.c:Hashmap_get_node:205: TRY: 8
DEBUG: src/lcthw/hashmap.c:Hashmap_get_node:205: TRY: 9
DEBUG: src/lcthw/hashmap.c:Hashmap_get_node:205: TRY: 10
DEBUG: src/lcthw/hashmap.c:Hashmap_get_node:205: TRY: 11
DEBUG: src/lcthw/hashmap.c:Hashmap_get_node:205: TRY: 12
DEBUG: src/lcthw/hashmap.c:Hashmap_get_node:205: TRY: 13
DEBUG: src/lcthw/hashmap.c:Hashmap_get_node:205: TRY: 14
DEBUG: src/lcthw/hashmap.c:Hashmap_get_node:205: TRY: 15
DEBUG: src/lcthw/hashmap.c:Hashmap_get_node:205: TRY: 16
DEBUG: src/lcthw/hashmap.c:Hashmap_get_node:205: TRY: 17
DEBUG: src/lcthw/hashmap.c:Hashmap_get_node:205: TRY: 18
DEBUG: src/lcthw/hashmap.c:Hashmap_get_node:205: TRY: 19
DEBUG: src/lcthw/hashmap.c:Hashmap_get_node:205: TRY: 20
DEBUG: src/lcthw/hashmap.c:Hashmap_get_node:205: TRY: 21
DEBUG: src/lcthw/hashmap.c:Hashmap_get_node:205: TRY: 22
DEBUG: src/lcthw/hashmap.c:Hashmap_get_node:205: TRY: 23
DEBUG: src/lcthw/hashmap.c:Hashmap_get_node:205: TRY: 24
DEBUG: src/lcthw/hashmap.c:Hashmap_get_node:205: TRY: 25
DEBUG: src/lcthw/hashmap.c:Hashmap_get_node:205: TRY: 26
DEBUG: src/lcthw/hashmap.c:Hashmap_get_node:205: TRY: 27
DEBUG: src/lcthw/hashmap.c:Hashmap_get_node:205: TRY: 28
DEBUG: src/lcthw/hashmap.c:Hashmap_get_node:205: TRY: 29
DEBUG: src/lcthw/hashmap.c:Hashmap_get_node:205: TRY: 30
DEBUG: src/lcthw/hashmap.c:Hashmap_get_node:205: TRY: 31
DEBUG: src/lcthw/hashmap.c:Hashmap_get_node:205: TRY: 32
DEBUG: src/lcthw/hashmap.c:Hashmap_get_node:205: TRY: 33
DEBUG: src/lcthw/hashmap.c:Hashmap_get_node:205: TRY: 34
DEBUG: src/lcthw/hashmap.c:Hashmap_get_node:205: TRY: 35
DEBUG: src/lcthw/hashmap.c:Hashmap_get_node:205: TRY: 36
DEBUG: src/lcthw/hashmap.c:Hashmap_get_node:205: TRY: 37
DEBUG: src/lcthw/hashmap.c:Hashmap_get_node:205: TRY: 38
DEBUG: src/lcthw/hashmap.c:Hashmap_get_node:205: TRY: 39
DEBUG: src/lcthw/hashmap.c:Hashmap_get_node:205: TRY: 40
DEBUG: src/lcthw/hashmap.c:Hashmap_get_node:205: TRY: 41
DEBUG: src/lcthw/hashmap.c:Hashmap_get_node:205: TRY: 42
DEBUG: src/lcthw/hashmap.c:Hashmap_get_node:205: TRY: 43
DEBUG: src/lcthw/hashmap.c:Hashmap_get_node:205: TRY: 44
DEBUG: src/lcthw/hashmap.c:Hashmap_get_node:205: TRY: 45
DEBUG: src/lcthw/hashmap.c:Hashmap_get_node:205: TRY: 46
DEBUG: src/lcthw/hashmap.c:Hashmap_get_node:205: TRY: 47
DEBUG: src/lcthw/hashmap.c:Hashmap_get_node:205: TRY: 48
DEBUG: src/lcthw/hashmap.c:Hashmap_get_node:205: TRY: 49
DEBUG: src/lcthw/hashmap.c:Hashmap_get_node:205: TRY: 50
DEBUG: src/lcthw/hashmap.c:Hashmap_get_node:205: TRY: 51
DEBUG: src/lcthw/hashmap.c:Hashmap_get_node:205: TRY: 52
DEBUG: src/lcthw/hashmap.c:Hashmap_get_node:205: TRY: 53
DEBUG: src/lcthw/hashmap.c:Hashmap_get_node:205: TRY: 54
DEBUG: src/lcthw/hashmap.c:Hashmap_get_node:205: TRY: 55
DEBUG: src/lcthw/hashmap.c:Hashmap_get_node:205: TRY: 56
DEBUG: src/lcthw/hashmap.c:Hashmap_get_node:205: TRY: 57
DEBUG: src/lcthw/hashmap.c:Hashmap_get_node:205: TRY: 58
DEBUG: src/lcthw/hashmap.c:Hashmap_get_node:205: TRY: 59
DEBUG: src/lcthw/hashmap.c:Hashmap_get_node:205: TRY: 60
DEBUG: src/lcthw/hashmap.c:Hashmap_get_node:205: TRY: 61
DEBUG: src/lcthw/hashmap.c:Hashmap_get_node:205: TRY: 62
DEBUG: src/lcthw/hashmap.c:Hashmap_get_node:205: TRY: 63
DEBUG: src/lcthw/hashmap.c:Hashmap_get_node:205: TRY: 64
DEBUG: src/lcthw/hashmap.c:Hashmap_get_node:205: TRY: 65
DEBUG: src/lcthw/hashmap.c:Hashmap_get_node:205: TRY: 66
DEBUG: src/lcthw/hashmap.c:Hashmap_get_node:205: TRY: 67
DEBUG: src/lcthw/hashmap.c:Hashmap_get_node:205: TRY: 68
DEBUG: src/lcthw/hashmap.c:Hashmap_get_node:205: TRY: 0
DEBUG: src/lcthw/hashmap.c:Hashmap_get_node:205: TRY: 1
DEBUG: src/lcthw/hashmap.c:Hashmap_get_node:205: TRY: 2
DEBUG: src/lcthw/hashmap.c:Hashmap_get_node:205: TRY: 3
DEBUG: src/lcthw/hashmap.c:Hashmap_get_node:205: TRY: 4
DEBUG: src/lcthw/hashmap.c:Hashmap_get_node:205: TRY: 5
DEBUG: src/lcthw/hashmap.c:Hashmap_get_node:205: TRY: 6
DEBUG: src/lcthw/hashmap.c:Hashmap_get_node:205: TRY: 7
DEBUG: src/lcthw/hashmap.c:Hashmap_get_node:205: TRY: 8
DEBUG: src/lcthw/hashmap.c:Hashmap_get_node:205: TRY: 9
DEBUG: src/lcthw/hashmap.c:Hashmap_get_node:205: TRY: 10
DEBUG: src/lcthw/hashmap.c:Hashmap_get_node:205: TRY: 11
DEBUG: src/lcthw/hashmap.c:Hashmap_get_node:205: TRY: 12
DEBUG: src/lcthw/hashmap.c:Hashmap_get_node:205: TRY: 13
DEBUG: src/lcthw/hashmap.c:Hashmap_get_node:205: TRY: 14
DEBUG: src/lcthw/hashmap.c:Hashmap_get_node:205: TRY: 15
DEBUG: src/lcthw/hashmap.c:Hashmap_get_node:205: TRY: 16
DEBUG: src/lcthw/hashmap.c:Hashmap_get_node:205: TRY: 17
DEBUG: src/lcthw/hashmap.c:Hashmap_get_node:205: TRY: 18
DEBUG: src/lcthw/hashmap.c:Hashmap_get_node:205: TRY: 19
DEBUG: src/lcthw/hashmap.c:Hashmap_get_node:205: TRY: 20
DEBUG: src/lcthw/hashmap.c:Hashmap_get_node:205: TRY: 21
DEBUG: src/lcthw/hashmap.c:Hashmap_get_node:205: TRY: 22
DEBUG: src/lcthw/hashmap.c:Hashmap_get_node:205: TRY: 23
DEBUG: src/lcthw/hashmap.c:Hashmap_get_node:205: TRY: 24
DEBUG: src/lcthw/hashmap.c:Hashmap_get_node:205: TRY: 25
DEBUG: src/lcthw/hashmap.c:Hashmap_get_node:205: TRY: 26
DEBUG: src/lcthw/hashmap.c:Hashmap_get_node:205: TRY: 27
DEBUG: src/lcthw/hashmap.c:Hashmap_get_node:205: TRY: 28
DEBUG: src/lcthw/hashmap.c:Hashmap_get_node:205: TRY: 29
DEBUG: src/lcthw/hashmap.c:Hashmap_get_node:205: TRY: 30
DEBUG: src/lcthw/hashmap.c:Hashmap_get_node:205: TRY: 31
DEBUG: src/lcthw/hashmap.c:Hashmap_get_node:205: TRY: 32
DEBUG: src/lcthw/hashmap.c:Hashmap_get_node:205: TRY: 33
DEBUG: src/lcthw/hashmap.c:Hashmap_get_node:205: TRY: 34
DEBUG: src/lcthw/hashmap.c:Hashmap_get_node:205: TRY: 35
DEBUG: src/lcthw/hashmap.c:Hashmap_get_node:205: TRY: 36
DEBUG: src/lcthw/hashmap.c:Hashmap_get_node:205: TRY: 37
DEBUG: src/lcthw/hashmap.c:Hashmap_get_node:205: TRY: 38
DEBUG: src/lcthw/hashmap.c:Hashmap_get_node:205: TRY: 39
DEBUG: src/lcthw/hashmap.c:Hashmap_get_node:205: TRY: 40
DEBUG: src/lcthw/hashmap.c:Hashmap_get_node:205: TRY: 41
DEBUG: src/lcthw/hashmap.c:Hashmap_get_node:205: TRY: 42
DEBUG: src/lcthw/hashmap.c:Hashmap_get_node:205: TRY: 43
DEBUG: src/lcthw/hashmap.c:Hashmap_get_node:205: TRY: 44
DEBUG: src/lcthw/hashmap.c:Hashmap_get_node:205: TRY: 45
DEBUG: src/lcthw/hashmap.c:Hashmap_get_node:205: TRY: 46
DEBUG: src/lcthw/hashmap.c:Hashmap_get_node:205: TRY: 47
DEBUG: src/lcthw/hashmap.c:Hashmap_get_node:205: TRY: 48
DEBUG: src/lcthw/hashmap.c:Hashmap_get_node:205: TRY: 49
DEBUG: src/lcthw/hashmap.c:Hashmap_get_node:205: TRY: 50
DEBUG: src/lcthw/hashmap.c:Hashmap_get_node:205: TRY: 51
DEBUG: src/lcthw/hashmap.c:Hashmap_get_node:205: TRY: 52
DEBUG: src/lcthw/hashmap.c:Hashmap_get_node:205: TRY: 53
DEBUG: src/lcthw/hashmap.c:Hashmap_get_node:205: TRY: 54
DEBUG: src/lcthw/hashmap.c:Hashmap_get_node:205: TRY: 55
DEBUG: src/lcthw/hashmap.c:Hashmap_get_node:205: TRY: 56
DEBUG: src/lcthw/hashmap.c:Hashmap_get_node:205: TRY: 57
DEBUG: src/lcthw/hashmap.c:Hashmap_get_node:205: TRY: 58
DEBUG: src/lcthw/hashmap.c:Hashmap_get_node:205: TRY: 59
DEBUG: src/lcthw/hashmap.c:Hashmap_get_node:205: TRY: 60
DEBUG: src/lcthw/hashmap.c:Hashmap_get_node:205: TRY: 61
DEBUG: src/lcthw/hashmap.c:Hashmap_get_node:205: TRY: 62
DEBUG: src/lcthw/hashmap.c:Hashmap_get_node:205: TRY: 63
DEBUG: src/lcthw/hashmap.c:Hashmap_get_node:205: TRY: 64
DEBUG: src/lcthw/hashmap.c:Hashmap_get_node:205: TRY: 65
DEBUG: src/lcthw/hashmap.c:Hashmap_get_node:205: TRY: 66
DEBUG: src/lcthw/hashmap.c:Hashmap_get_node:205: TRY: 67
DEBUG: src/lcthw/hashmap.c:Hashmap_get_node:205: TRY: 68
DEBUG: src/lcthw/hashmap.c:Hashmap_get_node:205: TRY: 0
DEBUG: src/lcthw/hashmap.c:Hashmap_get_node:205: TRY: 1
DEBUG: src/lcthw/hashmap.c:Hashmap_get_node:205: TRY: 2
DEBUG: src/lcthw/hashmap.c:Hashmap_get_node:205: TRY: 3
DEBUG: src/lcthw/hashmap.c:Hashmap_get_node:205: TRY: 4
DEBUG: src/lcthw/hashmap.c:Hashmap_get_node:205: TRY: 5
DEBUG: src/lcthw/hashmap.c:Hashmap_get_node:205: TRY: 6
DEBUG: src/lcthw/hashmap.c:Hashmap_get_node:205: TRY: 7
DEBUG: src/lcthw/hashmap.c:Hashmap_get_node:205: TRY: 8
DEBUG: src/lcthw/hashmap.c:Hashmap_get_node:205: TRY: 9
DEBUG: src/lcthw/hashmap.c:Hashmap_get_node:205: TRY: 10
DEBUG: src/lcthw/hashmap.c:Hashmap_get_node:205: TRY: 11
DEBUG: src/lcthw/hashmap.c:Hashmap_get_node:205: TRY: 12
DEBUG: src/lcthw/hashmap.c:Hashmap_get_node:205: TRY: 13
DEBUG: src/lcthw/hashmap.c:Hashmap_get_node:205: TRY: 14
DEBUG: src/lcthw/hashmap.c:Hashmap_get_node:205: TRY: 15
DEBUG: src/lcthw/hashmap.c:Hashmap_get_node:205: TRY: 16
DEBUG: src/lcthw/hashmap.c:Hashmap_get_node:205: TRY: 17
DEBUG: src/lcthw/hashmap.c:Hashmap_get_node:205: TRY: 18
DEBUG: src/lcthw/hashmap.c:Hashmap_get_node:205: TRY: 19
DEBUG: src/lcthw/hashmap.c:Hashmap_get_node:205: TRY: 20
DEBUG: src/lcthw/hashmap.c:Hashmap_get_node:205: TRY: 21
DEBUG: src/lcthw/hashmap.c:Hashmap_get_node:205: TRY: 22
DEBUG: src/lcthw/hashmap.c:Hashmap_get_node:205: TRY: 23
DEBUG: src/lcthw/hashmap.c:Hashmap_get_node:205: TRY: 24
DEBUG: src/lcthw/hashmap.c:Hashmap_get_node:205: TRY: 25
DEBUG: src/lcthw/hashmap.c:Hashmap_get_node:205: TRY: 26
DEBUG: src/lcthw/hashmap.c:Hashmap_get_node:205: TRY: 27
DEBUG: src/lcthw/hashmap.c:Hashmap_get_node:205: TRY: 28
DEBUG: src/lcthw/hashmap.c:Hashmap_get_node:205: TRY: 29
DEBUG: src/lcthw/hashmap.c:Hashmap_get_node:205: TRY: 30
DEBUG: src/lcthw/hashmap.c:Hashmap_get_node:205: TRY: 31
DEBUG: src/lcthw/hashmap.c:Hashmap_get_node:205: TRY: 32
DEBUG: src/lcthw/hashmap.c:Hashmap_get_node:205: TRY: 33
DEBUG: src/lcthw/hashmap.c:Hashmap_get_node:205: TRY: 34
DEBUG: src/lcthw/hashmap.c:Hashmap_get_node:205: TRY: 35
DEBUG: src/lcthw/hashmap.c:Hashmap_get_node:205: TRY: 36
DEBUG: src/lcthw/hashmap.c:Hashmap_get_node:205: TRY: 37
DEBUG: src/lcthw/hashmap.c:Hashmap_get_node:205: TRY: 38
DEBUG: src/lcthw/hashmap.c:Hashmap_get_node:205: TRY: 39
DEBUG: src/lcthw/hashmap.c:Hashmap_get_node:205: TRY: 40
DEBUG: src/lcthw/hashmap.c:Hashmap_get_node:205: TRY: 41
DEBUG: src/lcthw/hashmap.c:Hashmap_get_node:205: TRY: 42
DEBUG: src/lcthw/hashmap.c:Hashmap_get_node:205: TRY: 43
DEBUG: src/lcthw/hashmap.c:Hashmap_get_node:205: TRY: 44
DEBUG: src/lcthw/hashmap.c:Hashmap_get_node:205: TRY: 45
DEBUG: src/lcthw/hashmap.c:Hashmap_get_node:205: TRY: 46
DEBUG: src/lcthw/hashmap.c:Hashmap_get_node:205: TRY: 47
DEBUG: src/lcthw/hashmap.c:Hashmap_get_node:205: TRY: 48
DEBUG: src/lcthw/hashmap.c:Hashmap_get_node:205: TRY: 49
DEBUG: src/lcthw/hashmap.c:Hashmap_get_node:205: TRY: 50
DEBUG: src/lcthw/hashmap.c:Hashmap_get_node:205: TRY: 51
DEBUG: src/lcthw/hashmap.c:Hashmap_get_node:205: TRY: 52
DEBUG: src/lcthw/hashmap.c:Hashmap_get_node:205: TRY: 53
DEBUG: src/lcthw/hashmap.c:Hashmap_get_node:205: TRY: 54
DEBUG: src/lcthw/hashmap.c:Hashmap_get_node:205: TRY: 55
DEBUG: src/lcthw/hashmap.c:Hashmap_get_node:205: TRY: 56
DEBUG: src/lcthw/hashmap.c:Hashmap_get_node:205: TRY: 57
DEBUG: src/lcthw/hashmap.c:Hashmap_get_node:205: TRY: 58
DEBUG: src/lcthw/hashmap.c:Hashmap_get_node:205: TRY: 59
DEBUG: src/lcthw/hashmap.c:Hashmap_get_node:205: TRY: 60
DEBUG: src/lcthw/hashmap.c:Hashmap_get_node:205: TRY: 61
DEBUG: src/lcthw/hashmap.c:Hashmap_get_node:205: TRY: 62
DEBUG: src/lcthw/hashmap.c:Hashmap_get_node:205: TRY: 63
DEBUG: src/lcthw/hashmap.c:Hashmap_get_node:205: TRY: 64
DEBUG: src/lcthw/hashmap.c:Hashmap_get_node:205: TRY: 65
DEBUG: src/lcthw/hashmap.c:Hashmap_get_node:205: TRY: 66
DEBUG: src/lcthw/hashmap.c:Hashmap_get_node:205: TRY: 67
DEBUG: src/lcthw/hashmap.c:Hashmap_get_node:205: TRY: 0
DEBUG: src/lcthw/hashmap.c:Hashmap_get_node:205: TRY: 1
DEBUG: src/lcthw/hashmap.c:Hashmap_get_node:205: TRY: 2
DEBUG: src/lcthw/hashmap.c:Hashmap_get_node:205: TRY: 3
DEBUG: src/lcthw/hashmap.c:Hashmap_get_node:205: TRY: 4
DEBUG: src/lcthw/hashmap.c:Hashmap_get_node:205: TRY: 5
DEBUG: src/lcthw/hashmap.c:Hashmap_get_node:205: TRY: 6
DEBUG: src/lcthw/hashmap.c:Hashmap_get_node:205: TRY: 7
DEBUG: src/lcthw/hashmap.c:Hashmap_get_node:205: TRY: 8
DEBUG: src/lcthw/hashmap.c:Hashmap_get_node:205: TRY: 9
DEBUG: src/lcthw/hashmap.c:Hashmap_get_node:205: TRY: 10
DEBUG: src/lcthw/hashmap.c:Hashmap_get_node:205: TRY: 11
DEBUG: src/lcthw/hashmap.c:Hashmap_get_node:205: TRY: 12
DEBUG: src/lcthw/hashmap.c:Hashmap_get_node:205: TRY: 13
DEBUG: src/lcthw/hashmap.c:Hashmap_get_node:205: TRY: 14
DEBUG: src/lcthw/hashmap.c:Hashmap_get_node:205: TRY: 15
DEBUG: src/lcthw/hashmap.c:Hashmap_get_node:205: TRY: 16
DEBUG: src/lcthw/hashmap.c:Hashmap_get_node:205: TRY: 17
DEBUG: src/lcthw/hashmap.c:Hashmap_get_node:205: TRY: 18
DEBUG: src/lcthw/hashmap.c:Hashmap_get_node:205: TRY: 19
DEBUG: src/lcthw/hashmap.c:Hashmap_get_node:205: TRY: 20
DEBUG: src/lcthw/hashmap.c:Hashmap_get_node:205: TRY: 21
DEBUG: src/lcthw/hashmap.c:Hashmap_get_node:205: TRY: 22
DEBUG: src/lcthw/hashmap.c:Hashmap_get_node:205: TRY: 23
DEBUG: src/lcthw/hashmap.c:Hashmap_get_node:205: TRY: 24
DEBUG: src/lcthw/hashmap.c:Hashmap_get_node:205: TRY: 25
DEBUG: src/lcthw/hashmap.c:Hashmap_get_node:205: TRY: 26
DEBUG: src/lcthw/hashmap.c:Hashmap_get_node:205: TRY: 27
DEBUG: src/lcthw/hashmap.c:Hashmap_get_node:205: TRY: 28
DEBUG: src/lcthw/hashmap.c:Hashmap_get_node:205: TRY: 29
DEBUG: src/lcthw/hashmap.c:Hashmap_get_node:205: TRY: 30
DEBUG: src/lcthw/hashmap.c:Hashmap_get_node:205: TRY: 31
DEBUG: src/lcthw/hashmap.c:Hashmap_get_node:205: TRY: 32
DEBUG: src/lcthw/hashmap.c:Hashmap_get_node:205: TRY: 33
DEBUG: src/lcthw/hashmap.c:Hashmap_get_node:205: TRY: 34
DEBUG: src/lcthw/hashmap.c:Hashmap_get_node:205: TRY: 35
DEBUG: src/lcthw/hashmap.c:Hashmap_get_node:205: TRY: 36
DEBUG: src/lcthw/hashmap.c:Hashmap_get_node:205: TRY: 37
DEBUG: src/lcthw/hashmap.c:Hashmap_get_node:205: TRY: 38
DEBUG: src/lcthw/hashmap.c:Hashmap_get_node:205: TRY: 39
DEBUG: src/lcthw/hashmap.c:Hashmap_get_node:205: TRY: 40
DEBUG: src/lcthw/hashmap.c:Hashmap_get_node:205: TRY: 41
DEBUG: src/lcthw/hashmap.c:Hashmap_get_node:205: TRY: 42
DEBUG: src/lcthw/hashmap.c:Hashmap_get_node:205: TRY: 43
DEBUG: src/lcthw/hashmap.c:Hashmap_get_node:205: TRY: 44
DEBUG: src/lcthw/hashmap.c:Hashmap_get_node:205: TRY: 45
DEBUG: src/lcthw/hashmap.c:Hashmap_get_node:205: TRY: 46
DEBUG: src/lcthw/hashmap.c:Hashmap_get_node:205: TRY: 47
DEBUG: src/lcthw/hashmap.c:Hashmap_get_node:205: TRY: 48
DEBUG: src/lcthw/hashmap.c:Hashmap_get_node:205: TRY: 49
DEBUG: src/lcthw/hashmap.c:Hashmap_get_node:205: TRY: 50
DEBUG: src/lcthw/hashmap.c:Hashmap_get_node:205: TRY: 51
DEBUG: src/lcthw/hashmap.c:Hashmap_get_node:205: TRY: 52
DEBUG: src/lcthw/hashmap.c:Hashmap_get_node:205: TRY: 53
DEBUG: src/lcthw/hashmap.c:Hashmap_get_node:205: TRY: 54
DEBUG: src/lcthw/hashmap.c:Hashmap_get_node:205: TRY: 55
DEBUG: src/lcthw/hashmap.c:Hashmap_get_node:205: TRY: 56
DEBUG: src/lcthw/hashmap.c:Hashmap_get_node:205: TRY: 57
DEBUG: src/lcthw/hashmap.c:Hashmap_get_node:205: TRY: 58
DEBUG: src/lcthw/hashmap.c:Hashmap_get_node:205: TRY: 59
DEBUG: src/lcthw/hashmap.c:Hashmap_get_node:205: TRY: 60
DEBUG: src/lcthw/hashmap.c:Hashmap_get_node:205: TRY: 61
DEBUG: src/lcthw/hashmap.c:Hashmap_get_node:205: TRY: 62
DEBUG: src/lcthw/hashmap.c:Hashmap_get_node:205: TRY: 63
DEBUG: src/lcthw/hashmap.c:Hashmap_get_node:205: TRY: 64
DEBUG: src/lcthw/hashmap.c:Hashmap_get_node:205: TRY: 65
DEBUG: src/lcthw/hashmap.c:Hashmap_get_node:205: TRY: 66
DEBUG: src/lcthw/hashmap.c:Hashmap_get_node:205: TRY: 67
DEBUG: src/lcthw/hashmap.c:Hashmap_get_node:205: TRY: 68
DEBUG: src/lcthw/hashmap.c:Hashmap_get_node:205: TRY: 69
DEBUG: src/lcthw/hashmap.c:Hashmap_get_node:205: TRY: 70
DEBUG: src/lcthw/hashmap.c:Hashmap_get_node:205: TRY: 71
DEBUG: src/lcthw/hashmap.c:Hashmap_get_node:205: TRY: 72
DEBUG: src/lcthw/hashmap.c:Hashmap_get_node:205: TRY: 73
DEBUG: src/lcthw/hashmap.c:Hashmap_get_node:205: TRY: 74
DEBUG: src/lcthw/hashmap.c:Hashmap_get_node:205: TRY: 75
DEBUG: src/lcthw/hashmap.c:Hashmap_get_node:205: TRY: 0
DEBUG: src/lcthw/hashmap.c:Hashmap_get_node:205: TRY: 1
DEBUG: src/lcthw/hashmap.c:Hashmap_get_node:205: TRY: 2
DEBUG: src/lcthw/hashmap.c:Hashmap_get_node:205: TRY: 3
DEBUG: src/lcthw/hashmap.c:Hashmap_get_node:205: TRY: 4
DEBUG: src/lcthw/hashmap.c:Hashmap_get_node:205: TRY: 5
DEBUG: src/lcthw/hashmap.c:Hashmap_get_node:205: TRY: 6
DEBUG: src/lcthw/hashmap.c:Hashmap_get_node:205: TRY: 7
DEBUG: src/lcthw/hashmap.c:Hashmap_get_node:205: TRY: 8
DEBUG: src/lcthw/hashmap.c:Hashmap_get_node:205: TRY: 9
DEBUG: src/lcthw/hashmap.c:Hashmap_get_node:205: TRY: 10
DEBUG: src/lcthw/hashmap.c:Hashmap_get_node:205: TRY: 11
DEBUG: src/lcthw/hashmap.c:Hashmap_get_node:205: TRY: 12
DEBUG: src/lcthw/hashmap.c:Hashmap_get_node:205: TRY: 13
DEBUG: src/lcthw/hashmap.c:Hashmap_get_node:205: TRY: 14
DEBUG: src/lcthw/hashmap.c:Hashmap_get_node:205: TRY: 15
DEBUG: src/lcthw/hashmap.c:Hashmap_get_node:205: TRY: 16
DEBUG: src/lcthw/hashmap.c:Hashmap_get_node:205: TRY: 17
DEBUG: src/lcthw/hashmap.c:Hashmap_get_node:205: TRY: 18
DEBUG: src/lcthw/hashmap.c:Hashmap_get_node:205: TRY: 19
DEBUG: src/lcthw/hashmap.c:Hashmap_get_node:205: TRY: 20
DEBUG: src/lcthw/hashmap.c:Hashmap_get_node:205: TRY: 21
DEBUG: src/lcthw/hashmap.c:Hashmap_get_node:205: TRY: 22
DEBUG: src/lcthw/hashmap.c:Hashmap_get_node:205: TRY: 23
DEBUG: src/lcthw/hashmap.c:Hashmap_get_node:205: TRY: 24
DEBUG: src/lcthw/hashmap.c:Hashmap_get_node:205: TRY: 25
DEBUG: src/lcthw/hashmap.c:Hashmap_get_node:205: TRY: 26
DEBUG: src/lcthw/hashmap.c:Hashmap_get_node:205: TRY: 27
DEBUG: src/lcthw/hashmap.c:Hashmap_get_node:205: TRY: 28
DEBUG: src/lcthw/hashmap.c:Hashmap_get_node:205: TRY: 29
DEBUG: src/lcthw/hashmap.c:Hashmap_get_node:205: TRY: 30
DEBUG: src/lcthw/hashmap.c:Hashmap_get_node:205: TRY: 31
DEBUG: src/lcthw/hashmap.c:Hashmap_get_node:205: TRY: 32
DEBUG: src/lcthw/hashmap.c:Hashmap_get_node:205: TRY: 33
DEBUG: src/lcthw/hashmap.c:Hashmap_get_node:205: TRY: 34
DEBUG: src/lcthw/hashmap.c:Hashmap_get_node:205: TRY: 35
DEBUG: src/lcthw/hashmap.c:Hashmap_get_node:205: TRY: 36
DEBUG: src/lcthw/hashmap.c:Hashmap_get_node:205: TRY: 37
DEBUG: src/lcthw/hashmap.c:Hashmap_get_node:205: TRY: 38
DEBUG: src/lcthw/hashmap.c:Hashmap_get_node:205: TRY: 39
DEBUG: src/lcthw/hashmap.c:Hashmap_get_node:205: TRY: 40
DEBUG: src/lcthw/hashmap.c:Hashmap_get_node:205: TRY: 41
DEBUG: src/lcthw/hashmap.c:Hashmap_get_node:205: TRY: 42
DEBUG: src/lcthw/hashmap.c:Hashmap_get_node:205: TRY: 43
DEBUG: src/lcthw/hashmap.c:Hashmap_get_node:205: TRY: 44
DEBUG: src/lcthw/hashmap.c:Hashmap_get_node:205: TRY: 45
DEBUG: src/lcthw/hashmap.c:Hashmap_get_node:205: TRY: 46
DEBUG: src/lcthw/hashmap.c:Hashmap_get_node:205: TRY: 47
DEBUG: src/lcthw/hashmap.c:Hashmap_get_node:205: TRY: 48
DEBUG: src/lcthw/hashmap.c:Hashmap_get_node:205: TRY: 49
DEBUG: src/lcthw/hashmap.c:Hashmap_get_node:205: TRY: 50
DEBUG: src/lcthw/hashmap.c:Hashmap_get_node:205: TRY: 51
DEBUG: src/lcthw/hashmap.c:Hashmap_get_node:205: TRY: 52
DEBUG: src/lcthw/hashmap.c:Hashmap_get_node:205: TRY: 53
DEBUG: src/lcthw/hashmap.c:Hashmap_get_node:205: TRY: 54
DEBUG: src/lcthw/hashmap.c:Hashmap_get_node:205: TRY: 55
DEBUG: src/lcthw/hashmap.c:Hashmap_get_node:205: TRY: 56
DEBUG: src/lcthw/hashmap.c:Hashmap_get_node:205: TRY: 57
DEBUG: src/lcthw/hashmap.c:Hashmap_get_node:205: TRY: 58
DEBUG: src/lcthw/hashmap.c:Hashmap_get_node:205: TRY: 59
DEBUG: src/lcthw/hashmap.c:Hashmap_get_node:205: TRY: 60
DEBUG: src/lcthw/hashmap.c:Hashmap_get_node:205: TRY: 61
DEBUG: src/lcthw/hashmap.c:Hashmap_get_node:205: TRY: 62
DEBUG: src/lcthw/hashmap.c:Hashmap_get_node:205: TRY: 63
DEBUG: src/lcthw/hashmap.c:Hashmap_get_node:205: TRY: 64
DEBUG: src/lcthw/hashmap.c:Hashmap_get_node:205: TRY: 65
DEBUG: src/lcthw/hashmap.c:Hashmap_get_node:205: TRY: 66
DEBUG: src/lcthw/hashmap.c:Hashmap_get_node:205: TRY: 67
DEBUG: src/lcthw/hashmap.c:Hashmap_get_node:205: TRY: 68
DEBUG: src/lcthw/hashmap.c:Hashmap_get_node:205: TRY: 0
DEBUG: src/lcthw/hashmap.c:Hashmap_get_node:205: TRY: 1
DEBUG: src/lcthw/hashmap.c:Hashmap_get_node:205: TRY: 2
DEBUG: src/lcthw/hashmap.c:Hashmap_get_node:205: TRY: 3
DEBUG: src/lcthw/hashmap.c:Hashmap_get_node:205: TRY: 4
DEBUG: src/lcthw/hashmap.c:Hashmap_get_node:205: TRY: 5
DEBUG: src/lcthw/hashmap.c:Hashmap_get_node:205: TRY: 6
DEBUG: src/lcthw/hashmap.c:Hashmap_get_node:205: TRY: 7
DEBUG: src/lcthw/hashmap.c:Hashmap_get_node:205: TRY: 8
DEBUG: src/lcthw/hashmap.c:Hashmap_get_node:205: TRY: 9
DEBUG: src/lcthw/hashmap.c:Hashmap_get_node:205: TRY: 10
DEBUG: src/lcthw/hashmap.c:Hashmap_get_node:205: TRY: 11
DEBUG: src/lcthw/hashmap.c:Hashmap_get_node:205: TRY: 12
DEBUG: src/lcthw/hashmap.c:Hashmap_get_node:205: TRY: 13
DEBUG: src/lcthw/hashmap.c:Hashmap_get_node:205: TRY: 14
DEBUG: src/lcthw/hashmap.c:Hashmap_get_node:205: TRY: 15
DEBUG: src/lcthw/hashmap.c:Hashmap_get_node:205: TRY: 16
DEBUG: src/lcthw/hashmap.c:Hashmap_get_node:205: TRY: 17
DEBUG: src/lcthw/hashmap.c:Hashmap_get_node:205: TRY: 18
DEBUG: src/lcthw/hashmap.c:Hashmap_get_node:205: TRY: 19
DEBUG: src/lcthw/hashmap.c:Hashmap_get_node:205: TRY: 20
DEBUG: src/lcthw/hashmap.c:Hashmap_get_node:205: TRY: 21
DEBUG: src/lcthw/hashmap.c:Hashmap_get_node:205: TRY: 22
DEBUG: src/lcthw/hashmap.c:Hashmap_get_node:205: TRY: 23
DEBUG: src/lcthw/hashmap.c:Hashmap_get_node:205: TRY: 24
DEBUG: src/lcthw/hashmap.c:Hashmap_get_node:205: TRY: 25
DEBUG: src/lcthw/hashmap.c:Hashmap_get_node:205: TRY: 26
DEBUG: src/lcthw/hashmap.c:Hashmap_get_node:205: TRY: 27
DEBUG: src/lcthw/hashmap.c:Hashmap_get_node:205: TRY: 28
DEBUG: src/lcthw/hashmap.c:Hashmap_get_node:205: TRY: 29
DEBUG: src/lcthw/hashmap.c:Hashmap_get_node:205: TRY: 30
DEBUG: src/lcthw/hashmap.c:Hashmap_get_node:205: TRY: 31
DEBUG: src/lcthw/hashmap.c:Hashmap_get_node:205: TRY: 32
DEBUG: src/lcthw/hashmap.c:Hashmap_get_node:205: TRY: 33
DEBUG: src/lcthw/hashmap.c:Hashmap_get_node:205: TRY: 34
DEBUG: src/lcthw/hashmap.c:Hashmap_get_node:205: TRY: 35
DEBUG: src/lcthw/hashmap.c:Hashmap_get_node:205: TRY: 36
DEBUG: src/lcthw/hashmap.c:Hashmap_get_node:205: TRY: 37
DEBUG: src/lcthw/hashmap.c:Hashmap_get_node:205: TRY: 38
DEBUG: src/lcthw/hashmap.c:Hashmap_get_node:205: TRY: 39
DEBUG: src/lcthw/hashmap.c:Hashmap_get_node:205: TRY: 40
DEBUG: src/lcthw/hashmap.c:Hashmap_get_node:205: TRY: 41
DEBUG: src/lcthw/hashmap.c:Hashmap_get_node:205: TRY: 42
DEBUG: src/lcthw/hashmap.c:Hashmap_get_node:205: TRY: 43
DEBUG: src/lcthw/hashmap.c:Hashmap_get_node:205: TRY: 44
DEBUG: src/lcthw/hashmap.c:Hashmap_get_node:205: TRY: 45
DEBUG: src/lcthw/hashmap.c:Hashmap_get_node:205: TRY: 46
DEBUG: src/lcthw/hashmap.c:Hashmap_get_node:205: TRY: 47
DEBUG: src/lcthw/hashmap.c:Hashmap_get_node:205: TRY: 48
DEBUG: src/lcthw/hashmap.c:Hashmap_get_node:205: TRY: 49
DEBUG: src/lcthw/hashmap.c:Hashmap_get_node:205: TRY: 50
DEBUG: src/lcthw/hashmap.c:Hashmap_get_node:205: TRY: 51
DEBUG: src/lcthw/hashmap.c:Hashmap_get_node:205: TRY: 52
DEBUG: src/lcthw/hashmap.c:Hashmap_get_node:205: TRY: 53
DEBUG: src/lcthw/hashmap.c:Hashmap_get_node:205: TRY: 54
DEBUG: src/lcthw/hashmap.c:Hashmap_get_node:205: TRY: 55
DEBUG: src/lcthw/hashmap.c:Hashmap_get_node:205: TRY: 56
DEBUG: src/lcthw/hashmap.c:Hashmap_get_node:205: TRY: 57
DEBUG: src/lcthw/hashmap.c:Hashmap_get_node:205: TRY: 58
DEBUG: src/lcthw/hashmap.c:Hashmap_get_node:205: TRY: 59
DEBUG: src/lcthw/hashmap.c:Hashmap_get_node:205: TRY: 60
DEBUG: src/lcthw/hashmap.c:Hashmap_get_node:205: TRY: 61
DEBUG: src/lcthw/hashmap.c:Hashmap_get_node:205: TRY: 62
DEBUG: src/lcthw/hashmap.c:Hashmap_get_node:205: TRY: 63
DEBUG: src/lcthw/hashmap.c:Hashmap_get_node:205: TRY: 64
DEBUG: src/lcthw/hashmap.c:Hashmap_get_node:205: TRY: 65
DEBUG: src/lcthw/hashmap.c:Hashmap_get_node:205: TRY: 66
DEBUG: src/lcthw/hashmap.c:Hashmap_get_node:205: TRY: 67
DEBUG: src/lcthw/hashmap.c:Hashmap_get_node:205: TRY: 68
DEBUG: src/lcthw/hashmap.c:Hashmap_get_node:205: TRY: 69
DEBUG: src/lcthw/hashmap.c:Hashmap_get_node:205: TRY: 0
DEBUG: src/lcthw/hashmap.c:Hashmap_get_node:205: TRY: 1
DEBUG: src/lcthw/hashmap.c:Hashmap_get_node:205: TRY: 2
DEBUG: src/lcthw/hashmap.c:Hashmap_get_node:205: TRY: 3
DEBUG: src/lcthw/hashmap.c:Hashmap_get_node:205: TRY: 4
DEBUG: src/lcthw/hashmap.c:Hashmap_get_node:205: TRY: 5
DEBUG: src/lcthw/hashmap.c:Hashmap_get_node:205: TRY: 6
DEBUG: src/lcthw/hashmap.c:Hashmap_get_node:205: TRY: 7
DEBUG: src/lcthw/hashmap.c:Hashmap_get_node:205: TRY: 8
DEBUG: src/lcthw/hashmap.c:Hashmap_get_node:205: TRY: 9
DEBUG: src/lcthw/hashmap.c:Hashmap_get_node:205: TRY: 10
DEBUG: src/lcthw/hashmap.c:Hashmap_get_node:205: TRY: 11
DEBUG: src/lcthw/hashmap.c:Hashmap_get_node:205: TRY: 12
DEBUG: src/lcthw/hashmap.c:Hashmap_get_node:205: TRY: 13
DEBUG: src/lcthw/hashmap.c:Hashmap_get_node:205: TRY: 14
DEBUG: src/lcthw/hashmap.c:Hashmap_get_node:205: TRY: 15
DEBUG: src/lcthw/hashmap.c:Hashmap_get_node:205: TRY: 16
DEBUG: src/lcthw/hashmap.c:Hashmap_get_node:205: TRY: 17
DEBUG: src/lcthw/hashmap.c:Hashmap_get_node:205: TRY: 18
DEBUG: src/lcthw/hashmap.c:Hashmap_get_node:205: TRY: 19
DEBUG: src/lcthw/hashmap.c:Hashmap_get_node:205: TRY: 20
DEBUG: src/lcthw/hashmap.c:Hashmap_get_node:205: TRY: 21
DEBUG: src/lcthw/hashmap.c:Hashmap_get_node:205: TRY: 22
DEBUG: src/lcthw/hashmap.c:Hashmap_get_node:205: TRY: 23
DEBUG: src/lcthw/hashmap.c:Hashmap_get_node:205: TRY: 24
DEBUG: src/lcthw/hashmap.c:Hashmap_get_node:205: TRY: 25
DEBUG: src/lcthw/hashmap.c:Hashmap_get_node:205: TRY: 26
DEBUG: src/lcthw/hashmap.c:Hashmap_get_node:205: TRY: 27
DEBUG: src/lcthw/hashmap.c:Hashmap_get_node:205: TRY: 28
DEBUG: src/lcthw/hashmap.c:Hashmap_get_node:205: TRY: 29
DEBUG: src/lcthw/hashmap.c:Hashmap_get_node:205: TRY: 30
DEBUG: src/lcthw/hashmap.c:Hashmap_get_node:205: TRY: 31
DEBUG: src/lcthw/hashmap.c:Hashmap_get_node:205: TRY: 32
DEBUG: src/lcthw/hashmap.c:Hashmap_get_node:205: TRY: 33
DEBUG: src/lcthw/hashmap.c:Hashmap_get_node:205: TRY: 34
DEBUG: src/lcthw/hashmap.c:Hashmap_get_node:205: TRY: 35
DEBUG: src/lcthw/hashmap.c:Hashmap_get_node:205: TRY: 36
DEBUG: src/lcthw/hashmap.c:Hashmap_get_node:205: TRY: 37
DEBUG: src/lcthw/hashmap.c:Hashmap_get_node:205: TRY: 38
DEBUG: src/lcthw/hashmap.c:Hashmap_get_node:205: TRY: 39
DEBUG: src/lcthw/hashmap.c:Hashmap_get_node:205: TRY: 40
DEBUG: src/lcthw/hashmap.c:Hashmap_get_node:205: TRY: 41
DEBUG: src/lcthw/hashmap.c:Hashmap_get_node:205: TRY: 42
DEBUG: src/lcthw/hashmap.c:Hashmap_get_node:205: TRY: 43
DEBUG: src/lcthw/hashmap.c:Hashmap_get_node:205: TRY: 44
DEBUG: src/lcthw/hashmap.c:Hashmap_get_node:205: TRY: 45
DEBUG: src/lcthw/hashmap.c:Hashmap_get_node:205: TRY: 46
DEBUG: src/lcthw/hashmap.c:Hashmap_get_node:205: TRY: 47
DEBUG: src/lcthw/hashmap.c:Hashmap_get_node:205: TRY: 48
DEBUG: src/lcthw/hashmap.c:Hashmap_get_node:205: TRY: 49
DEBUG: src/lcthw/hashmap.c:Hashmap_get_node:205: TRY: 50
DEBUG: src/lcthw/hashmap.c:Hashmap_get_node:205: TRY: 51
DEBUG: src/lcthw/hashmap.c:Hashmap_get_node:205: TRY: 52
DEBUG: src/lcthw/hashmap.c:Hashmap_get_node:205: TRY: 53
DEBUG: src/lcthw/hashmap.c:Hashmap_get_node:205: TRY: 54
DEBUG: src/lcthw/hashmap.c:Hashmap_get_node:205: TRY: 55
DEBUG: src/lcthw/hashmap.c:Hashmap_get_node:205: TRY: 56
DEBUG: src/lcthw/hashmap.c:Hashmap_get_node:205: TRY: 57
DEBUG: src/lcthw/hashmap.c:Hashmap_get_node:205: TRY: 58
DEBUG: src/lcthw/hashmap.c:Hashmap_get_node:205: TRY: 59
DEBUG: src/lcthw/hashmap.c:Hashmap_get_node:205: TRY: 60
DEBUG: src/lcthw/hashmap.c:Hashmap_get_node:205: TRY: 61
DEBUG: src/lcthw/hashmap.c:Hashmap_get_node:205: TRY: 62
DEBUG: src/lcthw/hashmap.c:Hashmap_get_node:205: TRY: 63
DEBUG: src/lcthw/hashmap.c:Hashmap_get_node:205: TRY: 64
DEBUG: src/lcthw/hashmap.c:Hashmap_get_node:205: TRY: 65
DEBUG: src/lcthw/hashmap.c:Hashmap_get_node:205: TRY: 66
DEBUG: src/lcthw/hashmap.c:Hashmap_get_node:205: TRY: 67
DEBUG: src/lcthw/hashmap.c:Hashmap_get_node:205: TRY: 68
DEBUG: src/lcthw/hashmap.c:Hashmap_get_node:205: TRY: 69
DEBUG: src/lcthw/hashmap.c:Hashmap_get_node:205: TRY: 0
DEBUG: src/lcthw/hashmap.c:Hashmap_get_node:205: TRY: 1
DEBUG: src/lcthw/hashmap.c:Hashmap_get_node:205: TRY: 2
DEBUG: src/lcthw/hashmap.c:Hashmap_get_node:205: TRY: 3
DEBUG: src/lcthw/hashmap.c:Hashmap_get_node:205: TRY: 4
DEBUG: src/lcthw/hashmap.c:Hashmap_get_node:205: TRY: 5
DEBUG: src/lcthw/hashmap.c:Hashmap_get_node:205: TRY: 6
DEBUG: src/lcthw/hashmap.c:Hashmap_get_node:205: TRY: 7
DEBUG: src/lcthw/hashmap.c:Hashmap_get_node:205: TRY: 8
DEBUG: src/lcthw/hashmap.c:Hashmap_get_node:205: TRY: 9
DEBUG: src/lcthw/hashmap.c:Hashmap_get_node:205: TRY: 10
DEBUG: src/lcthw/hashmap.c:Hashmap_get_node:205: TRY: 11
DEBUG: src/lcthw/hashmap.c:Hashmap_get_node:205: TRY: 12
DEBUG: src/lcthw/hashmap.c:Hashmap_get_node:205: TRY: 13
DEBUG: src/lcthw/hashmap.c:Hashmap_get_node:205: TRY: 14
DEBUG: src/lcthw/hashmap.c:Hashmap_get_node:205: TRY: 15
DEBUG: src/lcthw/hashmap.c:Hashmap_get_node:205: TRY: 16
DEBUG: src/lcthw/hashmap.c:Hashmap_get_node:205: TRY: 17
DEBUG: src/lcthw/hashmap.c:Hashmap_get_node:205: TRY: 18
DEBUG: src/lcthw/hashmap.c:Hashmap_get_node:205: TRY: 19
DEBUG: src/lcthw/hashmap.c:Hashmap_get_node:205: TRY: 20
DEBUG: src/lcthw/hashmap.c:Hashmap_get_node:205: TRY: 21
DEBUG: src/lcthw/hashmap.c:Hashmap_get_node:205: TRY: 22
DEBUG: src/lcthw/hashmap.c:Hashmap_get_node:205: TRY: 23
DEBUG: src/lcthw/hashmap.c:Hashmap_get_node:205: TRY: 24
DEBUG: src/lcthw/hashmap.c:Hashmap_get_node:205: TRY: 25
DEBUG: src/lcthw/hashmap.c:Hashmap_get_node:205: TRY: 26
DEBUG: src/lcthw/hashmap.c:Hashmap_get_node:205: TRY: 27
DEBUG: src/lcthw/hashmap.c:Hashmap_get_node:205: TRY: 28
DEBUG: src/lcthw/hashmap.c:Hashmap_get_node:205: TRY: 29
DEBUG: src/lcthw/hashmap.c:Hashmap_get_node:205: TRY: 30
DEBUG: src/lcthw/hashmap.c:Hashmap_get_node:205: TRY: 31
DEBUG: src/lcthw/hashmap.c:Hashmap_get_node:205: TRY: 32
DEBUG: src/lcthw/hashmap.c:Hashmap_get_node:205: TRY: 33
DEBUG: src/lcthw/hashmap.c:Hashmap_get_node:205: TRY: 34
DEBUG: src/lcthw/hashmap.c:Hashmap_get_node:205: TRY: 35
DEBUG: src/lcthw/hashmap.c:Hashmap_get_node:205: TRY: 36
DEBUG: src/lcthw/hashmap.c:Hashmap_get_node:205: TRY: 37
DEBUG: src/lcthw/hashmap.c:Hashmap_get_node:205: TRY: 38
DEBUG: src/lcthw/hashmap.c:Hashmap_get_node:205: TRY: 39
DEBUG: src/lcthw/hashmap.c:Hashmap_get_node:205: TRY: 40
DEBUG: src/lcthw/hashmap.c:Hashmap_get_node:205: TRY: 41
DEBUG: src/lcthw/hashmap.c:Hashmap_get_node:205: TRY: 42
DEBUG: src/lcthw/hashmap.c:Hashmap_get_node:205: TRY: 43
DEBUG: src/lcthw/hashmap.c:Hashmap_get_node:205: TRY: 44
DEBUG: src/lcthw/hashmap.c:Hashmap_get_node:205: TRY: 45
DEBUG: src/lcthw/hashmap.c:Hashmap_get_node:205: TRY: 46
DEBUG: src/lcthw/hashmap.c:Hashmap_get_node:205: TRY: 47
DEBUG: src/lcthw/hashmap.c:Hashmap_get_node:205: TRY: 48
DEBUG: src/lcthw/hashmap.c:Hashmap_get_node:205: TRY: 49
DEBUG: src/lcthw/hashmap.c:Hashmap_get_node:205: TRY: 50
DEBUG: src/lcthw/hashmap.c:Hashmap_get_node:205: TRY: 51
DEBUG: src/lcthw/hashmap.c:Hashmap_get_node:205: TRY: 52
DEBUG: src/lcthw/hashmap.c:Hashmap_get_node:205: TRY: 53
DEBUG: src/lcthw/hashmap.c:Hashmap_get_node:205: TRY: 54
DEBUG: src/lcthw/hashmap.c:Hashmap_get_node:205: TRY: 55
DEBUG: src/lcthw/hashmap.c:Hashmap_get_node:205: TRY: 56
DEBUG: src/lcthw/hashmap.c:Hashmap_get_node:205: TRY: 57
DEBUG: src/lcthw/hashmap.c:Hashmap_get_node:205: TRY: 58
DEBUG: src/lcthw/hashmap.c:Hashmap_get_node:205: TRY: 59
DEBUG: src/lcthw/hashmap.c:Hashmap_get_node:205: TRY: 60
DEBUG: src/lcthw/hashmap.c:Hashmap_get_node:205: TRY: 61
DEBUG: src/lcthw/hashmap.c:Hashmap_get_node:205: TRY: 62
DEBUG: src/lcthw/hashmap.c:Hashmap_get_node:205: TRY: 63
DEBUG: src/lcthw/hashmap.c:Hashmap_get_node:205: TRY: 64
DEBUG: src/lcthw/hashmap.c:Hashmap_get_node:205: TRY: 65
DEBUG: src/lcthw/hashmap.c:Hashmap_get_node:205: TRY: 66
DEBUG: src/lcthw/hashmap.c:Hashmap_get_node:205: TRY: 67
DEBUG: src/lcthw/hashmap.c:Hashmap_get_node:205: TRY: 68
DEBUG: src/lcthw/hashmap.c:Hashmap_get_node:205: TRY: 69
DEBUG: src/lcthw/hashmap.c:Hashmap_get_node:205: TRY: 70
DEBUG: src/lcthw/hashmap.c:Hashmap_get_node:205: TRY: 0
DEBUG: src/lcthw/hashmap.c:Hashmap_get_node:205: TRY: 1
DEBUG: src/lcthw/hashmap.c:Hashmap_get_node:205: TRY: 2
DEBUG: src/lcthw/hashmap.c:Hashmap_get_node:205: TRY: 3
DEBUG: src/lcthw/hashmap.c:Hashmap_get_node:205: TRY: 4
DEBUG: src/lcthw/hashmap.c:Hashmap_get_node:205: TRY: 5
DEBUG: src/lcthw/hashmap.c:Hashmap_get_node:205: TRY: 6
DEBUG: src/lcthw/hashmap.c:Hashmap_get_node:205: TRY: 7
DEBUG: src/lcthw/hashmap.c:Hashmap_get_node:205: TRY: 8
DEBUG: src/lcthw/hashmap.c:Hashmap_get_node:205: TRY: 9
DEBUG: src/lcthw/hashmap.c:Hashmap_get_node:205: TRY: 10
DEBUG: src/lcthw/hashmap.c:Hashmap_get_node:205: TRY: 11
DEBUG: src/lcthw/hashmap.c:Hashmap_get_node:205: TRY: 12
DEBUG: src/lcthw/hashmap.c:Hashmap_get_node:205: TRY: 13
DEBUG: src/lcthw/hashmap.c:Hashmap_get_node:205: TRY: 14
DEBUG: src/lcthw/hashmap.c:Hashmap_get_node:205: TRY: 15
DEBUG: src/lcthw/hashmap.c:Hashmap_get_node:205: TRY: 16
DEBUG: src/lcthw/hashmap.c:Hashmap_get_node:205: TRY: 17
DEBUG: src/lcthw/hashmap.c:Hashmap_get_node:205: TRY: 18
DEBUG: src/lcthw/hashmap.c:Hashmap_get_node:205: TRY: 19
DEBUG: src/lcthw/hashmap.c:Hashmap_get_node:205: TRY: 20
DEBUG: src/lcthw/hashmap.c:Hashmap_get_node:205: TRY: 21
DEBUG: src/lcthw/hashmap.c:Hashmap_get_node:205: TRY: 22
DEBUG: src/lcthw/hashmap.c:Hashmap_get_node:205: TRY: 23
DEBUG: src/lcthw/hashmap.c:Hashmap_get_node:205: TRY: 24
DEBUG: src/lcthw/hashmap.c:Hashmap_get_node:205: TRY: 25
DEBUG: src/lcthw/hashmap.c:Hashmap_get_node:205: TRY: 26
DEBUG: src/lcthw/hashmap.c:Hashmap_get_node:205: TRY: 27
DEBUG: src/lcthw/hashmap.c:Hashmap_get_node:205: TRY: 28
DEBUG: src/lcthw/hashmap.c:Hashmap_get_node:205: TRY: 29
DEBUG: src/lcthw/hashmap.c:Hashmap_get_node:205: TRY: 30
DEBUG: src/lcthw/hashmap.c:Hashmap_get_node:205: TRY: 31
DEBUG: src/lcthw/hashmap.c:Hashmap_get_node:205: TRY: 32
DEBUG: src/lcthw/hashmap.c:Hashmap_get_node:205: TRY: 33
DEBUG: src/lcthw/hashmap.c:Hashmap_get_node:205: TRY: 34
DEBUG: src/lcthw/hashmap.c:Hashmap_get_node:205: TRY: 35
DEBUG: src/lcthw/hashmap.c:Hashmap_get_node:205: TRY: 36
DEBUG: src/lcthw/hashmap.c:Hashmap_get_node:205: TRY: 37
DEBUG: src/lcthw/hashmap.c:Hashmap_get_node:205: TRY: 38
DEBUG: src/lcthw/hashmap.c:Hashmap_get_node:205: TRY: 39
DEBUG: src/lcthw/hashmap.c:Hashmap_get_node:205: TRY: 40
DEBUG: src/lcthw/hashmap.c:Hashmap_get_node:205: TRY: 41
DEBUG: src/lcthw/hashmap.c:Hashmap_get_node:205: TRY: 42
DEBUG: src/lcthw/hashmap.c:Hashmap_get_node:205: TRY: 43
DEBUG: src/lcthw/hashmap.c:Hashmap_get_node:205: TRY: 44
DEBUG: src/lcthw/hashmap.c:Hashmap_get_node:205: TRY: 45
DEBUG: src/lcthw/hashmap.c:Hashmap_get_node:205: TRY: 46
DEBUG: src/lcthw/hashmap.c:Hashmap_get_node:205: TRY: 47
DEBUG: src/lcthw/hashmap.c:Hashmap_get_node:205: TRY: 48
DEBUG: src/lcthw/hashmap.c:Hashmap_get_node:205: TRY: 49
DEBUG: src/lcthw/hashmap.c:Hashmap_get_node:205: TRY: 50
DEBUG: src/lcthw/hashmap.c:Hashmap_get_node:205: TRY: 51
DEBUG: src/lcthw/hashmap.c:Hashmap_get_node:205: TRY: 52
DEBUG: src/lcthw/hashmap.c:Hashmap_get_node:205: TRY: 53
DEBUG: src/lcthw/hashmap.c:Hashmap_get_node:205: TRY: 54
DEBUG: src/lcthw/hashmap.c:Hashmap_get_node:205: TRY: 55
DEBUG: src/lcthw/hashmap.c:Hashmap_get_node:205: TRY: 56
DEBUG: src/lcthw/hashmap.c:Hashmap_get_node:205: TRY: 57
DEBUG: src/lcthw/hashmap.c:Hashmap_get_node:205: TRY: 58
DEBUG: src/lcthw/hashmap.c:Hashmap_get_node:205: TRY: 59
DEBUG: src/lcthw/hashmap.c:Hashmap_get_node:205: TRY: 60
DEBUG: src/lcthw/hashmap.c:Hashmap_get_node:205: TRY: 61
DEBUG: src/lcthw/hashmap.c:Hashmap_get_node:205: TRY: 62
DEBUG: src/lcthw/hashmap.c:Hashmap_get_node:205: TRY: 63
DEBUG: src/lcthw/hashmap.c:Hashmap_get_node:205: TRY: 64
DEBUG: src/lcthw/hashmap.c:Hashmap_get_node:205: TRY: 65
DEBUG: src/lcthw/hashmap.c:Hashmap_get_node:205: TRY: 66
DEBUG: src/lcthw/hashmap.c:Hashmap_get_node:205: TRY: 67
DEBUG: src/lcthw/hashmap.c:Hashmap_get_node:205: TRY: 68
DEBUG: src/lcthw/hashmap.c:Hashmap_get_node:205: TRY: 0
DEBUG: src/lcthw/hashmap.c:Hashmap_get_node:205: TRY: 1
DEBUG: src/lcthw/hashmap.c:Hashmap_get_node:205: TRY: 2
DEBUG: src/lcthw/hashmap.c:Hashmap_get_node:205: TRY: 3
DEBUG: src/lcthw/hashmap.c:Hashmap_get_node:205: TRY: 4
DEBUG: src/lcthw/hashmap.c:Hashmap_get_node:205: TRY: 5
DEBUG: src/lcthw/hashmap.c:Hashmap_get_node:205: TRY: 6
DEBUG: src/lcthw/hashmap.c:Hashmap_get_node:205: TRY: 7
DEBUG: src/lcthw/hashmap.c:Hashmap_get_node:205: TRY: 8
DEBUG: src/lcthw/hashmap.c:Hashmap_get_node:205: TRY: 9
DEBUG: src/lcthw/hashmap.c:Hashmap_get_node:205: TRY: 10
DEBUG: src/lcthw/hashmap.c:Hashmap_get_node:205: TRY: 11
DEBUG: src/lcthw/hashmap.c:Hashmap_get_node:205: TRY: 12
DEBUG: src/lcthw/hashmap.c:Hashmap_get_node:205: TRY: 13
DEBUG: src/lcthw/hashmap.c:Hashmap_get_node:205: TRY: 14
DEBUG: src/lcthw/hashmap.c:Hashmap_get_node:205: TRY: 15
DEBUG: src/lcthw/hashmap.c:Hashmap_get_node:205: TRY: 16
DEBUG: src/lcthw/hashmap.c:Hashmap_get_node:205: TRY: 17
DEBUG: src/lcthw/hashmap.c:Hashmap_get_node:205: TRY: 18
DEBUG: src/lcthw/hashmap.c:Hashmap_get_node:205: TRY: 19
DEBUG: src/lcthw/hashmap.c:Hashmap_get_node:205: TRY: 20
DEBUG: src/lcthw/hashmap.c:Hashmap_get_node:205: TRY: 21
DEBUG: src/lcthw/hashmap.c:Hashmap_get_node:205: TRY: 22
DEBUG: src/lcthw/hashmap.c:Hashmap_get_node:205: TRY: 23
DEBUG: src/lcthw/hashmap.c:Hashmap_get_node:205: TRY: 24
DEBUG: src/lcthw/hashmap.c:Hashmap_get_node:205: TRY: 25
DEBUG: src/lcthw/hashmap.c:Hashmap_get_node:205: TRY: 26
DEBUG: src/lcthw/hashmap.c:Hashmap_get_node:205: TRY: 27
DEBUG: src/lcthw/hashmap.c:Hashmap_get_node:205: TRY: 28
DEBUG: src/lcthw/hashmap.c:Hashmap_get_node:205: TRY: 29
DEBUG: src/lcthw/hashmap.c:Hashmap_get_node:205: TRY: 30
DEBUG: src/lcthw/hashmap.c:Hashmap_get_node:205: TRY: 31
DEBUG: src/lcthw/hashmap.c:Hashmap_get_node:205: TRY: 32
DEBUG: src/lcthw/hashmap.c:Hashmap_get_node:205: TRY: 33
DEBUG: src/lcthw/hashmap.c:Hashmap_get_node:205: TRY: 34
DEBUG: src/lcthw/hashmap.c:Hashmap_get_node:205: TRY: 35
DEBUG: src/lcthw/hashmap.c:Hashmap_get_node:205: TRY: 36
DEBUG: src/lcthw/hashmap.c:Hashmap_get_node:205: TRY: 37
DEBUG: src/lcthw/hashmap.c:Hashmap_get_node:205: TRY: 38
DEBUG: src/lcthw/hashmap.c:Hashmap_get_node:205: TRY: 39
DEBUG: src/lcthw/hashmap.c:Hashmap_get_node:205: TRY: 40
DEBUG: src/lcthw/hashmap.c:Hashmap_get_node:205: TRY: 41
DEBUG: src/lcthw/hashmap.c:Hashmap_get_node:205: TRY: 42
DEBUG: src/lcthw/hashmap.c:Hashmap_get_node:205: TRY: 43
DEBUG: src/lcthw/hashmap.c:Hashmap_get_node:205: TRY: 44
DEBUG: src/lcthw/hashmap.c:Hashmap_get_node:205: TRY: 45
DEBUG: src/lcthw/hashmap.c:Hashmap_get_node:205: TRY: 46
DEBUG: src/lcthw/hashmap.c:Hashmap_get_node:205: TRY: 47
DEBUG: src/lcthw/hashmap.c:Hashmap_get_node:205: TRY: 48
DEBUG: src/lcthw/hashmap.c:Hashmap_get_node:205: TRY: 49
DEBUG: src/lcthw/hashmap.c:Hashmap_get_node:205: TRY: 50
DEBUG: src/lcthw/hashmap.c:Hashmap_get_node:205: TRY: 51
DEBUG: src/lcthw/hashmap.c:Hashmap_get_node:205: TRY: 52
DEBUG: src/lcthw/hashmap.c:Hashmap_get_node:205: TRY: 53
DEBUG: src/lcthw/hashmap.c:Hashmap_get_node:205: TRY: 54
DEBUG: src/lcthw/hashmap.c:Hashmap_get_node:205: TRY: 55
DEBUG: src/lcthw/hashmap.c:Hashmap_get_node:205: TRY: 56
DEBUG: src/lcthw/hashmap.c:Hashmap_get_node:205: TRY: 57
DEBUG: src/lcthw/hashmap.c:Hashmap_get_node:205: TRY: 58
DEBUG: src/lcthw/hashmap.c:Hashmap_get_node:205: TRY: 59
DEBUG: src/lcthw/hashmap.c:Hashmap_get_node:205: TRY: 60
DEBUG: src/lcthw/hashmap.c:Hashmap_get_node:205: TRY: 61
DEBUG: src/lcthw/hashmap.c:Hashmap_get_node:205: TRY: 62
DEBUG: src/lcthw/hashmap.c:Hashmap_get_node:205: TRY: 63
DEBUG: src/lcthw/hashmap.c:Hashmap_get_node:205: TRY: 64
DEBUG: src/lcthw/hashmap.c:Hashmap_get_node:205: TRY: 65
DEBUG: src/lcthw/hashmap.c:Hashmap_get_node:205: TRY: 66
DEBUG: src/lcthw/hashmap.c:Hashmap_get_node:205: TRY: 67
DEBUG: src/lcthw/hashmap.c:Hashmap_get_node:205: TRY: 68
DEBUG: src/lcthw/hashmap.c:Hashmap_get_node:205: TRY: 69
DEBUG: src/lcthw/hashmap.c:Hashmap_get_node:205: TRY: 70
DEBUG: src/lcthw/hashmap.c:Hashmap_get_node:205: TRY: 71
DEBUG: src/lcthw/hashmap.c:Hashmap_get_node:205: TRY: 72
DEBUG: src/lcthw/hashmap.c:Hashmap_get_node:205: TRY: 73
DEBUG: src/lcthw/hashmap.c:Hashmap_get_node:205: TRY: 74
DEBUG: src/lcthw/hashmap.c:Hashmap_get_node:205: TRY: 75
DEBUG: src/lcthw/hashmap.c:Hashmap_get_node:205: TRY: 76
DEBUG: src/lcthw/hashmap.c:Hashmap_get_node:205: TRY: 0
DEBUG: src/lcthw/hashmap.c:Hashmap_get_node:205: TRY: 1
DEBUG: src/lcthw/hashmap.c:Hashmap_get_node:205: TRY: 2
DEBUG: src/lcthw/hashmap.c:Hashmap_get_node:205: TRY: 3
DEBUG: src/lcthw/hashmap.c:Hashmap_get_node:205: TRY: 4
DEBUG: src/lcthw/hashmap.c:Hashmap_get_node:205: TRY: 5
DEBUG: src/lcthw/hashmap.c:Hashmap_get_node:205: TRY: 6
DEBUG: src/lcthw/hashmap.c:Hashmap_get_node:205: TRY: 7
DEBUG: src/lcthw/hashmap.c:Hashmap_get_node:205: TRY: 8
DEBUG: src/lcthw/hashmap.c:Hashmap_get_node:205: TRY: 9
DEBUG: src/lcthw/hashmap.c:Hashmap_get_node:205: TRY: 10
DEBUG: src/lcthw/hashmap.c:Hashmap_get_node:205: TRY: 11
DEBUG: src/lcthw/hashmap.c:Hashmap_get_node:205: TRY: 12
DEBUG: src/lcthw/hashmap.c:Hashmap_get_node:205: TRY: 13
DEBUG: src/lcthw/hashmap.c:Hashmap_get_node:205: TRY: 14
DEBUG: src/lcthw/hashmap.c:Hashmap_get_node:205: TRY: 15
DEBUG: src/lcthw/hashmap.c:Hashmap_get_node:205: TRY: 16
DEBUG: src/lcthw/hashmap.c:Hashmap_get_node:205: TRY: 17
DEBUG: src/lcthw/hashmap.c:Hashmap_get_node:205: TRY: 18
DEBUG: src/lcthw/hashmap.c:Hashmap_get_node:205: TRY: 19
DEBUG: src/lcthw/hashmap.c:Hashmap_get_node:205: TRY: 20
DEBUG: src/lcthw/hashmap.c:Hashmap_get_node:205: TRY: 21
DEBUG: src/lcthw/hashmap.c:Hashmap_get_node:205: TRY: 22
DEBUG: src/lcthw/hashmap.c:Hashmap_get_node:205: TRY: 23
DEBUG: src/lcthw/hashmap.c:Hashmap_get_node:205: TRY: 24
DEBUG: src/lcthw/hashmap.c:Hashmap_get_node:205: TRY: 25
DEBUG: src/lcthw/hashmap.c:Hashmap_get_node:205: TRY: 26
DEBUG: src/lcthw/hashmap.c:Hashmap_get_node:205: TRY: 27
DEBUG: src/lcthw/hashmap.c:Hashmap_get_node:205: TRY: 28
DEBUG: src/lcthw/hashmap.c:Hashmap_get_node:205: TRY: 29
DEBUG: src/lcthw/hashmap.c:Hashmap_get_node:205: TRY: 30
DEBUG: src/lcthw/hashmap.c:Hashmap_get_node:205: TRY: 31
DEBUG: src/lcthw/hashmap.c:Hashmap_get_node:205: TRY: 32
DEBUG: src/lcthw/hashmap.c:Hashmap_get_node:205: TRY: 33
DEBUG: src/lcthw/hashmap.c:Hashmap_get_node:205: TRY: 34
DEBUG: src/lcthw/hashmap.c:Hashmap_get_node:205: TRY: 35
DEBUG: src/lcthw/hashmap.c:Hashmap_get_node:205: TRY: 36
DEBUG: src/lcthw/hashmap.c:Hashmap_get_node:205: TRY: 37
DEBUG: src/lcthw/hashmap.c:Hashmap_get_node:205: TRY: 38
DEBUG: src/lcthw/hashmap.c:Hashmap_get_node:205: TRY: 39
DEBUG: src/lcthw/hashmap.c:Hashmap_get_node:205: TRY: 40
DEBUG: src/lcthw/hashmap.c:Hashmap_get_node:205: TRY: 41
DEBUG: src/lcthw/hashmap.c:Hashmap_get_node:205: TRY: 42
DEBUG: src/lcthw/hashmap.c:Hashmap_get_node:205: TRY: 43
DEBUG: src/lcthw/hashmap.c:Hashmap_get_node:205: TRY: 44
DEBUG: src/lcthw/hashmap.c:Hashmap_get_node:205: TRY: 45
DEBUG: src/lcthw/hashmap.c:Hashmap_get_node:205: TRY: 46
DEBUG: src/lcthw/hashmap.c:Hashmap_get_node:205: TRY: 47
DEBUG: src/lcthw/hashmap.c:Hashmap_get_node:205: TRY: 48
DEBUG: src/lcthw/hashmap.c:Hashmap_get_node:205: TRY: 49
DEBUG: src/lcthw/hashmap.c:Hashmap_get_node:205: TRY: 50
DEBUG: src/lcthw/hashmap.c:Hashmap_get_node:205: TRY: 51
DEBUG: src/lcthw/hashmap.c:Hashmap_get_node:205: TRY: 52
DEBUG: src/lcthw/hashmap.c:Hashmap_get_node:205: TRY: 53
DEBUG: src/lcthw/hashmap.c:Hashmap_get_node:205: TRY: 54
DEBUG: src/lcthw/hashmap.c:Hashmap_get_node:205: TRY: 55
DEBUG: src/lcthw/hashmap.c:Hashmap_get_node:205: TRY: 56
DEBUG: src/lcthw/hashmap.c:Hashmap_get_node:205: TRY: 57
DEBUG: src/lcthw/hashmap.c:Hashmap_get_node:205: TRY: 58
DEBUG: src/lcthw/hashmap.c:Hashmap_get_node:205: TRY: 59
DEBUG: src/lcthw/hashmap.c:Hashmap_get_node:205: TRY: 0
DEBUG: src/lcthw/hashmap.c:Hashmap_get_node:205: TRY: 1
DEBUG: src/lcthw/hashmap.c:Hashmap_get_node:205: TRY: 2
DEBUG: src/lcthw/hashmap.c:Hashmap_get_node:205: TRY: 3
DEBUG: src/lcthw/hashmap.c:Hashmap_get_node:205: TRY: 4
DEBUG: src/lcthw/hashmap.c:Hashmap_get_node:205: TRY: 5
DEBUG: src/lcthw/hashmap.c:Hashmap_get_node:205: TRY: 6
DEBUG: src/lcthw/hashmap.c:Hashmap_get_node:205: TRY: 7
DEBUG: src/lcthw/hashmap.c:Hashmap_get_node:205: TRY: 8
DEBUG: src/lcthw/hashmap.c:Hashmap_get_node:205: TRY: 9
DEBUG: src/lcthw/hashmap.c:Hashmap_get_node:205: TRY: 10
DEBUG: src/lcthw/hashmap.c:Hashmap_get_node:205: TRY: 11
DEBUG: src/lcthw/hashmap.c:Hashmap_get_node:205: TRY: 12
DEBUG: src/lcthw/hashmap.c:Hashmap_get_node:205: TRY: 13
DEBUG: src/lcthw/hashmap.c:Hashmap_get_node:205: TRY: 14
DEBUG: src/lcthw/hashmap.c:Hashmap_get_node:205: TRY: 15
DEBUG: src/lcthw/hashmap.c:Hashmap_get_node:205: TRY: 16
DEBUG: src/lcthw/hashmap.c:Hashmap_get_node:205: TRY: 17
DEBUG: src/lcthw/hashmap.c:Hashmap_get_node:205: TRY: 18
DEBUG: src/lcthw/hashmap.c:Hashmap_get_node:205: TRY: 19
DEBUG: src/lcthw/hashmap.c:Hashmap_get_node:205: TRY: 20
DEBUG: src/lcthw/hashmap.c:Hashmap_get_node:205: TRY: 21
DEBUG: src/lcthw/hashmap.c:Hashmap_get_node:205: TRY: 22
DEBUG: src/lcthw/hashmap.c:Hashmap_get_node:205: TRY: 23
DEBUG: src/lcthw/hashmap.c:Hashmap_get_node:205: TRY: 24
DEBUG: src/lcthw/hashmap.c:Hashmap_get_node:205: TRY: 25
DEBUG: src/lcthw/hashmap.c:Hashmap_get_node:205: TRY: 26
DEBUG: src/lcthw/hashmap.c:Hashmap_get_node:205: TRY: 27
DEBUG: src/lcthw/hashmap.c:Hashmap_get_node:205: TRY: 28
DEBUG: src/lcthw/hashmap.c:Hashmap_get_node:205: TRY: 29
DEBUG: src/lcthw/hashmap.c:Hashmap_get_node:205: TRY: 30
DEBUG: src/lcthw/hashmap.c:Hashmap_get_node:205: TRY: 31
DEBUG: src/lcthw/hashmap.c:Hashmap_get_node:205: TRY: 32
DEBUG: src/lcthw/hashmap.c:Hashmap_get_node:205: TRY: 33
DEBUG: src/lcthw/hashmap.c:Hashmap_get_node:205: TRY: 34
DEBUG: src/lcthw/hashmap.c:Hashmap_get_node:205: TRY: 35
DEBUG: src/lcthw/hashmap.c:Hashmap_get_node:205: TRY: 36
DEBUG: src/lcthw/hashmap.c:Hashmap_get_node:205: TRY: 37
DEBUG: src/lcthw/hashmap.c:Hashmap_get_node:205: TRY: 38
DEBUG: src/lcthw/hashmap.c:Hashmap_get_node:205: TRY: 39
DEBUG: src/lcthw/hashmap.c:Hashmap_get_node:205: TRY: 40
DEBUG: src/lcthw/hashmap.c:Hashmap_get_node:205: TRY: 41
DEBUG: src/lcthw/hashmap.c:Hashmap_get_node:205: TRY: 42
DEBUG: src/lcthw/hashmap.c:Hashmap_get_node:205: TRY: 43
DEBUG: src/lcthw/hashmap.c:Hashmap_get_node:205: TRY: 44
DEBUG: src/lcthw/hashmap.c:Hashmap_get_node:205: TRY: 45
DEBUG: src/lcthw/hashmap.c:Hashmap_get_node:205: TRY: 46
DEBUG: src/lcthw/hashmap.c:Hashmap_get_node:205: TRY: 47
DEBUG: src/lcthw/hashmap.c:Hashmap_get_node:205: TRY: 48
DEBUG: src/lcthw/hashmap.c:Hashmap_get_node:205: TRY: 49
DEBUG: src/lcthw/hashmap.c:Hashmap_get_node:205: TRY: 50
DEBUG: src/lcthw/hashmap.c:Hashmap_get_node:205: TRY: 51
DEBUG: src/lcthw/hashmap.c:Hashmap_get_node:205: TRY: 52
DEBUG: src/lcthw/hashmap.c:Hashmap_get_node:205: TRY: 53
DEBUG: src/lcthw/hashmap.c:Hashmap_get_node:205: TRY: 54
DEBUG: src/lcthw/hashmap.c:Hashmap_get_node:205: TRY: 55
DEBUG: src/lcthw/hashmap.c:Hashmap_get_node:205: TRY: 56
DEBUG: src/lcthw/hashmap.c:Hashmap_get_node:205: TRY: 57
DEBUG: src/lcthw/hashmap.c:Hashmap_get_node:205: TRY: 58
DEBUG: src/lcthw/hashmap.c:Hashmap_get_node:205: TRY: 59
DEBUG: src/lcthw/hashmap.c:Hashmap_get_node:205: TRY: 60
DEBUG: src/lcthw/hashmap.c:Hashmap_get_node:205: TRY: 61
DEBUG: src/lcthw/hashmap.c:Hashmap_get_node:205: TRY: 62
DEBUG: src/lcthw/hashmap.c:Hashmap_get_node:205: TRY: 63
DEBUG: src/lcthw/hashmap.c:Hashmap_get_node:205: TRY: 64
DEBUG: src/lcthw/hashmap.c:Hashmap_get_node:205: TRY: 65
DEBUG: src/lcthw/hashmap.c:Hashmap_get_node:205: TRY: 66
DEBUG: src/lcthw/hashmap.c:Hashmap_get_node:205: TRY: 0
DEBUG: src/lcthw/hashmap.c:Hashmap_get_node:205: TRY: 1
DEBUG: src/lcthw/hashmap.c:Hashmap_get_node:205: TRY: 2
DEBUG: src/lcthw/hashmap.c:Hashmap_get_node:205: TRY: 3
DEBUG: src/lcthw/hashmap.c:Hashmap_get_node:205: TRY: 4
DEBUG: src/lcthw/hashmap.c:Hashmap_get_node:205: TRY: 5
DEBUG: src/lcthw/hashmap.c:Hashmap_get_node:205: TRY: 6
DEBUG: src/lcthw/hashmap.c:Hashmap_get_node:205: TRY: 7
DEBUG: src/lcthw/hashmap.c:Hashmap_get_node:205: TRY: 8
DEBUG: src/lcthw/hashmap.c:Hashmap_get_node:205: TRY: 9
DEBUG: src/lcthw/hashmap.c:Hashmap_get_node:205: TRY: 10
DEBUG: src/lcthw/hashmap.c:Hashmap_get_node:205: TRY: 11
DEBUG: src/lcthw/hashmap.c:Hashmap_get_node:205: TRY: 12
DEBUG: src/lcthw/hashmap.c:Hashmap_get_node:205: TRY: 13
DEBUG: src/lcthw/hashmap.c:Hashmap_get_node:205: TRY: 14
DEBUG: src/lcthw/hashmap.c:Hashmap_get_node:205: TRY: 15
DEBUG: src/lcthw/hashmap.c:Hashmap_get_node:205: TRY: 16
DEBUG: src/lcthw/hashmap.c:Hashmap_get_node:205: TRY: 17
DEBUG: src/lcthw/hashmap.c:Hashmap_get_node:205: TRY: 18
DEBUG: src/lcthw/hashmap.c:Hashmap_get_node:205: TRY: 19
DEBUG: src/lcthw/hashmap.c:Hashmap_get_node:205: TRY: 20
DEBUG: src/lcthw/hashmap.c:Hashmap_get_node:205: TRY: 21
DEBUG: src/lcthw/hashmap.c:Hashmap_get_node:205: TRY: 22
DEBUG: src/lcthw/hashmap.c:Hashmap_get_node:205: TRY: 23
DEBUG: src/lcthw/hashmap.c:Hashmap_get_node:205: TRY: 24
DEBUG: src/lcthw/hashmap.c:Hashmap_get_node:205: TRY: 25
DEBUG: src/lcthw/hashmap.c:Hashmap_get_node:205: TRY: 26
DEBUG: src/lcthw/hashmap.c:Hashmap_get_node:205: TRY: 27
DEBUG: src/lcthw/hashmap.c:Hashmap_get_node:205: TRY: 28
DEBUG: src/lcthw/hashmap.c:Hashmap_get_node:205: TRY: 29
DEBUG: src/lcthw/hashmap.c:Hashmap_get_node:205: TRY: 30
DEBUG: src/lcthw/hashmap.c:Hashmap_get_node:205: TRY: 31
DEBUG: src/lcthw/hashmap.c:Hashmap_get_node:205: TRY: 32
DEBUG: src/lcthw/hashmap.c:Hashmap_get_node:205: TRY: 33
DEBUG: src/lcthw/hashmap.c:Hashmap_get_node:205: TRY: 34
DEBUG: src/lcthw/hashmap.c:Hashmap_get_node:205: TRY: 35
DEBUG: src/lcthw/hashmap.c:Hashmap_get_node:205: TRY: 36
DEBUG: src/lcthw/hashmap.c:Hashmap_get_node:205: TRY: 37
DEBUG: src/lcthw/hashmap.c:Hashmap_get_node:205: TRY: 38
DEBUG: src/lcthw/hashmap.c:Hashmap_get_node:205: TRY: 39
DEBUG: src/lcthw/hashmap.c:Hashmap_get_node:205: TRY: 40
DEBUG: src/lcthw/hashmap.c:Hashmap_get_node:205: TRY: 41
DEBUG: src/lcthw/hashmap.c:Hashmap_get_node:205: TRY: 42
DEBUG: src/lcthw/hashmap.c:Hashmap_get_node:205: TRY: 43
DEBUG: src/lcthw/hashmap.c:Hashmap_get_node:205: TRY: 44
DEBUG: src/lcthw/hashmap.c:Hashmap_get_node:205: TRY: 45
DEBUG: src/lcthw/hashmap.c:Hashmap_get_node:205: TRY: 46
DEBUG: src/lcthw/hashmap.c:Hashmap_get_node:205: TRY: 47
DEBUG: src/lcthw/hashmap.c:Hashmap_get_node:205: TRY: 48
DEBUG: src/lcthw/hashmap.c:Hashmap_get_node:205: TRY: 49
DEBUG: src/lcthw/hashmap.c:Hashmap_get_node:205: TRY: 50
DEBUG: src/lcthw/hashmap.c:Hashmap_get_node:205: TRY: 51
DEBUG: src/lcthw/hashmap.c:Hashmap_get_node:205: TRY: 52
DEBUG: src/lcthw/hashmap.c:Hashmap_get_node:205: TRY: 53
DEBUG: src/lcthw/hashmap.c:Hashmap_get_node:205: TRY: 54
DEBUG: src/lcthw/hashmap.c:Hashmap_get_node:205: TRY: 55
DEBUG: src/lcthw/hashmap.c:Hashmap_get_node:205: TRY: 56
DEBUG: src/lcthw/hashmap.c:Hashmap_get_node:205: TRY: 57
DEBUG: src/lcthw/hashmap.c:Hashmap_get_node:205: TRY: 58
DEBUG: src/lcthw/hashmap.c:Hashmap_get_node:205: TRY: 59
DEBUG: src/lcthw/hashmap.c:Hashmap_get_node:205: TRY: 60
DEBUG: src/lcthw/hashmap.c:Hashmap_get_node:205: TRY: 61
DEBUG: src/lcthw/hashmap.c:Hashmap_get_node:205: TRY: 62
DEBUG: src/lcthw/hashmap.c:Hashmap_get_node:205: TRY: 63
DEBUG: src/lcthw/hashmap.c:Hashmap_get_node:205: TRY: 64
DEBUG: src/lcthw/hashmap.c:Hashmap_get_node:205: TRY: 65
DEBUG: src/lcthw/hashmap.c:Hashmap_get_node:205: TRY: 66
DEBUG: src/lcthw/hashmap.c:Hashmap_get_node:205: TRY: 67
DEBUG: src/lcthw/hashmap.c:Hashmap_get_node:205: TRY: 68
DEBUG: src/lcthw/hashmap.c:Hashmap_get_node:205: TRY: 69
DEBUG: src/lcthw/hashmap.c:Hashmap_get_node:205: TRY: 70
DEBUG: src/lcthw/hashmap.c:Hashmap_get_node:205: TRY: 0
DEBUG: src/lcthw/hashmap.c:Hashmap_get_node:205: TRY: 1
DEBUG: src/lcthw/hashmap.c:Hashmap_get_node:205: TRY: 2
DEBUG: src/lcthw/hashmap.c:Hashmap_get_node:205: TRY: 3
DEBUG: src/lcthw/hashmap.c:Hashmap_get_node:205: TRY: 4
DEBUG: src/lcthw/hashmap.c:Hashmap_get_node:205: TRY: 5
DEBUG: src/lcthw/hashmap.c:Hashmap_get_node:205: TRY: 6
DEBUG: src/lcthw/hashmap.c:Hashmap_get_node:205: TRY: 7
DEBUG: src/lcthw/hashmap.c:Hashmap_get_node:205: TRY: 8
DEBUG: src/lcthw/hashmap.c:Hashmap_get_node:205: TRY: 9
DEBUG: src/lcthw/hashmap.c:Hashmap_get_node:205: TRY: 10
DEBUG: src/lcthw/hashmap.c:Hashmap_get_node:205: TRY: 11
DEBUG: src/lcthw/hashmap.c:Hashmap_get_node:205: TRY: 12
DEBUG: src/lcthw/hashmap.c:Hashmap_get_node:205: TRY: 13
DEBUG: src/lcthw/hashmap.c:Hashmap_get_node:205: TRY: 14
DEBUG: src/lcthw/hashmap.c:Hashmap_get_node:205: TRY: 15
DEBUG: src/lcthw/hashmap.c:Hashmap_get_node:205: TRY: 16
DEBUG: src/lcthw/hashmap.c:Hashmap_get_node:205: TRY: 17
DEBUG: src/lcthw/hashmap.c:Hashmap_get_node:205: TRY: 18
DEBUG: src/lcthw/hashmap.c:Hashmap_get_node:205: TRY: 19
DEBUG: src/lcthw/hashmap.c:Hashmap_get_node:205: TRY: 20
DEBUG: src/lcthw/hashmap.c:Hashmap_get_node:205: TRY: 21
DEBUG: src/lcthw/hashmap.c:Hashmap_get_node:205: TRY: 22
DEBUG: src/lcthw/hashmap.c:Hashmap_get_node:205: TRY: 23
DEBUG: src/lcthw/hashmap.c:Hashmap_get_node:205: TRY: 24
DEBUG: src/lcthw/hashmap.c:Hashmap_get_node:205: TRY: 25
DEBUG: src/lcthw/hashmap.c:Hashmap_get_node:205: TRY: 26
DEBUG: src/lcthw/hashmap.c:Hashmap_get_node:205: TRY: 27
DEBUG: src/lcthw/hashmap.c:Hashmap_get_node:205: TRY: 28
DEBUG: src/lcthw/hashmap.c:Hashmap_get_node:205: TRY: 29
DEBUG: src/lcthw/hashmap.c:Hashmap_get_node:205: TRY: 30
DEBUG: src/lcthw/hashmap.c:Hashmap_get_node:205: TRY: 31
DEBUG: src/lcthw/hashmap.c:Hashmap_get_node:205: TRY: 32
DEBUG: src/lcthw/hashmap.c:Hashmap_get_node:205: TRY: 33
DEBUG: src/lcthw/hashmap.c:Hashmap_get_node:205: TRY: 34
DEBUG: src/lcthw/hashmap.c:Hashmap_get_node:205: TRY: 35
DEBUG: src/lcthw/hashmap.c:Hashmap_get_node:205: TRY: 36
DEBUG: src/lcthw/hashmap.c:Hashmap_get_node:205: TRY: 37
DEBUG: src/lcthw/hashmap.c:Hashmap_get_node:205: TRY: 38
DEBUG: src/lcthw/hashmap.c:Hashmap_get_node:205: TRY: 39
DEBUG: src/lcthw/hashmap.c:Hashmap_get_node:205: TRY: 40
DEBUG: src/lcthw/hashmap.c:Hashmap_get_node:205: TRY: 41
DEBUG: src/lcthw/hashmap.c:Hashmap_get_node:205: TRY: 42
DEBUG: src/lcthw/hashmap.c:Hashmap_get_node:205: TRY: 43
DEBUG: src/lcthw/hashmap.c:Hashmap_get_node:205: TRY: 44
DEBUG: src/lcthw/hashmap.c:Hashmap_get_node:205: TRY: 45
DEBUG: src/lcthw/hashmap.c:Hashmap_get_node:205: TRY: 46
DEBUG: src/lcthw/hashmap.c:Hashmap_get_node:205: TRY: 47
DEBUG: src/lcthw/hashmap.c:Hashmap_get_node:205: TRY: 48
DEBUG: src/lcthw/hashmap.c:Hashmap_get_node:205: TRY: 49
DEBUG: src/lcthw/hashmap.c:Hashmap_get_node:205: TRY: 50
DEBUG: src/lcthw/hashmap.c:Hashmap_get_node:205: TRY: 51
DEBUG: src/lcthw/hashmap.c:Hashmap_get_node:205: TRY: 52
DEBUG: src/lcthw/hashmap.c:Hashmap_get_node:205: TRY: 53
DEBUG: src/lcthw/hashmap.c:Hashmap_get_node:205: TRY: 54
DEBUG: src/lcthw/hashmap.c:Hashmap_get_node:205: TRY: 55
DEBUG: src/lcthw/hashmap.c:Hashmap_get_node:205: TRY: 56
DEBUG: src/lcthw/hashmap.c:Hashmap_get_node:205: TRY: 57
DEBUG: src/lcthw/hashmap.c:Hashmap_get_node:205: TRY: 58
DEBUG: src/lcthw/hashmap.c:Hashmap_get_node:205: TRY: 59
DEBUG: src/lcthw/hashmap.c:Hashmap_get_node:205: TRY: 60
DEBUG: src/lcthw/hashmap.c:Hashmap_get_node:205: TRY: 61
DEBUG: src/lcthw/hashmap.c:Hashmap_get_node:205: TRY: 62
DEBUG: src/lcthw/hashmap.c:Hashmap_get_node:205: TRY: 63
DEBUG: src/lcthw/hashmap.c:Hashmap_get_node:205: TRY: 64
DEBUG: src/lcthw/hashmap.c:Hashmap_get_node:205: TRY: 65
DEBUG: src/lcthw/hashmap.c:Hashmap_get_node:205: TRY: 66
DEBUG: src/lcthw/hashmap.c:Hashmap_get_node:205: TRY: 67
DEBUG: src/lcthw/hashmap.c:Hashmap_get_node:205: TRY: 68
DEBUG: src/lcthw/hashmap.c:Hashmap_get_node:205: TRY: 69
DEBUG: src/lcthw/hashmap.c:Hashmap_get_node:205: TRY: 0
DEBUG: src/lcthw/hashmap.c:Hashmap_get_node:205: TRY: 1
DEBUG: src/lcthw/hashmap.c:Hashmap_get_node:205: TRY: 2
DEBUG: src/lcthw/hashmap.c:Hashmap_get_node:205: TRY: 3
DEBUG: src/lcthw/hashmap.c:Hashmap_get_node:205: TRY: 4
DEBUG: src/lcthw/hashmap.c:Hashmap_get_node:205: TRY: 5
DEBUG: src/lcthw/hashmap.c:Hashmap_get_node:205: TRY: 6
DEBUG: src/lcthw/hashmap.c:Hashmap_get_node:205: TRY: 7
DEBUG: src/lcthw/hashmap.c:Hashmap_get_node:205: TRY: 8
DEBUG: src/lcthw/hashmap.c:Hashmap_get_node:205: TRY: 9
DEBUG: src/lcthw/hashmap.c:Hashmap_get_node:205: TRY: 10
DEBUG: src/lcthw/hashmap.c:Hashmap_get_node:205: TRY: 11
DEBUG: src/lcthw/hashmap.c:Hashmap_get_node:205: TRY: 12
DEBUG: src/lcthw/hashmap.c:Hashmap_get_node:205: TRY: 13
DEBUG: src/lcthw/hashmap.c:Hashmap_get_node:205: TRY: 14
DEBUG: src/lcthw/hashmap.c:Hashmap_get_node:205: TRY: 15
DEBUG: src/lcthw/hashmap.c:Hashmap_get_node:205: TRY: 16
DEBUG: src/lcthw/hashmap.c:Hashmap_get_node:205: TRY: 17
DEBUG: src/lcthw/hashmap.c:Hashmap_get_node:205: TRY: 18
DEBUG: src/lcthw/hashmap.c:Hashmap_get_node:205: TRY: 19
DEBUG: src/lcthw/hashmap.c:Hashmap_get_node:205: TRY: 20
DEBUG: src/lcthw/hashmap.c:Hashmap_get_node:205: TRY: 21
DEBUG: src/lcthw/hashmap.c:Hashmap_get_node:205: TRY: 22
DEBUG: src/lcthw/hashmap.c:Hashmap_get_node:205: TRY: 23
DEBUG: src/lcthw/hashmap.c:Hashmap_get_node:205: TRY: 24
DEBUG: src/lcthw/hashmap.c:Hashmap_get_node:205: TRY: 25
DEBUG: src/lcthw/hashmap.c:Hashmap_get_node:205: TRY: 26
DEBUG: src/lcthw/hashmap.c:Hashmap_get_node:205: TRY: 27
DEBUG: src/lcthw/hashmap.c:Hashmap_get_node:205: TRY: 28
DEBUG: src/lcthw/hashmap.c:Hashmap_get_node:205: TRY: 29
DEBUG: src/lcthw/hashmap.c:Hashmap_get_node:205: TRY: 30
DEBUG: src/lcthw/hashmap.c:Hashmap_get_node:205: TRY: 31
DEBUG: src/lcthw/hashmap.c:Hashmap_get_node:205: TRY: 32
DEBUG: src/lcthw/hashmap.c:Hashmap_get_node:205: TRY: 33
DEBUG: src/lcthw/hashmap.c:Hashmap_get_node:205: TRY: 34
DEBUG: src/lcthw/hashmap.c:Hashmap_get_node:205: TRY: 35
DEBUG: src/lcthw/hashmap.c:Hashmap_get_node:205: TRY: 36
DEBUG: src/lcthw/hashmap.c:Hashmap_get_node:205: TRY: 37
DEBUG: src/lcthw/hashmap.c:Hashmap_get_node:205: TRY: 38
DEBUG: src/lcthw/hashmap.c:Hashmap_get_node:205: TRY: 39
DEBUG: src/lcthw/hashmap.c:Hashmap_get_node:205: TRY: 40
DEBUG: src/lcthw/hashmap.c:Hashmap_get_node:205: TRY: 41
DEBUG: src/lcthw/hashmap.c:Hashmap_get_node:205: TRY: 42
DEBUG: src/lcthw/hashmap.c:Hashmap_get_node:205: TRY: 43
DEBUG: src/lcthw/hashmap.c:Hashmap_get_node:205: TRY: 44
DEBUG: src/lcthw/hashmap.c:Hashmap_get_node:205: TRY: 45
DEBUG: src/lcthw/hashmap.c:Hashmap_get_node:205: TRY: 46
DEBUG: src/lcthw/hashmap.c:Hashmap_get_node:205: TRY: 47
DEBUG: src/lcthw/hashmap.c:Hashmap_get_node:205: TRY: 48
DEBUG: src/lcthw/hashmap.c:Hashmap_get_node:205: TRY: 49
DEBUG: src/lcthw/hashmap.c:Hashmap_get_node:205: TRY: 50
DEBUG: src/lcthw/hashmap.c:Hashmap_get_node:205: TRY: 51
DEBUG: src/lcthw/hashmap.c:Hashmap_get_node:205: TRY: 52
DEBUG: src/lcthw/hashmap.c:Hashmap_get_node:205: TRY: 53
DEBUG: src/lcthw/hashmap.c:Hashmap_get_node:205: TRY: 54
DEBUG: src/lcthw/hashmap.c:Hashmap_get_node:205: TRY: 55
DEBUG: src/lcthw/hashmap.c:Hashmap_get_node:205: TRY: 56
DEBUG: src/lcthw/hashmap.c:Hashmap_get_node:205: TRY: 57
DEBUG: src/lcthw/hashmap.c:Hashmap_get_node:205: TRY: 58
DEBUG: src/lcthw/hashmap.c:Hashmap_get_node:205: TRY: 59
DEBUG: src/lcthw/hashmap.c:Hashmap_get_node:205: TRY: 60
DEBUG: src/lcthw/hashmap.c:Hashmap_get_node:205: TRY: 61
DEBUG: src/lcthw/hashmap.c:Hashmap_get_node:205: TRY: 62
DEBUG: src/lcthw/hashmap.c:Hashmap_get_node:205: TRY: 63
DEBUG: src/lcthw/hashmap.c:Hashmap_get_node:205: TRY: 64
DEBUG: src/lcthw/hashmap.c:Hashmap_get_node:205: TRY: 65
DEBUG: src/lcthw/hashmap.c:Hashmap_get_node:205: TRY: 66
DEBUG: src/lcthw/hashmap.c:Hashmap_get_node:205: TRY: 67
DEBUG: src/lcthw/hashmap.c:Hashmap_get_node:205: TRY: 68
DEBUG: src/lcthw/hashmap.c:Hashmap_get_node:205: TRY: 69
DEBUG: src/lcthw/hashmap.c:Hashmap_get_node:205: TRY: 70
DEBUG: src/lcthw/hashmap.c:Hashmap_get_node:205: TRY: 0
DEBUG: src/lcthw/hashmap.c:Hashmap_get_node:205: TRY: 1
DEBUG: src/lcthw/hashmap.c:Hashmap_get_node:205: TRY: 2
DEBUG: src/lcthw/hashmap.c:Hashmap_get_node:205: TRY: 3
DEBUG: src/lcthw/hashmap.c:Hashmap_get_node:205: TRY: 4
DEBUG: src/lcthw/hashmap.c:Hashmap_get_node:205: TRY: 5
DEBUG: src/lcthw/hashmap.c:Hashmap_get_node:205: TRY: 6
DEBUG: src/lcthw/hashmap.c:Hashmap_get_node:205: TRY: 7
DEBUG: src/lcthw/hashmap.c:Hashmap_get_node:205: TRY: 8
DEBUG: src/lcthw/hashmap.c:Hashmap_get_node:205: TRY: 9
DEBUG: src/lcthw/hashmap.c:Hashmap_get_node:205: TRY: 10
DEBUG: src/lcthw/hashmap.c:Hashmap_get_node:205: TRY: 11
DEBUG: src/lcthw/hashmap.c:Hashmap_get_node:205: TRY: 12
DEBUG: src/lcthw/hashmap.c:Hashmap_get_node:205: TRY: 13
DEBUG: src/lcthw/hashmap.c:Hashmap_get_node:205: TRY: 14
DEBUG: src/lcthw/hashmap.c:Hashmap_get_node:205: TRY: 15
DEBUG: src/lcthw/hashmap.c:Hashmap_get_node:205: TRY: 16
DEBUG: src/lcthw/hashmap.c:Hashmap_get_node:205: TRY: 17
DEBUG: src/lcthw/hashmap.c:Hashmap_get_node:205: TRY: 18
DEBUG: src/lcthw/hashmap.c:Hashmap_get_node:205: TRY: 19
DEBUG: src/lcthw/hashmap.c:Hashmap_get_node:205: TRY: 20
DEBUG: src/lcthw/hashmap.c:Hashmap_get_node:205: TRY: 21
DEBUG: src/lcthw/hashmap.c:Hashmap_get_node:205: TRY: 22
DEBUG: src/lcthw/hashmap.c:Hashmap_get_node:205: TRY: 23
DEBUG: src/lcthw/hashmap.c:Hashmap_get_node:205: TRY: 24
DEBUG: src/lcthw/hashmap.c:Hashmap_get_node:205: TRY: 25
DEBUG: src/lcthw/hashmap.c:Hashmap_get_node:205: TRY: 26
DEBUG: src/lcthw/hashmap.c:Hashmap_get_node:205: TRY: 27
DEBUG: src/lcthw/hashmap.c:Hashmap_get_node:205: TRY: 28
DEBUG: src/lcthw/hashmap.c:Hashmap_get_node:205: TRY: 29
DEBUG: src/lcthw/hashmap.c:Hashmap_get_node:205: TRY: 30
DEBUG: src/lcthw/hashmap.c:Hashmap_get_node:205: TRY: 31
DEBUG: src/lcthw/hashmap.c:Hashmap_get_node:205: TRY: 32
DEBUG: src/lcthw/hashmap.c:Hashmap_get_node:205: TRY: 33
DEBUG: src/lcthw/hashmap.c:Hashmap_get_node:205: TRY: 34
DEBUG: src/lcthw/hashmap.c:Hashmap_get_node:205: TRY: 35
DEBUG: src/lcthw/hashmap.c:Hashmap_get_node:205: TRY: 36
DEBUG: src/lcthw/hashmap.c:Hashmap_get_node:205: TRY: 37
DEBUG: src/lcthw/hashmap.c:Hashmap_get_node:205: TRY: 38
DEBUG: src/lcthw/hashmap.c:Hashmap_get_node:205: TRY: 39
DEBUG: src/lcthw/hashmap.c:Hashmap_get_node:205: TRY: 40
DEBUG: src/lcthw/hashmap.c:Hashmap_get_node:205: TRY: 41
DEBUG: src/lcthw/hashmap.c:Hashmap_get_node:205: TRY: 42
DEBUG: src/lcthw/hashmap.c:Hashmap_get_node:205: TRY: 43
DEBUG: src/lcthw/hashmap.c:Hashmap_get_node:205: TRY: 44
DEBUG: src/lcthw/hashmap.c:Hashmap_get_node:205: TRY: 45
DEBUG: src/lcthw/hashmap.c:Hashmap_get_node:205: TRY: 46
DEBUG: src/lcthw/hashmap.c:Hashmap_get_node:205: TRY: 47
DEBUG: src/lcthw/hashmap.c:Hashmap_get_node:205: TRY: 48
DEBUG: src/lcthw/hashmap.c:Hashmap_get_node:205: TRY: 49
DEBUG: src/lcthw/hashmap.c:Hashmap_get_node:205: TRY: 50
DEBUG: src/lcthw/hashmap.c:Hashmap_get_node:205: TRY: 51
DEBUG: src/lcthw/hashmap.c:Hashmap_get_node:205: TRY: 52
DEBUG: src/lcthw/hashmap.c:Hashmap_get_node:205: TRY: 53
DEBUG: src/lcthw/hashmap.c:Hashmap_get_node:205: TRY: 54
DEBUG: src/lcthw/hashmap.c:Hashmap_get_node:205: TRY: 55
DEBUG: src/lcthw/hashmap.c:Hashmap_get_node:205: TRY: 56
DEBUG: src/lcthw/hashmap.c:Hashmap_get_node:205: TRY: 57
DEBUG: src/lcthw/hashmap.c:Hashmap_get_node:205: TRY: 58
DEBUG: src/lcthw/hashmap.c:Hashmap_get_node:205: TRY: 59
DEBUG: src/lcthw/hashmap.c:Hashmap_get_node:205: TRY: 60
DEBUG: src/lcthw/hashmap.c:Hashmap_get_node:205: TRY: 0
DEBUG: src/lcthw/hashmap.c:Hashmap_get_node:205: TRY: 1
DEBUG: src/lcthw/hashmap.c:Hashmap_get_node:205: TRY: 2
DEBUG: src/lcthw/hashmap.c:Hashmap_get_node:205: TRY: 3
DEBUG: src/lcthw/hashmap.c:Hashmap_get_node:205: TRY: 4
DEBUG: src/lcthw/hashmap.c:Hashmap_get_node:205: TRY: 5
DEBUG: src/lcthw/hashmap.c:Hashmap_get_node:205: TRY: 6
DEBUG: src/lcthw/hashmap.c:Hashmap_get_node:205: TRY: 7
DEBUG: src/lcthw/hashmap.c:Hashmap_get_node:205: TRY: 8
DEBUG: src/lcthw/hashmap.c:Hashmap_get_node:205: TRY: 9
DEBUG: src/lcthw/hashmap.c:Hashmap_get_node:205: TRY: 10
DEBUG: src/lcthw/hashmap.c:Hashmap_get_node:205: TRY: 11
DEBUG: src/lcthw/hashmap.c:Hashmap_get_node:205: TRY: 12
DEBUG: src/lcthw/hashmap.c:Hashmap_get_node:205: TRY: 13
DEBUG: src/lcthw/hashmap.c:Hashmap_get_node:205: TRY: 14
DEBUG: src/lcthw/hashmap.c:Hashmap_get_node:205: TRY: 15
DEBUG: src/lcthw/hashmap.c:Hashmap_get_node:205: TRY: 16
DEBUG: src/lcthw/hashmap.c:Hashmap_get_node:205: TRY: 17
DEBUG: src/lcthw/hashmap.c:Hashmap_get_node:205: TRY: 18
DEBUG: src/lcthw/hashmap.c:Hashmap_get_node:205: TRY: 19
DEBUG: src/lcthw/hashmap.c:Hashmap_get_node:205: TRY: 20
DEBUG: src/lcthw/hashmap.c:Hashmap_get_node:205: TRY: 21
DEBUG: src/lcthw/hashmap.c:Hashmap_get_node:205: TRY: 22
DEBUG: src/lcthw/hashmap.c:Hashmap_get_node:205: TRY: 23
DEBUG: src/lcthw/hashmap.c:Hashmap_get_node:205: TRY: 24
DEBUG: src/lcthw/hashmap.c:Hashmap_get_node:205: TRY: 25
DEBUG: src/lcthw/hashmap.c:Hashmap_get_node:205: TRY: 26
DEBUG: src/lcthw/hashmap.c:Hashmap_get_node:205: TRY: 27
DEBUG: src/lcthw/hashmap.c:Hashmap_get_node:205: TRY: 28
DEBUG: src/lcthw/hashmap.c:Hashmap_get_node:205: TRY: 29
DEBUG: src/lcthw/hashmap.c:Hashmap_get_node:205: TRY: 30
DEBUG: src/lcthw/hashmap.c:Hashmap_get_node:205: TRY: 31
DEBUG: src/lcthw/hashmap.c:Hashmap_get_node:205: TRY: 32
DEBUG: src/lcthw/hashmap.c:Hashmap_get_node:205: TRY: 33
DEBUG: src/lcthw/hashmap.c:Hashmap_get_node:205: TRY: 34
DEBUG: src/lcthw/hashmap.c:Hashmap_get_node:205: TRY: 35
DEBUG: src/lcthw/hashmap.c:Hashmap_get_node:205: TRY: 36
DEBUG: src/lcthw/hashmap.c:Hashmap_get_node:205: TRY: 37
DEBUG: src/lcthw/hashmap.c:Hashmap_get_node:205: TRY: 38
DEBUG: src/lcthw/hashmap.c:Hashmap_get_node:205: TRY: 39
DEBUG: src/lcthw/hashmap.c:Hashmap_get_node:205: TRY: 40
DEBUG: src/lcthw/hashmap.c:Hashmap_get_node:205: TRY: 41
DEBUG: src/lcthw/hashmap.c:Hashmap_get_node:205: TRY: 42
DEBUG: src/lcthw/hashmap.c:Hashmap_get_node:205: TRY: 43
DEBUG: src/lcthw/hashmap.c:Hashmap_get_node:205: TRY: 44
DEBUG: src/lcthw/hashmap.c:Hashmap_get_node:205: TRY: 45
DEBUG: src/lcthw/hashmap.c:Hashmap_get_node:205: TRY: 46
DEBUG: src/lcthw/hashmap.c:Hashmap_get_node:205: TRY: 47
DEBUG: src/lcthw/hashmap.c:Hashmap_get_node:205: TRY: 48
DEBUG: src/lcthw/hashmap.c:Hashmap_get_node:205: TRY: 49
DEBUG: src/lcthw/hashmap.c:Hashmap_get_node:205: TRY: 50
DEBUG: src/lcthw/hashmap.c:Hashmap_get_node:205: TRY: 51
DEBUG: src/lcthw/hashmap.c:Hashmap_get_node:205: TRY: 52
DEBUG: src/lcthw/hashmap.c:Hashmap_get_node:205: TRY: 53
DEBUG: src/lcthw/hashmap.c:Hashmap_get_node:205: TRY: 54
DEBUG: src/lcthw/hashmap.c:Hashmap_get_node:205: TRY: 55
DEBUG: src/lcthw/hashmap.c:Hashmap_get_node:205: TRY: 56
DEBUG: src/lcthw/hashmap.c:Hashmap_get_node:205: TRY: 57
DEBUG: src/lcthw/hashmap.c:Hashmap_get_node:205: TRY: 58
DEBUG: src/lcthw/hashmap.c:Hashmap_get_node:205: TRY: 59
DEBUG: src/lcthw/hashmap.c:Hashmap_get_node:205: TRY: 60
DEBUG: src/lcthw/hashmap.c:Hashmap_get_node:205: TRY: 61
DEBUG: src/lcthw/hashmap.c:Hashmap_get_node:205: TRY: 62
DEBUG: src/lcthw/hashmap.c:Hashmap_get_node:205: TRY: 63
DEBUG: src/lcthw/hashmap.c:Hashmap_get_node:205: TRY: 64
DEBUG: src/lcthw/hashmap.c:Hashmap_get_node:205: TRY: 65
DEBUG: src/lcthw/hashmap.c:Hashmap_get_node:205: TRY: 66
DEBUG: src/lcthw/hashmap.c:Hashmap_get_node:205: TRY: 67
DEBUG: src/lcthw/hashmap.c:Hashmap_get_node:205: TRY: 68
DEBUG: src/lcthw/hashmap.c:Hashmap_get_node:205: TRY: 69
DEBUG: src/lcthw/hashmap.c:Hashmap_get_node:205: TRY: 70
DEBUG: src/lcthw/hashmap.c:Hashmap_get_node:205: TRY: 71
DEBUG: src/lcthw/hashmap.c:Hashmap_get_node:205: TRY: 72
DEBUG: src/lcthw/hashmap.c:Hashmap_get_node:205: TRY: 73
DEBUG: src/lcthw/hashmap.c:Hashmap_get_node:205: TRY: 74
DEBUG: src/lcthw/hashmap.c:Hashmap_get_node:205: TRY: 75
DEBUG: src/lcthw/hashmap.c:Hashmap_get_node:205: TRY: 76
DEBUG: src/lcthw/hashmap.c:Hashmap_get_node:205: TRY: 77
DEBUG: src/lcthw/hashmap.c:Hashmap_get_node:205: TRY: 78
DEBUG: src/lcthw/hashmap.c:Hashmap_get_node:205: TRY: 79
DEBUG: src/lcthw/hashmap.c:Hashmap_get_node:205: TRY: 80
DEBUG: src/lcthw/hashmap.c:Hashmap_get_node:205: TRY: 81
DEBUG: src/lcthw/hashmap.c:Hashmap_get_node:205: TRY: 82
DEBUG: src/lcthw/hashmap.c:Hashmap_get_node:205: TRY: 83
DEBUG: src/lcthw/hashmap.c:Hashmap_get_node:205: TRY: 84
DEBUG: src/lcthw/hashmap.c:Hashmap_get_node:205: TRY: 85
DEBUG: src/lcthw/hashmap.c:Hashmap_get_node:205: TRY: 86
DEBUG: src/lcthw/hashmap.c:Hashmap_get_node:205: TRY: 87
DEBUG: src/lcthw/hashmap.c:Hashmap_get_node:205: TRY: 88
DEBUG: src/lcthw/hashmap.c:Hashmap_get_node:205: TRY: 89
DEBUG: src/lcthw/hashmap.c:Hashmap_get_node:205: TRY: 90
DEBUG: src/lcthw/hashmap.c:Hashmap_get_node:205: TRY: 91
DEBUG: src/lcthw/hashmap.c:Hashmap_get_node:205: TRY: 92
DEBUG: src/lcthw/hashmap.c:Hashmap_get_node:205: TRY: 93
DEBUG: src/lcthw/hashmap.c:Hashmap_get_node:205: TRY: 94
DEBUG: src/lcthw/hashmap.c:Hashmap_get_node:205: TRY: 95
DEBUG: src/lcthw/hashmap.c:Hashmap_get_node:205: TRY: 96
DEBUG: src/lcthw/hashmap.c:Hashmap_get_node:205: TRY: 97
DEBUG: src/lcthw/hashmap.c:Hashmap_get_node:205: TRY: 98
DEBUG: src/lcthw/hashmap.c:Hashmap_get_node:205: TRY: 0
DEBUG: src/lcthw/hashmap.c:Hashmap_get_node:205: TRY: 1
DEBUG: src/lcthw/hashmap.c:Hashmap_get_node:205: TRY: 2
DEBUG: src/lcthw/hashmap.c:Hashmap_get_node:205: TRY: 3
DEBUG: src/lcthw/hashmap.c:Hashmap_get_node:205: TRY: 4
DEBUG: src/lcthw/hashmap.c:Hashmap_get_node:205: TRY: 5
DEBUG: src/lcthw/hashmap.c:Hashmap_get_node:205: TRY: 6
DEBUG: src/lcthw/hashmap.c:Hashmap_get_node:205: TRY: 7
DEBUG: src/lcthw/hashmap.c:Hashmap_get_node:205: TRY: 8
DEBUG: src/lcthw/hashmap.c:Hashmap_get_node:205: TRY: 9
DEBUG: src/lcthw/hashmap.c:Hashmap_get_node:205: TRY: 10
DEBUG: src/lcthw/hashmap.c:Hashmap_get_node:205: TRY: 11
DEBUG: src/lcthw/hashmap.c:Hashmap_get_node:205: TRY: 12
DEBUG: src/lcthw/hashmap.c:Hashmap_get_node:205: TRY: 13
DEBUG: src/lcthw/hashmap.c:Hashmap_get_node:205: TRY: 14
DEBUG: src/lcthw/hashmap.c:Hashmap_get_node:205: TRY: 15
DEBUG: src/lcthw/hashmap.c:Hashmap_get_node:205: TRY: 16
DEBUG: src/lcthw/hashmap.c:Hashmap_get_node:205: TRY: 17
DEBUG: src/lcthw/hashmap.c:Hashmap_get_node:205: TRY: 18
DEBUG: src/lcthw/hashmap.c:Hashmap_get_node:205: TRY: 19
DEBUG: src/lcthw/hashmap.c:Hashmap_get_node:205: TRY: 20
DEBUG: src/lcthw/hashmap.c:Hashmap_get_node:205: TRY: 21
DEBUG: src/lcthw/hashmap.c:Hashmap_get_node:205: TRY: 22
DEBUG: src/lcthw/hashmap.c:Hashmap_get_node:205: TRY: 23
DEBUG: src/lcthw/hashmap.c:Hashmap_get_node:205: TRY: 24
DEBUG: src/lcthw/hashmap.c:Hashmap_get_node:205: TRY: 25
DEBUG: src/lcthw/hashmap.c:Hashmap_get_node:205: TRY: 26
DEBUG: src/lcthw/hashmap.c:Hashmap_get_node:205: TRY: 27
DEBUG: src/lcthw/hashmap.c:Hashmap_get_node:205: TRY: 28
DEBUG: src/lcthw/hashmap.c:Hashmap_get_node:205: TRY: 29
DEBUG: src/lcthw/hashmap.c:Hashmap_get_node:205: TRY: 30
DEBUG: src/lcthw/hashmap.c:Hashmap_get_node:205: TRY: 31
DEBUG: src/lcthw/hashmap.c:Hashmap_get_node:205: TRY: 32
DEBUG: src/lcthw/hashmap.c:Hashmap_get_node:205: TRY: 33
DEBUG: src/lcthw/hashmap.c:Hashmap_get_node:205: TRY: 34
DEBUG: src/lcthw/hashmap.c:Hashmap_get_node:205: TRY: 35
DEBUG: src/lcthw/hashmap.c:Hashmap_get_node:205: TRY: 36
DEBUG: src/lcthw/hashmap.c:Hashmap_get_node:205: TRY: 37
DEBUG: src/lcthw/hashmap.c:Hashmap_get_node:205: TRY: 38
DEBUG: src/lcthw/hashmap.c:Hashmap_get_node:205: TRY: 39
DEBUG: src/lcthw/hashmap.c:Hashmap_get_node:205: TRY: 40
DEBUG: src/lcthw/hashmap.c:Hashmap_get_node:205: TRY: 41
DEBUG: src/lcthw/hashmap.c:Hashmap_get_node:205: TRY: 42
DEBUG: src/lcthw/hashmap.c:Hashmap_get_node:205: TRY: 43
DEBUG: src/lcthw/hashmap.c:Hashmap_get_node:205: TRY: 44
DEBUG: src/lcthw/hashmap.c:Hashmap_get_node:205: TRY: 45
DEBUG: src/lcthw/hashmap.c:Hashmap_get_node:205: TRY: 46
DEBUG: src/lcthw/hashmap.c:Hashmap_get_node:205: TRY: 47
DEBUG: src/lcthw/hashmap.c:Hashmap_get_node:205: TRY: 48
DEBUG: src/lcthw/hashmap.c:Hashmap_get_node:205: TRY: 49
DEBUG: src/lcthw/hashmap.c:Hashmap_get_node:205: TRY: 50
DEBUG: src/lcthw/hashmap.c:Hashmap_get_node:205: TRY: 51
DEBUG: src/lcthw/hashmap.c:Hashmap_get_node:205: TRY: 52
DEBUG: src/lcthw/hashmap.c:Hashmap_get_node:205: TRY: 53
DEBUG: src/lcthw/hashmap.c:Hashmap_get_node:205: TRY: 54
DEBUG: src/lcthw/hashmap.c:Hashmap_get_node:205: TRY: 55
DEBUG: src/lcthw/hashmap.c:Hashmap_get_node:205: TRY: 56
DEBUG: src/lcthw/hashmap.c:Hashmap_get_node:205: TRY: 57
DEBUG: src/lcthw/hashmap.c:Hashmap_get_node:205: TRY: 58
DEBUG: src/lcthw/hashmap.c:Hashmap_get_node:205: TRY: 59
DEBUG: src/lcthw/hashmap.c:Hashmap_get_node:205: TRY: 60
DEBUG: src/lcthw/hashmap.c:Hashmap_get_node:205: TRY: 61
DEBUG: src/lcthw/hashmap.c:Hashmap_get_node:205: TRY: 0
DEBUG: src/lcthw/hashmap.c:Hashmap_get_node:205: TRY: 1
DEBUG: src/lcthw/hashmap.c:Hashmap_get_node:205: TRY: 2
DEBUG: src/lcthw/hashmap.c:Hashmap_get_node:205: TRY: 3
DEBUG: src/lcthw/hashmap.c:Hashmap_get_node:205: TRY: 4
DEBUG: src/lcthw/hashmap.c:Hashmap_get_node:205: TRY: 5
DEBUG: src/lcthw/hashmap.c:Hashmap_get_node:205: TRY: 6
DEBUG: src/lcthw/hashmap.c:Hashmap_get_node:205: TRY: 7
DEBUG: src/lcthw/hashmap.c:Hashmap_get_node:205: TRY: 8
DEBUG: src/lcthw/hashmap.c:Hashmap_get_node:205: TRY: 9
DEBUG: src/lcthw/hashmap.c:Hashmap_get_node:205: TRY: 10
DEBUG: src/lcthw/hashmap.c:Hashmap_get_node:205: TRY: 11
DEBUG: src/lcthw/hashmap.c:Hashmap_get_node:205: TRY: 12
DEBUG: src/lcthw/hashmap.c:Hashmap_get_node:205: TRY: 13
DEBUG: src/lcthw/hashmap.c:Hashmap_get_node:205: TRY: 14
DEBUG: src/lcthw/hashmap.c:Hashmap_get_node:205: TRY: 15
DEBUG: src/lcthw/hashmap.c:Hashmap_get_node:205: TRY: 16
DEBUG: src/lcthw/hashmap.c:Hashmap_get_node:205: TRY: 17
DEBUG: src/lcthw/hashmap.c:Hashmap_get_node:205: TRY: 18
DEBUG: src/lcthw/hashmap.c:Hashmap_get_node:205: TRY: 19
DEBUG: src/lcthw/hashmap.c:Hashmap_get_node:205: TRY: 20
DEBUG: src/lcthw/hashmap.c:Hashmap_get_node:205: TRY: 21
DEBUG: src/lcthw/hashmap.c:Hashmap_get_node:205: TRY: 22
DEBUG: src/lcthw/hashmap.c:Hashmap_get_node:205: TRY: 23
DEBUG: src/lcthw/hashmap.c:Hashmap_get_node:205: TRY: 24
DEBUG: src/lcthw/hashmap.c:Hashmap_get_node:205: TRY: 25
DEBUG: src/lcthw/hashmap.c:Hashmap_get_node:205: TRY: 26
DEBUG: src/lcthw/hashmap.c:Hashmap_get_node:205: TRY: 27
DEBUG: src/lcthw/hashmap.c:Hashmap_get_node:205: TRY: 28
DEBUG: src/lcthw/hashmap.c:Hashmap_get_node:205: TRY: 29
DEBUG: src/lcthw/hashmap.c:Hashmap_get_node:205: TRY: 30
DEBUG: src/lcthw/hashmap.c:Hashmap_get_node:205: TRY: 31
DEBUG: src/lcthw/hashmap.c:Hashmap_get_node:205: TRY: 32
DEBUG: src/lcthw/hashmap.c:Hashmap_get_node:205: TRY: 33
DEBUG: src/lcthw/hashmap.c:Hashmap_get_node:205: TRY: 34
DEBUG: src/lcthw/hashmap.c:Hashmap_get_node:205: TRY: 35
DEBUG: src/lcthw/hashmap.c:Hashmap_get_node:205: TRY: 36
DEBUG: src/lcthw/hashmap.c:Hashmap_get_node:205: TRY: 37
DEBUG: src/lcthw/hashmap.c:Hashmap_get_node:205: TRY: 38
DEBUG: src/lcthw/hashmap.c:Hashmap_get_node:205: TRY: 39
DEBUG: src/lcthw/hashmap.c:Hashmap_get_node:205: TRY: 40
DEBUG: src/lcthw/hashmap.c:Hashmap_get_node:205: TRY: 41
DEBUG: src/lcthw/hashmap.c:Hashmap_get_node:205: TRY: 42
DEBUG: src/lcthw/hashmap.c:Hashmap_get_node:205: TRY: 43
DEBUG: src/lcthw/hashmap.c:Hashmap_get_node:205: TRY: 44
DEBUG: src/lcthw/hashmap.c:Hashmap_get_node:205: TRY: 45
DEBUG: src/lcthw/hashmap.c:Hashmap_get_node:205: TRY: 46
DEBUG: src/lcthw/hashmap.c:Hashmap_get_node:205: TRY: 47
DEBUG: src/lcthw/hashmap.c:Hashmap_get_node:205: TRY: 48
DEBUG: src/lcthw/hashmap.c:Hashmap_get_node:205: TRY: 49
DEBUG: src/lcthw/hashmap.c:Hashmap_get_node:205: TRY: 50
DEBUG: src/lcthw/hashmap.c:Hashmap_get_node:205: TRY: 51
DEBUG: src/lcthw/hashmap.c:Hashmap_get_node:205: TRY: 52
DEBUG: src/lcthw/hashmap.c:Hashmap_get_node:205: TRY: 53
DEBUG: src/lcthw/hashmap.c:Hashmap_get_node:205: TRY: 54
DEBUG: src/lcthw/hashmap.c:Hashmap_get_node:205: TRY: 55
DEBUG: src/lcthw/hashmap.c:Hashmap_get_node:205: TRY: 56
DEBUG: src/lcthw/hashmap.c:Hashmap_get_node:205: TRY: 57
DEBUG: src/lcthw/hashmap.c:Hashmap_get_node:205: TRY: 58
DEBUG: src/lcthw/hashmap.c:Hashmap_get_node:205: TRY: 59
DEBUG: src/lcthw/hashmap.c:Hashmap_get_node:205: TRY: 60
DEBUG: src/lcthw/hashmap.c:Hashmap_get_node:205: TRY: 61
DEBUG: src/lcthw/hashmap.c:Hashmap_get_node:205: TRY: 62
DEBUG: src/lcthw/hashmap.c:Hashmap_get_node:205: TRY: 63
DEBUG: src/lcthw/hashmap.c:Hashmap_get_node:205: TRY: 64
DEBUG: src/lcthw/hashmap.c:Hashmap_get_node:205: TRY: 65
DEBUG: src/lcthw/hashmap.c:Hashmap_get_node:205: TRY: 66
DEBUG: src/lcthw/hashmap.c:Hashmap_get_node:205: TRY: 67
DEBUG: src/lcthw/hashmap.c:Hashmap_get_node:205: TRY: 68
DEBUG: src/lcthw/hashmap.c:Hashmap_get_node:205: TRY: 69
DEBUG: src/lcthw/hashmap.c:Hashmap_get_node:205: TRY: 0
DEBUG: src/lcthw/hashmap.c:Hashmap_get_node:205: TRY: 1
DEBUG: src/lcthw/hashmap.c:Hashmap_get_node:205: TRY: 2
DEBUG: src/lcthw/hashmap.c:Hashmap_get_node:205: TRY: 3
DEBUG: src/lcthw/hashmap.c:Hashmap_get_node:205: TRY: 4
DEBUG: src/lcthw/hashmap.c:Hashmap_get_node:205: TRY: 5
DEBUG: src/lcthw/hashmap.c:Hashmap_get_node:205: TRY: 6
DEBUG: src/lcthw/hashmap.c:Hashmap_get_node:205: TRY: 7
DEBUG: src/lcthw/hashmap.c:Hashmap_get_node:205: TRY: 8
DEBUG: src/lcthw/hashmap.c:Hashmap_get_node:205: TRY: 9
DEBUG: src/lcthw/hashmap.c:Hashmap_get_node:205: TRY: 10
DEBUG: src/lcthw/hashmap.c:Hashmap_get_node:205: TRY: 11
DEBUG: src/lcthw/hashmap.c:Hashmap_get_node:205: TRY: 12
DEBUG: src/lcthw/hashmap.c:Hashmap_get_node:205: TRY: 13
DEBUG: src/lcthw/hashmap.c:Hashmap_get_node:205: TRY: 14
DEBUG: src/lcthw/hashmap.c:Hashmap_get_node:205: TRY: 15
DEBUG: src/lcthw/hashmap.c:Hashmap_get_node:205: TRY: 16
DEBUG: src/lcthw/hashmap.c:Hashmap_get_node:205: TRY: 17
DEBUG: src/lcthw/hashmap.c:Hashmap_get_node:205: TRY: 18
DEBUG: src/lcthw/hashmap.c:Hashmap_get_node:205: TRY: 19
DEBUG: src/lcthw/hashmap.c:Hashmap_get_node:205: TRY: 20
DEBUG: src/lcthw/hashmap.c:Hashmap_get_node:205: TRY: 21
DEBUG: src/lcthw/hashmap.c:Hashmap_get_node:205: TRY: 22
DEBUG: src/lcthw/hashmap.c:Hashmap_get_node:205: TRY: 23
DEBUG: src/lcthw/hashmap.c:Hashmap_get_node:205: TRY: 24
DEBUG: src/lcthw/hashmap.c:Hashmap_get_node:205: TRY: 25
DEBUG: src/lcthw/hashmap.c:Hashmap_get_node:205: TRY: 26
DEBUG: src/lcthw/hashmap.c:Hashmap_get_node:205: TRY: 27
DEBUG: src/lcthw/hashmap.c:Hashmap_get_node:205: TRY: 28
DEBUG: src/lcthw/hashmap.c:Hashmap_get_node:205: TRY: 29
DEBUG: src/lcthw/hashmap.c:Hashmap_get_node:205: TRY: 30
DEBUG: src/lcthw/hashmap.c:Hashmap_get_node:205: TRY: 31
DEBUG: src/lcthw/hashmap.c:Hashmap_get_node:205: TRY: 32
DEBUG: src/lcthw/hashmap.c:Hashmap_get_node:205: TRY: 33
DEBUG: src/lcthw/hashmap.c:Hashmap_get_node:205: TRY: 34
DEBUG: src/lcthw/hashmap.c:Hashmap_get_node:205: TRY: 35
DEBUG: src/lcthw/hashmap.c:Hashmap_get_node:205: TRY: 36
DEBUG: src/lcthw/hashmap.c:Hashmap_get_node:205: TRY: 37
DEBUG: src/lcthw/hashmap.c:Hashmap_get_node:205: TRY: 38
DEBUG: src/lcthw/hashmap.c:Hashmap_get_node:205: TRY: 39
DEBUG: src/lcthw/hashmap.c:Hashmap_get_node:205: TRY: 40
DEBUG: src/lcthw/hashmap.c:Hashmap_get_node:205: TRY: 41
DEBUG: src/lcthw/hashmap.c:Hashmap_get_node:205: TRY: 42
DEBUG: src/lcthw/hashmap.c:Hashmap_get_node:205: TRY: 43
DEBUG: src/lcthw/hashmap.c:Hashmap_get_node:205: TRY: 44
DEBUG: src/lcthw/hashmap.c:Hashmap_get_node:205: TRY: 45
DEBUG: src/lcthw/hashmap.c:Hashmap_get_node:205: TRY: 46
DEBUG: src/lcthw/hashmap.c:Hashmap_get_node:205: TRY: 47
DEBUG: src/lcthw/hashmap.c:Hashmap_get_node:205: TRY: 48
DEBUG: src/lcthw/hashmap.c:Hashmap_get_node:205: TRY: 49
DEBUG: src/lcthw/hashmap.c:Hashmap_get_node:205: TRY: 50
DEBUG: src/lcthw/hashmap.c:Hashmap_get_node:205: TRY: 51
DEBUG: src/lcthw/hashmap.c:Hashmap_get_node:205: TRY: 52
DEBUG: src/lcthw/hashmap.c:Hashmap_get_node:205: TRY: 53
DEBUG: src/lcthw/hashmap.c:Hashmap_get_node:205: TRY: 54
DEBUG: src/lcthw/hashmap.c:Hashmap_get_node:205: TRY: 55
DEBUG: src/lcthw/hashmap.c:Hashmap_get_node:205: TRY: 56
DEBUG: src/lcthw/hashmap.c:Hashmap_get_node:205: TRY: 57
DEBUG: src/lcthw/hashmap.c:Hashmap_get_node:205: TRY: 58
DEBUG: src/lcthw/hashmap.c:Hashmap_get_node:205: TRY: 59
DEBUG: src/lcthw/hashmap.c:Hashmap_get_node:205: TRY: 60
DEBUG: src/lcthw/hashmap.c:Hashmap_get_node:205: TRY: 61
DEBUG: src/lcthw/hashmap.c:Hashmap_get_node:205: TRY: 62
DEBUG: src/lcthw/hashmap.c:Hashmap_get_node:205: TRY: 63
DEBUG: src/lcthw/hashmap.c:Hashmap_get_node:205: TRY: 64
DEBUG: src/lcthw/hashmap.c:Hashmap_get_node:205: TRY: 65
DEBUG: src/lcthw/hashmap.c:Hashmap_get_node:205: TRY: 66
DEBUG: src/lcthw/hashmap.c:Hashmap_get_node:205: TRY: 67
DEBUG: src/lcthw/hashmap.c:Hashmap_get_node:205: TRY: 68
DEBUG: src/lcthw/hashmap.c:Hashmap_get_node:205: TRY: 69
DEBUG: src/lcthw/hashmap.c:Hashmap_get_node:205: TRY: 0
DEBUG: src/lcthw/hashmap.c:Hashmap_get_node:205: TRY: 1
DEBUG: src/lcthw/hashmap.c:Hashmap_get_node:205: TRY: 2
DEBUG: src/lcthw/hashmap.c:Hashmap_get_node:205: TRY: 3
DEBUG: src/lcthw/hashmap.c:Hashmap_get_node:205: TRY: 4
DEBUG: src/lcthw/hashmap.c:Hashmap_get_node:205: TRY: 5
DEBUG: src/lcthw/hashmap.c:Hashmap_get_node:205: TRY: 6
DEBUG: src/lcthw/hashmap.c:Hashmap_get_node:205: TRY: 7
DEBUG: src/lcthw/hashmap.c:Hashmap_get_node:205: TRY: 8
DEBUG: src/lcthw/hashmap.c:Hashmap_get_node:205: TRY: 9
DEBUG: src/lcthw/hashmap.c:Hashmap_get_node:205: TRY: 10
DEBUG: src/lcthw/hashmap.c:Hashmap_get_node:205: TRY: 11
DEBUG: src/lcthw/hashmap.c:Hashmap_get_node:205: TRY: 12
DEBUG: src/lcthw/hashmap.c:Hashmap_get_node:205: TRY: 13
DEBUG: src/lcthw/hashmap.c:Hashmap_get_node:205: TRY: 14
DEBUG: src/lcthw/hashmap.c:Hashmap_get_node:205: TRY: 15
DEBUG: src/lcthw/hashmap.c:Hashmap_get_node:205: TRY: 16
DEBUG: src/lcthw/hashmap.c:Hashmap_get_node:205: TRY: 17
DEBUG: src/lcthw/hashmap.c:Hashmap_get_node:205: TRY: 18
DEBUG: src/lcthw/hashmap.c:Hashmap_get_node:205: TRY: 19
DEBUG: src/lcthw/hashmap.c:Hashmap_get_node:205: TRY: 20
DEBUG: src/lcthw/hashmap.c:Hashmap_get_node:205: TRY: 21
DEBUG: src/lcthw/hashmap.c:Hashmap_get_node:205: TRY: 22
DEBUG: src/lcthw/hashmap.c:Hashmap_get_node:205: TRY: 23
DEBUG: src/lcthw/hashmap.c:Hashmap_get_node:205: TRY: 24
DEBUG: src/lcthw/hashmap.c:Hashmap_get_node:205: TRY: 25
DEBUG: src/lcthw/hashmap.c:Hashmap_get_node:205: TRY: 26
DEBUG: src/lcthw/hashmap.c:Hashmap_get_node:205: TRY: 27
DEBUG: src/lcthw/hashmap.c:Hashmap_get_node:205: TRY: 28
DEBUG: src/lcthw/hashmap.c:Hashmap_get_node:205: TRY: 29
DEBUG: src/lcthw/hashmap.c:Hashmap_get_node:205: TRY: 30
DEBUG: src/lcthw/hashmap.c:Hashmap_get_node:205: TRY: 31
DEBUG: src/lcthw/hashmap.c:Hashmap_get_node:205: TRY: 32
DEBUG: src/lcthw/hashmap.c:Hashmap_get_node:205: TRY: 33
DEBUG: src/lcthw/hashmap.c:Hashmap_get_node:205: TRY: 34
DEBUG: src/lcthw/hashmap.c:Hashmap_get_node:205: TRY: 35
DEBUG: src/lcthw/hashmap.c:Hashmap_get_node:205: TRY: 36
DEBUG: src/lcthw/hashmap.c:Hashmap_get_node:205: TRY: 37
DEBUG: src/lcthw/hashmap.c:Hashmap_get_node:205: TRY: 38
DEBUG: src/lcthw/hashmap.c:Hashmap_get_node:205: TRY: 39
DEBUG: src/lcthw/hashmap.c:Hashmap_get_node:205: TRY: 40
DEBUG: src/lcthw/hashmap.c:Hashmap_get_node:205: TRY: 41
DEBUG: src/lcthw/hashmap.c:Hashmap_get_node:205: TRY: 42
DEBUG: src/lcthw/hashmap.c:Hashmap_get_node:205: TRY: 43
DEBUG: src/lcthw/hashmap.c:Hashmap_get_node:205: TRY: 44
DEBUG: src/lcthw/hashmap.c:Hashmap_get_node:205: TRY: 45
DEBUG: src/lcthw/hashmap.c:Hashmap_get_node:205: TRY: 46
DEBUG: src/lcthw/hashmap.c:Hashmap_get_node:205: TRY: 47
DEBUG: src/lcthw/hashmap.c:Hashmap_get_node:205: TRY: 48
DEBUG: src/lcthw/hashmap.c:Hashmap_get_node:205: TRY: 49
DEBUG: src/lcthw/hashmap.c:Hashmap_get_node:205: TRY: 50
DEBUG: src/lcthw/hashmap.c:Hashmap_get_node:205: TRY: 51
DEBUG: src/lcthw/hashmap.c:Hashmap_get_node:205: TRY: 52
DEBUG: src/lcthw/hashmap.c:Hashmap_get_node:205: TRY: 53
DEBUG: src/lcthw/hashmap.c:Hashmap_get_node:205: TRY: 54
DEBUG: src/lcthw/hashmap.c:Hashmap_get_node:205: TRY: 55
DEBUG: src/lcthw/hashmap.c:Hashmap_get_node:205: TRY: 56
DEBUG: src/lcthw/hashmap.c:Hashmap_get_node:205: TRY: 57
DEBUG: src/lcthw/hashmap.c:Hashmap_get_node:205: TRY: 58
DEBUG: src/lcthw/hashmap.c:Hashmap_get_node:205: TRY: 59
DEBUG: src/lcthw/hashmap.c:Hashmap_get_node:205: TRY: 60
DEBUG: src/lcthw/hashmap.c:Hashmap_get_node:205: TRY: 61
DEBUG: src/lcthw/hashmap.c:Hashmap_get_node:205: TRY: 62
DEBUG: src/lcthw/hashmap.c:Hashmap_get_node:205: TRY: 63
DEBUG: src/lcthw/hashmap.c:Hashmap_get_node:205: TRY: 64
DEBUG: src/lcthw/hashmap.c:Hashmap_get_node:205: TRY: 65
DEBUG: src/lcthw/hashmap.c:Hashmap_get_node:205: TRY: 66
DEBUG: src/lcthw/hashmap.c:Hashmap_get_node:205: TRY: 67
DEBUG: src/lcthw/hashmap.c:Hashmap_get_node:205: TRY: 68
DEBUG: src/lcthw/hashmap.c:Hashmap_get_node:205: TRY: 69
DEBUG: src/lcthw/hashmap.c:Hashmap_get_node:205: TRY: 70
DEBUG: src/lcthw/hashmap.c:Hashmap_get_node:205: TRY: 71
DEBUG: src/lcthw/hashmap.c:Hashmap_get_node:205: TRY: 0
DEBUG: src/lcthw/hashmap.c:Hashmap_get_node:205: TRY: 1
DEBUG: src/lcthw/hashmap.c:Hashmap_get_node:205: TRY: 2
DEBUG: src/lcthw/hashmap.c:Hashmap_get_node:205: TRY: 3
DEBUG: src/lcthw/hashmap.c:Hashmap_get_node:205: TRY: 4
DEBUG: src/lcthw/hashmap.c:Hashmap_get_node:205: TRY: 5
DEBUG: src/lcthw/hashmap.c:Hashmap_get_node:205: TRY: 6
DEBUG: src/lcthw/hashmap.c:Hashmap_get_node:205: TRY: 7
DEBUG: src/lcthw/hashmap.c:Hashmap_get_node:205: TRY: 8
DEBUG: src/lcthw/hashmap.c:Hashmap_get_node:205: TRY: 9
DEBUG: src/lcthw/hashmap.c:Hashmap_get_node:205: TRY: 10
DEBUG: src/lcthw/hashmap.c:Hashmap_get_node:205: TRY: 11
DEBUG: src/lcthw/hashmap.c:Hashmap_get_node:205: TRY: 12
DEBUG: src/lcthw/hashmap.c:Hashmap_get_node:205: TRY: 13
DEBUG: src/lcthw/hashmap.c:Hashmap_get_node:205: TRY: 14
DEBUG: src/lcthw/hashmap.c:Hashmap_get_node:205: TRY: 15
DEBUG: src/lcthw/hashmap.c:Hashmap_get_node:205: TRY: 16
DEBUG: src/lcthw/hashmap.c:Hashmap_get_node:205: TRY: 17
DEBUG: src/lcthw/hashmap.c:Hashmap_get_node:205: TRY: 18
DEBUG: src/lcthw/hashmap.c:Hashmap_get_node:205: TRY: 19
DEBUG: src/lcthw/hashmap.c:Hashmap_get_node:205: TRY: 20
DEBUG: src/lcthw/hashmap.c:Hashmap_get_node:205: TRY: 21
DEBUG: src/lcthw/hashmap.c:Hashmap_get_node:205: TRY: 22
DEBUG: src/lcthw/hashmap.c:Hashmap_get_node:205: TRY: 23
DEBUG: src/lcthw/hashmap.c:Hashmap_get_node:205: TRY: 24
DEBUG: src/lcthw/hashmap.c:Hashmap_get_node:205: TRY: 25
DEBUG: src/lcthw/hashmap.c:Hashmap_get_node:205: TRY: 26
DEBUG: src/lcthw/hashmap.c:Hashmap_get_node:205: TRY: 27
DEBUG: src/lcthw/hashmap.c:Hashmap_get_node:205: TRY: 28
DEBUG: src/lcthw/hashmap.c:Hashmap_get_node:205: TRY: 29
DEBUG: src/lcthw/hashmap.c:Hashmap_get_node:205: TRY: 30
DEBUG: src/lcthw/hashmap.c:Hashmap_get_node:205: TRY: 31
DEBUG: src/lcthw/hashmap.c:Hashmap_get_node:205: TRY: 32
DEBUG: src/lcthw/hashmap.c:Hashmap_get_node:205: TRY: 33
DEBUG: src/lcthw/hashmap.c:Hashmap_get_node:205: TRY: 34
DEBUG: src/lcthw/hashmap.c:Hashmap_get_node:205: TRY: 35
DEBUG: src/lcthw/hashmap.c:Hashmap_get_node:205: TRY: 36
DEBUG: src/lcthw/hashmap.c:Hashmap_get_node:205: TRY: 37
DEBUG: src/lcthw/hashmap.c:Hashmap_get_node:205: TRY: 38
DEBUG: src/lcthw/hashmap.c:Hashmap_get_node:205: TRY: 39
DEBUG: src/lcthw/hashmap.c:Hashmap_get_node:205: TRY: 40
DEBUG: src/lcthw/hashmap.c:Hashmap_get_node:205: TRY: 41
DEBUG: src/lcthw/hashmap.c:Hashmap_get_node:205: TRY: 42
DEBUG: src/lcthw/hashmap.c:Hashmap_get_node:205: TRY: 43
DEBUG: src/lcthw/hashmap.c:Hashmap_get_node:205: TRY: 44
DEBUG: src/lcthw/hashmap.c:Hashmap_get_node:205: TRY: 45
DEBUG: src/lcthw/hashmap.c:Hashmap_get_node:205: TRY: 46
DEBUG: src/lcthw/hashmap.c:Hashmap_get_node:205: TRY: 47
DEBUG: src/lcthw/hashmap.c:Hashmap_get_node:205: TRY: 48
DEBUG: src/lcthw/hashmap.c:Hashmap_get_node:205: TRY: 49
DEBUG: src/lcthw/hashmap.c:Hashmap_get_node:205: TRY: 50
DEBUG: src/lcthw/hashmap.c:Hashmap_get_node:205: TRY: 51
DEBUG: src/lcthw/hashmap.c:Hashmap_get_node:205: TRY: 52
DEBUG: src/lcthw/hashmap.c:Hashmap_get_node:205: TRY: 53
DEBUG: src/lcthw/hashmap.c:Hashmap_get_node:205: TRY: 54
DEBUG: src/lcthw/hashmap.c:Hashmap_get_node:205: TRY: 55
DEBUG: src/lcthw/hashmap.c:Hashmap_get_node:205: TRY: 56
DEBUG: src/lcthw/hashmap.c:Hashmap_get_node:205: TRY: 57
DEBUG: src/lcthw/hashmap.c:Hashmap_get_node:205: TRY: 58
DEBUG: src/lcthw/hashmap.c:Hashmap_get_node:205: TRY: 59
DEBUG: src/lcthw/hashmap.c:Hashmap_get_node:205: TRY: 60
DEBUG: src/lcthw/hashmap.c:Hashmap_get_node:205: TRY: 61
DEBUG: src/lcthw/hashmap.c:Hashmap_get_node:205: TRY: 62
DEBUG: src/lcthw/hashmap.c:Hashmap_get_node:205: TRY: 63
DEBUG: src/lcthw/hashmap.c:Hashmap_get_node:205: TRY: 64
DEBUG: src/lcthw/hashmap.c:Hashmap_get_node:205: TRY: 65
DEBUG: src/lcthw/hashmap.c:Hashmap_get_node:205: TRY: 66
DEBUG: src/lcthw/hashmap.c:Hashmap_get_node:205: TRY: 67
DEBUG: src/lcthw/hashmap.c:Hashmap_get_node:205: TRY: 68
DEBUG: src/lcthw/hashmap.c:Hashmap_get_node:205: TRY: 69
DEBUG: src/lcthw/hashmap.c:Hashmap_get_node:205: TRY: 70
DEBUG: src/lcthw/hashmap.c:Hashmap_get_node:205: TRY: 0
DEBUG: src/lcthw/hashmap.c:Hashmap_get_node:205: TRY: 1
DEBUG: src/lcthw/hashmap.c:Hashmap_get_node:205: TRY: 2
DEBUG: src/lcthw/hashmap.c:Hashmap_get_node:205: TRY: 3
DEBUG: src/lcthw/hashmap.c:Hashmap_get_node:205: TRY: 4
DEBUG: src/lcthw/hashmap.c:Hashmap_get_node:205: TRY: 5
DEBUG: src/lcthw/hashmap.c:Hashmap_get_node:205: TRY: 6
DEBUG: src/lcthw/hashmap.c:Hashmap_get_node:205: TRY: 7
DEBUG: src/lcthw/hashmap.c:Hashmap_get_node:205: TRY: 8
DEBUG: src/lcthw/hashmap.c:Hashmap_get_node:205: TRY: 9
DEBUG: src/lcthw/hashmap.c:Hashmap_get_node:205: TRY: 10
DEBUG: src/lcthw/hashmap.c:Hashmap_get_node:205: TRY: 11
DEBUG: src/lcthw/hashmap.c:Hashmap_get_node:205: TRY: 12
DEBUG: src/lcthw/hashmap.c:Hashmap_get_node:205: TRY: 13
DEBUG: src/lcthw/hashmap.c:Hashmap_get_node:205: TRY: 14
DEBUG: src/lcthw/hashmap.c:Hashmap_get_node:205: TRY: 15
DEBUG: src/lcthw/hashmap.c:Hashmap_get_node:205: TRY: 16
DEBUG: src/lcthw/hashmap.c:Hashmap_get_node:205: TRY: 17
DEBUG: src/lcthw/hashmap.c:Hashmap_get_node:205: TRY: 18
DEBUG: src/lcthw/hashmap.c:Hashmap_get_node:205: TRY: 19
DEBUG: src/lcthw/hashmap.c:Hashmap_get_node:205: TRY: 20
DEBUG: src/lcthw/hashmap.c:Hashmap_get_node:205: TRY: 21
DEBUG: src/lcthw/hashmap.c:Hashmap_get_node:205: TRY: 22
DEBUG: src/lcthw/hashmap.c:Hashmap_get_node:205: TRY: 23
DEBUG: src/lcthw/hashmap.c:Hashmap_get_node:205: TRY: 24
DEBUG: src/lcthw/hashmap.c:Hashmap_get_node:205: TRY: 25
DEBUG: src/lcthw/hashmap.c:Hashmap_get_node:205: TRY: 26
DEBUG: src/lcthw/hashmap.c:Hashmap_get_node:205: TRY: 27
DEBUG: src/lcthw/hashmap.c:Hashmap_get_node:205: TRY: 28
DEBUG: src/lcthw/hashmap.c:Hashmap_get_node:205: TRY: 29
DEBUG: src/lcthw/hashmap.c:Hashmap_get_node:205: TRY: 30
DEBUG: src/lcthw/hashmap.c:Hashmap_get_node:205: TRY: 31
DEBUG: src/lcthw/hashmap.c:Hashmap_get_node:205: TRY: 32
DEBUG: src/lcthw/hashmap.c:Hashmap_get_node:205: TRY: 33
DEBUG: src/lcthw/hashmap.c:Hashmap_get_node:205: TRY: 34
DEBUG: src/lcthw/hashmap.c:Hashmap_get_node:205: TRY: 35
DEBUG: src/lcthw/hashmap.c:Hashmap_get_node:205: TRY: 36
DEBUG: src/lcthw/hashmap.c:Hashmap_get_node:205: TRY: 37
DEBUG: src/lcthw/hashmap.c:Hashmap_get_node:205: TRY: 38
DEBUG: src/lcthw/hashmap.c:Hashmap_get_node:205: TRY: 39
DEBUG: src/lcthw/hashmap.c:Hashmap_get_node:205: TRY: 40
DEBUG: src/lcthw/hashmap.c:Hashmap_get_node:205: TRY: 41
DEBUG: src/lcthw/hashmap.c:Hashmap_get_node:205: TRY: 42
DEBUG: src/lcthw/hashmap.c:Hashmap_get_node:205: TRY: 43
DEBUG: src/lcthw/hashmap.c:Hashmap_get_node:205: TRY: 44
DEBUG: src/lcthw/hashmap.c:Hashmap_get_node:205: TRY: 45
DEBUG: src/lcthw/hashmap.c:Hashmap_get_node:205: TRY: 46
DEBUG: src/lcthw/hashmap.c:Hashmap_get_node:205: TRY: 47
DEBUG: src/lcthw/hashmap.c:Hashmap_get_node:205: TRY: 48
DEBUG: src/lcthw/hashmap.c:Hashmap_get_node:205: TRY: 49
DEBUG: src/lcthw/hashmap.c:Hashmap_get_node:205: TRY: 50
DEBUG: src/lcthw/hashmap.c:Hashmap_get_node:205: TRY: 51
DEBUG: src/lcthw/hashmap.c:Hashmap_get_node:205: TRY: 52
DEBUG: src/lcthw/hashmap.c:Hashmap_get_node:205: TRY: 53
DEBUG: src/lcthw/hashmap.c:Hashmap_get_node:205: TRY: 54
DEBUG: src/lcthw/hashmap.c:Hashmap_get_node:205: TRY: 55
DEBUG: src/lcthw/hashmap.c:Hashmap_get_node:205: TRY: 56
DEBUG: src/lcthw/hashmap.c:Hashmap_get_node:205: TRY: 57
DEBUG: src/lcthw/hashmap.c:Hashmap_get_node:205: TRY: 58
DEBUG: src/lcthw/hashmap.c:Hashmap_get_node:205: TRY: 59
DEBUG: src/lcthw/hashmap.c:Hashmap_get_node:205: TRY: 60
DEBUG: src/lcthw/hashmap.c:Hashmap_get_node:205: TRY: 61
DEBUG: src/lcthw/hashmap.c:Hashmap_get_node:205: TRY: 62
DEBUG: src/lcthw/hashmap.c:Hashmap_get_node:205: TRY: 0
DEBUG: src/lcthw/hashmap.c:Hashmap_get_node:205: TRY: 1
DEBUG: src/lcthw/hashmap.c:Hashmap_get_node:205: TRY: 2
DEBUG: src/lcthw/hashmap.c:Hashmap_get_node:205: TRY: 3
DEBUG: src/lcthw/hashmap.c:Hashmap_get_node:205: TRY: 4
DEBUG: src/lcthw/hashmap.c:Hashmap_get_node:205: TRY: 5
DEBUG: src/lcthw/hashmap.c:Hashmap_get_node:205: TRY: 6
DEBUG: src/lcthw/hashmap.c:Hashmap_get_node:205: TRY: 7
DEBUG: src/lcthw/hashmap.c:Hashmap_get_node:205: TRY: 8
DEBUG: src/lcthw/hashmap.c:Hashmap_get_node:205: TRY: 9
DEBUG: src/lcthw/hashmap.c:Hashmap_get_node:205: TRY: 10
DEBUG: src/lcthw/hashmap.c:Hashmap_get_node:205: TRY: 11
DEBUG: src/lcthw/hashmap.c:Hashmap_get_node:205: TRY: 12
DEBUG: src/lcthw/hashmap.c:Hashmap_get_node:205: TRY: 13
DEBUG: src/lcthw/hashmap.c:Hashmap_get_node:205: TRY: 14
DEBUG: src/lcthw/hashmap.c:Hashmap_get_node:205: TRY: 15
DEBUG: src/lcthw/hashmap.c:Hashmap_get_node:205: TRY: 16
DEBUG: src/lcthw/hashmap.c:Hashmap_get_node:205: TRY: 17
DEBUG: src/lcthw/hashmap.c:Hashmap_get_node:205: TRY: 18
DEBUG: src/lcthw/hashmap.c:Hashmap_get_node:205: TRY: 19
DEBUG: src/lcthw/hashmap.c:Hashmap_get_node:205: TRY: 20
DEBUG: src/lcthw/hashmap.c:Hashmap_get_node:205: TRY: 21
DEBUG: src/lcthw/hashmap.c:Hashmap_get_node:205: TRY: 22
DEBUG: src/lcthw/hashmap.c:Hashmap_get_node:205: TRY: 23
DEBUG: src/lcthw/hashmap.c:Hashmap_get_node:205: TRY: 24
DEBUG: src/lcthw/hashmap.c:Hashmap_get_node:205: TRY: 25
DEBUG: src/lcthw/hashmap.c:Hashmap_get_node:205: TRY: 26
DEBUG: src/lcthw/hashmap.c:Hashmap_get_node:205: TRY: 27
DEBUG: src/lcthw/hashmap.c:Hashmap_get_node:205: TRY: 28
DEBUG: src/lcthw/hashmap.c:Hashmap_get_node:205: TRY: 29
DEBUG: src/lcthw/hashmap.c:Hashmap_get_node:205: TRY: 30
DEBUG: src/lcthw/hashmap.c:Hashmap_get_node:205: TRY: 31
DEBUG: src/lcthw/hashmap.c:Hashmap_get_node:205: TRY: 32
DEBUG: src/lcthw/hashmap.c:Hashmap_get_node:205: TRY: 33
DEBUG: src/lcthw/hashmap.c:Hashmap_get_node:205: TRY: 34
DEBUG: src/lcthw/hashmap.c:Hashmap_get_node:205: TRY: 35
DEBUG: src/lcthw/hashmap.c:Hashmap_get_node:205: TRY: 36
DEBUG: src/lcthw/hashmap.c:Hashmap_get_node:205: TRY: 37
DEBUG: src/lcthw/hashmap.c:Hashmap_get_node:205: TRY: 38
DEBUG: src/lcthw/hashmap.c:Hashmap_get_node:205: TRY: 39
DEBUG: src/lcthw/hashmap.c:Hashmap_get_node:205: TRY: 40
DEBUG: src/lcthw/hashmap.c:Hashmap_get_node:205: TRY: 41
DEBUG: src/lcthw/hashmap.c:Hashmap_get_node:205: TRY: 42
DEBUG: src/lcthw/hashmap.c:Hashmap_get_node:205: TRY: 43
DEBUG: src/lcthw/hashmap.c:Hashmap_get_node:205: TRY: 44
DEBUG: src/lcthw/hashmap.c:Hashmap_get_node:205: TRY: 45
DEBUG: src/lcthw/hashmap.c:Hashmap_get_node:205: TRY: 46
DEBUG: src/lcthw/hashmap.c:Hashmap_get_node:205: TRY: 47
DEBUG: src/lcthw/hashmap.c:Hashmap_get_node:205: TRY: 48
DEBUG: src/lcthw/hashmap.c:Hashmap_get_node:205: TRY: 49
DEBUG: src/lcthw/hashmap.c:Hashmap_get_node:205: TRY: 50
DEBUG: src/lcthw/hashmap.c:Hashmap_get_node:205: TRY: 51
DEBUG: src/lcthw/hashmap.c:Hashmap_get_node:205: TRY: 52
DEBUG: src/lcthw/hashmap.c:Hashmap_get_node:205: TRY: 53
DEBUG: src/lcthw/hashmap.c:Hashmap_get_node:205: TRY: 54
DEBUG: src/lcthw/hashmap.c:Hashmap_get_node:205: TRY: 55
DEBUG: src/lcthw/hashmap.c:Hashmap_get_node:205: TRY: 56
DEBUG: src/lcthw/hashmap.c:Hashmap_get_node:205: TRY: 57
DEBUG: src/lcthw/hashmap.c:Hashmap_get_node:205: TRY: 58
DEBUG: src/lcthw/hashmap.c:Hashmap_get_node:205: TRY: 59
DEBUG: src/lcthw/hashmap.c:Hashmap_get_node:205: TRY: 60
DEBUG: src/lcthw/hashmap.c:Hashmap_get_node:205: TRY: 61
DEBUG: src/lcthw/hashmap.c:Hashmap_get_node:205: TRY: 62
DEBUG: src/lcthw/hashmap.c:Hashmap_get_node:205: TRY: 63
DEBUG: src/lcthw/hashmap.c:Hashmap_get_node:205: TRY: 64
DEBUG: src/lcthw/hashmap.c:Hashmap_get_node:205: TRY: 65
DEBUG: src/lcthw/hashmap.c:Hashmap_get_node:205: TRY: 66
DEBUG: src/lcthw/hashmap.c:Hashmap_get_node:205: TRY: 67
DEBUG: src/lcthw/hashmap.c:Hashmap_get_node:205: TRY: 68
DEBUG: src/lcthw/hashmap.c:Hashmap_get_node:205: TRY: 69
DEBUG: src/lcthw/hashmap.c:Hashmap_get_node:205: TRY: 70
DEBUG: src/lcthw/hashmap.c:Hashmap_get_node:205: TRY: 71
DEBUG: src/lcthw/hashmap.c:Hashmap_get_node:205: TRY: 72
DEBUG: src/lcthw/hashmap.c:Hashmap_get_node:205: TRY: 73
DEBUG: src/lcthw/hashmap.c:Hashmap_get_node:205: TRY: 74
DEBUG: src/lcthw/hashmap.c:Hashmap_get_node:205: TRY: 75
DEBUG: src/lcthw/hashmap.c:Hashmap_get_node:205: TRY: 76
DEBUG: src/lcthw/hashmap.c:Hashmap_get_node:205: TRY: 77
DEBUG: src/lcthw/hashmap.c:Hashmap_get_node:205: TRY: 78
DEBUG: src/lcthw/hashmap.c:Hashmap_get_node:205: TRY: 79
DEBUG: src/lcthw/hashmap.c:Hashmap_get_node:205: TRY: 80
DEBUG: src/lcthw/hashmap.c:Hashmap_get_node:205: TRY: 81
DEBUG: src/lcthw/hashmap.c:Hashmap_get_node:205: TRY: 82
DEBUG: src/lcthw/hashmap.c:Hashmap_get_node:205: TRY: 83
DEBUG: src/lcthw/hashmap.c:Hashmap_get_node:205: TRY: 84
DEBUG: src/lcthw/hashmap.c:Hashmap_get_node:205: TRY: 85
DEBUG: src/lcthw/hashmap.c:Hashmap_get_node:205: TRY: 86
DEBUG: src/lcthw/hashmap.c:Hashmap_get_node:205: TRY: 87
DEBUG: src/lcthw/hashmap.c:Hashmap_get_node:205: TRY: 88
DEBUG: src/lcthw/hashmap.c:Hashmap_get_node:205: TRY: 89
DEBUG: src/lcthw/hashmap.c:Hashmap_get_node:205: TRY: 90
DEBUG: src/lcthw/hashmap.c:Hashmap_get_node:205: TRY: 91
DEBUG: src/lcthw/hashmap.c:Hashmap_get_node:205: TRY: 92
DEBUG: src/lcthw/hashmap.c:Hashmap_get_node:205: TRY: 93
DEBUG: src/lcthw/hashmap.c:Hashmap_get_node:205: TRY: 94
DEBUG: src/lcthw/hashmap.c:Hashmap_get_node:205: TRY: 95
DEBUG: src/lcthw/hashmap.c:Hashmap_get_node:205: TRY: 96
DEBUG: src/lcthw/hashmap.c:Hashmap_get_node:205: TRY: 97
DEBUG: src/lcthw/hashmap.c:Hashmap_get_node:205: TRY: 98
DEBUG: src/lcthw/hashmap.c:Hashmap_get_node:205: TRY: 99
DEBUG: src/lcthw/hashmap.c:Hashmap_get_node:205: TRY: 0
DEBUG: src/lcthw/hashmap.c:Hashmap_get_node:205: TRY: 1
DEBUG: src/lcthw/hashmap.c:Hashmap_get_node:205: TRY: 2
DEBUG: src/lcthw/hashmap.c:Hashmap_get_node:205: TRY: 3
DEBUG: src/lcthw/hashmap.c:Hashmap_get_node:205: TRY: 4
DEBUG: src/lcthw/hashmap.c:Hashmap_get_node:205: TRY: 5
DEBUG: src/lcthw/hashmap.c:Hashmap_get_node:205: TRY: 6
DEBUG: src/lcthw/hashmap.c:Hashmap_get_node:205: TRY: 7
DEBUG: src/lcthw/hashmap.c:Hashmap_get_node:205: TRY: 8
DEBUG: src/lcthw/hashmap.c:Hashmap_get_node:205: TRY: 9
DEBUG: src/lcthw/hashmap.c:Hashmap_get_node:205: TRY: 10
DEBUG: src/lcthw/hashmap.c:Hashmap_get_node:205: TRY: 11
DEBUG: src/lcthw/hashmap.c:Hashmap_get_node:205: TRY: 12
DEBUG: src/lcthw/hashmap.c:Hashmap_get_node:205: TRY: 13
DEBUG: src/lcthw/hashmap.c:Hashmap_get_node:205: TRY: 14
DEBUG: src/lcthw/hashmap.c:Hashmap_get_node:205: TRY: 15
DEBUG: src/lcthw/hashmap.c:Hashmap_get_node:205: TRY: 16
DEBUG: src/lcthw/hashmap.c:Hashmap_get_node:205: TRY: 17
DEBUG: src/lcthw/hashmap.c:Hashmap_get_node:205: TRY: 18
DEBUG: src/lcthw/hashmap.c:Hashmap_get_node:205: TRY: 19
DEBUG: src/lcthw/hashmap.c:Hashmap_get_node:205: TRY: 20
DEBUG: src/lcthw/hashmap.c:Hashmap_get_node:205: TRY: 21
DEBUG: src/lcthw/hashmap.c:Hashmap_get_node:205: TRY: 22
DEBUG: src/lcthw/hashmap.c:Hashmap_get_node:205: TRY: 23
DEBUG: src/lcthw/hashmap.c:Hashmap_get_node:205: TRY: 24
DEBUG: src/lcthw/hashmap.c:Hashmap_get_node:205: TRY: 25
DEBUG: src/lcthw/hashmap.c:Hashmap_get_node:205: TRY: 26
DEBUG: src/lcthw/hashmap.c:Hashmap_get_node:205: TRY: 27
DEBUG: src/lcthw/hashmap.c:Hashmap_get_node:205: TRY: 28
DEBUG: src/lcthw/hashmap.c:Hashmap_get_node:205: TRY: 29
DEBUG: src/lcthw/hashmap.c:Hashmap_get_node:205: TRY: 30
DEBUG: src/lcthw/hashmap.c:Hashmap_get_node:205: TRY: 31
DEBUG: src/lcthw/hashmap.c:Hashmap_get_node:205: TRY: 32
DEBUG: src/lcthw/hashmap.c:Hashmap_get_node:205: TRY: 33
DEBUG: src/lcthw/hashmap.c:Hashmap_get_node:205: TRY: 34
DEBUG: src/lcthw/hashmap.c:Hashmap_get_node:205: TRY: 35
DEBUG: src/lcthw/hashmap.c:Hashmap_get_node:205: TRY: 36
DEBUG: src/lcthw/hashmap.c:Hashmap_get_node:205: TRY: 37
DEBUG: src/lcthw/hashmap.c:Hashmap_get_node:205: TRY: 38
DEBUG: src/lcthw/hashmap.c:Hashmap_get_node:205: TRY: 39
DEBUG: src/lcthw/hashmap.c:Hashmap_get_node:205: TRY: 40
DEBUG: src/lcthw/hashmap.c:Hashmap_get_node:205: TRY: 41
DEBUG: src/lcthw/hashmap.c:Hashmap_get_node:205: TRY: 42
DEBUG: src/lcthw/hashmap.c:Hashmap_get_node:205: TRY: 43
DEBUG: src/lcthw/hashmap.c:Hashmap_get_node:205: TRY: 44
DEBUG: src/lcthw/hashmap.c:Hashmap_get_node:205: TRY: 45
DEBUG: src/lcthw/hashmap.c:Hashmap_get_node:205: TRY: 46
DEBUG: src/lcthw/hashmap.c:Hashmap_get_node:205: TRY: 47
DEBUG: src/lcthw/hashmap.c:Hashmap_get_node:205: TRY: 48
DEBUG: src/lcthw/hashmap.c:Hashmap_get_node:205: TRY: 49
DEBUG: src/lcthw/hashmap.c:Hashmap_get_node:205: TRY: 50
DEBUG: src/lcthw/hashmap.c:Hashmap_get_node:205: TRY: 51
DEBUG: src/lcthw/hashmap.c:Hashmap_get_node:205: TRY: 52
DEBUG: src/lcthw/hashmap.c:Hashmap_get_node:205: TRY: 53
DEBUG: src/lcthw/hashmap.c:Hashmap_get_node:205: TRY: 54
DEBUG: src/lcthw/hashmap.c:Hashmap_get_node:205: TRY: 55
DEBUG: src/lcthw/hashmap.c:Hashmap_get_node:205: TRY: 56
DEBUG: src/lcthw/hashmap.c:Hashmap_get_node:205: TRY: 57
DEBUG: src/lcthw/hashmap.c:Hashmap_get_node:205: TRY: 58
DEBUG: src/lcthw/hashmap.c:Hashmap_get_node:205: TRY: 59
DEBUG: src/lcthw/hashmap.c:Hashmap_get_node:205: TRY: 60
DEBUG: src/lcthw/hashmap.c:Hashmap_get_node:205: TRY: 61
DEBUG: src/lcthw/hashmap.c:Hashmap_get_node:205: TRY: 62
DEBUG: src/lcthw/hashmap.c:Hashmap_get_node:205: TRY: 63
DEBUG: src/lcthw/hashmap.c:Hashmap_get_node:205: TRY: 64
DEBUG: src/lcthw/hashmap.c:Hashmap_get_node:205: TRY: 65
DEBUG: src/lcthw/hashmap.c:Hashmap_get_node:205: TRY: 66
DEBUG: src/lcthw/hashmap.c:Hashmap_get_node:205: TRY: 67
DEBUG: src/lcthw/hashmap.c:Hashmap_get_node:205: TRY: 68
DEBUG: src/lcthw/hashmap.c:Hashmap_get_node:205: TRY: 69
DEBUG: src/lcthw/hashmap.c:Hashmap_get_node:205: TRY: 70
DEBUG: src/lcthw/hashmap.c:Hashmap_get_node:205: TRY: 71
DEBUG: src/lcthw/hashmap.c:Hashmap_get_node:205: TRY: 72
DEBUG: src/lcthw/hashmap.c:Hashmap_get_node:205: TRY: 73
DEBUG: src/lcthw/hashmap.c:Hashmap_get_node:205: TRY: 74
DEBUG: src/lcthw/hashmap.c:Hashmap_get_node:205: TRY: 75
DEBUG: src/lcthw/hashmap.c:Hashmap_get_node:205: TRY: 76
DEBUG: src/lcthw/hashmap.c:Hashmap_get_node:205: TRY: 77
DEBUG: src/lcthw/hashmap.c:Hashmap_get_node:205: TRY: 0
DEBUG: src/lcthw/hashmap.c:Hashmap_get_node:205: TRY: 1
DEBUG: src/lcthw/hashmap.c:Hashmap_get_node:205: TRY: 2
DEBUG: src/lcthw/hashmap.c:Hashmap_get_node:205: TRY: 3
DEBUG: src/lcthw/hashmap.c:Hashmap_get_node:205: TRY: 4
DEBUG: src/lcthw/hashmap.c:Hashmap_get_node:205: TRY: 5
DEBUG: src/lcthw/hashmap.c:Hashmap_get_node:205: TRY: 6
DEBUG: src/lcthw/hashmap.c:Hashmap_get_node:205: TRY: 7
DEBUG: src/lcthw/hashmap.c:Hashmap_get_node:205: TRY: 8
DEBUG: src/lcthw/hashmap.c:Hashmap_get_node:205: TRY: 9
DEBUG: src/lcthw/hashmap.c:Hashmap_get_node:205: TRY: 10
DEBUG: src/lcthw/hashmap.c:Hashmap_get_node:205: TRY: 11
DEBUG: src/lcthw/hashmap.c:Hashmap_get_node:205: TRY: 12
DEBUG: src/lcthw/hashmap.c:Hashmap_get_node:205: TRY: 13
DEBUG: src/lcthw/hashmap.c:Hashmap_get_node:205: TRY: 14
DEBUG: src/lcthw/hashmap.c:Hashmap_get_node:205: TRY: 15
DEBUG: src/lcthw/hashmap.c:Hashmap_get_node:205: TRY: 16
DEBUG: src/lcthw/hashmap.c:Hashmap_get_node:205: TRY: 17
DEBUG: src/lcthw/hashmap.c:Hashmap_get_node:205: TRY: 18
DEBUG: src/lcthw/hashmap.c:Hashmap_get_node:205: TRY: 19
DEBUG: src/lcthw/hashmap.c:Hashmap_get_node:205: TRY: 20
DEBUG: src/lcthw/hashmap.c:Hashmap_get_node:205: TRY: 21
DEBUG: src/lcthw/hashmap.c:Hashmap_get_node:205: TRY: 22
DEBUG: src/lcthw/hashmap.c:Hashmap_get_node:205: TRY: 23
DEBUG: src/lcthw/hashmap.c:Hashmap_get_node:205: TRY: 24
DEBUG: src/lcthw/hashmap.c:Hashmap_get_node:205: TRY: 25
DEBUG: src/lcthw/hashmap.c:Hashmap_get_node:205: TRY: 26
DEBUG: src/lcthw/hashmap.c:Hashmap_get_node:205: TRY: 27
DEBUG: src/lcthw/hashmap.c:Hashmap_get_node:205: TRY: 28
DEBUG: src/lcthw/hashmap.c:Hashmap_get_node:205: TRY: 29
DEBUG: src/lcthw/hashmap.c:Hashmap_get_node:205: TRY: 30
DEBUG: src/lcthw/hashmap.c:Hashmap_get_node:205: TRY: 31
DEBUG: src/lcthw/hashmap.c:Hashmap_get_node:205: TRY: 32
DEBUG: src/lcthw/hashmap.c:Hashmap_get_node:205: TRY: 33
DEBUG: src/lcthw/hashmap.c:Hashmap_get_node:205: TRY: 34
DEBUG: src/lcthw/hashmap.c:Hashmap_get_node:205: TRY: 35
DEBUG: src/lcthw/hashmap.c:Hashmap_get_node:205: TRY: 36
DEBUG: src/lcthw/hashmap.c:Hashmap_get_node:205: TRY: 37
DEBUG: src/lcthw/hashmap.c:Hashmap_get_node:205: TRY: 38
DEBUG: src/lcthw/hashmap.c:Hashmap_get_node:205: TRY: 39
DEBUG: src/lcthw/hashmap.c:Hashmap_get_node:205: TRY: 40
DEBUG: src/lcthw/hashmap.c:Hashmap_get_node:205: TRY: 41
DEBUG: src/lcthw/hashmap.c:Hashmap_get_node:205: TRY: 42
DEBUG: src/lcthw/hashmap.c:Hashmap_get_node:205: TRY: 43
DEBUG: src/lcthw/hashmap.c:Hashmap_get_node:205: TRY: 44
DEBUG: src/lcthw/hashmap.c:Hashmap_get_node:205: TRY: 45
DEBUG: src/lcthw/hashmap.c:Hashmap_get_node:205: TRY: 46
DEBUG: src/lcthw/hashmap.c:Hashmap_get_node:205: TRY: 47
DEBUG: src/lcthw/hashmap.c:Hashmap_get_node:205: TRY: 48
DEBUG: src/lcthw/hashmap.c:Hashmap_get_node:205: TRY: 49
DEBUG: src/lcthw/hashmap.c:Hashmap_get_node:205: TRY: 50
DEBUG: src/lcthw/hashmap.c:Hashmap_get_node:205: TRY: 51
DEBUG: src/lcthw/hashmap.c:Hashmap_get_node:205: TRY: 52
DEBUG: src/lcthw/hashmap.c:Hashmap_get_node:205: TRY: 53
DEBUG: src/lcthw/hashmap.c:Hashmap_get_node:205: TRY: 54
DEBUG: src/lcthw/hashmap.c:Hashmap_get_node:205: TRY: 55
DEBUG: src/lcthw/hashmap.c:Hashmap_get_node:205: TRY: 56
DEBUG: src/lcthw/hashmap.c:Hashmap_get_node:205: TRY: 57
DEBUG: src/lcthw/hashmap.c:Hashmap_get_node:205: TRY: 58
DEBUG: src/lcthw/hashmap.c:Hashmap_get_node:205: TRY: 59
DEBUG: src/lcthw/hashmap.c:Hashmap_get_node:205: TRY: 60
DEBUG: src/lcthw/hashmap.c:Hashmap_get_node:205: TRY: 61
DEBUG: src/lcthw/hashmap.c:Hashmap_get_node:205: TRY: 62
DEBUG: src/lcthw/hashmap.c:Hashmap_get_node:205: TRY: 0
DEBUG: src/lcthw/hashmap.c:Hashmap_get_node:205: TRY: 1
DEBUG: src/lcthw/hashmap.c:Hashmap_get_node:205: TRY: 2
DEBUG: src/lcthw/hashmap.c:Hashmap_get_node:205: TRY: 3
DEBUG: src/lcthw/hashmap.c:Hashmap_get_node:205: TRY: 4
DEBUG: src/lcthw/hashmap.c:Hashmap_get_node:205: TRY: 5
DEBUG: src/lcthw/hashmap.c:Hashmap_get_node:205: TRY: 6
DEBUG: src/lcthw/hashmap.c:Hashmap_get_node:205: TRY: 7
DEBUG: src/lcthw/hashmap.c:Hashmap_get_node:205: TRY: 8
DEBUG: src/lcthw/hashmap.c:Hashmap_get_node:205: TRY: 9
DEBUG: src/lcthw/hashmap.c:Hashmap_get_node:205: TRY: 10
DEBUG: src/lcthw/hashmap.c:Hashmap_get_node:205: TRY: 11
DEBUG: src/lcthw/hashmap.c:Hashmap_get_node:205: TRY: 12
DEBUG: src/lcthw/hashmap.c:Hashmap_get_node:205: TRY: 13
DEBUG: src/lcthw/hashmap.c:Hashmap_get_node:205: TRY: 14
DEBUG: src/lcthw/hashmap.c:Hashmap_get_node:205: TRY: 15
DEBUG: src/lcthw/hashmap.c:Hashmap_get_node:205: TRY: 16
DEBUG: src/lcthw/hashmap.c:Hashmap_get_node:205: TRY: 17
DEBUG: src/lcthw/hashmap.c:Hashmap_get_node:205: TRY: 18
DEBUG: src/lcthw/hashmap.c:Hashmap_get_node:205: TRY: 19
DEBUG: src/lcthw/hashmap.c:Hashmap_get_node:205: TRY: 20
DEBUG: src/lcthw/hashmap.c:Hashmap_get_node:205: TRY: 21
DEBUG: src/lcthw/hashmap.c:Hashmap_get_node:205: TRY: 22
DEBUG: src/lcthw/hashmap.c:Hashmap_get_node:205: TRY: 23
DEBUG: src/lcthw/hashmap.c:Hashmap_get_node:205: TRY: 24
DEBUG: src/lcthw/hashmap.c:Hashmap_get_node:205: TRY: 25
DEBUG: src/lcthw/hashmap.c:Hashmap_get_node:205: TRY: 26
DEBUG: src/lcthw/hashmap.c:Hashmap_get_node:205: TRY: 27
DEBUG: src/lcthw/hashmap.c:Hashmap_get_node:205: TRY: 28
DEBUG: src/lcthw/hashmap.c:Hashmap_get_node:205: TRY: 29
DEBUG: src/lcthw/hashmap.c:Hashmap_get_node:205: TRY: 30
DEBUG: src/lcthw/hashmap.c:Hashmap_get_node:205: TRY: 31
DEBUG: src/lcthw/hashmap.c:Hashmap_get_node:205: TRY: 32
DEBUG: src/lcthw/hashmap.c:Hashmap_get_node:205: TRY: 33
DEBUG: src/lcthw/hashmap.c:Hashmap_get_node:205: TRY: 34
DEBUG: src/lcthw/hashmap.c:Hashmap_get_node:205: TRY: 35
DEBUG: src/lcthw/hashmap.c:Hashmap_get_node:205: TRY: 36
DEBUG: src/lcthw/hashmap.c:Hashmap_get_node:205: TRY: 37
DEBUG: src/lcthw/hashmap.c:Hashmap_get_node:205: TRY: 38
DEBUG: src/lcthw/hashmap.c:Hashmap_get_node:205: TRY: 39
DEBUG: src/lcthw/hashmap.c:Hashmap_get_node:205: TRY: 40
DEBUG: src/lcthw/hashmap.c:Hashmap_get_node:205: TRY: 41
DEBUG: src/lcthw/hashmap.c:Hashmap_get_node:205: TRY: 42
DEBUG: src/lcthw/hashmap.c:Hashmap_get_node:205: TRY: 43
DEBUG: src/lcthw/hashmap.c:Hashmap_get_node:205: TRY: 44
DEBUG: src/lcthw/hashmap.c:Hashmap_get_node:205: TRY: 45
DEBUG: src/lcthw/hashmap.c:Hashmap_get_node:205: TRY: 46
DEBUG: src/lcthw/hashmap.c:Hashmap_get_node:205: TRY: 47
DEBUG: src/lcthw/hashmap.c:Hashmap_get_node:205: TRY: 48
DEBUG: src/lcthw/hashmap.c:Hashmap_get_node:205: TRY: 49
DEBUG: src/lcthw/hashmap.c:Hashmap_get_node:205: TRY: 50
DEBUG: src/lcthw/hashmap.c:Hashmap_get_node:205: TRY: 51
DEBUG: src/lcthw/hashmap.c:Hashmap_get_node:205: TRY: 52
DEBUG: src/lcthw/hashmap.c:Hashmap_get_node:205: TRY: 53
DEBUG: src/lcthw/hashmap.c:Hashmap_get_node:205: TRY: 54
DEBUG: src/lcthw/hashmap.c:Hashmap_get_node:205: TRY: 55
DEBUG: src/lcthw/hashmap.c:Hashmap_get_node:205: TRY: 56
DEBUG: src/lcthw/hashmap.c:Hashmap_get_node:205: TRY: 57
DEBUG: src/lcthw/hashmap.c:Hashmap_get_node:205: TRY: 58
DEBUG: src/lcthw/hashmap.c:Hashmap_get_node:205: TRY: 59
DEBUG: src/lcthw/hashmap.c:Hashmap_get_node:205: TRY: 60
DEBUG: src/lcthw/hashmap.c:Hashmap_get_node:205: TRY: 61
DEBUG: src/lcthw/hashmap.c:Hashmap_get_node:205: TRY: 62
DEBUG: src/lcthw/hashmap.c:Hashmap_get_node:205: TRY: 63
DEBUG: src/lcthw/hashmap.c:Hashmap_get_node:205: TRY: 64
DEBUG: src/lcthw/hashmap.c:Hashmap_get_node:205: TRY: 65
DEBUG: src/lcthw/hashmap.c:Hashmap_get_node:205: TRY: 66
DEBUG: src/lcthw/hashmap.c:Hashmap_get_node:205: TRY: 67
DEBUG: src/lcthw/hashmap.c:Hashmap_get_node:205: TRY: 68
DEBUG: src/lcthw/hashmap.c:Hashmap_get_node:205: TRY: 69
DEBUG: src/lcthw/hashmap.c:Hashmap_get_node:205: TRY: 70
DEBUG: src/lcthw/hashmap.c:Hashmap_get_node:205: TRY: 71
DEBUG: src/lcthw/hashmap.c:Hashmap_get_node:205: TRY: 0
DEBUG: src/lcthw/hashmap.c:Hashmap_get_node:205: TRY: 1
DEBUG: src/lcthw/hashmap.c:Hashmap_get_node:205: TRY: 2
DEBUG: src/lcthw/hashmap.c:Hashmap_get_node:205: TRY: 3
DEBUG: src/lcthw/hashmap.c:Hashmap_get_node:205: TRY: 4
DEBUG: src/lcthw/hashmap.c:Hashmap_get_node:205: TRY: 5
DEBUG: src/lcthw/hashmap.c:Hashmap_get_node:205: TRY: 6
DEBUG: src/lcthw/hashmap.c:Hashmap_get_node:205: TRY: 7
DEBUG: src/lcthw/hashmap.c:Hashmap_get_node:205: TRY: 8
DEBUG: src/lcthw/hashmap.c:Hashmap_get_node:205: TRY: 9
DEBUG: src/lcthw/hashmap.c:Hashmap_get_node:205: TRY: 10
DEBUG: src/lcthw/hashmap.c:Hashmap_get_node:205: TRY: 11
DEBUG: src/lcthw/hashmap.c:Hashmap_get_node:205: TRY: 12
DEBUG: src/lcthw/hashmap.c:Hashmap_get_node:205: TRY: 13
DEBUG: src/lcthw/hashmap.c:Hashmap_get_node:205: TRY: 14
DEBUG: src/lcthw/hashmap.c:Hashmap_get_node:205: TRY: 15
DEBUG: src/lcthw/hashmap.c:Hashmap_get_node:205: TRY: 16
DEBUG: src/lcthw/hashmap.c:Hashmap_get_node:205: TRY: 17
DEBUG: src/lcthw/hashmap.c:Hashmap_get_node:205: TRY: 18
DEBUG: src/lcthw/hashmap.c:Hashmap_get_node:205: TRY: 19
DEBUG: src/lcthw/hashmap.c:Hashmap_get_node:205: TRY: 20
DEBUG: src/lcthw/hashmap.c:Hashmap_get_node:205: TRY: 21
DEBUG: src/lcthw/hashmap.c:Hashmap_get_node:205: TRY: 22
DEBUG: src/lcthw/hashmap.c:Hashmap_get_node:205: TRY: 23
DEBUG: src/lcthw/hashmap.c:Hashmap_get_node:205: TRY: 24
DEBUG: src/lcthw/hashmap.c:Hashmap_get_node:205: TRY: 25
DEBUG: src/lcthw/hashmap.c:Hashmap_get_node:205: TRY: 26
DEBUG: src/lcthw/hashmap.c:Hashmap_get_node:205: TRY: 27
DEBUG: src/lcthw/hashmap.c:Hashmap_get_node:205: TRY: 28
DEBUG: src/lcthw/hashmap.c:Hashmap_get_node:205: TRY: 29
DEBUG: src/lcthw/hashmap.c:Hashmap_get_node:205: TRY: 30
DEBUG: src/lcthw/hashmap.c:Hashmap_get_node:205: TRY: 31
DEBUG: src/lcthw/hashmap.c:Hashmap_get_node:205: TRY: 32
DEBUG: src/lcthw/hashmap.c:Hashmap_get_node:205: TRY: 33
DEBUG: src/lcthw/hashmap.c:Hashmap_get_node:205: TRY: 34
DEBUG: src/lcthw/hashmap.c:Hashmap_get_node:205: TRY: 35
DEBUG: src/lcthw/hashmap.c:Hashmap_get_node:205: TRY: 36
DEBUG: src/lcthw/hashmap.c:Hashmap_get_node:205: TRY: 37
DEBUG: src/lcthw/hashmap.c:Hashmap_get_node:205: TRY: 38
DEBUG: src/lcthw/hashmap.c:Hashmap_get_node:205: TRY: 39
DEBUG: src/lcthw/hashmap.c:Hashmap_get_node:205: TRY: 40
DEBUG: src/lcthw/hashmap.c:Hashmap_get_node:205: TRY: 41
DEBUG: src/lcthw/hashmap.c:Hashmap_get_node:205: TRY: 42
DEBUG: src/lcthw/hashmap.c:Hashmap_get_node:205: TRY: 43
DEBUG: src/lcthw/hashmap.c:Hashmap_get_node:205: TRY: 44
DEBUG: src/lcthw/hashmap.c:Hashmap_get_node:205: TRY: 45
DEBUG: src/lcthw/hashmap.c:Hashmap_get_node:205: TRY: 46
DEBUG: src/lcthw/hashmap.c:Hashmap_get_node:205: TRY: 47
DEBUG: src/lcthw/hashmap.c:Hashmap_get_node:205: TRY: 48
DEBUG: src/lcthw/hashmap.c:Hashmap_get_node:205: TRY: 49
DEBUG: src/lcthw/hashmap.c:Hashmap_get_node:205: TRY: 50
DEBUG: src/lcthw/hashmap.c:Hashmap_get_node:205: TRY: 51
DEBUG: src/lcthw/hashmap.c:Hashmap_get_node:205: TRY: 52
DEBUG: src/lcthw/hashmap.c:Hashmap_get_node:205: TRY: 53
DEBUG: src/lcthw/hashmap.c:Hashmap_get_node:205: TRY: 54
DEBUG: src/lcthw/hashmap.c:Hashmap_get_node:205: TRY: 55
DEBUG: src/lcthw/hashmap.c:Hashmap_get_node:205: TRY: 56
DEBUG: src/lcthw/hashmap.c:Hashmap_get_node:205: TRY: 57
DEBUG: src/lcthw/hashmap.c:Hashmap_get_node:205: TRY: 58
DEBUG: src/lcthw/hashmap.c:Hashmap_get_node:205: TRY: 59
DEBUG: src/lcthw/hashmap.c:Hashmap_get_node:205: TRY: 60
DEBUG: src/lcthw/hashmap.c:Hashmap_get_node:205: TRY: 61
DEBUG: src/lcthw/hashmap.c:Hashmap_get_node:205: TRY: 62
DEBUG: src/lcthw/hashmap.c:Hashmap_get_node:205: TRY: 63
DEBUG: src/lcthw/hashmap.c:Hashmap_get_node:205: TRY: 64
DEBUG: src/lcthw/hashmap.c:Hashmap_get_node:205: TRY: 65
DEBUG: src/lcthw/hashmap.c:Hashmap_get_node:205: TRY: 66
DEBUG: src/lcthw/hashmap.c:Hashmap_get_node:205: TRY: 67
DEBUG: src/lcthw/hashmap.c:Hashmap_get_node:205: TRY: 68
DEBUG: src/lcthw/hashmap.c:Hashmap_get_node:205: TRY: 69
DEBUG: src/lcthw/hashmap.c:Hashmap_get_node:205: TRY: 70
DEBUG: src/lcthw/hashmap.c:Hashmap_get_node:205: TRY: 71
DEBUG: src/lcthw/hashmap.c:Hashmap_get_node:205: TRY: 0
DEBUG: src/lcthw/hashmap.c:Hashmap_get_node:205: TRY: 1
DEBUG: src/lcthw/hashmap.c:Hashmap_get_node:205: TRY: 2
DEBUG: src/lcthw/hashmap.c:Hashmap_get_node:205: TRY: 3
DEBUG: src/lcthw/hashmap.c:Hashmap_get_node:205: TRY: 4
DEBUG: src/lcthw/hashmap.c:Hashmap_get_node:205: TRY: 5
DEBUG: src/lcthw/hashmap.c:Hashmap_get_node:205: TRY: 6
DEBUG: src/lcthw/hashmap.c:Hashmap_get_node:205: TRY: 7
DEBUG: src/lcthw/hashmap.c:Hashmap_get_node:205: TRY: 8
DEBUG: src/lcthw/hashmap.c:Hashmap_get_node:205: TRY: 9
DEBUG: src/lcthw/hashmap.c:Hashmap_get_node:205: TRY: 10
DEBUG: src/lcthw/hashmap.c:Hashmap_get_node:205: TRY: 11
DEBUG: src/lcthw/hashmap.c:Hashmap_get_node:205: TRY: 12
DEBUG: src/lcthw/hashmap.c:Hashmap_get_node:205: TRY: 13
DEBUG: src/lcthw/hashmap.c:Hashmap_get_node:205: TRY: 14
DEBUG: src/lcthw/hashmap.c:Hashmap_get_node:205: TRY: 15
DEBUG: src/lcthw/hashmap.c:Hashmap_get_node:205: TRY: 16
DEBUG: src/lcthw/hashmap.c:Hashmap_get_node:205: TRY: 17
DEBUG: src/lcthw/hashmap.c:Hashmap_get_node:205: TRY: 18
DEBUG: src/lcthw/hashmap.c:Hashmap_get_node:205: TRY: 19
DEBUG: src/lcthw/hashmap.c:Hashmap_get_node:205: TRY: 20
DEBUG: src/lcthw/hashmap.c:Hashmap_get_node:205: TRY: 21
DEBUG: src/lcthw/hashmap.c:Hashmap_get_node:205: TRY: 22
DEBUG: src/lcthw/hashmap.c:Hashmap_get_node:205: TRY: 23
DEBUG: src/lcthw/hashmap.c:Hashmap_get_node:205: TRY: 24
DEBUG: src/lcthw/hashmap.c:Hashmap_get_node:205: TRY: 25
DEBUG: src/lcthw/hashmap.c:Hashmap_get_node:205: TRY: 26
DEBUG: src/lcthw/hashmap.c:Hashmap_get_node:205: TRY: 27
DEBUG: src/lcthw/hashmap.c:Hashmap_get_node:205: TRY: 28
DEBUG: src/lcthw/hashmap.c:Hashmap_get_node:205: TRY: 29
DEBUG: src/lcthw/hashmap.c:Hashmap_get_node:205: TRY: 30
DEBUG: src/lcthw/hashmap.c:Hashmap_get_node:205: TRY: 31
DEBUG: src/lcthw/hashmap.c:Hashmap_get_node:205: TRY: 32
DEBUG: src/lcthw/hashmap.c:Hashmap_get_node:205: TRY: 33
DEBUG: src/lcthw/hashmap.c:Hashmap_get_node:205: TRY: 34
DEBUG: src/lcthw/hashmap.c:Hashmap_get_node:205: TRY: 35
DEBUG: src/lcthw/hashmap.c:Hashmap_get_node:205: TRY: 36
DEBUG: src/lcthw/hashmap.c:Hashmap_get_node:205: TRY: 37
DEBUG: src/lcthw/hashmap.c:Hashmap_get_node:205: TRY: 38
DEBUG: src/lcthw/hashmap.c:Hashmap_get_node:205: TRY: 39
DEBUG: src/lcthw/hashmap.c:Hashmap_get_node:205: TRY: 40
DEBUG: src/lcthw/hashmap.c:Hashmap_get_node:205: TRY: 41
DEBUG: src/lcthw/hashmap.c:Hashmap_get_node:205: TRY: 42
DEBUG: src/lcthw/hashmap.c:Hashmap_get_node:205: TRY: 43
DEBUG: src/lcthw/hashmap.c:Hashmap_get_node:205: TRY: 44
DEBUG: src/lcthw/hashmap.c:Hashmap_get_node:205: TRY: 45
DEBUG: src/lcthw/hashmap.c:Hashmap_get_node:205: TRY: 46
DEBUG: src/lcthw/hashmap.c:Hashmap_get_node:205: TRY: 47
DEBUG: src/lcthw/hashmap.c:Hashmap_get_node:205: TRY: 48
DEBUG: src/lcthw/hashmap.c:Hashmap_get_node:205: TRY: 49
DEBUG: src/lcthw/hashmap.c:Hashmap_get_node:205: TRY: 50
DEBUG: src/lcthw/hashmap.c:Hashmap_get_node:205: TRY: 51
DEBUG: src/lcthw/hashmap.c:Hashmap_get_node:205: TRY: 52
DEBUG: src/lcthw/hashmap.c:Hashmap_get_node:205: TRY: 53
DEBUG: src/lcthw/hashmap.c:Hashmap_get_node:205: TRY: 54
DEBUG: src/lcthw/hashmap.c:Hashmap_get_node:205: TRY: 55
DEBUG: src/lcthw/hashmap.c:Hashmap_get_node:205: TRY: 56
DEBUG: src/lcthw/hashmap.c:Hashmap_get_node:205: TRY: 57
DEBUG: src/lcthw/hashmap.c:Hashmap_get_node:205: TRY: 58
DEBUG: src/lcthw/hashmap.c:Hashmap_get_node:205: TRY: 59
DEBUG: src/lcthw/hashmap.c:Hashmap_get_node:205: TRY: 60
DEBUG: src/lcthw/hashmap.c:Hashmap_get_node:205: TRY: 61
DEBUG: src/lcthw/hashmap.c:Hashmap_get_node:205: TRY: 62
DEBUG: src/lcthw/hashmap.c:Hashmap_get_node:205: TRY: 63
DEBUG: src/lcthw/hashmap.c:Hashmap_get_node:205: TRY: 64
DEBUG: src/lcthw/hashmap.c:Hashmap_get_node:205: TRY: 65
DEBUG: src/lcthw/hashmap.c:Hashmap_get_node:205: TRY: 66
DEBUG: src/lcthw/hashmap.c:Hashmap_get_node:205: TRY: 67
DEBUG: src/lcthw/hashmap.c:Hashmap_get_node:205: TRY: 68
DEBUG: src/lcthw/hashmap.c:Hashmap_get_node:205: TRY: 69
DEBUG: src/lcthw/hashmap.c:Hashmap_get_node:205: TRY: 70
DEBUG: src/lcthw/hashmap.c:Hashmap_get_node:205: TRY: 0
DEBUG: src/lcthw/hashmap.c:Hashmap_get_node:205: TRY: 1
DEBUG: src/lcthw/hashmap.c:Hashmap_get_node:205: TRY: 2
DEBUG: src/lcthw/hashmap.c:Hashmap_get_node:205: TRY: 3
DEBUG: src/lcthw/hashmap.c:Hashmap_get_node:205: TRY: 4
DEBUG: src/lcthw/hashmap.c:Hashmap_get_node:205: TRY: 5
DEBUG: src/lcthw/hashmap.c:Hashmap_get_node:205: TRY: 6
DEBUG: src/lcthw/hashmap.c:Hashmap_get_node:205: TRY: 7
DEBUG: src/lcthw/hashmap.c:Hashmap_get_node:205: TRY: 8
DEBUG: src/lcthw/hashmap.c:Hashmap_get_node:205: TRY: 9
DEBUG: src/lcthw/hashmap.c:Hashmap_get_node:205: TRY: 10
DEBUG: src/lcthw/hashmap.c:Hashmap_get_node:205: TRY: 11
DEBUG: src/lcthw/hashmap.c:Hashmap_get_node:205: TRY: 12
DEBUG: src/lcthw/hashmap.c:Hashmap_get_node:205: TRY: 13
DEBUG: src/lcthw/hashmap.c:Hashmap_get_node:205: TRY: 14
DEBUG: src/lcthw/hashmap.c:Hashmap_get_node:205: TRY: 15
DEBUG: src/lcthw/hashmap.c:Hashmap_get_node:205: TRY: 16
DEBUG: src/lcthw/hashmap.c:Hashmap_get_node:205: TRY: 17
DEBUG: src/lcthw/hashmap.c:Hashmap_get_node:205: TRY: 18
DEBUG: src/lcthw/hashmap.c:Hashmap_get_node:205: TRY: 19
DEBUG: src/lcthw/hashmap.c:Hashmap_get_node:205: TRY: 20
DEBUG: src/lcthw/hashmap.c:Hashmap_get_node:205: TRY: 21
DEBUG: src/lcthw/hashmap.c:Hashmap_get_node:205: TRY: 22
DEBUG: src/lcthw/hashmap.c:Hashmap_get_node:205: TRY: 23
DEBUG: src/lcthw/hashmap.c:Hashmap_get_node:205: TRY: 24
DEBUG: src/lcthw/hashmap.c:Hashmap_get_node:205: TRY: 25
DEBUG: src/lcthw/hashmap.c:Hashmap_get_node:205: TRY: 26
DEBUG: src/lcthw/hashmap.c:Hashmap_get_node:205: TRY: 27
DEBUG: src/lcthw/hashmap.c:Hashmap_get_node:205: TRY: 28
DEBUG: src/lcthw/hashmap.c:Hashmap_get_node:205: TRY: 29
DEBUG: src/lcthw/hashmap.c:Hashmap_get_node:205: TRY: 30
DEBUG: src/lcthw/hashmap.c:Hashmap_get_node:205: TRY: 31
DEBUG: src/lcthw/hashmap.c:Hashmap_get_node:205: TRY: 32
DEBUG: src/lcthw/hashmap.c:Hashmap_get_node:205: TRY: 33
DEBUG: src/lcthw/hashmap.c:Hashmap_get_node:205: TRY: 34
DEBUG: src/lcthw/hashmap.c:Hashmap_get_node:205: TRY: 35
DEBUG: src/lcthw/hashmap.c:Hashmap_get_node:205: TRY: 36
DEBUG: src/lcthw/hashmap.c:Hashmap_get_node:205: TRY: 37
DEBUG: src/lcthw/hashmap.c:Hashmap_get_node:205: TRY: 38
DEBUG: src/lcthw/hashmap.c:Hashmap_get_node:205: TRY: 39
DEBUG: src/lcthw/hashmap.c:Hashmap_get_node:205: TRY: 40
DEBUG: src/lcthw/hashmap.c:Hashmap_get_node:205: TRY: 41
DEBUG: src/lcthw/hashmap.c:Hashmap_get_node:205: TRY: 42
DEBUG: src/lcthw/hashmap.c:Hashmap_get_node:205: TRY: 43
DEBUG: src/lcthw/hashmap.c:Hashmap_get_node:205: TRY: 44
DEBUG: src/lcthw/hashmap.c:Hashmap_get_node:205: TRY: 45
DEBUG: src/lcthw/hashmap.c:Hashmap_get_node:205: TRY: 46
DEBUG: src/lcthw/hashmap.c:Hashmap_get_node:205: TRY: 47
DEBUG: src/lcthw/hashmap.c:Hashmap_get_node:205: TRY: 48
DEBUG: src/lcthw/hashmap.c:Hashmap_get_node:205: TRY: 49
DEBUG: src/lcthw/hashmap.c:Hashmap_get_node:205: TRY: 50
DEBUG: src/lcthw/hashmap.c:Hashmap_get_node:205: TRY: 51
DEBUG: src/lcthw/hashmap.c:Hashmap_get_node:205: TRY: 52
DEBUG: src/lcthw/hashmap.c:Hashmap_get_node:205: TRY: 53
DEBUG: src/lcthw/hashmap.c:Hashmap_get_node:205: TRY: 54
DEBUG: src/lcthw/hashmap.c:Hashmap_get_node:205: TRY: 55
DEBUG: src/lcthw/hashmap.c:Hashmap_get_node:205: TRY: 56
DEBUG: src/lcthw/hashmap.c:Hashmap_get_node:205: TRY: 57
DEBUG: src/lcthw/hashmap.c:Hashmap_get_node:205: TRY: 58
DEBUG: src/lcthw/hashmap.c:Hashmap_get_node:205: TRY: 59
DEBUG: src/lcthw/hashmap.c:Hashmap_get_node:205: TRY: 60
DEBUG: src/lcthw/hashmap.c:Hashmap_get_node:205: TRY: 61
DEBUG: src/lcthw/hashmap.c:Hashmap_get_node:205: TRY: 62
DEBUG: src/lcthw/hashmap.c:Hashmap_get_node:205: TRY: 63
DEBUG: src/lcthw/hashmap.c:Hashmap_get_node:205: TRY: 64
DEBUG: src/lcthw/hashmap.c:Hashmap_get_node:205: TRY: 65
DEBUG: src/lcthw/hashmap.c:Hashmap_get_node:205: TRY: 66
DEBUG: src/lcthw/hashmap.c:Hashmap_get_node:205: TRY: 67
DEBUG: src/lcthw/hashmap.c:Hashmap_get_node:205: TRY: 68
DEBUG: src/lcthw/hashmap.c:Hashmap_get_node:205: TRY: 69
DEBUG: src/lcthw/hashmap.c:Hashmap_get_node:205: TRY: 70
DEBUG: src/lcthw/hashmap.c:Hashmap_get_node:205: TRY: 71
DEBUG: src/lcthw/hashmap.c:Hashmap_get_node:205: TRY: 72
DEBUG: src/lcthw/hashmap.c:Hashmap_get_node:205: TRY: 0
DEBUG: src/lcthw/hashmap.c:Hashmap_get_node:205: TRY: 1
DEBUG: src/lcthw/hashmap.c:Hashmap_get_node:205: TRY: 2
DEBUG: src/lcthw/hashmap.c:Hashmap_get_node:205: TRY: 3
DEBUG: src/lcthw/hashmap.c:Hashmap_get_node:205: TRY: 4
DEBUG: src/lcthw/hashmap.c:Hashmap_get_node:205: TRY: 5
DEBUG: src/lcthw/hashmap.c:Hashmap_get_node:205: TRY: 6
DEBUG: src/lcthw/hashmap.c:Hashmap_get_node:205: TRY: 7
DEBUG: src/lcthw/hashmap.c:Hashmap_get_node:205: TRY: 8
DEBUG: src/lcthw/hashmap.c:Hashmap_get_node:205: TRY: 9
DEBUG: src/lcthw/hashmap.c:Hashmap_get_node:205: TRY: 10
DEBUG: src/lcthw/hashmap.c:Hashmap_get_node:205: TRY: 11
DEBUG: src/lcthw/hashmap.c:Hashmap_get_node:205: TRY: 12
DEBUG: src/lcthw/hashmap.c:Hashmap_get_node:205: TRY: 13
DEBUG: src/lcthw/hashmap.c:Hashmap_get_node:205: TRY: 14
DEBUG: src/lcthw/hashmap.c:Hashmap_get_node:205: TRY: 15
DEBUG: src/lcthw/hashmap.c:Hashmap_get_node:205: TRY: 16
DEBUG: src/lcthw/hashmap.c:Hashmap_get_node:205: TRY: 17
DEBUG: src/lcthw/hashmap.c:Hashmap_get_node:205: TRY: 18
DEBUG: src/lcthw/hashmap.c:Hashmap_get_node:205: TRY: 19
DEBUG: src/lcthw/hashmap.c:Hashmap_get_node:205: TRY: 20
DEBUG: src/lcthw/hashmap.c:Hashmap_get_node:205: TRY: 21
DEBUG: src/lcthw/hashmap.c:Hashmap_get_node:205: TRY: 22
DEBUG: src/lcthw/hashmap.c:Hashmap_get_node:205: TRY: 23
DEBUG: src/lcthw/hashmap.c:Hashmap_get_node:205: TRY: 24
DEBUG: src/lcthw/hashmap.c:Hashmap_get_node:205: TRY: 25
DEBUG: src/lcthw/hashmap.c:Hashmap_get_node:205: TRY: 26
DEBUG: src/lcthw/hashmap.c:Hashmap_get_node:205: TRY: 27
DEBUG: src/lcthw/hashmap.c:Hashmap_get_node:205: TRY: 28
DEBUG: src/lcthw/hashmap.c:Hashmap_get_node:205: TRY: 29
DEBUG: src/lcthw/hashmap.c:Hashmap_get_node:205: TRY: 30
DEBUG: src/lcthw/hashmap.c:Hashmap_get_node:205: TRY: 31
DEBUG: src/lcthw/hashmap.c:Hashmap_get_node:205: TRY: 32
DEBUG: src/lcthw/hashmap.c:Hashmap_get_node:205: TRY: 33
DEBUG: src/lcthw/hashmap.c:Hashmap_get_node:205: TRY: 34
DEBUG: src/lcthw/hashmap.c:Hashmap_get_node:205: TRY: 35
DEBUG: src/lcthw/hashmap.c:Hashmap_get_node:205: TRY: 36
DEBUG: src/lcthw/hashmap.c:Hashmap_get_node:205: TRY: 37
DEBUG: src/lcthw/hashmap.c:Hashmap_get_node:205: TRY: 38
DEBUG: src/lcthw/hashmap.c:Hashmap_get_node:205: TRY: 39
DEBUG: src/lcthw/hashmap.c:Hashmap_get_node:205: TRY: 40
DEBUG: src/lcthw/hashmap.c:Hashmap_get_node:205: TRY: 41
DEBUG: src/lcthw/hashmap.c:Hashmap_get_node:205: TRY: 42
DEBUG: src/lcthw/hashmap.c:Hashmap_get_node:205: TRY: 43
DEBUG: src/lcthw/hashmap.c:Hashmap_get_node:205: TRY: 44
DEBUG: src/lcthw/hashmap.c:Hashmap_get_node:205: TRY: 45
DEBUG: src/lcthw/hashmap.c:Hashmap_get_node:205: TRY: 46
DEBUG: src/lcthw/hashmap.c:Hashmap_get_node:205: TRY: 47
DEBUG: src/lcthw/hashmap.c:Hashmap_get_node:205: TRY: 48
DEBUG: src/lcthw/hashmap.c:Hashmap_get_node:205: TRY: 49
DEBUG: src/lcthw/hashmap.c:Hashmap_get_node:205: TRY: 50
DEBUG: src/lcthw/hashmap.c:Hashmap_get_node:205: TRY: 51
DEBUG: src/lcthw/hashmap.c:Hashmap_get_node:205: TRY: 52
DEBUG: src/lcthw/hashmap.c:Hashmap_get_node:205: TRY: 53
DEBUG: src/lcthw/hashmap.c:Hashmap_get_node:205: TRY: 54
DEBUG: src/lcthw/hashmap.c:Hashmap_get_node:205: TRY: 55
DEBUG: src/lcthw/hashmap.c:Hashmap_get_node:205: TRY: 56
DEBUG: src/lcthw/hashmap.c:Hashmap_get_node:205: TRY: 57
DEBUG: src/lcthw/hashmap.c:Hashmap_get_node:205: TRY: 58
DEBUG: src/lcthw/hashmap.c:Hashmap_get_node:205: TRY: 59
DEBUG: src/lcthw/hashmap.c:Hashmap_get_node:205: TRY: 60
DEBUG: src/lcthw/hashmap.c:Hashmap_get_node:205: TRY: 61
DEBUG: src/lcthw/hashmap.c:Hashmap_get_node:205: TRY: 62
DEBUG: src/lcthw/hashmap.c:Hashmap_get_node:205: TRY: 63
DEBUG: src/lcthw/hashmap.c:Hashmap_get_node:205: TRY: 0
DEBUG: src/lcthw/hashmap.c:Hashmap_get_node:205: TRY: 1
DEBUG: src/lcthw/hashmap.c:Hashmap_get_node:205: TRY: 2
DEBUG: src/lcthw/hashmap.c:Hashmap_get_node:205: TRY: 3
DEBUG: src/lcthw/hashmap.c:Hashmap_get_node:205: TRY: 4
DEBUG: src/lcthw/hashmap.c:Hashmap_get_node:205: TRY: 5
DEBUG: src/lcthw/hashmap.c:Hashmap_get_node:205: TRY: 6
DEBUG: src/lcthw/hashmap.c:Hashmap_get_node:205: TRY: 7
DEBUG: src/lcthw/hashmap.c:Hashmap_get_node:205: TRY: 8
DEBUG: src/lcthw/hashmap.c:Hashmap_get_node:205: TRY: 9
DEBUG: src/lcthw/hashmap.c:Hashmap_get_node:205: TRY: 10
DEBUG: src/lcthw/hashmap.c:Hashmap_get_node:205: TRY: 11
DEBUG: src/lcthw/hashmap.c:Hashmap_get_node:205: TRY: 12
DEBUG: src/lcthw/hashmap.c:Hashmap_get_node:205: TRY: 13
DEBUG: src/lcthw/hashmap.c:Hashmap_get_node:205: TRY: 14
DEBUG: src/lcthw/hashmap.c:Hashmap_get_node:205: TRY: 15
DEBUG: src/lcthw/hashmap.c:Hashmap_get_node:205: TRY: 16
DEBUG: src/lcthw/hashmap.c:Hashmap_get_node:205: TRY: 17
DEBUG: src/lcthw/hashmap.c:Hashmap_get_node:205: TRY: 18
DEBUG: src/lcthw/hashmap.c:Hashmap_get_node:205: TRY: 19
DEBUG: src/lcthw/hashmap.c:Hashmap_get_node:205: TRY: 20
DEBUG: src/lcthw/hashmap.c:Hashmap_get_node:205: TRY: 21
DEBUG: src/lcthw/hashmap.c:Hashmap_get_node:205: TRY: 22
DEBUG: src/lcthw/hashmap.c:Hashmap_get_node:205: TRY: 23
DEBUG: src/lcthw/hashmap.c:Hashmap_get_node:205: TRY: 24
DEBUG: src/lcthw/hashmap.c:Hashmap_get_node:205: TRY: 25
DEBUG: src/lcthw/hashmap.c:Hashmap_get_node:205: TRY: 26
DEBUG: src/lcthw/hashmap.c:Hashmap_get_node:205: TRY: 27
DEBUG: src/lcthw/hashmap.c:Hashmap_get_node:205: TRY: 28
DEBUG: src/lcthw/hashmap.c:Hashmap_get_node:205: TRY: 29
DEBUG: src/lcthw/hashmap.c:Hashmap_get_node:205: TRY: 30
DEBUG: src/lcthw/hashmap.c:Hashmap_get_node:205: TRY: 31
DEBUG: src/lcthw/hashmap.c:Hashmap_get_node:205: TRY: 32
DEBUG: src/lcthw/hashmap.c:Hashmap_get_node:205: TRY: 33
DEBUG: src/lcthw/hashmap.c:Hashmap_get_node:205: TRY: 34
DEBUG: src/lcthw/hashmap.c:Hashmap_get_node:205: TRY: 35
DEBUG: src/lcthw/hashmap.c:Hashmap_get_node:205: TRY: 36
DEBUG: src/lcthw/hashmap.c:Hashmap_get_node:205: TRY: 37
DEBUG: src/lcthw/hashmap.c:Hashmap_get_node:205: TRY: 38
DEBUG: src/lcthw/hashmap.c:Hashmap_get_node:205: TRY: 39
DEBUG: src/lcthw/hashmap.c:Hashmap_get_node:205: TRY: 40
DEBUG: src/lcthw/hashmap.c:Hashmap_get_node:205: TRY: 41
DEBUG: src/lcthw/hashmap.c:Hashmap_get_node:205: TRY: 42
DEBUG: src/lcthw/hashmap.c:Hashmap_get_node:205: TRY: 43
DEBUG: src/lcthw/hashmap.c:Hashmap_get_node:205: TRY: 44
DEBUG: src/lcthw/hashmap.c:Hashmap_get_node:205: TRY: 45
DEBUG: src/lcthw/hashmap.c:Hashmap_get_node:205: TRY: 46
DEBUG: src/lcthw/hashmap.c:Hashmap_get_node:205: TRY: 47
DEBUG: src/lcthw/hashmap.c:Hashmap_get_node:205: TRY: 48
DEBUG: src/lcthw/hashmap.c:Hashmap_get_node:205: TRY: 49
DEBUG: src/lcthw/hashmap.c:Hashmap_get_node:205: TRY: 50
DEBUG: src/lcthw/hashmap.c:Hashmap_get_node:205: TRY: 51
DEBUG: src/lcthw/hashmap.c:Hashmap_get_node:205: TRY: 52
DEBUG: src/lcthw/hashmap.c:Hashmap_get_node:205: TRY: 53
DEBUG: src/lcthw/hashmap.c:Hashmap_get_node:205: TRY: 54
DEBUG: src/lcthw/hashmap.c:Hashmap_get_node:205: TRY: 55
DEBUG: src/lcthw/hashmap.c:Hashmap_get_node:205: TRY: 56
DEBUG: src/lcthw/hashmap.c:Hashmap_get_node:205: TRY: 57
DEBUG: src/lcthw/hashmap.c:Hashmap_get_node:205: TRY: 58
DEBUG: src/lcthw/hashmap.c:Hashmap_get_node:205: TRY: 59
DEBUG: src/lcthw/hashmap.c:Hashmap_get_node:205: TRY: 60
DEBUG: src/lcthw/hashmap.c:Hashmap_get_node:205: TRY: 61
DEBUG: src/lcthw/hashmap.c:Hashmap_get_node:205: TRY: 62
DEBUG: src/lcthw/hashmap.c:Hashmap_get_node:205: TRY: 63
DEBUG: src/lcthw/hashmap.c:Hashmap_get_node:205: TRY: 64
DEBUG: src/lcthw/hashmap.c:Hashmap_get_node:205: TRY: 65
DEBUG: src/lcthw/hashmap.c:Hashmap_get_node:205: TRY: 66
DEBUG: src/lcthw/hashmap.c:Hashmap_get_node:205: TRY: 67
DEBUG: src/lcthw/hashmap.c:Hashmap_get_node:205: TRY: 68
DEBUG: src/lcthw/hashmap.c:Hashmap_get_node:205: TRY: 69
DEBUG: src/lcthw/hashmap.c:Hashmap_get_node:205: TRY: 70
DEBUG: src/lcthw/hashmap.c:Hashmap_get_node:205: TRY: 71
DEBUG: src/lcthw/hashmap.c:Hashmap_get_node:205: TRY: 72
DEBUG: src/lcthw/hashmap.c:Hashmap_get_node:205: TRY: 73
DEBUG: src/lcthw/hashmap.c:Hashmap_get_node:205: TRY: 74
DEBUG: src/lcthw/hashmap.c:Hashmap_get_node:205: TRY: 75
DEBUG: src/lcthw/hashmap.c:Hashmap_get_node:205: TRY: 76
DEBUG: src/lcthw/hashmap.c:Hashmap_get_node:205: TRY: 77
DEBUG: src/lcthw/hashmap.c:Hashmap_get_node:205: TRY: 78
DEBUG: src/lcthw/hashmap.c:Hashmap_get_node:205: TRY: 79
DEBUG: src/lcthw/hashmap.c:Hashmap_get_node:205: TRY: 80
DEBUG: src/lcthw/hashmap.c:Hashmap_get_node:205: TRY: 81
DEBUG: src/lcthw/hashmap.c:Hashmap_get_node:205: TRY: 82
DEBUG: src/lcthw/hashmap.c:Hashmap_get_node:205: TRY: 83
DEBUG: src/lcthw/hashmap.c:Hashmap_get_node:205: TRY: 84
DEBUG: src/lcthw/hashmap.c:Hashmap_get_node:205: TRY: 85
DEBUG: src/lcthw/hashmap.c:Hashmap_get_node:205: TRY: 86
DEBUG: src/lcthw/hashmap.c:Hashmap_get_node:205: TRY: 87
DEBUG: src/lcthw/hashmap.c:Hashmap_get_node:205: TRY: 88
DEBUG: src/lcthw/hashmap.c:Hashmap_get_node:205: TRY: 89
DEBUG: src/lcthw/hashmap.c:Hashmap_get_node:205: TRY: 90
DEBUG: src/lcthw/hashmap.c:Hashmap_get_node:205: TRY: 91
DEBUG: src/lcthw/hashmap.c:Hashmap_get_node:205: TRY: 92
DEBUG: src/lcthw/hashmap.c:Hashmap_get_node:205: TRY: 93
DEBUG: src/lcthw/hashmap.c:Hashmap_get_node:205: TRY: 94
DEBUG: src/lcthw/hashmap.c:Hashmap_get_node:205: TRY: 95
DEBUG: src/lcthw/hashmap.c:Hashmap_get_node:205: TRY: 96
DEBUG: src/lcthw/hashmap.c:Hashmap_get_node:205: TRY: 97
DEBUG: src/lcthw/hashmap.c:Hashmap_get_node:205: TRY: 98
DEBUG: src/lcthw/hashmap.c:Hashmap_get_node:205: TRY: 99
DEBUG: src/lcthw/hashmap.c:Hashmap_get_node:205: TRY: 100
DEBUG: src/lcthw/hashmap.c:Hashmap_get_node:205: TRY: 0
DEBUG: src/lcthw/hashmap.c:Hashmap_get_node:205: TRY: 1
DEBUG: src/lcthw/hashmap.c:Hashmap_get_node:205: TRY: 2
DEBUG: src/lcthw/hashmap.c:Hashmap_get_node:205: TRY: 3
DEBUG: src/lcthw/hashmap.c:Hashmap_get_node:205: TRY: 4
DEBUG: src/lcthw/hashmap.c:Hashmap_get_node:205: TRY: 5
DEBUG: src/lcthw/hashmap.c:Hashmap_get_node:205: TRY: 6
DEBUG: src/lcthw/hashmap.c:Hashmap_get_node:205: TRY: 7
DEBUG: src/lcthw/hashmap.c:Hashmap_get_node:205: TRY: 8
DEBUG: src/lcthw/hashmap.c:Hashmap_get_node:205: TRY: 9
DEBUG: src/lcthw/hashmap.c:Hashmap_get_node:205: TRY: 10
DEBUG: src/lcthw/hashmap.c:Hashmap_get_node:205: TRY: 11
DEBUG: src/lcthw/hashmap.c:Hashmap_get_node:205: TRY: 12
DEBUG: src/lcthw/hashmap.c:Hashmap_get_node:205: TRY: 13
DEBUG: src/lcthw/hashmap.c:Hashmap_get_node:205: TRY: 14
DEBUG: src/lcthw/hashmap.c:Hashmap_get_node:205: TRY: 15
DEBUG: src/lcthw/hashmap.c:Hashmap_get_node:205: TRY: 16
DEBUG: src/lcthw/hashmap.c:Hashmap_get_node:205: TRY: 17
DEBUG: src/lcthw/hashmap.c:Hashmap_get_node:205: TRY: 18
DEBUG: src/lcthw/hashmap.c:Hashmap_get_node:205: TRY: 19
DEBUG: src/lcthw/hashmap.c:Hashmap_get_node:205: TRY: 20
DEBUG: src/lcthw/hashmap.c:Hashmap_get_node:205: TRY: 21
DEBUG: src/lcthw/hashmap.c:Hashmap_get_node:205: TRY: 22
DEBUG: src/lcthw/hashmap.c:Hashmap_get_node:205: TRY: 23
DEBUG: src/lcthw/hashmap.c:Hashmap_get_node:205: TRY: 24
DEBUG: src/lcthw/hashmap.c:Hashmap_get_node:205: TRY: 25
DEBUG: src/lcthw/hashmap.c:Hashmap_get_node:205: TRY: 26
DEBUG: src/lcthw/hashmap.c:Hashmap_get_node:205: TRY: 27
DEBUG: src/lcthw/hashmap.c:Hashmap_get_node:205: TRY: 28
DEBUG: src/lcthw/hashmap.c:Hashmap_get_node:205: TRY: 29
DEBUG: src/lcthw/hashmap.c:Hashmap_get_node:205: TRY: 30
DEBUG: src/lcthw/hashmap.c:Hashmap_get_node:205: TRY: 31
DEBUG: src/lcthw/hashmap.c:Hashmap_get_node:205: TRY: 32
DEBUG: src/lcthw/hashmap.c:Hashmap_get_node:205: TRY: 33
DEBUG: src/lcthw/hashmap.c:Hashmap_get_node:205: TRY: 34
DEBUG: src/lcthw/hashmap.c:Hashmap_get_node:205: TRY: 35
DEBUG: src/lcthw/hashmap.c:Hashmap_get_node:205: TRY: 36
DEBUG: src/lcthw/hashmap.c:Hashmap_get_node:205: TRY: 37
DEBUG: src/lcthw/hashmap.c:Hashmap_get_node:205: TRY: 38
DEBUG: src/lcthw/hashmap.c:Hashmap_get_node:205: TRY: 39
DEBUG: src/lcthw/hashmap.c:Hashmap_get_node:205: TRY: 40
DEBUG: src/lcthw/hashmap.c:Hashmap_get_node:205: TRY: 41
DEBUG: src/lcthw/hashmap.c:Hashmap_get_node:205: TRY: 42
DEBUG: src/lcthw/hashmap.c:Hashmap_get_node:205: TRY: 43
DEBUG: src/lcthw/hashmap.c:Hashmap_get_node:205: TRY: 44
DEBUG: src/lcthw/hashmap.c:Hashmap_get_node:205: TRY: 45
DEBUG: src/lcthw/hashmap.c:Hashmap_get_node:205: TRY: 46
DEBUG: src/lcthw/hashmap.c:Hashmap_get_node:205: TRY: 47
DEBUG: src/lcthw/hashmap.c:Hashmap_get_node:205: TRY: 48
DEBUG: src/lcthw/hashmap.c:Hashmap_get_node:205: TRY: 49
DEBUG: src/lcthw/hashmap.c:Hashmap_get_node:205: TRY: 50
DEBUG: src/lcthw/hashmap.c:Hashmap_get_node:205: TRY: 51
DEBUG: src/lcthw/hashmap.c:Hashmap_get_node:205: TRY: 52
DEBUG: src/lcthw/hashmap.c:Hashmap_get_node:205: TRY: 53
DEBUG: src/lcthw/hashmap.c:Hashmap_get_node:205: TRY: 54
DEBUG: src/lcthw/hashmap.c:Hashmap_get_node:205: TRY: 55
DEBUG: src/lcthw/hashmap.c:Hashmap_get_node:205: TRY: 56
DEBUG: src/lcthw/hashmap.c:Hashmap_get_node:205: TRY: 57
DEBUG: src/lcthw/hashmap.c:Hashmap_get_node:205: TRY: 58
DEBUG: src/lcthw/hashmap.c:Hashmap_get_node:205: TRY: 59
DEBUG: src/lcthw/hashmap.c:Hashmap_get_node:205: TRY: 60
DEBUG: src/lcthw/hashmap.c:Hashmap_get_node:205: TRY: 61
DEBUG: src/lcthw/hashmap.c:Hashmap_get_node:205: TRY: 62
DEBUG: src/lcthw/hashmap.c:Hashmap_get_node:205: TRY: 63
DEBUG: src/lcthw/hashmap.c:Hashmap_get_node:205: TRY: 64
DEBUG: src/lcthw/hashmap.c:Hashmap_get_node:205: TRY: 65
DEBUG: src/lcthw/hashmap.c:Hashmap_get_node:205: TRY: 66
DEBUG: src/lcthw/hashmap.c:Hashmap_get_node:205: TRY: 67
DEBUG: src/lcthw/hashmap.c:Hashmap_get_node:205: TRY: 68
DEBUG: src/lcthw/hashmap.c:Hashmap_get_node:205: TRY: 69
DEBUG: src/lcthw/hashmap.c:Hashmap_get_node:205: TRY: 70
DEBUG: src/lcthw/hashmap.c:Hashmap_get_node:205: TRY: 71
DEBUG: src/lcthw/hashmap.c:Hashmap_get_node:205: TRY: 0
DEBUG: src/lcthw/hashmap.c:Hashmap_get_node:205: TRY: 1
DEBUG: src/lcthw/hashmap.c:Hashmap_get_node:205: TRY: 2
DEBUG: src/lcthw/hashmap.c:Hashmap_get_node:205: TRY: 3
DEBUG: src/lcthw/hashmap.c:Hashmap_get_node:205: TRY: 4
DEBUG: src/lcthw/hashmap.c:Hashmap_get_node:205: TRY: 5
DEBUG: src/lcthw/hashmap.c:Hashmap_get_node:205: TRY: 6
DEBUG: src/lcthw/hashmap.c:Hashmap_get_node:205: TRY: 7
DEBUG: src/lcthw/hashmap.c:Hashmap_get_node:205: TRY: 8
DEBUG: src/lcthw/hashmap.c:Hashmap_get_node:205: TRY: 9
DEBUG: src/lcthw/hashmap.c:Hashmap_get_node:205: TRY: 10
DEBUG: src/lcthw/hashmap.c:Hashmap_get_node:205: TRY: 11
DEBUG: src/lcthw/hashmap.c:Hashmap_get_node:205: TRY: 12
DEBUG: src/lcthw/hashmap.c:Hashmap_get_node:205: TRY: 13
DEBUG: src/lcthw/hashmap.c:Hashmap_get_node:205: TRY: 14
DEBUG: src/lcthw/hashmap.c:Hashmap_get_node:205: TRY: 15
DEBUG: src/lcthw/hashmap.c:Hashmap_get_node:205: TRY: 16
DEBUG: src/lcthw/hashmap.c:Hashmap_get_node:205: TRY: 17
DEBUG: src/lcthw/hashmap.c:Hashmap_get_node:205: TRY: 18
DEBUG: src/lcthw/hashmap.c:Hashmap_get_node:205: TRY: 19
DEBUG: src/lcthw/hashmap.c:Hashmap_get_node:205: TRY: 20
DEBUG: src/lcthw/hashmap.c:Hashmap_get_node:205: TRY: 21
DEBUG: src/lcthw/hashmap.c:Hashmap_get_node:205: TRY: 22
DEBUG: src/lcthw/hashmap.c:Hashmap_get_node:205: TRY: 23
DEBUG: src/lcthw/hashmap.c:Hashmap_get_node:205: TRY: 24
DEBUG: src/lcthw/hashmap.c:Hashmap_get_node:205: TRY: 25
DEBUG: src/lcthw/hashmap.c:Hashmap_get_node:205: TRY: 26
DEBUG: src/lcthw/hashmap.c:Hashmap_get_node:205: TRY: 27
DEBUG: src/lcthw/hashmap.c:Hashmap_get_node:205: TRY: 28
DEBUG: src/lcthw/hashmap.c:Hashmap_get_node:205: TRY: 29
DEBUG: src/lcthw/hashmap.c:Hashmap_get_node:205: TRY: 30
DEBUG: src/lcthw/hashmap.c:Hashmap_get_node:205: TRY: 31
DEBUG: src/lcthw/hashmap.c:Hashmap_get_node:205: TRY: 32
DEBUG: src/lcthw/hashmap.c:Hashmap_get_node:205: TRY: 33
DEBUG: src/lcthw/hashmap.c:Hashmap_get_node:205: TRY: 34
DEBUG: src/lcthw/hashmap.c:Hashmap_get_node:205: TRY: 35
DEBUG: src/lcthw/hashmap.c:Hashmap_get_node:205: TRY: 36
DEBUG: src/lcthw/hashmap.c:Hashmap_get_node:205: TRY: 37
DEBUG: src/lcthw/hashmap.c:Hashmap_get_node:205: TRY: 38
DEBUG: src/lcthw/hashmap.c:Hashmap_get_node:205: TRY: 39
DEBUG: src/lcthw/hashmap.c:Hashmap_get_node:205: TRY: 40
DEBUG: src/lcthw/hashmap.c:Hashmap_get_node:205: TRY: 41
DEBUG: src/lcthw/hashmap.c:Hashmap_get_node:205: TRY: 42
DEBUG: src/lcthw/hashmap.c:Hashmap_get_node:205: TRY: 43
DEBUG: src/lcthw/hashmap.c:Hashmap_get_node:205: TRY: 44
DEBUG: src/lcthw/hashmap.c:Hashmap_get_node:205: TRY: 45
DEBUG: src/lcthw/hashmap.c:Hashmap_get_node:205: TRY: 46
DEBUG: src/lcthw/hashmap.c:Hashmap_get_node:205: TRY: 47
DEBUG: src/lcthw/hashmap.c:Hashmap_get_node:205: TRY: 48
DEBUG: src/lcthw/hashmap.c:Hashmap_get_node:205: TRY: 49
DEBUG: src/lcthw/hashmap.c:Hashmap_get_node:205: TRY: 50
DEBUG: src/lcthw/hashmap.c:Hashmap_get_node:205: TRY: 51
DEBUG: src/lcthw/hashmap.c:Hashmap_get_node:205: TRY: 52
DEBUG: src/lcthw/hashmap.c:Hashmap_get_node:205: TRY: 53
DEBUG: src/lcthw/hashmap.c:Hashmap_get_node:205: TRY: 54
DEBUG: src/lcthw/hashmap.c:Hashmap_get_node:205: TRY: 55
DEBUG: src/lcthw/hashmap.c:Hashmap_get_node:205: TRY: 56
DEBUG: src/lcthw/hashmap.c:Hashmap_get_node:205: TRY: 57
DEBUG: src/lcthw/hashmap.c:Hashmap_get_node:205: TRY: 58
DEBUG: src/lcthw/hashmap.c:Hashmap_get_node:205: TRY: 59
DEBUG: src/lcthw/hashmap.c:Hashmap_get_node:205: TRY: 60
DEBUG: src/lcthw/hashmap.c:Hashmap_get_node:205: TRY: 61
DEBUG: src/lcthw/hashmap.c:Hashmap_get_node:205: TRY: 62
DEBUG: src/lcthw/hashmap.c:Hashmap_get_node:205: TRY: 63
DEBUG: src/lcthw/hashmap.c:Hashmap_get_node:205: TRY: 64
DEBUG: src/lcthw/hashmap.c:Hashmap_get_node:205: TRY: 65
DEBUG: src/lcthw/hashmap.c:Hashmap_get_node:205: TRY: 66
DEBUG: src/lcthw/hashmap.c:Hashmap_get_node:205: TRY: 67
DEBUG: src/lcthw/hashmap.c:Hashmap_get_node:205: TRY: 68
DEBUG: src/lcthw/hashmap.c:Hashmap_get_node:205: TRY: 69
DEBUG: src/lcthw/hashmap.c:Hashmap_get_node:205: TRY: 70
DEBUG: src/lcthw/hashmap.c:Hashmap_get_node:205: TRY: 71
DEBUG: src/lcthw/hashmap.c:Hashmap_get_node:205: TRY: 72
DEBUG: src/lcthw/hashmap.c:Hashmap_get_node:205: TRY: 73
DEBUG: src/lcthw/hashmap.c:Hashmap_get_node:205: TRY: 0
DEBUG: src/lcthw/hashmap.c:Hashmap_get_node:205: TRY: 1
DEBUG: src/lcthw/hashmap.c:Hashmap_get_node:205: TRY: 2
DEBUG: src/lcthw/hashmap.c:Hashmap_get_node:205: TRY: 3
DEBUG: src/lcthw/hashmap.c:Hashmap_get_node:205: TRY: 4
DEBUG: src/lcthw/hashmap.c:Hashmap_get_node:205: TRY: 5
DEBUG: src/lcthw/hashmap.c:Hashmap_get_node:205: TRY: 6
DEBUG: src/lcthw/hashmap.c:Hashmap_get_node:205: TRY: 7
DEBUG: src/lcthw/hashmap.c:Hashmap_get_node:205: TRY: 8
DEBUG: src/lcthw/hashmap.c:Hashmap_get_node:205: TRY: 9
DEBUG: src/lcthw/hashmap.c:Hashmap_get_node:205: TRY: 10
DEBUG: src/lcthw/hashmap.c:Hashmap_get_node:205: TRY: 11
DEBUG: src/lcthw/hashmap.c:Hashmap_get_node:205: TRY: 12
DEBUG: src/lcthw/hashmap.c:Hashmap_get_node:205: TRY: 13
DEBUG: src/lcthw/hashmap.c:Hashmap_get_node:205: TRY: 14
DEBUG: src/lcthw/hashmap.c:Hashmap_get_node:205: TRY: 15
DEBUG: src/lcthw/hashmap.c:Hashmap_get_node:205: TRY: 16
DEBUG: src/lcthw/hashmap.c:Hashmap_get_node:205: TRY: 17
DEBUG: src/lcthw/hashmap.c:Hashmap_get_node:205: TRY: 18
DEBUG: src/lcthw/hashmap.c:Hashmap_get_node:205: TRY: 19
DEBUG: src/lcthw/hashmap.c:Hashmap_get_node:205: TRY: 20
DEBUG: src/lcthw/hashmap.c:Hashmap_get_node:205: TRY: 21
DEBUG: src/lcthw/hashmap.c:Hashmap_get_node:205: TRY: 22
DEBUG: src/lcthw/hashmap.c:Hashmap_get_node:205: TRY: 23
DEBUG: src/lcthw/hashmap.c:Hashmap_get_node:205: TRY: 24
DEBUG: src/lcthw/hashmap.c:Hashmap_get_node:205: TRY: 25
DEBUG: src/lcthw/hashmap.c:Hashmap_get_node:205: TRY: 26
DEBUG: src/lcthw/hashmap.c:Hashmap_get_node:205: TRY: 27
DEBUG: src/lcthw/hashmap.c:Hashmap_get_node:205: TRY: 28
DEBUG: src/lcthw/hashmap.c:Hashmap_get_node:205: TRY: 29
DEBUG: src/lcthw/hashmap.c:Hashmap_get_node:205: TRY: 30
DEBUG: src/lcthw/hashmap.c:Hashmap_get_node:205: TRY: 31
DEBUG: src/lcthw/hashmap.c:Hashmap_get_node:205: TRY: 32
DEBUG: src/lcthw/hashmap.c:Hashmap_get_node:205: TRY: 33
DEBUG: src/lcthw/hashmap.c:Hashmap_get_node:205: TRY: 34
DEBUG: src/lcthw/hashmap.c:Hashmap_get_node:205: TRY: 35
DEBUG: src/lcthw/hashmap.c:Hashmap_get_node:205: TRY: 36
DEBUG: src/lcthw/hashmap.c:Hashmap_get_node:205: TRY: 37
DEBUG: src/lcthw/hashmap.c:Hashmap_get_node:205: TRY: 38
DEBUG: src/lcthw/hashmap.c:Hashmap_get_node:205: TRY: 39
DEBUG: src/lcthw/hashmap.c:Hashmap_get_node:205: TRY: 40
DEBUG: src/lcthw/hashmap.c:Hashmap_get_node:205: TRY: 41
DEBUG: src/lcthw/hashmap.c:Hashmap_get_node:205: TRY: 42
DEBUG: src/lcthw/hashmap.c:Hashmap_get_node:205: TRY: 43
DEBUG: src/lcthw/hashmap.c:Hashmap_get_node:205: TRY: 44
DEBUG: src/lcthw/hashmap.c:Hashmap_get_node:205: TRY: 45
DEBUG: src/lcthw/hashmap.c:Hashmap_get_node:205: TRY: 46
DEBUG: src/lcthw/hashmap.c:Hashmap_get_node:205: TRY: 47
DEBUG: src/lcthw/hashmap.c:Hashmap_get_node:205: TRY: 48
DEBUG: src/lcthw/hashmap.c:Hashmap_get_node:205: TRY: 49
DEBUG: src/lcthw/hashmap.c:Hashmap_get_node:205: TRY: 50
DEBUG: src/lcthw/hashmap.c:Hashmap_get_node:205: TRY: 51
DEBUG: src/lcthw/hashmap.c:Hashmap_get_node:205: TRY: 52
DEBUG: src/lcthw/hashmap.c:Hashmap_get_node:205: TRY: 53
DEBUG: src/lcthw/hashmap.c:Hashmap_get_node:205: TRY: 54
DEBUG: src/lcthw/hashmap.c:Hashmap_get_node:205: TRY: 55
DEBUG: src/lcthw/hashmap.c:Hashmap_get_node:205: TRY: 56
DEBUG: src/lcthw/hashmap.c:Hashmap_get_node:205: TRY: 57
DEBUG: src/lcthw/hashmap.c:Hashmap_get_node:205: TRY: 58
DEBUG: src/lcthw/hashmap.c:Hashmap_get_node:205: TRY: 59
DEBUG: src/lcthw/hashmap.c:Hashmap_get_node:205: TRY: 60
DEBUG: src/lcthw/hashmap.c:Hashmap_get_node:205: TRY: 61
DEBUG: src/lcthw/hashmap.c:Hashmap_get_node:205: TRY: 62
DEBUG: src/lcthw/hashmap.c:Hashmap_get_node:205: TRY: 63
DEBUG: src/lcthw/hashmap.c:Hashmap_get_node:205: TRY: 64
DEBUG: src/lcthw/hashmap.c:Hashmap_get_node:205: TRY: 0
DEBUG: src/lcthw/hashmap.c:Hashmap_get_node:205: TRY: 1
DEBUG: src/lcthw/hashmap.c:Hashmap_get_node:205: TRY: 2
DEBUG: src/lcthw/hashmap.c:Hashmap_get_node:205: TRY: 3
DEBUG: src/lcthw/hashmap.c:Hashmap_get_node:205: TRY: 4
DEBUG: src/lcthw/hashmap.c:Hashmap_get_node:205: TRY: 5
DEBUG: src/lcthw/hashmap.c:Hashmap_get_node:205: TRY: 6
DEBUG: src/lcthw/hashmap.c:Hashmap_get_node:205: TRY: 7
DEBUG: src/lcthw/hashmap.c:Hashmap_get_node:205: TRY: 8
DEBUG: src/lcthw/hashmap.c:Hashmap_get_node:205: TRY: 9
DEBUG: src/lcthw/hashmap.c:Hashmap_get_node:205: TRY: 10
DEBUG: src/lcthw/hashmap.c:Hashmap_get_node:205: TRY: 11
DEBUG: src/lcthw/hashmap.c:Hashmap_get_node:205: TRY: 12
DEBUG: src/lcthw/hashmap.c:Hashmap_get_node:205: TRY: 13
DEBUG: src/lcthw/hashmap.c:Hashmap_get_node:205: TRY: 14
DEBUG: src/lcthw/hashmap.c:Hashmap_get_node:205: TRY: 15
DEBUG: src/lcthw/hashmap.c:Hashmap_get_node:205: TRY: 16
DEBUG: src/lcthw/hashmap.c:Hashmap_get_node:205: TRY: 17
DEBUG: src/lcthw/hashmap.c:Hashmap_get_node:205: TRY: 18
DEBUG: src/lcthw/hashmap.c:Hashmap_get_node:205: TRY: 19
DEBUG: src/lcthw/hashmap.c:Hashmap_get_node:205: TRY: 20
DEBUG: src/lcthw/hashmap.c:Hashmap_get_node:205: TRY: 21
DEBUG: src/lcthw/hashmap.c:Hashmap_get_node:205: TRY: 22
DEBUG: src/lcthw/hashmap.c:Hashmap_get_node:205: TRY: 23
DEBUG: src/lcthw/hashmap.c:Hashmap_get_node:205: TRY: 24
DEBUG: src/lcthw/hashmap.c:Hashmap_get_node:205: TRY: 25
DEBUG: src/lcthw/hashmap.c:Hashmap_get_node:205: TRY: 26
DEBUG: src/lcthw/hashmap.c:Hashmap_get_node:205: TRY: 27
DEBUG: src/lcthw/hashmap.c:Hashmap_get_node:205: TRY: 28
DEBUG: src/lcthw/hashmap.c:Hashmap_get_node:205: TRY: 29
DEBUG: src/lcthw/hashmap.c:Hashmap_get_node:205: TRY: 30
DEBUG: src/lcthw/hashmap.c:Hashmap_get_node:205: TRY: 31
DEBUG: src/lcthw/hashmap.c:Hashmap_get_node:205: TRY: 32
DEBUG: src/lcthw/hashmap.c:Hashmap_get_node:205: TRY: 33
DEBUG: src/lcthw/hashmap.c:Hashmap_get_node:205: TRY: 34
DEBUG: src/lcthw/hashmap.c:Hashmap_get_node:205: TRY: 35
DEBUG: src/lcthw/hashmap.c:Hashmap_get_node:205: TRY: 36
DEBUG: src/lcthw/hashmap.c:Hashmap_get_node:205: TRY: 37
DEBUG: src/lcthw/hashmap.c:Hashmap_get_node:205: TRY: 38
DEBUG: src/lcthw/hashmap.c:Hashmap_get_node:205: TRY: 39
DEBUG: src/lcthw/hashmap.c:Hashmap_get_node:205: TRY: 40
DEBUG: src/lcthw/hashmap.c:Hashmap_get_node:205: TRY: 41
DEBUG: src/lcthw/hashmap.c:Hashmap_get_node:205: TRY: 42
DEBUG: src/lcthw/hashmap.c:Hashmap_get_node:205: TRY: 43
DEBUG: src/lcthw/hashmap.c:Hashmap_get_node:205: TRY: 44
DEBUG: src/lcthw/hashmap.c:Hashmap_get_node:205: TRY: 45
DEBUG: src/lcthw/hashmap.c:Hashmap_get_node:205: TRY: 46
DEBUG: src/lcthw/hashmap.c:Hashmap_get_node:205: TRY: 47
DEBUG: src/lcthw/hashmap.c:Hashmap_get_node:205: TRY: 48
DEBUG: src/lcthw/hashmap.c:Hashmap_get_node:205: TRY: 49
DEBUG: src/lcthw/hashmap.c:Hashmap_get_node:205: TRY: 50
DEBUG: src/lcthw/hashmap.c:Hashmap_get_node:205: TRY: 51
DEBUG: src/lcthw/hashmap.c:Hashmap_get_node:205: TRY: 52
DEBUG: src/lcthw/hashmap.c:Hashmap_get_node:205: TRY: 53
DEBUG: src/lcthw/hashmap.c:Hashmap_get_node:205: TRY: 54
DEBUG: src/lcthw/hashmap.c:Hashmap_get_node:205: TRY: 55
DEBUG: src/lcthw/hashmap.c:Hashmap_get_node:205: TRY: 56
DEBUG: src/lcthw/hashmap.c:Hashmap_get_node:205: TRY: 57
DEBUG: src/lcthw/hashmap.c:Hashmap_get_node:205: TRY: 58
DEBUG: src/lcthw/hashmap.c:Hashmap_get_node:205: TRY: 59
DEBUG: src/lcthw/hashmap.c:Hashmap_get_node:205: TRY: 60
DEBUG: src/lcthw/hashmap.c:Hashmap_get_node:205: TRY: 61
DEBUG: src/lcthw/hashmap.c:Hashmap_get_node:205: TRY: 62
DEBUG: src/lcthw/hashmap.c:Hashmap_get_node:205: TRY: 63
DEBUG: src/lcthw/hashmap.c:Hashmap_get_node:205: TRY: 64
DEBUG: src/lcthw/hashmap.c:Hashmap_get_node:205: TRY: 65
DEBUG: src/lcthw/hashmap.c:Hashmap_get_node:205: TRY: 66
DEBUG: src/lcthw/hashmap.c:Hashmap_get_node:205: TRY: 67
DEBUG: src/lcthw/hashmap.c:Hashmap_get_node:205: TRY: 68
DEBUG: src/lcthw/hashmap.c:Hashmap_get_node:205: TRY: 69
DEBUG: src/lcthw/hashmap.c:Hashmap_get_node:205: TRY: 70
DEBUG: src/lcthw/hashmap.c:Hashmap_get_node:205: TRY: 71
DEBUG: src/lcthw/hashmap.c:Hashmap_get_node:205: TRY: 72
DEBUG: src/lcthw/hashmap.c:Hashmap_get_node:205: TRY: 73
DEBUG: src/lcthw/hashmap.c:Hashmap_get_node:205: TRY: 74
DEBUG: src/lcthw/hashmap.c:Hashmap_get_node:205: TRY: 75
DEBUG: src/lcthw/hashmap.c:Hashmap_get_node:205: TRY: 76
DEBUG: src/lcthw/hashmap.c:Hashmap_get_node:205: TRY: 77
DEBUG: src/lcthw/hashmap.c:Hashmap_get_node:205: TRY: 78
DEBUG: src/lcthw/hashmap.c:Hashmap_get_node:205: TRY: 79
DEBUG: src/lcthw/hashmap.c:Hashmap_get_node:205: TRY: 80
DEBUG: src/lcthw/hashmap.c:Hashmap_get_node:205: TRY: 81
DEBUG: src/lcthw/hashmap.c:Hashmap_get_node:205: TRY: 82
DEBUG: src/lcthw/hashmap.c:Hashmap_get_node:205: TRY: 83
DEBUG: src/lcthw/hashmap.c:Hashmap_get_node:205: TRY: 84
DEBUG: src/lcthw/hashmap.c:Hashmap_get_node:205: TRY: 85
DEBUG: src/lcthw/hashmap.c:Hashmap_get_node:205: TRY: 86
DEBUG: src/lcthw/hashmap.c:Hashmap_get_node:205: TRY: 87
DEBUG: src/lcthw/hashmap.c:Hashmap_get_node:205: TRY: 88
DEBUG: src/lcthw/hashmap.c:Hashmap_get_node:205: TRY: 89
DEBUG: src/lcthw/hashmap.c:Hashmap_get_node:205: TRY: 90
DEBUG: src/lcthw/hashmap.c:Hashmap_get_node:205: TRY: 91
DEBUG: src/lcthw/hashmap.c:Hashmap_get_node:205: TRY: 92
DEBUG: src/lcthw/hashmap.c:Hashmap_get_node:205: TRY: 93
DEBUG: src/lcthw/hashmap.c:Hashmap_get_node:205: TRY: 94
DEBUG: src/lcthw/hashmap.c:Hashmap_get_node:205: TRY: 95
DEBUG: src/lcthw/hashmap.c:Hashmap_get_node:205: TRY: 96
DEBUG: src/lcthw/hashmap.c:Hashmap_get_node:205: TRY: 97
DEBUG: src/lcthw/hashmap.c:Hashmap_get_node:205: TRY: 98
DEBUG: src/lcthw/hashmap.c:Hashmap_get_node:205: TRY: 99
DEBUG: src/lcthw/hashmap.c:Hashmap_get_node:205: TRY: 100
DEBUG: src/lcthw/hashmap.c:Hashmap_get_node:205: TRY: 101
DEBUG: src/lcthw/hashmap.c:Hashmap_get_node:205: TRY: 0
DEBUG: src/lcthw/hashmap.c:Hashmap_get_node:205: TRY: 1
DEBUG: src/lcthw/hashmap.c:Hashmap_get_node:205: TRY: 2
DEBUG: src/lcthw/hashmap.c:Hashmap_get_node:205: TRY: 3
DEBUG: src/lcthw/hashmap.c:Hashmap_get_node:205: TRY: 4
DEBUG: src/lcthw/hashmap.c:Hashmap_get_node:205: TRY: 5
DEBUG: src/lcthw/hashmap.c:Hashmap_get_node:205: TRY: 6
DEBUG: src/lcthw/hashmap.c:Hashmap_get_node:205: TRY: 7
DEBUG: src/lcthw/hashmap.c:Hashmap_get_node:205: TRY: 8
DEBUG: src/lcthw/hashmap.c:Hashmap_get_node:205: TRY: 9
DEBUG: src/lcthw/hashmap.c:Hashmap_get_node:205: TRY: 10
DEBUG: src/lcthw/hashmap.c:Hashmap_get_node:205: TRY: 11
DEBUG: src/lcthw/hashmap.c:Hashmap_get_node:205: TRY: 12
DEBUG: src/lcthw/hashmap.c:Hashmap_get_node:205: TRY: 13
DEBUG: src/lcthw/hashmap.c:Hashmap_get_node:205: TRY: 14
DEBUG: src/lcthw/hashmap.c:Hashmap_get_node:205: TRY: 15
DEBUG: src/lcthw/hashmap.c:Hashmap_get_node:205: TRY: 16
DEBUG: src/lcthw/hashmap.c:Hashmap_get_node:205: TRY: 17
DEBUG: src/lcthw/hashmap.c:Hashmap_get_node:205: TRY: 18
DEBUG: src/lcthw/hashmap.c:Hashmap_get_node:205: TRY: 19
DEBUG: src/lcthw/hashmap.c:Hashmap_get_node:205: TRY: 20
DEBUG: src/lcthw/hashmap.c:Hashmap_get_node:205: TRY: 21
DEBUG: src/lcthw/hashmap.c:Hashmap_get_node:205: TRY: 22
DEBUG: src/lcthw/hashmap.c:Hashmap_get_node:205: TRY: 23
DEBUG: src/lcthw/hashmap.c:Hashmap_get_node:205: TRY: 24
DEBUG: src/lcthw/hashmap.c:Hashmap_get_node:205: TRY: 25
DEBUG: src/lcthw/hashmap.c:Hashmap_get_node:205: TRY: 26
DEBUG: src/lcthw/hashmap.c:Hashmap_get_node:205: TRY: 27
DEBUG: src/lcthw/hashmap.c:Hashmap_get_node:205: TRY: 28
DEBUG: src/lcthw/hashmap.c:Hashmap_get_node:205: TRY: 29
DEBUG: src/lcthw/hashmap.c:Hashmap_get_node:205: TRY: 30
DEBUG: src/lcthw/hashmap.c:Hashmap_get_node:205: TRY: 31
DEBUG: src/lcthw/hashmap.c:Hashmap_get_node:205: TRY: 32
DEBUG: src/lcthw/hashmap.c:Hashmap_get_node:205: TRY: 33
DEBUG: src/lcthw/hashmap.c:Hashmap_get_node:205: TRY: 34
DEBUG: src/lcthw/hashmap.c:Hashmap_get_node:205: TRY: 35
DEBUG: src/lcthw/hashmap.c:Hashmap_get_node:205: TRY: 36
DEBUG: src/lcthw/hashmap.c:Hashmap_get_node:205: TRY: 37
DEBUG: src/lcthw/hashmap.c:Hashmap_get_node:205: TRY: 38
DEBUG: src/lcthw/hashmap.c:Hashmap_get_node:205: TRY: 39
DEBUG: src/lcthw/hashmap.c:Hashmap_get_node:205: TRY: 40
DEBUG: src/lcthw/hashmap.c:Hashmap_get_node:205: TRY: 41
DEBUG: src/lcthw/hashmap.c:Hashmap_get_node:205: TRY: 42
DEBUG: src/lcthw/hashmap.c:Hashmap_get_node:205: TRY: 43
DEBUG: src/lcthw/hashmap.c:Hashmap_get_node:205: TRY: 44
DEBUG: src/lcthw/hashmap.c:Hashmap_get_node:205: TRY: 45
DEBUG: src/lcthw/hashmap.c:Hashmap_get_node:205: TRY: 46
DEBUG: src/lcthw/hashmap.c:Hashmap_get_node:205: TRY: 47
DEBUG: src/lcthw/hashmap.c:Hashmap_get_node:205: TRY: 48
DEBUG: src/lcthw/hashmap.c:Hashmap_get_node:205: TRY: 49
DEBUG: src/lcthw/hashmap.c:Hashmap_get_node:205: TRY: 50
DEBUG: src/lcthw/hashmap.c:Hashmap_get_node:205: TRY: 51
DEBUG: src/lcthw/hashmap.c:Hashmap_get_node:205: TRY: 52
DEBUG: src/lcthw/hashmap.c:Hashmap_get_node:205: TRY: 53
DEBUG: src/lcthw/hashmap.c:Hashmap_get_node:205: TRY: 54
DEBUG: src/lcthw/hashmap.c:Hashmap_get_node:205: TRY: 55
DEBUG: src/lcthw/hashmap.c:Hashmap_get_node:205: TRY: 56
DEBUG: src/lcthw/hashmap.c:Hashmap_get_node:205: TRY: 57
DEBUG: src/lcthw/hashmap.c:Hashmap_get_node:205: TRY: 58
DEBUG: src/lcthw/hashmap.c:Hashmap_get_node:205: TRY: 59
DEBUG: src/lcthw/hashmap.c:Hashmap_get_node:205: TRY: 60
DEBUG: src/lcthw/hashmap.c:Hashmap_get_node:205: TRY: 61
DEBUG: src/lcthw/hashmap.c:Hashmap_get_node:205: TRY: 62
DEBUG: src/lcthw/hashmap.c:Hashmap_get_node:205: TRY: 63
DEBUG: src/lcthw/hashmap.c:Hashmap_get_node:205: TRY: 64
DEBUG: src/lcthw/hashmap.c:Hashmap_get_node:205: TRY: 65
DEBUG: src/lcthw/hashmap.c:Hashmap_get_node:205: TRY: 66
DEBUG: src/lcthw/hashmap.c:Hashmap_get_node:205: TRY: 67
DEBUG: src/lcthw/hashmap.c:Hashmap_get_node:205: TRY: 68
DEBUG: src/lcthw/hashmap.c:Hashmap_get_node:205: TRY: 69
DEBUG: src/lcthw/hashmap.c:Hashmap_get_node:205: TRY: 70
DEBUG: src/lcthw/hashmap.c:Hashmap_get_node:205: TRY: 71
DEBUG: src/lcthw/hashmap.c:Hashmap_get_node:205: TRY: 72
DEBUG: src/lcthw/hashmap.c:Hashmap_get_node:205: TRY: 0
DEBUG: src/lcthw/hashmap.c:Hashmap_get_node:205: TRY: 1
DEBUG: src/lcthw/hashmap.c:Hashmap_get_node:205: TRY: 2
DEBUG: src/lcthw/hashmap.c:Hashmap_get_node:205: TRY: 3
DEBUG: src/lcthw/hashmap.c:Hashmap_get_node:205: TRY: 4
DEBUG: src/lcthw/hashmap.c:Hashmap_get_node:205: TRY: 5
DEBUG: src/lcthw/hashmap.c:Hashmap_get_node:205: TRY: 6
DEBUG: src/lcthw/hashmap.c:Hashmap_get_node:205: TRY: 7
DEBUG: src/lcthw/hashmap.c:Hashmap_get_node:205: TRY: 8
DEBUG: src/lcthw/hashmap.c:Hashmap_get_node:205: TRY: 9
DEBUG: src/lcthw/hashmap.c:Hashmap_get_node:205: TRY: 10
DEBUG: src/lcthw/hashmap.c:Hashmap_get_node:205: TRY: 11
DEBUG: src/lcthw/hashmap.c:Hashmap_get_node:205: TRY: 12
DEBUG: src/lcthw/hashmap.c:Hashmap_get_node:205: TRY: 13
DEBUG: src/lcthw/hashmap.c:Hashmap_get_node:205: TRY: 14
DEBUG: src/lcthw/hashmap.c:Hashmap_get_node:205: TRY: 15
DEBUG: src/lcthw/hashmap.c:Hashmap_get_node:205: TRY: 16
DEBUG: src/lcthw/hashmap.c:Hashmap_get_node:205: TRY: 17
DEBUG: src/lcthw/hashmap.c:Hashmap_get_node:205: TRY: 18
DEBUG: src/lcthw/hashmap.c:Hashmap_get_node:205: TRY: 19
DEBUG: src/lcthw/hashmap.c:Hashmap_get_node:205: TRY: 20
DEBUG: src/lcthw/hashmap.c:Hashmap_get_node:205: TRY: 21
DEBUG: src/lcthw/hashmap.c:Hashmap_get_node:205: TRY: 22
DEBUG: src/lcthw/hashmap.c:Hashmap_get_node:205: TRY: 23
DEBUG: src/lcthw/hashmap.c:Hashmap_get_node:205: TRY: 24
DEBUG: src/lcthw/hashmap.c:Hashmap_get_node:205: TRY: 25
DEBUG: src/lcthw/hashmap.c:Hashmap_get_node:205: TRY: 26
DEBUG: src/lcthw/hashmap.c:Hashmap_get_node:205: TRY: 27
DEBUG: src/lcthw/hashmap.c:Hashmap_get_node:205: TRY: 28
DEBUG: src/lcthw/hashmap.c:Hashmap_get_node:205: TRY: 29
DEBUG: src/lcthw/hashmap.c:Hashmap_get_node:205: TRY: 30
DEBUG: src/lcthw/hashmap.c:Hashmap_get_node:205: TRY: 31
DEBUG: src/lcthw/hashmap.c:Hashmap_get_node:205: TRY: 32
DEBUG: src/lcthw/hashmap.c:Hashmap_get_node:205: TRY: 33
DEBUG: src/lcthw/hashmap.c:Hashmap_get_node:205: TRY: 34
DEBUG: src/lcthw/hashmap.c:Hashmap_get_node:205: TRY: 35
DEBUG: src/lcthw/hashmap.c:Hashmap_get_node:205: TRY: 36
DEBUG: src/lcthw/hashmap.c:Hashmap_get_node:205: TRY: 37
DEBUG: src/lcthw/hashmap.c:Hashmap_get_node:205: TRY: 38
DEBUG: src/lcthw/hashmap.c:Hashmap_get_node:205: TRY: 39
DEBUG: src/lcthw/hashmap.c:Hashmap_get_node:205: TRY: 40
DEBUG: src/lcthw/hashmap.c:Hashmap_get_node:205: TRY: 41
DEBUG: src/lcthw/hashmap.c:Hashmap_get_node:205: TRY: 42
DEBUG: src/lcthw/hashmap.c:Hashmap_get_node:205: TRY: 43
DEBUG: src/lcthw/hashmap.c:Hashmap_get_node:205: TRY: 44
DEBUG: src/lcthw/hashmap.c:Hashmap_get_node:205: TRY: 45
DEBUG: src/lcthw/hashmap.c:Hashmap_get_node:205: TRY: 46
DEBUG: src/lcthw/hashmap.c:Hashmap_get_node:205: TRY: 47
DEBUG: src/lcthw/hashmap.c:Hashmap_get_node:205: TRY: 48
DEBUG: src/lcthw/hashmap.c:Hashmap_get_node:205: TRY: 49
DEBUG: src/lcthw/hashmap.c:Hashmap_get_node:205: TRY: 50
DEBUG: src/lcthw/hashmap.c:Hashmap_get_node:205: TRY: 51
DEBUG: src/lcthw/hashmap.c:Hashmap_get_node:205: TRY: 52
DEBUG: src/lcthw/hashmap.c:Hashmap_get_node:205: TRY: 53
DEBUG: src/lcthw/hashmap.c:Hashmap_get_node:205: TRY: 54
DEBUG: src/lcthw/hashmap.c:Hashmap_get_node:205: TRY: 55
DEBUG: src/lcthw/hashmap.c:Hashmap_get_node:205: TRY: 56
DEBUG: src/lcthw/hashmap.c:Hashmap_get_node:205: TRY: 57
DEBUG: src/lcthw/hashmap.c:Hashmap_get_node:205: TRY: 58
DEBUG: src/lcthw/hashmap.c:Hashmap_get_node:205: TRY: 59
DEBUG: src/lcthw/hashmap.c:Hashmap_get_node:205: TRY: 60
DEBUG: src/lcthw/hashmap.c:Hashmap_get_node:205: TRY: 61
DEBUG: src/lcthw/hashmap.c:Hashmap_get_node:205: TRY: 62
DEBUG: src/lcthw/hashmap.c:Hashmap_get_node:205: TRY: 63
DEBUG: src/lcthw/hashmap.c:Hashmap_get_node:205: TRY: 64
DEBUG: src/lcthw/hashmap.c:Hashmap_get_node:205: TRY: 65
DEBUG: src/lcthw/hashmap.c:Hashmap_get_node:205: TRY: 66
DEBUG: src/lcthw/hashmap.c:Hashmap_get_node:205: TRY: 67
DEBUG: src/lcthw/hashmap.c:Hashmap_get_node:205: TRY: 68
DEBUG: src/lcthw/hashmap.c:Hashmap_get_node:205: TRY: 69
DEBUG: src/lcthw/hashmap.c:Hashmap_get_node:205: TRY: 70
DEBUG: src/lcthw/hashmap.c:Hashmap_get_node:205: TRY: 71
DEBUG: src/lcthw/hashmap.c:Hashmap_get_node:205: TRY: 72
DEBUG: src/lcthw/hashmap.c:Hashmap_get_node:205: TRY: 73
DEBUG: src/lcthw/hashmap.c:Hashmap_get_node:205: TRY: 74
DEBUG: src/lcthw/hashmap.c:Hashmap_get_node:205: TRY: 0
DEBUG: src/lcthw/hashmap.c:Hashmap_get_node:205: TRY: 1
DEBUG: src/lcthw/hashmap.c:Hashmap_get_node:205: TRY: 2
DEBUG: src/lcthw/hashmap.c:Hashmap_get_node:205: TRY: 3
DEBUG: src/lcthw/hashmap.c:Hashmap_get_node:205: TRY: 4
DEBUG: src/lcthw/hashmap.c:Hashmap_get_node:205: TRY: 5
DEBUG: src/lcthw/hashmap.c:Hashmap_get_node:205: TRY: 6
DEBUG: src/lcthw/hashmap.c:Hashmap_get_node:205: TRY: 7
DEBUG: src/lcthw/hashmap.c:Hashmap_get_node:205: TRY: 8
DEBUG: src/lcthw/hashmap.c:Hashmap_get_node:205: TRY: 9
DEBUG: src/lcthw/hashmap.c:Hashmap_get_node:205: TRY: 10
DEBUG: src/lcthw/hashmap.c:Hashmap_get_node:205: TRY: 11
DEBUG: src/lcthw/hashmap.c:Hashmap_get_node:205: TRY: 12
DEBUG: src/lcthw/hashmap.c:Hashmap_get_node:205: TRY: 13
DEBUG: src/lcthw/hashmap.c:Hashmap_get_node:205: TRY: 14
DEBUG: src/lcthw/hashmap.c:Hashmap_get_node:205: TRY: 15
DEBUG: src/lcthw/hashmap.c:Hashmap_get_node:205: TRY: 16
DEBUG: src/lcthw/hashmap.c:Hashmap_get_node:205: TRY: 17
DEBUG: src/lcthw/hashmap.c:Hashmap_get_node:205: TRY: 18
DEBUG: src/lcthw/hashmap.c:Hashmap_get_node:205: TRY: 19
DEBUG: src/lcthw/hashmap.c:Hashmap_get_node:205: TRY: 20
DEBUG: src/lcthw/hashmap.c:Hashmap_get_node:205: TRY: 21
DEBUG: src/lcthw/hashmap.c:Hashmap_get_node:205: TRY: 22
DEBUG: src/lcthw/hashmap.c:Hashmap_get_node:205: TRY: 23
DEBUG: src/lcthw/hashmap.c:Hashmap_get_node:205: TRY: 24
DEBUG: src/lcthw/hashmap.c:Hashmap_get_node:205: TRY: 25
DEBUG: src/lcthw/hashmap.c:Hashmap_get_node:205: TRY: 26
DEBUG: src/lcthw/hashmap.c:Hashmap_get_node:205: TRY: 27
DEBUG: src/lcthw/hashmap.c:Hashmap_get_node:205: TRY: 28
DEBUG: src/lcthw/hashmap.c:Hashmap_get_node:205: TRY: 29
DEBUG: src/lcthw/hashmap.c:Hashmap_get_node:205: TRY: 30
DEBUG: src/lcthw/hashmap.c:Hashmap_get_node:205: TRY: 31
DEBUG: src/lcthw/hashmap.c:Hashmap_get_node:205: TRY: 32
DEBUG: src/lcthw/hashmap.c:Hashmap_get_node:205: TRY: 33
DEBUG: src/lcthw/hashmap.c:Hashmap_get_node:205: TRY: 34
DEBUG: src/lcthw/hashmap.c:Hashmap_get_node:205: TRY: 35
DEBUG: src/lcthw/hashmap.c:Hashmap_get_node:205: TRY: 36
DEBUG: src/lcthw/hashmap.c:Hashmap_get_node:205: TRY: 37
DEBUG: src/lcthw/hashmap.c:Hashmap_get_node:205: TRY: 38
DEBUG: src/lcthw/hashmap.c:Hashmap_get_node:205: TRY: 39
DEBUG: src/lcthw/hashmap.c:Hashmap_get_node:205: TRY: 40
DEBUG: src/lcthw/hashmap.c:Hashmap_get_node:205: TRY: 41
DEBUG: src/lcthw/hashmap.c:Hashmap_get_node:205: TRY: 42
DEBUG: src/lcthw/hashmap.c:Hashmap_get_node:205: TRY: 43
DEBUG: src/lcthw/hashmap.c:Hashmap_get_node:205: TRY: 44
DEBUG: src/lcthw/hashmap.c:Hashmap_get_node:205: TRY: 45
DEBUG: src/lcthw/hashmap.c:Hashmap_get_node:205: TRY: 46
DEBUG: src/lcthw/hashmap.c:Hashmap_get_node:205: TRY: 47
DEBUG: src/lcthw/hashmap.c:Hashmap_get_node:205: TRY: 48
DEBUG: src/lcthw/hashmap.c:Hashmap_get_node:205: TRY: 49
DEBUG: src/lcthw/hashmap.c:Hashmap_get_node:205: TRY: 50
DEBUG: src/lcthw/hashmap.c:Hashmap_get_node:205: TRY: 51
DEBUG: src/lcthw/hashmap.c:Hashmap_get_node:205: TRY: 52
DEBUG: src/lcthw/hashmap.c:Hashmap_get_node:205: TRY: 53
DEBUG: src/lcthw/hashmap.c:Hashmap_get_node:205: TRY: 54
DEBUG: src/lcthw/hashmap.c:Hashmap_get_node:205: TRY: 55
DEBUG: src/lcthw/hashmap.c:Hashmap_get_node:205: TRY: 56
DEBUG: src/lcthw/hashmap.c:Hashmap_get_node:205: TRY: 57
DEBUG: src/lcthw/hashmap.c:Hashmap_get_node:205: TRY: 58
DEBUG: src/lcthw/hashmap.c:Hashmap_get_node:205: TRY: 59
DEBUG: src/lcthw/hashmap.c:Hashmap_get_node:205: TRY: 60
DEBUG: src/lcthw/hashmap.c:Hashmap_get_node:205: TRY: 61
DEBUG: src/lcthw/hashmap.c:Hashmap_get_node:205: TRY: 62
DEBUG: src/lcthw/hashmap.c:Hashmap_get_node:205: TRY: 63
DEBUG: src/lcthw/hashmap.c:Hashmap_get_node:205: TRY: 64
DEBUG: src/lcthw/hashmap.c:Hashmap_get_node:205: TRY: 65
DEBUG: src/lcthw/hashmap.c:Hashmap_get_node:205: TRY: 66
DEBUG: src/lcthw/hashmap.c:Hashmap_get_node:205: TRY: 67
DEBUG: src/lcthw/hashmap.c:Hashmap_get_node:205: TRY: 0
DEBUG: src/lcthw/hashmap.c:Hashmap_get_node:205: TRY: 1
DEBUG: src/lcthw/hashmap.c:Hashmap_get_node:205: TRY: 2
DEBUG: src/lcthw/hashmap.c:Hashmap_get_node:205: TRY: 3
DEBUG: src/lcthw/hashmap.c:Hashmap_get_node:205: TRY: 4
DEBUG: src/lcthw/hashmap.c:Hashmap_get_node:205: TRY: 5
DEBUG: src/lcthw/hashmap.c:Hashmap_get_node:205: TRY: 6
DEBUG: src/lcthw/hashmap.c:Hashmap_get_node:205: TRY: 7
DEBUG: src/lcthw/hashmap.c:Hashmap_get_node:205: TRY: 8
DEBUG: src/lcthw/hashmap.c:Hashmap_get_node:205: TRY: 9
DEBUG: src/lcthw/hashmap.c:Hashmap_get_node:205: TRY: 10
DEBUG: src/lcthw/hashmap.c:Hashmap_get_node:205: TRY: 11
DEBUG: src/lcthw/hashmap.c:Hashmap_get_node:205: TRY: 12
DEBUG: src/lcthw/hashmap.c:Hashmap_get_node:205: TRY: 13
DEBUG: src/lcthw/hashmap.c:Hashmap_get_node:205: TRY: 14
DEBUG: src/lcthw/hashmap.c:Hashmap_get_node:205: TRY: 15
DEBUG: src/lcthw/hashmap.c:Hashmap_get_node:205: TRY: 16
DEBUG: src/lcthw/hashmap.c:Hashmap_get_node:205: TRY: 17
DEBUG: src/lcthw/hashmap.c:Hashmap_get_node:205: TRY: 18
DEBUG: src/lcthw/hashmap.c:Hashmap_get_node:205: TRY: 19
DEBUG: src/lcthw/hashmap.c:Hashmap_get_node:205: TRY: 20
DEBUG: src/lcthw/hashmap.c:Hashmap_get_node:205: TRY: 21
DEBUG: src/lcthw/hashmap.c:Hashmap_get_node:205: TRY: 22
DEBUG: src/lcthw/hashmap.c:Hashmap_get_node:205: TRY: 23
DEBUG: src/lcthw/hashmap.c:Hashmap_get_node:205: TRY: 24
DEBUG: src/lcthw/hashmap.c:Hashmap_get_node:205: TRY: 25
DEBUG: src/lcthw/hashmap.c:Hashmap_get_node:205: TRY: 26
DEBUG: src/lcthw/hashmap.c:Hashmap_get_node:205: TRY: 27
DEBUG: src/lcthw/hashmap.c:Hashmap_get_node:205: TRY: 28
DEBUG: src/lcthw/hashmap.c:Hashmap_get_node:205: TRY: 29
DEBUG: src/lcthw/hashmap.c:Hashmap_get_node:205: TRY: 30
DEBUG: src/lcthw/hashmap.c:Hashmap_get_node:205: TRY: 31
DEBUG: src/lcthw/hashmap.c:Hashmap_get_node:205: TRY: 32
DEBUG: src/lcthw/hashmap.c:Hashmap_get_node:205: TRY: 33
DEBUG: src/lcthw/hashmap.c:Hashmap_get_node:205: TRY: 34
DEBUG: src/lcthw/hashmap.c:Hashmap_get_node:205: TRY: 35
DEBUG: src/lcthw/hashmap.c:Hashmap_get_node:205: TRY: 36
DEBUG: src/lcthw/hashmap.c:Hashmap_get_node:205: TRY: 37
DEBUG: src/lcthw/hashmap.c:Hashmap_get_node:205: TRY: 38
DEBUG: src/lcthw/hashmap.c:Hashmap_get_node:205: TRY: 39
DEBUG: src/lcthw/hashmap.c:Hashmap_get_node:205: TRY: 40
DEBUG: src/lcthw/hashmap.c:Hashmap_get_node:205: TRY: 41
DEBUG: src/lcthw/hashmap.c:Hashmap_get_node:205: TRY: 42
DEBUG: src/lcthw/hashmap.c:Hashmap_get_node:205: TRY: 43
DEBUG: src/lcthw/hashmap.c:Hashmap_get_node:205: TRY: 44
DEBUG: src/lcthw/hashmap.c:Hashmap_get_node:205: TRY: 45
DEBUG: src/lcthw/hashmap.c:Hashmap_get_node:205: TRY: 46
DEBUG: src/lcthw/hashmap.c:Hashmap_get_node:205: TRY: 47
DEBUG: src/lcthw/hashmap.c:Hashmap_get_node:205: TRY: 48
DEBUG: src/lcthw/hashmap.c:Hashmap_get_node:205: TRY: 49
DEBUG: src/lcthw/hashmap.c:Hashmap_get_node:205: TRY: 50
DEBUG: src/lcthw/hashmap.c:Hashmap_get_node:205: TRY: 51
DEBUG: src/lcthw/hashmap.c:Hashmap_get_node:205: TRY: 52
DEBUG: src/lcthw/hashmap.c:Hashmap_get_node:205: TRY: 53
DEBUG: src/lcthw/hashmap.c:Hashmap_get_node:205: TRY: 54
DEBUG: src/lcthw/hashmap.c:Hashmap_get_node:205: TRY: 55
DEBUG: src/lcthw/hashmap.c:Hashmap_get_node:205: TRY: 56
DEBUG: src/lcthw/hashmap.c:Hashmap_get_node:205: TRY: 57
DEBUG: src/lcthw/hashmap.c:Hashmap_get_node:205: TRY: 58
DEBUG: src/lcthw/hashmap.c:Hashmap_get_node:205: TRY: 59
DEBUG: src/lcthw/hashmap.c:Hashmap_get_node:205: TRY: 60
DEBUG: src/lcthw/hashmap.c:Hashmap_get_node:205: TRY: 61
DEBUG: src/lcthw/hashmap.c:Hashmap_get_node:205: TRY: 62
DEBUG: src/lcthw/hashmap.c:Hashmap_get_node:205: TRY: 63
DEBUG: src/lcthw/hashmap.c:Hashmap_get_node:205: TRY: 64
DEBUG: src/lcthw/hashmap.c:Hashmap_get_node:205: TRY: 65
DEBUG: src/lcthw/hashmap.c:Hashmap_get_node:205: TRY: 66
DEBUG: src/lcthw/hashmap.c:Hashmap_get_node:205: TRY: 67
DEBUG: src/lcthw/hashmap.c:Hashmap_get_node:205: TRY: 68
DEBUG: src/lcthw/hashmap.c:Hashmap_get_node:205: TRY: 69
DEBUG: src/lcthw/hashmap.c:Hashmap_get_node:205: TRY: 70
DEBUG: src/lcthw/hashmap.c:Hashmap_get_node:205: TRY: 71
DEBUG: src/lcthw/hashmap.c:Hashmap_get_node:205: TRY: 72
DEBUG: src/lcthw/hashmap.c:Hashmap_get_node:205: TRY: 73
DEBUG: src/lcthw/hashmap.c:Hashmap_get_node:205: TRY: 74
DEBUG: src/lcthw/hashmap.c:Hashmap_get_node:205: TRY: 75
DEBUG: src/lcthw/hashmap.c:Hashmap_get_node:205: TRY: 76
DEBUG: src/lcthw/hashmap.c:Hashmap_get_node:205: TRY: 77
DEBUG: src/lcthw/hashmap.c:Hashmap_get_node:205: TRY: 78
DEBUG: src/lcthw/hashmap.c:Hashmap_get_node:205: TRY: 79
DEBUG: src/lcthw/hashmap.c:Hashmap_get_node:205: TRY: 80
DEBUG: src/lcthw/hashmap.c:Hashmap_get_node:205: TRY: 81
DEBUG: src/lcthw/hashmap.c:Hashmap_get_node:205: TRY: 82
DEBUG: src/lcthw/hashmap.c:Hashmap_get_node:205: TRY: 83
DEBUG: src/lcthw/hashmap.c:Hashmap_get_node:205: TRY: 84
DEBUG: src/lcthw/hashmap.c:Hashmap_get_node:205: TRY: 85
DEBUG: src/lcthw/hashmap.c:Hashmap_get_node:205: TRY: 86
DEBUG: src/lcthw/hashmap.c:Hashmap_get_node:205: TRY: 87
DEBUG: src/lcthw/hashmap.c:Hashmap_get_node:205: TRY: 88
DEBUG: src/lcthw/hashmap.c:Hashmap_get_node:205: TRY: 89
DEBUG: src/lcthw/hashmap.c:Hashmap_get_node:205: TRY: 90
DEBUG: src/lcthw/hashmap.c:Hashmap_get_node:205: TRY: 91
DEBUG: src/lcthw/hashmap.c:Hashmap_get_node:205: TRY: 92
DEBUG: src/lcthw/hashmap.c:Hashmap_get_node:205: TRY: 93
DEBUG: src/lcthw/hashmap.c:Hashmap_get_node:205: TRY: 94
DEBUG: src/lcthw/hashmap.c:Hashmap_get_node:205: TRY: 95
DEBUG: src/lcthw/hashmap.c:Hashmap_get_node:205: TRY: 96
DEBUG: src/lcthw/hashmap.c:Hashmap_get_node:205: TRY: 97
DEBUG: src/lcthw/hashmap.c:Hashmap_get_node:205: TRY: 98
DEBUG: src/lcthw/hashmap.c:Hashmap_get_node:205: TRY: 99
DEBUG: src/lcthw/hashmap.c:Hashmap_get_node:205: TRY: 100
DEBUG: src/lcthw/hashmap.c:Hashmap_get_node:205: TRY: 101
DEBUG: src/lcthw/hashmap.c:Hashmap_get_node:205: TRY: 102
DEBUG: src/lcthw/hashmap.c:Hashmap_get_node:205: TRY: 0
DEBUG: src/lcthw/hashmap.c:Hashmap_get_node:205: TRY: 1
DEBUG: src/lcthw/hashmap.c:Hashmap_get_node:205: TRY: 2
DEBUG: src/lcthw/hashmap.c:Hashmap_get_node:205: TRY: 3
DEBUG: src/lcthw/hashmap.c:Hashmap_get_node:205: TRY: 4
DEBUG: src/lcthw/hashmap.c:Hashmap_get_node:205: TRY: 5
DEBUG: src/lcthw/hashmap.c:Hashmap_get_node:205: TRY: 6
DEBUG: src/lcthw/hashmap.c:Hashmap_get_node:205: TRY: 7
DEBUG: src/lcthw/hashmap.c:Hashmap_get_node:205: TRY: 8
DEBUG: src/lcthw/hashmap.c:Hashmap_get_node:205: TRY: 9
DEBUG: src/lcthw/hashmap.c:Hashmap_get_node:205: TRY: 10
DEBUG: src/lcthw/hashmap.c:Hashmap_get_node:205: TRY: 11
DEBUG: src/lcthw/hashmap.c:Hashmap_get_node:205: TRY: 12
DEBUG: src/lcthw/hashmap.c:Hashmap_get_node:205: TRY: 13
DEBUG: src/lcthw/hashmap.c:Hashmap_get_node:205: TRY: 14
DEBUG: src/lcthw/hashmap.c:Hashmap_get_node:205: TRY: 15
DEBUG: src/lcthw/hashmap.c:Hashmap_get_node:205: TRY: 16
DEBUG: src/lcthw/hashmap.c:Hashmap_get_node:205: TRY: 17
DEBUG: src/lcthw/hashmap.c:Hashmap_get_node:205: TRY: 18
DEBUG: src/lcthw/hashmap.c:Hashmap_get_node:205: TRY: 19
DEBUG: src/lcthw/hashmap.c:Hashmap_get_node:205: TRY: 20
DEBUG: src/lcthw/hashmap.c:Hashmap_get_node:205: TRY: 21
DEBUG: src/lcthw/hashmap.c:Hashmap_get_node:205: TRY: 22
DEBUG: src/lcthw/hashmap.c:Hashmap_get_node:205: TRY: 23
DEBUG: src/lcthw/hashmap.c:Hashmap_get_node:205: TRY: 24
DEBUG: src/lcthw/hashmap.c:Hashmap_get_node:205: TRY: 25
DEBUG: src/lcthw/hashmap.c:Hashmap_get_node:205: TRY: 26
DEBUG: src/lcthw/hashmap.c:Hashmap_get_node:205: TRY: 27
DEBUG: src/lcthw/hashmap.c:Hashmap_get_node:205: TRY: 28
DEBUG: src/lcthw/hashmap.c:Hashmap_get_node:205: TRY: 29
DEBUG: src/lcthw/hashmap.c:Hashmap_get_node:205: TRY: 30
DEBUG: src/lcthw/hashmap.c:Hashmap_get_node:205: TRY: 31
DEBUG: src/lcthw/hashmap.c:Hashmap_get_node:205: TRY: 32
DEBUG: src/lcthw/hashmap.c:Hashmap_get_node:205: TRY: 33
DEBUG: src/lcthw/hashmap.c:Hashmap_get_node:205: TRY: 34
DEBUG: src/lcthw/hashmap.c:Hashmap_get_node:205: TRY: 35
DEBUG: src/lcthw/hashmap.c:Hashmap_get_node:205: TRY: 36
DEBUG: src/lcthw/hashmap.c:Hashmap_get_node:205: TRY: 37
DEBUG: src/lcthw/hashmap.c:Hashmap_get_node:205: TRY: 38
DEBUG: src/lcthw/hashmap.c:Hashmap_get_node:205: TRY: 39
DEBUG: src/lcthw/hashmap.c:Hashmap_get_node:205: TRY: 40
DEBUG: src/lcthw/hashmap.c:Hashmap_get_node:205: TRY: 41
DEBUG: src/lcthw/hashmap.c:Hashmap_get_node:205: TRY: 42
DEBUG: src/lcthw/hashmap.c:Hashmap_get_node:205: TRY: 43
DEBUG: src/lcthw/hashmap.c:Hashmap_get_node:205: TRY: 44
DEBUG: src/lcthw/hashmap.c:Hashmap_get_node:205: TRY: 45
DEBUG: src/lcthw/hashmap.c:Hashmap_get_node:205: TRY: 46
DEBUG: src/lcthw/hashmap.c:Hashmap_get_node:205: TRY: 47
DEBUG: src/lcthw/hashmap.c:Hashmap_get_node:205: TRY: 48
DEBUG: src/lcthw/hashmap.c:Hashmap_get_node:205: TRY: 49
DEBUG: src/lcthw/hashmap.c:Hashmap_get_node:205: TRY: 50
DEBUG: src/lcthw/hashmap.c:Hashmap_get_node:205: TRY: 51
DEBUG: src/lcthw/hashmap.c:Hashmap_get_node:205: TRY: 52
DEBUG: src/lcthw/hashmap.c:Hashmap_get_node:205: TRY: 53
DEBUG: src/lcthw/hashmap.c:Hashmap_get_node:205: TRY: 54
DEBUG: src/lcthw/hashmap.c:Hashmap_get_node:205: TRY: 55
DEBUG: src/lcthw/hashmap.c:Hashmap_get_node:205: TRY: 56
DEBUG: src/lcthw/hashmap.c:Hashmap_get_node:205: TRY: 57
DEBUG: src/lcthw/hashmap.c:Hashmap_get_node:205: TRY: 58
DEBUG: src/lcthw/hashmap.c:Hashmap_get_node:205: TRY: 59
DEBUG: src/lcthw/hashmap.c:Hashmap_get_node:205: TRY: 60
DEBUG: src/lcthw/hashmap.c:Hashmap_get_node:205: TRY: 61
DEBUG: src/lcthw/hashmap.c:Hashmap_get_node:205: TRY: 62
DEBUG: src/lcthw/hashmap.c:Hashmap_get_node:205: TRY: 63
DEBUG: src/lcthw/hashmap.c:Hashmap_get_node:205: TRY: 64
DEBUG: src/lcthw/hashmap.c:Hashmap_get_node:205: TRY: 65
DEBUG: src/lcthw/hashmap.c:Hashmap_get_node:205: TRY: 66
DEBUG: src/lcthw/hashmap.c:Hashmap_get_node:205: TRY: 67
DEBUG: src/lcthw/hashmap.c:Hashmap_get_node:205: TRY: 68
DEBUG: src/lcthw/hashmap.c:Hashmap_get_node:205: TRY: 69
DEBUG: src/lcthw/hashmap.c:Hashmap_get_node:205: TRY: 70
DEBUG: src/lcthw/hashmap.c:Hashmap_get_node:205: TRY: 71
DEBUG: src/lcthw/hashmap.c:Hashmap_get_node:205: TRY: 72
DEBUG: src/lcthw/hashmap.c:Hashmap_get_node:205: TRY: 0
DEBUG: src/lcthw/hashmap.c:Hashmap_get_node:205: TRY: 1
DEBUG: src/lcthw/hashmap.c:Hashmap_get_node:205: TRY: 2
DEBUG: src/lcthw/hashmap.c:Hashmap_get_node:205: TRY: 3
DEBUG: src/lcthw/hashmap.c:Hashmap_get_node:205: TRY: 4
DEBUG: src/lcthw/hashmap.c:Hashmap_get_node:205: TRY: 5
DEBUG: src/lcthw/hashmap.c:Hashmap_get_node:205: TRY: 6
DEBUG: src/lcthw/hashmap.c:Hashmap_get_node:205: TRY: 7
DEBUG: src/lcthw/hashmap.c:Hashmap_get_node:205: TRY: 8
DEBUG: src/lcthw/hashmap.c:Hashmap_get_node:205: TRY: 9
DEBUG: src/lcthw/hashmap.c:Hashmap_get_node:205: TRY: 10
DEBUG: src/lcthw/hashmap.c:Hashmap_get_node:205: TRY: 11
DEBUG: src/lcthw/hashmap.c:Hashmap_get_node:205: TRY: 12
DEBUG: src/lcthw/hashmap.c:Hashmap_get_node:205: TRY: 13
DEBUG: src/lcthw/hashmap.c:Hashmap_get_node:205: TRY: 14
DEBUG: src/lcthw/hashmap.c:Hashmap_get_node:205: TRY: 15
DEBUG: src/lcthw/hashmap.c:Hashmap_get_node:205: TRY: 16
DEBUG: src/lcthw/hashmap.c:Hashmap_get_node:205: TRY: 17
DEBUG: src/lcthw/hashmap.c:Hashmap_get_node:205: TRY: 18
DEBUG: src/lcthw/hashmap.c:Hashmap_get_node:205: TRY: 19
DEBUG: src/lcthw/hashmap.c:Hashmap_get_node:205: TRY: 20
DEBUG: src/lcthw/hashmap.c:Hashmap_get_node:205: TRY: 21
DEBUG: src/lcthw/hashmap.c:Hashmap_get_node:205: TRY: 22
DEBUG: src/lcthw/hashmap.c:Hashmap_get_node:205: TRY: 23
DEBUG: src/lcthw/hashmap.c:Hashmap_get_node:205: TRY: 24
DEBUG: src/lcthw/hashmap.c:Hashmap_get_node:205: TRY: 25
DEBUG: src/lcthw/hashmap.c:Hashmap_get_node:205: TRY: 26
DEBUG: src/lcthw/hashmap.c:Hashmap_get_node:205: TRY: 27
DEBUG: src/lcthw/hashmap.c:Hashmap_get_node:205: TRY: 28
DEBUG: src/lcthw/hashmap.c:Hashmap_get_node:205: TRY: 29
DEBUG: src/lcthw/hashmap.c:Hashmap_get_node:205: TRY: 30
DEBUG: src/lcthw/hashmap.c:Hashmap_get_node:205: TRY: 31
DEBUG: src/lcthw/hashmap.c:Hashmap_get_node:205: TRY: 32
DEBUG: src/lcthw/hashmap.c:Hashmap_get_node:205: TRY: 33
DEBUG: src/lcthw/hashmap.c:Hashmap_get_node:205: TRY: 34
DEBUG: src/lcthw/hashmap.c:Hashmap_get_node:205: TRY: 35
DEBUG: src/lcthw/hashmap.c:Hashmap_get_node:205: TRY: 36
DEBUG: src/lcthw/hashmap.c:Hashmap_get_node:205: TRY: 37
DEBUG: src/lcthw/hashmap.c:Hashmap_get_node:205: TRY: 38
DEBUG: src/lcthw/hashmap.c:Hashmap_get_node:205: TRY: 39
DEBUG: src/lcthw/hashmap.c:Hashmap_get_node:205: TRY: 40
DEBUG: src/lcthw/hashmap.c:Hashmap_get_node:205: TRY: 41
DEBUG: src/lcthw/hashmap.c:Hashmap_get_node:205: TRY: 42
DEBUG: src/lcthw/hashmap.c:Hashmap_get_node:205: TRY: 43
DEBUG: src/lcthw/hashmap.c:Hashmap_get_node:205: TRY: 44
DEBUG: src/lcthw/hashmap.c:Hashmap_get_node:205: TRY: 45
DEBUG: src/lcthw/hashmap.c:Hashmap_get_node:205: TRY: 46
DEBUG: src/lcthw/hashmap.c:Hashmap_get_node:205: TRY: 47
DEBUG: src/lcthw/hashmap.c:Hashmap_get_node:205: TRY: 48
DEBUG: src/lcthw/hashmap.c:Hashmap_get_node:205: TRY: 49
DEBUG: src/lcthw/hashmap.c:Hashmap_get_node:205: TRY: 50
DEBUG: src/lcthw/hashmap.c:Hashmap_get_node:205: TRY: 51
DEBUG: src/lcthw/hashmap.c:Hashmap_get_node:205: TRY: 52
DEBUG: src/lcthw/hashmap.c:Hashmap_get_node:205: TRY: 53
DEBUG: src/lcthw/hashmap.c:Hashmap_get_node:205: TRY: 54
DEBUG: src/lcthw/hashmap.c:Hashmap_get_node:205: TRY: 55
DEBUG: src/lcthw/hashmap.c:Hashmap_get_node:205: TRY: 56
DEBUG: src/lcthw/hashmap.c:Hashmap_get_node:205: TRY: 57
DEBUG: src/lcthw/hashmap.c:Hashmap_get_node:205: TRY: 58
DEBUG: src/lcthw/hashmap.c:Hashmap_get_node:205: TRY: 59
DEBUG: src/lcthw/hashmap.c:Hashmap_get_node:205: TRY: 60
DEBUG: src/lcthw/hashmap.c:Hashmap_get_node:205: TRY: 61
DEBUG: src/lcthw/hashmap.c:Hashmap_get_node:205: TRY: 62
DEBUG: src/lcthw/hashmap.c:Hashmap_get_node:205: TRY: 63
DEBUG: src/lcthw/hashmap.c:Hashmap_get_node:205: TRY: 0
DEBUG: src/lcthw/hashmap.c:Hashmap_get_node:205: TRY: 1
DEBUG: src/lcthw/hashmap.c:Hashmap_get_node:205: TRY: 2
DEBUG: src/lcthw/hashmap.c:Hashmap_get_node:205: TRY: 3
DEBUG: src/lcthw/hashmap.c:Hashmap_get_node:205: TRY: 4
DEBUG: src/lcthw/hashmap.c:Hashmap_get_node:205: TRY: 5
DEBUG: src/lcthw/hashmap.c:Hashmap_get_node:205: TRY: 6
DEBUG: src/lcthw/hashmap.c:Hashmap_get_node:205: TRY: 7
DEBUG: src/lcthw/hashmap.c:Hashmap_get_node:205: TRY: 8
DEBUG: src/lcthw/hashmap.c:Hashmap_get_node:205: TRY: 9
DEBUG: src/lcthw/hashmap.c:Hashmap_get_node:205: TRY: 10
DEBUG: src/lcthw/hashmap.c:Hashmap_get_node:205: TRY: 11
DEBUG: src/lcthw/hashmap.c:Hashmap_get_node:205: TRY: 12
DEBUG: src/lcthw/hashmap.c:Hashmap_get_node:205: TRY: 13
DEBUG: src/lcthw/hashmap.c:Hashmap_get_node:205: TRY: 14
DEBUG: src/lcthw/hashmap.c:Hashmap_get_node:205: TRY: 15
DEBUG: src/lcthw/hashmap.c:Hashmap_get_node:205: TRY: 16
DEBUG: src/lcthw/hashmap.c:Hashmap_get_node:205: TRY: 17
DEBUG: src/lcthw/hashmap.c:Hashmap_get_node:205: TRY: 18
DEBUG: src/lcthw/hashmap.c:Hashmap_get_node:205: TRY: 19
DEBUG: src/lcthw/hashmap.c:Hashmap_get_node:205: TRY: 20
DEBUG: src/lcthw/hashmap.c:Hashmap_get_node:205: TRY: 21
DEBUG: src/lcthw/hashmap.c:Hashmap_get_node:205: TRY: 22
DEBUG: src/lcthw/hashmap.c:Hashmap_get_node:205: TRY: 23
DEBUG: src/lcthw/hashmap.c:Hashmap_get_node:205: TRY: 24
DEBUG: src/lcthw/hashmap.c:Hashmap_get_node:205: TRY: 25
DEBUG: src/lcthw/hashmap.c:Hashmap_get_node:205: TRY: 26
DEBUG: src/lcthw/hashmap.c:Hashmap_get_node:205: TRY: 27
DEBUG: src/lcthw/hashmap.c:Hashmap_get_node:205: TRY: 28
DEBUG: src/lcthw/hashmap.c:Hashmap_get_node:205: TRY: 29
DEBUG: src/lcthw/hashmap.c:Hashmap_get_node:205: TRY: 30
DEBUG: src/lcthw/hashmap.c:Hashmap_get_node:205: TRY: 31
DEBUG: src/lcthw/hashmap.c:Hashmap_get_node:205: TRY: 32
DEBUG: src/lcthw/hashmap.c:Hashmap_get_node:205: TRY: 33
DEBUG: src/lcthw/hashmap.c:Hashmap_get_node:205: TRY: 34
DEBUG: src/lcthw/hashmap.c:Hashmap_get_node:205: TRY: 35
DEBUG: src/lcthw/hashmap.c:Hashmap_get_node:205: TRY: 36
DEBUG: src/lcthw/hashmap.c:Hashmap_get_node:205: TRY: 37
DEBUG: src/lcthw/hashmap.c:Hashmap_get_node:205: TRY: 38
DEBUG: src/lcthw/hashmap.c:Hashmap_get_node:205: TRY: 39
DEBUG: src/lcthw/hashmap.c:Hashmap_get_node:205: TRY: 40
DEBUG: src/lcthw/hashmap.c:Hashmap_get_node:205: TRY: 41
DEBUG: src/lcthw/hashmap.c:Hashmap_get_node:205: TRY: 42
DEBUG: src/lcthw/hashmap.c:Hashmap_get_node:205: TRY: 43
DEBUG: src/lcthw/hashmap.c:Hashmap_get_node:205: TRY: 44
DEBUG: src/lcthw/hashmap.c:Hashmap_get_node:205: TRY: 45
DEBUG: src/lcthw/hashmap.c:Hashmap_get_node:205: TRY: 46
DEBUG: src/lcthw/hashmap.c:Hashmap_get_node:205: TRY: 47
DEBUG: src/lcthw/hashmap.c:Hashmap_get_node:205: TRY: 48
DEBUG: src/lcthw/hashmap.c:Hashmap_get_node:205: TRY: 49
DEBUG: src/lcthw/hashmap.c:Hashmap_get_node:205: TRY: 50
DEBUG: src/lcthw/hashmap.c:Hashmap_get_node:205: TRY: 51
DEBUG: src/lcthw/hashmap.c:Hashmap_get_node:205: TRY: 52
DEBUG: src/lcthw/hashmap.c:Hashmap_get_node:205: TRY: 53
DEBUG: src/lcthw/hashmap.c:Hashmap_get_node:205: TRY: 54
DEBUG: src/lcthw/hashmap.c:Hashmap_get_node:205: TRY: 55
DEBUG: src/lcthw/hashmap.c:Hashmap_get_node:205: TRY: 56
DEBUG: src/lcthw/hashmap.c:Hashmap_get_node:205: TRY: 57
DEBUG: src/lcthw/hashmap.c:Hashmap_get_node:205: TRY: 58
DEBUG: src/lcthw/hashmap.c:Hashmap_get_node:205: TRY: 59
DEBUG: src/lcthw/hashmap.c:Hashmap_get_node:205: TRY: 60
DEBUG: src/lcthw/hashmap.c:Hashmap_get_node:205: TRY: 61
DEBUG: src/lcthw/hashmap.c:Hashmap_get_node:205: TRY: 62
DEBUG: src/lcthw/hashmap.c:Hashmap_get_node:205: TRY: 63
DEBUG: src/lcthw/hashmap.c:Hashmap_get_node:205: TRY: 64
DEBUG: src/lcthw/hashmap.c:Hashmap_get_node:205: TRY: 65
DEBUG: src/lcthw/hashmap.c:Hashmap_get_node:205: TRY: 66
DEBUG: src/lcthw/hashmap.c:Hashmap_get_node:205: TRY: 67
DEBUG: src/lcthw/hashmap.c:Hashmap_get_node:205: TRY: 68
DEBUG: src/lcthw/hashmap.c:Hashmap_get_node:205: TRY: 69
DEBUG: src/lcthw/hashmap.c:Hashmap_get_node:205: TRY: 70
DEBUG: src/lcthw/hashmap.c:Hashmap_get_node:205: TRY: 71
DEBUG: src/lcthw/hashmap.c:Hashmap_get_node:205: TRY: 0
DEBUG: src/lcthw/hashmap.c:Hashmap_get_node:205: TRY: 1
DEBUG: src/lcthw/hashmap.c:Hashmap_get_node:205: TRY: 2
DEBUG: src/lcthw/hashmap.c:Hashmap_get_node:205: TRY: 3
DEBUG: src/lcthw/hashmap.c:Hashmap_get_node:205: TRY: 4
DEBUG: src/lcthw/hashmap.c:Hashmap_get_node:205: TRY: 5
DEBUG: src/lcthw/hashmap.c:Hashmap_get_node:205: TRY: 6
DEBUG: src/lcthw/hashmap.c:Hashmap_get_node:205: TRY: 7
DEBUG: src/lcthw/hashmap.c:Hashmap_get_node:205: TRY: 8
DEBUG: src/lcthw/hashmap.c:Hashmap_get_node:205: TRY: 9
DEBUG: src/lcthw/hashmap.c:Hashmap_get_node:205: TRY: 10
DEBUG: src/lcthw/hashmap.c:Hashmap_get_node:205: TRY: 11
DEBUG: src/lcthw/hashmap.c:Hashmap_get_node:205: TRY: 12
DEBUG: src/lcthw/hashmap.c:Hashmap_get_node:205: TRY: 13
DEBUG: src/lcthw/hashmap.c:Hashmap_get_node:205: TRY: 14
DEBUG: src/lcthw/hashmap.c:Hashmap_get_node:205: TRY: 15
DEBUG: src/lcthw/hashmap.c:Hashmap_get_node:205: TRY: 16
DEBUG: src/lcthw/hashmap.c:Hashmap_get_node:205: TRY: 17
DEBUG: src/lcthw/hashmap.c:Hashmap_get_node:205: TRY: 18
DEBUG: src/lcthw/hashmap.c:Hashmap_get_node:205: TRY: 19
DEBUG: src/lcthw/hashmap.c:Hashmap_get_node:205: TRY: 20
DEBUG: src/lcthw/hashmap.c:Hashmap_get_node:205: TRY: 21
DEBUG: src/lcthw/hashmap.c:Hashmap_get_node:205: TRY: 22
DEBUG: src/lcthw/hashmap.c:Hashmap_get_node:205: TRY: 23
DEBUG: src/lcthw/hashmap.c:Hashmap_get_node:205: TRY: 24
DEBUG: src/lcthw/hashmap.c:Hashmap_get_node:205: TRY: 25
DEBUG: src/lcthw/hashmap.c:Hashmap_get_node:205: TRY: 26
DEBUG: src/lcthw/hashmap.c:Hashmap_get_node:205: TRY: 27
DEBUG: src/lcthw/hashmap.c:Hashmap_get_node:205: TRY: 28
DEBUG: src/lcthw/hashmap.c:Hashmap_get_node:205: TRY: 29
DEBUG: src/lcthw/hashmap.c:Hashmap_get_node:205: TRY: 30
DEBUG: src/lcthw/hashmap.c:Hashmap_get_node:205: TRY: 31
DEBUG: src/lcthw/hashmap.c:Hashmap_get_node:205: TRY: 32
DEBUG: src/lcthw/hashmap.c:Hashmap_get_node:205: TRY: 33
DEBUG: src/lcthw/hashmap.c:Hashmap_get_node:205: TRY: 34
DEBUG: src/lcthw/hashmap.c:Hashmap_get_node:205: TRY: 35
DEBUG: src/lcthw/hashmap.c:Hashmap_get_node:205: TRY: 36
DEBUG: src/lcthw/hashmap.c:Hashmap_get_node:205: TRY: 37
DEBUG: src/lcthw/hashmap.c:Hashmap_get_node:205: TRY: 38
DEBUG: src/lcthw/hashmap.c:Hashmap_get_node:205: TRY: 39
DEBUG: src/lcthw/hashmap.c:Hashmap_get_node:205: TRY: 40
DEBUG: src/lcthw/hashmap.c:Hashmap_get_node:205: TRY: 41
DEBUG: src/lcthw/hashmap.c:Hashmap_get_node:205: TRY: 42
DEBUG: src/lcthw/hashmap.c:Hashmap_get_node:205: TRY: 43
DEBUG: src/lcthw/hashmap.c:Hashmap_get_node:205: TRY: 44
DEBUG: src/lcthw/hashmap.c:Hashmap_get_node:205: TRY: 45
DEBUG: src/lcthw/hashmap.c:Hashmap_get_node:205: TRY: 46
DEBUG: src/lcthw/hashmap.c:Hashmap_get_node:205: TRY: 47
DEBUG: src/lcthw/hashmap.c:Hashmap_get_node:205: TRY: 48
DEBUG: src/lcthw/hashmap.c:Hashmap_get_node:205: TRY: 49
DEBUG: src/lcthw/hashmap.c:Hashmap_get_node:205: TRY: 50
DEBUG: src/lcthw/hashmap.c:Hashmap_get_node:205: TRY: 51
DEBUG: src/lcthw/hashmap.c:Hashmap_get_node:205: TRY: 52
DEBUG: src/lcthw/hashmap.c:Hashmap_get_node:205: TRY: 53
DEBUG: src/lcthw/hashmap.c:Hashmap_get_node:205: TRY: 54
DEBUG: src/lcthw/hashmap.c:Hashmap_get_node:205: TRY: 55
DEBUG: src/lcthw/hashmap.c:Hashmap_get_node:205: TRY: 56
DEBUG: src/lcthw/hashmap.c:Hashmap_get_node:205: TRY: 57
DEBUG: src/lcthw/hashmap.c:Hashmap_get_node:205: TRY: 58
DEBUG: src/lcthw/hashmap.c:Hashmap_get_node:205: TRY: 59
DEBUG: src/lcthw/hashmap.c:Hashmap_get_node:205: TRY: 60
DEBUG: src/lcthw/hashmap.c:Hashmap_get_node:205: TRY: 61
DEBUG: src/lcthw/hashmap.c:Hashmap_get_node:205: TRY: 62
DEBUG: src/lcthw/hashmap.c:Hashmap_get_node:205: TRY: 63
DEBUG: src/lcthw/hashmap.c:Hashmap_get_node:205: TRY: 64
DEBUG: src/lcthw/hashmap.c:Hashmap_get_node:205: TRY: 65
DEBUG: src/lcthw/hashmap.c:Hashmap_get_node:205: TRY: 66
DEBUG: src/lcthw/hashmap.c:Hashmap_get_node:205: TRY: 67
DEBUG: src/lcthw/hashmap.c:Hashmap_get_node:205: TRY: 68
DEBUG: src/lcthw/hashmap.c:Hashmap_get_node:205: TRY: 69
DEBUG: src/lcthw/hashmap.c:Hashmap_get_node:205: TRY: 70
DEBUG: src/lcthw/hashmap.c:Hashmap_get_node:205: TRY: 71
DEBUG: src/lcthw/hashmap.c:Hashmap_get_node:205: TRY: 72
DEBUG: src/lcthw/hashmap.c:Hashmap_get_node:205: TRY: 73
DEBUG: src/lcthw/hashmap.c:Hashmap_get_node:205: TRY: 74
DEBUG: src/lcthw/hashmap.c:Hashmap_get_node:205: TRY: 75
DEBUG: src/lcthw/hashmap.c:Hashmap_get_node:205: TRY: 0
DEBUG: src/lcthw/hashmap.c:Hashmap_get_node:205: TRY: 1
DEBUG: src/lcthw/hashmap.c:Hashmap_get_node:205: TRY: 2
DEBUG: src/lcthw/hashmap.c:Hashmap_get_node:205: TRY: 3
DEBUG: src/lcthw/hashmap.c:Hashmap_get_node:205: TRY: 4
DEBUG: src/lcthw/hashmap.c:Hashmap_get_node:205: TRY: 5
DEBUG: src/lcthw/hashmap.c:Hashmap_get_node:205: TRY: 6
DEBUG: src/lcthw/hashmap.c:Hashmap_get_node:205: TRY: 7
DEBUG: src/lcthw/hashmap.c:Hashmap_get_node:205: TRY: 8
DEBUG: src/lcthw/hashmap.c:Hashmap_get_node:205: TRY: 9
DEBUG: src/lcthw/hashmap.c:Hashmap_get_node:205: TRY: 10
DEBUG: src/lcthw/hashmap.c:Hashmap_get_node:205: TRY: 11
DEBUG: src/lcthw/hashmap.c:Hashmap_get_node:205: TRY: 12
DEBUG: src/lcthw/hashmap.c:Hashmap_get_node:205: TRY: 13
DEBUG: src/lcthw/hashmap.c:Hashmap_get_node:205: TRY: 14
DEBUG: src/lcthw/hashmap.c:Hashmap_get_node:205: TRY: 15
DEBUG: src/lcthw/hashmap.c:Hashmap_get_node:205: TRY: 16
DEBUG: src/lcthw/hashmap.c:Hashmap_get_node:205: TRY: 17
DEBUG: src/lcthw/hashmap.c:Hashmap_get_node:205: TRY: 18
DEBUG: src/lcthw/hashmap.c:Hashmap_get_node:205: TRY: 19
DEBUG: src/lcthw/hashmap.c:Hashmap_get_node:205: TRY: 20
DEBUG: src/lcthw/hashmap.c:Hashmap_get_node:205: TRY: 21
DEBUG: src/lcthw/hashmap.c:Hashmap_get_node:205: TRY: 22
DEBUG: src/lcthw/hashmap.c:Hashmap_get_node:205: TRY: 23
DEBUG: src/lcthw/hashmap.c:Hashmap_get_node:205: TRY: 24
DEBUG: src/lcthw/hashmap.c:Hashmap_get_node:205: TRY: 25
DEBUG: src/lcthw/hashmap.c:Hashmap_get_node:205: TRY: 26
DEBUG: src/lcthw/hashmap.c:Hashmap_get_node:205: TRY: 27
DEBUG: src/lcthw/hashmap.c:Hashmap_get_node:205: TRY: 28
DEBUG: src/lcthw/hashmap.c:Hashmap_get_node:205: TRY: 29
DEBUG: src/lcthw/hashmap.c:Hashmap_get_node:205: TRY: 30
DEBUG: src/lcthw/hashmap.c:Hashmap_get_node:205: TRY: 31
DEBUG: src/lcthw/hashmap.c:Hashmap_get_node:205: TRY: 32
DEBUG: src/lcthw/hashmap.c:Hashmap_get_node:205: TRY: 33
DEBUG: src/lcthw/hashmap.c:Hashmap_get_node:205: TRY: 34
DEBUG: src/lcthw/hashmap.c:Hashmap_get_node:205: TRY: 35
DEBUG: src/lcthw/hashmap.c:Hashmap_get_node:205: TRY: 36
DEBUG: src/lcthw/hashmap.c:Hashmap_get_node:205: TRY: 37
DEBUG: src/lcthw/hashmap.c:Hashmap_get_node:205: TRY: 38
DEBUG: src/lcthw/hashmap.c:Hashmap_get_node:205: TRY: 39
DEBUG: src/lcthw/hashmap.c:Hashmap_get_node:205: TRY: 40
DEBUG: src/lcthw/hashmap.c:Hashmap_get_node:205: TRY: 41
DEBUG: src/lcthw/hashmap.c:Hashmap_get_node:205: TRY: 42
DEBUG: src/lcthw/hashmap.c:Hashmap_get_node:205: TRY: 43
DEBUG: src/lcthw/hashmap.c:Hashmap_get_node:205: TRY: 44
DEBUG: src/lcthw/hashmap.c:Hashmap_get_node:205: TRY: 45
DEBUG: src/lcthw/hashmap.c:Hashmap_get_node:205: TRY: 46
DEBUG: src/lcthw/hashmap.c:Hashmap_get_node:205: TRY: 47
DEBUG: src/lcthw/hashmap.c:Hashmap_get_node:205: TRY: 48
DEBUG: src/lcthw/hashmap.c:Hashmap_get_node:205: TRY: 49
DEBUG: src/lcthw/hashmap.c:Hashmap_get_node:205: TRY: 50
DEBUG: src/lcthw/hashmap.c:Hashmap_get_node:205: TRY: 51
DEBUG: src/lcthw/hashmap.c:Hashmap_get_node:205: TRY: 52
DEBUG: src/lcthw/hashmap.c:Hashmap_get_node:205: TRY: 53
DEBUG: src/lcthw/hashmap.c:Hashmap_get_node:205: TRY: 54
DEBUG: src/lcthw/hashmap.c:Hashmap_get_node:205: TRY: 55
DEBUG: src/lcthw/hashmap.c:Hashmap_get_node:205: TRY: 56
DEBUG: src/lcthw/hashmap.c:Hashmap_get_node:205: TRY: 57
DEBUG: src/lcthw/hashmap.c:Hashmap_get_node:205: TRY: 58
DEBUG: src/lcthw/hashmap.c:Hashmap_get_node:205: TRY: 59
DEBUG: src/lcthw/hashmap.c:Hashmap_get_node:205: TRY: 60
DEBUG: src/lcthw/hashmap.c:Hashmap_get_node:205: TRY: 61
DEBUG: src/lcthw/hashmap.c:Hashmap_get_node:205: TRY: 62
DEBUG: src/lcthw/hashmap.c:Hashmap_get_node:205: TRY: 63
DEBUG: src/lcthw/hashmap.c:Hashmap_get_node:205: TRY: 64
DEBUG: src/lcthw/hashmap.c:Hashmap_get_node:205: TRY: 65
DEBUG: src/lcthw/hashmap.c:Hashmap_get_node:205: TRY: 66
DEBUG: src/lcthw/hashmap.c:Hashmap_get_node:205: TRY: 67
DEBUG: src/lcthw/hashmap.c:Hashmap_get_node:205: TRY: 68
DEBUG: src/lcthw/hashmap.c:Hashmap_get_node:205: TRY: 69
DEBUG: src/lcthw/hashmap.c:Hashmap_get_node:205: TRY: 70
DEBUG: src/lcthw/hashmap.c:Hashmap_get_node:205: TRY: 71
DEBUG: src/lcthw/hashmap.c:Hashmap_get_node:205: TRY: 72
DEBUG: src/lcthw/hashmap.c:Hashmap_get_node:205: TRY: 73
DEBUG: src/lcthw/hashmap.c:Hashmap_get_node:205: TRY: 74
DEBUG: src/lcthw/hashmap.c:Hashmap_get_node:205: TRY: 75
DEBUG: src/lcthw/hashmap.c:Hashmap_get_node:205: TRY: 76
DEBUG: src/lcthw/hashmap.c:Hashmap_get_node:205: TRY: 77
DEBUG: src/lcthw/hashmap.c:Hashmap_get_node:205: TRY: 78
DEBUG: src/lcthw/hashmap.c:Hashmap_get_node:205: TRY: 79
DEBUG: src/lcthw/hashmap.c:Hashmap_get_node:205: TRY: 80
DEBUG: src/lcthw/hashmap.c:Hashmap_get_node:205: TRY: 81
DEBUG: src/lcthw/hashmap.c:Hashmap_get_node:205: TRY: 82
DEBUG: src/lcthw/hashmap.c:Hashmap_get_node:205: TRY: 83
DEBUG: src/lcthw/hashmap.c:Hashmap_get_node:205: TRY: 84
DEBUG: src/lcthw/hashmap.c:Hashmap_get_node:205: TRY: 85
DEBUG: src/lcthw/hashmap.c:Hashmap_get_node:205: TRY: 86
DEBUG: src/lcthw/hashmap.c:Hashmap_get_node:205: TRY: 87
DEBUG: src/lcthw/hashmap.c:Hashmap_get_node:205: TRY: 88
DEBUG: src/lcthw/hashmap.c:Hashmap_get_node:205: TRY: 89
DEBUG: src/lcthw/hashmap.c:Hashmap_get_node:205: TRY: 90
DEBUG: src/lcthw/hashmap.c:Hashmap_get_node:205: TRY: 91
DEBUG: src/lcthw/hashmap.c:Hashmap_get_node:205: TRY: 92
DEBUG: src/lcthw/hashmap.c:Hashmap_get_node:205: TRY: 93
DEBUG: src/lcthw/hashmap.c:Hashmap_get_node:205: TRY: 94
DEBUG: src/lcthw/hashmap.c:Hashmap_get_node:205: TRY: 95
DEBUG: src/lcthw/hashmap.c:Hashmap_get_node:205: TRY: 96
DEBUG: src/lcthw/hashmap.c:Hashmap_get_node:205: TRY: 97
DEBUG: src/lcthw/hashmap.c:Hashmap_get_node:205: TRY: 98
DEBUG: src/lcthw/hashmap.c:Hashmap_get_node:205: TRY: 99
DEBUG: src/lcthw/hashmap.c:Hashmap_get_node:205: TRY: 100
DEBUG: src/lcthw/hashmap.c:Hashmap_get_node:205: TRY: 101
DEBUG: src/lcthw/hashmap.c:Hashmap_get_node:205: TRY: 102
DEBUG: src/lcthw/hashmap.c:Hashmap_get_node:205: TRY: 103
DEBUG: src/lcthw/hashmap.c:Hashmap_get_node:205: TRY: 0
DEBUG: src/lcthw/hashmap.c:Hashmap_get_node:205: TRY: 1
DEBUG: src/lcthw/hashmap.c:Hashmap_get_node:205: TRY: 2
DEBUG: src/lcthw/hashmap.c:Hashmap_get_node:205: TRY: 3
DEBUG: src/lcthw/hashmap.c:Hashmap_get_node:205: TRY: 4
DEBUG: src/lcthw/hashmap.c:Hashmap_get_node:205: TRY: 5
DEBUG: src/lcthw/hashmap.c:Hashmap_get_node:205: TRY: 6
DEBUG: src/lcthw/hashmap.c:Hashmap_get_node:205: TRY: 7
DEBUG: src/lcthw/hashmap.c:Hashmap_get_node:205: TRY: 8
DEBUG: src/lcthw/hashmap.c:Hashmap_get_node:205: TRY: 9
DEBUG: src/lcthw/hashmap.c:Hashmap_get_node:205: TRY: 10
DEBUG: src/lcthw/hashmap.c:Hashmap_get_node:205: TRY: 11
DEBUG: src/lcthw/hashmap.c:Hashmap_get_node:205: TRY: 12
DEBUG: src/lcthw/hashmap.c:Hashmap_get_node:205: TRY: 13
DEBUG: src/lcthw/hashmap.c:Hashmap_get_node:205: TRY: 14
DEBUG: src/lcthw/hashmap.c:Hashmap_get_node:205: TRY: 15
DEBUG: src/lcthw/hashmap.c:Hashmap_get_node:205: TRY: 16
DEBUG: src/lcthw/hashmap.c:Hashmap_get_node:205: TRY: 17
DEBUG: src/lcthw/hashmap.c:Hashmap_get_node:205: TRY: 18
DEBUG: src/lcthw/hashmap.c:Hashmap_get_node:205: TRY: 19
DEBUG: src/lcthw/hashmap.c:Hashmap_get_node:205: TRY: 20
DEBUG: src/lcthw/hashmap.c:Hashmap_get_node:205: TRY: 21
DEBUG: src/lcthw/hashmap.c:Hashmap_get_node:205: TRY: 22
DEBUG: src/lcthw/hashmap.c:Hashmap_get_node:205: TRY: 23
DEBUG: src/lcthw/hashmap.c:Hashmap_get_node:205: TRY: 24
DEBUG: src/lcthw/hashmap.c:Hashmap_get_node:205: TRY: 25
DEBUG: src/lcthw/hashmap.c:Hashmap_get_node:205: TRY: 26
DEBUG: src/lcthw/hashmap.c:Hashmap_get_node:205: TRY: 27
DEBUG: src/lcthw/hashmap.c:Hashmap_get_node:205: TRY: 28
DEBUG: src/lcthw/hashmap.c:Hashmap_get_node:205: TRY: 29
DEBUG: src/lcthw/hashmap.c:Hashmap_get_node:205: TRY: 30
DEBUG: src/lcthw/hashmap.c:Hashmap_get_node:205: TRY: 31
DEBUG: src/lcthw/hashmap.c:Hashmap_get_node:205: TRY: 32
DEBUG: src/lcthw/hashmap.c:Hashmap_get_node:205: TRY: 33
DEBUG: src/lcthw/hashmap.c:Hashmap_get_node:205: TRY: 34
DEBUG: src/lcthw/hashmap.c:Hashmap_get_node:205: TRY: 35
DEBUG: src/lcthw/hashmap.c:Hashmap_get_node:205: TRY: 36
DEBUG: src/lcthw/hashmap.c:Hashmap_get_node:205: TRY: 37
DEBUG: src/lcthw/hashmap.c:Hashmap_get_node:205: TRY: 38
DEBUG: src/lcthw/hashmap.c:Hashmap_get_node:205: TRY: 39
DEBUG: src/lcthw/hashmap.c:Hashmap_get_node:205: TRY: 40
DEBUG: src/lcthw/hashmap.c:Hashmap_get_node:205: TRY: 41
DEBUG: src/lcthw/hashmap.c:Hashmap_get_node:205: TRY: 42
DEBUG: src/lcthw/hashmap.c:Hashmap_get_node:205: TRY: 43
DEBUG: src/lcthw/hashmap.c:Hashmap_get_node:205: TRY: 44
DEBUG: src/lcthw/hashmap.c:Hashmap_get_node:205: TRY: 45
DEBUG: src/lcthw/hashmap.c:Hashmap_get_node:205: TRY: 46
DEBUG: src/lcthw/hashmap.c:Hashmap_get_node:205: TRY: 47
DEBUG: src/lcthw/hashmap.c:Hashmap_get_node:205: TRY: 48
DEBUG: src/lcthw/hashmap.c:Hashmap_get_node:205: TRY: 49
DEBUG: src/lcthw/hashmap.c:Hashmap_get_node:205: TRY: 50
DEBUG: src/lcthw/hashmap.c:Hashmap_get_node:205: TRY: 51
DEBUG: src/lcthw/hashmap.c:Hashmap_get_node:205: TRY: 52
DEBUG: src/lcthw/hashmap.c:Hashmap_get_node:205: TRY: 53
DEBUG: src/lcthw/hashmap.c:Hashmap_get_node:205: TRY: 54
DEBUG: src/lcthw/hashmap.c:Hashmap_get_node:205: TRY: 55
DEBUG: src/lcthw/hashmap.c:Hashmap_get_node:205: TRY: 56
DEBUG: src/lcthw/hashmap.c:Hashmap_get_node:205: TRY: 57
DEBUG: src/lcthw/hashmap.c:Hashmap_get_node:205: TRY: 58
DEBUG: src/lcthw/hashmap.c:Hashmap_get_node:205: TRY: 59
DEBUG: src/lcthw/hashmap.c:Hashmap_get_node:205: TRY: 60
DEBUG: src/lcthw/hashmap.c:Hashmap_get_node:205: TRY: 61
DEBUG: src/lcthw/hashmap.c:Hashmap_get_node:205: TRY: 62
DEBUG: src/lcthw/hashmap.c:Hashmap_get_node:205: TRY: 63
DEBUG: src/lcthw/hashmap.c:Hashmap_get_node:205: TRY: 64
DEBUG: src/lcthw/hashmap.c:Hashmap_get_node:205: TRY: 65
DEBUG: src/lcthw/hashmap.c:Hashmap_get_node:205: TRY: 66
DEBUG: src/lcthw/hashmap.c:Hashmap_get_node:205: TRY: 67
DEBUG: src/lcthw/hashmap.c:Hashmap_get_node:205: TRY: 68
DEBUG: src/lcthw/hashmap.c:Hashmap_get_node:205: TRY: 69
DEBUG: src/lcthw/hashmap.c:Hashmap_get_node:205: TRY: 70
DEBUG: src/lcthw/hashmap.c:Hashmap_get_node:205: TRY: 71
DEBUG: src/lcthw/hashmap.c:Hashmap_get_node:205: TRY: 72
DEBUG: src/lcthw/hashmap.c:Hashmap_get_node:205: TRY: 73
DEBUG: src/lcthw/hashmap.c:Hashmap_get_node:205: TRY: 74
DEBUG: src/lcthw/hashmap.c:Hashmap_get_node:205: TRY: 75
DEBUG: src/lcthw/hashmap.c:Hashmap_get_node:205: TRY: 76
DEBUG: src/lcthw/hashmap.c:Hashmap_get_node:205: TRY: 77
DEBUG: src/lcthw/hashmap.c:Hashmap_get_node:205: TRY: 78
DEBUG: src/lcthw/hashmap.c:Hashmap_get_node:205: TRY: 0
DEBUG: src/lcthw/hashmap.c:Hashmap_get_node:205: TRY: 1
DEBUG: src/lcthw/hashmap.c:Hashmap_get_node:205: TRY: 2
DEBUG: src/lcthw/hashmap.c:Hashmap_get_node:205: TRY: 3
DEBUG: src/lcthw/hashmap.c:Hashmap_get_node:205: TRY: 4
DEBUG: src/lcthw/hashmap.c:Hashmap_get_node:205: TRY: 5
DEBUG: src/lcthw/hashmap.c:Hashmap_get_node:205: TRY: 6
DEBUG: src/lcthw/hashmap.c:Hashmap_get_node:205: TRY: 7
DEBUG: src/lcthw/hashmap.c:Hashmap_get_node:205: TRY: 8
DEBUG: src/lcthw/hashmap.c:Hashmap_get_node:205: TRY: 9
DEBUG: src/lcthw/hashmap.c:Hashmap_get_node:205: TRY: 10
DEBUG: src/lcthw/hashmap.c:Hashmap_get_node:205: TRY: 11
DEBUG: src/lcthw/hashmap.c:Hashmap_get_node:205: TRY: 12
DEBUG: src/lcthw/hashmap.c:Hashmap_get_node:205: TRY: 13
DEBUG: src/lcthw/hashmap.c:Hashmap_get_node:205: TRY: 14
DEBUG: src/lcthw/hashmap.c:Hashmap_get_node:205: TRY: 15
DEBUG: src/lcthw/hashmap.c:Hashmap_get_node:205: TRY: 16
DEBUG: src/lcthw/hashmap.c:Hashmap_get_node:205: TRY: 17
DEBUG: src/lcthw/hashmap.c:Hashmap_get_node:205: TRY: 18
DEBUG: src/lcthw/hashmap.c:Hashmap_get_node:205: TRY: 19
DEBUG: src/lcthw/hashmap.c:Hashmap_get_node:205: TRY: 20
DEBUG: src/lcthw/hashmap.c:Hashmap_get_node:205: TRY: 21
DEBUG: src/lcthw/hashmap.c:Hashmap_get_node:205: TRY: 22
DEBUG: src/lcthw/hashmap.c:Hashmap_get_node:205: TRY: 23
DEBUG: src/lcthw/hashmap.c:Hashmap_get_node:205: TRY: 24
DEBUG: src/lcthw/hashmap.c:Hashmap_get_node:205: TRY: 25
DEBUG: src/lcthw/hashmap.c:Hashmap_get_node:205: TRY: 26
DEBUG: src/lcthw/hashmap.c:Hashmap_get_node:205: TRY: 27
DEBUG: src/lcthw/hashmap.c:Hashmap_get_node:205: TRY: 28
DEBUG: src/lcthw/hashmap.c:Hashmap_get_node:205: TRY: 29
DEBUG: src/lcthw/hashmap.c:Hashmap_get_node:205: TRY: 30
DEBUG: src/lcthw/hashmap.c:Hashmap_get_node:205: TRY: 31
DEBUG: src/lcthw/hashmap.c:Hashmap_get_node:205: TRY: 32
DEBUG: src/lcthw/hashmap.c:Hashmap_get_node:205: TRY: 33
DEBUG: src/lcthw/hashmap.c:Hashmap_get_node:205: TRY: 34
DEBUG: src/lcthw/hashmap.c:Hashmap_get_node:205: TRY: 35
DEBUG: src/lcthw/hashmap.c:Hashmap_get_node:205: TRY: 36
DEBUG: src/lcthw/hashmap.c:Hashmap_get_node:205: TRY: 37
DEBUG: src/lcthw/hashmap.c:Hashmap_get_node:205: TRY: 38
DEBUG: src/lcthw/hashmap.c:Hashmap_get_node:205: TRY: 39
DEBUG: src/lcthw/hashmap.c:Hashmap_get_node:205: TRY: 40
DEBUG: src/lcthw/hashmap.c:Hashmap_get_node:205: TRY: 41
DEBUG: src/lcthw/hashmap.c:Hashmap_get_node:205: TRY: 42
DEBUG: src/lcthw/hashmap.c:Hashmap_get_node:205: TRY: 43
DEBUG: src/lcthw/hashmap.c:Hashmap_get_node:205: TRY: 44
DEBUG: src/lcthw/hashmap.c:Hashmap_get_node:205: TRY: 45
DEBUG: src/lcthw/hashmap.c:Hashmap_get_node:205: TRY: 46
DEBUG: src/lcthw/hashmap.c:Hashmap_get_node:205: TRY: 47
DEBUG: src/lcthw/hashmap.c:Hashmap_get_node:205: TRY: 48
DEBUG: src/lcthw/hashmap.c:Hashmap_get_node:205: TRY: 49
DEBUG: src/lcthw/hashmap.c:Hashmap_get_node:205: TRY: 50
DEBUG: src/lcthw/hashmap.c:Hashmap_get_node:205: TRY: 51
DEBUG: src/lcthw/hashmap.c:Hashmap_get_node:205: TRY: 52
DEBUG: src/lcthw/hashmap.c:Hashmap_get_node:205: TRY: 53
DEBUG: src/lcthw/hashmap.c:Hashmap_get_node:205: TRY: 54
DEBUG: src/lcthw/hashmap.c:Hashmap_get_node:205: TRY: 55
DEBUG: src/lcthw/hashmap.c:Hashmap_get_node:205: TRY: 56
DEBUG: src/lcthw/hashmap.c:Hashmap_get_node:205: TRY: 57
DEBUG: src/lcthw/hashmap.c:Hashmap_get_node:205: TRY: 58
DEBUG: src/lcthw/hashmap.c:Hashmap_get_node:205: TRY: 59
DEBUG: src/lcthw/hashmap.c:Hashmap_get_node:205: TRY: 60
DEBUG: src/lcthw/hashmap.c:Hashmap_get_node:205: TRY: 61
DEBUG: src/lcthw/hashmap.c:Hashmap_get_node:205: TRY: 62
DEBUG: src/lcthw/hashmap.c:Hashmap_get_node:205: TRY: 63
DEBUG: src/lcthw/hashmap.c:Hashmap_get_node:205: TRY: 64
DEBUG: src/lcthw/hashmap.c:Hashmap_get_node:205: TRY: 65
DEBUG: src/lcthw/hashmap.c:Hashmap_get_node:205: TRY: 66
DEBUG: src/lcthw/hashmap.c:Hashmap_get_node:205: TRY: 67
DEBUG: src/lcthw/hashmap.c:Hashmap_get_node:205: TRY: 68
DEBUG: src/lcthw/hashmap.c:Hashmap_get_node:205: TRY: 69
DEBUG: src/lcthw/hashmap.c:Hashmap_get_node:205: TRY: 70
DEBUG: src/lcthw/hashmap.c:Hashmap_get_node:205: TRY: 71
DEBUG: src/lcthw/hashmap.c:Hashmap_get_node:205: TRY: 72
DEBUG: src/lcthw/hashmap.c:Hashmap_get_node:205: TRY: 73
DEBUG: src/lcthw/hashmap.c:Hashmap_get_node:205: TRY: 74
DEBUG: src/lcthw/hashmap.c:Hashmap_get_node:205: TRY: 75
DEBUG: src/lcthw/hashmap.c:Hashmap_get_node:205: TRY: 76
DEBUG: src/lcthw/hashmap.c:Hashmap_get_node:205: TRY: 0
DEBUG: src/lcthw/hashmap.c:Hashmap_get_node:205: TRY: 1
DEBUG: src/lcthw/hashmap.c:Hashmap_get_node:205: TRY: 2
DEBUG: src/lcthw/hashmap.c:Hashmap_get_node:205: TRY: 3
DEBUG: src/lcthw/hashmap.c:Hashmap_get_node:205: TRY: 4
DEBUG: src/lcthw/hashmap.c:Hashmap_get_node:205: TRY: 5
DEBUG: src/lcthw/hashmap.c:Hashmap_get_node:205: TRY: 6
DEBUG: src/lcthw/hashmap.c:Hashmap_get_node:205: TRY: 7
DEBUG: src/lcthw/hashmap.c:Hashmap_get_node:205: TRY: 8
DEBUG: src/lcthw/hashmap.c:Hashmap_get_node:205: TRY: 9
DEBUG: src/lcthw/hashmap.c:Hashmap_get_node:205: TRY: 10
DEBUG: src/lcthw/hashmap.c:Hashmap_get_node:205: TRY: 11
DEBUG: src/lcthw/hashmap.c:Hashmap_get_node:205: TRY: 12
DEBUG: src/lcthw/hashmap.c:Hashmap_get_node:205: TRY: 13
DEBUG: src/lcthw/hashmap.c:Hashmap_get_node:205: TRY: 14
DEBUG: src/lcthw/hashmap.c:Hashmap_get_node:205: TRY: 15
DEBUG: src/lcthw/hashmap.c:Hashmap_get_node:205: TRY: 16
DEBUG: src/lcthw/hashmap.c:Hashmap_get_node:205: TRY: 17
DEBUG: src/lcthw/hashmap.c:Hashmap_get_node:205: TRY: 18
DEBUG: src/lcthw/hashmap.c:Hashmap_get_node:205: TRY: 19
DEBUG: src/lcthw/hashmap.c:Hashmap_get_node:205: TRY: 20
DEBUG: src/lcthw/hashmap.c:Hashmap_get_node:205: TRY: 21
DEBUG: src/lcthw/hashmap.c:Hashmap_get_node:205: TRY: 22
DEBUG: src/lcthw/hashmap.c:Hashmap_get_node:205: TRY: 23
DEBUG: src/lcthw/hashmap.c:Hashmap_get_node:205: TRY: 24
DEBUG: src/lcthw/hashmap.c:Hashmap_get_node:205: TRY: 25
DEBUG: src/lcthw/hashmap.c:Hashmap_get_node:205: TRY: 26
DEBUG: src/lcthw/hashmap.c:Hashmap_get_node:205: TRY: 27
DEBUG: src/lcthw/hashmap.c:Hashmap_get_node:205: TRY: 28
DEBUG: src/lcthw/hashmap.c:Hashmap_get_node:205: TRY: 29
DEBUG: src/lcthw/hashmap.c:Hashmap_get_node:205: TRY: 30
DEBUG: src/lcthw/hashmap.c:Hashmap_get_node:205: TRY: 31
DEBUG: src/lcthw/hashmap.c:Hashmap_get_node:205: TRY: 32
DEBUG: src/lcthw/hashmap.c:Hashmap_get_node:205: TRY: 33
DEBUG: src/lcthw/hashmap.c:Hashmap_get_node:205: TRY: 34
DEBUG: src/lcthw/hashmap.c:Hashmap_get_node:205: TRY: 35
DEBUG: src/lcthw/hashmap.c:Hashmap_get_node:205: TRY: 36
DEBUG: src/lcthw/hashmap.c:Hashmap_get_node:205: TRY: 37
DEBUG: src/lcthw/hashmap.c:Hashmap_get_node:205: TRY: 38
DEBUG: src/lcthw/hashmap.c:Hashmap_get_node:205: TRY: 39
DEBUG: src/lcthw/hashmap.c:Hashmap_get_node:205: TRY: 40
DEBUG: src/lcthw/hashmap.c:Hashmap_get_node:205: TRY: 41
DEBUG: src/lcthw/hashmap.c:Hashmap_get_node:205: TRY: 42
DEBUG: src/lcthw/hashmap.c:Hashmap_get_node:205: TRY: 43
DEBUG: src/lcthw/hashmap.c:Hashmap_get_node:205: TRY: 44
DEBUG: src/lcthw/hashmap.c:Hashmap_get_node:205: TRY: 45
DEBUG: src/lcthw/hashmap.c:Hashmap_get_node:205: TRY: 46
DEBUG: src/lcthw/hashmap.c:Hashmap_get_node:205: TRY: 47
DEBUG: src/lcthw/hashmap.c:Hashmap_get_node:205: TRY: 48
DEBUG: src/lcthw/hashmap.c:Hashmap_get_node:205: TRY: 49
DEBUG: src/lcthw/hashmap.c:Hashmap_get_node:205: TRY: 50
DEBUG: src/lcthw/hashmap.c:Hashmap_get_node:205: TRY: 51
DEBUG: src/lcthw/hashmap.c:Hashmap_get_node:205: TRY: 52
DEBUG: src/lcthw/hashmap.c:Hashmap_get_node:205: TRY: 53
DEBUG: src/lcthw/hashmap.c:Hashmap_get_node:205: TRY: 54
DEBUG: src/lcthw/hashmap.c:Hashmap_get_node:205: TRY: 55
DEBUG: src/lcthw/hashmap.c:Hashmap_get_node:205: TRY: 56
DEBUG: src/lcthw/hashmap.c:Hashmap_get_node:205: TRY: 57
DEBUG: src/lcthw/hashmap.c:Hashmap_get_node:205: TRY: 58
DEBUG: src/lcthw/hashmap.c:Hashmap_get_node:205: TRY: 59
DEBUG: src/lcthw/hashmap.c:Hashmap_get_node:205: TRY: 60
DEBUG: src/lcthw/hashmap.c:Hashmap_get_node:205: TRY: 61
DEBUG: src/lcthw/hashmap.c:Hashmap_get_node:205: TRY: 62
DEBUG: src/lcthw/hashmap.c:Hashmap_get_node:205: TRY: 63
DEBUG: src/lcthw/hashmap.c:Hashmap_get_node:205: TRY: 64
DEBUG: src/lcthw/hashmap.c:Hashmap_get_node:205: TRY: 0
DEBUG: src/lcthw/hashmap.c:Hashmap_get_node:205: TRY: 1
DEBUG: src/lcthw/hashmap.c:Hashmap_get_node:205: TRY: 2
DEBUG: src/lcthw/hashmap.c:Hashmap_get_node:205: TRY: 3
DEBUG: src/lcthw/hashmap.c:Hashmap_get_node:205: TRY: 4
DEBUG: src/lcthw/hashmap.c:Hashmap_get_node:205: TRY: 5
DEBUG: src/lcthw/hashmap.c:Hashmap_get_node:205: TRY: 6
DEBUG: src/lcthw/hashmap.c:Hashmap_get_node:205: TRY: 7
DEBUG: src/lcthw/hashmap.c:Hashmap_get_node:205: TRY: 8
DEBUG: src/lcthw/hashmap.c:Hashmap_get_node:205: TRY: 9
DEBUG: src/lcthw/hashmap.c:Hashmap_get_node:205: TRY: 10
DEBUG: src/lcthw/hashmap.c:Hashmap_get_node:205: TRY: 11
DEBUG: src/lcthw/hashmap.c:Hashmap_get_node:205: TRY: 12
DEBUG: src/lcthw/hashmap.c:Hashmap_get_node:205: TRY: 13
DEBUG: src/lcthw/hashmap.c:Hashmap_get_node:205: TRY: 14
DEBUG: src/lcthw/hashmap.c:Hashmap_get_node:205: TRY: 15
DEBUG: src/lcthw/hashmap.c:Hashmap_get_node:205: TRY: 16
DEBUG: src/lcthw/hashmap.c:Hashmap_get_node:205: TRY: 17
DEBUG: src/lcthw/hashmap.c:Hashmap_get_node:205: TRY: 18
DEBUG: src/lcthw/hashmap.c:Hashmap_get_node:205: TRY: 19
DEBUG: src/lcthw/hashmap.c:Hashmap_get_node:205: TRY: 20
DEBUG: src/lcthw/hashmap.c:Hashmap_get_node:205: TRY: 21
DEBUG: src/lcthw/hashmap.c:Hashmap_get_node:205: TRY: 22
DEBUG: src/lcthw/hashmap.c:Hashmap_get_node:205: TRY: 23
DEBUG: src/lcthw/hashmap.c:Hashmap_get_node:205: TRY: 24
DEBUG: src/lcthw/hashmap.c:Hashmap_get_node:205: TRY: 25
DEBUG: src/lcthw/hashmap.c:Hashmap_get_node:205: TRY: 26
DEBUG: src/lcthw/hashmap.c:Hashmap_get_node:205: TRY: 27
DEBUG: src/lcthw/hashmap.c:Hashmap_get_node:205: TRY: 28
DEBUG: src/lcthw/hashmap.c:Hashmap_get_node:205: TRY: 29
DEBUG: src/lcthw/hashmap.c:Hashmap_get_node:205: TRY: 30
DEBUG: src/lcthw/hashmap.c:Hashmap_get_node:205: TRY: 31
DEBUG: src/lcthw/hashmap.c:Hashmap_get_node:205: TRY: 32
DEBUG: src/lcthw/hashmap.c:Hashmap_get_node:205: TRY: 33
DEBUG: src/lcthw/hashmap.c:Hashmap_get_node:205: TRY: 34
DEBUG: src/lcthw/hashmap.c:Hashmap_get_node:205: TRY: 35
DEBUG: src/lcthw/hashmap.c:Hashmap_get_node:205: TRY: 36
DEBUG: src/lcthw/hashmap.c:Hashmap_get_node:205: TRY: 37
DEBUG: src/lcthw/hashmap.c:Hashmap_get_node:205: TRY: 38
DEBUG: src/lcthw/hashmap.c:Hashmap_get_node:205: TRY: 39
DEBUG: src/lcthw/hashmap.c:Hashmap_get_node:205: TRY: 40
DEBUG: src/lcthw/hashmap.c:Hashmap_get_node:205: TRY: 41
DEBUG: src/lcthw/hashmap.c:Hashmap_get_node:205: TRY: 42
DEBUG: src/lcthw/hashmap.c:Hashmap_get_node:205: TRY: 43
DEBUG: src/lcthw/hashmap.c:Hashmap_get_node:205: TRY: 44
DEBUG: src/lcthw/hashmap.c:Hashmap_get_node:205: TRY: 45
DEBUG: src/lcthw/hashmap.c:Hashmap_get_node:205: TRY: 46
DEBUG: src/lcthw/hashmap.c:Hashmap_get_node:205: TRY: 47
DEBUG: src/lcthw/hashmap.c:Hashmap_get_node:205: TRY: 48
DEBUG: src/lcthw/hashmap.c:Hashmap_get_node:205: TRY: 49
DEBUG: src/lcthw/hashmap.c:Hashmap_get_node:205: TRY: 50
DEBUG: src/lcthw/hashmap.c:Hashmap_get_node:205: TRY: 51
DEBUG: src/lcthw/hashmap.c:Hashmap_get_node:205: TRY: 52
DEBUG: src/lcthw/hashmap.c:Hashmap_get_node:205: TRY: 53
DEBUG: src/lcthw/hashmap.c:Hashmap_get_node:205: TRY: 54
DEBUG: src/lcthw/hashmap.c:Hashmap_get_node:205: TRY: 55
DEBUG: src/lcthw/hashmap.c:Hashmap_get_node:205: TRY: 56
DEBUG: src/lcthw/hashmap.c:Hashmap_get_node:205: TRY: 57
DEBUG: src/lcthw/hashmap.c:Hashmap_get_node:205: TRY: 58
DEBUG: src/lcthw/hashmap.c:Hashmap_get_node:205: TRY: 59
DEBUG: src/lcthw/hashmap.c:Hashmap_get_node:205: TRY: 60
DEBUG: src/lcthw/hashmap.c:Hashmap_get_node:205: TRY: 61
DEBUG: src/lcthw/hashmap.c:Hashmap_get_node:205: TRY: 62
DEBUG: src/lcthw/hashmap.c:Hashmap_get_node:205: TRY: 63
DEBUG: src/lcthw/hashmap.c:Hashmap_get_node:205: TRY: 64
DEBUG: src/lcthw/hashmap.c:Hashmap_get_node:205: TRY: 65
DEBUG: src/lcthw/hashmap.c:Hashmap_get_node:205: TRY: 66
DEBUG: src/lcthw/hashmap.c:Hashmap_get_node:205: TRY: 67
DEBUG: src/lcthw/hashmap.c:Hashmap_get_node:205: TRY: 68
DEBUG: src/lcthw/hashmap.c:Hashmap_get_node:205: TRY: 69
DEBUG: src/lcthw/hashmap.c:Hashmap_get_node:205: TRY: 70
DEBUG: src/lcthw/hashmap.c:Hashmap_get_node:205: TRY: 71
DEBUG: src/lcthw/hashmap.c:Hashmap_get_node:205: TRY: 72
DEBUG: src/lcthw/hashmap.c:Hashmap_get_node:205: TRY: 73
DEBUG: src/lcthw/hashmap.c:Hashmap_get_node:205: TRY: 0
DEBUG: src/lcthw/hashmap.c:Hashmap_get_node:205: TRY: 1
DEBUG: src/lcthw/hashmap.c:Hashmap_get_node:205: TRY: 2
DEBUG: src/lcthw/hashmap.c:Hashmap_get_node:205: TRY: 3
DEBUG: src/lcthw/hashmap.c:Hashmap_get_node:205: TRY: 4
DEBUG: src/lcthw/hashmap.c:Hashmap_get_node:205: TRY: 5
DEBUG: src/lcthw/hashmap.c:Hashmap_get_node:205: TRY: 6
DEBUG: src/lcthw/hashmap.c:Hashmap_get_node:205: TRY: 7
DEBUG: src/lcthw/hashmap.c:Hashmap_get_node:205: TRY: 8
DEBUG: src/lcthw/hashmap.c:Hashmap_get_node:205: TRY: 9
DEBUG: src/lcthw/hashmap.c:Hashmap_get_node:205: TRY: 10
DEBUG: src/lcthw/hashmap.c:Hashmap_get_node:205: TRY: 11
DEBUG: src/lcthw/hashmap.c:Hashmap_get_node:205: TRY: 12
DEBUG: src/lcthw/hashmap.c:Hashmap_get_node:205: TRY: 13
DEBUG: src/lcthw/hashmap.c:Hashmap_get_node:205: TRY: 14
DEBUG: src/lcthw/hashmap.c:Hashmap_get_node:205: TRY: 15
DEBUG: src/lcthw/hashmap.c:Hashmap_get_node:205: TRY: 16
DEBUG: src/lcthw/hashmap.c:Hashmap_get_node:205: TRY: 17
DEBUG: src/lcthw/hashmap.c:Hashmap_get_node:205: TRY: 18
DEBUG: src/lcthw/hashmap.c:Hashmap_get_node:205: TRY: 19
DEBUG: src/lcthw/hashmap.c:Hashmap_get_node:205: TRY: 20
DEBUG: src/lcthw/hashmap.c:Hashmap_get_node:205: TRY: 21
DEBUG: src/lcthw/hashmap.c:Hashmap_get_node:205: TRY: 22
DEBUG: src/lcthw/hashmap.c:Hashmap_get_node:205: TRY: 23
DEBUG: src/lcthw/hashmap.c:Hashmap_get_node:205: TRY: 24
DEBUG: src/lcthw/hashmap.c:Hashmap_get_node:205: TRY: 25
DEBUG: src/lcthw/hashmap.c:Hashmap_get_node:205: TRY: 26
DEBUG: src/lcthw/hashmap.c:Hashmap_get_node:205: TRY: 27
DEBUG: src/lcthw/hashmap.c:Hashmap_get_node:205: TRY: 28
DEBUG: src/lcthw/hashmap.c:Hashmap_get_node:205: TRY: 29
DEBUG: src/lcthw/hashmap.c:Hashmap_get_node:205: TRY: 30
DEBUG: src/lcthw/hashmap.c:Hashmap_get_node:205: TRY: 31
DEBUG: src/lcthw/hashmap.c:Hashmap_get_node:205: TRY: 32
DEBUG: src/lcthw/hashmap.c:Hashmap_get_node:205: TRY: 33
DEBUG: src/lcthw/hashmap.c:Hashmap_get_node:205: TRY: 34
DEBUG: src/lcthw/hashmap.c:Hashmap_get_node:205: TRY: 35
DEBUG: src/lcthw/hashmap.c:Hashmap_get_node:205: TRY: 36
DEBUG: src/lcthw/hashmap.c:Hashmap_get_node:205: TRY: 37
DEBUG: src/lcthw/hashmap.c:Hashmap_get_node:205: TRY: 38
DEBUG: src/lcthw/hashmap.c:Hashmap_get_node:205: TRY: 39
DEBUG: src/lcthw/hashmap.c:Hashmap_get_node:205: TRY: 40
DEBUG: src/lcthw/hashmap.c:Hashmap_get_node:205: TRY: 41
DEBUG: src/lcthw/hashmap.c:Hashmap_get_node:205: TRY: 42
DEBUG: src/lcthw/hashmap.c:Hashmap_get_node:205: TRY: 43
DEBUG: src/lcthw/hashmap.c:Hashmap_get_node:205: TRY: 44
DEBUG: src/lcthw/hashmap.c:Hashmap_get_node:205: TRY: 45
DEBUG: src/lcthw/hashmap.c:Hashmap_get_node:205: TRY: 46
DEBUG: src/lcthw/hashmap.c:Hashmap_get_node:205: TRY: 47
DEBUG: src/lcthw/hashmap.c:Hashmap_get_node:205: TRY: 48
DEBUG: src/lcthw/hashmap.c:Hashmap_get_node:205: TRY: 49
DEBUG: src/lcthw/hashmap.c:Hashmap_get_node:205: TRY: 50
DEBUG: src/lcthw/hashmap.c:Hashmap_get_node:205: TRY: 51
DEBUG: src/lcthw/hashmap.c:Hashmap_get_node:205: TRY: 52
DEBUG: src/lcthw/hashmap.c:Hashmap_get_node:205: TRY: 53
DEBUG: src/lcthw/hashmap.c:Hashmap_get_node:205: TRY: 54
DEBUG: src/lcthw/hashmap.c:Hashmap_get_node:205: TRY: 55
DEBUG: src/lcthw/hashmap.c:Hashmap_get_node:205: TRY: 56
DEBUG: src/lcthw/hashmap.c:Hashmap_get_node:205: TRY: 57
DEBUG: src/lcthw/hashmap.c:Hashmap_get_node:205: TRY: 58
DEBUG: src/lcthw/hashmap.c:Hashmap_get_node:205: TRY: 59
DEBUG: src/lcthw/hashmap.c:Hashmap_get_node:205: TRY: 60
DEBUG: src/lcthw/hashmap.c:Hashmap_get_node:205: TRY: 61
DEBUG: src/lcthw/hashmap.c:Hashmap_get_node:205: TRY: 62
DEBUG: src/lcthw/hashmap.c:Hashmap_get_node:205: TRY: 63
DEBUG: src/lcthw/hashmap.c:Hashmap_get_node:205: TRY: 64
DEBUG: src/lcthw/hashmap.c:Hashmap_get_node:205: TRY: 65
DEBUG: src/lcthw/hashmap.c:Hashmap_get_node:205: TRY: 66
DEBUG: src/lcthw/hashmap.c:Hashmap_get_node:205: TRY: 67
DEBUG: src/lcthw/hashmap.c:Hashmap_get_node:205: TRY: 68
DEBUG: src/lcthw/hashmap.c:Hashmap_get_node:205: TRY: 69
DEBUG: src/lcthw/hashmap.c:Hashmap_get_node:205: TRY: 70
DEBUG: src/lcthw/hashmap.c:Hashmap_get_node:205: TRY: 71
DEBUG: src/lcthw/hashmap.c:Hashmap_get_node:205: TRY: 72
DEBUG: src/lcthw/hashmap.c:Hashmap_get_node:205: TRY: 0
DEBUG: src/lcthw/hashmap.c:Hashmap_get_node:205: TRY: 1
DEBUG: src/lcthw/hashmap.c:Hashmap_get_node:205: TRY: 2
DEBUG: src/lcthw/hashmap.c:Hashmap_get_node:205: TRY: 3
DEBUG: src/lcthw/hashmap.c:Hashmap_get_node:205: TRY: 4
DEBUG: src/lcthw/hashmap.c:Hashmap_get_node:205: TRY: 5
DEBUG: src/lcthw/hashmap.c:Hashmap_get_node:205: TRY: 6
DEBUG: src/lcthw/hashmap.c:Hashmap_get_node:205: TRY: 7
DEBUG: src/lcthw/hashmap.c:Hashmap_get_node:205: TRY: 8
DEBUG: src/lcthw/hashmap.c:Hashmap_get_node:205: TRY: 9
DEBUG: src/lcthw/hashmap.c:Hashmap_get_node:205: TRY: 10
DEBUG: src/lcthw/hashmap.c:Hashmap_get_node:205: TRY: 11
DEBUG: src/lcthw/hashmap.c:Hashmap_get_node:205: TRY: 12
DEBUG: src/lcthw/hashmap.c:Hashmap_get_node:205: TRY: 13
DEBUG: src/lcthw/hashmap.c:Hashmap_get_node:205: TRY: 14
DEBUG: src/lcthw/hashmap.c:Hashmap_get_node:205: TRY: 15
DEBUG: src/lcthw/hashmap.c:Hashmap_get_node:205: TRY: 16
DEBUG: src/lcthw/hashmap.c:Hashmap_get_node:205: TRY: 17
DEBUG: src/lcthw/hashmap.c:Hashmap_get_node:205: TRY: 18
DEBUG: src/lcthw/hashmap.c:Hashmap_get_node:205: TRY: 19
DEBUG: src/lcthw/hashmap.c:Hashmap_get_node:205: TRY: 20
DEBUG: src/lcthw/hashmap.c:Hashmap_get_node:205: TRY: 21
DEBUG: src/lcthw/hashmap.c:Hashmap_get_node:205: TRY: 22
DEBUG: src/lcthw/hashmap.c:Hashmap_get_node:205: TRY: 23
DEBUG: src/lcthw/hashmap.c:Hashmap_get_node:205: TRY: 24
DEBUG: src/lcthw/hashmap.c:Hashmap_get_node:205: TRY: 25
DEBUG: src/lcthw/hashmap.c:Hashmap_get_node:205: TRY: 26
DEBUG: src/lcthw/hashmap.c:Hashmap_get_node:205: TRY: 27
DEBUG: src/lcthw/hashmap.c:Hashmap_get_node:205: TRY: 28
DEBUG: src/lcthw/hashmap.c:Hashmap_get_node:205: TRY: 29
DEBUG: src/lcthw/hashmap.c:Hashmap_get_node:205: TRY: 30
DEBUG: src/lcthw/hashmap.c:Hashmap_get_node:205: TRY: 31
DEBUG: src/lcthw/hashmap.c:Hashmap_get_node:205: TRY: 32
DEBUG: src/lcthw/hashmap.c:Hashmap_get_node:205: TRY: 33
DEBUG: src/lcthw/hashmap.c:Hashmap_get_node:205: TRY: 34
DEBUG: src/lcthw/hashmap.c:Hashmap_get_node:205: TRY: 35
DEBUG: src/lcthw/hashmap.c:Hashmap_get_node:205: TRY: 36
DEBUG: src/lcthw/hashmap.c:Hashmap_get_node:205: TRY: 37
DEBUG: src/lcthw/hashmap.c:Hashmap_get_node:205: TRY: 38
DEBUG: src/lcthw/hashmap.c:Hashmap_get_node:205: TRY: 39
DEBUG: src/lcthw/hashmap.c:Hashmap_get_node:205: TRY: 40
DEBUG: src/lcthw/hashmap.c:Hashmap_get_node:205: TRY: 41
DEBUG: src/lcthw/hashmap.c:Hashmap_get_node:205: TRY: 42
DEBUG: src/lcthw/hashmap.c:Hashmap_get_node:205: TRY: 43
DEBUG: src/lcthw/hashmap.c:Hashmap_get_node:205: TRY: 44
DEBUG: src/lcthw/hashmap.c:Hashmap_get_node:205: TRY: 45
DEBUG: src/lcthw/hashmap.c:Hashmap_get_node:205: TRY: 46
DEBUG: src/lcthw/hashmap.c:Hashmap_get_node:205: TRY: 47
DEBUG: src/lcthw/hashmap.c:Hashmap_get_node:205: TRY: 48
DEBUG: src/lcthw/hashmap.c:Hashmap_get_node:205: TRY: 49
DEBUG: src/lcthw/hashmap.c:Hashmap_get_node:205: TRY: 50
DEBUG: src/lcthw/hashmap.c:Hashmap_get_node:205: TRY: 51
DEBUG: src/lcthw/hashmap.c:Hashmap_get_node:205: TRY: 52
DEBUG: src/lcthw/hashmap.c:Hashmap_get_node:205: TRY: 53
DEBUG: src/lcthw/hashmap.c:Hashmap_get_node:205: TRY: 54
DEBUG: src/lcthw/hashmap.c:Hashmap_get_node:205: TRY: 55
DEBUG: src/lcthw/hashmap.c:Hashmap_get_node:205: TRY: 56
DEBUG: src/lcthw/hashmap.c:Hashmap_get_node:205: TRY: 57
DEBUG: src/lcthw/hashmap.c:Hashmap_get_node:205: TRY: 58
DEBUG: src/lcthw/hashmap.c:Hashmap_get_node:205: TRY: 59
DEBUG: src/lcthw/hashmap.c:Hashmap_get_node:205: TRY: 60
DEBUG: src/lcthw/hashmap.c:Hashmap_get_node:205: TRY: 61
DEBUG: src/lcthw/hashmap.c:Hashmap_get_node:205: TRY: 62
DEBUG: src/lcthw/hashmap.c:Hashmap_get_node:205: TRY: 63
DEBUG: src/lcthw/hashmap.c:Hashmap_get_node:205: TRY: 64
DEBUG: src/lcthw/hashmap.c:Hashmap_get_node:205: TRY: 65
DEBUG: src/lcthw/hashmap.c:Hashmap_get_node:205: TRY: 66
DEBUG: src/lcthw/hashmap.c:Hashmap_get_node:205: TRY: 67
DEBUG: src/lcthw/hashmap.c:Hashmap_get_node:205: TRY: 68
DEBUG: src/lcthw/hashmap.c:Hashmap_get_node:205: TRY: 69
DEBUG: src/lcthw/hashmap.c:Hashmap_get_node:205: TRY: 70
DEBUG: src/lcthw/hashmap.c:Hashmap_get_node:205: TRY: 71
DEBUG: src/lcthw/hashmap.c:Hashmap_get_node:205: TRY: 72
DEBUG: src/lcthw/hashmap.c:Hashmap_get_node:205: TRY: 73
DEBUG: src/lcthw/hashmap.c:Hashmap_get_node:205: TRY: 74
DEBUG: src/lcthw/hashmap.c:Hashmap_get_node:205: TRY: 75
DEBUG: src/lcthw/hashmap.c:Hashmap_get_node:205: TRY: 76
DEBUG: src/lcthw/hashmap.c:Hashmap_get_node:205: TRY: 77
DEBUG: src/lcthw/hashmap.c:Hashmap_get_node:205: TRY: 78
DEBUG: src/lcthw/hashmap.c:Hashmap_get_node:205: TRY: 79
DEBUG: src/lcthw/hashmap.c:Hashmap_get_node:205: TRY: 0
DEBUG: src/lcthw/hashmap.c:Hashmap_get_node:205: TRY: 1
DEBUG: src/lcthw/hashmap.c:Hashmap_get_node:205: TRY: 2
DEBUG: src/lcthw/hashmap.c:Hashmap_get_node:205: TRY: 3
DEBUG: src/lcthw/hashmap.c:Hashmap_get_node:205: TRY: 4
DEBUG: src/lcthw/hashmap.c:Hashmap_get_node:205: TRY: 5
DEBUG: src/lcthw/hashmap.c:Hashmap_get_node:205: TRY: 6
DEBUG: src/lcthw/hashmap.c:Hashmap_get_node:205: TRY: 7
DEBUG: src/lcthw/hashmap.c:Hashmap_get_node:205: TRY: 8
DEBUG: src/lcthw/hashmap.c:Hashmap_get_node:205: TRY: 9
DEBUG: src/lcthw/hashmap.c:Hashmap_get_node:205: TRY: 10
DEBUG: src/lcthw/hashmap.c:Hashmap_get_node:205: TRY: 11
DEBUG: src/lcthw/hashmap.c:Hashmap_get_node:205: TRY: 12
DEBUG: src/lcthw/hashmap.c:Hashmap_get_node:205: TRY: 13
DEBUG: src/lcthw/hashmap.c:Hashmap_get_node:205: TRY: 14
DEBUG: src/lcthw/hashmap.c:Hashmap_get_node:205: TRY: 15
DEBUG: src/lcthw/hashmap.c:Hashmap_get_node:205: TRY: 16
DEBUG: src/lcthw/hashmap.c:Hashmap_get_node:205: TRY: 17
DEBUG: src/lcthw/hashmap.c:Hashmap_get_node:205: TRY: 18
DEBUG: src/lcthw/hashmap.c:Hashmap_get_node:205: TRY: 19
DEBUG: src/lcthw/hashmap.c:Hashmap_get_node:205: TRY: 20
DEBUG: src/lcthw/hashmap.c:Hashmap_get_node:205: TRY: 21
DEBUG: src/lcthw/hashmap.c:Hashmap_get_node:205: TRY: 22
DEBUG: src/lcthw/hashmap.c:Hashmap_get_node:205: TRY: 23
DEBUG: src/lcthw/hashmap.c:Hashmap_get_node:205: TRY: 24
DEBUG: src/lcthw/hashmap.c:Hashmap_get_node:205: TRY: 25
DEBUG: src/lcthw/hashmap.c:Hashmap_get_node:205: TRY: 26
DEBUG: src/lcthw/hashmap.c:Hashmap_get_node:205: TRY: 27
DEBUG: src/lcthw/hashmap.c:Hashmap_get_node:205: TRY: 28
DEBUG: src/lcthw/hashmap.c:Hashmap_get_node:205: TRY: 29
DEBUG: src/lcthw/hashmap.c:Hashmap_get_node:205: TRY: 30
DEBUG: src/lcthw/hashmap.c:Hashmap_get_node:205: TRY: 31
DEBUG: src/lcthw/hashmap.c:Hashmap_get_node:205: TRY: 32
DEBUG: src/lcthw/hashmap.c:Hashmap_get_node:205: TRY: 33
DEBUG: src/lcthw/hashmap.c:Hashmap_get_node:205: TRY: 34
DEBUG: src/lcthw/hashmap.c:Hashmap_get_node:205: TRY: 35
DEBUG: src/lcthw/hashmap.c:Hashmap_get_node:205: TRY: 36
DEBUG: src/lcthw/hashmap.c:Hashmap_get_node:205: TRY: 37
DEBUG: src/lcthw/hashmap.c:Hashmap_get_node:205: TRY: 38
DEBUG: src/lcthw/hashmap.c:Hashmap_get_node:205: TRY: 39
DEBUG: src/lcthw/hashmap.c:Hashmap_get_node:205: TRY: 40
DEBUG: src/lcthw/hashmap.c:Hashmap_get_node:205: TRY: 41
DEBUG: src/lcthw/hashmap.c:Hashmap_get_node:205: TRY: 42
DEBUG: src/lcthw/hashmap.c:Hashmap_get_node:205: TRY: 43
DEBUG: src/lcthw/hashmap.c:Hashmap_get_node:205: TRY: 44
DEBUG: src/lcthw/hashmap.c:Hashmap_get_node:205: TRY: 45
DEBUG: src/lcthw/hashmap.c:Hashmap_get_node:205: TRY: 46
DEBUG: src/lcthw/hashmap.c:Hashmap_get_node:205: TRY: 47
DEBUG: src/lcthw/hashmap.c:Hashmap_get_node:205: TRY: 48
DEBUG: src/lcthw/hashmap.c:Hashmap_get_node:205: TRY: 49
DEBUG: src/lcthw/hashmap.c:Hashmap_get_node:205: TRY: 50
DEBUG: src/lcthw/hashmap.c:Hashmap_get_node:205: TRY: 51
DEBUG: src/lcthw/hashmap.c:Hashmap_get_node:205: TRY: 52
DEBUG: src/lcthw/hashmap.c:Hashmap_get_node:205: TRY: 53
DEBUG: src/lcthw/hashmap.c:Hashmap_get_node:205: TRY: 54
DEBUG: src/lcthw/hashmap.c:Hashmap_get_node:205: TRY: 55
DEBUG: src/lcthw/hashmap.c:Hashmap_get_node:205: TRY: 56
DEBUG: src/lcthw/hashmap.c:Hashmap_get_node:205: TRY: 57
DEBUG: src/lcthw/hashmap.c:Hashmap_get_node:205: TRY: 58
DEBUG: src/lcthw/hashmap.c:Hashmap_get_node:205: TRY: 59
DEBUG: src/lcthw/hashmap.c:Hashmap_get_node:205: TRY: 60
DEBUG: src/lcthw/hashmap.c:Hashmap_get_node:205: TRY: 61
DEBUG: src/lcthw/hashmap.c:Hashmap_get_node:205: TRY: 62
DEBUG: src/lcthw/hashmap.c:Hashmap_get_node:205: TRY: 63
DEBUG: src/lcthw/hashmap.c:Hashmap_get_node:205: TRY: 64
DEBUG: src/lcthw/hashmap.c:Hashmap_get_node:205: TRY: 65
DEBUG: src/lcthw/hashmap.c:Hashmap_get_node:205: TRY: 0
DEBUG: src/lcthw/hashmap.c:Hashmap_get_node:205: TRY: 1
DEBUG: src/lcthw/hashmap.c:Hashmap_get_node:205: TRY: 2
DEBUG: src/lcthw/hashmap.c:Hashmap_get_node:205: TRY: 3
DEBUG: src/lcthw/hashmap.c:Hashmap_get_node:205: TRY: 4
DEBUG: src/lcthw/hashmap.c:Hashmap_get_node:205: TRY: 5
DEBUG: src/lcthw/hashmap.c:Hashmap_get_node:205: TRY: 6
DEBUG: src/lcthw/hashmap.c:Hashmap_get_node:205: TRY: 7
DEBUG: src/lcthw/hashmap.c:Hashmap_get_node:205: TRY: 8
DEBUG: src/lcthw/hashmap.c:Hashmap_get_node:205: TRY: 9
DEBUG: src/lcthw/hashmap.c:Hashmap_get_node:205: TRY: 10
DEBUG: src/lcthw/hashmap.c:Hashmap_get_node:205: TRY: 11
DEBUG: src/lcthw/hashmap.c:Hashmap_get_node:205: TRY: 12
DEBUG: src/lcthw/hashmap.c:Hashmap_get_node:205: TRY: 13
DEBUG: src/lcthw/hashmap.c:Hashmap_get_node:205: TRY: 14
DEBUG: src/lcthw/hashmap.c:Hashmap_get_node:205: TRY: 15
DEBUG: src/lcthw/hashmap.c:Hashmap_get_node:205: TRY: 16
DEBUG: src/lcthw/hashmap.c:Hashmap_get_node:205: TRY: 17
DEBUG: src/lcthw/hashmap.c:Hashmap_get_node:205: TRY: 18
DEBUG: src/lcthw/hashmap.c:Hashmap_get_node:205: TRY: 19
DEBUG: src/lcthw/hashmap.c:Hashmap_get_node:205: TRY: 20
DEBUG: src/lcthw/hashmap.c:Hashmap_get_node:205: TRY: 21
DEBUG: src/lcthw/hashmap.c:Hashmap_get_node:205: TRY: 22
DEBUG: src/lcthw/hashmap.c:Hashmap_get_node:205: TRY: 23
DEBUG: src/lcthw/hashmap.c:Hashmap_get_node:205: TRY: 24
DEBUG: src/lcthw/hashmap.c:Hashmap_get_node:205: TRY: 25
DEBUG: src/lcthw/hashmap.c:Hashmap_get_node:205: TRY: 26
DEBUG: src/lcthw/hashmap.c:Hashmap_get_node:205: TRY: 27
DEBUG: src/lcthw/hashmap.c:Hashmap_get_node:205: TRY: 28
DEBUG: src/lcthw/hashmap.c:Hashmap_get_node:205: TRY: 29
DEBUG: src/lcthw/hashmap.c:Hashmap_get_node:205: TRY: 30
DEBUG: src/lcthw/hashmap.c:Hashmap_get_node:205: TRY: 31
DEBUG: src/lcthw/hashmap.c:Hashmap_get_node:205: TRY: 32
DEBUG: src/lcthw/hashmap.c:Hashmap_get_node:205: TRY: 33
DEBUG: src/lcthw/hashmap.c:Hashmap_get_node:205: TRY: 34
DEBUG: src/lcthw/hashmap.c:Hashmap_get_node:205: TRY: 35
DEBUG: src/lcthw/hashmap.c:Hashmap_get_node:205: TRY: 36
DEBUG: src/lcthw/hashmap.c:Hashmap_get_node:205: TRY: 37
DEBUG: src/lcthw/hashmap.c:Hashmap_get_node:205: TRY: 38
DEBUG: src/lcthw/hashmap.c:Hashmap_get_node:205: TRY: 39
DEBUG: src/lcthw/hashmap.c:Hashmap_get_node:205: TRY: 40
DEBUG: src/lcthw/hashmap.c:Hashmap_get_node:205: TRY: 41
DEBUG: src/lcthw/hashmap.c:Hashmap_get_node:205: TRY: 42
DEBUG: src/lcthw/hashmap.c:Hashmap_get_node:205: TRY: 43
DEBUG: src/lcthw/hashmap.c:Hashmap_get_node:205: TRY: 44
DEBUG: src/lcthw/hashmap.c:Hashmap_get_node:205: TRY: 45
DEBUG: src/lcthw/hashmap.c:Hashmap_get_node:205: TRY: 46
DEBUG: src/lcthw/hashmap.c:Hashmap_get_node:205: TRY: 47
DEBUG: src/lcthw/hashmap.c:Hashmap_get_node:205: TRY: 48
DEBUG: src/lcthw/hashmap.c:Hashmap_get_node:205: TRY: 49
DEBUG: src/lcthw/hashmap.c:Hashmap_get_node:205: TRY: 50
DEBUG: src/lcthw/hashmap.c:Hashmap_get_node:205: TRY: 51
DEBUG: src/lcthw/hashmap.c:Hashmap_get_node:205: TRY: 52
DEBUG: src/lcthw/hashmap.c:Hashmap_get_node:205: TRY: 53
DEBUG: src/lcthw/hashmap.c:Hashmap_get_node:205: TRY: 54
DEBUG: src/lcthw/hashmap.c:Hashmap_get_node:205: TRY: 55
DEBUG: src/lcthw/hashmap.c:Hashmap_get_node:205: TRY: 56
DEBUG: src/lcthw/hashmap.c:Hashmap_get_node:205: TRY: 57
DEBUG: src/lcthw/hashmap.c:Hashmap_get_node:205: TRY: 58
DEBUG: src/lcthw/hashmap.c:Hashmap_get_node:205: TRY: 59
DEBUG: src/lcthw/hashmap.c:Hashmap_get_node:205: TRY: 60
DEBUG: src/lcthw/hashmap.c:Hashmap_get_node:205: TRY: 61
DEBUG: src/lcthw/hashmap.c:Hashmap_get_node:205: TRY: 62
DEBUG: src/lcthw/hashmap.c:Hashmap_get_node:205: TRY: 63
DEBUG: src/lcthw/hashmap.c:Hashmap_get_node:205: TRY: 64
DEBUG: src/lcthw/hashmap.c:Hashmap_get_node:205: TRY: 65
DEBUG: src/lcthw/hashmap.c:Hashmap_get_node:205: TRY: 66
DEBUG: src/lcthw/hashmap.c:Hashmap_get_node:205: TRY: 67
DEBUG: src/lcthw/hashmap.c:Hashmap_get_node:205: TRY: 68
DEBUG: src/lcthw/hashmap.c:Hashmap_get_node:205: TRY: 69
DEBUG: src/lcthw/hashmap.c:Hashmap_get_node:205: TRY: 70
DEBUG: src/lcthw/hashmap.c:Hashmap_get_node:205: TRY: 71
DEBUG: src/lcthw/hashmap.c:Hashmap_get_node:205: TRY: 72
DEBUG: src/lcthw/hashmap.c:Hashmap_get_node:205: TRY: 73
DEBUG: src/lcthw/hashmap.c:Hashmap_get_node:205: TRY: 0
DEBUG: src/lcthw/hashmap.c:Hashmap_get_node:205: TRY: 1
DEBUG: src/lcthw/hashmap.c:Hashmap_get_node:205: TRY: 2
DEBUG: src/lcthw/hashmap.c:Hashmap_get_node:205: TRY: 3
DEBUG: src/lcthw/hashmap.c:Hashmap_get_node:205: TRY: 4
DEBUG: src/lcthw/hashmap.c:Hashmap_get_node:205: TRY: 5
DEBUG: src/lcthw/hashmap.c:Hashmap_get_node:205: TRY: 6
DEBUG: src/lcthw/hashmap.c:Hashmap_get_node:205: TRY: 7
DEBUG: src/lcthw/hashmap.c:Hashmap_get_node:205: TRY: 8
DEBUG: src/lcthw/hashmap.c:Hashmap_get_node:205: TRY: 9
DEBUG: src/lcthw/hashmap.c:Hashmap_get_node:205: TRY: 10
DEBUG: src/lcthw/hashmap.c:Hashmap_get_node:205: TRY: 11
DEBUG: src/lcthw/hashmap.c:Hashmap_get_node:205: TRY: 12
DEBUG: src/lcthw/hashmap.c:Hashmap_get_node:205: TRY: 13
DEBUG: src/lcthw/hashmap.c:Hashmap_get_node:205: TRY: 14
DEBUG: src/lcthw/hashmap.c:Hashmap_get_node:205: TRY: 15
DEBUG: src/lcthw/hashmap.c:Hashmap_get_node:205: TRY: 16
DEBUG: src/lcthw/hashmap.c:Hashmap_get_node:205: TRY: 17
DEBUG: src/lcthw/hashmap.c:Hashmap_get_node:205: TRY: 18
DEBUG: src/lcthw/hashmap.c:Hashmap_get_node:205: TRY: 19
DEBUG: src/lcthw/hashmap.c:Hashmap_get_node:205: TRY: 20
DEBUG: src/lcthw/hashmap.c:Hashmap_get_node:205: TRY: 21
DEBUG: src/lcthw/hashmap.c:Hashmap_get_node:205: TRY: 22
DEBUG: src/lcthw/hashmap.c:Hashmap_get_node:205: TRY: 23
DEBUG: src/lcthw/hashmap.c:Hashmap_get_node:205: TRY: 24
DEBUG: src/lcthw/hashmap.c:Hashmap_get_node:205: TRY: 25
DEBUG: src/lcthw/hashmap.c:Hashmap_get_node:205: TRY: 26
DEBUG: src/lcthw/hashmap.c:Hashmap_get_node:205: TRY: 27
DEBUG: src/lcthw/hashmap.c:Hashmap_get_node:205: TRY: 28
DEBUG: src/lcthw/hashmap.c:Hashmap_get_node:205: TRY: 29
DEBUG: src/lcthw/hashmap.c:Hashmap_get_node:205: TRY: 30
DEBUG: src/lcthw/hashmap.c:Hashmap_get_node:205: TRY: 31
DEBUG: src/lcthw/hashmap.c:Hashmap_get_node:205: TRY: 32
DEBUG: src/lcthw/hashmap.c:Hashmap_get_node:205: TRY: 33
DEBUG: src/lcthw/hashmap.c:Hashmap_get_node:205: TRY: 34
DEBUG: src/lcthw/hashmap.c:Hashmap_get_node:205: TRY: 35
DEBUG: src/lcthw/hashmap.c:Hashmap_get_node:205: TRY: 36
DEBUG: src/lcthw/hashmap.c:Hashmap_get_node:205: TRY: 37
DEBUG: src/lcthw/hashmap.c:Hashmap_get_node:205: TRY: 38
DEBUG: src/lcthw/hashmap.c:Hashmap_get_node:205: TRY: 39
DEBUG: src/lcthw/hashmap.c:Hashmap_get_node:205: TRY: 40
DEBUG: src/lcthw/hashmap.c:Hashmap_get_node:205: TRY: 41
DEBUG: src/lcthw/hashmap.c:Hashmap_get_node:205: TRY: 42
DEBUG: src/lcthw/hashmap.c:Hashmap_get_node:205: TRY: 43
DEBUG: src/lcthw/hashmap.c:Hashmap_get_node:205: TRY: 44
DEBUG: src/lcthw/hashmap.c:Hashmap_get_node:205: TRY: 45
DEBUG: src/lcthw/hashmap.c:Hashmap_get_node:205: TRY: 46
DEBUG: src/lcthw/hashmap.c:Hashmap_get_node:205: TRY: 47
DEBUG: src/lcthw/hashmap.c:Hashmap_get_node:205: TRY: 48
DEBUG: src/lcthw/hashmap.c:Hashmap_get_node:205: TRY: 49
DEBUG: src/lcthw/hashmap.c:Hashmap_get_node:205: TRY: 50
DEBUG: src/lcthw/hashmap.c:Hashmap_get_node:205: TRY: 51
DEBUG: src/lcthw/hashmap.c:Hashmap_get_node:205: TRY: 52
DEBUG: src/lcthw/hashmap.c:Hashmap_get_node:205: TRY: 53
DEBUG: src/lcthw/hashmap.c:Hashmap_get_node:205: TRY: 54
DEBUG: src/lcthw/hashmap.c:Hashmap_get_node:205: TRY: 55
DEBUG: src/lcthw/hashmap.c:Hashmap_get_node:205: TRY: 56
DEBUG: src/lcthw/hashmap.c:Hashmap_get_node:205: TRY: 57
DEBUG: src/lcthw/hashmap.c:Hashmap_get_node:205: TRY: 58
DEBUG: src/lcthw/hashmap.c:Hashmap_get_node:205: TRY: 59
DEBUG: src/lcthw/hashmap.c:Hashmap_get_node:205: TRY: 60
DEBUG: src/lcthw/hashmap.c:Hashmap_get_node:205: TRY: 61
DEBUG: src/lcthw/hashmap.c:Hashmap_get_node:205: TRY: 62
DEBUG: src/lcthw/hashmap.c:Hashmap_get_node:205: TRY: 63
DEBUG: src/lcthw/hashmap.c:Hashmap_get_node:205: TRY: 64
DEBUG: src/lcthw/hashmap.c:Hashmap_get_node:205: TRY: 65
DEBUG: src/lcthw/hashmap.c:Hashmap_get_node:205: TRY: 66
DEBUG: src/lcthw/hashmap.c:Hashmap_get_node:205: TRY: 67
DEBUG: src/lcthw/hashmap.c:Hashmap_get_node:205: TRY: 68
DEBUG: src/lcthw/hashmap.c:Hashmap_get_node:205: TRY: 69
DEBUG: src/lcthw/hashmap.c:Hashmap_get_node:205: TRY: 70
DEBUG: src/lcthw/hashmap.c:Hashmap_get_node:205: TRY: 71
DEBUG: src/lcthw/hashmap.c:Hashmap_get_node:205: TRY: 72
DEBUG: src/lcthw/hashmap.c:Hashmap_get_node:205: TRY: 73
DEBUG: src/lcthw/hashmap.c:Hashmap_get_node:205: TRY: 74
DEBUG: src/lcthw/hashmap.c:Hashmap_get_node:205: TRY: 75
DEBUG: src/lcthw/hashmap.c:Hashmap_get_node:205: TRY: 76
DEBUG: src/lcthw/hashmap.c:Hashmap_get_node:205: TRY: 77
DEBUG: src/lcthw/hashmap.c:Hashmap_get_node:205: TRY: 78
DEBUG: src/lcthw/hashmap.c:Hashmap_get_node:205: TRY: 79
DEBUG: src/lcthw/hashmap.c:Hashmap_get_node:205: TRY: 80
DEBUG: src/lcthw/hashmap.c:Hashmap_get_node:205: TRY: 0
DEBUG: src/lcthw/hashmap.c:Hashmap_get_node:205: TRY: 1
DEBUG: src/lcthw/hashmap.c:Hashmap_get_node:205: TRY: 2
DEBUG: src/lcthw/hashmap.c:Hashmap_get_node:205: TRY: 3
DEBUG: src/lcthw/hashmap.c:Hashmap_get_node:205: TRY: 4
DEBUG: src/lcthw/hashmap.c:Hashmap_get_node:205: TRY: 5
DEBUG: src/lcthw/hashmap.c:Hashmap_get_node:205: TRY: 6
DEBUG: src/lcthw/hashmap.c:Hashmap_get_node:205: TRY: 7
DEBUG: src/lcthw/hashmap.c:Hashmap_get_node:205: TRY: 8
DEBUG: src/lcthw/hashmap.c:Hashmap_get_node:205: TRY: 9
DEBUG: src/lcthw/hashmap.c:Hashmap_get_node:205: TRY: 10
DEBUG: src/lcthw/hashmap.c:Hashmap_get_node:205: TRY: 11
DEBUG: src/lcthw/hashmap.c:Hashmap_get_node:205: TRY: 12
DEBUG: src/lcthw/hashmap.c:Hashmap_get_node:205: TRY: 13
DEBUG: src/lcthw/hashmap.c:Hashmap_get_node:205: TRY: 14
DEBUG: src/lcthw/hashmap.c:Hashmap_get_node:205: TRY: 15
DEBUG: src/lcthw/hashmap.c:Hashmap_get_node:205: TRY: 16
DEBUG: src/lcthw/hashmap.c:Hashmap_get_node:205: TRY: 17
DEBUG: src/lcthw/hashmap.c:Hashmap_get_node:205: TRY: 18
DEBUG: src/lcthw/hashmap.c:Hashmap_get_node:205: TRY: 19
DEBUG: src/lcthw/hashmap.c:Hashmap_get_node:205: TRY: 20
DEBUG: src/lcthw/hashmap.c:Hashmap_get_node:205: TRY: 21
DEBUG: src/lcthw/hashmap.c:Hashmap_get_node:205: TRY: 22
DEBUG: src/lcthw/hashmap.c:Hashmap_get_node:205: TRY: 23
DEBUG: src/lcthw/hashmap.c:Hashmap_get_node:205: TRY: 24
DEBUG: src/lcthw/hashmap.c:Hashmap_get_node:205: TRY: 25
DEBUG: src/lcthw/hashmap.c:Hashmap_get_node:205: TRY: 26
DEBUG: src/lcthw/hashmap.c:Hashmap_get_node:205: TRY: 27
DEBUG: src/lcthw/hashmap.c:Hashmap_get_node:205: TRY: 28
DEBUG: src/lcthw/hashmap.c:Hashmap_get_node:205: TRY: 29
DEBUG: src/lcthw/hashmap.c:Hashmap_get_node:205: TRY: 30
DEBUG: src/lcthw/hashmap.c:Hashmap_get_node:205: TRY: 31
DEBUG: src/lcthw/hashmap.c:Hashmap_get_node:205: TRY: 32
DEBUG: src/lcthw/hashmap.c:Hashmap_get_node:205: TRY: 33
DEBUG: src/lcthw/hashmap.c:Hashmap_get_node:205: TRY: 34
DEBUG: src/lcthw/hashmap.c:Hashmap_get_node:205: TRY: 35
DEBUG: src/lcthw/hashmap.c:Hashmap_get_node:205: TRY: 36
DEBUG: src/lcthw/hashmap.c:Hashmap_get_node:205: TRY: 37
DEBUG: src/lcthw/hashmap.c:Hashmap_get_node:205: TRY: 38
DEBUG: src/lcthw/hashmap.c:Hashmap_get_node:205: TRY: 39
DEBUG: src/lcthw/hashmap.c:Hashmap_get_node:205: TRY: 40
DEBUG: src/lcthw/hashmap.c:Hashmap_get_node:205: TRY: 41
DEBUG: src/lcthw/hashmap.c:Hashmap_get_node:205: TRY: 42
DEBUG: src/lcthw/hashmap.c:Hashmap_get_node:205: TRY: 43
DEBUG: src/lcthw/hashmap.c:Hashmap_get_node:205: TRY: 44
DEBUG: src/lcthw/hashmap.c:Hashmap_get_node:205: TRY: 45
DEBUG: src/lcthw/hashmap.c:Hashmap_get_node:205: TRY: 46
DEBUG: src/lcthw/hashmap.c:Hashmap_get_node:205: TRY: 47
DEBUG: src/lcthw/hashmap.c:Hashmap_get_node:205: TRY: 48
DEBUG: src/lcthw/hashmap.c:Hashmap_get_node:205: TRY: 49
DEBUG: src/lcthw/hashmap.c:Hashmap_get_node:205: TRY: 50
DEBUG: src/lcthw/hashmap.c:Hashmap_get_node:205: TRY: 51
DEBUG: src/lcthw/hashmap.c:Hashmap_get_node:205: TRY: 52
DEBUG: src/lcthw/hashmap.c:Hashmap_get_node:205: TRY: 53
DEBUG: src/lcthw/hashmap.c:Hashmap_get_node:205: TRY: 54
DEBUG: src/lcthw/hashmap.c:Hashmap_get_node:205: TRY: 55
DEBUG: src/lcthw/hashmap.c:Hashmap_get_node:205: TRY: 56
DEBUG: src/lcthw/hashmap.c:Hashmap_get_node:205: TRY: 57
DEBUG: src/lcthw/hashmap.c:Hashmap_get_node:205: TRY: 58
DEBUG: src/lcthw/hashmap.c:Hashmap_get_node:205: TRY: 59
DEBUG: src/lcthw/hashmap.c:Hashmap_get_node:205: TRY: 60
DEBUG: src/lcthw/hashmap.c:Hashmap_get_node:205: TRY: 61
DEBUG: src/lcthw/hashmap.c:Hashmap_get_node:205: TRY: 62
DEBUG: src/lcthw/hashmap.c:Hashmap_get_node:205: TRY: 63
DEBUG: src/lcthw/hashmap.c:Hashmap_get_node:205: TRY: 64
DEBUG: src/lcthw/hashmap.c:Hashmap_get_node:205: TRY: 65
DEBUG: src/lcthw/hashmap.c:Hashmap_get_node:205: TRY: 66
DEBUG: src/lcthw/hashmap.c:Hashmap_get_node:205: TRY: 67
DEBUG: src/lcthw/hashmap.c:Hashmap_get_node:205: TRY: 68
DEBUG: src/lcthw/hashmap.c:Hashmap_get_node:205: TRY: 69
DEBUG: src/lcthw/hashmap.c:Hashmap_get_node:205: TRY: 70
DEBUG: src/lcthw/hashmap.c:Hashmap_get_node:205: TRY: 71
DEBUG: src/lcthw/hashmap.c:Hashmap_get_node:205: TRY: 72
DEBUG: src/lcthw/hashmap.c:Hashmap_get_node:205: TRY: 73
DEBUG: src/lcthw/hashmap.c:Hashmap_get_node:205: TRY: 74
DEBUG: src/lcthw/hashmap.c:Hashmap_get_node:205: TRY: 75
DEBUG: src/lcthw/hashmap.c:Hashmap_get_node:205: TRY: 76
DEBUG: src/lcthw/hashmap.c:Hashmap_get_node:205: TRY: 77
DEBUG: src/lcthw/hashmap.c:Hashmap_get_node:205: TRY: 78
DEBUG: src/lcthw/hashmap.c:Hashmap_get_node:205: TRY: 79
DEBUG: src/lcthw/hashmap.c:Hashmap_get_node:205: TRY: 80
DEBUG: src/lcthw/hashmap.c:Hashmap_get_node:205: TRY: 81
DEBUG: src/lcthw/hashmap.c:Hashmap_get_node:205: TRY: 82
DEBUG: src/lcthw/hashmap.c:Hashmap_get_node:205: TRY: 83
DEBUG: src/lcthw/hashmap.c:Hashmap_get_node:205: TRY: 84
DEBUG: src/lcthw/hashmap.c:Hashmap_get_node:205: TRY: 85
DEBUG: src/lcthw/hashmap.c:Hashmap_get_node:205: TRY: 86
DEBUG: src/lcthw/hashmap.c:Hashmap_get_node:205: TRY: 87
DEBUG: src/lcthw/hashmap.c:Hashmap_get_node:205: TRY: 88
DEBUG: src/lcthw/hashmap.c:Hashmap_get_node:205: TRY: 89
DEBUG: src/lcthw/hashmap.c:Hashmap_get_node:205: TRY: 90
DEBUG: src/lcthw/hashmap.c:Hashmap_get_node:205: TRY: 91
DEBUG: src/lcthw/hashmap.c:Hashmap_get_node:205: TRY: 92
DEBUG: src/lcthw/hashmap.c:Hashmap_get_node:205: TRY: 93
DEBUG: src/lcthw/hashmap.c:Hashmap_get_node:205: TRY: 94
DEBUG: src/lcthw/hashmap.c:Hashmap_get_node:205: TRY: 95
DEBUG: src/lcthw/hashmap.c:Hashmap_get_node:205: TRY: 96
DEBUG: src/lcthw/hashmap.c:Hashmap_get_node:205: TRY: 97
DEBUG: src/lcthw/hashmap.c:Hashmap_get_node:205: TRY: 98
DEBUG: src/lcthw/hashmap.c:Hashmap_get_node:205: TRY: 99
DEBUG: src/lcthw/hashmap.c:Hashmap_get_node:205: TRY: 100
DEBUG: src/lcthw/hashmap.c:Hashmap_get_node:205: TRY: 101
DEBUG: src/lcthw/hashmap.c:Hashmap_get_node:205: TRY: 102
DEBUG: src/lcthw/hashmap.c:Hashmap_get_node:205: TRY: 103
DEBUG: src/lcthw/hashmap.c:Hashmap_get_node:205: TRY: 104
DEBUG: src/lcthw/hashmap.c:Hashmap_get_node:205: TRY: 0
DEBUG: src/lcthw/hashmap.c:Hashmap_get_node:205: TRY: 1
DEBUG: src/lcthw/hashmap.c:Hashmap_get_node:205: TRY: 2
DEBUG: src/lcthw/hashmap.c:Hashmap_get_node:205: TRY: 3
DEBUG: src/lcthw/hashmap.c:Hashmap_get_node:205: TRY: 4
DEBUG: src/lcthw/hashmap.c:Hashmap_get_node:205: TRY: 5
DEBUG: src/lcthw/hashmap.c:Hashmap_get_node:205: TRY: 6
DEBUG: src/lcthw/hashmap.c:Hashmap_get_node:205: TRY: 7
DEBUG: src/lcthw/hashmap.c:Hashmap_get_node:205: TRY: 8
DEBUG: src/lcthw/hashmap.c:Hashmap_get_node:205: TRY: 9
DEBUG: src/lcthw/hashmap.c:Hashmap_get_node:205: TRY: 10
DEBUG: src/lcthw/hashmap.c:Hashmap_get_node:205: TRY: 11
DEBUG: src/lcthw/hashmap.c:Hashmap_get_node:205: TRY: 12
DEBUG: src/lcthw/hashmap.c:Hashmap_get_node:205: TRY: 13
DEBUG: src/lcthw/hashmap.c:Hashmap_get_node:205: TRY: 14
DEBUG: src/lcthw/hashmap.c:Hashmap_get_node:205: TRY: 15
DEBUG: src/lcthw/hashmap.c:Hashmap_get_node:205: TRY: 16
DEBUG: src/lcthw/hashmap.c:Hashmap_get_node:205: TRY: 17
DEBUG: src/lcthw/hashmap.c:Hashmap_get_node:205: TRY: 18
DEBUG: src/lcthw/hashmap.c:Hashmap_get_node:205: TRY: 19
DEBUG: src/lcthw/hashmap.c:Hashmap_get_node:205: TRY: 20
DEBUG: src/lcthw/hashmap.c:Hashmap_get_node:205: TRY: 21
DEBUG: src/lcthw/hashmap.c:Hashmap_get_node:205: TRY: 22
DEBUG: src/lcthw/hashmap.c:Hashmap_get_node:205: TRY: 23
DEBUG: src/lcthw/hashmap.c:Hashmap_get_node:205: TRY: 24
DEBUG: src/lcthw/hashmap.c:Hashmap_get_node:205: TRY: 25
DEBUG: src/lcthw/hashmap.c:Hashmap_get_node:205: TRY: 26
DEBUG: src/lcthw/hashmap.c:Hashmap_get_node:205: TRY: 27
DEBUG: src/lcthw/hashmap.c:Hashmap_get_node:205: TRY: 28
DEBUG: src/lcthw/hashmap.c:Hashmap_get_node:205: TRY: 29
DEBUG: src/lcthw/hashmap.c:Hashmap_get_node:205: TRY: 30
DEBUG: src/lcthw/hashmap.c:Hashmap_get_node:205: TRY: 31
DEBUG: src/lcthw/hashmap.c:Hashmap_get_node:205: TRY: 32
DEBUG: src/lcthw/hashmap.c:Hashmap_get_node:205: TRY: 33
DEBUG: src/lcthw/hashmap.c:Hashmap_get_node:205: TRY: 34
DEBUG: src/lcthw/hashmap.c:Hashmap_get_node:205: TRY: 35
DEBUG: src/lcthw/hashmap.c:Hashmap_get_node:205: TRY: 36
DEBUG: src/lcthw/hashmap.c:Hashmap_get_node:205: TRY: 37
DEBUG: src/lcthw/hashmap.c:Hashmap_get_node:205: TRY: 38
DEBUG: src/lcthw/hashmap.c:Hashmap_get_node:205: TRY: 39
DEBUG: src/lcthw/hashmap.c:Hashmap_get_node:205: TRY: 40
DEBUG: src/lcthw/hashmap.c:Hashmap_get_node:205: TRY: 41
DEBUG: src/lcthw/hashmap.c:Hashmap_get_node:205: TRY: 42
DEBUG: src/lcthw/hashmap.c:Hashmap_get_node:205: TRY: 43
DEBUG: src/lcthw/hashmap.c:Hashmap_get_node:205: TRY: 44
DEBUG: src/lcthw/hashmap.c:Hashmap_get_node:205: TRY: 45
DEBUG: src/lcthw/hashmap.c:Hashmap_get_node:205: TRY: 46
DEBUG: src/lcthw/hashmap.c:Hashmap_get_node:205: TRY: 47
DEBUG: src/lcthw/hashmap.c:Hashmap_get_node:205: TRY: 48
DEBUG: src/lcthw/hashmap.c:Hashmap_get_node:205: TRY: 49
DEBUG: src/lcthw/hashmap.c:Hashmap_get_node:205: TRY: 50
DEBUG: src/lcthw/hashmap.c:Hashmap_get_node:205: TRY: 51
DEBUG: src/lcthw/hashmap.c:Hashmap_get_node:205: TRY: 52
DEBUG: src/lcthw/hashmap.c:Hashmap_get_node:205: TRY: 53
DEBUG: src/lcthw/hashmap.c:Hashmap_get_node:205: TRY: 54
DEBUG: src/lcthw/hashmap.c:Hashmap_get_node:205: TRY: 55
DEBUG: src/lcthw/hashmap.c:Hashmap_get_node:205: TRY: 56
DEBUG: src/lcthw/hashmap.c:Hashmap_get_node:205: TRY: 57
DEBUG: src/lcthw/hashmap.c:Hashmap_get_node:205: TRY: 58
DEBUG: src/lcthw/hashmap.c:Hashmap_get_node:205: TRY: 59
DEBUG: src/lcthw/hashmap.c:Hashmap_get_node:205: TRY: 60
DEBUG: src/lcthw/hashmap.c:Hashmap_get_node:205: TRY: 61
DEBUG: src/lcthw/hashmap.c:Hashmap_get_node:205: TRY: 62
DEBUG: src/lcthw/hashmap.c:Hashmap_get_node:205: TRY: 63
DEBUG: src/lcthw/hashmap.c:Hashmap_get_node:205: TRY: 64
DEBUG: src/lcthw/hashmap.c:Hashmap_get_node:205: TRY: 65
DEBUG: src/lcthw/hashmap.c:Hashmap_get_node:205: TRY: 66
DEBUG: src/lcthw/hashmap.c:Hashmap_get_node:205: TRY: 67
DEBUG: src/lcthw/hashmap.c:Hashmap_get_node:205: TRY: 68
DEBUG: src/lcthw/hashmap.c:Hashmap_get_node:205: TRY: 69
DEBUG: src/lcthw/hashmap.c:Hashmap_get_node:205: TRY: 70
DEBUG: src/lcthw/hashmap.c:Hashmap_get_node:205: TRY: 71
DEBUG: src/lcthw/hashmap.c:Hashmap_get_node:205: TRY: 72
DEBUG: src/lcthw/hashmap.c:Hashmap_get_node:205: TRY: 0
DEBUG: src/lcthw/hashmap.c:Hashmap_get_node:205: TRY: 1
DEBUG: src/lcthw/hashmap.c:Hashmap_get_node:205: TRY: 2
DEBUG: src/lcthw/hashmap.c:Hashmap_get_node:205: TRY: 3
DEBUG: src/lcthw/hashmap.c:Hashmap_get_node:205: TRY: 4
DEBUG: src/lcthw/hashmap.c:Hashmap_get_node:205: TRY: 5
DEBUG: src/lcthw/hashmap.c:Hashmap_get_node:205: TRY: 6
DEBUG: src/lcthw/hashmap.c:Hashmap_get_node:205: TRY: 7
DEBUG: src/lcthw/hashmap.c:Hashmap_get_node:205: TRY: 8
DEBUG: src/lcthw/hashmap.c:Hashmap_get_node:205: TRY: 9
DEBUG: src/lcthw/hashmap.c:Hashmap_get_node:205: TRY: 10
DEBUG: src/lcthw/hashmap.c:Hashmap_get_node:205: TRY: 11
DEBUG: src/lcthw/hashmap.c:Hashmap_get_node:205: TRY: 12
DEBUG: src/lcthw/hashmap.c:Hashmap_get_node:205: TRY: 13
DEBUG: src/lcthw/hashmap.c:Hashmap_get_node:205: TRY: 14
DEBUG: src/lcthw/hashmap.c:Hashmap_get_node:205: TRY: 15
DEBUG: src/lcthw/hashmap.c:Hashmap_get_node:205: TRY: 16
DEBUG: src/lcthw/hashmap.c:Hashmap_get_node:205: TRY: 17
DEBUG: src/lcthw/hashmap.c:Hashmap_get_node:205: TRY: 18
DEBUG: src/lcthw/hashmap.c:Hashmap_get_node:205: TRY: 19
DEBUG: src/lcthw/hashmap.c:Hashmap_get_node:205: TRY: 20
DEBUG: src/lcthw/hashmap.c:Hashmap_get_node:205: TRY: 21
DEBUG: src/lcthw/hashmap.c:Hashmap_get_node:205: TRY: 22
DEBUG: src/lcthw/hashmap.c:Hashmap_get_node:205: TRY: 23
DEBUG: src/lcthw/hashmap.c:Hashmap_get_node:205: TRY: 24
DEBUG: src/lcthw/hashmap.c:Hashmap_get_node:205: TRY: 25
DEBUG: src/lcthw/hashmap.c:Hashmap_get_node:205: TRY: 26
DEBUG: src/lcthw/hashmap.c:Hashmap_get_node:205: TRY: 27
DEBUG: src/lcthw/hashmap.c:Hashmap_get_node:205: TRY: 28
DEBUG: src/lcthw/hashmap.c:Hashmap_get_node:205: TRY: 29
DEBUG: src/lcthw/hashmap.c:Hashmap_get_node:205: TRY: 30
DEBUG: src/lcthw/hashmap.c:Hashmap_get_node:205: TRY: 31
DEBUG: src/lcthw/hashmap.c:Hashmap_get_node:205: TRY: 32
DEBUG: src/lcthw/hashmap.c:Hashmap_get_node:205: TRY: 33
DEBUG: src/lcthw/hashmap.c:Hashmap_get_node:205: TRY: 34
DEBUG: src/lcthw/hashmap.c:Hashmap_get_node:205: TRY: 35
DEBUG: src/lcthw/hashmap.c:Hashmap_get_node:205: TRY: 36
DEBUG: src/lcthw/hashmap.c:Hashmap_get_node:205: TRY: 37
DEBUG: src/lcthw/hashmap.c:Hashmap_get_node:205: TRY: 38
DEBUG: src/lcthw/hashmap.c:Hashmap_get_node:205: TRY: 39
DEBUG: src/lcthw/hashmap.c:Hashmap_get_node:205: TRY: 40
DEBUG: src/lcthw/hashmap.c:Hashmap_get_node:205: TRY: 41
DEBUG: src/lcthw/hashmap.c:Hashmap_get_node:205: TRY: 42
DEBUG: src/lcthw/hashmap.c:Hashmap_get_node:205: TRY: 43
DEBUG: src/lcthw/hashmap.c:Hashmap_get_node:205: TRY: 44
DEBUG: src/lcthw/hashmap.c:Hashmap_get_node:205: TRY: 45
DEBUG: src/lcthw/hashmap.c:Hashmap_get_node:205: TRY: 46
DEBUG: src/lcthw/hashmap.c:Hashmap_get_node:205: TRY: 47
DEBUG: src/lcthw/hashmap.c:Hashmap_get_node:205: TRY: 48
DEBUG: src/lcthw/hashmap.c:Hashmap_get_node:205: TRY: 49
DEBUG: src/lcthw/hashmap.c:Hashmap_get_node:205: TRY: 50
DEBUG: src/lcthw/hashmap.c:Hashmap_get_node:205: TRY: 51
DEBUG: src/lcthw/hashmap.c:Hashmap_get_node:205: TRY: 52
DEBUG: src/lcthw/hashmap.c:Hashmap_get_node:205: TRY: 53
DEBUG: src/lcthw/hashmap.c:Hashmap_get_node:205: TRY: 54
DEBUG: src/lcthw/hashmap.c:Hashmap_get_node:205: TRY: 55
DEBUG: src/lcthw/hashmap.c:Hashmap_get_node:205: TRY: 56
DEBUG: src/lcthw/hashmap.c:Hashmap_get_node:205: TRY: 57
DEBUG: src/lcthw/hashmap.c:Hashmap_get_node:205: TRY: 58
DEBUG: src/lcthw/hashmap.c:Hashmap_get_node:205: TRY: 59
DEBUG: src/lcthw/hashmap.c:Hashmap_get_node:205: TRY: 60
DEBUG: src/lcthw/hashmap.c:Hashmap_get_node:205: TRY: 61
DEBUG: src/lcthw/hashmap.c:Hashmap_get_node:205: TRY: 62
DEBUG: src/lcthw/hashmap.c:Hashmap_get_node:205: TRY: 63
DEBUG: src/lcthw/hashmap.c:Hashmap_get_node:205: TRY: 64
DEBUG: src/lcthw/hashmap.c:Hashmap_get_node:205: TRY: 65
DEBUG: src/lcthw/hashmap.c:Hashmap_get_node:205: TRY: 66
DEBUG: src/lcthw/hashmap.c:Hashmap_get_node:205: TRY: 67
DEBUG: src/lcthw/hashmap.c:Hashmap_get_node:205: TRY: 68
DEBUG: src/lcthw/hashmap.c:Hashmap_get_node:205: TRY: 69
DEBUG: src/lcthw/hashmap.c:Hashmap_get_node:205: TRY: 70
DEBUG: src/lcthw/hashmap.c:Hashmap_get_node:205: TRY: 71
DEBUG: src/lcthw/hashmap.c:Hashmap_get_node:205: TRY: 72
DEBUG: src/lcthw/hashmap.c:Hashmap_get_node:205: TRY: 73
DEBUG: src/lcthw/hashmap.c:Hashmap_get_node:205: TRY: 74
DEBUG: src/lcthw/hashmap.c:Hashmap_get_node:205: TRY: 75
DEBUG: src/lcthw/hashmap.c:Hashmap_get_node:205: TRY: 76
DEBUG: src/lcthw/hashmap.c:Hashmap_get_node:205: TRY: 77
DEBUG: src/lcthw/hashmap.c:Hashmap_get_node:205: TRY: 78
DEBUG: src/lcthw/hashmap.c:Hashmap_get_node:205: TRY: 79
DEBUG: src/lcthw/hashmap.c:Hashmap_get_node:205: TRY: 80
DEBUG: src/lcthw/hashmap.c:Hashmap_get_node:205: TRY: 81
DEBUG: src/lcthw/hashmap.c:Hashmap_get_node:205: TRY: 0
DEBUG: src/lcthw/hashmap.c:Hashmap_get_node:205: TRY: 1
DEBUG: src/lcthw/hashmap.c:Hashmap_get_node:205: TRY: 2
DEBUG: src/lcthw/hashmap.c:Hashmap_get_node:205: TRY: 3
DEBUG: src/lcthw/hashmap.c:Hashmap_get_node:205: TRY: 4
DEBUG: src/lcthw/hashmap.c:Hashmap_get_node:205: TRY: 5
DEBUG: src/lcthw/hashmap.c:Hashmap_get_node:205: TRY: 6
DEBUG: src/lcthw/hashmap.c:Hashmap_get_node:205: TRY: 7
DEBUG: src/lcthw/hashmap.c:Hashmap_get_node:205: TRY: 8
DEBUG: src/lcthw/hashmap.c:Hashmap_get_node:205: TRY: 9
DEBUG: src/lcthw/hashmap.c:Hashmap_get_node:205: TRY: 10
DEBUG: src/lcthw/hashmap.c:Hashmap_get_node:205: TRY: 11
DEBUG: src/lcthw/hashmap.c:Hashmap_get_node:205: TRY: 12
DEBUG: src/lcthw/hashmap.c:Hashmap_get_node:205: TRY: 13
DEBUG: src/lcthw/hashmap.c:Hashmap_get_node:205: TRY: 14
DEBUG: src/lcthw/hashmap.c:Hashmap_get_node:205: TRY: 15
DEBUG: src/lcthw/hashmap.c:Hashmap_get_node:205: TRY: 16
DEBUG: src/lcthw/hashmap.c:Hashmap_get_node:205: TRY: 17
DEBUG: src/lcthw/hashmap.c:Hashmap_get_node:205: TRY: 18
DEBUG: src/lcthw/hashmap.c:Hashmap_get_node:205: TRY: 19
DEBUG: src/lcthw/hashmap.c:Hashmap_get_node:205: TRY: 20
DEBUG: src/lcthw/hashmap.c:Hashmap_get_node:205: TRY: 21
DEBUG: src/lcthw/hashmap.c:Hashmap_get_node:205: TRY: 22
DEBUG: src/lcthw/hashmap.c:Hashmap_get_node:205: TRY: 23
DEBUG: src/lcthw/hashmap.c:Hashmap_get_node:205: TRY: 24
DEBUG: src/lcthw/hashmap.c:Hashmap_get_node:205: TRY: 25
DEBUG: src/lcthw/hashmap.c:Hashmap_get_node:205: TRY: 26
DEBUG: src/lcthw/hashmap.c:Hashmap_get_node:205: TRY: 27
DEBUG: src/lcthw/hashmap.c:Hashmap_get_node:205: TRY: 28
DEBUG: src/lcthw/hashmap.c:Hashmap_get_node:205: TRY: 29
DEBUG: src/lcthw/hashmap.c:Hashmap_get_node:205: TRY: 30
DEBUG: src/lcthw/hashmap.c:Hashmap_get_node:205: TRY: 31
DEBUG: src/lcthw/hashmap.c:Hashmap_get_node:205: TRY: 32
DEBUG: src/lcthw/hashmap.c:Hashmap_get_node:205: TRY: 33
DEBUG: src/lcthw/hashmap.c:Hashmap_get_node:205: TRY: 34
DEBUG: src/lcthw/hashmap.c:Hashmap_get_node:205: TRY: 35
DEBUG: src/lcthw/hashmap.c:Hashmap_get_node:205: TRY: 36
DEBUG: src/lcthw/hashmap.c:Hashmap_get_node:205: TRY: 37
DEBUG: src/lcthw/hashmap.c:Hashmap_get_node:205: TRY: 38
DEBUG: src/lcthw/hashmap.c:Hashmap_get_node:205: TRY: 39
DEBUG: src/lcthw/hashmap.c:Hashmap_get_node:205: TRY: 40
DEBUG: src/lcthw/hashmap.c:Hashmap_get_node:205: TRY: 41
DEBUG: src/lcthw/hashmap.c:Hashmap_get_node:205: TRY: 42
DEBUG: src/lcthw/hashmap.c:Hashmap_get_node:205: TRY: 43
DEBUG: src/lcthw/hashmap.c:Hashmap_get_node:205: TRY: 44
DEBUG: src/lcthw/hashmap.c:Hashmap_get_node:205: TRY: 45
DEBUG: src/lcthw/hashmap.c:Hashmap_get_node:205: TRY: 46
DEBUG: src/lcthw/hashmap.c:Hashmap_get_node:205: TRY: 47
DEBUG: src/lcthw/hashmap.c:Hashmap_get_node:205: TRY: 48
DEBUG: src/lcthw/hashmap.c:Hashmap_get_node:205: TRY: 49
DEBUG: src/lcthw/hashmap.c:Hashmap_get_node:205: TRY: 50
DEBUG: src/lcthw/hashmap.c:Hashmap_get_node:205: TRY: 51
DEBUG: src/lcthw/hashmap.c:Hashmap_get_node:205: TRY: 52
DEBUG: src/lcthw/hashmap.c:Hashmap_get_node:205: TRY: 53
DEBUG: src/lcthw/hashmap.c:Hashmap_get_node:205: TRY: 54
DEBUG: src/lcthw/hashmap.c:Hashmap_get_node:205: TRY: 55
DEBUG: src/lcthw/hashmap.c:Hashmap_get_node:205: TRY: 56
DEBUG: src/lcthw/hashmap.c:Hashmap_get_node:205: TRY: 57
DEBUG: src/lcthw/hashmap.c:Hashmap_get_node:205: TRY: 58
DEBUG: src/lcthw/hashmap.c:Hashmap_get_node:205: TRY: 59
DEBUG: src/lcthw/hashmap.c:Hashmap_get_node:205: TRY: 60
DEBUG: src/lcthw/hashmap.c:Hashmap_get_node:205: TRY: 61
DEBUG: src/lcthw/hashmap.c:Hashmap_get_node:205: TRY: 62
DEBUG: src/lcthw/hashmap.c:Hashmap_get_node:205: TRY: 63
DEBUG: src/lcthw/hashmap.c:Hashmap_get_node:205: TRY: 64
DEBUG: src/lcthw/hashmap.c:Hashmap_get_node:205: TRY: 65
DEBUG: src/lcthw/hashmap.c:Hashmap_get_node:205: TRY: 66
DEBUG: src/lcthw/hashmap.c:Hashmap_get_node:205: TRY: 67
DEBUG: src/lcthw/hashmap.c:Hashmap_get_node:205: TRY: 68
DEBUG: src/lcthw/hashmap.c:Hashmap_get_node:205: TRY: 69
DEBUG: src/lcthw/hashmap.c:Hashmap_get_node:205: TRY: 70
DEBUG: src/lcthw/hashmap.c:Hashmap_get_node:205: TRY: 71
DEBUG: src/lcthw/hashmap.c:Hashmap_get_node:205: TRY: 72
DEBUG: src/lcthw/hashmap.c:Hashmap_get_node:205: TRY: 73
DEBUG: src/lcthw/hashmap.c:Hashmap_get_node:205: TRY: 74
DEBUG: src/lcthw/hashmap.c:Hashmap_get_node:205: TRY: 75
DEBUG: src/lcthw/hashmap.c:Hashmap_get_node:205: TRY: 76
DEBUG: src/lcthw/hashmap.c:Hashmap_get_node:205: TRY: 77
DEBUG: src/lcthw/hashmap.c:Hashmap_get_node:205: TRY: 78
DEBUG: src/lcthw/hashmap.c:Hashmap_get_node:205: TRY: 79
DEBUG: src/lcthw/hashmap.c:Hashmap_get_node:205: TRY: 80
DEBUG: src/lcthw/hashmap.c:Hashmap_get_node:205: TRY: 81
DEBUG: src/lcthw/hashmap.c:Hashmap_get_node:205: TRY: 82
DEBUG: src/lcthw/hashmap.c:Hashmap_get_node:205: TRY: 0
DEBUG: src/lcthw/hashmap.c:Hashmap_get_node:205: TRY: 1
DEBUG: src/lcthw/hashmap.c:Hashmap_get_node:205: TRY: 2
DEBUG: src/lcthw/hashmap.c:Hashmap_get_node:205: TRY: 3
DEBUG: src/lcthw/hashmap.c:Hashmap_get_node:205: TRY: 4
DEBUG: src/lcthw/hashmap.c:Hashmap_get_node:205: TRY: 5
DEBUG: src/lcthw/hashmap.c:Hashmap_get_node:205: TRY: 6
DEBUG: src/lcthw/hashmap.c:Hashmap_get_node:205: TRY: 7
DEBUG: src/lcthw/hashmap.c:Hashmap_get_node:205: TRY: 8
DEBUG: src/lcthw/hashmap.c:Hashmap_get_node:205: TRY: 9
DEBUG: src/lcthw/hashmap.c:Hashmap_get_node:205: TRY: 10
DEBUG: src/lcthw/hashmap.c:Hashmap_get_node:205: TRY: 11
DEBUG: src/lcthw/hashmap.c:Hashmap_get_node:205: TRY: 12
DEBUG: src/lcthw/hashmap.c:Hashmap_get_node:205: TRY: 13
DEBUG: src/lcthw/hashmap.c:Hashmap_get_node:205: TRY: 14
DEBUG: src/lcthw/hashmap.c:Hashmap_get_node:205: TRY: 15
DEBUG: src/lcthw/hashmap.c:Hashmap_get_node:205: TRY: 16
DEBUG: src/lcthw/hashmap.c:Hashmap_get_node:205: TRY: 17
DEBUG: src/lcthw/hashmap.c:Hashmap_get_node:205: TRY: 18
DEBUG: src/lcthw/hashmap.c:Hashmap_get_node:205: TRY: 19
DEBUG: src/lcthw/hashmap.c:Hashmap_get_node:205: TRY: 20
DEBUG: src/lcthw/hashmap.c:Hashmap_get_node:205: TRY: 21
DEBUG: src/lcthw/hashmap.c:Hashmap_get_node:205: TRY: 22
DEBUG: src/lcthw/hashmap.c:Hashmap_get_node:205: TRY: 23
DEBUG: src/lcthw/hashmap.c:Hashmap_get_node:205: TRY: 24
DEBUG: src/lcthw/hashmap.c:Hashmap_get_node:205: TRY: 25
DEBUG: src/lcthw/hashmap.c:Hashmap_get_node:205: TRY: 26
DEBUG: src/lcthw/hashmap.c:Hashmap_get_node:205: TRY: 27
DEBUG: src/lcthw/hashmap.c:Hashmap_get_node:205: TRY: 28
DEBUG: src/lcthw/hashmap.c:Hashmap_get_node:205: TRY: 29
DEBUG: src/lcthw/hashmap.c:Hashmap_get_node:205: TRY: 30
DEBUG: src/lcthw/hashmap.c:Hashmap_get_node:205: TRY: 31
DEBUG: src/lcthw/hashmap.c:Hashmap_get_node:205: TRY: 32
DEBUG: src/lcthw/hashmap.c:Hashmap_get_node:205: TRY: 33
DEBUG: src/lcthw/hashmap.c:Hashmap_get_node:205: TRY: 34
DEBUG: src/lcthw/hashmap.c:Hashmap_get_node:205: TRY: 35
DEBUG: src/lcthw/hashmap.c:Hashmap_get_node:205: TRY: 36
DEBUG: src/lcthw/hashmap.c:Hashmap_get_node:205: TRY: 37
DEBUG: src/lcthw/hashmap.c:Hashmap_get_node:205: TRY: 38
DEBUG: src/lcthw/hashmap.c:Hashmap_get_node:205: TRY: 39
DEBUG: src/lcthw/hashmap.c:Hashmap_get_node:205: TRY: 40
DEBUG: src/lcthw/hashmap.c:Hashmap_get_node:205: TRY: 41
DEBUG: src/lcthw/hashmap.c:Hashmap_get_node:205: TRY: 42
DEBUG: src/lcthw/hashmap.c:Hashmap_get_node:205: TRY: 43
DEBUG: src/lcthw/hashmap.c:Hashmap_get_node:205: TRY: 44
DEBUG: src/lcthw/hashmap.c:Hashmap_get_node:205: TRY: 45
DEBUG: src/lcthw/hashmap.c:Hashmap_get_node:205: TRY: 46
DEBUG: src/lcthw/hashmap.c:Hashmap_get_node:205: TRY: 47
DEBUG: src/lcthw/hashmap.c:Hashmap_get_node:205: TRY: 48
DEBUG: src/lcthw/hashmap.c:Hashmap_get_node:205: TRY: 49
DEBUG: src/lcthw/hashmap.c:Hashmap_get_node:205: TRY: 50
DEBUG: src/lcthw/hashmap.c:Hashmap_get_node:205: TRY: 51
DEBUG: src/lcthw/hashmap.c:Hashmap_get_node:205: TRY: 52
DEBUG: src/lcthw/hashmap.c:Hashmap_get_node:205: TRY: 53
DEBUG: src/lcthw/hashmap.c:Hashmap_get_node:205: TRY: 54
DEBUG: src/lcthw/hashmap.c:Hashmap_get_node:205: TRY: 55
DEBUG: src/lcthw/hashmap.c:Hashmap_get_node:205: TRY: 56
DEBUG: src/lcthw/hashmap.c:Hashmap_get_node:205: TRY: 57
DEBUG: src/lcthw/hashmap.c:Hashmap_get_node:205: TRY: 58
DEBUG: src/lcthw/hashmap.c:Hashmap_get_node:205: TRY: 59
DEBUG: src/lcthw/hashmap.c:Hashmap_get_node:205: TRY: 60
DEBUG: src/lcthw/hashmap.c:Hashmap_get_node:205: TRY: 61
DEBUG: src/lcthw/hashmap.c:Hashmap_get_node:205: TRY: 62
DEBUG: src/lcthw/hashmap.c:Hashmap_get_node:205: TRY: 63
DEBUG: src/lcthw/hashmap.c:Hashmap_get_node:205: TRY: 64
DEBUG: src/lcthw/hashmap.c:Hashmap_get_node:205: TRY: 65
DEBUG: src/lcthw/hashmap.c:Hashmap_get_node:205: TRY: 66
DEBUG: src/lcthw/hashmap.c:Hashmap_get_node:205: TRY: 67
DEBUG: src/lcthw/hashmap.c:Hashmap_get_node:205: TRY: 68
DEBUG: src/lcthw/hashmap.c:Hashmap_get_node:205: TRY: 69
DEBUG: src/lcthw/hashmap.c:Hashmap_get_node:205: TRY: 70
DEBUG: src/lcthw/hashmap.c:Hashmap_get_node:205: TRY: 71
DEBUG: src/lcthw/hashmap.c:Hashmap_get_node:205: TRY: 72
DEBUG: src/lcthw/hashmap.c:Hashmap_get_node:205: TRY: 73
DEBUG: src/lcthw/hashmap.c:Hashmap_get_node:205: TRY: 74
DEBUG: src/lcthw/hashmap.c:Hashmap_get_node:205: TRY: 75
DEBUG: src/lcthw/hashmap.c:Hashmap_get_node:205: TRY: 76
DEBUG: src/lcthw/hashmap.c:Hashmap_get_node:205: TRY: 77
DEBUG: src/lcthw/hashmap.c:Hashmap_get_node:205: TRY: 0
DEBUG: src/lcthw/hashmap.c:Hashmap_get_node:205: TRY: 1
DEBUG: src/lcthw/hashmap.c:Hashmap_get_node:205: TRY: 2
DEBUG: src/lcthw/hashmap.c:Hashmap_get_node:205: TRY: 3
DEBUG: src/lcthw/hashmap.c:Hashmap_get_node:205: TRY: 4
DEBUG: src/lcthw/hashmap.c:Hashmap_get_node:205: TRY: 5
DEBUG: src/lcthw/hashmap.c:Hashmap_get_node:205: TRY: 6
DEBUG: src/lcthw/hashmap.c:Hashmap_get_node:205: TRY: 7
DEBUG: src/lcthw/hashmap.c:Hashmap_get_node:205: TRY: 8
DEBUG: src/lcthw/hashmap.c:Hashmap_get_node:205: TRY: 9
DEBUG: src/lcthw/hashmap.c:Hashmap_get_node:205: TRY: 10
DEBUG: src/lcthw/hashmap.c:Hashmap_get_node:205: TRY: 11
DEBUG: src/lcthw/hashmap.c:Hashmap_get_node:205: TRY: 12
DEBUG: src/lcthw/hashmap.c:Hashmap_get_node:205: TRY: 13
DEBUG: src/lcthw/hashmap.c:Hashmap_get_node:205: TRY: 14
DEBUG: src/lcthw/hashmap.c:Hashmap_get_node:205: TRY: 15
DEBUG: src/lcthw/hashmap.c:Hashmap_get_node:205: TRY: 16
DEBUG: src/lcthw/hashmap.c:Hashmap_get_node:205: TRY: 17
DEBUG: src/lcthw/hashmap.c:Hashmap_get_node:205: TRY: 18
DEBUG: src/lcthw/hashmap.c:Hashmap_get_node:205: TRY: 19
DEBUG: src/lcthw/hashmap.c:Hashmap_get_node:205: TRY: 20
DEBUG: src/lcthw/hashmap.c:Hashmap_get_node:205: TRY: 21
DEBUG: src/lcthw/hashmap.c:Hashmap_get_node:205: TRY: 22
DEBUG: src/lcthw/hashmap.c:Hashmap_get_node:205: TRY: 23
DEBUG: src/lcthw/hashmap.c:Hashmap_get_node:205: TRY: 24
DEBUG: src/lcthw/hashmap.c:Hashmap_get_node:205: TRY: 25
DEBUG: src/lcthw/hashmap.c:Hashmap_get_node:205: TRY: 26
DEBUG: src/lcthw/hashmap.c:Hashmap_get_node:205: TRY: 27
DEBUG: src/lcthw/hashmap.c:Hashmap_get_node:205: TRY: 28
DEBUG: src/lcthw/hashmap.c:Hashmap_get_node:205: TRY: 29
DEBUG: src/lcthw/hashmap.c:Hashmap_get_node:205: TRY: 30
DEBUG: src/lcthw/hashmap.c:Hashmap_get_node:205: TRY: 31
DEBUG: src/lcthw/hashmap.c:Hashmap_get_node:205: TRY: 32
DEBUG: src/lcthw/hashmap.c:Hashmap_get_node:205: TRY: 33
DEBUG: src/lcthw/hashmap.c:Hashmap_get_node:205: TRY: 34
DEBUG: src/lcthw/hashmap.c:Hashmap_get_node:205: TRY: 35
DEBUG: src/lcthw/hashmap.c:Hashmap_get_node:205: TRY: 36
DEBUG: src/lcthw/hashmap.c:Hashmap_get_node:205: TRY: 37
DEBUG: src/lcthw/hashmap.c:Hashmap_get_node:205: TRY: 38
DEBUG: src/lcthw/hashmap.c:Hashmap_get_node:205: TRY: 39
DEBUG: src/lcthw/hashmap.c:Hashmap_get_node:205: TRY: 40
DEBUG: src/lcthw/hashmap.c:Hashmap_get_node:205: TRY: 41
DEBUG: src/lcthw/hashmap.c:Hashmap_get_node:205: TRY: 42
DEBUG: src/lcthw/hashmap.c:Hashmap_get_node:205: TRY: 43
DEBUG: src/lcthw/hashmap.c:Hashmap_get_node:205: TRY: 44
DEBUG: src/lcthw/hashmap.c:Hashmap_get_node:205: TRY: 45
DEBUG: src/lcthw/hashmap.c:Hashmap_get_node:205: TRY: 46
DEBUG: src/lcthw/hashmap.c:Hashmap_get_node:205: TRY: 47
DEBUG: src/lcthw/hashmap.c:Hashmap_get_node:205: TRY: 48
DEBUG: src/lcthw/hashmap.c:Hashmap_get_node:205: TRY: 49
DEBUG: src/lcthw/hashmap.c:Hashmap_get_node:205: TRY: 50
DEBUG: src/lcthw/hashmap.c:Hashmap_get_node:205: TRY: 51
DEBUG: src/lcthw/hashmap.c:Hashmap_get_node:205: TRY: 52
DEBUG: src/lcthw/hashmap.c:Hashmap_get_node:205: TRY: 53
DEBUG: src/lcthw/hashmap.c:Hashmap_get_node:205: TRY: 54
DEBUG: src/lcthw/hashmap.c:Hashmap_get_node:205: TRY: 55
DEBUG: src/lcthw/hashmap.c:Hashmap_get_node:205: TRY: 56
DEBUG: src/lcthw/hashmap.c:Hashmap_get_node:205: TRY: 57
DEBUG: src/lcthw/hashmap.c:Hashmap_get_node:205: TRY: 58
DEBUG: src/lcthw/hashmap.c:Hashmap_get_node:205: TRY: 59
DEBUG: src/lcthw/hashmap.c:Hashmap_get_node:205: TRY: 60
DEBUG: src/lcthw/hashmap.c:Hashmap_get_node:205: TRY: 61
DEBUG: src/lcthw/hashmap.c:Hashmap_get_node:205: TRY: 62
DEBUG: src/lcthw/hashmap.c:Hashmap_get_node:205: TRY: 63
DEBUG: src/lcthw/hashmap.c:Hashmap_get_node:205: TRY: 64
DEBUG: src/lcthw/hashmap.c:Hashmap_get_node:205: TRY: 65
DEBUG: src/lcthw/hashmap.c:Hashmap_get_node:205: TRY: 66
DEBUG: src/lcthw/hashmap.c:Hashmap_get_node:205: TRY: 67
DEBUG: src/lcthw/hashmap.c:Hashmap_get_node:205: TRY: 68
DEBUG: src/lcthw/hashmap.c:Hashmap_get_node:205: TRY: 69
DEBUG: src/lcthw/hashmap.c:Hashmap_get_node:205: TRY: 70
DEBUG: src/lcthw/hashmap.c:Hashmap_get_node:205: TRY: 71
DEBUG: src/lcthw/hashmap.c:Hashmap_get_node:205: TRY: 72
DEBUG: src/lcthw/hashmap.c:Hashmap_get_node:205: TRY: 73
DEBUG: src/lcthw/hashmap.c:Hashmap_get_node:205: TRY: 74
DEBUG: src/lcthw/hashmap.c:Hashmap_get_node:205: TRY: 75
DEBUG: src/lcthw/hashmap.c:Hashmap_get_node:205: TRY: 76
DEBUG: src/lcthw/hashmap.c:Hashmap_get_node:205: TRY: 77
DEBUG: src/lcthw/hashmap.c:Hashmap_get_node:205: TRY: 78
DEBUG: src/lcthw/hashmap.c:Hashmap_get_node:205: TRY: 79
DEBUG: src/lcthw/hashmap.c:Hashmap_get_node:205: TRY: 80
DEBUG: src/lcthw/hashmap.c:Hashmap_get_node:205: TRY: 81
DEBUG: src/lcthw/hashmap.c:Hashmap_get_node:205: TRY: 82
DEBUG: src/lcthw/hashmap.c:Hashmap_get_node:205: TRY: 83
DEBUG: src/lcthw/hashmap.c:Hashmap_get_node:205: TRY: 84
DEBUG: src/lcthw/hashmap.c:Hashmap_get_node:205: TRY: 85
DEBUG: src/lcthw/hashmap.c:Hashmap_get_node:205: TRY: 86
DEBUG: src/lcthw/hashmap.c:Hashmap_get_node:205: TRY: 87
DEBUG: src/lcthw/hashmap.c:Hashmap_get_node:205: TRY: 88
DEBUG: src/lcthw/hashmap.c:Hashmap_get_node:205: TRY: 89
DEBUG: src/lcthw/hashmap.c:Hashmap_get_node:205: TRY: 90
DEBUG: src/lcthw/hashmap.c:Hashmap_get_node:205: TRY: 91
DEBUG: src/lcthw/hashmap.c:Hashmap_get_node:205: TRY: 92
DEBUG: src/lcthw/hashmap.c:Hashmap_get_node:205: TRY: 93
DEBUG: src/lcthw/hashmap.c:Hashmap_get_node:205: TRY: 94
DEBUG: src/lcthw/hashmap.c:Hashmap_get_node:205: TRY: 95
DEBUG: src/lcthw/hashmap.c:Hashmap_get_node:205: TRY: 96
DEBUG: src/lcthw/hashmap.c:Hashmap_get_node:205: TRY: 97
DEBUG: src/lcthw/hashmap.c:Hashmap_get_node:205: TRY: 98
DEBUG: src/lcthw/hashmap.c:Hashmap_get_node:205: TRY: 99
DEBUG: src/lcthw/hashmap.c:Hashmap_get_node:205: TRY: 100
DEBUG: src/lcthw/hashmap.c:Hashmap_get_node:205: TRY: 101
DEBUG: src/lcthw/hashmap.c:Hashmap_get_node:205: TRY: 102
DEBUG: src/lcthw/hashmap.c:Hashmap_get_node:205: TRY: 103
DEBUG: src/lcthw/hashmap.c:Hashmap_get_node:205: TRY: 104
DEBUG: src/lcthw/hashmap.c:Hashmap_get_node:205: TRY: 105
DEBUG: src/lcthw/hashmap.c:Hashmap_get_node:205: TRY: 0
DEBUG: src/lcthw/hashmap.c:Hashmap_get_node:205: TRY: 1
DEBUG: src/lcthw/hashmap.c:Hashmap_get_node:205: TRY: 2
DEBUG: src/lcthw/hashmap.c:Hashmap_get_node:205: TRY: 3
DEBUG: src/lcthw/hashmap.c:Hashmap_get_node:205: TRY: 4
DEBUG: src/lcthw/hashmap.c:Hashmap_get_node:205: TRY: 5
DEBUG: src/lcthw/hashmap.c:Hashmap_get_node:205: TRY: 6
DEBUG: src/lcthw/hashmap.c:Hashmap_get_node:205: TRY: 7
DEBUG: src/lcthw/hashmap.c:Hashmap_get_node:205: TRY: 8
DEBUG: src/lcthw/hashmap.c:Hashmap_get_node:205: TRY: 9
DEBUG: src/lcthw/hashmap.c:Hashmap_get_node:205: TRY: 10
DEBUG: src/lcthw/hashmap.c:Hashmap_get_node:205: TRY: 11
DEBUG: src/lcthw/hashmap.c:Hashmap_get_node:205: TRY: 12
DEBUG: src/lcthw/hashmap.c:Hashmap_get_node:205: TRY: 13
DEBUG: src/lcthw/hashmap.c:Hashmap_get_node:205: TRY: 14
DEBUG: src/lcthw/hashmap.c:Hashmap_get_node:205: TRY: 15
DEBUG: src/lcthw/hashmap.c:Hashmap_get_node:205: TRY: 16
DEBUG: src/lcthw/hashmap.c:Hashmap_get_node:205: TRY: 17
DEBUG: src/lcthw/hashmap.c:Hashmap_get_node:205: TRY: 18
DEBUG: src/lcthw/hashmap.c:Hashmap_get_node:205: TRY: 19
DEBUG: src/lcthw/hashmap.c:Hashmap_get_node:205: TRY: 20
DEBUG: src/lcthw/hashmap.c:Hashmap_get_node:205: TRY: 21
DEBUG: src/lcthw/hashmap.c:Hashmap_get_node:205: TRY: 22
DEBUG: src/lcthw/hashmap.c:Hashmap_get_node:205: TRY: 23
DEBUG: src/lcthw/hashmap.c:Hashmap_get_node:205: TRY: 24
DEBUG: src/lcthw/hashmap.c:Hashmap_get_node:205: TRY: 25
DEBUG: src/lcthw/hashmap.c:Hashmap_get_node:205: TRY: 26
DEBUG: src/lcthw/hashmap.c:Hashmap_get_node:205: TRY: 27
DEBUG: src/lcthw/hashmap.c:Hashmap_get_node:205: TRY: 28
DEBUG: src/lcthw/hashmap.c:Hashmap_get_node:205: TRY: 29
DEBUG: src/lcthw/hashmap.c:Hashmap_get_node:205: TRY: 30
DEBUG: src/lcthw/hashmap.c:Hashmap_get_node:205: TRY: 31
DEBUG: src/lcthw/hashmap.c:Hashmap_get_node:205: TRY: 32
DEBUG: src/lcthw/hashmap.c:Hashmap_get_node:205: TRY: 33
DEBUG: src/lcthw/hashmap.c:Hashmap_get_node:205: TRY: 34
DEBUG: src/lcthw/hashmap.c:Hashmap_get_node:205: TRY: 35
DEBUG: src/lcthw/hashmap.c:Hashmap_get_node:205: TRY: 36
DEBUG: src/lcthw/hashmap.c:Hashmap_get_node:205: TRY: 37
DEBUG: src/lcthw/hashmap.c:Hashmap_get_node:205: TRY: 38
DEBUG: src/lcthw/hashmap.c:Hashmap_get_node:205: TRY: 39
DEBUG: src/lcthw/hashmap.c:Hashmap_get_node:205: TRY: 40
DEBUG: src/lcthw/hashmap.c:Hashmap_get_node:205: TRY: 41
DEBUG: src/lcthw/hashmap.c:Hashmap_get_node:205: TRY: 42
DEBUG: src/lcthw/hashmap.c:Hashmap_get_node:205: TRY: 43
DEBUG: src/lcthw/hashmap.c:Hashmap_get_node:205: TRY: 44
DEBUG: src/lcthw/hashmap.c:Hashmap_get_node:205: TRY: 45
DEBUG: src/lcthw/hashmap.c:Hashmap_get_node:205: TRY: 46
DEBUG: src/lcthw/hashmap.c:Hashmap_get_node:205: TRY: 47
DEBUG: src/lcthw/hashmap.c:Hashmap_get_node:205: TRY: 48
DEBUG: src/lcthw/hashmap.c:Hashmap_get_node:205: TRY: 49
DEBUG: src/lcthw/hashmap.c:Hashmap_get_node:205: TRY: 50
DEBUG: src/lcthw/hashmap.c:Hashmap_get_node:205: TRY: 51
DEBUG: src/lcthw/hashmap.c:Hashmap_get_node:205: TRY: 52
DEBUG: src/lcthw/hashmap.c:Hashmap_get_node:205: TRY: 53
DEBUG: src/lcthw/hashmap.c:Hashmap_get_node:205: TRY: 54
DEBUG: src/lcthw/hashmap.c:Hashmap_get_node:205: TRY: 55
DEBUG: src/lcthw/hashmap.c:Hashmap_get_node:205: TRY: 56
DEBUG: src/lcthw/hashmap.c:Hashmap_get_node:205: TRY: 57
DEBUG: src/lcthw/hashmap.c:Hashmap_get_node:205: TRY: 58
DEBUG: src/lcthw/hashmap.c:Hashmap_get_node:205: TRY: 59
DEBUG: src/lcthw/hashmap.c:Hashmap_get_node:205: TRY: 60
DEBUG: src/lcthw/hashmap.c:Hashmap_get_node:205: TRY: 61
DEBUG: src/lcthw/hashmap.c:Hashmap_get_node:205: TRY: 62
DEBUG: src/lcthw/hashmap.c:Hashmap_get_node:205: TRY: 63
DEBUG: src/lcthw/hashmap.c:Hashmap_get_node:205: TRY: 64
DEBUG: src/lcthw/hashmap.c:Hashmap_get_node:205: TRY: 65
DEBUG: src/lcthw/hashmap.c:Hashmap_get_node:205: TRY: 66
DEBUG: src/lcthw/hashmap.c:Hashmap_get_node:205: TRY: 67
DEBUG: src/lcthw/hashmap.c:Hashmap_get_node:205: TRY: 68
DEBUG: src/lcthw/hashmap.c:Hashmap_get_node:205: TRY: 69
DEBUG: src/lcthw/hashmap.c:Hashmap_get_node:205: TRY: 70
DEBUG: src/lcthw/hashmap.c:Hashmap_get_node:205: TRY: 71
DEBUG: src/lcthw/hashmap.c:Hashmap_get_node:205: TRY: 72
DEBUG: src/lcthw/hashmap.c:Hashmap_get_node:205: TRY: 73
DEBUG: src/lcthw/hashmap.c:Hashmap_get_node:205: TRY: 74
DEBUG: src/lcthw/hashmap.c:Hashmap_get_node:205: TRY: 0
DEBUG: src/lcthw/hashmap.c:Hashmap_get_node:205: TRY: 1
DEBUG: src/lcthw/hashmap.c:Hashmap_get_node:205: TRY: 2
DEBUG: src/lcthw/hashmap.c:Hashmap_get_node:205: TRY: 3
DEBUG: src/lcthw/hashmap.c:Hashmap_get_node:205: TRY: 4
DEBUG: src/lcthw/hashmap.c:Hashmap_get_node:205: TRY: 5
DEBUG: src/lcthw/hashmap.c:Hashmap_get_node:205: TRY: 6
DEBUG: src/lcthw/hashmap.c:Hashmap_get_node:205: TRY: 7
DEBUG: src/lcthw/hashmap.c:Hashmap_get_node:205: TRY: 8
DEBUG: src/lcthw/hashmap.c:Hashmap_get_node:205: TRY: 9
DEBUG: src/lcthw/hashmap.c:Hashmap_get_node:205: TRY: 10
DEBUG: src/lcthw/hashmap.c:Hashmap_get_node:205: TRY: 11
DEBUG: src/lcthw/hashmap.c:Hashmap_get_node:205: TRY: 12
DEBUG: src/lcthw/hashmap.c:Hashmap_get_node:205: TRY: 13
DEBUG: src/lcthw/hashmap.c:Hashmap_get_node:205: TRY: 14
DEBUG: src/lcthw/hashmap.c:Hashmap_get_node:205: TRY: 15
DEBUG: src/lcthw/hashmap.c:Hashmap_get_node:205: TRY: 16
DEBUG: src/lcthw/hashmap.c:Hashmap_get_node:205: TRY: 17
DEBUG: src/lcthw/hashmap.c:Hashmap_get_node:205: TRY: 18
DEBUG: src/lcthw/hashmap.c:Hashmap_get_node:205: TRY: 19
DEBUG: src/lcthw/hashmap.c:Hashmap_get_node:205: TRY: 20
DEBUG: src/lcthw/hashmap.c:Hashmap_get_node:205: TRY: 21
DEBUG: src/lcthw/hashmap.c:Hashmap_get_node:205: TRY: 22
DEBUG: src/lcthw/hashmap.c:Hashmap_get_node:205: TRY: 23
DEBUG: src/lcthw/hashmap.c:Hashmap_get_node:205: TRY: 24
DEBUG: src/lcthw/hashmap.c:Hashmap_get_node:205: TRY: 25
DEBUG: src/lcthw/hashmap.c:Hashmap_get_node:205: TRY: 26
DEBUG: src/lcthw/hashmap.c:Hashmap_get_node:205: TRY: 27
DEBUG: src/lcthw/hashmap.c:Hashmap_get_node:205: TRY: 28
DEBUG: src/lcthw/hashmap.c:Hashmap_get_node:205: TRY: 29
DEBUG: src/lcthw/hashmap.c:Hashmap_get_node:205: TRY: 30
DEBUG: src/lcthw/hashmap.c:Hashmap_get_node:205: TRY: 31
DEBUG: src/lcthw/hashmap.c:Hashmap_get_node:205: TRY: 32
DEBUG: src/lcthw/hashmap.c:Hashmap_get_node:205: TRY: 33
DEBUG: src/lcthw/hashmap.c:Hashmap_get_node:205: TRY: 34
DEBUG: src/lcthw/hashmap.c:Hashmap_get_node:205: TRY: 35
DEBUG: src/lcthw/hashmap.c:Hashmap_get_node:205: TRY: 36
DEBUG: src/lcthw/hashmap.c:Hashmap_get_node:205: TRY: 37
DEBUG: src/lcthw/hashmap.c:Hashmap_get_node:205: TRY: 38
DEBUG: src/lcthw/hashmap.c:Hashmap_get_node:205: TRY: 39
DEBUG: src/lcthw/hashmap.c:Hashmap_get_node:205: TRY: 40
DEBUG: src/lcthw/hashmap.c:Hashmap_get_node:205: TRY: 41
DEBUG: src/lcthw/hashmap.c:Hashmap_get_node:205: TRY: 42
DEBUG: src/lcthw/hashmap.c:Hashmap_get_node:205: TRY: 43
DEBUG: src/lcthw/hashmap.c:Hashmap_get_node:205: TRY: 44
DEBUG: src/lcthw/hashmap.c:Hashmap_get_node:205: TRY: 45
DEBUG: src/lcthw/hashmap.c:Hashmap_get_node:205: TRY: 46
DEBUG: src/lcthw/hashmap.c:Hashmap_get_node:205: TRY: 47
DEBUG: src/lcthw/hashmap.c:Hashmap_get_node:205: TRY: 48
DEBUG: src/lcthw/hashmap.c:Hashmap_get_node:205: TRY: 49
DEBUG: src/lcthw/hashmap.c:Hashmap_get_node:205: TRY: 50
DEBUG: src/lcthw/hashmap.c:Hashmap_get_node:205: TRY: 51
DEBUG: src/lcthw/hashmap.c:Hashmap_get_node:205: TRY: 52
DEBUG: src/lcthw/hashmap.c:Hashmap_get_node:205: TRY: 53
DEBUG: src/lcthw/hashmap.c:Hashmap_get_node:205: TRY: 54
DEBUG: src/lcthw/hashmap.c:Hashmap_get_node:205: TRY: 55
DEBUG: src/lcthw/hashmap.c:Hashmap_get_node:205: TRY: 56
DEBUG: src/lcthw/hashmap.c:Hashmap_get_node:205: TRY: 57
DEBUG: src/lcthw/hashmap.c:Hashmap_get_node:205: TRY: 58
DEBUG: src/lcthw/hashmap.c:Hashmap_get_node:205: TRY: 59
DEBUG: src/lcthw/hashmap.c:Hashmap_get_node:205: TRY: 60
DEBUG: src/lcthw/hashmap.c:Hashmap_get_node:205: TRY: 61
DEBUG: src/lcthw/hashmap.c:Hashmap_get_node:205: TRY: 62
DEBUG: src/lcthw/hashmap.c:Hashmap_get_node:205: TRY: 63
DEBUG: src/lcthw/hashmap.c:Hashmap_get_node:205: TRY: 64
DEBUG: src/lcthw/hashmap.c:Hashmap_get_node:205: TRY: 65
DEBUG: src/lcthw/hashmap.c:Hashmap_get_node:205: TRY: 66
DEBUG: src/lcthw/hashmap.c:Hashmap_get_node:205: TRY: 67
DEBUG: src/lcthw/hashmap.c:Hashmap_get_node:205: TRY: 68
DEBUG: src/lcthw/hashmap.c:Hashmap_get_node:205: TRY: 69
DEBUG: src/lcthw/hashmap.c:Hashmap_get_node:205: TRY: 70
DEBUG: src/lcthw/hashmap.c:Hashmap_get_node:205: TRY: 71
DEBUG: src/lcthw/hashmap.c:Hashmap_get_node:205: TRY: 72
DEBUG: src/lcthw/hashmap.c:Hashmap_get_node:205: TRY: 73
DEBUG: src/lcthw/hashmap.c:Hashmap_get_node:205: TRY: 74
DEBUG: src/lcthw/hashmap.c:Hashmap_get_node:205: TRY: 75
DEBUG: src/lcthw/hashmap.c:Hashmap_get_node:205: TRY: 0
DEBUG: src/lcthw/hashmap.c:Hashmap_get_node:205: TRY: 1
DEBUG: src/lcthw/hashmap.c:Hashmap_get_node:205: TRY: 2
DEBUG: src/lcthw/hashmap.c:Hashmap_get_node:205: TRY: 3
DEBUG: src/lcthw/hashmap.c:Hashmap_get_node:205: TRY: 4
DEBUG: src/lcthw/hashmap.c:Hashmap_get_node:205: TRY: 5
DEBUG: src/lcthw/hashmap.c:Hashmap_get_node:205: TRY: 6
DEBUG: src/lcthw/hashmap.c:Hashmap_get_node:205: TRY: 7
DEBUG: src/lcthw/hashmap.c:Hashmap_get_node:205: TRY: 8
DEBUG: src/lcthw/hashmap.c:Hashmap_get_node:205: TRY: 9
DEBUG: src/lcthw/hashmap.c:Hashmap_get_node:205: TRY: 10
DEBUG: src/lcthw/hashmap.c:Hashmap_get_node:205: TRY: 11
DEBUG: src/lcthw/hashmap.c:Hashmap_get_node:205: TRY: 12
DEBUG: src/lcthw/hashmap.c:Hashmap_get_node:205: TRY: 13
DEBUG: src/lcthw/hashmap.c:Hashmap_get_node:205: TRY: 14
DEBUG: src/lcthw/hashmap.c:Hashmap_get_node:205: TRY: 15
DEBUG: src/lcthw/hashmap.c:Hashmap_get_node:205: TRY: 16
DEBUG: src/lcthw/hashmap.c:Hashmap_get_node:205: TRY: 17
DEBUG: src/lcthw/hashmap.c:Hashmap_get_node:205: TRY: 18
DEBUG: src/lcthw/hashmap.c:Hashmap_get_node:205: TRY: 19
DEBUG: src/lcthw/hashmap.c:Hashmap_get_node:205: TRY: 20
DEBUG: src/lcthw/hashmap.c:Hashmap_get_node:205: TRY: 21
DEBUG: src/lcthw/hashmap.c:Hashmap_get_node:205: TRY: 22
DEBUG: src/lcthw/hashmap.c:Hashmap_get_node:205: TRY: 23
DEBUG: src/lcthw/hashmap.c:Hashmap_get_node:205: TRY: 24
DEBUG: src/lcthw/hashmap.c:Hashmap_get_node:205: TRY: 25
DEBUG: src/lcthw/hashmap.c:Hashmap_get_node:205: TRY: 26
DEBUG: src/lcthw/hashmap.c:Hashmap_get_node:205: TRY: 27
DEBUG: src/lcthw/hashmap.c:Hashmap_get_node:205: TRY: 28
DEBUG: src/lcthw/hashmap.c:Hashmap_get_node:205: TRY: 29
DEBUG: src/lcthw/hashmap.c:Hashmap_get_node:205: TRY: 30
DEBUG: src/lcthw/hashmap.c:Hashmap_get_node:205: TRY: 31
DEBUG: src/lcthw/hashmap.c:Hashmap_get_node:205: TRY: 32
DEBUG: src/lcthw/hashmap.c:Hashmap_get_node:205: TRY: 33
DEBUG: src/lcthw/hashmap.c:Hashmap_get_node:205: TRY: 34
DEBUG: src/lcthw/hashmap.c:Hashmap_get_node:205: TRY: 35
DEBUG: src/lcthw/hashmap.c:Hashmap_get_node:205: TRY: 36
DEBUG: src/lcthw/hashmap.c:Hashmap_get_node:205: TRY: 37
DEBUG: src/lcthw/hashmap.c:Hashmap_get_node:205: TRY: 38
DEBUG: src/lcthw/hashmap.c:Hashmap_get_node:205: TRY: 39
DEBUG: src/lcthw/hashmap.c:Hashmap_get_node:205: TRY: 40
DEBUG: src/lcthw/hashmap.c:Hashmap_get_node:205: TRY: 41
DEBUG: src/lcthw/hashmap.c:Hashmap_get_node:205: TRY: 42
DEBUG: src/lcthw/hashmap.c:Hashmap_get_node:205: TRY: 43
DEBUG: src/lcthw/hashmap.c:Hashmap_get_node:205: TRY: 44
DEBUG: src/lcthw/hashmap.c:Hashmap_get_node:205: TRY: 45
DEBUG: src/lcthw/hashmap.c:Hashmap_get_node:205: TRY: 46
DEBUG: src/lcthw/hashmap.c:Hashmap_get_node:205: TRY: 47
DEBUG: src/lcthw/hashmap.c:Hashmap_get_node:205: TRY: 48
DEBUG: src/lcthw/hashmap.c:Hashmap_get_node:205: TRY: 49
DEBUG: src/lcthw/hashmap.c:Hashmap_get_node:205: TRY: 50
DEBUG: src/lcthw/hashmap.c:Hashmap_get_node:205: TRY: 51
DEBUG: src/lcthw/hashmap.c:Hashmap_get_node:205: TRY: 52
DEBUG: src/lcthw/hashmap.c:Hashmap_get_node:205: TRY: 53
DEBUG: src/lcthw/hashmap.c:Hashmap_get_node:205: TRY: 54
DEBUG: src/lcthw/hashmap.c:Hashmap_get_node:205: TRY: 55
DEBUG: src/lcthw/hashmap.c:Hashmap_get_node:205: TRY: 56
DEBUG: src/lcthw/hashmap.c:Hashmap_get_node:205: TRY: 57
DEBUG: src/lcthw/hashmap.c:Hashmap_get_node:205: TRY: 58
DEBUG: src/lcthw/hashmap.c:Hashmap_get_node:205: TRY: 59
DEBUG: src/lcthw/hashmap.c:Hashmap_get_node:205: TRY: 60
DEBUG: src/lcthw/hashmap.c:Hashmap_get_node:205: TRY: 61
DEBUG: src/lcthw/hashmap.c:Hashmap_get_node:205: TRY: 62
DEBUG: src/lcthw/hashmap.c:Hashmap_get_node:205: TRY: 63
DEBUG: src/lcthw/hashmap.c:Hashmap_get_node:205: TRY: 64
DEBUG: src/lcthw/hashmap.c:Hashmap_get_node:205: TRY: 65
DEBUG: src/lcthw/hashmap.c:Hashmap_get_node:205: TRY: 66
DEBUG: src/lcthw/hashmap.c:Hashmap_get_node:205: TRY: 67
DEBUG: src/lcthw/hashmap.c:Hashmap_get_node:205: TRY: 68
DEBUG: src/lcthw/hashmap.c:Hashmap_get_node:205: TRY: 69
DEBUG: src/lcthw/hashmap.c:Hashmap_get_node:205: TRY: 70
DEBUG: src/lcthw/hashmap.c:Hashmap_get_node:205: TRY: 71
DEBUG: src/lcthw/hashmap.c:Hashmap_get_node:205: TRY: 72
DEBUG: src/lcthw/hashmap.c:Hashmap_get_node:205: TRY: 73
DEBUG: src/lcthw/hashmap.c:Hashmap_get_node:205: TRY: 74
DEBUG: src/lcthw/hashmap.c:Hashmap_get_node:205: TRY: 75
DEBUG: src/lcthw/hashmap.c:Hashmap_get_node:205: TRY: 76
DEBUG: src/lcthw/hashmap.c:Hashmap_get_node:205: TRY: 77
DEBUG: src/lcthw/hashmap.c:Hashmap_get_node:205: TRY: 78
DEBUG: src/lcthw/hashmap.c:Hashmap_get_node:205: TRY: 79
DEBUG: src/lcthw/hashmap.c:Hashmap_get_node:205: TRY: 80
DEBUG: src/lcthw/hashmap.c:Hashmap_get_node:205: TRY: 81
DEBUG: src/lcthw/hashmap.c:Hashmap_get_node:205: TRY: 82
DEBUG: src/lcthw/hashmap.c:Hashmap_get_node:205: TRY: 83
DEBUG: src/lcthw/hashmap.c:Hashmap_get_node:205: TRY: 0
DEBUG: src/lcthw/hashmap.c:Hashmap_get_node:205: TRY: 1
DEBUG: src/lcthw/hashmap.c:Hashmap_get_node:205: TRY: 2
DEBUG: src/lcthw/hashmap.c:Hashmap_get_node:205: TRY: 3
DEBUG: src/lcthw/hashmap.c:Hashmap_get_node:205: TRY: 4
DEBUG: src/lcthw/hashmap.c:Hashmap_get_node:205: TRY: 5
DEBUG: src/lcthw/hashmap.c:Hashmap_get_node:205: TRY: 6
DEBUG: src/lcthw/hashmap.c:Hashmap_get_node:205: TRY: 7
DEBUG: src/lcthw/hashmap.c:Hashmap_get_node:205: TRY: 8
DEBUG: src/lcthw/hashmap.c:Hashmap_get_node:205: TRY: 9
DEBUG: src/lcthw/hashmap.c:Hashmap_get_node:205: TRY: 10
DEBUG: src/lcthw/hashmap.c:Hashmap_get_node:205: TRY: 11
DEBUG: src/lcthw/hashmap.c:Hashmap_get_node:205: TRY: 12
DEBUG: src/lcthw/hashmap.c:Hashmap_get_node:205: TRY: 13
DEBUG: src/lcthw/hashmap.c:Hashmap_get_node:205: TRY: 14
DEBUG: src/lcthw/hashmap.c:Hashmap_get_node:205: TRY: 15
DEBUG: src/lcthw/hashmap.c:Hashmap_get_node:205: TRY: 16
DEBUG: src/lcthw/hashmap.c:Hashmap_get_node:205: TRY: 17
DEBUG: src/lcthw/hashmap.c:Hashmap_get_node:205: TRY: 18
DEBUG: src/lcthw/hashmap.c:Hashmap_get_node:205: TRY: 19
DEBUG: src/lcthw/hashmap.c:Hashmap_get_node:205: TRY: 20
DEBUG: src/lcthw/hashmap.c:Hashmap_get_node:205: TRY: 21
DEBUG: src/lcthw/hashmap.c:Hashmap_get_node:205: TRY: 22
DEBUG: src/lcthw/hashmap.c:Hashmap_get_node:205: TRY: 23
DEBUG: src/lcthw/hashmap.c:Hashmap_get_node:205: TRY: 24
DEBUG: src/lcthw/hashmap.c:Hashmap_get_node:205: TRY: 25
DEBUG: src/lcthw/hashmap.c:Hashmap_get_node:205: TRY: 26
DEBUG: src/lcthw/hashmap.c:Hashmap_get_node:205: TRY: 27
DEBUG: src/lcthw/hashmap.c:Hashmap_get_node:205: TRY: 28
DEBUG: src/lcthw/hashmap.c:Hashmap_get_node:205: TRY: 29
DEBUG: src/lcthw/hashmap.c:Hashmap_get_node:205: TRY: 30
DEBUG: src/lcthw/hashmap.c:Hashmap_get_node:205: TRY: 31
DEBUG: src/lcthw/hashmap.c:Hashmap_get_node:205: TRY: 32
DEBUG: src/lcthw/hashmap.c:Hashmap_get_node:205: TRY: 33
DEBUG: src/lcthw/hashmap.c:Hashmap_get_node:205: TRY: 34
DEBUG: src/lcthw/hashmap.c:Hashmap_get_node:205: TRY: 35
DEBUG: src/lcthw/hashmap.c:Hashmap_get_node:205: TRY: 36
DEBUG: src/lcthw/hashmap.c:Hashmap_get_node:205: TRY: 37
DEBUG: src/lcthw/hashmap.c:Hashmap_get_node:205: TRY: 38
DEBUG: src/lcthw/hashmap.c:Hashmap_get_node:205: TRY: 39
DEBUG: src/lcthw/hashmap.c:Hashmap_get_node:205: TRY: 40
DEBUG: src/lcthw/hashmap.c:Hashmap_get_node:205: TRY: 41
DEBUG: src/lcthw/hashmap.c:Hashmap_get_node:205: TRY: 42
DEBUG: src/lcthw/hashmap.c:Hashmap_get_node:205: TRY: 43
DEBUG: src/lcthw/hashmap.c:Hashmap_get_node:205: TRY: 44
DEBUG: src/lcthw/hashmap.c:Hashmap_get_node:205: TRY: 45
DEBUG: src/lcthw/hashmap.c:Hashmap_get_node:205: TRY: 46
DEBUG: src/lcthw/hashmap.c:Hashmap_get_node:205: TRY: 47
DEBUG: src/lcthw/hashmap.c:Hashmap_get_node:205: TRY: 48
DEBUG: src/lcthw/hashmap.c:Hashmap_get_node:205: TRY: 49
DEBUG: src/lcthw/hashmap.c:Hashmap_get_node:205: TRY: 50
DEBUG: src/lcthw/hashmap.c:Hashmap_get_node:205: TRY: 51
DEBUG: src/lcthw/hashmap.c:Hashmap_get_node:205: TRY: 52
DEBUG: src/lcthw/hashmap.c:Hashmap_get_node:205: TRY: 53
DEBUG: src/lcthw/hashmap.c:Hashmap_get_node:205: TRY: 54
DEBUG: src/lcthw/hashmap.c:Hashmap_get_node:205: TRY: 55
DEBUG: src/lcthw/hashmap.c:Hashmap_get_node:205: TRY: 56
DEBUG: src/lcthw/hashmap.c:Hashmap_get_node:205: TRY: 57
DEBUG: src/lcthw/hashmap.c:Hashmap_get_node:205: TRY: 58
DEBUG: src/lcthw/hashmap.c:Hashmap_get_node:205: TRY: 59
DEBUG: src/lcthw/hashmap.c:Hashmap_get_node:205: TRY: 60
DEBUG: src/lcthw/hashmap.c:Hashmap_get_node:205: TRY: 61
DEBUG: src/lcthw/hashmap.c:Hashmap_get_node:205: TRY: 62
DEBUG: src/lcthw/hashmap.c:Hashmap_get_node:205: TRY: 63
DEBUG: src/lcthw/hashmap.c:Hashmap_get_node:205: TRY: 64
DEBUG: src/lcthw/hashmap.c:Hashmap_get_node:205: TRY: 65
DEBUG: src/lcthw/hashmap.c:Hashmap_get_node:205: TRY: 66
DEBUG: src/lcthw/hashmap.c:Hashmap_get_node:205: TRY: 67
DEBUG: src/lcthw/hashmap.c:Hashmap_get_node:205: TRY: 68
DEBUG: src/lcthw/hashmap.c:Hashmap_get_node:205: TRY: 69
DEBUG: src/lcthw/hashmap.c:Hashmap_get_node:205: TRY: 70
DEBUG: src/lcthw/hashmap.c:Hashmap_get_node:205: TRY: 71
DEBUG: src/lcthw/hashmap.c:Hashmap_get_node:205: TRY: 72
DEBUG: src/lcthw/hashmap.c:Hashmap_get_node:205: TRY: 73
DEBUG: src/lcthw/hashmap.c:Hashmap_get_node:205: TRY: 0
DEBUG: src/lcthw/hashmap.c:Hashmap_get_node:205: TRY: 1
DEBUG: src/lcthw/hashmap.c:Hashmap_get_node:205: TRY: 2
DEBUG: src/lcthw/hashmap.c:Hashmap_get_node:205: TRY: 3
DEBUG: src/lcthw/hashmap.c:Hashmap_get_node:205: TRY: 4
DEBUG: src/lcthw/hashmap.c:Hashmap_get_node:205: TRY: 5
DEBUG: src/lcthw/hashmap.c:Hashmap_get_node:205: TRY: 6
DEBUG: src/lcthw/hashmap.c:Hashmap_get_node:205: TRY: 7
DEBUG: src/lcthw/hashmap.c:Hashmap_get_node:205: TRY: 8
DEBUG: src/lcthw/hashmap.c:Hashmap_get_node:205: TRY: 9
DEBUG: src/lcthw/hashmap.c:Hashmap_get_node:205: TRY: 10
DEBUG: src/lcthw/hashmap.c:Hashmap_get_node:205: TRY: 11
DEBUG: src/lcthw/hashmap.c:Hashmap_get_node:205: TRY: 12
DEBUG: src/lcthw/hashmap.c:Hashmap_get_node:205: TRY: 13
DEBUG: src/lcthw/hashmap.c:Hashmap_get_node:205: TRY: 14
DEBUG: src/lcthw/hashmap.c:Hashmap_get_node:205: TRY: 15
DEBUG: src/lcthw/hashmap.c:Hashmap_get_node:205: TRY: 16
DEBUG: src/lcthw/hashmap.c:Hashmap_get_node:205: TRY: 17
DEBUG: src/lcthw/hashmap.c:Hashmap_get_node:205: TRY: 18
DEBUG: src/lcthw/hashmap.c:Hashmap_get_node:205: TRY: 19
DEBUG: src/lcthw/hashmap.c:Hashmap_get_node:205: TRY: 20
DEBUG: src/lcthw/hashmap.c:Hashmap_get_node:205: TRY: 21
DEBUG: src/lcthw/hashmap.c:Hashmap_get_node:205: TRY: 22
DEBUG: src/lcthw/hashmap.c:Hashmap_get_node:205: TRY: 23
DEBUG: src/lcthw/hashmap.c:Hashmap_get_node:205: TRY: 24
DEBUG: src/lcthw/hashmap.c:Hashmap_get_node:205: TRY: 25
DEBUG: src/lcthw/hashmap.c:Hashmap_get_node:205: TRY: 26
DEBUG: src/lcthw/hashmap.c:Hashmap_get_node:205: TRY: 27
DEBUG: src/lcthw/hashmap.c:Hashmap_get_node:205: TRY: 28
DEBUG: src/lcthw/hashmap.c:Hashmap_get_node:205: TRY: 29
DEBUG: src/lcthw/hashmap.c:Hashmap_get_node:205: TRY: 30
DEBUG: src/lcthw/hashmap.c:Hashmap_get_node:205: TRY: 31
DEBUG: src/lcthw/hashmap.c:Hashmap_get_node:205: TRY: 32
DEBUG: src/lcthw/hashmap.c:Hashmap_get_node:205: TRY: 33
DEBUG: src/lcthw/hashmap.c:Hashmap_get_node:205: TRY: 34
DEBUG: src/lcthw/hashmap.c:Hashmap_get_node:205: TRY: 35
DEBUG: src/lcthw/hashmap.c:Hashmap_get_node:205: TRY: 36
DEBUG: src/lcthw/hashmap.c:Hashmap_get_node:205: TRY: 37
DEBUG: src/lcthw/hashmap.c:Hashmap_get_node:205: TRY: 38
DEBUG: src/lcthw/hashmap.c:Hashmap_get_node:205: TRY: 39
DEBUG: src/lcthw/hashmap.c:Hashmap_get_node:205: TRY: 40
DEBUG: src/lcthw/hashmap.c:Hashmap_get_node:205: TRY: 41
DEBUG: src/lcthw/hashmap.c:Hashmap_get_node:205: TRY: 42
DEBUG: src/lcthw/hashmap.c:Hashmap_get_node:205: TRY: 43
DEBUG: src/lcthw/hashmap.c:Hashmap_get_node:205: TRY: 44
DEBUG: src/lcthw/hashmap.c:Hashmap_get_node:205: TRY: 45
DEBUG: src/lcthw/hashmap.c:Hashmap_get_node:205: TRY: 46
DEBUG: src/lcthw/hashmap.c:Hashmap_get_node:205: TRY: 47
DEBUG: src/lcthw/hashmap.c:Hashmap_get_node:205: TRY: 48
DEBUG: src/lcthw/hashmap.c:Hashmap_get_node:205: TRY: 49
DEBUG: src/lcthw/hashmap.c:Hashmap_get_node:205: TRY: 50
DEBUG: src/lcthw/hashmap.c:Hashmap_get_node:205: TRY: 51
DEBUG: src/lcthw/hashmap.c:Hashmap_get_node:205: TRY: 52
DEBUG: src/lcthw/hashmap.c:Hashmap_get_node:205: TRY: 53
DEBUG: src/lcthw/hashmap.c:Hashmap_get_node:205: TRY: 54
DEBUG: src/lcthw/hashmap.c:Hashmap_get_node:205: TRY: 55
DEBUG: src/lcthw/hashmap.c:Hashmap_get_node:205: TRY: 56
DEBUG: src/lcthw/hashmap.c:Hashmap_get_node:205: TRY: 57
DEBUG: src/lcthw/hashmap.c:Hashmap_get_node:205: TRY: 58
DEBUG: src/lcthw/hashmap.c:Hashmap_get_node:205: TRY: 59
DEBUG: src/lcthw/hashmap.c:Hashmap_get_node:205: TRY: 60
DEBUG: src/lcthw/hashmap.c:Hashmap_get_node:205: TRY: 61
DEBUG: src/lcthw/hashmap.c:Hashmap_get_node:205: TRY: 62
DEBUG: src/lcthw/hashmap.c:Hashmap_get_node:205: TRY: 63
DEBUG: src/lcthw/hashmap.c:Hashmap_get_node:205: TRY: 64
DEBUG: src/lcthw/hashmap.c:Hashmap_get_node:205: TRY: 65
DEBUG: src/lcthw/hashmap.c:Hashmap_get_node:205: TRY: 66
DEBUG: src/lcthw/hashmap.c:Hashmap_get_node:205: TRY: 67
DEBUG: src/lcthw/hashmap.c:Hashmap_get_node:205: TRY: 68
DEBUG: src/lcthw/hashmap.c:Hashmap_get_node:205: TRY: 69
DEBUG: src/lcthw/hashmap.c:Hashmap_get_node:205: TRY: 70
DEBUG: src/lcthw/hashmap.c:Hashmap_get_node:205: TRY: 71
DEBUG: src/lcthw/hashmap.c:Hashmap_get_node:205: TRY: 72
DEBUG: src/lcthw/hashmap.c:Hashmap_get_node:205: TRY: 73
DEBUG: src/lcthw/hashmap.c:Hashmap_get_node:205: TRY: 74
DEBUG: src/lcthw/hashmap.c:Hashmap_get_node:205: TRY: 75
DEBUG: src/lcthw/hashmap.c:Hashmap_get_node:205: TRY: 76
DEBUG: src/lcthw/hashmap.c:Hashmap_get_node:205: TRY: 77
DEBUG: src/lcthw/hashmap.c:Hashmap_get_node:205: TRY: 78
DEBUG: src/lcthw/hashmap.c:Hashmap_get_node:205: TRY: 79
DEBUG: src/lcthw/hashmap.c:Hashmap_get_node:205: TRY: 80
DEBUG: src/lcthw/hashmap.c:Hashmap_get_node:205: TRY: 81
DEBUG: src/lcthw/hashmap.c:Hashmap_get_node:205: TRY: 82
DEBUG: src/lcthw/hashmap.c:Hashmap_get_node:205: TRY: 83
DEBUG: src/lcthw/hashmap.c:Hashmap_get_node:205: TRY: 84
DEBUG: src/lcthw/hashmap.c:Hashmap_get_node:205: TRY: 85
DEBUG: src/lcthw/hashmap.c:Hashmap_get_node:205: TRY: 86
DEBUG: src/lcthw/hashmap.c:Hashmap_get_node:205: TRY: 87
DEBUG: src/lcthw/hashmap.c:Hashmap_get_node:205: TRY: 88
DEBUG: src/lcthw/hashmap.c:Hashmap_get_node:205: TRY: 89
DEBUG: src/lcthw/hashmap.c:Hashmap_get_node:205: TRY: 90
DEBUG: src/lcthw/hashmap.c:Hashmap_get_node:205: TRY: 91
DEBUG: src/lcthw/hashmap.c:Hashmap_get_node:205: TRY: 92
DEBUG: src/lcthw/hashmap.c:Hashmap_get_node:205: TRY: 93
DEBUG: src/lcthw/hashmap.c:Hashmap_get_node:205: TRY: 94
DEBUG: src/lcthw/hashmap.c:Hashmap_get_node:205: TRY: 95
DEBUG: src/lcthw/hashmap.c:Hashmap_get_node:205: TRY: 96
DEBUG: src/lcthw/hashmap.c:Hashmap_get_node:205: TRY: 97
DEBUG: src/lcthw/hashmap.c:Hashmap_get_node:205: TRY: 98
DEBUG: src/lcthw/hashmap.c:Hashmap_get_node:205: TRY: 99
DEBUG: src/lcthw/hashmap.c:Hashmap_get_node:205: TRY: 100
DEBUG: src/lcthw/hashmap.c:Hashmap_get_node:205: TRY: 101
DEBUG: src/lcthw/hashmap.c:Hashmap_get_node:205: TRY: 102
DEBUG: src/lcthw/hashmap.c:Hashmap_get_node:205: TRY: 103
DEBUG: src/lcthw/hashmap.c:Hashmap_get_node:205: TRY: 104
DEBUG: src/lcthw/hashmap.c:Hashmap_get_node:205: TRY: 105
DEBUG: src/lcthw/hashmap.c:Hashmap_get_node:205: TRY: 106
DEBUG: src/lcthw/hashmap.c:Hashmap_get_node:205: TRY: 0
DEBUG: src/lcthw/hashmap.c:Hashmap_get_node:205: TRY: 1
DEBUG: src/lcthw/hashmap.c:Hashmap_get_node:205: TRY: 2
DEBUG: src/lcthw/hashmap.c:Hashmap_get_node:205: TRY: 3
DEBUG: src/lcthw/hashmap.c:Hashmap_get_node:205: TRY: 4
DEBUG: src/lcthw/hashmap.c:Hashmap_get_node:205: TRY: 5
DEBUG: src/lcthw/hashmap.c:Hashmap_get_node:205: TRY: 6
DEBUG: src/lcthw/hashmap.c:Hashmap_get_node:205: TRY: 7
DEBUG: src/lcthw/hashmap.c:Hashmap_get_node:205: TRY: 8
DEBUG: src/lcthw/hashmap.c:Hashmap_get_node:205: TRY: 9
DEBUG: src/lcthw/hashmap.c:Hashmap_get_node:205: TRY: 10
DEBUG: src/lcthw/hashmap.c:Hashmap_get_node:205: TRY: 11
DEBUG: src/lcthw/hashmap.c:Hashmap_get_node:205: TRY: 12
DEBUG: src/lcthw/hashmap.c:Hashmap_get_node:205: TRY: 13
DEBUG: src/lcthw/hashmap.c:Hashmap_get_node:205: TRY: 14
DEBUG: src/lcthw/hashmap.c:Hashmap_get_node:205: TRY: 15
DEBUG: src/lcthw/hashmap.c:Hashmap_get_node:205: TRY: 16
DEBUG: src/lcthw/hashmap.c:Hashmap_get_node:205: TRY: 17
DEBUG: src/lcthw/hashmap.c:Hashmap_get_node:205: TRY: 18
DEBUG: src/lcthw/hashmap.c:Hashmap_get_node:205: TRY: 19
DEBUG: src/lcthw/hashmap.c:Hashmap_get_node:205: TRY: 20
DEBUG: src/lcthw/hashmap.c:Hashmap_get_node:205: TRY: 21
DEBUG: src/lcthw/hashmap.c:Hashmap_get_node:205: TRY: 22
DEBUG: src/lcthw/hashmap.c:Hashmap_get_node:205: TRY: 23
DEBUG: src/lcthw/hashmap.c:Hashmap_get_node:205: TRY: 24
DEBUG: src/lcthw/hashmap.c:Hashmap_get_node:205: TRY: 25
DEBUG: src/lcthw/hashmap.c:Hashmap_get_node:205: TRY: 26
DEBUG: src/lcthw/hashmap.c:Hashmap_get_node:205: TRY: 27
DEBUG: src/lcthw/hashmap.c:Hashmap_get_node:205: TRY: 28
DEBUG: src/lcthw/hashmap.c:Hashmap_get_node:205: TRY: 29
DEBUG: src/lcthw/hashmap.c:Hashmap_get_node:205: TRY: 30
DEBUG: src/lcthw/hashmap.c:Hashmap_get_node:205: TRY: 31
DEBUG: src/lcthw/hashmap.c:Hashmap_get_node:205: TRY: 32
DEBUG: src/lcthw/hashmap.c:Hashmap_get_node:205: TRY: 33
DEBUG: src/lcthw/hashmap.c:Hashmap_get_node:205: TRY: 34
DEBUG: src/lcthw/hashmap.c:Hashmap_get_node:205: TRY: 35
DEBUG: src/lcthw/hashmap.c:Hashmap_get_node:205: TRY: 36
DEBUG: src/lcthw/hashmap.c:Hashmap_get_node:205: TRY: 37
DEBUG: src/lcthw/hashmap.c:Hashmap_get_node:205: TRY: 38
DEBUG: src/lcthw/hashmap.c:Hashmap_get_node:205: TRY: 39
DEBUG: src/lcthw/hashmap.c:Hashmap_get_node:205: TRY: 40
DEBUG: src/lcthw/hashmap.c:Hashmap_get_node:205: TRY: 41
DEBUG: src/lcthw/hashmap.c:Hashmap_get_node:205: TRY: 42
DEBUG: src/lcthw/hashmap.c:Hashmap_get_node:205: TRY: 43
DEBUG: src/lcthw/hashmap.c:Hashmap_get_node:205: TRY: 44
DEBUG: src/lcthw/hashmap.c:Hashmap_get_node:205: TRY: 45
DEBUG: src/lcthw/hashmap.c:Hashmap_get_node:205: TRY: 46
DEBUG: src/lcthw/hashmap.c:Hashmap_get_node:205: TRY: 47
DEBUG: src/lcthw/hashmap.c:Hashmap_get_node:205: TRY: 48
DEBUG: src/lcthw/hashmap.c:Hashmap_get_node:205: TRY: 49
DEBUG: src/lcthw/hashmap.c:Hashmap_get_node:205: TRY: 50
DEBUG: src/lcthw/hashmap.c:Hashmap_get_node:205: TRY: 51
DEBUG: src/lcthw/hashmap.c:Hashmap_get_node:205: TRY: 52
DEBUG: src/lcthw/hashmap.c:Hashmap_get_node:205: TRY: 53
DEBUG: src/lcthw/hashmap.c:Hashmap_get_node:205: TRY: 54
DEBUG: src/lcthw/hashmap.c:Hashmap_get_node:205: TRY: 55
DEBUG: src/lcthw/hashmap.c:Hashmap_get_node:205: TRY: 56
DEBUG: src/lcthw/hashmap.c:Hashmap_get_node:205: TRY: 57
DEBUG: src/lcthw/hashmap.c:Hashmap_get_node:205: TRY: 58
DEBUG: src/lcthw/hashmap.c:Hashmap_get_node:205: TRY: 59
DEBUG: src/lcthw/hashmap.c:Hashmap_get_node:205: TRY: 60
DEBUG: src/lcthw/hashmap.c:Hashmap_get_node:205: TRY: 61
DEBUG: src/lcthw/hashmap.c:Hashmap_get_node:205: TRY: 62
DEBUG: src/lcthw/hashmap.c:Hashmap_get_node:205: TRY: 63
DEBUG: src/lcthw/hashmap.c:Hashmap_get_node:205: TRY: 64
DEBUG: src/lcthw/hashmap.c:Hashmap_get_node:205: TRY: 65
DEBUG: src/lcthw/hashmap.c:Hashmap_get_node:205: TRY: 66
DEBUG: src/lcthw/hashmap.c:Hashmap_get_node:205: TRY: 67
DEBUG: src/lcthw/hashmap.c:Hashmap_get_node:205: TRY: 68
DEBUG: src/lcthw/hashmap.c:Hashmap_get_node:205: TRY: 69
DEBUG: src/lcthw/hashmap.c:Hashmap_get_node:205: TRY: 70
DEBUG: src/lcthw/hashmap.c:Hashmap_get_node:205: TRY: 71
DEBUG: src/lcthw/hashmap.c:Hashmap_get_node:205: TRY: 72
DEBUG: src/lcthw/hashmap.c:Hashmap_get_node:205: TRY: 73
DEBUG: src/lcthw/hashmap.c:Hashmap_get_node:205: TRY: 74
DEBUG: src/lcthw/hashmap.c:Hashmap_get_node:205: TRY: 75
DEBUG: src/lcthw/hashmap.c:Hashmap_get_node:205: TRY: 76
DEBUG: src/lcthw/hashmap.c:Hashmap_get_node:205: TRY: 77
DEBUG: src/lcthw/hashmap.c:Hashmap_get_node:205: TRY: 78
DEBUG: src/lcthw/hashmap.c:Hashmap_get_node:205: TRY: 79
DEBUG: src/lcthw/hashmap.c:Hashmap_get_node:205: TRY: 80
DEBUG: src/lcthw/hashmap.c:Hashmap_get_node:205: TRY: 81
DEBUG: src/lcthw/hashmap.c:Hashmap_get_node:205: TRY: 82
DEBUG: src/lcthw/hashmap.c:Hashmap_get_node:205: TRY: 83
DEBUG: src/lcthw/hashmap.c:Hashmap_get_node:205: TRY: 84
DEBUG: src/lcthw/hashmap.c:Hashmap_get_node:205: TRY: 0
DEBUG: src/lcthw/hashmap.c:Hashmap_get_node:205: TRY: 1
DEBUG: src/lcthw/hashmap.c:Hashmap_get_node:205: TRY: 2
DEBUG: src/lcthw/hashmap.c:Hashmap_get_node:205: TRY: 3
DEBUG: src/lcthw/hashmap.c:Hashmap_get_node:205: TRY: 4
DEBUG: src/lcthw/hashmap.c:Hashmap_get_node:205: TRY: 5
DEBUG: src/lcthw/hashmap.c:Hashmap_get_node:205: TRY: 6
DEBUG: src/lcthw/hashmap.c:Hashmap_get_node:205: TRY: 7
DEBUG: src/lcthw/hashmap.c:Hashmap_get_node:205: TRY: 8
DEBUG: src/lcthw/hashmap.c:Hashmap_get_node:205: TRY: 9
DEBUG: src/lcthw/hashmap.c:Hashmap_get_node:205: TRY: 10
DEBUG: src/lcthw/hashmap.c:Hashmap_get_node:205: TRY: 11
DEBUG: src/lcthw/hashmap.c:Hashmap_get_node:205: TRY: 12
DEBUG: src/lcthw/hashmap.c:Hashmap_get_node:205: TRY: 13
DEBUG: src/lcthw/hashmap.c:Hashmap_get_node:205: TRY: 14
DEBUG: src/lcthw/hashmap.c:Hashmap_get_node:205: TRY: 15
DEBUG: src/lcthw/hashmap.c:Hashmap_get_node:205: TRY: 16
DEBUG: src/lcthw/hashmap.c:Hashmap_get_node:205: TRY: 17
DEBUG: src/lcthw/hashmap.c:Hashmap_get_node:205: TRY: 18
DEBUG: src/lcthw/hashmap.c:Hashmap_get_node:205: TRY: 19
DEBUG: src/lcthw/hashmap.c:Hashmap_get_node:205: TRY: 20
DEBUG: src/lcthw/hashmap.c:Hashmap_get_node:205: TRY: 21
DEBUG: src/lcthw/hashmap.c:Hashmap_get_node:205: TRY: 22
DEBUG: src/lcthw/hashmap.c:Hashmap_get_node:205: TRY: 23
DEBUG: src/lcthw/hashmap.c:Hashmap_get_node:205: TRY: 24
DEBUG: src/lcthw/hashmap.c:Hashmap_get_node:205: TRY: 25
DEBUG: src/lcthw/hashmap.c:Hashmap_get_node:205: TRY: 26
DEBUG: src/lcthw/hashmap.c:Hashmap_get_node:205: TRY: 27
DEBUG: src/lcthw/hashmap.c:Hashmap_get_node:205: TRY: 28
DEBUG: src/lcthw/hashmap.c:Hashmap_get_node:205: TRY: 29
DEBUG: src/lcthw/hashmap.c:Hashmap_get_node:205: TRY: 30
DEBUG: src/lcthw/hashmap.c:Hashmap_get_node:205: TRY: 31
DEBUG: src/lcthw/hashmap.c:Hashmap_get_node:205: TRY: 32
DEBUG: src/lcthw/hashmap.c:Hashmap_get_node:205: TRY: 33
DEBUG: src/lcthw/hashmap.c:Hashmap_get_node:205: TRY: 34
DEBUG: src/lcthw/hashmap.c:Hashmap_get_node:205: TRY: 35
DEBUG: src/lcthw/hashmap.c:Hashmap_get_node:205: TRY: 36
DEBUG: src/lcthw/hashmap.c:Hashmap_get_node:205: TRY: 37
DEBUG: src/lcthw/hashmap.c:Hashmap_get_node:205: TRY: 38
DEBUG: src/lcthw/hashmap.c:Hashmap_get_node:205: TRY: 39
DEBUG: src/lcthw/hashmap.c:Hashmap_get_node:205: TRY: 40
DEBUG: src/lcthw/hashmap.c:Hashmap_get_node:205: TRY: 41
DEBUG: src/lcthw/hashmap.c:Hashmap_get_node:205: TRY: 42
DEBUG: src/lcthw/hashmap.c:Hashmap_get_node:205: TRY: 43
DEBUG: src/lcthw/hashmap.c:Hashmap_get_node:205: TRY: 44
DEBUG: src/lcthw/hashmap.c:Hashmap_get_node:205: TRY: 45
DEBUG: src/lcthw/hashmap.c:Hashmap_get_node:205: TRY: 46
DEBUG: src/lcthw/hashmap.c:Hashmap_get_node:205: TRY: 47
DEBUG: src/lcthw/hashmap.c:Hashmap_get_node:205: TRY: 48
DEBUG: src/lcthw/hashmap.c:Hashmap_get_node:205: TRY: 49
DEBUG: src/lcthw/hashmap.c:Hashmap_get_node:205: TRY: 50
DEBUG: src/lcthw/hashmap.c:Hashmap_get_node:205: TRY: 51
DEBUG: src/lcthw/hashmap.c:Hashmap_get_node:205: TRY: 52
DEBUG: src/lcthw/hashmap.c:Hashmap_get_node:205: TRY: 53
DEBUG: src/lcthw/hashmap.c:Hashmap_get_node:205: TRY: 54
DEBUG: src/lcthw/hashmap.c:Hashmap_get_node:205: TRY: 55
DEBUG: src/lcthw/hashmap.c:Hashmap_get_node:205: TRY: 56
DEBUG: src/lcthw/hashmap.c:Hashmap_get_node:205: TRY: 57
DEBUG: src/lcthw/hashmap.c:Hashmap_get_node:205: TRY: 58
DEBUG: src/lcthw/hashmap.c:Hashmap_get_node:205: TRY: 59
DEBUG: src/lcthw/hashmap.c:Hashmap_get_node:205: TRY: 60
DEBUG: src/lcthw/hashmap.c:Hashmap_get_node:205: TRY: 61
DEBUG: src/lcthw/hashmap.c:Hashmap_get_node:205: TRY: 62
DEBUG: src/lcthw/hashmap.c:Hashmap_get_node:205: TRY: 63
DEBUG: src/lcthw/hashmap.c:Hashmap_get_node:205: TRY: 64
DEBUG: src/lcthw/hashmap.c:Hashmap_get_node:205: TRY: 65
DEBUG: src/lcthw/hashmap.c:Hashmap_get_node:205: TRY: 66
DEBUG: src/lcthw/hashmap.c:Hashmap_get_node:205: TRY: 67
DEBUG: src/lcthw/hashmap.c:Hashmap_get_node:205: TRY: 68
DEBUG: src/lcthw/hashmap.c:Hashmap_get_node:205: TRY: 69
DEBUG: src/lcthw/hashmap.c:Hashmap_get_node:205: TRY: 70
DEBUG: src/lcthw/hashmap.c:Hashmap_get_node:205: TRY: 71
DEBUG: src/lcthw/hashmap.c:Hashmap_get_node:205: TRY: 72
DEBUG: src/lcthw/hashmap.c:Hashmap_get_node:205: TRY: 73
DEBUG: src/lcthw/hashmap.c:Hashmap_get_node:205: TRY: 74
DEBUG: src/lcthw/hashmap.c:Hashmap_get_node:205: TRY: 75
DEBUG: src/lcthw/hashmap.c:Hashmap_get_node:205: TRY: 76
DEBUG: src/lcthw/hashmap.c:Hashmap_get_node:205: TRY: 77
DEBUG: src/lcthw/hashmap.c:Hashmap_get_node:205: TRY: 78
DEBUG: src/lcthw/hashmap.c:Hashmap_get_node:205: TRY: 79
DEBUG: src/lcthw/hashmap.c:Hashmap_get_node:205: TRY: 80
DEBUG: src/lcthw/hashmap.c:Hashmap_get_node:205: TRY: 81
DEBUG: src/lcthw/hashmap.c:Hashmap_get_node:205: TRY: 82
DEBUG: src/lcthw/hashmap.c:Hashmap_get_node:205: TRY: 83
DEBUG: src/lcthw/hashmap.c:Hashmap_get_node:205: TRY: 84
DEBUG: src/lcthw/hashmap.c:Hashmap_get_node:205: TRY: 85
DEBUG: src/lcthw/hashmap.c:Hashmap_get_node:205: TRY: 86
DEBUG: src/lcthw/hashmap.c:Hashmap_get_node:205: TRY: 87
DEBUG: src/lcthw/hashmap.c:Hashmap_get_node:205: TRY: 88
DEBUG: src/lcthw/hashmap.c:Hashmap_get_node:205: TRY: 89
DEBUG: src/lcthw/hashmap.c:Hashmap_get_node:205: TRY: 90
DEBUG: src/lcthw/hashmap.c:Hashmap_get_node:205: TRY: 91
DEBUG: src/lcthw/hashmap.c:Hashmap_get_node:205: TRY: 92
DEBUG: src/lcthw/hashmap.c:Hashmap_get_node:205: TRY: 93
DEBUG: src/lcthw/hashmap.c:Hashmap_get_node:205: TRY: 94
DEBUG: src/lcthw/hashmap.c:Hashmap_get_node:205: TRY: 95
DEBUG: src/lcthw/hashmap.c:Hashmap_get_node:205: TRY: 96
DEBUG: src/lcthw/hashmap.c:Hashmap_get_node:205: TRY: 97
DEBUG: src/lcthw/hashmap.c:Hashmap_get_node:205: TRY: 98
DEBUG: src/lcthw/hashmap.c:Hashmap_get_node:205: TRY: 99
DEBUG: src/lcthw/hashmap.c:Hashmap_get_node:205: TRY: 100
DEBUG: src/lcthw/hashmap.c:Hashmap_get_node:205: TRY: 101
DEBUG: src/lcthw/hashmap.c:Hashmap_get_node:205: TRY: 102
DEBUG: src/lcthw/hashmap.c:Hashmap_get_node:205: TRY: 103
DEBUG: src/lcthw/hashmap.c:Hashmap_get_node:205: TRY: 104
DEBUG: src/lcthw/hashmap.c:Hashmap_get_node:205: TRY: 105
DEBUG: src/lcthw/hashmap.c:Hashmap_get_node:205: TRY: 106
DEBUG: src/lcthw/hashmap.c:Hashmap_get_node:205: TRY: 107
DEBUG: src/lcthw/hashmap.c:Hashmap_get_node:205: TRY: 0
DEBUG: src/lcthw/hashmap.c:Hashmap_get_node:205: TRY: 1
DEBUG: src/lcthw/hashmap.c:Hashmap_get_node:205: TRY: 2
DEBUG: src/lcthw/hashmap.c:Hashmap_get_node:205: TRY: 3
DEBUG: src/lcthw/hashmap.c:Hashmap_get_node:205: TRY: 4
DEBUG: src/lcthw/hashmap.c:Hashmap_get_node:205: TRY: 5
DEBUG: src/lcthw/hashmap.c:Hashmap_get_node:205: TRY: 6
DEBUG: src/lcthw/hashmap.c:Hashmap_get_node:205: TRY: 7
DEBUG: src/lcthw/hashmap.c:Hashmap_get_node:205: TRY: 8
DEBUG: src/lcthw/hashmap.c:Hashmap_get_node:205: TRY: 9
DEBUG: src/lcthw/hashmap.c:Hashmap_get_node:205: TRY: 10
DEBUG: src/lcthw/hashmap.c:Hashmap_get_node:205: TRY: 11
DEBUG: src/lcthw/hashmap.c:Hashmap_get_node:205: TRY: 12
DEBUG: src/lcthw/hashmap.c:Hashmap_get_node:205: TRY: 13
DEBUG: src/lcthw/hashmap.c:Hashmap_get_node:205: TRY: 14
DEBUG: src/lcthw/hashmap.c:Hashmap_get_node:205: TRY: 15
DEBUG: src/lcthw/hashmap.c:Hashmap_get_node:205: TRY: 16
DEBUG: src/lcthw/hashmap.c:Hashmap_get_node:205: TRY: 17
DEBUG: src/lcthw/hashmap.c:Hashmap_get_node:205: TRY: 18
DEBUG: src/lcthw/hashmap.c:Hashmap_get_node:205: TRY: 19
DEBUG: src/lcthw/hashmap.c:Hashmap_get_node:205: TRY: 20
DEBUG: src/lcthw/hashmap.c:Hashmap_get_node:205: TRY: 21
DEBUG: src/lcthw/hashmap.c:Hashmap_get_node:205: TRY: 22
DEBUG: src/lcthw/hashmap.c:Hashmap_get_node:205: TRY: 23
DEBUG: src/lcthw/hashmap.c:Hashmap_get_node:205: TRY: 24
DEBUG: src/lcthw/hashmap.c:Hashmap_get_node:205: TRY: 25
DEBUG: src/lcthw/hashmap.c:Hashmap_get_node:205: TRY: 26
DEBUG: src/lcthw/hashmap.c:Hashmap_get_node:205: TRY: 27
DEBUG: src/lcthw/hashmap.c:Hashmap_get_node:205: TRY: 28
DEBUG: src/lcthw/hashmap.c:Hashmap_get_node:205: TRY: 29
DEBUG: src/lcthw/hashmap.c:Hashmap_get_node:205: TRY: 30
DEBUG: src/lcthw/hashmap.c:Hashmap_get_node:205: TRY: 31
DEBUG: src/lcthw/hashmap.c:Hashmap_get_node:205: TRY: 32
DEBUG: src/lcthw/hashmap.c:Hashmap_get_node:205: TRY: 33
DEBUG: src/lcthw/hashmap.c:Hashmap_get_node:205: TRY: 34
DEBUG: src/lcthw/hashmap.c:Hashmap_get_node:205: TRY: 35
DEBUG: src/lcthw/hashmap.c:Hashmap_get_node:205: TRY: 36
DEBUG: src/lcthw/hashmap.c:Hashmap_get_node:205: TRY: 37
DEBUG: src/lcthw/hashmap.c:Hashmap_get_node:205: TRY: 38
DEBUG: src/lcthw/hashmap.c:Hashmap_get_node:205: TRY: 39
DEBUG: src/lcthw/hashmap.c:Hashmap_get_node:205: TRY: 40
DEBUG: src/lcthw/hashmap.c:Hashmap_get_node:205: TRY: 41
DEBUG: src/lcthw/hashmap.c:Hashmap_get_node:205: TRY: 42
DEBUG: src/lcthw/hashmap.c:Hashmap_get_node:205: TRY: 43
DEBUG: src/lcthw/hashmap.c:Hashmap_get_node:205: TRY: 44
DEBUG: src/lcthw/hashmap.c:Hashmap_get_node:205: TRY: 45
DEBUG: src/lcthw/hashmap.c:Hashmap_get_node:205: TRY: 46
DEBUG: src/lcthw/hashmap.c:Hashmap_get_node:205: TRY: 47
DEBUG: src/lcthw/hashmap.c:Hashmap_get_node:205: TRY: 48
DEBUG: src/lcthw/hashmap.c:Hashmap_get_node:205: TRY: 49
DEBUG: src/lcthw/hashmap.c:Hashmap_get_node:205: TRY: 50
DEBUG: src/lcthw/hashmap.c:Hashmap_get_node:205: TRY: 51
DEBUG: src/lcthw/hashmap.c:Hashmap_get_node:205: TRY: 52
DEBUG: src/lcthw/hashmap.c:Hashmap_get_node:205: TRY: 53
DEBUG: src/lcthw/hashmap.c:Hashmap_get_node:205: TRY: 54
DEBUG: src/lcthw/hashmap.c:Hashmap_get_node:205: TRY: 55
DEBUG: src/lcthw/hashmap.c:Hashmap_get_node:205: TRY: 56
DEBUG: src/lcthw/hashmap.c:Hashmap_get_node:205: TRY: 57
DEBUG: src/lcthw/hashmap.c:Hashmap_get_node:205: TRY: 58
DEBUG: src/lcthw/hashmap.c:Hashmap_get_node:205: TRY: 59
DEBUG: src/lcthw/hashmap.c:Hashmap_get_node:205: TRY: 60
DEBUG: src/lcthw/hashmap.c:Hashmap_get_node:205: TRY: 61
DEBUG: src/lcthw/hashmap.c:Hashmap_get_node:205: TRY: 62
DEBUG: src/lcthw/hashmap.c:Hashmap_get_node:205: TRY: 63
DEBUG: src/lcthw/hashmap.c:Hashmap_get_node:205: TRY: 64
DEBUG: src/lcthw/hashmap.c:Hashmap_get_node:205: TRY: 65
DEBUG: src/lcthw/hashmap.c:Hashmap_get_node:205: TRY: 66
DEBUG: src/lcthw/hashmap.c:Hashmap_get_node:205: TRY: 67
DEBUG: src/lcthw/hashmap.c:Hashmap_get_node:205: TRY: 68
DEBUG: src/lcthw/hashmap.c:Hashmap_get_node:205: TRY: 0
DEBUG: src/lcthw/hashmap.c:Hashmap_get_node:205: TRY: 1
DEBUG: src/lcthw/hashmap.c:Hashmap_get_node:205: TRY: 2
DEBUG: src/lcthw/hashmap.c:Hashmap_get_node:205: TRY: 3
DEBUG: src/lcthw/hashmap.c:Hashmap_get_node:205: TRY: 4
DEBUG: src/lcthw/hashmap.c:Hashmap_get_node:205: TRY: 5
DEBUG: src/lcthw/hashmap.c:Hashmap_get_node:205: TRY: 6
DEBUG: src/lcthw/hashmap.c:Hashmap_get_node:205: TRY: 7
DEBUG: src/lcthw/hashmap.c:Hashmap_get_node:205: TRY: 8
DEBUG: src/lcthw/hashmap.c:Hashmap_get_node:205: TRY: 9
DEBUG: src/lcthw/hashmap.c:Hashmap_get_node:205: TRY: 10
DEBUG: src/lcthw/hashmap.c:Hashmap_get_node:205: TRY: 11
DEBUG: src/lcthw/hashmap.c:Hashmap_get_node:205: TRY: 12
DEBUG: src/lcthw/hashmap.c:Hashmap_get_node:205: TRY: 13
DEBUG: src/lcthw/hashmap.c:Hashmap_get_node:205: TRY: 14
DEBUG: src/lcthw/hashmap.c:Hashmap_get_node:205: TRY: 15
DEBUG: src/lcthw/hashmap.c:Hashmap_get_node:205: TRY: 16
DEBUG: src/lcthw/hashmap.c:Hashmap_get_node:205: TRY: 17
DEBUG: src/lcthw/hashmap.c:Hashmap_get_node:205: TRY: 18
DEBUG: src/lcthw/hashmap.c:Hashmap_get_node:205: TRY: 19
DEBUG: src/lcthw/hashmap.c:Hashmap_get_node:205: TRY: 20
DEBUG: src/lcthw/hashmap.c:Hashmap_get_node:205: TRY: 21
DEBUG: src/lcthw/hashmap.c:Hashmap_get_node:205: TRY: 22
DEBUG: src/lcthw/hashmap.c:Hashmap_get_node:205: TRY: 23
DEBUG: src/lcthw/hashmap.c:Hashmap_get_node:205: TRY: 24
DEBUG: src/lcthw/hashmap.c:Hashmap_get_node:205: TRY: 25
DEBUG: src/lcthw/hashmap.c:Hashmap_get_node:205: TRY: 26
DEBUG: src/lcthw/hashmap.c:Hashmap_get_node:205: TRY: 27
DEBUG: src/lcthw/hashmap.c:Hashmap_get_node:205: TRY: 28
DEBUG: src/lcthw/hashmap.c:Hashmap_get_node:205: TRY: 29
DEBUG: src/lcthw/hashmap.c:Hashmap_get_node:205: TRY: 30
DEBUG: src/lcthw/hashmap.c:Hashmap_get_node:205: TRY: 31
DEBUG: src/lcthw/hashmap.c:Hashmap_get_node:205: TRY: 32
DEBUG: src/lcthw/hashmap.c:Hashmap_get_node:205: TRY: 33
DEBUG: src/lcthw/hashmap.c:Hashmap_get_node:205: TRY: 34
DEBUG: src/lcthw/hashmap.c:Hashmap_get_node:205: TRY: 35
DEBUG: src/lcthw/hashmap.c:Hashmap_get_node:205: TRY: 36
DEBUG: src/lcthw/hashmap.c:Hashmap_get_node:205: TRY: 37
DEBUG: src/lcthw/hashmap.c:Hashmap_get_node:205: TRY: 38
DEBUG: src/lcthw/hashmap.c:Hashmap_get_node:205: TRY: 39
DEBUG: src/lcthw/hashmap.c:Hashmap_get_node:205: TRY: 40
DEBUG: src/lcthw/hashmap.c:Hashmap_get_node:205: TRY: 41
DEBUG: src/lcthw/hashmap.c:Hashmap_get_node:205: TRY: 42
DEBUG: src/lcthw/hashmap.c:Hashmap_get_node:205: TRY: 43
DEBUG: src/lcthw/hashmap.c:Hashmap_get_node:205: TRY: 44
DEBUG: src/lcthw/hashmap.c:Hashmap_get_node:205: TRY: 45
DEBUG: src/lcthw/hashmap.c:Hashmap_get_node:205: TRY: 46
DEBUG: src/lcthw/hashmap.c:Hashmap_get_node:205: TRY: 47
DEBUG: src/lcthw/hashmap.c:Hashmap_get_node:205: TRY: 48
DEBUG: src/lcthw/hashmap.c:Hashmap_get_node:205: TRY: 49
DEBUG: src/lcthw/hashmap.c:Hashmap_get_node:205: TRY: 50
DEBUG: src/lcthw/hashmap.c:Hashmap_get_node:205: TRY: 51
DEBUG: src/lcthw/hashmap.c:Hashmap_get_node:205: TRY: 52
DEBUG: src/lcthw/hashmap.c:Hashmap_get_node:205: TRY: 53
DEBUG: src/lcthw/hashmap.c:Hashmap_get_node:205: TRY: 54
DEBUG: src/lcthw/hashmap.c:Hashmap_get_node:205: TRY: 55
DEBUG: src/lcthw/hashmap.c:Hashmap_get_node:205: TRY: 56
DEBUG: src/lcthw/hashmap.c:Hashmap_get_node:205: TRY: 57
DEBUG: src/lcthw/hashmap.c:Hashmap_get_node:205: TRY: 58
DEBUG: src/lcthw/hashmap.c:Hashmap_get_node:205: TRY: 59
DEBUG: src/lcthw/hashmap.c:Hashmap_get_node:205: TRY: 60
DEBUG: src/lcthw/hashmap.c:Hashmap_get_node:205: TRY: 61
DEBUG: src/lcthw/hashmap.c:Hashmap_get_node:205: TRY: 62
DEBUG: src/lcthw/hashmap.c:Hashmap_get_node:205: TRY: 63
DEBUG: src/lcthw/hashmap.c:Hashmap_get_node:205: TRY: 64
DEBUG: src/lcthw/hashmap.c:Hashmap_get_node:205: TRY: 65
DEBUG: src/lcthw/hashmap.c:Hashmap_get_node:205: TRY: 66
DEBUG: src/lcthw/hashmap.c:Hashmap_get_node:205: TRY: 0
DEBUG: src/lcthw/hashmap.c:Hashmap_get_node:205: TRY: 1
DEBUG: src/lcthw/hashmap.c:Hashmap_get_node:205: TRY: 2
DEBUG: src/lcthw/hashmap.c:Hashmap_get_node:205: TRY: 3
DEBUG: src/lcthw/hashmap.c:Hashmap_get_node:205: TRY: 4
DEBUG: src/lcthw/hashmap.c:Hashmap_get_node:205: TRY: 5
DEBUG: src/lcthw/hashmap.c:Hashmap_get_node:205: TRY: 6
DEBUG: src/lcthw/hashmap.c:Hashmap_get_node:205: TRY: 7
DEBUG: src/lcthw/hashmap.c:Hashmap_get_node:205: TRY: 8
DEBUG: src/lcthw/hashmap.c:Hashmap_get_node:205: TRY: 9
DEBUG: src/lcthw/hashmap.c:Hashmap_get_node:205: TRY: 10
DEBUG: src/lcthw/hashmap.c:Hashmap_get_node:205: TRY: 11
DEBUG: src/lcthw/hashmap.c:Hashmap_get_node:205: TRY: 12
DEBUG: src/lcthw/hashmap.c:Hashmap_get_node:205: TRY: 13
DEBUG: src/lcthw/hashmap.c:Hashmap_get_node:205: TRY: 14
DEBUG: src/lcthw/hashmap.c:Hashmap_get_node:205: TRY: 15
DEBUG: src/lcthw/hashmap.c:Hashmap_get_node:205: TRY: 16
DEBUG: src/lcthw/hashmap.c:Hashmap_get_node:205: TRY: 17
DEBUG: src/lcthw/hashmap.c:Hashmap_get_node:205: TRY: 18
DEBUG: src/lcthw/hashmap.c:Hashmap_get_node:205: TRY: 19
DEBUG: src/lcthw/hashmap.c:Hashmap_get_node:205: TRY: 20
DEBUG: src/lcthw/hashmap.c:Hashmap_get_node:205: TRY: 21
DEBUG: src/lcthw/hashmap.c:Hashmap_get_node:205: TRY: 22
DEBUG: src/lcthw/hashmap.c:Hashmap_get_node:205: TRY: 23
DEBUG: src/lcthw/hashmap.c:Hashmap_get_node:205: TRY: 24
DEBUG: src/lcthw/hashmap.c:Hashmap_get_node:205: TRY: 25
DEBUG: src/lcthw/hashmap.c:Hashmap_get_node:205: TRY: 26
DEBUG: src/lcthw/hashmap.c:Hashmap_get_node:205: TRY: 27
DEBUG: src/lcthw/hashmap.c:Hashmap_get_node:205: TRY: 28
DEBUG: src/lcthw/hashmap.c:Hashmap_get_node:205: TRY: 29
DEBUG: src/lcthw/hashmap.c:Hashmap_get_node:205: TRY: 30
DEBUG: src/lcthw/hashmap.c:Hashmap_get_node:205: TRY: 31
DEBUG: src/lcthw/hashmap.c:Hashmap_get_node:205: TRY: 32
DEBUG: src/lcthw/hashmap.c:Hashmap_get_node:205: TRY: 33
DEBUG: src/lcthw/hashmap.c:Hashmap_get_node:205: TRY: 34
DEBUG: src/lcthw/hashmap.c:Hashmap_get_node:205: TRY: 35
DEBUG: src/lcthw/hashmap.c:Hashmap_get_node:205: TRY: 36
DEBUG: src/lcthw/hashmap.c:Hashmap_get_node:205: TRY: 37
DEBUG: src/lcthw/hashmap.c:Hashmap_get_node:205: TRY: 38
DEBUG: src/lcthw/hashmap.c:Hashmap_get_node:205: TRY: 39
DEBUG: src/lcthw/hashmap.c:Hashmap_get_node:205: TRY: 40
DEBUG: src/lcthw/hashmap.c:Hashmap_get_node:205: TRY: 41
DEBUG: src/lcthw/hashmap.c:Hashmap_get_node:205: TRY: 42
DEBUG: src/lcthw/hashmap.c:Hashmap_get_node:205: TRY: 43
DEBUG: src/lcthw/hashmap.c:Hashmap_get_node:205: TRY: 44
DEBUG: src/lcthw/hashmap.c:Hashmap_get_node:205: TRY: 45
DEBUG: src/lcthw/hashmap.c:Hashmap_get_node:205: TRY: 46
DEBUG: src/lcthw/hashmap.c:Hashmap_get_node:205: TRY: 47
DEBUG: src/lcthw/hashmap.c:Hashmap_get_node:205: TRY: 48
DEBUG: src/lcthw/hashmap.c:Hashmap_get_node:205: TRY: 49
DEBUG: src/lcthw/hashmap.c:Hashmap_get_node:205: TRY: 50
DEBUG: src/lcthw/hashmap.c:Hashmap_get_node:205: TRY: 51
DEBUG: src/lcthw/hashmap.c:Hashmap_get_node:205: TRY: 52
DEBUG: src/lcthw/hashmap.c:Hashmap_get_node:205: TRY: 53
DEBUG: src/lcthw/hashmap.c:Hashmap_get_node:205: TRY: 54
DEBUG: src/lcthw/hashmap.c:Hashmap_get_node:205: TRY: 55
DEBUG: src/lcthw/hashmap.c:Hashmap_get_node:205: TRY: 56
DEBUG: src/lcthw/hashmap.c:Hashmap_get_node:205: TRY: 57
DEBUG: src/lcthw/hashmap.c:Hashmap_get_node:205: TRY: 58
DEBUG: src/lcthw/hashmap.c:Hashmap_get_node:205: TRY: 59
DEBUG: src/lcthw/hashmap.c:Hashmap_get_node:205: TRY: 60
DEBUG: src/lcthw/hashmap.c:Hashmap_get_node:205: TRY: 61
DEBUG: src/lcthw/hashmap.c:Hashmap_get_node:205: TRY: 62
DEBUG: src/lcthw/hashmap.c:Hashmap_get_node:205: TRY: 63
DEBUG: src/lcthw/hashmap.c:Hashmap_get_node:205: TRY: 64
DEBUG: src/lcthw/hashmap.c:Hashmap_get_node:205: TRY: 65
DEBUG: src/lcthw/hashmap.c:Hashmap_get_node:205: TRY: 66
DEBUG: src/lcthw/hashmap.c:Hashmap_get_node:205: TRY: 67
DEBUG: src/lcthw/hashmap.c:Hashmap_get_node:205: TRY: 68
DEBUG: src/lcthw/hashmap.c:Hashmap_get_node:205: TRY: 69
DEBUG: src/lcthw/hashmap.c:Hashmap_get_node:205: TRY: 70
DEBUG: src/lcthw/hashmap.c:Hashmap_get_node:205: TRY: 71
DEBUG: src/lcthw/hashmap.c:Hashmap_get_node:205: TRY: 72
DEBUG: src/lcthw/hashmap.c:Hashmap_get_node:205: TRY: 73
DEBUG: src/lcthw/hashmap.c:Hashmap_get_node:205: TRY: 74
DEBUG: src/lcthw/hashmap.c:Hashmap_get_node:205: TRY: 0
DEBUG: src/lcthw/hashmap.c:Hashmap_get_node:205: TRY: 1
DEBUG: src/lcthw/hashmap.c:Hashmap_get_node:205: TRY: 2
DEBUG: src/lcthw/hashmap.c:Hashmap_get_node:205: TRY: 3
DEBUG: src/lcthw/hashmap.c:Hashmap_get_node:205: TRY: 4
DEBUG: src/lcthw/hashmap.c:Hashmap_get_node:205: TRY: 5
DEBUG: src/lcthw/hashmap.c:Hashmap_get_node:205: TRY: 6
DEBUG: src/lcthw/hashmap.c:Hashmap_get_node:205: TRY: 7
DEBUG: src/lcthw/hashmap.c:Hashmap_get_node:205: TRY: 8
DEBUG: src/lcthw/hashmap.c:Hashmap_get_node:205: TRY: 9
DEBUG: src/lcthw/hashmap.c:Hashmap_get_node:205: TRY: 10
DEBUG: src/lcthw/hashmap.c:Hashmap_get_node:205: TRY: 11
DEBUG: src/lcthw/hashmap.c:Hashmap_get_node:205: TRY: 12
DEBUG: src/lcthw/hashmap.c:Hashmap_get_node:205: TRY: 13
DEBUG: src/lcthw/hashmap.c:Hashmap_get_node:205: TRY: 14
DEBUG: src/lcthw/hashmap.c:Hashmap_get_node:205: TRY: 15
DEBUG: src/lcthw/hashmap.c:Hashmap_get_node:205: TRY: 16
DEBUG: src/lcthw/hashmap.c:Hashmap_get_node:205: TRY: 17
DEBUG: src/lcthw/hashmap.c:Hashmap_get_node:205: TRY: 18
DEBUG: src/lcthw/hashmap.c:Hashmap_get_node:205: TRY: 19
DEBUG: src/lcthw/hashmap.c:Hashmap_get_node:205: TRY: 20
DEBUG: src/lcthw/hashmap.c:Hashmap_get_node:205: TRY: 21
DEBUG: src/lcthw/hashmap.c:Hashmap_get_node:205: TRY: 22
DEBUG: src/lcthw/hashmap.c:Hashmap_get_node:205: TRY: 23
DEBUG: src/lcthw/hashmap.c:Hashmap_get_node:205: TRY: 24
DEBUG: src/lcthw/hashmap.c:Hashmap_get_node:205: TRY: 25
DEBUG: src/lcthw/hashmap.c:Hashmap_get_node:205: TRY: 26
DEBUG: src/lcthw/hashmap.c:Hashmap_get_node:205: TRY: 27
DEBUG: src/lcthw/hashmap.c:Hashmap_get_node:205: TRY: 28
DEBUG: src/lcthw/hashmap.c:Hashmap_get_node:205: TRY: 29
DEBUG: src/lcthw/hashmap.c:Hashmap_get_node:205: TRY: 30
DEBUG: src/lcthw/hashmap.c:Hashmap_get_node:205: TRY: 31
DEBUG: src/lcthw/hashmap.c:Hashmap_get_node:205: TRY: 32
DEBUG: src/lcthw/hashmap.c:Hashmap_get_node:205: TRY: 33
DEBUG: src/lcthw/hashmap.c:Hashmap_get_node:205: TRY: 34
DEBUG: src/lcthw/hashmap.c:Hashmap_get_node:205: TRY: 35
DEBUG: src/lcthw/hashmap.c:Hashmap_get_node:205: TRY: 36
DEBUG: src/lcthw/hashmap.c:Hashmap_get_node:205: TRY: 37
DEBUG: src/lcthw/hashmap.c:Hashmap_get_node:205: TRY: 38
DEBUG: src/lcthw/hashmap.c:Hashmap_get_node:205: TRY: 39
DEBUG: src/lcthw/hashmap.c:Hashmap_get_node:205: TRY: 40
DEBUG: src/lcthw/hashmap.c:Hashmap_get_node:205: TRY: 41
DEBUG: src/lcthw/hashmap.c:Hashmap_get_node:205: TRY: 42
DEBUG: src/lcthw/hashmap.c:Hashmap_get_node:205: TRY: 43
DEBUG: src/lcthw/hashmap.c:Hashmap_get_node:205: TRY: 44
DEBUG: src/lcthw/hashmap.c:Hashmap_get_node:205: TRY: 45
DEBUG: src/lcthw/hashmap.c:Hashmap_get_node:205: TRY: 46
DEBUG: src/lcthw/hashmap.c:Hashmap_get_node:205: TRY: 47
DEBUG: src/lcthw/hashmap.c:Hashmap_get_node:205: TRY: 48
DEBUG: src/lcthw/hashmap.c:Hashmap_get_node:205: TRY: 49
DEBUG: src/lcthw/hashmap.c:Hashmap_get_node:205: TRY: 50
DEBUG: src/lcthw/hashmap.c:Hashmap_get_node:205: TRY: 51
DEBUG: src/lcthw/hashmap.c:Hashmap_get_node:205: TRY: 52
DEBUG: src/lcthw/hashmap.c:Hashmap_get_node:205: TRY: 53
DEBUG: src/lcthw/hashmap.c:Hashmap_get_node:205: TRY: 54
DEBUG: src/lcthw/hashmap.c:Hashmap_get_node:205: TRY: 55
DEBUG: src/lcthw/hashmap.c:Hashmap_get_node:205: TRY: 56
DEBUG: src/lcthw/hashmap.c:Hashmap_get_node:205: TRY: 57
DEBUG: src/lcthw/hashmap.c:Hashmap_get_node:205: TRY: 58
DEBUG: src/lcthw/hashmap.c:Hashmap_get_node:205: TRY: 59
DEBUG: src/lcthw/hashmap.c:Hashmap_get_node:205: TRY: 60
DEBUG: src/lcthw/hashmap.c:Hashmap_get_node:205: TRY: 61
DEBUG: src/lcthw/hashmap.c:Hashmap_get_node:205: TRY: 62
DEBUG: src/lcthw/hashmap.c:Hashmap_get_node:205: TRY: 63
DEBUG: src/lcthw/hashmap.c:Hashmap_get_node:205: TRY: 64
DEBUG: src/lcthw/hashmap.c:Hashmap_get_node:205: TRY: 65
DEBUG: src/lcthw/hashmap.c:Hashmap_get_node:205: TRY: 66
DEBUG: src/lcthw/hashmap.c:Hashmap_get_node:205: TRY: 67
DEBUG: src/lcthw/hashmap.c:Hashmap_get_node:205: TRY: 68
DEBUG: src/lcthw/hashmap.c:Hashmap_get_node:205: TRY: 69
DEBUG: src/lcthw/hashmap.c:Hashmap_get_node:205: TRY: 70
DEBUG: src/lcthw/hashmap.c:Hashmap_get_node:205: TRY: 71
DEBUG: src/lcthw/hashmap.c:Hashmap_get_node:205: TRY: 72
DEBUG: src/lcthw/hashmap.c:Hashmap_get_node:205: TRY: 73
DEBUG: src/lcthw/hashmap.c:Hashmap_get_node:205: TRY: 74
DEBUG: src/lcthw/hashmap.c:Hashmap_get_node:205: TRY: 75
DEBUG: src/lcthw/hashmap.c:Hashmap_get_node:205: TRY: 76
DEBUG: src/lcthw/hashmap.c:Hashmap_get_node:205: TRY: 77
DEBUG: src/lcthw/hashmap.c:Hashmap_get_node:205: TRY: 78
DEBUG: src/lcthw/hashmap.c:Hashmap_get_node:205: TRY: 0
DEBUG: src/lcthw/hashmap.c:Hashmap_get_node:205: TRY: 1
DEBUG: src/lcthw/hashmap.c:Hashmap_get_node:205: TRY: 2
DEBUG: src/lcthw/hashmap.c:Hashmap_get_node:205: TRY: 3
DEBUG: src/lcthw/hashmap.c:Hashmap_get_node:205: TRY: 4
DEBUG: src/lcthw/hashmap.c:Hashmap_get_node:205: TRY: 5
DEBUG: src/lcthw/hashmap.c:Hashmap_get_node:205: TRY: 6
DEBUG: src/lcthw/hashmap.c:Hashmap_get_node:205: TRY: 7
DEBUG: src/lcthw/hashmap.c:Hashmap_get_node:205: TRY: 8
DEBUG: src/lcthw/hashmap.c:Hashmap_get_node:205: TRY: 9
DEBUG: src/lcthw/hashmap.c:Hashmap_get_node:205: TRY: 10
DEBUG: src/lcthw/hashmap.c:Hashmap_get_node:205: TRY: 11
DEBUG: src/lcthw/hashmap.c:Hashmap_get_node:205: TRY: 12
DEBUG: src/lcthw/hashmap.c:Hashmap_get_node:205: TRY: 13
DEBUG: src/lcthw/hashmap.c:Hashmap_get_node:205: TRY: 14
DEBUG: src/lcthw/hashmap.c:Hashmap_get_node:205: TRY: 15
DEBUG: src/lcthw/hashmap.c:Hashmap_get_node:205: TRY: 16
DEBUG: src/lcthw/hashmap.c:Hashmap_get_node:205: TRY: 17
DEBUG: src/lcthw/hashmap.c:Hashmap_get_node:205: TRY: 18
DEBUG: src/lcthw/hashmap.c:Hashmap_get_node:205: TRY: 19
DEBUG: src/lcthw/hashmap.c:Hashmap_get_node:205: TRY: 20
DEBUG: src/lcthw/hashmap.c:Hashmap_get_node:205: TRY: 21
DEBUG: src/lcthw/hashmap.c:Hashmap_get_node:205: TRY: 22
DEBUG: src/lcthw/hashmap.c:Hashmap_get_node:205: TRY: 23
DEBUG: src/lcthw/hashmap.c:Hashmap_get_node:205: TRY: 24
DEBUG: src/lcthw/hashmap.c:Hashmap_get_node:205: TRY: 25
DEBUG: src/lcthw/hashmap.c:Hashmap_get_node:205: TRY: 26
DEBUG: src/lcthw/hashmap.c:Hashmap_get_node:205: TRY: 27
DEBUG: src/lcthw/hashmap.c:Hashmap_get_node:205: TRY: 28
DEBUG: src/lcthw/hashmap.c:Hashmap_get_node:205: TRY: 29
DEBUG: src/lcthw/hashmap.c:Hashmap_get_node:205: TRY: 30
DEBUG: src/lcthw/hashmap.c:Hashmap_get_node:205: TRY: 31
DEBUG: src/lcthw/hashmap.c:Hashmap_get_node:205: TRY: 32
DEBUG: src/lcthw/hashmap.c:Hashmap_get_node:205: TRY: 33
DEBUG: src/lcthw/hashmap.c:Hashmap_get_node:205: TRY: 34
DEBUG: src/lcthw/hashmap.c:Hashmap_get_node:205: TRY: 35
DEBUG: src/lcthw/hashmap.c:Hashmap_get_node:205: TRY: 36
DEBUG: src/lcthw/hashmap.c:Hashmap_get_node:205: TRY: 37
DEBUG: src/lcthw/hashmap.c:Hashmap_get_node:205: TRY: 38
DEBUG: src/lcthw/hashmap.c:Hashmap_get_node:205: TRY: 39
DEBUG: src/lcthw/hashmap.c:Hashmap_get_node:205: TRY: 40
DEBUG: src/lcthw/hashmap.c:Hashmap_get_node:205: TRY: 41
DEBUG: src/lcthw/hashmap.c:Hashmap_get_node:205: TRY: 42
DEBUG: src/lcthw/hashmap.c:Hashmap_get_node:205: TRY: 43
DEBUG: src/lcthw/hashmap.c:Hashmap_get_node:205: TRY: 44
DEBUG: src/lcthw/hashmap.c:Hashmap_get_node:205: TRY: 45
DEBUG: src/lcthw/hashmap.c:Hashmap_get_node:205: TRY: 46
DEBUG: src/lcthw/hashmap.c:Hashmap_get_node:205: TRY: 47
DEBUG: src/lcthw/hashmap.c:Hashmap_get_node:205: TRY: 48
DEBUG: src/lcthw/hashmap.c:Hashmap_get_node:205: TRY: 49
DEBUG: src/lcthw/hashmap.c:Hashmap_get_node:205: TRY: 50
DEBUG: src/lcthw/hashmap.c:Hashmap_get_node:205: TRY: 51
DEBUG: src/lcthw/hashmap.c:Hashmap_get_node:205: TRY: 52
DEBUG: src/lcthw/hashmap.c:Hashmap_get_node:205: TRY: 53
DEBUG: src/lcthw/hashmap.c:Hashmap_get_node:205: TRY: 54
DEBUG: src/lcthw/hashmap.c:Hashmap_get_node:205: TRY: 55
DEBUG: src/lcthw/hashmap.c:Hashmap_get_node:205: TRY: 56
DEBUG: src/lcthw/hashmap.c:Hashmap_get_node:205: TRY: 57
DEBUG: src/lcthw/hashmap.c:Hashmap_get_node:205: TRY: 58
DEBUG: src/lcthw/hashmap.c:Hashmap_get_node:205: TRY: 59
DEBUG: src/lcthw/hashmap.c:Hashmap_get_node:205: TRY: 60
DEBUG: src/lcthw/hashmap.c:Hashmap_get_node:205: TRY: 61
DEBUG: src/lcthw/hashmap.c:Hashmap_get_node:205: TRY: 62
DEBUG: src/lcthw/hashmap.c:Hashmap_get_node:205: TRY: 63
DEBUG: src/lcthw/hashmap.c:Hashmap_get_node:205: TRY: 64
DEBUG: src/lcthw/hashmap.c:Hashmap_get_node:205: TRY: 65
DEBUG: src/lcthw/hashmap.c:Hashmap_get_node:205: TRY: 66
DEBUG: src/lcthw/hashmap.c:Hashmap_get_node:205: TRY: 67
DEBUG: src/lcthw/hashmap.c:Hashmap_get_node:205: TRY: 68
DEBUG: src/lcthw/hashmap.c:Hashmap_get_node:205: TRY: 69
DEBUG: src/lcthw/hashmap.c:Hashmap_get_node:205: TRY: 70
DEBUG: src/lcthw/hashmap.c:Hashmap_get_node:205: TRY: 71
DEBUG: src/lcthw/hashmap.c:Hashmap_get_node:205: TRY: 72
DEBUG: src/lcthw/hashmap.c:Hashmap_get_node:205: TRY: 73
DEBUG: src/lcthw/hashmap.c:Hashmap_get_node:205: TRY: 74
DEBUG: src/lcthw/hashmap.c:Hashmap_get_node:205: TRY: 75
DEBUG: src/lcthw/hashmap.c:Hashmap_get_node:205: TRY: 76
DEBUG: src/lcthw/hashmap.c:Hashmap_get_node:205: TRY: 77
DEBUG: src/lcthw/hashmap.c:Hashmap_get_node:205: TRY: 78
DEBUG: src/lcthw/hashmap.c:Hashmap_get_node:205: TRY: 79
DEBUG: src/lcthw/hashmap.c:Hashmap_get_node:205: TRY: 80
DEBUG: src/lcthw/hashmap.c:Hashmap_get_node:205: TRY: 81
DEBUG: src/lcthw/hashmap.c:Hashmap_get_node:205: TRY: 82
DEBUG: src/lcthw/hashmap.c:Hashmap_get_node:205: TRY: 83
DEBUG: src/lcthw/hashmap.c:Hashmap_get_node:205: TRY: 84
DEBUG: src/lcthw/hashmap.c:Hashmap_get_node:205: TRY: 85
DEBUG: src/lcthw/hashmap.c:Hashmap_get_node:205: TRY: 86
DEBUG: src/lcthw/hashmap.c:Hashmap_get_node:205: TRY: 87
DEBUG: src/lcthw/hashmap.c:Hashmap_get_node:205: TRY: 88
DEBUG: src/lcthw/hashmap.c:Hashmap_get_node:205: TRY: 89
DEBUG: src/lcthw/hashmap.c:Hashmap_get_node:205: TRY: 90
DEBUG: src/lcthw/hashmap.c:Hashmap_get_node:205: TRY: 91
DEBUG: src/lcthw/hashmap.c:Hashmap_get_node:205: TRY: 92
DEBUG: src/lcthw/hashmap.c:Hashmap_get_node:205: TRY: 93
DEBUG: src/lcthw/hashmap.c:Hashmap_get_node:205: TRY: 94
DEBUG: src/lcthw/hashmap.c:Hashmap_get_node:205: TRY: 95
DEBUG: src/lcthw/hashmap.c:Hashmap_get_node:205: TRY: 96
DEBUG: src/lcthw/hashmap.c:Hashmap_get_node:205: TRY: 97
DEBUG: src/lcthw/hashmap.c:Hashmap_get_node:205: TRY: 98
DEBUG: src/lcthw/hashmap.c:Hashmap_get_node:205: TRY: 99
DEBUG: src/lcthw/hashmap.c:Hashmap_get_node:205: TRY: 100
DEBUG: src/lcthw/hashmap.c:Hashmap_get_node:205: TRY: 101
DEBUG: src/lcthw/hashmap.c:Hashmap_get_node:205: TRY: 102
DEBUG: src/lcthw/hashmap.c:Hashmap_get_node:205: TRY: 103
DEBUG: src/lcthw/hashmap.c:Hashmap_get_node:205: TRY: 104
DEBUG: src/lcthw/hashmap.c:Hashmap_get_node:205: TRY: 105
DEBUG: src/lcthw/hashmap.c:Hashmap_get_node:205: TRY: 106
DEBUG: src/lcthw/hashmap.c:Hashmap_get_node:205: TRY: 107
DEBUG: src/lcthw/hashmap.c:Hashmap_get_node:205: TRY: 108
DEBUG: src/lcthw/hashmap.c:Hashmap_get_node:205: TRY: 0
DEBUG: src/lcthw/hashmap.c:Hashmap_get_node:205: TRY: 1
DEBUG: src/lcthw/hashmap.c:Hashmap_get_node:205: TRY: 2
DEBUG: src/lcthw/hashmap.c:Hashmap_get_node:205: TRY: 3
DEBUG: src/lcthw/hashmap.c:Hashmap_get_node:205: TRY: 4
DEBUG: src/lcthw/hashmap.c:Hashmap_get_node:205: TRY: 5
DEBUG: src/lcthw/hashmap.c:Hashmap_get_node:205: TRY: 6
DEBUG: src/lcthw/hashmap.c:Hashmap_get_node:205: TRY: 7
DEBUG: src/lcthw/hashmap.c:Hashmap_get_node:205: TRY: 8
DEBUG: src/lcthw/hashmap.c:Hashmap_get_node:205: TRY: 9
DEBUG: src/lcthw/hashmap.c:Hashmap_get_node:205: TRY: 10
DEBUG: src/lcthw/hashmap.c:Hashmap_get_node:205: TRY: 11
DEBUG: src/lcthw/hashmap.c:Hashmap_get_node:205: TRY: 12
DEBUG: src/lcthw/hashmap.c:Hashmap_get_node:205: TRY: 13
DEBUG: src/lcthw/hashmap.c:Hashmap_get_node:205: TRY: 14
DEBUG: src/lcthw/hashmap.c:Hashmap_get_node:205: TRY: 15
DEBUG: src/lcthw/hashmap.c:Hashmap_get_node:205: TRY: 16
DEBUG: src/lcthw/hashmap.c:Hashmap_get_node:205: TRY: 17
DEBUG: src/lcthw/hashmap.c:Hashmap_get_node:205: TRY: 18
DEBUG: src/lcthw/hashmap.c:Hashmap_get_node:205: TRY: 19
DEBUG: src/lcthw/hashmap.c:Hashmap_get_node:205: TRY: 20
DEBUG: src/lcthw/hashmap.c:Hashmap_get_node:205: TRY: 21
DEBUG: src/lcthw/hashmap.c:Hashmap_get_node:205: TRY: 22
DEBUG: src/lcthw/hashmap.c:Hashmap_get_node:205: TRY: 23
DEBUG: src/lcthw/hashmap.c:Hashmap_get_node:205: TRY: 24
DEBUG: src/lcthw/hashmap.c:Hashmap_get_node:205: TRY: 25
DEBUG: src/lcthw/hashmap.c:Hashmap_get_node:205: TRY: 26
DEBUG: src/lcthw/hashmap.c:Hashmap_get_node:205: TRY: 27
DEBUG: src/lcthw/hashmap.c:Hashmap_get_node:205: TRY: 28
DEBUG: src/lcthw/hashmap.c:Hashmap_get_node:205: TRY: 29
DEBUG: src/lcthw/hashmap.c:Hashmap_get_node:205: TRY: 30
DEBUG: src/lcthw/hashmap.c:Hashmap_get_node:205: TRY: 31
DEBUG: src/lcthw/hashmap.c:Hashmap_get_node:205: TRY: 32
DEBUG: src/lcthw/hashmap.c:Hashmap_get_node:205: TRY: 33
DEBUG: src/lcthw/hashmap.c:Hashmap_get_node:205: TRY: 34
DEBUG: src/lcthw/hashmap.c:Hashmap_get_node:205: TRY: 35
DEBUG: src/lcthw/hashmap.c:Hashmap_get_node:205: TRY: 36
DEBUG: src/lcthw/hashmap.c:Hashmap_get_node:205: TRY: 37
DEBUG: src/lcthw/hashmap.c:Hashmap_get_node:205: TRY: 38
DEBUG: src/lcthw/hashmap.c:Hashmap_get_node:205: TRY: 39
DEBUG: src/lcthw/hashmap.c:Hashmap_get_node:205: TRY: 40
DEBUG: src/lcthw/hashmap.c:Hashmap_get_node:205: TRY: 41
DEBUG: src/lcthw/hashmap.c:Hashmap_get_node:205: TRY: 42
DEBUG: src/lcthw/hashmap.c:Hashmap_get_node:205: TRY: 43
DEBUG: src/lcthw/hashmap.c:Hashmap_get_node:205: TRY: 44
DEBUG: src/lcthw/hashmap.c:Hashmap_get_node:205: TRY: 45
DEBUG: src/lcthw/hashmap.c:Hashmap_get_node:205: TRY: 46
DEBUG: src/lcthw/hashmap.c:Hashmap_get_node:205: TRY: 47
DEBUG: src/lcthw/hashmap.c:Hashmap_get_node:205: TRY: 48
DEBUG: src/lcthw/hashmap.c:Hashmap_get_node:205: TRY: 49
DEBUG: src/lcthw/hashmap.c:Hashmap_get_node:205: TRY: 50
DEBUG: src/lcthw/hashmap.c:Hashmap_get_node:205: TRY: 51
DEBUG: src/lcthw/hashmap.c:Hashmap_get_node:205: TRY: 52
DEBUG: src/lcthw/hashmap.c:Hashmap_get_node:205: TRY: 53
DEBUG: src/lcthw/hashmap.c:Hashmap_get_node:205: TRY: 54
DEBUG: src/lcthw/hashmap.c:Hashmap_get_node:205: TRY: 55
DEBUG: src/lcthw/hashmap.c:Hashmap_get_node:205: TRY: 56
DEBUG: src/lcthw/hashmap.c:Hashmap_get_node:205: TRY: 57
DEBUG: src/lcthw/hashmap.c:Hashmap_get_node:205: TRY: 58
DEBUG: src/lcthw/hashmap.c:Hashmap_get_node:205: TRY: 59
DEBUG: src/lcthw/hashmap.c:Hashmap_get_node:205: TRY: 60
DEBUG: src/lcthw/hashmap.c:Hashmap_get_node:205: TRY: 61
DEBUG: src/lcthw/hashmap.c:Hashmap_get_node:205: TRY: 62
DEBUG: src/lcthw/hashmap.c:Hashmap_get_node:205: TRY: 63
DEBUG: src/lcthw/hashmap.c:Hashmap_get_node:205: TRY: 64
DEBUG: src/lcthw/hashmap.c:Hashmap_get_node:205: TRY: 65
DEBUG: src/lcthw/hashmap.c:Hashmap_get_node:205: TRY: 0
DEBUG: src/lcthw/hashmap.c:Hashmap_get_node:205: TRY: 1
DEBUG: src/lcthw/hashmap.c:Hashmap_get_node:205: TRY: 2
DEBUG: src/lcthw/hashmap.c:Hashmap_get_node:205: TRY: 3
DEBUG: src/lcthw/hashmap.c:Hashmap_get_node:205: TRY: 4
DEBUG: src/lcthw/hashmap.c:Hashmap_get_node:205: TRY: 5
DEBUG: src/lcthw/hashmap.c:Hashmap_get_node:205: TRY: 6
DEBUG: src/lcthw/hashmap.c:Hashmap_get_node:205: TRY: 7
DEBUG: src/lcthw/hashmap.c:Hashmap_get_node:205: TRY: 8
DEBUG: src/lcthw/hashmap.c:Hashmap_get_node:205: TRY: 9
DEBUG: src/lcthw/hashmap.c:Hashmap_get_node:205: TRY: 10
DEBUG: src/lcthw/hashmap.c:Hashmap_get_node:205: TRY: 11
DEBUG: src/lcthw/hashmap.c:Hashmap_get_node:205: TRY: 12
DEBUG: src/lcthw/hashmap.c:Hashmap_get_node:205: TRY: 13
DEBUG: src/lcthw/hashmap.c:Hashmap_get_node:205: TRY: 14
DEBUG: src/lcthw/hashmap.c:Hashmap_get_node:205: TRY: 15
DEBUG: src/lcthw/hashmap.c:Hashmap_get_node:205: TRY: 16
DEBUG: src/lcthw/hashmap.c:Hashmap_get_node:205: TRY: 17
DEBUG: src/lcthw/hashmap.c:Hashmap_get_node:205: TRY: 18
DEBUG: src/lcthw/hashmap.c:Hashmap_get_node:205: TRY: 19
DEBUG: src/lcthw/hashmap.c:Hashmap_get_node:205: TRY: 20
DEBUG: src/lcthw/hashmap.c:Hashmap_get_node:205: TRY: 21
DEBUG: src/lcthw/hashmap.c:Hashmap_get_node:205: TRY: 22
DEBUG: src/lcthw/hashmap.c:Hashmap_get_node:205: TRY: 23
DEBUG: src/lcthw/hashmap.c:Hashmap_get_node:205: TRY: 24
DEBUG: src/lcthw/hashmap.c:Hashmap_get_node:205: TRY: 25
DEBUG: src/lcthw/hashmap.c:Hashmap_get_node:205: TRY: 26
DEBUG: src/lcthw/hashmap.c:Hashmap_get_node:205: TRY: 27
DEBUG: src/lcthw/hashmap.c:Hashmap_get_node:205: TRY: 28
DEBUG: src/lcthw/hashmap.c:Hashmap_get_node:205: TRY: 29
DEBUG: src/lcthw/hashmap.c:Hashmap_get_node:205: TRY: 30
DEBUG: src/lcthw/hashmap.c:Hashmap_get_node:205: TRY: 31
DEBUG: src/lcthw/hashmap.c:Hashmap_get_node:205: TRY: 32
DEBUG: src/lcthw/hashmap.c:Hashmap_get_node:205: TRY: 33
DEBUG: src/lcthw/hashmap.c:Hashmap_get_node:205: TRY: 34
DEBUG: src/lcthw/hashmap.c:Hashmap_get_node:205: TRY: 35
DEBUG: src/lcthw/hashmap.c:Hashmap_get_node:205: TRY: 36
DEBUG: src/lcthw/hashmap.c:Hashmap_get_node:205: TRY: 37
DEBUG: src/lcthw/hashmap.c:Hashmap_get_node:205: TRY: 38
DEBUG: src/lcthw/hashmap.c:Hashmap_get_node:205: TRY: 39
DEBUG: src/lcthw/hashmap.c:Hashmap_get_node:205: TRY: 40
DEBUG: src/lcthw/hashmap.c:Hashmap_get_node:205: TRY: 41
DEBUG: src/lcthw/hashmap.c:Hashmap_get_node:205: TRY: 42
DEBUG: src/lcthw/hashmap.c:Hashmap_get_node:205: TRY: 43
DEBUG: src/lcthw/hashmap.c:Hashmap_get_node:205: TRY: 44
DEBUG: src/lcthw/hashmap.c:Hashmap_get_node:205: TRY: 45
DEBUG: src/lcthw/hashmap.c:Hashmap_get_node:205: TRY: 46
DEBUG: src/lcthw/hashmap.c:Hashmap_get_node:205: TRY: 47
DEBUG: src/lcthw/hashmap.c:Hashmap_get_node:205: TRY: 48
DEBUG: src/lcthw/hashmap.c:Hashmap_get_node:205: TRY: 49
DEBUG: src/lcthw/hashmap.c:Hashmap_get_node:205: TRY: 50
DEBUG: src/lcthw/hashmap.c:Hashmap_get_node:205: TRY: 51
DEBUG: src/lcthw/hashmap.c:Hashmap_get_node:205: TRY: 52
DEBUG: src/lcthw/hashmap.c:Hashmap_get_node:205: TRY: 53
DEBUG: src/lcthw/hashmap.c:Hashmap_get_node:205: TRY: 54
DEBUG: src/lcthw/hashmap.c:Hashmap_get_node:205: TRY: 55
DEBUG: src/lcthw/hashmap.c:Hashmap_get_node:205: TRY: 56
DEBUG: src/lcthw/hashmap.c:Hashmap_get_node:205: TRY: 57
DEBUG: src/lcthw/hashmap.c:Hashmap_get_node:205: TRY: 58
DEBUG: src/lcthw/hashmap.c:Hashmap_get_node:205: TRY: 59
DEBUG: src/lcthw/hashmap.c:Hashmap_get_node:205: TRY: 60
DEBUG: src/lcthw/hashmap.c:Hashmap_get_node:205: TRY: 61
DEBUG: src/lcthw/hashmap.c:Hashmap_get_node:205: TRY: 62
DEBUG: src/lcthw/hashmap.c:Hashmap_get_node:205: TRY: 63
DEBUG: src/lcthw/hashmap.c:Hashmap_get_node:205: TRY: 64
DEBUG: src/lcthw/hashmap.c:Hashmap_get_node:205: TRY: 65
DEBUG: src/lcthw/hashmap.c:Hashmap_get_node:205: TRY: 66
DEBUG: src/lcthw/hashmap.c:Hashmap_get_node:205: TRY: 0
DEBUG: src/lcthw/hashmap.c:Hashmap_get_node:205: TRY: 1
DEBUG: src/lcthw/hashmap.c:Hashmap_get_node:205: TRY: 2
DEBUG: src/lcthw/hashmap.c:Hashmap_get_node:205: TRY: 3
DEBUG: src/lcthw/hashmap.c:Hashmap_get_node:205: TRY: 4
DEBUG: src/lcthw/hashmap.c:Hashmap_get_node:205: TRY: 5
DEBUG: src/lcthw/hashmap.c:Hashmap_get_node:205: TRY: 6
DEBUG: src/lcthw/hashmap.c:Hashmap_get_node:205: TRY: 7
DEBUG: src/lcthw/hashmap.c:Hashmap_get_node:205: TRY: 8
DEBUG: src/lcthw/hashmap.c:Hashmap_get_node:205: TRY: 9
DEBUG: src/lcthw/hashmap.c:Hashmap_get_node:205: TRY: 10
DEBUG: src/lcthw/hashmap.c:Hashmap_get_node:205: TRY: 11
DEBUG: src/lcthw/hashmap.c:Hashmap_get_node:205: TRY: 12
DEBUG: src/lcthw/hashmap.c:Hashmap_get_node:205: TRY: 13
DEBUG: src/lcthw/hashmap.c:Hashmap_get_node:205: TRY: 14
DEBUG: src/lcthw/hashmap.c:Hashmap_get_node:205: TRY: 15
DEBUG: src/lcthw/hashmap.c:Hashmap_get_node:205: TRY: 16
DEBUG: src/lcthw/hashmap.c:Hashmap_get_node:205: TRY: 17
DEBUG: src/lcthw/hashmap.c:Hashmap_get_node:205: TRY: 18
DEBUG: src/lcthw/hashmap.c:Hashmap_get_node:205: TRY: 19
DEBUG: src/lcthw/hashmap.c:Hashmap_get_node:205: TRY: 20
DEBUG: src/lcthw/hashmap.c:Hashmap_get_node:205: TRY: 21
DEBUG: src/lcthw/hashmap.c:Hashmap_get_node:205: TRY: 22
DEBUG: src/lcthw/hashmap.c:Hashmap_get_node:205: TRY: 23
DEBUG: src/lcthw/hashmap.c:Hashmap_get_node:205: TRY: 24
DEBUG: src/lcthw/hashmap.c:Hashmap_get_node:205: TRY: 25
DEBUG: src/lcthw/hashmap.c:Hashmap_get_node:205: TRY: 26
DEBUG: src/lcthw/hashmap.c:Hashmap_get_node:205: TRY: 27
DEBUG: src/lcthw/hashmap.c:Hashmap_get_node:205: TRY: 28
DEBUG: src/lcthw/hashmap.c:Hashmap_get_node:205: TRY: 29
DEBUG: src/lcthw/hashmap.c:Hashmap_get_node:205: TRY: 30
DEBUG: src/lcthw/hashmap.c:Hashmap_get_node:205: TRY: 31
DEBUG: src/lcthw/hashmap.c:Hashmap_get_node:205: TRY: 32
DEBUG: src/lcthw/hashmap.c:Hashmap_get_node:205: TRY: 33
DEBUG: src/lcthw/hashmap.c:Hashmap_get_node:205: TRY: 34
DEBUG: src/lcthw/hashmap.c:Hashmap_get_node:205: TRY: 35
DEBUG: src/lcthw/hashmap.c:Hashmap_get_node:205: TRY: 36
DEBUG: src/lcthw/hashmap.c:Hashmap_get_node:205: TRY: 37
DEBUG: src/lcthw/hashmap.c:Hashmap_get_node:205: TRY: 38
DEBUG: src/lcthw/hashmap.c:Hashmap_get_node:205: TRY: 39
DEBUG: src/lcthw/hashmap.c:Hashmap_get_node:205: TRY: 40
DEBUG: src/lcthw/hashmap.c:Hashmap_get_node:205: TRY: 41
DEBUG: src/lcthw/hashmap.c:Hashmap_get_node:205: TRY: 42
DEBUG: src/lcthw/hashmap.c:Hashmap_get_node:205: TRY: 43
DEBUG: src/lcthw/hashmap.c:Hashmap_get_node:205: TRY: 44
DEBUG: src/lcthw/hashmap.c:Hashmap_get_node:205: TRY: 45
DEBUG: src/lcthw/hashmap.c:Hashmap_get_node:205: TRY: 46
DEBUG: src/lcthw/hashmap.c:Hashmap_get_node:205: TRY: 47
DEBUG: src/lcthw/hashmap.c:Hashmap_get_node:205: TRY: 48
DEBUG: src/lcthw/hashmap.c:Hashmap_get_node:205: TRY: 49
DEBUG: src/lcthw/hashmap.c:Hashmap_get_node:205: TRY: 50
DEBUG: src/lcthw/hashmap.c:Hashmap_get_node:205: TRY: 51
DEBUG: src/lcthw/hashmap.c:Hashmap_get_node:205: TRY: 52
DEBUG: src/lcthw/hashmap.c:Hashmap_get_node:205: TRY: 53
DEBUG: src/lcthw/hashmap.c:Hashmap_get_node:205: TRY: 54
DEBUG: src/lcthw/hashmap.c:Hashmap_get_node:205: TRY: 55
DEBUG: src/lcthw/hashmap.c:Hashmap_get_node:205: TRY: 56
DEBUG: src/lcthw/hashmap.c:Hashmap_get_node:205: TRY: 57
DEBUG: src/lcthw/hashmap.c:Hashmap_get_node:205: TRY: 58
DEBUG: src/lcthw/hashmap.c:Hashmap_get_node:205: TRY: 59
DEBUG: src/lcthw/hashmap.c:Hashmap_get_node:205: TRY: 60
DEBUG: src/lcthw/hashmap.c:Hashmap_get_node:205: TRY: 61
DEBUG: src/lcthw/hashmap.c:Hashmap_get_node:205: TRY: 62
DEBUG: src/lcthw/hashmap.c:Hashmap_get_node:205: TRY: 63
DEBUG: src/lcthw/hashmap.c:Hashmap_get_node:205: TRY: 64
DEBUG: src/lcthw/hashmap.c:Hashmap_get_node:205: TRY: 65
DEBUG: src/lcthw/hashmap.c:Hashmap_get_node:205: TRY: 66
DEBUG: src/lcthw/hashmap.c:Hashmap_get_node:205: TRY: 67
DEBUG: src/lcthw/hashmap.c:Hashmap_get_node:205: TRY: 0
DEBUG: src/lcthw/hashmap.c:Hashmap_get_node:205: TRY: 1
DEBUG: src/lcthw/hashmap.c:Hashmap_get_node:205: TRY: 2
DEBUG: src/lcthw/hashmap.c:Hashmap_get_node:205: TRY: 3
DEBUG: src/lcthw/hashmap.c:Hashmap_get_node:205: TRY: 4
DEBUG: src/lcthw/hashmap.c:Hashmap_get_node:205: TRY: 5
DEBUG: src/lcthw/hashmap.c:Hashmap_get_node:205: TRY: 6
DEBUG: src/lcthw/hashmap.c:Hashmap_get_node:205: TRY: 7
DEBUG: src/lcthw/hashmap.c:Hashmap_get_node:205: TRY: 8
DEBUG: src/lcthw/hashmap.c:Hashmap_get_node:205: TRY: 9
DEBUG: src/lcthw/hashmap.c:Hashmap_get_node:205: TRY: 10
DEBUG: src/lcthw/hashmap.c:Hashmap_get_node:205: TRY: 11
DEBUG: src/lcthw/hashmap.c:Hashmap_get_node:205: TRY: 12
DEBUG: src/lcthw/hashmap.c:Hashmap_get_node:205: TRY: 13
DEBUG: src/lcthw/hashmap.c:Hashmap_get_node:205: TRY: 14
DEBUG: src/lcthw/hashmap.c:Hashmap_get_node:205: TRY: 15
DEBUG: src/lcthw/hashmap.c:Hashmap_get_node:205: TRY: 16
DEBUG: src/lcthw/hashmap.c:Hashmap_get_node:205: TRY: 17
DEBUG: src/lcthw/hashmap.c:Hashmap_get_node:205: TRY: 18
DEBUG: src/lcthw/hashmap.c:Hashmap_get_node:205: TRY: 19
DEBUG: src/lcthw/hashmap.c:Hashmap_get_node:205: TRY: 20
DEBUG: src/lcthw/hashmap.c:Hashmap_get_node:205: TRY: 21
DEBUG: src/lcthw/hashmap.c:Hashmap_get_node:205: TRY: 22
DEBUG: src/lcthw/hashmap.c:Hashmap_get_node:205: TRY: 23
DEBUG: src/lcthw/hashmap.c:Hashmap_get_node:205: TRY: 24
DEBUG: src/lcthw/hashmap.c:Hashmap_get_node:205: TRY: 25
DEBUG: src/lcthw/hashmap.c:Hashmap_get_node:205: TRY: 26
DEBUG: src/lcthw/hashmap.c:Hashmap_get_node:205: TRY: 27
DEBUG: src/lcthw/hashmap.c:Hashmap_get_node:205: TRY: 28
DEBUG: src/lcthw/hashmap.c:Hashmap_get_node:205: TRY: 29
DEBUG: src/lcthw/hashmap.c:Hashmap_get_node:205: TRY: 30
DEBUG: src/lcthw/hashmap.c:Hashmap_get_node:205: TRY: 31
DEBUG: src/lcthw/hashmap.c:Hashmap_get_node:205: TRY: 32
DEBUG: src/lcthw/hashmap.c:Hashmap_get_node:205: TRY: 33
DEBUG: src/lcthw/hashmap.c:Hashmap_get_node:205: TRY: 34
DEBUG: src/lcthw/hashmap.c:Hashmap_get_node:205: TRY: 35
DEBUG: src/lcthw/hashmap.c:Hashmap_get_node:205: TRY: 36
DEBUG: src/lcthw/hashmap.c:Hashmap_get_node:205: TRY: 37
DEBUG: src/lcthw/hashmap.c:Hashmap_get_node:205: TRY: 38
DEBUG: src/lcthw/hashmap.c:Hashmap_get_node:205: TRY: 39
DEBUG: src/lcthw/hashmap.c:Hashmap_get_node:205: TRY: 40
DEBUG: src/lcthw/hashmap.c:Hashmap_get_node:205: TRY: 41
DEBUG: src/lcthw/hashmap.c:Hashmap_get_node:205: TRY: 42
DEBUG: src/lcthw/hashmap.c:Hashmap_get_node:205: TRY: 43
DEBUG: src/lcthw/hashmap.c:Hashmap_get_node:205: TRY: 44
DEBUG: src/lcthw/hashmap.c:Hashmap_get_node:205: TRY: 45
DEBUG: src/lcthw/hashmap.c:Hashmap_get_node:205: TRY: 46
DEBUG: src/lcthw/hashmap.c:Hashmap_get_node:205: TRY: 47
DEBUG: src/lcthw/hashmap.c:Hashmap_get_node:205: TRY: 48
DEBUG: src/lcthw/hashmap.c:Hashmap_get_node:205: TRY: 49
DEBUG: src/lcthw/hashmap.c:Hashmap_get_node:205: TRY: 50
DEBUG: src/lcthw/hashmap.c:Hashmap_get_node:205: TRY: 51
DEBUG: src/lcthw/hashmap.c:Hashmap_get_node:205: TRY: 52
DEBUG: src/lcthw/hashmap.c:Hashmap_get_node:205: TRY: 53
DEBUG: src/lcthw/hashmap.c:Hashmap_get_node:205: TRY: 54
DEBUG: src/lcthw/hashmap.c:Hashmap_get_node:205: TRY: 55
DEBUG: src/lcthw/hashmap.c:Hashmap_get_node:205: TRY: 56
DEBUG: src/lcthw/hashmap.c:Hashmap_get_node:205: TRY: 57
DEBUG: src/lcthw/hashmap.c:Hashmap_get_node:205: TRY: 58
DEBUG: src/lcthw/hashmap.c:Hashmap_get_node:205: TRY: 59
DEBUG: src/lcthw/hashmap.c:Hashmap_get_node:205: TRY: 60
DEBUG: src/lcthw/hashmap.c:Hashmap_get_node:205: TRY: 61
DEBUG: src/lcthw/hashmap.c:Hashmap_get_node:205: TRY: 62
DEBUG: src/lcthw/hashmap.c:Hashmap_get_node:205: TRY: 63
DEBUG: src/lcthw/hashmap.c:Hashmap_get_node:205: TRY: 64
DEBUG: src/lcthw/hashmap.c:Hashmap_get_node:205: TRY: 65
DEBUG: src/lcthw/hashmap.c:Hashmap_get_node:205: TRY: 66
DEBUG: src/lcthw/hashmap.c:Hashmap_get_node:205: TRY: 67
DEBUG: src/lcthw/hashmap.c:Hashmap_get_node:205: TRY: 68
DEBUG: src/lcthw/hashmap.c:Hashmap_get_node:205: TRY: 69
DEBUG: src/lcthw/hashmap.c:Hashmap_get_node:205: TRY: 70
DEBUG: src/lcthw/hashmap.c:Hashmap_get_node:205: TRY: 71
DEBUG: src/lcthw/hashmap.c:Hashmap_get_node:205: TRY: 72
DEBUG: src/lcthw/hashmap.c:Hashmap_get_node:205: TRY: 73
DEBUG: src/lcthw/hashmap.c:Hashmap_get_node:205: TRY: 74
DEBUG: src/lcthw/hashmap.c:Hashmap_get_node:205: TRY: 75
DEBUG: src/lcthw/hashmap.c:Hashmap_get_node:205: TRY: 76
DEBUG: src/lcthw/hashmap.c:Hashmap_get_node:205: TRY: 77
DEBUG: src/lcthw/hashmap.c:Hashmap_get_node:205: TRY: 78
DEBUG: src/lcthw/hashmap.c:Hashmap_get_node:205: TRY: 79
DEBUG: src/lcthw/hashmap.c:Hashmap_get_node:205: TRY: 80
DEBUG: src/lcthw/hashmap.c:Hashmap_get_node:205: TRY: 81
DEBUG: src/lcthw/hashmap.c:Hashmap_get_node:205: TRY: 82
DEBUG: src/lcthw/hashmap.c:Hashmap_get_node:205: TRY: 83
DEBUG: src/lcthw/hashmap.c:Hashmap_get_node:205: TRY: 84
DEBUG: src/lcthw/hashmap.c:Hashmap_get_node:205: TRY: 85
DEBUG: src/lcthw/hashmap.c:Hashmap_get_node:205: TRY: 0
DEBUG: src/lcthw/hashmap.c:Hashmap_get_node:205: TRY: 1
DEBUG: src/lcthw/hashmap.c:Hashmap_get_node:205: TRY: 2
DEBUG: src/lcthw/hashmap.c:Hashmap_get_node:205: TRY: 3
DEBUG: src/lcthw/hashmap.c:Hashmap_get_node:205: TRY: 4
DEBUG: src/lcthw/hashmap.c:Hashmap_get_node:205: TRY: 5
DEBUG: src/lcthw/hashmap.c:Hashmap_get_node:205: TRY: 6
DEBUG: src/lcthw/hashmap.c:Hashmap_get_node:205: TRY: 7
DEBUG: src/lcthw/hashmap.c:Hashmap_get_node:205: TRY: 8
DEBUG: src/lcthw/hashmap.c:Hashmap_get_node:205: TRY: 9
DEBUG: src/lcthw/hashmap.c:Hashmap_get_node:205: TRY: 10
DEBUG: src/lcthw/hashmap.c:Hashmap_get_node:205: TRY: 11
DEBUG: src/lcthw/hashmap.c:Hashmap_get_node:205: TRY: 12
DEBUG: src/lcthw/hashmap.c:Hashmap_get_node:205: TRY: 13
DEBUG: src/lcthw/hashmap.c:Hashmap_get_node:205: TRY: 14
DEBUG: src/lcthw/hashmap.c:Hashmap_get_node:205: TRY: 15
DEBUG: src/lcthw/hashmap.c:Hashmap_get_node:205: TRY: 16
DEBUG: src/lcthw/hashmap.c:Hashmap_get_node:205: TRY: 17
DEBUG: src/lcthw/hashmap.c:Hashmap_get_node:205: TRY: 18
DEBUG: src/lcthw/hashmap.c:Hashmap_get_node:205: TRY: 19
DEBUG: src/lcthw/hashmap.c:Hashmap_get_node:205: TRY: 20
DEBUG: src/lcthw/hashmap.c:Hashmap_get_node:205: TRY: 21
DEBUG: src/lcthw/hashmap.c:Hashmap_get_node:205: TRY: 22
DEBUG: src/lcthw/hashmap.c:Hashmap_get_node:205: TRY: 23
DEBUG: src/lcthw/hashmap.c:Hashmap_get_node:205: TRY: 24
DEBUG: src/lcthw/hashmap.c:Hashmap_get_node:205: TRY: 25
DEBUG: src/lcthw/hashmap.c:Hashmap_get_node:205: TRY: 26
DEBUG: src/lcthw/hashmap.c:Hashmap_get_node:205: TRY: 27
DEBUG: src/lcthw/hashmap.c:Hashmap_get_node:205: TRY: 28
DEBUG: src/lcthw/hashmap.c:Hashmap_get_node:205: TRY: 29
DEBUG: src/lcthw/hashmap.c:Hashmap_get_node:205: TRY: 30
DEBUG: src/lcthw/hashmap.c:Hashmap_get_node:205: TRY: 31
DEBUG: src/lcthw/hashmap.c:Hashmap_get_node:205: TRY: 32
DEBUG: src/lcthw/hashmap.c:Hashmap_get_node:205: TRY: 33
DEBUG: src/lcthw/hashmap.c:Hashmap_get_node:205: TRY: 34
DEBUG: src/lcthw/hashmap.c:Hashmap_get_node:205: TRY: 35
DEBUG: src/lcthw/hashmap.c:Hashmap_get_node:205: TRY: 36
DEBUG: src/lcthw/hashmap.c:Hashmap_get_node:205: TRY: 37
DEBUG: src/lcthw/hashmap.c:Hashmap_get_node:205: TRY: 38
DEBUG: src/lcthw/hashmap.c:Hashmap_get_node:205: TRY: 39
DEBUG: src/lcthw/hashmap.c:Hashmap_get_node:205: TRY: 40
DEBUG: src/lcthw/hashmap.c:Hashmap_get_node:205: TRY: 41
DEBUG: src/lcthw/hashmap.c:Hashmap_get_node:205: TRY: 42
DEBUG: src/lcthw/hashmap.c:Hashmap_get_node:205: TRY: 43
DEBUG: src/lcthw/hashmap.c:Hashmap_get_node:205: TRY: 44
DEBUG: src/lcthw/hashmap.c:Hashmap_get_node:205: TRY: 45
DEBUG: src/lcthw/hashmap.c:Hashmap_get_node:205: TRY: 46
DEBUG: src/lcthw/hashmap.c:Hashmap_get_node:205: TRY: 47
DEBUG: src/lcthw/hashmap.c:Hashmap_get_node:205: TRY: 48
DEBUG: src/lcthw/hashmap.c:Hashmap_get_node:205: TRY: 49
DEBUG: src/lcthw/hashmap.c:Hashmap_get_node:205: TRY: 50
DEBUG: src/lcthw/hashmap.c:Hashmap_get_node:205: TRY: 51
DEBUG: src/lcthw/hashmap.c:Hashmap_get_node:205: TRY: 52
DEBUG: src/lcthw/hashmap.c:Hashmap_get_node:205: TRY: 53
DEBUG: src/lcthw/hashmap.c:Hashmap_get_node:205: TRY: 54
DEBUG: src/lcthw/hashmap.c:Hashmap_get_node:205: TRY: 55
DEBUG: src/lcthw/hashmap.c:Hashmap_get_node:205: TRY: 56
DEBUG: src/lcthw/hashmap.c:Hashmap_get_node:205: TRY: 57
DEBUG: src/lcthw/hashmap.c:Hashmap_get_node:205: TRY: 58
DEBUG: src/lcthw/hashmap.c:Hashmap_get_node:205: TRY: 59
DEBUG: src/lcthw/hashmap.c:Hashmap_get_node:205: TRY: 60
DEBUG: src/lcthw/hashmap.c:Hashmap_get_node:205: TRY: 61
DEBUG: src/lcthw/hashmap.c:Hashmap_get_node:205: TRY: 62
DEBUG: src/lcthw/hashmap.c:Hashmap_get_node:205: TRY: 63
DEBUG: src/lcthw/hashmap.c:Hashmap_get_node:205: TRY: 64
DEBUG: src/lcthw/hashmap.c:Hashmap_get_node:205: TRY: 65
DEBUG: src/lcthw/hashmap.c:Hashmap_get_node:205: TRY: 66
DEBUG: src/lcthw/hashmap.c:Hashmap_get_node:205: TRY: 67
DEBUG: src/lcthw/hashmap.c:Hashmap_get_node:205: TRY: 68
DEBUG: src/lcthw/hashmap.c:Hashmap_get_node:205: TRY: 69
DEBUG: src/lcthw/hashmap.c:Hashmap_get_node:205: TRY: 70
DEBUG: src/lcthw/hashmap.c:Hashmap_get_node:205: TRY: 71
DEBUG: src/lcthw/hashmap.c:Hashmap_get_node:205: TRY: 72
DEBUG: src/lcthw/hashmap.c:Hashmap_get_node:205: TRY: 73
DEBUG: src/lcthw/hashmap.c:Hashmap_get_node:205: TRY: 74
DEBUG: src/lcthw/hashmap.c:Hashmap_get_node:205: TRY: 0
DEBUG: src/lcthw/hashmap.c:Hashmap_get_node:205: TRY: 1
DEBUG: src/lcthw/hashmap.c:Hashmap_get_node:205: TRY: 2
DEBUG: src/lcthw/hashmap.c:Hashmap_get_node:205: TRY: 3
DEBUG: src/lcthw/hashmap.c:Hashmap_get_node:205: TRY: 4
DEBUG: src/lcthw/hashmap.c:Hashmap_get_node:205: TRY: 5
DEBUG: src/lcthw/hashmap.c:Hashmap_get_node:205: TRY: 6
DEBUG: src/lcthw/hashmap.c:Hashmap_get_node:205: TRY: 7
DEBUG: src/lcthw/hashmap.c:Hashmap_get_node:205: TRY: 8
DEBUG: src/lcthw/hashmap.c:Hashmap_get_node:205: TRY: 9
DEBUG: src/lcthw/hashmap.c:Hashmap_get_node:205: TRY: 10
DEBUG: src/lcthw/hashmap.c:Hashmap_get_node:205: TRY: 11
DEBUG: src/lcthw/hashmap.c:Hashmap_get_node:205: TRY: 12
DEBUG: src/lcthw/hashmap.c:Hashmap_get_node:205: TRY: 13
DEBUG: src/lcthw/hashmap.c:Hashmap_get_node:205: TRY: 14
DEBUG: src/lcthw/hashmap.c:Hashmap_get_node:205: TRY: 15
DEBUG: src/lcthw/hashmap.c:Hashmap_get_node:205: TRY: 16
DEBUG: src/lcthw/hashmap.c:Hashmap_get_node:205: TRY: 17
DEBUG: src/lcthw/hashmap.c:Hashmap_get_node:205: TRY: 18
DEBUG: src/lcthw/hashmap.c:Hashmap_get_node:205: TRY: 19
DEBUG: src/lcthw/hashmap.c:Hashmap_get_node:205: TRY: 20
DEBUG: src/lcthw/hashmap.c:Hashmap_get_node:205: TRY: 21
DEBUG: src/lcthw/hashmap.c:Hashmap_get_node:205: TRY: 22
DEBUG: src/lcthw/hashmap.c:Hashmap_get_node:205: TRY: 23
DEBUG: src/lcthw/hashmap.c:Hashmap_get_node:205: TRY: 24
DEBUG: src/lcthw/hashmap.c:Hashmap_get_node:205: TRY: 25
DEBUG: src/lcthw/hashmap.c:Hashmap_get_node:205: TRY: 26
DEBUG: src/lcthw/hashmap.c:Hashmap_get_node:205: TRY: 27
DEBUG: src/lcthw/hashmap.c:Hashmap_get_node:205: TRY: 28
DEBUG: src/lcthw/hashmap.c:Hashmap_get_node:205: TRY: 29
DEBUG: src/lcthw/hashmap.c:Hashmap_get_node:205: TRY: 30
DEBUG: src/lcthw/hashmap.c:Hashmap_get_node:205: TRY: 31
DEBUG: src/lcthw/hashmap.c:Hashmap_get_node:205: TRY: 32
DEBUG: src/lcthw/hashmap.c:Hashmap_get_node:205: TRY: 33
DEBUG: src/lcthw/hashmap.c:Hashmap_get_node:205: TRY: 34
DEBUG: src/lcthw/hashmap.c:Hashmap_get_node:205: TRY: 35
DEBUG: src/lcthw/hashmap.c:Hashmap_get_node:205: TRY: 36
DEBUG: src/lcthw/hashmap.c:Hashmap_get_node:205: TRY: 37
DEBUG: src/lcthw/hashmap.c:Hashmap_get_node:205: TRY: 38
DEBUG: src/lcthw/hashmap.c:Hashmap_get_node:205: TRY: 39
DEBUG: src/lcthw/hashmap.c:Hashmap_get_node:205: TRY: 40
DEBUG: src/lcthw/hashmap.c:Hashmap_get_node:205: TRY: 41
DEBUG: src/lcthw/hashmap.c:Hashmap_get_node:205: TRY: 42
DEBUG: src/lcthw/hashmap.c:Hashmap_get_node:205: TRY: 43
DEBUG: src/lcthw/hashmap.c:Hashmap_get_node:205: TRY: 44
DEBUG: src/lcthw/hashmap.c:Hashmap_get_node:205: TRY: 45
DEBUG: src/lcthw/hashmap.c:Hashmap_get_node:205: TRY: 46
DEBUG: src/lcthw/hashmap.c:Hashmap_get_node:205: TRY: 47
DEBUG: src/lcthw/hashmap.c:Hashmap_get_node:205: TRY: 48
DEBUG: src/lcthw/hashmap.c:Hashmap_get_node:205: TRY: 49
DEBUG: src/lcthw/hashmap.c:Hashmap_get_node:205: TRY: 50
DEBUG: src/lcthw/hashmap.c:Hashmap_get_node:205: TRY: 51
DEBUG: src/lcthw/hashmap.c:Hashmap_get_node:205: TRY: 52
DEBUG: src/lcthw/hashmap.c:Hashmap_get_node:205: TRY: 53
DEBUG: src/lcthw/hashmap.c:Hashmap_get_node:205: TRY: 54
DEBUG: src/lcthw/hashmap.c:Hashmap_get_node:205: TRY: 55
DEBUG: src/lcthw/hashmap.c:Hashmap_get_node:205: TRY: 56
DEBUG: src/lcthw/hashmap.c:Hashmap_get_node:205: TRY: 57
DEBUG: src/lcthw/hashmap.c:Hashmap_get_node:205: TRY: 58
DEBUG: src/lcthw/hashmap.c:Hashmap_get_node:205: TRY: 59
DEBUG: src/lcthw/hashmap.c:Hashmap_get_node:205: TRY: 60
DEBUG: src/lcthw/hashmap.c:Hashmap_get_node:205: TRY: 61
DEBUG: src/lcthw/hashmap.c:Hashmap_get_node:205: TRY: 62
DEBUG: src/lcthw/hashmap.c:Hashmap_get_node:205: TRY: 63
DEBUG: src/lcthw/hashmap.c:Hashmap_get_node:205: TRY: 64
DEBUG: src/lcthw/hashmap.c:Hashmap_get_node:205: TRY: 65
DEBUG: src/lcthw/hashmap.c:Hashmap_get_node:205: TRY: 66
DEBUG: src/lcthw/hashmap.c:Hashmap_get_node:205: TRY: 67
DEBUG: src/lcthw/hashmap.c:Hashmap_get_node:205: TRY: 0
DEBUG: src/lcthw/hashmap.c:Hashmap_get_node:205: TRY: 1
DEBUG: src/lcthw/hashmap.c:Hashmap_get_node:205: TRY: 2
DEBUG: src/lcthw/hashmap.c:Hashmap_get_node:205: TRY: 3
DEBUG: src/lcthw/hashmap.c:Hashmap_get_node:205: TRY: 4
DEBUG: src/lcthw/hashmap.c:Hashmap_get_node:205: TRY: 5
DEBUG: src/lcthw/hashmap.c:Hashmap_get_node:205: TRY: 6
DEBUG: src/lcthw/hashmap.c:Hashmap_get_node:205: TRY: 7
DEBUG: src/lcthw/hashmap.c:Hashmap_get_node:205: TRY: 8
DEBUG: src/lcthw/hashmap.c:Hashmap_get_node:205: TRY: 9
DEBUG: src/lcthw/hashmap.c:Hashmap_get_node:205: TRY: 10
DEBUG: src/lcthw/hashmap.c:Hashmap_get_node:205: TRY: 11
DEBUG: src/lcthw/hashmap.c:Hashmap_get_node:205: TRY: 12
DEBUG: src/lcthw/hashmap.c:Hashmap_get_node:205: TRY: 13
DEBUG: src/lcthw/hashmap.c:Hashmap_get_node:205: TRY: 14
DEBUG: src/lcthw/hashmap.c:Hashmap_get_node:205: TRY: 15
DEBUG: src/lcthw/hashmap.c:Hashmap_get_node:205: TRY: 16
DEBUG: src/lcthw/hashmap.c:Hashmap_get_node:205: TRY: 17
DEBUG: src/lcthw/hashmap.c:Hashmap_get_node:205: TRY: 18
DEBUG: src/lcthw/hashmap.c:Hashmap_get_node:205: TRY: 19
DEBUG: src/lcthw/hashmap.c:Hashmap_get_node:205: TRY: 20
DEBUG: src/lcthw/hashmap.c:Hashmap_get_node:205: TRY: 21
DEBUG: src/lcthw/hashmap.c:Hashmap_get_node:205: TRY: 22
DEBUG: src/lcthw/hashmap.c:Hashmap_get_node:205: TRY: 23
DEBUG: src/lcthw/hashmap.c:Hashmap_get_node:205: TRY: 24
DEBUG: src/lcthw/hashmap.c:Hashmap_get_node:205: TRY: 25
DEBUG: src/lcthw/hashmap.c:Hashmap_get_node:205: TRY: 26
DEBUG: src/lcthw/hashmap.c:Hashmap_get_node:205: TRY: 27
DEBUG: src/lcthw/hashmap.c:Hashmap_get_node:205: TRY: 28
DEBUG: src/lcthw/hashmap.c:Hashmap_get_node:205: TRY: 29
DEBUG: src/lcthw/hashmap.c:Hashmap_get_node:205: TRY: 30
DEBUG: src/lcthw/hashmap.c:Hashmap_get_node:205: TRY: 31
DEBUG: src/lcthw/hashmap.c:Hashmap_get_node:205: TRY: 32
DEBUG: src/lcthw/hashmap.c:Hashmap_get_node:205: TRY: 33
DEBUG: src/lcthw/hashmap.c:Hashmap_get_node:205: TRY: 34
DEBUG: src/lcthw/hashmap.c:Hashmap_get_node:205: TRY: 35
DEBUG: src/lcthw/hashmap.c:Hashmap_get_node:205: TRY: 36
DEBUG: src/lcthw/hashmap.c:Hashmap_get_node:205: TRY: 37
DEBUG: src/lcthw/hashmap.c:Hashmap_get_node:205: TRY: 38
DEBUG: src/lcthw/hashmap.c:Hashmap_get_node:205: TRY: 39
DEBUG: src/lcthw/hashmap.c:Hashmap_get_node:205: TRY: 40
DEBUG: src/lcthw/hashmap.c:Hashmap_get_node:205: TRY: 41
DEBUG: src/lcthw/hashmap.c:Hashmap_get_node:205: TRY: 42
DEBUG: src/lcthw/hashmap.c:Hashmap_get_node:205: TRY: 43
DEBUG: src/lcthw/hashmap.c:Hashmap_get_node:205: TRY: 44
DEBUG: src/lcthw/hashmap.c:Hashmap_get_node:205: TRY: 45
DEBUG: src/lcthw/hashmap.c:Hashmap_get_node:205: TRY: 46
DEBUG: src/lcthw/hashmap.c:Hashmap_get_node:205: TRY: 47
DEBUG: src/lcthw/hashmap.c:Hashmap_get_node:205: TRY: 48
DEBUG: src/lcthw/hashmap.c:Hashmap_get_node:205: TRY: 49
DEBUG: src/lcthw/hashmap.c:Hashmap_get_node:205: TRY: 50
DEBUG: src/lcthw/hashmap.c:Hashmap_get_node:205: TRY: 51
DEBUG: src/lcthw/hashmap.c:Hashmap_get_node:205: TRY: 52
DEBUG: src/lcthw/hashmap.c:Hashmap_get_node:205: TRY: 53
DEBUG: src/lcthw/hashmap.c:Hashmap_get_node:205: TRY: 54
DEBUG: src/lcthw/hashmap.c:Hashmap_get_node:205: TRY: 55
DEBUG: src/lcthw/hashmap.c:Hashmap_get_node:205: TRY: 56
DEBUG: src/lcthw/hashmap.c:Hashmap_get_node:205: TRY: 57
DEBUG: src/lcthw/hashmap.c:Hashmap_get_node:205: TRY: 58
DEBUG: src/lcthw/hashmap.c:Hashmap_get_node:205: TRY: 59
DEBUG: src/lcthw/hashmap.c:Hashmap_get_node:205: TRY: 60
DEBUG: src/lcthw/hashmap.c:Hashmap_get_node:205: TRY: 61
DEBUG: src/lcthw/hashmap.c:Hashmap_get_node:205: TRY: 62
DEBUG: src/lcthw/hashmap.c:Hashmap_get_node:205: TRY: 63
DEBUG: src/lcthw/hashmap.c:Hashmap_get_node:205: TRY: 64
DEBUG: src/lcthw/hashmap.c:Hashmap_get_node:205: TRY: 65
DEBUG: src/lcthw/hashmap.c:Hashmap_get_node:205: TRY: 66
DEBUG: src/lcthw/hashmap.c:Hashmap_get_node:205: TRY: 67
DEBUG: src/lcthw/hashmap.c:Hashmap_get_node:205: TRY: 68
DEBUG: src/lcthw/hashmap.c:Hashmap_get_node:205: TRY: 0
DEBUG: src/lcthw/hashmap.c:Hashmap_get_node:205: TRY: 1
DEBUG: src/lcthw/hashmap.c:Hashmap_get_node:205: TRY: 2
DEBUG: src/lcthw/hashmap.c:Hashmap_get_node:205: TRY: 3
DEBUG: src/lcthw/hashmap.c:Hashmap_get_node:205: TRY: 4
DEBUG: src/lcthw/hashmap.c:Hashmap_get_node:205: TRY: 5
DEBUG: src/lcthw/hashmap.c:Hashmap_get_node:205: TRY: 6
DEBUG: src/lcthw/hashmap.c:Hashmap_get_node:205: TRY: 7
DEBUG: src/lcthw/hashmap.c:Hashmap_get_node:205: TRY: 8
DEBUG: src/lcthw/hashmap.c:Hashmap_get_node:205: TRY: 9
DEBUG: src/lcthw/hashmap.c:Hashmap_get_node:205: TRY: 10
DEBUG: src/lcthw/hashmap.c:Hashmap_get_node:205: TRY: 11
DEBUG: src/lcthw/hashmap.c:Hashmap_get_node:205: TRY: 12
DEBUG: src/lcthw/hashmap.c:Hashmap_get_node:205: TRY: 13
DEBUG: src/lcthw/hashmap.c:Hashmap_get_node:205: TRY: 14
DEBUG: src/lcthw/hashmap.c:Hashmap_get_node:205: TRY: 15
DEBUG: src/lcthw/hashmap.c:Hashmap_get_node:205: TRY: 16
DEBUG: src/lcthw/hashmap.c:Hashmap_get_node:205: TRY: 17
DEBUG: src/lcthw/hashmap.c:Hashmap_get_node:205: TRY: 18
DEBUG: src/lcthw/hashmap.c:Hashmap_get_node:205: TRY: 19
DEBUG: src/lcthw/hashmap.c:Hashmap_get_node:205: TRY: 20
DEBUG: src/lcthw/hashmap.c:Hashmap_get_node:205: TRY: 21
DEBUG: src/lcthw/hashmap.c:Hashmap_get_node:205: TRY: 22
DEBUG: src/lcthw/hashmap.c:Hashmap_get_node:205: TRY: 23
DEBUG: src/lcthw/hashmap.c:Hashmap_get_node:205: TRY: 24
DEBUG: src/lcthw/hashmap.c:Hashmap_get_node:205: TRY: 25
DEBUG: src/lcthw/hashmap.c:Hashmap_get_node:205: TRY: 26
DEBUG: src/lcthw/hashmap.c:Hashmap_get_node:205: TRY: 27
DEBUG: src/lcthw/hashmap.c:Hashmap_get_node:205: TRY: 28
DEBUG: src/lcthw/hashmap.c:Hashmap_get_node:205: TRY: 29
DEBUG: src/lcthw/hashmap.c:Hashmap_get_node:205: TRY: 30
DEBUG: src/lcthw/hashmap.c:Hashmap_get_node:205: TRY: 31
DEBUG: src/lcthw/hashmap.c:Hashmap_get_node:205: TRY: 32
DEBUG: src/lcthw/hashmap.c:Hashmap_get_node:205: TRY: 33
DEBUG: src/lcthw/hashmap.c:Hashmap_get_node:205: TRY: 34
DEBUG: src/lcthw/hashmap.c:Hashmap_get_node:205: TRY: 35
DEBUG: src/lcthw/hashmap.c:Hashmap_get_node:205: TRY: 36
DEBUG: src/lcthw/hashmap.c:Hashmap_get_node:205: TRY: 37
DEBUG: src/lcthw/hashmap.c:Hashmap_get_node:205: TRY: 38
DEBUG: src/lcthw/hashmap.c:Hashmap_get_node:205: TRY: 39
DEBUG: src/lcthw/hashmap.c:Hashmap_get_node:205: TRY: 40
DEBUG: src/lcthw/hashmap.c:Hashmap_get_node:205: TRY: 41
DEBUG: src/lcthw/hashmap.c:Hashmap_get_node:205: TRY: 42
DEBUG: src/lcthw/hashmap.c:Hashmap_get_node:205: TRY: 43
DEBUG: src/lcthw/hashmap.c:Hashmap_get_node:205: TRY: 44
DEBUG: src/lcthw/hashmap.c:Hashmap_get_node:205: TRY: 45
DEBUG: src/lcthw/hashmap.c:Hashmap_get_node:205: TRY: 46
DEBUG: src/lcthw/hashmap.c:Hashmap_get_node:205: TRY: 47
DEBUG: src/lcthw/hashmap.c:Hashmap_get_node:205: TRY: 48
DEBUG: src/lcthw/hashmap.c:Hashmap_get_node:205: TRY: 49
DEBUG: src/lcthw/hashmap.c:Hashmap_get_node:205: TRY: 50
DEBUG: src/lcthw/hashmap.c:Hashmap_get_node:205: TRY: 51
DEBUG: src/lcthw/hashmap.c:Hashmap_get_node:205: TRY: 52
DEBUG: src/lcthw/hashmap.c:Hashmap_get_node:205: TRY: 53
DEBUG: src/lcthw/hashmap.c:Hashmap_get_node:205: TRY: 54
DEBUG: src/lcthw/hashmap.c:Hashmap_get_node:205: TRY: 55
DEBUG: src/lcthw/hashmap.c:Hashmap_get_node:205: TRY: 56
DEBUG: src/lcthw/hashmap.c:Hashmap_get_node:205: TRY: 57
DEBUG: src/lcthw/hashmap.c:Hashmap_get_node:205: TRY: 58
DEBUG: src/lcthw/hashmap.c:Hashmap_get_node:205: TRY: 59
DEBUG: src/lcthw/hashmap.c:Hashmap_get_node:205: TRY: 60
DEBUG: src/lcthw/hashmap.c:Hashmap_get_node:205: TRY: 61
DEBUG: src/lcthw/hashmap.c:Hashmap_get_node:205: TRY: 62
DEBUG: src/lcthw/hashmap.c:Hashmap_get_node:205: TRY: 63
DEBUG: src/lcthw/hashmap.c:Hashmap_get_node:205: TRY: 64
DEBUG: src/lcthw/hashmap.c:Hashmap_get_node:205: TRY: 65
DEBUG: src/lcthw/hashmap.c:Hashmap_get_node:205: TRY: 66
DEBUG: src/lcthw/hashmap.c:Hashmap_get_node:205: TRY: 67
DEBUG: src/lcthw/hashmap.c:Hashmap_get_node:205: TRY: 68
DEBUG: src/lcthw/hashmap.c:Hashmap_get_node:205: TRY: 0
DEBUG: src/lcthw/hashmap.c:Hashmap_get_node:205: TRY: 1
DEBUG: src/lcthw/hashmap.c:Hashmap_get_node:205: TRY: 2
DEBUG: src/lcthw/hashmap.c:Hashmap_get_node:205: TRY: 3
DEBUG: src/lcthw/hashmap.c:Hashmap_get_node:205: TRY: 4
DEBUG: src/lcthw/hashmap.c:Hashmap_get_node:205: TRY: 5
DEBUG: src/lcthw/hashmap.c:Hashmap_get_node:205: TRY: 6
DEBUG: src/lcthw/hashmap.c:Hashmap_get_node:205: TRY: 7
DEBUG: src/lcthw/hashmap.c:Hashmap_get_node:205: TRY: 8
DEBUG: src/lcthw/hashmap.c:Hashmap_get_node:205: TRY: 9
DEBUG: src/lcthw/hashmap.c:Hashmap_get_node:205: TRY: 10
DEBUG: src/lcthw/hashmap.c:Hashmap_get_node:205: TRY: 11
DEBUG: src/lcthw/hashmap.c:Hashmap_get_node:205: TRY: 12
DEBUG: src/lcthw/hashmap.c:Hashmap_get_node:205: TRY: 13
DEBUG: src/lcthw/hashmap.c:Hashmap_get_node:205: TRY: 14
DEBUG: src/lcthw/hashmap.c:Hashmap_get_node:205: TRY: 15
DEBUG: src/lcthw/hashmap.c:Hashmap_get_node:205: TRY: 16
DEBUG: src/lcthw/hashmap.c:Hashmap_get_node:205: TRY: 17
DEBUG: src/lcthw/hashmap.c:Hashmap_get_node:205: TRY: 18
DEBUG: src/lcthw/hashmap.c:Hashmap_get_node:205: TRY: 19
DEBUG: src/lcthw/hashmap.c:Hashmap_get_node:205: TRY: 20
DEBUG: src/lcthw/hashmap.c:Hashmap_get_node:205: TRY: 21
DEBUG: src/lcthw/hashmap.c:Hashmap_get_node:205: TRY: 22
DEBUG: src/lcthw/hashmap.c:Hashmap_get_node:205: TRY: 23
DEBUG: src/lcthw/hashmap.c:Hashmap_get_node:205: TRY: 24
DEBUG: src/lcthw/hashmap.c:Hashmap_get_node:205: TRY: 25
DEBUG: src/lcthw/hashmap.c:Hashmap_get_node:205: TRY: 26
DEBUG: src/lcthw/hashmap.c:Hashmap_get_node:205: TRY: 27
DEBUG: src/lcthw/hashmap.c:Hashmap_get_node:205: TRY: 28
DEBUG: src/lcthw/hashmap.c:Hashmap_get_node:205: TRY: 29
DEBUG: src/lcthw/hashmap.c:Hashmap_get_node:205: TRY: 30
DEBUG: src/lcthw/hashmap.c:Hashmap_get_node:205: TRY: 31
DEBUG: src/lcthw/hashmap.c:Hashmap_get_node:205: TRY: 32
DEBUG: src/lcthw/hashmap.c:Hashmap_get_node:205: TRY: 33
DEBUG: src/lcthw/hashmap.c:Hashmap_get_node:205: TRY: 34
DEBUG: src/lcthw/hashmap.c:Hashmap_get_node:205: TRY: 35
DEBUG: src/lcthw/hashmap.c:Hashmap_get_node:205: TRY: 36
DEBUG: src/lcthw/hashmap.c:Hashmap_get_node:205: TRY: 37
DEBUG: src/lcthw/hashmap.c:Hashmap_get_node:205: TRY: 38
DEBUG: src/lcthw/hashmap.c:Hashmap_get_node:205: TRY: 39
DEBUG: src/lcthw/hashmap.c:Hashmap_get_node:205: TRY: 40
DEBUG: src/lcthw/hashmap.c:Hashmap_get_node:205: TRY: 41
DEBUG: src/lcthw/hashmap.c:Hashmap_get_node:205: TRY: 42
DEBUG: src/lcthw/hashmap.c:Hashmap_get_node:205: TRY: 43
DEBUG: src/lcthw/hashmap.c:Hashmap_get_node:205: TRY: 44
DEBUG: src/lcthw/hashmap.c:Hashmap_get_node:205: TRY: 45
DEBUG: src/lcthw/hashmap.c:Hashmap_get_node:205: TRY: 46
DEBUG: src/lcthw/hashmap.c:Hashmap_get_node:205: TRY: 47
DEBUG: src/lcthw/hashmap.c:Hashmap_get_node:205: TRY: 48
DEBUG: src/lcthw/hashmap.c:Hashmap_get_node:205: TRY: 49
DEBUG: src/lcthw/hashmap.c:Hashmap_get_node:205: TRY: 50
DEBUG: src/lcthw/hashmap.c:Hashmap_get_node:205: TRY: 51
DEBUG: src/lcthw/hashmap.c:Hashmap_get_node:205: TRY: 52
DEBUG: src/lcthw/hashmap.c:Hashmap_get_node:205: TRY: 53
DEBUG: src/lcthw/hashmap.c:Hashmap_get_node:205: TRY: 54
DEBUG: src/lcthw/hashmap.c:Hashmap_get_node:205: TRY: 55
DEBUG: src/lcthw/hashmap.c:Hashmap_get_node:205: TRY: 56
DEBUG: src/lcthw/hashmap.c:Hashmap_get_node:205: TRY: 57
DEBUG: src/lcthw/hashmap.c:Hashmap_get_node:205: TRY: 58
DEBUG: src/lcthw/hashmap.c:Hashmap_get_node:205: TRY: 59
DEBUG: src/lcthw/hashmap.c:Hashmap_get_node:205: TRY: 60
DEBUG: src/lcthw/hashmap.c:Hashmap_get_node:205: TRY: 61
DEBUG: src/lcthw/hashmap.c:Hashmap_get_node:205: TRY: 62
DEBUG: src/lcthw/hashmap.c:Hashmap_get_node:205: TRY: 63
DEBUG: src/lcthw/hashmap.c:Hashmap_get_node:205: TRY: 64
DEBUG: src/lcthw/hashmap.c:Hashmap_get_node:205: TRY: 65
DEBUG: src/lcthw/hashmap.c:Hashmap_get_node:205: TRY: 66
DEBUG: src/lcthw/hashmap.c:Hashmap_get_node:205: TRY: 67
DEBUG: src/lcthw/hashmap.c:Hashmap_get_node:205: TRY: 68
DEBUG: src/lcthw/hashmap.c:Hashmap_get_node:205: TRY: 69
DEBUG: src/lcthw/hashmap.c:Hashmap_get_node:205: TRY: 70
DEBUG: src/lcthw/hashmap.c:Hashmap_get_node:205: TRY: 71
DEBUG: src/lcthw/hashmap.c:Hashmap_get_node:205: TRY: 72
DEBUG: src/lcthw/hashmap.c:Hashmap_get_node:205: TRY: 73
DEBUG: src/lcthw/hashmap.c:Hashmap_get_node:205: TRY: 74
DEBUG: src/lcthw/hashmap.c:Hashmap_get_node:205: TRY: 75
DEBUG: src/lcthw/hashmap.c:Hashmap_get_node:205: TRY: 0
DEBUG: src/lcthw/hashmap.c:Hashmap_get_node:205: TRY: 1
DEBUG: src/lcthw/hashmap.c:Hashmap_get_node:205: TRY: 2
DEBUG: src/lcthw/hashmap.c:Hashmap_get_node:205: TRY: 3
DEBUG: src/lcthw/hashmap.c:Hashmap_get_node:205: TRY: 4
DEBUG: src/lcthw/hashmap.c:Hashmap_get_node:205: TRY: 5
DEBUG: src/lcthw/hashmap.c:Hashmap_get_node:205: TRY: 6
DEBUG: src/lcthw/hashmap.c:Hashmap_get_node:205: TRY: 7
DEBUG: src/lcthw/hashmap.c:Hashmap_get_node:205: TRY: 8
DEBUG: src/lcthw/hashmap.c:Hashmap_get_node:205: TRY: 9
DEBUG: src/lcthw/hashmap.c:Hashmap_get_node:205: TRY: 10
DEBUG: src/lcthw/hashmap.c:Hashmap_get_node:205: TRY: 11
DEBUG: src/lcthw/hashmap.c:Hashmap_get_node:205: TRY: 12
DEBUG: src/lcthw/hashmap.c:Hashmap_get_node:205: TRY: 13
DEBUG: src/lcthw/hashmap.c:Hashmap_get_node:205: TRY: 14
DEBUG: src/lcthw/hashmap.c:Hashmap_get_node:205: TRY: 15
DEBUG: src/lcthw/hashmap.c:Hashmap_get_node:205: TRY: 16
DEBUG: src/lcthw/hashmap.c:Hashmap_get_node:205: TRY: 17
DEBUG: src/lcthw/hashmap.c:Hashmap_get_node:205: TRY: 18
DEBUG: src/lcthw/hashmap.c:Hashmap_get_node:205: TRY: 19
DEBUG: src/lcthw/hashmap.c:Hashmap_get_node:205: TRY: 20
DEBUG: src/lcthw/hashmap.c:Hashmap_get_node:205: TRY: 21
DEBUG: src/lcthw/hashmap.c:Hashmap_get_node:205: TRY: 22
DEBUG: src/lcthw/hashmap.c:Hashmap_get_node:205: TRY: 23
DEBUG: src/lcthw/hashmap.c:Hashmap_get_node:205: TRY: 24
DEBUG: src/lcthw/hashmap.c:Hashmap_get_node:205: TRY: 25
DEBUG: src/lcthw/hashmap.c:Hashmap_get_node:205: TRY: 26
DEBUG: src/lcthw/hashmap.c:Hashmap_get_node:205: TRY: 27
DEBUG: src/lcthw/hashmap.c:Hashmap_get_node:205: TRY: 28
DEBUG: src/lcthw/hashmap.c:Hashmap_get_node:205: TRY: 29
DEBUG: src/lcthw/hashmap.c:Hashmap_get_node:205: TRY: 30
DEBUG: src/lcthw/hashmap.c:Hashmap_get_node:205: TRY: 31
DEBUG: src/lcthw/hashmap.c:Hashmap_get_node:205: TRY: 32
DEBUG: src/lcthw/hashmap.c:Hashmap_get_node:205: TRY: 33
DEBUG: src/lcthw/hashmap.c:Hashmap_get_node:205: TRY: 34
DEBUG: src/lcthw/hashmap.c:Hashmap_get_node:205: TRY: 35
DEBUG: src/lcthw/hashmap.c:Hashmap_get_node:205: TRY: 36
DEBUG: src/lcthw/hashmap.c:Hashmap_get_node:205: TRY: 37
DEBUG: src/lcthw/hashmap.c:Hashmap_get_node:205: TRY: 38
DEBUG: src/lcthw/hashmap.c:Hashmap_get_node:205: TRY: 39
DEBUG: src/lcthw/hashmap.c:Hashmap_get_node:205: TRY: 40
DEBUG: src/lcthw/hashmap.c:Hashmap_get_node:205: TRY: 41
DEBUG: src/lcthw/hashmap.c:Hashmap_get_node:205: TRY: 42
DEBUG: src/lcthw/hashmap.c:Hashmap_get_node:205: TRY: 43
DEBUG: src/lcthw/hashmap.c:Hashmap_get_node:205: TRY: 44
DEBUG: src/lcthw/hashmap.c:Hashmap_get_node:205: TRY: 45
DEBUG: src/lcthw/hashmap.c:Hashmap_get_node:205: TRY: 46
DEBUG: src/lcthw/hashmap.c:Hashmap_get_node:205: TRY: 47
DEBUG: src/lcthw/hashmap.c:Hashmap_get_node:205: TRY: 48
DEBUG: src/lcthw/hashmap.c:Hashmap_get_node:205: TRY: 49
DEBUG: src/lcthw/hashmap.c:Hashmap_get_node:205: TRY: 50
DEBUG: src/lcthw/hashmap.c:Hashmap_get_node:205: TRY: 51
DEBUG: src/lcthw/hashmap.c:Hashmap_get_node:205: TRY: 52
DEBUG: src/lcthw/hashmap.c:Hashmap_get_node:205: TRY: 53
DEBUG: src/lcthw/hashmap.c:Hashmap_get_node:205: TRY: 54
DEBUG: src/lcthw/hashmap.c:Hashmap_get_node:205: TRY: 55
DEBUG: src/lcthw/hashmap.c:Hashmap_get_node:205: TRY: 56
DEBUG: src/lcthw/hashmap.c:Hashmap_get_node:205: TRY: 57
DEBUG: src/lcthw/hashmap.c:Hashmap_get_node:205: TRY: 58
DEBUG: src/lcthw/hashmap.c:Hashmap_get_node:205: TRY: 59
DEBUG: src/lcthw/hashmap.c:Hashmap_get_node:205: TRY: 60
DEBUG: src/lcthw/hashmap.c:Hashmap_get_node:205: TRY: 61
DEBUG: src/lcthw/hashmap.c:Hashmap_get_node:205: TRY: 62
DEBUG: src/lcthw/hashmap.c:Hashmap_get_node:205: TRY: 63
DEBUG: src/lcthw/hashmap.c:Hashmap_get_node:205: TRY: 64
DEBUG: src/lcthw/hashmap.c:Hashmap_get_node:205: TRY: 65
DEBUG: src/lcthw/hashmap.c:Hashmap_get_node:205: TRY: 66
DEBUG: src/lcthw/hashmap.c:Hashmap_get_node:205: TRY: 67
DEBUG: src/lcthw/hashmap.c:Hashmap_get_node:205: TRY: 68
DEBUG: src/lcthw/hashmap.c:Hashmap_get_node:205: TRY: 69
DEBUG: src/lcthw/hashmap.c:Hashmap_get_node:205: TRY: 70
DEBUG: src/lcthw/hashmap.c:Hashmap_get_node:205: TRY: 71
DEBUG: src/lcthw/hashmap.c:Hashmap_get_node:205: TRY: 72
DEBUG: src/lcthw/hashmap.c:Hashmap_get_node:205: TRY: 73
DEBUG: src/lcthw/hashmap.c:Hashmap_get_node:205: TRY: 74
DEBUG: src/lcthw/hashmap.c:Hashmap_get_node:205: TRY: 75
DEBUG: src/lcthw/hashmap.c:Hashmap_get_node:205: TRY: 76
DEBUG: src/lcthw/hashmap.c:Hashmap_get_node:205: TRY: 77
DEBUG: src/lcthw/hashmap.c:Hashmap_get_node:205: TRY: 78
DEBUG: src/lcthw/hashmap.c:Hashmap_get_node:205: TRY: 79
DEBUG: src/lcthw/hashmap.c:Hashmap_get_node:205: TRY: 0
DEBUG: src/lcthw/hashmap.c:Hashmap_get_node:205: TRY: 1
DEBUG: src/lcthw/hashmap.c:Hashmap_get_node:205: TRY: 2
DEBUG: src/lcthw/hashmap.c:Hashmap_get_node:205: TRY: 3
DEBUG: src/lcthw/hashmap.c:Hashmap_get_node:205: TRY: 4
DEBUG: src/lcthw/hashmap.c:Hashmap_get_node:205: TRY: 5
DEBUG: src/lcthw/hashmap.c:Hashmap_get_node:205: TRY: 6
DEBUG: src/lcthw/hashmap.c:Hashmap_get_node:205: TRY: 7
DEBUG: src/lcthw/hashmap.c:Hashmap_get_node:205: TRY: 8
DEBUG: src/lcthw/hashmap.c:Hashmap_get_node:205: TRY: 9
DEBUG: src/lcthw/hashmap.c:Hashmap_get_node:205: TRY: 10
DEBUG: src/lcthw/hashmap.c:Hashmap_get_node:205: TRY: 11
DEBUG: src/lcthw/hashmap.c:Hashmap_get_node:205: TRY: 12
DEBUG: src/lcthw/hashmap.c:Hashmap_get_node:205: TRY: 13
DEBUG: src/lcthw/hashmap.c:Hashmap_get_node:205: TRY: 14
DEBUG: src/lcthw/hashmap.c:Hashmap_get_node:205: TRY: 15
DEBUG: src/lcthw/hashmap.c:Hashmap_get_node:205: TRY: 16
DEBUG: src/lcthw/hashmap.c:Hashmap_get_node:205: TRY: 17
DEBUG: src/lcthw/hashmap.c:Hashmap_get_node:205: TRY: 18
DEBUG: src/lcthw/hashmap.c:Hashmap_get_node:205: TRY: 19
DEBUG: src/lcthw/hashmap.c:Hashmap_get_node:205: TRY: 20
DEBUG: src/lcthw/hashmap.c:Hashmap_get_node:205: TRY: 21
DEBUG: src/lcthw/hashmap.c:Hashmap_get_node:205: TRY: 22
DEBUG: src/lcthw/hashmap.c:Hashmap_get_node:205: TRY: 23
DEBUG: src/lcthw/hashmap.c:Hashmap_get_node:205: TRY: 24
DEBUG: src/lcthw/hashmap.c:Hashmap_get_node:205: TRY: 25
DEBUG: src/lcthw/hashmap.c:Hashmap_get_node:205: TRY: 26
DEBUG: src/lcthw/hashmap.c:Hashmap_get_node:205: TRY: 27
DEBUG: src/lcthw/hashmap.c:Hashmap_get_node:205: TRY: 28
DEBUG: src/lcthw/hashmap.c:Hashmap_get_node:205: TRY: 29
DEBUG: src/lcthw/hashmap.c:Hashmap_get_node:205: TRY: 30
DEBUG: src/lcthw/hashmap.c:Hashmap_get_node:205: TRY: 31
DEBUG: src/lcthw/hashmap.c:Hashmap_get_node:205: TRY: 32
DEBUG: src/lcthw/hashmap.c:Hashmap_get_node:205: TRY: 33
DEBUG: src/lcthw/hashmap.c:Hashmap_get_node:205: TRY: 34
DEBUG: src/lcthw/hashmap.c:Hashmap_get_node:205: TRY: 35
DEBUG: src/lcthw/hashmap.c:Hashmap_get_node:205: TRY: 36
DEBUG: src/lcthw/hashmap.c:Hashmap_get_node:205: TRY: 37
DEBUG: src/lcthw/hashmap.c:Hashmap_get_node:205: TRY: 38
DEBUG: src/lcthw/hashmap.c:Hashmap_get_node:205: TRY: 39
DEBUG: src/lcthw/hashmap.c:Hashmap_get_node:205: TRY: 40
DEBUG: src/lcthw/hashmap.c:Hashmap_get_node:205: TRY: 41
DEBUG: src/lcthw/hashmap.c:Hashmap_get_node:205: TRY: 42
DEBUG: src/lcthw/hashmap.c:Hashmap_get_node:205: TRY: 43
DEBUG: src/lcthw/hashmap.c:Hashmap_get_node:205: TRY: 44
DEBUG: src/lcthw/hashmap.c:Hashmap_get_node:205: TRY: 45
DEBUG: src/lcthw/hashmap.c:Hashmap_get_node:205: TRY: 46
DEBUG: src/lcthw/hashmap.c:Hashmap_get_node:205: TRY: 47
DEBUG: src/lcthw/hashmap.c:Hashmap_get_node:205: TRY: 48
DEBUG: src/lcthw/hashmap.c:Hashmap_get_node:205: TRY: 49
DEBUG: src/lcthw/hashmap.c:Hashmap_get_node:205: TRY: 50
DEBUG: src/lcthw/hashmap.c:Hashmap_get_node:205: TRY: 51
DEBUG: src/lcthw/hashmap.c:Hashmap_get_node:205: TRY: 52
DEBUG: src/lcthw/hashmap.c:Hashmap_get_node:205: TRY: 53
DEBUG: src/lcthw/hashmap.c:Hashmap_get_node:205: TRY: 54
DEBUG: src/lcthw/hashmap.c:Hashmap_get_node:205: TRY: 55
DEBUG: src/lcthw/hashmap.c:Hashmap_get_node:205: TRY: 56
DEBUG: src/lcthw/hashmap.c:Hashmap_get_node:205: TRY: 57
DEBUG: src/lcthw/hashmap.c:Hashmap_get_node:205: TRY: 58
DEBUG: src/lcthw/hashmap.c:Hashmap_get_node:205: TRY: 59
DEBUG: src/lcthw/hashmap.c:Hashmap_get_node:205: TRY: 60
DEBUG: src/lcthw/hashmap.c:Hashmap_get_node:205: TRY: 61
DEBUG: src/lcthw/hashmap.c:Hashmap_get_node:205: TRY: 62
DEBUG: src/lcthw/hashmap.c:Hashmap_get_node:205: TRY: 63
DEBUG: src/lcthw/hashmap.c:Hashmap_get_node:205: TRY: 64
DEBUG: src/lcthw/hashmap.c:Hashmap_get_node:205: TRY: 65
DEBUG: src/lcthw/hashmap.c:Hashmap_get_node:205: TRY: 66
DEBUG: src/lcthw/hashmap.c:Hashmap_get_node:205: TRY: 67
DEBUG: src/lcthw/hashmap.c:Hashmap_get_node:205: TRY: 68
DEBUG: src/lcthw/hashmap.c:Hashmap_get_node:205: TRY: 69
DEBUG: src/lcthw/hashmap.c:Hashmap_get_node:205: TRY: 70
DEBUG: src/lcthw/hashmap.c:Hashmap_get_node:205: TRY: 71
DEBUG: src/lcthw/hashmap.c:Hashmap_get_node:205: TRY: 72
DEBUG: src/lcthw/hashmap.c:Hashmap_get_node:205: TRY: 73
DEBUG: src/lcthw/hashmap.c:Hashmap_get_node:205: TRY: 74
DEBUG: src/lcthw/hashmap.c:Hashmap_get_node:205: TRY: 75
DEBUG: src/lcthw/hashmap.c:Hashmap_get_node:205: TRY: 76
DEBUG: src/lcthw/hashmap.c:Hashmap_get_node:205: TRY: 0
DEBUG: src/lcthw/hashmap.c:Hashmap_get_node:205: TRY: 1
DEBUG: src/lcthw/hashmap.c:Hashmap_get_node:205: TRY: 2
DEBUG: src/lcthw/hashmap.c:Hashmap_get_node:205: TRY: 3
DEBUG: src/lcthw/hashmap.c:Hashmap_get_node:205: TRY: 4
DEBUG: src/lcthw/hashmap.c:Hashmap_get_node:205: TRY: 5
DEBUG: src/lcthw/hashmap.c:Hashmap_get_node:205: TRY: 6
DEBUG: src/lcthw/hashmap.c:Hashmap_get_node:205: TRY: 7
DEBUG: src/lcthw/hashmap.c:Hashmap_get_node:205: TRY: 8
DEBUG: src/lcthw/hashmap.c:Hashmap_get_node:205: TRY: 9
DEBUG: src/lcthw/hashmap.c:Hashmap_get_node:205: TRY: 10
DEBUG: src/lcthw/hashmap.c:Hashmap_get_node:205: TRY: 11
DEBUG: src/lcthw/hashmap.c:Hashmap_get_node:205: TRY: 12
DEBUG: src/lcthw/hashmap.c:Hashmap_get_node:205: TRY: 13
DEBUG: src/lcthw/hashmap.c:Hashmap_get_node:205: TRY: 14
DEBUG: src/lcthw/hashmap.c:Hashmap_get_node:205: TRY: 15
DEBUG: src/lcthw/hashmap.c:Hashmap_get_node:205: TRY: 16
DEBUG: src/lcthw/hashmap.c:Hashmap_get_node:205: TRY: 17
DEBUG: src/lcthw/hashmap.c:Hashmap_get_node:205: TRY: 18
DEBUG: src/lcthw/hashmap.c:Hashmap_get_node:205: TRY: 19
DEBUG: src/lcthw/hashmap.c:Hashmap_get_node:205: TRY: 20
DEBUG: src/lcthw/hashmap.c:Hashmap_get_node:205: TRY: 21
DEBUG: src/lcthw/hashmap.c:Hashmap_get_node:205: TRY: 22
DEBUG: src/lcthw/hashmap.c:Hashmap_get_node:205: TRY: 23
DEBUG: src/lcthw/hashmap.c:Hashmap_get_node:205: TRY: 24
DEBUG: src/lcthw/hashmap.c:Hashmap_get_node:205: TRY: 25
DEBUG: src/lcthw/hashmap.c:Hashmap_get_node:205: TRY: 26
DEBUG: src/lcthw/hashmap.c:Hashmap_get_node:205: TRY: 27
DEBUG: src/lcthw/hashmap.c:Hashmap_get_node:205: TRY: 28
DEBUG: src/lcthw/hashmap.c:Hashmap_get_node:205: TRY: 29
DEBUG: src/lcthw/hashmap.c:Hashmap_get_node:205: TRY: 30
DEBUG: src/lcthw/hashmap.c:Hashmap_get_node:205: TRY: 31
DEBUG: src/lcthw/hashmap.c:Hashmap_get_node:205: TRY: 32
DEBUG: src/lcthw/hashmap.c:Hashmap_get_node:205: TRY: 33
DEBUG: src/lcthw/hashmap.c:Hashmap_get_node:205: TRY: 34
DEBUG: src/lcthw/hashmap.c:Hashmap_get_node:205: TRY: 35
DEBUG: src/lcthw/hashmap.c:Hashmap_get_node:205: TRY: 36
DEBUG: src/lcthw/hashmap.c:Hashmap_get_node:205: TRY: 37
DEBUG: src/lcthw/hashmap.c:Hashmap_get_node:205: TRY: 38
DEBUG: src/lcthw/hashmap.c:Hashmap_get_node:205: TRY: 39
DEBUG: src/lcthw/hashmap.c:Hashmap_get_node:205: TRY: 40
DEBUG: src/lcthw/hashmap.c:Hashmap_get_node:205: TRY: 41
DEBUG: src/lcthw/hashmap.c:Hashmap_get_node:205: TRY: 42
DEBUG: src/lcthw/hashmap.c:Hashmap_get_node:205: TRY: 43
DEBUG: src/lcthw/hashmap.c:Hashmap_get_node:205: TRY: 44
DEBUG: src/lcthw/hashmap.c:Hashmap_get_node:205: TRY: 45
DEBUG: src/lcthw/hashmap.c:Hashmap_get_node:205: TRY: 46
DEBUG: src/lcthw/hashmap.c:Hashmap_get_node:205: TRY: 47
DEBUG: src/lcthw/hashmap.c:Hashmap_get_node:205: TRY: 48
DEBUG: src/lcthw/hashmap.c:Hashmap_get_node:205: TRY: 49
DEBUG: src/lcthw/hashmap.c:Hashmap_get_node:205: TRY: 50
DEBUG: src/lcthw/hashmap.c:Hashmap_get_node:205: TRY: 51
DEBUG: src/lcthw/hashmap.c:Hashmap_get_node:205: TRY: 52
DEBUG: src/lcthw/hashmap.c:Hashmap_get_node:205: TRY: 53
DEBUG: src/lcthw/hashmap.c:Hashmap_get_node:205: TRY: 54
DEBUG: src/lcthw/hashmap.c:Hashmap_get_node:205: TRY: 55
DEBUG: src/lcthw/hashmap.c:Hashmap_get_node:205: TRY: 56
DEBUG: src/lcthw/hashmap.c:Hashmap_get_node:205: TRY: 57
DEBUG: src/lcthw/hashmap.c:Hashmap_get_node:205: TRY: 58
DEBUG: src/lcthw/hashmap.c:Hashmap_get_node:205: TRY: 59
DEBUG: src/lcthw/hashmap.c:Hashmap_get_node:205: TRY: 60
DEBUG: src/lcthw/hashmap.c:Hashmap_get_node:205: TRY: 61
DEBUG: src/lcthw/hashmap.c:Hashmap_get_node:205: TRY: 62
DEBUG: src/lcthw/hashmap.c:Hashmap_get_node:205: TRY: 63
DEBUG: src/lcthw/hashmap.c:Hashmap_get_node:205: TRY: 64
DEBUG: src/lcthw/hashmap.c:Hashmap_get_node:205: TRY: 65
DEBUG: src/lcthw/hashmap.c:Hashmap_get_node:205: TRY: 66
DEBUG: src/lcthw/hashmap.c:Hashmap_get_node:205: TRY: 67
DEBUG: src/lcthw/hashmap.c:Hashmap_get_node:205: TRY: 68
DEBUG: src/lcthw/hashmap.c:Hashmap_get_node:205: TRY: 69
DEBUG: src/lcthw/hashmap.c:Hashmap_get_node:205: TRY: 70
DEBUG: src/lcthw/hashmap.c:Hashmap_get_node:205: TRY: 71
DEBUG: src/lcthw/hashmap.c:Hashmap_get_node:205: TRY: 72
DEBUG: src/lcthw/hashmap.c:Hashmap_get_node:205: TRY: 73
DEBUG: src/lcthw/hashmap.c:Hashmap_get_node:205: TRY: 74
DEBUG: src/lcthw/hashmap.c:Hashmap_get_node:205: TRY: 75
DEBUG: src/lcthw/hashmap.c:Hashmap_get_node:205: TRY: 76
DEBUG: src/lcthw/hashmap.c:Hashmap_get_node:205: TRY: 0
DEBUG: src/lcthw/hashmap.c:Hashmap_get_node:205: TRY: 1
DEBUG: src/lcthw/hashmap.c:Hashmap_get_node:205: TRY: 2
DEBUG: src/lcthw/hashmap.c:Hashmap_get_node:205: TRY: 3
DEBUG: src/lcthw/hashmap.c:Hashmap_get_node:205: TRY: 4
DEBUG: src/lcthw/hashmap.c:Hashmap_get_node:205: TRY: 5
DEBUG: src/lcthw/hashmap.c:Hashmap_get_node:205: TRY: 6
DEBUG: src/lcthw/hashmap.c:Hashmap_get_node:205: TRY: 7
DEBUG: src/lcthw/hashmap.c:Hashmap_get_node:205: TRY: 8
DEBUG: src/lcthw/hashmap.c:Hashmap_get_node:205: TRY: 9
DEBUG: src/lcthw/hashmap.c:Hashmap_get_node:205: TRY: 10
DEBUG: src/lcthw/hashmap.c:Hashmap_get_node:205: TRY: 11
DEBUG: src/lcthw/hashmap.c:Hashmap_get_node:205: TRY: 12
DEBUG: src/lcthw/hashmap.c:Hashmap_get_node:205: TRY: 13
DEBUG: src/lcthw/hashmap.c:Hashmap_get_node:205: TRY: 14
DEBUG: src/lcthw/hashmap.c:Hashmap_get_node:205: TRY: 15
DEBUG: src/lcthw/hashmap.c:Hashmap_get_node:205: TRY: 16
DEBUG: src/lcthw/hashmap.c:Hashmap_get_node:205: TRY: 17
DEBUG: src/lcthw/hashmap.c:Hashmap_get_node:205: TRY: 18
DEBUG: src/lcthw/hashmap.c:Hashmap_get_node:205: TRY: 19
DEBUG: src/lcthw/hashmap.c:Hashmap_get_node:205: TRY: 20
DEBUG: src/lcthw/hashmap.c:Hashmap_get_node:205: TRY: 21
DEBUG: src/lcthw/hashmap.c:Hashmap_get_node:205: TRY: 22
DEBUG: src/lcthw/hashmap.c:Hashmap_get_node:205: TRY: 23
DEBUG: src/lcthw/hashmap.c:Hashmap_get_node:205: TRY: 24
DEBUG: src/lcthw/hashmap.c:Hashmap_get_node:205: TRY: 25
DEBUG: src/lcthw/hashmap.c:Hashmap_get_node:205: TRY: 26
DEBUG: src/lcthw/hashmap.c:Hashmap_get_node:205: TRY: 27
DEBUG: src/lcthw/hashmap.c:Hashmap_get_node:205: TRY: 28
DEBUG: src/lcthw/hashmap.c:Hashmap_get_node:205: TRY: 29
DEBUG: src/lcthw/hashmap.c:Hashmap_get_node:205: TRY: 30
DEBUG: src/lcthw/hashmap.c:Hashmap_get_node:205: TRY: 31
DEBUG: src/lcthw/hashmap.c:Hashmap_get_node:205: TRY: 32
DEBUG: src/lcthw/hashmap.c:Hashmap_get_node:205: TRY: 33
DEBUG: src/lcthw/hashmap.c:Hashmap_get_node:205: TRY: 34
DEBUG: src/lcthw/hashmap.c:Hashmap_get_node:205: TRY: 35
DEBUG: src/lcthw/hashmap.c:Hashmap_get_node:205: TRY: 36
DEBUG: src/lcthw/hashmap.c:Hashmap_get_node:205: TRY: 37
DEBUG: src/lcthw/hashmap.c:Hashmap_get_node:205: TRY: 38
DEBUG: src/lcthw/hashmap.c:Hashmap_get_node:205: TRY: 39
DEBUG: src/lcthw/hashmap.c:Hashmap_get_node:205: TRY: 40
DEBUG: src/lcthw/hashmap.c:Hashmap_get_node:205: TRY: 41
DEBUG: src/lcthw/hashmap.c:Hashmap_get_node:205: TRY: 42
DEBUG: src/lcthw/hashmap.c:Hashmap_get_node:205: TRY: 43
DEBUG: src/lcthw/hashmap.c:Hashmap_get_node:205: TRY: 44
DEBUG: src/lcthw/hashmap.c:Hashmap_get_node:205: TRY: 45
DEBUG: src/lcthw/hashmap.c:Hashmap_get_node:205: TRY: 46
DEBUG: src/lcthw/hashmap.c:Hashmap_get_node:205: TRY: 47
DEBUG: src/lcthw/hashmap.c:Hashmap_get_node:205: TRY: 48
DEBUG: src/lcthw/hashmap.c:Hashmap_get_node:205: TRY: 49
DEBUG: src/lcthw/hashmap.c:Hashmap_get_node:205: TRY: 50
DEBUG: src/lcthw/hashmap.c:Hashmap_get_node:205: TRY: 51
DEBUG: src/lcthw/hashmap.c:Hashmap_get_node:205: TRY: 52
DEBUG: src/lcthw/hashmap.c:Hashmap_get_node:205: TRY: 53
DEBUG: src/lcthw/hashmap.c:Hashmap_get_node:205: TRY: 54
DEBUG: src/lcthw/hashmap.c:Hashmap_get_node:205: TRY: 55
DEBUG: src/lcthw/hashmap.c:Hashmap_get_node:205: TRY: 56
DEBUG: src/lcthw/hashmap.c:Hashmap_get_node:205: TRY: 57
DEBUG: src/lcthw/hashmap.c:Hashmap_get_node:205: TRY: 58
DEBUG: src/lcthw/hashmap.c:Hashmap_get_node:205: TRY: 59
DEBUG: src/lcthw/hashmap.c:Hashmap_get_node:205: TRY: 60
DEBUG: src/lcthw/hashmap.c:Hashmap_get_node:205: TRY: 61
DEBUG: src/lcthw/hashmap.c:Hashmap_get_node:205: TRY: 62
DEBUG: src/lcthw/hashmap.c:Hashmap_get_node:205: TRY: 63
DEBUG: src/lcthw/hashmap.c:Hashmap_get_node:205: TRY: 64
DEBUG: src/lcthw/hashmap.c:Hashmap_get_node:205: TRY: 65
DEBUG: src/lcthw/hashmap.c:Hashmap_get_node:205: TRY: 66
DEBUG: src/lcthw/hashmap.c:Hashmap_get_node:205: TRY: 67
DEBUG: src/lcthw/hashmap.c:Hashmap_get_node:205: TRY: 68
DEBUG: src/lcthw/hashmap.c:Hashmap_get_node:205: TRY: 69
DEBUG: src/lcthw/hashmap.c:Hashmap_get_node:205: TRY: 0
DEBUG: src/lcthw/hashmap.c:Hashmap_get_node:205: TRY: 1
DEBUG: src/lcthw/hashmap.c:Hashmap_get_node:205: TRY: 2
DEBUG: src/lcthw/hashmap.c:Hashmap_get_node:205: TRY: 3
DEBUG: src/lcthw/hashmap.c:Hashmap_get_node:205: TRY: 4
DEBUG: src/lcthw/hashmap.c:Hashmap_get_node:205: TRY: 5
DEBUG: src/lcthw/hashmap.c:Hashmap_get_node:205: TRY: 6
DEBUG: src/lcthw/hashmap.c:Hashmap_get_node:205: TRY: 7
DEBUG: src/lcthw/hashmap.c:Hashmap_get_node:205: TRY: 8
DEBUG: src/lcthw/hashmap.c:Hashmap_get_node:205: TRY: 9
DEBUG: src/lcthw/hashmap.c:Hashmap_get_node:205: TRY: 10
DEBUG: src/lcthw/hashmap.c:Hashmap_get_node:205: TRY: 11
DEBUG: src/lcthw/hashmap.c:Hashmap_get_node:205: TRY: 12
DEBUG: src/lcthw/hashmap.c:Hashmap_get_node:205: TRY: 13
DEBUG: src/lcthw/hashmap.c:Hashmap_get_node:205: TRY: 14
DEBUG: src/lcthw/hashmap.c:Hashmap_get_node:205: TRY: 15
DEBUG: src/lcthw/hashmap.c:Hashmap_get_node:205: TRY: 16
DEBUG: src/lcthw/hashmap.c:Hashmap_get_node:205: TRY: 17
DEBUG: src/lcthw/hashmap.c:Hashmap_get_node:205: TRY: 18
DEBUG: src/lcthw/hashmap.c:Hashmap_get_node:205: TRY: 19
DEBUG: src/lcthw/hashmap.c:Hashmap_get_node:205: TRY: 20
DEBUG: src/lcthw/hashmap.c:Hashmap_get_node:205: TRY: 21
DEBUG: src/lcthw/hashmap.c:Hashmap_get_node:205: TRY: 22
DEBUG: src/lcthw/hashmap.c:Hashmap_get_node:205: TRY: 23
DEBUG: src/lcthw/hashmap.c:Hashmap_get_node:205: TRY: 24
DEBUG: src/lcthw/hashmap.c:Hashmap_get_node:205: TRY: 25
DEBUG: src/lcthw/hashmap.c:Hashmap_get_node:205: TRY: 26
DEBUG: src/lcthw/hashmap.c:Hashmap_get_node:205: TRY: 27
DEBUG: src/lcthw/hashmap.c:Hashmap_get_node:205: TRY: 28
DEBUG: src/lcthw/hashmap.c:Hashmap_get_node:205: TRY: 29
DEBUG: src/lcthw/hashmap.c:Hashmap_get_node:205: TRY: 30
DEBUG: src/lcthw/hashmap.c:Hashmap_get_node:205: TRY: 31
DEBUG: src/lcthw/hashmap.c:Hashmap_get_node:205: TRY: 32
DEBUG: src/lcthw/hashmap.c:Hashmap_get_node:205: TRY: 33
DEBUG: src/lcthw/hashmap.c:Hashmap_get_node:205: TRY: 34
DEBUG: src/lcthw/hashmap.c:Hashmap_get_node:205: TRY: 35
DEBUG: src/lcthw/hashmap.c:Hashmap_get_node:205: TRY: 36
DEBUG: src/lcthw/hashmap.c:Hashmap_get_node:205: TRY: 37
DEBUG: src/lcthw/hashmap.c:Hashmap_get_node:205: TRY: 38
DEBUG: src/lcthw/hashmap.c:Hashmap_get_node:205: TRY: 39
DEBUG: src/lcthw/hashmap.c:Hashmap_get_node:205: TRY: 40
DEBUG: src/lcthw/hashmap.c:Hashmap_get_node:205: TRY: 41
DEBUG: src/lcthw/hashmap.c:Hashmap_get_node:205: TRY: 42
DEBUG: src/lcthw/hashmap.c:Hashmap_get_node:205: TRY: 43
DEBUG: src/lcthw/hashmap.c:Hashmap_get_node:205: TRY: 44
DEBUG: src/lcthw/hashmap.c:Hashmap_get_node:205: TRY: 45
DEBUG: src/lcthw/hashmap.c:Hashmap_get_node:205: TRY: 46
DEBUG: src/lcthw/hashmap.c:Hashmap_get_node:205: TRY: 47
DEBUG: src/lcthw/hashmap.c:Hashmap_get_node:205: TRY: 48
DEBUG: src/lcthw/hashmap.c:Hashmap_get_node:205: TRY: 49
DEBUG: src/lcthw/hashmap.c:Hashmap_get_node:205: TRY: 50
DEBUG: src/lcthw/hashmap.c:Hashmap_get_node:205: TRY: 51
DEBUG: src/lcthw/hashmap.c:Hashmap_get_node:205: TRY: 52
DEBUG: src/lcthw/hashmap.c:Hashmap_get_node:205: TRY: 53
DEBUG: src/lcthw/hashmap.c:Hashmap_get_node:205: TRY: 54
DEBUG: src/lcthw/hashmap.c:Hashmap_get_node:205: TRY: 55
DEBUG: src/lcthw/hashmap.c:Hashmap_get_node:205: TRY: 56
DEBUG: src/lcthw/hashmap.c:Hashmap_get_node:205: TRY: 57
DEBUG: src/lcthw/hashmap.c:Hashmap_get_node:205: TRY: 58
DEBUG: src/lcthw/hashmap.c:Hashmap_get_node:205: TRY: 59
DEBUG: src/lcthw/hashmap.c:Hashmap_get_node:205: TRY: 60
DEBUG: src/lcthw/hashmap.c:Hashmap_get_node:205: TRY: 61
DEBUG: src/lcthw/hashmap.c:Hashmap_get_node:205: TRY: 62
DEBUG: src/lcthw/hashmap.c:Hashmap_get_node:205: TRY: 63
DEBUG: src/lcthw/hashmap.c:Hashmap_get_node:205: TRY: 64
DEBUG: src/lcthw/hashmap.c:Hashmap_get_node:205: TRY: 65
DEBUG: src/lcthw/hashmap.c:Hashmap_get_node:205: TRY: 66
DEBUG: src/lcthw/hashmap.c:Hashmap_get_node:205: TRY: 67
DEBUG: src/lcthw/hashmap.c:Hashmap_get_node:205: TRY: 68
DEBUG: src/lcthw/hashmap.c:Hashmap_get_node:205: TRY: 69
DEBUG: src/lcthw/hashmap.c:Hashmap_get_node:205: TRY: 70
DEBUG: src/lcthw/hashmap.c:Hashmap_get_node:205: TRY: 71
DEBUG: src/lcthw/hashmap.c:Hashmap_get_node:205: TRY: 72
DEBUG: src/lcthw/hashmap.c:Hashmap_get_node:205: TRY: 73
DEBUG: src/lcthw/hashmap.c:Hashmap_get_node:205: TRY: 74
DEBUG: src/lcthw/hashmap.c:Hashmap_get_node:205: TRY: 75
DEBUG: src/lcthw/hashmap.c:Hashmap_get_node:205: TRY: 76
DEBUG: src/lcthw/hashmap.c:Hashmap_get_node:205: TRY: 77
DEBUG: src/lcthw/hashmap.c:Hashmap_get_node:205: TRY: 0
DEBUG: src/lcthw/hashmap.c:Hashmap_get_node:205: TRY: 1
DEBUG: src/lcthw/hashmap.c:Hashmap_get_node:205: TRY: 2
DEBUG: src/lcthw/hashmap.c:Hashmap_get_node:205: TRY: 3
DEBUG: src/lcthw/hashmap.c:Hashmap_get_node:205: TRY: 4
DEBUG: src/lcthw/hashmap.c:Hashmap_get_node:205: TRY: 5
DEBUG: src/lcthw/hashmap.c:Hashmap_get_node:205: TRY: 6
DEBUG: src/lcthw/hashmap.c:Hashmap_get_node:205: TRY: 7
DEBUG: src/lcthw/hashmap.c:Hashmap_get_node:205: TRY: 8
DEBUG: src/lcthw/hashmap.c:Hashmap_get_node:205: TRY: 9
DEBUG: src/lcthw/hashmap.c:Hashmap_get_node:205: TRY: 10
DEBUG: src/lcthw/hashmap.c:Hashmap_get_node:205: TRY: 11
DEBUG: src/lcthw/hashmap.c:Hashmap_get_node:205: TRY: 12
DEBUG: src/lcthw/hashmap.c:Hashmap_get_node:205: TRY: 13
DEBUG: src/lcthw/hashmap.c:Hashmap_get_node:205: TRY: 14
DEBUG: src/lcthw/hashmap.c:Hashmap_get_node:205: TRY: 15
DEBUG: src/lcthw/hashmap.c:Hashmap_get_node:205: TRY: 16
DEBUG: src/lcthw/hashmap.c:Hashmap_get_node:205: TRY: 17
DEBUG: src/lcthw/hashmap.c:Hashmap_get_node:205: TRY: 18
DEBUG: src/lcthw/hashmap.c:Hashmap_get_node:205: TRY: 19
DEBUG: src/lcthw/hashmap.c:Hashmap_get_node:205: TRY: 20
DEBUG: src/lcthw/hashmap.c:Hashmap_get_node:205: TRY: 21
DEBUG: src/lcthw/hashmap.c:Hashmap_get_node:205: TRY: 22
DEBUG: src/lcthw/hashmap.c:Hashmap_get_node:205: TRY: 23
DEBUG: src/lcthw/hashmap.c:Hashmap_get_node:205: TRY: 24
DEBUG: src/lcthw/hashmap.c:Hashmap_get_node:205: TRY: 25
DEBUG: src/lcthw/hashmap.c:Hashmap_get_node:205: TRY: 26
DEBUG: src/lcthw/hashmap.c:Hashmap_get_node:205: TRY: 27
DEBUG: src/lcthw/hashmap.c:Hashmap_get_node:205: TRY: 28
DEBUG: src/lcthw/hashmap.c:Hashmap_get_node:205: TRY: 29
DEBUG: src/lcthw/hashmap.c:Hashmap_get_node:205: TRY: 30
DEBUG: src/lcthw/hashmap.c:Hashmap_get_node:205: TRY: 31
DEBUG: src/lcthw/hashmap.c:Hashmap_get_node:205: TRY: 32
DEBUG: src/lcthw/hashmap.c:Hashmap_get_node:205: TRY: 33
DEBUG: src/lcthw/hashmap.c:Hashmap_get_node:205: TRY: 34
DEBUG: src/lcthw/hashmap.c:Hashmap_get_node:205: TRY: 35
DEBUG: src/lcthw/hashmap.c:Hashmap_get_node:205: TRY: 36
DEBUG: src/lcthw/hashmap.c:Hashmap_get_node:205: TRY: 37
DEBUG: src/lcthw/hashmap.c:Hashmap_get_node:205: TRY: 38
DEBUG: src/lcthw/hashmap.c:Hashmap_get_node:205: TRY: 39
DEBUG: src/lcthw/hashmap.c:Hashmap_get_node:205: TRY: 40
DEBUG: src/lcthw/hashmap.c:Hashmap_get_node:205: TRY: 41
DEBUG: src/lcthw/hashmap.c:Hashmap_get_node:205: TRY: 42
DEBUG: src/lcthw/hashmap.c:Hashmap_get_node:205: TRY: 43
DEBUG: src/lcthw/hashmap.c:Hashmap_get_node:205: TRY: 44
DEBUG: src/lcthw/hashmap.c:Hashmap_get_node:205: TRY: 45
DEBUG: src/lcthw/hashmap.c:Hashmap_get_node:205: TRY: 46
DEBUG: src/lcthw/hashmap.c:Hashmap_get_node:205: TRY: 47
DEBUG: src/lcthw/hashmap.c:Hashmap_get_node:205: TRY: 48
DEBUG: src/lcthw/hashmap.c:Hashmap_get_node:205: TRY: 49
DEBUG: src/lcthw/hashmap.c:Hashmap_get_node:205: TRY: 50
DEBUG: src/lcthw/hashmap.c:Hashmap_get_node:205: TRY: 51
DEBUG: src/lcthw/hashmap.c:Hashmap_get_node:205: TRY: 52
DEBUG: src/lcthw/hashmap.c:Hashmap_get_node:205: TRY: 53
DEBUG: src/lcthw/hashmap.c:Hashmap_get_node:205: TRY: 54
DEBUG: src/lcthw/hashmap.c:Hashmap_get_node:205: TRY: 55
DEBUG: src/lcthw/hashmap.c:Hashmap_get_node:205: TRY: 56
DEBUG: src/lcthw/hashmap.c:Hashmap_get_node:205: TRY: 57
DEBUG: src/lcthw/hashmap.c:Hashmap_get_node:205: TRY: 58
DEBUG: src/lcthw/hashmap.c:Hashmap_get_node:205: TRY: 59
DEBUG: src/lcthw/hashmap.c:Hashmap_get_node:205: TRY: 60
DEBUG: src/lcthw/hashmap.c:Hashmap_get_node:205: TRY: 61
DEBUG: src/lcthw/hashmap.c:Hashmap_get_node:205: TRY: 62
DEBUG: src/lcthw/hashmap.c:Hashmap_get_node:205: TRY: 63
DEBUG: src/lcthw/hashmap.c:Hashmap_get_node:205: TRY: 64
DEBUG: src/lcthw/hashmap.c:Hashmap_get_node:205: TRY: 65
DEBUG: src/lcthw/hashmap.c:Hashmap_get_node:205: TRY: 66
DEBUG: src/lcthw/hashmap.c:Hashmap_get_node:205: TRY: 67
DEBUG: src/lcthw/hashmap.c:Hashmap_get_node:205: TRY: 68
DEBUG: src/lcthw/hashmap.c:Hashmap_get_node:205: TRY: 69
DEBUG: src/lcthw/hashmap.c:Hashmap_get_node:205: TRY: 70
DEBUG: src/lcthw/hashmap.c:Hashmap_get_node:205: TRY: 71
DEBUG: src/lcthw/hashmap.c:Hashmap_get_node:205: TRY: 72
DEBUG: src/lcthw/hashmap.c:Hashmap_get_node:205: TRY: 73
DEBUG: src/lcthw/hashmap.c:Hashmap_get_node:205: TRY: 74
DEBUG: src/lcthw/hashmap.c:Hashmap_get_node:205: TRY: 75
DEBUG: src/lcthw/hashmap.c:Hashmap_get_node:205: TRY: 76
DEBUG: src/lcthw/hashmap.c:Hashmap_get_node:205: TRY: 77
DEBUG: src/lcthw/hashmap.c:Hashmap_get_node:205: TRY: 78
DEBUG: src/lcthw/hashmap.c:Hashmap_get_node:205: TRY: 79
DEBUG: src/lcthw/hashmap.c:Hashmap_get_node:205: TRY: 80
DEBUG: src/lcthw/hashmap.c:Hashmap_get_node:205: TRY: 81
DEBUG: src/lcthw/hashmap.c:Hashmap_get_node:205: TRY: 82
DEBUG: src/lcthw/hashmap.c:Hashmap_get_node:205: TRY: 83
DEBUG: src/lcthw/hashmap.c:Hashmap_get_node:205: TRY: 84
DEBUG: src/lcthw/hashmap.c:Hashmap_get_node:205: TRY: 85
DEBUG: src/lcthw/hashmap.c:Hashmap_get_node:205: TRY: 86
DEBUG: src/lcthw/hashmap.c:Hashmap_get_node:205: TRY: 0
DEBUG: src/lcthw/hashmap.c:Hashmap_get_node:205: TRY: 1
DEBUG: src/lcthw/hashmap.c:Hashmap_get_node:205: TRY: 2
DEBUG: src/lcthw/hashmap.c:Hashmap_get_node:205: TRY: 3
DEBUG: src/lcthw/hashmap.c:Hashmap_get_node:205: TRY: 4
DEBUG: src/lcthw/hashmap.c:Hashmap_get_node:205: TRY: 5
DEBUG: src/lcthw/hashmap.c:Hashmap_get_node:205: TRY: 6
DEBUG: src/lcthw/hashmap.c:Hashmap_get_node:205: TRY: 7
DEBUG: src/lcthw/hashmap.c:Hashmap_get_node:205: TRY: 8
DEBUG: src/lcthw/hashmap.c:Hashmap_get_node:205: TRY: 9
DEBUG: src/lcthw/hashmap.c:Hashmap_get_node:205: TRY: 10
DEBUG: src/lcthw/hashmap.c:Hashmap_get_node:205: TRY: 11
DEBUG: src/lcthw/hashmap.c:Hashmap_get_node:205: TRY: 12
DEBUG: src/lcthw/hashmap.c:Hashmap_get_node:205: TRY: 13
DEBUG: src/lcthw/hashmap.c:Hashmap_get_node:205: TRY: 14
DEBUG: src/lcthw/hashmap.c:Hashmap_get_node:205: TRY: 15
DEBUG: src/lcthw/hashmap.c:Hashmap_get_node:205: TRY: 16
DEBUG: src/lcthw/hashmap.c:Hashmap_get_node:205: TRY: 17
DEBUG: src/lcthw/hashmap.c:Hashmap_get_node:205: TRY: 18
DEBUG: src/lcthw/hashmap.c:Hashmap_get_node:205: TRY: 19
DEBUG: src/lcthw/hashmap.c:Hashmap_get_node:205: TRY: 20
DEBUG: src/lcthw/hashmap.c:Hashmap_get_node:205: TRY: 21
DEBUG: src/lcthw/hashmap.c:Hashmap_get_node:205: TRY: 22
DEBUG: src/lcthw/hashmap.c:Hashmap_get_node:205: TRY: 23
DEBUG: src/lcthw/hashmap.c:Hashmap_get_node:205: TRY: 24
DEBUG: src/lcthw/hashmap.c:Hashmap_get_node:205: TRY: 25
DEBUG: src/lcthw/hashmap.c:Hashmap_get_node:205: TRY: 26
DEBUG: src/lcthw/hashmap.c:Hashmap_get_node:205: TRY: 27
DEBUG: src/lcthw/hashmap.c:Hashmap_get_node:205: TRY: 28
DEBUG: src/lcthw/hashmap.c:Hashmap_get_node:205: TRY: 29
DEBUG: src/lcthw/hashmap.c:Hashmap_get_node:205: TRY: 30
DEBUG: src/lcthw/hashmap.c:Hashmap_get_node:205: TRY: 31
DEBUG: src/lcthw/hashmap.c:Hashmap_get_node:205: TRY: 32
DEBUG: src/lcthw/hashmap.c:Hashmap_get_node:205: TRY: 33
DEBUG: src/lcthw/hashmap.c:Hashmap_get_node:205: TRY: 34
DEBUG: src/lcthw/hashmap.c:Hashmap_get_node:205: TRY: 35
DEBUG: src/lcthw/hashmap.c:Hashmap_get_node:205: TRY: 36
DEBUG: src/lcthw/hashmap.c:Hashmap_get_node:205: TRY: 37
DEBUG: src/lcthw/hashmap.c:Hashmap_get_node:205: TRY: 38
DEBUG: src/lcthw/hashmap.c:Hashmap_get_node:205: TRY: 39
DEBUG: src/lcthw/hashmap.c:Hashmap_get_node:205: TRY: 40
DEBUG: src/lcthw/hashmap.c:Hashmap_get_node:205: TRY: 41
DEBUG: src/lcthw/hashmap.c:Hashmap_get_node:205: TRY: 42
DEBUG: src/lcthw/hashmap.c:Hashmap_get_node:205: TRY: 43
DEBUG: src/lcthw/hashmap.c:Hashmap_get_node:205: TRY: 44
DEBUG: src/lcthw/hashmap.c:Hashmap_get_node:205: TRY: 45
DEBUG: src/lcthw/hashmap.c:Hashmap_get_node:205: TRY: 46
DEBUG: src/lcthw/hashmap.c:Hashmap_get_node:205: TRY: 47
DEBUG: src/lcthw/hashmap.c:Hashmap_get_node:205: TRY: 48
DEBUG: src/lcthw/hashmap.c:Hashmap_get_node:205: TRY: 49
DEBUG: src/lcthw/hashmap.c:Hashmap_get_node:205: TRY: 50
DEBUG: src/lcthw/hashmap.c:Hashmap_get_node:205: TRY: 51
DEBUG: src/lcthw/hashmap.c:Hashmap_get_node:205: TRY: 52
DEBUG: src/lcthw/hashmap.c:Hashmap_get_node:205: TRY: 53
DEBUG: src/lcthw/hashmap.c:Hashmap_get_node:205: TRY: 54
DEBUG: src/lcthw/hashmap.c:Hashmap_get_node:205: TRY: 55
DEBUG: src/lcthw/hashmap.c:Hashmap_get_node:205: TRY: 56
DEBUG: src/lcthw/hashmap.c:Hashmap_get_node:205: TRY: 57
DEBUG: src/lcthw/hashmap.c:Hashmap_get_node:205: TRY: 58
DEBUG: src/lcthw/hashmap.c:Hashmap_get_node:205: TRY: 59
DEBUG: src/lcthw/hashmap.c:Hashmap_get_node:205: TRY: 60
DEBUG: src/lcthw/hashmap.c:Hashmap_get_node:205: TRY: 61
DEBUG: src/lcthw/hashmap.c:Hashmap_get_node:205: TRY: 62
DEBUG: src/lcthw/hashmap.c:Hashmap_get_node:205: TRY: 63
DEBUG: src/lcthw/hashmap.c:Hashmap_get_node:205: TRY: 64
DEBUG: src/lcthw/hashmap.c:Hashmap_get_node:205: TRY: 65
DEBUG: src/lcthw/hashmap.c:Hashmap_get_node:205: TRY: 66
DEBUG: src/lcthw/hashmap.c:Hashmap_get_node:205: TRY: 67
DEBUG: src/lcthw/hashmap.c:Hashmap_get_node:205: TRY: 68
DEBUG: src/lcthw/hashmap.c:Hashmap_get_node:205: TRY: 69
DEBUG: src/lcthw/hashmap.c:Hashmap_get_node:205: TRY: 70
DEBUG: src/lcthw/hashmap.c:Hashmap_get_node:205: TRY: 71
DEBUG: src/lcthw/hashmap.c:Hashmap_get_node:205: TRY: 72
DEBUG: src/lcthw/hashmap.c:Hashmap_get_node:205: TRY: 73
DEBUG: src/lcthw/hashmap.c:Hashmap_get_node:205: TRY: 74
DEBUG: src/lcthw/hashmap.c:Hashmap_get_node:205: TRY: 75
DEBUG: src/lcthw/hashmap.c:Hashmap_get_node:205: TRY: 76
DEBUG: src/lcthw/hashmap.c:Hashmap_get_node:205: TRY: 77
DEBUG: src/lcthw/hashmap.c:Hashmap_get_node:205: TRY: 78
DEBUG: src/lcthw/hashmap.c:Hashmap_get_node:205: TRY: 79
DEBUG: src/lcthw/hashmap.c:Hashmap_get_node:205: TRY: 80
DEBUG: src/lcthw/hashmap.c:Hashmap_get_node:205: TRY: 0
DEBUG: src/lcthw/hashmap.c:Hashmap_get_node:205: TRY: 1
DEBUG: src/lcthw/hashmap.c:Hashmap_get_node:205: TRY: 2
DEBUG: src/lcthw/hashmap.c:Hashmap_get_node:205: TRY: 3
DEBUG: src/lcthw/hashmap.c:Hashmap_get_node:205: TRY: 4
DEBUG: src/lcthw/hashmap.c:Hashmap_get_node:205: TRY: 5
DEBUG: src/lcthw/hashmap.c:Hashmap_get_node:205: TRY: 6
DEBUG: src/lcthw/hashmap.c:Hashmap_get_node:205: TRY: 7
DEBUG: src/lcthw/hashmap.c:Hashmap_get_node:205: TRY: 8
DEBUG: src/lcthw/hashmap.c:Hashmap_get_node:205: TRY: 9
DEBUG: src/lcthw/hashmap.c:Hashmap_get_node:205: TRY: 10
DEBUG: src/lcthw/hashmap.c:Hashmap_get_node:205: TRY: 11
DEBUG: src/lcthw/hashmap.c:Hashmap_get_node:205: TRY: 12
DEBUG: src/lcthw/hashmap.c:Hashmap_get_node:205: TRY: 13
DEBUG: src/lcthw/hashmap.c:Hashmap_get_node:205: TRY: 14
DEBUG: src/lcthw/hashmap.c:Hashmap_get_node:205: TRY: 15
DEBUG: src/lcthw/hashmap.c:Hashmap_get_node:205: TRY: 16
DEBUG: src/lcthw/hashmap.c:Hashmap_get_node:205: TRY: 17
DEBUG: src/lcthw/hashmap.c:Hashmap_get_node:205: TRY: 18
DEBUG: src/lcthw/hashmap.c:Hashmap_get_node:205: TRY: 19
DEBUG: src/lcthw/hashmap.c:Hashmap_get_node:205: TRY: 20
DEBUG: src/lcthw/hashmap.c:Hashmap_get_node:205: TRY: 21
DEBUG: src/lcthw/hashmap.c:Hashmap_get_node:205: TRY: 22
DEBUG: src/lcthw/hashmap.c:Hashmap_get_node:205: TRY: 23
DEBUG: src/lcthw/hashmap.c:Hashmap_get_node:205: TRY: 24
DEBUG: src/lcthw/hashmap.c:Hashmap_get_node:205: TRY: 25
DEBUG: src/lcthw/hashmap.c:Hashmap_get_node:205: TRY: 26
DEBUG: src/lcthw/hashmap.c:Hashmap_get_node:205: TRY: 27
DEBUG: src/lcthw/hashmap.c:Hashmap_get_node:205: TRY: 28
DEBUG: src/lcthw/hashmap.c:Hashmap_get_node:205: TRY: 29
DEBUG: src/lcthw/hashmap.c:Hashmap_get_node:205: TRY: 30
DEBUG: src/lcthw/hashmap.c:Hashmap_get_node:205: TRY: 31
DEBUG: src/lcthw/hashmap.c:Hashmap_get_node:205: TRY: 32
DEBUG: src/lcthw/hashmap.c:Hashmap_get_node:205: TRY: 33
DEBUG: src/lcthw/hashmap.c:Hashmap_get_node:205: TRY: 34
DEBUG: src/lcthw/hashmap.c:Hashmap_get_node:205: TRY: 35
DEBUG: src/lcthw/hashmap.c:Hashmap_get_node:205: TRY: 36
DEBUG: src/lcthw/hashmap.c:Hashmap_get_node:205: TRY: 37
DEBUG: src/lcthw/hashmap.c:Hashmap_get_node:205: TRY: 38
DEBUG: src/lcthw/hashmap.c:Hashmap_get_node:205: TRY: 39
DEBUG: src/lcthw/hashmap.c:Hashmap_get_node:205: TRY: 40
DEBUG: src/lcthw/hashmap.c:Hashmap_get_node:205: TRY: 41
DEBUG: src/lcthw/hashmap.c:Hashmap_get_node:205: TRY: 42
DEBUG: src/lcthw/hashmap.c:Hashmap_get_node:205: TRY: 43
DEBUG: src/lcthw/hashmap.c:Hashmap_get_node:205: TRY: 44
DEBUG: src/lcthw/hashmap.c:Hashmap_get_node:205: TRY: 45
DEBUG: src/lcthw/hashmap.c:Hashmap_get_node:205: TRY: 46
DEBUG: src/lcthw/hashmap.c:Hashmap_get_node:205: TRY: 47
DEBUG: src/lcthw/hashmap.c:Hashmap_get_node:205: TRY: 48
DEBUG: src/lcthw/hashmap.c:Hashmap_get_node:205: TRY: 49
DEBUG: src/lcthw/hashmap.c:Hashmap_get_node:205: TRY: 50
DEBUG: src/lcthw/hashmap.c:Hashmap_get_node:205: TRY: 51
DEBUG: src/lcthw/hashmap.c:Hashmap_get_node:205: TRY: 52
DEBUG: src/lcthw/hashmap.c:Hashmap_get_node:205: TRY: 53
DEBUG: src/lcthw/hashmap.c:Hashmap_get_node:205: TRY: 54
DEBUG: src/lcthw/hashmap.c:Hashmap_get_node:205: TRY: 55
DEBUG: src/lcthw/hashmap.c:Hashmap_get_node:205: TRY: 56
DEBUG: src/lcthw/hashmap.c:Hashmap_get_node:205: TRY: 57
DEBUG: src/lcthw/hashmap.c:Hashmap_get_node:205: TRY: 58
DEBUG: src/lcthw/hashmap.c:Hashmap_get_node:205: TRY: 59
DEBUG: src/lcthw/hashmap.c:Hashmap_get_node:205: TRY: 60
DEBUG: src/lcthw/hashmap.c:Hashmap_get_node:205: TRY: 61
DEBUG: src/lcthw/hashmap.c:Hashmap_get_node:205: TRY: 62
DEBUG: src/lcthw/hashmap.c:Hashmap_get_node:205: TRY: 63
DEBUG: src/lcthw/hashmap.c:Hashmap_get_node:205: TRY: 64
DEBUG: src/lcthw/hashmap.c:Hashmap_get_node:205: TRY: 65
DEBUG: src/lcthw/hashmap.c:Hashmap_get_node:205: TRY: 66
DEBUG: src/lcthw/hashmap.c:Hashmap_get_node:205: TRY: 67
DEBUG: src/lcthw/hashmap.c:Hashmap_get_node:205: TRY: 68
DEBUG: src/lcthw/hashmap.c:Hashmap_get_node:205: TRY: 69
DEBUG: src/lcthw/hashmap.c:Hashmap_get_node:205: TRY: 70
DEBUG: src/lcthw/hashmap.c:Hashmap_get_node:205: TRY: 71
DEBUG: src/lcthw/hashmap.c:Hashmap_get_node:205: TRY: 72
DEBUG: src/lcthw/hashmap.c:Hashmap_get_node:205: TRY: 73
DEBUG: src/lcthw/hashmap.c:Hashmap_get_node:205: TRY: 74
DEBUG: src/lcthw/hashmap.c:Hashmap_get_node:205: TRY: 75
DEBUG: src/lcthw/hashmap.c:Hashmap_get_node:205: TRY: 76
DEBUG: src/lcthw/hashmap.c:Hashmap_get_node:205: TRY: 77
DEBUG: src/lcthw/hashmap.c:Hashmap_get_node:205: TRY: 0
DEBUG: src/lcthw/hashmap.c:Hashmap_get_node:205: TRY: 1
DEBUG: src/lcthw/hashmap.c:Hashmap_get_node:205: TRY: 2
DEBUG: src/lcthw/hashmap.c:Hashmap_get_node:205: TRY: 3
DEBUG: src/lcthw/hashmap.c:Hashmap_get_node:205: TRY: 4
DEBUG: src/lcthw/hashmap.c:Hashmap_get_node:205: TRY: 5
DEBUG: src/lcthw/hashmap.c:Hashmap_get_node:205: TRY: 6
DEBUG: src/lcthw/hashmap.c:Hashmap_get_node:205: TRY: 7
DEBUG: src/lcthw/hashmap.c:Hashmap_get_node:205: TRY: 8
DEBUG: src/lcthw/hashmap.c:Hashmap_get_node:205: TRY: 9
DEBUG: src/lcthw/hashmap.c:Hashmap_get_node:205: TRY: 10
DEBUG: src/lcthw/hashmap.c:Hashmap_get_node:205: TRY: 11
DEBUG: src/lcthw/hashmap.c:Hashmap_get_node:205: TRY: 12
DEBUG: src/lcthw/hashmap.c:Hashmap_get_node:205: TRY: 13
DEBUG: src/lcthw/hashmap.c:Hashmap_get_node:205: TRY: 14
DEBUG: src/lcthw/hashmap.c:Hashmap_get_node:205: TRY: 15
DEBUG: src/lcthw/hashmap.c:Hashmap_get_node:205: TRY: 16
DEBUG: src/lcthw/hashmap.c:Hashmap_get_node:205: TRY: 17
DEBUG: src/lcthw/hashmap.c:Hashmap_get_node:205: TRY: 18
DEBUG: src/lcthw/hashmap.c:Hashmap_get_node:205: TRY: 19
DEBUG: src/lcthw/hashmap.c:Hashmap_get_node:205: TRY: 20
DEBUG: src/lcthw/hashmap.c:Hashmap_get_node:205: TRY: 21
DEBUG: src/lcthw/hashmap.c:Hashmap_get_node:205: TRY: 22
DEBUG: src/lcthw/hashmap.c:Hashmap_get_node:205: TRY: 23
DEBUG: src/lcthw/hashmap.c:Hashmap_get_node:205: TRY: 24
DEBUG: src/lcthw/hashmap.c:Hashmap_get_node:205: TRY: 25
DEBUG: src/lcthw/hashmap.c:Hashmap_get_node:205: TRY: 26
DEBUG: src/lcthw/hashmap.c:Hashmap_get_node:205: TRY: 27
DEBUG: src/lcthw/hashmap.c:Hashmap_get_node:205: TRY: 28
DEBUG: src/lcthw/hashmap.c:Hashmap_get_node:205: TRY: 29
DEBUG: src/lcthw/hashmap.c:Hashmap_get_node:205: TRY: 30
DEBUG: src/lcthw/hashmap.c:Hashmap_get_node:205: TRY: 31
DEBUG: src/lcthw/hashmap.c:Hashmap_get_node:205: TRY: 32
DEBUG: src/lcthw/hashmap.c:Hashmap_get_node:205: TRY: 33
DEBUG: src/lcthw/hashmap.c:Hashmap_get_node:205: TRY: 34
DEBUG: src/lcthw/hashmap.c:Hashmap_get_node:205: TRY: 35
DEBUG: src/lcthw/hashmap.c:Hashmap_get_node:205: TRY: 36
DEBUG: src/lcthw/hashmap.c:Hashmap_get_node:205: TRY: 37
DEBUG: src/lcthw/hashmap.c:Hashmap_get_node:205: TRY: 38
DEBUG: src/lcthw/hashmap.c:Hashmap_get_node:205: TRY: 39
DEBUG: src/lcthw/hashmap.c:Hashmap_get_node:205: TRY: 40
DEBUG: src/lcthw/hashmap.c:Hashmap_get_node:205: TRY: 41
DEBUG: src/lcthw/hashmap.c:Hashmap_get_node:205: TRY: 42
DEBUG: src/lcthw/hashmap.c:Hashmap_get_node:205: TRY: 43
DEBUG: src/lcthw/hashmap.c:Hashmap_get_node:205: TRY: 44
DEBUG: src/lcthw/hashmap.c:Hashmap_get_node:205: TRY: 45
DEBUG: src/lcthw/hashmap.c:Hashmap_get_node:205: TRY: 46
DEBUG: src/lcthw/hashmap.c:Hashmap_get_node:205: TRY: 47
DEBUG: src/lcthw/hashmap.c:Hashmap_get_node:205: TRY: 48
DEBUG: src/lcthw/hashmap.c:Hashmap_get_node:205: TRY: 49
DEBUG: src/lcthw/hashmap.c:Hashmap_get_node:205: TRY: 50
DEBUG: src/lcthw/hashmap.c:Hashmap_get_node:205: TRY: 51
DEBUG: src/lcthw/hashmap.c:Hashmap_get_node:205: TRY: 52
DEBUG: src/lcthw/hashmap.c:Hashmap_get_node:205: TRY: 53
DEBUG: src/lcthw/hashmap.c:Hashmap_get_node:205: TRY: 54
DEBUG: src/lcthw/hashmap.c:Hashmap_get_node:205: TRY: 55
DEBUG: src/lcthw/hashmap.c:Hashmap_get_node:205: TRY: 56
DEBUG: src/lcthw/hashmap.c:Hashmap_get_node:205: TRY: 57
DEBUG: src/lcthw/hashmap.c:Hashmap_get_node:205: TRY: 58
DEBUG: src/lcthw/hashmap.c:Hashmap_get_node:205: TRY: 59
DEBUG: src/lcthw/hashmap.c:Hashmap_get_node:205: TRY: 60
DEBUG: src/lcthw/hashmap.c:Hashmap_get_node:205: TRY: 61
DEBUG: src/lcthw/hashmap.c:Hashmap_get_node:205: TRY: 62
DEBUG: src/lcthw/hashmap.c:Hashmap_get_node:205: TRY: 63
DEBUG: src/lcthw/hashmap.c:Hashmap_get_node:205: TRY: 64
DEBUG: src/lcthw/hashmap.c:Hashmap_get_node:205: TRY: 65
DEBUG: src/lcthw/hashmap.c:Hashmap_get_node:205: TRY: 66
DEBUG: src/lcthw/hashmap.c:Hashmap_get_node:205: TRY: 67
DEBUG: src/lcthw/hashmap.c:Hashmap_get_node:205: TRY: 68
DEBUG: src/lcthw/hashmap.c:Hashmap_get_node:205: TRY: 69
DEBUG: src/lcthw/hashmap.c:Hashmap_get_node:205: TRY: 0
DEBUG: src/lcthw/hashmap.c:Hashmap_get_node:205: TRY: 1
DEBUG: src/lcthw/hashmap.c:Hashmap_get_node:205: TRY: 2
DEBUG: src/lcthw/hashmap.c:Hashmap_get_node:205: TRY: 3
DEBUG: src/lcthw/hashmap.c:Hashmap_get_node:205: TRY: 4
DEBUG: src/lcthw/hashmap.c:Hashmap_get_node:205: TRY: 5
DEBUG: src/lcthw/hashmap.c:Hashmap_get_node:205: TRY: 6
DEBUG: src/lcthw/hashmap.c:Hashmap_get_node:205: TRY: 7
DEBUG: src/lcthw/hashmap.c:Hashmap_get_node:205: TRY: 8
DEBUG: src/lcthw/hashmap.c:Hashmap_get_node:205: TRY: 9
DEBUG: src/lcthw/hashmap.c:Hashmap_get_node:205: TRY: 10
DEBUG: src/lcthw/hashmap.c:Hashmap_get_node:205: TRY: 11
DEBUG: src/lcthw/hashmap.c:Hashmap_get_node:205: TRY: 12
DEBUG: src/lcthw/hashmap.c:Hashmap_get_node:205: TRY: 13
DEBUG: src/lcthw/hashmap.c:Hashmap_get_node:205: TRY: 14
DEBUG: src/lcthw/hashmap.c:Hashmap_get_node:205: TRY: 15
DEBUG: src/lcthw/hashmap.c:Hashmap_get_node:205: TRY: 16
DEBUG: src/lcthw/hashmap.c:Hashmap_get_node:205: TRY: 17
DEBUG: src/lcthw/hashmap.c:Hashmap_get_node:205: TRY: 18
DEBUG: src/lcthw/hashmap.c:Hashmap_get_node:205: TRY: 19
DEBUG: src/lcthw/hashmap.c:Hashmap_get_node:205: TRY: 20
DEBUG: src/lcthw/hashmap.c:Hashmap_get_node:205: TRY: 21
DEBUG: src/lcthw/hashmap.c:Hashmap_get_node:205: TRY: 22
DEBUG: src/lcthw/hashmap.c:Hashmap_get_node:205: TRY: 23
DEBUG: src/lcthw/hashmap.c:Hashmap_get_node:205: TRY: 24
DEBUG: src/lcthw/hashmap.c:Hashmap_get_node:205: TRY: 25
DEBUG: src/lcthw/hashmap.c:Hashmap_get_node:205: TRY: 26
DEBUG: src/lcthw/hashmap.c:Hashmap_get_node:205: TRY: 27
DEBUG: src/lcthw/hashmap.c:Hashmap_get_node:205: TRY: 28
DEBUG: src/lcthw/hashmap.c:Hashmap_get_node:205: TRY: 29
DEBUG: src/lcthw/hashmap.c:Hashmap_get_node:205: TRY: 30
DEBUG: src/lcthw/hashmap.c:Hashmap_get_node:205: TRY: 31
DEBUG: src/lcthw/hashmap.c:Hashmap_get_node:205: TRY: 32
DEBUG: src/lcthw/hashmap.c:Hashmap_get_node:205: TRY: 33
DEBUG: src/lcthw/hashmap.c:Hashmap_get_node:205: TRY: 34
DEBUG: src/lcthw/hashmap.c:Hashmap_get_node:205: TRY: 35
DEBUG: src/lcthw/hashmap.c:Hashmap_get_node:205: TRY: 36
DEBUG: src/lcthw/hashmap.c:Hashmap_get_node:205: TRY: 37
DEBUG: src/lcthw/hashmap.c:Hashmap_get_node:205: TRY: 38
DEBUG: src/lcthw/hashmap.c:Hashmap_get_node:205: TRY: 39
DEBUG: src/lcthw/hashmap.c:Hashmap_get_node:205: TRY: 40
DEBUG: src/lcthw/hashmap.c:Hashmap_get_node:205: TRY: 41
DEBUG: src/lcthw/hashmap.c:Hashmap_get_node:205: TRY: 42
DEBUG: src/lcthw/hashmap.c:Hashmap_get_node:205: TRY: 43
DEBUG: src/lcthw/hashmap.c:Hashmap_get_node:205: TRY: 44
DEBUG: src/lcthw/hashmap.c:Hashmap_get_node:205: TRY: 45
DEBUG: src/lcthw/hashmap.c:Hashmap_get_node:205: TRY: 46
DEBUG: src/lcthw/hashmap.c:Hashmap_get_node:205: TRY: 47
DEBUG: src/lcthw/hashmap.c:Hashmap_get_node:205: TRY: 48
DEBUG: src/lcthw/hashmap.c:Hashmap_get_node:205: TRY: 49
DEBUG: src/lcthw/hashmap.c:Hashmap_get_node:205: TRY: 50
DEBUG: src/lcthw/hashmap.c:Hashmap_get_node:205: TRY: 51
DEBUG: src/lcthw/hashmap.c:Hashmap_get_node:205: TRY: 52
DEBUG: src/lcthw/hashmap.c:Hashmap_get_node:205: TRY: 53
DEBUG: src/lcthw/hashmap.c:Hashmap_get_node:205: TRY: 54
DEBUG: src/lcthw/hashmap.c:Hashmap_get_node:205: TRY: 55
DEBUG: src/lcthw/hashmap.c:Hashmap_get_node:205: TRY: 56
DEBUG: src/lcthw/hashmap.c:Hashmap_get_node:205: TRY: 57
DEBUG: src/lcthw/hashmap.c:Hashmap_get_node:205: TRY: 58
DEBUG: src/lcthw/hashmap.c:Hashmap_get_node:205: TRY: 59
DEBUG: src/lcthw/hashmap.c:Hashmap_get_node:205: TRY: 60
DEBUG: src/lcthw/hashmap.c:Hashmap_get_node:205: TRY: 61
DEBUG: src/lcthw/hashmap.c:Hashmap_get_node:205: TRY: 62
DEBUG: src/lcthw/hashmap.c:Hashmap_get_node:205: TRY: 63
DEBUG: src/lcthw/hashmap.c:Hashmap_get_node:205: TRY: 64
DEBUG: src/lcthw/hashmap.c:Hashmap_get_node:205: TRY: 65
DEBUG: src/lcthw/hashmap.c:Hashmap_get_node:205: TRY: 66
DEBUG: src/lcthw/hashmap.c:Hashmap_get_node:205: TRY: 67
DEBUG: src/lcthw/hashmap.c:Hashmap_get_node:205: TRY: 68
DEBUG: src/lcthw/hashmap.c:Hashmap_get_node:205: TRY: 69
DEBUG: src/lcthw/hashmap.c:Hashmap_get_node:205: TRY: 0
DEBUG: src/lcthw/hashmap.c:Hashmap_get_node:205: TRY: 1
DEBUG: src/lcthw/hashmap.c:Hashmap_get_node:205: TRY: 2
DEBUG: src/lcthw/hashmap.c:Hashmap_get_node:205: TRY: 3
DEBUG: src/lcthw/hashmap.c:Hashmap_get_node:205: TRY: 4
DEBUG: src/lcthw/hashmap.c:Hashmap_get_node:205: TRY: 5
DEBUG: src/lcthw/hashmap.c:Hashmap_get_node:205: TRY: 6
DEBUG: src/lcthw/hashmap.c:Hashmap_get_node:205: TRY: 7
DEBUG: src/lcthw/hashmap.c:Hashmap_get_node:205: TRY: 8
DEBUG: src/lcthw/hashmap.c:Hashmap_get_node:205: TRY: 9
DEBUG: src/lcthw/hashmap.c:Hashmap_get_node:205: TRY: 10
DEBUG: src/lcthw/hashmap.c:Hashmap_get_node:205: TRY: 11
DEBUG: src/lcthw/hashmap.c:Hashmap_get_node:205: TRY: 12
DEBUG: src/lcthw/hashmap.c:Hashmap_get_node:205: TRY: 13
DEBUG: src/lcthw/hashmap.c:Hashmap_get_node:205: TRY: 14
DEBUG: src/lcthw/hashmap.c:Hashmap_get_node:205: TRY: 15
DEBUG: src/lcthw/hashmap.c:Hashmap_get_node:205: TRY: 16
DEBUG: src/lcthw/hashmap.c:Hashmap_get_node:205: TRY: 17
DEBUG: src/lcthw/hashmap.c:Hashmap_get_node:205: TRY: 18
DEBUG: src/lcthw/hashmap.c:Hashmap_get_node:205: TRY: 19
DEBUG: src/lcthw/hashmap.c:Hashmap_get_node:205: TRY: 20
DEBUG: src/lcthw/hashmap.c:Hashmap_get_node:205: TRY: 21
DEBUG: src/lcthw/hashmap.c:Hashmap_get_node:205: TRY: 22
DEBUG: src/lcthw/hashmap.c:Hashmap_get_node:205: TRY: 23
DEBUG: src/lcthw/hashmap.c:Hashmap_get_node:205: TRY: 24
DEBUG: src/lcthw/hashmap.c:Hashmap_get_node:205: TRY: 25
DEBUG: src/lcthw/hashmap.c:Hashmap_get_node:205: TRY: 26
DEBUG: src/lcthw/hashmap.c:Hashmap_get_node:205: TRY: 27
DEBUG: src/lcthw/hashmap.c:Hashmap_get_node:205: TRY: 28
DEBUG: src/lcthw/hashmap.c:Hashmap_get_node:205: TRY: 29
DEBUG: src/lcthw/hashmap.c:Hashmap_get_node:205: TRY: 30
DEBUG: src/lcthw/hashmap.c:Hashmap_get_node:205: TRY: 31
DEBUG: src/lcthw/hashmap.c:Hashmap_get_node:205: TRY: 32
DEBUG: src/lcthw/hashmap.c:Hashmap_get_node:205: TRY: 33
DEBUG: src/lcthw/hashmap.c:Hashmap_get_node:205: TRY: 34
DEBUG: src/lcthw/hashmap.c:Hashmap_get_node:205: TRY: 35
DEBUG: src/lcthw/hashmap.c:Hashmap_get_node:205: TRY: 36
DEBUG: src/lcthw/hashmap.c:Hashmap_get_node:205: TRY: 37
DEBUG: src/lcthw/hashmap.c:Hashmap_get_node:205: TRY: 38
DEBUG: src/lcthw/hashmap.c:Hashmap_get_node:205: TRY: 39
DEBUG: src/lcthw/hashmap.c:Hashmap_get_node:205: TRY: 40
DEBUG: src/lcthw/hashmap.c:Hashmap_get_node:205: TRY: 41
DEBUG: src/lcthw/hashmap.c:Hashmap_get_node:205: TRY: 42
DEBUG: src/lcthw/hashmap.c:Hashmap_get_node:205: TRY: 43
DEBUG: src/lcthw/hashmap.c:Hashmap_get_node:205: TRY: 44
DEBUG: src/lcthw/hashmap.c:Hashmap_get_node:205: TRY: 45
DEBUG: src/lcthw/hashmap.c:Hashmap_get_node:205: TRY: 46
DEBUG: src/lcthw/hashmap.c:Hashmap_get_node:205: TRY: 47
DEBUG: src/lcthw/hashmap.c:Hashmap_get_node:205: TRY: 48
DEBUG: src/lcthw/hashmap.c:Hashmap_get_node:205: TRY: 49
DEBUG: src/lcthw/hashmap.c:Hashmap_get_node:205: TRY: 50
DEBUG: src/lcthw/hashmap.c:Hashmap_get_node:205: TRY: 51
DEBUG: src/lcthw/hashmap.c:Hashmap_get_node:205: TRY: 52
DEBUG: src/lcthw/hashmap.c:Hashmap_get_node:205: TRY: 53
DEBUG: src/lcthw/hashmap.c:Hashmap_get_node:205: TRY: 54
DEBUG: src/lcthw/hashmap.c:Hashmap_get_node:205: TRY: 55
DEBUG: src/lcthw/hashmap.c:Hashmap_get_node:205: TRY: 56
DEBUG: src/lcthw/hashmap.c:Hashmap_get_node:205: TRY: 57
DEBUG: src/lcthw/hashmap.c:Hashmap_get_node:205: TRY: 58
DEBUG: src/lcthw/hashmap.c:Hashmap_get_node:205: TRY: 59
DEBUG: src/lcthw/hashmap.c:Hashmap_get_node:205: TRY: 60
DEBUG: src/lcthw/hashmap.c:Hashmap_get_node:205: TRY: 61
DEBUG: src/lcthw/hashmap.c:Hashmap_get_node:205: TRY: 62
DEBUG: src/lcthw/hashmap.c:Hashmap_get_node:205: TRY: 63
DEBUG: src/lcthw/hashmap.c:Hashmap_get_node:205: TRY: 64
DEBUG: src/lcthw/hashmap.c:Hashmap_get_node:205: TRY: 65
DEBUG: src/lcthw/hashmap.c:Hashmap_get_node:205: TRY: 66
DEBUG: src/lcthw/hashmap.c:Hashmap_get_node:205: TRY: 67
DEBUG: src/lcthw/hashmap.c:Hashmap_get_node:205: TRY: 68
DEBUG: src/lcthw/hashmap.c:Hashmap_get_node:205: TRY: 69
DEBUG: src/lcthw/hashmap.c:Hashmap_get_node:205: TRY: 70
DEBUG: src/lcthw/hashmap.c:Hashmap_get_node:205: TRY: 0
DEBUG: src/lcthw/hashmap.c:Hashmap_get_node:205: TRY: 1
DEBUG: src/lcthw/hashmap.c:Hashmap_get_node:205: TRY: 2
DEBUG: src/lcthw/hashmap.c:Hashmap_get_node:205: TRY: 3
DEBUG: src/lcthw/hashmap.c:Hashmap_get_node:205: TRY: 4
DEBUG: src/lcthw/hashmap.c:Hashmap_get_node:205: TRY: 5
DEBUG: src/lcthw/hashmap.c:Hashmap_get_node:205: TRY: 6
DEBUG: src/lcthw/hashmap.c:Hashmap_get_node:205: TRY: 7
DEBUG: src/lcthw/hashmap.c:Hashmap_get_node:205: TRY: 8
DEBUG: src/lcthw/hashmap.c:Hashmap_get_node:205: TRY: 9
DEBUG: src/lcthw/hashmap.c:Hashmap_get_node:205: TRY: 10
DEBUG: src/lcthw/hashmap.c:Hashmap_get_node:205: TRY: 11
DEBUG: src/lcthw/hashmap.c:Hashmap_get_node:205: TRY: 12
DEBUG: src/lcthw/hashmap.c:Hashmap_get_node:205: TRY: 13
DEBUG: src/lcthw/hashmap.c:Hashmap_get_node:205: TRY: 14
DEBUG: src/lcthw/hashmap.c:Hashmap_get_node:205: TRY: 15
DEBUG: src/lcthw/hashmap.c:Hashmap_get_node:205: TRY: 16
DEBUG: src/lcthw/hashmap.c:Hashmap_get_node:205: TRY: 17
DEBUG: src/lcthw/hashmap.c:Hashmap_get_node:205: TRY: 18
DEBUG: src/lcthw/hashmap.c:Hashmap_get_node:205: TRY: 19
DEBUG: src/lcthw/hashmap.c:Hashmap_get_node:205: TRY: 20
DEBUG: src/lcthw/hashmap.c:Hashmap_get_node:205: TRY: 21
DEBUG: src/lcthw/hashmap.c:Hashmap_get_node:205: TRY: 22
DEBUG: src/lcthw/hashmap.c:Hashmap_get_node:205: TRY: 23
DEBUG: src/lcthw/hashmap.c:Hashmap_get_node:205: TRY: 24
DEBUG: src/lcthw/hashmap.c:Hashmap_get_node:205: TRY: 25
DEBUG: src/lcthw/hashmap.c:Hashmap_get_node:205: TRY: 26
DEBUG: src/lcthw/hashmap.c:Hashmap_get_node:205: TRY: 27
DEBUG: src/lcthw/hashmap.c:Hashmap_get_node:205: TRY: 28
DEBUG: src/lcthw/hashmap.c:Hashmap_get_node:205: TRY: 29
DEBUG: src/lcthw/hashmap.c:Hashmap_get_node:205: TRY: 30
DEBUG: src/lcthw/hashmap.c:Hashmap_get_node:205: TRY: 31
DEBUG: src/lcthw/hashmap.c:Hashmap_get_node:205: TRY: 32
DEBUG: src/lcthw/hashmap.c:Hashmap_get_node:205: TRY: 33
DEBUG: src/lcthw/hashmap.c:Hashmap_get_node:205: TRY: 34
DEBUG: src/lcthw/hashmap.c:Hashmap_get_node:205: TRY: 35
DEBUG: src/lcthw/hashmap.c:Hashmap_get_node:205: TRY: 36
DEBUG: src/lcthw/hashmap.c:Hashmap_get_node:205: TRY: 37
DEBUG: src/lcthw/hashmap.c:Hashmap_get_node:205: TRY: 38
DEBUG: src/lcthw/hashmap.c:Hashmap_get_node:205: TRY: 39
DEBUG: src/lcthw/hashmap.c:Hashmap_get_node:205: TRY: 40
DEBUG: src/lcthw/hashmap.c:Hashmap_get_node:205: TRY: 41
DEBUG: src/lcthw/hashmap.c:Hashmap_get_node:205: TRY: 42
DEBUG: src/lcthw/hashmap.c:Hashmap_get_node:205: TRY: 43
DEBUG: src/lcthw/hashmap.c:Hashmap_get_node:205: TRY: 44
DEBUG: src/lcthw/hashmap.c:Hashmap_get_node:205: TRY: 45
DEBUG: src/lcthw/hashmap.c:Hashmap_get_node:205: TRY: 46
DEBUG: src/lcthw/hashmap.c:Hashmap_get_node:205: TRY: 47
DEBUG: src/lcthw/hashmap.c:Hashmap_get_node:205: TRY: 48
DEBUG: src/lcthw/hashmap.c:Hashmap_get_node:205: TRY: 49
DEBUG: src/lcthw/hashmap.c:Hashmap_get_node:205: TRY: 50
DEBUG: src/lcthw/hashmap.c:Hashmap_get_node:205: TRY: 51
DEBUG: src/lcthw/hashmap.c:Hashmap_get_node:205: TRY: 52
DEBUG: src/lcthw/hashmap.c:Hashmap_get_node:205: TRY: 53
DEBUG: src/lcthw/hashmap.c:Hashmap_get_node:205: TRY: 54
DEBUG: src/lcthw/hashmap.c:Hashmap_get_node:205: TRY: 55
DEBUG: src/lcthw/hashmap.c:Hashmap_get_node:205: TRY: 56
DEBUG: src/lcthw/hashmap.c:Hashmap_get_node:205: TRY: 57
DEBUG: src/lcthw/hashmap.c:Hashmap_get_node:205: TRY: 58
DEBUG: src/lcthw/hashmap.c:Hashmap_get_node:205: TRY: 59
DEBUG: src/lcthw/hashmap.c:Hashmap_get_node:205: TRY: 60
DEBUG: src/lcthw/hashmap.c:Hashmap_get_node:205: TRY: 61
DEBUG: src/lcthw/hashmap.c:Hashmap_get_node:205: TRY: 62
DEBUG: src/lcthw/hashmap.c:Hashmap_get_node:205: TRY: 63
DEBUG: src/lcthw/hashmap.c:Hashmap_get_node:205: TRY: 64
DEBUG: src/lcthw/hashmap.c:Hashmap_get_node:205: TRY: 65
DEBUG: src/lcthw/hashmap.c:Hashmap_get_node:205: TRY: 66
DEBUG: src/lcthw/hashmap.c:Hashmap_get_node:205: TRY: 67
DEBUG: src/lcthw/hashmap.c:Hashmap_get_node:205: TRY: 68
DEBUG: src/lcthw/hashmap.c:Hashmap_get_node:205: TRY: 69
DEBUG: src/lcthw/hashmap.c:Hashmap_get_node:205: TRY: 70
DEBUG: src/lcthw/hashmap.c:Hashmap_get_node:205: TRY: 71
DEBUG: src/lcthw/hashmap.c:Hashmap_get_node:205: TRY: 72
DEBUG: src/lcthw/hashmap.c:Hashmap_get_node:205: TRY: 73
DEBUG: src/lcthw/hashmap.c:Hashmap_get_node:205: TRY: 74
DEBUG: src/lcthw/hashmap.c:Hashmap_get_node:205: TRY: 75
DEBUG: src/lcthw/hashmap.c:Hashmap_get_node:205: TRY: 0
DEBUG: src/lcthw/hashmap.c:Hashmap_get_node:205: TRY: 1
DEBUG: src/lcthw/hashmap.c:Hashmap_get_node:205: TRY: 2
DEBUG: src/lcthw/hashmap.c:Hashmap_get_node:205: TRY: 3
DEBUG: src/lcthw/hashmap.c:Hashmap_get_node:205: TRY: 4
DEBUG: src/lcthw/hashmap.c:Hashmap_get_node:205: TRY: 5
DEBUG: src/lcthw/hashmap.c:Hashmap_get_node:205: TRY: 6
DEBUG: src/lcthw/hashmap.c:Hashmap_get_node:205: TRY: 7
DEBUG: src/lcthw/hashmap.c:Hashmap_get_node:205: TRY: 8
DEBUG: src/lcthw/hashmap.c:Hashmap_get_node:205: TRY: 9
DEBUG: src/lcthw/hashmap.c:Hashmap_get_node:205: TRY: 10
DEBUG: src/lcthw/hashmap.c:Hashmap_get_node:205: TRY: 11
DEBUG: src/lcthw/hashmap.c:Hashmap_get_node:205: TRY: 12
DEBUG: src/lcthw/hashmap.c:Hashmap_get_node:205: TRY: 13
DEBUG: src/lcthw/hashmap.c:Hashmap_get_node:205: TRY: 14
DEBUG: src/lcthw/hashmap.c:Hashmap_get_node:205: TRY: 15
DEBUG: src/lcthw/hashmap.c:Hashmap_get_node:205: TRY: 16
DEBUG: src/lcthw/hashmap.c:Hashmap_get_node:205: TRY: 17
DEBUG: src/lcthw/hashmap.c:Hashmap_get_node:205: TRY: 18
DEBUG: src/lcthw/hashmap.c:Hashmap_get_node:205: TRY: 19
DEBUG: src/lcthw/hashmap.c:Hashmap_get_node:205: TRY: 20
DEBUG: src/lcthw/hashmap.c:Hashmap_get_node:205: TRY: 21
DEBUG: src/lcthw/hashmap.c:Hashmap_get_node:205: TRY: 22
DEBUG: src/lcthw/hashmap.c:Hashmap_get_node:205: TRY: 23
DEBUG: src/lcthw/hashmap.c:Hashmap_get_node:205: TRY: 24
DEBUG: src/lcthw/hashmap.c:Hashmap_get_node:205: TRY: 25
DEBUG: src/lcthw/hashmap.c:Hashmap_get_node:205: TRY: 26
DEBUG: src/lcthw/hashmap.c:Hashmap_get_node:205: TRY: 27
DEBUG: src/lcthw/hashmap.c:Hashmap_get_node:205: TRY: 28
DEBUG: src/lcthw/hashmap.c:Hashmap_get_node:205: TRY: 29
DEBUG: src/lcthw/hashmap.c:Hashmap_get_node:205: TRY: 30
DEBUG: src/lcthw/hashmap.c:Hashmap_get_node:205: TRY: 31
DEBUG: src/lcthw/hashmap.c:Hashmap_get_node:205: TRY: 32
DEBUG: src/lcthw/hashmap.c:Hashmap_get_node:205: TRY: 33
DEBUG: src/lcthw/hashmap.c:Hashmap_get_node:205: TRY: 34
DEBUG: src/lcthw/hashmap.c:Hashmap_get_node:205: TRY: 35
DEBUG: src/lcthw/hashmap.c:Hashmap_get_node:205: TRY: 36
DEBUG: src/lcthw/hashmap.c:Hashmap_get_node:205: TRY: 37
DEBUG: src/lcthw/hashmap.c:Hashmap_get_node:205: TRY: 38
DEBUG: src/lcthw/hashmap.c:Hashmap_get_node:205: TRY: 39
DEBUG: src/lcthw/hashmap.c:Hashmap_get_node:205: TRY: 40
DEBUG: src/lcthw/hashmap.c:Hashmap_get_node:205: TRY: 41
DEBUG: src/lcthw/hashmap.c:Hashmap_get_node:205: TRY: 42
DEBUG: src/lcthw/hashmap.c:Hashmap_get_node:205: TRY: 43
DEBUG: src/lcthw/hashmap.c:Hashmap_get_node:205: TRY: 44
DEBUG: src/lcthw/hashmap.c:Hashmap_get_node:205: TRY: 45
DEBUG: src/lcthw/hashmap.c:Hashmap_get_node:205: TRY: 46
DEBUG: src/lcthw/hashmap.c:Hashmap_get_node:205: TRY: 47
DEBUG: src/lcthw/hashmap.c:Hashmap_get_node:205: TRY: 48
DEBUG: src/lcthw/hashmap.c:Hashmap_get_node:205: TRY: 49
DEBUG: src/lcthw/hashmap.c:Hashmap_get_node:205: TRY: 50
DEBUG: src/lcthw/hashmap.c:Hashmap_get_node:205: TRY: 51
DEBUG: src/lcthw/hashmap.c:Hashmap_get_node:205: TRY: 52
DEBUG: src/lcthw/hashmap.c:Hashmap_get_node:205: TRY: 53
DEBUG: src/lcthw/hashmap.c:Hashmap_get_node:205: TRY: 54
DEBUG: src/lcthw/hashmap.c:Hashmap_get_node:205: TRY: 55
DEBUG: src/lcthw/hashmap.c:Hashmap_get_node:205: TRY: 56
DEBUG: src/lcthw/hashmap.c:Hashmap_get_node:205: TRY: 57
DEBUG: src/lcthw/hashmap.c:Hashmap_get_node:205: TRY: 58
DEBUG: src/lcthw/hashmap.c:Hashmap_get_node:205: TRY: 59
DEBUG: src/lcthw/hashmap.c:Hashmap_get_node:205: TRY: 60
DEBUG: src/lcthw/hashmap.c:Hashmap_get_node:205: TRY: 61
DEBUG: src/lcthw/hashmap.c:Hashmap_get_node:205: TRY: 62
DEBUG: src/lcthw/hashmap.c:Hashmap_get_node:205: TRY: 63
DEBUG: src/lcthw/hashmap.c:Hashmap_get_node:205: TRY: 64
DEBUG: src/lcthw/hashmap.c:Hashmap_get_node:205: TRY: 65
DEBUG: src/lcthw/hashmap.c:Hashmap_get_node:205: TRY: 66
DEBUG: src/lcthw/hashmap.c:Hashmap_get_node:205: TRY: 67
DEBUG: src/lcthw/hashmap.c:Hashmap_get_node:205: TRY: 68
DEBUG: src/lcthw/hashmap.c:Hashmap_get_node:205: TRY: 69
DEBUG: src/lcthw/hashmap.c:Hashmap_get_node:205: TRY: 70
DEBUG: src/lcthw/hashmap.c:Hashmap_get_node:205: TRY: 71
DEBUG: src/lcthw/hashmap.c:Hashmap_get_node:205: TRY: 72
DEBUG: src/lcthw/hashmap.c:Hashmap_get_node:205: TRY: 73
DEBUG: src/lcthw/hashmap.c:Hashmap_get_node:205: TRY: 74
DEBUG: src/lcthw/hashmap.c:Hashmap_get_node:205: TRY: 75
DEBUG: src/lcthw/hashmap.c:Hashmap_get_node:205: TRY: 76
DEBUG: src/lcthw/hashmap.c:Hashmap_get_node:205: TRY: 77
DEBUG: src/lcthw/hashmap.c:Hashmap_get_node:205: TRY: 78
DEBUG: src/lcthw/hashmap.c:Hashmap_get_node:205: TRY: 79
DEBUG: src/lcthw/hashmap.c:Hashmap_get_node:205: TRY: 80
DEBUG: src/lcthw/hashmap.c:Hashmap_get_node:205: TRY: 81
DEBUG: src/lcthw/hashmap.c:Hashmap_get_node:205: TRY: 82
DEBUG: src/lcthw/hashmap.c:Hashmap_get_node:205: TRY: 83
DEBUG: src/lcthw/hashmap.c:Hashmap_get_node:205: TRY: 84
DEBUG: src/lcthw/hashmap.c:Hashmap_get_node:205: TRY: 85
DEBUG: src/lcthw/hashmap.c:Hashmap_get_node:205: TRY: 86
DEBUG: src/lcthw/hashmap.c:Hashmap_get_node:205: TRY: 87
DEBUG: src/lcthw/hashmap.c:Hashmap_get_node:205: TRY: 0
DEBUG: src/lcthw/hashmap.c:Hashmap_get_node:205: TRY: 1
DEBUG: src/lcthw/hashmap.c:Hashmap_get_node:205: TRY: 2
DEBUG: src/lcthw/hashmap.c:Hashmap_get_node:205: TRY: 3
DEBUG: src/lcthw/hashmap.c:Hashmap_get_node:205: TRY: 4
DEBUG: src/lcthw/hashmap.c:Hashmap_get_node:205: TRY: 5
DEBUG: src/lcthw/hashmap.c:Hashmap_get_node:205: TRY: 6
DEBUG: src/lcthw/hashmap.c:Hashmap_get_node:205: TRY: 7
DEBUG: src/lcthw/hashmap.c:Hashmap_get_node:205: TRY: 8
DEBUG: src/lcthw/hashmap.c:Hashmap_get_node:205: TRY: 9
DEBUG: src/lcthw/hashmap.c:Hashmap_get_node:205: TRY: 10
DEBUG: src/lcthw/hashmap.c:Hashmap_get_node:205: TRY: 11
DEBUG: src/lcthw/hashmap.c:Hashmap_get_node:205: TRY: 12
DEBUG: src/lcthw/hashmap.c:Hashmap_get_node:205: TRY: 13
DEBUG: src/lcthw/hashmap.c:Hashmap_get_node:205: TRY: 14
DEBUG: src/lcthw/hashmap.c:Hashmap_get_node:205: TRY: 15
DEBUG: src/lcthw/hashmap.c:Hashmap_get_node:205: TRY: 16
DEBUG: src/lcthw/hashmap.c:Hashmap_get_node:205: TRY: 17
DEBUG: src/lcthw/hashmap.c:Hashmap_get_node:205: TRY: 18
DEBUG: src/lcthw/hashmap.c:Hashmap_get_node:205: TRY: 19
DEBUG: src/lcthw/hashmap.c:Hashmap_get_node:205: TRY: 20
DEBUG: src/lcthw/hashmap.c:Hashmap_get_node:205: TRY: 21
DEBUG: src/lcthw/hashmap.c:Hashmap_get_node:205: TRY: 22
DEBUG: src/lcthw/hashmap.c:Hashmap_get_node:205: TRY: 23
DEBUG: src/lcthw/hashmap.c:Hashmap_get_node:205: TRY: 24
DEBUG: src/lcthw/hashmap.c:Hashmap_get_node:205: TRY: 25
DEBUG: src/lcthw/hashmap.c:Hashmap_get_node:205: TRY: 26
DEBUG: src/lcthw/hashmap.c:Hashmap_get_node:205: TRY: 27
DEBUG: src/lcthw/hashmap.c:Hashmap_get_node:205: TRY: 28
DEBUG: src/lcthw/hashmap.c:Hashmap_get_node:205: TRY: 29
DEBUG: src/lcthw/hashmap.c:Hashmap_get_node:205: TRY: 30
DEBUG: src/lcthw/hashmap.c:Hashmap_get_node:205: TRY: 31
DEBUG: src/lcthw/hashmap.c:Hashmap_get_node:205: TRY: 32
DEBUG: src/lcthw/hashmap.c:Hashmap_get_node:205: TRY: 33
DEBUG: src/lcthw/hashmap.c:Hashmap_get_node:205: TRY: 34
DEBUG: src/lcthw/hashmap.c:Hashmap_get_node:205: TRY: 35
DEBUG: src/lcthw/hashmap.c:Hashmap_get_node:205: TRY: 36
DEBUG: src/lcthw/hashmap.c:Hashmap_get_node:205: TRY: 37
DEBUG: src/lcthw/hashmap.c:Hashmap_get_node:205: TRY: 38
DEBUG: src/lcthw/hashmap.c:Hashmap_get_node:205: TRY: 39
DEBUG: src/lcthw/hashmap.c:Hashmap_get_node:205: TRY: 40
DEBUG: src/lcthw/hashmap.c:Hashmap_get_node:205: TRY: 41
DEBUG: src/lcthw/hashmap.c:Hashmap_get_node:205: TRY: 42
DEBUG: src/lcthw/hashmap.c:Hashmap_get_node:205: TRY: 43
DEBUG: src/lcthw/hashmap.c:Hashmap_get_node:205: TRY: 44
DEBUG: src/lcthw/hashmap.c:Hashmap_get_node:205: TRY: 45
DEBUG: src/lcthw/hashmap.c:Hashmap_get_node:205: TRY: 46
DEBUG: src/lcthw/hashmap.c:Hashmap_get_node:205: TRY: 47
DEBUG: src/lcthw/hashmap.c:Hashmap_get_node:205: TRY: 48
DEBUG: src/lcthw/hashmap.c:Hashmap_get_node:205: TRY: 49
DEBUG: src/lcthw/hashmap.c:Hashmap_get_node:205: TRY: 50
DEBUG: src/lcthw/hashmap.c:Hashmap_get_node:205: TRY: 51
DEBUG: src/lcthw/hashmap.c:Hashmap_get_node:205: TRY: 52
DEBUG: src/lcthw/hashmap.c:Hashmap_get_node:205: TRY: 53
DEBUG: src/lcthw/hashmap.c:Hashmap_get_node:205: TRY: 54
DEBUG: src/lcthw/hashmap.c:Hashmap_get_node:205: TRY: 55
DEBUG: src/lcthw/hashmap.c:Hashmap_get_node:205: TRY: 56
DEBUG: src/lcthw/hashmap.c:Hashmap_get_node:205: TRY: 57
DEBUG: src/lcthw/hashmap.c:Hashmap_get_node:205: TRY: 58
DEBUG: src/lcthw/hashmap.c:Hashmap_get_node:205: TRY: 59
DEBUG: src/lcthw/hashmap.c:Hashmap_get_node:205: TRY: 60
DEBUG: src/lcthw/hashmap.c:Hashmap_get_node:205: TRY: 61
DEBUG: src/lcthw/hashmap.c:Hashmap_get_node:205: TRY: 62
DEBUG: src/lcthw/hashmap.c:Hashmap_get_node:205: TRY: 63
DEBUG: src/lcthw/hashmap.c:Hashmap_get_node:205: TRY: 64
DEBUG: src/lcthw/hashmap.c:Hashmap_get_node:205: TRY: 65
DEBUG: src/lcthw/hashmap.c:Hashmap_get_node:205: TRY: 66
DEBUG: src/lcthw/hashmap.c:Hashmap_get_node:205: TRY: 67
DEBUG: src/lcthw/hashmap.c:Hashmap_get_node:205: TRY: 68
DEBUG: src/lcthw/hashmap.c:Hashmap_get_node:205: TRY: 69
DEBUG: src/lcthw/hashmap.c:Hashmap_get_node:205: TRY: 70
DEBUG: src/lcthw/hashmap.c:Hashmap_get_node:205: TRY: 0
DEBUG: src/lcthw/hashmap.c:Hashmap_get_node:205: TRY: 1
DEBUG: src/lcthw/hashmap.c:Hashmap_get_node:205: TRY: 2
DEBUG: src/lcthw/hashmap.c:Hashmap_get_node:205: TRY: 3
DEBUG: src/lcthw/hashmap.c:Hashmap_get_node:205: TRY: 4
DEBUG: src/lcthw/hashmap.c:Hashmap_get_node:205: TRY: 5
DEBUG: src/lcthw/hashmap.c:Hashmap_get_node:205: TRY: 6
DEBUG: src/lcthw/hashmap.c:Hashmap_get_node:205: TRY: 7
DEBUG: src/lcthw/hashmap.c:Hashmap_get_node:205: TRY: 8
DEBUG: src/lcthw/hashmap.c:Hashmap_get_node:205: TRY: 9
DEBUG: src/lcthw/hashmap.c:Hashmap_get_node:205: TRY: 10
DEBUG: src/lcthw/hashmap.c:Hashmap_get_node:205: TRY: 11
DEBUG: src/lcthw/hashmap.c:Hashmap_get_node:205: TRY: 12
DEBUG: src/lcthw/hashmap.c:Hashmap_get_node:205: TRY: 13
DEBUG: src/lcthw/hashmap.c:Hashmap_get_node:205: TRY: 14
DEBUG: src/lcthw/hashmap.c:Hashmap_get_node:205: TRY: 15
DEBUG: src/lcthw/hashmap.c:Hashmap_get_node:205: TRY: 16
DEBUG: src/lcthw/hashmap.c:Hashmap_get_node:205: TRY: 17
DEBUG: src/lcthw/hashmap.c:Hashmap_get_node:205: TRY: 18
DEBUG: src/lcthw/hashmap.c:Hashmap_get_node:205: TRY: 19
DEBUG: src/lcthw/hashmap.c:Hashmap_get_node:205: TRY: 20
DEBUG: src/lcthw/hashmap.c:Hashmap_get_node:205: TRY: 21
DEBUG: src/lcthw/hashmap.c:Hashmap_get_node:205: TRY: 22
DEBUG: src/lcthw/hashmap.c:Hashmap_get_node:205: TRY: 23
DEBUG: src/lcthw/hashmap.c:Hashmap_get_node:205: TRY: 24
DEBUG: src/lcthw/hashmap.c:Hashmap_get_node:205: TRY: 25
DEBUG: src/lcthw/hashmap.c:Hashmap_get_node:205: TRY: 26
DEBUG: src/lcthw/hashmap.c:Hashmap_get_node:205: TRY: 27
DEBUG: src/lcthw/hashmap.c:Hashmap_get_node:205: TRY: 28
DEBUG: src/lcthw/hashmap.c:Hashmap_get_node:205: TRY: 29
DEBUG: src/lcthw/hashmap.c:Hashmap_get_node:205: TRY: 30
DEBUG: src/lcthw/hashmap.c:Hashmap_get_node:205: TRY: 31
DEBUG: src/lcthw/hashmap.c:Hashmap_get_node:205: TRY: 32
DEBUG: src/lcthw/hashmap.c:Hashmap_get_node:205: TRY: 33
DEBUG: src/lcthw/hashmap.c:Hashmap_get_node:205: TRY: 34
DEBUG: src/lcthw/hashmap.c:Hashmap_get_node:205: TRY: 35
DEBUG: src/lcthw/hashmap.c:Hashmap_get_node:205: TRY: 36
DEBUG: src/lcthw/hashmap.c:Hashmap_get_node:205: TRY: 37
DEBUG: src/lcthw/hashmap.c:Hashmap_get_node:205: TRY: 38
DEBUG: src/lcthw/hashmap.c:Hashmap_get_node:205: TRY: 39
DEBUG: src/lcthw/hashmap.c:Hashmap_get_node:205: TRY: 40
DEBUG: src/lcthw/hashmap.c:Hashmap_get_node:205: TRY: 41
DEBUG: src/lcthw/hashmap.c:Hashmap_get_node:205: TRY: 42
DEBUG: src/lcthw/hashmap.c:Hashmap_get_node:205: TRY: 43
DEBUG: src/lcthw/hashmap.c:Hashmap_get_node:205: TRY: 44
DEBUG: src/lcthw/hashmap.c:Hashmap_get_node:205: TRY: 45
DEBUG: src/lcthw/hashmap.c:Hashmap_get_node:205: TRY: 46
DEBUG: src/lcthw/hashmap.c:Hashmap_get_node:205: TRY: 47
DEBUG: src/lcthw/hashmap.c:Hashmap_get_node:205: TRY: 48
DEBUG: src/lcthw/hashmap.c:Hashmap_get_node:205: TRY: 49
DEBUG: src/lcthw/hashmap.c:Hashmap_get_node:205: TRY: 50
DEBUG: src/lcthw/hashmap.c:Hashmap_get_node:205: TRY: 51
DEBUG: src/lcthw/hashmap.c:Hashmap_get_node:205: TRY: 52
DEBUG: src/lcthw/hashmap.c:Hashmap_get_node:205: TRY: 53
DEBUG: src/lcthw/hashmap.c:Hashmap_get_node:205: TRY: 54
DEBUG: src/lcthw/hashmap.c:Hashmap_get_node:205: TRY: 55
DEBUG: src/lcthw/hashmap.c:Hashmap_get_node:205: TRY: 56
DEBUG: src/lcthw/hashmap.c:Hashmap_get_node:205: TRY: 57
DEBUG: src/lcthw/hashmap.c:Hashmap_get_node:205: TRY: 58
DEBUG: src/lcthw/hashmap.c:Hashmap_get_node:205: TRY: 59
DEBUG: src/lcthw/hashmap.c:Hashmap_get_node:205: TRY: 60
DEBUG: src/lcthw/hashmap.c:Hashmap_get_node:205: TRY: 61
DEBUG: src/lcthw/hashmap.c:Hashmap_get_node:205: TRY: 62
DEBUG: src/lcthw/hashmap.c:Hashmap_get_node:205: TRY: 63
DEBUG: src/lcthw/hashmap.c:Hashmap_get_node:205: TRY: 64
DEBUG: src/lcthw/hashmap.c:Hashmap_get_node:205: TRY: 65
DEBUG: src/lcthw/hashmap.c:Hashmap_get_node:205: TRY: 66
DEBUG: src/lcthw/hashmap.c:Hashmap_get_node:205: TRY: 67
DEBUG: src/lcthw/hashmap.c:Hashmap_get_node:205: TRY: 68
DEBUG: src/lcthw/hashmap.c:Hashmap_get_node:205: TRY: 69
DEBUG: src/lcthw/hashmap.c:Hashmap_get_node:205: TRY: 70
DEBUG: src/lcthw/hashmap.c:Hashmap_get_node:205: TRY: 71
DEBUG: src/lcthw/hashmap.c:Hashmap_get_node:205: TRY: 72
DEBUG: src/lcthw/hashmap.c:Hashmap_get_node:205: TRY: 73
DEBUG: src/lcthw/hashmap.c:Hashmap_get_node:205: TRY: 74
DEBUG: src/lcthw/hashmap.c:Hashmap_get_node:205: TRY: 75
DEBUG: src/lcthw/hashmap.c:Hashmap_get_node:205: TRY: 76
DEBUG: src/lcthw/hashmap.c:Hashmap_get_node:205: TRY: 77
DEBUG: src/lcthw/hashmap.c:Hashmap_get_node:205: TRY: 78
DEBUG: src/lcthw/hashmap.c:Hashmap_get_node:205: TRY: 79
DEBUG: src/lcthw/hashmap.c:Hashmap_get_node:205: TRY: 80
DEBUG: src/lcthw/hashmap.c:Hashmap_get_node:205: TRY: 81
DEBUG: src/lcthw/hashmap.c:Hashmap_get_node:205: TRY: 82
DEBUG: src/lcthw/hashmap.c:Hashmap_get_node:205: TRY: 83
DEBUG: src/lcthw/hashmap.c:Hashmap_get_node:205: TRY: 84
DEBUG: src/lcthw/hashmap.c:Hashmap_get_node:205: TRY: 85
DEBUG: src/lcthw/hashmap.c:Hashmap_get_node:205: TRY: 86
DEBUG: src/lcthw/hashmap.c:Hashmap_get_node:205: TRY: 87
DEBUG: src/lcthw/hashmap.c:Hashmap_get_node:205: TRY: 88
DEBUG: src/lcthw/hashmap.c:Hashmap_get_node:205: TRY: 0
DEBUG: src/lcthw/hashmap.c:Hashmap_get_node:205: TRY: 1
DEBUG: src/lcthw/hashmap.c:Hashmap_get_node:205: TRY: 2
DEBUG: src/lcthw/hashmap.c:Hashmap_get_node:205: TRY: 3
DEBUG: src/lcthw/hashmap.c:Hashmap_get_node:205: TRY: 4
DEBUG: src/lcthw/hashmap.c:Hashmap_get_node:205: TRY: 5
DEBUG: src/lcthw/hashmap.c:Hashmap_get_node:205: TRY: 6
DEBUG: src/lcthw/hashmap.c:Hashmap_get_node:205: TRY: 7
DEBUG: src/lcthw/hashmap.c:Hashmap_get_node:205: TRY: 8
DEBUG: src/lcthw/hashmap.c:Hashmap_get_node:205: TRY: 9
DEBUG: src/lcthw/hashmap.c:Hashmap_get_node:205: TRY: 10
DEBUG: src/lcthw/hashmap.c:Hashmap_get_node:205: TRY: 11
DEBUG: src/lcthw/hashmap.c:Hashmap_get_node:205: TRY: 12
DEBUG: src/lcthw/hashmap.c:Hashmap_get_node:205: TRY: 13
DEBUG: src/lcthw/hashmap.c:Hashmap_get_node:205: TRY: 14
DEBUG: src/lcthw/hashmap.c:Hashmap_get_node:205: TRY: 15
DEBUG: src/lcthw/hashmap.c:Hashmap_get_node:205: TRY: 16
DEBUG: src/lcthw/hashmap.c:Hashmap_get_node:205: TRY: 17
DEBUG: src/lcthw/hashmap.c:Hashmap_get_node:205: TRY: 18
DEBUG: src/lcthw/hashmap.c:Hashmap_get_node:205: TRY: 19
DEBUG: src/lcthw/hashmap.c:Hashmap_get_node:205: TRY: 20
DEBUG: src/lcthw/hashmap.c:Hashmap_get_node:205: TRY: 21
DEBUG: src/lcthw/hashmap.c:Hashmap_get_node:205: TRY: 22
DEBUG: src/lcthw/hashmap.c:Hashmap_get_node:205: TRY: 23
DEBUG: src/lcthw/hashmap.c:Hashmap_get_node:205: TRY: 24
DEBUG: src/lcthw/hashmap.c:Hashmap_get_node:205: TRY: 25
DEBUG: src/lcthw/hashmap.c:Hashmap_get_node:205: TRY: 26
DEBUG: src/lcthw/hashmap.c:Hashmap_get_node:205: TRY: 27
DEBUG: src/lcthw/hashmap.c:Hashmap_get_node:205: TRY: 28
DEBUG: src/lcthw/hashmap.c:Hashmap_get_node:205: TRY: 29
DEBUG: src/lcthw/hashmap.c:Hashmap_get_node:205: TRY: 30
DEBUG: src/lcthw/hashmap.c:Hashmap_get_node:205: TRY: 31
DEBUG: src/lcthw/hashmap.c:Hashmap_get_node:205: TRY: 32
DEBUG: src/lcthw/hashmap.c:Hashmap_get_node:205: TRY: 33
DEBUG: src/lcthw/hashmap.c:Hashmap_get_node:205: TRY: 34
DEBUG: src/lcthw/hashmap.c:Hashmap_get_node:205: TRY: 35
DEBUG: src/lcthw/hashmap.c:Hashmap_get_node:205: TRY: 36
DEBUG: src/lcthw/hashmap.c:Hashmap_get_node:205: TRY: 37
DEBUG: src/lcthw/hashmap.c:Hashmap_get_node:205: TRY: 38
DEBUG: src/lcthw/hashmap.c:Hashmap_get_node:205: TRY: 39
DEBUG: src/lcthw/hashmap.c:Hashmap_get_node:205: TRY: 40
DEBUG: src/lcthw/hashmap.c:Hashmap_get_node:205: TRY: 41
DEBUG: src/lcthw/hashmap.c:Hashmap_get_node:205: TRY: 42
DEBUG: src/lcthw/hashmap.c:Hashmap_get_node:205: TRY: 43
DEBUG: src/lcthw/hashmap.c:Hashmap_get_node:205: TRY: 44
DEBUG: src/lcthw/hashmap.c:Hashmap_get_node:205: TRY: 45
DEBUG: src/lcthw/hashmap.c:Hashmap_get_node:205: TRY: 46
DEBUG: src/lcthw/hashmap.c:Hashmap_get_node:205: TRY: 47
DEBUG: src/lcthw/hashmap.c:Hashmap_get_node:205: TRY: 48
DEBUG: src/lcthw/hashmap.c:Hashmap_get_node:205: TRY: 49
DEBUG: src/lcthw/hashmap.c:Hashmap_get_node:205: TRY: 50
DEBUG: src/lcthw/hashmap.c:Hashmap_get_node:205: TRY: 51
DEBUG: src/lcthw/hashmap.c:Hashmap_get_node:205: TRY: 52
DEBUG: src/lcthw/hashmap.c:Hashmap_get_node:205: TRY: 53
DEBUG: src/lcthw/hashmap.c:Hashmap_get_node:205: TRY: 54
DEBUG: src/lcthw/hashmap.c:Hashmap_get_node:205: TRY: 55
DEBUG: src/lcthw/hashmap.c:Hashmap_get_node:205: TRY: 56
DEBUG: src/lcthw/hashmap.c:Hashmap_get_node:205: TRY: 57
DEBUG: src/lcthw/hashmap.c:Hashmap_get_node:205: TRY: 58
DEBUG: src/lcthw/hashmap.c:Hashmap_get_node:205: TRY: 59
DEBUG: src/lcthw/hashmap.c:Hashmap_get_node:205: TRY: 60
DEBUG: src/lcthw/hashmap.c:Hashmap_get_node:205: TRY: 61
DEBUG: src/lcthw/hashmap.c:Hashmap_get_node:205: TRY: 62
DEBUG: src/lcthw/hashmap.c:Hashmap_get_node:205: TRY: 63
DEBUG: src/lcthw/hashmap.c:Hashmap_get_node:205: TRY: 64
DEBUG: src/lcthw/hashmap.c:Hashmap_get_node:205: TRY: 65
DEBUG: src/lcthw/hashmap.c:Hashmap_get_node:205: TRY: 66
DEBUG: src/lcthw/hashmap.c:Hashmap_get_node:205: TRY: 67
DEBUG: src/lcthw/hashmap.c:Hashmap_get_node:205: TRY: 68
DEBUG: src/lcthw/hashmap.c:Hashmap_get_node:205: TRY: 69
DEBUG: src/lcthw/hashmap.c:Hashmap_get_node:205: TRY: 70
DEBUG: src/lcthw/hashmap.c:Hashmap_get_node:205: TRY: 71
DEBUG: src/lcthw/hashmap.c:Hashmap_get_node:205: TRY: 72
DEBUG: src/lcthw/hashmap.c:Hashmap_get_node:205: TRY: 73
DEBUG: src/lcthw/hashmap.c:Hashmap_get_node:205: TRY: 0
DEBUG: src/lcthw/hashmap.c:Hashmap_get_node:205: TRY: 1
DEBUG: src/lcthw/hashmap.c:Hashmap_get_node:205: TRY: 2
DEBUG: src/lcthw/hashmap.c:Hashmap_get_node:205: TRY: 3
DEBUG: src/lcthw/hashmap.c:Hashmap_get_node:205: TRY: 4
DEBUG: src/lcthw/hashmap.c:Hashmap_get_node:205: TRY: 5
DEBUG: src/lcthw/hashmap.c:Hashmap_get_node:205: TRY: 6
DEBUG: src/lcthw/hashmap.c:Hashmap_get_node:205: TRY: 7
DEBUG: src/lcthw/hashmap.c:Hashmap_get_node:205: TRY: 8
DEBUG: src/lcthw/hashmap.c:Hashmap_get_node:205: TRY: 9
DEBUG: src/lcthw/hashmap.c:Hashmap_get_node:205: TRY: 10
DEBUG: src/lcthw/hashmap.c:Hashmap_get_node:205: TRY: 11
DEBUG: src/lcthw/hashmap.c:Hashmap_get_node:205: TRY: 12
DEBUG: src/lcthw/hashmap.c:Hashmap_get_node:205: TRY: 13
DEBUG: src/lcthw/hashmap.c:Hashmap_get_node:205: TRY: 14
DEBUG: src/lcthw/hashmap.c:Hashmap_get_node:205: TRY: 15
DEBUG: src/lcthw/hashmap.c:Hashmap_get_node:205: TRY: 16
DEBUG: src/lcthw/hashmap.c:Hashmap_get_node:205: TRY: 17
DEBUG: src/lcthw/hashmap.c:Hashmap_get_node:205: TRY: 18
DEBUG: src/lcthw/hashmap.c:Hashmap_get_node:205: TRY: 19
DEBUG: src/lcthw/hashmap.c:Hashmap_get_node:205: TRY: 20
DEBUG: src/lcthw/hashmap.c:Hashmap_get_node:205: TRY: 21
DEBUG: src/lcthw/hashmap.c:Hashmap_get_node:205: TRY: 22
DEBUG: src/lcthw/hashmap.c:Hashmap_get_node:205: TRY: 23
DEBUG: src/lcthw/hashmap.c:Hashmap_get_node:205: TRY: 24
DEBUG: src/lcthw/hashmap.c:Hashmap_get_node:205: TRY: 25
DEBUG: src/lcthw/hashmap.c:Hashmap_get_node:205: TRY: 26
DEBUG: src/lcthw/hashmap.c:Hashmap_get_node:205: TRY: 27
DEBUG: src/lcthw/hashmap.c:Hashmap_get_node:205: TRY: 28
DEBUG: src/lcthw/hashmap.c:Hashmap_get_node:205: TRY: 29
DEBUG: src/lcthw/hashmap.c:Hashmap_get_node:205: TRY: 30
DEBUG: src/lcthw/hashmap.c:Hashmap_get_node:205: TRY: 31
DEBUG: src/lcthw/hashmap.c:Hashmap_get_node:205: TRY: 32
DEBUG: src/lcthw/hashmap.c:Hashmap_get_node:205: TRY: 33
DEBUG: src/lcthw/hashmap.c:Hashmap_get_node:205: TRY: 34
DEBUG: src/lcthw/hashmap.c:Hashmap_get_node:205: TRY: 35
DEBUG: src/lcthw/hashmap.c:Hashmap_get_node:205: TRY: 36
DEBUG: src/lcthw/hashmap.c:Hashmap_get_node:205: TRY: 37
DEBUG: src/lcthw/hashmap.c:Hashmap_get_node:205: TRY: 38
DEBUG: src/lcthw/hashmap.c:Hashmap_get_node:205: TRY: 39
DEBUG: src/lcthw/hashmap.c:Hashmap_get_node:205: TRY: 40
DEBUG: src/lcthw/hashmap.c:Hashmap_get_node:205: TRY: 41
DEBUG: src/lcthw/hashmap.c:Hashmap_get_node:205: TRY: 42
DEBUG: src/lcthw/hashmap.c:Hashmap_get_node:205: TRY: 43
DEBUG: src/lcthw/hashmap.c:Hashmap_get_node:205: TRY: 44
DEBUG: src/lcthw/hashmap.c:Hashmap_get_node:205: TRY: 45
DEBUG: src/lcthw/hashmap.c:Hashmap_get_node:205: TRY: 46
DEBUG: src/lcthw/hashmap.c:Hashmap_get_node:205: TRY: 47
DEBUG: src/lcthw/hashmap.c:Hashmap_get_node:205: TRY: 48
DEBUG: src/lcthw/hashmap.c:Hashmap_get_node:205: TRY: 49
DEBUG: src/lcthw/hashmap.c:Hashmap_get_node:205: TRY: 50
DEBUG: src/lcthw/hashmap.c:Hashmap_get_node:205: TRY: 51
DEBUG: src/lcthw/hashmap.c:Hashmap_get_node:205: TRY: 52
DEBUG: src/lcthw/hashmap.c:Hashmap_get_node:205: TRY: 53
DEBUG: src/lcthw/hashmap.c:Hashmap_get_node:205: TRY: 54
DEBUG: src/lcthw/hashmap.c:Hashmap_get_node:205: TRY: 55
DEBUG: src/lcthw/hashmap.c:Hashmap_get_node:205: TRY: 56
DEBUG: src/lcthw/hashmap.c:Hashmap_get_node:205: TRY: 57
DEBUG: src/lcthw/hashmap.c:Hashmap_get_node:205: TRY: 58
DEBUG: src/lcthw/hashmap.c:Hashmap_get_node:205: TRY: 59
DEBUG: src/lcthw/hashmap.c:Hashmap_get_node:205: TRY: 60
DEBUG: src/lcthw/hashmap.c:Hashmap_get_node:205: TRY: 61
DEBUG: src/lcthw/hashmap.c:Hashmap_get_node:205: TRY: 62
DEBUG: src/lcthw/hashmap.c:Hashmap_get_node:205: TRY: 63
DEBUG: src/lcthw/hashmap.c:Hashmap_get_node:205: TRY: 64
DEBUG: src/lcthw/hashmap.c:Hashmap_get_node:205: TRY: 65
DEBUG: src/lcthw/hashmap.c:Hashmap_get_node:205: TRY: 66
DEBUG: src/lcthw/hashmap.c:Hashmap_get_node:205: TRY: 67
DEBUG: src/lcthw/hashmap.c:Hashmap_get_node:205: TRY: 68
DEBUG: src/lcthw/hashmap.c:Hashmap_get_node:205: TRY: 69
DEBUG: src/lcthw/hashmap.c:Hashmap_get_node:205: TRY: 70
DEBUG: src/lcthw/hashmap.c:Hashmap_get_node:205: TRY: 71
DEBUG: src/lcthw/hashmap.c:Hashmap_get_node:205: TRY: 0
DEBUG: src/lcthw/hashmap.c:Hashmap_get_node:205: TRY: 1
DEBUG: src/lcthw/hashmap.c:Hashmap_get_node:205: TRY: 2
DEBUG: src/lcthw/hashmap.c:Hashmap_get_node:205: TRY: 3
DEBUG: src/lcthw/hashmap.c:Hashmap_get_node:205: TRY: 4
DEBUG: src/lcthw/hashmap.c:Hashmap_get_node:205: TRY: 5
DEBUG: src/lcthw/hashmap.c:Hashmap_get_node:205: TRY: 6
DEBUG: src/lcthw/hashmap.c:Hashmap_get_node:205: TRY: 7
DEBUG: src/lcthw/hashmap.c:Hashmap_get_node:205: TRY: 8
DEBUG: src/lcthw/hashmap.c:Hashmap_get_node:205: TRY: 9
DEBUG: src/lcthw/hashmap.c:Hashmap_get_node:205: TRY: 10
DEBUG: src/lcthw/hashmap.c:Hashmap_get_node:205: TRY: 11
DEBUG: src/lcthw/hashmap.c:Hashmap_get_node:205: TRY: 12
DEBUG: src/lcthw/hashmap.c:Hashmap_get_node:205: TRY: 13
DEBUG: src/lcthw/hashmap.c:Hashmap_get_node:205: TRY: 14
DEBUG: src/lcthw/hashmap.c:Hashmap_get_node:205: TRY: 15
DEBUG: src/lcthw/hashmap.c:Hashmap_get_node:205: TRY: 16
DEBUG: src/lcthw/hashmap.c:Hashmap_get_node:205: TRY: 17
DEBUG: src/lcthw/hashmap.c:Hashmap_get_node:205: TRY: 18
DEBUG: src/lcthw/hashmap.c:Hashmap_get_node:205: TRY: 19
DEBUG: src/lcthw/hashmap.c:Hashmap_get_node:205: TRY: 20
DEBUG: src/lcthw/hashmap.c:Hashmap_get_node:205: TRY: 21
DEBUG: src/lcthw/hashmap.c:Hashmap_get_node:205: TRY: 22
DEBUG: src/lcthw/hashmap.c:Hashmap_get_node:205: TRY: 23
DEBUG: src/lcthw/hashmap.c:Hashmap_get_node:205: TRY: 24
DEBUG: src/lcthw/hashmap.c:Hashmap_get_node:205: TRY: 25
DEBUG: src/lcthw/hashmap.c:Hashmap_get_node:205: TRY: 26
DEBUG: src/lcthw/hashmap.c:Hashmap_get_node:205: TRY: 27
DEBUG: src/lcthw/hashmap.c:Hashmap_get_node:205: TRY: 28
DEBUG: src/lcthw/hashmap.c:Hashmap_get_node:205: TRY: 29
DEBUG: src/lcthw/hashmap.c:Hashmap_get_node:205: TRY: 30
DEBUG: src/lcthw/hashmap.c:Hashmap_get_node:205: TRY: 31
DEBUG: src/lcthw/hashmap.c:Hashmap_get_node:205: TRY: 32
DEBUG: src/lcthw/hashmap.c:Hashmap_get_node:205: TRY: 33
DEBUG: src/lcthw/hashmap.c:Hashmap_get_node:205: TRY: 34
DEBUG: src/lcthw/hashmap.c:Hashmap_get_node:205: TRY: 35
DEBUG: src/lcthw/hashmap.c:Hashmap_get_node:205: TRY: 36
DEBUG: src/lcthw/hashmap.c:Hashmap_get_node:205: TRY: 37
DEBUG: src/lcthw/hashmap.c:Hashmap_get_node:205: TRY: 38
DEBUG: src/lcthw/hashmap.c:Hashmap_get_node:205: TRY: 39
DEBUG: src/lcthw/hashmap.c:Hashmap_get_node:205: TRY: 40
DEBUG: src/lcthw/hashmap.c:Hashmap_get_node:205: TRY: 41
DEBUG: src/lcthw/hashmap.c:Hashmap_get_node:205: TRY: 42
DEBUG: src/lcthw/hashmap.c:Hashmap_get_node:205: TRY: 43
DEBUG: src/lcthw/hashmap.c:Hashmap_get_node:205: TRY: 44
DEBUG: src/lcthw/hashmap.c:Hashmap_get_node:205: TRY: 45
DEBUG: src/lcthw/hashmap.c:Hashmap_get_node:205: TRY: 46
DEBUG: src/lcthw/hashmap.c:Hashmap_get_node:205: TRY: 47
DEBUG: src/lcthw/hashmap.c:Hashmap_get_node:205: TRY: 48
DEBUG: src/lcthw/hashmap.c:Hashmap_get_node:205: TRY: 49
DEBUG: src/lcthw/hashmap.c:Hashmap_get_node:205: TRY: 50
DEBUG: src/lcthw/hashmap.c:Hashmap_get_node:205: TRY: 51
DEBUG: src/lcthw/hashmap.c:Hashmap_get_node:205: TRY: 52
DEBUG: src/lcthw/hashmap.c:Hashmap_get_node:205: TRY: 53
DEBUG: src/lcthw/hashmap.c:Hashmap_get_node:205: TRY: 54
DEBUG: src/lcthw/hashmap.c:Hashmap_get_node:205: TRY: 55
DEBUG: src/lcthw/hashmap.c:Hashmap_get_node:205: TRY: 56
DEBUG: src/lcthw/hashmap.c:Hashmap_get_node:205: TRY: 57
DEBUG: src/lcthw/hashmap.c:Hashmap_get_node:205: TRY: 58
DEBUG: src/lcthw/hashmap.c:Hashmap_get_node:205: TRY: 59
DEBUG: src/lcthw/hashmap.c:Hashmap_get_node:205: TRY: 60
DEBUG: src/lcthw/hashmap.c:Hashmap_get_node:205: TRY: 61
DEBUG: src/lcthw/hashmap.c:Hashmap_get_node:205: TRY: 62
DEBUG: src/lcthw/hashmap.c:Hashmap_get_node:205: TRY: 63
DEBUG: src/lcthw/hashmap.c:Hashmap_get_node:205: TRY: 64
DEBUG: src/lcthw/hashmap.c:Hashmap_get_node:205: TRY: 65
DEBUG: src/lcthw/hashmap.c:Hashmap_get_node:205: TRY: 66
DEBUG: src/lcthw/hashmap.c:Hashmap_get_node:205: TRY: 67
DEBUG: src/lcthw/hashmap.c:Hashmap_get_node:205: TRY: 68
DEBUG: src/lcthw/hashmap.c:Hashmap_get_node:205: TRY: 69
DEBUG: src/lcthw/hashmap.c:Hashmap_get_node:205: TRY: 70
DEBUG: src/lcthw/hashmap.c:Hashmap_get_node:205: TRY: 71
DEBUG: src/lcthw/hashmap.c:Hashmap_get_node:205: TRY: 72
DEBUG: src/lcthw/hashmap.c:Hashmap_get_node:205: TRY: 73
DEBUG: src/lcthw/hashmap.c:Hashmap_get_node:205: TRY: 74
DEBUG: src/lcthw/hashmap.c:Hashmap_get_node:205: TRY: 75
DEBUG: src/lcthw/hashmap.c:Hashmap_get_node:205: TRY: 76
DEBUG: src/lcthw/hashmap.c:Hashmap_get_node:205: TRY: 77
DEBUG: src/lcthw/hashmap.c:Hashmap_get_node:205: TRY: 78
DEBUG: src/lcthw/hashmap.c:Hashmap_get_node:205: TRY: 0
DEBUG: src/lcthw/hashmap.c:Hashmap_get_node:205: TRY: 1
DEBUG: src/lcthw/hashmap.c:Hashmap_get_node:205: TRY: 2
DEBUG: src/lcthw/hashmap.c:Hashmap_get_node:205: TRY: 3
DEBUG: src/lcthw/hashmap.c:Hashmap_get_node:205: TRY: 4
DEBUG: src/lcthw/hashmap.c:Hashmap_get_node:205: TRY: 5
DEBUG: src/lcthw/hashmap.c:Hashmap_get_node:205: TRY: 6
DEBUG: src/lcthw/hashmap.c:Hashmap_get_node:205: TRY: 7
DEBUG: src/lcthw/hashmap.c:Hashmap_get_node:205: TRY: 8
DEBUG: src/lcthw/hashmap.c:Hashmap_get_node:205: TRY: 9
DEBUG: src/lcthw/hashmap.c:Hashmap_get_node:205: TRY: 10
DEBUG: src/lcthw/hashmap.c:Hashmap_get_node:205: TRY: 11
DEBUG: src/lcthw/hashmap.c:Hashmap_get_node:205: TRY: 12
DEBUG: src/lcthw/hashmap.c:Hashmap_get_node:205: TRY: 13
DEBUG: src/lcthw/hashmap.c:Hashmap_get_node:205: TRY: 14
DEBUG: src/lcthw/hashmap.c:Hashmap_get_node:205: TRY: 15
DEBUG: src/lcthw/hashmap.c:Hashmap_get_node:205: TRY: 16
DEBUG: src/lcthw/hashmap.c:Hashmap_get_node:205: TRY: 17
DEBUG: src/lcthw/hashmap.c:Hashmap_get_node:205: TRY: 18
DEBUG: src/lcthw/hashmap.c:Hashmap_get_node:205: TRY: 19
DEBUG: src/lcthw/hashmap.c:Hashmap_get_node:205: TRY: 20
DEBUG: src/lcthw/hashmap.c:Hashmap_get_node:205: TRY: 21
DEBUG: src/lcthw/hashmap.c:Hashmap_get_node:205: TRY: 22
DEBUG: src/lcthw/hashmap.c:Hashmap_get_node:205: TRY: 23
DEBUG: src/lcthw/hashmap.c:Hashmap_get_node:205: TRY: 24
DEBUG: src/lcthw/hashmap.c:Hashmap_get_node:205: TRY: 25
DEBUG: src/lcthw/hashmap.c:Hashmap_get_node:205: TRY: 26
DEBUG: src/lcthw/hashmap.c:Hashmap_get_node:205: TRY: 27
DEBUG: src/lcthw/hashmap.c:Hashmap_get_node:205: TRY: 28
DEBUG: src/lcthw/hashmap.c:Hashmap_get_node:205: TRY: 29
DEBUG: src/lcthw/hashmap.c:Hashmap_get_node:205: TRY: 30
DEBUG: src/lcthw/hashmap.c:Hashmap_get_node:205: TRY: 31
DEBUG: src/lcthw/hashmap.c:Hashmap_get_node:205: TRY: 32
DEBUG: src/lcthw/hashmap.c:Hashmap_get_node:205: TRY: 33
DEBUG: src/lcthw/hashmap.c:Hashmap_get_node:205: TRY: 34
DEBUG: src/lcthw/hashmap.c:Hashmap_get_node:205: TRY: 35
DEBUG: src/lcthw/hashmap.c:Hashmap_get_node:205: TRY: 36
DEBUG: src/lcthw/hashmap.c:Hashmap_get_node:205: TRY: 37
DEBUG: src/lcthw/hashmap.c:Hashmap_get_node:205: TRY: 38
DEBUG: src/lcthw/hashmap.c:Hashmap_get_node:205: TRY: 39
DEBUG: src/lcthw/hashmap.c:Hashmap_get_node:205: TRY: 40
DEBUG: src/lcthw/hashmap.c:Hashmap_get_node:205: TRY: 41
DEBUG: src/lcthw/hashmap.c:Hashmap_get_node:205: TRY: 42
DEBUG: src/lcthw/hashmap.c:Hashmap_get_node:205: TRY: 43
DEBUG: src/lcthw/hashmap.c:Hashmap_get_node:205: TRY: 44
DEBUG: src/lcthw/hashmap.c:Hashmap_get_node:205: TRY: 45
DEBUG: src/lcthw/hashmap.c:Hashmap_get_node:205: TRY: 46
DEBUG: src/lcthw/hashmap.c:Hashmap_get_node:205: TRY: 47
DEBUG: src/lcthw/hashmap.c:Hashmap_get_node:205: TRY: 48
DEBUG: src/lcthw/hashmap.c:Hashmap_get_node:205: TRY: 49
DEBUG: src/lcthw/hashmap.c:Hashmap_get_node:205: TRY: 50
DEBUG: src/lcthw/hashmap.c:Hashmap_get_node:205: TRY: 51
DEBUG: src/lcthw/hashmap.c:Hashmap_get_node:205: TRY: 52
DEBUG: src/lcthw/hashmap.c:Hashmap_get_node:205: TRY: 53
DEBUG: src/lcthw/hashmap.c:Hashmap_get_node:205: TRY: 54
DEBUG: src/lcthw/hashmap.c:Hashmap_get_node:205: TRY: 55
DEBUG: src/lcthw/hashmap.c:Hashmap_get_node:205: TRY: 56
DEBUG: src/lcthw/hashmap.c:Hashmap_get_node:205: TRY: 57
DEBUG: src/lcthw/hashmap.c:Hashmap_get_node:205: TRY: 58
DEBUG: src/lcthw/hashmap.c:Hashmap_get_node:205: TRY: 59
DEBUG: src/lcthw/hashmap.c:Hashmap_get_node:205: TRY: 60
DEBUG: src/lcthw/hashmap.c:Hashmap_get_node:205: TRY: 61
DEBUG: src/lcthw/hashmap.c:Hashmap_get_node:205: TRY: 62
DEBUG: src/lcthw/hashmap.c:Hashmap_get_node:205: TRY: 63
DEBUG: src/lcthw/hashmap.c:Hashmap_get_node:205: TRY: 64
DEBUG: src/lcthw/hashmap.c:Hashmap_get_node:205: TRY: 65
DEBUG: src/lcthw/hashmap.c:Hashmap_get_node:205: TRY: 66
DEBUG: src/lcthw/hashmap.c:Hashmap_get_node:205: TRY: 67
DEBUG: src/lcthw/hashmap.c:Hashmap_get_node:205: TRY: 68
DEBUG: src/lcthw/hashmap.c:Hashmap_get_node:205: TRY: 69
DEBUG: src/lcthw/hashmap.c:Hashmap_get_node:205: TRY: 70
DEBUG: src/lcthw/hashmap.c:Hashmap_get_node:205: TRY: 71
DEBUG: src/lcthw/hashmap.c:Hashmap_get_node:205: TRY: 72
DEBUG: src/lcthw/hashmap.c:Hashmap_get_node:205: TRY: 73
DEBUG: src/lcthw/hashmap.c:Hashmap_get_node:205: TRY: 74
DEBUG: src/lcthw/hashmap.c:Hashmap_get_node:205: TRY: 75
DEBUG: src/lcthw/hashmap.c:Hashmap_get_node:205: TRY: 76
DEBUG: src/lcthw/hashmap.c:Hashmap_get_node:205: TRY: 0
DEBUG: src/lcthw/hashmap.c:Hashmap_get_node:205: TRY: 1
DEBUG: src/lcthw/hashmap.c:Hashmap_get_node:205: TRY: 2
DEBUG: src/lcthw/hashmap.c:Hashmap_get_node:205: TRY: 3
DEBUG: src/lcthw/hashmap.c:Hashmap_get_node:205: TRY: 4
DEBUG: src/lcthw/hashmap.c:Hashmap_get_node:205: TRY: 5
DEBUG: src/lcthw/hashmap.c:Hashmap_get_node:205: TRY: 6
DEBUG: src/lcthw/hashmap.c:Hashmap_get_node:205: TRY: 7
DEBUG: src/lcthw/hashmap.c:Hashmap_get_node:205: TRY: 8
DEBUG: src/lcthw/hashmap.c:Hashmap_get_node:205: TRY: 9
DEBUG: src/lcthw/hashmap.c:Hashmap_get_node:205: TRY: 10
DEBUG: src/lcthw/hashmap.c:Hashmap_get_node:205: TRY: 11
DEBUG: src/lcthw/hashmap.c:Hashmap_get_node:205: TRY: 12
DEBUG: src/lcthw/hashmap.c:Hashmap_get_node:205: TRY: 13
DEBUG: src/lcthw/hashmap.c:Hashmap_get_node:205: TRY: 14
DEBUG: src/lcthw/hashmap.c:Hashmap_get_node:205: TRY: 15
DEBUG: src/lcthw/hashmap.c:Hashmap_get_node:205: TRY: 16
DEBUG: src/lcthw/hashmap.c:Hashmap_get_node:205: TRY: 17
DEBUG: src/lcthw/hashmap.c:Hashmap_get_node:205: TRY: 18
DEBUG: src/lcthw/hashmap.c:Hashmap_get_node:205: TRY: 19
DEBUG: src/lcthw/hashmap.c:Hashmap_get_node:205: TRY: 20
DEBUG: src/lcthw/hashmap.c:Hashmap_get_node:205: TRY: 21
DEBUG: src/lcthw/hashmap.c:Hashmap_get_node:205: TRY: 22
DEBUG: src/lcthw/hashmap.c:Hashmap_get_node:205: TRY: 23
DEBUG: src/lcthw/hashmap.c:Hashmap_get_node:205: TRY: 24
DEBUG: src/lcthw/hashmap.c:Hashmap_get_node:205: TRY: 25
DEBUG: src/lcthw/hashmap.c:Hashmap_get_node:205: TRY: 26
DEBUG: src/lcthw/hashmap.c:Hashmap_get_node:205: TRY: 27
DEBUG: src/lcthw/hashmap.c:Hashmap_get_node:205: TRY: 28
DEBUG: src/lcthw/hashmap.c:Hashmap_get_node:205: TRY: 29
DEBUG: src/lcthw/hashmap.c:Hashmap_get_node:205: TRY: 30
DEBUG: src/lcthw/hashmap.c:Hashmap_get_node:205: TRY: 31
DEBUG: src/lcthw/hashmap.c:Hashmap_get_node:205: TRY: 32
DEBUG: src/lcthw/hashmap.c:Hashmap_get_node:205: TRY: 33
DEBUG: src/lcthw/hashmap.c:Hashmap_get_node:205: TRY: 34
DEBUG: src/lcthw/hashmap.c:Hashmap_get_node:205: TRY: 35
DEBUG: src/lcthw/hashmap.c:Hashmap_get_node:205: TRY: 36
DEBUG: src/lcthw/hashmap.c:Hashmap_get_node:205: TRY: 37
DEBUG: src/lcthw/hashmap.c:Hashmap_get_node:205: TRY: 38
DEBUG: src/lcthw/hashmap.c:Hashmap_get_node:205: TRY: 39
DEBUG: src/lcthw/hashmap.c:Hashmap_get_node:205: TRY: 40
DEBUG: src/lcthw/hashmap.c:Hashmap_get_node:205: TRY: 41
DEBUG: src/lcthw/hashmap.c:Hashmap_get_node:205: TRY: 42
DEBUG: src/lcthw/hashmap.c:Hashmap_get_node:205: TRY: 43
DEBUG: src/lcthw/hashmap.c:Hashmap_get_node:205: TRY: 44
DEBUG: src/lcthw/hashmap.c:Hashmap_get_node:205: TRY: 45
DEBUG: src/lcthw/hashmap.c:Hashmap_get_node:205: TRY: 46
DEBUG: src/lcthw/hashmap.c:Hashmap_get_node:205: TRY: 47
DEBUG: src/lcthw/hashmap.c:Hashmap_get_node:205: TRY: 48
DEBUG: src/lcthw/hashmap.c:Hashmap_get_node:205: TRY: 49
DEBUG: src/lcthw/hashmap.c:Hashmap_get_node:205: TRY: 50
DEBUG: src/lcthw/hashmap.c:Hashmap_get_node:205: TRY: 51
DEBUG: src/lcthw/hashmap.c:Hashmap_get_node:205: TRY: 52
DEBUG: src/lcthw/hashmap.c:Hashmap_get_node:205: TRY: 53
DEBUG: src/lcthw/hashmap.c:Hashmap_get_node:205: TRY: 54
DEBUG: src/lcthw/hashmap.c:Hashmap_get_node:205: TRY: 55
DEBUG: src/lcthw/hashmap.c:Hashmap_get_node:205: TRY: 56
DEBUG: src/lcthw/hashmap.c:Hashmap_get_node:205: TRY: 57
DEBUG: src/lcthw/hashmap.c:Hashmap_get_node:205: TRY: 58
DEBUG: src/lcthw/hashmap.c:Hashmap_get_node:205: TRY: 59
DEBUG: src/lcthw/hashmap.c:Hashmap_get_node:205: TRY: 60
DEBUG: src/lcthw/hashmap.c:Hashmap_get_node:205: TRY: 61
DEBUG: src/lcthw/hashmap.c:Hashmap_get_node:205: TRY: 62
DEBUG: src/lcthw/hashmap.c:Hashmap_get_node:205: TRY: 63
DEBUG: src/lcthw/hashmap.c:Hashmap_get_node:205: TRY: 64
DEBUG: src/lcthw/hashmap.c:Hashmap_get_node:205: TRY: 65
DEBUG: src/lcthw/hashmap.c:Hashmap_get_node:205: TRY: 66
DEBUG: src/lcthw/hashmap.c:Hashmap_get_node:205: TRY: 67
DEBUG: src/lcthw/hashmap.c:Hashmap_get_node:205: TRY: 68
DEBUG: src/lcthw/hashmap.c:Hashmap_get_node:205: TRY: 69
DEBUG: src/lcthw/hashmap.c:Hashmap_get_node:205: TRY: 70
DEBUG: src/lcthw/hashmap.c:Hashmap_get_node:205: TRY: 71
DEBUG: src/lcthw/hashmap.c:Hashmap_get_node:205: TRY: 72
DEBUG: src/lcthw/hashmap.c:Hashmap_get_node:205: TRY: 73
DEBUG: src/lcthw/hashmap.c:Hashmap_get_node:205: TRY: 74
DEBUG: src/lcthw/hashmap.c:Hashmap_get_node:205: TRY: 75
DEBUG: src/lcthw/hashmap.c:Hashmap_get_node:205: TRY: 76
DEBUG: src/lcthw/hashmap.c:Hashmap_get_node:205: TRY: 77
DEBUG: src/lcthw/hashmap.c:Hashmap_get_node:205: TRY: 78
DEBUG: src/lcthw/hashmap.c:Hashmap_get_node:205: TRY: 79
DEBUG: src/lcthw/hashmap.c:Hashmap_get_node:205: TRY: 80
DEBUG: src/lcthw/hashmap.c:Hashmap_get_node:205: TRY: 81
DEBUG: src/lcthw/hashmap.c:Hashmap_get_node:205: TRY: 0
DEBUG: src/lcthw/hashmap.c:Hashmap_get_node:205: TRY: 1
DEBUG: src/lcthw/hashmap.c:Hashmap_get_node:205: TRY: 2
DEBUG: src/lcthw/hashmap.c:Hashmap_get_node:205: TRY: 3
DEBUG: src/lcthw/hashmap.c:Hashmap_get_node:205: TRY: 4
DEBUG: src/lcthw/hashmap.c:Hashmap_get_node:205: TRY: 5
DEBUG: src/lcthw/hashmap.c:Hashmap_get_node:205: TRY: 6
DEBUG: src/lcthw/hashmap.c:Hashmap_get_node:205: TRY: 7
DEBUG: src/lcthw/hashmap.c:Hashmap_get_node:205: TRY: 8
DEBUG: src/lcthw/hashmap.c:Hashmap_get_node:205: TRY: 9
DEBUG: src/lcthw/hashmap.c:Hashmap_get_node:205: TRY: 10
DEBUG: src/lcthw/hashmap.c:Hashmap_get_node:205: TRY: 11
DEBUG: src/lcthw/hashmap.c:Hashmap_get_node:205: TRY: 12
DEBUG: src/lcthw/hashmap.c:Hashmap_get_node:205: TRY: 13
DEBUG: src/lcthw/hashmap.c:Hashmap_get_node:205: TRY: 14
DEBUG: src/lcthw/hashmap.c:Hashmap_get_node:205: TRY: 15
DEBUG: src/lcthw/hashmap.c:Hashmap_get_node:205: TRY: 16
DEBUG: src/lcthw/hashmap.c:Hashmap_get_node:205: TRY: 17
DEBUG: src/lcthw/hashmap.c:Hashmap_get_node:205: TRY: 18
DEBUG: src/lcthw/hashmap.c:Hashmap_get_node:205: TRY: 19
DEBUG: src/lcthw/hashmap.c:Hashmap_get_node:205: TRY: 20
DEBUG: src/lcthw/hashmap.c:Hashmap_get_node:205: TRY: 21
DEBUG: src/lcthw/hashmap.c:Hashmap_get_node:205: TRY: 22
DEBUG: src/lcthw/hashmap.c:Hashmap_get_node:205: TRY: 23
DEBUG: src/lcthw/hashmap.c:Hashmap_get_node:205: TRY: 24
DEBUG: src/lcthw/hashmap.c:Hashmap_get_node:205: TRY: 25
DEBUG: src/lcthw/hashmap.c:Hashmap_get_node:205: TRY: 26
DEBUG: src/lcthw/hashmap.c:Hashmap_get_node:205: TRY: 27
DEBUG: src/lcthw/hashmap.c:Hashmap_get_node:205: TRY: 28
DEBUG: src/lcthw/hashmap.c:Hashmap_get_node:205: TRY: 29
DEBUG: src/lcthw/hashmap.c:Hashmap_get_node:205: TRY: 30
DEBUG: src/lcthw/hashmap.c:Hashmap_get_node:205: TRY: 31
DEBUG: src/lcthw/hashmap.c:Hashmap_get_node:205: TRY: 32
DEBUG: src/lcthw/hashmap.c:Hashmap_get_node:205: TRY: 33
DEBUG: src/lcthw/hashmap.c:Hashmap_get_node:205: TRY: 34
DEBUG: src/lcthw/hashmap.c:Hashmap_get_node:205: TRY: 35
DEBUG: src/lcthw/hashmap.c:Hashmap_get_node:205: TRY: 36
DEBUG: src/lcthw/hashmap.c:Hashmap_get_node:205: TRY: 37
DEBUG: src/lcthw/hashmap.c:Hashmap_get_node:205: TRY: 38
DEBUG: src/lcthw/hashmap.c:Hashmap_get_node:205: TRY: 39
DEBUG: src/lcthw/hashmap.c:Hashmap_get_node:205: TRY: 40
DEBUG: src/lcthw/hashmap.c:Hashmap_get_node:205: TRY: 41
DEBUG: src/lcthw/hashmap.c:Hashmap_get_node:205: TRY: 42
DEBUG: src/lcthw/hashmap.c:Hashmap_get_node:205: TRY: 43
DEBUG: src/lcthw/hashmap.c:Hashmap_get_node:205: TRY: 44
DEBUG: src/lcthw/hashmap.c:Hashmap_get_node:205: TRY: 45
DEBUG: src/lcthw/hashmap.c:Hashmap_get_node:205: TRY: 46
DEBUG: src/lcthw/hashmap.c:Hashmap_get_node:205: TRY: 47
DEBUG: src/lcthw/hashmap.c:Hashmap_get_node:205: TRY: 48
DEBUG: src/lcthw/hashmap.c:Hashmap_get_node:205: TRY: 49
DEBUG: src/lcthw/hashmap.c:Hashmap_get_node:205: TRY: 50
DEBUG: src/lcthw/hashmap.c:Hashmap_get_node:205: TRY: 51
DEBUG: src/lcthw/hashmap.c:Hashmap_get_node:205: TRY: 52
DEBUG: src/lcthw/hashmap.c:Hashmap_get_node:205: TRY: 53
DEBUG: src/lcthw/hashmap.c:Hashmap_get_node:205: TRY: 54
DEBUG: src/lcthw/hashmap.c:Hashmap_get_node:205: TRY: 55
DEBUG: src/lcthw/hashmap.c:Hashmap_get_node:205: TRY: 56
DEBUG: src/lcthw/hashmap.c:Hashmap_get_node:205: TRY: 57
DEBUG: src/lcthw/hashmap.c:Hashmap_get_node:205: TRY: 58
DEBUG: src/lcthw/hashmap.c:Hashmap_get_node:205: TRY: 59
DEBUG: src/lcthw/hashmap.c:Hashmap_get_node:205: TRY: 60
DEBUG: src/lcthw/hashmap.c:Hashmap_get_node:205: TRY: 61
DEBUG: src/lcthw/hashmap.c:Hashmap_get_node:205: TRY: 62
DEBUG: src/lcthw/hashmap.c:Hashmap_get_node:205: TRY: 63
DEBUG: src/lcthw/hashmap.c:Hashmap_get_node:205: TRY: 64
DEBUG: src/lcthw/hashmap.c:Hashmap_get_node:205: TRY: 65
DEBUG: src/lcthw/hashmap.c:Hashmap_get_node:205: TRY: 66
DEBUG: src/lcthw/hashmap.c:Hashmap_get_node:205: TRY: 67
DEBUG: src/lcthw/hashmap.c:Hashmap_get_node:205: TRY: 68
DEBUG: src/lcthw/hashmap.c:Hashmap_get_node:205: TRY: 69
DEBUG: src/lcthw/hashmap.c:Hashmap_get_node:205: TRY: 70
DEBUG: src/lcthw/hashmap.c:Hashmap_get_node:205: TRY: 71
DEBUG: src/lcthw/hashmap.c:Hashmap_get_node:205: TRY: 72
DEBUG: src/lcthw/hashmap.c:Hashmap_get_node:205: TRY: 0
DEBUG: src/lcthw/hashmap.c:Hashmap_get_node:205: TRY: 1
DEBUG: src/lcthw/hashmap.c:Hashmap_get_node:205: TRY: 2
DEBUG: src/lcthw/hashmap.c:Hashmap_get_node:205: TRY: 3
DEBUG: src/lcthw/hashmap.c:Hashmap_get_node:205: TRY: 4
DEBUG: src/lcthw/hashmap.c:Hashmap_get_node:205: TRY: 5
DEBUG: src/lcthw/hashmap.c:Hashmap_get_node:205: TRY: 6
DEBUG: src/lcthw/hashmap.c:Hashmap_get_node:205: TRY: 7
DEBUG: src/lcthw/hashmap.c:Hashmap_get_node:205: TRY: 8
DEBUG: src/lcthw/hashmap.c:Hashmap_get_node:205: TRY: 9
DEBUG: src/lcthw/hashmap.c:Hashmap_get_node:205: TRY: 10
DEBUG: src/lcthw/hashmap.c:Hashmap_get_node:205: TRY: 11
DEBUG: src/lcthw/hashmap.c:Hashmap_get_node:205: TRY: 12
DEBUG: src/lcthw/hashmap.c:Hashmap_get_node:205: TRY: 13
DEBUG: src/lcthw/hashmap.c:Hashmap_get_node:205: TRY: 14
DEBUG: src/lcthw/hashmap.c:Hashmap_get_node:205: TRY: 15
DEBUG: src/lcthw/hashmap.c:Hashmap_get_node:205: TRY: 16
DEBUG: src/lcthw/hashmap.c:Hashmap_get_node:205: TRY: 17
DEBUG: src/lcthw/hashmap.c:Hashmap_get_node:205: TRY: 18
DEBUG: src/lcthw/hashmap.c:Hashmap_get_node:205: TRY: 19
DEBUG: src/lcthw/hashmap.c:Hashmap_get_node:205: TRY: 20
DEBUG: src/lcthw/hashmap.c:Hashmap_get_node:205: TRY: 21
DEBUG: src/lcthw/hashmap.c:Hashmap_get_node:205: TRY: 22
DEBUG: src/lcthw/hashmap.c:Hashmap_get_node:205: TRY: 23
DEBUG: src/lcthw/hashmap.c:Hashmap_get_node:205: TRY: 24
DEBUG: src/lcthw/hashmap.c:Hashmap_get_node:205: TRY: 25
DEBUG: src/lcthw/hashmap.c:Hashmap_get_node:205: TRY: 26
DEBUG: src/lcthw/hashmap.c:Hashmap_get_node:205: TRY: 27
DEBUG: src/lcthw/hashmap.c:Hashmap_get_node:205: TRY: 28
DEBUG: src/lcthw/hashmap.c:Hashmap_get_node:205: TRY: 29
DEBUG: src/lcthw/hashmap.c:Hashmap_get_node:205: TRY: 30
DEBUG: src/lcthw/hashmap.c:Hashmap_get_node:205: TRY: 31
DEBUG: src/lcthw/hashmap.c:Hashmap_get_node:205: TRY: 32
DEBUG: src/lcthw/hashmap.c:Hashmap_get_node:205: TRY: 33
DEBUG: src/lcthw/hashmap.c:Hashmap_get_node:205: TRY: 34
DEBUG: src/lcthw/hashmap.c:Hashmap_get_node:205: TRY: 35
DEBUG: src/lcthw/hashmap.c:Hashmap_get_node:205: TRY: 36
DEBUG: src/lcthw/hashmap.c:Hashmap_get_node:205: TRY: 37
DEBUG: src/lcthw/hashmap.c:Hashmap_get_node:205: TRY: 38
DEBUG: src/lcthw/hashmap.c:Hashmap_get_node:205: TRY: 39
DEBUG: src/lcthw/hashmap.c:Hashmap_get_node:205: TRY: 40
DEBUG: src/lcthw/hashmap.c:Hashmap_get_node:205: TRY: 41
DEBUG: src/lcthw/hashmap.c:Hashmap_get_node:205: TRY: 42
DEBUG: src/lcthw/hashmap.c:Hashmap_get_node:205: TRY: 43
DEBUG: src/lcthw/hashmap.c:Hashmap_get_node:205: TRY: 44
DEBUG: src/lcthw/hashmap.c:Hashmap_get_node:205: TRY: 45
DEBUG: src/lcthw/hashmap.c:Hashmap_get_node:205: TRY: 46
DEBUG: src/lcthw/hashmap.c:Hashmap_get_node:205: TRY: 47
DEBUG: src/lcthw/hashmap.c:Hashmap_get_node:205: TRY: 48
DEBUG: src/lcthw/hashmap.c:Hashmap_get_node:205: TRY: 49
DEBUG: src/lcthw/hashmap.c:Hashmap_get_node:205: TRY: 50
DEBUG: src/lcthw/hashmap.c:Hashmap_get_node:205: TRY: 51
DEBUG: src/lcthw/hashmap.c:Hashmap_get_node:205: TRY: 52
DEBUG: src/lcthw/hashmap.c:Hashmap_get_node:205: TRY: 53
DEBUG: src/lcthw/hashmap.c:Hashmap_get_node:205: TRY: 54
DEBUG: src/lcthw/hashmap.c:Hashmap_get_node:205: TRY: 55
DEBUG: src/lcthw/hashmap.c:Hashmap_get_node:205: TRY: 56
DEBUG: src/lcthw/hashmap.c:Hashmap_get_node:205: TRY: 57
DEBUG: src/lcthw/hashmap.c:Hashmap_get_node:205: TRY: 58
DEBUG: src/lcthw/hashmap.c:Hashmap_get_node:205: TRY: 59
DEBUG: src/lcthw/hashmap.c:Hashmap_get_node:205: TRY: 60
DEBUG: src/lcthw/hashmap.c:Hashmap_get_node:205: TRY: 61
DEBUG: src/lcthw/hashmap.c:Hashmap_get_node:205: TRY: 62
DEBUG: src/lcthw/hashmap.c:Hashmap_get_node:205: TRY: 63
DEBUG: src/lcthw/hashmap.c:Hashmap_get_node:205: TRY: 64
DEBUG: src/lcthw/hashmap.c:Hashmap_get_node:205: TRY: 65
DEBUG: src/lcthw/hashmap.c:Hashmap_get_node:205: TRY: 66
DEBUG: src/lcthw/hashmap.c:Hashmap_get_node:205: TRY: 67
DEBUG: src/lcthw/hashmap.c:Hashmap_get_node:205: TRY: 68
DEBUG: src/lcthw/hashmap.c:Hashmap_get_node:205: TRY: 69
DEBUG: src/lcthw/hashmap.c:Hashmap_get_node:205: TRY: 70
DEBUG: src/lcthw/hashmap.c:Hashmap_get_node:205: TRY: 71
DEBUG: src/lcthw/hashmap.c:Hashmap_get_node:205: TRY: 72
DEBUG: src/lcthw/hashmap.c:Hashmap_get_node:205: TRY: 73
DEBUG: src/lcthw/hashmap.c:Hashmap_get_node:205: TRY: 74
DEBUG: src/lcthw/hashmap.c:Hashmap_get_node:205: TRY: 75
DEBUG: src/lcthw/hashmap.c:Hashmap_get_node:205: TRY: 76
DEBUG: src/lcthw/hashmap.c:Hashmap_get_node:205: TRY: 77
DEBUG: src/lcthw/hashmap.c:Hashmap_get_node:205: TRY: 78
DEBUG: src/lcthw/hashmap.c:Hashmap_get_node:205: TRY: 79
DEBUG: src/lcthw/hashmap.c:Hashmap_get_node:205: TRY: 80
DEBUG: src/lcthw/hashmap.c:Hashmap_get_node:205: TRY: 81
DEBUG: src/lcthw/hashmap.c:Hashmap_get_node:205: TRY: 82
DEBUG: src/lcthw/hashmap.c:Hashmap_get_node:205: TRY: 83
DEBUG: src/lcthw/hashmap.c:Hashmap_get_node:205: TRY: 84
DEBUG: src/lcthw/hashmap.c:Hashmap_get_node:205: TRY: 85
DEBUG: src/lcthw/hashmap.c:Hashmap_get_node:205: TRY: 86
DEBUG: src/lcthw/hashmap.c:Hashmap_get_node:205: TRY: 87
DEBUG: src/lcthw/hashmap.c:Hashmap_get_node:205: TRY: 88
DEBUG: src/lcthw/hashmap.c:Hashmap_get_node:205: TRY: 89
DEBUG: src/lcthw/hashmap.c:Hashmap_get_node:205: TRY: 90
DEBUG: src/lcthw/hashmap.c:Hashmap_get_node:205: TRY: 91
DEBUG: src/lcthw/hashmap.c:Hashmap_get_node:205: TRY: 92
DEBUG: src/lcthw/hashmap.c:Hashmap_get_node:205: TRY: 93
DEBUG: src/lcthw/hashmap.c:Hashmap_get_node:205: TRY: 94
DEBUG: src/lcthw/hashmap.c:Hashmap_get_node:205: TRY: 95
DEBUG: src/lcthw/hashmap.c:Hashmap_get_node:205: TRY: 96
DEBUG: src/lcthw/hashmap.c:Hashmap_get_node:205: TRY: 97
DEBUG: src/lcthw/hashmap.c:Hashmap_get_node:205: TRY: 98
DEBUG: src/lcthw/hashmap.c:Hashmap_get_node:205: TRY: 99
DEBUG: src/lcthw/hashmap.c:Hashmap_get_node:205: TRY: 100
DEBUG: src/lcthw/hashmap.c:Hashmap_get_node:205: TRY: 101
DEBUG: src/lcthw/hashmap.c:Hashmap_get_node:205: TRY: 102
DEBUG: src/lcthw/hashmap.c:Hashmap_get_node:205: TRY: 103
DEBUG: src/lcthw/hashmap.c:Hashmap_get_node:205: TRY: 104
DEBUG: src/lcthw/hashmap.c:Hashmap_get_node:205: TRY: 105
DEBUG: src/lcthw/hashmap.c:Hashmap_get_node:205: TRY: 106
DEBUG: src/lcthw/hashmap.c:Hashmap_get_node:205: TRY: 107
DEBUG: src/lcthw/hashmap.c:Hashmap_get_node:205: TRY: 108
DEBUG: src/lcthw/hashmap.c:Hashmap_get_node:205: TRY: 109
DEBUG: src/lcthw/hashmap.c:Hashmap_get_node:205: TRY: 0
DEBUG: src/lcthw/hashmap.c:Hashmap_get_node:205: TRY: 1
DEBUG: src/lcthw/hashmap.c:Hashmap_get_node:205: TRY: 2
DEBUG: src/lcthw/hashmap.c:Hashmap_get_node:205: TRY: 3
DEBUG: src/lcthw/hashmap.c:Hashmap_get_node:205: TRY: 4
DEBUG: src/lcthw/hashmap.c:Hashmap_get_node:205: TRY: 5
DEBUG: src/lcthw/hashmap.c:Hashmap_get_node:205: TRY: 6
DEBUG: src/lcthw/hashmap.c:Hashmap_get_node:205: TRY: 7
DEBUG: src/lcthw/hashmap.c:Hashmap_get_node:205: TRY: 8
DEBUG: src/lcthw/hashmap.c:Hashmap_get_node:205: TRY: 9
DEBUG: src/lcthw/hashmap.c:Hashmap_get_node:205: TRY: 10
DEBUG: src/lcthw/hashmap.c:Hashmap_get_node:205: TRY: 11
DEBUG: src/lcthw/hashmap.c:Hashmap_get_node:205: TRY: 12
DEBUG: src/lcthw/hashmap.c:Hashmap_get_node:205: TRY: 13
DEBUG: src/lcthw/hashmap.c:Hashmap_get_node:205: TRY: 14
DEBUG: src/lcthw/hashmap.c:Hashmap_get_node:205: TRY: 15
DEBUG: src/lcthw/hashmap.c:Hashmap_get_node:205: TRY: 16
DEBUG: src/lcthw/hashmap.c:Hashmap_get_node:205: TRY: 17
DEBUG: src/lcthw/hashmap.c:Hashmap_get_node:205: TRY: 18
DEBUG: src/lcthw/hashmap.c:Hashmap_get_node:205: TRY: 19
DEBUG: src/lcthw/hashmap.c:Hashmap_get_node:205: TRY: 20
DEBUG: src/lcthw/hashmap.c:Hashmap_get_node:205: TRY: 21
DEBUG: src/lcthw/hashmap.c:Hashmap_get_node:205: TRY: 22
DEBUG: src/lcthw/hashmap.c:Hashmap_get_node:205: TRY: 23
DEBUG: src/lcthw/hashmap.c:Hashmap_get_node:205: TRY: 24
DEBUG: src/lcthw/hashmap.c:Hashmap_get_node:205: TRY: 25
DEBUG: src/lcthw/hashmap.c:Hashmap_get_node:205: TRY: 26
DEBUG: src/lcthw/hashmap.c:Hashmap_get_node:205: TRY: 27
DEBUG: src/lcthw/hashmap.c:Hashmap_get_node:205: TRY: 28
DEBUG: src/lcthw/hashmap.c:Hashmap_get_node:205: TRY: 29
DEBUG: src/lcthw/hashmap.c:Hashmap_get_node:205: TRY: 30
DEBUG: src/lcthw/hashmap.c:Hashmap_get_node:205: TRY: 31
DEBUG: src/lcthw/hashmap.c:Hashmap_get_node:205: TRY: 32
DEBUG: src/lcthw/hashmap.c:Hashmap_get_node:205: TRY: 33
DEBUG: src/lcthw/hashmap.c:Hashmap_get_node:205: TRY: 34
DEBUG: src/lcthw/hashmap.c:Hashmap_get_node:205: TRY: 35
DEBUG: src/lcthw/hashmap.c:Hashmap_get_node:205: TRY: 36
DEBUG: src/lcthw/hashmap.c:Hashmap_get_node:205: TRY: 37
DEBUG: src/lcthw/hashmap.c:Hashmap_get_node:205: TRY: 38
DEBUG: src/lcthw/hashmap.c:Hashmap_get_node:205: TRY: 39
DEBUG: src/lcthw/hashmap.c:Hashmap_get_node:205: TRY: 40
DEBUG: src/lcthw/hashmap.c:Hashmap_get_node:205: TRY: 41
DEBUG: src/lcthw/hashmap.c:Hashmap_get_node:205: TRY: 42
DEBUG: src/lcthw/hashmap.c:Hashmap_get_node:205: TRY: 43
DEBUG: src/lcthw/hashmap.c:Hashmap_get_node:205: TRY: 44
DEBUG: src/lcthw/hashmap.c:Hashmap_get_node:205: TRY: 45
DEBUG: src/lcthw/hashmap.c:Hashmap_get_node:205: TRY: 46
DEBUG: src/lcthw/hashmap.c:Hashmap_get_node:205: TRY: 47
DEBUG: src/lcthw/hashmap.c:Hashmap_get_node:205: TRY: 48
DEBUG: src/lcthw/hashmap.c:Hashmap_get_node:205: TRY: 49
DEBUG: src/lcthw/hashmap.c:Hashmap_get_node:205: TRY: 50
DEBUG: src/lcthw/hashmap.c:Hashmap_get_node:205: TRY: 51
DEBUG: src/lcthw/hashmap.c:Hashmap_get_node:205: TRY: 52
DEBUG: src/lcthw/hashmap.c:Hashmap_get_node:205: TRY: 53
DEBUG: src/lcthw/hashmap.c:Hashmap_get_node:205: TRY: 54
DEBUG: src/lcthw/hashmap.c:Hashmap_get_node:205: TRY: 55
DEBUG: src/lcthw/hashmap.c:Hashmap_get_node:205: TRY: 56
DEBUG: src/lcthw/hashmap.c:Hashmap_get_node:205: TRY: 57
DEBUG: src/lcthw/hashmap.c:Hashmap_get_node:205: TRY: 58
DEBUG: src/lcthw/hashmap.c:Hashmap_get_node:205: TRY: 59
DEBUG: src/lcthw/hashmap.c:Hashmap_get_node:205: TRY: 60
DEBUG: src/lcthw/hashmap.c:Hashmap_get_node:205: TRY: 61
DEBUG: src/lcthw/hashmap.c:Hashmap_get_node:205: TRY: 62
DEBUG: src/lcthw/hashmap.c:Hashmap_get_node:205: TRY: 63
DEBUG: src/lcthw/hashmap.c:Hashmap_get_node:205: TRY: 64
DEBUG: src/lcthw/hashmap.c:Hashmap_get_node:205: TRY: 65
DEBUG: src/lcthw/hashmap.c:Hashmap_get_node:205: TRY: 66
DEBUG: src/lcthw/hashmap.c:Hashmap_get_node:205: TRY: 67
DEBUG: src/lcthw/hashmap.c:Hashmap_get_node:205: TRY: 68
DEBUG: src/lcthw/hashmap.c:Hashmap_get_node:205: TRY: 69
DEBUG: src/lcthw/hashmap.c:Hashmap_get_node:205: TRY: 70
DEBUG: src/lcthw/hashmap.c:Hashmap_get_node:205: TRY: 71
DEBUG: src/lcthw/hashmap.c:Hashmap_get_node:205: TRY: 0
DEBUG: src/lcthw/hashmap.c:Hashmap_get_node:205: TRY: 1
DEBUG: src/lcthw/hashmap.c:Hashmap_get_node:205: TRY: 2
DEBUG: src/lcthw/hashmap.c:Hashmap_get_node:205: TRY: 3
DEBUG: src/lcthw/hashmap.c:Hashmap_get_node:205: TRY: 4
DEBUG: src/lcthw/hashmap.c:Hashmap_get_node:205: TRY: 5
DEBUG: src/lcthw/hashmap.c:Hashmap_get_node:205: TRY: 6
DEBUG: src/lcthw/hashmap.c:Hashmap_get_node:205: TRY: 7
DEBUG: src/lcthw/hashmap.c:Hashmap_get_node:205: TRY: 8
DEBUG: src/lcthw/hashmap.c:Hashmap_get_node:205: TRY: 9
DEBUG: src/lcthw/hashmap.c:Hashmap_get_node:205: TRY: 10
DEBUG: src/lcthw/hashmap.c:Hashmap_get_node:205: TRY: 11
DEBUG: src/lcthw/hashmap.c:Hashmap_get_node:205: TRY: 12
DEBUG: src/lcthw/hashmap.c:Hashmap_get_node:205: TRY: 13
DEBUG: src/lcthw/hashmap.c:Hashmap_get_node:205: TRY: 14
DEBUG: src/lcthw/hashmap.c:Hashmap_get_node:205: TRY: 15
DEBUG: src/lcthw/hashmap.c:Hashmap_get_node:205: TRY: 16
DEBUG: src/lcthw/hashmap.c:Hashmap_get_node:205: TRY: 17
DEBUG: src/lcthw/hashmap.c:Hashmap_get_node:205: TRY: 18
DEBUG: src/lcthw/hashmap.c:Hashmap_get_node:205: TRY: 19
DEBUG: src/lcthw/hashmap.c:Hashmap_get_node:205: TRY: 20
DEBUG: src/lcthw/hashmap.c:Hashmap_get_node:205: TRY: 21
DEBUG: src/lcthw/hashmap.c:Hashmap_get_node:205: TRY: 22
DEBUG: src/lcthw/hashmap.c:Hashmap_get_node:205: TRY: 23
DEBUG: src/lcthw/hashmap.c:Hashmap_get_node:205: TRY: 24
DEBUG: src/lcthw/hashmap.c:Hashmap_get_node:205: TRY: 25
DEBUG: src/lcthw/hashmap.c:Hashmap_get_node:205: TRY: 26
DEBUG: src/lcthw/hashmap.c:Hashmap_get_node:205: TRY: 27
DEBUG: src/lcthw/hashmap.c:Hashmap_get_node:205: TRY: 28
DEBUG: src/lcthw/hashmap.c:Hashmap_get_node:205: TRY: 29
DEBUG: src/lcthw/hashmap.c:Hashmap_get_node:205: TRY: 30
DEBUG: src/lcthw/hashmap.c:Hashmap_get_node:205: TRY: 31
DEBUG: src/lcthw/hashmap.c:Hashmap_get_node:205: TRY: 32
DEBUG: src/lcthw/hashmap.c:Hashmap_get_node:205: TRY: 33
DEBUG: src/lcthw/hashmap.c:Hashmap_get_node:205: TRY: 34
DEBUG: src/lcthw/hashmap.c:Hashmap_get_node:205: TRY: 35
DEBUG: src/lcthw/hashmap.c:Hashmap_get_node:205: TRY: 36
DEBUG: src/lcthw/hashmap.c:Hashmap_get_node:205: TRY: 37
DEBUG: src/lcthw/hashmap.c:Hashmap_get_node:205: TRY: 38
DEBUG: src/lcthw/hashmap.c:Hashmap_get_node:205: TRY: 39
DEBUG: src/lcthw/hashmap.c:Hashmap_get_node:205: TRY: 40
DEBUG: src/lcthw/hashmap.c:Hashmap_get_node:205: TRY: 41
DEBUG: src/lcthw/hashmap.c:Hashmap_get_node:205: TRY: 42
DEBUG: src/lcthw/hashmap.c:Hashmap_get_node:205: TRY: 43
DEBUG: src/lcthw/hashmap.c:Hashmap_get_node:205: TRY: 44
DEBUG: src/lcthw/hashmap.c:Hashmap_get_node:205: TRY: 45
DEBUG: src/lcthw/hashmap.c:Hashmap_get_node:205: TRY: 46
DEBUG: src/lcthw/hashmap.c:Hashmap_get_node:205: TRY: 47
DEBUG: src/lcthw/hashmap.c:Hashmap_get_node:205: TRY: 48
DEBUG: src/lcthw/hashmap.c:Hashmap_get_node:205: TRY: 49
DEBUG: src/lcthw/hashmap.c:Hashmap_get_node:205: TRY: 50
DEBUG: src/lcthw/hashmap.c:Hashmap_get_node:205: TRY: 51
DEBUG: src/lcthw/hashmap.c:Hashmap_get_node:205: TRY: 52
DEBUG: src/lcthw/hashmap.c:Hashmap_get_node:205: TRY: 53
DEBUG: src/lcthw/hashmap.c:Hashmap_get_node:205: TRY: 54
DEBUG: src/lcthw/hashmap.c:Hashmap_get_node:205: TRY: 55
DEBUG: src/lcthw/hashmap.c:Hashmap_get_node:205: TRY: 56
DEBUG: src/lcthw/hashmap.c:Hashmap_get_node:205: TRY: 57
DEBUG: src/lcthw/hashmap.c:Hashmap_get_node:205: TRY: 58
DEBUG: src/lcthw/hashmap.c:Hashmap_get_node:205: TRY: 59
DEBUG: src/lcthw/hashmap.c:Hashmap_get_node:205: TRY: 60
DEBUG: src/lcthw/hashmap.c:Hashmap_get_node:205: TRY: 61
DEBUG: src/lcthw/hashmap.c:Hashmap_get_node:205: TRY: 62
DEBUG: src/lcthw/hashmap.c:Hashmap_get_node:205: TRY: 63
DEBUG: src/lcthw/hashmap.c:Hashmap_get_node:205: TRY: 64
DEBUG: src/lcthw/hashmap.c:Hashmap_get_node:205: TRY: 65
DEBUG: src/lcthw/hashmap.c:Hashmap_get_node:205: TRY: 66
DEBUG: src/lcthw/hashmap.c:Hashmap_get_node:205: TRY: 67
DEBUG: src/lcthw/hashmap.c:Hashmap_get_node:205: TRY: 68
DEBUG: src/lcthw/hashmap.c:Hashmap_get_node:205: TRY: 69
DEBUG: src/lcthw/hashmap.c:Hashmap_get_node:205: TRY: 70
DEBUG: src/lcthw/hashmap.c:Hashmap_get_node:205: TRY: 71
DEBUG: src/lcthw/hashmap.c:Hashmap_get_node:205: TRY: 72
DEBUG: src/lcthw/hashmap.c:Hashmap_get_node:205: TRY: 73
DEBUG: src/lcthw/hashmap.c:Hashmap_get_node:205: TRY: 74
DEBUG: src/lcthw/hashmap.c:Hashmap_get_node:205: TRY: 75
DEBUG: src/lcthw/hashmap.c:Hashmap_get_node:205: TRY: 76
DEBUG: src/lcthw/hashmap.c:Hashmap_get_node:205: TRY: 77
DEBUG: src/lcthw/hashmap.c:Hashmap_get_node:205: TRY: 78
DEBUG: src/lcthw/hashmap.c:Hashmap_get_node:205: TRY: 79
DEBUG: src/lcthw/hashmap.c:Hashmap_get_node:205: TRY: 80
DEBUG: src/lcthw/hashmap.c:Hashmap_get_node:205: TRY: 81
DEBUG: src/lcthw/hashmap.c:Hashmap_get_node:205: TRY: 82
DEBUG: src/lcthw/hashmap.c:Hashmap_get_node:205: TRY: 83
DEBUG: src/lcthw/hashmap.c:Hashmap_get_node:205: TRY: 84
DEBUG: src/lcthw/hashmap.c:Hashmap_get_node:205: TRY: 85
DEBUG: src/lcthw/hashmap.c:Hashmap_get_node:205: TRY: 86
DEBUG: src/lcthw/hashmap.c:Hashmap_get_node:205: TRY: 87
DEBUG: src/lcthw/hashmap.c:Hashmap_get_node:205: TRY: 88
DEBUG: src/lcthw/hashmap.c:Hashmap_get_node:205: TRY: 89
DEBUG: src/lcthw/hashmap.c:Hashmap_get_node:205: TRY: 0
DEBUG: src/lcthw/hashmap.c:Hashmap_get_node:205: TRY: 1
DEBUG: src/lcthw/hashmap.c:Hashmap_get_node:205: TRY: 2
DEBUG: src/lcthw/hashmap.c:Hashmap_get_node:205: TRY: 3
DEBUG: src/lcthw/hashmap.c:Hashmap_get_node:205: TRY: 4
DEBUG: src/lcthw/hashmap.c:Hashmap_get_node:205: TRY: 5
DEBUG: src/lcthw/hashmap.c:Hashmap_get_node:205: TRY: 6
DEBUG: src/lcthw/hashmap.c:Hashmap_get_node:205: TRY: 7
DEBUG: src/lcthw/hashmap.c:Hashmap_get_node:205: TRY: 8
DEBUG: src/lcthw/hashmap.c:Hashmap_get_node:205: TRY: 9
DEBUG: src/lcthw/hashmap.c:Hashmap_get_node:205: TRY: 10
DEBUG: src/lcthw/hashmap.c:Hashmap_get_node:205: TRY: 11
DEBUG: src/lcthw/hashmap.c:Hashmap_get_node:205: TRY: 12
DEBUG: src/lcthw/hashmap.c:Hashmap_get_node:205: TRY: 13
DEBUG: src/lcthw/hashmap.c:Hashmap_get_node:205: TRY: 14
DEBUG: src/lcthw/hashmap.c:Hashmap_get_node:205: TRY: 15
DEBUG: src/lcthw/hashmap.c:Hashmap_get_node:205: TRY: 16
DEBUG: src/lcthw/hashmap.c:Hashmap_get_node:205: TRY: 17
DEBUG: src/lcthw/hashmap.c:Hashmap_get_node:205: TRY: 18
DEBUG: src/lcthw/hashmap.c:Hashmap_get_node:205: TRY: 19
DEBUG: src/lcthw/hashmap.c:Hashmap_get_node:205: TRY: 20
DEBUG: src/lcthw/hashmap.c:Hashmap_get_node:205: TRY: 21
DEBUG: src/lcthw/hashmap.c:Hashmap_get_node:205: TRY: 22
DEBUG: src/lcthw/hashmap.c:Hashmap_get_node:205: TRY: 23
DEBUG: src/lcthw/hashmap.c:Hashmap_get_node:205: TRY: 24
DEBUG: src/lcthw/hashmap.c:Hashmap_get_node:205: TRY: 25
DEBUG: src/lcthw/hashmap.c:Hashmap_get_node:205: TRY: 26
DEBUG: src/lcthw/hashmap.c:Hashmap_get_node:205: TRY: 27
DEBUG: src/lcthw/hashmap.c:Hashmap_get_node:205: TRY: 28
DEBUG: src/lcthw/hashmap.c:Hashmap_get_node:205: TRY: 29
DEBUG: src/lcthw/hashmap.c:Hashmap_get_node:205: TRY: 30
DEBUG: src/lcthw/hashmap.c:Hashmap_get_node:205: TRY: 31
DEBUG: src/lcthw/hashmap.c:Hashmap_get_node:205: TRY: 32
DEBUG: src/lcthw/hashmap.c:Hashmap_get_node:205: TRY: 33
DEBUG: src/lcthw/hashmap.c:Hashmap_get_node:205: TRY: 34
DEBUG: src/lcthw/hashmap.c:Hashmap_get_node:205: TRY: 35
DEBUG: src/lcthw/hashmap.c:Hashmap_get_node:205: TRY: 36
DEBUG: src/lcthw/hashmap.c:Hashmap_get_node:205: TRY: 37
DEBUG: src/lcthw/hashmap.c:Hashmap_get_node:205: TRY: 38
DEBUG: src/lcthw/hashmap.c:Hashmap_get_node:205: TRY: 39
DEBUG: src/lcthw/hashmap.c:Hashmap_get_node:205: TRY: 40
DEBUG: src/lcthw/hashmap.c:Hashmap_get_node:205: TRY: 41
DEBUG: src/lcthw/hashmap.c:Hashmap_get_node:205: TRY: 42
DEBUG: src/lcthw/hashmap.c:Hashmap_get_node:205: TRY: 43
DEBUG: src/lcthw/hashmap.c:Hashmap_get_node:205: TRY: 44
DEBUG: src/lcthw/hashmap.c:Hashmap_get_node:205: TRY: 45
DEBUG: src/lcthw/hashmap.c:Hashmap_get_node:205: TRY: 46
DEBUG: src/lcthw/hashmap.c:Hashmap_get_node:205: TRY: 47
DEBUG: src/lcthw/hashmap.c:Hashmap_get_node:205: TRY: 48
DEBUG: src/lcthw/hashmap.c:Hashmap_get_node:205: TRY: 49
DEBUG: src/lcthw/hashmap.c:Hashmap_get_node:205: TRY: 50
DEBUG: src/lcthw/hashmap.c:Hashmap_get_node:205: TRY: 51
DEBUG: src/lcthw/hashmap.c:Hashmap_get_node:205: TRY: 52
DEBUG: src/lcthw/hashmap.c:Hashmap_get_node:205: TRY: 53
DEBUG: src/lcthw/hashmap.c:Hashmap_get_node:205: TRY: 54
DEBUG: src/lcthw/hashmap.c:Hashmap_get_node:205: TRY: 55
DEBUG: src/lcthw/hashmap.c:Hashmap_get_node:205: TRY: 56
DEBUG: src/lcthw/hashmap.c:Hashmap_get_node:205: TRY: 57
DEBUG: src/lcthw/hashmap.c:Hashmap_get_node:205: TRY: 58
DEBUG: src/lcthw/hashmap.c:Hashmap_get_node:205: TRY: 59
DEBUG: src/lcthw/hashmap.c:Hashmap_get_node:205: TRY: 60
DEBUG: src/lcthw/hashmap.c:Hashmap_get_node:205: TRY: 61
DEBUG: src/lcthw/hashmap.c:Hashmap_get_node:205: TRY: 62
DEBUG: src/lcthw/hashmap.c:Hashmap_get_node:205: TRY: 63
DEBUG: src/lcthw/hashmap.c:Hashmap_get_node:205: TRY: 64
DEBUG: src/lcthw/hashmap.c:Hashmap_get_node:205: TRY: 65
DEBUG: src/lcthw/hashmap.c:Hashmap_get_node:205: TRY: 66
DEBUG: src/lcthw/hashmap.c:Hashmap_get_node:205: TRY: 67
DEBUG: src/lcthw/hashmap.c:Hashmap_get_node:205: TRY: 68
DEBUG: src/lcthw/hashmap.c:Hashmap_get_node:205: TRY: 69
DEBUG: src/lcthw/hashmap.c:Hashmap_get_node:205: TRY: 70
DEBUG: src/lcthw/hashmap.c:Hashmap_get_node:205: TRY: 71
DEBUG: src/lcthw/hashmap.c:Hashmap_get_node:205: TRY: 72
DEBUG: src/lcthw/hashmap.c:Hashmap_get_node:205: TRY: 73
DEBUG: src/lcthw/hashmap.c:Hashmap_get_node:205: TRY: 74
DEBUG: src/lcthw/hashmap.c:Hashmap_get_node:205: TRY: 75
DEBUG: src/lcthw/hashmap.c:Hashmap_get_node:205: TRY: 76
DEBUG: src/lcthw/hashmap.c:Hashmap_get_node:205: TRY: 77
DEBUG: src/lcthw/hashmap.c:Hashmap_get_node:205: TRY: 0
DEBUG: src/lcthw/hashmap.c:Hashmap_get_node:205: TRY: 1
DEBUG: src/lcthw/hashmap.c:Hashmap_get_node:205: TRY: 2
DEBUG: src/lcthw/hashmap.c:Hashmap_get_node:205: TRY: 3
DEBUG: src/lcthw/hashmap.c:Hashmap_get_node:205: TRY: 4
DEBUG: src/lcthw/hashmap.c:Hashmap_get_node:205: TRY: 5
DEBUG: src/lcthw/hashmap.c:Hashmap_get_node:205: TRY: 6
DEBUG: src/lcthw/hashmap.c:Hashmap_get_node:205: TRY: 7
DEBUG: src/lcthw/hashmap.c:Hashmap_get_node:205: TRY: 8
DEBUG: src/lcthw/hashmap.c:Hashmap_get_node:205: TRY: 9
DEBUG: src/lcthw/hashmap.c:Hashmap_get_node:205: TRY: 10
DEBUG: src/lcthw/hashmap.c:Hashmap_get_node:205: TRY: 11
DEBUG: src/lcthw/hashmap.c:Hashmap_get_node:205: TRY: 12
DEBUG: src/lcthw/hashmap.c:Hashmap_get_node:205: TRY: 13
DEBUG: src/lcthw/hashmap.c:Hashmap_get_node:205: TRY: 14
DEBUG: src/lcthw/hashmap.c:Hashmap_get_node:205: TRY: 15
DEBUG: src/lcthw/hashmap.c:Hashmap_get_node:205: TRY: 16
DEBUG: src/lcthw/hashmap.c:Hashmap_get_node:205: TRY: 17
DEBUG: src/lcthw/hashmap.c:Hashmap_get_node:205: TRY: 18
DEBUG: src/lcthw/hashmap.c:Hashmap_get_node:205: TRY: 19
DEBUG: src/lcthw/hashmap.c:Hashmap_get_node:205: TRY: 20
DEBUG: src/lcthw/hashmap.c:Hashmap_get_node:205: TRY: 21
DEBUG: src/lcthw/hashmap.c:Hashmap_get_node:205: TRY: 22
DEBUG: src/lcthw/hashmap.c:Hashmap_get_node:205: TRY: 23
DEBUG: src/lcthw/hashmap.c:Hashmap_get_node:205: TRY: 24
DEBUG: src/lcthw/hashmap.c:Hashmap_get_node:205: TRY: 25
DEBUG: src/lcthw/hashmap.c:Hashmap_get_node:205: TRY: 26
DEBUG: src/lcthw/hashmap.c:Hashmap_get_node:205: TRY: 27
DEBUG: src/lcthw/hashmap.c:Hashmap_get_node:205: TRY: 28
DEBUG: src/lcthw/hashmap.c:Hashmap_get_node:205: TRY: 29
DEBUG: src/lcthw/hashmap.c:Hashmap_get_node:205: TRY: 30
DEBUG: src/lcthw/hashmap.c:Hashmap_get_node:205: TRY: 31
DEBUG: src/lcthw/hashmap.c:Hashmap_get_node:205: TRY: 32
DEBUG: src/lcthw/hashmap.c:Hashmap_get_node:205: TRY: 33
DEBUG: src/lcthw/hashmap.c:Hashmap_get_node:205: TRY: 34
DEBUG: src/lcthw/hashmap.c:Hashmap_get_node:205: TRY: 35
DEBUG: src/lcthw/hashmap.c:Hashmap_get_node:205: TRY: 36
DEBUG: src/lcthw/hashmap.c:Hashmap_get_node:205: TRY: 37
DEBUG: src/lcthw/hashmap.c:Hashmap_get_node:205: TRY: 38
DEBUG: src/lcthw/hashmap.c:Hashmap_get_node:205: TRY: 39
DEBUG: src/lcthw/hashmap.c:Hashmap_get_node:205: TRY: 40
DEBUG: src/lcthw/hashmap.c:Hashmap_get_node:205: TRY: 41
DEBUG: src/lcthw/hashmap.c:Hashmap_get_node:205: TRY: 42
DEBUG: src/lcthw/hashmap.c:Hashmap_get_node:205: TRY: 43
DEBUG: src/lcthw/hashmap.c:Hashmap_get_node:205: TRY: 44
DEBUG: src/lcthw/hashmap.c:Hashmap_get_node:205: TRY: 45
DEBUG: src/lcthw/hashmap.c:Hashmap_get_node:205: TRY: 46
DEBUG: src/lcthw/hashmap.c:Hashmap_get_node:205: TRY: 47
DEBUG: src/lcthw/hashmap.c:Hashmap_get_node:205: TRY: 48
DEBUG: src/lcthw/hashmap.c:Hashmap_get_node:205: TRY: 49
DEBUG: src/lcthw/hashmap.c:Hashmap_get_node:205: TRY: 50
DEBUG: src/lcthw/hashmap.c:Hashmap_get_node:205: TRY: 51
DEBUG: src/lcthw/hashmap.c:Hashmap_get_node:205: TRY: 52
DEBUG: src/lcthw/hashmap.c:Hashmap_get_node:205: TRY: 53
DEBUG: src/lcthw/hashmap.c:Hashmap_get_node:205: TRY: 54
DEBUG: src/lcthw/hashmap.c:Hashmap_get_node:205: TRY: 55
DEBUG: src/lcthw/hashmap.c:Hashmap_get_node:205: TRY: 56
DEBUG: src/lcthw/hashmap.c:Hashmap_get_node:205: TRY: 57
DEBUG: src/lcthw/hashmap.c:Hashmap_get_node:205: TRY: 58
DEBUG: src/lcthw/hashmap.c:Hashmap_get_node:205: TRY: 59
DEBUG: src/lcthw/hashmap.c:Hashmap_get_node:205: TRY: 60
DEBUG: src/lcthw/hashmap.c:Hashmap_get_node:205: TRY: 61
DEBUG: src/lcthw/hashmap.c:Hashmap_get_node:205: TRY: 62
DEBUG: src/lcthw/hashmap.c:Hashmap_get_node:205: TRY: 63
DEBUG: src/lcthw/hashmap.c:Hashmap_get_node:205: TRY: 64
DEBUG: src/lcthw/hashmap.c:Hashmap_get_node:205: TRY: 65
DEBUG: src/lcthw/hashmap.c:Hashmap_get_node:205: TRY: 66
DEBUG: src/lcthw/hashmap.c:Hashmap_get_node:205: TRY: 67
DEBUG: src/lcthw/hashmap.c:Hashmap_get_node:205: TRY: 68
DEBUG: src/lcthw/hashmap.c:Hashmap_get_node:205: TRY: 69
DEBUG: src/lcthw/hashmap.c:Hashmap_get_node:205: TRY: 70
DEBUG: src/lcthw/hashmap.c:Hashmap_get_node:205: TRY: 71
DEBUG: src/lcthw/hashmap.c:Hashmap_get_node:205: TRY: 72
DEBUG: src/lcthw/hashmap.c:Hashmap_get_node:205: TRY: 73
DEBUG: src/lcthw/hashmap.c:Hashmap_get_node:205: TRY: 74
DEBUG: src/lcthw/hashmap.c:Hashmap_get_node:205: TRY: 75
DEBUG: src/lcthw/hashmap.c:Hashmap_get_node:205: TRY: 76
DEBUG: src/lcthw/hashmap.c:Hashmap_get_node:205: TRY: 77
DEBUG: src/lcthw/hashmap.c:Hashmap_get_node:205: TRY: 78
DEBUG: src/lcthw/hashmap.c:Hashmap_get_node:205: TRY: 79
DEBUG: src/lcthw/hashmap.c:Hashmap_get_node:205: TRY: 0
DEBUG: src/lcthw/hashmap.c:Hashmap_get_node:205: TRY: 1
DEBUG: src/lcthw/hashmap.c:Hashmap_get_node:205: TRY: 2
DEBUG: src/lcthw/hashmap.c:Hashmap_get_node:205: TRY: 3
DEBUG: src/lcthw/hashmap.c:Hashmap_get_node:205: TRY: 4
DEBUG: src/lcthw/hashmap.c:Hashmap_get_node:205: TRY: 5
DEBUG: src/lcthw/hashmap.c:Hashmap_get_node:205: TRY: 6
DEBUG: src/lcthw/hashmap.c:Hashmap_get_node:205: TRY: 7
DEBUG: src/lcthw/hashmap.c:Hashmap_get_node:205: TRY: 8
DEBUG: src/lcthw/hashmap.c:Hashmap_get_node:205: TRY: 9
DEBUG: src/lcthw/hashmap.c:Hashmap_get_node:205: TRY: 10
DEBUG: src/lcthw/hashmap.c:Hashmap_get_node:205: TRY: 11
DEBUG: src/lcthw/hashmap.c:Hashmap_get_node:205: TRY: 12
DEBUG: src/lcthw/hashmap.c:Hashmap_get_node:205: TRY: 13
DEBUG: src/lcthw/hashmap.c:Hashmap_get_node:205: TRY: 14
DEBUG: src/lcthw/hashmap.c:Hashmap_get_node:205: TRY: 15
DEBUG: src/lcthw/hashmap.c:Hashmap_get_node:205: TRY: 16
DEBUG: src/lcthw/hashmap.c:Hashmap_get_node:205: TRY: 17
DEBUG: src/lcthw/hashmap.c:Hashmap_get_node:205: TRY: 18
DEBUG: src/lcthw/hashmap.c:Hashmap_get_node:205: TRY: 19
DEBUG: src/lcthw/hashmap.c:Hashmap_get_node:205: TRY: 20
DEBUG: src/lcthw/hashmap.c:Hashmap_get_node:205: TRY: 21
DEBUG: src/lcthw/hashmap.c:Hashmap_get_node:205: TRY: 22
DEBUG: src/lcthw/hashmap.c:Hashmap_get_node:205: TRY: 23
DEBUG: src/lcthw/hashmap.c:Hashmap_get_node:205: TRY: 24
DEBUG: src/lcthw/hashmap.c:Hashmap_get_node:205: TRY: 25
DEBUG: src/lcthw/hashmap.c:Hashmap_get_node:205: TRY: 26
DEBUG: src/lcthw/hashmap.c:Hashmap_get_node:205: TRY: 27
DEBUG: src/lcthw/hashmap.c:Hashmap_get_node:205: TRY: 28
DEBUG: src/lcthw/hashmap.c:Hashmap_get_node:205: TRY: 29
DEBUG: src/lcthw/hashmap.c:Hashmap_get_node:205: TRY: 30
DEBUG: src/lcthw/hashmap.c:Hashmap_get_node:205: TRY: 31
DEBUG: src/lcthw/hashmap.c:Hashmap_get_node:205: TRY: 32
DEBUG: src/lcthw/hashmap.c:Hashmap_get_node:205: TRY: 33
DEBUG: src/lcthw/hashmap.c:Hashmap_get_node:205: TRY: 34
DEBUG: src/lcthw/hashmap.c:Hashmap_get_node:205: TRY: 35
DEBUG: src/lcthw/hashmap.c:Hashmap_get_node:205: TRY: 36
DEBUG: src/lcthw/hashmap.c:Hashmap_get_node:205: TRY: 37
DEBUG: src/lcthw/hashmap.c:Hashmap_get_node:205: TRY: 38
DEBUG: src/lcthw/hashmap.c:Hashmap_get_node:205: TRY: 39
DEBUG: src/lcthw/hashmap.c:Hashmap_get_node:205: TRY: 40
DEBUG: src/lcthw/hashmap.c:Hashmap_get_node:205: TRY: 41
DEBUG: src/lcthw/hashmap.c:Hashmap_get_node:205: TRY: 42
DEBUG: src/lcthw/hashmap.c:Hashmap_get_node:205: TRY: 43
DEBUG: src/lcthw/hashmap.c:Hashmap_get_node:205: TRY: 44
DEBUG: src/lcthw/hashmap.c:Hashmap_get_node:205: TRY: 45
DEBUG: src/lcthw/hashmap.c:Hashmap_get_node:205: TRY: 46
DEBUG: src/lcthw/hashmap.c:Hashmap_get_node:205: TRY: 47
DEBUG: src/lcthw/hashmap.c:Hashmap_get_node:205: TRY: 48
DEBUG: src/lcthw/hashmap.c:Hashmap_get_node:205: TRY: 49
DEBUG: src/lcthw/hashmap.c:Hashmap_get_node:205: TRY: 50
DEBUG: src/lcthw/hashmap.c:Hashmap_get_node:205: TRY: 51
DEBUG: src/lcthw/hashmap.c:Hashmap_get_node:205: TRY: 52
DEBUG: src/lcthw/hashmap.c:Hashmap_get_node:205: TRY: 53
DEBUG: src/lcthw/hashmap.c:Hashmap_get_node:205: TRY: 54
DEBUG: src/lcthw/hashmap.c:Hashmap_get_node:205: TRY: 55
DEBUG: src/lcthw/hashmap.c:Hashmap_get_node:205: TRY: 56
DEBUG: src/lcthw/hashmap.c:Hashmap_get_node:205: TRY: 57
DEBUG: src/lcthw/hashmap.c:Hashmap_get_node:205: TRY: 58
DEBUG: src/lcthw/hashmap.c:Hashmap_get_node:205: TRY: 59
DEBUG: src/lcthw/hashmap.c:Hashmap_get_node:205: TRY: 60
DEBUG: src/lcthw/hashmap.c:Hashmap_get_node:205: TRY: 61
DEBUG: src/lcthw/hashmap.c:Hashmap_get_node:205: TRY: 62
DEBUG: src/lcthw/hashmap.c:Hashmap_get_node:205: TRY: 63
DEBUG: src/lcthw/hashmap.c:Hashmap_get_node:205: TRY: 64
DEBUG: src/lcthw/hashmap.c:Hashmap_get_node:205: TRY: 65
DEBUG: src/lcthw/hashmap.c:Hashmap_get_node:205: TRY: 66
DEBUG: src/lcthw/hashmap.c:Hashmap_get_node:205: TRY: 67
DEBUG: src/lcthw/hashmap.c:Hashmap_get_node:205: TRY: 68
DEBUG: src/lcthw/hashmap.c:Hashmap_get_node:205: TRY: 69
DEBUG: src/lcthw/hashmap.c:Hashmap_get_node:205: TRY: 70
DEBUG: src/lcthw/hashmap.c:Hashmap_get_node:205: TRY: 71
DEBUG: src/lcthw/hashmap.c:Hashmap_get_node:205: TRY: 72
DEBUG: src/lcthw/hashmap.c:Hashmap_get_node:205: TRY: 73
DEBUG: src/lcthw/hashmap.c:Hashmap_get_node:205: TRY: 74
DEBUG: src/lcthw/hashmap.c:Hashmap_get_node:205: TRY: 75
DEBUG: src/lcthw/hashmap.c:Hashmap_get_node:205: TRY: 76
DEBUG: src/lcthw/hashmap.c:Hashmap_get_node:205: TRY: 77
DEBUG: src/lcthw/hashmap.c:Hashmap_get_node:205: TRY: 78
DEBUG: src/lcthw/hashmap.c:Hashmap_get_node:205: TRY: 0
DEBUG: src/lcthw/hashmap.c:Hashmap_get_node:205: TRY: 1
DEBUG: src/lcthw/hashmap.c:Hashmap_get_node:205: TRY: 2
DEBUG: src/lcthw/hashmap.c:Hashmap_get_node:205: TRY: 3
DEBUG: src/lcthw/hashmap.c:Hashmap_get_node:205: TRY: 4
DEBUG: src/lcthw/hashmap.c:Hashmap_get_node:205: TRY: 5
DEBUG: src/lcthw/hashmap.c:Hashmap_get_node:205: TRY: 6
DEBUG: src/lcthw/hashmap.c:Hashmap_get_node:205: TRY: 7
DEBUG: src/lcthw/hashmap.c:Hashmap_get_node:205: TRY: 8
DEBUG: src/lcthw/hashmap.c:Hashmap_get_node:205: TRY: 9
DEBUG: src/lcthw/hashmap.c:Hashmap_get_node:205: TRY: 10
DEBUG: src/lcthw/hashmap.c:Hashmap_get_node:205: TRY: 11
DEBUG: src/lcthw/hashmap.c:Hashmap_get_node:205: TRY: 12
DEBUG: src/lcthw/hashmap.c:Hashmap_get_node:205: TRY: 13
DEBUG: src/lcthw/hashmap.c:Hashmap_get_node:205: TRY: 14
DEBUG: src/lcthw/hashmap.c:Hashmap_get_node:205: TRY: 15
DEBUG: src/lcthw/hashmap.c:Hashmap_get_node:205: TRY: 16
DEBUG: src/lcthw/hashmap.c:Hashmap_get_node:205: TRY: 17
DEBUG: src/lcthw/hashmap.c:Hashmap_get_node:205: TRY: 18
DEBUG: src/lcthw/hashmap.c:Hashmap_get_node:205: TRY: 19
DEBUG: src/lcthw/hashmap.c:Hashmap_get_node:205: TRY: 20
DEBUG: src/lcthw/hashmap.c:Hashmap_get_node:205: TRY: 21
DEBUG: src/lcthw/hashmap.c:Hashmap_get_node:205: TRY: 22
DEBUG: src/lcthw/hashmap.c:Hashmap_get_node:205: TRY: 23
DEBUG: src/lcthw/hashmap.c:Hashmap_get_node:205: TRY: 24
DEBUG: src/lcthw/hashmap.c:Hashmap_get_node:205: TRY: 25
DEBUG: src/lcthw/hashmap.c:Hashmap_get_node:205: TRY: 26
DEBUG: src/lcthw/hashmap.c:Hashmap_get_node:205: TRY: 27
DEBUG: src/lcthw/hashmap.c:Hashmap_get_node:205: TRY: 28
DEBUG: src/lcthw/hashmap.c:Hashmap_get_node:205: TRY: 29
DEBUG: src/lcthw/hashmap.c:Hashmap_get_node:205: TRY: 30
DEBUG: src/lcthw/hashmap.c:Hashmap_get_node:205: TRY: 31
DEBUG: src/lcthw/hashmap.c:Hashmap_get_node:205: TRY: 32
DEBUG: src/lcthw/hashmap.c:Hashmap_get_node:205: TRY: 33
DEBUG: src/lcthw/hashmap.c:Hashmap_get_node:205: TRY: 34
DEBUG: src/lcthw/hashmap.c:Hashmap_get_node:205: TRY: 35
DEBUG: src/lcthw/hashmap.c:Hashmap_get_node:205: TRY: 36
DEBUG: src/lcthw/hashmap.c:Hashmap_get_node:205: TRY: 37
DEBUG: src/lcthw/hashmap.c:Hashmap_get_node:205: TRY: 38
DEBUG: src/lcthw/hashmap.c:Hashmap_get_node:205: TRY: 39
DEBUG: src/lcthw/hashmap.c:Hashmap_get_node:205: TRY: 40
DEBUG: src/lcthw/hashmap.c:Hashmap_get_node:205: TRY: 41
DEBUG: src/lcthw/hashmap.c:Hashmap_get_node:205: TRY: 42
DEBUG: src/lcthw/hashmap.c:Hashmap_get_node:205: TRY: 43
DEBUG: src/lcthw/hashmap.c:Hashmap_get_node:205: TRY: 44
DEBUG: src/lcthw/hashmap.c:Hashmap_get_node:205: TRY: 45
DEBUG: src/lcthw/hashmap.c:Hashmap_get_node:205: TRY: 46
DEBUG: src/lcthw/hashmap.c:Hashmap_get_node:205: TRY: 47
DEBUG: src/lcthw/hashmap.c:Hashmap_get_node:205: TRY: 48
DEBUG: src/lcthw/hashmap.c:Hashmap_get_node:205: TRY: 49
DEBUG: src/lcthw/hashmap.c:Hashmap_get_node:205: TRY: 50
DEBUG: src/lcthw/hashmap.c:Hashmap_get_node:205: TRY: 51
DEBUG: src/lcthw/hashmap.c:Hashmap_get_node:205: TRY: 52
DEBUG: src/lcthw/hashmap.c:Hashmap_get_node:205: TRY: 53
DEBUG: src/lcthw/hashmap.c:Hashmap_get_node:205: TRY: 54
DEBUG: src/lcthw/hashmap.c:Hashmap_get_node:205: TRY: 55
DEBUG: src/lcthw/hashmap.c:Hashmap_get_node:205: TRY: 56
DEBUG: src/lcthw/hashmap.c:Hashmap_get_node:205: TRY: 57
DEBUG: src/lcthw/hashmap.c:Hashmap_get_node:205: TRY: 58
DEBUG: src/lcthw/hashmap.c:Hashmap_get_node:205: TRY: 59
DEBUG: src/lcthw/hashmap.c:Hashmap_get_node:205: TRY: 60
DEBUG: src/lcthw/hashmap.c:Hashmap_get_node:205: TRY: 61
DEBUG: src/lcthw/hashmap.c:Hashmap_get_node:205: TRY: 62
DEBUG: src/lcthw/hashmap.c:Hashmap_get_node:205: TRY: 63
DEBUG: src/lcthw/hashmap.c:Hashmap_get_node:205: TRY: 64
DEBUG: src/lcthw/hashmap.c:Hashmap_get_node:205: TRY: 65
DEBUG: src/lcthw/hashmap.c:Hashmap_get_node:205: TRY: 66
DEBUG: src/lcthw/hashmap.c:Hashmap_get_node:205: TRY: 67
DEBUG: src/lcthw/hashmap.c:Hashmap_get_node:205: TRY: 68
DEBUG: src/lcthw/hashmap.c:Hashmap_get_node:205: TRY: 69
DEBUG: src/lcthw/hashmap.c:Hashmap_get_node:205: TRY: 70
DEBUG: src/lcthw/hashmap.c:Hashmap_get_node:205: TRY: 71
DEBUG: src/lcthw/hashmap.c:Hashmap_get_node:205: TRY: 72
DEBUG: src/lcthw/hashmap.c:Hashmap_get_node:205: TRY: 73
DEBUG: src/lcthw/hashmap.c:Hashmap_get_node:205: TRY: 74
DEBUG: src/lcthw/hashmap.c:Hashmap_get_node:205: TRY: 75
DEBUG: src/lcthw/hashmap.c:Hashmap_get_node:205: TRY: 76
DEBUG: src/lcthw/hashmap.c:Hashmap_get_node:205: TRY: 77
DEBUG: src/lcthw/hashmap.c:Hashmap_get_node:205: TRY: 78
DEBUG: src/lcthw/hashmap.c:Hashmap_get_node:205: TRY: 79
DEBUG: src/lcthw/hashmap.c:Hashmap_get_node:205: TRY: 0
DEBUG: src/lcthw/hashmap.c:Hashmap_get_node:205: TRY: 1
DEBUG: src/lcthw/hashmap.c:Hashmap_get_node:205: TRY: 2
DEBUG: src/lcthw/hashmap.c:Hashmap_get_node:205: TRY: 3
DEBUG: src/lcthw/hashmap.c:Hashmap_get_node:205: TRY: 4
DEBUG: src/lcthw/hashmap.c:Hashmap_get_node:205: TRY: 5
DEBUG: src/lcthw/hashmap.c:Hashmap_get_node:205: TRY: 6
DEBUG: src/lcthw/hashmap.c:Hashmap_get_node:205: TRY: 7
DEBUG: src/lcthw/hashmap.c:Hashmap_get_node:205: TRY: 8
DEBUG: src/lcthw/hashmap.c:Hashmap_get_node:205: TRY: 9
DEBUG: src/lcthw/hashmap.c:Hashmap_get_node:205: TRY: 10
DEBUG: src/lcthw/hashmap.c:Hashmap_get_node:205: TRY: 11
DEBUG: src/lcthw/hashmap.c:Hashmap_get_node:205: TRY: 12
DEBUG: src/lcthw/hashmap.c:Hashmap_get_node:205: TRY: 13
DEBUG: src/lcthw/hashmap.c:Hashmap_get_node:205: TRY: 14
DEBUG: src/lcthw/hashmap.c:Hashmap_get_node:205: TRY: 15
DEBUG: src/lcthw/hashmap.c:Hashmap_get_node:205: TRY: 16
DEBUG: src/lcthw/hashmap.c:Hashmap_get_node:205: TRY: 17
DEBUG: src/lcthw/hashmap.c:Hashmap_get_node:205: TRY: 18
DEBUG: src/lcthw/hashmap.c:Hashmap_get_node:205: TRY: 19
DEBUG: src/lcthw/hashmap.c:Hashmap_get_node:205: TRY: 20
DEBUG: src/lcthw/hashmap.c:Hashmap_get_node:205: TRY: 21
DEBUG: src/lcthw/hashmap.c:Hashmap_get_node:205: TRY: 22
DEBUG: src/lcthw/hashmap.c:Hashmap_get_node:205: TRY: 23
DEBUG: src/lcthw/hashmap.c:Hashmap_get_node:205: TRY: 24
DEBUG: src/lcthw/hashmap.c:Hashmap_get_node:205: TRY: 25
DEBUG: src/lcthw/hashmap.c:Hashmap_get_node:205: TRY: 26
DEBUG: src/lcthw/hashmap.c:Hashmap_get_node:205: TRY: 27
DEBUG: src/lcthw/hashmap.c:Hashmap_get_node:205: TRY: 28
DEBUG: src/lcthw/hashmap.c:Hashmap_get_node:205: TRY: 29
DEBUG: src/lcthw/hashmap.c:Hashmap_get_node:205: TRY: 30
DEBUG: src/lcthw/hashmap.c:Hashmap_get_node:205: TRY: 31
DEBUG: src/lcthw/hashmap.c:Hashmap_get_node:205: TRY: 32
DEBUG: src/lcthw/hashmap.c:Hashmap_get_node:205: TRY: 33
DEBUG: src/lcthw/hashmap.c:Hashmap_get_node:205: TRY: 34
DEBUG: src/lcthw/hashmap.c:Hashmap_get_node:205: TRY: 35
DEBUG: src/lcthw/hashmap.c:Hashmap_get_node:205: TRY: 36
DEBUG: src/lcthw/hashmap.c:Hashmap_get_node:205: TRY: 37
DEBUG: src/lcthw/hashmap.c:Hashmap_get_node:205: TRY: 38
DEBUG: src/lcthw/hashmap.c:Hashmap_get_node:205: TRY: 39
DEBUG: src/lcthw/hashmap.c:Hashmap_get_node:205: TRY: 40
DEBUG: src/lcthw/hashmap.c:Hashmap_get_node:205: TRY: 41
DEBUG: src/lcthw/hashmap.c:Hashmap_get_node:205: TRY: 42
DEBUG: src/lcthw/hashmap.c:Hashmap_get_node:205: TRY: 43
DEBUG: src/lcthw/hashmap.c:Hashmap_get_node:205: TRY: 44
DEBUG: src/lcthw/hashmap.c:Hashmap_get_node:205: TRY: 45
DEBUG: src/lcthw/hashmap.c:Hashmap_get_node:205: TRY: 46
DEBUG: src/lcthw/hashmap.c:Hashmap_get_node:205: TRY: 47
DEBUG: src/lcthw/hashmap.c:Hashmap_get_node:205: TRY: 48
DEBUG: src/lcthw/hashmap.c:Hashmap_get_node:205: TRY: 49
DEBUG: src/lcthw/hashmap.c:Hashmap_get_node:205: TRY: 50
DEBUG: src/lcthw/hashmap.c:Hashmap_get_node:205: TRY: 51
DEBUG: src/lcthw/hashmap.c:Hashmap_get_node:205: TRY: 52
DEBUG: src/lcthw/hashmap.c:Hashmap_get_node:205: TRY: 53
DEBUG: src/lcthw/hashmap.c:Hashmap_get_node:205: TRY: 54
DEBUG: src/lcthw/hashmap.c:Hashmap_get_node:205: TRY: 55
DEBUG: src/lcthw/hashmap.c:Hashmap_get_node:205: TRY: 56
DEBUG: src/lcthw/hashmap.c:Hashmap_get_node:205: TRY: 57
DEBUG: src/lcthw/hashmap.c:Hashmap_get_node:205: TRY: 58
DEBUG: src/lcthw/hashmap.c:Hashmap_get_node:205: TRY: 59
DEBUG: src/lcthw/hashmap.c:Hashmap_get_node:205: TRY: 60
DEBUG: src/lcthw/hashmap.c:Hashmap_get_node:205: TRY: 61
DEBUG: src/lcthw/hashmap.c:Hashmap_get_node:205: TRY: 62
DEBUG: src/lcthw/hashmap.c:Hashmap_get_node:205: TRY: 63
DEBUG: src/lcthw/hashmap.c:Hashmap_get_node:205: TRY: 64
DEBUG: src/lcthw/hashmap.c:Hashmap_get_node:205: TRY: 65
DEBUG: src/lcthw/hashmap.c:Hashmap_get_node:205: TRY: 66
DEBUG: src/lcthw/hashmap.c:Hashmap_get_node:205: TRY: 67
DEBUG: src/lcthw/hashmap.c:Hashmap_get_node:205: TRY: 68
DEBUG: src/lcthw/hashmap.c:Hashmap_get_node:205: TRY: 69
DEBUG: src/lcthw/hashmap.c:Hashmap_get_node:205: TRY: 70
DEBUG: src/lcthw/hashmap.c:Hashmap_get_node:205: TRY: 71
DEBUG: src/lcthw/hashmap.c:Hashmap_get_node:205: TRY: 72
DEBUG: src/lcthw/hashmap.c:Hashmap_get_node:205: TRY: 73
DEBUG: src/lcthw/hashmap.c:Hashmap_get_node:205: TRY: 0
DEBUG: src/lcthw/hashmap.c:Hashmap_get_node:205: TRY: 1
DEBUG: src/lcthw/hashmap.c:Hashmap_get_node:205: TRY: 2
DEBUG: src/lcthw/hashmap.c:Hashmap_get_node:205: TRY: 3
DEBUG: src/lcthw/hashmap.c:Hashmap_get_node:205: TRY: 4
DEBUG: src/lcthw/hashmap.c:Hashmap_get_node:205: TRY: 5
DEBUG: src/lcthw/hashmap.c:Hashmap_get_node:205: TRY: 6
DEBUG: src/lcthw/hashmap.c:Hashmap_get_node:205: TRY: 7
DEBUG: src/lcthw/hashmap.c:Hashmap_get_node:205: TRY: 8
DEBUG: src/lcthw/hashmap.c:Hashmap_get_node:205: TRY: 9
DEBUG: src/lcthw/hashmap.c:Hashmap_get_node:205: TRY: 10
DEBUG: src/lcthw/hashmap.c:Hashmap_get_node:205: TRY: 11
DEBUG: src/lcthw/hashmap.c:Hashmap_get_node:205: TRY: 12
DEBUG: src/lcthw/hashmap.c:Hashmap_get_node:205: TRY: 13
DEBUG: src/lcthw/hashmap.c:Hashmap_get_node:205: TRY: 14
DEBUG: src/lcthw/hashmap.c:Hashmap_get_node:205: TRY: 15
DEBUG: src/lcthw/hashmap.c:Hashmap_get_node:205: TRY: 16
DEBUG: src/lcthw/hashmap.c:Hashmap_get_node:205: TRY: 17
DEBUG: src/lcthw/hashmap.c:Hashmap_get_node:205: TRY: 18
DEBUG: src/lcthw/hashmap.c:Hashmap_get_node:205: TRY: 19
DEBUG: src/lcthw/hashmap.c:Hashmap_get_node:205: TRY: 20
DEBUG: src/lcthw/hashmap.c:Hashmap_get_node:205: TRY: 21
DEBUG: src/lcthw/hashmap.c:Hashmap_get_node:205: TRY: 22
DEBUG: src/lcthw/hashmap.c:Hashmap_get_node:205: TRY: 23
DEBUG: src/lcthw/hashmap.c:Hashmap_get_node:205: TRY: 24
DEBUG: src/lcthw/hashmap.c:Hashmap_get_node:205: TRY: 25
DEBUG: src/lcthw/hashmap.c:Hashmap_get_node:205: TRY: 26
DEBUG: src/lcthw/hashmap.c:Hashmap_get_node:205: TRY: 27
DEBUG: src/lcthw/hashmap.c:Hashmap_get_node:205: TRY: 28
DEBUG: src/lcthw/hashmap.c:Hashmap_get_node:205: TRY: 29
DEBUG: src/lcthw/hashmap.c:Hashmap_get_node:205: TRY: 30
DEBUG: src/lcthw/hashmap.c:Hashmap_get_node:205: TRY: 31
DEBUG: src/lcthw/hashmap.c:Hashmap_get_node:205: TRY: 32
DEBUG: src/lcthw/hashmap.c:Hashmap_get_node:205: TRY: 33
DEBUG: src/lcthw/hashmap.c:Hashmap_get_node:205: TRY: 34
DEBUG: src/lcthw/hashmap.c:Hashmap_get_node:205: TRY: 35
DEBUG: src/lcthw/hashmap.c:Hashmap_get_node:205: TRY: 36
DEBUG: src/lcthw/hashmap.c:Hashmap_get_node:205: TRY: 37
DEBUG: src/lcthw/hashmap.c:Hashmap_get_node:205: TRY: 38
DEBUG: src/lcthw/hashmap.c:Hashmap_get_node:205: TRY: 39
DEBUG: src/lcthw/hashmap.c:Hashmap_get_node:205: TRY: 40
DEBUG: src/lcthw/hashmap.c:Hashmap_get_node:205: TRY: 41
DEBUG: src/lcthw/hashmap.c:Hashmap_get_node:205: TRY: 42
DEBUG: src/lcthw/hashmap.c:Hashmap_get_node:205: TRY: 43
DEBUG: src/lcthw/hashmap.c:Hashmap_get_node:205: TRY: 44
DEBUG: src/lcthw/hashmap.c:Hashmap_get_node:205: TRY: 45
DEBUG: src/lcthw/hashmap.c:Hashmap_get_node:205: TRY: 46
DEBUG: src/lcthw/hashmap.c:Hashmap_get_node:205: TRY: 47
DEBUG: src/lcthw/hashmap.c:Hashmap_get_node:205: TRY: 48
DEBUG: src/lcthw/hashmap.c:Hashmap_get_node:205: TRY: 49
DEBUG: src/lcthw/hashmap.c:Hashmap_get_node:205: TRY: 50
DEBUG: src/lcthw/hashmap.c:Hashmap_get_node:205: TRY: 51
DEBUG: src/lcthw/hashmap.c:Hashmap_get_node:205: TRY: 52
DEBUG: src/lcthw/hashmap.c:Hashmap_get_node:205: TRY: 53
DEBUG: src/lcthw/hashmap.c:Hashmap_get_node:205: TRY: 54
DEBUG: src/lcthw/hashmap.c:Hashmap_get_node:205: TRY: 55
DEBUG: src/lcthw/hashmap.c:Hashmap_get_node:205: TRY: 56
DEBUG: src/lcthw/hashmap.c:Hashmap_get_node:205: TRY: 57
DEBUG: src/lcthw/hashmap.c:Hashmap_get_node:205: TRY: 58
DEBUG: src/lcthw/hashmap.c:Hashmap_get_node:205: TRY: 59
DEBUG: src/lcthw/hashmap.c:Hashmap_get_node:205: TRY: 60
DEBUG: src/lcthw/hashmap.c:Hashmap_get_node:205: TRY: 61
DEBUG: src/lcthw/hashmap.c:Hashmap_get_node:205: TRY: 62
DEBUG: src/lcthw/hashmap.c:Hashmap_get_node:205: TRY: 63
DEBUG: src/lcthw/hashmap.c:Hashmap_get_node:205: TRY: 64
DEBUG: src/lcthw/hashmap.c:Hashmap_get_node:205: TRY: 65
DEBUG: src/lcthw/hashmap.c:Hashmap_get_node:205: TRY: 66
DEBUG: src/lcthw/hashmap.c:Hashmap_get_node:205: TRY: 67
DEBUG: src/lcthw/hashmap.c:Hashmap_get_node:205: TRY: 68
DEBUG: src/lcthw/hashmap.c:Hashmap_get_node:205: TRY: 69
DEBUG: src/lcthw/hashmap.c:Hashmap_get_node:205: TRY: 70
DEBUG: src/lcthw/hashmap.c:Hashmap_get_node:205: TRY: 0
DEBUG: src/lcthw/hashmap.c:Hashmap_get_node:205: TRY: 1
DEBUG: src/lcthw/hashmap.c:Hashmap_get_node:205: TRY: 2
DEBUG: src/lcthw/hashmap.c:Hashmap_get_node:205: TRY: 3
DEBUG: src/lcthw/hashmap.c:Hashmap_get_node:205: TRY: 4
DEBUG: src/lcthw/hashmap.c:Hashmap_get_node:205: TRY: 5
DEBUG: src/lcthw/hashmap.c:Hashmap_get_node:205: TRY: 6
DEBUG: src/lcthw/hashmap.c:Hashmap_get_node:205: TRY: 7
DEBUG: src/lcthw/hashmap.c:Hashmap_get_node:205: TRY: 8
DEBUG: src/lcthw/hashmap.c:Hashmap_get_node:205: TRY: 9
DEBUG: src/lcthw/hashmap.c:Hashmap_get_node:205: TRY: 10
DEBUG: src/lcthw/hashmap.c:Hashmap_get_node:205: TRY: 11
DEBUG: src/lcthw/hashmap.c:Hashmap_get_node:205: TRY: 12
DEBUG: src/lcthw/hashmap.c:Hashmap_get_node:205: TRY: 13
DEBUG: src/lcthw/hashmap.c:Hashmap_get_node:205: TRY: 14
DEBUG: src/lcthw/hashmap.c:Hashmap_get_node:205: TRY: 15
DEBUG: src/lcthw/hashmap.c:Hashmap_get_node:205: TRY: 16
DEBUG: src/lcthw/hashmap.c:Hashmap_get_node:205: TRY: 17
DEBUG: src/lcthw/hashmap.c:Hashmap_get_node:205: TRY: 18
DEBUG: src/lcthw/hashmap.c:Hashmap_get_node:205: TRY: 19
DEBUG: src/lcthw/hashmap.c:Hashmap_get_node:205: TRY: 20
DEBUG: src/lcthw/hashmap.c:Hashmap_get_node:205: TRY: 21
DEBUG: src/lcthw/hashmap.c:Hashmap_get_node:205: TRY: 22
DEBUG: src/lcthw/hashmap.c:Hashmap_get_node:205: TRY: 23
DEBUG: src/lcthw/hashmap.c:Hashmap_get_node:205: TRY: 24
DEBUG: src/lcthw/hashmap.c:Hashmap_get_node:205: TRY: 25
DEBUG: src/lcthw/hashmap.c:Hashmap_get_node:205: TRY: 26
DEBUG: src/lcthw/hashmap.c:Hashmap_get_node:205: TRY: 27
DEBUG: src/lcthw/hashmap.c:Hashmap_get_node:205: TRY: 28
DEBUG: src/lcthw/hashmap.c:Hashmap_get_node:205: TRY: 29
DEBUG: src/lcthw/hashmap.c:Hashmap_get_node:205: TRY: 30
DEBUG: src/lcthw/hashmap.c:Hashmap_get_node:205: TRY: 31
DEBUG: src/lcthw/hashmap.c:Hashmap_get_node:205: TRY: 32
DEBUG: src/lcthw/hashmap.c:Hashmap_get_node:205: TRY: 33
DEBUG: src/lcthw/hashmap.c:Hashmap_get_node:205: TRY: 34
DEBUG: src/lcthw/hashmap.c:Hashmap_get_node:205: TRY: 35
DEBUG: src/lcthw/hashmap.c:Hashmap_get_node:205: TRY: 36
DEBUG: src/lcthw/hashmap.c:Hashmap_get_node:205: TRY: 37
DEBUG: src/lcthw/hashmap.c:Hashmap_get_node:205: TRY: 38
DEBUG: src/lcthw/hashmap.c:Hashmap_get_node:205: TRY: 39
DEBUG: src/lcthw/hashmap.c:Hashmap_get_node:205: TRY: 40
DEBUG: src/lcthw/hashmap.c:Hashmap_get_node:205: TRY: 41
DEBUG: src/lcthw/hashmap.c:Hashmap_get_node:205: TRY: 42
DEBUG: src/lcthw/hashmap.c:Hashmap_get_node:205: TRY: 43
DEBUG: src/lcthw/hashmap.c:Hashmap_get_node:205: TRY: 44
DEBUG: src/lcthw/hashmap.c:Hashmap_get_node:205: TRY: 45
DEBUG: src/lcthw/hashmap.c:Hashmap_get_node:205: TRY: 46
DEBUG: src/lcthw/hashmap.c:Hashmap_get_node:205: TRY: 47
DEBUG: src/lcthw/hashmap.c:Hashmap_get_node:205: TRY: 48
DEBUG: src/lcthw/hashmap.c:Hashmap_get_node:205: TRY: 49
DEBUG: src/lcthw/hashmap.c:Hashmap_get_node:205: TRY: 50
DEBUG: src/lcthw/hashmap.c:Hashmap_get_node:205: TRY: 51
DEBUG: src/lcthw/hashmap.c:Hashmap_get_node:205: TRY: 52
DEBUG: src/lcthw/hashmap.c:Hashmap_get_node:205: TRY: 53
DEBUG: src/lcthw/hashmap.c:Hashmap_get_node:205: TRY: 54
DEBUG: src/lcthw/hashmap.c:Hashmap_get_node:205: TRY: 55
DEBUG: src/lcthw/hashmap.c:Hashmap_get_node:205: TRY: 56
DEBUG: src/lcthw/hashmap.c:Hashmap_get_node:205: TRY: 57
DEBUG: src/lcthw/hashmap.c:Hashmap_get_node:205: TRY: 58
DEBUG: src/lcthw/hashmap.c:Hashmap_get_node:205: TRY: 59
DEBUG: src/lcthw/hashmap.c:Hashmap_get_node:205: TRY: 60
DEBUG: src/lcthw/hashmap.c:Hashmap_get_node:205: TRY: 61
DEBUG: src/lcthw/hashmap.c:Hashmap_get_node:205: TRY: 62
DEBUG: src/lcthw/hashmap.c:Hashmap_get_node:205: TRY: 63
DEBUG: src/lcthw/hashmap.c:Hashmap_get_node:205: TRY: 64
DEBUG: src/lcthw/hashmap.c:Hashmap_get_node:205: TRY: 65
DEBUG: src/lcthw/hashmap.c:Hashmap_get_node:205: TRY: 66
DEBUG: src/lcthw/hashmap.c:Hashmap_get_node:205: TRY: 67
DEBUG: src/lcthw/hashmap.c:Hashmap_get_node:205: TRY: 68
DEBUG: src/lcthw/hashmap.c:Hashmap_get_node:205: TRY: 69
DEBUG: src/lcthw/hashmap.c:Hashmap_get_node:205: TRY: 70
DEBUG: src/lcthw/hashmap.c:Hashmap_get_node:205: TRY: 71
DEBUG: src/lcthw/hashmap.c:Hashmap_get_node:205: TRY: 72
DEBUG: src/lcthw/hashmap.c:Hashmap_get_node:205: TRY: 73
DEBUG: src/lcthw/hashmap.c:Hashmap_get_node:205: TRY: 74
DEBUG: src/lcthw/hashmap.c:Hashmap_get_node:205: TRY: 75
DEBUG: src/lcthw/hashmap.c:Hashmap_get_node:205: TRY: 76
DEBUG: src/lcthw/hashmap.c:Hashmap_get_node:205: TRY: 77
DEBUG: src/lcthw/hashmap.c:Hashmap_get_node:205: TRY: 78
DEBUG: src/lcthw/hashmap.c:Hashmap_get_node:205: TRY: 0
DEBUG: src/lcthw/hashmap.c:Hashmap_get_node:205: TRY: 1
DEBUG: src/lcthw/hashmap.c:Hashmap_get_node:205: TRY: 2
DEBUG: src/lcthw/hashmap.c:Hashmap_get_node:205: TRY: 3
DEBUG: src/lcthw/hashmap.c:Hashmap_get_node:205: TRY: 4
DEBUG: src/lcthw/hashmap.c:Hashmap_get_node:205: TRY: 5
DEBUG: src/lcthw/hashmap.c:Hashmap_get_node:205: TRY: 6
DEBUG: src/lcthw/hashmap.c:Hashmap_get_node:205: TRY: 7
DEBUG: src/lcthw/hashmap.c:Hashmap_get_node:205: TRY: 8
DEBUG: src/lcthw/hashmap.c:Hashmap_get_node:205: TRY: 9
DEBUG: src/lcthw/hashmap.c:Hashmap_get_node:205: TRY: 10
DEBUG: src/lcthw/hashmap.c:Hashmap_get_node:205: TRY: 11
DEBUG: src/lcthw/hashmap.c:Hashmap_get_node:205: TRY: 12
DEBUG: src/lcthw/hashmap.c:Hashmap_get_node:205: TRY: 13
DEBUG: src/lcthw/hashmap.c:Hashmap_get_node:205: TRY: 14
DEBUG: src/lcthw/hashmap.c:Hashmap_get_node:205: TRY: 15
DEBUG: src/lcthw/hashmap.c:Hashmap_get_node:205: TRY: 16
DEBUG: src/lcthw/hashmap.c:Hashmap_get_node:205: TRY: 17
DEBUG: src/lcthw/hashmap.c:Hashmap_get_node:205: TRY: 18
DEBUG: src/lcthw/hashmap.c:Hashmap_get_node:205: TRY: 19
DEBUG: src/lcthw/hashmap.c:Hashmap_get_node:205: TRY: 20
DEBUG: src/lcthw/hashmap.c:Hashmap_get_node:205: TRY: 21
DEBUG: src/lcthw/hashmap.c:Hashmap_get_node:205: TRY: 22
DEBUG: src/lcthw/hashmap.c:Hashmap_get_node:205: TRY: 23
DEBUG: src/lcthw/hashmap.c:Hashmap_get_node:205: TRY: 24
DEBUG: src/lcthw/hashmap.c:Hashmap_get_node:205: TRY: 25
DEBUG: src/lcthw/hashmap.c:Hashmap_get_node:205: TRY: 26
DEBUG: src/lcthw/hashmap.c:Hashmap_get_node:205: TRY: 27
DEBUG: src/lcthw/hashmap.c:Hashmap_get_node:205: TRY: 28
DEBUG: src/lcthw/hashmap.c:Hashmap_get_node:205: TRY: 29
DEBUG: src/lcthw/hashmap.c:Hashmap_get_node:205: TRY: 30
DEBUG: src/lcthw/hashmap.c:Hashmap_get_node:205: TRY: 31
DEBUG: src/lcthw/hashmap.c:Hashmap_get_node:205: TRY: 32
DEBUG: src/lcthw/hashmap.c:Hashmap_get_node:205: TRY: 33
DEBUG: src/lcthw/hashmap.c:Hashmap_get_node:205: TRY: 34
DEBUG: src/lcthw/hashmap.c:Hashmap_get_node:205: TRY: 35
DEBUG: src/lcthw/hashmap.c:Hashmap_get_node:205: TRY: 36
DEBUG: src/lcthw/hashmap.c:Hashmap_get_node:205: TRY: 37
DEBUG: src/lcthw/hashmap.c:Hashmap_get_node:205: TRY: 38
DEBUG: src/lcthw/hashmap.c:Hashmap_get_node:205: TRY: 39
DEBUG: src/lcthw/hashmap.c:Hashmap_get_node:205: TRY: 40
DEBUG: src/lcthw/hashmap.c:Hashmap_get_node:205: TRY: 41
DEBUG: src/lcthw/hashmap.c:Hashmap_get_node:205: TRY: 42
DEBUG: src/lcthw/hashmap.c:Hashmap_get_node:205: TRY: 43
DEBUG: src/lcthw/hashmap.c:Hashmap_get_node:205: TRY: 44
DEBUG: src/lcthw/hashmap.c:Hashmap_get_node:205: TRY: 45
DEBUG: src/lcthw/hashmap.c:Hashmap_get_node:205: TRY: 46
DEBUG: src/lcthw/hashmap.c:Hashmap_get_node:205: TRY: 47
DEBUG: src/lcthw/hashmap.c:Hashmap_get_node:205: TRY: 48
DEBUG: src/lcthw/hashmap.c:Hashmap_get_node:205: TRY: 49
DEBUG: src/lcthw/hashmap.c:Hashmap_get_node:205: TRY: 50
DEBUG: src/lcthw/hashmap.c:Hashmap_get_node:205: TRY: 51
DEBUG: src/lcthw/hashmap.c:Hashmap_get_node:205: TRY: 52
DEBUG: src/lcthw/hashmap.c:Hashmap_get_node:205: TRY: 53
DEBUG: src/lcthw/hashmap.c:Hashmap_get_node:205: TRY: 54
DEBUG: src/lcthw/hashmap.c:Hashmap_get_node:205: TRY: 55
DEBUG: src/lcthw/hashmap.c:Hashmap_get_node:205: TRY: 56
DEBUG: src/lcthw/hashmap.c:Hashmap_get_node:205: TRY: 57
DEBUG: src/lcthw/hashmap.c:Hashmap_get_node:205: TRY: 58
DEBUG: src/lcthw/hashmap.c:Hashmap_get_node:205: TRY: 59
DEBUG: src/lcthw/hashmap.c:Hashmap_get_node:205: TRY: 60
DEBUG: src/lcthw/hashmap.c:Hashmap_get_node:205: TRY: 61
DEBUG: src/lcthw/hashmap.c:Hashmap_get_node:205: TRY: 62
DEBUG: src/lcthw/hashmap.c:Hashmap_get_node:205: TRY: 63
DEBUG: src/lcthw/hashmap.c:Hashmap_get_node:205: TRY: 64
DEBUG: src/lcthw/hashmap.c:Hashmap_get_node:205: TRY: 65
DEBUG: src/lcthw/hashmap.c:Hashmap_get_node:205: TRY: 66
DEBUG: src/lcthw/hashmap.c:Hashmap_get_node:205: TRY: 67
DEBUG: src/lcthw/hashmap.c:Hashmap_get_node:205: TRY: 68
DEBUG: src/lcthw/hashmap.c:Hashmap_get_node:205: TRY: 69
DEBUG: src/lcthw/hashmap.c:Hashmap_get_node:205: TRY: 70
DEBUG: src/lcthw/hashmap.c:Hashmap_get_node:205: TRY: 71
DEBUG: src/lcthw/hashmap.c:Hashmap_get_node:205: TRY: 72
DEBUG: src/lcthw/hashmap.c:Hashmap_get_node:205: TRY: 0
DEBUG: src/lcthw/hashmap.c:Hashmap_get_node:205: TRY: 1
DEBUG: src/lcthw/hashmap.c:Hashmap_get_node:205: TRY: 2
DEBUG: src/lcthw/hashmap.c:Hashmap_get_node:205: TRY: 3
DEBUG: src/lcthw/hashmap.c:Hashmap_get_node:205: TRY: 4
DEBUG: src/lcthw/hashmap.c:Hashmap_get_node:205: TRY: 5
DEBUG: src/lcthw/hashmap.c:Hashmap_get_node:205: TRY: 6
DEBUG: src/lcthw/hashmap.c:Hashmap_get_node:205: TRY: 7
DEBUG: src/lcthw/hashmap.c:Hashmap_get_node:205: TRY: 8
DEBUG: src/lcthw/hashmap.c:Hashmap_get_node:205: TRY: 9
DEBUG: src/lcthw/hashmap.c:Hashmap_get_node:205: TRY: 10
DEBUG: src/lcthw/hashmap.c:Hashmap_get_node:205: TRY: 11
DEBUG: src/lcthw/hashmap.c:Hashmap_get_node:205: TRY: 12
DEBUG: src/lcthw/hashmap.c:Hashmap_get_node:205: TRY: 13
DEBUG: src/lcthw/hashmap.c:Hashmap_get_node:205: TRY: 14
DEBUG: src/lcthw/hashmap.c:Hashmap_get_node:205: TRY: 15
DEBUG: src/lcthw/hashmap.c:Hashmap_get_node:205: TRY: 16
DEBUG: src/lcthw/hashmap.c:Hashmap_get_node:205: TRY: 17
DEBUG: src/lcthw/hashmap.c:Hashmap_get_node:205: TRY: 18
DEBUG: src/lcthw/hashmap.c:Hashmap_get_node:205: TRY: 19
DEBUG: src/lcthw/hashmap.c:Hashmap_get_node:205: TRY: 20
DEBUG: src/lcthw/hashmap.c:Hashmap_get_node:205: TRY: 21
DEBUG: src/lcthw/hashmap.c:Hashmap_get_node:205: TRY: 22
DEBUG: src/lcthw/hashmap.c:Hashmap_get_node:205: TRY: 23
DEBUG: src/lcthw/hashmap.c:Hashmap_get_node:205: TRY: 24
DEBUG: src/lcthw/hashmap.c:Hashmap_get_node:205: TRY: 25
DEBUG: src/lcthw/hashmap.c:Hashmap_get_node:205: TRY: 26
DEBUG: src/lcthw/hashmap.c:Hashmap_get_node:205: TRY: 27
DEBUG: src/lcthw/hashmap.c:Hashmap_get_node:205: TRY: 28
DEBUG: src/lcthw/hashmap.c:Hashmap_get_node:205: TRY: 29
DEBUG: src/lcthw/hashmap.c:Hashmap_get_node:205: TRY: 30
DEBUG: src/lcthw/hashmap.c:Hashmap_get_node:205: TRY: 31
DEBUG: src/lcthw/hashmap.c:Hashmap_get_node:205: TRY: 32
DEBUG: src/lcthw/hashmap.c:Hashmap_get_node:205: TRY: 33
DEBUG: src/lcthw/hashmap.c:Hashmap_get_node:205: TRY: 34
DEBUG: src/lcthw/hashmap.c:Hashmap_get_node:205: TRY: 35
DEBUG: src/lcthw/hashmap.c:Hashmap_get_node:205: TRY: 36
DEBUG: src/lcthw/hashmap.c:Hashmap_get_node:205: TRY: 37
DEBUG: src/lcthw/hashmap.c:Hashmap_get_node:205: TRY: 38
DEBUG: src/lcthw/hashmap.c:Hashmap_get_node:205: TRY: 39
DEBUG: src/lcthw/hashmap.c:Hashmap_get_node:205: TRY: 40
DEBUG: src/lcthw/hashmap.c:Hashmap_get_node:205: TRY: 41
DEBUG: src/lcthw/hashmap.c:Hashmap_get_node:205: TRY: 42
DEBUG: src/lcthw/hashmap.c:Hashmap_get_node:205: TRY: 43
DEBUG: src/lcthw/hashmap.c:Hashmap_get_node:205: TRY: 44
DEBUG: src/lcthw/hashmap.c:Hashmap_get_node:205: TRY: 45
DEBUG: src/lcthw/hashmap.c:Hashmap_get_node:205: TRY: 46
DEBUG: src/lcthw/hashmap.c:Hashmap_get_node:205: TRY: 47
DEBUG: src/lcthw/hashmap.c:Hashmap_get_node:205: TRY: 48
DEBUG: src/lcthw/hashmap.c:Hashmap_get_node:205: TRY: 49
DEBUG: src/lcthw/hashmap.c:Hashmap_get_node:205: TRY: 50
DEBUG: src/lcthw/hashmap.c:Hashmap_get_node:205: TRY: 51
DEBUG: src/lcthw/hashmap.c:Hashmap_get_node:205: TRY: 52
DEBUG: src/lcthw/hashmap.c:Hashmap_get_node:205: TRY: 53
DEBUG: src/lcthw/hashmap.c:Hashmap_get_node:205: TRY: 54
DEBUG: src/lcthw/hashmap.c:Hashmap_get_node:205: TRY: 55
DEBUG: src/lcthw/hashmap.c:Hashmap_get_node:205: TRY: 56
DEBUG: src/lcthw/hashmap.c:Hashmap_get_node:205: TRY: 57
DEBUG: src/lcthw/hashmap.c:Hashmap_get_node:205: TRY: 58
DEBUG: src/lcthw/hashmap.c:Hashmap_get_node:205: TRY: 59
DEBUG: src/lcthw/hashmap.c:Hashmap_get_node:205: TRY: 60
DEBUG: src/lcthw/hashmap.c:Hashmap_get_node:205: TRY: 61
DEBUG: src/lcthw/hashmap.c:Hashmap_get_node:205: TRY: 62
DEBUG: src/lcthw/hashmap.c:Hashmap_get_node:205: TRY: 63
DEBUG: src/lcthw/hashmap.c:Hashmap_get_node:205: TRY: 64
DEBUG: src/lcthw/hashmap.c:Hashmap_get_node:205: TRY: 65
DEBUG: src/lcthw/hashmap.c:Hashmap_get_node:205: TRY: 66
DEBUG: src/lcthw/hashmap.c:Hashmap_get_node:205: TRY: 67
DEBUG: src/lcthw/hashmap.c:Hashmap_get_node:205: TRY: 68
DEBUG: src/lcthw/hashmap.c:Hashmap_get_node:205: TRY: 69
DEBUG: src/lcthw/hashmap.c:Hashmap_get_node:205: TRY: 70
DEBUG: src/lcthw/hashmap.c:Hashmap_get_node:205: TRY: 71
DEBUG: src/lcthw/hashmap.c:Hashmap_get_node:205: TRY: 72
DEBUG: src/lcthw/hashmap.c:Hashmap_get_node:205: TRY: 73
DEBUG: src/lcthw/hashmap.c:Hashmap_get_node:205: TRY: 74
DEBUG: src/lcthw/hashmap.c:Hashmap_get_node:205: TRY: 75
DEBUG: src/lcthw/hashmap.c:Hashmap_get_node:205: TRY: 76
DEBUG: src/lcthw/hashmap.c:Hashmap_get_node:205: TRY: 77
DEBUG: src/lcthw/hashmap.c:Hashmap_get_node:205: TRY: 78
DEBUG: src/lcthw/hashmap.c:Hashmap_get_node:205: TRY: 79
DEBUG: src/lcthw/hashmap.c:Hashmap_get_node:205: TRY: 80
DEBUG: src/lcthw/hashmap.c:Hashmap_get_node:205: TRY: 0
DEBUG: src/lcthw/hashmap.c:Hashmap_get_node:205: TRY: 1
DEBUG: src/lcthw/hashmap.c:Hashmap_get_node:205: TRY: 2
DEBUG: src/lcthw/hashmap.c:Hashmap_get_node:205: TRY: 3
DEBUG: src/lcthw/hashmap.c:Hashmap_get_node:205: TRY: 4
DEBUG: src/lcthw/hashmap.c:Hashmap_get_node:205: TRY: 5
DEBUG: src/lcthw/hashmap.c:Hashmap_get_node:205: TRY: 6
DEBUG: src/lcthw/hashmap.c:Hashmap_get_node:205: TRY: 7
DEBUG: src/lcthw/hashmap.c:Hashmap_get_node:205: TRY: 8
DEBUG: src/lcthw/hashmap.c:Hashmap_get_node:205: TRY: 9
DEBUG: src/lcthw/hashmap.c:Hashmap_get_node:205: TRY: 10
DEBUG: src/lcthw/hashmap.c:Hashmap_get_node:205: TRY: 11
DEBUG: src/lcthw/hashmap.c:Hashmap_get_node:205: TRY: 12
DEBUG: src/lcthw/hashmap.c:Hashmap_get_node:205: TRY: 13
DEBUG: src/lcthw/hashmap.c:Hashmap_get_node:205: TRY: 14
DEBUG: src/lcthw/hashmap.c:Hashmap_get_node:205: TRY: 15
DEBUG: src/lcthw/hashmap.c:Hashmap_get_node:205: TRY: 16
DEBUG: src/lcthw/hashmap.c:Hashmap_get_node:205: TRY: 17
DEBUG: src/lcthw/hashmap.c:Hashmap_get_node:205: TRY: 18
DEBUG: src/lcthw/hashmap.c:Hashmap_get_node:205: TRY: 19
DEBUG: src/lcthw/hashmap.c:Hashmap_get_node:205: TRY: 20
DEBUG: src/lcthw/hashmap.c:Hashmap_get_node:205: TRY: 21
DEBUG: src/lcthw/hashmap.c:Hashmap_get_node:205: TRY: 22
DEBUG: src/lcthw/hashmap.c:Hashmap_get_node:205: TRY: 23
DEBUG: src/lcthw/hashmap.c:Hashmap_get_node:205: TRY: 24
DEBUG: src/lcthw/hashmap.c:Hashmap_get_node:205: TRY: 25
DEBUG: src/lcthw/hashmap.c:Hashmap_get_node:205: TRY: 26
DEBUG: src/lcthw/hashmap.c:Hashmap_get_node:205: TRY: 27
DEBUG: src/lcthw/hashmap.c:Hashmap_get_node:205: TRY: 28
DEBUG: src/lcthw/hashmap.c:Hashmap_get_node:205: TRY: 29
DEBUG: src/lcthw/hashmap.c:Hashmap_get_node:205: TRY: 30
DEBUG: src/lcthw/hashmap.c:Hashmap_get_node:205: TRY: 31
DEBUG: src/lcthw/hashmap.c:Hashmap_get_node:205: TRY: 32
DEBUG: src/lcthw/hashmap.c:Hashmap_get_node:205: TRY: 33
DEBUG: src/lcthw/hashmap.c:Hashmap_get_node:205: TRY: 34
DEBUG: src/lcthw/hashmap.c:Hashmap_get_node:205: TRY: 35
DEBUG: src/lcthw/hashmap.c:Hashmap_get_node:205: TRY: 36
DEBUG: src/lcthw/hashmap.c:Hashmap_get_node:205: TRY: 37
DEBUG: src/lcthw/hashmap.c:Hashmap_get_node:205: TRY: 38
DEBUG: src/lcthw/hashmap.c:Hashmap_get_node:205: TRY: 39
DEBUG: src/lcthw/hashmap.c:Hashmap_get_node:205: TRY: 40
DEBUG: src/lcthw/hashmap.c:Hashmap_get_node:205: TRY: 41
DEBUG: src/lcthw/hashmap.c:Hashmap_get_node:205: TRY: 42
DEBUG: src/lcthw/hashmap.c:Hashmap_get_node:205: TRY: 43
DEBUG: src/lcthw/hashmap.c:Hashmap_get_node:205: TRY: 44
DEBUG: src/lcthw/hashmap.c:Hashmap_get_node:205: TRY: 45
DEBUG: src/lcthw/hashmap.c:Hashmap_get_node:205: TRY: 46
DEBUG: src/lcthw/hashmap.c:Hashmap_get_node:205: TRY: 47
DEBUG: src/lcthw/hashmap.c:Hashmap_get_node:205: TRY: 48
DEBUG: src/lcthw/hashmap.c:Hashmap_get_node:205: TRY: 49
DEBUG: src/lcthw/hashmap.c:Hashmap_get_node:205: TRY: 50
DEBUG: src/lcthw/hashmap.c:Hashmap_get_node:205: TRY: 51
DEBUG: src/lcthw/hashmap.c:Hashmap_get_node:205: TRY: 52
DEBUG: src/lcthw/hashmap.c:Hashmap_get_node:205: TRY: 53
DEBUG: src/lcthw/hashmap.c:Hashmap_get_node:205: TRY: 54
DEBUG: src/lcthw/hashmap.c:Hashmap_get_node:205: TRY: 55
DEBUG: src/lcthw/hashmap.c:Hashmap_get_node:205: TRY: 56
DEBUG: src/lcthw/hashmap.c:Hashmap_get_node:205: TRY: 57
DEBUG: src/lcthw/hashmap.c:Hashmap_get_node:205: TRY: 58
DEBUG: src/lcthw/hashmap.c:Hashmap_get_node:205: TRY: 59
DEBUG: src/lcthw/hashmap.c:Hashmap_get_node:205: TRY: 60
DEBUG: src/lcthw/hashmap.c:Hashmap_get_node:205: TRY: 61
DEBUG: src/lcthw/hashmap.c:Hashmap_get_node:205: TRY: 62
DEBUG: src/lcthw/hashmap.c:Hashmap_get_node:205: TRY: 63
DEBUG: src/lcthw/hashmap.c:Hashmap_get_node:205: TRY: 64
DEBUG: src/lcthw/hashmap.c:Hashmap_get_node:205: TRY: 65
DEBUG: src/lcthw/hashmap.c:Hashmap_get_node:205: TRY: 66
DEBUG: src/lcthw/hashmap.c:Hashmap_get_node:205: TRY: 67
DEBUG: src/lcthw/hashmap.c:Hashmap_get_node:205: TRY: 68
DEBUG: src/lcthw/hashmap.c:Hashmap_get_node:205: TRY: 69
DEBUG: src/lcthw/hashmap.c:Hashmap_get_node:205: TRY: 70
DEBUG: src/lcthw/hashmap.c:Hashmap_get_node:205: TRY: 71
DEBUG: src/lcthw/hashmap.c:Hashmap_get_node:205: TRY: 0
DEBUG: src/lcthw/hashmap.c:Hashmap_get_node:205: TRY: 1
DEBUG: src/lcthw/hashmap.c:Hashmap_get_node:205: TRY: 2
DEBUG: src/lcthw/hashmap.c:Hashmap_get_node:205: TRY: 3
DEBUG: src/lcthw/hashmap.c:Hashmap_get_node:205: TRY: 4
DEBUG: src/lcthw/hashmap.c:Hashmap_get_node:205: TRY: 5
DEBUG: src/lcthw/hashmap.c:Hashmap_get_node:205: TRY: 6
DEBUG: src/lcthw/hashmap.c:Hashmap_get_node:205: TRY: 7
DEBUG: src/lcthw/hashmap.c:Hashmap_get_node:205: TRY: 8
DEBUG: src/lcthw/hashmap.c:Hashmap_get_node:205: TRY: 9
DEBUG: src/lcthw/hashmap.c:Hashmap_get_node:205: TRY: 10
DEBUG: src/lcthw/hashmap.c:Hashmap_get_node:205: TRY: 11
DEBUG: src/lcthw/hashmap.c:Hashmap_get_node:205: TRY: 12
DEBUG: src/lcthw/hashmap.c:Hashmap_get_node:205: TRY: 13
DEBUG: src/lcthw/hashmap.c:Hashmap_get_node:205: TRY: 14
DEBUG: src/lcthw/hashmap.c:Hashmap_get_node:205: TRY: 15
DEBUG: src/lcthw/hashmap.c:Hashmap_get_node:205: TRY: 16
DEBUG: src/lcthw/hashmap.c:Hashmap_get_node:205: TRY: 17
DEBUG: src/lcthw/hashmap.c:Hashmap_get_node:205: TRY: 18
DEBUG: src/lcthw/hashmap.c:Hashmap_get_node:205: TRY: 19
DEBUG: src/lcthw/hashmap.c:Hashmap_get_node:205: TRY: 20
DEBUG: src/lcthw/hashmap.c:Hashmap_get_node:205: TRY: 21
DEBUG: src/lcthw/hashmap.c:Hashmap_get_node:205: TRY: 22
DEBUG: src/lcthw/hashmap.c:Hashmap_get_node:205: TRY: 23
DEBUG: src/lcthw/hashmap.c:Hashmap_get_node:205: TRY: 24
DEBUG: src/lcthw/hashmap.c:Hashmap_get_node:205: TRY: 25
DEBUG: src/lcthw/hashmap.c:Hashmap_get_node:205: TRY: 26
DEBUG: src/lcthw/hashmap.c:Hashmap_get_node:205: TRY: 27
DEBUG: src/lcthw/hashmap.c:Hashmap_get_node:205: TRY: 28
DEBUG: src/lcthw/hashmap.c:Hashmap_get_node:205: TRY: 29
DEBUG: src/lcthw/hashmap.c:Hashmap_get_node:205: TRY: 30
DEBUG: src/lcthw/hashmap.c:Hashmap_get_node:205: TRY: 31
DEBUG: src/lcthw/hashmap.c:Hashmap_get_node:205: TRY: 32
DEBUG: src/lcthw/hashmap.c:Hashmap_get_node:205: TRY: 33
DEBUG: src/lcthw/hashmap.c:Hashmap_get_node:205: TRY: 34
DEBUG: src/lcthw/hashmap.c:Hashmap_get_node:205: TRY: 35
DEBUG: src/lcthw/hashmap.c:Hashmap_get_node:205: TRY: 36
DEBUG: src/lcthw/hashmap.c:Hashmap_get_node:205: TRY: 37
DEBUG: src/lcthw/hashmap.c:Hashmap_get_node:205: TRY: 38
DEBUG: src/lcthw/hashmap.c:Hashmap_get_node:205: TRY: 39
DEBUG: src/lcthw/hashmap.c:Hashmap_get_node:205: TRY: 40
DEBUG: src/lcthw/hashmap.c:Hashmap_get_node:205: TRY: 41
DEBUG: src/lcthw/hashmap.c:Hashmap_get_node:205: TRY: 42
DEBUG: src/lcthw/hashmap.c:Hashmap_get_node:205: TRY: 43
DEBUG: src/lcthw/hashmap.c:Hashmap_get_node:205: TRY: 44
DEBUG: src/lcthw/hashmap.c:Hashmap_get_node:205: TRY: 45
DEBUG: src/lcthw/hashmap.c:Hashmap_get_node:205: TRY: 46
DEBUG: src/lcthw/hashmap.c:Hashmap_get_node:205: TRY: 47
DEBUG: src/lcthw/hashmap.c:Hashmap_get_node:205: TRY: 48
DEBUG: src/lcthw/hashmap.c:Hashmap_get_node:205: TRY: 49
DEBUG: src/lcthw/hashmap.c:Hashmap_get_node:205: TRY: 50
DEBUG: src/lcthw/hashmap.c:Hashmap_get_node:205: TRY: 51
DEBUG: src/lcthw/hashmap.c:Hashmap_get_node:205: TRY: 52
DEBUG: src/lcthw/hashmap.c:Hashmap_get_node:205: TRY: 53
DEBUG: src/lcthw/hashmap.c:Hashmap_get_node:205: TRY: 54
DEBUG: src/lcthw/hashmap.c:Hashmap_get_node:205: TRY: 55
DEBUG: src/lcthw/hashmap.c:Hashmap_get_node:205: TRY: 56
DEBUG: src/lcthw/hashmap.c:Hashmap_get_node:205: TRY: 57
DEBUG: src/lcthw/hashmap.c:Hashmap_get_node:205: TRY: 58
DEBUG: src/lcthw/hashmap.c:Hashmap_get_node:205: TRY: 59
DEBUG: src/lcthw/hashmap.c:Hashmap_get_node:205: TRY: 60
DEBUG: src/lcthw/hashmap.c:Hashmap_get_node:205: TRY: 61
DEBUG: src/lcthw/hashmap.c:Hashmap_get_node:205: TRY: 62
DEBUG: src/lcthw/hashmap.c:Hashmap_get_node:205: TRY: 63
DEBUG: src/lcthw/hashmap.c:Hashmap_get_node:205: TRY: 64
DEBUG: src/lcthw/hashmap.c:Hashmap_get_node:205: TRY: 65
DEBUG: src/lcthw/hashmap.c:Hashmap_get_node:205: TRY: 66
DEBUG: src/lcthw/hashmap.c:Hashmap_get_node:205: TRY: 67
DEBUG: src/lcthw/hashmap.c:Hashmap_get_node:205: TRY: 68
DEBUG: src/lcthw/hashmap.c:Hashmap_get_node:205: TRY: 69
DEBUG: src/lcthw/hashmap.c:Hashmap_get_node:205: TRY: 70
DEBUG: src/lcthw/hashmap.c:Hashmap_get_node:205: TRY: 71
DEBUG: src/lcthw/hashmap.c:Hashmap_get_node:205: TRY: 72
DEBUG: src/lcthw/hashmap.c:Hashmap_get_node:205: TRY: 73
DEBUG: src/lcthw/hashmap.c:Hashmap_get_node:205: TRY: 74
DEBUG: src/lcthw/hashmap.c:Hashmap_get_node:205: TRY: 75
DEBUG: src/lcthw/hashmap.c:Hashmap_get_node:205: TRY: 76
DEBUG: src/lcthw/hashmap.c:Hashmap_get_node:205: TRY: 77
DEBUG: src/lcthw/hashmap.c:Hashmap_get_node:205: TRY: 78
DEBUG: src/lcthw/hashmap.c:Hashmap_get_node:205: TRY: 79
DEBUG: src/lcthw/hashmap.c:Hashmap_get_node:205: TRY: 0
DEBUG: src/lcthw/hashmap.c:Hashmap_get_node:205: TRY: 1
DEBUG: src/lcthw/hashmap.c:Hashmap_get_node:205: TRY: 2
DEBUG: src/lcthw/hashmap.c:Hashmap_get_node:205: TRY: 3
DEBUG: src/lcthw/hashmap.c:Hashmap_get_node:205: TRY: 4
DEBUG: src/lcthw/hashmap.c:Hashmap_get_node:205: TRY: 5
DEBUG: src/lcthw/hashmap.c:Hashmap_get_node:205: TRY: 6
DEBUG: src/lcthw/hashmap.c:Hashmap_get_node:205: TRY: 7
DEBUG: src/lcthw/hashmap.c:Hashmap_get_node:205: TRY: 8
DEBUG: src/lcthw/hashmap.c:Hashmap_get_node:205: TRY: 9
DEBUG: src/lcthw/hashmap.c:Hashmap_get_node:205: TRY: 10
DEBUG: src/lcthw/hashmap.c:Hashmap_get_node:205: TRY: 11
DEBUG: src/lcthw/hashmap.c:Hashmap_get_node:205: TRY: 12
DEBUG: src/lcthw/hashmap.c:Hashmap_get_node:205: TRY: 13
DEBUG: src/lcthw/hashmap.c:Hashmap_get_node:205: TRY: 14
DEBUG: src/lcthw/hashmap.c:Hashmap_get_node:205: TRY: 15
DEBUG: src/lcthw/hashmap.c:Hashmap_get_node:205: TRY: 16
DEBUG: src/lcthw/hashmap.c:Hashmap_get_node:205: TRY: 17
DEBUG: src/lcthw/hashmap.c:Hashmap_get_node:205: TRY: 18
DEBUG: src/lcthw/hashmap.c:Hashmap_get_node:205: TRY: 19
DEBUG: src/lcthw/hashmap.c:Hashmap_get_node:205: TRY: 20
DEBUG: src/lcthw/hashmap.c:Hashmap_get_node:205: TRY: 21
DEBUG: src/lcthw/hashmap.c:Hashmap_get_node:205: TRY: 22
DEBUG: src/lcthw/hashmap.c:Hashmap_get_node:205: TRY: 23
DEBUG: src/lcthw/hashmap.c:Hashmap_get_node:205: TRY: 24
DEBUG: src/lcthw/hashmap.c:Hashmap_get_node:205: TRY: 25
DEBUG: src/lcthw/hashmap.c:Hashmap_get_node:205: TRY: 26
DEBUG: src/lcthw/hashmap.c:Hashmap_get_node:205: TRY: 27
DEBUG: src/lcthw/hashmap.c:Hashmap_get_node:205: TRY: 28
DEBUG: src/lcthw/hashmap.c:Hashmap_get_node:205: TRY: 29
DEBUG: src/lcthw/hashmap.c:Hashmap_get_node:205: TRY: 30
DEBUG: src/lcthw/hashmap.c:Hashmap_get_node:205: TRY: 31
DEBUG: src/lcthw/hashmap.c:Hashmap_get_node:205: TRY: 32
DEBUG: src/lcthw/hashmap.c:Hashmap_get_node:205: TRY: 33
DEBUG: src/lcthw/hashmap.c:Hashmap_get_node:205: TRY: 34
DEBUG: src/lcthw/hashmap.c:Hashmap_get_node:205: TRY: 35
DEBUG: src/lcthw/hashmap.c:Hashmap_get_node:205: TRY: 36
DEBUG: src/lcthw/hashmap.c:Hashmap_get_node:205: TRY: 37
DEBUG: src/lcthw/hashmap.c:Hashmap_get_node:205: TRY: 38
DEBUG: src/lcthw/hashmap.c:Hashmap_get_node:205: TRY: 39
DEBUG: src/lcthw/hashmap.c:Hashmap_get_node:205: TRY: 40
DEBUG: src/lcthw/hashmap.c:Hashmap_get_node:205: TRY: 41
DEBUG: src/lcthw/hashmap.c:Hashmap_get_node:205: TRY: 42
DEBUG: src/lcthw/hashmap.c:Hashmap_get_node:205: TRY: 43
DEBUG: src/lcthw/hashmap.c:Hashmap_get_node:205: TRY: 44
DEBUG: src/lcthw/hashmap.c:Hashmap_get_node:205: TRY: 45
DEBUG: src/lcthw/hashmap.c:Hashmap_get_node:205: TRY: 46
DEBUG: src/lcthw/hashmap.c:Hashmap_get_node:205: TRY: 47
DEBUG: src/lcthw/hashmap.c:Hashmap_get_node:205: TRY: 48
DEBUG: src/lcthw/hashmap.c:Hashmap_get_node:205: TRY: 49
DEBUG: src/lcthw/hashmap.c:Hashmap_get_node:205: TRY: 50
DEBUG: src/lcthw/hashmap.c:Hashmap_get_node:205: TRY: 51
DEBUG: src/lcthw/hashmap.c:Hashmap_get_node:205: TRY: 52
DEBUG: src/lcthw/hashmap.c:Hashmap_get_node:205: TRY: 53
DEBUG: src/lcthw/hashmap.c:Hashmap_get_node:205: TRY: 54
DEBUG: src/lcthw/hashmap.c:Hashmap_get_node:205: TRY: 55
DEBUG: src/lcthw/hashmap.c:Hashmap_get_node:205: TRY: 56
DEBUG: src/lcthw/hashmap.c:Hashmap_get_node:205: TRY: 57
DEBUG: src/lcthw/hashmap.c:Hashmap_get_node:205: TRY: 58
DEBUG: src/lcthw/hashmap.c:Hashmap_get_node:205: TRY: 59
DEBUG: src/lcthw/hashmap.c:Hashmap_get_node:205: TRY: 60
DEBUG: src/lcthw/hashmap.c:Hashmap_get_node:205: TRY: 61
DEBUG: src/lcthw/hashmap.c:Hashmap_get_node:205: TRY: 62
DEBUG: src/lcthw/hashmap.c:Hashmap_get_node:205: TRY: 63
DEBUG: src/lcthw/hashmap.c:Hashmap_get_node:205: TRY: 64
DEBUG: src/lcthw/hashmap.c:Hashmap_get_node:205: TRY: 65
DEBUG: src/lcthw/hashmap.c:Hashmap_get_node:205: TRY: 66
DEBUG: src/lcthw/hashmap.c:Hashmap_get_node:205: TRY: 67
DEBUG: src/lcthw/hashmap.c:Hashmap_get_node:205: TRY: 68
DEBUG: src/lcthw/hashmap.c:Hashmap_get_node:205: TRY: 69
DEBUG: src/lcthw/hashmap.c:Hashmap_get_node:205: TRY: 70
DEBUG: src/lcthw/hashmap.c:Hashmap_get_node:205: TRY: 71
DEBUG: src/lcthw/hashmap.c:Hashmap_get_node:205: TRY: 72
DEBUG: src/lcthw/hashmap.c:Hashmap_get_node:205: TRY: 73
DEBUG: src/lcthw/hashmap.c:Hashmap_get_node:205: TRY: 74
DEBUG: src/lcthw/hashmap.c:Hashmap_get_node:205: TRY: 0
DEBUG: src/lcthw/hashmap.c:Hashmap_get_node:205: TRY: 1
DEBUG: src/lcthw/hashmap.c:Hashmap_get_node:205: TRY: 2
DEBUG: src/lcthw/hashmap.c:Hashmap_get_node:205: TRY: 3
DEBUG: src/lcthw/hashmap.c:Hashmap_get_node:205: TRY: 4
DEBUG: src/lcthw/hashmap.c:Hashmap_get_node:205: TRY: 5
DEBUG: src/lcthw/hashmap.c:Hashmap_get_node:205: TRY: 6
DEBUG: src/lcthw/hashmap.c:Hashmap_get_node:205: TRY: 7
DEBUG: src/lcthw/hashmap.c:Hashmap_get_node:205: TRY: 8
DEBUG: src/lcthw/hashmap.c:Hashmap_get_node:205: TRY: 9
DEBUG: src/lcthw/hashmap.c:Hashmap_get_node:205: TRY: 10
DEBUG: src/lcthw/hashmap.c:Hashmap_get_node:205: TRY: 11
DEBUG: src/lcthw/hashmap.c:Hashmap_get_node:205: TRY: 12
DEBUG: src/lcthw/hashmap.c:Hashmap_get_node:205: TRY: 13
DEBUG: src/lcthw/hashmap.c:Hashmap_get_node:205: TRY: 14
DEBUG: src/lcthw/hashmap.c:Hashmap_get_node:205: TRY: 15
DEBUG: src/lcthw/hashmap.c:Hashmap_get_node:205: TRY: 16
DEBUG: src/lcthw/hashmap.c:Hashmap_get_node:205: TRY: 17
DEBUG: src/lcthw/hashmap.c:Hashmap_get_node:205: TRY: 18
DEBUG: src/lcthw/hashmap.c:Hashmap_get_node:205: TRY: 19
DEBUG: src/lcthw/hashmap.c:Hashmap_get_node:205: TRY: 20
DEBUG: src/lcthw/hashmap.c:Hashmap_get_node:205: TRY: 21
DEBUG: src/lcthw/hashmap.c:Hashmap_get_node:205: TRY: 22
DEBUG: src/lcthw/hashmap.c:Hashmap_get_node:205: TRY: 23
DEBUG: src/lcthw/hashmap.c:Hashmap_get_node:205: TRY: 24
DEBUG: src/lcthw/hashmap.c:Hashmap_get_node:205: TRY: 25
DEBUG: src/lcthw/hashmap.c:Hashmap_get_node:205: TRY: 26
DEBUG: src/lcthw/hashmap.c:Hashmap_get_node:205: TRY: 27
DEBUG: src/lcthw/hashmap.c:Hashmap_get_node:205: TRY: 28
DEBUG: src/lcthw/hashmap.c:Hashmap_get_node:205: TRY: 29
DEBUG: src/lcthw/hashmap.c:Hashmap_get_node:205: TRY: 30
DEBUG: src/lcthw/hashmap.c:Hashmap_get_node:205: TRY: 31
DEBUG: src/lcthw/hashmap.c:Hashmap_get_node:205: TRY: 32
DEBUG: src/lcthw/hashmap.c:Hashmap_get_node:205: TRY: 33
DEBUG: src/lcthw/hashmap.c:Hashmap_get_node:205: TRY: 34
DEBUG: src/lcthw/hashmap.c:Hashmap_get_node:205: TRY: 35
DEBUG: src/lcthw/hashmap.c:Hashmap_get_node:205: TRY: 36
DEBUG: src/lcthw/hashmap.c:Hashmap_get_node:205: TRY: 37
DEBUG: src/lcthw/hashmap.c:Hashmap_get_node:205: TRY: 38
DEBUG: src/lcthw/hashmap.c:Hashmap_get_node:205: TRY: 39
DEBUG: src/lcthw/hashmap.c:Hashmap_get_node:205: TRY: 40
DEBUG: src/lcthw/hashmap.c:Hashmap_get_node:205: TRY: 41
DEBUG: src/lcthw/hashmap.c:Hashmap_get_node:205: TRY: 42
DEBUG: src/lcthw/hashmap.c:Hashmap_get_node:205: TRY: 43
DEBUG: src/lcthw/hashmap.c:Hashmap_get_node:205: TRY: 44
DEBUG: src/lcthw/hashmap.c:Hashmap_get_node:205: TRY: 45
DEBUG: src/lcthw/hashmap.c:Hashmap_get_node:205: TRY: 46
DEBUG: src/lcthw/hashmap.c:Hashmap_get_node:205: TRY: 47
DEBUG: src/lcthw/hashmap.c:Hashmap_get_node:205: TRY: 48
DEBUG: src/lcthw/hashmap.c:Hashmap_get_node:205: TRY: 49
DEBUG: src/lcthw/hashmap.c:Hashmap_get_node:205: TRY: 50
DEBUG: src/lcthw/hashmap.c:Hashmap_get_node:205: TRY: 51
DEBUG: src/lcthw/hashmap.c:Hashmap_get_node:205: TRY: 52
DEBUG: src/lcthw/hashmap.c:Hashmap_get_node:205: TRY: 53
DEBUG: src/lcthw/hashmap.c:Hashmap_get_node:205: TRY: 54
DEBUG: src/lcthw/hashmap.c:Hashmap_get_node:205: TRY: 55
DEBUG: src/lcthw/hashmap.c:Hashmap_get_node:205: TRY: 56
DEBUG: src/lcthw/hashmap.c:Hashmap_get_node:205: TRY: 57
DEBUG: src/lcthw/hashmap.c:Hashmap_get_node:205: TRY: 58
DEBUG: src/lcthw/hashmap.c:Hashmap_get_node:205: TRY: 59
DEBUG: src/lcthw/hashmap.c:Hashmap_get_node:205: TRY: 60
DEBUG: src/lcthw/hashmap.c:Hashmap_get_node:205: TRY: 61
DEBUG: src/lcthw/hashmap.c:Hashmap_get_node:205: TRY: 62
DEBUG: src/lcthw/hashmap.c:Hashmap_get_node:205: TRY: 63
DEBUG: src/lcthw/hashmap.c:Hashmap_get_node:205: TRY: 64
DEBUG: src/lcthw/hashmap.c:Hashmap_get_node:205: TRY: 65
DEBUG: src/lcthw/hashmap.c:Hashmap_get_node:205: TRY: 66
DEBUG: src/lcthw/hashmap.c:Hashmap_get_node:205: TRY: 67
DEBUG: src/lcthw/hashmap.c:Hashmap_get_node:205: TRY: 68
DEBUG: src/lcthw/hashmap.c:Hashmap_get_node:205: TRY: 69
DEBUG: src/lcthw/hashmap.c:Hashmap_get_node:205: TRY: 70
DEBUG: src/lcthw/hashmap.c:Hashmap_get_node:205: TRY: 71
DEBUG: src/lcthw/hashmap.c:Hashmap_get_node:205: TRY: 72
DEBUG: src/lcthw/hashmap.c:Hashmap_get_node:205: TRY: 73
DEBUG: src/lcthw/hashmap.c:Hashmap_get_node:205: TRY: 74
DEBUG: src/lcthw/hashmap.c:Hashmap_get_node:205: TRY: 75
DEBUG: src/lcthw/hashmap.c:Hashmap_get_node:205: TRY: 76
DEBUG: src/lcthw/hashmap.c:Hashmap_get_node:205: TRY: 77
DEBUG: src/lcthw/hashmap.c:Hashmap_get_node:205: TRY: 78
DEBUG: src/lcthw/hashmap.c:Hashmap_get_node:205: TRY: 79
DEBUG: src/lcthw/hashmap.c:Hashmap_get_node:205: TRY: 80
DEBUG: src/lcthw/hashmap.c:Hashmap_get_node:205: TRY: 81
DEBUG: src/lcthw/hashmap.c:Hashmap_get_node:205: TRY: 82
DEBUG: src/lcthw/hashmap.c:Hashmap_get_node:205: TRY: 83
DEBUG: src/lcthw/hashmap.c:Hashmap_get_node:205: TRY: 84
DEBUG: src/lcthw/hashmap.c:Hashmap_get_node:205: TRY: 85
DEBUG: src/lcthw/hashmap.c:Hashmap_get_node:205: TRY: 86
DEBUG: src/lcthw/hashmap.c:Hashmap_get_node:205: TRY: 87
DEBUG: src/lcthw/hashmap.c:Hashmap_get_node:205: TRY: 88
DEBUG: src/lcthw/hashmap.c:Hashmap_get_node:205: TRY: 89
DEBUG: src/lcthw/hashmap.c:Hashmap_get_node:205: TRY: 90
DEBUG: src/lcthw/hashmap.c:Hashmap_get_node:205: TRY: 0
DEBUG: src/lcthw/hashmap.c:Hashmap_get_node:205: TRY: 1
DEBUG: src/lcthw/hashmap.c:Hashmap_get_node:205: TRY: 2
DEBUG: src/lcthw/hashmap.c:Hashmap_get_node:205: TRY: 3
DEBUG: src/lcthw/hashmap.c:Hashmap_get_node:205: TRY: 4
DEBUG: src/lcthw/hashmap.c:Hashmap_get_node:205: TRY: 5
DEBUG: src/lcthw/hashmap.c:Hashmap_get_node:205: TRY: 6
DEBUG: src/lcthw/hashmap.c:Hashmap_get_node:205: TRY: 7
DEBUG: src/lcthw/hashmap.c:Hashmap_get_node:205: TRY: 8
DEBUG: src/lcthw/hashmap.c:Hashmap_get_node:205: TRY: 9
DEBUG: src/lcthw/hashmap.c:Hashmap_get_node:205: TRY: 10
DEBUG: src/lcthw/hashmap.c:Hashmap_get_node:205: TRY: 11
DEBUG: src/lcthw/hashmap.c:Hashmap_get_node:205: TRY: 12
DEBUG: src/lcthw/hashmap.c:Hashmap_get_node:205: TRY: 13
DEBUG: src/lcthw/hashmap.c:Hashmap_get_node:205: TRY: 14
DEBUG: src/lcthw/hashmap.c:Hashmap_get_node:205: TRY: 15
DEBUG: src/lcthw/hashmap.c:Hashmap_get_node:205: TRY: 16
DEBUG: src/lcthw/hashmap.c:Hashmap_get_node:205: TRY: 17
DEBUG: src/lcthw/hashmap.c:Hashmap_get_node:205: TRY: 18
DEBUG: src/lcthw/hashmap.c:Hashmap_get_node:205: TRY: 19
DEBUG: src/lcthw/hashmap.c:Hashmap_get_node:205: TRY: 20
DEBUG: src/lcthw/hashmap.c:Hashmap_get_node:205: TRY: 21
DEBUG: src/lcthw/hashmap.c:Hashmap_get_node:205: TRY: 22
DEBUG: src/lcthw/hashmap.c:Hashmap_get_node:205: TRY: 23
DEBUG: src/lcthw/hashmap.c:Hashmap_get_node:205: TRY: 24
DEBUG: src/lcthw/hashmap.c:Hashmap_get_node:205: TRY: 25
DEBUG: src/lcthw/hashmap.c:Hashmap_get_node:205: TRY: 26
DEBUG: src/lcthw/hashmap.c:Hashmap_get_node:205: TRY: 27
DEBUG: src/lcthw/hashmap.c:Hashmap_get_node:205: TRY: 28
DEBUG: src/lcthw/hashmap.c:Hashmap_get_node:205: TRY: 29
DEBUG: src/lcthw/hashmap.c:Hashmap_get_node:205: TRY: 30
DEBUG: src/lcthw/hashmap.c:Hashmap_get_node:205: TRY: 31
DEBUG: src/lcthw/hashmap.c:Hashmap_get_node:205: TRY: 32
DEBUG: src/lcthw/hashmap.c:Hashmap_get_node:205: TRY: 33
DEBUG: src/lcthw/hashmap.c:Hashmap_get_node:205: TRY: 34
DEBUG: src/lcthw/hashmap.c:Hashmap_get_node:205: TRY: 35
DEBUG: src/lcthw/hashmap.c:Hashmap_get_node:205: TRY: 36
DEBUG: src/lcthw/hashmap.c:Hashmap_get_node:205: TRY: 37
DEBUG: src/lcthw/hashmap.c:Hashmap_get_node:205: TRY: 38
DEBUG: src/lcthw/hashmap.c:Hashmap_get_node:205: TRY: 39
DEBUG: src/lcthw/hashmap.c:Hashmap_get_node:205: TRY: 40
DEBUG: src/lcthw/hashmap.c:Hashmap_get_node:205: TRY: 41
DEBUG: src/lcthw/hashmap.c:Hashmap_get_node:205: TRY: 42
DEBUG: src/lcthw/hashmap.c:Hashmap_get_node:205: TRY: 43
DEBUG: src/lcthw/hashmap.c:Hashmap_get_node:205: TRY: 44
DEBUG: src/lcthw/hashmap.c:Hashmap_get_node:205: TRY: 45
DEBUG: src/lcthw/hashmap.c:Hashmap_get_node:205: TRY: 46
DEBUG: src/lcthw/hashmap.c:Hashmap_get_node:205: TRY: 47
DEBUG: src/lcthw/hashmap.c:Hashmap_get_node:205: TRY: 48
DEBUG: src/lcthw/hashmap.c:Hashmap_get_node:205: TRY: 49
DEBUG: src/lcthw/hashmap.c:Hashmap_get_node:205: TRY: 50
DEBUG: src/lcthw/hashmap.c:Hashmap_get_node:205: TRY: 51
DEBUG: src/lcthw/hashmap.c:Hashmap_get_node:205: TRY: 52
DEBUG: src/lcthw/hashmap.c:Hashmap_get_node:205: TRY: 53
DEBUG: src/lcthw/hashmap.c:Hashmap_get_node:205: TRY: 54
DEBUG: src/lcthw/hashmap.c:Hashmap_get_node:205: TRY: 55
DEBUG: src/lcthw/hashmap.c:Hashmap_get_node:205: TRY: 56
DEBUG: src/lcthw/hashmap.c:Hashmap_get_node:205: TRY: 57
DEBUG: src/lcthw/hashmap.c:Hashmap_get_node:205: TRY: 58
DEBUG: src/lcthw/hashmap.c:Hashmap_get_node:205: TRY: 59
DEBUG: src/lcthw/hashmap.c:Hashmap_get_node:205: TRY: 60
DEBUG: src/lcthw/hashmap.c:Hashmap_get_node:205: TRY: 61
DEBUG: src/lcthw/hashmap.c:Hashmap_get_node:205: TRY: 62
DEBUG: src/lcthw/hashmap.c:Hashmap_get_node:205: TRY: 63
DEBUG: src/lcthw/hashmap.c:Hashmap_get_node:205: TRY: 64
DEBUG: src/lcthw/hashmap.c:Hashmap_get_node:205: TRY: 65
DEBUG: src/lcthw/hashmap.c:Hashmap_get_node:205: TRY: 66
DEBUG: src/lcthw/hashmap.c:Hashmap_get_node:205: TRY: 67
DEBUG: src/lcthw/hashmap.c:Hashmap_get_node:205: TRY: 68
DEBUG: src/lcthw/hashmap.c:Hashmap_get_node:205: TRY: 69
DEBUG: src/lcthw/hashmap.c:Hashmap_get_node:205: TRY: 70
DEBUG: src/lcthw/hashmap.c:Hashmap_get_node:205: TRY: 71
DEBUG: src/lcthw/hashmap.c:Hashmap_get_node:205: TRY: 72
DEBUG: src/lcthw/hashmap.c:Hashmap_get_node:205: TRY: 73
DEBUG: src/lcthw/hashmap.c:Hashmap_get_node:205: TRY: 74
DEBUG: src/lcthw/hashmap.c:Hashmap_get_node:205: TRY: 0
DEBUG: src/lcthw/hashmap.c:Hashmap_get_node:205: TRY: 1
DEBUG: src/lcthw/hashmap.c:Hashmap_get_node:205: TRY: 2
DEBUG: src/lcthw/hashmap.c:Hashmap_get_node:205: TRY: 3
DEBUG: src/lcthw/hashmap.c:Hashmap_get_node:205: TRY: 4
DEBUG: src/lcthw/hashmap.c:Hashmap_get_node:205: TRY: 5
DEBUG: src/lcthw/hashmap.c:Hashmap_get_node:205: TRY: 6
DEBUG: src/lcthw/hashmap.c:Hashmap_get_node:205: TRY: 7
DEBUG: src/lcthw/hashmap.c:Hashmap_get_node:205: TRY: 8
DEBUG: src/lcthw/hashmap.c:Hashmap_get_node:205: TRY: 9
DEBUG: src/lcthw/hashmap.c:Hashmap_get_node:205: TRY: 10
DEBUG: src/lcthw/hashmap.c:Hashmap_get_node:205: TRY: 11
DEBUG: src/lcthw/hashmap.c:Hashmap_get_node:205: TRY: 12
DEBUG: src/lcthw/hashmap.c:Hashmap_get_node:205: TRY: 13
DEBUG: src/lcthw/hashmap.c:Hashmap_get_node:205: TRY: 14
DEBUG: src/lcthw/hashmap.c:Hashmap_get_node:205: TRY: 15
DEBUG: src/lcthw/hashmap.c:Hashmap_get_node:205: TRY: 16
DEBUG: src/lcthw/hashmap.c:Hashmap_get_node:205: TRY: 17
DEBUG: src/lcthw/hashmap.c:Hashmap_get_node:205: TRY: 18
DEBUG: src/lcthw/hashmap.c:Hashmap_get_node:205: TRY: 19
DEBUG: src/lcthw/hashmap.c:Hashmap_get_node:205: TRY: 20
DEBUG: src/lcthw/hashmap.c:Hashmap_get_node:205: TRY: 21
DEBUG: src/lcthw/hashmap.c:Hashmap_get_node:205: TRY: 22
DEBUG: src/lcthw/hashmap.c:Hashmap_get_node:205: TRY: 23
DEBUG: src/lcthw/hashmap.c:Hashmap_get_node:205: TRY: 24
DEBUG: src/lcthw/hashmap.c:Hashmap_get_node:205: TRY: 25
DEBUG: src/lcthw/hashmap.c:Hashmap_get_node:205: TRY: 26
DEBUG: src/lcthw/hashmap.c:Hashmap_get_node:205: TRY: 27
DEBUG: src/lcthw/hashmap.c:Hashmap_get_node:205: TRY: 28
DEBUG: src/lcthw/hashmap.c:Hashmap_get_node:205: TRY: 29
DEBUG: src/lcthw/hashmap.c:Hashmap_get_node:205: TRY: 30
DEBUG: src/lcthw/hashmap.c:Hashmap_get_node:205: TRY: 31
DEBUG: src/lcthw/hashmap.c:Hashmap_get_node:205: TRY: 32
DEBUG: src/lcthw/hashmap.c:Hashmap_get_node:205: TRY: 33
DEBUG: src/lcthw/hashmap.c:Hashmap_get_node:205: TRY: 34
DEBUG: src/lcthw/hashmap.c:Hashmap_get_node:205: TRY: 35
DEBUG: src/lcthw/hashmap.c:Hashmap_get_node:205: TRY: 36
DEBUG: src/lcthw/hashmap.c:Hashmap_get_node:205: TRY: 37
DEBUG: src/lcthw/hashmap.c:Hashmap_get_node:205: TRY: 38
DEBUG: src/lcthw/hashmap.c:Hashmap_get_node:205: TRY: 39
DEBUG: src/lcthw/hashmap.c:Hashmap_get_node:205: TRY: 40
DEBUG: src/lcthw/hashmap.c:Hashmap_get_node:205: TRY: 41
DEBUG: src/lcthw/hashmap.c:Hashmap_get_node:205: TRY: 42
DEBUG: src/lcthw/hashmap.c:Hashmap_get_node:205: TRY: 43
DEBUG: src/lcthw/hashmap.c:Hashmap_get_node:205: TRY: 44
DEBUG: src/lcthw/hashmap.c:Hashmap_get_node:205: TRY: 45
DEBUG: src/lcthw/hashmap.c:Hashmap_get_node:205: TRY: 46
DEBUG: src/lcthw/hashmap.c:Hashmap_get_node:205: TRY: 47
DEBUG: src/lcthw/hashmap.c:Hashmap_get_node:205: TRY: 48
DEBUG: src/lcthw/hashmap.c:Hashmap_get_node:205: TRY: 49
DEBUG: src/lcthw/hashmap.c:Hashmap_get_node:205: TRY: 50
DEBUG: src/lcthw/hashmap.c:Hashmap_get_node:205: TRY: 51
DEBUG: src/lcthw/hashmap.c:Hashmap_get_node:205: TRY: 52
DEBUG: src/lcthw/hashmap.c:Hashmap_get_node:205: TRY: 53
DEBUG: src/lcthw/hashmap.c:Hashmap_get_node:205: TRY: 54
DEBUG: src/lcthw/hashmap.c:Hashmap_get_node:205: TRY: 55
DEBUG: src/lcthw/hashmap.c:Hashmap_get_node:205: TRY: 56
DEBUG: src/lcthw/hashmap.c:Hashmap_get_node:205: TRY: 57
DEBUG: src/lcthw/hashmap.c:Hashmap_get_node:205: TRY: 58
DEBUG: src/lcthw/hashmap.c:Hashmap_get_node:205: TRY: 59
DEBUG: src/lcthw/hashmap.c:Hashmap_get_node:205: TRY: 60
DEBUG: src/lcthw/hashmap.c:Hashmap_get_node:205: TRY: 61
DEBUG: src/lcthw/hashmap.c:Hashmap_get_node:205: TRY: 62
DEBUG: src/lcthw/hashmap.c:Hashmap_get_node:205: TRY: 63
DEBUG: src/lcthw/hashmap.c:Hashmap_get_node:205: TRY: 64
DEBUG: src/lcthw/hashmap.c:Hashmap_get_node:205: TRY: 65
DEBUG: src/lcthw/hashmap.c:Hashmap_get_node:205: TRY: 66
DEBUG: src/lcthw/hashmap.c:Hashmap_get_node:205: TRY: 67
DEBUG: src/lcthw/hashmap.c:Hashmap_get_node:205: TRY: 68
DEBUG: src/lcthw/hashmap.c:Hashmap_get_node:205: TRY: 69
DEBUG: src/lcthw/hashmap.c:Hashmap_get_node:205: TRY: 70
DEBUG: src/lcthw/hashmap.c:Hashmap_get_node:205: TRY: 71
DEBUG: src/lcthw/hashmap.c:Hashmap_get_node:205: TRY: 72
DEBUG: src/lcthw/hashmap.c:Hashmap_get_node:205: TRY: 73
DEBUG: src/lcthw/hashmap.c:Hashmap_get_node:205: TRY: 74
DEBUG: src/lcthw/hashmap.c:Hashmap_get_node:205: TRY: 75
DEBUG: src/lcthw/hashmap.c:Hashmap_get_node:205: TRY: 76
DEBUG: src/lcthw/hashmap.c:Hashmap_get_node:205: TRY: 77
DEBUG: src/lcthw/hashmap.c:Hashmap_get_node:205: TRY: 78
DEBUG: src/lcthw/hashmap.c:Hashmap_get_node:205: TRY: 79
DEBUG: src/lcthw/hashmap.c:Hashmap_get_node:205: TRY: 80
DEBUG: src/lcthw/hashmap.c:Hashmap_get_node:205: TRY: 81
DEBUG: src/lcthw/hashmap.c:Hashmap_get_node:205: TRY: 82
DEBUG: src/lcthw/hashmap.c:Hashmap_get_node:205: TRY: 0
DEBUG: src/lcthw/hashmap.c:Hashmap_get_node:205: TRY: 1
DEBUG: src/lcthw/hashmap.c:Hashmap_get_node:205: TRY: 2
DEBUG: src/lcthw/hashmap.c:Hashmap_get_node:205: TRY: 3
DEBUG: src/lcthw/hashmap.c:Hashmap_get_node:205: TRY: 4
DEBUG: src/lcthw/hashmap.c:Hashmap_get_node:205: TRY: 5
DEBUG: src/lcthw/hashmap.c:Hashmap_get_node:205: TRY: 6
DEBUG: src/lcthw/hashmap.c:Hashmap_get_node:205: TRY: 7
DEBUG: src/lcthw/hashmap.c:Hashmap_get_node:205: TRY: 8
DEBUG: src/lcthw/hashmap.c:Hashmap_get_node:205: TRY: 9
DEBUG: src/lcthw/hashmap.c:Hashmap_get_node:205: TRY: 10
DEBUG: src/lcthw/hashmap.c:Hashmap_get_node:205: TRY: 11
DEBUG: src/lcthw/hashmap.c:Hashmap_get_node:205: TRY: 12
DEBUG: src/lcthw/hashmap.c:Hashmap_get_node:205: TRY: 13
DEBUG: src/lcthw/hashmap.c:Hashmap_get_node:205: TRY: 14
DEBUG: src/lcthw/hashmap.c:Hashmap_get_node:205: TRY: 15
DEBUG: src/lcthw/hashmap.c:Hashmap_get_node:205: TRY: 16
DEBUG: src/lcthw/hashmap.c:Hashmap_get_node:205: TRY: 17
DEBUG: src/lcthw/hashmap.c:Hashmap_get_node:205: TRY: 18
DEBUG: src/lcthw/hashmap.c:Hashmap_get_node:205: TRY: 19
DEBUG: src/lcthw/hashmap.c:Hashmap_get_node:205: TRY: 20
DEBUG: src/lcthw/hashmap.c:Hashmap_get_node:205: TRY: 21
DEBUG: src/lcthw/hashmap.c:Hashmap_get_node:205: TRY: 22
DEBUG: src/lcthw/hashmap.c:Hashmap_get_node:205: TRY: 23
DEBUG: src/lcthw/hashmap.c:Hashmap_get_node:205: TRY: 24
DEBUG: src/lcthw/hashmap.c:Hashmap_get_node:205: TRY: 25
DEBUG: src/lcthw/hashmap.c:Hashmap_get_node:205: TRY: 26
DEBUG: src/lcthw/hashmap.c:Hashmap_get_node:205: TRY: 27
DEBUG: src/lcthw/hashmap.c:Hashmap_get_node:205: TRY: 28
DEBUG: src/lcthw/hashmap.c:Hashmap_get_node:205: TRY: 29
DEBUG: src/lcthw/hashmap.c:Hashmap_get_node:205: TRY: 30
DEBUG: src/lcthw/hashmap.c:Hashmap_get_node:205: TRY: 31
DEBUG: src/lcthw/hashmap.c:Hashmap_get_node:205: TRY: 32
DEBUG: src/lcthw/hashmap.c:Hashmap_get_node:205: TRY: 33
DEBUG: src/lcthw/hashmap.c:Hashmap_get_node:205: TRY: 34
DEBUG: src/lcthw/hashmap.c:Hashmap_get_node:205: TRY: 35
DEBUG: src/lcthw/hashmap.c:Hashmap_get_node:205: TRY: 36
DEBUG: src/lcthw/hashmap.c:Hashmap_get_node:205: TRY: 37
DEBUG: src/lcthw/hashmap.c:Hashmap_get_node:205: TRY: 38
DEBUG: src/lcthw/hashmap.c:Hashmap_get_node:205: TRY: 39
DEBUG: src/lcthw/hashmap.c:Hashmap_get_node:205: TRY: 40
DEBUG: src/lcthw/hashmap.c:Hashmap_get_node:205: TRY: 41
DEBUG: src/lcthw/hashmap.c:Hashmap_get_node:205: TRY: 42
DEBUG: src/lcthw/hashmap.c:Hashmap_get_node:205: TRY: 43
DEBUG: src/lcthw/hashmap.c:Hashmap_get_node:205: TRY: 44
DEBUG: src/lcthw/hashmap.c:Hashmap_get_node:205: TRY: 45
DEBUG: src/lcthw/hashmap.c:Hashmap_get_node:205: TRY: 46
DEBUG: src/lcthw/hashmap.c:Hashmap_get_node:205: TRY: 47
DEBUG: src/lcthw/hashmap.c:Hashmap_get_node:205: TRY: 48
DEBUG: src/lcthw/hashmap.c:Hashmap_get_node:205: TRY: 49
DEBUG: src/lcthw/hashmap.c:Hashmap_get_node:205: TRY: 50
DEBUG: src/lcthw/hashmap.c:Hashmap_get_node:205: TRY: 51
DEBUG: src/lcthw/hashmap.c:Hashmap_get_node:205: TRY: 52
DEBUG: src/lcthw/hashmap.c:Hashmap_get_node:205: TRY: 53
DEBUG: src/lcthw/hashmap.c:Hashmap_get_node:205: TRY: 54
DEBUG: src/lcthw/hashmap.c:Hashmap_get_node:205: TRY: 55
DEBUG: src/lcthw/hashmap.c:Hashmap_get_node:205: TRY: 56
DEBUG: src/lcthw/hashmap.c:Hashmap_get_node:205: TRY: 57
DEBUG: src/lcthw/hashmap.c:Hashmap_get_node:205: TRY: 58
DEBUG: src/lcthw/hashmap.c:Hashmap_get_node:205: TRY: 59
DEBUG: src/lcthw/hashmap.c:Hashmap_get_node:205: TRY: 60
DEBUG: src/lcthw/hashmap.c:Hashmap_get_node:205: TRY: 61
DEBUG: src/lcthw/hashmap.c:Hashmap_get_node:205: TRY: 62
DEBUG: src/lcthw/hashmap.c:Hashmap_get_node:205: TRY: 63
DEBUG: src/lcthw/hashmap.c:Hashmap_get_node:205: TRY: 64
DEBUG: src/lcthw/hashmap.c:Hashmap_get_node:205: TRY: 65
DEBUG: src/lcthw/hashmap.c:Hashmap_get_node:205: TRY: 66
DEBUG: src/lcthw/hashmap.c:Hashmap_get_node:205: TRY: 67
DEBUG: src/lcthw/hashmap.c:Hashmap_get_node:205: TRY: 68
DEBUG: src/lcthw/hashmap.c:Hashmap_get_node:205: TRY: 69
DEBUG: src/lcthw/hashmap.c:Hashmap_get_node:205: TRY: 70
DEBUG: src/lcthw/hashmap.c:Hashmap_get_node:205: TRY: 71
DEBUG: src/lcthw/hashmap.c:Hashmap_get_node:205: TRY: 72
DEBUG: src/lcthw/hashmap.c:Hashmap_get_node:205: TRY: 73
DEBUG: src/lcthw/hashmap.c:Hashmap_get_node:205: TRY: 74
DEBUG: src/lcthw/hashmap.c:Hashmap_get_node:205: TRY: 75
DEBUG: src/lcthw/hashmap.c:Hashmap_get_node:205: TRY: 0
DEBUG: src/lcthw/hashmap.c:Hashmap_get_node:205: TRY: 1
DEBUG: src/lcthw/hashmap.c:Hashmap_get_node:205: TRY: 2
DEBUG: src/lcthw/hashmap.c:Hashmap_get_node:205: TRY: 3
DEBUG: src/lcthw/hashmap.c:Hashmap_get_node:205: TRY: 4
DEBUG: src/lcthw/hashmap.c:Hashmap_get_node:205: TRY: 5
DEBUG: src/lcthw/hashmap.c:Hashmap_get_node:205: TRY: 6
DEBUG: src/lcthw/hashmap.c:Hashmap_get_node:205: TRY: 7
DEBUG: src/lcthw/hashmap.c:Hashmap_get_node:205: TRY: 8
DEBUG: src/lcthw/hashmap.c:Hashmap_get_node:205: TRY: 9
DEBUG: src/lcthw/hashmap.c:Hashmap_get_node:205: TRY: 10
DEBUG: src/lcthw/hashmap.c:Hashmap_get_node:205: TRY: 11
DEBUG: src/lcthw/hashmap.c:Hashmap_get_node:205: TRY: 12
DEBUG: src/lcthw/hashmap.c:Hashmap_get_node:205: TRY: 13
DEBUG: src/lcthw/hashmap.c:Hashmap_get_node:205: TRY: 14
DEBUG: src/lcthw/hashmap.c:Hashmap_get_node:205: TRY: 15
DEBUG: src/lcthw/hashmap.c:Hashmap_get_node:205: TRY: 16
DEBUG: src/lcthw/hashmap.c:Hashmap_get_node:205: TRY: 17
DEBUG: src/lcthw/hashmap.c:Hashmap_get_node:205: TRY: 18
DEBUG: src/lcthw/hashmap.c:Hashmap_get_node:205: TRY: 19
DEBUG: src/lcthw/hashmap.c:Hashmap_get_node:205: TRY: 20
DEBUG: src/lcthw/hashmap.c:Hashmap_get_node:205: TRY: 21
DEBUG: src/lcthw/hashmap.c:Hashmap_get_node:205: TRY: 22
DEBUG: src/lcthw/hashmap.c:Hashmap_get_node:205: TRY: 23
DEBUG: src/lcthw/hashmap.c:Hashmap_get_node:205: TRY: 24
DEBUG: src/lcthw/hashmap.c:Hashmap_get_node:205: TRY: 25
DEBUG: src/lcthw/hashmap.c:Hashmap_get_node:205: TRY: 26
DEBUG: src/lcthw/hashmap.c:Hashmap_get_node:205: TRY: 27
DEBUG: src/lcthw/hashmap.c:Hashmap_get_node:205: TRY: 28
DEBUG: src/lcthw/hashmap.c:Hashmap_get_node:205: TRY: 29
DEBUG: src/lcthw/hashmap.c:Hashmap_get_node:205: TRY: 30
DEBUG: src/lcthw/hashmap.c:Hashmap_get_node:205: TRY: 31
DEBUG: src/lcthw/hashmap.c:Hashmap_get_node:205: TRY: 32
DEBUG: src/lcthw/hashmap.c:Hashmap_get_node:205: TRY: 33
DEBUG: src/lcthw/hashmap.c:Hashmap_get_node:205: TRY: 34
DEBUG: src/lcthw/hashmap.c:Hashmap_get_node:205: TRY: 35
DEBUG: src/lcthw/hashmap.c:Hashmap_get_node:205: TRY: 36
DEBUG: src/lcthw/hashmap.c:Hashmap_get_node:205: TRY: 37
DEBUG: src/lcthw/hashmap.c:Hashmap_get_node:205: TRY: 38
DEBUG: src/lcthw/hashmap.c:Hashmap_get_node:205: TRY: 39
DEBUG: src/lcthw/hashmap.c:Hashmap_get_node:205: TRY: 40
DEBUG: src/lcthw/hashmap.c:Hashmap_get_node:205: TRY: 41
DEBUG: src/lcthw/hashmap.c:Hashmap_get_node:205: TRY: 42
DEBUG: src/lcthw/hashmap.c:Hashmap_get_node:205: TRY: 43
DEBUG: src/lcthw/hashmap.c:Hashmap_get_node:205: TRY: 44
DEBUG: src/lcthw/hashmap.c:Hashmap_get_node:205: TRY: 45
DEBUG: src/lcthw/hashmap.c:Hashmap_get_node:205: TRY: 46
DEBUG: src/lcthw/hashmap.c:Hashmap_get_node:205: TRY: 47
DEBUG: src/lcthw/hashmap.c:Hashmap_get_node:205: TRY: 48
DEBUG: src/lcthw/hashmap.c:Hashmap_get_node:205: TRY: 49
DEBUG: src/lcthw/hashmap.c:Hashmap_get_node:205: TRY: 50
DEBUG: src/lcthw/hashmap.c:Hashmap_get_node:205: TRY: 51
DEBUG: src/lcthw/hashmap.c:Hashmap_get_node:205: TRY: 52
DEBUG: src/lcthw/hashmap.c:Hashmap_get_node:205: TRY: 53
DEBUG: src/lcthw/hashmap.c:Hashmap_get_node:205: TRY: 54
DEBUG: src/lcthw/hashmap.c:Hashmap_get_node:205: TRY: 55
DEBUG: src/lcthw/hashmap.c:Hashmap_get_node:205: TRY: 56
DEBUG: src/lcthw/hashmap.c:Hashmap_get_node:205: TRY: 57
DEBUG: src/lcthw/hashmap.c:Hashmap_get_node:205: TRY: 58
DEBUG: src/lcthw/hashmap.c:Hashmap_get_node:205: TRY: 59
DEBUG: src/lcthw/hashmap.c:Hashmap_get_node:205: TRY: 60
DEBUG: src/lcthw/hashmap.c:Hashmap_get_node:205: TRY: 61
DEBUG: src/lcthw/hashmap.c:Hashmap_get_node:205: TRY: 62
DEBUG: src/lcthw/hashmap.c:Hashmap_get_node:205: TRY: 63
DEBUG: src/lcthw/hashmap.c:Hashmap_get_node:205: TRY: 64
DEBUG: src/lcthw/hashmap.c:Hashmap_get_node:205: TRY: 65
DEBUG: src/lcthw/hashmap.c:Hashmap_get_node:205: TRY: 66
DEBUG: src/lcthw/hashmap.c:Hashmap_get_node:205: TRY: 67
DEBUG: src/lcthw/hashmap.c:Hashmap_get_node:205: TRY: 68
DEBUG: src/lcthw/hashmap.c:Hashmap_get_node:205: TRY: 69
DEBUG: src/lcthw/hashmap.c:Hashmap_get_node:205: TRY: 70
DEBUG: src/lcthw/hashmap.c:Hashmap_get_node:205: TRY: 71
DEBUG: src/lcthw/hashmap.c:Hashmap_get_node:205: TRY: 72
DEBUG: src/lcthw/hashmap.c:Hashmap_get_node:205: TRY: 73
DEBUG: src/lcthw/hashmap.c:Hashmap_get_node:205: TRY: 74
DEBUG: src/lcthw/hashmap.c:Hashmap_get_node:205: TRY: 75
DEBUG: src/lcthw/hashmap.c:Hashmap_get_node:205: TRY: 76
DEBUG: src/lcthw/hashmap.c:Hashmap_get_node:205: TRY: 77
DEBUG: src/lcthw/hashmap.c:Hashmap_get_node:205: TRY: 78
DEBUG: src/lcthw/hashmap.c:Hashmap_get_node:205: TRY: 79
DEBUG: src/lcthw/hashmap.c:Hashmap_get_node:205: TRY: 80
DEBUG: src/lcthw/hashmap.c:Hashmap_get_node:205: TRY: 81
DEBUG: src/lcthw/hashmap.c:Hashmap_get_node:205: TRY: 82
DEBUG: src/lcthw/hashmap.c:Hashmap_get_node:205: TRY: 83
DEBUG: src/lcthw/hashmap.c:Hashmap_get_node:205: TRY: 84
DEBUG: src/lcthw/hashmap.c:Hashmap_get_node:205: TRY: 85
DEBUG: src/lcthw/hashmap.c:Hashmap_get_node:205: TRY: 86
DEBUG: src/lcthw/hashmap.c:Hashmap_get_node:205: TRY: 87
DEBUG: src/lcthw/hashmap.c:Hashmap_get_node:205: TRY: 88
DEBUG: src/lcthw/hashmap.c:Hashmap_get_node:205: TRY: 89
DEBUG: src/lcthw/hashmap.c:Hashmap_get_node:205: TRY: 90
DEBUG: src/lcthw/hashmap.c:Hashmap_get_node:205: TRY: 91
DEBUG: src/lcthw/hashmap.c:Hashmap_get_node:205: TRY: 92
DEBUG: src/lcthw/hashmap.c:Hashmap_get_node:205: TRY: 93
DEBUG: src/lcthw/hashmap.c:Hashmap_get_node:205: TRY: 94
DEBUG: src/lcthw/hashmap.c:Hashmap_get_node:205: TRY: 95
DEBUG: src/lcthw/hashmap.c:Hashmap_get_node:205: TRY: 96
DEBUG: src/lcthw/hashmap.c:Hashmap_get_node:205: TRY: 97
DEBUG: src/lcthw/hashmap.c:Hashmap_get_node:205: TRY: 98
DEBUG: src/lcthw/hashmap.c:Hashmap_get_node:205: TRY: 99
DEBUG: src/lcthw/hashmap.c:Hashmap_get_node:205: TRY: 100
DEBUG: src/lcthw/hashmap.c:Hashmap_get_node:205: TRY: 101
DEBUG: src/lcthw/hashmap.c:Hashmap_get_node:205: TRY: 102
DEBUG: src/lcthw/hashmap.c:Hashmap_get_node:205: TRY: 103
DEBUG: src/lcthw/hashmap.c:Hashmap_get_node:205: TRY: 104
DEBUG: src/lcthw/hashmap.c:Hashmap_get_node:205: TRY: 105
DEBUG: src/lcthw/hashmap.c:Hashmap_get_node:205: TRY: 106
DEBUG: src/lcthw/hashmap.c:Hashmap_get_node:205: TRY: 107
DEBUG: src/lcthw/hashmap.c:Hashmap_get_node:205: TRY: 108
DEBUG: src/lcthw/hashmap.c:Hashmap_get_node:205: TRY: 109
DEBUG: src/lcthw/hashmap.c:Hashmap_get_node:205: TRY: 110
DEBUG: src/lcthw/hashmap.c:Hashmap_get_node:205: TRY: 0
DEBUG: src/lcthw/hashmap.c:Hashmap_get_node:205: TRY: 1
DEBUG: src/lcthw/hashmap.c:Hashmap_get_node:205: TRY: 2
DEBUG: src/lcthw/hashmap.c:Hashmap_get_node:205: TRY: 3
DEBUG: src/lcthw/hashmap.c:Hashmap_get_node:205: TRY: 4
DEBUG: src/lcthw/hashmap.c:Hashmap_get_node:205: TRY: 5
DEBUG: src/lcthw/hashmap.c:Hashmap_get_node:205: TRY: 6
DEBUG: src/lcthw/hashmap.c:Hashmap_get_node:205: TRY: 7
DEBUG: src/lcthw/hashmap.c:Hashmap_get_node:205: TRY: 8
DEBUG: src/lcthw/hashmap.c:Hashmap_get_node:205: TRY: 9
DEBUG: src/lcthw/hashmap.c:Hashmap_get_node:205: TRY: 10
DEBUG: src/lcthw/hashmap.c:Hashmap_get_node:205: TRY: 11
DEBUG: src/lcthw/hashmap.c:Hashmap_get_node:205: TRY: 12
DEBUG: src/lcthw/hashmap.c:Hashmap_get_node:205: TRY: 13
DEBUG: src/lcthw/hashmap.c:Hashmap_get_node:205: TRY: 14
DEBUG: src/lcthw/hashmap.c:Hashmap_get_node:205: TRY: 15
DEBUG: src/lcthw/hashmap.c:Hashmap_get_node:205: TRY: 16
DEBUG: src/lcthw/hashmap.c:Hashmap_get_node:205: TRY: 17
DEBUG: src/lcthw/hashmap.c:Hashmap_get_node:205: TRY: 18
DEBUG: src/lcthw/hashmap.c:Hashmap_get_node:205: TRY: 19
DEBUG: src/lcthw/hashmap.c:Hashmap_get_node:205: TRY: 20
DEBUG: src/lcthw/hashmap.c:Hashmap_get_node:205: TRY: 21
DEBUG: src/lcthw/hashmap.c:Hashmap_get_node:205: TRY: 22
DEBUG: src/lcthw/hashmap.c:Hashmap_get_node:205: TRY: 23
DEBUG: src/lcthw/hashmap.c:Hashmap_get_node:205: TRY: 24
DEBUG: src/lcthw/hashmap.c:Hashmap_get_node:205: TRY: 25
DEBUG: src/lcthw/hashmap.c:Hashmap_get_node:205: TRY: 26
DEBUG: src/lcthw/hashmap.c:Hashmap_get_node:205: TRY: 27
DEBUG: src/lcthw/hashmap.c:Hashmap_get_node:205: TRY: 28
DEBUG: src/lcthw/hashmap.c:Hashmap_get_node:205: TRY: 29
DEBUG: src/lcthw/hashmap.c:Hashmap_get_node:205: TRY: 30
DEBUG: src/lcthw/hashmap.c:Hashmap_get_node:205: TRY: 31
DEBUG: src/lcthw/hashmap.c:Hashmap_get_node:205: TRY: 32
DEBUG: src/lcthw/hashmap.c:Hashmap_get_node:205: TRY: 33
DEBUG: src/lcthw/hashmap.c:Hashmap_get_node:205: TRY: 34
DEBUG: src/lcthw/hashmap.c:Hashmap_get_node:205: TRY: 35
DEBUG: src/lcthw/hashmap.c:Hashmap_get_node:205: TRY: 36
DEBUG: src/lcthw/hashmap.c:Hashmap_get_node:205: TRY: 37
DEBUG: src/lcthw/hashmap.c:Hashmap_get_node:205: TRY: 38
DEBUG: src/lcthw/hashmap.c:Hashmap_get_node:205: TRY: 39
DEBUG: src/lcthw/hashmap.c:Hashmap_get_node:205: TRY: 40
DEBUG: src/lcthw/hashmap.c:Hashmap_get_node:205: TRY: 41
DEBUG: src/lcthw/hashmap.c:Hashmap_get_node:205: TRY: 42
DEBUG: src/lcthw/hashmap.c:Hashmap_get_node:205: TRY: 43
DEBUG: src/lcthw/hashmap.c:Hashmap_get_node:205: TRY: 44
DEBUG: src/lcthw/hashmap.c:Hashmap_get_node:205: TRY: 45
DEBUG: src/lcthw/hashmap.c:Hashmap_get_node:205: TRY: 46
DEBUG: src/lcthw/hashmap.c:Hashmap_get_node:205: TRY: 47
DEBUG: src/lcthw/hashmap.c:Hashmap_get_node:205: TRY: 48
DEBUG: src/lcthw/hashmap.c:Hashmap_get_node:205: TRY: 49
DEBUG: src/lcthw/hashmap.c:Hashmap_get_node:205: TRY: 50
DEBUG: src/lcthw/hashmap.c:Hashmap_get_node:205: TRY: 51
DEBUG: src/lcthw/hashmap.c:Hashmap_get_node:205: TRY: 52
DEBUG: src/lcthw/hashmap.c:Hashmap_get_node:205: TRY: 53
DEBUG: src/lcthw/hashmap.c:Hashmap_get_node:205: TRY: 54
DEBUG: src/lcthw/hashmap.c:Hashmap_get_node:205: TRY: 55
DEBUG: src/lcthw/hashmap.c:Hashmap_get_node:205: TRY: 56
DEBUG: src/lcthw/hashmap.c:Hashmap_get_node:205: TRY: 57
DEBUG: src/lcthw/hashmap.c:Hashmap_get_node:205: TRY: 58
DEBUG: src/lcthw/hashmap.c:Hashmap_get_node:205: TRY: 59
DEBUG: src/lcthw/hashmap.c:Hashmap_get_node:205: TRY: 60
DEBUG: src/lcthw/hashmap.c:Hashmap_get_node:205: TRY: 61
DEBUG: src/lcthw/hashmap.c:Hashmap_get_node:205: TRY: 62
DEBUG: src/lcthw/hashmap.c:Hashmap_get_node:205: TRY: 63
DEBUG: src/lcthw/hashmap.c:Hashmap_get_node:205: TRY: 64
DEBUG: src/lcthw/hashmap.c:Hashmap_get_node:205: TRY: 65
DEBUG: src/lcthw/hashmap.c:Hashmap_get_node:205: TRY: 66
DEBUG: src/lcthw/hashmap.c:Hashmap_get_node:205: TRY: 67
DEBUG: src/lcthw/hashmap.c:Hashmap_get_node:205: TRY: 68
DEBUG: src/lcthw/hashmap.c:Hashmap_get_node:205: TRY: 69
DEBUG: src/lcthw/hashmap.c:Hashmap_get_node:205: TRY: 70
DEBUG: src/lcthw/hashmap.c:Hashmap_get_node:205: TRY: 71
DEBUG: src/lcthw/hashmap.c:Hashmap_get_node:205: TRY: 72
DEBUG: src/lcthw/hashmap.c:Hashmap_get_node:205: TRY: 73
DEBUG: src/lcthw/hashmap.c:Hashmap_get_node:205: TRY: 74
DEBUG: src/lcthw/hashmap.c:Hashmap_get_node:205: TRY: 75
DEBUG: src/lcthw/hashmap.c:Hashmap_get_node:205: TRY: 76
DEBUG: src/lcthw/hashmap.c:Hashmap_get_node:205: TRY: 77
DEBUG: src/lcthw/hashmap.c:Hashmap_get_node:205: TRY: 78
DEBUG: src/lcthw/hashmap.c:Hashmap_get_node:205: TRY: 79
DEBUG: src/lcthw/hashmap.c:Hashmap_get_node:205: TRY: 80
DEBUG: src/lcthw/hashmap.c:Hashmap_get_node:205: TRY: 0
DEBUG: src/lcthw/hashmap.c:Hashmap_get_node:205: TRY: 1
DEBUG: src/lcthw/hashmap.c:Hashmap_get_node:205: TRY: 2
DEBUG: src/lcthw/hashmap.c:Hashmap_get_node:205: TRY: 3
DEBUG: src/lcthw/hashmap.c:Hashmap_get_node:205: TRY: 4
DEBUG: src/lcthw/hashmap.c:Hashmap_get_node:205: TRY: 5
DEBUG: src/lcthw/hashmap.c:Hashmap_get_node:205: TRY: 6
DEBUG: src/lcthw/hashmap.c:Hashmap_get_node:205: TRY: 7
DEBUG: src/lcthw/hashmap.c:Hashmap_get_node:205: TRY: 8
DEBUG: src/lcthw/hashmap.c:Hashmap_get_node:205: TRY: 9
DEBUG: src/lcthw/hashmap.c:Hashmap_get_node:205: TRY: 10
DEBUG: src/lcthw/hashmap.c:Hashmap_get_node:205: TRY: 11
DEBUG: src/lcthw/hashmap.c:Hashmap_get_node:205: TRY: 12
DEBUG: src/lcthw/hashmap.c:Hashmap_get_node:205: TRY: 13
DEBUG: src/lcthw/hashmap.c:Hashmap_get_node:205: TRY: 14
DEBUG: src/lcthw/hashmap.c:Hashmap_get_node:205: TRY: 15
DEBUG: src/lcthw/hashmap.c:Hashmap_get_node:205: TRY: 16
DEBUG: src/lcthw/hashmap.c:Hashmap_get_node:205: TRY: 17
DEBUG: src/lcthw/hashmap.c:Hashmap_get_node:205: TRY: 18
DEBUG: src/lcthw/hashmap.c:Hashmap_get_node:205: TRY: 19
DEBUG: src/lcthw/hashmap.c:Hashmap_get_node:205: TRY: 20
DEBUG: src/lcthw/hashmap.c:Hashmap_get_node:205: TRY: 21
DEBUG: src/lcthw/hashmap.c:Hashmap_get_node:205: TRY: 22
DEBUG: src/lcthw/hashmap.c:Hashmap_get_node:205: TRY: 23
DEBUG: src/lcthw/hashmap.c:Hashmap_get_node:205: TRY: 24
DEBUG: src/lcthw/hashmap.c:Hashmap_get_node:205: TRY: 25
DEBUG: src/lcthw/hashmap.c:Hashmap_get_node:205: TRY: 26
DEBUG: src/lcthw/hashmap.c:Hashmap_get_node:205: TRY: 27
DEBUG: src/lcthw/hashmap.c:Hashmap_get_node:205: TRY: 28
DEBUG: src/lcthw/hashmap.c:Hashmap_get_node:205: TRY: 29
DEBUG: src/lcthw/hashmap.c:Hashmap_get_node:205: TRY: 30
DEBUG: src/lcthw/hashmap.c:Hashmap_get_node:205: TRY: 31
DEBUG: src/lcthw/hashmap.c:Hashmap_get_node:205: TRY: 32
DEBUG: src/lcthw/hashmap.c:Hashmap_get_node:205: TRY: 33
DEBUG: src/lcthw/hashmap.c:Hashmap_get_node:205: TRY: 34
DEBUG: src/lcthw/hashmap.c:Hashmap_get_node:205: TRY: 35
DEBUG: src/lcthw/hashmap.c:Hashmap_get_node:205: TRY: 36
DEBUG: src/lcthw/hashmap.c:Hashmap_get_node:205: TRY: 37
DEBUG: src/lcthw/hashmap.c:Hashmap_get_node:205: TRY: 38
DEBUG: src/lcthw/hashmap.c:Hashmap_get_node:205: TRY: 39
DEBUG: src/lcthw/hashmap.c:Hashmap_get_node:205: TRY: 40
DEBUG: src/lcthw/hashmap.c:Hashmap_get_node:205: TRY: 41
DEBUG: src/lcthw/hashmap.c:Hashmap_get_node:205: TRY: 42
DEBUG: src/lcthw/hashmap.c:Hashmap_get_node:205: TRY: 43
DEBUG: src/lcthw/hashmap.c:Hashmap_get_node:205: TRY: 44
DEBUG: src/lcthw/hashmap.c:Hashmap_get_node:205: TRY: 45
DEBUG: src/lcthw/hashmap.c:Hashmap_get_node:205: TRY: 46
DEBUG: src/lcthw/hashmap.c:Hashmap_get_node:205: TRY: 47
DEBUG: src/lcthw/hashmap.c:Hashmap_get_node:205: TRY: 48
DEBUG: src/lcthw/hashmap.c:Hashmap_get_node:205: TRY: 49
DEBUG: src/lcthw/hashmap.c:Hashmap_get_node:205: TRY: 50
DEBUG: src/lcthw/hashmap.c:Hashmap_get_node:205: TRY: 51
DEBUG: src/lcthw/hashmap.c:Hashmap_get_node:205: TRY: 52
DEBUG: src/lcthw/hashmap.c:Hashmap_get_node:205: TRY: 53
DEBUG: src/lcthw/hashmap.c:Hashmap_get_node:205: TRY: 54
DEBUG: src/lcthw/hashmap.c:Hashmap_get_node:205: TRY: 55
DEBUG: src/lcthw/hashmap.c:Hashmap_get_node:205: TRY: 56
DEBUG: src/lcthw/hashmap.c:Hashmap_get_node:205: TRY: 57
DEBUG: src/lcthw/hashmap.c:Hashmap_get_node:205: TRY: 58
DEBUG: src/lcthw/hashmap.c:Hashmap_get_node:205: TRY: 59
DEBUG: src/lcthw/hashmap.c:Hashmap_get_node:205: TRY: 60
DEBUG: src/lcthw/hashmap.c:Hashmap_get_node:205: TRY: 61
DEBUG: src/lcthw/hashmap.c:Hashmap_get_node:205: TRY: 62
DEBUG: src/lcthw/hashmap.c:Hashmap_get_node:205: TRY: 63
DEBUG: src/lcthw/hashmap.c:Hashmap_get_node:205: TRY: 64
DEBUG: src/lcthw/hashmap.c:Hashmap_get_node:205: TRY: 65
DEBUG: src/lcthw/hashmap.c:Hashmap_get_node:205: TRY: 66
DEBUG: src/lcthw/hashmap.c:Hashmap_get_node:205: TRY: 67
DEBUG: src/lcthw/hashmap.c:Hashmap_get_node:205: TRY: 68
DEBUG: src/lcthw/hashmap.c:Hashmap_get_node:205: TRY: 69
DEBUG: src/lcthw/hashmap.c:Hashmap_get_node:205: TRY: 70
DEBUG: src/lcthw/hashmap.c:Hashmap_get_node:205: TRY: 71
DEBUG: src/lcthw/hashmap.c:Hashmap_get_node:205: TRY: 72
DEBUG: src/lcthw/hashmap.c:Hashmap_get_node:205: TRY: 0
DEBUG: src/lcthw/hashmap.c:Hashmap_get_node:205: TRY: 1
DEBUG: src/lcthw/hashmap.c:Hashmap_get_node:205: TRY: 2
DEBUG: src/lcthw/hashmap.c:Hashmap_get_node:205: TRY: 3
DEBUG: src/lcthw/hashmap.c:Hashmap_get_node:205: TRY: 4
DEBUG: src/lcthw/hashmap.c:Hashmap_get_node:205: TRY: 5
DEBUG: src/lcthw/hashmap.c:Hashmap_get_node:205: TRY: 6
DEBUG: src/lcthw/hashmap.c:Hashmap_get_node:205: TRY: 7
DEBUG: src/lcthw/hashmap.c:Hashmap_get_node:205: TRY: 8
DEBUG: src/lcthw/hashmap.c:Hashmap_get_node:205: TRY: 9
DEBUG: src/lcthw/hashmap.c:Hashmap_get_node:205: TRY: 10
DEBUG: src/lcthw/hashmap.c:Hashmap_get_node:205: TRY: 11
DEBUG: src/lcthw/hashmap.c:Hashmap_get_node:205: TRY: 12
DEBUG: src/lcthw/hashmap.c:Hashmap_get_node:205: TRY: 13
DEBUG: src/lcthw/hashmap.c:Hashmap_get_node:205: TRY: 14
DEBUG: src/lcthw/hashmap.c:Hashmap_get_node:205: TRY: 15
DEBUG: src/lcthw/hashmap.c:Hashmap_get_node:205: TRY: 16
DEBUG: src/lcthw/hashmap.c:Hashmap_get_node:205: TRY: 17
DEBUG: src/lcthw/hashmap.c:Hashmap_get_node:205: TRY: 18
DEBUG: src/lcthw/hashmap.c:Hashmap_get_node:205: TRY: 19
DEBUG: src/lcthw/hashmap.c:Hashmap_get_node:205: TRY: 20
DEBUG: src/lcthw/hashmap.c:Hashmap_get_node:205: TRY: 21
DEBUG: src/lcthw/hashmap.c:Hashmap_get_node:205: TRY: 22
DEBUG: src/lcthw/hashmap.c:Hashmap_get_node:205: TRY: 23
DEBUG: src/lcthw/hashmap.c:Hashmap_get_node:205: TRY: 24
DEBUG: src/lcthw/hashmap.c:Hashmap_get_node:205: TRY: 25
DEBUG: src/lcthw/hashmap.c:Hashmap_get_node:205: TRY: 26
DEBUG: src/lcthw/hashmap.c:Hashmap_get_node:205: TRY: 27
DEBUG: src/lcthw/hashmap.c:Hashmap_get_node:205: TRY: 28
DEBUG: src/lcthw/hashmap.c:Hashmap_get_node:205: TRY: 29
DEBUG: src/lcthw/hashmap.c:Hashmap_get_node:205: TRY: 30
DEBUG: src/lcthw/hashmap.c:Hashmap_get_node:205: TRY: 31
DEBUG: src/lcthw/hashmap.c:Hashmap_get_node:205: TRY: 32
DEBUG: src/lcthw/hashmap.c:Hashmap_get_node:205: TRY: 33
DEBUG: src/lcthw/hashmap.c:Hashmap_get_node:205: TRY: 34
DEBUG: src/lcthw/hashmap.c:Hashmap_get_node:205: TRY: 35
DEBUG: src/lcthw/hashmap.c:Hashmap_get_node:205: TRY: 36
DEBUG: src/lcthw/hashmap.c:Hashmap_get_node:205: TRY: 37
DEBUG: src/lcthw/hashmap.c:Hashmap_get_node:205: TRY: 38
DEBUG: src/lcthw/hashmap.c:Hashmap_get_node:205: TRY: 39
DEBUG: src/lcthw/hashmap.c:Hashmap_get_node:205: TRY: 40
DEBUG: src/lcthw/hashmap.c:Hashmap_get_node:205: TRY: 41
DEBUG: src/lcthw/hashmap.c:Hashmap_get_node:205: TRY: 42
DEBUG: src/lcthw/hashmap.c:Hashmap_get_node:205: TRY: 43
DEBUG: src/lcthw/hashmap.c:Hashmap_get_node:205: TRY: 44
DEBUG: src/lcthw/hashmap.c:Hashmap_get_node:205: TRY: 45
DEBUG: src/lcthw/hashmap.c:Hashmap_get_node:205: TRY: 46
DEBUG: src/lcthw/hashmap.c:Hashmap_get_node:205: TRY: 47
DEBUG: src/lcthw/hashmap.c:Hashmap_get_node:205: TRY: 48
DEBUG: src/lcthw/hashmap.c:Hashmap_get_node:205: TRY: 49
DEBUG: src/lcthw/hashmap.c:Hashmap_get_node:205: TRY: 50
DEBUG: src/lcthw/hashmap.c:Hashmap_get_node:205: TRY: 51
DEBUG: src/lcthw/hashmap.c:Hashmap_get_node:205: TRY: 52
DEBUG: src/lcthw/hashmap.c:Hashmap_get_node:205: TRY: 53
DEBUG: src/lcthw/hashmap.c:Hashmap_get_node:205: TRY: 54
DEBUG: src/lcthw/hashmap.c:Hashmap_get_node:205: TRY: 55
DEBUG: src/lcthw/hashmap.c:Hashmap_get_node:205: TRY: 56
DEBUG: src/lcthw/hashmap.c:Hashmap_get_node:205: TRY: 57
DEBUG: src/lcthw/hashmap.c:Hashmap_get_node:205: TRY: 58
DEBUG: src/lcthw/hashmap.c:Hashmap_get_node:205: TRY: 59
DEBUG: src/lcthw/hashmap.c:Hashmap_get_node:205: TRY: 60
DEBUG: src/lcthw/hashmap.c:Hashmap_get_node:205: TRY: 61
DEBUG: src/lcthw/hashmap.c:Hashmap_get_node:205: TRY: 62
DEBUG: src/lcthw/hashmap.c:Hashmap_get_node:205: TRY: 63
DEBUG: src/lcthw/hashmap.c:Hashmap_get_node:205: TRY: 64
DEBUG: src/lcthw/hashmap.c:Hashmap_get_node:205: TRY: 65
DEBUG: src/lcthw/hashmap.c:Hashmap_get_node:205: TRY: 66
DEBUG: src/lcthw/hashmap.c:Hashmap_get_node:205: TRY: 67
DEBUG: src/lcthw/hashmap.c:Hashmap_get_node:205: TRY: 68
DEBUG: src/lcthw/hashmap.c:Hashmap_get_node:205: TRY: 69
DEBUG: src/lcthw/hashmap.c:Hashmap_get_node:205: TRY: 70
DEBUG: src/lcthw/hashmap.c:Hashmap_get_node:205: TRY: 71
DEBUG: src/lcthw/hashmap.c:Hashmap_get_node:205: TRY: 72
DEBUG: src/lcthw/hashmap.c:Hashmap_get_node:205: TRY: 73
DEBUG: src/lcthw/hashmap.c:Hashmap_get_node:205: TRY: 0
DEBUG: src/lcthw/hashmap.c:Hashmap_get_node:205: TRY: 1
DEBUG: src/lcthw/hashmap.c:Hashmap_get_node:205: TRY: 2
DEBUG: src/lcthw/hashmap.c:Hashmap_get_node:205: TRY: 3
DEBUG: src/lcthw/hashmap.c:Hashmap_get_node:205: TRY: 4
DEBUG: src/lcthw/hashmap.c:Hashmap_get_node:205: TRY: 5
DEBUG: src/lcthw/hashmap.c:Hashmap_get_node:205: TRY: 6
DEBUG: src/lcthw/hashmap.c:Hashmap_get_node:205: TRY: 7
DEBUG: src/lcthw/hashmap.c:Hashmap_get_node:205: TRY: 8
DEBUG: src/lcthw/hashmap.c:Hashmap_get_node:205: TRY: 9
DEBUG: src/lcthw/hashmap.c:Hashmap_get_node:205: TRY: 10
DEBUG: src/lcthw/hashmap.c:Hashmap_get_node:205: TRY: 11
DEBUG: src/lcthw/hashmap.c:Hashmap_get_node:205: TRY: 12
DEBUG: src/lcthw/hashmap.c:Hashmap_get_node:205: TRY: 13
DEBUG: src/lcthw/hashmap.c:Hashmap_get_node:205: TRY: 14
DEBUG: src/lcthw/hashmap.c:Hashmap_get_node:205: TRY: 15
DEBUG: src/lcthw/hashmap.c:Hashmap_get_node:205: TRY: 16
DEBUG: src/lcthw/hashmap.c:Hashmap_get_node:205: TRY: 17
DEBUG: src/lcthw/hashmap.c:Hashmap_get_node:205: TRY: 18
DEBUG: src/lcthw/hashmap.c:Hashmap_get_node:205: TRY: 19
DEBUG: src/lcthw/hashmap.c:Hashmap_get_node:205: TRY: 20
DEBUG: src/lcthw/hashmap.c:Hashmap_get_node:205: TRY: 21
DEBUG: src/lcthw/hashmap.c:Hashmap_get_node:205: TRY: 22
DEBUG: src/lcthw/hashmap.c:Hashmap_get_node:205: TRY: 23
DEBUG: src/lcthw/hashmap.c:Hashmap_get_node:205: TRY: 24
DEBUG: src/lcthw/hashmap.c:Hashmap_get_node:205: TRY: 25
DEBUG: src/lcthw/hashmap.c:Hashmap_get_node:205: TRY: 26
DEBUG: src/lcthw/hashmap.c:Hashmap_get_node:205: TRY: 27
DEBUG: src/lcthw/hashmap.c:Hashmap_get_node:205: TRY: 28
DEBUG: src/lcthw/hashmap.c:Hashmap_get_node:205: TRY: 29
DEBUG: src/lcthw/hashmap.c:Hashmap_get_node:205: TRY: 30
DEBUG: src/lcthw/hashmap.c:Hashmap_get_node:205: TRY: 31
DEBUG: src/lcthw/hashmap.c:Hashmap_get_node:205: TRY: 32
DEBUG: src/lcthw/hashmap.c:Hashmap_get_node:205: TRY: 33
DEBUG: src/lcthw/hashmap.c:Hashmap_get_node:205: TRY: 34
DEBUG: src/lcthw/hashmap.c:Hashmap_get_node:205: TRY: 35
DEBUG: src/lcthw/hashmap.c:Hashmap_get_node:205: TRY: 36
DEBUG: src/lcthw/hashmap.c:Hashmap_get_node:205: TRY: 37
DEBUG: src/lcthw/hashmap.c:Hashmap_get_node:205: TRY: 38
DEBUG: src/lcthw/hashmap.c:Hashmap_get_node:205: TRY: 39
DEBUG: src/lcthw/hashmap.c:Hashmap_get_node:205: TRY: 40
DEBUG: src/lcthw/hashmap.c:Hashmap_get_node:205: TRY: 41
DEBUG: src/lcthw/hashmap.c:Hashmap_get_node:205: TRY: 42
DEBUG: src/lcthw/hashmap.c:Hashmap_get_node:205: TRY: 43
DEBUG: src/lcthw/hashmap.c:Hashmap_get_node:205: TRY: 44
DEBUG: src/lcthw/hashmap.c:Hashmap_get_node:205: TRY: 45
DEBUG: src/lcthw/hashmap.c:Hashmap_get_node:205: TRY: 46
DEBUG: src/lcthw/hashmap.c:Hashmap_get_node:205: TRY: 47
DEBUG: src/lcthw/hashmap.c:Hashmap_get_node:205: TRY: 48
DEBUG: src/lcthw/hashmap.c:Hashmap_get_node:205: TRY: 49
DEBUG: src/lcthw/hashmap.c:Hashmap_get_node:205: TRY: 50
DEBUG: src/lcthw/hashmap.c:Hashmap_get_node:205: TRY: 51
DEBUG: src/lcthw/hashmap.c:Hashmap_get_node:205: TRY: 52
DEBUG: src/lcthw/hashmap.c:Hashmap_get_node:205: TRY: 53
DEBUG: src/lcthw/hashmap.c:Hashmap_get_node:205: TRY: 54
DEBUG: src/lcthw/hashmap.c:Hashmap_get_node:205: TRY: 55
DEBUG: src/lcthw/hashmap.c:Hashmap_get_node:205: TRY: 56
DEBUG: src/lcthw/hashmap.c:Hashmap_get_node:205: TRY: 57
DEBUG: src/lcthw/hashmap.c:Hashmap_get_node:205: TRY: 58
DEBUG: src/lcthw/hashmap.c:Hashmap_get_node:205: TRY: 59
DEBUG: src/lcthw/hashmap.c:Hashmap_get_node:205: TRY: 60
DEBUG: src/lcthw/hashmap.c:Hashmap_get_node:205: TRY: 61
DEBUG: src/lcthw/hashmap.c:Hashmap_get_node:205: TRY: 62
DEBUG: src/lcthw/hashmap.c:Hashmap_get_node:205: TRY: 63
DEBUG: src/lcthw/hashmap.c:Hashmap_get_node:205: TRY: 64
DEBUG: src/lcthw/hashmap.c:Hashmap_get_node:205: TRY: 65
DEBUG: src/lcthw/hashmap.c:Hashmap_get_node:205: TRY: 66
DEBUG: src/lcthw/hashmap.c:Hashmap_get_node:205: TRY: 67
DEBUG: src/lcthw/hashmap.c:Hashmap_get_node:205: TRY: 68
DEBUG: src/lcthw/hashmap.c:Hashmap_get_node:205: TRY: 69
DEBUG: src/lcthw/hashmap.c:Hashmap_get_node:205: TRY: 70
DEBUG: src/lcthw/hashmap.c:Hashmap_get_node:205: TRY: 71
DEBUG: src/lcthw/hashmap.c:Hashmap_get_node:205: TRY: 72
DEBUG: src/lcthw/hashmap.c:Hashmap_get_node:205: TRY: 73
DEBUG: src/lcthw/hashmap.c:Hashmap_get_node:205: TRY: 0
DEBUG: src/lcthw/hashmap.c:Hashmap_get_node:205: TRY: 1
DEBUG: src/lcthw/hashmap.c:Hashmap_get_node:205: TRY: 2
DEBUG: src/lcthw/hashmap.c:Hashmap_get_node:205: TRY: 3
DEBUG: src/lcthw/hashmap.c:Hashmap_get_node:205: TRY: 4
DEBUG: src/lcthw/hashmap.c:Hashmap_get_node:205: TRY: 5
DEBUG: src/lcthw/hashmap.c:Hashmap_get_node:205: TRY: 6
DEBUG: src/lcthw/hashmap.c:Hashmap_get_node:205: TRY: 7
DEBUG: src/lcthw/hashmap.c:Hashmap_get_node:205: TRY: 8
DEBUG: src/lcthw/hashmap.c:Hashmap_get_node:205: TRY: 9
DEBUG: src/lcthw/hashmap.c:Hashmap_get_node:205: TRY: 10
DEBUG: src/lcthw/hashmap.c:Hashmap_get_node:205: TRY: 11
DEBUG: src/lcthw/hashmap.c:Hashmap_get_node:205: TRY: 12
DEBUG: src/lcthw/hashmap.c:Hashmap_get_node:205: TRY: 13
DEBUG: src/lcthw/hashmap.c:Hashmap_get_node:205: TRY: 14
DEBUG: src/lcthw/hashmap.c:Hashmap_get_node:205: TRY: 15
DEBUG: src/lcthw/hashmap.c:Hashmap_get_node:205: TRY: 16
DEBUG: src/lcthw/hashmap.c:Hashmap_get_node:205: TRY: 17
DEBUG: src/lcthw/hashmap.c:Hashmap_get_node:205: TRY: 18
DEBUG: src/lcthw/hashmap.c:Hashmap_get_node:205: TRY: 19
DEBUG: src/lcthw/hashmap.c:Hashmap_get_node:205: TRY: 20
DEBUG: src/lcthw/hashmap.c:Hashmap_get_node:205: TRY: 21
DEBUG: src/lcthw/hashmap.c:Hashmap_get_node:205: TRY: 22
DEBUG: src/lcthw/hashmap.c:Hashmap_get_node:205: TRY: 23
DEBUG: src/lcthw/hashmap.c:Hashmap_get_node:205: TRY: 24
DEBUG: src/lcthw/hashmap.c:Hashmap_get_node:205: TRY: 25
DEBUG: src/lcthw/hashmap.c:Hashmap_get_node:205: TRY: 26
DEBUG: src/lcthw/hashmap.c:Hashmap_get_node:205: TRY: 27
DEBUG: src/lcthw/hashmap.c:Hashmap_get_node:205: TRY: 28
DEBUG: src/lcthw/hashmap.c:Hashmap_get_node:205: TRY: 29
DEBUG: src/lcthw/hashmap.c:Hashmap_get_node:205: TRY: 30
DEBUG: src/lcthw/hashmap.c:Hashmap_get_node:205: TRY: 31
DEBUG: src/lcthw/hashmap.c:Hashmap_get_node:205: TRY: 32
DEBUG: src/lcthw/hashmap.c:Hashmap_get_node:205: TRY: 33
DEBUG: src/lcthw/hashmap.c:Hashmap_get_node:205: TRY: 34
DEBUG: src/lcthw/hashmap.c:Hashmap_get_node:205: TRY: 35
DEBUG: src/lcthw/hashmap.c:Hashmap_get_node:205: TRY: 36
DEBUG: src/lcthw/hashmap.c:Hashmap_get_node:205: TRY: 37
DEBUG: src/lcthw/hashmap.c:Hashmap_get_node:205: TRY: 38
DEBUG: src/lcthw/hashmap.c:Hashmap_get_node:205: TRY: 39
DEBUG: src/lcthw/hashmap.c:Hashmap_get_node:205: TRY: 40
DEBUG: src/lcthw/hashmap.c:Hashmap_get_node:205: TRY: 41
DEBUG: src/lcthw/hashmap.c:Hashmap_get_node:205: TRY: 42
DEBUG: src/lcthw/hashmap.c:Hashmap_get_node:205: TRY: 43
DEBUG: src/lcthw/hashmap.c:Hashmap_get_node:205: TRY: 44
DEBUG: src/lcthw/hashmap.c:Hashmap_get_node:205: TRY: 45
DEBUG: src/lcthw/hashmap.c:Hashmap_get_node:205: TRY: 46
DEBUG: src/lcthw/hashmap.c:Hashmap_get_node:205: TRY: 47
DEBUG: src/lcthw/hashmap.c:Hashmap_get_node:205: TRY: 48
DEBUG: src/lcthw/hashmap.c:Hashmap_get_node:205: TRY: 49
DEBUG: src/lcthw/hashmap.c:Hashmap_get_node:205: TRY: 50
DEBUG: src/lcthw/hashmap.c:Hashmap_get_node:205: TRY: 51
DEBUG: src/lcthw/hashmap.c:Hashmap_get_node:205: TRY: 52
DEBUG: src/lcthw/hashmap.c:Hashmap_get_node:205: TRY: 53
DEBUG: src/lcthw/hashmap.c:Hashmap_get_node:205: TRY: 54
DEBUG: src/lcthw/hashmap.c:Hashmap_get_node:205: TRY: 55
DEBUG: src/lcthw/hashmap.c:Hashmap_get_node:205: TRY: 56
DEBUG: src/lcthw/hashmap.c:Hashmap_get_node:205: TRY: 57
DEBUG: src/lcthw/hashmap.c:Hashmap_get_node:205: TRY: 58
DEBUG: src/lcthw/hashmap.c:Hashmap_get_node:205: TRY: 59
DEBUG: src/lcthw/hashmap.c:Hashmap_get_node:205: TRY: 60
DEBUG: src/lcthw/hashmap.c:Hashmap_get_node:205: TRY: 61
DEBUG: src/lcthw/hashmap.c:Hashmap_get_node:205: TRY: 62
DEBUG: src/lcthw/hashmap.c:Hashmap_get_node:205: TRY: 63
DEBUG: src/lcthw/hashmap.c:Hashmap_get_node:205: TRY: 64
DEBUG: src/lcthw/hashmap.c:Hashmap_get_node:205: TRY: 65
DEBUG: src/lcthw/hashmap.c:Hashmap_get_node:205: TRY: 66
DEBUG: src/lcthw/hashmap.c:Hashmap_get_node:205: TRY: 67
DEBUG: src/lcthw/hashmap.c:Hashmap_get_node:205: TRY: 68
DEBUG: src/lcthw/hashmap.c:Hashmap_get_node:205: TRY: 69
DEBUG: src/lcthw/hashmap.c:Hashmap_get_node:205: TRY: 70
DEBUG: src/lcthw/hashmap.c:Hashmap_get_node:205: TRY: 71
DEBUG: src/lcthw/hashmap.c:Hashmap_get_node:205: TRY: 72
DEBUG: src/lcthw/hashmap.c:Hashmap_get_node:205: TRY: 73
DEBUG: src/lcthw/hashmap.c:Hashmap_get_node:205: TRY: 74
DEBUG: src/lcthw/hashmap.c:Hashmap_get_node:205: TRY: 0
DEBUG: src/lcthw/hashmap.c:Hashmap_get_node:205: TRY: 1
DEBUG: src/lcthw/hashmap.c:Hashmap_get_node:205: TRY: 2
DEBUG: src/lcthw/hashmap.c:Hashmap_get_node:205: TRY: 3
DEBUG: src/lcthw/hashmap.c:Hashmap_get_node:205: TRY: 4
DEBUG: src/lcthw/hashmap.c:Hashmap_get_node:205: TRY: 5
DEBUG: src/lcthw/hashmap.c:Hashmap_get_node:205: TRY: 6
DEBUG: src/lcthw/hashmap.c:Hashmap_get_node:205: TRY: 7
DEBUG: src/lcthw/hashmap.c:Hashmap_get_node:205: TRY: 8
DEBUG: src/lcthw/hashmap.c:Hashmap_get_node:205: TRY: 9
DEBUG: src/lcthw/hashmap.c:Hashmap_get_node:205: TRY: 10
DEBUG: src/lcthw/hashmap.c:Hashmap_get_node:205: TRY: 11
DEBUG: src/lcthw/hashmap.c:Hashmap_get_node:205: TRY: 12
DEBUG: src/lcthw/hashmap.c:Hashmap_get_node:205: TRY: 13
DEBUG: src/lcthw/hashmap.c:Hashmap_get_node:205: TRY: 14
DEBUG: src/lcthw/hashmap.c:Hashmap_get_node:205: TRY: 15
DEBUG: src/lcthw/hashmap.c:Hashmap_get_node:205: TRY: 16
DEBUG: src/lcthw/hashmap.c:Hashmap_get_node:205: TRY: 17
DEBUG: src/lcthw/hashmap.c:Hashmap_get_node:205: TRY: 18
DEBUG: src/lcthw/hashmap.c:Hashmap_get_node:205: TRY: 19
DEBUG: src/lcthw/hashmap.c:Hashmap_get_node:205: TRY: 20
DEBUG: src/lcthw/hashmap.c:Hashmap_get_node:205: TRY: 21
DEBUG: src/lcthw/hashmap.c:Hashmap_get_node:205: TRY: 22
DEBUG: src/lcthw/hashmap.c:Hashmap_get_node:205: TRY: 23
DEBUG: src/lcthw/hashmap.c:Hashmap_get_node:205: TRY: 24
DEBUG: src/lcthw/hashmap.c:Hashmap_get_node:205: TRY: 25
DEBUG: src/lcthw/hashmap.c:Hashmap_get_node:205: TRY: 26
DEBUG: src/lcthw/hashmap.c:Hashmap_get_node:205: TRY: 27
DEBUG: src/lcthw/hashmap.c:Hashmap_get_node:205: TRY: 28
DEBUG: src/lcthw/hashmap.c:Hashmap_get_node:205: TRY: 29
DEBUG: src/lcthw/hashmap.c:Hashmap_get_node:205: TRY: 30
DEBUG: src/lcthw/hashmap.c:Hashmap_get_node:205: TRY: 31
DEBUG: src/lcthw/hashmap.c:Hashmap_get_node:205: TRY: 32
DEBUG: src/lcthw/hashmap.c:Hashmap_get_node:205: TRY: 33
DEBUG: src/lcthw/hashmap.c:Hashmap_get_node:205: TRY: 34
DEBUG: src/lcthw/hashmap.c:Hashmap_get_node:205: TRY: 35
DEBUG: src/lcthw/hashmap.c:Hashmap_get_node:205: TRY: 36
DEBUG: src/lcthw/hashmap.c:Hashmap_get_node:205: TRY: 37
DEBUG: src/lcthw/hashmap.c:Hashmap_get_node:205: TRY: 38
DEBUG: src/lcthw/hashmap.c:Hashmap_get_node:205: TRY: 39
DEBUG: src/lcthw/hashmap.c:Hashmap_get_node:205: TRY: 40
DEBUG: src/lcthw/hashmap.c:Hashmap_get_node:205: TRY: 41
DEBUG: src/lcthw/hashmap.c:Hashmap_get_node:205: TRY: 42
DEBUG: src/lcthw/hashmap.c:Hashmap_get_node:205: TRY: 43
DEBUG: src/lcthw/hashmap.c:Hashmap_get_node:205: TRY: 44
DEBUG: src/lcthw/hashmap.c:Hashmap_get_node:205: TRY: 45
DEBUG: src/lcthw/hashmap.c:Hashmap_get_node:205: TRY: 46
DEBUG: src/lcthw/hashmap.c:Hashmap_get_node:205: TRY: 47
DEBUG: src/lcthw/hashmap.c:Hashmap_get_node:205: TRY: 48
DEBUG: src/lcthw/hashmap.c:Hashmap_get_node:205: TRY: 49
DEBUG: src/lcthw/hashmap.c:Hashmap_get_node:205: TRY: 50
DEBUG: src/lcthw/hashmap.c:Hashmap_get_node:205: TRY: 51
DEBUG: src/lcthw/hashmap.c:Hashmap_get_node:205: TRY: 52
DEBUG: src/lcthw/hashmap.c:Hashmap_get_node:205: TRY: 53
DEBUG: src/lcthw/hashmap.c:Hashmap_get_node:205: TRY: 54
DEBUG: src/lcthw/hashmap.c:Hashmap_get_node:205: TRY: 55
DEBUG: src/lcthw/hashmap.c:Hashmap_get_node:205: TRY: 56
DEBUG: src/lcthw/hashmap.c:Hashmap_get_node:205: TRY: 57
DEBUG: src/lcthw/hashmap.c:Hashmap_get_node:205: TRY: 58
DEBUG: src/lcthw/hashmap.c:Hashmap_get_node:205: TRY: 59
DEBUG: src/lcthw/hashmap.c:Hashmap_get_node:205: TRY: 60
DEBUG: src/lcthw/hashmap.c:Hashmap_get_node:205: TRY: 61
DEBUG: src/lcthw/hashmap.c:Hashmap_get_node:205: TRY: 62
DEBUG: src/lcthw/hashmap.c:Hashmap_get_node:205: TRY: 63
DEBUG: src/lcthw/hashmap.c:Hashmap_get_node:205: TRY: 64
DEBUG: src/lcthw/hashmap.c:Hashmap_get_node:205: TRY: 65
DEBUG: src/lcthw/hashmap.c:Hashmap_get_node:205: TRY: 66
DEBUG: src/lcthw/hashmap.c:Hashmap_get_node:205: TRY: 67
DEBUG: src/lcthw/hashmap.c:Hashmap_get_node:205: TRY: 68
DEBUG: src/lcthw/hashmap.c:Hashmap_get_node:205: TRY: 69
DEBUG: src/lcthw/hashmap.c:Hashmap_get_node:205: TRY: 70
DEBUG: src/lcthw/hashmap.c:Hashmap_get_node:205: TRY: 71
DEBUG: src/lcthw/hashmap.c:Hashmap_get_node:205: TRY: 72
DEBUG: src/lcthw/hashmap.c:Hashmap_get_node:205: TRY: 73
DEBUG: src/lcthw/hashmap.c:Hashmap_get_node:205: TRY: 74
DEBUG: src/lcthw/hashmap.c:Hashmap_get_node:205: TRY: 75
DEBUG: src/lcthw/hashmap.c:Hashmap_get_node:205: TRY: 0
DEBUG: src/lcthw/hashmap.c:Hashmap_get_node:205: TRY: 1
DEBUG: src/lcthw/hashmap.c:Hashmap_get_node:205: TRY: 2
DEBUG: src/lcthw/hashmap.c:Hashmap_get_node:205: TRY: 3
DEBUG: src/lcthw/hashmap.c:Hashmap_get_node:205: TRY: 4
DEBUG: src/lcthw/hashmap.c:Hashmap_get_node:205: TRY: 5
DEBUG: src/lcthw/hashmap.c:Hashmap_get_node:205: TRY: 6
DEBUG: src/lcthw/hashmap.c:Hashmap_get_node:205: TRY: 7
DEBUG: src/lcthw/hashmap.c:Hashmap_get_node:205: TRY: 8
DEBUG: src/lcthw/hashmap.c:Hashmap_get_node:205: TRY: 9
DEBUG: src/lcthw/hashmap.c:Hashmap_get_node:205: TRY: 10
DEBUG: src/lcthw/hashmap.c:Hashmap_get_node:205: TRY: 11
DEBUG: src/lcthw/hashmap.c:Hashmap_get_node:205: TRY: 12
DEBUG: src/lcthw/hashmap.c:Hashmap_get_node:205: TRY: 13
DEBUG: src/lcthw/hashmap.c:Hashmap_get_node:205: TRY: 14
DEBUG: src/lcthw/hashmap.c:Hashmap_get_node:205: TRY: 15
DEBUG: src/lcthw/hashmap.c:Hashmap_get_node:205: TRY: 16
DEBUG: src/lcthw/hashmap.c:Hashmap_get_node:205: TRY: 17
DEBUG: src/lcthw/hashmap.c:Hashmap_get_node:205: TRY: 18
DEBUG: src/lcthw/hashmap.c:Hashmap_get_node:205: TRY: 19
DEBUG: src/lcthw/hashmap.c:Hashmap_get_node:205: TRY: 20
DEBUG: src/lcthw/hashmap.c:Hashmap_get_node:205: TRY: 21
DEBUG: src/lcthw/hashmap.c:Hashmap_get_node:205: TRY: 22
DEBUG: src/lcthw/hashmap.c:Hashmap_get_node:205: TRY: 23
DEBUG: src/lcthw/hashmap.c:Hashmap_get_node:205: TRY: 24
DEBUG: src/lcthw/hashmap.c:Hashmap_get_node:205: TRY: 25
DEBUG: src/lcthw/hashmap.c:Hashmap_get_node:205: TRY: 26
DEBUG: src/lcthw/hashmap.c:Hashmap_get_node:205: TRY: 27
DEBUG: src/lcthw/hashmap.c:Hashmap_get_node:205: TRY: 28
DEBUG: src/lcthw/hashmap.c:Hashmap_get_node:205: TRY: 29
DEBUG: src/lcthw/hashmap.c:Hashmap_get_node:205: TRY: 30
DEBUG: src/lcthw/hashmap.c:Hashmap_get_node:205: TRY: 31
DEBUG: src/lcthw/hashmap.c:Hashmap_get_node:205: TRY: 32
DEBUG: src/lcthw/hashmap.c:Hashmap_get_node:205: TRY: 33
DEBUG: src/lcthw/hashmap.c:Hashmap_get_node:205: TRY: 34
DEBUG: src/lcthw/hashmap.c:Hashmap_get_node:205: TRY: 35
DEBUG: src/lcthw/hashmap.c:Hashmap_get_node:205: TRY: 36
DEBUG: src/lcthw/hashmap.c:Hashmap_get_node:205: TRY: 37
DEBUG: src/lcthw/hashmap.c:Hashmap_get_node:205: TRY: 38
DEBUG: src/lcthw/hashmap.c:Hashmap_get_node:205: TRY: 39
DEBUG: src/lcthw/hashmap.c:Hashmap_get_node:205: TRY: 40
DEBUG: src/lcthw/hashmap.c:Hashmap_get_node:205: TRY: 41
DEBUG: src/lcthw/hashmap.c:Hashmap_get_node:205: TRY: 42
DEBUG: src/lcthw/hashmap.c:Hashmap_get_node:205: TRY: 43
DEBUG: src/lcthw/hashmap.c:Hashmap_get_node:205: TRY: 44
DEBUG: src/lcthw/hashmap.c:Hashmap_get_node:205: TRY: 45
DEBUG: src/lcthw/hashmap.c:Hashmap_get_node:205: TRY: 46
DEBUG: src/lcthw/hashmap.c:Hashmap_get_node:205: TRY: 47
DEBUG: src/lcthw/hashmap.c:Hashmap_get_node:205: TRY: 48
DEBUG: src/lcthw/hashmap.c:Hashmap_get_node:205: TRY: 49
DEBUG: src/lcthw/hashmap.c:Hashmap_get_node:205: TRY: 50
DEBUG: src/lcthw/hashmap.c:Hashmap_get_node:205: TRY: 51
DEBUG: src/lcthw/hashmap.c:Hashmap_get_node:205: TRY: 52
DEBUG: src/lcthw/hashmap.c:Hashmap_get_node:205: TRY: 53
DEBUG: src/lcthw/hashmap.c:Hashmap_get_node:205: TRY: 54
DEBUG: src/lcthw/hashmap.c:Hashmap_get_node:205: TRY: 55
DEBUG: src/lcthw/hashmap.c:Hashmap_get_node:205: TRY: 56
DEBUG: src/lcthw/hashmap.c:Hashmap_get_node:205: TRY: 57
DEBUG: src/lcthw/hashmap.c:Hashmap_get_node:205: TRY: 58
DEBUG: src/lcthw/hashmap.c:Hashmap_get_node:205: TRY: 59
DEBUG: src/lcthw/hashmap.c:Hashmap_get_node:205: TRY: 60
DEBUG: src/lcthw/hashmap.c:Hashmap_get_node:205: TRY: 61
DEBUG: src/lcthw/hashmap.c:Hashmap_get_node:205: TRY: 62
DEBUG: src/lcthw/hashmap.c:Hashmap_get_node:205: TRY: 63
DEBUG: src/lcthw/hashmap.c:Hashmap_get_node:205: TRY: 64
DEBUG: src/lcthw/hashmap.c:Hashmap_get_node:205: TRY: 65
DEBUG: src/lcthw/hashmap.c:Hashmap_get_node:205: TRY: 66
DEBUG: src/lcthw/hashmap.c:Hashmap_get_node:205: TRY: 67
DEBUG: src/lcthw/hashmap.c:Hashmap_get_node:205: TRY: 68
DEBUG: src/lcthw/hashmap.c:Hashmap_get_node:205: TRY: 69
DEBUG: src/lcthw/hashmap.c:Hashmap_get_node:205: TRY: 70
DEBUG: src/lcthw/hashmap.c:Hashmap_get_node:205: TRY: 71
DEBUG: src/lcthw/hashmap.c:Hashmap_get_node:205: TRY: 72
DEBUG: src/lcthw/hashmap.c:Hashmap_get_node:205: TRY: 73
DEBUG: src/lcthw/hashmap.c:Hashmap_get_node:205: TRY: 74
DEBUG: src/lcthw/hashmap.c:Hashmap_get_node:205: TRY: 75
DEBUG: src/lcthw/hashmap.c:Hashmap_get_node:205: TRY: 76
DEBUG: src/lcthw/hashmap.c:Hashmap_get_node:205: TRY: 77
DEBUG: src/lcthw/hashmap.c:Hashmap_get_node:205: TRY: 78
DEBUG: src/lcthw/hashmap.c:Hashmap_get_node:205: TRY: 79
DEBUG: src/lcthw/hashmap.c:Hashmap_get_node:205: TRY: 80
DEBUG: src/lcthw/hashmap.c:Hashmap_get_node:205: TRY: 81
DEBUG: src/lcthw/hashmap.c:Hashmap_get_node:205: TRY: 82
DEBUG: src/lcthw/hashmap.c:Hashmap_get_node:205: TRY: 83
DEBUG: src/lcthw/hashmap.c:Hashmap_get_node:205: TRY: 84
DEBUG: src/lcthw/hashmap.c:Hashmap_get_node:205: TRY: 85
DEBUG: src/lcthw/hashmap.c:Hashmap_get_node:205: TRY: 86
DEBUG: src/lcthw/hashmap.c:Hashmap_get_node:205: TRY: 87
DEBUG: src/lcthw/hashmap.c:Hashmap_get_node:205: TRY: 88
DEBUG: src/lcthw/hashmap.c:Hashmap_get_node:205: TRY: 89
DEBUG: src/lcthw/hashmap.c:Hashmap_get_node:205: TRY: 90
DEBUG: src/lcthw/hashmap.c:Hashmap_get_node:205: TRY: 91
DEBUG: src/lcthw/hashmap.c:Hashmap_get_node:205: TRY: 0
DEBUG: src/lcthw/hashmap.c:Hashmap_get_node:205: TRY: 1
DEBUG: src/lcthw/hashmap.c:Hashmap_get_node:205: TRY: 2
DEBUG: src/lcthw/hashmap.c:Hashmap_get_node:205: TRY: 3
DEBUG: src/lcthw/hashmap.c:Hashmap_get_node:205: TRY: 4
DEBUG: src/lcthw/hashmap.c:Hashmap_get_node:205: TRY: 5
DEBUG: src/lcthw/hashmap.c:Hashmap_get_node:205: TRY: 6
DEBUG: src/lcthw/hashmap.c:Hashmap_get_node:205: TRY: 7
DEBUG: src/lcthw/hashmap.c:Hashmap_get_node:205: TRY: 8
DEBUG: src/lcthw/hashmap.c:Hashmap_get_node:205: TRY: 9
DEBUG: src/lcthw/hashmap.c:Hashmap_get_node:205: TRY: 10
DEBUG: src/lcthw/hashmap.c:Hashmap_get_node:205: TRY: 11
DEBUG: src/lcthw/hashmap.c:Hashmap_get_node:205: TRY: 12
DEBUG: src/lcthw/hashmap.c:Hashmap_get_node:205: TRY: 13
DEBUG: src/lcthw/hashmap.c:Hashmap_get_node:205: TRY: 14
DEBUG: src/lcthw/hashmap.c:Hashmap_get_node:205: TRY: 15
DEBUG: src/lcthw/hashmap.c:Hashmap_get_node:205: TRY: 16
DEBUG: src/lcthw/hashmap.c:Hashmap_get_node:205: TRY: 17
DEBUG: src/lcthw/hashmap.c:Hashmap_get_node:205: TRY: 18
DEBUG: src/lcthw/hashmap.c:Hashmap_get_node:205: TRY: 19
DEBUG: src/lcthw/hashmap.c:Hashmap_get_node:205: TRY: 20
DEBUG: src/lcthw/hashmap.c:Hashmap_get_node:205: TRY: 21
DEBUG: src/lcthw/hashmap.c:Hashmap_get_node:205: TRY: 22
DEBUG: src/lcthw/hashmap.c:Hashmap_get_node:205: TRY: 23
DEBUG: src/lcthw/hashmap.c:Hashmap_get_node:205: TRY: 24
DEBUG: src/lcthw/hashmap.c:Hashmap_get_node:205: TRY: 25
DEBUG: src/lcthw/hashmap.c:Hashmap_get_node:205: TRY: 26
DEBUG: src/lcthw/hashmap.c:Hashmap_get_node:205: TRY: 27
DEBUG: src/lcthw/hashmap.c:Hashmap_get_node:205: TRY: 28
DEBUG: src/lcthw/hashmap.c:Hashmap_get_node:205: TRY: 29
DEBUG: src/lcthw/hashmap.c:Hashmap_get_node:205: TRY: 30
DEBUG: src/lcthw/hashmap.c:Hashmap_get_node:205: TRY: 31
DEBUG: src/lcthw/hashmap.c:Hashmap_get_node:205: TRY: 32
DEBUG: src/lcthw/hashmap.c:Hashmap_get_node:205: TRY: 33
DEBUG: src/lcthw/hashmap.c:Hashmap_get_node:205: TRY: 34
DEBUG: src/lcthw/hashmap.c:Hashmap_get_node:205: TRY: 35
DEBUG: src/lcthw/hashmap.c:Hashmap_get_node:205: TRY: 36
DEBUG: src/lcthw/hashmap.c:Hashmap_get_node:205: TRY: 37
DEBUG: src/lcthw/hashmap.c:Hashmap_get_node:205: TRY: 38
DEBUG: src/lcthw/hashmap.c:Hashmap_get_node:205: TRY: 39
DEBUG: src/lcthw/hashmap.c:Hashmap_get_node:205: TRY: 40
DEBUG: src/lcthw/hashmap.c:Hashmap_get_node:205: TRY: 41
DEBUG: src/lcthw/hashmap.c:Hashmap_get_node:205: TRY: 42
DEBUG: src/lcthw/hashmap.c:Hashmap_get_node:205: TRY: 43
DEBUG: src/lcthw/hashmap.c:Hashmap_get_node:205: TRY: 44
DEBUG: src/lcthw/hashmap.c:Hashmap_get_node:205: TRY: 45
DEBUG: src/lcthw/hashmap.c:Hashmap_get_node:205: TRY: 46
DEBUG: src/lcthw/hashmap.c:Hashmap_get_node:205: TRY: 47
DEBUG: src/lcthw/hashmap.c:Hashmap_get_node:205: TRY: 48
DEBUG: src/lcthw/hashmap.c:Hashmap_get_node:205: TRY: 49
DEBUG: src/lcthw/hashmap.c:Hashmap_get_node:205: TRY: 50
DEBUG: src/lcthw/hashmap.c:Hashmap_get_node:205: TRY: 51
DEBUG: src/lcthw/hashmap.c:Hashmap_get_node:205: TRY: 52
DEBUG: src/lcthw/hashmap.c:Hashmap_get_node:205: TRY: 53
DEBUG: src/lcthw/hashmap.c:Hashmap_get_node:205: TRY: 54
DEBUG: src/lcthw/hashmap.c:Hashmap_get_node:205: TRY: 55
DEBUG: src/lcthw/hashmap.c:Hashmap_get_node:205: TRY: 56
DEBUG: src/lcthw/hashmap.c:Hashmap_get_node:205: TRY: 57
DEBUG: src/lcthw/hashmap.c:Hashmap_get_node:205: TRY: 58
DEBUG: src/lcthw/hashmap.c:Hashmap_get_node:205: TRY: 59
DEBUG: src/lcthw/hashmap.c:Hashmap_get_node:205: TRY: 60
DEBUG: src/lcthw/hashmap.c:Hashmap_get_node:205: TRY: 61
DEBUG: src/lcthw/hashmap.c:Hashmap_get_node:205: TRY: 62
DEBUG: src/lcthw/hashmap.c:Hashmap_get_node:205: TRY: 63
DEBUG: src/lcthw/hashmap.c:Hashmap_get_node:205: TRY: 64
DEBUG: src/lcthw/hashmap.c:Hashmap_get_node:205: TRY: 65
DEBUG: src/lcthw/hashmap.c:Hashmap_get_node:205: TRY: 66
DEBUG: src/lcthw/hashmap.c:Hashmap_get_node:205: TRY: 67
DEBUG: src/lcthw/hashmap.c:Hashmap_get_node:205: TRY: 68
DEBUG: src/lcthw/hashmap.c:Hashmap_get_node:205: TRY: 69
DEBUG: src/lcthw/hashmap.c:Hashmap_get_node:205: TRY: 70
DEBUG: src/lcthw/hashmap.c:Hashmap_get_node:205: TRY: 71
DEBUG: src/lcthw/hashmap.c:Hashmap_get_node:205: TRY: 72
DEBUG: src/lcthw/hashmap.c:Hashmap_get_node:205: TRY: 73
DEBUG: src/lcthw/hashmap.c:Hashmap_get_node:205: TRY: 74
DEBUG: src/lcthw/hashmap.c:Hashmap_get_node:205: TRY: 0
DEBUG: src/lcthw/hashmap.c:Hashmap_get_node:205: TRY: 1
DEBUG: src/lcthw/hashmap.c:Hashmap_get_node:205: TRY: 2
DEBUG: src/lcthw/hashmap.c:Hashmap_get_node:205: TRY: 3
DEBUG: src/lcthw/hashmap.c:Hashmap_get_node:205: TRY: 4
DEBUG: src/lcthw/hashmap.c:Hashmap_get_node:205: TRY: 5
DEBUG: src/lcthw/hashmap.c:Hashmap_get_node:205: TRY: 6
DEBUG: src/lcthw/hashmap.c:Hashmap_get_node:205: TRY: 7
DEBUG: src/lcthw/hashmap.c:Hashmap_get_node:205: TRY: 8
DEBUG: src/lcthw/hashmap.c:Hashmap_get_node:205: TRY: 9
DEBUG: src/lcthw/hashmap.c:Hashmap_get_node:205: TRY: 10
DEBUG: src/lcthw/hashmap.c:Hashmap_get_node:205: TRY: 11
DEBUG: src/lcthw/hashmap.c:Hashmap_get_node:205: TRY: 12
DEBUG: src/lcthw/hashmap.c:Hashmap_get_node:205: TRY: 13
DEBUG: src/lcthw/hashmap.c:Hashmap_get_node:205: TRY: 14
DEBUG: src/lcthw/hashmap.c:Hashmap_get_node:205: TRY: 15
DEBUG: src/lcthw/hashmap.c:Hashmap_get_node:205: TRY: 16
DEBUG: src/lcthw/hashmap.c:Hashmap_get_node:205: TRY: 17
DEBUG: src/lcthw/hashmap.c:Hashmap_get_node:205: TRY: 18
DEBUG: src/lcthw/hashmap.c:Hashmap_get_node:205: TRY: 19
DEBUG: src/lcthw/hashmap.c:Hashmap_get_node:205: TRY: 20
DEBUG: src/lcthw/hashmap.c:Hashmap_get_node:205: TRY: 21
DEBUG: src/lcthw/hashmap.c:Hashmap_get_node:205: TRY: 22
DEBUG: src/lcthw/hashmap.c:Hashmap_get_node:205: TRY: 23
DEBUG: src/lcthw/hashmap.c:Hashmap_get_node:205: TRY: 24
DEBUG: src/lcthw/hashmap.c:Hashmap_get_node:205: TRY: 25
DEBUG: src/lcthw/hashmap.c:Hashmap_get_node:205: TRY: 26
DEBUG: src/lcthw/hashmap.c:Hashmap_get_node:205: TRY: 27
DEBUG: src/lcthw/hashmap.c:Hashmap_get_node:205: TRY: 28
DEBUG: src/lcthw/hashmap.c:Hashmap_get_node:205: TRY: 29
DEBUG: src/lcthw/hashmap.c:Hashmap_get_node:205: TRY: 30
DEBUG: src/lcthw/hashmap.c:Hashmap_get_node:205: TRY: 31
DEBUG: src/lcthw/hashmap.c:Hashmap_get_node:205: TRY: 32
DEBUG: src/lcthw/hashmap.c:Hashmap_get_node:205: TRY: 33
DEBUG: src/lcthw/hashmap.c:Hashmap_get_node:205: TRY: 34
DEBUG: src/lcthw/hashmap.c:Hashmap_get_node:205: TRY: 35
DEBUG: src/lcthw/hashmap.c:Hashmap_get_node:205: TRY: 36
DEBUG: src/lcthw/hashmap.c:Hashmap_get_node:205: TRY: 37
DEBUG: src/lcthw/hashmap.c:Hashmap_get_node:205: TRY: 38
DEBUG: src/lcthw/hashmap.c:Hashmap_get_node:205: TRY: 39
DEBUG: src/lcthw/hashmap.c:Hashmap_get_node:205: TRY: 40
DEBUG: src/lcthw/hashmap.c:Hashmap_get_node:205: TRY: 41
DEBUG: src/lcthw/hashmap.c:Hashmap_get_node:205: TRY: 42
DEBUG: src/lcthw/hashmap.c:Hashmap_get_node:205: TRY: 43
DEBUG: src/lcthw/hashmap.c:Hashmap_get_node:205: TRY: 44
DEBUG: src/lcthw/hashmap.c:Hashmap_get_node:205: TRY: 45
DEBUG: src/lcthw/hashmap.c:Hashmap_get_node:205: TRY: 46
DEBUG: src/lcthw/hashmap.c:Hashmap_get_node:205: TRY: 47
DEBUG: src/lcthw/hashmap.c:Hashmap_get_node:205: TRY: 48
DEBUG: src/lcthw/hashmap.c:Hashmap_get_node:205: TRY: 49
DEBUG: src/lcthw/hashmap.c:Hashmap_get_node:205: TRY: 50
DEBUG: src/lcthw/hashmap.c:Hashmap_get_node:205: TRY: 51
DEBUG: src/lcthw/hashmap.c:Hashmap_get_node:205: TRY: 52
DEBUG: src/lcthw/hashmap.c:Hashmap_get_node:205: TRY: 53
DEBUG: src/lcthw/hashmap.c:Hashmap_get_node:205: TRY: 54
DEBUG: src/lcthw/hashmap.c:Hashmap_get_node:205: TRY: 55
DEBUG: src/lcthw/hashmap.c:Hashmap_get_node:205: TRY: 56
DEBUG: src/lcthw/hashmap.c:Hashmap_get_node:205: TRY: 57
DEBUG: src/lcthw/hashmap.c:Hashmap_get_node:205: TRY: 58
DEBUG: src/lcthw/hashmap.c:Hashmap_get_node:205: TRY: 59
DEBUG: src/lcthw/hashmap.c:Hashmap_get_node:205: TRY: 60
DEBUG: src/lcthw/hashmap.c:Hashmap_get_node:205: TRY: 61
DEBUG: src/lcthw/hashmap.c:Hashmap_get_node:205: TRY: 62
DEBUG: src/lcthw/hashmap.c:Hashmap_get_node:205: TRY: 63
DEBUG: src/lcthw/hashmap.c:Hashmap_get_node:205: TRY: 64
DEBUG: src/lcthw/hashmap.c:Hashmap_get_node:205: TRY: 65
DEBUG: src/lcthw/hashmap.c:Hashmap_get_node:205: TRY: 66
DEBUG: src/lcthw/hashmap.c:Hashmap_get_node:205: TRY: 67
DEBUG: src/lcthw/hashmap.c:Hashmap_get_node:205: TRY: 68
DEBUG: src/lcthw/hashmap.c:Hashmap_get_node:205: TRY: 69
DEBUG: src/lcthw/hashmap.c:Hashmap_get_node:205: TRY: 70
DEBUG: src/lcthw/hashmap.c:Hashmap_get_node:205: TRY: 71
DEBUG: src/lcthw/hashmap.c:Hashmap_get_node:205: TRY: 72
DEBUG: src/lcthw/hashmap.c:Hashmap_get_node:205: TRY: 73
DEBUG: src/lcthw/hashmap.c:Hashmap_get_node:205: TRY: 74
DEBUG: src/lcthw/hashmap.c:Hashmap_get_node:205: TRY: 75
DEBUG: src/lcthw/hashmap.c:Hashmap_get_node:205: TRY: 76
DEBUG: src/lcthw/hashmap.c:Hashmap_get_node:205: TRY: 77
DEBUG: src/lcthw/hashmap.c:Hashmap_get_node:205: TRY: 78
DEBUG: src/lcthw/hashmap.c:Hashmap_get_node:205: TRY: 79
DEBUG: src/lcthw/hashmap.c:Hashmap_get_node:205: TRY: 80
DEBUG: src/lcthw/hashmap.c:Hashmap_get_node:205: TRY: 0
DEBUG: src/lcthw/hashmap.c:Hashmap_get_node:205: TRY: 1
DEBUG: src/lcthw/hashmap.c:Hashmap_get_node:205: TRY: 2
DEBUG: src/lcthw/hashmap.c:Hashmap_get_node:205: TRY: 3
DEBUG: src/lcthw/hashmap.c:Hashmap_get_node:205: TRY: 4
DEBUG: src/lcthw/hashmap.c:Hashmap_get_node:205: TRY: 5
DEBUG: src/lcthw/hashmap.c:Hashmap_get_node:205: TRY: 6
DEBUG: src/lcthw/hashmap.c:Hashmap_get_node:205: TRY: 7
DEBUG: src/lcthw/hashmap.c:Hashmap_get_node:205: TRY: 8
DEBUG: src/lcthw/hashmap.c:Hashmap_get_node:205: TRY: 9
DEBUG: src/lcthw/hashmap.c:Hashmap_get_node:205: TRY: 10
DEBUG: src/lcthw/hashmap.c:Hashmap_get_node:205: TRY: 11
DEBUG: src/lcthw/hashmap.c:Hashmap_get_node:205: TRY: 12
DEBUG: src/lcthw/hashmap.c:Hashmap_get_node:205: TRY: 13
DEBUG: src/lcthw/hashmap.c:Hashmap_get_node:205: TRY: 14
DEBUG: src/lcthw/hashmap.c:Hashmap_get_node:205: TRY: 15
DEBUG: src/lcthw/hashmap.c:Hashmap_get_node:205: TRY: 16
DEBUG: src/lcthw/hashmap.c:Hashmap_get_node:205: TRY: 17
DEBUG: src/lcthw/hashmap.c:Hashmap_get_node:205: TRY: 18
DEBUG: src/lcthw/hashmap.c:Hashmap_get_node:205: TRY: 19
DEBUG: src/lcthw/hashmap.c:Hashmap_get_node:205: TRY: 20
DEBUG: src/lcthw/hashmap.c:Hashmap_get_node:205: TRY: 21
DEBUG: src/lcthw/hashmap.c:Hashmap_get_node:205: TRY: 22
DEBUG: src/lcthw/hashmap.c:Hashmap_get_node:205: TRY: 23
DEBUG: src/lcthw/hashmap.c:Hashmap_get_node:205: TRY: 24
DEBUG: src/lcthw/hashmap.c:Hashmap_get_node:205: TRY: 25
DEBUG: src/lcthw/hashmap.c:Hashmap_get_node:205: TRY: 26
DEBUG: src/lcthw/hashmap.c:Hashmap_get_node:205: TRY: 27
DEBUG: src/lcthw/hashmap.c:Hashmap_get_node:205: TRY: 28
DEBUG: src/lcthw/hashmap.c:Hashmap_get_node:205: TRY: 29
DEBUG: src/lcthw/hashmap.c:Hashmap_get_node:205: TRY: 30
DEBUG: src/lcthw/hashmap.c:Hashmap_get_node:205: TRY: 31
DEBUG: src/lcthw/hashmap.c:Hashmap_get_node:205: TRY: 32
DEBUG: src/lcthw/hashmap.c:Hashmap_get_node:205: TRY: 33
DEBUG: src/lcthw/hashmap.c:Hashmap_get_node:205: TRY: 34
DEBUG: src/lcthw/hashmap.c:Hashmap_get_node:205: TRY: 35
DEBUG: src/lcthw/hashmap.c:Hashmap_get_node:205: TRY: 36
DEBUG: src/lcthw/hashmap.c:Hashmap_get_node:205: TRY: 37
DEBUG: src/lcthw/hashmap.c:Hashmap_get_node:205: TRY: 38
DEBUG: src/lcthw/hashmap.c:Hashmap_get_node:205: TRY: 39
DEBUG: src/lcthw/hashmap.c:Hashmap_get_node:205: TRY: 40
DEBUG: src/lcthw/hashmap.c:Hashmap_get_node:205: TRY: 41
DEBUG: src/lcthw/hashmap.c:Hashmap_get_node:205: TRY: 42
DEBUG: src/lcthw/hashmap.c:Hashmap_get_node:205: TRY: 43
DEBUG: src/lcthw/hashmap.c:Hashmap_get_node:205: TRY: 44
DEBUG: src/lcthw/hashmap.c:Hashmap_get_node:205: TRY: 45
DEBUG: src/lcthw/hashmap.c:Hashmap_get_node:205: TRY: 46
DEBUG: src/lcthw/hashmap.c:Hashmap_get_node:205: TRY: 47
DEBUG: src/lcthw/hashmap.c:Hashmap_get_node:205: TRY: 48
DEBUG: src/lcthw/hashmap.c:Hashmap_get_node:205: TRY: 49
DEBUG: src/lcthw/hashmap.c:Hashmap_get_node:205: TRY: 50
DEBUG: src/lcthw/hashmap.c:Hashmap_get_node:205: TRY: 51
DEBUG: src/lcthw/hashmap.c:Hashmap_get_node:205: TRY: 52
DEBUG: src/lcthw/hashmap.c:Hashmap_get_node:205: TRY: 53
DEBUG: src/lcthw/hashmap.c:Hashmap_get_node:205: TRY: 54
DEBUG: src/lcthw/hashmap.c:Hashmap_get_node:205: TRY: 55
DEBUG: src/lcthw/hashmap.c:Hashmap_get_node:205: TRY: 56
DEBUG: src/lcthw/hashmap.c:Hashmap_get_node:205: TRY: 57
DEBUG: src/lcthw/hashmap.c:Hashmap_get_node:205: TRY: 58
DEBUG: src/lcthw/hashmap.c:Hashmap_get_node:205: TRY: 59
DEBUG: src/lcthw/hashmap.c:Hashmap_get_node:205: TRY: 60
DEBUG: src/lcthw/hashmap.c:Hashmap_get_node:205: TRY: 61
DEBUG: src/lcthw/hashmap.c:Hashmap_get_node:205: TRY: 62
DEBUG: src/lcthw/hashmap.c:Hashmap_get_node:205: TRY: 63
DEBUG: src/lcthw/hashmap.c:Hashmap_get_node:205: TRY: 64
DEBUG: src/lcthw/hashmap.c:Hashmap_get_node:205: TRY: 65
DEBUG: src/lcthw/hashmap.c:Hashmap_get_node:205: TRY: 66
DEBUG: src/lcthw/hashmap.c:Hashmap_get_node:205: TRY: 67
DEBUG: src/lcthw/hashmap.c:Hashmap_get_node:205: TRY: 68
DEBUG: src/lcthw/hashmap.c:Hashmap_get_node:205: TRY: 69
DEBUG: src/lcthw/hashmap.c:Hashmap_get_node:205: TRY: 70
DEBUG: src/lcthw/hashmap.c:Hashmap_get_node:205: TRY: 71
DEBUG: src/lcthw/hashmap.c:Hashmap_get_node:205: TRY: 72
DEBUG: src/lcthw/hashmap.c:Hashmap_get_node:205: TRY: 73
DEBUG: src/lcthw/hashmap.c:Hashmap_get_node:205: TRY: 74
DEBUG: src/lcthw/hashmap.c:Hashmap_get_node:205: TRY: 75
DEBUG: src/lcthw/hashmap.c:Hashmap_get_node:205: TRY: 76
DEBUG: src/lcthw/hashmap.c:Hashmap_get_node:205: TRY: 77
DEBUG: src/lcthw/hashmap.c:Hashmap_get_node:205: TRY: 78
DEBUG: src/lcthw/hashmap.c:Hashmap_get_node:205: TRY: 79
DEBUG: src/lcthw/hashmap.c:Hashmap_get_node:205: TRY: 80
DEBUG: src/lcthw/hashmap.c:Hashmap_get_node:205: TRY: 81
DEBUG: src/lcthw/hashmap.c:Hashmap_get_node:205: TRY: 82
DEBUG: src/lcthw/hashmap.c:Hashmap_get_node:205: TRY: 83
DEBUG: src/lcthw/hashmap.c:Hashmap_get_node:205: TRY: 0
DEBUG: src/lcthw/hashmap.c:Hashmap_get_node:205: TRY: 1
DEBUG: src/lcthw/hashmap.c:Hashmap_get_node:205: TRY: 2
DEBUG: src/lcthw/hashmap.c:Hashmap_get_node:205: TRY: 3
DEBUG: src/lcthw/hashmap.c:Hashmap_get_node:205: TRY: 4
DEBUG: src/lcthw/hashmap.c:Hashmap_get_node:205: TRY: 5
DEBUG: src/lcthw/hashmap.c:Hashmap_get_node:205: TRY: 6
DEBUG: src/lcthw/hashmap.c:Hashmap_get_node:205: TRY: 7
DEBUG: src/lcthw/hashmap.c:Hashmap_get_node:205: TRY: 8
DEBUG: src/lcthw/hashmap.c:Hashmap_get_node:205: TRY: 9
DEBUG: src/lcthw/hashmap.c:Hashmap_get_node:205: TRY: 10
DEBUG: src/lcthw/hashmap.c:Hashmap_get_node:205: TRY: 11
DEBUG: src/lcthw/hashmap.c:Hashmap_get_node:205: TRY: 12
DEBUG: src/lcthw/hashmap.c:Hashmap_get_node:205: TRY: 13
DEBUG: src/lcthw/hashmap.c:Hashmap_get_node:205: TRY: 14
DEBUG: src/lcthw/hashmap.c:Hashmap_get_node:205: TRY: 15
DEBUG: src/lcthw/hashmap.c:Hashmap_get_node:205: TRY: 16
DEBUG: src/lcthw/hashmap.c:Hashmap_get_node:205: TRY: 17
DEBUG: src/lcthw/hashmap.c:Hashmap_get_node:205: TRY: 18
DEBUG: src/lcthw/hashmap.c:Hashmap_get_node:205: TRY: 19
DEBUG: src/lcthw/hashmap.c:Hashmap_get_node:205: TRY: 20
DEBUG: src/lcthw/hashmap.c:Hashmap_get_node:205: TRY: 21
DEBUG: src/lcthw/hashmap.c:Hashmap_get_node:205: TRY: 22
DEBUG: src/lcthw/hashmap.c:Hashmap_get_node:205: TRY: 23
DEBUG: src/lcthw/hashmap.c:Hashmap_get_node:205: TRY: 24
DEBUG: src/lcthw/hashmap.c:Hashmap_get_node:205: TRY: 25
DEBUG: src/lcthw/hashmap.c:Hashmap_get_node:205: TRY: 26
DEBUG: src/lcthw/hashmap.c:Hashmap_get_node:205: TRY: 27
DEBUG: src/lcthw/hashmap.c:Hashmap_get_node:205: TRY: 28
DEBUG: src/lcthw/hashmap.c:Hashmap_get_node:205: TRY: 29
DEBUG: src/lcthw/hashmap.c:Hashmap_get_node:205: TRY: 30
DEBUG: src/lcthw/hashmap.c:Hashmap_get_node:205: TRY: 31
DEBUG: src/lcthw/hashmap.c:Hashmap_get_node:205: TRY: 32
DEBUG: src/lcthw/hashmap.c:Hashmap_get_node:205: TRY: 33
DEBUG: src/lcthw/hashmap.c:Hashmap_get_node:205: TRY: 34
DEBUG: src/lcthw/hashmap.c:Hashmap_get_node:205: TRY: 35
DEBUG: src/lcthw/hashmap.c:Hashmap_get_node:205: TRY: 36
DEBUG: src/lcthw/hashmap.c:Hashmap_get_node:205: TRY: 37
DEBUG: src/lcthw/hashmap.c:Hashmap_get_node:205: TRY: 38
DEBUG: src/lcthw/hashmap.c:Hashmap_get_node:205: TRY: 39
DEBUG: src/lcthw/hashmap.c:Hashmap_get_node:205: TRY: 40
DEBUG: src/lcthw/hashmap.c:Hashmap_get_node:205: TRY: 41
DEBUG: src/lcthw/hashmap.c:Hashmap_get_node:205: TRY: 42
DEBUG: src/lcthw/hashmap.c:Hashmap_get_node:205: TRY: 43
DEBUG: src/lcthw/hashmap.c:Hashmap_get_node:205: TRY: 44
DEBUG: src/lcthw/hashmap.c:Hashmap_get_node:205: TRY: 45
DEBUG: src/lcthw/hashmap.c:Hashmap_get_node:205: TRY: 46
DEBUG: src/lcthw/hashmap.c:Hashmap_get_node:205: TRY: 47
DEBUG: src/lcthw/hashmap.c:Hashmap_get_node:205: TRY: 48
DEBUG: src/lcthw/hashmap.c:Hashmap_get_node:205: TRY: 49
DEBUG: src/lcthw/hashmap.c:Hashmap_get_node:205: TRY: 50
DEBUG: src/lcthw/hashmap.c:Hashmap_get_node:205: TRY: 51
DEBUG: src/lcthw/hashmap.c:Hashmap_get_node:205: TRY: 52
DEBUG: src/lcthw/hashmap.c:Hashmap_get_node:205: TRY: 53
DEBUG: src/lcthw/hashmap.c:Hashmap_get_node:205: TRY: 54
DEBUG: src/lcthw/hashmap.c:Hashmap_get_node:205: TRY: 55
DEBUG: src/lcthw/hashmap.c:Hashmap_get_node:205: TRY: 56
DEBUG: src/lcthw/hashmap.c:Hashmap_get_node:205: TRY: 57
DEBUG: src/lcthw/hashmap.c:Hashmap_get_node:205: TRY: 58
DEBUG: src/lcthw/hashmap.c:Hashmap_get_node:205: TRY: 59
DEBUG: src/lcthw/hashmap.c:Hashmap_get_node:205: TRY: 60
DEBUG: src/lcthw/hashmap.c:Hashmap_get_node:205: TRY: 61
DEBUG: src/lcthw/hashmap.c:Hashmap_get_node:205: TRY: 62
DEBUG: src/lcthw/hashmap.c:Hashmap_get_node:205: TRY: 63
DEBUG: src/lcthw/hashmap.c:Hashmap_get_node:205: TRY: 64
DEBUG: src/lcthw/hashmap.c:Hashmap_get_node:205: TRY: 65
DEBUG: src/lcthw/hashmap.c:Hashmap_get_node:205: TRY: 66
DEBUG: src/lcthw/hashmap.c:Hashmap_get_node:205: TRY: 67
DEBUG: src/lcthw/hashmap.c:Hashmap_get_node:205: TRY: 68
DEBUG: src/lcthw/hashmap.c:Hashmap_get_node:205: TRY: 69
DEBUG: src/lcthw/hashmap.c:Hashmap_get_node:205: TRY: 70
DEBUG: src/lcthw/hashmap.c:Hashmap_get_node:205: TRY: 71
DEBUG: src/lcthw/hashmap.c:Hashmap_get_node:205: TRY: 72
DEBUG: src/lcthw/hashmap.c:Hashmap_get_node:205: TRY: 73
DEBUG: src/lcthw/hashmap.c:Hashmap_get_node:205: TRY: 74
DEBUG: src/lcthw/hashmap.c:Hashmap_get_node:205: TRY: 75
DEBUG: src/lcthw/hashmap.c:Hashmap_get_node:205: TRY: 76
DEBUG: src/lcthw/hashmap.c:Hashmap_get_node:205: TRY: 77
DEBUG: src/lcthw/hashmap.c:Hashmap_get_node:205: TRY: 78
DEBUG: src/lcthw/hashmap.c:Hashmap_get_node:205: TRY: 79
DEBUG: src/lcthw/hashmap.c:Hashmap_get_node:205: TRY: 80
DEBUG: src/lcthw/hashmap.c:Hashmap_get_node:205: TRY: 81
DEBUG: src/lcthw/hashmap.c:Hashmap_get_node:205: TRY: 82
DEBUG: src/lcthw/hashmap.c:Hashmap_get_node:205: TRY: 83
DEBUG: src/lcthw/hashmap.c:Hashmap_get_node:205: TRY: 84
DEBUG: src/lcthw/hashmap.c:Hashmap_get_node:205: TRY: 85
DEBUG: src/lcthw/hashmap.c:Hashmap_get_node:205: TRY: 86
DEBUG: src/lcthw/hashmap.c:Hashmap_get_node:205: TRY: 87
DEBUG: src/lcthw/hashmap.c:Hashmap_get_node:205: TRY: 88
DEBUG: src/lcthw/hashmap.c:Hashmap_get_node:205: TRY: 89
DEBUG: src/lcthw/hashmap.c:Hashmap_get_node:205: TRY: 90
DEBUG: src/lcthw/hashmap.c:Hashmap_get_node:205: TRY: 91
DEBUG: src/lcthw/hashmap.c:Hashmap_get_node:205: TRY: 92
DEBUG: src/lcthw/hashmap.c:Hashmap_get_node:205: TRY: 93
DEBUG: src/lcthw/hashmap.c:Hashmap_get_node:205: TRY: 94
DEBUG: src/lcthw/hashmap.c:Hashmap_get_node:205: TRY: 95
DEBUG: src/lcthw/hashmap.c:Hashmap_get_node:205: TRY: 96
DEBUG: src/lcthw/hashmap.c:Hashmap_get_node:205: TRY: 97
DEBUG: src/lcthw/hashmap.c:Hashmap_get_node:205: TRY: 98
DEBUG: src/lcthw/hashmap.c:Hashmap_get_node:205: TRY: 99
DEBUG: src/lcthw/hashmap.c:Hashmap_get_node:205: TRY: 100
DEBUG: src/lcthw/hashmap.c:Hashmap_get_node:205: TRY: 101
DEBUG: src/lcthw/hashmap.c:Hashmap_get_node:205: TRY: 102
DEBUG: src/lcthw/hashmap.c:Hashmap_get_node:205: TRY: 103
DEBUG: src/lcthw/hashmap.c:Hashmap_get_node:205: TRY: 104
DEBUG: src/lcthw/hashmap.c:Hashmap_get_node:205: TRY: 105
DEBUG: src/lcthw/hashmap.c:Hashmap_get_node:205: TRY: 106
DEBUG: src/lcthw/hashmap.c:Hashmap_get_node:205: TRY: 107
DEBUG: src/lcthw/hashmap.c:Hashmap_get_node:205: TRY: 108
DEBUG: src/lcthw/hashmap.c:Hashmap_get_node:205: TRY: 109
DEBUG: src/lcthw/hashmap.c:Hashmap_get_node:205: TRY: 110
DEBUG: src/lcthw/hashmap.c:Hashmap_get_node:205: TRY: 111
DEBUG: src/lcthw/hashmap.c:Hashmap_get_node:205: TRY: 0
DEBUG: src/lcthw/hashmap.c:Hashmap_get_node:205: TRY: 1
DEBUG: src/lcthw/hashmap.c:Hashmap_get_node:205: TRY: 2
DEBUG: src/lcthw/hashmap.c:Hashmap_get_node:205: TRY: 3
DEBUG: src/lcthw/hashmap.c:Hashmap_get_node:205: TRY: 4
DEBUG: src/lcthw/hashmap.c:Hashmap_get_node:205: TRY: 5
DEBUG: src/lcthw/hashmap.c:Hashmap_get_node:205: TRY: 6
DEBUG: src/lcthw/hashmap.c:Hashmap_get_node:205: TRY: 7
DEBUG: src/lcthw/hashmap.c:Hashmap_get_node:205: TRY: 8
DEBUG: src/lcthw/hashmap.c:Hashmap_get_node:205: TRY: 9
DEBUG: src/lcthw/hashmap.c:Hashmap_get_node:205: TRY: 10
DEBUG: src/lcthw/hashmap.c:Hashmap_get_node:205: TRY: 11
DEBUG: src/lcthw/hashmap.c:Hashmap_get_node:205: TRY: 12
DEBUG: src/lcthw/hashmap.c:Hashmap_get_node:205: TRY: 13
DEBUG: src/lcthw/hashmap.c:Hashmap_get_node:205: TRY: 14
DEBUG: src/lcthw/hashmap.c:Hashmap_get_node:205: TRY: 15
DEBUG: src/lcthw/hashmap.c:Hashmap_get_node:205: TRY: 16
DEBUG: src/lcthw/hashmap.c:Hashmap_get_node:205: TRY: 17
DEBUG: src/lcthw/hashmap.c:Hashmap_get_node:205: TRY: 18
DEBUG: src/lcthw/hashmap.c:Hashmap_get_node:205: TRY: 19
DEBUG: src/lcthw/hashmap.c:Hashmap_get_node:205: TRY: 20
DEBUG: src/lcthw/hashmap.c:Hashmap_get_node:205: TRY: 21
DEBUG: src/lcthw/hashmap.c:Hashmap_get_node:205: TRY: 22
DEBUG: src/lcthw/hashmap.c:Hashmap_get_node:205: TRY: 23
DEBUG: src/lcthw/hashmap.c:Hashmap_get_node:205: TRY: 24
DEBUG: src/lcthw/hashmap.c:Hashmap_get_node:205: TRY: 25
DEBUG: src/lcthw/hashmap.c:Hashmap_get_node:205: TRY: 26
DEBUG: src/lcthw/hashmap.c:Hashmap_get_node:205: TRY: 27
DEBUG: src/lcthw/hashmap.c:Hashmap_get_node:205: TRY: 28
DEBUG: src/lcthw/hashmap.c:Hashmap_get_node:205: TRY: 29
DEBUG: src/lcthw/hashmap.c:Hashmap_get_node:205: TRY: 30
DEBUG: src/lcthw/hashmap.c:Hashmap_get_node:205: TRY: 31
DEBUG: src/lcthw/hashmap.c:Hashmap_get_node:205: TRY: 32
DEBUG: src/lcthw/hashmap.c:Hashmap_get_node:205: TRY: 33
DEBUG: src/lcthw/hashmap.c:Hashmap_get_node:205: TRY: 34
DEBUG: src/lcthw/hashmap.c:Hashmap_get_node:205: TRY: 35
DEBUG: src/lcthw/hashmap.c:Hashmap_get_node:205: TRY: 36
DEBUG: src/lcthw/hashmap.c:Hashmap_get_node:205: TRY: 37
DEBUG: src/lcthw/hashmap.c:Hashmap_get_node:205: TRY: 38
DEBUG: src/lcthw/hashmap.c:Hashmap_get_node:205: TRY: 39
DEBUG: src/lcthw/hashmap.c:Hashmap_get_node:205: TRY: 40
DEBUG: src/lcthw/hashmap.c:Hashmap_get_node:205: TRY: 41
DEBUG: src/lcthw/hashmap.c:Hashmap_get_node:205: TRY: 42
DEBUG: src/lcthw/hashmap.c:Hashmap_get_node:205: TRY: 43
DEBUG: src/lcthw/hashmap.c:Hashmap_get_node:205: TRY: 44
DEBUG: src/lcthw/hashmap.c:Hashmap_get_node:205: TRY: 45
DEBUG: src/lcthw/hashmap.c:Hashmap_get_node:205: TRY: 46
DEBUG: src/lcthw/hashmap.c:Hashmap_get_node:205: TRY: 47
DEBUG: src/lcthw/hashmap.c:Hashmap_get_node:205: TRY: 48
DEBUG: src/lcthw/hashmap.c:Hashmap_get_node:205: TRY: 49
DEBUG: src/lcthw/hashmap.c:Hashmap_get_node:205: TRY: 50
DEBUG: src/lcthw/hashmap.c:Hashmap_get_node:205: TRY: 51
DEBUG: src/lcthw/hashmap.c:Hashmap_get_node:205: TRY: 52
DEBUG: src/lcthw/hashmap.c:Hashmap_get_node:205: TRY: 53
DEBUG: src/lcthw/hashmap.c:Hashmap_get_node:205: TRY: 54
DEBUG: src/lcthw/hashmap.c:Hashmap_get_node:205: TRY: 55
DEBUG: src/lcthw/hashmap.c:Hashmap_get_node:205: TRY: 56
DEBUG: src/lcthw/hashmap.c:Hashmap_get_node:205: TRY: 57
DEBUG: src/lcthw/hashmap.c:Hashmap_get_node:205: TRY: 58
DEBUG: src/lcthw/hashmap.c:Hashmap_get_node:205: TRY: 59
DEBUG: src/lcthw/hashmap.c:Hashmap_get_node:205: TRY: 60
DEBUG: src/lcthw/hashmap.c:Hashmap_get_node:205: TRY: 61
DEBUG: src/lcthw/hashmap.c:Hashmap_get_node:205: TRY: 62
DEBUG: src/lcthw/hashmap.c:Hashmap_get_node:205: TRY: 63
DEBUG: src/lcthw/hashmap.c:Hashmap_get_node:205: TRY: 64
DEBUG: src/lcthw/hashmap.c:Hashmap_get_node:205: TRY: 65
DEBUG: src/lcthw/hashmap.c:Hashmap_get_node:205: TRY: 66
DEBUG: src/lcthw/hashmap.c:Hashmap_get_node:205: TRY: 67
DEBUG: src/lcthw/hashmap.c:Hashmap_get_node:205: TRY: 68
DEBUG: src/lcthw/hashmap.c:Hashmap_get_node:205: TRY: 69
DEBUG: src/lcthw/hashmap.c:Hashmap_get_node:205: TRY: 70
DEBUG: src/lcthw/hashmap.c:Hashmap_get_node:205: TRY: 71
DEBUG: src/lcthw/hashmap.c:Hashmap_get_node:205: TRY: 72
DEBUG: src/lcthw/hashmap.c:Hashmap_get_node:205: TRY: 73
DEBUG: src/lcthw/hashmap.c:Hashmap_get_node:205: TRY: 74
DEBUG: src/lcthw/hashmap.c:Hashmap_get_node:205: TRY: 75
DEBUG: src/lcthw/hashmap.c:Hashmap_get_node:205: TRY: 76
DEBUG: src/lcthw/hashmap.c:Hashmap_get_node:205: TRY: 77
DEBUG: src/lcthw/hashmap.c:Hashmap_get_node:205: TRY: 78
DEBUG: src/lcthw/hashmap.c:Hashmap_get_node:205: TRY: 79
DEBUG: src/lcthw/hashmap.c:Hashmap_get_node:205: TRY: 80
DEBUG: src/lcthw/hashmap.c:Hashmap_get_node:205: TRY: 81
DEBUG: src/lcthw/hashmap.c:Hashmap_get_node:205: TRY: 0
DEBUG: src/lcthw/hashmap.c:Hashmap_get_node:205: TRY: 1
DEBUG: src/lcthw/hashmap.c:Hashmap_get_node:205: TRY: 2
DEBUG: src/lcthw/hashmap.c:Hashmap_get_node:205: TRY: 3
DEBUG: src/lcthw/hashmap.c:Hashmap_get_node:205: TRY: 4
DEBUG: src/lcthw/hashmap.c:Hashmap_get_node:205: TRY: 5
DEBUG: src/lcthw/hashmap.c:Hashmap_get_node:205: TRY: 6
DEBUG: src/lcthw/hashmap.c:Hashmap_get_node:205: TRY: 7
DEBUG: src/lcthw/hashmap.c:Hashmap_get_node:205: TRY: 8
DEBUG: src/lcthw/hashmap.c:Hashmap_get_node:205: TRY: 9
DEBUG: src/lcthw/hashmap.c:Hashmap_get_node:205: TRY: 10
DEBUG: src/lcthw/hashmap.c:Hashmap_get_node:205: TRY: 11
DEBUG: src/lcthw/hashmap.c:Hashmap_get_node:205: TRY: 12
DEBUG: src/lcthw/hashmap.c:Hashmap_get_node:205: TRY: 13
DEBUG: src/lcthw/hashmap.c:Hashmap_get_node:205: TRY: 14
DEBUG: src/lcthw/hashmap.c:Hashmap_get_node:205: TRY: 15
DEBUG: src/lcthw/hashmap.c:Hashmap_get_node:205: TRY: 16
DEBUG: src/lcthw/hashmap.c:Hashmap_get_node:205: TRY: 17
DEBUG: src/lcthw/hashmap.c:Hashmap_get_node:205: TRY: 18
DEBUG: src/lcthw/hashmap.c:Hashmap_get_node:205: TRY: 19
DEBUG: src/lcthw/hashmap.c:Hashmap_get_node:205: TRY: 20
DEBUG: src/lcthw/hashmap.c:Hashmap_get_node:205: TRY: 21
DEBUG: src/lcthw/hashmap.c:Hashmap_get_node:205: TRY: 22
DEBUG: src/lcthw/hashmap.c:Hashmap_get_node:205: TRY: 23
DEBUG: src/lcthw/hashmap.c:Hashmap_get_node:205: TRY: 24
DEBUG: src/lcthw/hashmap.c:Hashmap_get_node:205: TRY: 25
DEBUG: src/lcthw/hashmap.c:Hashmap_get_node:205: TRY: 26
DEBUG: src/lcthw/hashmap.c:Hashmap_get_node:205: TRY: 27
DEBUG: src/lcthw/hashmap.c:Hashmap_get_node:205: TRY: 28
DEBUG: src/lcthw/hashmap.c:Hashmap_get_node:205: TRY: 29
DEBUG: src/lcthw/hashmap.c:Hashmap_get_node:205: TRY: 30
DEBUG: src/lcthw/hashmap.c:Hashmap_get_node:205: TRY: 31
DEBUG: src/lcthw/hashmap.c:Hashmap_get_node:205: TRY: 32
DEBUG: src/lcthw/hashmap.c:Hashmap_get_node:205: TRY: 33
DEBUG: src/lcthw/hashmap.c:Hashmap_get_node:205: TRY: 34
DEBUG: src/lcthw/hashmap.c:Hashmap_get_node:205: TRY: 35
DEBUG: src/lcthw/hashmap.c:Hashmap_get_node:205: TRY: 36
DEBUG: src/lcthw/hashmap.c:Hashmap_get_node:205: TRY: 37
DEBUG: src/lcthw/hashmap.c:Hashmap_get_node:205: TRY: 38
DEBUG: src/lcthw/hashmap.c:Hashmap_get_node:205: TRY: 39
DEBUG: src/lcthw/hashmap.c:Hashmap_get_node:205: TRY: 40
DEBUG: src/lcthw/hashmap.c:Hashmap_get_node:205: TRY: 41
DEBUG: src/lcthw/hashmap.c:Hashmap_get_node:205: TRY: 42
DEBUG: src/lcthw/hashmap.c:Hashmap_get_node:205: TRY: 43
DEBUG: src/lcthw/hashmap.c:Hashmap_get_node:205: TRY: 44
DEBUG: src/lcthw/hashmap.c:Hashmap_get_node:205: TRY: 45
DEBUG: src/lcthw/hashmap.c:Hashmap_get_node:205: TRY: 46
DEBUG: src/lcthw/hashmap.c:Hashmap_get_node:205: TRY: 47
DEBUG: src/lcthw/hashmap.c:Hashmap_get_node:205: TRY: 48
DEBUG: src/lcthw/hashmap.c:Hashmap_get_node:205: TRY: 49
DEBUG: src/lcthw/hashmap.c:Hashmap_get_node:205: TRY: 50
DEBUG: src/lcthw/hashmap.c:Hashmap_get_node:205: TRY: 51
DEBUG: src/lcthw/hashmap.c:Hashmap_get_node:205: TRY: 52
DEBUG: src/lcthw/hashmap.c:Hashmap_get_node:205: TRY: 53
DEBUG: src/lcthw/hashmap.c:Hashmap_get_node:205: TRY: 54
DEBUG: src/lcthw/hashmap.c:Hashmap_get_node:205: TRY: 55
DEBUG: src/lcthw/hashmap.c:Hashmap_get_node:205: TRY: 56
DEBUG: src/lcthw/hashmap.c:Hashmap_get_node:205: TRY: 57
DEBUG: src/lcthw/hashmap.c:Hashmap_get_node:205: TRY: 58
DEBUG: src/lcthw/hashmap.c:Hashmap_get_node:205: TRY: 59
DEBUG: src/lcthw/hashmap.c:Hashmap_get_node:205: TRY: 60
DEBUG: src/lcthw/hashmap.c:Hashmap_get_node:205: TRY: 61
DEBUG: src/lcthw/hashmap.c:Hashmap_get_node:205: TRY: 62
DEBUG: src/lcthw/hashmap.c:Hashmap_get_node:205: TRY: 63
DEBUG: src/lcthw/hashmap.c:Hashmap_get_node:205: TRY: 64
DEBUG: src/lcthw/hashmap.c:Hashmap_get_node:205: TRY: 65
DEBUG: src/lcthw/hashmap.c:Hashmap_get_node:205: TRY: 66
DEBUG: src/lcthw/hashmap.c:Hashmap_get_node:205: TRY: 67
DEBUG: src/lcthw/hashmap.c:Hashmap_get_node:205: TRY: 68
DEBUG: src/lcthw/hashmap.c:Hashmap_get_node:205: TRY: 69
DEBUG: src/lcthw/hashmap.c:Hashmap_get_node:205: TRY: 70
DEBUG: src/lcthw/hashmap.c:Hashmap_get_node:205: TRY: 71
DEBUG: src/lcthw/hashmap.c:Hashmap_get_node:205: TRY: 72
DEBUG: src/lcthw/hashmap.c:Hashmap_get_node:205: TRY: 73
DEBUG: src/lcthw/hashmap.c:Hashmap_get_node:205: TRY: 74
DEBUG: src/lcthw/hashmap.c:Hashmap_get_node:205: TRY: 75
DEBUG: src/lcthw/hashmap.c:Hashmap_get_node:205: TRY: 76
DEBUG: src/lcthw/hashmap.c:Hashmap_get_node:205: TRY: 77
DEBUG: src/lcthw/hashmap.c:Hashmap_get_node:205: TRY: 78
DEBUG: src/lcthw/hashmap.c:Hashmap_get_node:205: TRY: 79
DEBUG: src/lcthw/hashmap.c:Hashmap_get_node:205: TRY: 80
DEBUG: src/lcthw/hashmap.c:Hashmap_get_node:205: TRY: 81
DEBUG: src/lcthw/hashmap.c:Hashmap_get_node:205: TRY: 0
DEBUG: src/lcthw/hashmap.c:Hashmap_get_node:205: TRY: 1
DEBUG: src/lcthw/hashmap.c:Hashmap_get_node:205: TRY: 2
DEBUG: src/lcthw/hashmap.c:Hashmap_get_node:205: TRY: 3
DEBUG: src/lcthw/hashmap.c:Hashmap_get_node:205: TRY: 4
DEBUG: src/lcthw/hashmap.c:Hashmap_get_node:205: TRY: 5
DEBUG: src/lcthw/hashmap.c:Hashmap_get_node:205: TRY: 6
DEBUG: src/lcthw/hashmap.c:Hashmap_get_node:205: TRY: 7
DEBUG: src/lcthw/hashmap.c:Hashmap_get_node:205: TRY: 8
DEBUG: src/lcthw/hashmap.c:Hashmap_get_node:205: TRY: 9
DEBUG: src/lcthw/hashmap.c:Hashmap_get_node:205: TRY: 10
DEBUG: src/lcthw/hashmap.c:Hashmap_get_node:205: TRY: 11
DEBUG: src/lcthw/hashmap.c:Hashmap_get_node:205: TRY: 12
DEBUG: src/lcthw/hashmap.c:Hashmap_get_node:205: TRY: 13
DEBUG: src/lcthw/hashmap.c:Hashmap_get_node:205: TRY: 14
DEBUG: src/lcthw/hashmap.c:Hashmap_get_node:205: TRY: 15
DEBUG: src/lcthw/hashmap.c:Hashmap_get_node:205: TRY: 16
DEBUG: src/lcthw/hashmap.c:Hashmap_get_node:205: TRY: 17
DEBUG: src/lcthw/hashmap.c:Hashmap_get_node:205: TRY: 18
DEBUG: src/lcthw/hashmap.c:Hashmap_get_node:205: TRY: 19
DEBUG: src/lcthw/hashmap.c:Hashmap_get_node:205: TRY: 20
DEBUG: src/lcthw/hashmap.c:Hashmap_get_node:205: TRY: 21
DEBUG: src/lcthw/hashmap.c:Hashmap_get_node:205: TRY: 22
DEBUG: src/lcthw/hashmap.c:Hashmap_get_node:205: TRY: 23
DEBUG: src/lcthw/hashmap.c:Hashmap_get_node:205: TRY: 24
DEBUG: src/lcthw/hashmap.c:Hashmap_get_node:205: TRY: 25
DEBUG: src/lcthw/hashmap.c:Hashmap_get_node:205: TRY: 26
DEBUG: src/lcthw/hashmap.c:Hashmap_get_node:205: TRY: 27
DEBUG: src/lcthw/hashmap.c:Hashmap_get_node:205: TRY: 28
DEBUG: src/lcthw/hashmap.c:Hashmap_get_node:205: TRY: 29
DEBUG: src/lcthw/hashmap.c:Hashmap_get_node:205: TRY: 30
DEBUG: src/lcthw/hashmap.c:Hashmap_get_node:205: TRY: 31
DEBUG: src/lcthw/hashmap.c:Hashmap_get_node:205: TRY: 32
DEBUG: src/lcthw/hashmap.c:Hashmap_get_node:205: TRY: 33
DEBUG: src/lcthw/hashmap.c:Hashmap_get_node:205: TRY: 34
DEBUG: src/lcthw/hashmap.c:Hashmap_get_node:205: TRY: 35
DEBUG: src/lcthw/hashmap.c:Hashmap_get_node:205: TRY: 36
DEBUG: src/lcthw/hashmap.c:Hashmap_get_node:205: TRY: 37
DEBUG: src/lcthw/hashmap.c:Hashmap_get_node:205: TRY: 38
DEBUG: src/lcthw/hashmap.c:Hashmap_get_node:205: TRY: 39
DEBUG: src/lcthw/hashmap.c:Hashmap_get_node:205: TRY: 40
DEBUG: src/lcthw/hashmap.c:Hashmap_get_node:205: TRY: 41
DEBUG: src/lcthw/hashmap.c:Hashmap_get_node:205: TRY: 42
DEBUG: src/lcthw/hashmap.c:Hashmap_get_node:205: TRY: 43
DEBUG: src/lcthw/hashmap.c:Hashmap_get_node:205: TRY: 44
DEBUG: src/lcthw/hashmap.c:Hashmap_get_node:205: TRY: 45
DEBUG: src/lcthw/hashmap.c:Hashmap_get_node:205: TRY: 46
DEBUG: src/lcthw/hashmap.c:Hashmap_get_node:205: TRY: 47
DEBUG: src/lcthw/hashmap.c:Hashmap_get_node:205: TRY: 48
DEBUG: src/lcthw/hashmap.c:Hashmap_get_node:205: TRY: 49
DEBUG: src/lcthw/hashmap.c:Hashmap_get_node:205: TRY: 50
DEBUG: src/lcthw/hashmap.c:Hashmap_get_node:205: TRY: 51
DEBUG: src/lcthw/hashmap.c:Hashmap_get_node:205: TRY: 52
DEBUG: src/lcthw/hashmap.c:Hashmap_get_node:205: TRY: 53
DEBUG: src/lcthw/hashmap.c:Hashmap_get_node:205: TRY: 54
DEBUG: src/lcthw/hashmap.c:Hashmap_get_node:205: TRY: 55
DEBUG: src/lcthw/hashmap.c:Hashmap_get_node:205: TRY: 56
DEBUG: src/lcthw/hashmap.c:Hashmap_get_node:205: TRY: 57
DEBUG: src/lcthw/hashmap.c:Hashmap_get_node:205: TRY: 58
DEBUG: src/lcthw/hashmap.c:Hashmap_get_node:205: TRY: 59
DEBUG: src/lcthw/hashmap.c:Hashmap_get_node:205: TRY: 60
DEBUG: src/lcthw/hashmap.c:Hashmap_get_node:205: TRY: 61
DEBUG: src/lcthw/hashmap.c:Hashmap_get_node:205: TRY: 62
DEBUG: src/lcthw/hashmap.c:Hashmap_get_node:205: TRY: 63
DEBUG: src/lcthw/hashmap.c:Hashmap_get_node:205: TRY: 64
DEBUG: src/lcthw/hashmap.c:Hashmap_get_node:205: TRY: 65
DEBUG: src/lcthw/hashmap.c:Hashmap_get_node:205: TRY: 66
DEBUG: src/lcthw/hashmap.c:Hashmap_get_node:205: TRY: 67
DEBUG: src/lcthw/hashmap.c:Hashmap_get_node:205: TRY: 68
DEBUG: src/lcthw/hashmap.c:Hashmap_get_node:205: TRY: 69
DEBUG: src/lcthw/hashmap.c:Hashmap_get_node:205: TRY: 70
DEBUG: src/lcthw/hashmap.c:Hashmap_get_node:205: TRY: 71
DEBUG: src/lcthw/hashmap.c:Hashmap_get_node:205: TRY: 72
DEBUG: src/lcthw/hashmap.c:Hashmap_get_node:205: TRY: 73
DEBUG: src/lcthw/hashmap.c:Hashmap_get_node:205: TRY: 74
DEBUG: src/lcthw/hashmap.c:Hashmap_get_node:205: TRY: 75
DEBUG: src/lcthw/hashmap.c:Hashmap_get_node:205: TRY: 76
DEBUG: src/lcthw/hashmap.c:Hashmap_get_node:205: TRY: 77
DEBUG: src/lcthw/hashmap.c:Hashmap_get_node:205: TRY: 78
DEBUG: src/lcthw/hashmap.c:Hashmap_get_node:205: TRY: 79
DEBUG: src/lcthw/hashmap.c:Hashmap_get_node:205: TRY: 80
DEBUG: src/lcthw/hashmap.c:Hashmap_get_node:205: TRY: 81
DEBUG: src/lcthw/hashmap.c:Hashmap_get_node:205: TRY: 82
DEBUG: src/lcthw/hashmap.c:Hashmap_get_node:205: TRY: 0
DEBUG: src/lcthw/hashmap.c:Hashmap_get_node:205: TRY: 1
DEBUG: src/lcthw/hashmap.c:Hashmap_get_node:205: TRY: 2
DEBUG: src/lcthw/hashmap.c:Hashmap_get_node:205: TRY: 3
DEBUG: src/lcthw/hashmap.c:Hashmap_get_node:205: TRY: 4
DEBUG: src/lcthw/hashmap.c:Hashmap_get_node:205: TRY: 5
DEBUG: src/lcthw/hashmap.c:Hashmap_get_node:205: TRY: 6
DEBUG: src/lcthw/hashmap.c:Hashmap_get_node:205: TRY: 7
DEBUG: src/lcthw/hashmap.c:Hashmap_get_node:205: TRY: 8
DEBUG: src/lcthw/hashmap.c:Hashmap_get_node:205: TRY: 9
DEBUG: src/lcthw/hashmap.c:Hashmap_get_node:205: TRY: 10
DEBUG: src/lcthw/hashmap.c:Hashmap_get_node:205: TRY: 11
DEBUG: src/lcthw/hashmap.c:Hashmap_get_node:205: TRY: 12
DEBUG: src/lcthw/hashmap.c:Hashmap_get_node:205: TRY: 13
DEBUG: src/lcthw/hashmap.c:Hashmap_get_node:205: TRY: 14
DEBUG: src/lcthw/hashmap.c:Hashmap_get_node:205: TRY: 15
DEBUG: src/lcthw/hashmap.c:Hashmap_get_node:205: TRY: 16
DEBUG: src/lcthw/hashmap.c:Hashmap_get_node:205: TRY: 17
DEBUG: src/lcthw/hashmap.c:Hashmap_get_node:205: TRY: 18
DEBUG: src/lcthw/hashmap.c:Hashmap_get_node:205: TRY: 19
DEBUG: src/lcthw/hashmap.c:Hashmap_get_node:205: TRY: 20
DEBUG: src/lcthw/hashmap.c:Hashmap_get_node:205: TRY: 21
DEBUG: src/lcthw/hashmap.c:Hashmap_get_node:205: TRY: 22
DEBUG: src/lcthw/hashmap.c:Hashmap_get_node:205: TRY: 23
DEBUG: src/lcthw/hashmap.c:Hashmap_get_node:205: TRY: 24
DEBUG: src/lcthw/hashmap.c:Hashmap_get_node:205: TRY: 25
DEBUG: src/lcthw/hashmap.c:Hashmap_get_node:205: TRY: 26
DEBUG: src/lcthw/hashmap.c:Hashmap_get_node:205: TRY: 27
DEBUG: src/lcthw/hashmap.c:Hashmap_get_node:205: TRY: 28
DEBUG: src/lcthw/hashmap.c:Hashmap_get_node:205: TRY: 29
DEBUG: src/lcthw/hashmap.c:Hashmap_get_node:205: TRY: 30
DEBUG: src/lcthw/hashmap.c:Hashmap_get_node:205: TRY: 31
DEBUG: src/lcthw/hashmap.c:Hashmap_get_node:205: TRY: 32
DEBUG: src/lcthw/hashmap.c:Hashmap_get_node:205: TRY: 33
DEBUG: src/lcthw/hashmap.c:Hashmap_get_node:205: TRY: 34
DEBUG: src/lcthw/hashmap.c:Hashmap_get_node:205: TRY: 35
DEBUG: src/lcthw/hashmap.c:Hashmap_get_node:205: TRY: 36
DEBUG: src/lcthw/hashmap.c:Hashmap_get_node:205: TRY: 37
DEBUG: src/lcthw/hashmap.c:Hashmap_get_node:205: TRY: 38
DEBUG: src/lcthw/hashmap.c:Hashmap_get_node:205: TRY: 39
DEBUG: src/lcthw/hashmap.c:Hashmap_get_node:205: TRY: 40
DEBUG: src/lcthw/hashmap.c:Hashmap_get_node:205: TRY: 41
DEBUG: src/lcthw/hashmap.c:Hashmap_get_node:205: TRY: 42
DEBUG: src/lcthw/hashmap.c:Hashmap_get_node:205: TRY: 43
DEBUG: src/lcthw/hashmap.c:Hashmap_get_node:205: TRY: 44
DEBUG: src/lcthw/hashmap.c:Hashmap_get_node:205: TRY: 45
DEBUG: src/lcthw/hashmap.c:Hashmap_get_node:205: TRY: 46
DEBUG: src/lcthw/hashmap.c:Hashmap_get_node:205: TRY: 47
DEBUG: src/lcthw/hashmap.c:Hashmap_get_node:205: TRY: 48
DEBUG: src/lcthw/hashmap.c:Hashmap_get_node:205: TRY: 49
DEBUG: src/lcthw/hashmap.c:Hashmap_get_node:205: TRY: 50
DEBUG: src/lcthw/hashmap.c:Hashmap_get_node:205: TRY: 51
DEBUG: src/lcthw/hashmap.c:Hashmap_get_node:205: TRY: 52
DEBUG: src/lcthw/hashmap.c:Hashmap_get_node:205: TRY: 53
DEBUG: src/lcthw/hashmap.c:Hashmap_get_node:205: TRY: 54
DEBUG: src/lcthw/hashmap.c:Hashmap_get_node:205: TRY: 55
DEBUG: src/lcthw/hashmap.c:Hashmap_get_node:205: TRY: 56
DEBUG: src/lcthw/hashmap.c:Hashmap_get_node:205: TRY: 57
DEBUG: src/lcthw/hashmap.c:Hashmap_get_node:205: TRY: 58
DEBUG: src/lcthw/hashmap.c:Hashmap_get_node:205: TRY: 59
DEBUG: src/lcthw/hashmap.c:Hashmap_get_node:205: TRY: 60
DEBUG: src/lcthw/hashmap.c:Hashmap_get_node:205: TRY: 61
DEBUG: src/lcthw/hashmap.c:Hashmap_get_node:205: TRY: 62
DEBUG: src/lcthw/hashmap.c:Hashmap_get_node:205: TRY: 63
DEBUG: src/lcthw/hashmap.c:Hashmap_get_node:205: TRY: 64
DEBUG: src/lcthw/hashmap.c:Hashmap_get_node:205: TRY: 65
DEBUG: src/lcthw/hashmap.c:Hashmap_get_node:205: TRY: 66
DEBUG: src/lcthw/hashmap.c:Hashmap_get_node:205: TRY: 67
DEBUG: src/lcthw/hashmap.c:Hashmap_get_node:205: TRY: 68
DEBUG: src/lcthw/hashmap.c:Hashmap_get_node:205: TRY: 69
DEBUG: src/lcthw/hashmap.c:Hashmap_get_node:205: TRY: 70
DEBUG: src/lcthw/hashmap.c:Hashmap_get_node:205: TRY: 71
DEBUG: src/lcthw/hashmap.c:Hashmap_get_node:205: TRY: 72
DEBUG: src/lcthw/hashmap.c:Hashmap_get_node:205: TRY: 73
DEBUG: src/lcthw/hashmap.c:Hashmap_get_node:205: TRY: 74
DEBUG: src/lcthw/hashmap.c:Hashmap_get_node:205: TRY: 75
DEBUG: src/lcthw/hashmap.c:Hashmap_get_node:205: TRY: 76
DEBUG: src/lcthw/hashmap.c:Hashmap_get_node:205: TRY: 77
DEBUG: src/lcthw/hashmap.c:Hashmap_get_node:205: TRY: 78
DEBUG: src/lcthw/hashmap.c:Hashmap_get_node:205: TRY: 79
DEBUG: src/lcthw/hashmap.c:Hashmap_get_node:205: TRY: 80
DEBUG: src/lcthw/hashmap.c:Hashmap_get_node:205: TRY: 81
DEBUG: src/lcthw/hashmap.c:Hashmap_get_node:205: TRY: 82
DEBUG: src/lcthw/hashmap.c:Hashmap_get_node:205: TRY: 0
DEBUG: src/lcthw/hashmap.c:Hashmap_get_node:205: TRY: 1
DEBUG: src/lcthw/hashmap.c:Hashmap_get_node:205: TRY: 2
DEBUG: src/lcthw/hashmap.c:Hashmap_get_node:205: TRY: 3
DEBUG: src/lcthw/hashmap.c:Hashmap_get_node:205: TRY: 4
DEBUG: src/lcthw/hashmap.c:Hashmap_get_node:205: TRY: 5
DEBUG: src/lcthw/hashmap.c:Hashmap_get_node:205: TRY: 6
DEBUG: src/lcthw/hashmap.c:Hashmap_get_node:205: TRY: 7
DEBUG: src/lcthw/hashmap.c:Hashmap_get_node:205: TRY: 8
DEBUG: src/lcthw/hashmap.c:Hashmap_get_node:205: TRY: 9
DEBUG: src/lcthw/hashmap.c:Hashmap_get_node:205: TRY: 10
DEBUG: src/lcthw/hashmap.c:Hashmap_get_node:205: TRY: 11
DEBUG: src/lcthw/hashmap.c:Hashmap_get_node:205: TRY: 12
DEBUG: src/lcthw/hashmap.c:Hashmap_get_node:205: TRY: 13
DEBUG: src/lcthw/hashmap.c:Hashmap_get_node:205: TRY: 14
DEBUG: src/lcthw/hashmap.c:Hashmap_get_node:205: TRY: 15
DEBUG: src/lcthw/hashmap.c:Hashmap_get_node:205: TRY: 16
DEBUG: src/lcthw/hashmap.c:Hashmap_get_node:205: TRY: 17
DEBUG: src/lcthw/hashmap.c:Hashmap_get_node:205: TRY: 18
DEBUG: src/lcthw/hashmap.c:Hashmap_get_node:205: TRY: 19
DEBUG: src/lcthw/hashmap.c:Hashmap_get_node:205: TRY: 20
DEBUG: src/lcthw/hashmap.c:Hashmap_get_node:205: TRY: 21
DEBUG: src/lcthw/hashmap.c:Hashmap_get_node:205: TRY: 22
DEBUG: src/lcthw/hashmap.c:Hashmap_get_node:205: TRY: 23
DEBUG: src/lcthw/hashmap.c:Hashmap_get_node:205: TRY: 24
DEBUG: src/lcthw/hashmap.c:Hashmap_get_node:205: TRY: 25
DEBUG: src/lcthw/hashmap.c:Hashmap_get_node:205: TRY: 26
DEBUG: src/lcthw/hashmap.c:Hashmap_get_node:205: TRY: 27
DEBUG: src/lcthw/hashmap.c:Hashmap_get_node:205: TRY: 28
DEBUG: src/lcthw/hashmap.c:Hashmap_get_node:205: TRY: 29
DEBUG: src/lcthw/hashmap.c:Hashmap_get_node:205: TRY: 30
DEBUG: src/lcthw/hashmap.c:Hashmap_get_node:205: TRY: 31
DEBUG: src/lcthw/hashmap.c:Hashmap_get_node:205: TRY: 32
DEBUG: src/lcthw/hashmap.c:Hashmap_get_node:205: TRY: 33
DEBUG: src/lcthw/hashmap.c:Hashmap_get_node:205: TRY: 34
DEBUG: src/lcthw/hashmap.c:Hashmap_get_node:205: TRY: 35
DEBUG: src/lcthw/hashmap.c:Hashmap_get_node:205: TRY: 36
DEBUG: src/lcthw/hashmap.c:Hashmap_get_node:205: TRY: 37
DEBUG: src/lcthw/hashmap.c:Hashmap_get_node:205: TRY: 38
DEBUG: src/lcthw/hashmap.c:Hashmap_get_node:205: TRY: 39
DEBUG: src/lcthw/hashmap.c:Hashmap_get_node:205: TRY: 40
DEBUG: src/lcthw/hashmap.c:Hashmap_get_node:205: TRY: 41
DEBUG: src/lcthw/hashmap.c:Hashmap_get_node:205: TRY: 42
DEBUG: src/lcthw/hashmap.c:Hashmap_get_node:205: TRY: 43
DEBUG: src/lcthw/hashmap.c:Hashmap_get_node:205: TRY: 44
DEBUG: src/lcthw/hashmap.c:Hashmap_get_node:205: TRY: 45
DEBUG: src/lcthw/hashmap.c:Hashmap_get_node:205: TRY: 46
DEBUG: src/lcthw/hashmap.c:Hashmap_get_node:205: TRY: 47
DEBUG: src/lcthw/hashmap.c:Hashmap_get_node:205: TRY: 48
DEBUG: src/lcthw/hashmap.c:Hashmap_get_node:205: TRY: 49
DEBUG: src/lcthw/hashmap.c:Hashmap_get_node:205: TRY: 50
DEBUG: src/lcthw/hashmap.c:Hashmap_get_node:205: TRY: 51
DEBUG: src/lcthw/hashmap.c:Hashmap_get_node:205: TRY: 52
DEBUG: src/lcthw/hashmap.c:Hashmap_get_node:205: TRY: 53
DEBUG: src/lcthw/hashmap.c:Hashmap_get_node:205: TRY: 54
DEBUG: src/lcthw/hashmap.c:Hashmap_get_node:205: TRY: 55
DEBUG: src/lcthw/hashmap.c:Hashmap_get_node:205: TRY: 56
DEBUG: src/lcthw/hashmap.c:Hashmap_get_node:205: TRY: 57
DEBUG: src/lcthw/hashmap.c:Hashmap_get_node:205: TRY: 58
DEBUG: src/lcthw/hashmap.c:Hashmap_get_node:205: TRY: 59
DEBUG: src/lcthw/hashmap.c:Hashmap_get_node:205: TRY: 60
DEBUG: src/lcthw/hashmap.c:Hashmap_get_node:205: TRY: 61
DEBUG: src/lcthw/hashmap.c:Hashmap_get_node:205: TRY: 62
DEBUG: src/lcthw/hashmap.c:Hashmap_get_node:205: TRY: 63
DEBUG: src/lcthw/hashmap.c:Hashmap_get_node:205: TRY: 64
DEBUG: src/lcthw/hashmap.c:Hashmap_get_node:205: TRY: 65
DEBUG: src/lcthw/hashmap.c:Hashmap_get_node:205: TRY: 66
DEBUG: src/lcthw/hashmap.c:Hashmap_get_node:205: TRY: 67
DEBUG: src/lcthw/hashmap.c:Hashmap_get_node:205: TRY: 68
DEBUG: src/lcthw/hashmap.c:Hashmap_get_node:205: TRY: 69
DEBUG: src/lcthw/hashmap.c:Hashmap_get_node:205: TRY: 70
DEBUG: src/lcthw/hashmap.c:Hashmap_get_node:205: TRY: 71
DEBUG: src/lcthw/hashmap.c:Hashmap_get_node:205: TRY: 72
DEBUG: src/lcthw/hashmap.c:Hashmap_get_node:205: TRY: 73
DEBUG: src/lcthw/hashmap.c:Hashmap_get_node:205: TRY: 74
DEBUG: src/lcthw/hashmap.c:Hashmap_get_node:205: TRY: 75
DEBUG: src/lcthw/hashmap.c:Hashmap_get_node:205: TRY: 0
DEBUG: src/lcthw/hashmap.c:Hashmap_get_node:205: TRY: 1
DEBUG: src/lcthw/hashmap.c:Hashmap_get_node:205: TRY: 2
DEBUG: src/lcthw/hashmap.c:Hashmap_get_node:205: TRY: 3
DEBUG: src/lcthw/hashmap.c:Hashmap_get_node:205: TRY: 4
DEBUG: src/lcthw/hashmap.c:Hashmap_get_node:205: TRY: 5
DEBUG: src/lcthw/hashmap.c:Hashmap_get_node:205: TRY: 6
DEBUG: src/lcthw/hashmap.c:Hashmap_get_node:205: TRY: 7
DEBUG: src/lcthw/hashmap.c:Hashmap_get_node:205: TRY: 8
DEBUG: src/lcthw/hashmap.c:Hashmap_get_node:205: TRY: 9
DEBUG: src/lcthw/hashmap.c:Hashmap_get_node:205: TRY: 10
DEBUG: src/lcthw/hashmap.c:Hashmap_get_node:205: TRY: 11
DEBUG: src/lcthw/hashmap.c:Hashmap_get_node:205: TRY: 12
DEBUG: src/lcthw/hashmap.c:Hashmap_get_node:205: TRY: 13
DEBUG: src/lcthw/hashmap.c:Hashmap_get_node:205: TRY: 14
DEBUG: src/lcthw/hashmap.c:Hashmap_get_node:205: TRY: 15
DEBUG: src/lcthw/hashmap.c:Hashmap_get_node:205: TRY: 16
DEBUG: src/lcthw/hashmap.c:Hashmap_get_node:205: TRY: 17
DEBUG: src/lcthw/hashmap.c:Hashmap_get_node:205: TRY: 18
DEBUG: src/lcthw/hashmap.c:Hashmap_get_node:205: TRY: 19
DEBUG: src/lcthw/hashmap.c:Hashmap_get_node:205: TRY: 20
DEBUG: src/lcthw/hashmap.c:Hashmap_get_node:205: TRY: 21
DEBUG: src/lcthw/hashmap.c:Hashmap_get_node:205: TRY: 22
DEBUG: src/lcthw/hashmap.c:Hashmap_get_node:205: TRY: 23
DEBUG: src/lcthw/hashmap.c:Hashmap_get_node:205: TRY: 24
DEBUG: src/lcthw/hashmap.c:Hashmap_get_node:205: TRY: 25
DEBUG: src/lcthw/hashmap.c:Hashmap_get_node:205: TRY: 26
DEBUG: src/lcthw/hashmap.c:Hashmap_get_node:205: TRY: 27
DEBUG: src/lcthw/hashmap.c:Hashmap_get_node:205: TRY: 28
DEBUG: src/lcthw/hashmap.c:Hashmap_get_node:205: TRY: 29
DEBUG: src/lcthw/hashmap.c:Hashmap_get_node:205: TRY: 30
DEBUG: src/lcthw/hashmap.c:Hashmap_get_node:205: TRY: 31
DEBUG: src/lcthw/hashmap.c:Hashmap_get_node:205: TRY: 32
DEBUG: src/lcthw/hashmap.c:Hashmap_get_node:205: TRY: 33
DEBUG: src/lcthw/hashmap.c:Hashmap_get_node:205: TRY: 34
DEBUG: src/lcthw/hashmap.c:Hashmap_get_node:205: TRY: 35
DEBUG: src/lcthw/hashmap.c:Hashmap_get_node:205: TRY: 36
DEBUG: src/lcthw/hashmap.c:Hashmap_get_node:205: TRY: 37
DEBUG: src/lcthw/hashmap.c:Hashmap_get_node:205: TRY: 38
DEBUG: src/lcthw/hashmap.c:Hashmap_get_node:205: TRY: 39
DEBUG: src/lcthw/hashmap.c:Hashmap_get_node:205: TRY: 40
DEBUG: src/lcthw/hashmap.c:Hashmap_get_node:205: TRY: 41
DEBUG: src/lcthw/hashmap.c:Hashmap_get_node:205: TRY: 42
DEBUG: src/lcthw/hashmap.c:Hashmap_get_node:205: TRY: 43
DEBUG: src/lcthw/hashmap.c:Hashmap_get_node:205: TRY: 44
DEBUG: src/lcthw/hashmap.c:Hashmap_get_node:205: TRY: 45
DEBUG: src/lcthw/hashmap.c:Hashmap_get_node:205: TRY: 46
DEBUG: src/lcthw/hashmap.c:Hashmap_get_node:205: TRY: 47
DEBUG: src/lcthw/hashmap.c:Hashmap_get_node:205: TRY: 48
DEBUG: src/lcthw/hashmap.c:Hashmap_get_node:205: TRY: 49
DEBUG: src/lcthw/hashmap.c:Hashmap_get_node:205: TRY: 50
DEBUG: src/lcthw/hashmap.c:Hashmap_get_node:205: TRY: 51
DEBUG: src/lcthw/hashmap.c:Hashmap_get_node:205: TRY: 52
DEBUG: src/lcthw/hashmap.c:Hashmap_get_node:205: TRY: 53
DEBUG: src/lcthw/hashmap.c:Hashmap_get_node:205: TRY: 54
DEBUG: src/lcthw/hashmap.c:Hashmap_get_node:205: TRY: 55
DEBUG: src/lcthw/hashmap.c:Hashmap_get_node:205: TRY: 56
DEBUG: src/lcthw/hashmap.c:Hashmap_get_node:205: TRY: 57
DEBUG: src/lcthw/hashmap.c:Hashmap_get_node:205: TRY: 58
DEBUG: src/lcthw/hashmap.c:Hashmap_get_node:205: TRY: 59
DEBUG: src/lcthw/hashmap.c:Hashmap_get_node:205: TRY: 60
DEBUG: src/lcthw/hashmap.c:Hashmap_get_node:205: TRY: 61
DEBUG: src/lcthw/hashmap.c:Hashmap_get_node:205: TRY: 62
DEBUG: src/lcthw/hashmap.c:Hashmap_get_node:205: TRY: 63
DEBUG: src/lcthw/hashmap.c:Hashmap_get_node:205: TRY: 64
DEBUG: src/lcthw/hashmap.c:Hashmap_get_node:205: TRY: 65
DEBUG: src/lcthw/hashmap.c:Hashmap_get_node:205: TRY: 66
DEBUG: src/lcthw/hashmap.c:Hashmap_get_node:205: TRY: 67
DEBUG: src/lcthw/hashmap.c:Hashmap_get_node:205: TRY: 68
DEBUG: src/lcthw/hashmap.c:Hashmap_get_node:205: TRY: 69
DEBUG: src/lcthw/hashmap.c:Hashmap_get_node:205: TRY: 70
DEBUG: src/lcthw/hashmap.c:Hashmap_get_node:205: TRY: 71
DEBUG: src/lcthw/hashmap.c:Hashmap_get_node:205: TRY: 72
DEBUG: src/lcthw/hashmap.c:Hashmap_get_node:205: TRY: 73
DEBUG: src/lcthw/hashmap.c:Hashmap_get_node:205: TRY: 74
DEBUG: src/lcthw/hashmap.c:Hashmap_get_node:205: TRY: 75
DEBUG: src/lcthw/hashmap.c:Hashmap_get_node:205: TRY: 76
DEBUG: src/lcthw/hashmap.c:Hashmap_get_node:205: TRY: 0
DEBUG: src/lcthw/hashmap.c:Hashmap_get_node:205: TRY: 1
DEBUG: src/lcthw/hashmap.c:Hashmap_get_node:205: TRY: 2
DEBUG: src/lcthw/hashmap.c:Hashmap_get_node:205: TRY: 3
DEBUG: src/lcthw/hashmap.c:Hashmap_get_node:205: TRY: 4
DEBUG: src/lcthw/hashmap.c:Hashmap_get_node:205: TRY: 5
DEBUG: src/lcthw/hashmap.c:Hashmap_get_node:205: TRY: 6
DEBUG: src/lcthw/hashmap.c:Hashmap_get_node:205: TRY: 7
DEBUG: src/lcthw/hashmap.c:Hashmap_get_node:205: TRY: 8
DEBUG: src/lcthw/hashmap.c:Hashmap_get_node:205: TRY: 9
DEBUG: src/lcthw/hashmap.c:Hashmap_get_node:205: TRY: 10
DEBUG: src/lcthw/hashmap.c:Hashmap_get_node:205: TRY: 11
DEBUG: src/lcthw/hashmap.c:Hashmap_get_node:205: TRY: 12
DEBUG: src/lcthw/hashmap.c:Hashmap_get_node:205: TRY: 13
DEBUG: src/lcthw/hashmap.c:Hashmap_get_node:205: TRY: 14
DEBUG: src/lcthw/hashmap.c:Hashmap_get_node:205: TRY: 15
DEBUG: src/lcthw/hashmap.c:Hashmap_get_node:205: TRY: 16
DEBUG: src/lcthw/hashmap.c:Hashmap_get_node:205: TRY: 17
DEBUG: src/lcthw/hashmap.c:Hashmap_get_node:205: TRY: 18
DEBUG: src/lcthw/hashmap.c:Hashmap_get_node:205: TRY: 19
DEBUG: src/lcthw/hashmap.c:Hashmap_get_node:205: TRY: 20
DEBUG: src/lcthw/hashmap.c:Hashmap_get_node:205: TRY: 21
DEBUG: src/lcthw/hashmap.c:Hashmap_get_node:205: TRY: 22
DEBUG: src/lcthw/hashmap.c:Hashmap_get_node:205: TRY: 23
DEBUG: src/lcthw/hashmap.c:Hashmap_get_node:205: TRY: 24
DEBUG: src/lcthw/hashmap.c:Hashmap_get_node:205: TRY: 25
DEBUG: src/lcthw/hashmap.c:Hashmap_get_node:205: TRY: 26
DEBUG: src/lcthw/hashmap.c:Hashmap_get_node:205: TRY: 27
DEBUG: src/lcthw/hashmap.c:Hashmap_get_node:205: TRY: 28
DEBUG: src/lcthw/hashmap.c:Hashmap_get_node:205: TRY: 29
DEBUG: src/lcthw/hashmap.c:Hashmap_get_node:205: TRY: 30
DEBUG: src/lcthw/hashmap.c:Hashmap_get_node:205: TRY: 31
DEBUG: src/lcthw/hashmap.c:Hashmap_get_node:205: TRY: 32
DEBUG: src/lcthw/hashmap.c:Hashmap_get_node:205: TRY: 33
DEBUG: src/lcthw/hashmap.c:Hashmap_get_node:205: TRY: 34
DEBUG: src/lcthw/hashmap.c:Hashmap_get_node:205: TRY: 35
DEBUG: src/lcthw/hashmap.c:Hashmap_get_node:205: TRY: 36
DEBUG: src/lcthw/hashmap.c:Hashmap_get_node:205: TRY: 37
DEBUG: src/lcthw/hashmap.c:Hashmap_get_node:205: TRY: 38
DEBUG: src/lcthw/hashmap.c:Hashmap_get_node:205: TRY: 39
DEBUG: src/lcthw/hashmap.c:Hashmap_get_node:205: TRY: 40
DEBUG: src/lcthw/hashmap.c:Hashmap_get_node:205: TRY: 41
DEBUG: src/lcthw/hashmap.c:Hashmap_get_node:205: TRY: 42
DEBUG: src/lcthw/hashmap.c:Hashmap_get_node:205: TRY: 43
DEBUG: src/lcthw/hashmap.c:Hashmap_get_node:205: TRY: 44
DEBUG: src/lcthw/hashmap.c:Hashmap_get_node:205: TRY: 45
DEBUG: src/lcthw/hashmap.c:Hashmap_get_node:205: TRY: 46
DEBUG: src/lcthw/hashmap.c:Hashmap_get_node:205: TRY: 47
DEBUG: src/lcthw/hashmap.c:Hashmap_get_node:205: TRY: 48
DEBUG: src/lcthw/hashmap.c:Hashmap_get_node:205: TRY: 49
DEBUG: src/lcthw/hashmap.c:Hashmap_get_node:205: TRY: 50
DEBUG: src/lcthw/hashmap.c:Hashmap_get_node:205: TRY: 51
DEBUG: src/lcthw/hashmap.c:Hashmap_get_node:205: TRY: 52
DEBUG: src/lcthw/hashmap.c:Hashmap_get_node:205: TRY: 53
DEBUG: src/lcthw/hashmap.c:Hashmap_get_node:205: TRY: 54
DEBUG: src/lcthw/hashmap.c:Hashmap_get_node:205: TRY: 55
DEBUG: src/lcthw/hashmap.c:Hashmap_get_node:205: TRY: 56
DEBUG: src/lcthw/hashmap.c:Hashmap_get_node:205: TRY: 57
DEBUG: src/lcthw/hashmap.c:Hashmap_get_node:205: TRY: 58
DEBUG: src/lcthw/hashmap.c:Hashmap_get_node:205: TRY: 59
DEBUG: src/lcthw/hashmap.c:Hashmap_get_node:205: TRY: 60
DEBUG: src/lcthw/hashmap.c:Hashmap_get_node:205: TRY: 61
DEBUG: src/lcthw/hashmap.c:Hashmap_get_node:205: TRY: 62
DEBUG: src/lcthw/hashmap.c:Hashmap_get_node:205: TRY: 63
DEBUG: src/lcthw/hashmap.c:Hashmap_get_node:205: TRY: 64
DEBUG: src/lcthw/hashmap.c:Hashmap_get_node:205: TRY: 65
DEBUG: src/lcthw/hashmap.c:Hashmap_get_node:205: TRY: 66
DEBUG: src/lcthw/hashmap.c:Hashmap_get_node:205: TRY: 67
DEBUG: src/lcthw/hashmap.c:Hashmap_get_node:205: TRY: 68
DEBUG: src/lcthw/hashmap.c:Hashmap_get_node:205: TRY: 69
DEBUG: src/lcthw/hashmap.c:Hashmap_get_node:205: TRY: 70
DEBUG: src/lcthw/hashmap.c:Hashmap_get_node:205: TRY: 71
DEBUG: src/lcthw/hashmap.c:Hashmap_get_node:205: TRY: 72
DEBUG: src/lcthw/hashmap.c:Hashmap_get_node:205: TRY: 73
DEBUG: src/lcthw/hashmap.c:Hashmap_get_node:205: TRY: 74
DEBUG: src/lcthw/hashmap.c:Hashmap_get_node:205: TRY: 75
DEBUG: src/lcthw/hashmap.c:Hashmap_get_node:205: TRY: 76
DEBUG: src/lcthw/hashmap.c:Hashmap_get_node:205: TRY: 0
DEBUG: src/lcthw/hashmap.c:Hashmap_get_node:205: TRY: 1
DEBUG: src/lcthw/hashmap.c:Hashmap_get_node:205: TRY: 2
DEBUG: src/lcthw/hashmap.c:Hashmap_get_node:205: TRY: 3
DEBUG: src/lcthw/hashmap.c:Hashmap_get_node:205: TRY: 4
DEBUG: src/lcthw/hashmap.c:Hashmap_get_node:205: TRY: 5
DEBUG: src/lcthw/hashmap.c:Hashmap_get_node:205: TRY: 6
DEBUG: src/lcthw/hashmap.c:Hashmap_get_node:205: TRY: 7
DEBUG: src/lcthw/hashmap.c:Hashmap_get_node:205: TRY: 8
DEBUG: src/lcthw/hashmap.c:Hashmap_get_node:205: TRY: 9
DEBUG: src/lcthw/hashmap.c:Hashmap_get_node:205: TRY: 10
DEBUG: src/lcthw/hashmap.c:Hashmap_get_node:205: TRY: 11
DEBUG: src/lcthw/hashmap.c:Hashmap_get_node:205: TRY: 12
DEBUG: src/lcthw/hashmap.c:Hashmap_get_node:205: TRY: 13
DEBUG: src/lcthw/hashmap.c:Hashmap_get_node:205: TRY: 14
DEBUG: src/lcthw/hashmap.c:Hashmap_get_node:205: TRY: 15
DEBUG: src/lcthw/hashmap.c:Hashmap_get_node:205: TRY: 16
DEBUG: src/lcthw/hashmap.c:Hashmap_get_node:205: TRY: 17
DEBUG: src/lcthw/hashmap.c:Hashmap_get_node:205: TRY: 18
DEBUG: src/lcthw/hashmap.c:Hashmap_get_node:205: TRY: 19
DEBUG: src/lcthw/hashmap.c:Hashmap_get_node:205: TRY: 20
DEBUG: src/lcthw/hashmap.c:Hashmap_get_node:205: TRY: 21
DEBUG: src/lcthw/hashmap.c:Hashmap_get_node:205: TRY: 22
DEBUG: src/lcthw/hashmap.c:Hashmap_get_node:205: TRY: 23
DEBUG: src/lcthw/hashmap.c:Hashmap_get_node:205: TRY: 24
DEBUG: src/lcthw/hashmap.c:Hashmap_get_node:205: TRY: 25
DEBUG: src/lcthw/hashmap.c:Hashmap_get_node:205: TRY: 26
DEBUG: src/lcthw/hashmap.c:Hashmap_get_node:205: TRY: 27
DEBUG: src/lcthw/hashmap.c:Hashmap_get_node:205: TRY: 28
DEBUG: src/lcthw/hashmap.c:Hashmap_get_node:205: TRY: 29
DEBUG: src/lcthw/hashmap.c:Hashmap_get_node:205: TRY: 30
DEBUG: src/lcthw/hashmap.c:Hashmap_get_node:205: TRY: 31
DEBUG: src/lcthw/hashmap.c:Hashmap_get_node:205: TRY: 32
DEBUG: src/lcthw/hashmap.c:Hashmap_get_node:205: TRY: 33
DEBUG: src/lcthw/hashmap.c:Hashmap_get_node:205: TRY: 34
DEBUG: src/lcthw/hashmap.c:Hashmap_get_node:205: TRY: 35
DEBUG: src/lcthw/hashmap.c:Hashmap_get_node:205: TRY: 36
DEBUG: src/lcthw/hashmap.c:Hashmap_get_node:205: TRY: 37
DEBUG: src/lcthw/hashmap.c:Hashmap_get_node:205: TRY: 38
DEBUG: src/lcthw/hashmap.c:Hashmap_get_node:205: TRY: 39
DEBUG: src/lcthw/hashmap.c:Hashmap_get_node:205: TRY: 40
DEBUG: src/lcthw/hashmap.c:Hashmap_get_node:205: TRY: 41
DEBUG: src/lcthw/hashmap.c:Hashmap_get_node:205: TRY: 42
DEBUG: src/lcthw/hashmap.c:Hashmap_get_node:205: TRY: 43
DEBUG: src/lcthw/hashmap.c:Hashmap_get_node:205: TRY: 44
DEBUG: src/lcthw/hashmap.c:Hashmap_get_node:205: TRY: 45
DEBUG: src/lcthw/hashmap.c:Hashmap_get_node:205: TRY: 46
DEBUG: src/lcthw/hashmap.c:Hashmap_get_node:205: TRY: 47
DEBUG: src/lcthw/hashmap.c:Hashmap_get_node:205: TRY: 48
DEBUG: src/lcthw/hashmap.c:Hashmap_get_node:205: TRY: 49
DEBUG: src/lcthw/hashmap.c:Hashmap_get_node:205: TRY: 50
DEBUG: src/lcthw/hashmap.c:Hashmap_get_node:205: TRY: 51
DEBUG: src/lcthw/hashmap.c:Hashmap_get_node:205: TRY: 52
DEBUG: src/lcthw/hashmap.c:Hashmap_get_node:205: TRY: 53
DEBUG: src/lcthw/hashmap.c:Hashmap_get_node:205: TRY: 54
DEBUG: src/lcthw/hashmap.c:Hashmap_get_node:205: TRY: 55
DEBUG: src/lcthw/hashmap.c:Hashmap_get_node:205: TRY: 56
DEBUG: src/lcthw/hashmap.c:Hashmap_get_node:205: TRY: 57
DEBUG: src/lcthw/hashmap.c:Hashmap_get_node:205: TRY: 58
DEBUG: src/lcthw/hashmap.c:Hashmap_get_node:205: TRY: 59
DEBUG: src/lcthw/hashmap.c:Hashmap_get_node:205: TRY: 60
DEBUG: src/lcthw/hashmap.c:Hashmap_get_node:205: TRY: 61
DEBUG: src/lcthw/hashmap.c:Hashmap_get_node:205: TRY: 62
DEBUG: src/lcthw/hashmap.c:Hashmap_get_node:205: TRY: 63
DEBUG: src/lcthw/hashmap.c:Hashmap_get_node:205: TRY: 64
DEBUG: src/lcthw/hashmap.c:Hashmap_get_node:205: TRY: 65
DEBUG: src/lcthw/hashmap.c:Hashmap_get_node:205: TRY: 66
DEBUG: src/lcthw/hashmap.c:Hashmap_get_node:205: TRY: 67
DEBUG: src/lcthw/hashmap.c:Hashmap_get_node:205: TRY: 68
DEBUG: src/lcthw/hashmap.c:Hashmap_get_node:205: TRY: 69
DEBUG: src/lcthw/hashmap.c:Hashmap_get_node:205: TRY: 70
DEBUG: src/lcthw/hashmap.c:Hashmap_get_node:205: TRY: 71
DEBUG: src/lcthw/hashmap.c:Hashmap_get_node:205: TRY: 72
DEBUG: src/lcthw/hashmap.c:Hashmap_get_node:205: TRY: 73
DEBUG: src/lcthw/hashmap.c:Hashmap_get_node:205: TRY: 74
DEBUG: src/lcthw/hashmap.c:Hashmap_get_node:205: TRY: 75
DEBUG: src/lcthw/hashmap.c:Hashmap_get_node:205: TRY: 0
DEBUG: src/lcthw/hashmap.c:Hashmap_get_node:205: TRY: 1
DEBUG: src/lcthw/hashmap.c:Hashmap_get_node:205: TRY: 2
DEBUG: src/lcthw/hashmap.c:Hashmap_get_node:205: TRY: 3
DEBUG: src/lcthw/hashmap.c:Hashmap_get_node:205: TRY: 4
DEBUG: src/lcthw/hashmap.c:Hashmap_get_node:205: TRY: 5
DEBUG: src/lcthw/hashmap.c:Hashmap_get_node:205: TRY: 6
DEBUG: src/lcthw/hashmap.c:Hashmap_get_node:205: TRY: 7
DEBUG: src/lcthw/hashmap.c:Hashmap_get_node:205: TRY: 8
DEBUG: src/lcthw/hashmap.c:Hashmap_get_node:205: TRY: 9
DEBUG: src/lcthw/hashmap.c:Hashmap_get_node:205: TRY: 10
DEBUG: src/lcthw/hashmap.c:Hashmap_get_node:205: TRY: 11
DEBUG: src/lcthw/hashmap.c:Hashmap_get_node:205: TRY: 12
DEBUG: src/lcthw/hashmap.c:Hashmap_get_node:205: TRY: 13
DEBUG: src/lcthw/hashmap.c:Hashmap_get_node:205: TRY: 14
DEBUG: src/lcthw/hashmap.c:Hashmap_get_node:205: TRY: 15
DEBUG: src/lcthw/hashmap.c:Hashmap_get_node:205: TRY: 16
DEBUG: src/lcthw/hashmap.c:Hashmap_get_node:205: TRY: 17
DEBUG: src/lcthw/hashmap.c:Hashmap_get_node:205: TRY: 18
DEBUG: src/lcthw/hashmap.c:Hashmap_get_node:205: TRY: 19
DEBUG: src/lcthw/hashmap.c:Hashmap_get_node:205: TRY: 20
DEBUG: src/lcthw/hashmap.c:Hashmap_get_node:205: TRY: 21
DEBUG: src/lcthw/hashmap.c:Hashmap_get_node:205: TRY: 22
DEBUG: src/lcthw/hashmap.c:Hashmap_get_node:205: TRY: 23
DEBUG: src/lcthw/hashmap.c:Hashmap_get_node:205: TRY: 24
DEBUG: src/lcthw/hashmap.c:Hashmap_get_node:205: TRY: 25
DEBUG: src/lcthw/hashmap.c:Hashmap_get_node:205: TRY: 26
DEBUG: src/lcthw/hashmap.c:Hashmap_get_node:205: TRY: 27
DEBUG: src/lcthw/hashmap.c:Hashmap_get_node:205: TRY: 28
DEBUG: src/lcthw/hashmap.c:Hashmap_get_node:205: TRY: 29
DEBUG: src/lcthw/hashmap.c:Hashmap_get_node:205: TRY: 30
DEBUG: src/lcthw/hashmap.c:Hashmap_get_node:205: TRY: 31
DEBUG: src/lcthw/hashmap.c:Hashmap_get_node:205: TRY: 32
DEBUG: src/lcthw/hashmap.c:Hashmap_get_node:205: TRY: 33
DEBUG: src/lcthw/hashmap.c:Hashmap_get_node:205: TRY: 34
DEBUG: src/lcthw/hashmap.c:Hashmap_get_node:205: TRY: 35
DEBUG: src/lcthw/hashmap.c:Hashmap_get_node:205: TRY: 36
DEBUG: src/lcthw/hashmap.c:Hashmap_get_node:205: TRY: 37
DEBUG: src/lcthw/hashmap.c:Hashmap_get_node:205: TRY: 38
DEBUG: src/lcthw/hashmap.c:Hashmap_get_node:205: TRY: 39
DEBUG: src/lcthw/hashmap.c:Hashmap_get_node:205: TRY: 40
DEBUG: src/lcthw/hashmap.c:Hashmap_get_node:205: TRY: 41
DEBUG: src/lcthw/hashmap.c:Hashmap_get_node:205: TRY: 42
DEBUG: src/lcthw/hashmap.c:Hashmap_get_node:205: TRY: 43
DEBUG: src/lcthw/hashmap.c:Hashmap_get_node:205: TRY: 44
DEBUG: src/lcthw/hashmap.c:Hashmap_get_node:205: TRY: 45
DEBUG: src/lcthw/hashmap.c:Hashmap_get_node:205: TRY: 46
DEBUG: src/lcthw/hashmap.c:Hashmap_get_node:205: TRY: 47
DEBUG: src/lcthw/hashmap.c:Hashmap_get_node:205: TRY: 48
DEBUG: src/lcthw/hashmap.c:Hashmap_get_node:205: TRY: 49
DEBUG: src/lcthw/hashmap.c:Hashmap_get_node:205: TRY: 50
DEBUG: src/lcthw/hashmap.c:Hashmap_get_node:205: TRY: 51
DEBUG: src/lcthw/hashmap.c:Hashmap_get_node:205: TRY: 52
DEBUG: src/lcthw/hashmap.c:Hashmap_get_node:205: TRY: 53
DEBUG: src/lcthw/hashmap.c:Hashmap_get_node:205: TRY: 54
DEBUG: src/lcthw/hashmap.c:Hashmap_get_node:205: TRY: 55
DEBUG: src/lcthw/hashmap.c:Hashmap_get_node:205: TRY: 56
DEBUG: src/lcthw/hashmap.c:Hashmap_get_node:205: TRY: 57
DEBUG: src/lcthw/hashmap.c:Hashmap_get_node:205: TRY: 58
DEBUG: src/lcthw/hashmap.c:Hashmap_get_node:205: TRY: 59
DEBUG: src/lcthw/hashmap.c:Hashmap_get_node:205: TRY: 60
DEBUG: src/lcthw/hashmap.c:Hashmap_get_node:205: TRY: 61
DEBUG: src/lcthw/hashmap.c:Hashmap_get_node:205: TRY: 62
DEBUG: src/lcthw/hashmap.c:Hashmap_get_node:205: TRY: 63
DEBUG: src/lcthw/hashmap.c:Hashmap_get_node:205: TRY: 64
DEBUG: src/lcthw/hashmap.c:Hashmap_get_node:205: TRY: 65
DEBUG: src/lcthw/hashmap.c:Hashmap_get_node:205: TRY: 66
DEBUG: src/lcthw/hashmap.c:Hashmap_get_node:205: TRY: 67
DEBUG: src/lcthw/hashmap.c:Hashmap_get_node:205: TRY: 68
DEBUG: src/lcthw/hashmap.c:Hashmap_get_node:205: TRY: 69
DEBUG: src/lcthw/hashmap.c:Hashmap_get_node:205: TRY: 70
DEBUG: src/lcthw/hashmap.c:Hashmap_get_node:205: TRY: 71
DEBUG: src/lcthw/hashmap.c:Hashmap_get_node:205: TRY: 72
DEBUG: src/lcthw/hashmap.c:Hashmap_get_node:205: TRY: 73
DEBUG: src/lcthw/hashmap.c:Hashmap_get_node:205: TRY: 74
DEBUG: src/lcthw/hashmap.c:Hashmap_get_node:205: TRY: 75
DEBUG: src/lcthw/hashmap.c:Hashmap_get_node:205: TRY: 76
DEBUG: src/lcthw/hashmap.c:Hashmap_get_node:205: TRY: 77
DEBUG: src/lcthw/hashmap.c:Hashmap_get_node:205: TRY: 78
DEBUG: src/lcthw/hashmap.c:Hashmap_get_node:205: TRY: 79
DEBUG: src/lcthw/hashmap.c:Hashmap_get_node:205: TRY: 80
DEBUG: src/lcthw/hashmap.c:Hashmap_get_node:205: TRY: 81
DEBUG: src/lcthw/hashmap.c:Hashmap_get_node:205: TRY: 0
DEBUG: src/lcthw/hashmap.c:Hashmap_get_node:205: TRY: 1
DEBUG: src/lcthw/hashmap.c:Hashmap_get_node:205: TRY: 2
DEBUG: src/lcthw/hashmap.c:Hashmap_get_node:205: TRY: 3
DEBUG: src/lcthw/hashmap.c:Hashmap_get_node:205: TRY: 4
DEBUG: src/lcthw/hashmap.c:Hashmap_get_node:205: TRY: 5
DEBUG: src/lcthw/hashmap.c:Hashmap_get_node:205: TRY: 6
DEBUG: src/lcthw/hashmap.c:Hashmap_get_node:205: TRY: 7
DEBUG: src/lcthw/hashmap.c:Hashmap_get_node:205: TRY: 8
DEBUG: src/lcthw/hashmap.c:Hashmap_get_node:205: TRY: 9
DEBUG: src/lcthw/hashmap.c:Hashmap_get_node:205: TRY: 10
DEBUG: src/lcthw/hashmap.c:Hashmap_get_node:205: TRY: 11
DEBUG: src/lcthw/hashmap.c:Hashmap_get_node:205: TRY: 12
DEBUG: src/lcthw/hashmap.c:Hashmap_get_node:205: TRY: 13
DEBUG: src/lcthw/hashmap.c:Hashmap_get_node:205: TRY: 14
DEBUG: src/lcthw/hashmap.c:Hashmap_get_node:205: TRY: 15
DEBUG: src/lcthw/hashmap.c:Hashmap_get_node:205: TRY: 16
DEBUG: src/lcthw/hashmap.c:Hashmap_get_node:205: TRY: 17
DEBUG: src/lcthw/hashmap.c:Hashmap_get_node:205: TRY: 18
DEBUG: src/lcthw/hashmap.c:Hashmap_get_node:205: TRY: 19
DEBUG: src/lcthw/hashmap.c:Hashmap_get_node:205: TRY: 20
DEBUG: src/lcthw/hashmap.c:Hashmap_get_node:205: TRY: 21
DEBUG: src/lcthw/hashmap.c:Hashmap_get_node:205: TRY: 22
DEBUG: src/lcthw/hashmap.c:Hashmap_get_node:205: TRY: 23
DEBUG: src/lcthw/hashmap.c:Hashmap_get_node:205: TRY: 24
DEBUG: src/lcthw/hashmap.c:Hashmap_get_node:205: TRY: 25
DEBUG: src/lcthw/hashmap.c:Hashmap_get_node:205: TRY: 26
DEBUG: src/lcthw/hashmap.c:Hashmap_get_node:205: TRY: 27
DEBUG: src/lcthw/hashmap.c:Hashmap_get_node:205: TRY: 28
DEBUG: src/lcthw/hashmap.c:Hashmap_get_node:205: TRY: 29
DEBUG: src/lcthw/hashmap.c:Hashmap_get_node:205: TRY: 30
DEBUG: src/lcthw/hashmap.c:Hashmap_get_node:205: TRY: 31
DEBUG: src/lcthw/hashmap.c:Hashmap_get_node:205: TRY: 32
DEBUG: src/lcthw/hashmap.c:Hashmap_get_node:205: TRY: 33
DEBUG: src/lcthw/hashmap.c:Hashmap_get_node:205: TRY: 34
DEBUG: src/lcthw/hashmap.c:Hashmap_get_node:205: TRY: 35
DEBUG: src/lcthw/hashmap.c:Hashmap_get_node:205: TRY: 36
DEBUG: src/lcthw/hashmap.c:Hashmap_get_node:205: TRY: 37
DEBUG: src/lcthw/hashmap.c:Hashmap_get_node:205: TRY: 38
DEBUG: src/lcthw/hashmap.c:Hashmap_get_node:205: TRY: 39
DEBUG: src/lcthw/hashmap.c:Hashmap_get_node:205: TRY: 40
DEBUG: src/lcthw/hashmap.c:Hashmap_get_node:205: TRY: 41
DEBUG: src/lcthw/hashmap.c:Hashmap_get_node:205: TRY: 42
DEBUG: src/lcthw/hashmap.c:Hashmap_get_node:205: TRY: 43
DEBUG: src/lcthw/hashmap.c:Hashmap_get_node:205: TRY: 44
DEBUG: src/lcthw/hashmap.c:Hashmap_get_node:205: TRY: 45
DEBUG: src/lcthw/hashmap.c:Hashmap_get_node:205: TRY: 46
DEBUG: src/lcthw/hashmap.c:Hashmap_get_node:205: TRY: 47
DEBUG: src/lcthw/hashmap.c:Hashmap_get_node:205: TRY: 48
DEBUG: src/lcthw/hashmap.c:Hashmap_get_node:205: TRY: 49
DEBUG: src/lcthw/hashmap.c:Hashmap_get_node:205: TRY: 50
DEBUG: src/lcthw/hashmap.c:Hashmap_get_node:205: TRY: 51
DEBUG: src/lcthw/hashmap.c:Hashmap_get_node:205: TRY: 52
DEBUG: src/lcthw/hashmap.c:Hashmap_get_node:205: TRY: 53
DEBUG: src/lcthw/hashmap.c:Hashmap_get_node:205: TRY: 54
DEBUG: src/lcthw/hashmap.c:Hashmap_get_node:205: TRY: 55
DEBUG: src/lcthw/hashmap.c:Hashmap_get_node:205: TRY: 56
DEBUG: src/lcthw/hashmap.c:Hashmap_get_node:205: TRY: 57
DEBUG: src/lcthw/hashmap.c:Hashmap_get_node:205: TRY: 58
DEBUG: src/lcthw/hashmap.c:Hashmap_get_node:205: TRY: 59
DEBUG: src/lcthw/hashmap.c:Hashmap_get_node:205: TRY: 60
DEBUG: src/lcthw/hashmap.c:Hashmap_get_node:205: TRY: 61
DEBUG: src/lcthw/hashmap.c:Hashmap_get_node:205: TRY: 62
DEBUG: src/lcthw/hashmap.c:Hashmap_get_node:205: TRY: 63
DEBUG: src/lcthw/hashmap.c:Hashmap_get_node:205: TRY: 64
DEBUG: src/lcthw/hashmap.c:Hashmap_get_node:205: TRY: 65
DEBUG: src/lcthw/hashmap.c:Hashmap_get_node:205: TRY: 66
DEBUG: src/lcthw/hashmap.c:Hashmap_get_node:205: TRY: 67
DEBUG: src/lcthw/hashmap.c:Hashmap_get_node:205: TRY: 68
DEBUG: src/lcthw/hashmap.c:Hashmap_get_node:205: TRY: 69
DEBUG: src/lcthw/hashmap.c:Hashmap_get_node:205: TRY: 70
DEBUG: src/lcthw/hashmap.c:Hashmap_get_node:205: TRY: 71
DEBUG: src/lcthw/hashmap.c:Hashmap_get_node:205: TRY: 72
DEBUG: src/lcthw/hashmap.c:Hashmap_get_node:205: TRY: 73
DEBUG: src/lcthw/hashmap.c:Hashmap_get_node:205: TRY: 74
DEBUG: src/lcthw/hashmap.c:Hashmap_get_node:205: TRY: 75
DEBUG: src/lcthw/hashmap.c:Hashmap_get_node:205: TRY: 76
DEBUG: src/lcthw/hashmap.c:Hashmap_get_node:205: TRY: 77
DEBUG: src/lcthw/hashmap.c:Hashmap_get_node:205: TRY: 0
DEBUG: src/lcthw/hashmap.c:Hashmap_get_node:205: TRY: 1
DEBUG: src/lcthw/hashmap.c:Hashmap_get_node:205: TRY: 2
DEBUG: src/lcthw/hashmap.c:Hashmap_get_node:205: TRY: 3
DEBUG: src/lcthw/hashmap.c:Hashmap_get_node:205: TRY: 4
DEBUG: src/lcthw/hashmap.c:Hashmap_get_node:205: TRY: 5
DEBUG: src/lcthw/hashmap.c:Hashmap_get_node:205: TRY: 6
DEBUG: src/lcthw/hashmap.c:Hashmap_get_node:205: TRY: 7
DEBUG: src/lcthw/hashmap.c:Hashmap_get_node:205: TRY: 8
DEBUG: src/lcthw/hashmap.c:Hashmap_get_node:205: TRY: 9
DEBUG: src/lcthw/hashmap.c:Hashmap_get_node:205: TRY: 10
DEBUG: src/lcthw/hashmap.c:Hashmap_get_node:205: TRY: 11
DEBUG: src/lcthw/hashmap.c:Hashmap_get_node:205: TRY: 12
DEBUG: src/lcthw/hashmap.c:Hashmap_get_node:205: TRY: 13
DEBUG: src/lcthw/hashmap.c:Hashmap_get_node:205: TRY: 14
DEBUG: src/lcthw/hashmap.c:Hashmap_get_node:205: TRY: 15
DEBUG: src/lcthw/hashmap.c:Hashmap_get_node:205: TRY: 16
DEBUG: src/lcthw/hashmap.c:Hashmap_get_node:205: TRY: 17
DEBUG: src/lcthw/hashmap.c:Hashmap_get_node:205: TRY: 18
DEBUG: src/lcthw/hashmap.c:Hashmap_get_node:205: TRY: 19
DEBUG: src/lcthw/hashmap.c:Hashmap_get_node:205: TRY: 20
DEBUG: src/lcthw/hashmap.c:Hashmap_get_node:205: TRY: 21
DEBUG: src/lcthw/hashmap.c:Hashmap_get_node:205: TRY: 22
DEBUG: src/lcthw/hashmap.c:Hashmap_get_node:205: TRY: 23
DEBUG: src/lcthw/hashmap.c:Hashmap_get_node:205: TRY: 24
DEBUG: src/lcthw/hashmap.c:Hashmap_get_node:205: TRY: 25
DEBUG: src/lcthw/hashmap.c:Hashmap_get_node:205: TRY: 26
DEBUG: src/lcthw/hashmap.c:Hashmap_get_node:205: TRY: 27
DEBUG: src/lcthw/hashmap.c:Hashmap_get_node:205: TRY: 28
DEBUG: src/lcthw/hashmap.c:Hashmap_get_node:205: TRY: 29
DEBUG: src/lcthw/hashmap.c:Hashmap_get_node:205: TRY: 30
DEBUG: src/lcthw/hashmap.c:Hashmap_get_node:205: TRY: 31
DEBUG: src/lcthw/hashmap.c:Hashmap_get_node:205: TRY: 32
DEBUG: src/lcthw/hashmap.c:Hashmap_get_node:205: TRY: 33
DEBUG: src/lcthw/hashmap.c:Hashmap_get_node:205: TRY: 34
DEBUG: src/lcthw/hashmap.c:Hashmap_get_node:205: TRY: 35
DEBUG: src/lcthw/hashmap.c:Hashmap_get_node:205: TRY: 36
DEBUG: src/lcthw/hashmap.c:Hashmap_get_node:205: TRY: 37
DEBUG: src/lcthw/hashmap.c:Hashmap_get_node:205: TRY: 38
DEBUG: src/lcthw/hashmap.c:Hashmap_get_node:205: TRY: 39
DEBUG: src/lcthw/hashmap.c:Hashmap_get_node:205: TRY: 40
DEBUG: src/lcthw/hashmap.c:Hashmap_get_node:205: TRY: 41
DEBUG: src/lcthw/hashmap.c:Hashmap_get_node:205: TRY: 42
DEBUG: src/lcthw/hashmap.c:Hashmap_get_node:205: TRY: 43
DEBUG: src/lcthw/hashmap.c:Hashmap_get_node:205: TRY: 44
DEBUG: src/lcthw/hashmap.c:Hashmap_get_node:205: TRY: 45
DEBUG: src/lcthw/hashmap.c:Hashmap_get_node:205: TRY: 46
DEBUG: src/lcthw/hashmap.c:Hashmap_get_node:205: TRY: 47
DEBUG: src/lcthw/hashmap.c:Hashmap_get_node:205: TRY: 48
DEBUG: src/lcthw/hashmap.c:Hashmap_get_node:205: TRY: 49
DEBUG: src/lcthw/hashmap.c:Hashmap_get_node:205: TRY: 50
DEBUG: src/lcthw/hashmap.c:Hashmap_get_node:205: TRY: 51
DEBUG: src/lcthw/hashmap.c:Hashmap_get_node:205: TRY: 52
DEBUG: src/lcthw/hashmap.c:Hashmap_get_node:205: TRY: 53
DEBUG: src/lcthw/hashmap.c:Hashmap_get_node:205: TRY: 54
DEBUG: src/lcthw/hashmap.c:Hashmap_get_node:205: TRY: 55
DEBUG: src/lcthw/hashmap.c:Hashmap_get_node:205: TRY: 56
DEBUG: src/lcthw/hashmap.c:Hashmap_get_node:205: TRY: 57
DEBUG: src/lcthw/hashmap.c:Hashmap_get_node:205: TRY: 58
DEBUG: src/lcthw/hashmap.c:Hashmap_get_node:205: TRY: 59
DEBUG: src/lcthw/hashmap.c:Hashmap_get_node:205: TRY: 60
DEBUG: src/lcthw/hashmap.c:Hashmap_get_node:205: TRY: 61
DEBUG: src/lcthw/hashmap.c:Hashmap_get_node:205: TRY: 62
DEBUG: src/lcthw/hashmap.c:Hashmap_get_node:205: TRY: 63
DEBUG: src/lcthw/hashmap.c:Hashmap_get_node:205: TRY: 64
DEBUG: src/lcthw/hashmap.c:Hashmap_get_node:205: TRY: 65
DEBUG: src/lcthw/hashmap.c:Hashmap_get_node:205: TRY: 66
DEBUG: src/lcthw/hashmap.c:Hashmap_get_node:205: TRY: 67
DEBUG: src/lcthw/hashmap.c:Hashmap_get_node:205: TRY: 68
DEBUG: src/lcthw/hashmap.c:Hashmap_get_node:205: TRY: 69
DEBUG: src/lcthw/hashmap.c:Hashmap_get_node:205: TRY: 70
DEBUG: src/lcthw/hashmap.c:Hashmap_get_node:205: TRY: 71
DEBUG: src/lcthw/hashmap.c:Hashmap_get_node:205: TRY: 72
DEBUG: src/lcthw/hashmap.c:Hashmap_get_node:205: TRY: 73
DEBUG: src/lcthw/hashmap.c:Hashmap_get_node:205: TRY: 74
DEBUG: src/lcthw/hashmap.c:Hashmap_get_node:205: TRY: 75
DEBUG: src/lcthw/hashmap.c:Hashmap_get_node:205: TRY: 76
DEBUG: src/lcthw/hashmap.c:Hashmap_get_node:205: TRY: 77
DEBUG: src/lcthw/hashmap.c:Hashmap_get_node:205: TRY: 78
DEBUG: src/lcthw/hashmap.c:Hashmap_get_node:205: TRY: 79
DEBUG: src/lcthw/hashmap.c:Hashmap_get_node:205: TRY: 80
DEBUG: src/lcthw/hashmap.c:Hashmap_get_node:205: TRY: 81
DEBUG: src/lcthw/hashmap.c:Hashmap_get_node:205: TRY: 82
DEBUG: src/lcthw/hashmap.c:Hashmap_get_node:205: TRY: 0
DEBUG: src/lcthw/hashmap.c:Hashmap_get_node:205: TRY: 1
DEBUG: src/lcthw/hashmap.c:Hashmap_get_node:205: TRY: 2
DEBUG: src/lcthw/hashmap.c:Hashmap_get_node:205: TRY: 3
DEBUG: src/lcthw/hashmap.c:Hashmap_get_node:205: TRY: 4
DEBUG: src/lcthw/hashmap.c:Hashmap_get_node:205: TRY: 5
DEBUG: src/lcthw/hashmap.c:Hashmap_get_node:205: TRY: 6
DEBUG: src/lcthw/hashmap.c:Hashmap_get_node:205: TRY: 7
DEBUG: src/lcthw/hashmap.c:Hashmap_get_node:205: TRY: 8
DEBUG: src/lcthw/hashmap.c:Hashmap_get_node:205: TRY: 9
DEBUG: src/lcthw/hashmap.c:Hashmap_get_node:205: TRY: 10
DEBUG: src/lcthw/hashmap.c:Hashmap_get_node:205: TRY: 11
DEBUG: src/lcthw/hashmap.c:Hashmap_get_node:205: TRY: 12
DEBUG: src/lcthw/hashmap.c:Hashmap_get_node:205: TRY: 13
DEBUG: src/lcthw/hashmap.c:Hashmap_get_node:205: TRY: 14
DEBUG: src/lcthw/hashmap.c:Hashmap_get_node:205: TRY: 15
DEBUG: src/lcthw/hashmap.c:Hashmap_get_node:205: TRY: 16
DEBUG: src/lcthw/hashmap.c:Hashmap_get_node:205: TRY: 17
DEBUG: src/lcthw/hashmap.c:Hashmap_get_node:205: TRY: 18
DEBUG: src/lcthw/hashmap.c:Hashmap_get_node:205: TRY: 19
DEBUG: src/lcthw/hashmap.c:Hashmap_get_node:205: TRY: 20
DEBUG: src/lcthw/hashmap.c:Hashmap_get_node:205: TRY: 21
DEBUG: src/lcthw/hashmap.c:Hashmap_get_node:205: TRY: 22
DEBUG: src/lcthw/hashmap.c:Hashmap_get_node:205: TRY: 23
DEBUG: src/lcthw/hashmap.c:Hashmap_get_node:205: TRY: 24
DEBUG: src/lcthw/hashmap.c:Hashmap_get_node:205: TRY: 25
DEBUG: src/lcthw/hashmap.c:Hashmap_get_node:205: TRY: 26
DEBUG: src/lcthw/hashmap.c:Hashmap_get_node:205: TRY: 27
DEBUG: src/lcthw/hashmap.c:Hashmap_get_node:205: TRY: 28
DEBUG: src/lcthw/hashmap.c:Hashmap_get_node:205: TRY: 29
DEBUG: src/lcthw/hashmap.c:Hashmap_get_node:205: TRY: 30
DEBUG: src/lcthw/hashmap.c:Hashmap_get_node:205: TRY: 31
DEBUG: src/lcthw/hashmap.c:Hashmap_get_node:205: TRY: 32
DEBUG: src/lcthw/hashmap.c:Hashmap_get_node:205: TRY: 33
DEBUG: src/lcthw/hashmap.c:Hashmap_get_node:205: TRY: 34
DEBUG: src/lcthw/hashmap.c:Hashmap_get_node:205: TRY: 35
DEBUG: src/lcthw/hashmap.c:Hashmap_get_node:205: TRY: 36
DEBUG: src/lcthw/hashmap.c:Hashmap_get_node:205: TRY: 37
DEBUG: src/lcthw/hashmap.c:Hashmap_get_node:205: TRY: 38
DEBUG: src/lcthw/hashmap.c:Hashmap_get_node:205: TRY: 39
DEBUG: src/lcthw/hashmap.c:Hashmap_get_node:205: TRY: 40
DEBUG: src/lcthw/hashmap.c:Hashmap_get_node:205: TRY: 41
DEBUG: src/lcthw/hashmap.c:Hashmap_get_node:205: TRY: 42
DEBUG: src/lcthw/hashmap.c:Hashmap_get_node:205: TRY: 43
DEBUG: src/lcthw/hashmap.c:Hashmap_get_node:205: TRY: 44
DEBUG: src/lcthw/hashmap.c:Hashmap_get_node:205: TRY: 45
DEBUG: src/lcthw/hashmap.c:Hashmap_get_node:205: TRY: 46
DEBUG: src/lcthw/hashmap.c:Hashmap_get_node:205: TRY: 47
DEBUG: src/lcthw/hashmap.c:Hashmap_get_node:205: TRY: 48
DEBUG: src/lcthw/hashmap.c:Hashmap_get_node:205: TRY: 49
DEBUG: src/lcthw/hashmap.c:Hashmap_get_node:205: TRY: 50
DEBUG: src/lcthw/hashmap.c:Hashmap_get_node:205: TRY: 51
DEBUG: src/lcthw/hashmap.c:Hashmap_get_node:205: TRY: 52
DEBUG: src/lcthw/hashmap.c:Hashmap_get_node:205: TRY: 53
DEBUG: src/lcthw/hashmap.c:Hashmap_get_node:205: TRY: 54
DEBUG: src/lcthw/hashmap.c:Hashmap_get_node:205: TRY: 55
DEBUG: src/lcthw/hashmap.c:Hashmap_get_node:205: TRY: 56
DEBUG: src/lcthw/hashmap.c:Hashmap_get_node:205: TRY: 57
DEBUG: src/lcthw/hashmap.c:Hashmap_get_node:205: TRY: 58
DEBUG: src/lcthw/hashmap.c:Hashmap_get_node:205: TRY: 59
DEBUG: src/lcthw/hashmap.c:Hashmap_get_node:205: TRY: 60
DEBUG: src/lcthw/hashmap.c:Hashmap_get_node:205: TRY: 61
DEBUG: src/lcthw/hashmap.c:Hashmap_get_node:205: TRY: 62
DEBUG: src/lcthw/hashmap.c:Hashmap_get_node:205: TRY: 63
DEBUG: src/lcthw/hashmap.c:Hashmap_get_node:205: TRY: 64
DEBUG: src/lcthw/hashmap.c:Hashmap_get_node:205: TRY: 65
DEBUG: src/lcthw/hashmap.c:Hashmap_get_node:205: TRY: 66
DEBUG: src/lcthw/hashmap.c:Hashmap_get_node:205: TRY: 67
DEBUG: src/lcthw/hashmap.c:Hashmap_get_node:205: TRY: 68
DEBUG: src/lcthw/hashmap.c:Hashmap_get_node:205: TRY: 69
DEBUG: src/lcthw/hashmap.c:Hashmap_get_node:205: TRY: 70
DEBUG: src/lcthw/hashmap.c:Hashmap_get_node:205: TRY: 71
DEBUG: src/lcthw/hashmap.c:Hashmap_get_node:205: TRY: 72
DEBUG: src/lcthw/hashmap.c:Hashmap_get_node:205: TRY: 73
DEBUG: src/lcthw/hashmap.c:Hashmap_get_node:205: TRY: 74
DEBUG: src/lcthw/hashmap.c:Hashmap_get_node:205: TRY: 75
DEBUG: src/lcthw/hashmap.c:Hashmap_get_node:205: TRY: 76
DEBUG: src/lcthw/hashmap.c:Hashmap_get_node:205: TRY: 77
DEBUG: src/lcthw/hashmap.c:Hashmap_get_node:205: TRY: 78
DEBUG: src/lcthw/hashmap.c:Hashmap_get_node:205: TRY: 79
DEBUG: src/lcthw/hashmap.c:Hashmap_get_node:205: TRY: 80
DEBUG: src/lcthw/hashmap.c:Hashmap_get_node:205: TRY: 81
DEBUG: src/lcthw/hashmap.c:Hashmap_get_node:205: TRY: 82
DEBUG: src/lcthw/hashmap.c:Hashmap_get_node:205: TRY: 83
DEBUG: src/lcthw/hashmap.c:Hashmap_get_node:205: TRY: 84
DEBUG: src/lcthw/hashmap.c:Hashmap_get_node:205: TRY: 85
DEBUG: src/lcthw/hashmap.c:Hashmap_get_node:205: TRY: 86
DEBUG: src/lcthw/hashmap.c:Hashmap_get_node:205: TRY: 87
DEBUG: src/lcthw/hashmap.c:Hashmap_get_node:205: TRY: 88
DEBUG: src/lcthw/hashmap.c:Hashmap_get_node:205: TRY: 89
DEBUG: src/lcthw/hashmap.c:Hashmap_get_node:205: TRY: 90
DEBUG: src/lcthw/hashmap.c:Hashmap_get_node:205: TRY: 91
DEBUG: src/lcthw/hashmap.c:Hashmap_get_node:205: TRY: 92
DEBUG: src/lcthw/hashmap.c:Hashmap_get_node:205: TRY: 0
DEBUG: src/lcthw/hashmap.c:Hashmap_get_node:205: TRY: 1
DEBUG: src/lcthw/hashmap.c:Hashmap_get_node:205: TRY: 2
DEBUG: src/lcthw/hashmap.c:Hashmap_get_node:205: TRY: 3
DEBUG: src/lcthw/hashmap.c:Hashmap_get_node:205: TRY: 4
DEBUG: src/lcthw/hashmap.c:Hashmap_get_node:205: TRY: 5
DEBUG: src/lcthw/hashmap.c:Hashmap_get_node:205: TRY: 6
DEBUG: src/lcthw/hashmap.c:Hashmap_get_node:205: TRY: 7
DEBUG: src/lcthw/hashmap.c:Hashmap_get_node:205: TRY: 8
DEBUG: src/lcthw/hashmap.c:Hashmap_get_node:205: TRY: 9
DEBUG: src/lcthw/hashmap.c:Hashmap_get_node:205: TRY: 10
DEBUG: src/lcthw/hashmap.c:Hashmap_get_node:205: TRY: 11
DEBUG: src/lcthw/hashmap.c:Hashmap_get_node:205: TRY: 12
DEBUG: src/lcthw/hashmap.c:Hashmap_get_node:205: TRY: 13
DEBUG: src/lcthw/hashmap.c:Hashmap_get_node:205: TRY: 14
DEBUG: src/lcthw/hashmap.c:Hashmap_get_node:205: TRY: 15
DEBUG: src/lcthw/hashmap.c:Hashmap_get_node:205: TRY: 16
DEBUG: src/lcthw/hashmap.c:Hashmap_get_node:205: TRY: 17
DEBUG: src/lcthw/hashmap.c:Hashmap_get_node:205: TRY: 18
DEBUG: src/lcthw/hashmap.c:Hashmap_get_node:205: TRY: 19
DEBUG: src/lcthw/hashmap.c:Hashmap_get_node:205: TRY: 20
DEBUG: src/lcthw/hashmap.c:Hashmap_get_node:205: TRY: 21
DEBUG: src/lcthw/hashmap.c:Hashmap_get_node:205: TRY: 22
DEBUG: src/lcthw/hashmap.c:Hashmap_get_node:205: TRY: 23
DEBUG: src/lcthw/hashmap.c:Hashmap_get_node:205: TRY: 24
DEBUG: src/lcthw/hashmap.c:Hashmap_get_node:205: TRY: 25
DEBUG: src/lcthw/hashmap.c:Hashmap_get_node:205: TRY: 26
DEBUG: src/lcthw/hashmap.c:Hashmap_get_node:205: TRY: 27
DEBUG: src/lcthw/hashmap.c:Hashmap_get_node:205: TRY: 28
DEBUG: src/lcthw/hashmap.c:Hashmap_get_node:205: TRY: 29
DEBUG: src/lcthw/hashmap.c:Hashmap_get_node:205: TRY: 30
DEBUG: src/lcthw/hashmap.c:Hashmap_get_node:205: TRY: 31
DEBUG: src/lcthw/hashmap.c:Hashmap_get_node:205: TRY: 32
DEBUG: src/lcthw/hashmap.c:Hashmap_get_node:205: TRY: 33
DEBUG: src/lcthw/hashmap.c:Hashmap_get_node:205: TRY: 34
DEBUG: src/lcthw/hashmap.c:Hashmap_get_node:205: TRY: 35
DEBUG: src/lcthw/hashmap.c:Hashmap_get_node:205: TRY: 36
DEBUG: src/lcthw/hashmap.c:Hashmap_get_node:205: TRY: 37
DEBUG: src/lcthw/hashmap.c:Hashmap_get_node:205: TRY: 38
DEBUG: src/lcthw/hashmap.c:Hashmap_get_node:205: TRY: 39
DEBUG: src/lcthw/hashmap.c:Hashmap_get_node:205: TRY: 40
DEBUG: src/lcthw/hashmap.c:Hashmap_get_node:205: TRY: 41
DEBUG: src/lcthw/hashmap.c:Hashmap_get_node:205: TRY: 42
DEBUG: src/lcthw/hashmap.c:Hashmap_get_node:205: TRY: 43
DEBUG: src/lcthw/hashmap.c:Hashmap_get_node:205: TRY: 44
DEBUG: src/lcthw/hashmap.c:Hashmap_get_node:205: TRY: 45
DEBUG: src/lcthw/hashmap.c:Hashmap_get_node:205: TRY: 46
DEBUG: src/lcthw/hashmap.c:Hashmap_get_node:205: TRY: 47
DEBUG: src/lcthw/hashmap.c:Hashmap_get_node:205: TRY: 48
DEBUG: src/lcthw/hashmap.c:Hashmap_get_node:205: TRY: 49
DEBUG: src/lcthw/hashmap.c:Hashmap_get_node:205: TRY: 50
DEBUG: src/lcthw/hashmap.c:Hashmap_get_node:205: TRY: 51
DEBUG: src/lcthw/hashmap.c:Hashmap_get_node:205: TRY: 52
DEBUG: src/lcthw/hashmap.c:Hashmap_get_node:205: TRY: 53
DEBUG: src/lcthw/hashmap.c:Hashmap_get_node:205: TRY: 54
DEBUG: src/lcthw/hashmap.c:Hashmap_get_node:205: TRY: 55
DEBUG: src/lcthw/hashmap.c:Hashmap_get_node:205: TRY: 56
DEBUG: src/lcthw/hashmap.c:Hashmap_get_node:205: TRY: 57
DEBUG: src/lcthw/hashmap.c:Hashmap_get_node:205: TRY: 58
DEBUG: src/lcthw/hashmap.c:Hashmap_get_node:205: TRY: 59
DEBUG: src/lcthw/hashmap.c:Hashmap_get_node:205: TRY: 60
DEBUG: src/lcthw/hashmap.c:Hashmap_get_node:205: TRY: 61
DEBUG: src/lcthw/hashmap.c:Hashmap_get_node:205: TRY: 62
DEBUG: src/lcthw/hashmap.c:Hashmap_get_node:205: TRY: 63
DEBUG: src/lcthw/hashmap.c:Hashmap_get_node:205: TRY: 64
DEBUG: src/lcthw/hashmap.c:Hashmap_get_node:205: TRY: 65
DEBUG: src/lcthw/hashmap.c:Hashmap_get_node:205: TRY: 66
DEBUG: src/lcthw/hashmap.c:Hashmap_get_node:205: TRY: 67
DEBUG: src/lcthw/hashmap.c:Hashmap_get_node:205: TRY: 68
DEBUG: src/lcthw/hashmap.c:Hashmap_get_node:205: TRY: 69
DEBUG: src/lcthw/hashmap.c:Hashmap_get_node:205: TRY: 70
DEBUG: src/lcthw/hashmap.c:Hashmap_get_node:205: TRY: 71
DEBUG: src/lcthw/hashmap.c:Hashmap_get_node:205: TRY: 72
DEBUG: src/lcthw/hashmap.c:Hashmap_get_node:205: TRY: 73
DEBUG: src/lcthw/hashmap.c:Hashmap_get_node:205: TRY: 74
DEBUG: src/lcthw/hashmap.c:Hashmap_get_node:205: TRY: 75
DEBUG: src/lcthw/hashmap.c:Hashmap_get_node:205: TRY: 76
DEBUG: src/lcthw/hashmap.c:Hashmap_get_node:205: TRY: 0
DEBUG: src/lcthw/hashmap.c:Hashmap_get_node:205: TRY: 1
DEBUG: src/lcthw/hashmap.c:Hashmap_get_node:205: TRY: 2
DEBUG: src/lcthw/hashmap.c:Hashmap_get_node:205: TRY: 3
DEBUG: src/lcthw/hashmap.c:Hashmap_get_node:205: TRY: 4
DEBUG: src/lcthw/hashmap.c:Hashmap_get_node:205: TRY: 5
DEBUG: src/lcthw/hashmap.c:Hashmap_get_node:205: TRY: 6
DEBUG: src/lcthw/hashmap.c:Hashmap_get_node:205: TRY: 7
DEBUG: src/lcthw/hashmap.c:Hashmap_get_node:205: TRY: 8
DEBUG: src/lcthw/hashmap.c:Hashmap_get_node:205: TRY: 9
DEBUG: src/lcthw/hashmap.c:Hashmap_get_node:205: TRY: 10
DEBUG: src/lcthw/hashmap.c:Hashmap_get_node:205: TRY: 11
DEBUG: src/lcthw/hashmap.c:Hashmap_get_node:205: TRY: 12
DEBUG: src/lcthw/hashmap.c:Hashmap_get_node:205: TRY: 13
DEBUG: src/lcthw/hashmap.c:Hashmap_get_node:205: TRY: 14
DEBUG: src/lcthw/hashmap.c:Hashmap_get_node:205: TRY: 15
DEBUG: src/lcthw/hashmap.c:Hashmap_get_node:205: TRY: 16
DEBUG: src/lcthw/hashmap.c:Hashmap_get_node:205: TRY: 17
DEBUG: src/lcthw/hashmap.c:Hashmap_get_node:205: TRY: 18
DEBUG: src/lcthw/hashmap.c:Hashmap_get_node:205: TRY: 19
DEBUG: src/lcthw/hashmap.c:Hashmap_get_node:205: TRY: 20
DEBUG: src/lcthw/hashmap.c:Hashmap_get_node:205: TRY: 21
DEBUG: src/lcthw/hashmap.c:Hashmap_get_node:205: TRY: 22
DEBUG: src/lcthw/hashmap.c:Hashmap_get_node:205: TRY: 23
DEBUG: src/lcthw/hashmap.c:Hashmap_get_node:205: TRY: 24
DEBUG: src/lcthw/hashmap.c:Hashmap_get_node:205: TRY: 25
DEBUG: src/lcthw/hashmap.c:Hashmap_get_node:205: TRY: 26
DEBUG: src/lcthw/hashmap.c:Hashmap_get_node:205: TRY: 27
DEBUG: src/lcthw/hashmap.c:Hashmap_get_node:205: TRY: 28
DEBUG: src/lcthw/hashmap.c:Hashmap_get_node:205: TRY: 29
DEBUG: src/lcthw/hashmap.c:Hashmap_get_node:205: TRY: 30
DEBUG: src/lcthw/hashmap.c:Hashmap_get_node:205: TRY: 31
DEBUG: src/lcthw/hashmap.c:Hashmap_get_node:205: TRY: 32
DEBUG: src/lcthw/hashmap.c:Hashmap_get_node:205: TRY: 33
DEBUG: src/lcthw/hashmap.c:Hashmap_get_node:205: TRY: 34
DEBUG: src/lcthw/hashmap.c:Hashmap_get_node:205: TRY: 35
DEBUG: src/lcthw/hashmap.c:Hashmap_get_node:205: TRY: 36
DEBUG: src/lcthw/hashmap.c:Hashmap_get_node:205: TRY: 37
DEBUG: src/lcthw/hashmap.c:Hashmap_get_node:205: TRY: 38
DEBUG: src/lcthw/hashmap.c:Hashmap_get_node:205: TRY: 39
DEBUG: src/lcthw/hashmap.c:Hashmap_get_node:205: TRY: 40
DEBUG: src/lcthw/hashmap.c:Hashmap_get_node:205: TRY: 41
DEBUG: src/lcthw/hashmap.c:Hashmap_get_node:205: TRY: 42
DEBUG: src/lcthw/hashmap.c:Hashmap_get_node:205: TRY: 43
DEBUG: src/lcthw/hashmap.c:Hashmap_get_node:205: TRY: 44
DEBUG: src/lcthw/hashmap.c:Hashmap_get_node:205: TRY: 45
DEBUG: src/lcthw/hashmap.c:Hashmap_get_node:205: TRY: 46
DEBUG: src/lcthw/hashmap.c:Hashmap_get_node:205: TRY: 47
DEBUG: src/lcthw/hashmap.c:Hashmap_get_node:205: TRY: 48
DEBUG: src/lcthw/hashmap.c:Hashmap_get_node:205: TRY: 49
DEBUG: src/lcthw/hashmap.c:Hashmap_get_node:205: TRY: 50
DEBUG: src/lcthw/hashmap.c:Hashmap_get_node:205: TRY: 51
DEBUG: src/lcthw/hashmap.c:Hashmap_get_node:205: TRY: 52
DEBUG: src/lcthw/hashmap.c:Hashmap_get_node:205: TRY: 53
DEBUG: src/lcthw/hashmap.c:Hashmap_get_node:205: TRY: 54
DEBUG: src/lcthw/hashmap.c:Hashmap_get_node:205: TRY: 55
DEBUG: src/lcthw/hashmap.c:Hashmap_get_node:205: TRY: 56
DEBUG: src/lcthw/hashmap.c:Hashmap_get_node:205: TRY: 57
DEBUG: src/lcthw/hashmap.c:Hashmap_get_node:205: TRY: 58
DEBUG: src/lcthw/hashmap.c:Hashmap_get_node:205: TRY: 59
DEBUG: src/lcthw/hashmap.c:Hashmap_get_node:205: TRY: 60
DEBUG: src/lcthw/hashmap.c:Hashmap_get_node:205: TRY: 61
DEBUG: src/lcthw/hashmap.c:Hashmap_get_node:205: TRY: 62
DEBUG: src/lcthw/hashmap.c:Hashmap_get_node:205: TRY: 63
DEBUG: src/lcthw/hashmap.c:Hashmap_get_node:205: TRY: 64
DEBUG: src/lcthw/hashmap.c:Hashmap_get_node:205: TRY: 65
DEBUG: src/lcthw/hashmap.c:Hashmap_get_node:205: TRY: 66
DEBUG: src/lcthw/hashmap.c:Hashmap_get_node:205: TRY: 67
DEBUG: src/lcthw/hashmap.c:Hashmap_get_node:205: TRY: 68
DEBUG: src/lcthw/hashmap.c:Hashmap_get_node:205: TRY: 69
DEBUG: src/lcthw/hashmap.c:Hashmap_get_node:205: TRY: 70
DEBUG: src/lcthw/hashmap.c:Hashmap_get_node:205: TRY: 71
DEBUG: src/lcthw/hashmap.c:Hashmap_get_node:205: TRY: 72
DEBUG: src/lcthw/hashmap.c:Hashmap_get_node:205: TRY: 73
DEBUG: src/lcthw/hashmap.c:Hashmap_get_node:205: TRY: 74
DEBUG: src/lcthw/hashmap.c:Hashmap_get_node:205: TRY: 75
DEBUG: src/lcthw/hashmap.c:Hashmap_get_node:205: TRY: 76
DEBUG: src/lcthw/hashmap.c:Hashmap_get_node:205: TRY: 0
DEBUG: src/lcthw/hashmap.c:Hashmap_get_node:205: TRY: 1
DEBUG: src/lcthw/hashmap.c:Hashmap_get_node:205: TRY: 2
DEBUG: src/lcthw/hashmap.c:Hashmap_get_node:205: TRY: 3
DEBUG: src/lcthw/hashmap.c:Hashmap_get_node:205: TRY: 4
DEBUG: src/lcthw/hashmap.c:Hashmap_get_node:205: TRY: 5
DEBUG: src/lcthw/hashmap.c:Hashmap_get_node:205: TRY: 6
DEBUG: src/lcthw/hashmap.c:Hashmap_get_node:205: TRY: 7
DEBUG: src/lcthw/hashmap.c:Hashmap_get_node:205: TRY: 8
DEBUG: src/lcthw/hashmap.c:Hashmap_get_node:205: TRY: 9
DEBUG: src/lcthw/hashmap.c:Hashmap_get_node:205: TRY: 10
DEBUG: src/lcthw/hashmap.c:Hashmap_get_node:205: TRY: 11
DEBUG: src/lcthw/hashmap.c:Hashmap_get_node:205: TRY: 12
DEBUG: src/lcthw/hashmap.c:Hashmap_get_node:205: TRY: 13
DEBUG: src/lcthw/hashmap.c:Hashmap_get_node:205: TRY: 14
DEBUG: src/lcthw/hashmap.c:Hashmap_get_node:205: TRY: 15
DEBUG: src/lcthw/hashmap.c:Hashmap_get_node:205: TRY: 16
DEBUG: src/lcthw/hashmap.c:Hashmap_get_node:205: TRY: 17
DEBUG: src/lcthw/hashmap.c:Hashmap_get_node:205: TRY: 18
DEBUG: src/lcthw/hashmap.c:Hashmap_get_node:205: TRY: 19
DEBUG: src/lcthw/hashmap.c:Hashmap_get_node:205: TRY: 20
DEBUG: src/lcthw/hashmap.c:Hashmap_get_node:205: TRY: 21
DEBUG: src/lcthw/hashmap.c:Hashmap_get_node:205: TRY: 22
DEBUG: src/lcthw/hashmap.c:Hashmap_get_node:205: TRY: 23
DEBUG: src/lcthw/hashmap.c:Hashmap_get_node:205: TRY: 24
DEBUG: src/lcthw/hashmap.c:Hashmap_get_node:205: TRY: 25
DEBUG: src/lcthw/hashmap.c:Hashmap_get_node:205: TRY: 26
DEBUG: src/lcthw/hashmap.c:Hashmap_get_node:205: TRY: 27
DEBUG: src/lcthw/hashmap.c:Hashmap_get_node:205: TRY: 28
DEBUG: src/lcthw/hashmap.c:Hashmap_get_node:205: TRY: 29
DEBUG: src/lcthw/hashmap.c:Hashmap_get_node:205: TRY: 30
DEBUG: src/lcthw/hashmap.c:Hashmap_get_node:205: TRY: 31
DEBUG: src/lcthw/hashmap.c:Hashmap_get_node:205: TRY: 32
DEBUG: src/lcthw/hashmap.c:Hashmap_get_node:205: TRY: 33
DEBUG: src/lcthw/hashmap.c:Hashmap_get_node:205: TRY: 34
DEBUG: src/lcthw/hashmap.c:Hashmap_get_node:205: TRY: 35
DEBUG: src/lcthw/hashmap.c:Hashmap_get_node:205: TRY: 36
DEBUG: src/lcthw/hashmap.c:Hashmap_get_node:205: TRY: 37
DEBUG: src/lcthw/hashmap.c:Hashmap_get_node:205: TRY: 38
DEBUG: src/lcthw/hashmap.c:Hashmap_get_node:205: TRY: 39
DEBUG: src/lcthw/hashmap.c:Hashmap_get_node:205: TRY: 40
DEBUG: src/lcthw/hashmap.c:Hashmap_get_node:205: TRY: 41
DEBUG: src/lcthw/hashmap.c:Hashmap_get_node:205: TRY: 42
DEBUG: src/lcthw/hashmap.c:Hashmap_get_node:205: TRY: 43
DEBUG: src/lcthw/hashmap.c:Hashmap_get_node:205: TRY: 44
DEBUG: src/lcthw/hashmap.c:Hashmap_get_node:205: TRY: 45
DEBUG: src/lcthw/hashmap.c:Hashmap_get_node:205: TRY: 46
DEBUG: src/lcthw/hashmap.c:Hashmap_get_node:205: TRY: 47
DEBUG: src/lcthw/hashmap.c:Hashmap_get_node:205: TRY: 48
DEBUG: src/lcthw/hashmap.c:Hashmap_get_node:205: TRY: 49
DEBUG: src/lcthw/hashmap.c:Hashmap_get_node:205: TRY: 50
DEBUG: src/lcthw/hashmap.c:Hashmap_get_node:205: TRY: 51
DEBUG: src/lcthw/hashmap.c:Hashmap_get_node:205: TRY: 52
DEBUG: src/lcthw/hashmap.c:Hashmap_get_node:205: TRY: 53
DEBUG: src/lcthw/hashmap.c:Hashmap_get_node:205: TRY: 54
DEBUG: src/lcthw/hashmap.c:Hashmap_get_node:205: TRY: 55
DEBUG: src/lcthw/hashmap.c:Hashmap_get_node:205: TRY: 56
DEBUG: src/lcthw/hashmap.c:Hashmap_get_node:205: TRY: 57
DEBUG: src/lcthw/hashmap.c:Hashmap_get_node:205: TRY: 58
DEBUG: src/lcthw/hashmap.c:Hashmap_get_node:205: TRY: 59
DEBUG: src/lcthw/hashmap.c:Hashmap_get_node:205: TRY: 60
DEBUG: src/lcthw/hashmap.c:Hashmap_get_node:205: TRY: 61
DEBUG: src/lcthw/hashmap.c:Hashmap_get_node:205: TRY: 62
DEBUG: src/lcthw/hashmap.c:Hashmap_get_node:205: TRY: 63
DEBUG: src/lcthw/hashmap.c:Hashmap_get_node:205: TRY: 64
DEBUG: src/lcthw/hashmap.c:Hashmap_get_node:205: TRY: 65
DEBUG: src/lcthw/hashmap.c:Hashmap_get_node:205: TRY: 66
DEBUG: src/lcthw/hashmap.c:Hashmap_get_node:205: TRY: 67
DEBUG: src/lcthw/hashmap.c:Hashmap_get_node:205: TRY: 68
DEBUG: src/lcthw/hashmap.c:Hashmap_get_node:205: TRY: 69
DEBUG: src/lcthw/hashmap.c:Hashmap_get_node:205: TRY: 70
DEBUG: src/lcthw/hashmap.c:Hashmap_get_node:205: TRY: 71
DEBUG: src/lcthw/hashmap.c:Hashmap_get_node:205: TRY: 72
DEBUG: src/lcthw/hashmap.c:Hashmap_get_node:205: TRY: 73
DEBUG: src/lcthw/hashmap.c:Hashmap_get_node:205: TRY: 74
DEBUG: src/lcthw/hashmap.c:Hashmap_get_node:205: TRY: 75
DEBUG: src/lcthw/hashmap.c:Hashmap_get_node:205: TRY: 76
DEBUG: src/lcthw/hashmap.c:Hashmap_get_node:205: TRY: 77
DEBUG: src/lcthw/hashmap.c:Hashmap_get_node:205: TRY: 78
DEBUG: src/lcthw/hashmap.c:Hashmap_get_node:205: TRY: 79
DEBUG: src/lcthw/hashmap.c:Hashmap_get_node:205: TRY: 80
DEBUG: src/lcthw/hashmap.c:Hashmap_get_node:205: TRY: 81
DEBUG: src/lcthw/hashmap.c:Hashmap_get_node:205: TRY: 82
DEBUG: src/lcthw/hashmap.c:Hashmap_get_node:205: TRY: 83
DEBUG: src/lcthw/hashmap.c:Hashmap_get_node:205: TRY: 0
DEBUG: src/lcthw/hashmap.c:Hashmap_get_node:205: TRY: 1
DEBUG: src/lcthw/hashmap.c:Hashmap_get_node:205: TRY: 2
DEBUG: src/lcthw/hashmap.c:Hashmap_get_node:205: TRY: 3
DEBUG: src/lcthw/hashmap.c:Hashmap_get_node:205: TRY: 4
DEBUG: src/lcthw/hashmap.c:Hashmap_get_node:205: TRY: 5
DEBUG: src/lcthw/hashmap.c:Hashmap_get_node:205: TRY: 6
DEBUG: src/lcthw/hashmap.c:Hashmap_get_node:205: TRY: 7
DEBUG: src/lcthw/hashmap.c:Hashmap_get_node:205: TRY: 8
DEBUG: src/lcthw/hashmap.c:Hashmap_get_node:205: TRY: 9
DEBUG: src/lcthw/hashmap.c:Hashmap_get_node:205: TRY: 10
DEBUG: src/lcthw/hashmap.c:Hashmap_get_node:205: TRY: 11
DEBUG: src/lcthw/hashmap.c:Hashmap_get_node:205: TRY: 12
DEBUG: src/lcthw/hashmap.c:Hashmap_get_node:205: TRY: 13
DEBUG: src/lcthw/hashmap.c:Hashmap_get_node:205: TRY: 14
DEBUG: src/lcthw/hashmap.c:Hashmap_get_node:205: TRY: 15
DEBUG: src/lcthw/hashmap.c:Hashmap_get_node:205: TRY: 16
DEBUG: src/lcthw/hashmap.c:Hashmap_get_node:205: TRY: 17
DEBUG: src/lcthw/hashmap.c:Hashmap_get_node:205: TRY: 18
DEBUG: src/lcthw/hashmap.c:Hashmap_get_node:205: TRY: 19
DEBUG: src/lcthw/hashmap.c:Hashmap_get_node:205: TRY: 20
DEBUG: src/lcthw/hashmap.c:Hashmap_get_node:205: TRY: 21
DEBUG: src/lcthw/hashmap.c:Hashmap_get_node:205: TRY: 22
DEBUG: src/lcthw/hashmap.c:Hashmap_get_node:205: TRY: 23
DEBUG: src/lcthw/hashmap.c:Hashmap_get_node:205: TRY: 24
DEBUG: src/lcthw/hashmap.c:Hashmap_get_node:205: TRY: 25
DEBUG: src/lcthw/hashmap.c:Hashmap_get_node:205: TRY: 26
DEBUG: src/lcthw/hashmap.c:Hashmap_get_node:205: TRY: 27
DEBUG: src/lcthw/hashmap.c:Hashmap_get_node:205: TRY: 28
DEBUG: src/lcthw/hashmap.c:Hashmap_get_node:205: TRY: 29
DEBUG: src/lcthw/hashmap.c:Hashmap_get_node:205: TRY: 30
DEBUG: src/lcthw/hashmap.c:Hashmap_get_node:205: TRY: 31
DEBUG: src/lcthw/hashmap.c:Hashmap_get_node:205: TRY: 32
DEBUG: src/lcthw/hashmap.c:Hashmap_get_node:205: TRY: 33
DEBUG: src/lcthw/hashmap.c:Hashmap_get_node:205: TRY: 34
DEBUG: src/lcthw/hashmap.c:Hashmap_get_node:205: TRY: 35
DEBUG: src/lcthw/hashmap.c:Hashmap_get_node:205: TRY: 36
DEBUG: src/lcthw/hashmap.c:Hashmap_get_node:205: TRY: 37
DEBUG: src/lcthw/hashmap.c:Hashmap_get_node:205: TRY: 38
DEBUG: src/lcthw/hashmap.c:Hashmap_get_node:205: TRY: 39
DEBUG: src/lcthw/hashmap.c:Hashmap_get_node:205: TRY: 40
DEBUG: src/lcthw/hashmap.c:Hashmap_get_node:205: TRY: 41
DEBUG: src/lcthw/hashmap.c:Hashmap_get_node:205: TRY: 42
DEBUG: src/lcthw/hashmap.c:Hashmap_get_node:205: TRY: 43
DEBUG: src/lcthw/hashmap.c:Hashmap_get_node:205: TRY: 44
DEBUG: src/lcthw/hashmap.c:Hashmap_get_node:205: TRY: 45
DEBUG: src/lcthw/hashmap.c:Hashmap_get_node:205: TRY: 46
DEBUG: src/lcthw/hashmap.c:Hashmap_get_node:205: TRY: 47
DEBUG: src/lcthw/hashmap.c:Hashmap_get_node:205: TRY: 48
DEBUG: src/lcthw/hashmap.c:Hashmap_get_node:205: TRY: 49
DEBUG: src/lcthw/hashmap.c:Hashmap_get_node:205: TRY: 50
DEBUG: src/lcthw/hashmap.c:Hashmap_get_node:205: TRY: 51
DEBUG: src/lcthw/hashmap.c:Hashmap_get_node:205: TRY: 52
DEBUG: src/lcthw/hashmap.c:Hashmap_get_node:205: TRY: 53
DEBUG: src/lcthw/hashmap.c:Hashmap_get_node:205: TRY: 54
DEBUG: src/lcthw/hashmap.c:Hashmap_get_node:205: TRY: 55
DEBUG: src/lcthw/hashmap.c:Hashmap_get_node:205: TRY: 56
DEBUG: src/lcthw/hashmap.c:Hashmap_get_node:205: TRY: 57
DEBUG: src/lcthw/hashmap.c:Hashmap_get_node:205: TRY: 58
DEBUG: src/lcthw/hashmap.c:Hashmap_get_node:205: TRY: 59
DEBUG: src/lcthw/hashmap.c:Hashmap_get_node:205: TRY: 60
DEBUG: src/lcthw/hashmap.c:Hashmap_get_node:205: TRY: 61
DEBUG: src/lcthw/hashmap.c:Hashmap_get_node:205: TRY: 62
DEBUG: src/lcthw/hashmap.c:Hashmap_get_node:205: TRY: 63
DEBUG: src/lcthw/hashmap.c:Hashmap_get_node:205: TRY: 64
DEBUG: src/lcthw/hashmap.c:Hashmap_get_node:205: TRY: 65
DEBUG: src/lcthw/hashmap.c:Hashmap_get_node:205: TRY: 66
DEBUG: src/lcthw/hashmap.c:Hashmap_get_node:205: TRY: 67
DEBUG: src/lcthw/hashmap.c:Hashmap_get_node:205: TRY: 68
DEBUG: src/lcthw/hashmap.c:Hashmap_get_node:205: TRY: 69
DEBUG: src/lcthw/hashmap.c:Hashmap_get_node:205: TRY: 70
DEBUG: src/lcthw/hashmap.c:Hashmap_get_node:205: TRY: 71
DEBUG: src/lcthw/hashmap.c:Hashmap_get_node:205: TRY: 72
DEBUG: src/lcthw/hashmap.c:Hashmap_get_node:205: TRY: 73
DEBUG: src/lcthw/hashmap.c:Hashmap_get_node:205: TRY: 74
DEBUG: src/lcthw/hashmap.c:Hashmap_get_node:205: TRY: 75
DEBUG: src/lcthw/hashmap.c:Hashmap_get_node:205: TRY: 76
DEBUG: src/lcthw/hashmap.c:Hashmap_get_node:205: TRY: 77
DEBUG: src/lcthw/hashmap.c:Hashmap_get_node:205: TRY: 0
DEBUG: src/lcthw/hashmap.c:Hashmap_get_node:205: TRY: 1
DEBUG: src/lcthw/hashmap.c:Hashmap_get_node:205: TRY: 2
DEBUG: src/lcthw/hashmap.c:Hashmap_get_node:205: TRY: 3
DEBUG: src/lcthw/hashmap.c:Hashmap_get_node:205: TRY: 4
DEBUG: src/lcthw/hashmap.c:Hashmap_get_node:205: TRY: 5
DEBUG: src/lcthw/hashmap.c:Hashmap_get_node:205: TRY: 6
DEBUG: src/lcthw/hashmap.c:Hashmap_get_node:205: TRY: 7
DEBUG: src/lcthw/hashmap.c:Hashmap_get_node:205: TRY: 8
DEBUG: src/lcthw/hashmap.c:Hashmap_get_node:205: TRY: 9
DEBUG: src/lcthw/hashmap.c:Hashmap_get_node:205: TRY: 10
DEBUG: src/lcthw/hashmap.c:Hashmap_get_node:205: TRY: 11
DEBUG: src/lcthw/hashmap.c:Hashmap_get_node:205: TRY: 12
DEBUG: src/lcthw/hashmap.c:Hashmap_get_node:205: TRY: 13
DEBUG: src/lcthw/hashmap.c:Hashmap_get_node:205: TRY: 14
DEBUG: src/lcthw/hashmap.c:Hashmap_get_node:205: TRY: 15
DEBUG: src/lcthw/hashmap.c:Hashmap_get_node:205: TRY: 16
DEBUG: src/lcthw/hashmap.c:Hashmap_get_node:205: TRY: 17
DEBUG: src/lcthw/hashmap.c:Hashmap_get_node:205: TRY: 18
DEBUG: src/lcthw/hashmap.c:Hashmap_get_node:205: TRY: 19
DEBUG: src/lcthw/hashmap.c:Hashmap_get_node:205: TRY: 20
DEBUG: src/lcthw/hashmap.c:Hashmap_get_node:205: TRY: 21
DEBUG: src/lcthw/hashmap.c:Hashmap_get_node:205: TRY: 22
DEBUG: src/lcthw/hashmap.c:Hashmap_get_node:205: TRY: 23
DEBUG: src/lcthw/hashmap.c:Hashmap_get_node:205: TRY: 24
DEBUG: src/lcthw/hashmap.c:Hashmap_get_node:205: TRY: 25
DEBUG: src/lcthw/hashmap.c:Hashmap_get_node:205: TRY: 26
DEBUG: src/lcthw/hashmap.c:Hashmap_get_node:205: TRY: 27
DEBUG: src/lcthw/hashmap.c:Hashmap_get_node:205: TRY: 28
DEBUG: src/lcthw/hashmap.c:Hashmap_get_node:205: TRY: 29
DEBUG: src/lcthw/hashmap.c:Hashmap_get_node:205: TRY: 30
DEBUG: src/lcthw/hashmap.c:Hashmap_get_node:205: TRY: 31
DEBUG: src/lcthw/hashmap.c:Hashmap_get_node:205: TRY: 32
DEBUG: src/lcthw/hashmap.c:Hashmap_get_node:205: TRY: 33
DEBUG: src/lcthw/hashmap.c:Hashmap_get_node:205: TRY: 34
DEBUG: src/lcthw/hashmap.c:Hashmap_get_node:205: TRY: 35
DEBUG: src/lcthw/hashmap.c:Hashmap_get_node:205: TRY: 36
DEBUG: src/lcthw/hashmap.c:Hashmap_get_node:205: TRY: 37
DEBUG: src/lcthw/hashmap.c:Hashmap_get_node:205: TRY: 38
DEBUG: src/lcthw/hashmap.c:Hashmap_get_node:205: TRY: 39
DEBUG: src/lcthw/hashmap.c:Hashmap_get_node:205: TRY: 40
DEBUG: src/lcthw/hashmap.c:Hashmap_get_node:205: TRY: 41
DEBUG: src/lcthw/hashmap.c:Hashmap_get_node:205: TRY: 42
DEBUG: src/lcthw/hashmap.c:Hashmap_get_node:205: TRY: 43
DEBUG: src/lcthw/hashmap.c:Hashmap_get_node:205: TRY: 44
DEBUG: src/lcthw/hashmap.c:Hashmap_get_node:205: TRY: 45
DEBUG: src/lcthw/hashmap.c:Hashmap_get_node:205: TRY: 46
DEBUG: src/lcthw/hashmap.c:Hashmap_get_node:205: TRY: 47
DEBUG: src/lcthw/hashmap.c:Hashmap_get_node:205: TRY: 48
DEBUG: src/lcthw/hashmap.c:Hashmap_get_node:205: TRY: 49
DEBUG: src/lcthw/hashmap.c:Hashmap_get_node:205: TRY: 50
DEBUG: src/lcthw/hashmap.c:Hashmap_get_node:205: TRY: 51
DEBUG: src/lcthw/hashmap.c:Hashmap_get_node:205: TRY: 52
DEBUG: src/lcthw/hashmap.c:Hashmap_get_node:205: TRY: 53
DEBUG: src/lcthw/hashmap.c:Hashmap_get_node:205: TRY: 54
DEBUG: src/lcthw/hashmap.c:Hashmap_get_node:205: TRY: 55
DEBUG: src/lcthw/hashmap.c:Hashmap_get_node:205: TRY: 56
DEBUG: src/lcthw/hashmap.c:Hashmap_get_node:205: TRY: 57
DEBUG: src/lcthw/hashmap.c:Hashmap_get_node:205: TRY: 58
DEBUG: src/lcthw/hashmap.c:Hashmap_get_node:205: TRY: 59
DEBUG: src/lcthw/hashmap.c:Hashmap_get_node:205: TRY: 60
DEBUG: src/lcthw/hashmap.c:Hashmap_get_node:205: TRY: 61
DEBUG: src/lcthw/hashmap.c:Hashmap_get_node:205: TRY: 62
DEBUG: src/lcthw/hashmap.c:Hashmap_get_node:205: TRY: 63
DEBUG: src/lcthw/hashmap.c:Hashmap_get_node:205: TRY: 64
DEBUG: src/lcthw/hashmap.c:Hashmap_get_node:205: TRY: 65
DEBUG: src/lcthw/hashmap.c:Hashmap_get_node:205: TRY: 66
DEBUG: src/lcthw/hashmap.c:Hashmap_get_node:205: TRY: 67
DEBUG: src/lcthw/hashmap.c:Hashmap_get_node:205: TRY: 68
DEBUG: src/lcthw/hashmap.c:Hashmap_get_node:205: TRY: 69
DEBUG: src/lcthw/hashmap.c:Hashmap_get_node:205: TRY: 70
DEBUG: src/lcthw/hashmap.c:Hashmap_get_node:205: TRY: 71
DEBUG: src/lcthw/hashmap.c:Hashmap_get_node:205: TRY: 72
DEBUG: src/lcthw/hashmap.c:Hashmap_get_node:205: TRY: 73
DEBUG: src/lcthw/hashmap.c:Hashmap_get_node:205: TRY: 74
DEBUG: src/lcthw/hashmap.c:Hashmap_get_node:205: TRY: 75
DEBUG: src/lcthw/hashmap.c:Hashmap_get_node:205: TRY: 76
DEBUG: src/lcthw/hashmap.c:Hashmap_get_node:205: TRY: 77
DEBUG: src/lcthw/hashmap.c:Hashmap_get_node:205: TRY: 0
DEBUG: src/lcthw/hashmap.c:Hashmap_get_node:205: TRY: 1
DEBUG: src/lcthw/hashmap.c:Hashmap_get_node:205: TRY: 2
DEBUG: src/lcthw/hashmap.c:Hashmap_get_node:205: TRY: 3
DEBUG: src/lcthw/hashmap.c:Hashmap_get_node:205: TRY: 4
DEBUG: src/lcthw/hashmap.c:Hashmap_get_node:205: TRY: 5
DEBUG: src/lcthw/hashmap.c:Hashmap_get_node:205: TRY: 6
DEBUG: src/lcthw/hashmap.c:Hashmap_get_node:205: TRY: 7
DEBUG: src/lcthw/hashmap.c:Hashmap_get_node:205: TRY: 8
DEBUG: src/lcthw/hashmap.c:Hashmap_get_node:205: TRY: 9
DEBUG: src/lcthw/hashmap.c:Hashmap_get_node:205: TRY: 10
DEBUG: src/lcthw/hashmap.c:Hashmap_get_node:205: TRY: 11
DEBUG: src/lcthw/hashmap.c:Hashmap_get_node:205: TRY: 12
DEBUG: src/lcthw/hashmap.c:Hashmap_get_node:205: TRY: 13
DEBUG: src/lcthw/hashmap.c:Hashmap_get_node:205: TRY: 14
DEBUG: src/lcthw/hashmap.c:Hashmap_get_node:205: TRY: 15
DEBUG: src/lcthw/hashmap.c:Hashmap_get_node:205: TRY: 16
DEBUG: src/lcthw/hashmap.c:Hashmap_get_node:205: TRY: 17
DEBUG: src/lcthw/hashmap.c:Hashmap_get_node:205: TRY: 18
DEBUG: src/lcthw/hashmap.c:Hashmap_get_node:205: TRY: 19
DEBUG: src/lcthw/hashmap.c:Hashmap_get_node:205: TRY: 20
DEBUG: src/lcthw/hashmap.c:Hashmap_get_node:205: TRY: 21
DEBUG: src/lcthw/hashmap.c:Hashmap_get_node:205: TRY: 22
DEBUG: src/lcthw/hashmap.c:Hashmap_get_node:205: TRY: 23
DEBUG: src/lcthw/hashmap.c:Hashmap_get_node:205: TRY: 24
DEBUG: src/lcthw/hashmap.c:Hashmap_get_node:205: TRY: 25
DEBUG: src/lcthw/hashmap.c:Hashmap_get_node:205: TRY: 26
DEBUG: src/lcthw/hashmap.c:Hashmap_get_node:205: TRY: 27
DEBUG: src/lcthw/hashmap.c:Hashmap_get_node:205: TRY: 28
DEBUG: src/lcthw/hashmap.c:Hashmap_get_node:205: TRY: 29
DEBUG: src/lcthw/hashmap.c:Hashmap_get_node:205: TRY: 30
DEBUG: src/lcthw/hashmap.c:Hashmap_get_node:205: TRY: 31
DEBUG: src/lcthw/hashmap.c:Hashmap_get_node:205: TRY: 32
DEBUG: src/lcthw/hashmap.c:Hashmap_get_node:205: TRY: 33
DEBUG: src/lcthw/hashmap.c:Hashmap_get_node:205: TRY: 34
DEBUG: src/lcthw/hashmap.c:Hashmap_get_node:205: TRY: 35
DEBUG: src/lcthw/hashmap.c:Hashmap_get_node:205: TRY: 36
DEBUG: src/lcthw/hashmap.c:Hashmap_get_node:205: TRY: 37
DEBUG: src/lcthw/hashmap.c:Hashmap_get_node:205: TRY: 38
DEBUG: src/lcthw/hashmap.c:Hashmap_get_node:205: TRY: 39
DEBUG: src/lcthw/hashmap.c:Hashmap_get_node:205: TRY: 40
DEBUG: src/lcthw/hashmap.c:Hashmap_get_node:205: TRY: 41
DEBUG: src/lcthw/hashmap.c:Hashmap_get_node:205: TRY: 42
DEBUG: src/lcthw/hashmap.c:Hashmap_get_node:205: TRY: 43
DEBUG: src/lcthw/hashmap.c:Hashmap_get_node:205: TRY: 44
DEBUG: src/lcthw/hashmap.c:Hashmap_get_node:205: TRY: 45
DEBUG: src/lcthw/hashmap.c:Hashmap_get_node:205: TRY: 46
DEBUG: src/lcthw/hashmap.c:Hashmap_get_node:205: TRY: 47
DEBUG: src/lcthw/hashmap.c:Hashmap_get_node:205: TRY: 48
DEBUG: src/lcthw/hashmap.c:Hashmap_get_node:205: TRY: 49
DEBUG: src/lcthw/hashmap.c:Hashmap_get_node:205: TRY: 50
DEBUG: src/lcthw/hashmap.c:Hashmap_get_node:205: TRY: 51
DEBUG: src/lcthw/hashmap.c:Hashmap_get_node:205: TRY: 52
DEBUG: src/lcthw/hashmap.c:Hashmap_get_node:205: TRY: 53
DEBUG: src/lcthw/hashmap.c:Hashmap_get_node:205: TRY: 54
DEBUG: src/lcthw/hashmap.c:Hashmap_get_node:205: TRY: 55
DEBUG: src/lcthw/hashmap.c:Hashmap_get_node:205: TRY: 56
DEBUG: src/lcthw/hashmap.c:Hashmap_get_node:205: TRY: 57
DEBUG: src/lcthw/hashmap.c:Hashmap_get_node:205: TRY: 58
DEBUG: src/lcthw/hashmap.c:Hashmap_get_node:205: TRY: 59
DEBUG: src/lcthw/hashmap.c:Hashmap_get_node:205: TRY: 60
DEBUG: src/lcthw/hashmap.c:Hashmap_get_node:205: TRY: 61
DEBUG: src/lcthw/hashmap.c:Hashmap_get_node:205: TRY: 62
DEBUG: src/lcthw/hashmap.c:Hashmap_get_node:205: TRY: 63
DEBUG: src/lcthw/hashmap.c:Hashmap_get_node:205: TRY: 64
DEBUG: src/lcthw/hashmap.c:Hashmap_get_node:205: TRY: 65
DEBUG: src/lcthw/hashmap.c:Hashmap_get_node:205: TRY: 66
DEBUG: src/lcthw/hashmap.c:Hashmap_get_node:205: TRY: 67
DEBUG: src/lcthw/hashmap.c:Hashmap_get_node:205: TRY: 68
DEBUG: src/lcthw/hashmap.c:Hashmap_get_node:205: TRY: 69
DEBUG: src/lcthw/hashmap.c:Hashmap_get_node:205: TRY: 70
DEBUG: src/lcthw/hashmap.c:Hashmap_get_node:205: TRY: 71
DEBUG: src/lcthw/hashmap.c:Hashmap_get_node:205: TRY: 72
DEBUG: src/lcthw/hashmap.c:Hashmap_get_node:205: TRY: 73
DEBUG: src/lcthw/hashmap.c:Hashmap_get_node:205: TRY: 74
DEBUG: src/lcthw/hashmap.c:Hashmap_get_node:205: TRY: 75
DEBUG: src/lcthw/hashmap.c:Hashmap_get_node:205: TRY: 76
DEBUG: src/lcthw/hashmap.c:Hashmap_get_node:205: TRY: 77
DEBUG: src/lcthw/hashmap.c:Hashmap_get_node:205: TRY: 78
DEBUG: src/lcthw/hashmap.c:Hashmap_get_node:205: TRY: 79
DEBUG: src/lcthw/hashmap.c:Hashmap_get_node:205: TRY: 80
DEBUG: src/lcthw/hashmap.c:Hashmap_get_node:205: TRY: 81
DEBUG: src/lcthw/hashmap.c:Hashmap_get_node:205: TRY: 82
DEBUG: src/lcthw/hashmap.c:Hashmap_get_node:205: TRY: 83
DEBUG: src/lcthw/hashmap.c:Hashmap_get_node:205: TRY: 0
DEBUG: src/lcthw/hashmap.c:Hashmap_get_node:205: TRY: 1
DEBUG: src/lcthw/hashmap.c:Hashmap_get_node:205: TRY: 2
DEBUG: src/lcthw/hashmap.c:Hashmap_get_node:205: TRY: 3
DEBUG: src/lcthw/hashmap.c:Hashmap_get_node:205: TRY: 4
DEBUG: src/lcthw/hashmap.c:Hashmap_get_node:205: TRY: 5
DEBUG: src/lcthw/hashmap.c:Hashmap_get_node:205: TRY: 6
DEBUG: src/lcthw/hashmap.c:Hashmap_get_node:205: TRY: 7
DEBUG: src/lcthw/hashmap.c:Hashmap_get_node:205: TRY: 8
DEBUG: src/lcthw/hashmap.c:Hashmap_get_node:205: TRY: 9
DEBUG: src/lcthw/hashmap.c:Hashmap_get_node:205: TRY: 10
DEBUG: src/lcthw/hashmap.c:Hashmap_get_node:205: TRY: 11
DEBUG: src/lcthw/hashmap.c:Hashmap_get_node:205: TRY: 12
DEBUG: src/lcthw/hashmap.c:Hashmap_get_node:205: TRY: 13
DEBUG: src/lcthw/hashmap.c:Hashmap_get_node:205: TRY: 14
DEBUG: src/lcthw/hashmap.c:Hashmap_get_node:205: TRY: 15
DEBUG: src/lcthw/hashmap.c:Hashmap_get_node:205: TRY: 16
DEBUG: src/lcthw/hashmap.c:Hashmap_get_node:205: TRY: 17
DEBUG: src/lcthw/hashmap.c:Hashmap_get_node:205: TRY: 18
DEBUG: src/lcthw/hashmap.c:Hashmap_get_node:205: TRY: 19
DEBUG: src/lcthw/hashmap.c:Hashmap_get_node:205: TRY: 20
DEBUG: src/lcthw/hashmap.c:Hashmap_get_node:205: TRY: 21
DEBUG: src/lcthw/hashmap.c:Hashmap_get_node:205: TRY: 22
DEBUG: src/lcthw/hashmap.c:Hashmap_get_node:205: TRY: 23
DEBUG: src/lcthw/hashmap.c:Hashmap_get_node:205: TRY: 24
DEBUG: src/lcthw/hashmap.c:Hashmap_get_node:205: TRY: 25
DEBUG: src/lcthw/hashmap.c:Hashmap_get_node:205: TRY: 26
DEBUG: src/lcthw/hashmap.c:Hashmap_get_node:205: TRY: 27
DEBUG: src/lcthw/hashmap.c:Hashmap_get_node:205: TRY: 28
DEBUG: src/lcthw/hashmap.c:Hashmap_get_node:205: TRY: 29
DEBUG: src/lcthw/hashmap.c:Hashmap_get_node:205: TRY: 30
DEBUG: src/lcthw/hashmap.c:Hashmap_get_node:205: TRY: 31
DEBUG: src/lcthw/hashmap.c:Hashmap_get_node:205: TRY: 32
DEBUG: src/lcthw/hashmap.c:Hashmap_get_node:205: TRY: 33
DEBUG: src/lcthw/hashmap.c:Hashmap_get_node:205: TRY: 34
DEBUG: src/lcthw/hashmap.c:Hashmap_get_node:205: TRY: 35
DEBUG: src/lcthw/hashmap.c:Hashmap_get_node:205: TRY: 36
DEBUG: src/lcthw/hashmap.c:Hashmap_get_node:205: TRY: 37
DEBUG: src/lcthw/hashmap.c:Hashmap_get_node:205: TRY: 38
DEBUG: src/lcthw/hashmap.c:Hashmap_get_node:205: TRY: 39
DEBUG: src/lcthw/hashmap.c:Hashmap_get_node:205: TRY: 40
DEBUG: src/lcthw/hashmap.c:Hashmap_get_node:205: TRY: 41
DEBUG: src/lcthw/hashmap.c:Hashmap_get_node:205: TRY: 42
DEBUG: src/lcthw/hashmap.c:Hashmap_get_node:205: TRY: 43
DEBUG: src/lcthw/hashmap.c:Hashmap_get_node:205: TRY: 44
DEBUG: src/lcthw/hashmap.c:Hashmap_get_node:205: TRY: 45
DEBUG: src/lcthw/hashmap.c:Hashmap_get_node:205: TRY: 46
DEBUG: src/lcthw/hashmap.c:Hashmap_get_node:205: TRY: 47
DEBUG: src/lcthw/hashmap.c:Hashmap_get_node:205: TRY: 48
DEBUG: src/lcthw/hashmap.c:Hashmap_get_node:205: TRY: 49
DEBUG: src/lcthw/hashmap.c:Hashmap_get_node:205: TRY: 50
DEBUG: src/lcthw/hashmap.c:Hashmap_get_node:205: TRY: 51
DEBUG: src/lcthw/hashmap.c:Hashmap_get_node:205: TRY: 52
DEBUG: src/lcthw/hashmap.c:Hashmap_get_node:205: TRY: 53
DEBUG: src/lcthw/hashmap.c:Hashmap_get_node:205: TRY: 54
DEBUG: src/lcthw/hashmap.c:Hashmap_get_node:205: TRY: 55
DEBUG: src/lcthw/hashmap.c:Hashmap_get_node:205: TRY: 56
DEBUG: src/lcthw/hashmap.c:Hashmap_get_node:205: TRY: 57
DEBUG: src/lcthw/hashmap.c:Hashmap_get_node:205: TRY: 58
DEBUG: src/lcthw/hashmap.c:Hashmap_get_node:205: TRY: 59
DEBUG: src/lcthw/hashmap.c:Hashmap_get_node:205: TRY: 60
DEBUG: src/lcthw/hashmap.c:Hashmap_get_node:205: TRY: 61
DEBUG: src/lcthw/hashmap.c:Hashmap_get_node:205: TRY: 62
DEBUG: src/lcthw/hashmap.c:Hashmap_get_node:205: TRY: 63
DEBUG: src/lcthw/hashmap.c:Hashmap_get_node:205: TRY: 64
DEBUG: src/lcthw/hashmap.c:Hashmap_get_node:205: TRY: 65
DEBUG: src/lcthw/hashmap.c:Hashmap_get_node:205: TRY: 66
DEBUG: src/lcthw/hashmap.c:Hashmap_get_node:205: TRY: 67
DEBUG: src/lcthw/hashmap.c:Hashmap_get_node:205: TRY: 68
DEBUG: src/lcthw/hashmap.c:Hashmap_get_node:205: TRY: 69
DEBUG: src/lcthw/hashmap.c:Hashmap_get_node:205: TRY: 70
DEBUG: src/lcthw/hashmap.c:Hashmap_get_node:205: TRY: 71
DEBUG: src/lcthw/hashmap.c:Hashmap_get_node:205: TRY: 72
DEBUG: src/lcthw/hashmap.c:Hashmap_get_node:205: TRY: 73
DEBUG: src/lcthw/hashmap.c:Hashmap_get_node:205: TRY: 74
DEBUG: src/lcthw/hashmap.c:Hashmap_get_node:205: TRY: 75
DEBUG: src/lcthw/hashmap.c:Hashmap_get_node:205: TRY: 76
DEBUG: src/lcthw/hashmap.c:Hashmap_get_node:205: TRY: 77
DEBUG: src/lcthw/hashmap.c:Hashmap_get_node:205: TRY: 78
DEBUG: src/lcthw/hashmap.c:Hashmap_get_node:205: TRY: 79
DEBUG: src/lcthw/hashmap.c:Hashmap_get_node:205: TRY: 80
DEBUG: src/lcthw/hashmap.c:Hashmap_get_node:205: TRY: 81
DEBUG: src/lcthw/hashmap.c:Hashmap_get_node:205: TRY: 82
DEBUG: src/lcthw/hashmap.c:Hashmap_get_node:205: TRY: 83
DEBUG: src/lcthw/hashmap.c:Hashmap_get_node:205: TRY: 84
DEBUG: src/lcthw/hashmap.c:Hashmap_get_node:205: TRY: 85
DEBUG: src/lcthw/hashmap.c:Hashmap_get_node:205: TRY: 86
DEBUG: src/lcthw/hashmap.c:Hashmap_get_node:205: TRY: 87
DEBUG: src/lcthw/hashmap.c:Hashmap_get_node:205: TRY: 88
DEBUG: src/lcthw/hashmap.c:Hashmap_get_node:205: TRY: 89
DEBUG: src/lcthw/hashmap.c:Hashmap_get_node:205: TRY: 90
DEBUG: src/lcthw/hashmap.c:Hashmap_get_node:205: TRY: 91
DEBUG: src/lcthw/hashmap.c:Hashmap_get_node:205: TRY: 92
DEBUG: src/lcthw/hashmap.c:Hashmap_get_node:205: TRY: 93
DEBUG: src/lcthw/hashmap.c:Hashmap_get_node:205: TRY: 0
DEBUG: src/lcthw/hashmap.c:Hashmap_get_node:205: TRY: 1
DEBUG: src/lcthw/hashmap.c:Hashmap_get_node:205: TRY: 2
DEBUG: src/lcthw/hashmap.c:Hashmap_get_node:205: TRY: 3
DEBUG: src/lcthw/hashmap.c:Hashmap_get_node:205: TRY: 4
DEBUG: src/lcthw/hashmap.c:Hashmap_get_node:205: TRY: 5
DEBUG: src/lcthw/hashmap.c:Hashmap_get_node:205: TRY: 6
DEBUG: src/lcthw/hashmap.c:Hashmap_get_node:205: TRY: 7
DEBUG: src/lcthw/hashmap.c:Hashmap_get_node:205: TRY: 8
DEBUG: src/lcthw/hashmap.c:Hashmap_get_node:205: TRY: 9
DEBUG: src/lcthw/hashmap.c:Hashmap_get_node:205: TRY: 10
DEBUG: src/lcthw/hashmap.c:Hashmap_get_node:205: TRY: 11
DEBUG: src/lcthw/hashmap.c:Hashmap_get_node:205: TRY: 12
DEBUG: src/lcthw/hashmap.c:Hashmap_get_node:205: TRY: 13
DEBUG: src/lcthw/hashmap.c:Hashmap_get_node:205: TRY: 14
DEBUG: src/lcthw/hashmap.c:Hashmap_get_node:205: TRY: 15
DEBUG: src/lcthw/hashmap.c:Hashmap_get_node:205: TRY: 16
DEBUG: src/lcthw/hashmap.c:Hashmap_get_node:205: TRY: 17
DEBUG: src/lcthw/hashmap.c:Hashmap_get_node:205: TRY: 18
DEBUG: src/lcthw/hashmap.c:Hashmap_get_node:205: TRY: 19
DEBUG: src/lcthw/hashmap.c:Hashmap_get_node:205: TRY: 20
DEBUG: src/lcthw/hashmap.c:Hashmap_get_node:205: TRY: 21
DEBUG: src/lcthw/hashmap.c:Hashmap_get_node:205: TRY: 22
DEBUG: src/lcthw/hashmap.c:Hashmap_get_node:205: TRY: 23
DEBUG: src/lcthw/hashmap.c:Hashmap_get_node:205: TRY: 24
DEBUG: src/lcthw/hashmap.c:Hashmap_get_node:205: TRY: 25
DEBUG: src/lcthw/hashmap.c:Hashmap_get_node:205: TRY: 26
DEBUG: src/lcthw/hashmap.c:Hashmap_get_node:205: TRY: 27
DEBUG: src/lcthw/hashmap.c:Hashmap_get_node:205: TRY: 28
DEBUG: src/lcthw/hashmap.c:Hashmap_get_node:205: TRY: 29
DEBUG: src/lcthw/hashmap.c:Hashmap_get_node:205: TRY: 30
DEBUG: src/lcthw/hashmap.c:Hashmap_get_node:205: TRY: 31
DEBUG: src/lcthw/hashmap.c:Hashmap_get_node:205: TRY: 32
DEBUG: src/lcthw/hashmap.c:Hashmap_get_node:205: TRY: 33
DEBUG: src/lcthw/hashmap.c:Hashmap_get_node:205: TRY: 34
DEBUG: src/lcthw/hashmap.c:Hashmap_get_node:205: TRY: 35
DEBUG: src/lcthw/hashmap.c:Hashmap_get_node:205: TRY: 36
DEBUG: src/lcthw/hashmap.c:Hashmap_get_node:205: TRY: 37
DEBUG: src/lcthw/hashmap.c:Hashmap_get_node:205: TRY: 38
DEBUG: src/lcthw/hashmap.c:Hashmap_get_node:205: TRY: 39
DEBUG: src/lcthw/hashmap.c:Hashmap_get_node:205: TRY: 40
DEBUG: src/lcthw/hashmap.c:Hashmap_get_node:205: TRY: 41
DEBUG: src/lcthw/hashmap.c:Hashmap_get_node:205: TRY: 42
DEBUG: src/lcthw/hashmap.c:Hashmap_get_node:205: TRY: 43
DEBUG: src/lcthw/hashmap.c:Hashmap_get_node:205: TRY: 44
DEBUG: src/lcthw/hashmap.c:Hashmap_get_node:205: TRY: 45
DEBUG: src/lcthw/hashmap.c:Hashmap_get_node:205: TRY: 46
DEBUG: src/lcthw/hashmap.c:Hashmap_get_node:205: TRY: 47
DEBUG: src/lcthw/hashmap.c:Hashmap_get_node:205: TRY: 48
DEBUG: src/lcthw/hashmap.c:Hashmap_get_node:205: TRY: 49
DEBUG: src/lcthw/hashmap.c:Hashmap_get_node:205: TRY: 50
DEBUG: src/lcthw/hashmap.c:Hashmap_get_node:205: TRY: 51
DEBUG: src/lcthw/hashmap.c:Hashmap_get_node:205: TRY: 52
DEBUG: src/lcthw/hashmap.c:Hashmap_get_node:205: TRY: 53
DEBUG: src/lcthw/hashmap.c:Hashmap_get_node:205: TRY: 54
DEBUG: src/lcthw/hashmap.c:Hashmap_get_node:205: TRY: 55
DEBUG: src/lcthw/hashmap.c:Hashmap_get_node:205: TRY: 56
DEBUG: src/lcthw/hashmap.c:Hashmap_get_node:205: TRY: 57
DEBUG: src/lcthw/hashmap.c:Hashmap_get_node:205: TRY: 58
DEBUG: src/lcthw/hashmap.c:Hashmap_get_node:205: TRY: 59
DEBUG: src/lcthw/hashmap.c:Hashmap_get_node:205: TRY: 60
DEBUG: src/lcthw/hashmap.c:Hashmap_get_node:205: TRY: 61
DEBUG: src/lcthw/hashmap.c:Hashmap_get_node:205: TRY: 62
DEBUG: src/lcthw/hashmap.c:Hashmap_get_node:205: TRY: 63
DEBUG: src/lcthw/hashmap.c:Hashmap_get_node:205: TRY: 64
DEBUG: src/lcthw/hashmap.c:Hashmap_get_node:205: TRY: 65
DEBUG: src/lcthw/hashmap.c:Hashmap_get_node:205: TRY: 66
DEBUG: src/lcthw/hashmap.c:Hashmap_get_node:205: TRY: 67
DEBUG: src/lcthw/hashmap.c:Hashmap_get_node:205: TRY: 68
DEBUG: src/lcthw/hashmap.c:Hashmap_get_node:205: TRY: 69
DEBUG: src/lcthw/hashmap.c:Hashmap_get_node:205: TRY: 70
DEBUG: src/lcthw/hashmap.c:Hashmap_get_node:205: TRY: 71
DEBUG: src/lcthw/hashmap.c:Hashmap_get_node:205: TRY: 72
DEBUG: src/lcthw/hashmap.c:Hashmap_get_node:205: TRY: 73
DEBUG: src/lcthw/hashmap.c:Hashmap_get_node:205: TRY: 74
DEBUG: src/lcthw/hashmap.c:Hashmap_get_node:205: TRY: 75
DEBUG: src/lcthw/hashmap.c:Hashmap_get_node:205: TRY: 76
DEBUG: src/lcthw/hashmap.c:Hashmap_get_node:205: TRY: 77
DEBUG: src/lcthw/hashmap.c:Hashmap_get_node:205: TRY: 78
DEBUG: src/lcthw/hashmap.c:Hashmap_get_node:205: TRY: 79
DEBUG: src/lcthw/hashmap.c:Hashmap_get_node:205: TRY: 80
DEBUG: src/lcthw/hashmap.c:Hashmap_get_node:205: TRY: 81
DEBUG: src/lcthw/hashmap.c:Hashmap_get_node:205: TRY: 82
DEBUG: src/lcthw/hashmap.c:Hashmap_get_node:205: TRY: 83
DEBUG: src/lcthw/hashmap.c:Hashmap_get_node:205: TRY: 84
DEBUG: src/lcthw/hashmap.c:Hashmap_get_node:205: TRY: 0
DEBUG: src/lcthw/hashmap.c:Hashmap_get_node:205: TRY: 1
DEBUG: src/lcthw/hashmap.c:Hashmap_get_node:205: TRY: 2
DEBUG: src/lcthw/hashmap.c:Hashmap_get_node:205: TRY: 3
DEBUG: src/lcthw/hashmap.c:Hashmap_get_node:205: TRY: 4
DEBUG: src/lcthw/hashmap.c:Hashmap_get_node:205: TRY: 5
DEBUG: src/lcthw/hashmap.c:Hashmap_get_node:205: TRY: 6
DEBUG: src/lcthw/hashmap.c:Hashmap_get_node:205: TRY: 7
DEBUG: src/lcthw/hashmap.c:Hashmap_get_node:205: TRY: 8
DEBUG: src/lcthw/hashmap.c:Hashmap_get_node:205: TRY: 9
DEBUG: src/lcthw/hashmap.c:Hashmap_get_node:205: TRY: 10
DEBUG: src/lcthw/hashmap.c:Hashmap_get_node:205: TRY: 11
DEBUG: src/lcthw/hashmap.c:Hashmap_get_node:205: TRY: 12
DEBUG: src/lcthw/hashmap.c:Hashmap_get_node:205: TRY: 13
DEBUG: src/lcthw/hashmap.c:Hashmap_get_node:205: TRY: 14
DEBUG: src/lcthw/hashmap.c:Hashmap_get_node:205: TRY: 15
DEBUG: src/lcthw/hashmap.c:Hashmap_get_node:205: TRY: 16
DEBUG: src/lcthw/hashmap.c:Hashmap_get_node:205: TRY: 17
DEBUG: src/lcthw/hashmap.c:Hashmap_get_node:205: TRY: 18
DEBUG: src/lcthw/hashmap.c:Hashmap_get_node:205: TRY: 19
DEBUG: src/lcthw/hashmap.c:Hashmap_get_node:205: TRY: 20
DEBUG: src/lcthw/hashmap.c:Hashmap_get_node:205: TRY: 21
DEBUG: src/lcthw/hashmap.c:Hashmap_get_node:205: TRY: 22
DEBUG: src/lcthw/hashmap.c:Hashmap_get_node:205: TRY: 23
DEBUG: src/lcthw/hashmap.c:Hashmap_get_node:205: TRY: 24
DEBUG: src/lcthw/hashmap.c:Hashmap_get_node:205: TRY: 25
DEBUG: src/lcthw/hashmap.c:Hashmap_get_node:205: TRY: 26
DEBUG: src/lcthw/hashmap.c:Hashmap_get_node:205: TRY: 27
DEBUG: src/lcthw/hashmap.c:Hashmap_get_node:205: TRY: 28
DEBUG: src/lcthw/hashmap.c:Hashmap_get_node:205: TRY: 29
DEBUG: src/lcthw/hashmap.c:Hashmap_get_node:205: TRY: 30
DEBUG: src/lcthw/hashmap.c:Hashmap_get_node:205: TRY: 31
DEBUG: src/lcthw/hashmap.c:Hashmap_get_node:205: TRY: 32
DEBUG: src/lcthw/hashmap.c:Hashmap_get_node:205: TRY: 33
DEBUG: src/lcthw/hashmap.c:Hashmap_get_node:205: TRY: 34
DEBUG: src/lcthw/hashmap.c:Hashmap_get_node:205: TRY: 35
DEBUG: src/lcthw/hashmap.c:Hashmap_get_node:205: TRY: 36
DEBUG: src/lcthw/hashmap.c:Hashmap_get_node:205: TRY: 37
DEBUG: src/lcthw/hashmap.c:Hashmap_get_node:205: TRY: 38
DEBUG: src/lcthw/hashmap.c:Hashmap_get_node:205: TRY: 39
DEBUG: src/lcthw/hashmap.c:Hashmap_get_node:205: TRY: 40
DEBUG: src/lcthw/hashmap.c:Hashmap_get_node:205: TRY: 41
DEBUG: src/lcthw/hashmap.c:Hashmap_get_node:205: TRY: 42
DEBUG: src/lcthw/hashmap.c:Hashmap_get_node:205: TRY: 43
DEBUG: src/lcthw/hashmap.c:Hashmap_get_node:205: TRY: 44
DEBUG: src/lcthw/hashmap.c:Hashmap_get_node:205: TRY: 45
DEBUG: src/lcthw/hashmap.c:Hashmap_get_node:205: TRY: 46
DEBUG: src/lcthw/hashmap.c:Hashmap_get_node:205: TRY: 47
DEBUG: src/lcthw/hashmap.c:Hashmap_get_node:205: TRY: 48
DEBUG: src/lcthw/hashmap.c:Hashmap_get_node:205: TRY: 49
DEBUG: src/lcthw/hashmap.c:Hashmap_get_node:205: TRY: 50
DEBUG: src/lcthw/hashmap.c:Hashmap_get_node:205: TRY: 51
DEBUG: src/lcthw/hashmap.c:Hashmap_get_node:205: TRY: 52
DEBUG: src/lcthw/hashmap.c:Hashmap_get_node:205: TRY: 53
DEBUG: src/lcthw/hashmap.c:Hashmap_get_node:205: TRY: 54
DEBUG: src/lcthw/hashmap.c:Hashmap_get_node:205: TRY: 55
DEBUG: src/lcthw/hashmap.c:Hashmap_get_node:205: TRY: 56
DEBUG: src/lcthw/hashmap.c:Hashmap_get_node:205: TRY: 57
DEBUG: src/lcthw/hashmap.c:Hashmap_get_node:205: TRY: 58
DEBUG: src/lcthw/hashmap.c:Hashmap_get_node:205: TRY: 59
DEBUG: src/lcthw/hashmap.c:Hashmap_get_node:205: TRY: 60
DEBUG: src/lcthw/hashmap.c:Hashmap_get_node:205: TRY: 61
DEBUG: src/lcthw/hashmap.c:Hashmap_get_node:205: TRY: 62
DEBUG: src/lcthw/hashmap.c:Hashmap_get_node:205: TRY: 63
DEBUG: src/lcthw/hashmap.c:Hashmap_get_node:205: TRY: 64
DEBUG: src/lcthw/hashmap.c:Hashmap_get_node:205: TRY: 65
DEBUG: src/lcthw/hashmap.c:Hashmap_get_node:205: TRY: 66
DEBUG: src/lcthw/hashmap.c:Hashmap_get_node:205: TRY: 67
DEBUG: src/lcthw/hashmap.c:Hashmap_get_node:205: TRY: 68
DEBUG: src/lcthw/hashmap.c:Hashmap_get_node:205: TRY: 69
DEBUG: src/lcthw/hashmap.c:Hashmap_get_node:205: TRY: 70
DEBUG: src/lcthw/hashmap.c:Hashmap_get_node:205: TRY: 71
DEBUG: src/lcthw/hashmap.c:Hashmap_get_node:205: TRY: 72
DEBUG: src/lcthw/hashmap.c:Hashmap_get_node:205: TRY: 73
DEBUG: src/lcthw/hashmap.c:Hashmap_get_node:205: TRY: 74
DEBUG: src/lcthw/hashmap.c:Hashmap_get_node:205: TRY: 75
DEBUG: src/lcthw/hashmap.c:Hashmap_get_node:205: TRY: 76
DEBUG: src/lcthw/hashmap.c:Hashmap_get_node:205: TRY: 77
DEBUG: src/lcthw/hashmap.c:Hashmap_get_node:205: TRY: 0
DEBUG: src/lcthw/hashmap.c:Hashmap_get_node:205: TRY: 1
DEBUG: src/lcthw/hashmap.c:Hashmap_get_node:205: TRY: 2
DEBUG: src/lcthw/hashmap.c:Hashmap_get_node:205: TRY: 3
DEBUG: src/lcthw/hashmap.c:Hashmap_get_node:205: TRY: 4
DEBUG: src/lcthw/hashmap.c:Hashmap_get_node:205: TRY: 5
DEBUG: src/lcthw/hashmap.c:Hashmap_get_node:205: TRY: 6
DEBUG: src/lcthw/hashmap.c:Hashmap_get_node:205: TRY: 7
DEBUG: src/lcthw/hashmap.c:Hashmap_get_node:205: TRY: 8
DEBUG: src/lcthw/hashmap.c:Hashmap_get_node:205: TRY: 9
DEBUG: src/lcthw/hashmap.c:Hashmap_get_node:205: TRY: 10
DEBUG: src/lcthw/hashmap.c:Hashmap_get_node:205: TRY: 11
DEBUG: src/lcthw/hashmap.c:Hashmap_get_node:205: TRY: 12
DEBUG: src/lcthw/hashmap.c:Hashmap_get_node:205: TRY: 13
DEBUG: src/lcthw/hashmap.c:Hashmap_get_node:205: TRY: 14
DEBUG: src/lcthw/hashmap.c:Hashmap_get_node:205: TRY: 15
DEBUG: src/lcthw/hashmap.c:Hashmap_get_node:205: TRY: 16
DEBUG: src/lcthw/hashmap.c:Hashmap_get_node:205: TRY: 17
DEBUG: src/lcthw/hashmap.c:Hashmap_get_node:205: TRY: 18
DEBUG: src/lcthw/hashmap.c:Hashmap_get_node:205: TRY: 19
DEBUG: src/lcthw/hashmap.c:Hashmap_get_node:205: TRY: 20
DEBUG: src/lcthw/hashmap.c:Hashmap_get_node:205: TRY: 21
DEBUG: src/lcthw/hashmap.c:Hashmap_get_node:205: TRY: 22
DEBUG: src/lcthw/hashmap.c:Hashmap_get_node:205: TRY: 23
DEBUG: src/lcthw/hashmap.c:Hashmap_get_node:205: TRY: 24
DEBUG: src/lcthw/hashmap.c:Hashmap_get_node:205: TRY: 25
DEBUG: src/lcthw/hashmap.c:Hashmap_get_node:205: TRY: 26
DEBUG: src/lcthw/hashmap.c:Hashmap_get_node:205: TRY: 27
DEBUG: src/lcthw/hashmap.c:Hashmap_get_node:205: TRY: 28
DEBUG: src/lcthw/hashmap.c:Hashmap_get_node:205: TRY: 29
DEBUG: src/lcthw/hashmap.c:Hashmap_get_node:205: TRY: 30
DEBUG: src/lcthw/hashmap.c:Hashmap_get_node:205: TRY: 31
DEBUG: src/lcthw/hashmap.c:Hashmap_get_node:205: TRY: 32
DEBUG: src/lcthw/hashmap.c:Hashmap_get_node:205: TRY: 33
DEBUG: src/lcthw/hashmap.c:Hashmap_get_node:205: TRY: 34
DEBUG: src/lcthw/hashmap.c:Hashmap_get_node:205: TRY: 35
DEBUG: src/lcthw/hashmap.c:Hashmap_get_node:205: TRY: 36
DEBUG: src/lcthw/hashmap.c:Hashmap_get_node:205: TRY: 37
DEBUG: src/lcthw/hashmap.c:Hashmap_get_node:205: TRY: 38
DEBUG: src/lcthw/hashmap.c:Hashmap_get_node:205: TRY: 39
DEBUG: src/lcthw/hashmap.c:Hashmap_get_node:205: TRY: 40
DEBUG: src/lcthw/hashmap.c:Hashmap_get_node:205: TRY: 41
DEBUG: src/lcthw/hashmap.c:Hashmap_get_node:205: TRY: 42
DEBUG: src/lcthw/hashmap.c:Hashmap_get_node:205: TRY: 43
DEBUG: src/lcthw/hashmap.c:Hashmap_get_node:205: TRY: 44
DEBUG: src/lcthw/hashmap.c:Hashmap_get_node:205: TRY: 45
DEBUG: src/lcthw/hashmap.c:Hashmap_get_node:205: TRY: 46
DEBUG: src/lcthw/hashmap.c:Hashmap_get_node:205: TRY: 47
DEBUG: src/lcthw/hashmap.c:Hashmap_get_node:205: TRY: 48
DEBUG: src/lcthw/hashmap.c:Hashmap_get_node:205: TRY: 49
DEBUG: src/lcthw/hashmap.c:Hashmap_get_node:205: TRY: 50
DEBUG: src/lcthw/hashmap.c:Hashmap_get_node:205: TRY: 51
DEBUG: src/lcthw/hashmap.c:Hashmap_get_node:205: TRY: 52
DEBUG: src/lcthw/hashmap.c:Hashmap_get_node:205: TRY: 53
DEBUG: src/lcthw/hashmap.c:Hashmap_get_node:205: TRY: 54
DEBUG: src/lcthw/hashmap.c:Hashmap_get_node:205: TRY: 55
DEBUG: src/lcthw/hashmap.c:Hashmap_get_node:205: TRY: 56
DEBUG: src/lcthw/hashmap.c:Hashmap_get_node:205: TRY: 57
DEBUG: src/lcthw/hashmap.c:Hashmap_get_node:205: TRY: 58
DEBUG: src/lcthw/hashmap.c:Hashmap_get_node:205: TRY: 59
DEBUG: src/lcthw/hashmap.c:Hashmap_get_node:205: TRY: 60
DEBUG: src/lcthw/hashmap.c:Hashmap_get_node:205: TRY: 61
DEBUG: src/lcthw/hashmap.c:Hashmap_get_node:205: TRY: 62
DEBUG: src/lcthw/hashmap.c:Hashmap_get_node:205: TRY: 63
DEBUG: src/lcthw/hashmap.c:Hashmap_get_node:205: TRY: 64
DEBUG: src/lcthw/hashmap.c:Hashmap_get_node:205: TRY: 65
DEBUG: src/lcthw/hashmap.c:Hashmap_get_node:205: TRY: 66
DEBUG: src/lcthw/hashmap.c:Hashmap_get_node:205: TRY: 67
DEBUG: src/lcthw/hashmap.c:Hashmap_get_node:205: TRY: 68
DEBUG: src/lcthw/hashmap.c:Hashmap_get_node:205: TRY: 69
DEBUG: src/lcthw/hashmap.c:Hashmap_get_node:205: TRY: 70
DEBUG: src/lcthw/hashmap.c:Hashmap_get_node:205: TRY: 71
DEBUG: src/lcthw/hashmap.c:Hashmap_get_node:205: TRY: 72
DEBUG: src/lcthw/hashmap.c:Hashmap_get_node:205: TRY: 73
DEBUG: src/lcthw/hashmap.c:Hashmap_get_node:205: TRY: 74
DEBUG: src/lcthw/hashmap.c:Hashmap_get_node:205: TRY: 75
DEBUG: src/lcthw/hashmap.c:Hashmap_get_node:205: TRY: 76
DEBUG: src/lcthw/hashmap.c:Hashmap_get_node:205: TRY: 77
DEBUG: src/lcthw/hashmap.c:Hashmap_get_node:205: TRY: 78
DEBUG: src/lcthw/hashmap.c:Hashmap_get_node:205: TRY: 0
DEBUG: src/lcthw/hashmap.c:Hashmap_get_node:205: TRY: 1
DEBUG: src/lcthw/hashmap.c:Hashmap_get_node:205: TRY: 2
DEBUG: src/lcthw/hashmap.c:Hashmap_get_node:205: TRY: 3
DEBUG: src/lcthw/hashmap.c:Hashmap_get_node:205: TRY: 4
DEBUG: src/lcthw/hashmap.c:Hashmap_get_node:205: TRY: 5
DEBUG: src/lcthw/hashmap.c:Hashmap_get_node:205: TRY: 6
DEBUG: src/lcthw/hashmap.c:Hashmap_get_node:205: TRY: 7
DEBUG: src/lcthw/hashmap.c:Hashmap_get_node:205: TRY: 8
DEBUG: src/lcthw/hashmap.c:Hashmap_get_node:205: TRY: 9
DEBUG: src/lcthw/hashmap.c:Hashmap_get_node:205: TRY: 10
DEBUG: src/lcthw/hashmap.c:Hashmap_get_node:205: TRY: 11
DEBUG: src/lcthw/hashmap.c:Hashmap_get_node:205: TRY: 12
DEBUG: src/lcthw/hashmap.c:Hashmap_get_node:205: TRY: 13
DEBUG: src/lcthw/hashmap.c:Hashmap_get_node:205: TRY: 14
DEBUG: src/lcthw/hashmap.c:Hashmap_get_node:205: TRY: 15
DEBUG: src/lcthw/hashmap.c:Hashmap_get_node:205: TRY: 16
DEBUG: src/lcthw/hashmap.c:Hashmap_get_node:205: TRY: 17
DEBUG: src/lcthw/hashmap.c:Hashmap_get_node:205: TRY: 18
DEBUG: src/lcthw/hashmap.c:Hashmap_get_node:205: TRY: 19
DEBUG: src/lcthw/hashmap.c:Hashmap_get_node:205: TRY: 20
DEBUG: src/lcthw/hashmap.c:Hashmap_get_node:205: TRY: 21
DEBUG: src/lcthw/hashmap.c:Hashmap_get_node:205: TRY: 22
DEBUG: src/lcthw/hashmap.c:Hashmap_get_node:205: TRY: 23
DEBUG: src/lcthw/hashmap.c:Hashmap_get_node:205: TRY: 24
DEBUG: src/lcthw/hashmap.c:Hashmap_get_node:205: TRY: 25
DEBUG: src/lcthw/hashmap.c:Hashmap_get_node:205: TRY: 26
DEBUG: src/lcthw/hashmap.c:Hashmap_get_node:205: TRY: 27
DEBUG: src/lcthw/hashmap.c:Hashmap_get_node:205: TRY: 28
DEBUG: src/lcthw/hashmap.c:Hashmap_get_node:205: TRY: 29
DEBUG: src/lcthw/hashmap.c:Hashmap_get_node:205: TRY: 30
DEBUG: src/lcthw/hashmap.c:Hashmap_get_node:205: TRY: 31
DEBUG: src/lcthw/hashmap.c:Hashmap_get_node:205: TRY: 32
DEBUG: src/lcthw/hashmap.c:Hashmap_get_node:205: TRY: 33
DEBUG: src/lcthw/hashmap.c:Hashmap_get_node:205: TRY: 34
DEBUG: src/lcthw/hashmap.c:Hashmap_get_node:205: TRY: 35
DEBUG: src/lcthw/hashmap.c:Hashmap_get_node:205: TRY: 36
DEBUG: src/lcthw/hashmap.c:Hashmap_get_node:205: TRY: 37
DEBUG: src/lcthw/hashmap.c:Hashmap_get_node:205: TRY: 38
DEBUG: src/lcthw/hashmap.c:Hashmap_get_node:205: TRY: 39
DEBUG: src/lcthw/hashmap.c:Hashmap_get_node:205: TRY: 40
DEBUG: src/lcthw/hashmap.c:Hashmap_get_node:205: TRY: 41
DEBUG: src/lcthw/hashmap.c:Hashmap_get_node:205: TRY: 42
DEBUG: src/lcthw/hashmap.c:Hashmap_get_node:205: TRY: 43
DEBUG: src/lcthw/hashmap.c:Hashmap_get_node:205: TRY: 44
DEBUG: src/lcthw/hashmap.c:Hashmap_get_node:205: TRY: 45
DEBUG: src/lcthw/hashmap.c:Hashmap_get_node:205: TRY: 46
DEBUG: src/lcthw/hashmap.c:Hashmap_get_node:205: TRY: 47
DEBUG: src/lcthw/hashmap.c:Hashmap_get_node:205: TRY: 48
DEBUG: src/lcthw/hashmap.c:Hashmap_get_node:205: TRY: 49
DEBUG: src/lcthw/hashmap.c:Hashmap_get_node:205: TRY: 50
DEBUG: src/lcthw/hashmap.c:Hashmap_get_node:205: TRY: 51
DEBUG: src/lcthw/hashmap.c:Hashmap_get_node:205: TRY: 52
DEBUG: src/lcthw/hashmap.c:Hashmap_get_node:205: TRY: 53
DEBUG: src/lcthw/hashmap.c:Hashmap_get_node:205: TRY: 54
DEBUG: src/lcthw/hashmap.c:Hashmap_get_node:205: TRY: 55
DEBUG: src/lcthw/hashmap.c:Hashmap_get_node:205: TRY: 56
DEBUG: src/lcthw/hashmap.c:Hashmap_get_node:205: TRY: 57
DEBUG: src/lcthw/hashmap.c:Hashmap_get_node:205: TRY: 58
DEBUG: src/lcthw/hashmap.c:Hashmap_get_node:205: TRY: 59
DEBUG: src/lcthw/hashmap.c:Hashmap_get_node:205: TRY: 60
DEBUG: src/lcthw/hashmap.c:Hashmap_get_node:205: TRY: 61
DEBUG: src/lcthw/hashmap.c:Hashmap_get_node:205: TRY: 62
DEBUG: src/lcthw/hashmap.c:Hashmap_get_node:205: TRY: 63
DEBUG: src/lcthw/hashmap.c:Hashmap_get_node:205: TRY: 64
DEBUG: src/lcthw/hashmap.c:Hashmap_get_node:205: TRY: 65
DEBUG: src/lcthw/hashmap.c:Hashmap_get_node:205: TRY: 66
DEBUG: src/lcthw/hashmap.c:Hashmap_get_node:205: TRY: 67
DEBUG: src/lcthw/hashmap.c:Hashmap_get_node:205: TRY: 68
DEBUG: src/lcthw/hashmap.c:Hashmap_get_node:205: TRY: 69
DEBUG: src/lcthw/hashmap.c:Hashmap_get_node:205: TRY: 70
DEBUG: src/lcthw/hashmap.c:Hashmap_get_node:205: TRY: 71
DEBUG: src/lcthw/hashmap.c:Hashmap_get_node:205: TRY: 72
DEBUG: src/lcthw/hashmap.c:Hashmap_get_node:205: TRY: 73
DEBUG: src/lcthw/hashmap.c:Hashmap_get_node:205: TRY: 74
DEBUG: src/lcthw/hashmap.c:Hashmap_get_node:205: TRY: 75
DEBUG: src/lcthw/hashmap.c:Hashmap_get_node:205: TRY: 76
DEBUG: src/lcthw/hashmap.c:Hashmap_get_node:205: TRY: 77
DEBUG: src/lcthw/hashmap.c:Hashmap_get_node:205: TRY: 78
DEBUG: src/lcthw/hashmap.c:Hashmap_get_node:205: TRY: 0
DEBUG: src/lcthw/hashmap.c:Hashmap_get_node:205: TRY: 1
DEBUG: src/lcthw/hashmap.c:Hashmap_get_node:205: TRY: 2
DEBUG: src/lcthw/hashmap.c:Hashmap_get_node:205: TRY: 3
DEBUG: src/lcthw/hashmap.c:Hashmap_get_node:205: TRY: 4
DEBUG: src/lcthw/hashmap.c:Hashmap_get_node:205: TRY: 5
DEBUG: src/lcthw/hashmap.c:Hashmap_get_node:205: TRY: 6
DEBUG: src/lcthw/hashmap.c:Hashmap_get_node:205: TRY: 7
DEBUG: src/lcthw/hashmap.c:Hashmap_get_node:205: TRY: 8
DEBUG: src/lcthw/hashmap.c:Hashmap_get_node:205: TRY: 9
DEBUG: src/lcthw/hashmap.c:Hashmap_get_node:205: TRY: 10
DEBUG: src/lcthw/hashmap.c:Hashmap_get_node:205: TRY: 11
DEBUG: src/lcthw/hashmap.c:Hashmap_get_node:205: TRY: 12
DEBUG: src/lcthw/hashmap.c:Hashmap_get_node:205: TRY: 13
DEBUG: src/lcthw/hashmap.c:Hashmap_get_node:205: TRY: 14
DEBUG: src/lcthw/hashmap.c:Hashmap_get_node:205: TRY: 15
DEBUG: src/lcthw/hashmap.c:Hashmap_get_node:205: TRY: 16
DEBUG: src/lcthw/hashmap.c:Hashmap_get_node:205: TRY: 17
DEBUG: src/lcthw/hashmap.c:Hashmap_get_node:205: TRY: 18
DEBUG: src/lcthw/hashmap.c:Hashmap_get_node:205: TRY: 19
DEBUG: src/lcthw/hashmap.c:Hashmap_get_node:205: TRY: 20
DEBUG: src/lcthw/hashmap.c:Hashmap_get_node:205: TRY: 21
DEBUG: src/lcthw/hashmap.c:Hashmap_get_node:205: TRY: 22
DEBUG: src/lcthw/hashmap.c:Hashmap_get_node:205: TRY: 23
DEBUG: src/lcthw/hashmap.c:Hashmap_get_node:205: TRY: 24
DEBUG: src/lcthw/hashmap.c:Hashmap_get_node:205: TRY: 25
DEBUG: src/lcthw/hashmap.c:Hashmap_get_node:205: TRY: 26
DEBUG: src/lcthw/hashmap.c:Hashmap_get_node:205: TRY: 27
DEBUG: src/lcthw/hashmap.c:Hashmap_get_node:205: TRY: 28
DEBUG: src/lcthw/hashmap.c:Hashmap_get_node:205: TRY: 29
DEBUG: src/lcthw/hashmap.c:Hashmap_get_node:205: TRY: 30
DEBUG: src/lcthw/hashmap.c:Hashmap_get_node:205: TRY: 31
DEBUG: src/lcthw/hashmap.c:Hashmap_get_node:205: TRY: 32
DEBUG: src/lcthw/hashmap.c:Hashmap_get_node:205: TRY: 33
DEBUG: src/lcthw/hashmap.c:Hashmap_get_node:205: TRY: 34
DEBUG: src/lcthw/hashmap.c:Hashmap_get_node:205: TRY: 35
DEBUG: src/lcthw/hashmap.c:Hashmap_get_node:205: TRY: 36
DEBUG: src/lcthw/hashmap.c:Hashmap_get_node:205: TRY: 37
DEBUG: src/lcthw/hashmap.c:Hashmap_get_node:205: TRY: 38
DEBUG: src/lcthw/hashmap.c:Hashmap_get_node:205: TRY: 39
DEBUG: src/lcthw/hashmap.c:Hashmap_get_node:205: TRY: 40
DEBUG: src/lcthw/hashmap.c:Hashmap_get_node:205: TRY: 41
DEBUG: src/lcthw/hashmap.c:Hashmap_get_node:205: TRY: 42
DEBUG: src/lcthw/hashmap.c:Hashmap_get_node:205: TRY: 43
DEBUG: src/lcthw/hashmap.c:Hashmap_get_node:205: TRY: 44
DEBUG: src/lcthw/hashmap.c:Hashmap_get_node:205: TRY: 45
DEBUG: src/lcthw/hashmap.c:Hashmap_get_node:205: TRY: 46
DEBUG: src/lcthw/hashmap.c:Hashmap_get_node:205: TRY: 47
DEBUG: src/lcthw/hashmap.c:Hashmap_get_node:205: TRY: 48
DEBUG: src/lcthw/hashmap.c:Hashmap_get_node:205: TRY: 49
DEBUG: src/lcthw/hashmap.c:Hashmap_get_node:205: TRY: 50
DEBUG: src/lcthw/hashmap.c:Hashmap_get_node:205: TRY: 51
DEBUG: src/lcthw/hashmap.c:Hashmap_get_node:205: TRY: 52
DEBUG: src/lcthw/hashmap.c:Hashmap_get_node:205: TRY: 53
DEBUG: src/lcthw/hashmap.c:Hashmap_get_node:205: TRY: 54
DEBUG: src/lcthw/hashmap.c:Hashmap_get_node:205: TRY: 55
DEBUG: src/lcthw/hashmap.c:Hashmap_get_node:205: TRY: 56
DEBUG: src/lcthw/hashmap.c:Hashmap_get_node:205: TRY: 57
DEBUG: src/lcthw/hashmap.c:Hashmap_get_node:205: TRY: 58
DEBUG: src/lcthw/hashmap.c:Hashmap_get_node:205: TRY: 59
DEBUG: src/lcthw/hashmap.c:Hashmap_get_node:205: TRY: 60
DEBUG: src/lcthw/hashmap.c:Hashmap_get_node:205: TRY: 61
DEBUG: src/lcthw/hashmap.c:Hashmap_get_node:205: TRY: 62
DEBUG: src/lcthw/hashmap.c:Hashmap_get_node:205: TRY: 63
DEBUG: src/lcthw/hashmap.c:Hashmap_get_node:205: TRY: 64
DEBUG: src/lcthw/hashmap.c:Hashmap_get_node:205: TRY: 65
DEBUG: src/lcthw/hashmap.c:Hashmap_get_node:205: TRY: 66
DEBUG: src/lcthw/hashmap.c:Hashmap_get_node:205: TRY: 67
DEBUG: src/lcthw/hashmap.c:Hashmap_get_node:205: TRY: 68
DEBUG: src/lcthw/hashmap.c:Hashmap_get_node:205: TRY: 69
DEBUG: src/lcthw/hashmap.c:Hashmap_get_node:205: TRY: 70
DEBUG: src/lcthw/hashmap.c:Hashmap_get_node:205: TRY: 71
DEBUG: src/lcthw/hashmap.c:Hashmap_get_node:205: TRY: 72
DEBUG: src/lcthw/hashmap.c:Hashmap_get_node:205: TRY: 73
DEBUG: src/lcthw/hashmap.c:Hashmap_get_node:205: TRY: 74
DEBUG: src/lcthw/hashmap.c:Hashmap_get_node:205: TRY: 75
DEBUG: src/lcthw/hashmap.c:Hashmap_get_node:205: TRY: 76
DEBUG: src/lcthw/hashmap.c:Hashmap_get_node:205: TRY: 77
DEBUG: src/lcthw/hashmap.c:Hashmap_get_node:205: TRY: 78
DEBUG: src/lcthw/hashmap.c:Hashmap_get_node:205: TRY: 79
DEBUG: src/lcthw/hashmap.c:Hashmap_get_node:205: TRY: 80
DEBUG: src/lcthw/hashmap.c:Hashmap_get_node:205: TRY: 81
DEBUG: src/lcthw/hashmap.c:Hashmap_get_node:205: TRY: 82
DEBUG: src/lcthw/hashmap.c:Hashmap_get_node:205: TRY: 83
DEBUG: src/lcthw/hashmap.c:Hashmap_get_node:205: TRY: 0
DEBUG: src/lcthw/hashmap.c:Hashmap_get_node:205: TRY: 1
DEBUG: src/lcthw/hashmap.c:Hashmap_get_node:205: TRY: 2
DEBUG: src/lcthw/hashmap.c:Hashmap_get_node:205: TRY: 3
DEBUG: src/lcthw/hashmap.c:Hashmap_get_node:205: TRY: 4
DEBUG: src/lcthw/hashmap.c:Hashmap_get_node:205: TRY: 5
DEBUG: src/lcthw/hashmap.c:Hashmap_get_node:205: TRY: 6
DEBUG: src/lcthw/hashmap.c:Hashmap_get_node:205: TRY: 7
DEBUG: src/lcthw/hashmap.c:Hashmap_get_node:205: TRY: 8
DEBUG: src/lcthw/hashmap.c:Hashmap_get_node:205: TRY: 9
DEBUG: src/lcthw/hashmap.c:Hashmap_get_node:205: TRY: 10
DEBUG: src/lcthw/hashmap.c:Hashmap_get_node:205: TRY: 11
DEBUG: src/lcthw/hashmap.c:Hashmap_get_node:205: TRY: 12
DEBUG: src/lcthw/hashmap.c:Hashmap_get_node:205: TRY: 13
DEBUG: src/lcthw/hashmap.c:Hashmap_get_node:205: TRY: 14
DEBUG: src/lcthw/hashmap.c:Hashmap_get_node:205: TRY: 15
DEBUG: src/lcthw/hashmap.c:Hashmap_get_node:205: TRY: 16
DEBUG: src/lcthw/hashmap.c:Hashmap_get_node:205: TRY: 17
DEBUG: src/lcthw/hashmap.c:Hashmap_get_node:205: TRY: 18
DEBUG: src/lcthw/hashmap.c:Hashmap_get_node:205: TRY: 19
DEBUG: src/lcthw/hashmap.c:Hashmap_get_node:205: TRY: 20
DEBUG: src/lcthw/hashmap.c:Hashmap_get_node:205: TRY: 21
DEBUG: src/lcthw/hashmap.c:Hashmap_get_node:205: TRY: 22
DEBUG: src/lcthw/hashmap.c:Hashmap_get_node:205: TRY: 23
DEBUG: src/lcthw/hashmap.c:Hashmap_get_node:205: TRY: 24
DEBUG: src/lcthw/hashmap.c:Hashmap_get_node:205: TRY: 25
DEBUG: src/lcthw/hashmap.c:Hashmap_get_node:205: TRY: 26
DEBUG: src/lcthw/hashmap.c:Hashmap_get_node:205: TRY: 27
DEBUG: src/lcthw/hashmap.c:Hashmap_get_node:205: TRY: 28
DEBUG: src/lcthw/hashmap.c:Hashmap_get_node:205: TRY: 29
DEBUG: src/lcthw/hashmap.c:Hashmap_get_node:205: TRY: 30
DEBUG: src/lcthw/hashmap.c:Hashmap_get_node:205: TRY: 31
DEBUG: src/lcthw/hashmap.c:Hashmap_get_node:205: TRY: 32
DEBUG: src/lcthw/hashmap.c:Hashmap_get_node:205: TRY: 33
DEBUG: src/lcthw/hashmap.c:Hashmap_get_node:205: TRY: 34
DEBUG: src/lcthw/hashmap.c:Hashmap_get_node:205: TRY: 35
DEBUG: src/lcthw/hashmap.c:Hashmap_get_node:205: TRY: 36
DEBUG: src/lcthw/hashmap.c:Hashmap_get_node:205: TRY: 37
DEBUG: src/lcthw/hashmap.c:Hashmap_get_node:205: TRY: 38
DEBUG: src/lcthw/hashmap.c:Hashmap_get_node:205: TRY: 39
DEBUG: src/lcthw/hashmap.c:Hashmap_get_node:205: TRY: 40
DEBUG: src/lcthw/hashmap.c:Hashmap_get_node:205: TRY: 41
DEBUG: src/lcthw/hashmap.c:Hashmap_get_node:205: TRY: 42
DEBUG: src/lcthw/hashmap.c:Hashmap_get_node:205: TRY: 43
DEBUG: src/lcthw/hashmap.c:Hashmap_get_node:205: TRY: 44
DEBUG: src/lcthw/hashmap.c:Hashmap_get_node:205: TRY: 45
DEBUG: src/lcthw/hashmap.c:Hashmap_get_node:205: TRY: 46
DEBUG: src/lcthw/hashmap.c:Hashmap_get_node:205: TRY: 47
DEBUG: src/lcthw/hashmap.c:Hashmap_get_node:205: TRY: 48
DEBUG: src/lcthw/hashmap.c:Hashmap_get_node:205: TRY: 49
DEBUG: src/lcthw/hashmap.c:Hashmap_get_node:205: TRY: 50
DEBUG: src/lcthw/hashmap.c:Hashmap_get_node:205: TRY: 51
DEBUG: src/lcthw/hashmap.c:Hashmap_get_node:205: TRY: 52
DEBUG: src/lcthw/hashmap.c:Hashmap_get_node:205: TRY: 53
DEBUG: src/lcthw/hashmap.c:Hashmap_get_node:205: TRY: 54
DEBUG: src/lcthw/hashmap.c:Hashmap_get_node:205: TRY: 55
DEBUG: src/lcthw/hashmap.c:Hashmap_get_node:205: TRY: 56
DEBUG: src/lcthw/hashmap.c:Hashmap_get_node:205: TRY: 57
DEBUG: src/lcthw/hashmap.c:Hashmap_get_node:205: TRY: 58
DEBUG: src/lcthw/hashmap.c:Hashmap_get_node:205: TRY: 59
DEBUG: src/lcthw/hashmap.c:Hashmap_get_node:205: TRY: 60
DEBUG: src/lcthw/hashmap.c:Hashmap_get_node:205: TRY: 61
DEBUG: src/lcthw/hashmap.c:Hashmap_get_node:205: TRY: 62
DEBUG: src/lcthw/hashmap.c:Hashmap_get_node:205: TRY: 63
DEBUG: src/lcthw/hashmap.c:Hashmap_get_node:205: TRY: 64
DEBUG: src/lcthw/hashmap.c:Hashmap_get_node:205: TRY: 65
DEBUG: src/lcthw/hashmap.c:Hashmap_get_node:205: TRY: 66
DEBUG: src/lcthw/hashmap.c:Hashmap_get_node:205: TRY: 67
DEBUG: src/lcthw/hashmap.c:Hashmap_get_node:205: TRY: 68
DEBUG: src/lcthw/hashmap.c:Hashmap_get_node:205: TRY: 69
DEBUG: src/lcthw/hashmap.c:Hashmap_get_node:205: TRY: 70
DEBUG: src/lcthw/hashmap.c:Hashmap_get_node:205: TRY: 71
DEBUG: src/lcthw/hashmap.c:Hashmap_get_node:205: TRY: 72
DEBUG: src/lcthw/hashmap.c:Hashmap_get_node:205: TRY: 73
DEBUG: src/lcthw/hashmap.c:Hashmap_get_node:205: TRY: 74
DEBUG: src/lcthw/hashmap.c:Hashmap_get_node:205: TRY: 75
DEBUG: src/lcthw/hashmap.c:Hashmap_get_node:205: TRY: 76
DEBUG: src/lcthw/hashmap.c:Hashmap_get_node:205: TRY: 77
DEBUG: src/lcthw/hashmap.c:Hashmap_get_node:205: TRY: 78
DEBUG: src/lcthw/hashmap.c:Hashmap_get_node:205: TRY: 79
DEBUG: src/lcthw/hashmap.c:Hashmap_get_node:205: TRY: 0
DEBUG: src/lcthw/hashmap.c:Hashmap_get_node:205: TRY: 1
DEBUG: src/lcthw/hashmap.c:Hashmap_get_node:205: TRY: 2
DEBUG: src/lcthw/hashmap.c:Hashmap_get_node:205: TRY: 3
DEBUG: src/lcthw/hashmap.c:Hashmap_get_node:205: TRY: 4
DEBUG: src/lcthw/hashmap.c:Hashmap_get_node:205: TRY: 5
DEBUG: src/lcthw/hashmap.c:Hashmap_get_node:205: TRY: 6
DEBUG: src/lcthw/hashmap.c:Hashmap_get_node:205: TRY: 7
DEBUG: src/lcthw/hashmap.c:Hashmap_get_node:205: TRY: 8
DEBUG: src/lcthw/hashmap.c:Hashmap_get_node:205: TRY: 9
DEBUG: src/lcthw/hashmap.c:Hashmap_get_node:205: TRY: 10
DEBUG: src/lcthw/hashmap.c:Hashmap_get_node:205: TRY: 11
DEBUG: src/lcthw/hashmap.c:Hashmap_get_node:205: TRY: 12
DEBUG: src/lcthw/hashmap.c:Hashmap_get_node:205: TRY: 13
DEBUG: src/lcthw/hashmap.c:Hashmap_get_node:205: TRY: 14
DEBUG: src/lcthw/hashmap.c:Hashmap_get_node:205: TRY: 15
DEBUG: src/lcthw/hashmap.c:Hashmap_get_node:205: TRY: 16
DEBUG: src/lcthw/hashmap.c:Hashmap_get_node:205: TRY: 17
DEBUG: src/lcthw/hashmap.c:Hashmap_get_node:205: TRY: 18
DEBUG: src/lcthw/hashmap.c:Hashmap_get_node:205: TRY: 19
DEBUG: src/lcthw/hashmap.c:Hashmap_get_node:205: TRY: 20
DEBUG: src/lcthw/hashmap.c:Hashmap_get_node:205: TRY: 21
DEBUG: src/lcthw/hashmap.c:Hashmap_get_node:205: TRY: 22
DEBUG: src/lcthw/hashmap.c:Hashmap_get_node:205: TRY: 23
DEBUG: src/lcthw/hashmap.c:Hashmap_get_node:205: TRY: 24
DEBUG: src/lcthw/hashmap.c:Hashmap_get_node:205: TRY: 25
DEBUG: src/lcthw/hashmap.c:Hashmap_get_node:205: TRY: 26
DEBUG: src/lcthw/hashmap.c:Hashmap_get_node:205: TRY: 27
DEBUG: src/lcthw/hashmap.c:Hashmap_get_node:205: TRY: 28
DEBUG: src/lcthw/hashmap.c:Hashmap_get_node:205: TRY: 29
DEBUG: src/lcthw/hashmap.c:Hashmap_get_node:205: TRY: 30
DEBUG: src/lcthw/hashmap.c:Hashmap_get_node:205: TRY: 31
DEBUG: src/lcthw/hashmap.c:Hashmap_get_node:205: TRY: 32
DEBUG: src/lcthw/hashmap.c:Hashmap_get_node:205: TRY: 33
DEBUG: src/lcthw/hashmap.c:Hashmap_get_node:205: TRY: 34
DEBUG: src/lcthw/hashmap.c:Hashmap_get_node:205: TRY: 35
DEBUG: src/lcthw/hashmap.c:Hashmap_get_node:205: TRY: 36
DEBUG: src/lcthw/hashmap.c:Hashmap_get_node:205: TRY: 37
DEBUG: src/lcthw/hashmap.c:Hashmap_get_node:205: TRY: 38
DEBUG: src/lcthw/hashmap.c:Hashmap_get_node:205: TRY: 39
DEBUG: src/lcthw/hashmap.c:Hashmap_get_node:205: TRY: 40
DEBUG: src/lcthw/hashmap.c:Hashmap_get_node:205: TRY: 41
DEBUG: src/lcthw/hashmap.c:Hashmap_get_node:205: TRY: 42
DEBUG: src/lcthw/hashmap.c:Hashmap_get_node:205: TRY: 43
DEBUG: src/lcthw/hashmap.c:Hashmap_get_node:205: TRY: 44
DEBUG: src/lcthw/hashmap.c:Hashmap_get_node:205: TRY: 45
DEBUG: src/lcthw/hashmap.c:Hashmap_get_node:205: TRY: 46
DEBUG: src/lcthw/hashmap.c:Hashmap_get_node:205: TRY: 47
DEBUG: src/lcthw/hashmap.c:Hashmap_get_node:205: TRY: 48
DEBUG: src/lcthw/hashmap.c:Hashmap_get_node:205: TRY: 49
DEBUG: src/lcthw/hashmap.c:Hashmap_get_node:205: TRY: 50
DEBUG: src/lcthw/hashmap.c:Hashmap_get_node:205: TRY: 51
DEBUG: src/lcthw/hashmap.c:Hashmap_get_node:205: TRY: 52
DEBUG: src/lcthw/hashmap.c:Hashmap_get_node:205: TRY: 53
DEBUG: src/lcthw/hashmap.c:Hashmap_get_node:205: TRY: 54
DEBUG: src/lcthw/hashmap.c:Hashmap_get_node:205: TRY: 55
DEBUG: src/lcthw/hashmap.c:Hashmap_get_node:205: TRY: 56
DEBUG: src/lcthw/hashmap.c:Hashmap_get_node:205: TRY: 57
DEBUG: src/lcthw/hashmap.c:Hashmap_get_node:205: TRY: 58
DEBUG: src/lcthw/hashmap.c:Hashmap_get_node:205: TRY: 59
DEBUG: src/lcthw/hashmap.c:Hashmap_get_node:205: TRY: 60
DEBUG: src/lcthw/hashmap.c:Hashmap_get_node:205: TRY: 61
DEBUG: src/lcthw/hashmap.c:Hashmap_get_node:205: TRY: 62
DEBUG: src/lcthw/hashmap.c:Hashmap_get_node:205: TRY: 63
DEBUG: src/lcthw/hashmap.c:Hashmap_get_node:205: TRY: 64
DEBUG: src/lcthw/hashmap.c:Hashmap_get_node:205: TRY: 65
DEBUG: src/lcthw/hashmap.c:Hashmap_get_node:205: TRY: 66
DEBUG: src/lcthw/hashmap.c:Hashmap_get_node:205: TRY: 67
DEBUG: src/lcthw/hashmap.c:Hashmap_get_node:205: TRY: 68
DEBUG: src/lcthw/hashmap.c:Hashmap_get_node:205: TRY: 69
DEBUG: src/lcthw/hashmap.c:Hashmap_get_node:205: TRY: 70
DEBUG: src/lcthw/hashmap.c:Hashmap_get_node:205: TRY: 71
DEBUG: src/lcthw/hashmap.c:Hashmap_get_node:205: TRY: 72
DEBUG: src/lcthw/hashmap.c:Hashmap_get_node:205: TRY: 73
DEBUG: src/lcthw/hashmap.c:Hashmap_get_node:205: TRY: 74
DEBUG: src/lcthw/hashmap.c:Hashmap_get_node:205: TRY: 75
DEBUG: src/lcthw/hashmap.c:Hashmap_get_node:205: TRY: 76
DEBUG: src/lcthw/hashmap.c:Hashmap_get_node:205: TRY: 77
DEBUG: src/lcthw/hashmap.c:Hashmap_get_node:205: TRY: 78
DEBUG: src/lcthw/hashmap.c:Hashmap_get_node:205: TRY: 0
DEBUG: src/lcthw/hashmap.c:Hashmap_get_node:205: TRY: 1
DEBUG: src/lcthw/hashmap.c:Hashmap_get_node:205: TRY: 2
DEBUG: src/lcthw/hashmap.c:Hashmap_get_node:205: TRY: 3
DEBUG: src/lcthw/hashmap.c:Hashmap_get_node:205: TRY: 4
DEBUG: src/lcthw/hashmap.c:Hashmap_get_node:205: TRY: 5
DEBUG: src/lcthw/hashmap.c:Hashmap_get_node:205: TRY: 6
DEBUG: src/lcthw/hashmap.c:Hashmap_get_node:205: TRY: 7
DEBUG: src/lcthw/hashmap.c:Hashmap_get_node:205: TRY: 8
DEBUG: src/lcthw/hashmap.c:Hashmap_get_node:205: TRY: 9
DEBUG: src/lcthw/hashmap.c:Hashmap_get_node:205: TRY: 10
DEBUG: src/lcthw/hashmap.c:Hashmap_get_node:205: TRY: 11
DEBUG: src/lcthw/hashmap.c:Hashmap_get_node:205: TRY: 12
DEBUG: src/lcthw/hashmap.c:Hashmap_get_node:205: TRY: 13
DEBUG: src/lcthw/hashmap.c:Hashmap_get_node:205: TRY: 14
DEBUG: src/lcthw/hashmap.c:Hashmap_get_node:205: TRY: 15
DEBUG: src/lcthw/hashmap.c:Hashmap_get_node:205: TRY: 16
DEBUG: src/lcthw/hashmap.c:Hashmap_get_node:205: TRY: 17
DEBUG: src/lcthw/hashmap.c:Hashmap_get_node:205: TRY: 18
DEBUG: src/lcthw/hashmap.c:Hashmap_get_node:205: TRY: 19
DEBUG: src/lcthw/hashmap.c:Hashmap_get_node:205: TRY: 20
DEBUG: src/lcthw/hashmap.c:Hashmap_get_node:205: TRY: 21
DEBUG: src/lcthw/hashmap.c:Hashmap_get_node:205: TRY: 22
DEBUG: src/lcthw/hashmap.c:Hashmap_get_node:205: TRY: 23
DEBUG: src/lcthw/hashmap.c:Hashmap_get_node:205: TRY: 24
DEBUG: src/lcthw/hashmap.c:Hashmap_get_node:205: TRY: 25
DEBUG: src/lcthw/hashmap.c:Hashmap_get_node:205: TRY: 26
DEBUG: src/lcthw/hashmap.c:Hashmap_get_node:205: TRY: 27
DEBUG: src/lcthw/hashmap.c:Hashmap_get_node:205: TRY: 28
DEBUG: src/lcthw/hashmap.c:Hashmap_get_node:205: TRY: 29
DEBUG: src/lcthw/hashmap.c:Hashmap_get_node:205: TRY: 30
DEBUG: src/lcthw/hashmap.c:Hashmap_get_node:205: TRY: 31
DEBUG: src/lcthw/hashmap.c:Hashmap_get_node:205: TRY: 32
DEBUG: src/lcthw/hashmap.c:Hashmap_get_node:205: TRY: 33
DEBUG: src/lcthw/hashmap.c:Hashmap_get_node:205: TRY: 34
DEBUG: src/lcthw/hashmap.c:Hashmap_get_node:205: TRY: 35
DEBUG: src/lcthw/hashmap.c:Hashmap_get_node:205: TRY: 36
DEBUG: src/lcthw/hashmap.c:Hashmap_get_node:205: TRY: 37
DEBUG: src/lcthw/hashmap.c:Hashmap_get_node:205: TRY: 38
DEBUG: src/lcthw/hashmap.c:Hashmap_get_node:205: TRY: 39
DEBUG: src/lcthw/hashmap.c:Hashmap_get_node:205: TRY: 40
DEBUG: src/lcthw/hashmap.c:Hashmap_get_node:205: TRY: 41
DEBUG: src/lcthw/hashmap.c:Hashmap_get_node:205: TRY: 42
DEBUG: src/lcthw/hashmap.c:Hashmap_get_node:205: TRY: 43
DEBUG: src/lcthw/hashmap.c:Hashmap_get_node:205: TRY: 44
DEBUG: src/lcthw/hashmap.c:Hashmap_get_node:205: TRY: 45
DEBUG: src/lcthw/hashmap.c:Hashmap_get_node:205: TRY: 46
DEBUG: src/lcthw/hashmap.c:Hashmap_get_node:205: TRY: 47
DEBUG: src/lcthw/hashmap.c:Hashmap_get_node:205: TRY: 48
DEBUG: src/lcthw/hashmap.c:Hashmap_get_node:205: TRY: 49
DEBUG: src/lcthw/hashmap.c:Hashmap_get_node:205: TRY: 50
DEBUG: src/lcthw/hashmap.c:Hashmap_get_node:205: TRY: 51
DEBUG: src/lcthw/hashmap.c:Hashmap_get_node:205: TRY: 52
DEBUG: src/lcthw/hashmap.c:Hashmap_get_node:205: TRY: 53
DEBUG: src/lcthw/hashmap.c:Hashmap_get_node:205: TRY: 54
DEBUG: src/lcthw/hashmap.c:Hashmap_get_node:205: TRY: 55
DEBUG: src/lcthw/hashmap.c:Hashmap_get_node:205: TRY: 56
DEBUG: src/lcthw/hashmap.c:Hashmap_get_node:205: TRY: 57
DEBUG: src/lcthw/hashmap.c:Hashmap_get_node:205: TRY: 58
DEBUG: src/lcthw/hashmap.c:Hashmap_get_node:205: TRY: 59
DEBUG: src/lcthw/hashmap.c:Hashmap_get_node:205: TRY: 60
DEBUG: src/lcthw/hashmap.c:Hashmap_get_node:205: TRY: 61
DEBUG: src/lcthw/hashmap.c:Hashmap_get_node:205: TRY: 62
DEBUG: src/lcthw/hashmap.c:Hashmap_get_node:205: TRY: 63
DEBUG: src/lcthw/hashmap.c:Hashmap_get_node:205: TRY: 64
DEBUG: src/lcthw/hashmap.c:Hashmap_get_node:205: TRY: 65
DEBUG: src/lcthw/hashmap.c:Hashmap_get_node:205: TRY: 66
DEBUG: src/lcthw/hashmap.c:Hashmap_get_node:205: TRY: 67
DEBUG: src/lcthw/hashmap.c:Hashmap_get_node:205: TRY: 68
DEBUG: src/lcthw/hashmap.c:Hashmap_get_node:205: TRY: 69
DEBUG: src/lcthw/hashmap.c:Hashmap_get_node:205: TRY: 70
DEBUG: src/lcthw/hashmap.c:Hashmap_get_node:205: TRY: 71
DEBUG: src/lcthw/hashmap.c:Hashmap_get_node:205: TRY: 72
DEBUG: src/lcthw/hashmap.c:Hashmap_get_node:205: TRY: 73
DEBUG: src/lcthw/hashmap.c:Hashmap_get_node:205: TRY: 74
DEBUG: src/lcthw/hashmap.c:Hashmap_get_node:205: TRY: 75
DEBUG: src/lcthw/hashmap.c:Hashmap_get_node:205: TRY: 76
DEBUG: src/lcthw/hashmap.c:Hashmap_get_node:205: TRY: 77
DEBUG: src/lcthw/hashmap.c:Hashmap_get_node:205: TRY: 78
DEBUG: src/lcthw/hashmap.c:Hashmap_get_node:205: TRY: 79
DEBUG: src/lcthw/hashmap.c:Hashmap_get_node:205: TRY: 80
DEBUG: src/lcthw/hashmap.c:Hashmap_get_node:205: TRY: 81
DEBUG: src/lcthw/hashmap.c:Hashmap_get_node:205: TRY: 82
DEBUG: src/lcthw/hashmap.c:Hashmap_get_node:205: TRY: 83
DEBUG: src/lcthw/hashmap.c:Hashmap_get_node:205: TRY: 84
DEBUG: src/lcthw/hashmap.c:Hashmap_get_node:205: TRY: 85
DEBUG: src/lcthw/hashmap.c:Hashmap_get_node:205: TRY: 0
DEBUG: src/lcthw/hashmap.c:Hashmap_get_node:205: TRY: 1
DEBUG: src/lcthw/hashmap.c:Hashmap_get_node:205: TRY: 2
DEBUG: src/lcthw/hashmap.c:Hashmap_get_node:205: TRY: 3
DEBUG: src/lcthw/hashmap.c:Hashmap_get_node:205: TRY: 4
DEBUG: src/lcthw/hashmap.c:Hashmap_get_node:205: TRY: 5
DEBUG: src/lcthw/hashmap.c:Hashmap_get_node:205: TRY: 6
DEBUG: src/lcthw/hashmap.c:Hashmap_get_node:205: TRY: 7
DEBUG: src/lcthw/hashmap.c:Hashmap_get_node:205: TRY: 8
DEBUG: src/lcthw/hashmap.c:Hashmap_get_node:205: TRY: 9
DEBUG: src/lcthw/hashmap.c:Hashmap_get_node:205: TRY: 10
DEBUG: src/lcthw/hashmap.c:Hashmap_get_node:205: TRY: 11
DEBUG: src/lcthw/hashmap.c:Hashmap_get_node:205: TRY: 12
DEBUG: src/lcthw/hashmap.c:Hashmap_get_node:205: TRY: 13
DEBUG: src/lcthw/hashmap.c:Hashmap_get_node:205: TRY: 14
DEBUG: src/lcthw/hashmap.c:Hashmap_get_node:205: TRY: 15
DEBUG: src/lcthw/hashmap.c:Hashmap_get_node:205: TRY: 16
DEBUG: src/lcthw/hashmap.c:Hashmap_get_node:205: TRY: 17
DEBUG: src/lcthw/hashmap.c:Hashmap_get_node:205: TRY: 18
DEBUG: src/lcthw/hashmap.c:Hashmap_get_node:205: TRY: 19
DEBUG: src/lcthw/hashmap.c:Hashmap_get_node:205: TRY: 20
DEBUG: src/lcthw/hashmap.c:Hashmap_get_node:205: TRY: 21
DEBUG: src/lcthw/hashmap.c:Hashmap_get_node:205: TRY: 22
DEBUG: src/lcthw/hashmap.c:Hashmap_get_node:205: TRY: 23
DEBUG: src/lcthw/hashmap.c:Hashmap_get_node:205: TRY: 24
DEBUG: src/lcthw/hashmap.c:Hashmap_get_node:205: TRY: 25
DEBUG: src/lcthw/hashmap.c:Hashmap_get_node:205: TRY: 26
DEBUG: src/lcthw/hashmap.c:Hashmap_get_node:205: TRY: 27
DEBUG: src/lcthw/hashmap.c:Hashmap_get_node:205: TRY: 28
DEBUG: src/lcthw/hashmap.c:Hashmap_get_node:205: TRY: 29
DEBUG: src/lcthw/hashmap.c:Hashmap_get_node:205: TRY: 30
DEBUG: src/lcthw/hashmap.c:Hashmap_get_node:205: TRY: 31
DEBUG: src/lcthw/hashmap.c:Hashmap_get_node:205: TRY: 32
DEBUG: src/lcthw/hashmap.c:Hashmap_get_node:205: TRY: 33
DEBUG: src/lcthw/hashmap.c:Hashmap_get_node:205: TRY: 34
DEBUG: src/lcthw/hashmap.c:Hashmap_get_node:205: TRY: 35
DEBUG: src/lcthw/hashmap.c:Hashmap_get_node:205: TRY: 36
DEBUG: src/lcthw/hashmap.c:Hashmap_get_node:205: TRY: 37
DEBUG: src/lcthw/hashmap.c:Hashmap_get_node:205: TRY: 38
DEBUG: src/lcthw/hashmap.c:Hashmap_get_node:205: TRY: 39
DEBUG: src/lcthw/hashmap.c:Hashmap_get_node:205: TRY: 40
DEBUG: src/lcthw/hashmap.c:Hashmap_get_node:205: TRY: 41
DEBUG: src/lcthw/hashmap.c:Hashmap_get_node:205: TRY: 42
DEBUG: src/lcthw/hashmap.c:Hashmap_get_node:205: TRY: 43
DEBUG: src/lcthw/hashmap.c:Hashmap_get_node:205: TRY: 44
DEBUG: src/lcthw/hashmap.c:Hashmap_get_node:205: TRY: 45
DEBUG: src/lcthw/hashmap.c:Hashmap_get_node:205: TRY: 46
DEBUG: src/lcthw/hashmap.c:Hashmap_get_node:205: TRY: 47
DEBUG: src/lcthw/hashmap.c:Hashmap_get_node:205: TRY: 48
DEBUG: src/lcthw/hashmap.c:Hashmap_get_node:205: TRY: 49
DEBUG: src/lcthw/hashmap.c:Hashmap_get_node:205: TRY: 50
DEBUG: src/lcthw/hashmap.c:Hashmap_get_node:205: TRY: 51
DEBUG: src/lcthw/hashmap.c:Hashmap_get_node:205: TRY: 52
DEBUG: src/lcthw/hashmap.c:Hashmap_get_node:205: TRY: 53
DEBUG: src/lcthw/hashmap.c:Hashmap_get_node:205: TRY: 54
DEBUG: src/lcthw/hashmap.c:Hashmap_get_node:205: TRY: 55
DEBUG: src/lcthw/hashmap.c:Hashmap_get_node:205: TRY: 56
DEBUG: src/lcthw/hashmap.c:Hashmap_get_node:205: TRY: 57
DEBUG: src/lcthw/hashmap.c:Hashmap_get_node:205: TRY: 58
DEBUG: src/lcthw/hashmap.c:Hashmap_get_node:205: TRY: 59
DEBUG: src/lcthw/hashmap.c:Hashmap_get_node:205: TRY: 60
DEBUG: src/lcthw/hashmap.c:Hashmap_get_node:205: TRY: 61
DEBUG: src/lcthw/hashmap.c:Hashmap_get_node:205: TRY: 62
DEBUG: src/lcthw/hashmap.c:Hashmap_get_node:205: TRY: 63
DEBUG: src/lcthw/hashmap.c:Hashmap_get_node:205: TRY: 64
DEBUG: src/lcthw/hashmap.c:Hashmap_get_node:205: TRY: 65
DEBUG: src/lcthw/hashmap.c:Hashmap_get_node:205: TRY: 66
DEBUG: src/lcthw/hashmap.c:Hashmap_get_node:205: TRY: 67
DEBUG: src/lcthw/hashmap.c:Hashmap_get_node:205: TRY: 68
DEBUG: src/lcthw/hashmap.c:Hashmap_get_node:205: TRY: 69
DEBUG: src/lcthw/hashmap.c:Hashmap_get_node:205: TRY: 70
DEBUG: src/lcthw/hashmap.c:Hashmap_get_node:205: TRY: 71
DEBUG: src/lcthw/hashmap.c:Hashmap_get_node:205: TRY: 72
DEBUG: src/lcthw/hashmap.c:Hashmap_get_node:205: TRY: 73
DEBUG: src/lcthw/hashmap.c:Hashmap_get_node:205: TRY: 74
DEBUG: src/lcthw/hashmap.c:Hashmap_get_node:205: TRY: 75
DEBUG: src/lcthw/hashmap.c:Hashmap_get_node:205: TRY: 76
DEBUG: src/lcthw/hashmap.c:Hashmap_get_node:205: TRY: 77
DEBUG: src/lcthw/hashmap.c:Hashmap_get_node:205: TRY: 78
DEBUG: src/lcthw/hashmap.c:Hashmap_get_node:205: TRY: 79
DEBUG: src/lcthw/hashmap.c:Hashmap_get_node:205: TRY: 80
DEBUG: src/lcthw/hashmap.c:Hashmap_get_node:205: TRY: 81
DEBUG: src/lcthw/hashmap.c:Hashmap_get_node:205: TRY: 82
DEBUG: src/lcthw/hashmap.c:Hashmap_get_node:205: TRY: 83
DEBUG: src/lcthw/hashmap.c:Hashmap_get_node:205: TRY: 84
DEBUG: src/lcthw/hashmap.c:Hashmap_get_node:205: TRY: 85
DEBUG: src/lcthw/hashmap.c:Hashmap_get_node:205: TRY: 86
DEBUG: src/lcthw/hashmap.c:Hashmap_get_node:205: TRY: 0
DEBUG: src/lcthw/hashmap.c:Hashmap_get_node:205: TRY: 1
DEBUG: src/lcthw/hashmap.c:Hashmap_get_node:205: TRY: 2
DEBUG: src/lcthw/hashmap.c:Hashmap_get_node:205: TRY: 3
DEBUG: src/lcthw/hashmap.c:Hashmap_get_node:205: TRY: 4
DEBUG: src/lcthw/hashmap.c:Hashmap_get_node:205: TRY: 5
DEBUG: src/lcthw/hashmap.c:Hashmap_get_node:205: TRY: 6
DEBUG: src/lcthw/hashmap.c:Hashmap_get_node:205: TRY: 7
DEBUG: src/lcthw/hashmap.c:Hashmap_get_node:205: TRY: 8
DEBUG: src/lcthw/hashmap.c:Hashmap_get_node:205: TRY: 9
DEBUG: src/lcthw/hashmap.c:Hashmap_get_node:205: TRY: 10
DEBUG: src/lcthw/hashmap.c:Hashmap_get_node:205: TRY: 11
DEBUG: src/lcthw/hashmap.c:Hashmap_get_node:205: TRY: 12
DEBUG: src/lcthw/hashmap.c:Hashmap_get_node:205: TRY: 13
DEBUG: src/lcthw/hashmap.c:Hashmap_get_node:205: TRY: 14
DEBUG: src/lcthw/hashmap.c:Hashmap_get_node:205: TRY: 15
DEBUG: src/lcthw/hashmap.c:Hashmap_get_node:205: TRY: 16
DEBUG: src/lcthw/hashmap.c:Hashmap_get_node:205: TRY: 17
DEBUG: src/lcthw/hashmap.c:Hashmap_get_node:205: TRY: 18
DEBUG: src/lcthw/hashmap.c:Hashmap_get_node:205: TRY: 19
DEBUG: src/lcthw/hashmap.c:Hashmap_get_node:205: TRY: 20
DEBUG: src/lcthw/hashmap.c:Hashmap_get_node:205: TRY: 21
DEBUG: src/lcthw/hashmap.c:Hashmap_get_node:205: TRY: 22
DEBUG: src/lcthw/hashmap.c:Hashmap_get_node:205: TRY: 23
DEBUG: src/lcthw/hashmap.c:Hashmap_get_node:205: TRY: 24
DEBUG: src/lcthw/hashmap.c:Hashmap_get_node:205: TRY: 25
DEBUG: src/lcthw/hashmap.c:Hashmap_get_node:205: TRY: 26
DEBUG: src/lcthw/hashmap.c:Hashmap_get_node:205: TRY: 27
DEBUG: src/lcthw/hashmap.c:Hashmap_get_node:205: TRY: 28
DEBUG: src/lcthw/hashmap.c:Hashmap_get_node:205: TRY: 29
DEBUG: src/lcthw/hashmap.c:Hashmap_get_node:205: TRY: 30
DEBUG: src/lcthw/hashmap.c:Hashmap_get_node:205: TRY: 31
DEBUG: src/lcthw/hashmap.c:Hashmap_get_node:205: TRY: 32
DEBUG: src/lcthw/hashmap.c:Hashmap_get_node:205: TRY: 33
DEBUG: src/lcthw/hashmap.c:Hashmap_get_node:205: TRY: 34
DEBUG: src/lcthw/hashmap.c:Hashmap_get_node:205: TRY: 35
DEBUG: src/lcthw/hashmap.c:Hashmap_get_node:205: TRY: 36
DEBUG: src/lcthw/hashmap.c:Hashmap_get_node:205: TRY: 37
DEBUG: src/lcthw/hashmap.c:Hashmap_get_node:205: TRY: 38
DEBUG: src/lcthw/hashmap.c:Hashmap_get_node:205: TRY: 39
DEBUG: src/lcthw/hashmap.c:Hashmap_get_node:205: TRY: 40
DEBUG: src/lcthw/hashmap.c:Hashmap_get_node:205: TRY: 41
DEBUG: src/lcthw/hashmap.c:Hashmap_get_node:205: TRY: 42
DEBUG: src/lcthw/hashmap.c:Hashmap_get_node:205: TRY: 43
DEBUG: src/lcthw/hashmap.c:Hashmap_get_node:205: TRY: 44
DEBUG: src/lcthw/hashmap.c:Hashmap_get_node:205: TRY: 45
DEBUG: src/lcthw/hashmap.c:Hashmap_get_node:205: TRY: 46
DEBUG: src/lcthw/hashmap.c:Hashmap_get_node:205: TRY: 47
DEBUG: src/lcthw/hashmap.c:Hashmap_get_node:205: TRY: 48
DEBUG: src/lcthw/hashmap.c:Hashmap_get_node:205: TRY: 49
DEBUG: src/lcthw/hashmap.c:Hashmap_get_node:205: TRY: 50
DEBUG: src/lcthw/hashmap.c:Hashmap_get_node:205: TRY: 51
DEBUG: src/lcthw/hashmap.c:Hashmap_get_node:205: TRY: 52
DEBUG: src/lcthw/hashmap.c:Hashmap_get_node:205: TRY: 53
DEBUG: src/lcthw/hashmap.c:Hashmap_get_node:205: TRY: 54
DEBUG: src/lcthw/hashmap.c:Hashmap_get_node:205: TRY: 55
DEBUG: src/lcthw/hashmap.c:Hashmap_get_node:205: TRY: 56
DEBUG: src/lcthw/hashmap.c:Hashmap_get_node:205: TRY: 57
DEBUG: src/lcthw/hashmap.c:Hashmap_get_node:205: TRY: 58
DEBUG: src/lcthw/hashmap.c:Hashmap_get_node:205: TRY: 59
DEBUG: src/lcthw/hashmap.c:Hashmap_get_node:205: TRY: 60
DEBUG: src/lcthw/hashmap.c:Hashmap_get_node:205: TRY: 61
DEBUG: src/lcthw/hashmap.c:Hashmap_get_node:205: TRY: 62
DEBUG: src/lcthw/hashmap.c:Hashmap_get_node:205: TRY: 63
DEBUG: src/lcthw/hashmap.c:Hashmap_get_node:205: TRY: 64
DEBUG: src/lcthw/hashmap.c:Hashmap_get_node:205: TRY: 65
DEBUG: src/lcthw/hashmap.c:Hashmap_get_node:205: TRY: 66
DEBUG: src/lcthw/hashmap.c:Hashmap_get_node:205: TRY: 67
DEBUG: src/lcthw/hashmap.c:Hashmap_get_node:205: TRY: 68
DEBUG: src/lcthw/hashmap.c:Hashmap_get_node:205: TRY: 69
DEBUG: src/lcthw/hashmap.c:Hashmap_get_node:205: TRY: 70
DEBUG: src/lcthw/hashmap.c:Hashmap_get_node:205: TRY: 71
DEBUG: src/lcthw/hashmap.c:Hashmap_get_node:205: TRY: 72
DEBUG: src/lcthw/hashmap.c:Hashmap_get_node:205: TRY: 73
DEBUG: src/lcthw/hashmap.c:Hashmap_get_node:205: TRY: 74
DEBUG: src/lcthw/hashmap.c:Hashmap_get_node:205: TRY: 75
DEBUG: src/lcthw/hashmap.c:Hashmap_get_node:205: TRY: 76
DEBUG: src/lcthw/hashmap.c:Hashmap_get_node:205: TRY: 77
DEBUG: src/lcthw/hashmap.c:Hashmap_get_node:205: TRY: 78
DEBUG: src/lcthw/hashmap.c:Hashmap_get_node:205: TRY: 79
DEBUG: src/lcthw/hashmap.c:Hashmap_get_node:205: TRY: 80
DEBUG: src/lcthw/hashmap.c:Hashmap_get_node:205: TRY: 81
DEBUG: src/lcthw/hashmap.c:Hashmap_get_node:205: TRY: 82
DEBUG: src/lcthw/hashmap.c:Hashmap_get_node:205: TRY: 83
DEBUG: src/lcthw/hashmap.c:Hashmap_get_node:205: TRY: 84
DEBUG: src/lcthw/hashmap.c:Hashmap_get_node:205: TRY: 85
DEBUG: src/lcthw/hashmap.c:Hashmap_get_node:205: TRY: 86
DEBUG: src/lcthw/hashmap.c:Hashmap_get_node:205: TRY: 87
DEBUG: src/lcthw/hashmap.c:Hashmap_get_node:205: TRY: 88
DEBUG: src/lcthw/hashmap.c:Hashmap_get_node:205: TRY: 89
DEBUG: src/lcthw/hashmap.c:Hashmap_get_node:205: TRY: 90
DEBUG: src/lcthw/hashmap.c:Hashmap_get_node:205: TRY: 91
DEBUG: src/lcthw/hashmap.c:Hashmap_get_node:205: TRY: 92
DEBUG: src/lcthw/hashmap.c:Hashmap_get_node:205: TRY: 93
DEBUG: src/lcthw/hashmap.c:Hashmap_get_node:205: TRY: 94
DEBUG: src/lcthw/hashmap.c:Hashmap_get_node:205: TRY: 95
DEBUG: src/lcthw/hashmap.c:Hashmap_get_node:205: TRY: 96
DEBUG: src/lcthw/hashmap.c:Hashmap_get_node:205: TRY: 97
DEBUG: src/lcthw/hashmap.c:Hashmap_get_node:205: TRY: 98
DEBUG: src/lcthw/hashmap.c:Hashmap_get_node:205: TRY: 99
DEBUG: src/lcthw/hashmap.c:Hashmap_get_node:205: TRY: 100
DEBUG: src/lcthw/hashmap.c:Hashmap_get_node:205: TRY: 101
DEBUG: src/lcthw/hashmap.c:Hashmap_get_node:205: TRY: 102
DEBUG: src/lcthw/hashmap.c:Hashmap_get_node:205: TRY: 103
DEBUG: src/lcthw/hashmap.c:Hashmap_get_node:205: TRY: 104
DEBUG: src/lcthw/hashmap.c:Hashmap_get_node:205: TRY: 105
DEBUG: src/lcthw/hashmap.c:Hashmap_get_node:205: TRY: 106
DEBUG: src/lcthw/hashmap.c:Hashmap_get_node:205: TRY: 107
DEBUG: src/lcthw/hashmap.c:Hashmap_get_node:205: TRY: 108
DEBUG: src/lcthw/hashmap.c:Hashmap_get_node:205: TRY: 109
DEBUG: src/lcthw/hashmap.c:Hashmap_get_node:205: TRY: 110
DEBUG: src/lcthw/hashmap.c:Hashmap_get_node:205: TRY: 111
DEBUG: src/lcthw/hashmap.c:Hashmap_get_node:205: TRY: 112
DEBUG: src/lcthw/hashmap.c:Hashmap_get_node:205: TRY: 0
DEBUG: src/lcthw/hashmap.c:Hashmap_get_node:205: TRY: 1
DEBUG: src/lcthw/hashmap.c:Hashmap_get_node:205: TRY: 2
DEBUG: src/lcthw/hashmap.c:Hashmap_get_node:205: TRY: 3
DEBUG: src/lcthw/hashmap.c:Hashmap_get_node:205: TRY: 4
DEBUG: src/lcthw/hashmap.c:Hashmap_get_node:205: TRY: 5
DEBUG: src/lcthw/hashmap.c:Hashmap_get_node:205: TRY: 6
DEBUG: src/lcthw/hashmap.c:Hashmap_get_node:205: TRY: 7
DEBUG: src/lcthw/hashmap.c:Hashmap_get_node:205: TRY: 8
DEBUG: src/lcthw/hashmap.c:Hashmap_get_node:205: TRY: 9
DEBUG: src/lcthw/hashmap.c:Hashmap_get_node:205: TRY: 10
DEBUG: src/lcthw/hashmap.c:Hashmap_get_node:205: TRY: 11
DEBUG: src/lcthw/hashmap.c:Hashmap_get_node:205: TRY: 12
DEBUG: src/lcthw/hashmap.c:Hashmap_get_node:205: TRY: 13
DEBUG: src/lcthw/hashmap.c:Hashmap_get_node:205: TRY: 14
DEBUG: src/lcthw/hashmap.c:Hashmap_get_node:205: TRY: 15
DEBUG: src/lcthw/hashmap.c:Hashmap_get_node:205: TRY: 16
DEBUG: src/lcthw/hashmap.c:Hashmap_get_node:205: TRY: 17
DEBUG: src/lcthw/hashmap.c:Hashmap_get_node:205: TRY: 18
DEBUG: src/lcthw/hashmap.c:Hashmap_get_node:205: TRY: 19
DEBUG: src/lcthw/hashmap.c:Hashmap_get_node:205: TRY: 20
DEBUG: src/lcthw/hashmap.c:Hashmap_get_node:205: TRY: 21
DEBUG: src/lcthw/hashmap.c:Hashmap_get_node:205: TRY: 22
DEBUG: src/lcthw/hashmap.c:Hashmap_get_node:205: TRY: 23
DEBUG: src/lcthw/hashmap.c:Hashmap_get_node:205: TRY: 24
DEBUG: src/lcthw/hashmap.c:Hashmap_get_node:205: TRY: 25
DEBUG: src/lcthw/hashmap.c:Hashmap_get_node:205: TRY: 26
DEBUG: src/lcthw/hashmap.c:Hashmap_get_node:205: TRY: 27
DEBUG: src/lcthw/hashmap.c:Hashmap_get_node:205: TRY: 28
DEBUG: src/lcthw/hashmap.c:Hashmap_get_node:205: TRY: 29
DEBUG: src/lcthw/hashmap.c:Hashmap_get_node:205: TRY: 30
DEBUG: src/lcthw/hashmap.c:Hashmap_get_node:205: TRY: 31
DEBUG: src/lcthw/hashmap.c:Hashmap_get_node:205: TRY: 32
DEBUG: src/lcthw/hashmap.c:Hashmap_get_node:205: TRY: 33
DEBUG: src/lcthw/hashmap.c:Hashmap_get_node:205: TRY: 34
DEBUG: src/lcthw/hashmap.c:Hashmap_get_node:205: TRY: 35
DEBUG: src/lcthw/hashmap.c:Hashmap_get_node:205: TRY: 36
DEBUG: src/lcthw/hashmap.c:Hashmap_get_node:205: TRY: 37
DEBUG: src/lcthw/hashmap.c:Hashmap_get_node:205: TRY: 38
DEBUG: src/lcthw/hashmap.c:Hashmap_get_node:205: TRY: 39
DEBUG: src/lcthw/hashmap.c:Hashmap_get_node:205: TRY: 40
DEBUG: src/lcthw/hashmap.c:Hashmap_get_node:205: TRY: 41
DEBUG: src/lcthw/hashmap.c:Hashmap_get_node:205: TRY: 42
DEBUG: src/lcthw/hashmap.c:Hashmap_get_node:205: TRY: 43
DEBUG: src/lcthw/hashmap.c:Hashmap_get_node:205: TRY: 44
DEBUG: src/lcthw/hashmap.c:Hashmap_get_node:205: TRY: 45
DEBUG: src/lcthw/hashmap.c:Hashmap_get_node:205: TRY: 46
DEBUG: src/lcthw/hashmap.c:Hashmap_get_node:205: TRY: 47
DEBUG: src/lcthw/hashmap.c:Hashmap_get_node:205: TRY: 48
DEBUG: src/lcthw/hashmap.c:Hashmap_get_node:205: TRY: 49
DEBUG: src/lcthw/hashmap.c:Hashmap_get_node:205: TRY: 50
DEBUG: src/lcthw/hashmap.c:Hashmap_get_node:205: TRY: 51
DEBUG: src/lcthw/hashmap.c:Hashmap_get_node:205: TRY: 52
DEBUG: src/lcthw/hashmap.c:Hashmap_get_node:205: TRY: 53
DEBUG: src/lcthw/hashmap.c:Hashmap_get_node:205: TRY: 54
DEBUG: src/lcthw/hashmap.c:Hashmap_get_node:205: TRY: 55
DEBUG: src/lcthw/hashmap.c:Hashmap_get_node:205: TRY: 56
DEBUG: src/lcthw/hashmap.c:Hashmap_get_node:205: TRY: 57
DEBUG: src/lcthw/hashmap.c:Hashmap_get_node:205: TRY: 58
DEBUG: src/lcthw/hashmap.c:Hashmap_get_node:205: TRY: 59
DEBUG: src/lcthw/hashmap.c:Hashmap_get_node:205: TRY: 60
DEBUG: src/lcthw/hashmap.c:Hashmap_get_node:205: TRY: 61
DEBUG: src/lcthw/hashmap.c:Hashmap_get_node:205: TRY: 62
DEBUG: src/lcthw/hashmap.c:Hashmap_get_node:205: TRY: 63
DEBUG: src/lcthw/hashmap.c:Hashmap_get_node:205: TRY: 64
DEBUG: src/lcthw/hashmap.c:Hashmap_get_node:205: TRY: 65
DEBUG: src/lcthw/hashmap.c:Hashmap_get_node:205: TRY: 66
DEBUG: src/lcthw/hashmap.c:Hashmap_get_node:205: TRY: 67
DEBUG: src/lcthw/hashmap.c:Hashmap_get_node:205: TRY: 68
DEBUG: src/lcthw/hashmap.c:Hashmap_get_node:205: TRY: 69
DEBUG: src/lcthw/hashmap.c:Hashmap_get_node:205: TRY: 70
DEBUG: src/lcthw/hashmap.c:Hashmap_get_node:205: TRY: 71
DEBUG: src/lcthw/hashmap.c:Hashmap_get_node:205: TRY: 72
DEBUG: src/lcthw/hashmap.c:Hashmap_get_node:205: TRY: 73
DEBUG: src/lcthw/hashmap.c:Hashmap_get_node:205: TRY: 74
DEBUG: src/lcthw/hashmap.c:Hashmap_get_node:205: TRY: 75
DEBUG: src/lcthw/hashmap.c:Hashmap_get_node:205: TRY: 76
DEBUG: src/lcthw/hashmap.c:Hashmap_get_node:205: TRY: 77
DEBUG: src/lcthw/hashmap.c:Hashmap_get_node:205: TRY: 78
DEBUG: src/lcthw/hashmap.c:Hashmap_get_node:205: TRY: 79
DEBUG: src/lcthw/hashmap.c:Hashmap_get_node:205: TRY: 0
DEBUG: src/lcthw/hashmap.c:Hashmap_get_node:205: TRY: 1
DEBUG: src/lcthw/hashmap.c:Hashmap_get_node:205: TRY: 2
DEBUG: src/lcthw/hashmap.c:Hashmap_get_node:205: TRY: 3
DEBUG: src/lcthw/hashmap.c:Hashmap_get_node:205: TRY: 4
DEBUG: src/lcthw/hashmap.c:Hashmap_get_node:205: TRY: 5
DEBUG: src/lcthw/hashmap.c:Hashmap_get_node:205: TRY: 6
DEBUG: src/lcthw/hashmap.c:Hashmap_get_node:205: TRY: 7
DEBUG: src/lcthw/hashmap.c:Hashmap_get_node:205: TRY: 8
DEBUG: src/lcthw/hashmap.c:Hashmap_get_node:205: TRY: 9
DEBUG: src/lcthw/hashmap.c:Hashmap_get_node:205: TRY: 10
DEBUG: src/lcthw/hashmap.c:Hashmap_get_node:205: TRY: 11
DEBUG: src/lcthw/hashmap.c:Hashmap_get_node:205: TRY: 12
DEBUG: src/lcthw/hashmap.c:Hashmap_get_node:205: TRY: 13
DEBUG: src/lcthw/hashmap.c:Hashmap_get_node:205: TRY: 14
DEBUG: src/lcthw/hashmap.c:Hashmap_get_node:205: TRY: 15
DEBUG: src/lcthw/hashmap.c:Hashmap_get_node:205: TRY: 16
DEBUG: src/lcthw/hashmap.c:Hashmap_get_node:205: TRY: 17
DEBUG: src/lcthw/hashmap.c:Hashmap_get_node:205: TRY: 18
DEBUG: src/lcthw/hashmap.c:Hashmap_get_node:205: TRY: 19
DEBUG: src/lcthw/hashmap.c:Hashmap_get_node:205: TRY: 20
DEBUG: src/lcthw/hashmap.c:Hashmap_get_node:205: TRY: 21
DEBUG: src/lcthw/hashmap.c:Hashmap_get_node:205: TRY: 22
DEBUG: src/lcthw/hashmap.c:Hashmap_get_node:205: TRY: 23
DEBUG: src/lcthw/hashmap.c:Hashmap_get_node:205: TRY: 24
DEBUG: src/lcthw/hashmap.c:Hashmap_get_node:205: TRY: 25
DEBUG: src/lcthw/hashmap.c:Hashmap_get_node:205: TRY: 26
DEBUG: src/lcthw/hashmap.c:Hashmap_get_node:205: TRY: 27
DEBUG: src/lcthw/hashmap.c:Hashmap_get_node:205: TRY: 28
DEBUG: src/lcthw/hashmap.c:Hashmap_get_node:205: TRY: 29
DEBUG: src/lcthw/hashmap.c:Hashmap_get_node:205: TRY: 30
DEBUG: src/lcthw/hashmap.c:Hashmap_get_node:205: TRY: 31
DEBUG: src/lcthw/hashmap.c:Hashmap_get_node:205: TRY: 32
DEBUG: src/lcthw/hashmap.c:Hashmap_get_node:205: TRY: 33
DEBUG: src/lcthw/hashmap.c:Hashmap_get_node:205: TRY: 34
DEBUG: src/lcthw/hashmap.c:Hashmap_get_node:205: TRY: 35
DEBUG: src/lcthw/hashmap.c:Hashmap_get_node:205: TRY: 36
DEBUG: src/lcthw/hashmap.c:Hashmap_get_node:205: TRY: 37
DEBUG: src/lcthw/hashmap.c:Hashmap_get_node:205: TRY: 38
DEBUG: src/lcthw/hashmap.c:Hashmap_get_node:205: TRY: 39
DEBUG: src/lcthw/hashmap.c:Hashmap_get_node:205: TRY: 40
DEBUG: src/lcthw/hashmap.c:Hashmap_get_node:205: TRY: 41
DEBUG: src/lcthw/hashmap.c:Hashmap_get_node:205: TRY: 42
DEBUG: src/lcthw/hashmap.c:Hashmap_get_node:205: TRY: 43
DEBUG: src/lcthw/hashmap.c:Hashmap_get_node:205: TRY: 44
DEBUG: src/lcthw/hashmap.c:Hashmap_get_node:205: TRY: 45
DEBUG: src/lcthw/hashmap.c:Hashmap_get_node:205: TRY: 46
DEBUG: src/lcthw/hashmap.c:Hashmap_get_node:205: TRY: 47
DEBUG: src/lcthw/hashmap.c:Hashmap_get_node:205: TRY: 48
DEBUG: src/lcthw/hashmap.c:Hashmap_get_node:205: TRY: 49
DEBUG: src/lcthw/hashmap.c:Hashmap_get_node:205: TRY: 50
DEBUG: src/lcthw/hashmap.c:Hashmap_get_node:205: TRY: 51
DEBUG: src/lcthw/hashmap.c:Hashmap_get_node:205: TRY: 52
DEBUG: src/lcthw/hashmap.c:Hashmap_get_node:205: TRY: 53
DEBUG: src/lcthw/hashmap.c:Hashmap_get_node:205: TRY: 54
DEBUG: src/lcthw/hashmap.c:Hashmap_get_node:205: TRY: 55
DEBUG: src/lcthw/hashmap.c:Hashmap_get_node:205: TRY: 56
DEBUG: src/lcthw/hashmap.c:Hashmap_get_node:205: TRY: 57
DEBUG: src/lcthw/hashmap.c:Hashmap_get_node:205: TRY: 58
DEBUG: src/lcthw/hashmap.c:Hashmap_get_node:205: TRY: 59
DEBUG: src/lcthw/hashmap.c:Hashmap_get_node:205: TRY: 60
DEBUG: src/lcthw/hashmap.c:Hashmap_get_node:205: TRY: 61
DEBUG: src/lcthw/hashmap.c:Hashmap_get_node:205: TRY: 62
DEBUG: src/lcthw/hashmap.c:Hashmap_get_node:205: TRY: 63
DEBUG: src/lcthw/hashmap.c:Hashmap_get_node:205: TRY: 64
DEBUG: src/lcthw/hashmap.c:Hashmap_get_node:205: TRY: 65
DEBUG: src/lcthw/hashmap.c:Hashmap_get_node:205: TRY: 66
DEBUG: src/lcthw/hashmap.c:Hashmap_get_node:205: TRY: 67
DEBUG: src/lcthw/hashmap.c:Hashmap_get_node:205: TRY: 68
DEBUG: src/lcthw/hashmap.c:Hashmap_get_node:205: TRY: 69
DEBUG: src/lcthw/hashmap.c:Hashmap_get_node:205: TRY: 70
DEBUG: src/lcthw/hashmap.c:Hashmap_get_node:205: TRY: 71
DEBUG: src/lcthw/hashmap.c:Hashmap_get_node:205: TRY: 72
DEBUG: src/lcthw/hashmap.c:Hashmap_get_node:205: TRY: 73
DEBUG: src/lcthw/hashmap.c:Hashmap_get_node:205: TRY: 74
DEBUG: src/lcthw/hashmap.c:Hashmap_get_node:205: TRY: 75
DEBUG: src/lcthw/hashmap.c:Hashmap_get_node:205: TRY: 76
DEBUG: src/lcthw/hashmap.c:Hashmap_get_node:205: TRY: 77
DEBUG: src/lcthw/hashmap.c:Hashmap_get_node:205: TRY: 78
DEBUG: src/lcthw/hashmap.c:Hashmap_get_node:205: TRY: 79
DEBUG: src/lcthw/hashmap.c:Hashmap_get_node:205: TRY: 80
DEBUG: src/lcthw/hashmap.c:Hashmap_get_node:205: TRY: 81
DEBUG: src/lcthw/hashmap.c:Hashmap_get_node:205: TRY: 82
DEBUG: src/lcthw/hashmap.c:Hashmap_get_node:205: TRY: 83
DEBUG: src/lcthw/hashmap.c:Hashmap_get_node:205: TRY: 84
DEBUG: src/lcthw/hashmap.c:Hashmap_get_node:205: TRY: 0
DEBUG: src/lcthw/hashmap.c:Hashmap_get_node:205: TRY: 1
DEBUG: src/lcthw/hashmap.c:Hashmap_get_node:205: TRY: 2
DEBUG: src/lcthw/hashmap.c:Hashmap_get_node:205: TRY: 3
DEBUG: src/lcthw/hashmap.c:Hashmap_get_node:205: TRY: 4
DEBUG: src/lcthw/hashmap.c:Hashmap_get_node:205: TRY: 5
DEBUG: src/lcthw/hashmap.c:Hashmap_get_node:205: TRY: 6
DEBUG: src/lcthw/hashmap.c:Hashmap_get_node:205: TRY: 7
DEBUG: src/lcthw/hashmap.c:Hashmap_get_node:205: TRY: 8
DEBUG: src/lcthw/hashmap.c:Hashmap_get_node:205: TRY: 9
DEBUG: src/lcthw/hashmap.c:Hashmap_get_node:205: TRY: 10
DEBUG: src/lcthw/hashmap.c:Hashmap_get_node:205: TRY: 11
DEBUG: src/lcthw/hashmap.c:Hashmap_get_node:205: TRY: 12
DEBUG: src/lcthw/hashmap.c:Hashmap_get_node:205: TRY: 13
DEBUG: src/lcthw/hashmap.c:Hashmap_get_node:205: TRY: 14
DEBUG: src/lcthw/hashmap.c:Hashmap_get_node:205: TRY: 15
DEBUG: src/lcthw/hashmap.c:Hashmap_get_node:205: TRY: 16
DEBUG: src/lcthw/hashmap.c:Hashmap_get_node:205: TRY: 17
DEBUG: src/lcthw/hashmap.c:Hashmap_get_node:205: TRY: 18
DEBUG: src/lcthw/hashmap.c:Hashmap_get_node:205: TRY: 19
DEBUG: src/lcthw/hashmap.c:Hashmap_get_node:205: TRY: 20
DEBUG: src/lcthw/hashmap.c:Hashmap_get_node:205: TRY: 21
DEBUG: src/lcthw/hashmap.c:Hashmap_get_node:205: TRY: 22
DEBUG: src/lcthw/hashmap.c:Hashmap_get_node:205: TRY: 23
DEBUG: src/lcthw/hashmap.c:Hashmap_get_node:205: TRY: 24
DEBUG: src/lcthw/hashmap.c:Hashmap_get_node:205: TRY: 25
DEBUG: src/lcthw/hashmap.c:Hashmap_get_node:205: TRY: 26
DEBUG: src/lcthw/hashmap.c:Hashmap_get_node:205: TRY: 27
DEBUG: src/lcthw/hashmap.c:Hashmap_get_node:205: TRY: 28
DEBUG: src/lcthw/hashmap.c:Hashmap_get_node:205: TRY: 29
DEBUG: src/lcthw/hashmap.c:Hashmap_get_node:205: TRY: 30
DEBUG: src/lcthw/hashmap.c:Hashmap_get_node:205: TRY: 31
DEBUG: src/lcthw/hashmap.c:Hashmap_get_node:205: TRY: 32
DEBUG: src/lcthw/hashmap.c:Hashmap_get_node:205: TRY: 33
DEBUG: src/lcthw/hashmap.c:Hashmap_get_node:205: TRY: 34
DEBUG: src/lcthw/hashmap.c:Hashmap_get_node:205: TRY: 35
DEBUG: src/lcthw/hashmap.c:Hashmap_get_node:205: TRY: 36
DEBUG: src/lcthw/hashmap.c:Hashmap_get_node:205: TRY: 37
DEBUG: src/lcthw/hashmap.c:Hashmap_get_node:205: TRY: 38
DEBUG: src/lcthw/hashmap.c:Hashmap_get_node:205: TRY: 39
DEBUG: src/lcthw/hashmap.c:Hashmap_get_node:205: TRY: 40
DEBUG: src/lcthw/hashmap.c:Hashmap_get_node:205: TRY: 41
DEBUG: src/lcthw/hashmap.c:Hashmap_get_node:205: TRY: 42
DEBUG: src/lcthw/hashmap.c:Hashmap_get_node:205: TRY: 43
DEBUG: src/lcthw/hashmap.c:Hashmap_get_node:205: TRY: 44
DEBUG: src/lcthw/hashmap.c:Hashmap_get_node:205: TRY: 45
DEBUG: src/lcthw/hashmap.c:Hashmap_get_node:205: TRY: 46
DEBUG: src/lcthw/hashmap.c:Hashmap_get_node:205: TRY: 47
DEBUG: src/lcthw/hashmap.c:Hashmap_get_node:205: TRY: 48
DEBUG: src/lcthw/hashmap.c:Hashmap_get_node:205: TRY: 49
DEBUG: src/lcthw/hashmap.c:Hashmap_get_node:205: TRY: 50
DEBUG: src/lcthw/hashmap.c:Hashmap_get_node:205: TRY: 51
DEBUG: src/lcthw/hashmap.c:Hashmap_get_node:205: TRY: 52
DEBUG: src/lcthw/hashmap.c:Hashmap_get_node:205: TRY: 53
DEBUG: src/lcthw/hashmap.c:Hashmap_get_node:205: TRY: 54
DEBUG: src/lcthw/hashmap.c:Hashmap_get_node:205: TRY: 55
DEBUG: src/lcthw/hashmap.c:Hashmap_get_node:205: TRY: 56
DEBUG: src/lcthw/hashmap.c:Hashmap_get_node:205: TRY: 57
DEBUG: src/lcthw/hashmap.c:Hashmap_get_node:205: TRY: 58
DEBUG: src/lcthw/hashmap.c:Hashmap_get_node:205: TRY: 59
DEBUG: src/lcthw/hashmap.c:Hashmap_get_node:205: TRY: 60
DEBUG: src/lcthw/hashmap.c:Hashmap_get_node:205: TRY: 61
DEBUG: src/lcthw/hashmap.c:Hashmap_get_node:205: TRY: 62
DEBUG: src/lcthw/hashmap.c:Hashmap_get_node:205: TRY: 63
DEBUG: src/lcthw/hashmap.c:Hashmap_get_node:205: TRY: 64
DEBUG: src/lcthw/hashmap.c:Hashmap_get_node:205: TRY: 65
DEBUG: src/lcthw/hashmap.c:Hashmap_get_node:205: TRY: 66
DEBUG: src/lcthw/hashmap.c:Hashmap_get_node:205: TRY: 67
DEBUG: src/lcthw/hashmap.c:Hashmap_get_node:205: TRY: 68
DEBUG: src/lcthw/hashmap.c:Hashmap_get_node:205: TRY: 69
DEBUG: src/lcthw/hashmap.c:Hashmap_get_node:205: TRY: 70
DEBUG: src/lcthw/hashmap.c:Hashmap_get_node:205: TRY: 71
DEBUG: src/lcthw/hashmap.c:Hashmap_get_node:205: TRY: 72
DEBUG: src/lcthw/hashmap.c:Hashmap_get_node:205: TRY: 73
DEBUG: src/lcthw/hashmap.c:Hashmap_get_node:205: TRY: 74
DEBUG: src/lcthw/hashmap.c:Hashmap_get_node:205: TRY: 75
DEBUG: src/lcthw/hashmap.c:Hashmap_get_node:205: TRY: 76
DEBUG: src/lcthw/hashmap.c:Hashmap_get_node:205: TRY: 77
DEBUG: src/lcthw/hashmap.c:Hashmap_get_node:205: TRY: 78
DEBUG: src/lcthw/hashmap.c:Hashmap_get_node:205: TRY: 79
DEBUG: src/lcthw/hashmap.c:Hashmap_get_node:205: TRY: 80
DEBUG: src/lcthw/hashmap.c:Hashmap_get_node:205: TRY: 0
DEBUG: src/lcthw/hashmap.c:Hashmap_get_node:205: TRY: 1
DEBUG: src/lcthw/hashmap.c:Hashmap_get_node:205: TRY: 2
DEBUG: src/lcthw/hashmap.c:Hashmap_get_node:205: TRY: 3
DEBUG: src/lcthw/hashmap.c:Hashmap_get_node:205: TRY: 4
DEBUG: src/lcthw/hashmap.c:Hashmap_get_node:205: TRY: 5
DEBUG: src/lcthw/hashmap.c:Hashmap_get_node:205: TRY: 6
DEBUG: src/lcthw/hashmap.c:Hashmap_get_node:205: TRY: 7
DEBUG: src/lcthw/hashmap.c:Hashmap_get_node:205: TRY: 8
DEBUG: src/lcthw/hashmap.c:Hashmap_get_node:205: TRY: 9
DEBUG: src/lcthw/hashmap.c:Hashmap_get_node:205: TRY: 10
DEBUG: src/lcthw/hashmap.c:Hashmap_get_node:205: TRY: 11
DEBUG: src/lcthw/hashmap.c:Hashmap_get_node:205: TRY: 12
DEBUG: src/lcthw/hashmap.c:Hashmap_get_node:205: TRY: 13
DEBUG: src/lcthw/hashmap.c:Hashmap_get_node:205: TRY: 14
DEBUG: src/lcthw/hashmap.c:Hashmap_get_node:205: TRY: 15
DEBUG: src/lcthw/hashmap.c:Hashmap_get_node:205: TRY: 16
DEBUG: src/lcthw/hashmap.c:Hashmap_get_node:205: TRY: 17
DEBUG: src/lcthw/hashmap.c:Hashmap_get_node:205: TRY: 18
DEBUG: src/lcthw/hashmap.c:Hashmap_get_node:205: TRY: 19
DEBUG: src/lcthw/hashmap.c:Hashmap_get_node:205: TRY: 20
DEBUG: src/lcthw/hashmap.c:Hashmap_get_node:205: TRY: 21
DEBUG: src/lcthw/hashmap.c:Hashmap_get_node:205: TRY: 22
DEBUG: src/lcthw/hashmap.c:Hashmap_get_node:205: TRY: 23
DEBUG: src/lcthw/hashmap.c:Hashmap_get_node:205: TRY: 24
DEBUG: src/lcthw/hashmap.c:Hashmap_get_node:205: TRY: 25
DEBUG: src/lcthw/hashmap.c:Hashmap_get_node:205: TRY: 26
DEBUG: src/lcthw/hashmap.c:Hashmap_get_node:205: TRY: 27
DEBUG: src/lcthw/hashmap.c:Hashmap_get_node:205: TRY: 28
DEBUG: src/lcthw/hashmap.c:Hashmap_get_node:205: TRY: 29
DEBUG: src/lcthw/hashmap.c:Hashmap_get_node:205: TRY: 30
DEBUG: src/lcthw/hashmap.c:Hashmap_get_node:205: TRY: 31
DEBUG: src/lcthw/hashmap.c:Hashmap_get_node:205: TRY: 32
DEBUG: src/lcthw/hashmap.c:Hashmap_get_node:205: TRY: 33
DEBUG: src/lcthw/hashmap.c:Hashmap_get_node:205: TRY: 34
DEBUG: src/lcthw/hashmap.c:Hashmap_get_node:205: TRY: 35
DEBUG: src/lcthw/hashmap.c:Hashmap_get_node:205: TRY: 36
DEBUG: src/lcthw/hashmap.c:Hashmap_get_node:205: TRY: 37
DEBUG: src/lcthw/hashmap.c:Hashmap_get_node:205: TRY: 38
DEBUG: src/lcthw/hashmap.c:Hashmap_get_node:205: TRY: 39
DEBUG: src/lcthw/hashmap.c:Hashmap_get_node:205: TRY: 40
DEBUG: src/lcthw/hashmap.c:Hashmap_get_node:205: TRY: 41
DEBUG: src/lcthw/hashmap.c:Hashmap_get_node:205: TRY: 42
DEBUG: src/lcthw/hashmap.c:Hashmap_get_node:205: TRY: 43
DEBUG: src/lcthw/hashmap.c:Hashmap_get_node:205: TRY: 44
DEBUG: src/lcthw/hashmap.c:Hashmap_get_node:205: TRY: 45
DEBUG: src/lcthw/hashmap.c:Hashmap_get_node:205: TRY: 46
DEBUG: src/lcthw/hashmap.c:Hashmap_get_node:205: TRY: 47
DEBUG: src/lcthw/hashmap.c:Hashmap_get_node:205: TRY: 48
DEBUG: src/lcthw/hashmap.c:Hashmap_get_node:205: TRY: 49
DEBUG: src/lcthw/hashmap.c:Hashmap_get_node:205: TRY: 50
DEBUG: src/lcthw/hashmap.c:Hashmap_get_node:205: TRY: 51
DEBUG: src/lcthw/hashmap.c:Hashmap_get_node:205: TRY: 52
DEBUG: src/lcthw/hashmap.c:Hashmap_get_node:205: TRY: 53
DEBUG: src/lcthw/hashmap.c:Hashmap_get_node:205: TRY: 54
DEBUG: src/lcthw/hashmap.c:Hashmap_get_node:205: TRY: 55
DEBUG: src/lcthw/hashmap.c:Hashmap_get_node:205: TRY: 56
DEBUG: src/lcthw/hashmap.c:Hashmap_get_node:205: TRY: 57
DEBUG: src/lcthw/hashmap.c:Hashmap_get_node:205: TRY: 58
DEBUG: src/lcthw/hashmap.c:Hashmap_get_node:205: TRY: 59
DEBUG: src/lcthw/hashmap.c:Hashmap_get_node:205: TRY: 60
DEBUG: src/lcthw/hashmap.c:Hashmap_get_node:205: TRY: 61
DEBUG: src/lcthw/hashmap.c:Hashmap_get_node:205: TRY: 62
DEBUG: src/lcthw/hashmap.c:Hashmap_get_node:205: TRY: 63
DEBUG: src/lcthw/hashmap.c:Hashmap_get_node:205: TRY: 64
DEBUG: src/lcthw/hashmap.c:Hashmap_get_node:205: TRY: 65
DEBUG: src/lcthw/hashmap.c:Hashmap_get_node:205: TRY: 66
DEBUG: src/lcthw/hashmap.c:Hashmap_get_node:205: TRY: 67
DEBUG: src/lcthw/hashmap.c:Hashmap_get_node:205: TRY: 68
DEBUG: src/lcthw/hashmap.c:Hashmap_get_node:205: TRY: 69
DEBUG: src/lcthw/hashmap.c:Hashmap_get_node:205: TRY: 70
DEBUG: src/lcthw/hashmap.c:Hashmap_get_node:205: TRY: 71
DEBUG: src/lcthw/hashmap.c:Hashmap_get_node:205: TRY: 72
DEBUG: src/lcthw/hashmap.c:Hashmap_get_node:205: TRY: 73
DEBUG: src/lcthw/hashmap.c:Hashmap_get_node:205: TRY: 74
DEBUG: src/lcthw/hashmap.c:Hashmap_get_node:205: TRY: 75
DEBUG: src/lcthw/hashmap.c:Hashmap_get_node:205: TRY: 76
DEBUG: src/lcthw/hashmap.c:Hashmap_get_node:205: TRY: 77
DEBUG: src/lcthw/hashmap.c:Hashmap_get_node:205: TRY: 78
DEBUG: src/lcthw/hashmap.c:Hashmap_get_node:205: TRY: 79
DEBUG: src/lcthw/hashmap.c:Hashmap_get_node:205: TRY: 80
DEBUG: src/lcthw/hashmap.c:Hashmap_get_node:205: TRY: 81
DEBUG: src/lcthw/hashmap.c:Hashmap_get_node:205: TRY: 82
DEBUG: src/lcthw/hashmap.c:Hashmap_get_node:205: TRY: 83
DEBUG: src/lcthw/hashmap.c:Hashmap_get_node:205: TRY: 84
DEBUG: src/lcthw/hashmap.c:Hashmap_get_node:205: TRY: 85
DEBUG: src/lcthw/hashmap.c:Hashmap_get_node:205: TRY: 86
DEBUG: src/lcthw/hashmap.c:Hashmap_get_node:205: TRY: 87
DEBUG: src/lcthw/hashmap.c:Hashmap_get_node:205: TRY: 88
DEBUG: src/lcthw/hashmap.c:Hashmap_get_node:205: TRY: 89
DEBUG: src/lcthw/hashmap.c:Hashmap_get_node:205: TRY: 90
DEBUG: src/lcthw/hashmap.c:Hashmap_get_node:205: TRY: 91
DEBUG: src/lcthw/hashmap.c:Hashmap_get_node:205: TRY: 92
DEBUG: src/lcthw/hashmap.c:Hashmap_get_node:205: TRY: 93
DEBUG: src/lcthw/hashmap.c:Hashmap_get_node:205: TRY: 94
DEBUG: src/lcthw/hashmap.c:Hashmap_get_node:205: TRY: 95
DEBUG: src/lcthw/hashmap.c:Hashmap_get_node:205: TRY: 96
DEBUG: src/lcthw/hashmap.c:Hashmap_get_node:205: TRY: 97
DEBUG: src/lcthw/hashmap.c:Hashmap_get_node:205: TRY: 98
DEBUG: src/lcthw/hashmap.c:Hashmap_get_node:205: TRY: 99
DEBUG: src/lcthw/hashmap.c:Hashmap_get_node:205: TRY: 100
DEBUG: src/lcthw/hashmap.c:Hashmap_get_node:205: TRY: 101
DEBUG: src/lcthw/hashmap.c:Hashmap_get_node:205: TRY: 102
DEBUG: src/lcthw/hashmap.c:Hashmap_get_node:205: TRY: 103
DEBUG: src/lcthw/hashmap.c:Hashmap_get_node:205: TRY: 104
DEBUG: src/lcthw/hashmap.c:Hashmap_get_node:205: TRY: 105
DEBUG: src/lcthw/hashmap.c:Hashmap_get_node:205: TRY: 106
DEBUG: src/lcthw/hashmap.c:Hashmap_get_node:205: TRY: 107
DEBUG: src/lcthw/hashmap.c:Hashmap_get_node:205: TRY: 108
DEBUG: src/lcthw/hashmap.c:Hashmap_get_node:205: TRY: 109
DEBUG: src/lcthw/hashmap.c:Hashmap_get_node:205: TRY: 110
DEBUG: src/lcthw/hashmap.c:Hashmap_get_node:205: TRY: 111
DEBUG: src/lcthw/hashmap.c:Hashmap_get_node:205: TRY: 112
DEBUG: src/lcthw/hashmap.c:Hashmap_get_node:205: TRY: 113
DEBUG: src/lcthw/hashmap.c:Hashmap_get_node:205: TRY: 0
DEBUG: src/lcthw/hashmap.c:Hashmap_get_node:205: TRY: 1
DEBUG: src/lcthw/hashmap.c:Hashmap_get_node:205: TRY: 2
DEBUG: src/lcthw/hashmap.c:Hashmap_get_node:205: TRY: 3
DEBUG: src/lcthw/hashmap.c:Hashmap_get_node:205: TRY: 4
DEBUG: src/lcthw/hashmap.c:Hashmap_get_node:205: TRY: 5
DEBUG: src/lcthw/hashmap.c:Hashmap_get_node:205: TRY: 6
DEBUG: src/lcthw/hashmap.c:Hashmap_get_node:205: TRY: 7
DEBUG: src/lcthw/hashmap.c:Hashmap_get_node:205: TRY: 8
DEBUG: src/lcthw/hashmap.c:Hashmap_get_node:205: TRY: 9
DEBUG: src/lcthw/hashmap.c:Hashmap_get_node:205: TRY: 10
DEBUG: src/lcthw/hashmap.c:Hashmap_get_node:205: TRY: 11
DEBUG: src/lcthw/hashmap.c:Hashmap_get_node:205: TRY: 12
DEBUG: src/lcthw/hashmap.c:Hashmap_get_node:205: TRY: 13
DEBUG: src/lcthw/hashmap.c:Hashmap_get_node:205: TRY: 14
DEBUG: src/lcthw/hashmap.c:Hashmap_get_node:205: TRY: 15
DEBUG: src/lcthw/hashmap.c:Hashmap_get_node:205: TRY: 16
DEBUG: src/lcthw/hashmap.c:Hashmap_get_node:205: TRY: 17
DEBUG: src/lcthw/hashmap.c:Hashmap_get_node:205: TRY: 18
DEBUG: src/lcthw/hashmap.c:Hashmap_get_node:205: TRY: 19
DEBUG: src/lcthw/hashmap.c:Hashmap_get_node:205: TRY: 20
DEBUG: src/lcthw/hashmap.c:Hashmap_get_node:205: TRY: 21
DEBUG: src/lcthw/hashmap.c:Hashmap_get_node:205: TRY: 22
DEBUG: src/lcthw/hashmap.c:Hashmap_get_node:205: TRY: 23
DEBUG: src/lcthw/hashmap.c:Hashmap_get_node:205: TRY: 24
DEBUG: src/lcthw/hashmap.c:Hashmap_get_node:205: TRY: 25
DEBUG: src/lcthw/hashmap.c:Hashmap_get_node:205: TRY: 26
DEBUG: src/lcthw/hashmap.c:Hashmap_get_node:205: TRY: 27
DEBUG: src/lcthw/hashmap.c:Hashmap_get_node:205: TRY: 28
DEBUG: src/lcthw/hashmap.c:Hashmap_get_node:205: TRY: 29
DEBUG: src/lcthw/hashmap.c:Hashmap_get_node:205: TRY: 30
DEBUG: src/lcthw/hashmap.c:Hashmap_get_node:205: TRY: 31
DEBUG: src/lcthw/hashmap.c:Hashmap_get_node:205: TRY: 32
DEBUG: src/lcthw/hashmap.c:Hashmap_get_node:205: TRY: 33
DEBUG: src/lcthw/hashmap.c:Hashmap_get_node:205: TRY: 34
DEBUG: src/lcthw/hashmap.c:Hashmap_get_node:205: TRY: 35
DEBUG: src/lcthw/hashmap.c:Hashmap_get_node:205: TRY: 36
DEBUG: src/lcthw/hashmap.c:Hashmap_get_node:205: TRY: 37
DEBUG: src/lcthw/hashmap.c:Hashmap_get_node:205: TRY: 38
DEBUG: src/lcthw/hashmap.c:Hashmap_get_node:205: TRY: 39
DEBUG: src/lcthw/hashmap.c:Hashmap_get_node:205: TRY: 40
DEBUG: src/lcthw/hashmap.c:Hashmap_get_node:205: TRY: 41
DEBUG: src/lcthw/hashmap.c:Hashmap_get_node:205: TRY: 42
DEBUG: src/lcthw/hashmap.c:Hashmap_get_node:205: TRY: 43
DEBUG: src/lcthw/hashmap.c:Hashmap_get_node:205: TRY: 44
DEBUG: src/lcthw/hashmap.c:Hashmap_get_node:205: TRY: 45
DEBUG: src/lcthw/hashmap.c:Hashmap_get_node:205: TRY: 46
DEBUG: src/lcthw/hashmap.c:Hashmap_get_node:205: TRY: 47
DEBUG: src/lcthw/hashmap.c:Hashmap_get_node:205: TRY: 48
DEBUG: src/lcthw/hashmap.c:Hashmap_get_node:205: TRY: 49
DEBUG: src/lcthw/hashmap.c:Hashmap_get_node:205: TRY: 50
DEBUG: src/lcthw/hashmap.c:Hashmap_get_node:205: TRY: 51
DEBUG: src/lcthw/hashmap.c:Hashmap_get_node:205: TRY: 52
DEBUG: src/lcthw/hashmap.c:Hashmap_get_node:205: TRY: 53
DEBUG: src/lcthw/hashmap.c:Hashmap_get_node:205: TRY: 54
DEBUG: src/lcthw/hashmap.c:Hashmap_get_node:205: TRY: 55
DEBUG: src/lcthw/hashmap.c:Hashmap_get_node:205: TRY: 56
DEBUG: src/lcthw/hashmap.c:Hashmap_get_node:205: TRY: 57
DEBUG: src/lcthw/hashmap.c:Hashmap_get_node:205: TRY: 58
DEBUG: src/lcthw/hashmap.c:Hashmap_get_node:205: TRY: 59
DEBUG: src/lcthw/hashmap.c:Hashmap_get_node:205: TRY: 60
DEBUG: src/lcthw/hashmap.c:Hashmap_get_node:205: TRY: 61
DEBUG: src/lcthw/hashmap.c:Hashmap_get_node:205: TRY: 62
DEBUG: src/lcthw/hashmap.c:Hashmap_get_node:205: TRY: 63
DEBUG: src/lcthw/hashmap.c:Hashmap_get_node:205: TRY: 64
DEBUG: src/lcthw/hashmap.c:Hashmap_get_node:205: TRY: 65
DEBUG: src/lcthw/hashmap.c:Hashmap_get_node:205: TRY: 66
DEBUG: src/lcthw/hashmap.c:Hashmap_get_node:205: TRY: 67
DEBUG: src/lcthw/hashmap.c:Hashmap_get_node:205: TRY: 68
DEBUG: src/lcthw/hashmap.c:Hashmap_get_node:205: TRY: 69
DEBUG: src/lcthw/hashmap.c:Hashmap_get_node:205: TRY: 70
DEBUG: src/lcthw/hashmap.c:Hashmap_get_node:205: TRY: 71
DEBUG: src/lcthw/hashmap.c:Hashmap_get_node:205: TRY: 72
DEBUG: src/lcthw/hashmap.c:Hashmap_get_node:205: TRY: 73
DEBUG: src/lcthw/hashmap.c:Hashmap_get_node:205: TRY: 74
DEBUG: src/lcthw/hashmap.c:Hashmap_get_node:205: TRY: 75
DEBUG: src/lcthw/hashmap.c:Hashmap_get_node:205: TRY: 76
DEBUG: src/lcthw/hashmap.c:Hashmap_get_node:205: TRY: 77
DEBUG: src/lcthw/hashmap.c:Hashmap_get_node:205: TRY: 78
DEBUG: src/lcthw/hashmap.c:Hashmap_get_node:205: TRY: 79
DEBUG: src/lcthw/hashmap.c:Hashmap_get_node:205: TRY: 80
DEBUG: src/lcthw/hashmap.c:Hashmap_get_node:205: TRY: 81
DEBUG: src/lcthw/hashmap.c:Hashmap_get_node:205: TRY: 82
DEBUG: src/lcthw/hashmap.c:Hashmap_get_node:205: TRY: 83
DEBUG: src/lcthw/hashmap.c:Hashmap_get_node:205: TRY: 84
DEBUG: src/lcthw/hashmap.c:Hashmap_get_node:205: TRY: 85
DEBUG: src/lcthw/hashmap.c:Hashmap_get_node:205: TRY: 0
DEBUG: src/lcthw/hashmap.c:Hashmap_get_node:205: TRY: 1
DEBUG: src/lcthw/hashmap.c:Hashmap_get_node:205: TRY: 2
DEBUG: src/lcthw/hashmap.c:Hashmap_get_node:205: TRY: 3
DEBUG: src/lcthw/hashmap.c:Hashmap_get_node:205: TRY: 4
DEBUG: src/lcthw/hashmap.c:Hashmap_get_node:205: TRY: 5
DEBUG: src/lcthw/hashmap.c:Hashmap_get_node:205: TRY: 6
DEBUG: src/lcthw/hashmap.c:Hashmap_get_node:205: TRY: 7
DEBUG: src/lcthw/hashmap.c:Hashmap_get_node:205: TRY: 8
DEBUG: src/lcthw/hashmap.c:Hashmap_get_node:205: TRY: 9
DEBUG: src/lcthw/hashmap.c:Hashmap_get_node:205: TRY: 10
DEBUG: src/lcthw/hashmap.c:Hashmap_get_node:205: TRY: 11
DEBUG: src/lcthw/hashmap.c:Hashmap_get_node:205: TRY: 12
DEBUG: src/lcthw/hashmap.c:Hashmap_get_node:205: TRY: 13
DEBUG: src/lcthw/hashmap.c:Hashmap_get_node:205: TRY: 14
DEBUG: src/lcthw/hashmap.c:Hashmap_get_node:205: TRY: 15
DEBUG: src/lcthw/hashmap.c:Hashmap_get_node:205: TRY: 16
DEBUG: src/lcthw/hashmap.c:Hashmap_get_node:205: TRY: 17
DEBUG: src/lcthw/hashmap.c:Hashmap_get_node:205: TRY: 18
DEBUG: src/lcthw/hashmap.c:Hashmap_get_node:205: TRY: 19
DEBUG: src/lcthw/hashmap.c:Hashmap_get_node:205: TRY: 20
DEBUG: src/lcthw/hashmap.c:Hashmap_get_node:205: TRY: 21
DEBUG: src/lcthw/hashmap.c:Hashmap_get_node:205: TRY: 22
DEBUG: src/lcthw/hashmap.c:Hashmap_get_node:205: TRY: 23
DEBUG: src/lcthw/hashmap.c:Hashmap_get_node:205: TRY: 24
DEBUG: src/lcthw/hashmap.c:Hashmap_get_node:205: TRY: 25
DEBUG: src/lcthw/hashmap.c:Hashmap_get_node:205: TRY: 26
DEBUG: src/lcthw/hashmap.c:Hashmap_get_node:205: TRY: 27
DEBUG: src/lcthw/hashmap.c:Hashmap_get_node:205: TRY: 28
DEBUG: src/lcthw/hashmap.c:Hashmap_get_node:205: TRY: 29
DEBUG: src/lcthw/hashmap.c:Hashmap_get_node:205: TRY: 30
DEBUG: src/lcthw/hashmap.c:Hashmap_get_node:205: TRY: 31
DEBUG: src/lcthw/hashmap.c:Hashmap_get_node:205: TRY: 32
DEBUG: src/lcthw/hashmap.c:Hashmap_get_node:205: TRY: 33
DEBUG: src/lcthw/hashmap.c:Hashmap_get_node:205: TRY: 34
DEBUG: src/lcthw/hashmap.c:Hashmap_get_node:205: TRY: 35
DEBUG: src/lcthw/hashmap.c:Hashmap_get_node:205: TRY: 36
DEBUG: src/lcthw/hashmap.c:Hashmap_get_node:205: TRY: 37
DEBUG: src/lcthw/hashmap.c:Hashmap_get_node:205: TRY: 38
DEBUG: src/lcthw/hashmap.c:Hashmap_get_node:205: TRY: 39
DEBUG: src/lcthw/hashmap.c:Hashmap_get_node:205: TRY: 40
DEBUG: src/lcthw/hashmap.c:Hashmap_get_node:205: TRY: 41
DEBUG: src/lcthw/hashmap.c:Hashmap_get_node:205: TRY: 42
DEBUG: src/lcthw/hashmap.c:Hashmap_get_node:205: TRY: 43
DEBUG: src/lcthw/hashmap.c:Hashmap_get_node:205: TRY: 44
DEBUG: src/lcthw/hashmap.c:Hashmap_get_node:205: TRY: 45
DEBUG: src/lcthw/hashmap.c:Hashmap_get_node:205: TRY: 46
DEBUG: src/lcthw/hashmap.c:Hashmap_get_node:205: TRY: 47
DEBUG: src/lcthw/hashmap.c:Hashmap_get_node:205: TRY: 48
DEBUG: src/lcthw/hashmap.c:Hashmap_get_node:205: TRY: 49
DEBUG: src/lcthw/hashmap.c:Hashmap_get_node:205: TRY: 50
DEBUG: src/lcthw/hashmap.c:Hashmap_get_node:205: TRY: 51
DEBUG: src/lcthw/hashmap.c:Hashmap_get_node:205: TRY: 52
DEBUG: src/lcthw/hashmap.c:Hashmap_get_node:205: TRY: 53
DEBUG: src/lcthw/hashmap.c:Hashmap_get_node:205: TRY: 54
DEBUG: src/lcthw/hashmap.c:Hashmap_get_node:205: TRY: 55
DEBUG: src/lcthw/hashmap.c:Hashmap_get_node:205: TRY: 56
DEBUG: src/lcthw/hashmap.c:Hashmap_get_node:205: TRY: 57
DEBUG: src/lcthw/hashmap.c:Hashmap_get_node:205: TRY: 58
DEBUG: src/lcthw/hashmap.c:Hashmap_get_node:205: TRY: 59
DEBUG: src/lcthw/hashmap.c:Hashmap_get_node:205: TRY: 60
DEBUG: src/lcthw/hashmap.c:Hashmap_get_node:205: TRY: 61
DEBUG: src/lcthw/hashmap.c:Hashmap_get_node:205: TRY: 62
DEBUG: src/lcthw/hashmap.c:Hashmap_get_node:205: TRY: 63
DEBUG: src/lcthw/hashmap.c:Hashmap_get_node:205: TRY: 64
DEBUG: src/lcthw/hashmap.c:Hashmap_get_node:205: TRY: 65
DEBUG: src/lcthw/hashmap.c:Hashmap_get_node:205: TRY: 66
DEBUG: src/lcthw/hashmap.c:Hashmap_get_node:205: TRY: 67
DEBUG: src/lcthw/hashmap.c:Hashmap_get_node:205: TRY: 68
DEBUG: src/lcthw/hashmap.c:Hashmap_get_node:205: TRY: 69
DEBUG: src/lcthw/hashmap.c:Hashmap_get_node:205: TRY: 70
DEBUG: src/lcthw/hashmap.c:Hashmap_get_node:205: TRY: 71
DEBUG: src/lcthw/hashmap.c:Hashmap_get_node:205: TRY: 72
DEBUG: src/lcthw/hashmap.c:Hashmap_get_node:205: TRY: 73
DEBUG: src/lcthw/hashmap.c:Hashmap_get_node:205: TRY: 74
DEBUG: src/lcthw/hashmap.c:Hashmap_get_node:205: TRY: 75
DEBUG: src/lcthw/hashmap.c:Hashmap_get_node:205: TRY: 76
DEBUG: src/lcthw/hashmap.c:Hashmap_get_node:205: TRY: 77
DEBUG: src/lcthw/hashmap.c:Hashmap_get_node:205: TRY: 78
DEBUG: src/lcthw/hashmap.c:Hashmap_get_node:205: TRY: 79
DEBUG: src/lcthw/hashmap.c:Hashmap_get_node:205: TRY: 80
DEBUG: src/lcthw/hashmap.c:Hashmap_get_node:205: TRY: 81
DEBUG: src/lcthw/hashmap.c:Hashmap_get_node:205: TRY: 0
DEBUG: src/lcthw/hashmap.c:Hashmap_get_node:205: TRY: 1
DEBUG: src/lcthw/hashmap.c:Hashmap_get_node:205: TRY: 2
DEBUG: src/lcthw/hashmap.c:Hashmap_get_node:205: TRY: 3
DEBUG: src/lcthw/hashmap.c:Hashmap_get_node:205: TRY: 4
DEBUG: src/lcthw/hashmap.c:Hashmap_get_node:205: TRY: 5
DEBUG: src/lcthw/hashmap.c:Hashmap_get_node:205: TRY: 6
DEBUG: src/lcthw/hashmap.c:Hashmap_get_node:205: TRY: 7
DEBUG: src/lcthw/hashmap.c:Hashmap_get_node:205: TRY: 8
DEBUG: src/lcthw/hashmap.c:Hashmap_get_node:205: TRY: 9
DEBUG: src/lcthw/hashmap.c:Hashmap_get_node:205: TRY: 10
DEBUG: src/lcthw/hashmap.c:Hashmap_get_node:205: TRY: 11
DEBUG: src/lcthw/hashmap.c:Hashmap_get_node:205: TRY: 12
DEBUG: src/lcthw/hashmap.c:Hashmap_get_node:205: TRY: 13
DEBUG: src/lcthw/hashmap.c:Hashmap_get_node:205: TRY: 14
DEBUG: src/lcthw/hashmap.c:Hashmap_get_node:205: TRY: 15
DEBUG: src/lcthw/hashmap.c:Hashmap_get_node:205: TRY: 16
DEBUG: src/lcthw/hashmap.c:Hashmap_get_node:205: TRY: 17
DEBUG: src/lcthw/hashmap.c:Hashmap_get_node:205: TRY: 18
DEBUG: src/lcthw/hashmap.c:Hashmap_get_node:205: TRY: 19
DEBUG: src/lcthw/hashmap.c:Hashmap_get_node:205: TRY: 20
DEBUG: src/lcthw/hashmap.c:Hashmap_get_node:205: TRY: 21
DEBUG: src/lcthw/hashmap.c:Hashmap_get_node:205: TRY: 22
DEBUG: src/lcthw/hashmap.c:Hashmap_get_node:205: TRY: 23
DEBUG: src/lcthw/hashmap.c:Hashmap_get_node:205: TRY: 24
DEBUG: src/lcthw/hashmap.c:Hashmap_get_node:205: TRY: 25
DEBUG: src/lcthw/hashmap.c:Hashmap_get_node:205: TRY: 26
DEBUG: src/lcthw/hashmap.c:Hashmap_get_node:205: TRY: 27
DEBUG: src/lcthw/hashmap.c:Hashmap_get_node:205: TRY: 28
DEBUG: src/lcthw/hashmap.c:Hashmap_get_node:205: TRY: 29
DEBUG: src/lcthw/hashmap.c:Hashmap_get_node:205: TRY: 30
DEBUG: src/lcthw/hashmap.c:Hashmap_get_node:205: TRY: 31
DEBUG: src/lcthw/hashmap.c:Hashmap_get_node:205: TRY: 32
DEBUG: src/lcthw/hashmap.c:Hashmap_get_node:205: TRY: 33
DEBUG: src/lcthw/hashmap.c:Hashmap_get_node:205: TRY: 34
DEBUG: src/lcthw/hashmap.c:Hashmap_get_node:205: TRY: 35
DEBUG: src/lcthw/hashmap.c:Hashmap_get_node:205: TRY: 36
DEBUG: src/lcthw/hashmap.c:Hashmap_get_node:205: TRY: 37
DEBUG: src/lcthw/hashmap.c:Hashmap_get_node:205: TRY: 38
DEBUG: src/lcthw/hashmap.c:Hashmap_get_node:205: TRY: 39
DEBUG: src/lcthw/hashmap.c:Hashmap_get_node:205: TRY: 40
DEBUG: src/lcthw/hashmap.c:Hashmap_get_node:205: TRY: 41
DEBUG: src/lcthw/hashmap.c:Hashmap_get_node:205: TRY: 42
DEBUG: src/lcthw/hashmap.c:Hashmap_get_node:205: TRY: 43
DEBUG: src/lcthw/hashmap.c:Hashmap_get_node:205: TRY: 44
DEBUG: src/lcthw/hashmap.c:Hashmap_get_node:205: TRY: 45
DEBUG: src/lcthw/hashmap.c:Hashmap_get_node:205: TRY: 46
DEBUG: src/lcthw/hashmap.c:Hashmap_get_node:205: TRY: 47
DEBUG: src/lcthw/hashmap.c:Hashmap_get_node:205: TRY: 48
DEBUG: src/lcthw/hashmap.c:Hashmap_get_node:205: TRY: 49
DEBUG: src/lcthw/hashmap.c:Hashmap_get_node:205: TRY: 50
DEBUG: src/lcthw/hashmap.c:Hashmap_get_node:205: TRY: 51
DEBUG: src/lcthw/hashmap.c:Hashmap_get_node:205: TRY: 52
DEBUG: src/lcthw/hashmap.c:Hashmap_get_node:205: TRY: 53
DEBUG: src/lcthw/hashmap.c:Hashmap_get_node:205: TRY: 54
DEBUG: src/lcthw/hashmap.c:Hashmap_get_node:205: TRY: 55
DEBUG: src/lcthw/hashmap.c:Hashmap_get_node:205: TRY: 56
DEBUG: src/lcthw/hashmap.c:Hashmap_get_node:205: TRY: 57
DEBUG: src/lcthw/hashmap.c:Hashmap_get_node:205: TRY: 58
DEBUG: src/lcthw/hashmap.c:Hashmap_get_node:205: TRY: 59
DEBUG: src/lcthw/hashmap.c:Hashmap_get_node:205: TRY: 60
DEBUG: src/lcthw/hashmap.c:Hashmap_get_node:205: TRY: 61
DEBUG: src/lcthw/hashmap.c:Hashmap_get_node:205: TRY: 62
DEBUG: src/lcthw/hashmap.c:Hashmap_get_node:205: TRY: 63
DEBUG: src/lcthw/hashmap.c:Hashmap_get_node:205: TRY: 64
DEBUG: src/lcthw/hashmap.c:Hashmap_get_node:205: TRY: 65
DEBUG: src/lcthw/hashmap.c:Hashmap_get_node:205: TRY: 66
DEBUG: src/lcthw/hashmap.c:Hashmap_get_node:205: TRY: 67
DEBUG: src/lcthw/hashmap.c:Hashmap_get_node:205: TRY: 68
DEBUG: src/lcthw/hashmap.c:Hashmap_get_node:205: TRY: 69
DEBUG: src/lcthw/hashmap.c:Hashmap_get_node:205: TRY: 70
DEBUG: src/lcthw/hashmap.c:Hashmap_get_node:205: TRY: 71
DEBUG: src/lcthw/hashmap.c:Hashmap_get_node:205: TRY: 72
DEBUG: src/lcthw/hashmap.c:Hashmap_get_node:205: TRY: 73
DEBUG: src/lcthw/hashmap.c:Hashmap_get_node:205: TRY: 74
DEBUG: src/lcthw/hashmap.c:Hashmap_get_node:205: TRY: 75
DEBUG: src/lcthw/hashmap.c:Hashmap_get_node:205: TRY: 76
DEBUG: src/lcthw/hashmap.c:Hashmap_get_node:205: TRY: 77
DEBUG: src/lcthw/hashmap.c:Hashmap_get_node:205: TRY: 78
DEBUG: src/lcthw/hashmap.c:Hashmap_get_node:205: TRY: 79
DEBUG: src/lcthw/hashmap.c:Hashmap_get_node:205: TRY: 80
DEBUG: src/lcthw/hashmap.c:Hashmap_get_node:205: TRY: 81
DEBUG: src/lcthw/hashmap.c:Hashmap_get_node:205: TRY: 82
DEBUG: src/lcthw/hashmap.c:Hashmap_get_node:205: TRY: 83
DEBUG: src/lcthw/hashmap.c:Hashmap_get_node:205: TRY: 84
DEBUG: src/lcthw/hashmap.c:Hashmap_get_node:205: TRY: 0
DEBUG: src/lcthw/hashmap.c:Hashmap_get_node:205: TRY: 1
DEBUG: src/lcthw/hashmap.c:Hashmap_get_node:205: TRY: 2
DEBUG: src/lcthw/hashmap.c:Hashmap_get_node:205: TRY: 3
DEBUG: src/lcthw/hashmap.c:Hashmap_get_node:205: TRY: 4
DEBUG: src/lcthw/hashmap.c:Hashmap_get_node:205: TRY: 5
DEBUG: src/lcthw/hashmap.c:Hashmap_get_node:205: TRY: 6
DEBUG: src/lcthw/hashmap.c:Hashmap_get_node:205: TRY: 7
DEBUG: src/lcthw/hashmap.c:Hashmap_get_node:205: TRY: 8
DEBUG: src/lcthw/hashmap.c:Hashmap_get_node:205: TRY: 9
DEBUG: src/lcthw/hashmap.c:Hashmap_get_node:205: TRY: 10
DEBUG: src/lcthw/hashmap.c:Hashmap_get_node:205: TRY: 11
DEBUG: src/lcthw/hashmap.c:Hashmap_get_node:205: TRY: 12
DEBUG: src/lcthw/hashmap.c:Hashmap_get_node:205: TRY: 13
DEBUG: src/lcthw/hashmap.c:Hashmap_get_node:205: TRY: 14
DEBUG: src/lcthw/hashmap.c:Hashmap_get_node:205: TRY: 15
DEBUG: src/lcthw/hashmap.c:Hashmap_get_node:205: TRY: 16
DEBUG: src/lcthw/hashmap.c:Hashmap_get_node:205: TRY: 17
DEBUG: src/lcthw/hashmap.c:Hashmap_get_node:205: TRY: 18
DEBUG: src/lcthw/hashmap.c:Hashmap_get_node:205: TRY: 19
DEBUG: src/lcthw/hashmap.c:Hashmap_get_node:205: TRY: 20
DEBUG: src/lcthw/hashmap.c:Hashmap_get_node:205: TRY: 21
DEBUG: src/lcthw/hashmap.c:Hashmap_get_node:205: TRY: 22
DEBUG: src/lcthw/hashmap.c:Hashmap_get_node:205: TRY: 23
DEBUG: src/lcthw/hashmap.c:Hashmap_get_node:205: TRY: 24
DEBUG: src/lcthw/hashmap.c:Hashmap_get_node:205: TRY: 25
DEBUG: src/lcthw/hashmap.c:Hashmap_get_node:205: TRY: 26
DEBUG: src/lcthw/hashmap.c:Hashmap_get_node:205: TRY: 27
DEBUG: src/lcthw/hashmap.c:Hashmap_get_node:205: TRY: 28
DEBUG: src/lcthw/hashmap.c:Hashmap_get_node:205: TRY: 29
DEBUG: src/lcthw/hashmap.c:Hashmap_get_node:205: TRY: 30
DEBUG: src/lcthw/hashmap.c:Hashmap_get_node:205: TRY: 31
DEBUG: src/lcthw/hashmap.c:Hashmap_get_node:205: TRY: 32
DEBUG: src/lcthw/hashmap.c:Hashmap_get_node:205: TRY: 33
DEBUG: src/lcthw/hashmap.c:Hashmap_get_node:205: TRY: 34
DEBUG: src/lcthw/hashmap.c:Hashmap_get_node:205: TRY: 35
DEBUG: src/lcthw/hashmap.c:Hashmap_get_node:205: TRY: 36
DEBUG: src/lcthw/hashmap.c:Hashmap_get_node:205: TRY: 37
DEBUG: src/lcthw/hashmap.c:Hashmap_get_node:205: TRY: 38
DEBUG: src/lcthw/hashmap.c:Hashmap_get_node:205: TRY: 39
DEBUG: src/lcthw/hashmap.c:Hashmap_get_node:205: TRY: 40
DEBUG: src/lcthw/hashmap.c:Hashmap_get_node:205: TRY: 41
DEBUG: src/lcthw/hashmap.c:Hashmap_get_node:205: TRY: 42
DEBUG: src/lcthw/hashmap.c:Hashmap_get_node:205: TRY: 43
DEBUG: src/lcthw/hashmap.c:Hashmap_get_node:205: TRY: 44
DEBUG: src/lcthw/hashmap.c:Hashmap_get_node:205: TRY: 45
DEBUG: src/lcthw/hashmap.c:Hashmap_get_node:205: TRY: 46
DEBUG: src/lcthw/hashmap.c:Hashmap_get_node:205: TRY: 47
DEBUG: src/lcthw/hashmap.c:Hashmap_get_node:205: TRY: 48
DEBUG: src/lcthw/hashmap.c:Hashmap_get_node:205: TRY: 49
DEBUG: src/lcthw/hashmap.c:Hashmap_get_node:205: TRY: 50
DEBUG: src/lcthw/hashmap.c:Hashmap_get_node:205: TRY: 51
DEBUG: src/lcthw/hashmap.c:Hashmap_get_node:205: TRY: 52
DEBUG: src/lcthw/hashmap.c:Hashmap_get_node:205: TRY: 53
DEBUG: src/lcthw/hashmap.c:Hashmap_get_node:205: TRY: 54
DEBUG: src/lcthw/hashmap.c:Hashmap_get_node:205: TRY: 55
DEBUG: src/lcthw/hashmap.c:Hashmap_get_node:205: TRY: 56
DEBUG: src/lcthw/hashmap.c:Hashmap_get_node:205: TRY: 57
DEBUG: src/lcthw/hashmap.c:Hashmap_get_node:205: TRY: 58
DEBUG: src/lcthw/hashmap.c:Hashmap_get_node:205: TRY: 59
DEBUG: src/lcthw/hashmap.c:Hashmap_get_node:205: TRY: 60
DEBUG: src/lcthw/hashmap.c:Hashmap_get_node:205: TRY: 61
DEBUG: src/lcthw/hashmap.c:Hashmap_get_node:205: TRY: 62
DEBUG: src/lcthw/hashmap.c:Hashmap_get_node:205: TRY: 63
DEBUG: src/lcthw/hashmap.c:Hashmap_get_node:205: TRY: 64
DEBUG: src/lcthw/hashmap.c:Hashmap_get_node:205: TRY: 65
DEBUG: src/lcthw/hashmap.c:Hashmap_get_node:205: TRY: 66
DEBUG: src/lcthw/hashmap.c:Hashmap_get_node:205: TRY: 67
DEBUG: src/lcthw/hashmap.c:Hashmap_get_node:205: TRY: 68
DEBUG: src/lcthw/hashmap.c:Hashmap_get_node:205: TRY: 69
DEBUG: src/lcthw/hashmap.c:Hashmap_get_node:205: TRY: 70
DEBUG: src/lcthw/hashmap.c:Hashmap_get_node:205: TRY: 71
DEBUG: src/lcthw/hashmap.c:Hashmap_get_node:205: TRY: 72
DEBUG: src/lcthw/hashmap.c:Hashmap_get_node:205: TRY: 73
DEBUG: src/lcthw/hashmap.c:Hashmap_get_node:205: TRY: 74
DEBUG: src/lcthw/hashmap.c:Hashmap_get_node:205: TRY: 75
DEBUG: src/lcthw/hashmap.c:Hashmap_get_node:205: TRY: 76
DEBUG: src/lcthw/hashmap.c:Hashmap_get_node:205: TRY: 77
DEBUG: src/lcthw/hashmap.c:Hashmap_get_node:205: TRY: 78
DEBUG: src/lcthw/hashmap.c:Hashmap_get_node:205: TRY: 79
DEBUG: src/lcthw/hashmap.c:Hashmap_get_node:205: TRY: 80
DEBUG: src/lcthw/hashmap.c:Hashmap_get_node:205: TRY: 81
DEBUG: src/lcthw/hashmap.c:Hashmap_get_node:205: TRY: 82
DEBUG: src/lcthw/hashmap.c:Hashmap_get_node:205: TRY: 83
DEBUG: src/lcthw/hashmap.c:Hashmap_get_node:205: TRY: 84
DEBUG: src/lcthw/hashmap.c:Hashmap_get_node:205: TRY: 85
DEBUG: src/lcthw/hashmap.c:Hashmap_get_node:205: TRY: 0
DEBUG: src/lcthw/hashmap.c:Hashmap_get_node:205: TRY: 1
DEBUG: src/lcthw/hashmap.c:Hashmap_get_node:205: TRY: 2
DEBUG: src/lcthw/hashmap.c:Hashmap_get_node:205: TRY: 3
DEBUG: src/lcthw/hashmap.c:Hashmap_get_node:205: TRY: 4
DEBUG: src/lcthw/hashmap.c:Hashmap_get_node:205: TRY: 5
DEBUG: src/lcthw/hashmap.c:Hashmap_get_node:205: TRY: 6
DEBUG: src/lcthw/hashmap.c:Hashmap_get_node:205: TRY: 7
DEBUG: src/lcthw/hashmap.c:Hashmap_get_node:205: TRY: 8
DEBUG: src/lcthw/hashmap.c:Hashmap_get_node:205: TRY: 9
DEBUG: src/lcthw/hashmap.c:Hashmap_get_node:205: TRY: 10
DEBUG: src/lcthw/hashmap.c:Hashmap_get_node:205: TRY: 11
DEBUG: src/lcthw/hashmap.c:Hashmap_get_node:205: TRY: 12
DEBUG: src/lcthw/hashmap.c:Hashmap_get_node:205: TRY: 13
DEBUG: src/lcthw/hashmap.c:Hashmap_get_node:205: TRY: 14
DEBUG: src/lcthw/hashmap.c:Hashmap_get_node:205: TRY: 15
DEBUG: src/lcthw/hashmap.c:Hashmap_get_node:205: TRY: 16
DEBUG: src/lcthw/hashmap.c:Hashmap_get_node:205: TRY: 17
DEBUG: src/lcthw/hashmap.c:Hashmap_get_node:205: TRY: 18
DEBUG: src/lcthw/hashmap.c:Hashmap_get_node:205: TRY: 19
DEBUG: src/lcthw/hashmap.c:Hashmap_get_node:205: TRY: 20
DEBUG: src/lcthw/hashmap.c:Hashmap_get_node:205: TRY: 21
DEBUG: src/lcthw/hashmap.c:Hashmap_get_node:205: TRY: 22
DEBUG: src/lcthw/hashmap.c:Hashmap_get_node:205: TRY: 23
DEBUG: src/lcthw/hashmap.c:Hashmap_get_node:205: TRY: 24
DEBUG: src/lcthw/hashmap.c:Hashmap_get_node:205: TRY: 25
DEBUG: src/lcthw/hashmap.c:Hashmap_get_node:205: TRY: 26
DEBUG: src/lcthw/hashmap.c:Hashmap_get_node:205: TRY: 27
DEBUG: src/lcthw/hashmap.c:Hashmap_get_node:205: TRY: 28
DEBUG: src/lcthw/hashmap.c:Hashmap_get_node:205: TRY: 29
DEBUG: src/lcthw/hashmap.c:Hashmap_get_node:205: TRY: 30
DEBUG: src/lcthw/hashmap.c:Hashmap_get_node:205: TRY: 31
DEBUG: src/lcthw/hashmap.c:Hashmap_get_node:205: TRY: 32
DEBUG: src/lcthw/hashmap.c:Hashmap_get_node:205: TRY: 33
DEBUG: src/lcthw/hashmap.c:Hashmap_get_node:205: TRY: 34
DEBUG: src/lcthw/hashmap.c:Hashmap_get_node:205: TRY: 35
DEBUG: src/lcthw/hashmap.c:Hashmap_get_node:205: TRY: 36
DEBUG: src/lcthw/hashmap.c:Hashmap_get_node:205: TRY: 37
DEBUG: src/lcthw/hashmap.c:Hashmap_get_node:205: TRY: 38
DEBUG: src/lcthw/hashmap.c:Hashmap_get_node:205: TRY: 39
DEBUG: src/lcthw/hashmap.c:Hashmap_get_node:205: TRY: 40
DEBUG: src/lcthw/hashmap.c:Hashmap_get_node:205: TRY: 41
DEBUG: src/lcthw/hashmap.c:Hashmap_get_node:205: TRY: 42
DEBUG: src/lcthw/hashmap.c:Hashmap_get_node:205: TRY: 43
DEBUG: src/lcthw/hashmap.c:Hashmap_get_node:205: TRY: 44
DEBUG: src/lcthw/hashmap.c:Hashmap_get_node:205: TRY: 45
DEBUG: src/lcthw/hashmap.c:Hashmap_get_node:205: TRY: 46
DEBUG: src/lcthw/hashmap.c:Hashmap_get_node:205: TRY: 47
DEBUG: src/lcthw/hashmap.c:Hashmap_get_node:205: TRY: 48
DEBUG: src/lcthw/hashmap.c:Hashmap_get_node:205: TRY: 49
DEBUG: src/lcthw/hashmap.c:Hashmap_get_node:205: TRY: 50
DEBUG: src/lcthw/hashmap.c:Hashmap_get_node:205: TRY: 51
DEBUG: src/lcthw/hashmap.c:Hashmap_get_node:205: TRY: 52
DEBUG: src/lcthw/hashmap.c:Hashmap_get_node:205: TRY: 53
DEBUG: src/lcthw/hashmap.c:Hashmap_get_node:205: TRY: 54
DEBUG: src/lcthw/hashmap.c:Hashmap_get_node:205: TRY: 55
DEBUG: src/lcthw/hashmap.c:Hashmap_get_node:205: TRY: 56
DEBUG: src/lcthw/hashmap.c:Hashmap_get_node:205: TRY: 57
DEBUG: src/lcthw/hashmap.c:Hashmap_get_node:205: TRY: 58
DEBUG: src/lcthw/hashmap.c:Hashmap_get_node:205: TRY: 59
DEBUG: src/lcthw/hashmap.c:Hashmap_get_node:205: TRY: 60
DEBUG: src/lcthw/hashmap.c:Hashmap_get_node:205: TRY: 61
DEBUG: src/lcthw/hashmap.c:Hashmap_get_node:205: TRY: 62
DEBUG: src/lcthw/hashmap.c:Hashmap_get_node:205: TRY: 63
DEBUG: src/lcthw/hashmap.c:Hashmap_get_node:205: TRY: 64
DEBUG: src/lcthw/hashmap.c:Hashmap_get_node:205: TRY: 65
DEBUG: src/lcthw/hashmap.c:Hashmap_get_node:205: TRY: 66
DEBUG: src/lcthw/hashmap.c:Hashmap_get_node:205: TRY: 67
DEBUG: src/lcthw/hashmap.c:Hashmap_get_node:205: TRY: 68
DEBUG: src/lcthw/hashmap.c:Hashmap_get_node:205: TRY: 69
DEBUG: src/lcthw/hashmap.c:Hashmap_get_node:205: TRY: 70
DEBUG: src/lcthw/hashmap.c:Hashmap_get_node:205: TRY: 71
DEBUG: src/lcthw/hashmap.c:Hashmap_get_node:205: TRY: 72
DEBUG: src/lcthw/hashmap.c:Hashmap_get_node:205: TRY: 73
DEBUG: src/lcthw/hashmap.c:Hashmap_get_node:205: TRY: 74
DEBUG: src/lcthw/hashmap.c:Hashmap_get_node:205: TRY: 75
DEBUG: src/lcthw/hashmap.c:Hashmap_get_node:205: TRY: 76
DEBUG: src/lcthw/hashmap.c:Hashmap_get_node:205: TRY: 77
DEBUG: src/lcthw/hashmap.c:Hashmap_get_node:205: TRY: 78
DEBUG: src/lcthw/hashmap.c:Hashmap_get_node:205: TRY: 79
DEBUG: src/lcthw/hashmap.c:Hashmap_get_node:205: TRY: 80
DEBUG: src/lcthw/hashmap.c:Hashmap_get_node:205: TRY: 81
DEBUG: src/lcthw/hashmap.c:Hashmap_get_node:205: TRY: 82
DEBUG: src/lcthw/hashmap.c:Hashmap_get_node:205: TRY: 83
DEBUG: src/lcthw/hashmap.c:Hashmap_get_node:205: TRY: 84
DEBUG: src/lcthw/hashmap.c:Hashmap_get_node:205: TRY: 85
DEBUG: src/lcthw/hashmap.c:Hashmap_get_node:205: TRY: 86
DEBUG: src/lcthw/hashmap.c:Hashmap_get_node:205: TRY: 87
DEBUG: src/lcthw/hashmap.c:Hashmap_get_node:205: TRY: 88
DEBUG: src/lcthw/hashmap.c:Hashmap_get_node:205: TRY: 89
DEBUG: src/lcthw/hashmap.c:Hashmap_get_node:205: TRY: 90
DEBUG: src/lcthw/hashmap.c:Hashmap_get_node:205: TRY: 91
DEBUG: src/lcthw/hashmap.c:Hashmap_get_node:205: TRY: 92
DEBUG: src/lcthw/hashmap.c:Hashmap_get_node:205: TRY: 93
DEBUG: src/lcthw/hashmap.c:Hashmap_get_node:205: TRY: 94
DEBUG: src/lcthw/hashmap.c:Hashmap_get_node:205: TRY: 95
DEBUG: src/lcthw/hashmap.c:Hashmap_get_node:205: TRY: 96
DEBUG: src/lcthw/hashmap.c:Hashmap_get_node:205: TRY: 97
DEBUG: src/lcthw/hashmap.c:Hashmap_get_node:205: TRY: 98
DEBUG: src/lcthw/hashmap.c:Hashmap_get_node:205: TRY: 99
DEBUG: src/lcthw/hashmap.c:Hashmap_get_node:205: TRY: 100
DEBUG: src/lcthw/hashmap.c:Hashmap_get_node:205: TRY: 101
DEBUG: src/lcthw/hashmap.c:Hashmap_get_node:205: TRY: 102
DEBUG: src/lcthw/hashmap.c:Hashmap_get_node:205: TRY: 103
DEBUG: src/lcthw/hashmap.c:Hashmap_get_node:205: TRY: 104
DEBUG: src/lcthw/hashmap.c:Hashmap_get_node:205: TRY: 105
DEBUG: src/lcthw/hashmap.c:Hashmap_get_node:205: TRY: 106
DEBUG: src/lcthw/hashmap.c:Hashmap_get_node:205: TRY: 107
DEBUG: src/lcthw/hashmap.c:Hashmap_get_node:205: TRY: 108
DEBUG: src/lcthw/hashmap.c:Hashmap_get_node:205: TRY: 109
DEBUG: src/lcthw/hashmap.c:Hashmap_get_node:205: TRY: 110
DEBUG: src/lcthw/hashmap.c:Hashmap_get_node:205: TRY: 111
DEBUG: src/lcthw/hashmap.c:Hashmap_get_node:205: TRY: 112
DEBUG: src/lcthw/hashmap.c:Hashmap_get_node:205: TRY: 113
DEBUG: src/lcthw/hashmap.c:Hashmap_get_node:205: TRY: 114
DEBUG: src/lcthw/hashmap.c:Hashmap_get_node:205: TRY: 0
DEBUG: src/lcthw/hashmap.c:Hashmap_get_node:205: TRY: 1
DEBUG: src/lcthw/hashmap.c:Hashmap_get_node:205: TRY: 2
DEBUG: src/lcthw/hashmap.c:Hashmap_get_node:205: TRY: 3
DEBUG: src/lcthw/hashmap.c:Hashmap_get_node:205: TRY: 4
DEBUG: src/lcthw/hashmap.c:Hashmap_get_node:205: TRY: 5
DEBUG: src/lcthw/hashmap.c:Hashmap_get_node:205: TRY: 6
DEBUG: src/lcthw/hashmap.c:Hashmap_get_node:205: TRY: 7
DEBUG: src/lcthw/hashmap.c:Hashmap_get_node:205: TRY: 8
DEBUG: src/lcthw/hashmap.c:Hashmap_get_node:205: TRY: 9
DEBUG: src/lcthw/hashmap.c:Hashmap_get_node:205: TRY: 10
DEBUG: src/lcthw/hashmap.c:Hashmap_get_node:205: TRY: 11
DEBUG: src/lcthw/hashmap.c:Hashmap_get_node:205: TRY: 12
DEBUG: src/lcthw/hashmap.c:Hashmap_get_node:205: TRY: 13
DEBUG: src/lcthw/hashmap.c:Hashmap_get_node:205: TRY: 14
DEBUG: src/lcthw/hashmap.c:Hashmap_get_node:205: TRY: 15
DEBUG: src/lcthw/hashmap.c:Hashmap_get_node:205: TRY: 16
DEBUG: src/lcthw/hashmap.c:Hashmap_get_node:205: TRY: 17
DEBUG: src/lcthw/hashmap.c:Hashmap_get_node:205: TRY: 18
DEBUG: src/lcthw/hashmap.c:Hashmap_get_node:205: TRY: 19
DEBUG: src/lcthw/hashmap.c:Hashmap_get_node:205: TRY: 20
DEBUG: src/lcthw/hashmap.c:Hashmap_get_node:205: TRY: 21
DEBUG: src/lcthw/hashmap.c:Hashmap_get_node:205: TRY: 22
DEBUG: src/lcthw/hashmap.c:Hashmap_get_node:205: TRY: 23
DEBUG: src/lcthw/hashmap.c:Hashmap_get_node:205: TRY: 24
DEBUG: src/lcthw/hashmap.c:Hashmap_get_node:205: TRY: 25
DEBUG: src/lcthw/hashmap.c:Hashmap_get_node:205: TRY: 26
DEBUG: src/lcthw/hashmap.c:Hashmap_get_node:205: TRY: 27
DEBUG: src/lcthw/hashmap.c:Hashmap_get_node:205: TRY: 28
DEBUG: src/lcthw/hashmap.c:Hashmap_get_node:205: TRY: 29
DEBUG: src/lcthw/hashmap.c:Hashmap_get_node:205: TRY: 30
DEBUG: src/lcthw/hashmap.c:Hashmap_get_node:205: TRY: 31
DEBUG: src/lcthw/hashmap.c:Hashmap_get_node:205: TRY: 32
DEBUG: src/lcthw/hashmap.c:Hashmap_get_node:205: TRY: 33
DEBUG: src/lcthw/hashmap.c:Hashmap_get_node:205: TRY: 34
DEBUG: src/lcthw/hashmap.c:Hashmap_get_node:205: TRY: 35
DEBUG: src/lcthw/hashmap.c:Hashmap_get_node:205: TRY: 36
DEBUG: src/lcthw/hashmap.c:Hashmap_get_node:205: TRY: 37
DEBUG: src/lcthw/hashmap.c:Hashmap_get_node:205: TRY: 38
DEBUG: src/lcthw/hashmap.c:Hashmap_get_node:205: TRY: 39
DEBUG: src/lcthw/hashmap.c:Hashmap_get_node:205: TRY: 40
DEBUG: src/lcthw/hashmap.c:Hashmap_get_node:205: TRY: 41
DEBUG: src/lcthw/hashmap.c:Hashmap_get_node:205: TRY: 42
DEBUG: src/lcthw/hashmap.c:Hashmap_get_node:205: TRY: 43
DEBUG: src/lcthw/hashmap.c:Hashmap_get_node:205: TRY: 44
DEBUG: src/lcthw/hashmap.c:Hashmap_get_node:205: TRY: 45
DEBUG: src/lcthw/hashmap.c:Hashmap_get_node:205: TRY: 46
DEBUG: src/lcthw/hashmap.c:Hashmap_get_node:205: TRY: 47
DEBUG: src/lcthw/hashmap.c:Hashmap_get_node:205: TRY: 48
DEBUG: src/lcthw/hashmap.c:Hashmap_get_node:205: TRY: 49
DEBUG: src/lcthw/hashmap.c:Hashmap_get_node:205: TRY: 50
DEBUG: src/lcthw/hashmap.c:Hashmap_get_node:205: TRY: 51
DEBUG: src/lcthw/hashmap.c:Hashmap_get_node:205: TRY: 52
DEBUG: src/lcthw/hashmap.c:Hashmap_get_node:205: TRY: 53
DEBUG: src/lcthw/hashmap.c:Hashmap_get_node:205: TRY: 54
DEBUG: src/lcthw/hashmap.c:Hashmap_get_node:205: TRY: 55
DEBUG: src/lcthw/hashmap.c:Hashmap_get_node:205: TRY: 56
DEBUG: src/lcthw/hashmap.c:Hashmap_get_node:205: TRY: 57
DEBUG: src/lcthw/hashmap.c:Hashmap_get_node:205: TRY: 58
DEBUG: src/lcthw/hashmap.c:Hashmap_get_node:205: TRY: 59
DEBUG: src/lcthw/hashmap.c:Hashmap_get_node:205: TRY: 60
DEBUG: src/lcthw/hashmap.c:Hashmap_get_node:205: TRY: 61
DEBUG: src/lcthw/hashmap.c:Hashmap_get_node:205: TRY: 62
DEBUG: src/lcthw/hashmap.c:Hashmap_get_node:205: TRY: 63
DEBUG: src/lcthw/hashmap.c:Hashmap_get_node:205: TRY: 64
DEBUG: src/lcthw/hashmap.c:Hashmap_get_node:205: TRY: 65
DEBUG: src/lcthw/hashmap.c:Hashmap_get_node:205: TRY: 66
DEBUG: src/lcthw/hashmap.c:Hashmap_get_node:205: TRY: 67
DEBUG: src/lcthw/hashmap.c:Hashmap_get_node:205: TRY: 68
DEBUG: src/lcthw/hashmap.c:Hashmap_get_node:205: TRY: 69
DEBUG: src/lcthw/hashmap.c:Hashmap_get_node:205: TRY: 70
DEBUG: src/lcthw/hashmap.c:Hashmap_get_node:205: TRY: 71
DEBUG: src/lcthw/hashmap.c:Hashmap_get_node:205: TRY: 72
DEBUG: src/lcthw/hashmap.c:Hashmap_get_node:205: TRY: 73
DEBUG: src/lcthw/hashmap.c:Hashmap_get_node:205: TRY: 74
DEBUG: src/lcthw/hashmap.c:Hashmap_get_node:205: TRY: 75
DEBUG: src/lcthw/hashmap.c:Hashmap_get_node:205: TRY: 76
DEBUG: src/lcthw/hashmap.c:Hashmap_get_node:205: TRY: 77
DEBUG: src/lcthw/hashmap.c:Hashmap_get_node:205: TRY: 78
DEBUG: src/lcthw/hashmap.c:Hashmap_get_node:205: TRY: 79
DEBUG: src/lcthw/hashmap.c:Hashmap_get_node:205: TRY: 80
DEBUG: src/lcthw/hashmap.c:Hashmap_get_node:205: TRY: 81
DEBUG: src/lcthw/hashmap.c:Hashmap_get_node:205: TRY: 82
DEBUG: src/lcthw/hashmap.c:Hashmap_get_node:205: TRY: 83
DEBUG: src/lcthw/hashmap.c:Hashmap_get_node:205: TRY: 84
DEBUG: src/lcthw/hashmap.c:Hashmap_get_node:205: TRY: 85
DEBUG: src/lcthw/hashmap.c:Hashmap_get_node:205: TRY: 86
DEBUG: src/lcthw/hashmap.c:Hashmap_get_node:205: TRY: 0
DEBUG: src/lcthw/hashmap.c:Hashmap_get_node:205: TRY: 1
DEBUG: src/lcthw/hashmap.c:Hashmap_get_node:205: TRY: 2
DEBUG: src/lcthw/hashmap.c:Hashmap_get_node:205: TRY: 3
DEBUG: src/lcthw/hashmap.c:Hashmap_get_node:205: TRY: 4
DEBUG: src/lcthw/hashmap.c:Hashmap_get_node:205: TRY: 5
DEBUG: src/lcthw/hashmap.c:Hashmap_get_node:205: TRY: 6
DEBUG: src/lcthw/hashmap.c:Hashmap_get_node:205: TRY: 7
DEBUG: src/lcthw/hashmap.c:Hashmap_get_node:205: TRY: 8
DEBUG: src/lcthw/hashmap.c:Hashmap_get_node:205: TRY: 9
DEBUG: src/lcthw/hashmap.c:Hashmap_get_node:205: TRY: 10
DEBUG: src/lcthw/hashmap.c:Hashmap_get_node:205: TRY: 11
DEBUG: src/lcthw/hashmap.c:Hashmap_get_node:205: TRY: 12
DEBUG: src/lcthw/hashmap.c:Hashmap_get_node:205: TRY: 13
DEBUG: src/lcthw/hashmap.c:Hashmap_get_node:205: TRY: 14
DEBUG: src/lcthw/hashmap.c:Hashmap_get_node:205: TRY: 15
DEBUG: src/lcthw/hashmap.c:Hashmap_get_node:205: TRY: 16
DEBUG: src/lcthw/hashmap.c:Hashmap_get_node:205: TRY: 17
DEBUG: src/lcthw/hashmap.c:Hashmap_get_node:205: TRY: 18
DEBUG: src/lcthw/hashmap.c:Hashmap_get_node:205: TRY: 19
DEBUG: src/lcthw/hashmap.c:Hashmap_get_node:205: TRY: 20
DEBUG: src/lcthw/hashmap.c:Hashmap_get_node:205: TRY: 21
DEBUG: src/lcthw/hashmap.c:Hashmap_get_node:205: TRY: 22
DEBUG: src/lcthw/hashmap.c:Hashmap_get_node:205: TRY: 23
DEBUG: src/lcthw/hashmap.c:Hashmap_get_node:205: TRY: 24
DEBUG: src/lcthw/hashmap.c:Hashmap_get_node:205: TRY: 25
DEBUG: src/lcthw/hashmap.c:Hashmap_get_node:205: TRY: 26
DEBUG: src/lcthw/hashmap.c:Hashmap_get_node:205: TRY: 27
DEBUG: src/lcthw/hashmap.c:Hashmap_get_node:205: TRY: 28
DEBUG: src/lcthw/hashmap.c:Hashmap_get_node:205: TRY: 29
DEBUG: src/lcthw/hashmap.c:Hashmap_get_node:205: TRY: 30
DEBUG: src/lcthw/hashmap.c:Hashmap_get_node:205: TRY: 31
DEBUG: src/lcthw/hashmap.c:Hashmap_get_node:205: TRY: 32
DEBUG: src/lcthw/hashmap.c:Hashmap_get_node:205: TRY: 33
DEBUG: src/lcthw/hashmap.c:Hashmap_get_node:205: TRY: 34
DEBUG: src/lcthw/hashmap.c:Hashmap_get_node:205: TRY: 35
DEBUG: src/lcthw/hashmap.c:Hashmap_get_node:205: TRY: 36
DEBUG: src/lcthw/hashmap.c:Hashmap_get_node:205: TRY: 37
DEBUG: src/lcthw/hashmap.c:Hashmap_get_node:205: TRY: 38
DEBUG: src/lcthw/hashmap.c:Hashmap_get_node:205: TRY: 39
DEBUG: src/lcthw/hashmap.c:Hashmap_get_node:205: TRY: 40
DEBUG: src/lcthw/hashmap.c:Hashmap_get_node:205: TRY: 41
DEBUG: src/lcthw/hashmap.c:Hashmap_get_node:205: TRY: 42
DEBUG: src/lcthw/hashmap.c:Hashmap_get_node:205: TRY: 43
DEBUG: src/lcthw/hashmap.c:Hashmap_get_node:205: TRY: 44
DEBUG: src/lcthw/hashmap.c:Hashmap_get_node:205: TRY: 45
DEBUG: src/lcthw/hashmap.c:Hashmap_get_node:205: TRY: 46
DEBUG: src/lcthw/hashmap.c:Hashmap_get_node:205: TRY: 47
DEBUG: src/lcthw/hashmap.c:Hashmap_get_node:205: TRY: 48
DEBUG: src/lcthw/hashmap.c:Hashmap_get_node:205: TRY: 49
DEBUG: src/lcthw/hashmap.c:Hashmap_get_node:205: TRY: 50
DEBUG: src/lcthw/hashmap.c:Hashmap_get_node:205: TRY: 51
DEBUG: src/lcthw/hashmap.c:Hashmap_get_node:205: TRY: 52
DEBUG: src/lcthw/hashmap.c:Hashmap_get_node:205: TRY: 53
DEBUG: src/lcthw/hashmap.c:Hashmap_get_node:205: TRY: 54
DEBUG: src/lcthw/hashmap.c:Hashmap_get_node:205: TRY: 55
DEBUG: src/lcthw/hashmap.c:Hashmap_get_node:205: TRY: 56
DEBUG: src/lcthw/hashmap.c:Hashmap_get_node:205: TRY: 57
DEBUG: src/lcthw/hashmap.c:Hashmap_get_node:205: TRY: 58
DEBUG: src/lcthw/hashmap.c:Hashmap_get_node:205: TRY: 59
DEBUG: src/lcthw/hashmap.c:Hashmap_get_node:205: TRY: 60
DEBUG: src/lcthw/hashmap.c:Hashmap_get_node:205: TRY: 61
DEBUG: src/lcthw/hashmap.c:Hashmap_get_node:205: TRY: 62
DEBUG: src/lcthw/hashmap.c:Hashmap_get_node:205: TRY: 63
DEBUG: src/lcthw/hashmap.c:Hashmap_get_node:205: TRY: 64
DEBUG: src/lcthw/hashmap.c:Hashmap_get_node:205: TRY: 65
DEBUG: src/lcthw/hashmap.c:Hashmap_get_node:205: TRY: 66
DEBUG: src/lcthw/hashmap.c:Hashmap_get_node:205: TRY: 67
DEBUG: src/lcthw/hashmap.c:Hashmap_get_node:205: TRY: 68
DEBUG: src/lcthw/hashmap.c:Hashmap_get_node:205: TRY: 69
DEBUG: src/lcthw/hashmap.c:Hashmap_get_node:205: TRY: 70
DEBUG: src/lcthw/hashmap.c:Hashmap_get_node:205: TRY: 71
DEBUG: src/lcthw/hashmap.c:Hashmap_get_node:205: TRY: 72
DEBUG: src/lcthw/hashmap.c:Hashmap_get_node:205: TRY: 73
DEBUG: src/lcthw/hashmap.c:Hashmap_get_node:205: TRY: 74
DEBUG: src/lcthw/hashmap.c:Hashmap_get_node:205: TRY: 75
DEBUG: src/lcthw/hashmap.c:Hashmap_get_node:205: TRY: 76
DEBUG: src/lcthw/hashmap.c:Hashmap_get_node:205: TRY: 77
DEBUG: src/lcthw/hashmap.c:Hashmap_get_node:205: TRY: 78
DEBUG: src/lcthw/hashmap.c:Hashmap_get_node:205: TRY: 79
DEBUG: src/lcthw/hashmap.c:Hashmap_get_node:205: TRY: 80
DEBUG: src/lcthw/hashmap.c:Hashmap_get_node:205: TRY: 81
DEBUG: src/lcthw/hashmap.c:Hashmap_get_node:205: TRY: 82
DEBUG: src/lcthw/hashmap.c:Hashmap_get_node:205: TRY: 83
DEBUG: src/lcthw/hashmap.c:Hashmap_get_node:205: TRY: 84
DEBUG: src/lcthw/hashmap.c:Hashmap_get_node:205: TRY: 0
DEBUG: src/lcthw/hashmap.c:Hashmap_get_node:205: TRY: 1
DEBUG: src/lcthw/hashmap.c:Hashmap_get_node:205: TRY: 2
DEBUG: src/lcthw/hashmap.c:Hashmap_get_node:205: TRY: 3
DEBUG: src/lcthw/hashmap.c:Hashmap_get_node:205: TRY: 4
DEBUG: src/lcthw/hashmap.c:Hashmap_get_node:205: TRY: 5
DEBUG: src/lcthw/hashmap.c:Hashmap_get_node:205: TRY: 6
DEBUG: src/lcthw/hashmap.c:Hashmap_get_node:205: TRY: 7
DEBUG: src/lcthw/hashmap.c:Hashmap_get_node:205: TRY: 8
DEBUG: src/lcthw/hashmap.c:Hashmap_get_node:205: TRY: 9
DEBUG: src/lcthw/hashmap.c:Hashmap_get_node:205: TRY: 10
DEBUG: src/lcthw/hashmap.c:Hashmap_get_node:205: TRY: 11
DEBUG: src/lcthw/hashmap.c:Hashmap_get_node:205: TRY: 12
DEBUG: src/lcthw/hashmap.c:Hashmap_get_node:205: TRY: 13
DEBUG: src/lcthw/hashmap.c:Hashmap_get_node:205: TRY: 14
DEBUG: src/lcthw/hashmap.c:Hashmap_get_node:205: TRY: 15
DEBUG: src/lcthw/hashmap.c:Hashmap_get_node:205: TRY: 16
DEBUG: src/lcthw/hashmap.c:Hashmap_get_node:205: TRY: 17
DEBUG: src/lcthw/hashmap.c:Hashmap_get_node:205: TRY: 18
DEBUG: src/lcthw/hashmap.c:Hashmap_get_node:205: TRY: 19
DEBUG: src/lcthw/hashmap.c:Hashmap_get_node:205: TRY: 20
DEBUG: src/lcthw/hashmap.c:Hashmap_get_node:205: TRY: 21
DEBUG: src/lcthw/hashmap.c:Hashmap_get_node:205: TRY: 22
DEBUG: src/lcthw/hashmap.c:Hashmap_get_node:205: TRY: 23
DEBUG: src/lcthw/hashmap.c:Hashmap_get_node:205: TRY: 24
DEBUG: src/lcthw/hashmap.c:Hashmap_get_node:205: TRY: 25
DEBUG: src/lcthw/hashmap.c:Hashmap_get_node:205: TRY: 26
DEBUG: src/lcthw/hashmap.c:Hashmap_get_node:205: TRY: 27
DEBUG: src/lcthw/hashmap.c:Hashmap_get_node:205: TRY: 28
DEBUG: src/lcthw/hashmap.c:Hashmap_get_node:205: TRY: 29
DEBUG: src/lcthw/hashmap.c:Hashmap_get_node:205: TRY: 30
DEBUG: src/lcthw/hashmap.c:Hashmap_get_node:205: TRY: 31
DEBUG: src/lcthw/hashmap.c:Hashmap_get_node:205: TRY: 32
DEBUG: src/lcthw/hashmap.c:Hashmap_get_node:205: TRY: 33
DEBUG: src/lcthw/hashmap.c:Hashmap_get_node:205: TRY: 34
DEBUG: src/lcthw/hashmap.c:Hashmap_get_node:205: TRY: 35
DEBUG: src/lcthw/hashmap.c:Hashmap_get_node:205: TRY: 36
DEBUG: src/lcthw/hashmap.c:Hashmap_get_node:205: TRY: 37
DEBUG: src/lcthw/hashmap.c:Hashmap_get_node:205: TRY: 38
DEBUG: src/lcthw/hashmap.c:Hashmap_get_node:205: TRY: 39
DEBUG: src/lcthw/hashmap.c:Hashmap_get_node:205: TRY: 40
DEBUG: src/lcthw/hashmap.c:Hashmap_get_node:205: TRY: 41
DEBUG: src/lcthw/hashmap.c:Hashmap_get_node:205: TRY: 42
DEBUG: src/lcthw/hashmap.c:Hashmap_get_node:205: TRY: 43
DEBUG: src/lcthw/hashmap.c:Hashmap_get_node:205: TRY: 44
DEBUG: src/lcthw/hashmap.c:Hashmap_get_node:205: TRY: 45
DEBUG: src/lcthw/hashmap.c:Hashmap_get_node:205: TRY: 46
DEBUG: src/lcthw/hashmap.c:Hashmap_get_node:205: TRY: 47
DEBUG: src/lcthw/hashmap.c:Hashmap_get_node:205: TRY: 48
DEBUG: src/lcthw/hashmap.c:Hashmap_get_node:205: TRY: 49
DEBUG: src/lcthw/hashmap.c:Hashmap_get_node:205: TRY: 50
DEBUG: src/lcthw/hashmap.c:Hashmap_get_node:205: TRY: 51
DEBUG: src/lcthw/hashmap.c:Hashmap_get_node:205: TRY: 52
DEBUG: src/lcthw/hashmap.c:Hashmap_get_node:205: TRY: 53
DEBUG: src/lcthw/hashmap.c:Hashmap_get_node:205: TRY: 54
DEBUG: src/lcthw/hashmap.c:Hashmap_get_node:205: TRY: 55
DEBUG: src/lcthw/hashmap.c:Hashmap_get_node:205: TRY: 56
DEBUG: src/lcthw/hashmap.c:Hashmap_get_node:205: TRY: 57
DEBUG: src/lcthw/hashmap.c:Hashmap_get_node:205: TRY: 58
DEBUG: src/lcthw/hashmap.c:Hashmap_get_node:205: TRY: 59
DEBUG: src/lcthw/hashmap.c:Hashmap_get_node:205: TRY: 60
DEBUG: src/lcthw/hashmap.c:Hashmap_get_node:205: TRY: 61
DEBUG: src/lcthw/hashmap.c:Hashmap_get_node:205: TRY: 62
DEBUG: src/lcthw/hashmap.c:Hashmap_get_node:205: TRY: 63
DEBUG: src/lcthw/hashmap.c:Hashmap_get_node:205: TRY: 64
DEBUG: src/lcthw/hashmap.c:Hashmap_get_node:205: TRY: 65
DEBUG: src/lcthw/hashmap.c:Hashmap_get_node:205: TRY: 66
DEBUG: src/lcthw/hashmap.c:Hashmap_get_node:205: TRY: 67
DEBUG: src/lcthw/hashmap.c:Hashmap_get_node:205: TRY: 68
DEBUG: src/lcthw/hashmap.c:Hashmap_get_node:205: TRY: 69
DEBUG: src/lcthw/hashmap.c:Hashmap_get_node:205: TRY: 70
DEBUG: src/lcthw/hashmap.c:Hashmap_get_node:205: TRY: 71
DEBUG: src/lcthw/hashmap.c:Hashmap_get_node:205: TRY: 72
DEBUG: src/lcthw/hashmap.c:Hashmap_get_node:205: TRY: 73
DEBUG: src/lcthw/hashmap.c:Hashmap_get_node:205: TRY: 74
DEBUG: src/lcthw/hashmap.c:Hashmap_get_node:205: TRY: 75
DEBUG: src/lcthw/hashmap.c:Hashmap_get_node:205: TRY: 76
DEBUG: src/lcthw/hashmap.c:Hashmap_get_node:205: TRY: 77
DEBUG: src/lcthw/hashmap.c:Hashmap_get_node:205: TRY: 78
DEBUG: src/lcthw/hashmap.c:Hashmap_get_node:205: TRY: 79
DEBUG: src/lcthw/hashmap.c:Hashmap_get_node:205: TRY: 80
DEBUG: src/lcthw/hashmap.c:Hashmap_get_node:205: TRY: 81
DEBUG: src/lcthw/hashmap.c:Hashmap_get_node:205: TRY: 82
DEBUG: src/lcthw/hashmap.c:Hashmap_get_node:205: TRY: 83
DEBUG: src/lcthw/hashmap.c:Hashmap_get_node:205: TRY: 84
DEBUG: src/lcthw/hashmap.c:Hashmap_get_node:205: TRY: 85
DEBUG: src/lcthw/hashmap.c:Hashmap_get_node:205: TRY: 86
DEBUG: src/lcthw/hashmap.c:Hashmap_get_node:205: TRY: 87
DEBUG: src/lcthw/hashmap.c:Hashmap_get_node:205: TRY: 0
DEBUG: src/lcthw/hashmap.c:Hashmap_get_node:205: TRY: 1
DEBUG: src/lcthw/hashmap.c:Hashmap_get_node:205: TRY: 2
DEBUG: src/lcthw/hashmap.c:Hashmap_get_node:205: TRY: 3
DEBUG: src/lcthw/hashmap.c:Hashmap_get_node:205: TRY: 4
DEBUG: src/lcthw/hashmap.c:Hashmap_get_node:205: TRY: 5
DEBUG: src/lcthw/hashmap.c:Hashmap_get_node:205: TRY: 6
DEBUG: src/lcthw/hashmap.c:Hashmap_get_node:205: TRY: 7
DEBUG: src/lcthw/hashmap.c:Hashmap_get_node:205: TRY: 8
DEBUG: src/lcthw/hashmap.c:Hashmap_get_node:205: TRY: 9
DEBUG: src/lcthw/hashmap.c:Hashmap_get_node:205: TRY: 10
DEBUG: src/lcthw/hashmap.c:Hashmap_get_node:205: TRY: 11
DEBUG: src/lcthw/hashmap.c:Hashmap_get_node:205: TRY: 12
DEBUG: src/lcthw/hashmap.c:Hashmap_get_node:205: TRY: 13
DEBUG: src/lcthw/hashmap.c:Hashmap_get_node:205: TRY: 14
DEBUG: src/lcthw/hashmap.c:Hashmap_get_node:205: TRY: 15
DEBUG: src/lcthw/hashmap.c:Hashmap_get_node:205: TRY: 16
DEBUG: src/lcthw/hashmap.c:Hashmap_get_node:205: TRY: 17
DEBUG: src/lcthw/hashmap.c:Hashmap_get_node:205: TRY: 18
DEBUG: src/lcthw/hashmap.c:Hashmap_get_node:205: TRY: 19
DEBUG: src/lcthw/hashmap.c:Hashmap_get_node:205: TRY: 20
DEBUG: src/lcthw/hashmap.c:Hashmap_get_node:205: TRY: 21
DEBUG: src/lcthw/hashmap.c:Hashmap_get_node:205: TRY: 22
DEBUG: src/lcthw/hashmap.c:Hashmap_get_node:205: TRY: 23
DEBUG: src/lcthw/hashmap.c:Hashmap_get_node:205: TRY: 24
DEBUG: src/lcthw/hashmap.c:Hashmap_get_node:205: TRY: 25
DEBUG: src/lcthw/hashmap.c:Hashmap_get_node:205: TRY: 26
DEBUG: src/lcthw/hashmap.c:Hashmap_get_node:205: TRY: 27
DEBUG: src/lcthw/hashmap.c:Hashmap_get_node:205: TRY: 28
DEBUG: src/lcthw/hashmap.c:Hashmap_get_node:205: TRY: 29
DEBUG: src/lcthw/hashmap.c:Hashmap_get_node:205: TRY: 30
DEBUG: src/lcthw/hashmap.c:Hashmap_get_node:205: TRY: 31
DEBUG: src/lcthw/hashmap.c:Hashmap_get_node:205: TRY: 32
DEBUG: src/lcthw/hashmap.c:Hashmap_get_node:205: TRY: 33
DEBUG: src/lcthw/hashmap.c:Hashmap_get_node:205: TRY: 34
DEBUG: src/lcthw/hashmap.c:Hashmap_get_node:205: TRY: 35
DEBUG: src/lcthw/hashmap.c:Hashmap_get_node:205: TRY: 36
DEBUG: src/lcthw/hashmap.c:Hashmap_get_node:205: TRY: 37
DEBUG: src/lcthw/hashmap.c:Hashmap_get_node:205: TRY: 38
DEBUG: src/lcthw/hashmap.c:Hashmap_get_node:205: TRY: 39
DEBUG: src/lcthw/hashmap.c:Hashmap_get_node:205: TRY: 40
DEBUG: src/lcthw/hashmap.c:Hashmap_get_node:205: TRY: 41
DEBUG: src/lcthw/hashmap.c:Hashmap_get_node:205: TRY: 42
DEBUG: src/lcthw/hashmap.c:Hashmap_get_node:205: TRY: 43
DEBUG: src/lcthw/hashmap.c:Hashmap_get_node:205: TRY: 44
DEBUG: src/lcthw/hashmap.c:Hashmap_get_node:205: TRY: 45
DEBUG: src/lcthw/hashmap.c:Hashmap_get_node:205: TRY: 46
DEBUG: src/lcthw/hashmap.c:Hashmap_get_node:205: TRY: 47
DEBUG: src/lcthw/hashmap.c:Hashmap_get_node:205: TRY: 48
DEBUG: src/lcthw/hashmap.c:Hashmap_get_node:205: TRY: 49
DEBUG: src/lcthw/hashmap.c:Hashmap_get_node:205: TRY: 50
DEBUG: src/lcthw/hashmap.c:Hashmap_get_node:205: TRY: 51
DEBUG: src/lcthw/hashmap.c:Hashmap_get_node:205: TRY: 52
DEBUG: src/lcthw/hashmap.c:Hashmap_get_node:205: TRY: 53
DEBUG: src/lcthw/hashmap.c:Hashmap_get_node:205: TRY: 54
DEBUG: src/lcthw/hashmap.c:Hashmap_get_node:205: TRY: 55
DEBUG: src/lcthw/hashmap.c:Hashmap_get_node:205: TRY: 56
DEBUG: src/lcthw/hashmap.c:Hashmap_get_node:205: TRY: 57
DEBUG: src/lcthw/hashmap.c:Hashmap_get_node:205: TRY: 58
DEBUG: src/lcthw/hashmap.c:Hashmap_get_node:205: TRY: 59
DEBUG: src/lcthw/hashmap.c:Hashmap_get_node:205: TRY: 60
DEBUG: src/lcthw/hashmap.c:Hashmap_get_node:205: TRY: 61
DEBUG: src/lcthw/hashmap.c:Hashmap_get_node:205: TRY: 62
DEBUG: src/lcthw/hashmap.c:Hashmap_get_node:205: TRY: 63
DEBUG: src/lcthw/hashmap.c:Hashmap_get_node:205: TRY: 64
DEBUG: src/lcthw/hashmap.c:Hashmap_get_node:205: TRY: 65
DEBUG: src/lcthw/hashmap.c:Hashmap_get_node:205: TRY: 66
DEBUG: src/lcthw/hashmap.c:Hashmap_get_node:205: TRY: 67
DEBUG: src/lcthw/hashmap.c:Hashmap_get_node:205: TRY: 68
DEBUG: src/lcthw/hashmap.c:Hashmap_get_node:205: TRY: 69
DEBUG: src/lcthw/hashmap.c:Hashmap_get_node:205: TRY: 70
DEBUG: src/lcthw/hashmap.c:Hashmap_get_node:205: TRY: 71
DEBUG: src/lcthw/hashmap.c:Hashmap_get_node:205: TRY: 72
DEBUG: src/lcthw/hashmap.c:Hashmap_get_node:205: TRY: 73
DEBUG: src/lcthw/hashmap.c:Hashmap_get_node:205: TRY: 74
DEBUG: src/lcthw/hashmap.c:Hashmap_get_node:205: TRY: 75
DEBUG: src/lcthw/hashmap.c:Hashmap_get_node:205: TRY: 76
DEBUG: src/lcthw/hashmap.c:Hashmap_get_node:205: TRY: 77
DEBUG: src/lcthw/hashmap.c:Hashmap_get_node:205: TRY: 78
DEBUG: src/lcthw/hashmap.c:Hashmap_get_node:205: TRY: 0
DEBUG: src/lcthw/hashmap.c:Hashmap_get_node:205: TRY: 1
DEBUG: src/lcthw/hashmap.c:Hashmap_get_node:205: TRY: 2
DEBUG: src/lcthw/hashmap.c:Hashmap_get_node:205: TRY: 3
DEBUG: src/lcthw/hashmap.c:Hashmap_get_node:205: TRY: 4
DEBUG: src/lcthw/hashmap.c:Hashmap_get_node:205: TRY: 5
DEBUG: src/lcthw/hashmap.c:Hashmap_get_node:205: TRY: 6
DEBUG: src/lcthw/hashmap.c:Hashmap_get_node:205: TRY: 7
DEBUG: src/lcthw/hashmap.c:Hashmap_get_node:205: TRY: 8
DEBUG: src/lcthw/hashmap.c:Hashmap_get_node:205: TRY: 9
DEBUG: src/lcthw/hashmap.c:Hashmap_get_node:205: TRY: 10
DEBUG: src/lcthw/hashmap.c:Hashmap_get_node:205: TRY: 11
DEBUG: src/lcthw/hashmap.c:Hashmap_get_node:205: TRY: 12
DEBUG: src/lcthw/hashmap.c:Hashmap_get_node:205: TRY: 13
DEBUG: src/lcthw/hashmap.c:Hashmap_get_node:205: TRY: 14
DEBUG: src/lcthw/hashmap.c:Hashmap_get_node:205: TRY: 15
DEBUG: src/lcthw/hashmap.c:Hashmap_get_node:205: TRY: 16
DEBUG: src/lcthw/hashmap.c:Hashmap_get_node:205: TRY: 17
DEBUG: src/lcthw/hashmap.c:Hashmap_get_node:205: TRY: 18
DEBUG: src/lcthw/hashmap.c:Hashmap_get_node:205: TRY: 19
DEBUG: src/lcthw/hashmap.c:Hashmap_get_node:205: TRY: 20
DEBUG: src/lcthw/hashmap.c:Hashmap_get_node:205: TRY: 21
DEBUG: src/lcthw/hashmap.c:Hashmap_get_node:205: TRY: 22
DEBUG: src/lcthw/hashmap.c:Hashmap_get_node:205: TRY: 23
DEBUG: src/lcthw/hashmap.c:Hashmap_get_node:205: TRY: 24
DEBUG: src/lcthw/hashmap.c:Hashmap_get_node:205: TRY: 25
DEBUG: src/lcthw/hashmap.c:Hashmap_get_node:205: TRY: 26
DEBUG: src/lcthw/hashmap.c:Hashmap_get_node:205: TRY: 27
DEBUG: src/lcthw/hashmap.c:Hashmap_get_node:205: TRY: 28
DEBUG: src/lcthw/hashmap.c:Hashmap_get_node:205: TRY: 29
DEBUG: src/lcthw/hashmap.c:Hashmap_get_node:205: TRY: 30
DEBUG: src/lcthw/hashmap.c:Hashmap_get_node:205: TRY: 31
DEBUG: src/lcthw/hashmap.c:Hashmap_get_node:205: TRY: 32
DEBUG: src/lcthw/hashmap.c:Hashmap_get_node:205: TRY: 33
DEBUG: src/lcthw/hashmap.c:Hashmap_get_node:205: TRY: 34
DEBUG: src/lcthw/hashmap.c:Hashmap_get_node:205: TRY: 35
DEBUG: src/lcthw/hashmap.c:Hashmap_get_node:205: TRY: 36
DEBUG: src/lcthw/hashmap.c:Hashmap_get_node:205: TRY: 37
DEBUG: src/lcthw/hashmap.c:Hashmap_get_node:205: TRY: 38
DEBUG: src/lcthw/hashmap.c:Hashmap_get_node:205: TRY: 39
DEBUG: src/lcthw/hashmap.c:Hashmap_get_node:205: TRY: 40
DEBUG: src/lcthw/hashmap.c:Hashmap_get_node:205: TRY: 41
DEBUG: src/lcthw/hashmap.c:Hashmap_get_node:205: TRY: 42
DEBUG: src/lcthw/hashmap.c:Hashmap_get_node:205: TRY: 43
DEBUG: src/lcthw/hashmap.c:Hashmap_get_node:205: TRY: 44
DEBUG: src/lcthw/hashmap.c:Hashmap_get_node:205: TRY: 45
DEBUG: src/lcthw/hashmap.c:Hashmap_get_node:205: TRY: 46
DEBUG: src/lcthw/hashmap.c:Hashmap_get_node:205: TRY: 47
DEBUG: src/lcthw/hashmap.c:Hashmap_get_node:205: TRY: 48
DEBUG: src/lcthw/hashmap.c:Hashmap_get_node:205: TRY: 49
DEBUG: src/lcthw/hashmap.c:Hashmap_get_node:205: TRY: 50
DEBUG: src/lcthw/hashmap.c:Hashmap_get_node:205: TRY: 51
DEBUG: src/lcthw/hashmap.c:Hashmap_get_node:205: TRY: 52
DEBUG: src/lcthw/hashmap.c:Hashmap_get_node:205: TRY: 53
DEBUG: src/lcthw/hashmap.c:Hashmap_get_node:205: TRY: 54
DEBUG: src/lcthw/hashmap.c:Hashmap_get_node:205: TRY: 55
DEBUG: src/lcthw/hashmap.c:Hashmap_get_node:205: TRY: 56
DEBUG: src/lcthw/hashmap.c:Hashmap_get_node:205: TRY: 57
DEBUG: src/lcthw/hashmap.c:Hashmap_get_node:205: TRY: 58
DEBUG: src/lcthw/hashmap.c:Hashmap_get_node:205: TRY: 59
DEBUG: src/lcthw/hashmap.c:Hashmap_get_node:205: TRY: 60
DEBUG: src/lcthw/hashmap.c:Hashmap_get_node:205: TRY: 61
DEBUG: src/lcthw/hashmap.c:Hashmap_get_node:205: TRY: 62
DEBUG: src/lcthw/hashmap.c:Hashmap_get_node:205: TRY: 63
DEBUG: src/lcthw/hashmap.c:Hashmap_get_node:205: TRY: 64
DEBUG: src/lcthw/hashmap.c:Hashmap_get_node:205: TRY: 65
DEBUG: src/lcthw/hashmap.c:Hashmap_get_node:205: TRY: 66
DEBUG: src/lcthw/hashmap.c:Hashmap_get_node:205: TRY: 67
DEBUG: src/lcthw/hashmap.c:Hashmap_get_node:205: TRY: 68
DEBUG: src/lcthw/hashmap.c:Hashmap_get_node:205: TRY: 69
DEBUG: src/lcthw/hashmap.c:Hashmap_get_node:205: TRY: 70
DEBUG: src/lcthw/hashmap.c:Hashmap_get_node:205: TRY: 71
DEBUG: src/lcthw/hashmap.c:Hashmap_get_node:205: TRY: 72
DEBUG: src/lcthw/hashmap.c:Hashmap_get_node:205: TRY: 73
DEBUG: src/lcthw/hashmap.c:Hashmap_get_node:205: TRY: 74
DEBUG: src/lcthw/hashmap.c:Hashmap_get_node:205: TRY: 75
DEBUG: src/lcthw/hashmap.c:Hashmap_get_node:205: TRY: 76
DEBUG: src/lcthw/hashmap.c:Hashmap_get_node:205: TRY: 77
DEBUG: src/lcthw/hashmap.c:Hashmap_get_node:205: TRY: 78
DEBUG: src/lcthw/hashmap.c:Hashmap_get_node:205: TRY: 79
DEBUG: src/lcthw/hashmap.c:Hashmap_get_node:205: TRY: 80
DEBUG: src/lcthw/hashmap.c:Hashmap_get_node:205: TRY: 81
DEBUG: src/lcthw/hashmap.c:Hashmap_get_node:205: TRY: 82
DEBUG: src/lcthw/hashmap.c:Hashmap_get_node:205: TRY: 83
DEBUG: src/lcthw/hashmap.c:Hashmap_get_node:205: TRY: 84
DEBUG: src/lcthw/hashmap.c:Hashmap_get_node:205: TRY: 85
DEBUG: src/lcthw/hashmap.c:Hashmap_get_node:205: TRY: 86
DEBUG: src/lcthw/hashmap.c:Hashmap_get_node:205: TRY: 87
DEBUG: src/lcthw/hashmap.c:Hashmap_get_node:205: TRY: 88
DEBUG: src/lcthw/hashmap.c:Hashmap_get_node:205: TRY: 89
DEBUG: src/lcthw/hashmap.c:Hashmap_get_node:205: TRY: 90
DEBUG: src/lcthw/hashmap.c:Hashmap_get_node:205: TRY: 91
DEBUG: src/lcthw/hashmap.c:Hashmap_get_node:205: TRY: 92
DEBUG: src/lcthw/hashmap.c:Hashmap_get_node:205: TRY: 93
DEBUG: src/lcthw/hashmap.c:Hashmap_get_node:205: TRY: 94
DEBUG: src/lcthw/hashmap.c:Hashmap_get_node:205: TRY: 0
DEBUG: src/lcthw/hashmap.c:Hashmap_get_node:205: TRY: 1
DEBUG: src/lcthw/hashmap.c:Hashmap_get_node:205: TRY: 2
DEBUG: src/lcthw/hashmap.c:Hashmap_get_node:205: TRY: 3
DEBUG: src/lcthw/hashmap.c:Hashmap_get_node:205: TRY: 4
DEBUG: src/lcthw/hashmap.c:Hashmap_get_node:205: TRY: 5
DEBUG: src/lcthw/hashmap.c:Hashmap_get_node:205: TRY: 6
DEBUG: src/lcthw/hashmap.c:Hashmap_get_node:205: TRY: 7
DEBUG: src/lcthw/hashmap.c:Hashmap_get_node:205: TRY: 8
DEBUG: src/lcthw/hashmap.c:Hashmap_get_node:205: TRY: 9
DEBUG: src/lcthw/hashmap.c:Hashmap_get_node:205: TRY: 10
DEBUG: src/lcthw/hashmap.c:Hashmap_get_node:205: TRY: 11
DEBUG: src/lcthw/hashmap.c:Hashmap_get_node:205: TRY: 12
DEBUG: src/lcthw/hashmap.c:Hashmap_get_node:205: TRY: 13
DEBUG: src/lcthw/hashmap.c:Hashmap_get_node:205: TRY: 14
DEBUG: src/lcthw/hashmap.c:Hashmap_get_node:205: TRY: 15
DEBUG: src/lcthw/hashmap.c:Hashmap_get_node:205: TRY: 16
DEBUG: src/lcthw/hashmap.c:Hashmap_get_node:205: TRY: 17
DEBUG: src/lcthw/hashmap.c:Hashmap_get_node:205: TRY: 18
DEBUG: src/lcthw/hashmap.c:Hashmap_get_node:205: TRY: 19
DEBUG: src/lcthw/hashmap.c:Hashmap_get_node:205: TRY: 20
DEBUG: src/lcthw/hashmap.c:Hashmap_get_node:205: TRY: 21
DEBUG: src/lcthw/hashmap.c:Hashmap_get_node:205: TRY: 22
DEBUG: src/lcthw/hashmap.c:Hashmap_get_node:205: TRY: 23
DEBUG: src/lcthw/hashmap.c:Hashmap_get_node:205: TRY: 24
DEBUG: src/lcthw/hashmap.c:Hashmap_get_node:205: TRY: 25
DEBUG: src/lcthw/hashmap.c:Hashmap_get_node:205: TRY: 26
DEBUG: src/lcthw/hashmap.c:Hashmap_get_node:205: TRY: 27
DEBUG: src/lcthw/hashmap.c:Hashmap_get_node:205: TRY: 28
DEBUG: src/lcthw/hashmap.c:Hashmap_get_node:205: TRY: 29
DEBUG: src/lcthw/hashmap.c:Hashmap_get_node:205: TRY: 30
DEBUG: src/lcthw/hashmap.c:Hashmap_get_node:205: TRY: 31
DEBUG: src/lcthw/hashmap.c:Hashmap_get_node:205: TRY: 32
DEBUG: src/lcthw/hashmap.c:Hashmap_get_node:205: TRY: 33
DEBUG: src/lcthw/hashmap.c:Hashmap_get_node:205: TRY: 34
DEBUG: src/lcthw/hashmap.c:Hashmap_get_node:205: TRY: 35
DEBUG: src/lcthw/hashmap.c:Hashmap_get_node:205: TRY: 36
DEBUG: src/lcthw/hashmap.c:Hashmap_get_node:205: TRY: 37
DEBUG: src/lcthw/hashmap.c:Hashmap_get_node:205: TRY: 38
DEBUG: src/lcthw/hashmap.c:Hashmap_get_node:205: TRY: 39
DEBUG: src/lcthw/hashmap.c:Hashmap_get_node:205: TRY: 40
DEBUG: src/lcthw/hashmap.c:Hashmap_get_node:205: TRY: 41
DEBUG: src/lcthw/hashmap.c:Hashmap_get_node:205: TRY: 42
DEBUG: src/lcthw/hashmap.c:Hashmap_get_node:205: TRY: 43
DEBUG: src/lcthw/hashmap.c:Hashmap_get_node:205: TRY: 44
DEBUG: src/lcthw/hashmap.c:Hashmap_get_node:205: TRY: 45
DEBUG: src/lcthw/hashmap.c:Hashmap_get_node:205: TRY: 46
DEBUG: src/lcthw/hashmap.c:Hashmap_get_node:205: TRY: 47
DEBUG: src/lcthw/hashmap.c:Hashmap_get_node:205: TRY: 48
DEBUG: src/lcthw/hashmap.c:Hashmap_get_node:205: TRY: 49
DEBUG: src/lcthw/hashmap.c:Hashmap_get_node:205: TRY: 50
DEBUG: src/lcthw/hashmap.c:Hashmap_get_node:205: TRY: 51
DEBUG: src/lcthw/hashmap.c:Hashmap_get_node:205: TRY: 52
DEBUG: src/lcthw/hashmap.c:Hashmap_get_node:205: TRY: 53
DEBUG: src/lcthw/hashmap.c:Hashmap_get_node:205: TRY: 54
DEBUG: src/lcthw/hashmap.c:Hashmap_get_node:205: TRY: 55
DEBUG: src/lcthw/hashmap.c:Hashmap_get_node:205: TRY: 56
DEBUG: src/lcthw/hashmap.c:Hashmap_get_node:205: TRY: 57
DEBUG: src/lcthw/hashmap.c:Hashmap_get_node:205: TRY: 58
DEBUG: src/lcthw/hashmap.c:Hashmap_get_node:205: TRY: 59
DEBUG: src/lcthw/hashmap.c:Hashmap_get_node:205: TRY: 60
DEBUG: src/lcthw/hashmap.c:Hashmap_get_node:205: TRY: 61
DEBUG: src/lcthw/hashmap.c:Hashmap_get_node:205: TRY: 62
DEBUG: src/lcthw/hashmap.c:Hashmap_get_node:205: TRY: 63
DEBUG: src/lcthw/hashmap.c:Hashmap_get_node:205: TRY: 64
DEBUG: src/lcthw/hashmap.c:Hashmap_get_node:205: TRY: 65
DEBUG: src/lcthw/hashmap.c:Hashmap_get_node:205: TRY: 66
DEBUG: src/lcthw/hashmap.c:Hashmap_get_node:205: TRY: 67
DEBUG: src/lcthw/hashmap.c:Hashmap_get_node:205: TRY: 68
DEBUG: src/lcthw/hashmap.c:Hashmap_get_node:205: TRY: 69
DEBUG: src/lcthw/hashmap.c:Hashmap_get_node:205: TRY: 70
DEBUG: src/lcthw/hashmap.c:Hashmap_get_node:205: TRY: 71
DEBUG: src/lcthw/hashmap.c:Hashmap_get_node:205: TRY: 72
DEBUG: src/lcthw/hashmap.c:Hashmap_get_node:205: TRY: 73
DEBUG: src/lcthw/hashmap.c:Hashmap_get_node:205: TRY: 74
DEBUG: src/lcthw/hashmap.c:Hashmap_get_node:205: TRY: 75
DEBUG: src/lcthw/hashmap.c:Hashmap_get_node:205: TRY: 76
DEBUG: src/lcthw/hashmap.c:Hashmap_get_node:205: TRY: 77
DEBUG: src/lcthw/hashmap.c:Hashmap_get_node:205: TRY: 78
DEBUG: src/lcthw/hashmap.c:Hashmap_get_node:205: TRY: 79
DEBUG: src/lcthw/hashmap.c:Hashmap_get_node:205: TRY: 80
DEBUG: src/lcthw/hashmap.c:Hashmap_get_node:205: TRY: 81
DEBUG: src/lcthw/hashmap.c:Hashmap_get_node:205: TRY: 82
DEBUG: src/lcthw/hashmap.c:Hashmap_get_node:205: TRY: 83
DEBUG: src/lcthw/hashmap.c:Hashmap_get_node:205: TRY: 84
DEBUG: src/lcthw/hashmap.c:Hashmap_get_node:205: TRY: 85
DEBUG: src/lcthw/hashmap.c:Hashmap_get_node:205: TRY: 86
DEBUG: src/lcthw/hashmap.c:Hashmap_get_node:205: TRY: 87
DEBUG: src/lcthw/hashmap.c:Hashmap_get_node:205: TRY: 0
DEBUG: src/lcthw/hashmap.c:Hashmap_get_node:205: TRY: 1
DEBUG: src/lcthw/hashmap.c:Hashmap_get_node:205: TRY: 2
DEBUG: src/lcthw/hashmap.c:Hashmap_get_node:205: TRY: 3
DEBUG: src/lcthw/hashmap.c:Hashmap_get_node:205: TRY: 4
DEBUG: src/lcthw/hashmap.c:Hashmap_get_node:205: TRY: 5
DEBUG: src/lcthw/hashmap.c:Hashmap_get_node:205: TRY: 6
DEBUG: src/lcthw/hashmap.c:Hashmap_get_node:205: TRY: 7
DEBUG: src/lcthw/hashmap.c:Hashmap_get_node:205: TRY: 8
DEBUG: src/lcthw/hashmap.c:Hashmap_get_node:205: TRY: 9
DEBUG: src/lcthw/hashmap.c:Hashmap_get_node:205: TRY: 10
DEBUG: src/lcthw/hashmap.c:Hashmap_get_node:205: TRY: 11
DEBUG: src/lcthw/hashmap.c:Hashmap_get_node:205: TRY: 12
DEBUG: src/lcthw/hashmap.c:Hashmap_get_node:205: TRY: 13
DEBUG: src/lcthw/hashmap.c:Hashmap_get_node:205: TRY: 14
DEBUG: src/lcthw/hashmap.c:Hashmap_get_node:205: TRY: 15
DEBUG: src/lcthw/hashmap.c:Hashmap_get_node:205: TRY: 16
DEBUG: src/lcthw/hashmap.c:Hashmap_get_node:205: TRY: 17
DEBUG: src/lcthw/hashmap.c:Hashmap_get_node:205: TRY: 18
DEBUG: src/lcthw/hashmap.c:Hashmap_get_node:205: TRY: 19
DEBUG: src/lcthw/hashmap.c:Hashmap_get_node:205: TRY: 20
DEBUG: src/lcthw/hashmap.c:Hashmap_get_node:205: TRY: 21
DEBUG: src/lcthw/hashmap.c:Hashmap_get_node:205: TRY: 22
DEBUG: src/lcthw/hashmap.c:Hashmap_get_node:205: TRY: 23
DEBUG: src/lcthw/hashmap.c:Hashmap_get_node:205: TRY: 24
DEBUG: src/lcthw/hashmap.c:Hashmap_get_node:205: TRY: 25
DEBUG: src/lcthw/hashmap.c:Hashmap_get_node:205: TRY: 26
DEBUG: src/lcthw/hashmap.c:Hashmap_get_node:205: TRY: 27
DEBUG: src/lcthw/hashmap.c:Hashmap_get_node:205: TRY: 28
DEBUG: src/lcthw/hashmap.c:Hashmap_get_node:205: TRY: 29
DEBUG: src/lcthw/hashmap.c:Hashmap_get_node:205: TRY: 30
DEBUG: src/lcthw/hashmap.c:Hashmap_get_node:205: TRY: 31
DEBUG: src/lcthw/hashmap.c:Hashmap_get_node:205: TRY: 32
DEBUG: src/lcthw/hashmap.c:Hashmap_get_node:205: TRY: 33
DEBUG: src/lcthw/hashmap.c:Hashmap_get_node:205: TRY: 34
DEBUG: src/lcthw/hashmap.c:Hashmap_get_node:205: TRY: 35
DEBUG: src/lcthw/hashmap.c:Hashmap_get_node:205: TRY: 36
DEBUG: src/lcthw/hashmap.c:Hashmap_get_node:205: TRY: 37
DEBUG: src/lcthw/hashmap.c:Hashmap_get_node:205: TRY: 38
DEBUG: src/lcthw/hashmap.c:Hashmap_get_node:205: TRY: 39
DEBUG: src/lcthw/hashmap.c:Hashmap_get_node:205: TRY: 40
DEBUG: src/lcthw/hashmap.c:Hashmap_get_node:205: TRY: 41
DEBUG: src/lcthw/hashmap.c:Hashmap_get_node:205: TRY: 42
DEBUG: src/lcthw/hashmap.c:Hashmap_get_node:205: TRY: 43
DEBUG: src/lcthw/hashmap.c:Hashmap_get_node:205: TRY: 44
DEBUG: src/lcthw/hashmap.c:Hashmap_get_node:205: TRY: 45
DEBUG: src/lcthw/hashmap.c:Hashmap_get_node:205: TRY: 46
DEBUG: src/lcthw/hashmap.c:Hashmap_get_node:205: TRY: 47
DEBUG: src/lcthw/hashmap.c:Hashmap_get_node:205: TRY: 48
DEBUG: src/lcthw/hashmap.c:Hashmap_get_node:205: TRY: 49
DEBUG: src/lcthw/hashmap.c:Hashmap_get_node:205: TRY: 50
DEBUG: src/lcthw/hashmap.c:Hashmap_get_node:205: TRY: 51
DEBUG: src/lcthw/hashmap.c:Hashmap_get_node:205: TRY: 52
DEBUG: src/lcthw/hashmap.c:Hashmap_get_node:205: TRY: 53
DEBUG: src/lcthw/hashmap.c:Hashmap_get_node:205: TRY: 54
DEBUG: src/lcthw/hashmap.c:Hashmap_get_node:205: TRY: 55
DEBUG: src/lcthw/hashmap.c:Hashmap_get_node:205: TRY: 56
DEBUG: src/lcthw/hashmap.c:Hashmap_get_node:205: TRY: 57
DEBUG: src/lcthw/hashmap.c:Hashmap_get_node:205: TRY: 58
DEBUG: src/lcthw/hashmap.c:Hashmap_get_node:205: TRY: 59
DEBUG: src/lcthw/hashmap.c:Hashmap_get_node:205: TRY: 60
DEBUG: src/lcthw/hashmap.c:Hashmap_get_node:205: TRY: 61
DEBUG: src/lcthw/hashmap.c:Hashmap_get_node:205: TRY: 62
DEBUG: src/lcthw/hashmap.c:Hashmap_get_node:205: TRY: 63
DEBUG: src/lcthw/hashmap.c:Hashmap_get_node:205: TRY: 64
DEBUG: src/lcthw/hashmap.c:Hashmap_get_node:205: TRY: 65
DEBUG: src/lcthw/hashmap.c:Hashmap_get_node:205: TRY: 66
DEBUG: src/lcthw/hashmap.c:Hashmap_get_node:205: TRY: 67
DEBUG: src/lcthw/hashmap.c:Hashmap_get_node:205: TRY: 68
DEBUG: src/lcthw/hashmap.c:Hashmap_get_node:205: TRY: 69
DEBUG: src/lcthw/hashmap.c:Hashmap_get_node:205: TRY: 70
DEBUG: src/lcthw/hashmap.c:Hashmap_get_node:205: TRY: 71
DEBUG: src/lcthw/hashmap.c:Hashmap_get_node:205: TRY: 72
DEBUG: src/lcthw/hashmap.c:Hashmap_get_node:205: TRY: 73
DEBUG: src/lcthw/hashmap.c:Hashmap_get_node:205: TRY: 74
DEBUG: src/lcthw/hashmap.c:Hashmap_get_node:205: TRY: 75
DEBUG: src/lcthw/hashmap.c:Hashmap_get_node:205: TRY: 76
DEBUG: src/lcthw/hashmap.c:Hashmap_get_node:205: TRY: 77
DEBUG: src/lcthw/hashmap.c:Hashmap_get_node:205: TRY: 78
DEBUG: src/lcthw/hashmap.c:Hashmap_get_node:205: TRY: 79
DEBUG: src/lcthw/hashmap.c:Hashmap_get_node:205: TRY: 80
DEBUG: src/lcthw/hashmap.c:Hashmap_get_node:205: TRY: 81
DEBUG: src/lcthw/hashmap.c:Hashmap_get_node:205: TRY: 82
DEBUG: src/lcthw/hashmap.c:Hashmap_get_node:205: TRY: 83
DEBUG: src/lcthw/hashmap.c:Hashmap_get_node:205: TRY: 84
DEBUG: src/lcthw/hashmap.c:Hashmap_get_node:205: TRY: 85
DEBUG: src/lcthw/hashmap.c:Hashmap_get_node:205: TRY: 86
DEBUG: src/lcthw/hashmap.c:Hashmap_get_node:205: TRY: 87
DEBUG: src/lcthw/hashmap.c:Hashmap_get_node:205: TRY: 88
DEBUG: src/lcthw/hashmap.c:Hashmap_get_node:205: TRY: 89
DEBUG: src/lcthw/hashmap.c:Hashmap_get_node:205: TRY: 90
DEBUG: src/lcthw/hashmap.c:Hashmap_get_node:205: TRY: 91
DEBUG: src/lcthw/hashmap.c:Hashmap_get_node:205: TRY: 92
DEBUG: src/lcthw/hashmap.c:Hashmap_get_node:205: TRY: 93
DEBUG: src/lcthw/hashmap.c:Hashmap_get_node:205: TRY: 94
DEBUG: src/lcthw/hashmap.c:Hashmap_get_node:205: TRY: 95
DEBUG: src/lcthw/hashmap.c:Hashmap_get_node:205: TRY: 0
DEBUG: src/lcthw/hashmap.c:Hashmap_get_node:205: TRY: 1
DEBUG: src/lcthw/hashmap.c:Hashmap_get_node:205: TRY: 2
DEBUG: src/lcthw/hashmap.c:Hashmap_get_node:205: TRY: 3
DEBUG: src/lcthw/hashmap.c:Hashmap_get_node:205: TRY: 4
DEBUG: src/lcthw/hashmap.c:Hashmap_get_node:205: TRY: 5
DEBUG: src/lcthw/hashmap.c:Hashmap_get_node:205: TRY: 6
DEBUG: src/lcthw/hashmap.c:Hashmap_get_node:205: TRY: 7
DEBUG: src/lcthw/hashmap.c:Hashmap_get_node:205: TRY: 8
DEBUG: src/lcthw/hashmap.c:Hashmap_get_node:205: TRY: 9
DEBUG: src/lcthw/hashmap.c:Hashmap_get_node:205: TRY: 10
DEBUG: src/lcthw/hashmap.c:Hashmap_get_node:205: TRY: 11
DEBUG: src/lcthw/hashmap.c:Hashmap_get_node:205: TRY: 12
DEBUG: src/lcthw/hashmap.c:Hashmap_get_node:205: TRY: 13
DEBUG: src/lcthw/hashmap.c:Hashmap_get_node:205: TRY: 14
DEBUG: src/lcthw/hashmap.c:Hashmap_get_node:205: TRY: 15
DEBUG: src/lcthw/hashmap.c:Hashmap_get_node:205: TRY: 16
DEBUG: src/lcthw/hashmap.c:Hashmap_get_node:205: TRY: 17
DEBUG: src/lcthw/hashmap.c:Hashmap_get_node:205: TRY: 18
DEBUG: src/lcthw/hashmap.c:Hashmap_get_node:205: TRY: 19
DEBUG: src/lcthw/hashmap.c:Hashmap_get_node:205: TRY: 20
DEBUG: src/lcthw/hashmap.c:Hashmap_get_node:205: TRY: 21
DEBUG: src/lcthw/hashmap.c:Hashmap_get_node:205: TRY: 22
DEBUG: src/lcthw/hashmap.c:Hashmap_get_node:205: TRY: 23
DEBUG: src/lcthw/hashmap.c:Hashmap_get_node:205: TRY: 24
DEBUG: src/lcthw/hashmap.c:Hashmap_get_node:205: TRY: 25
DEBUG: src/lcthw/hashmap.c:Hashmap_get_node:205: TRY: 26
DEBUG: src/lcthw/hashmap.c:Hashmap_get_node:205: TRY: 27
DEBUG: src/lcthw/hashmap.c:Hashmap_get_node:205: TRY: 28
DEBUG: src/lcthw/hashmap.c:Hashmap_get_node:205: TRY: 29
DEBUG: src/lcthw/hashmap.c:Hashmap_get_node:205: TRY: 30
DEBUG: src/lcthw/hashmap.c:Hashmap_get_node:205: TRY: 31
DEBUG: src/lcthw/hashmap.c:Hashmap_get_node:205: TRY: 32
DEBUG: src/lcthw/hashmap.c:Hashmap_get_node:205: TRY: 33
DEBUG: src/lcthw/hashmap.c:Hashmap_get_node:205: TRY: 34
DEBUG: src/lcthw/hashmap.c:Hashmap_get_node:205: TRY: 35
DEBUG: src/lcthw/hashmap.c:Hashmap_get_node:205: TRY: 36
DEBUG: src/lcthw/hashmap.c:Hashmap_get_node:205: TRY: 37
DEBUG: src/lcthw/hashmap.c:Hashmap_get_node:205: TRY: 38
DEBUG: src/lcthw/hashmap.c:Hashmap_get_node:205: TRY: 39
DEBUG: src/lcthw/hashmap.c:Hashmap_get_node:205: TRY: 40
DEBUG: src/lcthw/hashmap.c:Hashmap_get_node:205: TRY: 41
DEBUG: src/lcthw/hashmap.c:Hashmap_get_node:205: TRY: 42
DEBUG: src/lcthw/hashmap.c:Hashmap_get_node:205: TRY: 43
DEBUG: src/lcthw/hashmap.c:Hashmap_get_node:205: TRY: 44
DEBUG: src/lcthw/hashmap.c:Hashmap_get_node:205: TRY: 45
DEBUG: src/lcthw/hashmap.c:Hashmap_get_node:205: TRY: 46
DEBUG: src/lcthw/hashmap.c:Hashmap_get_node:205: TRY: 47
DEBUG: src/lcthw/hashmap.c:Hashmap_get_node:205: TRY: 48
DEBUG: src/lcthw/hashmap.c:Hashmap_get_node:205: TRY: 49
DEBUG: src/lcthw/hashmap.c:Hashmap_get_node:205: TRY: 50
DEBUG: src/lcthw/hashmap.c:Hashmap_get_node:205: TRY: 51
DEBUG: src/lcthw/hashmap.c:Hashmap_get_node:205: TRY: 52
DEBUG: src/lcthw/hashmap.c:Hashmap_get_node:205: TRY: 53
DEBUG: src/lcthw/hashmap.c:Hashmap_get_node:205: TRY: 54
DEBUG: src/lcthw/hashmap.c:Hashmap_get_node:205: TRY: 55
DEBUG: src/lcthw/hashmap.c:Hashmap_get_node:205: TRY: 56
DEBUG: src/lcthw/hashmap.c:Hashmap_get_node:205: TRY: 57
DEBUG: src/lcthw/hashmap.c:Hashmap_get_node:205: TRY: 58
DEBUG: src/lcthw/hashmap.c:Hashmap_get_node:205: TRY: 59
DEBUG: src/lcthw/hashmap.c:Hashmap_get_node:205: TRY: 60
DEBUG: src/lcthw/hashmap.c:Hashmap_get_node:205: TRY: 61
DEBUG: src/lcthw/hashmap.c:Hashmap_get_node:205: TRY: 62
DEBUG: src/lcthw/hashmap.c:Hashmap_get_node:205: TRY: 63
DEBUG: src/lcthw/hashmap.c:Hashmap_get_node:205: TRY: 64
DEBUG: src/lcthw/hashmap.c:Hashmap_get_node:205: TRY: 65
DEBUG: src/lcthw/hashmap.c:Hashmap_get_node:205: TRY: 66
DEBUG: src/lcthw/hashmap.c:Hashmap_get_node:205: TRY: 67
DEBUG: src/lcthw/hashmap.c:Hashmap_get_node:205: TRY: 68
DEBUG: src/lcthw/hashmap.c:Hashmap_get_node:205: TRY: 69
DEBUG: src/lcthw/hashmap.c:Hashmap_get_node:205: TRY: 70
DEBUG: src/lcthw/hashmap.c:Hashmap_get_node:205: TRY: 71
DEBUG: src/lcthw/hashmap.c:Hashmap_get_node:205: TRY: 72
DEBUG: src/lcthw/hashmap.c:Hashmap_get_node:205: TRY: 73
DEBUG: src/lcthw/hashmap.c:Hashmap_get_node:205: TRY: 74
DEBUG: src/lcthw/hashmap.c:Hashmap_get_node:205: TRY: 75
DEBUG: src/lcthw/hashmap.c:Hashmap_get_node:205: TRY: 76
DEBUG: src/lcthw/hashmap.c:Hashmap_get_node:205: TRY: 77
DEBUG: src/lcthw/hashmap.c:Hashmap_get_node:205: TRY: 78
DEBUG: src/lcthw/hashmap.c:Hashmap_get_node:205: TRY: 79
DEBUG: src/lcthw/hashmap.c:Hashmap_get_node:205: TRY: 0
DEBUG: src/lcthw/hashmap.c:Hashmap_get_node:205: TRY: 1
DEBUG: src/lcthw/hashmap.c:Hashmap_get_node:205: TRY: 2
DEBUG: src/lcthw/hashmap.c:Hashmap_get_node:205: TRY: 3
DEBUG: src/lcthw/hashmap.c:Hashmap_get_node:205: TRY: 4
DEBUG: src/lcthw/hashmap.c:Hashmap_get_node:205: TRY: 5
DEBUG: src/lcthw/hashmap.c:Hashmap_get_node:205: TRY: 6
DEBUG: src/lcthw/hashmap.c:Hashmap_get_node:205: TRY: 7
DEBUG: src/lcthw/hashmap.c:Hashmap_get_node:205: TRY: 8
DEBUG: src/lcthw/hashmap.c:Hashmap_get_node:205: TRY: 9
DEBUG: src/lcthw/hashmap.c:Hashmap_get_node:205: TRY: 10
DEBUG: src/lcthw/hashmap.c:Hashmap_get_node:205: TRY: 11
DEBUG: src/lcthw/hashmap.c:Hashmap_get_node:205: TRY: 12
DEBUG: src/lcthw/hashmap.c:Hashmap_get_node:205: TRY: 13
DEBUG: src/lcthw/hashmap.c:Hashmap_get_node:205: TRY: 14
DEBUG: src/lcthw/hashmap.c:Hashmap_get_node:205: TRY: 15
DEBUG: src/lcthw/hashmap.c:Hashmap_get_node:205: TRY: 16
DEBUG: src/lcthw/hashmap.c:Hashmap_get_node:205: TRY: 17
DEBUG: src/lcthw/hashmap.c:Hashmap_get_node:205: TRY: 18
DEBUG: src/lcthw/hashmap.c:Hashmap_get_node:205: TRY: 19
DEBUG: src/lcthw/hashmap.c:Hashmap_get_node:205: TRY: 20
DEBUG: src/lcthw/hashmap.c:Hashmap_get_node:205: TRY: 21
DEBUG: src/lcthw/hashmap.c:Hashmap_get_node:205: TRY: 22
DEBUG: src/lcthw/hashmap.c:Hashmap_get_node:205: TRY: 23
DEBUG: src/lcthw/hashmap.c:Hashmap_get_node:205: TRY: 24
DEBUG: src/lcthw/hashmap.c:Hashmap_get_node:205: TRY: 25
DEBUG: src/lcthw/hashmap.c:Hashmap_get_node:205: TRY: 26
DEBUG: src/lcthw/hashmap.c:Hashmap_get_node:205: TRY: 27
DEBUG: src/lcthw/hashmap.c:Hashmap_get_node:205: TRY: 28
DEBUG: src/lcthw/hashmap.c:Hashmap_get_node:205: TRY: 29
DEBUG: src/lcthw/hashmap.c:Hashmap_get_node:205: TRY: 30
DEBUG: src/lcthw/hashmap.c:Hashmap_get_node:205: TRY: 31
DEBUG: src/lcthw/hashmap.c:Hashmap_get_node:205: TRY: 32
DEBUG: src/lcthw/hashmap.c:Hashmap_get_node:205: TRY: 33
DEBUG: src/lcthw/hashmap.c:Hashmap_get_node:205: TRY: 34
DEBUG: src/lcthw/hashmap.c:Hashmap_get_node:205: TRY: 35
DEBUG: src/lcthw/hashmap.c:Hashmap_get_node:205: TRY: 36
DEBUG: src/lcthw/hashmap.c:Hashmap_get_node:205: TRY: 37
DEBUG: src/lcthw/hashmap.c:Hashmap_get_node:205: TRY: 38
DEBUG: src/lcthw/hashmap.c:Hashmap_get_node:205: TRY: 39
DEBUG: src/lcthw/hashmap.c:Hashmap_get_node:205: TRY: 40
DEBUG: src/lcthw/hashmap.c:Hashmap_get_node:205: TRY: 41
DEBUG: src/lcthw/hashmap.c:Hashmap_get_node:205: TRY: 42
DEBUG: src/lcthw/hashmap.c:Hashmap_get_node:205: TRY: 43
DEBUG: src/lcthw/hashmap.c:Hashmap_get_node:205: TRY: 44
DEBUG: src/lcthw/hashmap.c:Hashmap_get_node:205: TRY: 45
DEBUG: src/lcthw/hashmap.c:Hashmap_get_node:205: TRY: 46
DEBUG: src/lcthw/hashmap.c:Hashmap_get_node:205: TRY: 47
DEBUG: src/lcthw/hashmap.c:Hashmap_get_node:205: TRY: 48
DEBUG: src/lcthw/hashmap.c:Hashmap_get_node:205: TRY: 49
DEBUG: src/lcthw/hashmap.c:Hashmap_get_node:205: TRY: 50
DEBUG: src/lcthw/hashmap.c:Hashmap_get_node:205: TRY: 51
DEBUG: src/lcthw/hashmap.c:Hashmap_get_node:205: TRY: 52
DEBUG: src/lcthw/hashmap.c:Hashmap_get_node:205: TRY: 53
DEBUG: src/lcthw/hashmap.c:Hashmap_get_node:205: TRY: 54
DEBUG: src/lcthw/hashmap.c:Hashmap_get_node:205: TRY: 55
DEBUG: src/lcthw/hashmap.c:Hashmap_get_node:205: TRY: 56
DEBUG: src/lcthw/hashmap.c:Hashmap_get_node:205: TRY: 57
DEBUG: src/lcthw/hashmap.c:Hashmap_get_node:205: TRY: 58
DEBUG: src/lcthw/hashmap.c:Hashmap_get_node:205: TRY: 59
DEBUG: src/lcthw/hashmap.c:Hashmap_get_node:205: TRY: 60
DEBUG: src/lcthw/hashmap.c:Hashmap_get_node:205: TRY: 61
DEBUG: src/lcthw/hashmap.c:Hashmap_get_node:205: TRY: 62
DEBUG: src/lcthw/hashmap.c:Hashmap_get_node:205: TRY: 63
DEBUG: src/lcthw/hashmap.c:Hashmap_get_node:205: TRY: 64
DEBUG: src/lcthw/hashmap.c:Hashmap_get_node:205: TRY: 65
DEBUG: src/lcthw/hashmap.c:Hashmap_get_node:205: TRY: 66
DEBUG: src/lcthw/hashmap.c:Hashmap_get_node:205: TRY: 67
DEBUG: src/lcthw/hashmap.c:Hashmap_get_node:205: TRY: 68
DEBUG: src/lcthw/hashmap.c:Hashmap_get_node:205: TRY: 69
DEBUG: src/lcthw/hashmap.c:Hashmap_get_node:205: TRY: 70
DEBUG: src/lcthw/hashmap.c:Hashmap_get_node:205: TRY: 71
DEBUG: src/lcthw/hashmap.c:Hashmap_get_node:205: TRY: 72
DEBUG: src/lcthw/hashmap.c:Hashmap_get_node:205: TRY: 73
DEBUG: src/lcthw/hashmap.c:Hashmap_get_node:205: TRY: 74
DEBUG: src/lcthw/hashmap.c:Hashmap_get_node:205: TRY: 75
DEBUG: src/lcthw/hashmap.c:Hashmap_get_node:205: TRY: 76
DEBUG: src/lcthw/hashmap.c:Hashmap_get_node:205: TRY: 77
DEBUG: src/lcthw/hashmap.c:Hashmap_get_node:205: TRY: 78
DEBUG: src/lcthw/hashmap.c:Hashmap_get_node:205: TRY: 79
DEBUG: src/lcthw/hashmap.c:Hashmap_get_node:205: TRY: 80
DEBUG: src/lcthw/hashmap.c:Hashmap_get_node:205: TRY: 0
DEBUG: src/lcthw/hashmap.c:Hashmap_get_node:205: TRY: 1
DEBUG: src/lcthw/hashmap.c:Hashmap_get_node:205: TRY: 2
DEBUG: src/lcthw/hashmap.c:Hashmap_get_node:205: TRY: 3
DEBUG: src/lcthw/hashmap.c:Hashmap_get_node:205: TRY: 4
DEBUG: src/lcthw/hashmap.c:Hashmap_get_node:205: TRY: 5
DEBUG: src/lcthw/hashmap.c:Hashmap_get_node:205: TRY: 6
DEBUG: src/lcthw/hashmap.c:Hashmap_get_node:205: TRY: 7
DEBUG: src/lcthw/hashmap.c:Hashmap_get_node:205: TRY: 8
DEBUG: src/lcthw/hashmap.c:Hashmap_get_node:205: TRY: 9
DEBUG: src/lcthw/hashmap.c:Hashmap_get_node:205: TRY: 10
DEBUG: src/lcthw/hashmap.c:Hashmap_get_node:205: TRY: 11
DEBUG: src/lcthw/hashmap.c:Hashmap_get_node:205: TRY: 12
DEBUG: src/lcthw/hashmap.c:Hashmap_get_node:205: TRY: 13
DEBUG: src/lcthw/hashmap.c:Hashmap_get_node:205: TRY: 14
DEBUG: src/lcthw/hashmap.c:Hashmap_get_node:205: TRY: 15
DEBUG: src/lcthw/hashmap.c:Hashmap_get_node:205: TRY: 16
DEBUG: src/lcthw/hashmap.c:Hashmap_get_node:205: TRY: 17
DEBUG: src/lcthw/hashmap.c:Hashmap_get_node:205: TRY: 18
DEBUG: src/lcthw/hashmap.c:Hashmap_get_node:205: TRY: 19
DEBUG: src/lcthw/hashmap.c:Hashmap_get_node:205: TRY: 20
DEBUG: src/lcthw/hashmap.c:Hashmap_get_node:205: TRY: 21
DEBUG: src/lcthw/hashmap.c:Hashmap_get_node:205: TRY: 22
DEBUG: src/lcthw/hashmap.c:Hashmap_get_node:205: TRY: 23
DEBUG: src/lcthw/hashmap.c:Hashmap_get_node:205: TRY: 24
DEBUG: src/lcthw/hashmap.c:Hashmap_get_node:205: TRY: 25
DEBUG: src/lcthw/hashmap.c:Hashmap_get_node:205: TRY: 26
DEBUG: src/lcthw/hashmap.c:Hashmap_get_node:205: TRY: 27
DEBUG: src/lcthw/hashmap.c:Hashmap_get_node:205: TRY: 28
DEBUG: src/lcthw/hashmap.c:Hashmap_get_node:205: TRY: 29
DEBUG: src/lcthw/hashmap.c:Hashmap_get_node:205: TRY: 30
DEBUG: src/lcthw/hashmap.c:Hashmap_get_node:205: TRY: 31
DEBUG: src/lcthw/hashmap.c:Hashmap_get_node:205: TRY: 32
DEBUG: src/lcthw/hashmap.c:Hashmap_get_node:205: TRY: 33
DEBUG: src/lcthw/hashmap.c:Hashmap_get_node:205: TRY: 34
DEBUG: src/lcthw/hashmap.c:Hashmap_get_node:205: TRY: 35
DEBUG: src/lcthw/hashmap.c:Hashmap_get_node:205: TRY: 36
DEBUG: src/lcthw/hashmap.c:Hashmap_get_node:205: TRY: 37
DEBUG: src/lcthw/hashmap.c:Hashmap_get_node:205: TRY: 38
DEBUG: src/lcthw/hashmap.c:Hashmap_get_node:205: TRY: 39
DEBUG: src/lcthw/hashmap.c:Hashmap_get_node:205: TRY: 40
DEBUG: src/lcthw/hashmap.c:Hashmap_get_node:205: TRY: 41
DEBUG: src/lcthw/hashmap.c:Hashmap_get_node:205: TRY: 42
DEBUG: src/lcthw/hashmap.c:Hashmap_get_node:205: TRY: 43
DEBUG: src/lcthw/hashmap.c:Hashmap_get_node:205: TRY: 44
DEBUG: src/lcthw/hashmap.c:Hashmap_get_node:205: TRY: 45
DEBUG: src/lcthw/hashmap.c:Hashmap_get_node:205: TRY: 46
DEBUG: src/lcthw/hashmap.c:Hashmap_get_node:205: TRY: 47
DEBUG: src/lcthw/hashmap.c:Hashmap_get_node:205: TRY: 48
DEBUG: src/lcthw/hashmap.c:Hashmap_get_node:205: TRY: 49
DEBUG: src/lcthw/hashmap.c:Hashmap_get_node:205: TRY: 50
DEBUG: src/lcthw/hashmap.c:Hashmap_get_node:205: TRY: 51
DEBUG: src/lcthw/hashmap.c:Hashmap_get_node:205: TRY: 52
DEBUG: src/lcthw/hashmap.c:Hashmap_get_node:205: TRY: 53
DEBUG: src/lcthw/hashmap.c:Hashmap_get_node:205: TRY: 54
DEBUG: src/lcthw/hashmap.c:Hashmap_get_node:205: TRY: 55
DEBUG: src/lcthw/hashmap.c:Hashmap_get_node:205: TRY: 56
DEBUG: src/lcthw/hashmap.c:Hashmap_get_node:205: TRY: 57
DEBUG: src/lcthw/hashmap.c:Hashmap_get_node:205: TRY: 58
DEBUG: src/lcthw/hashmap.c:Hashmap_get_node:205: TRY: 59
DEBUG: src/lcthw/hashmap.c:Hashmap_get_node:205: TRY: 60
DEBUG: src/lcthw/hashmap.c:Hashmap_get_node:205: TRY: 61
DEBUG: src/lcthw/hashmap.c:Hashmap_get_node:205: TRY: 62
DEBUG: src/lcthw/hashmap.c:Hashmap_get_node:205: TRY: 63
DEBUG: src/lcthw/hashmap.c:Hashmap_get_node:205: TRY: 64
DEBUG: src/lcthw/hashmap.c:Hashmap_get_node:205: TRY: 65
DEBUG: src/lcthw/hashmap.c:Hashmap_get_node:205: TRY: 66
DEBUG: src/lcthw/hashmap.c:Hashmap_get_node:205: TRY: 67
DEBUG: src/lcthw/hashmap.c:Hashmap_get_node:205: TRY: 68
DEBUG: src/lcthw/hashmap.c:Hashmap_get_node:205: TRY: 69
DEBUG: src/lcthw/hashmap.c:Hashmap_get_node:205: TRY: 70
DEBUG: src/lcthw/hashmap.c:Hashmap_get_node:205: TRY: 71
DEBUG: src/lcthw/hashmap.c:Hashmap_get_node:205: TRY: 72
DEBUG: src/lcthw/hashmap.c:Hashmap_get_node:205: TRY: 73
DEBUG: src/lcthw/hashmap.c:Hashmap_get_node:205: TRY: 74
DEBUG: src/lcthw/hashmap.c:Hashmap_get_node:205: TRY: 75
DEBUG: src/lcthw/hashmap.c:Hashmap_get_node:205: TRY: 76
DEBUG: src/lcthw/hashmap.c:Hashmap_get_node:205: TRY: 77
DEBUG: src/lcthw/hashmap.c:Hashmap_get_node:205: TRY: 78
DEBUG: src/lcthw/hashmap.c:Hashmap_get_node:205: TRY: 79
DEBUG: src/lcthw/hashmap.c:Hashmap_get_node:205: TRY: 80
DEBUG: src/lcthw/hashmap.c:Hashmap_get_node:205: TRY: 81
DEBUG: src/lcthw/hashmap.c:Hashmap_get_node:205: TRY: 82
DEBUG: src/lcthw/hashmap.c:Hashmap_get_node:205: TRY: 83
DEBUG: src/lcthw/hashmap.c:Hashmap_get_node:205: TRY: 84
DEBUG: src/lcthw/hashmap.c:Hashmap_get_node:205: TRY: 85
DEBUG: src/lcthw/hashmap.c:Hashmap_get_node:205: TRY: 86
DEBUG: src/lcthw/hashmap.c:Hashmap_get_node:205: TRY: 87
DEBUG: src/lcthw/hashmap.c:Hashmap_get_node:205: TRY: 88
DEBUG: src/lcthw/hashmap.c:Hashmap_get_node:205: TRY: 0
DEBUG: src/lcthw/hashmap.c:Hashmap_get_node:205: TRY: 1
DEBUG: src/lcthw/hashmap.c:Hashmap_get_node:205: TRY: 2
DEBUG: src/lcthw/hashmap.c:Hashmap_get_node:205: TRY: 3
DEBUG: src/lcthw/hashmap.c:Hashmap_get_node:205: TRY: 4
DEBUG: src/lcthw/hashmap.c:Hashmap_get_node:205: TRY: 5
DEBUG: src/lcthw/hashmap.c:Hashmap_get_node:205: TRY: 6
DEBUG: src/lcthw/hashmap.c:Hashmap_get_node:205: TRY: 7
DEBUG: src/lcthw/hashmap.c:Hashmap_get_node:205: TRY: 8
DEBUG: src/lcthw/hashmap.c:Hashmap_get_node:205: TRY: 9
DEBUG: src/lcthw/hashmap.c:Hashmap_get_node:205: TRY: 10
DEBUG: src/lcthw/hashmap.c:Hashmap_get_node:205: TRY: 11
DEBUG: src/lcthw/hashmap.c:Hashmap_get_node:205: TRY: 12
DEBUG: src/lcthw/hashmap.c:Hashmap_get_node:205: TRY: 13
DEBUG: src/lcthw/hashmap.c:Hashmap_get_node:205: TRY: 14
DEBUG: src/lcthw/hashmap.c:Hashmap_get_node:205: TRY: 15
DEBUG: src/lcthw/hashmap.c:Hashmap_get_node:205: TRY: 16
DEBUG: src/lcthw/hashmap.c:Hashmap_get_node:205: TRY: 17
DEBUG: src/lcthw/hashmap.c:Hashmap_get_node:205: TRY: 18
DEBUG: src/lcthw/hashmap.c:Hashmap_get_node:205: TRY: 19
DEBUG: src/lcthw/hashmap.c:Hashmap_get_node:205: TRY: 20
DEBUG: src/lcthw/hashmap.c:Hashmap_get_node:205: TRY: 21
DEBUG: src/lcthw/hashmap.c:Hashmap_get_node:205: TRY: 22
DEBUG: src/lcthw/hashmap.c:Hashmap_get_node:205: TRY: 23
DEBUG: src/lcthw/hashmap.c:Hashmap_get_node:205: TRY: 24
DEBUG: src/lcthw/hashmap.c:Hashmap_get_node:205: TRY: 25
DEBUG: src/lcthw/hashmap.c:Hashmap_get_node:205: TRY: 26
DEBUG: src/lcthw/hashmap.c:Hashmap_get_node:205: TRY: 27
DEBUG: src/lcthw/hashmap.c:Hashmap_get_node:205: TRY: 28
DEBUG: src/lcthw/hashmap.c:Hashmap_get_node:205: TRY: 29
DEBUG: src/lcthw/hashmap.c:Hashmap_get_node:205: TRY: 30
DEBUG: src/lcthw/hashmap.c:Hashmap_get_node:205: TRY: 31
DEBUG: src/lcthw/hashmap.c:Hashmap_get_node:205: TRY: 32
DEBUG: src/lcthw/hashmap.c:Hashmap_get_node:205: TRY: 33
DEBUG: src/lcthw/hashmap.c:Hashmap_get_node:205: TRY: 34
DEBUG: src/lcthw/hashmap.c:Hashmap_get_node:205: TRY: 35
DEBUG: src/lcthw/hashmap.c:Hashmap_get_node:205: TRY: 36
DEBUG: src/lcthw/hashmap.c:Hashmap_get_node:205: TRY: 37
DEBUG: src/lcthw/hashmap.c:Hashmap_get_node:205: TRY: 38
DEBUG: src/lcthw/hashmap.c:Hashmap_get_node:205: TRY: 39
DEBUG: src/lcthw/hashmap.c:Hashmap_get_node:205: TRY: 40
DEBUG: src/lcthw/hashmap.c:Hashmap_get_node:205: TRY: 41
DEBUG: src/lcthw/hashmap.c:Hashmap_get_node:205: TRY: 42
DEBUG: src/lcthw/hashmap.c:Hashmap_get_node:205: TRY: 43
DEBUG: src/lcthw/hashmap.c:Hashmap_get_node:205: TRY: 44
DEBUG: src/lcthw/hashmap.c:Hashmap_get_node:205: TRY: 45
DEBUG: src/lcthw/hashmap.c:Hashmap_get_node:205: TRY: 46
DEBUG: src/lcthw/hashmap.c:Hashmap_get_node:205: TRY: 47
DEBUG: src/lcthw/hashmap.c:Hashmap_get_node:205: TRY: 48
DEBUG: src/lcthw/hashmap.c:Hashmap_get_node:205: TRY: 49
DEBUG: src/lcthw/hashmap.c:Hashmap_get_node:205: TRY: 50
DEBUG: src/lcthw/hashmap.c:Hashmap_get_node:205: TRY: 51
DEBUG: src/lcthw/hashmap.c:Hashmap_get_node:205: TRY: 52
DEBUG: src/lcthw/hashmap.c:Hashmap_get_node:205: TRY: 53
DEBUG: src/lcthw/hashmap.c:Hashmap_get_node:205: TRY: 54
DEBUG: src/lcthw/hashmap.c:Hashmap_get_node:205: TRY: 55
DEBUG: src/lcthw/hashmap.c:Hashmap_get_node:205: TRY: 56
DEBUG: src/lcthw/hashmap.c:Hashmap_get_node:205: TRY: 57
DEBUG: src/lcthw/hashmap.c:Hashmap_get_node:205: TRY: 58
DEBUG: src/lcthw/hashmap.c:Hashmap_get_node:205: TRY: 59
DEBUG: src/lcthw/hashmap.c:Hashmap_get_node:205: TRY: 60
DEBUG: src/lcthw/hashmap.c:Hashmap_get_node:205: TRY: 61
DEBUG: src/lcthw/hashmap.c:Hashmap_get_node:205: TRY: 62
DEBUG: src/lcthw/hashmap.c:Hashmap_get_node:205: TRY: 63
DEBUG: src/lcthw/hashmap.c:Hashmap_get_node:205: TRY: 64
DEBUG: src/lcthw/hashmap.c:Hashmap_get_node:205: TRY: 65
DEBUG: src/lcthw/hashmap.c:Hashmap_get_node:205: TRY: 66
DEBUG: src/lcthw/hashmap.c:Hashmap_get_node:205: TRY: 67
DEBUG: src/lcthw/hashmap.c:Hashmap_get_node:205: TRY: 68
DEBUG: src/lcthw/hashmap.c:Hashmap_get_node:205: TRY: 69
DEBUG: src/lcthw/hashmap.c:Hashmap_get_node:205: TRY: 70
DEBUG: src/lcthw/hashmap.c:Hashmap_get_node:205: TRY: 71
DEBUG: src/lcthw/hashmap.c:Hashmap_get_node:205: TRY: 72
DEBUG: src/lcthw/hashmap.c:Hashmap_get_node:205: TRY: 73
DEBUG: src/lcthw/hashmap.c:Hashmap_get_node:205: TRY: 74
DEBUG: src/lcthw/hashmap.c:Hashmap_get_node:205: TRY: 75
DEBUG: src/lcthw/hashmap.c:Hashmap_get_node:205: TRY: 76
DEBUG: src/lcthw/hashmap.c:Hashmap_get_node:205: TRY: 77
DEBUG: src/lcthw/hashmap.c:Hashmap_get_node:205: TRY: 78
DEBUG: src/lcthw/hashmap.c:Hashmap_get_node:205: TRY: 79
DEBUG: src/lcthw/hashmap.c:Hashmap_get_node:205: TRY: 80
DEBUG: src/lcthw/hashmap.c:Hashmap_get_node:205: TRY: 81
DEBUG: src/lcthw/hashmap.c:Hashmap_get_node:205: TRY: 82
DEBUG: src/lcthw/hashmap.c:Hashmap_get_node:205: TRY: 0
DEBUG: src/lcthw/hashmap.c:Hashmap_get_node:205: TRY: 1
DEBUG: src/lcthw/hashmap.c:Hashmap_get_node:205: TRY: 2
DEBUG: src/lcthw/hashmap.c:Hashmap_get_node:205: TRY: 3
DEBUG: src/lcthw/hashmap.c:Hashmap_get_node:205: TRY: 4
DEBUG: src/lcthw/hashmap.c:Hashmap_get_node:205: TRY: 5
DEBUG: src/lcthw/hashmap.c:Hashmap_get_node:205: TRY: 6
DEBUG: src/lcthw/hashmap.c:Hashmap_get_node:205: TRY: 7
DEBUG: src/lcthw/hashmap.c:Hashmap_get_node:205: TRY: 8
DEBUG: src/lcthw/hashmap.c:Hashmap_get_node:205: TRY: 9
DEBUG: src/lcthw/hashmap.c:Hashmap_get_node:205: TRY: 10
DEBUG: src/lcthw/hashmap.c:Hashmap_get_node:205: TRY: 11
DEBUG: src/lcthw/hashmap.c:Hashmap_get_node:205: TRY: 12
DEBUG: src/lcthw/hashmap.c:Hashmap_get_node:205: TRY: 13
DEBUG: src/lcthw/hashmap.c:Hashmap_get_node:205: TRY: 14
DEBUG: src/lcthw/hashmap.c:Hashmap_get_node:205: TRY: 15
DEBUG: src/lcthw/hashmap.c:Hashmap_get_node:205: TRY: 16
DEBUG: src/lcthw/hashmap.c:Hashmap_get_node:205: TRY: 17
DEBUG: src/lcthw/hashmap.c:Hashmap_get_node:205: TRY: 18
DEBUG: src/lcthw/hashmap.c:Hashmap_get_node:205: TRY: 19
DEBUG: src/lcthw/hashmap.c:Hashmap_get_node:205: TRY: 20
DEBUG: src/lcthw/hashmap.c:Hashmap_get_node:205: TRY: 21
DEBUG: src/lcthw/hashmap.c:Hashmap_get_node:205: TRY: 22
DEBUG: src/lcthw/hashmap.c:Hashmap_get_node:205: TRY: 23
DEBUG: src/lcthw/hashmap.c:Hashmap_get_node:205: TRY: 24
DEBUG: src/lcthw/hashmap.c:Hashmap_get_node:205: TRY: 25
DEBUG: src/lcthw/hashmap.c:Hashmap_get_node:205: TRY: 26
DEBUG: src/lcthw/hashmap.c:Hashmap_get_node:205: TRY: 27
DEBUG: src/lcthw/hashmap.c:Hashmap_get_node:205: TRY: 28
DEBUG: src/lcthw/hashmap.c:Hashmap_get_node:205: TRY: 29
DEBUG: src/lcthw/hashmap.c:Hashmap_get_node:205: TRY: 30
DEBUG: src/lcthw/hashmap.c:Hashmap_get_node:205: TRY: 31
DEBUG: src/lcthw/hashmap.c:Hashmap_get_node:205: TRY: 32
DEBUG: src/lcthw/hashmap.c:Hashmap_get_node:205: TRY: 33
DEBUG: src/lcthw/hashmap.c:Hashmap_get_node:205: TRY: 34
DEBUG: src/lcthw/hashmap.c:Hashmap_get_node:205: TRY: 35
DEBUG: src/lcthw/hashmap.c:Hashmap_get_node:205: TRY: 36
DEBUG: src/lcthw/hashmap.c:Hashmap_get_node:205: TRY: 37
DEBUG: src/lcthw/hashmap.c:Hashmap_get_node:205: TRY: 38
DEBUG: src/lcthw/hashmap.c:Hashmap_get_node:205: TRY: 39
DEBUG: src/lcthw/hashmap.c:Hashmap_get_node:205: TRY: 40
DEBUG: src/lcthw/hashmap.c:Hashmap_get_node:205: TRY: 41
DEBUG: src/lcthw/hashmap.c:Hashmap_get_node:205: TRY: 42
DEBUG: src/lcthw/hashmap.c:Hashmap_get_node:205: TRY: 43
DEBUG: src/lcthw/hashmap.c:Hashmap_get_node:205: TRY: 44
DEBUG: src/lcthw/hashmap.c:Hashmap_get_node:205: TRY: 45
DEBUG: src/lcthw/hashmap.c:Hashmap_get_node:205: TRY: 46
DEBUG: src/lcthw/hashmap.c:Hashmap_get_node:205: TRY: 47
DEBUG: src/lcthw/hashmap.c:Hashmap_get_node:205: TRY: 48
DEBUG: src/lcthw/hashmap.c:Hashmap_get_node:205: TRY: 49
DEBUG: src/lcthw/hashmap.c:Hashmap_get_node:205: TRY: 50
DEBUG: src/lcthw/hashmap.c:Hashmap_get_node:205: TRY: 51
DEBUG: src/lcthw/hashmap.c:Hashmap_get_node:205: TRY: 52
DEBUG: src/lcthw/hashmap.c:Hashmap_get_node:205: TRY: 53
DEBUG: src/lcthw/hashmap.c:Hashmap_get_node:205: TRY: 54
DEBUG: src/lcthw/hashmap.c:Hashmap_get_node:205: TRY: 55
DEBUG: src/lcthw/hashmap.c:Hashmap_get_node:205: TRY: 56
DEBUG: src/lcthw/hashmap.c:Hashmap_get_node:205: TRY: 57
DEBUG: src/lcthw/hashmap.c:Hashmap_get_node:205: TRY: 58
DEBUG: src/lcthw/hashmap.c:Hashmap_get_node:205: TRY: 59
DEBUG: src/lcthw/hashmap.c:Hashmap_get_node:205: TRY: 60
DEBUG: src/lcthw/hashmap.c:Hashmap_get_node:205: TRY: 61
DEBUG: src/lcthw/hashmap.c:Hashmap_get_node:205: TRY: 62
DEBUG: src/lcthw/hashmap.c:Hashmap_get_node:205: TRY: 63
DEBUG: src/lcthw/hashmap.c:Hashmap_get_node:205: TRY: 64
DEBUG: src/lcthw/hashmap.c:Hashmap_get_node:205: TRY: 65
DEBUG: src/lcthw/hashmap.c:Hashmap_get_node:205: TRY: 66
DEBUG: src/lcthw/hashmap.c:Hashmap_get_node:205: TRY: 67
DEBUG: src/lcthw/hashmap.c:Hashmap_get_node:205: TRY: 68
DEBUG: src/lcthw/hashmap.c:Hashmap_get_node:205: TRY: 69
DEBUG: src/lcthw/hashmap.c:Hashmap_get_node:205: TRY: 70
DEBUG: src/lcthw/hashmap.c:Hashmap_get_node:205: TRY: 71
DEBUG: src/lcthw/hashmap.c:Hashmap_get_node:205: TRY: 72
DEBUG: src/lcthw/hashmap.c:Hashmap_get_node:205: TRY: 73
DEBUG: src/lcthw/hashmap.c:Hashmap_get_node:205: TRY: 74
DEBUG: src/lcthw/hashmap.c:Hashmap_get_node:205: TRY: 75
DEBUG: src/lcthw/hashmap.c:Hashmap_get_node:205: TRY: 76
DEBUG: src/lcthw/hashmap.c:Hashmap_get_node:205: TRY: 77
DEBUG: src/lcthw/hashmap.c:Hashmap_get_node:205: TRY: 78
DEBUG: src/lcthw/hashmap.c:Hashmap_get_node:205: TRY: 79
DEBUG: src/lcthw/hashmap.c:Hashmap_get_node:205: TRY: 0
DEBUG: src/lcthw/hashmap.c:Hashmap_get_node:205: TRY: 1
DEBUG: src/lcthw/hashmap.c:Hashmap_get_node:205: TRY: 2
DEBUG: src/lcthw/hashmap.c:Hashmap_get_node:205: TRY: 3
DEBUG: src/lcthw/hashmap.c:Hashmap_get_node:205: TRY: 4
DEBUG: src/lcthw/hashmap.c:Hashmap_get_node:205: TRY: 5
DEBUG: src/lcthw/hashmap.c:Hashmap_get_node:205: TRY: 6
DEBUG: src/lcthw/hashmap.c:Hashmap_get_node:205: TRY: 7
DEBUG: src/lcthw/hashmap.c:Hashmap_get_node:205: TRY: 8
DEBUG: src/lcthw/hashmap.c:Hashmap_get_node:205: TRY: 9
DEBUG: src/lcthw/hashmap.c:Hashmap_get_node:205: TRY: 10
DEBUG: src/lcthw/hashmap.c:Hashmap_get_node:205: TRY: 11
DEBUG: src/lcthw/hashmap.c:Hashmap_get_node:205: TRY: 12
DEBUG: src/lcthw/hashmap.c:Hashmap_get_node:205: TRY: 13
DEBUG: src/lcthw/hashmap.c:Hashmap_get_node:205: TRY: 14
DEBUG: src/lcthw/hashmap.c:Hashmap_get_node:205: TRY: 15
DEBUG: src/lcthw/hashmap.c:Hashmap_get_node:205: TRY: 16
DEBUG: src/lcthw/hashmap.c:Hashmap_get_node:205: TRY: 17
DEBUG: src/lcthw/hashmap.c:Hashmap_get_node:205: TRY: 18
DEBUG: src/lcthw/hashmap.c:Hashmap_get_node:205: TRY: 19
DEBUG: src/lcthw/hashmap.c:Hashmap_get_node:205: TRY: 20
DEBUG: src/lcthw/hashmap.c:Hashmap_get_node:205: TRY: 21
DEBUG: src/lcthw/hashmap.c:Hashmap_get_node:205: TRY: 22
DEBUG: src/lcthw/hashmap.c:Hashmap_get_node:205: TRY: 23
DEBUG: src/lcthw/hashmap.c:Hashmap_get_node:205: TRY: 24
DEBUG: src/lcthw/hashmap.c:Hashmap_get_node:205: TRY: 25
DEBUG: src/lcthw/hashmap.c:Hashmap_get_node:205: TRY: 26
DEBUG: src/lcthw/hashmap.c:Hashmap_get_node:205: TRY: 27
DEBUG: src/lcthw/hashmap.c:Hashmap_get_node:205: TRY: 28
DEBUG: src/lcthw/hashmap.c:Hashmap_get_node:205: TRY: 29
DEBUG: src/lcthw/hashmap.c:Hashmap_get_node:205: TRY: 30
DEBUG: src/lcthw/hashmap.c:Hashmap_get_node:205: TRY: 31
DEBUG: src/lcthw/hashmap.c:Hashmap_get_node:205: TRY: 32
DEBUG: src/lcthw/hashmap.c:Hashmap_get_node:205: TRY: 33
DEBUG: src/lcthw/hashmap.c:Hashmap_get_node:205: TRY: 34
DEBUG: src/lcthw/hashmap.c:Hashmap_get_node:205: TRY: 35
DEBUG: src/lcthw/hashmap.c:Hashmap_get_node:205: TRY: 36
DEBUG: src/lcthw/hashmap.c:Hashmap_get_node:205: TRY: 37
DEBUG: src/lcthw/hashmap.c:Hashmap_get_node:205: TRY: 38
DEBUG: src/lcthw/hashmap.c:Hashmap_get_node:205: TRY: 39
DEBUG: src/lcthw/hashmap.c:Hashmap_get_node:205: TRY: 40
DEBUG: src/lcthw/hashmap.c:Hashmap_get_node:205: TRY: 41
DEBUG: src/lcthw/hashmap.c:Hashmap_get_node:205: TRY: 42
DEBUG: src/lcthw/hashmap.c:Hashmap_get_node:205: TRY: 43
DEBUG: src/lcthw/hashmap.c:Hashmap_get_node:205: TRY: 44
DEBUG: src/lcthw/hashmap.c:Hashmap_get_node:205: TRY: 45
DEBUG: src/lcthw/hashmap.c:Hashmap_get_node:205: TRY: 46
DEBUG: src/lcthw/hashmap.c:Hashmap_get_node:205: TRY: 47
DEBUG: src/lcthw/hashmap.c:Hashmap_get_node:205: TRY: 48
DEBUG: src/lcthw/hashmap.c:Hashmap_get_node:205: TRY: 49
DEBUG: src/lcthw/hashmap.c:Hashmap_get_node:205: TRY: 50
DEBUG: src/lcthw/hashmap.c:Hashmap_get_node:205: TRY: 51
DEBUG: src/lcthw/hashmap.c:Hashmap_get_node:205: TRY: 52
DEBUG: src/lcthw/hashmap.c:Hashmap_get_node:205: TRY: 53
DEBUG: src/lcthw/hashmap.c:Hashmap_get_node:205: TRY: 54
DEBUG: src/lcthw/hashmap.c:Hashmap_get_node:205: TRY: 55
DEBUG: src/lcthw/hashmap.c:Hashmap_get_node:205: TRY: 56
DEBUG: src/lcthw/hashmap.c:Hashmap_get_node:205: TRY: 57
DEBUG: src/lcthw/hashmap.c:Hashmap_get_node:205: TRY: 58
DEBUG: src/lcthw/hashmap.c:Hashmap_get_node:205: TRY: 59
DEBUG: src/lcthw/hashmap.c:Hashmap_get_node:205: TRY: 60
DEBUG: src/lcthw/hashmap.c:Hashmap_get_node:205: TRY: 61
DEBUG: src/lcthw/hashmap.c:Hashmap_get_node:205: TRY: 62
DEBUG: src/lcthw/hashmap.c:Hashmap_get_node:205: TRY: 63
DEBUG: src/lcthw/hashmap.c:Hashmap_get_node:205: TRY: 64
DEBUG: src/lcthw/hashmap.c:Hashmap_get_node:205: TRY: 65
DEBUG: src/lcthw/hashmap.c:Hashmap_get_node:205: TRY: 66
DEBUG: src/lcthw/hashmap.c:Hashmap_get_node:205: TRY: 67
DEBUG: src/lcthw/hashmap.c:Hashmap_get_node:205: TRY: 68
DEBUG: src/lcthw/hashmap.c:Hashmap_get_node:205: TRY: 69
DEBUG: src/lcthw/hashmap.c:Hashmap_get_node:205: TRY: 70
DEBUG: src/lcthw/hashmap.c:Hashmap_get_node:205: TRY: 71
DEBUG: src/lcthw/hashmap.c:Hashmap_get_node:205: TRY: 72
DEBUG: src/lcthw/hashmap.c:Hashmap_get_node:205: TRY: 73
DEBUG: src/lcthw/hashmap.c:Hashmap_get_node:205: TRY: 74
DEBUG: src/lcthw/hashmap.c:Hashmap_get_node:205: TRY: 75
DEBUG: src/lcthw/hashmap.c:Hashmap_get_node:205: TRY: 76
DEBUG: src/lcthw/hashmap.c:Hashmap_get_node:205: TRY: 77
DEBUG: src/lcthw/hashmap.c:Hashmap_get_node:205: TRY: 78
DEBUG: src/lcthw/hashmap.c:Hashmap_get_node:205: TRY: 79
DEBUG: src/lcthw/hashmap.c:Hashmap_get_node:205: TRY: 80
DEBUG: src/lcthw/hashmap.c:Hashmap_get_node:205: TRY: 81
DEBUG: src/lcthw/hashmap.c:Hashmap_get_node:205: TRY: 82
DEBUG: src/lcthw/hashmap.c:Hashmap_get_node:205: TRY: 83
DEBUG: src/lcthw/hashmap.c:Hashmap_get_node:205: TRY: 0
DEBUG: src/lcthw/hashmap.c:Hashmap_get_node:205: TRY: 1
DEBUG: src/lcthw/hashmap.c:Hashmap_get_node:205: TRY: 2
DEBUG: src/lcthw/hashmap.c:Hashmap_get_node:205: TRY: 3
DEBUG: src/lcthw/hashmap.c:Hashmap_get_node:205: TRY: 4
DEBUG: src/lcthw/hashmap.c:Hashmap_get_node:205: TRY: 5
DEBUG: src/lcthw/hashmap.c:Hashmap_get_node:205: TRY: 6
DEBUG: src/lcthw/hashmap.c:Hashmap_get_node:205: TRY: 7
DEBUG: src/lcthw/hashmap.c:Hashmap_get_node:205: TRY: 8
DEBUG: src/lcthw/hashmap.c:Hashmap_get_node:205: TRY: 9
DEBUG: src/lcthw/hashmap.c:Hashmap_get_node:205: TRY: 10
DEBUG: src/lcthw/hashmap.c:Hashmap_get_node:205: TRY: 11
DEBUG: src/lcthw/hashmap.c:Hashmap_get_node:205: TRY: 12
DEBUG: src/lcthw/hashmap.c:Hashmap_get_node:205: TRY: 13
DEBUG: src/lcthw/hashmap.c:Hashmap_get_node:205: TRY: 14
DEBUG: src/lcthw/hashmap.c:Hashmap_get_node:205: TRY: 15
DEBUG: src/lcthw/hashmap.c:Hashmap_get_node:205: TRY: 16
DEBUG: src/lcthw/hashmap.c:Hashmap_get_node:205: TRY: 17
DEBUG: src/lcthw/hashmap.c:Hashmap_get_node:205: TRY: 18
DEBUG: src/lcthw/hashmap.c:Hashmap_get_node:205: TRY: 19
DEBUG: src/lcthw/hashmap.c:Hashmap_get_node:205: TRY: 20
DEBUG: src/lcthw/hashmap.c:Hashmap_get_node:205: TRY: 21
DEBUG: src/lcthw/hashmap.c:Hashmap_get_node:205: TRY: 22
DEBUG: src/lcthw/hashmap.c:Hashmap_get_node:205: TRY: 23
DEBUG: src/lcthw/hashmap.c:Hashmap_get_node:205: TRY: 24
DEBUG: src/lcthw/hashmap.c:Hashmap_get_node:205: TRY: 25
DEBUG: src/lcthw/hashmap.c:Hashmap_get_node:205: TRY: 26
DEBUG: src/lcthw/hashmap.c:Hashmap_get_node:205: TRY: 27
DEBUG: src/lcthw/hashmap.c:Hashmap_get_node:205: TRY: 28
DEBUG: src/lcthw/hashmap.c:Hashmap_get_node:205: TRY: 29
DEBUG: src/lcthw/hashmap.c:Hashmap_get_node:205: TRY: 30
DEBUG: src/lcthw/hashmap.c:Hashmap_get_node:205: TRY: 31
DEBUG: src/lcthw/hashmap.c:Hashmap_get_node:205: TRY: 32
DEBUG: src/lcthw/hashmap.c:Hashmap_get_node:205: TRY: 33
DEBUG: src/lcthw/hashmap.c:Hashmap_get_node:205: TRY: 34
DEBUG: src/lcthw/hashmap.c:Hashmap_get_node:205: TRY: 35
DEBUG: src/lcthw/hashmap.c:Hashmap_get_node:205: TRY: 36
DEBUG: src/lcthw/hashmap.c:Hashmap_get_node:205: TRY: 37
DEBUG: src/lcthw/hashmap.c:Hashmap_get_node:205: TRY: 38
DEBUG: src/lcthw/hashmap.c:Hashmap_get_node:205: TRY: 39
DEBUG: src/lcthw/hashmap.c:Hashmap_get_node:205: TRY: 40
DEBUG: src/lcthw/hashmap.c:Hashmap_get_node:205: TRY: 41
DEBUG: src/lcthw/hashmap.c:Hashmap_get_node:205: TRY: 42
DEBUG: src/lcthw/hashmap.c:Hashmap_get_node:205: TRY: 43
DEBUG: src/lcthw/hashmap.c:Hashmap_get_node:205: TRY: 44
DEBUG: src/lcthw/hashmap.c:Hashmap_get_node:205: TRY: 45
DEBUG: src/lcthw/hashmap.c:Hashmap_get_node:205: TRY: 46
DEBUG: src/lcthw/hashmap.c:Hashmap_get_node:205: TRY: 47
DEBUG: src/lcthw/hashmap.c:Hashmap_get_node:205: TRY: 48
DEBUG: src/lcthw/hashmap.c:Hashmap_get_node:205: TRY: 49
DEBUG: src/lcthw/hashmap.c:Hashmap_get_node:205: TRY: 50
DEBUG: src/lcthw/hashmap.c:Hashmap_get_node:205: TRY: 51
DEBUG: src/lcthw/hashmap.c:Hashmap_get_node:205: TRY: 52
DEBUG: src/lcthw/hashmap.c:Hashmap_get_node:205: TRY: 53
DEBUG: src/lcthw/hashmap.c:Hashmap_get_node:205: TRY: 54
DEBUG: src/lcthw/hashmap.c:Hashmap_get_node:205: TRY: 55
DEBUG: src/lcthw/hashmap.c:Hashmap_get_node:205: TRY: 56
DEBUG: src/lcthw/hashmap.c:Hashmap_get_node:205: TRY: 57
DEBUG: src/lcthw/hashmap.c:Hashmap_get_node:205: TRY: 58
DEBUG: src/lcthw/hashmap.c:Hashmap_get_node:205: TRY: 59
DEBUG: src/lcthw/hashmap.c:Hashmap_get_node:205: TRY: 60
DEBUG: src/lcthw/hashmap.c:Hashmap_get_node:205: TRY: 61
DEBUG: src/lcthw/hashmap.c:Hashmap_get_node:205: TRY: 62
DEBUG: src/lcthw/hashmap.c:Hashmap_get_node:205: TRY: 63
DEBUG: src/lcthw/hashmap.c:Hashmap_get_node:205: TRY: 64
DEBUG: src/lcthw/hashmap.c:Hashmap_get_node:205: TRY: 65
DEBUG: src/lcthw/hashmap.c:Hashmap_get_node:205: TRY: 66
DEBUG: src/lcthw/hashmap.c:Hashmap_get_node:205: TRY: 67
DEBUG: src/lcthw/hashmap.c:Hashmap_get_node:205: TRY: 68
DEBUG: src/lcthw/hashmap.c:Hashmap_get_node:205: TRY: 69
DEBUG: src/lcthw/hashmap.c:Hashmap_get_node:205: TRY: 70
DEBUG: src/lcthw/hashmap.c:Hashmap_get_node:205: TRY: 71
DEBUG: src/lcthw/hashmap.c:Hashmap_get_node:205: TRY: 72
DEBUG: src/lcthw/hashmap.c:Hashmap_get_node:205: TRY: 73
DEBUG: src/lcthw/hashmap.c:Hashmap_get_node:205: TRY: 74
DEBUG: src/lcthw/hashmap.c:Hashmap_get_node:205: TRY: 75
DEBUG: src/lcthw/hashmap.c:Hashmap_get_node:205: TRY: 76
DEBUG: src/lcthw/hashmap.c:Hashmap_get_node:205: TRY: 77
DEBUG: src/lcthw/hashmap.c:Hashmap_get_node:205: TRY: 78
DEBUG: src/lcthw/hashmap.c:Hashmap_get_node:205: TRY: 79
DEBUG: src/lcthw/hashmap.c:Hashmap_get_node:205: TRY: 80
DEBUG: src/lcthw/hashmap.c:Hashmap_get_node:205: TRY: 0
DEBUG: src/lcthw/hashmap.c:Hashmap_get_node:205: TRY: 1
DEBUG: src/lcthw/hashmap.c:Hashmap_get_node:205: TRY: 2
DEBUG: src/lcthw/hashmap.c:Hashmap_get_node:205: TRY: 3
DEBUG: src/lcthw/hashmap.c:Hashmap_get_node:205: TRY: 4
DEBUG: src/lcthw/hashmap.c:Hashmap_get_node:205: TRY: 5
DEBUG: src/lcthw/hashmap.c:Hashmap_get_node:205: TRY: 6
DEBUG: src/lcthw/hashmap.c:Hashmap_get_node:205: TRY: 7
DEBUG: src/lcthw/hashmap.c:Hashmap_get_node:205: TRY: 8
DEBUG: src/lcthw/hashmap.c:Hashmap_get_node:205: TRY: 9
DEBUG: src/lcthw/hashmap.c:Hashmap_get_node:205: TRY: 10
DEBUG: src/lcthw/hashmap.c:Hashmap_get_node:205: TRY: 11
DEBUG: src/lcthw/hashmap.c:Hashmap_get_node:205: TRY: 12
DEBUG: src/lcthw/hashmap.c:Hashmap_get_node:205: TRY: 13
DEBUG: src/lcthw/hashmap.c:Hashmap_get_node:205: TRY: 14
DEBUG: src/lcthw/hashmap.c:Hashmap_get_node:205: TRY: 15
DEBUG: src/lcthw/hashmap.c:Hashmap_get_node:205: TRY: 16
DEBUG: src/lcthw/hashmap.c:Hashmap_get_node:205: TRY: 17
DEBUG: src/lcthw/hashmap.c:Hashmap_get_node:205: TRY: 18
DEBUG: src/lcthw/hashmap.c:Hashmap_get_node:205: TRY: 19
DEBUG: src/lcthw/hashmap.c:Hashmap_get_node:205: TRY: 20
DEBUG: src/lcthw/hashmap.c:Hashmap_get_node:205: TRY: 21
DEBUG: src/lcthw/hashmap.c:Hashmap_get_node:205: TRY: 22
DEBUG: src/lcthw/hashmap.c:Hashmap_get_node:205: TRY: 23
DEBUG: src/lcthw/hashmap.c:Hashmap_get_node:205: TRY: 24
DEBUG: src/lcthw/hashmap.c:Hashmap_get_node:205: TRY: 25
DEBUG: src/lcthw/hashmap.c:Hashmap_get_node:205: TRY: 26
DEBUG: src/lcthw/hashmap.c:Hashmap_get_node:205: TRY: 27
DEBUG: src/lcthw/hashmap.c:Hashmap_get_node:205: TRY: 28
DEBUG: src/lcthw/hashmap.c:Hashmap_get_node:205: TRY: 29
DEBUG: src/lcthw/hashmap.c:Hashmap_get_node:205: TRY: 30
DEBUG: src/lcthw/hashmap.c:Hashmap_get_node:205: TRY: 31
DEBUG: src/lcthw/hashmap.c:Hashmap_get_node:205: TRY: 32
DEBUG: src/lcthw/hashmap.c:Hashmap_get_node:205: TRY: 33
DEBUG: src/lcthw/hashmap.c:Hashmap_get_node:205: TRY: 34
DEBUG: src/lcthw/hashmap.c:Hashmap_get_node:205: TRY: 35
DEBUG: src/lcthw/hashmap.c:Hashmap_get_node:205: TRY: 36
DEBUG: src/lcthw/hashmap.c:Hashmap_get_node:205: TRY: 37
DEBUG: src/lcthw/hashmap.c:Hashmap_get_node:205: TRY: 38
DEBUG: src/lcthw/hashmap.c:Hashmap_get_node:205: TRY: 39
DEBUG: src/lcthw/hashmap.c:Hashmap_get_node:205: TRY: 40
DEBUG: src/lcthw/hashmap.c:Hashmap_get_node:205: TRY: 41
DEBUG: src/lcthw/hashmap.c:Hashmap_get_node:205: TRY: 42
DEBUG: src/lcthw/hashmap.c:Hashmap_get_node:205: TRY: 43
DEBUG: src/lcthw/hashmap.c:Hashmap_get_node:205: TRY: 44
DEBUG: src/lcthw/hashmap.c:Hashmap_get_node:205: TRY: 45
DEBUG: src/lcthw/hashmap.c:Hashmap_get_node:205: TRY: 46
DEBUG: src/lcthw/hashmap.c:Hashmap_get_node:205: TRY: 47
DEBUG: src/lcthw/hashmap.c:Hashmap_get_node:205: TRY: 48
DEBUG: src/lcthw/hashmap.c:Hashmap_get_node:205: TRY: 49
DEBUG: src/lcthw/hashmap.c:Hashmap_get_node:205: TRY: 50
DEBUG: src/lcthw/hashmap.c:Hashmap_get_node:205: TRY: 51
DEBUG: src/lcthw/hashmap.c:Hashmap_get_node:205: TRY: 52
DEBUG: src/lcthw/hashmap.c:Hashmap_get_node:205: TRY: 53
DEBUG: src/lcthw/hashmap.c:Hashmap_get_node:205: TRY: 54
DEBUG: src/lcthw/hashmap.c:Hashmap_get_node:205: TRY: 55
DEBUG: src/lcthw/hashmap.c:Hashmap_get_node:205: TRY: 56
DEBUG: src/lcthw/hashmap.c:Hashmap_get_node:205: TRY: 57
DEBUG: src/lcthw/hashmap.c:Hashmap_get_node:205: TRY: 58
DEBUG: src/lcthw/hashmap.c:Hashmap_get_node:205: TRY: 59
DEBUG: src/lcthw/hashmap.c:Hashmap_get_node:205: TRY: 60
DEBUG: src/lcthw/hashmap.c:Hashmap_get_node:205: TRY: 61
DEBUG: src/lcthw/hashmap.c:Hashmap_get_node:205: TRY: 62
DEBUG: src/lcthw/hashmap.c:Hashmap_get_node:205: TRY: 63
DEBUG: src/lcthw/hashmap.c:Hashmap_get_node:205: TRY: 64
DEBUG: src/lcthw/hashmap.c:Hashmap_get_node:205: TRY: 65
DEBUG: src/lcthw/hashmap.c:Hashmap_get_node:205: TRY: 66
DEBUG: src/lcthw/hashmap.c:Hashmap_get_node:205: TRY: 67
DEBUG: src/lcthw/hashmap.c:Hashmap_get_node:205: TRY: 68
DEBUG: src/lcthw/hashmap.c:Hashmap_get_node:205: TRY: 69
DEBUG: src/lcthw/hashmap.c:Hashmap_get_node:205: TRY: 70
DEBUG: src/lcthw/hashmap.c:Hashmap_get_node:205: TRY: 71
DEBUG: src/lcthw/hashmap.c:Hashmap_get_node:205: TRY: 72
DEBUG: src/lcthw/hashmap.c:Hashmap_get_node:205: TRY: 73
DEBUG: src/lcthw/hashmap.c:Hashmap_get_node:205: TRY: 74
DEBUG: src/lcthw/hashmap.c:Hashmap_get_node:205: TRY: 75
DEBUG: src/lcthw/hashmap.c:Hashmap_get_node:205: TRY: 76
DEBUG: src/lcthw/hashmap.c:Hashmap_get_node:205: TRY: 77
DEBUG: src/lcthw/hashmap.c:Hashmap_get_node:205: TRY: 78
DEBUG: src/lcthw/hashmap.c:Hashmap_get_node:205: TRY: 79
DEBUG: src/lcthw/hashmap.c:Hashmap_get_node:205: TRY: 80
DEBUG: src/lcthw/hashmap.c:Hashmap_get_node:205: TRY: 0
DEBUG: src/lcthw/hashmap.c:Hashmap_get_node:205: TRY: 1
DEBUG: src/lcthw/hashmap.c:Hashmap_get_node:205: TRY: 2
DEBUG: src/lcthw/hashmap.c:Hashmap_get_node:205: TRY: 3
DEBUG: src/lcthw/hashmap.c:Hashmap_get_node:205: TRY: 4
DEBUG: src/lcthw/hashmap.c:Hashmap_get_node:205: TRY: 5
DEBUG: src/lcthw/hashmap.c:Hashmap_get_node:205: TRY: 6
DEBUG: src/lcthw/hashmap.c:Hashmap_get_node:205: TRY: 7
DEBUG: src/lcthw/hashmap.c:Hashmap_get_node:205: TRY: 8
DEBUG: src/lcthw/hashmap.c:Hashmap_get_node:205: TRY: 9
DEBUG: src/lcthw/hashmap.c:Hashmap_get_node:205: TRY: 10
DEBUG: src/lcthw/hashmap.c:Hashmap_get_node:205: TRY: 11
DEBUG: src/lcthw/hashmap.c:Hashmap_get_node:205: TRY: 12
DEBUG: src/lcthw/hashmap.c:Hashmap_get_node:205: TRY: 13
DEBUG: src/lcthw/hashmap.c:Hashmap_get_node:205: TRY: 14
DEBUG: src/lcthw/hashmap.c:Hashmap_get_node:205: TRY: 15
DEBUG: src/lcthw/hashmap.c:Hashmap_get_node:205: TRY: 16
DEBUG: src/lcthw/hashmap.c:Hashmap_get_node:205: TRY: 17
DEBUG: src/lcthw/hashmap.c:Hashmap_get_node:205: TRY: 18
DEBUG: src/lcthw/hashmap.c:Hashmap_get_node:205: TRY: 19
DEBUG: src/lcthw/hashmap.c:Hashmap_get_node:205: TRY: 20
DEBUG: src/lcthw/hashmap.c:Hashmap_get_node:205: TRY: 21
DEBUG: src/lcthw/hashmap.c:Hashmap_get_node:205: TRY: 22
DEBUG: src/lcthw/hashmap.c:Hashmap_get_node:205: TRY: 23
DEBUG: src/lcthw/hashmap.c:Hashmap_get_node:205: TRY: 24
DEBUG: src/lcthw/hashmap.c:Hashmap_get_node:205: TRY: 25
DEBUG: src/lcthw/hashmap.c:Hashmap_get_node:205: TRY: 26
DEBUG: src/lcthw/hashmap.c:Hashmap_get_node:205: TRY: 27
DEBUG: src/lcthw/hashmap.c:Hashmap_get_node:205: TRY: 28
DEBUG: src/lcthw/hashmap.c:Hashmap_get_node:205: TRY: 29
DEBUG: src/lcthw/hashmap.c:Hashmap_get_node:205: TRY: 30
DEBUG: src/lcthw/hashmap.c:Hashmap_get_node:205: TRY: 31
DEBUG: src/lcthw/hashmap.c:Hashmap_get_node:205: TRY: 32
DEBUG: src/lcthw/hashmap.c:Hashmap_get_node:205: TRY: 33
DEBUG: src/lcthw/hashmap.c:Hashmap_get_node:205: TRY: 34
DEBUG: src/lcthw/hashmap.c:Hashmap_get_node:205: TRY: 35
DEBUG: src/lcthw/hashmap.c:Hashmap_get_node:205: TRY: 36
DEBUG: src/lcthw/hashmap.c:Hashmap_get_node:205: TRY: 37
DEBUG: src/lcthw/hashmap.c:Hashmap_get_node:205: TRY: 38
DEBUG: src/lcthw/hashmap.c:Hashmap_get_node:205: TRY: 39
DEBUG: src/lcthw/hashmap.c:Hashmap_get_node:205: TRY: 40
DEBUG: src/lcthw/hashmap.c:Hashmap_get_node:205: TRY: 41
DEBUG: src/lcthw/hashmap.c:Hashmap_get_node:205: TRY: 42
DEBUG: src/lcthw/hashmap.c:Hashmap_get_node:205: TRY: 43
DEBUG: src/lcthw/hashmap.c:Hashmap_get_node:205: TRY: 44
DEBUG: src/lcthw/hashmap.c:Hashmap_get_node:205: TRY: 45
DEBUG: src/lcthw/hashmap.c:Hashmap_get_node:205: TRY: 46
DEBUG: src/lcthw/hashmap.c:Hashmap_get_node:205: TRY: 47
DEBUG: src/lcthw/hashmap.c:Hashmap_get_node:205: TRY: 48
DEBUG: src/lcthw/hashmap.c:Hashmap_get_node:205: TRY: 49
DEBUG: src/lcthw/hashmap.c:Hashmap_get_node:205: TRY: 50
DEBUG: src/lcthw/hashmap.c:Hashmap_get_node:205: TRY: 51
DEBUG: src/lcthw/hashmap.c:Hashmap_get_node:205: TRY: 52
DEBUG: src/lcthw/hashmap.c:Hashmap_get_node:205: TRY: 53
DEBUG: src/lcthw/hashmap.c:Hashmap_get_node:205: TRY: 54
DEBUG: src/lcthw/hashmap.c:Hashmap_get_node:205: TRY: 55
DEBUG: src/lcthw/hashmap.c:Hashmap_get_node:205: TRY: 56
DEBUG: src/lcthw/hashmap.c:Hashmap_get_node:205: TRY: 57
DEBUG: src/lcthw/hashmap.c:Hashmap_get_node:205: TRY: 58
DEBUG: src/lcthw/hashmap.c:Hashmap_get_node:205: TRY: 59
DEBUG: src/lcthw/hashmap.c:Hashmap_get_node:205: TRY: 60
DEBUG: src/lcthw/hashmap.c:Hashmap_get_node:205: TRY: 61
DEBUG: src/lcthw/hashmap.c:Hashmap_get_node:205: TRY: 62
DEBUG: src/lcthw/hashmap.c:Hashmap_get_node:205: TRY: 63
DEBUG: src/lcthw/hashmap.c:Hashmap_get_node:205: TRY: 64
DEBUG: src/lcthw/hashmap.c:Hashmap_get_node:205: TRY: 65
DEBUG: src/lcthw/hashmap.c:Hashmap_get_node:205: TRY: 66
DEBUG: src/lcthw/hashmap.c:Hashmap_get_node:205: TRY: 67
DEBUG: src/lcthw/hashmap.c:Hashmap_get_node:205: TRY: 68
DEBUG: src/lcthw/hashmap.c:Hashmap_get_node:205: TRY: 69
DEBUG: src/lcthw/hashmap.c:Hashmap_get_node:205: TRY: 70
DEBUG: src/lcthw/hashmap.c:Hashmap_get_node:205: TRY: 71
DEBUG: src/lcthw/hashmap.c:Hashmap_get_node:205: TRY: 72
DEBUG: src/lcthw/hashmap.c:Hashmap_get_node:205: TRY: 73
DEBUG: src/lcthw/hashmap.c:Hashmap_get_node:205: TRY: 74
DEBUG: src/lcthw/hashmap.c:Hashmap_get_node:205: TRY: 75
DEBUG: src/lcthw/hashmap.c:Hashmap_get_node:205: TRY: 76
DEBUG: src/lcthw/hashmap.c:Hashmap_get_node:205: TRY: 77
DEBUG: src/lcthw/hashmap.c:Hashmap_get_node:205: TRY: 78
DEBUG: src/lcthw/hashmap.c:Hashmap_get_node:205: TRY: 79
DEBUG: src/lcthw/hashmap.c:Hashmap_get_node:205: TRY: 80
DEBUG: src/lcthw/hashmap.c:Hashmap_get_node:205: TRY: 81
DEBUG: src/lcthw/hashmap.c:Hashmap_get_node:205: TRY: 82
DEBUG: src/lcthw/hashmap.c:Hashmap_get_node:205: TRY: 83
DEBUG: src/lcthw/hashmap.c:Hashmap_get_node:205: TRY: 84
DEBUG: src/lcthw/hashmap.c:Hashmap_get_node:205: TRY: 0
DEBUG: src/lcthw/hashmap.c:Hashmap_get_node:205: TRY: 1
DEBUG: src/lcthw/hashmap.c:Hashmap_get_node:205: TRY: 2
DEBUG: src/lcthw/hashmap.c:Hashmap_get_node:205: TRY: 3
DEBUG: src/lcthw/hashmap.c:Hashmap_get_node:205: TRY: 4
DEBUG: src/lcthw/hashmap.c:Hashmap_get_node:205: TRY: 5
DEBUG: src/lcthw/hashmap.c:Hashmap_get_node:205: TRY: 6
DEBUG: src/lcthw/hashmap.c:Hashmap_get_node:205: TRY: 7
DEBUG: src/lcthw/hashmap.c:Hashmap_get_node:205: TRY: 8
DEBUG: src/lcthw/hashmap.c:Hashmap_get_node:205: TRY: 9
DEBUG: src/lcthw/hashmap.c:Hashmap_get_node:205: TRY: 10
DEBUG: src/lcthw/hashmap.c:Hashmap_get_node:205: TRY: 11
DEBUG: src/lcthw/hashmap.c:Hashmap_get_node:205: TRY: 12
DEBUG: src/lcthw/hashmap.c:Hashmap_get_node:205: TRY: 13
DEBUG: src/lcthw/hashmap.c:Hashmap_get_node:205: TRY: 14
DEBUG: src/lcthw/hashmap.c:Hashmap_get_node:205: TRY: 15
DEBUG: src/lcthw/hashmap.c:Hashmap_get_node:205: TRY: 16
DEBUG: src/lcthw/hashmap.c:Hashmap_get_node:205: TRY: 17
DEBUG: src/lcthw/hashmap.c:Hashmap_get_node:205: TRY: 18
DEBUG: src/lcthw/hashmap.c:Hashmap_get_node:205: TRY: 19
DEBUG: src/lcthw/hashmap.c:Hashmap_get_node:205: TRY: 20
DEBUG: src/lcthw/hashmap.c:Hashmap_get_node:205: TRY: 21
DEBUG: src/lcthw/hashmap.c:Hashmap_get_node:205: TRY: 22
DEBUG: src/lcthw/hashmap.c:Hashmap_get_node:205: TRY: 23
DEBUG: src/lcthw/hashmap.c:Hashmap_get_node:205: TRY: 24
DEBUG: src/lcthw/hashmap.c:Hashmap_get_node:205: TRY: 25
DEBUG: src/lcthw/hashmap.c:Hashmap_get_node:205: TRY: 26
DEBUG: src/lcthw/hashmap.c:Hashmap_get_node:205: TRY: 27
DEBUG: src/lcthw/hashmap.c:Hashmap_get_node:205: TRY: 28
DEBUG: src/lcthw/hashmap.c:Hashmap_get_node:205: TRY: 29
DEBUG: src/lcthw/hashmap.c:Hashmap_get_node:205: TRY: 30
DEBUG: src/lcthw/hashmap.c:Hashmap_get_node:205: TRY: 31
DEBUG: src/lcthw/hashmap.c:Hashmap_get_node:205: TRY: 32
DEBUG: src/lcthw/hashmap.c:Hashmap_get_node:205: TRY: 33
DEBUG: src/lcthw/hashmap.c:Hashmap_get_node:205: TRY: 34
DEBUG: src/lcthw/hashmap.c:Hashmap_get_node:205: TRY: 35
DEBUG: src/lcthw/hashmap.c:Hashmap_get_node:205: TRY: 36
DEBUG: src/lcthw/hashmap.c:Hashmap_get_node:205: TRY: 37
DEBUG: src/lcthw/hashmap.c:Hashmap_get_node:205: TRY: 38
DEBUG: src/lcthw/hashmap.c:Hashmap_get_node:205: TRY: 39
DEBUG: src/lcthw/hashmap.c:Hashmap_get_node:205: TRY: 40
DEBUG: src/lcthw/hashmap.c:Hashmap_get_node:205: TRY: 41
DEBUG: src/lcthw/hashmap.c:Hashmap_get_node:205: TRY: 42
DEBUG: src/lcthw/hashmap.c:Hashmap_get_node:205: TRY: 43
DEBUG: src/lcthw/hashmap.c:Hashmap_get_node:205: TRY: 44
DEBUG: src/lcthw/hashmap.c:Hashmap_get_node:205: TRY: 45
DEBUG: src/lcthw/hashmap.c:Hashmap_get_node:205: TRY: 46
DEBUG: src/lcthw/hashmap.c:Hashmap_get_node:205: TRY: 47
DEBUG: src/lcthw/hashmap.c:Hashmap_get_node:205: TRY: 48
DEBUG: src/lcthw/hashmap.c:Hashmap_get_node:205: TRY: 49
DEBUG: src/lcthw/hashmap.c:Hashmap_get_node:205: TRY: 50
DEBUG: src/lcthw/hashmap.c:Hashmap_get_node:205: TRY: 51
DEBUG: src/lcthw/hashmap.c:Hashmap_get_node:205: TRY: 52
DEBUG: src/lcthw/hashmap.c:Hashmap_get_node:205: TRY: 53
DEBUG: src/lcthw/hashmap.c:Hashmap_get_node:205: TRY: 54
DEBUG: src/lcthw/hashmap.c:Hashmap_get_node:205: TRY: 55
DEBUG: src/lcthw/hashmap.c:Hashmap_get_node:205: TRY: 56
DEBUG: src/lcthw/hashmap.c:Hashmap_get_node:205: TRY: 57
DEBUG: src/lcthw/hashmap.c:Hashmap_get_node:205: TRY: 58
DEBUG: src/lcthw/hashmap.c:Hashmap_get_node:205: TRY: 59
DEBUG: src/lcthw/hashmap.c:Hashmap_get_node:205: TRY: 60
DEBUG: src/lcthw/hashmap.c:Hashmap_get_node:205: TRY: 61
DEBUG: src/lcthw/hashmap.c:Hashmap_get_node:205: TRY: 62
DEBUG: src/lcthw/hashmap.c:Hashmap_get_node:205: TRY: 63
DEBUG: src/lcthw/hashmap.c:Hashmap_get_node:205: TRY: 64
DEBUG: src/lcthw/hashmap.c:Hashmap_get_node:205: TRY: 65
DEBUG: src/lcthw/hashmap.c:Hashmap_get_node:205: TRY: 66
DEBUG: src/lcthw/hashmap.c:Hashmap_get_node:205: TRY: 67
DEBUG: src/lcthw/hashmap.c:Hashmap_get_node:205: TRY: 68
DEBUG: src/lcthw/hashmap.c:Hashmap_get_node:205: TRY: 69
DEBUG: src/lcthw/hashmap.c:Hashmap_get_node:205: TRY: 70
DEBUG: src/lcthw/hashmap.c:Hashmap_get_node:205: TRY: 71
DEBUG: src/lcthw/hashmap.c:Hashmap_get_node:205: TRY: 72
DEBUG: src/lcthw/hashmap.c:Hashmap_get_node:205: TRY: 73
DEBUG: src/lcthw/hashmap.c:Hashmap_get_node:205: TRY: 74
DEBUG: src/lcthw/hashmap.c:Hashmap_get_node:205: TRY: 75
DEBUG: src/lcthw/hashmap.c:Hashmap_get_node:205: TRY: 76
DEBUG: src/lcthw/hashmap.c:Hashmap_get_node:205: TRY: 77
DEBUG: src/lcthw/hashmap.c:Hashmap_get_node:205: TRY: 78
DEBUG: src/lcthw/hashmap.c:Hashmap_get_node:205: TRY: 79
DEBUG: src/lcthw/hashmap.c:Hashmap_get_node:205: TRY: 80
DEBUG: src/lcthw/hashmap.c:Hashmap_get_node:205: TRY: 81
DEBUG: src/lcthw/hashmap.c:Hashmap_get_node:205: TRY: 0
DEBUG: src/lcthw/hashmap.c:Hashmap_get_node:205: TRY: 1
DEBUG: src/lcthw/hashmap.c:Hashmap_get_node:205: TRY: 2
DEBUG: src/lcthw/hashmap.c:Hashmap_get_node:205: TRY: 3
DEBUG: src/lcthw/hashmap.c:Hashmap_get_node:205: TRY: 4
DEBUG: src/lcthw/hashmap.c:Hashmap_get_node:205: TRY: 5
DEBUG: src/lcthw/hashmap.c:Hashmap_get_node:205: TRY: 6
DEBUG: src/lcthw/hashmap.c:Hashmap_get_node:205: TRY: 7
DEBUG: src/lcthw/hashmap.c:Hashmap_get_node:205: TRY: 8
DEBUG: src/lcthw/hashmap.c:Hashmap_get_node:205: TRY: 9
DEBUG: src/lcthw/hashmap.c:Hashmap_get_node:205: TRY: 10
DEBUG: src/lcthw/hashmap.c:Hashmap_get_node:205: TRY: 11
DEBUG: src/lcthw/hashmap.c:Hashmap_get_node:205: TRY: 12
DEBUG: src/lcthw/hashmap.c:Hashmap_get_node:205: TRY: 13
DEBUG: src/lcthw/hashmap.c:Hashmap_get_node:205: TRY: 14
DEBUG: src/lcthw/hashmap.c:Hashmap_get_node:205: TRY: 15
DEBUG: src/lcthw/hashmap.c:Hashmap_get_node:205: TRY: 16
DEBUG: src/lcthw/hashmap.c:Hashmap_get_node:205: TRY: 17
DEBUG: src/lcthw/hashmap.c:Hashmap_get_node:205: TRY: 18
DEBUG: src/lcthw/hashmap.c:Hashmap_get_node:205: TRY: 19
DEBUG: src/lcthw/hashmap.c:Hashmap_get_node:205: TRY: 20
DEBUG: src/lcthw/hashmap.c:Hashmap_get_node:205: TRY: 21
DEBUG: src/lcthw/hashmap.c:Hashmap_get_node:205: TRY: 22
DEBUG: src/lcthw/hashmap.c:Hashmap_get_node:205: TRY: 23
DEBUG: src/lcthw/hashmap.c:Hashmap_get_node:205: TRY: 24
DEBUG: src/lcthw/hashmap.c:Hashmap_get_node:205: TRY: 25
DEBUG: src/lcthw/hashmap.c:Hashmap_get_node:205: TRY: 26
DEBUG: src/lcthw/hashmap.c:Hashmap_get_node:205: TRY: 27
DEBUG: src/lcthw/hashmap.c:Hashmap_get_node:205: TRY: 28
DEBUG: src/lcthw/hashmap.c:Hashmap_get_node:205: TRY: 29
DEBUG: src/lcthw/hashmap.c:Hashmap_get_node:205: TRY: 30
DEBUG: src/lcthw/hashmap.c:Hashmap_get_node:205: TRY: 31
DEBUG: src/lcthw/hashmap.c:Hashmap_get_node:205: TRY: 32
DEBUG: src/lcthw/hashmap.c:Hashmap_get_node:205: TRY: 33
DEBUG: src/lcthw/hashmap.c:Hashmap_get_node:205: TRY: 34
DEBUG: src/lcthw/hashmap.c:Hashmap_get_node:205: TRY: 35
DEBUG: src/lcthw/hashmap.c:Hashmap_get_node:205: TRY: 36
DEBUG: src/lcthw/hashmap.c:Hashmap_get_node:205: TRY: 37
DEBUG: src/lcthw/hashmap.c:Hashmap_get_node:205: TRY: 38
DEBUG: src/lcthw/hashmap.c:Hashmap_get_node:205: TRY: 39
DEBUG: src/lcthw/hashmap.c:Hashmap_get_node:205: TRY: 40
DEBUG: src/lcthw/hashmap.c:Hashmap_get_node:205: TRY: 41
DEBUG: src/lcthw/hashmap.c:Hashmap_get_node:205: TRY: 42
DEBUG: src/lcthw/hashmap.c:Hashmap_get_node:205: TRY: 43
DEBUG: src/lcthw/hashmap.c:Hashmap_get_node:205: TRY: 44
DEBUG: src/lcthw/hashmap.c:Hashmap_get_node:205: TRY: 45
DEBUG: src/lcthw/hashmap.c:Hashmap_get_node:205: TRY: 46
DEBUG: src/lcthw/hashmap.c:Hashmap_get_node:205: TRY: 47
DEBUG: src/lcthw/hashmap.c:Hashmap_get_node:205: TRY: 48
DEBUG: src/lcthw/hashmap.c:Hashmap_get_node:205: TRY: 49
DEBUG: src/lcthw/hashmap.c:Hashmap_get_node:205: TRY: 50
DEBUG: src/lcthw/hashmap.c:Hashmap_get_node:205: TRY: 51
DEBUG: src/lcthw/hashmap.c:Hashmap_get_node:205: TRY: 52
DEBUG: src/lcthw/hashmap.c:Hashmap_get_node:205: TRY: 53
DEBUG: src/lcthw/hashmap.c:Hashmap_get_node:205: TRY: 54
DEBUG: src/lcthw/hashmap.c:Hashmap_get_node:205: TRY: 55
DEBUG: src/lcthw/hashmap.c:Hashmap_get_node:205: TRY: 56
DEBUG: src/lcthw/hashmap.c:Hashmap_get_node:205: TRY: 57
DEBUG: src/lcthw/hashmap.c:Hashmap_get_node:205: TRY: 58
DEBUG: src/lcthw/hashmap.c:Hashmap_get_node:205: TRY: 59
DEBUG: src/lcthw/hashmap.c:Hashmap_get_node:205: TRY: 60
DEBUG: src/lcthw/hashmap.c:Hashmap_get_node:205: TRY: 61
DEBUG: src/lcthw/hashmap.c:Hashmap_get_node:205: TRY: 62
DEBUG: src/lcthw/hashmap.c:Hashmap_get_node:205: TRY: 63
DEBUG: src/lcthw/hashmap.c:Hashmap_get_node:205: TRY: 64
DEBUG: src/lcthw/hashmap.c:Hashmap_get_node:205: TRY: 65
DEBUG: src/lcthw/hashmap.c:Hashmap_get_node:205: TRY: 66
DEBUG: src/lcthw/hashmap.c:Hashmap_get_node:205: TRY: 67
DEBUG: src/lcthw/hashmap.c:Hashmap_get_node:205: TRY: 68
DEBUG: src/lcthw/hashmap.c:Hashmap_get_node:205: TRY: 69
DEBUG: src/lcthw/hashmap.c:Hashmap_get_node:205: TRY: 70
DEBUG: src/lcthw/hashmap.c:Hashmap_get_node:205: TRY: 71
DEBUG: src/lcthw/hashmap.c:Hashmap_get_node:205: TRY: 72
DEBUG: src/lcthw/hashmap.c:Hashmap_get_node:205: TRY: 73
DEBUG: src/lcthw/hashmap.c:Hashmap_get_node:205: TRY: 74
DEBUG: src/lcthw/hashmap.c:Hashmap_get_node:205: TRY: 75
DEBUG: src/lcthw/hashmap.c:Hashmap_get_node:205: TRY: 76
DEBUG: src/lcthw/hashmap.c:Hashmap_get_node:205: TRY: 77
DEBUG: src/lcthw/hashmap.c:Hashmap_get_node:205: TRY: 78
DEBUG: src/lcthw/hashmap.c:Hashmap_get_node:205: TRY: 79
DEBUG: src/lcthw/hashmap.c:Hashmap_get_node:205: TRY: 80
DEBUG: src/lcthw/hashmap.c:Hashmap_get_node:205: TRY: 81
DEBUG: src/lcthw/hashmap.c:Hashmap_get_node:205: TRY: 0
DEBUG: src/lcthw/hashmap.c:Hashmap_get_node:205: TRY: 1
DEBUG: src/lcthw/hashmap.c:Hashmap_get_node:205: TRY: 2
DEBUG: src/lcthw/hashmap.c:Hashmap_get_node:205: TRY: 3
DEBUG: src/lcthw/hashmap.c:Hashmap_get_node:205: TRY: 4
DEBUG: src/lcthw/hashmap.c:Hashmap_get_node:205: TRY: 5
DEBUG: src/lcthw/hashmap.c:Hashmap_get_node:205: TRY: 6
DEBUG: src/lcthw/hashmap.c:Hashmap_get_node:205: TRY: 7
DEBUG: src/lcthw/hashmap.c:Hashmap_get_node:205: TRY: 8
DEBUG: src/lcthw/hashmap.c:Hashmap_get_node:205: TRY: 9
DEBUG: src/lcthw/hashmap.c:Hashmap_get_node:205: TRY: 10
DEBUG: src/lcthw/hashmap.c:Hashmap_get_node:205: TRY: 11
DEBUG: src/lcthw/hashmap.c:Hashmap_get_node:205: TRY: 12
DEBUG: src/lcthw/hashmap.c:Hashmap_get_node:205: TRY: 13
DEBUG: src/lcthw/hashmap.c:Hashmap_get_node:205: TRY: 14
DEBUG: src/lcthw/hashmap.c:Hashmap_get_node:205: TRY: 15
DEBUG: src/lcthw/hashmap.c:Hashmap_get_node:205: TRY: 16
DEBUG: src/lcthw/hashmap.c:Hashmap_get_node:205: TRY: 17
DEBUG: src/lcthw/hashmap.c:Hashmap_get_node:205: TRY: 18
DEBUG: src/lcthw/hashmap.c:Hashmap_get_node:205: TRY: 19
DEBUG: src/lcthw/hashmap.c:Hashmap_get_node:205: TRY: 20
DEBUG: src/lcthw/hashmap.c:Hashmap_get_node:205: TRY: 21
DEBUG: src/lcthw/hashmap.c:Hashmap_get_node:205: TRY: 22
DEBUG: src/lcthw/hashmap.c:Hashmap_get_node:205: TRY: 23
DEBUG: src/lcthw/hashmap.c:Hashmap_get_node:205: TRY: 24
DEBUG: src/lcthw/hashmap.c:Hashmap_get_node:205: TRY: 25
DEBUG: src/lcthw/hashmap.c:Hashmap_get_node:205: TRY: 26
DEBUG: src/lcthw/hashmap.c:Hashmap_get_node:205: TRY: 27
DEBUG: src/lcthw/hashmap.c:Hashmap_get_node:205: TRY: 28
DEBUG: src/lcthw/hashmap.c:Hashmap_get_node:205: TRY: 29
DEBUG: src/lcthw/hashmap.c:Hashmap_get_node:205: TRY: 30
DEBUG: src/lcthw/hashmap.c:Hashmap_get_node:205: TRY: 31
DEBUG: src/lcthw/hashmap.c:Hashmap_get_node:205: TRY: 32
DEBUG: src/lcthw/hashmap.c:Hashmap_get_node:205: TRY: 33
DEBUG: src/lcthw/hashmap.c:Hashmap_get_node:205: TRY: 34
DEBUG: src/lcthw/hashmap.c:Hashmap_get_node:205: TRY: 35
DEBUG: src/lcthw/hashmap.c:Hashmap_get_node:205: TRY: 36
DEBUG: src/lcthw/hashmap.c:Hashmap_get_node:205: TRY: 37
DEBUG: src/lcthw/hashmap.c:Hashmap_get_node:205: TRY: 38
DEBUG: src/lcthw/hashmap.c:Hashmap_get_node:205: TRY: 39
DEBUG: src/lcthw/hashmap.c:Hashmap_get_node:205: TRY: 40
DEBUG: src/lcthw/hashmap.c:Hashmap_get_node:205: TRY: 41
DEBUG: src/lcthw/hashmap.c:Hashmap_get_node:205: TRY: 42
DEBUG: src/lcthw/hashmap.c:Hashmap_get_node:205: TRY: 43
DEBUG: src/lcthw/hashmap.c:Hashmap_get_node:205: TRY: 44
DEBUG: src/lcthw/hashmap.c:Hashmap_get_node:205: TRY: 45
DEBUG: src/lcthw/hashmap.c:Hashmap_get_node:205: TRY: 46
DEBUG: src/lcthw/hashmap.c:Hashmap_get_node:205: TRY: 47
DEBUG: src/lcthw/hashmap.c:Hashmap_get_node:205: TRY: 48
DEBUG: src/lcthw/hashmap.c:Hashmap_get_node:205: TRY: 49
DEBUG: src/lcthw/hashmap.c:Hashmap_get_node:205: TRY: 50
DEBUG: src/lcthw/hashmap.c:Hashmap_get_node:205: TRY: 51
DEBUG: src/lcthw/hashmap.c:Hashmap_get_node:205: TRY: 52
DEBUG: src/lcthw/hashmap.c:Hashmap_get_node:205: TRY: 53
DEBUG: src/lcthw/hashmap.c:Hashmap_get_node:205: TRY: 54
DEBUG: src/lcthw/hashmap.c:Hashmap_get_node:205: TRY: 55
DEBUG: src/lcthw/hashmap.c:Hashmap_get_node:205: TRY: 56
DEBUG: src/lcthw/hashmap.c:Hashmap_get_node:205: TRY: 57
DEBUG: src/lcthw/hashmap.c:Hashmap_get_node:205: TRY: 58
DEBUG: src/lcthw/hashmap.c:Hashmap_get_node:205: TRY: 59
DEBUG: src/lcthw/hashmap.c:Hashmap_get_node:205: TRY: 60
DEBUG: src/lcthw/hashmap.c:Hashmap_get_node:205: TRY: 61
DEBUG: src/lcthw/hashmap.c:Hashmap_get_node:205: TRY: 62
DEBUG: src/lcthw/hashmap.c:Hashmap_get_node:205: TRY: 63
DEBUG: src/lcthw/hashmap.c:Hashmap_get_node:205: TRY: 64
DEBUG: src/lcthw/hashmap.c:Hashmap_get_node:205: TRY: 65
DEBUG: src/lcthw/hashmap.c:Hashmap_get_node:205: TRY: 66
DEBUG: src/lcthw/hashmap.c:Hashmap_get_node:205: TRY: 67
DEBUG: src/lcthw/hashmap.c:Hashmap_get_node:205: TRY: 68
DEBUG: src/lcthw/hashmap.c:Hashmap_get_node:205: TRY: 69
DEBUG: src/lcthw/hashmap.c:Hashmap_get_node:205: TRY: 70
DEBUG: src/lcthw/hashmap.c:Hashmap_get_node:205: TRY: 71
DEBUG: src/lcthw/hashmap.c:Hashmap_get_node:205: TRY: 72
DEBUG: src/lcthw/hashmap.c:Hashmap_get_node:205: TRY: 73
DEBUG: src/lcthw/hashmap.c:Hashmap_get_node:205: TRY: 74
DEBUG: src/lcthw/hashmap.c:Hashmap_get_node:205: TRY: 75
DEBUG: src/lcthw/hashmap.c:Hashmap_get_node:205: TRY: 76
DEBUG: src/lcthw/hashmap.c:Hashmap_get_node:205: TRY: 77
DEBUG: src/lcthw/hashmap.c:Hashmap_get_node:205: TRY: 78
DEBUG: src/lcthw/hashmap.c:Hashmap_get_node:205: TRY: 79
DEBUG: src/lcthw/hashmap.c:Hashmap_get_node:205: TRY: 80
DEBUG: src/lcthw/hashmap.c:Hashmap_get_node:205: TRY: 81
DEBUG: src/lcthw/hashmap.c:Hashmap_get_node:205: TRY: 82
DEBUG: src/lcthw/hashmap.c:Hashmap_get_node:205: TRY: 0
DEBUG: src/lcthw/hashmap.c:Hashmap_get_node:205: TRY: 1
DEBUG: src/lcthw/hashmap.c:Hashmap_get_node:205: TRY: 2
DEBUG: src/lcthw/hashmap.c:Hashmap_get_node:205: TRY: 3
DEBUG: src/lcthw/hashmap.c:Hashmap_get_node:205: TRY: 4
DEBUG: src/lcthw/hashmap.c:Hashmap_get_node:205: TRY: 5
DEBUG: src/lcthw/hashmap.c:Hashmap_get_node:205: TRY: 6
DEBUG: src/lcthw/hashmap.c:Hashmap_get_node:205: TRY: 7
DEBUG: src/lcthw/hashmap.c:Hashmap_get_node:205: TRY: 8
DEBUG: src/lcthw/hashmap.c:Hashmap_get_node:205: TRY: 9
DEBUG: src/lcthw/hashmap.c:Hashmap_get_node:205: TRY: 10
DEBUG: src/lcthw/hashmap.c:Hashmap_get_node:205: TRY: 11
DEBUG: src/lcthw/hashmap.c:Hashmap_get_node:205: TRY: 12
DEBUG: src/lcthw/hashmap.c:Hashmap_get_node:205: TRY: 13
DEBUG: src/lcthw/hashmap.c:Hashmap_get_node:205: TRY: 14
DEBUG: src/lcthw/hashmap.c:Hashmap_get_node:205: TRY: 15
DEBUG: src/lcthw/hashmap.c:Hashmap_get_node:205: TRY: 16
DEBUG: src/lcthw/hashmap.c:Hashmap_get_node:205: TRY: 17
DEBUG: src/lcthw/hashmap.c:Hashmap_get_node:205: TRY: 18
DEBUG: src/lcthw/hashmap.c:Hashmap_get_node:205: TRY: 19
DEBUG: src/lcthw/hashmap.c:Hashmap_get_node:205: TRY: 20
DEBUG: src/lcthw/hashmap.c:Hashmap_get_node:205: TRY: 21
DEBUG: src/lcthw/hashmap.c:Hashmap_get_node:205: TRY: 22
DEBUG: src/lcthw/hashmap.c:Hashmap_get_node:205: TRY: 23
DEBUG: src/lcthw/hashmap.c:Hashmap_get_node:205: TRY: 24
DEBUG: src/lcthw/hashmap.c:Hashmap_get_node:205: TRY: 25
DEBUG: src/lcthw/hashmap.c:Hashmap_get_node:205: TRY: 26
DEBUG: src/lcthw/hashmap.c:Hashmap_get_node:205: TRY: 27
DEBUG: src/lcthw/hashmap.c:Hashmap_get_node:205: TRY: 28
DEBUG: src/lcthw/hashmap.c:Hashmap_get_node:205: TRY: 29
DEBUG: src/lcthw/hashmap.c:Hashmap_get_node:205: TRY: 30
DEBUG: src/lcthw/hashmap.c:Hashmap_get_node:205: TRY: 31
DEBUG: src/lcthw/hashmap.c:Hashmap_get_node:205: TRY: 32
DEBUG: src/lcthw/hashmap.c:Hashmap_get_node:205: TRY: 33
DEBUG: src/lcthw/hashmap.c:Hashmap_get_node:205: TRY: 34
DEBUG: src/lcthw/hashmap.c:Hashmap_get_node:205: TRY: 35
DEBUG: src/lcthw/hashmap.c:Hashmap_get_node:205: TRY: 36
DEBUG: src/lcthw/hashmap.c:Hashmap_get_node:205: TRY: 37
DEBUG: src/lcthw/hashmap.c:Hashmap_get_node:205: TRY: 38
DEBUG: src/lcthw/hashmap.c:Hashmap_get_node:205: TRY: 39
DEBUG: src/lcthw/hashmap.c:Hashmap_get_node:205: TRY: 40
DEBUG: src/lcthw/hashmap.c:Hashmap_get_node:205: TRY: 41
DEBUG: src/lcthw/hashmap.c:Hashmap_get_node:205: TRY: 42
DEBUG: src/lcthw/hashmap.c:Hashmap_get_node:205: TRY: 43
DEBUG: src/lcthw/hashmap.c:Hashmap_get_node:205: TRY: 44
DEBUG: src/lcthw/hashmap.c:Hashmap_get_node:205: TRY: 45
DEBUG: src/lcthw/hashmap.c:Hashmap_get_node:205: TRY: 46
DEBUG: src/lcthw/hashmap.c:Hashmap_get_node:205: TRY: 47
DEBUG: src/lcthw/hashmap.c:Hashmap_get_node:205: TRY: 48
DEBUG: src/lcthw/hashmap.c:Hashmap_get_node:205: TRY: 49
DEBUG: src/lcthw/hashmap.c:Hashmap_get_node:205: TRY: 50
DEBUG: src/lcthw/hashmap.c:Hashmap_get_node:205: TRY: 51
DEBUG: src/lcthw/hashmap.c:Hashmap_get_node:205: TRY: 52
DEBUG: src/lcthw/hashmap.c:Hashmap_get_node:205: TRY: 53
DEBUG: src/lcthw/hashmap.c:Hashmap_get_node:205: TRY: 54
DEBUG: src/lcthw/hashmap.c:Hashmap_get_node:205: TRY: 55
DEBUG: src/lcthw/hashmap.c:Hashmap_get_node:205: TRY: 56
DEBUG: src/lcthw/hashmap.c:Hashmap_get_node:205: TRY: 57
DEBUG: src/lcthw/hashmap.c:Hashmap_get_node:205: TRY: 58
DEBUG: src/lcthw/hashmap.c:Hashmap_get_node:205: TRY: 59
DEBUG: src/lcthw/hashmap.c:Hashmap_get_node:205: TRY: 60
DEBUG: src/lcthw/hashmap.c:Hashmap_get_node:205: TRY: 61
DEBUG: src/lcthw/hashmap.c:Hashmap_get_node:205: TRY: 62
DEBUG: src/lcthw/hashmap.c:Hashmap_get_node:205: TRY: 63
DEBUG: src/lcthw/hashmap.c:Hashmap_get_node:205: TRY: 64
DEBUG: src/lcthw/hashmap.c:Hashmap_get_node:205: TRY: 65
DEBUG: src/lcthw/hashmap.c:Hashmap_get_node:205: TRY: 66
DEBUG: src/lcthw/hashmap.c:Hashmap_get_node:205: TRY: 67
DEBUG: src/lcthw/hashmap.c:Hashmap_get_node:205: TRY: 68
DEBUG: src/lcthw/hashmap.c:Hashmap_get_node:205: TRY: 69
DEBUG: src/lcthw/hashmap.c:Hashmap_get_node:205: TRY: 70
DEBUG: src/lcthw/hashmap.c:Hashmap_get_node:205: TRY: 71
DEBUG: src/lcthw/hashmap.c:Hashmap_get_node:205: TRY: 72
DEBUG: src/lcthw/hashmap.c:Hashmap_get_node:205: TRY: 73
DEBUG: src/lcthw/hashmap.c:Hashmap_get_node:205: TRY: 74
DEBUG: src/lcthw/hashmap.c:Hashmap_get_node:205: TRY: 75
DEBUG: src/lcthw/hashmap.c:Hashmap_get_node:205: TRY: 76
DEBUG: src/lcthw/hashmap.c:Hashmap_get_node:205: TRY: 77
DEBUG: src/lcthw/hashmap.c:Hashmap_get_node:205: TRY: 78
DEBUG: src/lcthw/hashmap.c:Hashmap_get_node:205: TRY: 79
DEBUG: src/lcthw/hashmap.c:Hashmap_get_node:205: TRY: 80
DEBUG: src/lcthw/hashmap.c:Hashmap_get_node:205: TRY: 81
DEBUG: src/lcthw/hashmap.c:Hashmap_get_node:205: TRY: 82
DEBUG: src/lcthw/hashmap.c:Hashmap_get_node:205: TRY: 83
DEBUG: src/lcthw/hashmap.c:Hashmap_get_node:205: TRY: 0
DEBUG: src/lcthw/hashmap.c:Hashmap_get_node:205: TRY: 1
DEBUG: src/lcthw/hashmap.c:Hashmap_get_node:205: TRY: 2
DEBUG: src/lcthw/hashmap.c:Hashmap_get_node:205: TRY: 3
DEBUG: src/lcthw/hashmap.c:Hashmap_get_node:205: TRY: 4
DEBUG: src/lcthw/hashmap.c:Hashmap_get_node:205: TRY: 5
DEBUG: src/lcthw/hashmap.c:Hashmap_get_node:205: TRY: 6
DEBUG: src/lcthw/hashmap.c:Hashmap_get_node:205: TRY: 7
DEBUG: src/lcthw/hashmap.c:Hashmap_get_node:205: TRY: 8
DEBUG: src/lcthw/hashmap.c:Hashmap_get_node:205: TRY: 9
DEBUG: src/lcthw/hashmap.c:Hashmap_get_node:205: TRY: 10
DEBUG: src/lcthw/hashmap.c:Hashmap_get_node:205: TRY: 11
DEBUG: src/lcthw/hashmap.c:Hashmap_get_node:205: TRY: 12
DEBUG: src/lcthw/hashmap.c:Hashmap_get_node:205: TRY: 13
DEBUG: src/lcthw/hashmap.c:Hashmap_get_node:205: TRY: 14
DEBUG: src/lcthw/hashmap.c:Hashmap_get_node:205: TRY: 15
DEBUG: src/lcthw/hashmap.c:Hashmap_get_node:205: TRY: 16
DEBUG: src/lcthw/hashmap.c:Hashmap_get_node:205: TRY: 17
DEBUG: src/lcthw/hashmap.c:Hashmap_get_node:205: TRY: 18
DEBUG: src/lcthw/hashmap.c:Hashmap_get_node:205: TRY: 19
DEBUG: src/lcthw/hashmap.c:Hashmap_get_node:205: TRY: 20
DEBUG: src/lcthw/hashmap.c:Hashmap_get_node:205: TRY: 21
DEBUG: src/lcthw/hashmap.c:Hashmap_get_node:205: TRY: 22
DEBUG: src/lcthw/hashmap.c:Hashmap_get_node:205: TRY: 23
DEBUG: src/lcthw/hashmap.c:Hashmap_get_node:205: TRY: 24
DEBUG: src/lcthw/hashmap.c:Hashmap_get_node:205: TRY: 25
DEBUG: src/lcthw/hashmap.c:Hashmap_get_node:205: TRY: 26
DEBUG: src/lcthw/hashmap.c:Hashmap_get_node:205: TRY: 27
DEBUG: src/lcthw/hashmap.c:Hashmap_get_node:205: TRY: 28
DEBUG: src/lcthw/hashmap.c:Hashmap_get_node:205: TRY: 29
DEBUG: src/lcthw/hashmap.c:Hashmap_get_node:205: TRY: 30
DEBUG: src/lcthw/hashmap.c:Hashmap_get_node:205: TRY: 31
DEBUG: src/lcthw/hashmap.c:Hashmap_get_node:205: TRY: 32
DEBUG: src/lcthw/hashmap.c:Hashmap_get_node:205: TRY: 33
DEBUG: src/lcthw/hashmap.c:Hashmap_get_node:205: TRY: 34
DEBUG: src/lcthw/hashmap.c:Hashmap_get_node:205: TRY: 35
DEBUG: src/lcthw/hashmap.c:Hashmap_get_node:205: TRY: 36
DEBUG: src/lcthw/hashmap.c:Hashmap_get_node:205: TRY: 37
DEBUG: src/lcthw/hashmap.c:Hashmap_get_node:205: TRY: 38
DEBUG: src/lcthw/hashmap.c:Hashmap_get_node:205: TRY: 39
DEBUG: src/lcthw/hashmap.c:Hashmap_get_node:205: TRY: 40
DEBUG: src/lcthw/hashmap.c:Hashmap_get_node:205: TRY: 41
DEBUG: src/lcthw/hashmap.c:Hashmap_get_node:205: TRY: 42
DEBUG: src/lcthw/hashmap.c:Hashmap_get_node:205: TRY: 43
DEBUG: src/lcthw/hashmap.c:Hashmap_get_node:205: TRY: 44
DEBUG: src/lcthw/hashmap.c:Hashmap_get_node:205: TRY: 45
DEBUG: src/lcthw/hashmap.c:Hashmap_get_node:205: TRY: 46
DEBUG: src/lcthw/hashmap.c:Hashmap_get_node:205: TRY: 47
DEBUG: src/lcthw/hashmap.c:Hashmap_get_node:205: TRY: 48
DEBUG: src/lcthw/hashmap.c:Hashmap_get_node:205: TRY: 49
DEBUG: src/lcthw/hashmap.c:Hashmap_get_node:205: TRY: 50
DEBUG: src/lcthw/hashmap.c:Hashmap_get_node:205: TRY: 51
DEBUG: src/lcthw/hashmap.c:Hashmap_get_node:205: TRY: 52
DEBUG: src/lcthw/hashmap.c:Hashmap_get_node:205: TRY: 53
DEBUG: src/lcthw/hashmap.c:Hashmap_get_node:205: TRY: 54
DEBUG: src/lcthw/hashmap.c:Hashmap_get_node:205: TRY: 55
DEBUG: src/lcthw/hashmap.c:Hashmap_get_node:205: TRY: 56
DEBUG: src/lcthw/hashmap.c:Hashmap_get_node:205: TRY: 57
DEBUG: src/lcthw/hashmap.c:Hashmap_get_node:205: TRY: 58
DEBUG: src/lcthw/hashmap.c:Hashmap_get_node:205: TRY: 59
DEBUG: src/lcthw/hashmap.c:Hashmap_get_node:205: TRY: 60
DEBUG: src/lcthw/hashmap.c:Hashmap_get_node:205: TRY: 61
DEBUG: src/lcthw/hashmap.c:Hashmap_get_node:205: TRY: 62
DEBUG: src/lcthw/hashmap.c:Hashmap_get_node:205: TRY: 63
DEBUG: src/lcthw/hashmap.c:Hashmap_get_node:205: TRY: 64
DEBUG: src/lcthw/hashmap.c:Hashmap_get_node:205: TRY: 65
DEBUG: src/lcthw/hashmap.c:Hashmap_get_node:205: TRY: 66
DEBUG: src/lcthw/hashmap.c:Hashmap_get_node:205: TRY: 67
DEBUG: src/lcthw/hashmap.c:Hashmap_get_node:205: TRY: 68
DEBUG: src/lcthw/hashmap.c:Hashmap_get_node:205: TRY: 69
DEBUG: src/lcthw/hashmap.c:Hashmap_get_node:205: TRY: 70
DEBUG: src/lcthw/hashmap.c:Hashmap_get_node:205: TRY: 71
DEBUG: src/lcthw/hashmap.c:Hashmap_get_node:205: TRY: 72
DEBUG: src/lcthw/hashmap.c:Hashmap_get_node:205: TRY: 73
DEBUG: src/lcthw/hashmap.c:Hashmap_get_node:205: TRY: 74
DEBUG: src/lcthw/hashmap.c:Hashmap_get_node:205: TRY: 75
DEBUG: src/lcthw/hashmap.c:Hashmap_get_node:205: TRY: 76
DEBUG: src/lcthw/hashmap.c:Hashmap_get_node:205: TRY: 77
DEBUG: src/lcthw/hashmap.c:Hashmap_get_node:205: TRY: 78
DEBUG: src/lcthw/hashmap.c:Hashmap_get_node:205: TRY: 79
DEBUG: src/lcthw/hashmap.c:Hashmap_get_node:205: TRY: 80
DEBUG: src/lcthw/hashmap.c:Hashmap_get_node:205: TRY: 81
DEBUG: src/lcthw/hashmap.c:Hashmap_get_node:205: TRY: 82
DEBUG: src/lcthw/hashmap.c:Hashmap_get_node:205: TRY: 83
DEBUG: src/lcthw/hashmap.c:Hashmap_get_node:205: TRY: 84
DEBUG: src/lcthw/hashmap.c:Hashmap_get_node:205: TRY: 85
DEBUG: src/lcthw/hashmap.c:Hashmap_get_node:205: TRY: 0
DEBUG: src/lcthw/hashmap.c:Hashmap_get_node:205: TRY: 1
DEBUG: src/lcthw/hashmap.c:Hashmap_get_node:205: TRY: 2
DEBUG: src/lcthw/hashmap.c:Hashmap_get_node:205: TRY: 3
DEBUG: src/lcthw/hashmap.c:Hashmap_get_node:205: TRY: 4
DEBUG: src/lcthw/hashmap.c:Hashmap_get_node:205: TRY: 5
DEBUG: src/lcthw/hashmap.c:Hashmap_get_node:205: TRY: 6
DEBUG: src/lcthw/hashmap.c:Hashmap_get_node:205: TRY: 7
DEBUG: src/lcthw/hashmap.c:Hashmap_get_node:205: TRY: 8
DEBUG: src/lcthw/hashmap.c:Hashmap_get_node:205: TRY: 9
DEBUG: src/lcthw/hashmap.c:Hashmap_get_node:205: TRY: 10
DEBUG: src/lcthw/hashmap.c:Hashmap_get_node:205: TRY: 11
DEBUG: src/lcthw/hashmap.c:Hashmap_get_node:205: TRY: 12
DEBUG: src/lcthw/hashmap.c:Hashmap_get_node:205: TRY: 13
DEBUG: src/lcthw/hashmap.c:Hashmap_get_node:205: TRY: 14
DEBUG: src/lcthw/hashmap.c:Hashmap_get_node:205: TRY: 15
DEBUG: src/lcthw/hashmap.c:Hashmap_get_node:205: TRY: 16
DEBUG: src/lcthw/hashmap.c:Hashmap_get_node:205: TRY: 17
DEBUG: src/lcthw/hashmap.c:Hashmap_get_node:205: TRY: 18
DEBUG: src/lcthw/hashmap.c:Hashmap_get_node:205: TRY: 19
DEBUG: src/lcthw/hashmap.c:Hashmap_get_node:205: TRY: 20
DEBUG: src/lcthw/hashmap.c:Hashmap_get_node:205: TRY: 21
DEBUG: src/lcthw/hashmap.c:Hashmap_get_node:205: TRY: 22
DEBUG: src/lcthw/hashmap.c:Hashmap_get_node:205: TRY: 23
DEBUG: src/lcthw/hashmap.c:Hashmap_get_node:205: TRY: 24
DEBUG: src/lcthw/hashmap.c:Hashmap_get_node:205: TRY: 25
DEBUG: src/lcthw/hashmap.c:Hashmap_get_node:205: TRY: 26
DEBUG: src/lcthw/hashmap.c:Hashmap_get_node:205: TRY: 27
DEBUG: src/lcthw/hashmap.c:Hashmap_get_node:205: TRY: 28
DEBUG: src/lcthw/hashmap.c:Hashmap_get_node:205: TRY: 29
DEBUG: src/lcthw/hashmap.c:Hashmap_get_node:205: TRY: 30
DEBUG: src/lcthw/hashmap.c:Hashmap_get_node:205: TRY: 31
DEBUG: src/lcthw/hashmap.c:Hashmap_get_node:205: TRY: 32
DEBUG: src/lcthw/hashmap.c:Hashmap_get_node:205: TRY: 33
DEBUG: src/lcthw/hashmap.c:Hashmap_get_node:205: TRY: 34
DEBUG: src/lcthw/hashmap.c:Hashmap_get_node:205: TRY: 35
DEBUG: src/lcthw/hashmap.c:Hashmap_get_node:205: TRY: 36
DEBUG: src/lcthw/hashmap.c:Hashmap_get_node:205: TRY: 37
DEBUG: src/lcthw/hashmap.c:Hashmap_get_node:205: TRY: 38
DEBUG: src/lcthw/hashmap.c:Hashmap_get_node:205: TRY: 39
DEBUG: src/lcthw/hashmap.c:Hashmap_get_node:205: TRY: 40
DEBUG: src/lcthw/hashmap.c:Hashmap_get_node:205: TRY: 41
DEBUG: src/lcthw/hashmap.c:Hashmap_get_node:205: TRY: 42
DEBUG: src/lcthw/hashmap.c:Hashmap_get_node:205: TRY: 43
DEBUG: src/lcthw/hashmap.c:Hashmap_get_node:205: TRY: 44
DEBUG: src/lcthw/hashmap.c:Hashmap_get_node:205: TRY: 45
DEBUG: src/lcthw/hashmap.c:Hashmap_get_node:205: TRY: 46
DEBUG: src/lcthw/hashmap.c:Hashmap_get_node:205: TRY: 47
DEBUG: src/lcthw/hashmap.c:Hashmap_get_node:205: TRY: 48
DEBUG: src/lcthw/hashmap.c:Hashmap_get_node:205: TRY: 49
DEBUG: src/lcthw/hashmap.c:Hashmap_get_node:205: TRY: 50
DEBUG: src/lcthw/hashmap.c:Hashmap_get_node:205: TRY: 51
DEBUG: src/lcthw/hashmap.c:Hashmap_get_node:205: TRY: 52
DEBUG: src/lcthw/hashmap.c:Hashmap_get_node:205: TRY: 53
DEBUG: src/lcthw/hashmap.c:Hashmap_get_node:205: TRY: 54
DEBUG: src/lcthw/hashmap.c:Hashmap_get_node:205: TRY: 55
DEBUG: src/lcthw/hashmap.c:Hashmap_get_node:205: TRY: 56
DEBUG: src/lcthw/hashmap.c:Hashmap_get_node:205: TRY: 57
DEBUG: src/lcthw/hashmap.c:Hashmap_get_node:205: TRY: 58
DEBUG: src/lcthw/hashmap.c:Hashmap_get_node:205: TRY: 59
DEBUG: src/lcthw/hashmap.c:Hashmap_get_node:205: TRY: 60
DEBUG: src/lcthw/hashmap.c:Hashmap_get_node:205: TRY: 61
DEBUG: src/lcthw/hashmap.c:Hashmap_get_node:205: TRY: 62
DEBUG: src/lcthw/hashmap.c:Hashmap_get_node:205: TRY: 63
DEBUG: src/lcthw/hashmap.c:Hashmap_get_node:205: TRY: 64
DEBUG: src/lcthw/hashmap.c:Hashmap_get_node:205: TRY: 65
DEBUG: src/lcthw/hashmap.c:Hashmap_get_node:205: TRY: 66
DEBUG: src/lcthw/hashmap.c:Hashmap_get_node:205: TRY: 67
DEBUG: src/lcthw/hashmap.c:Hashmap_get_node:205: TRY: 68
DEBUG: src/lcthw/hashmap.c:Hashmap_get_node:205: TRY: 69
DEBUG: src/lcthw/hashmap.c:Hashmap_get_node:205: TRY: 70
DEBUG: src/lcthw/hashmap.c:Hashmap_get_node:205: TRY: 71
DEBUG: src/lcthw/hashmap.c:Hashmap_get_node:205: TRY: 72
DEBUG: src/lcthw/hashmap.c:Hashmap_get_node:205: TRY: 73
DEBUG: src/lcthw/hashmap.c:Hashmap_get_node:205: TRY: 74
DEBUG: src/lcthw/hashmap.c:Hashmap_get_node:205: TRY: 75
DEBUG: src/lcthw/hashmap.c:Hashmap_get_node:205: TRY: 76
DEBUG: src/lcthw/hashmap.c:Hashmap_get_node:205: TRY: 77
DEBUG: src/lcthw/hashmap.c:Hashmap_get_node:205: TRY: 78
DEBUG: src/lcthw/hashmap.c:Hashmap_get_node:205: TRY: 79
DEBUG: src/lcthw/hashmap.c:Hashmap_get_node:205: TRY: 80
DEBUG: src/lcthw/hashmap.c:Hashmap_get_node:205: TRY: 81
DEBUG: src/lcthw/hashmap.c:Hashmap_get_node:205: TRY: 82
DEBUG: src/lcthw/hashmap.c:Hashmap_get_node:205: TRY: 83
DEBUG: src/lcthw/hashmap.c:Hashmap_get_node:205: TRY: 84
DEBUG: src/lcthw/hashmap.c:Hashmap_get_node:205: TRY: 85
DEBUG: src/lcthw/hashmap.c:Hashmap_get_node:205: TRY: 86
DEBUG: src/lcthw/hashmap.c:Hashmap_get_node:205: TRY: 87
DEBUG: src/lcthw/hashmap.c:Hashmap_get_node:205: TRY: 88
DEBUG: src/lcthw/hashmap.c:Hashmap_get_node:205: TRY: 89
DEBUG: src/lcthw/hashmap.c:Hashmap_get_node:205: TRY: 90
DEBUG: src/lcthw/hashmap.c:Hashmap_get_node:205: TRY: 91
DEBUG: src/lcthw/hashmap.c:Hashmap_get_node:205: TRY: 92
DEBUG: src/lcthw/hashmap.c:Hashmap_get_node:205: TRY: 93
DEBUG: src/lcthw/hashmap.c:Hashmap_get_node:205: TRY: 94
DEBUG: src/lcthw/hashmap.c:Hashmap_get_node:205: TRY: 95
DEBUG: src/lcthw/hashmap.c:Hashmap_get_node:205: TRY: 96
DEBUG: src/lcthw/hashmap.c:Hashmap_get_node:205: TRY: 97
DEBUG: src/lcthw/hashmap.c:Hashmap_get_node:205: TRY: 98
DEBUG: src/lcthw/hashmap.c:Hashmap_get_node:205: TRY: 99
DEBUG: src/lcthw/hashmap.c:Hashmap_get_node:205: TRY: 100
DEBUG: src/lcthw/hashmap.c:Hashmap_get_node:205: TRY: 101
DEBUG: src/lcthw/hashmap.c:Hashmap_get_node:205: TRY: 102
DEBUG: src/lcthw/hashmap.c:Hashmap_get_node:205: TRY: 103
DEBUG: src/lcthw/hashmap.c:Hashmap_get_node:205: TRY: 104
DEBUG: src/lcthw/hashmap.c:Hashmap_get_node:205: TRY: 105
DEBUG: src/lcthw/hashmap.c:Hashmap_get_node:205: TRY: 106
DEBUG: src/lcthw/hashmap.c:Hashmap_get_node:205: TRY: 107
DEBUG: src/lcthw/hashmap.c:Hashmap_get_node:205: TRY: 108
DEBUG: src/lcthw/hashmap.c:Hashmap_get_node:205: TRY: 109
DEBUG: src/lcthw/hashmap.c:Hashmap_get_node:205: TRY: 110
DEBUG: src/lcthw/hashmap.c:Hashmap_get_node:205: TRY: 111
DEBUG: src/lcthw/hashmap.c:Hashmap_get_node:205: TRY: 112
DEBUG: src/lcthw/hashmap.c:Hashmap_get_node:205: TRY: 113
DEBUG: src/lcthw/hashmap.c:Hashmap_get_node:205: TRY: 114
DEBUG: src/lcthw/hashmap.c:Hashmap_get_node:205: TRY: 115
DEBUG: src/lcthw/hashmap.c:Hashmap_get_node:205: TRY: 0
DEBUG: src/lcthw/hashmap.c:Hashmap_get_node:205: TRY: 1
DEBUG: src/lcthw/hashmap.c:Hashmap_get_node:205: TRY: 2
DEBUG: src/lcthw/hashmap.c:Hashmap_get_node:205: TRY: 3
DEBUG: src/lcthw/hashmap.c:Hashmap_get_node:205: TRY: 4
DEBUG: src/lcthw/hashmap.c:Hashmap_get_node:205: TRY: 5
DEBUG: src/lcthw/hashmap.c:Hashmap_get_node:205: TRY: 6
DEBUG: src/lcthw/hashmap.c:Hashmap_get_node:205: TRY: 7
DEBUG: src/lcthw/hashmap.c:Hashmap_get_node:205: TRY: 8
DEBUG: src/lcthw/hashmap.c:Hashmap_get_node:205: TRY: 9
DEBUG: src/lcthw/hashmap.c:Hashmap_get_node:205: TRY: 10
DEBUG: src/lcthw/hashmap.c:Hashmap_get_node:205: TRY: 11
DEBUG: src/lcthw/hashmap.c:Hashmap_get_node:205: TRY: 12
DEBUG: src/lcthw/hashmap.c:Hashmap_get_node:205: TRY: 13
DEBUG: src/lcthw/hashmap.c:Hashmap_get_node:205: TRY: 14
DEBUG: src/lcthw/hashmap.c:Hashmap_get_node:205: TRY: 15
DEBUG: src/lcthw/hashmap.c:Hashmap_get_node:205: TRY: 16
DEBUG: src/lcthw/hashmap.c:Hashmap_get_node:205: TRY: 17
DEBUG: src/lcthw/hashmap.c:Hashmap_get_node:205: TRY: 18
DEBUG: src/lcthw/hashmap.c:Hashmap_get_node:205: TRY: 19
DEBUG: src/lcthw/hashmap.c:Hashmap_get_node:205: TRY: 20
DEBUG: src/lcthw/hashmap.c:Hashmap_get_node:205: TRY: 21
DEBUG: src/lcthw/hashmap.c:Hashmap_get_node:205: TRY: 22
DEBUG: src/lcthw/hashmap.c:Hashmap_get_node:205: TRY: 23
DEBUG: src/lcthw/hashmap.c:Hashmap_get_node:205: TRY: 24
DEBUG: src/lcthw/hashmap.c:Hashmap_get_node:205: TRY: 25
DEBUG: src/lcthw/hashmap.c:Hashmap_get_node:205: TRY: 26
DEBUG: src/lcthw/hashmap.c:Hashmap_get_node:205: TRY: 27
DEBUG: src/lcthw/hashmap.c:Hashmap_get_node:205: TRY: 28
DEBUG: src/lcthw/hashmap.c:Hashmap_get_node:205: TRY: 29
DEBUG: src/lcthw/hashmap.c:Hashmap_get_node:205: TRY: 30
DEBUG: src/lcthw/hashmap.c:Hashmap_get_node:205: TRY: 31
DEBUG: src/lcthw/hashmap.c:Hashmap_get_node:205: TRY: 32
DEBUG: src/lcthw/hashmap.c:Hashmap_get_node:205: TRY: 33
DEBUG: src/lcthw/hashmap.c:Hashmap_get_node:205: TRY: 34
DEBUG: src/lcthw/hashmap.c:Hashmap_get_node:205: TRY: 35
DEBUG: src/lcthw/hashmap.c:Hashmap_get_node:205: TRY: 36
DEBUG: src/lcthw/hashmap.c:Hashmap_get_node:205: TRY: 37
DEBUG: src/lcthw/hashmap.c:Hashmap_get_node:205: TRY: 38
DEBUG: src/lcthw/hashmap.c:Hashmap_get_node:205: TRY: 39
DEBUG: src/lcthw/hashmap.c:Hashmap_get_node:205: TRY: 40
DEBUG: src/lcthw/hashmap.c:Hashmap_get_node:205: TRY: 41
DEBUG: src/lcthw/hashmap.c:Hashmap_get_node:205: TRY: 42
DEBUG: src/lcthw/hashmap.c:Hashmap_get_node:205: TRY: 43
DEBUG: src/lcthw/hashmap.c:Hashmap_get_node:205: TRY: 44
DEBUG: src/lcthw/hashmap.c:Hashmap_get_node:205: TRY: 45
DEBUG: src/lcthw/hashmap.c:Hashmap_get_node:205: TRY: 46
DEBUG: src/lcthw/hashmap.c:Hashmap_get_node:205: TRY: 47
DEBUG: src/lcthw/hashmap.c:Hashmap_get_node:205: TRY: 48
DEBUG: src/lcthw/hashmap.c:Hashmap_get_node:205: TRY: 49
DEBUG: src/lcthw/hashmap.c:Hashmap_get_node:205: TRY: 50
DEBUG: src/lcthw/hashmap.c:Hashmap_get_node:205: TRY: 51
DEBUG: src/lcthw/hashmap.c:Hashmap_get_node:205: TRY: 52
DEBUG: src/lcthw/hashmap.c:Hashmap_get_node:205: TRY: 53
DEBUG: src/lcthw/hashmap.c:Hashmap_get_node:205: TRY: 54
DEBUG: src/lcthw/hashmap.c:Hashmap_get_node:205: TRY: 55
DEBUG: src/lcthw/hashmap.c:Hashmap_get_node:205: TRY: 56
DEBUG: src/lcthw/hashmap.c:Hashmap_get_node:205: TRY: 57
DEBUG: src/lcthw/hashmap.c:Hashmap_get_node:205: TRY: 58
DEBUG: src/lcthw/hashmap.c:Hashmap_get_node:205: TRY: 59
DEBUG: src/lcthw/hashmap.c:Hashmap_get_node:205: TRY: 60
DEBUG: src/lcthw/hashmap.c:Hashmap_get_node:205: TRY: 61
DEBUG: src/lcthw/hashmap.c:Hashmap_get_node:205: TRY: 62
DEBUG: src/lcthw/hashmap.c:Hashmap_get_node:205: TRY: 63
DEBUG: src/lcthw/hashmap.c:Hashmap_get_node:205: TRY: 64
DEBUG: src/lcthw/hashmap.c:Hashmap_get_node:205: TRY: 65
DEBUG: src/lcthw/hashmap.c:Hashmap_get_node:205: TRY: 66
DEBUG: src/lcthw/hashmap.c:Hashmap_get_node:205: TRY: 67
DEBUG: src/lcthw/hashmap.c:Hashmap_get_node:205: TRY: 68
DEBUG: src/lcthw/hashmap.c:Hashmap_get_node:205: TRY: 69
DEBUG: src/lcthw/hashmap.c:Hashmap_get_node:205: TRY: 70
DEBUG: src/lcthw/hashmap.c:Hashmap_get_node:205: TRY: 71
DEBUG: src/lcthw/hashmap.c:Hashmap_get_node:205: TRY: 72
DEBUG: src/lcthw/hashmap.c:Hashmap_get_node:205: TRY: 73
DEBUG: src/lcthw/hashmap.c:Hashmap_get_node:205: TRY: 74
DEBUG: src/lcthw/hashmap.c:Hashmap_get_node:205: TRY: 75
DEBUG: src/lcthw/hashmap.c:Hashmap_get_node:205: TRY: 76
DEBUG: src/lcthw/hashmap.c:Hashmap_get_node:205: TRY: 77
DEBUG: src/lcthw/hashmap.c:Hashmap_get_node:205: TRY: 78
DEBUG: src/lcthw/hashmap.c:Hashmap_get_node:205: TRY: 79
DEBUG: src/lcthw/hashmap.c:Hashmap_get_node:205: TRY: 80
DEBUG: src/lcthw/hashmap.c:Hashmap_get_node:205: TRY: 81
DEBUG: src/lcthw/hashmap.c:Hashmap_get_node:205: TRY: 82
DEBUG: src/lcthw/hashmap.c:Hashmap_get_node:205: TRY: 83
DEBUG: src/lcthw/hashmap.c:Hashmap_get_node:205: TRY: 84
DEBUG: src/lcthw/hashmap.c:Hashmap_get_node:205: TRY: 85
DEBUG: src/lcthw/hashmap.c:Hashmap_get_node:205: TRY: 86
DEBUG: src/lcthw/hashmap.c:Hashmap_get_node:205: TRY: 0
DEBUG: src/lcthw/hashmap.c:Hashmap_get_node:205: TRY: 1
DEBUG: src/lcthw/hashmap.c:Hashmap_get_node:205: TRY: 2
DEBUG: src/lcthw/hashmap.c:Hashmap_get_node:205: TRY: 3
DEBUG: src/lcthw/hashmap.c:Hashmap_get_node:205: TRY: 4
DEBUG: src/lcthw/hashmap.c:Hashmap_get_node:205: TRY: 5
DEBUG: src/lcthw/hashmap.c:Hashmap_get_node:205: TRY: 6
DEBUG: src/lcthw/hashmap.c:Hashmap_get_node:205: TRY: 7
DEBUG: src/lcthw/hashmap.c:Hashmap_get_node:205: TRY: 8
DEBUG: src/lcthw/hashmap.c:Hashmap_get_node:205: TRY: 9
DEBUG: src/lcthw/hashmap.c:Hashmap_get_node:205: TRY: 10
DEBUG: src/lcthw/hashmap.c:Hashmap_get_node:205: TRY: 11
DEBUG: src/lcthw/hashmap.c:Hashmap_get_node:205: TRY: 12
DEBUG: src/lcthw/hashmap.c:Hashmap_get_node:205: TRY: 13
DEBUG: src/lcthw/hashmap.c:Hashmap_get_node:205: TRY: 14
DEBUG: src/lcthw/hashmap.c:Hashmap_get_node:205: TRY: 15
DEBUG: src/lcthw/hashmap.c:Hashmap_get_node:205: TRY: 16
DEBUG: src/lcthw/hashmap.c:Hashmap_get_node:205: TRY: 17
DEBUG: src/lcthw/hashmap.c:Hashmap_get_node:205: TRY: 18
DEBUG: src/lcthw/hashmap.c:Hashmap_get_node:205: TRY: 19
DEBUG: src/lcthw/hashmap.c:Hashmap_get_node:205: TRY: 20
DEBUG: src/lcthw/hashmap.c:Hashmap_get_node:205: TRY: 21
DEBUG: src/lcthw/hashmap.c:Hashmap_get_node:205: TRY: 22
DEBUG: src/lcthw/hashmap.c:Hashmap_get_node:205: TRY: 23
DEBUG: src/lcthw/hashmap.c:Hashmap_get_node:205: TRY: 24
DEBUG: src/lcthw/hashmap.c:Hashmap_get_node:205: TRY: 25
DEBUG: src/lcthw/hashmap.c:Hashmap_get_node:205: TRY: 26
DEBUG: src/lcthw/hashmap.c:Hashmap_get_node:205: TRY: 27
DEBUG: src/lcthw/hashmap.c:Hashmap_get_node:205: TRY: 28
DEBUG: src/lcthw/hashmap.c:Hashmap_get_node:205: TRY: 29
DEBUG: src/lcthw/hashmap.c:Hashmap_get_node:205: TRY: 30
DEBUG: src/lcthw/hashmap.c:Hashmap_get_node:205: TRY: 31
DEBUG: src/lcthw/hashmap.c:Hashmap_get_node:205: TRY: 32
DEBUG: src/lcthw/hashmap.c:Hashmap_get_node:205: TRY: 33
DEBUG: src/lcthw/hashmap.c:Hashmap_get_node:205: TRY: 34
DEBUG: src/lcthw/hashmap.c:Hashmap_get_node:205: TRY: 35
DEBUG: src/lcthw/hashmap.c:Hashmap_get_node:205: TRY: 36
DEBUG: src/lcthw/hashmap.c:Hashmap_get_node:205: TRY: 37
DEBUG: src/lcthw/hashmap.c:Hashmap_get_node:205: TRY: 38
DEBUG: src/lcthw/hashmap.c:Hashmap_get_node:205: TRY: 39
DEBUG: src/lcthw/hashmap.c:Hashmap_get_node:205: TRY: 40
DEBUG: src/lcthw/hashmap.c:Hashmap_get_node:205: TRY: 41
DEBUG: src/lcthw/hashmap.c:Hashmap_get_node:205: TRY: 42
DEBUG: src/lcthw/hashmap.c:Hashmap_get_node:205: TRY: 43
DEBUG: src/lcthw/hashmap.c:Hashmap_get_node:205: TRY: 44
DEBUG: src/lcthw/hashmap.c:Hashmap_get_node:205: TRY: 45
DEBUG: src/lcthw/hashmap.c:Hashmap_get_node:205: TRY: 46
DEBUG: src/lcthw/hashmap.c:Hashmap_get_node:205: TRY: 47
DEBUG: src/lcthw/hashmap.c:Hashmap_get_node:205: TRY: 48
DEBUG: src/lcthw/hashmap.c:Hashmap_get_node:205: TRY: 49
DEBUG: src/lcthw/hashmap.c:Hashmap_get_node:205: TRY: 50
DEBUG: src/lcthw/hashmap.c:Hashmap_get_node:205: TRY: 51
DEBUG: src/lcthw/hashmap.c:Hashmap_get_node:205: TRY: 52
DEBUG: src/lcthw/hashmap.c:Hashmap_get_node:205: TRY: 53
DEBUG: src/lcthw/hashmap.c:Hashmap_get_node:205: TRY: 54
DEBUG: src/lcthw/hashmap.c:Hashmap_get_node:205: TRY: 55
DEBUG: src/lcthw/hashmap.c:Hashmap_get_node:205: TRY: 56
DEBUG: src/lcthw/hashmap.c:Hashmap_get_node:205: TRY: 57
DEBUG: src/lcthw/hashmap.c:Hashmap_get_node:205: TRY: 58
DEBUG: src/lcthw/hashmap.c:Hashmap_get_node:205: TRY: 59
DEBUG: src/lcthw/hashmap.c:Hashmap_get_node:205: TRY: 60
DEBUG: src/lcthw/hashmap.c:Hashmap_get_node:205: TRY: 61
DEBUG: src/lcthw/hashmap.c:Hashmap_get_node:205: TRY: 62
DEBUG: src/lcthw/hashmap.c:Hashmap_get_node:205: TRY: 63
DEBUG: src/lcthw/hashmap.c:Hashmap_get_node:205: TRY: 64
DEBUG: src/lcthw/hashmap.c:Hashmap_get_node:205: TRY: 65
DEBUG: src/lcthw/hashmap.c:Hashmap_get_node:205: TRY: 66
DEBUG: src/lcthw/hashmap.c:Hashmap_get_node:205: TRY: 67
DEBUG: src/lcthw/hashmap.c:Hashmap_get_node:205: TRY: 68
DEBUG: src/lcthw/hashmap.c:Hashmap_get_node:205: TRY: 69
DEBUG: src/lcthw/hashmap.c:Hashmap_get_node:205: TRY: 70
DEBUG: src/lcthw/hashmap.c:Hashmap_get_node:205: TRY: 71
DEBUG: src/lcthw/hashmap.c:Hashmap_get_node:205: TRY: 72
DEBUG: src/lcthw/hashmap.c:Hashmap_get_node:205: TRY: 73
DEBUG: src/lcthw/hashmap.c:Hashmap_get_node:205: TRY: 74
DEBUG: src/lcthw/hashmap.c:Hashmap_get_node:205: TRY: 75
DEBUG: src/lcthw/hashmap.c:Hashmap_get_node:205: TRY: 76
DEBUG: src/lcthw/hashmap.c:Hashmap_get_node:205: TRY: 77
DEBUG: src/lcthw/hashmap.c:Hashmap_get_node:205: TRY: 78
DEBUG: src/lcthw/hashmap.c:Hashmap_get_node:205: TRY: 79
DEBUG: src/lcthw/hashmap.c:Hashmap_get_node:205: TRY: 80
DEBUG: src/lcthw/hashmap.c:Hashmap_get_node:205: TRY: 81
DEBUG: src/lcthw/hashmap.c:Hashmap_get_node:205: TRY: 82
DEBUG: src/lcthw/hashmap.c:Hashmap_get_node:205: TRY: 83
DEBUG: src/lcthw/hashmap.c:Hashmap_get_node:205: TRY: 84
DEBUG: src/lcthw/hashmap.c:Hashmap_get_node:205: TRY: 85
DEBUG: src/lcthw/hashmap.c:Hashmap_get_node:205: TRY: 86
DEBUG: src/lcthw/hashmap.c:Hashmap_get_node:205: TRY: 87
DEBUG: src/lcthw/hashmap.c:Hashmap_get_node:205: TRY: 88
DEBUG: src/lcthw/hashmap.c:Hashmap_get_node:205: TRY: 89
DEBUG: src/lcthw/hashmap.c:Hashmap_get_node:205: TRY: 0
DEBUG: src/lcthw/hashmap.c:Hashmap_get_node:205: TRY: 1
DEBUG: src/lcthw/hashmap.c:Hashmap_get_node:205: TRY: 2
DEBUG: src/lcthw/hashmap.c:Hashmap_get_node:205: TRY: 3
DEBUG: src/lcthw/hashmap.c:Hashmap_get_node:205: TRY: 4
DEBUG: src/lcthw/hashmap.c:Hashmap_get_node:205: TRY: 5
DEBUG: src/lcthw/hashmap.c:Hashmap_get_node:205: TRY: 6
DEBUG: src/lcthw/hashmap.c:Hashmap_get_node:205: TRY: 7
DEBUG: src/lcthw/hashmap.c:Hashmap_get_node:205: TRY: 8
DEBUG: src/lcthw/hashmap.c:Hashmap_get_node:205: TRY: 9
DEBUG: src/lcthw/hashmap.c:Hashmap_get_node:205: TRY: 10
DEBUG: src/lcthw/hashmap.c:Hashmap_get_node:205: TRY: 11
DEBUG: src/lcthw/hashmap.c:Hashmap_get_node:205: TRY: 12
DEBUG: src/lcthw/hashmap.c:Hashmap_get_node:205: TRY: 13
DEBUG: src/lcthw/hashmap.c:Hashmap_get_node:205: TRY: 14
DEBUG: src/lcthw/hashmap.c:Hashmap_get_node:205: TRY: 15
DEBUG: src/lcthw/hashmap.c:Hashmap_get_node:205: TRY: 16
DEBUG: src/lcthw/hashmap.c:Hashmap_get_node:205: TRY: 17
DEBUG: src/lcthw/hashmap.c:Hashmap_get_node:205: TRY: 18
DEBUG: src/lcthw/hashmap.c:Hashmap_get_node:205: TRY: 19
DEBUG: src/lcthw/hashmap.c:Hashmap_get_node:205: TRY: 20
DEBUG: src/lcthw/hashmap.c:Hashmap_get_node:205: TRY: 21
DEBUG: src/lcthw/hashmap.c:Hashmap_get_node:205: TRY: 22
DEBUG: src/lcthw/hashmap.c:Hashmap_get_node:205: TRY: 23
DEBUG: src/lcthw/hashmap.c:Hashmap_get_node:205: TRY: 24
DEBUG: src/lcthw/hashmap.c:Hashmap_get_node:205: TRY: 25
DEBUG: src/lcthw/hashmap.c:Hashmap_get_node:205: TRY: 26
DEBUG: src/lcthw/hashmap.c:Hashmap_get_node:205: TRY: 27
DEBUG: src/lcthw/hashmap.c:Hashmap_get_node:205: TRY: 28
DEBUG: src/lcthw/hashmap.c:Hashmap_get_node:205: TRY: 29
DEBUG: src/lcthw/hashmap.c:Hashmap_get_node:205: TRY: 30
DEBUG: src/lcthw/hashmap.c:Hashmap_get_node:205: TRY: 31
DEBUG: src/lcthw/hashmap.c:Hashmap_get_node:205: TRY: 32
DEBUG: src/lcthw/hashmap.c:Hashmap_get_node:205: TRY: 33
DEBUG: src/lcthw/hashmap.c:Hashmap_get_node:205: TRY: 34
DEBUG: src/lcthw/hashmap.c:Hashmap_get_node:205: TRY: 35
DEBUG: src/lcthw/hashmap.c:Hashmap_get_node:205: TRY: 36
DEBUG: src/lcthw/hashmap.c:Hashmap_get_node:205: TRY: 37
DEBUG: src/lcthw/hashmap.c:Hashmap_get_node:205: TRY: 38
DEBUG: src/lcthw/hashmap.c:Hashmap_get_node:205: TRY: 39
DEBUG: src/lcthw/hashmap.c:Hashmap_get_node:205: TRY: 40
DEBUG: src/lcthw/hashmap.c:Hashmap_get_node:205: TRY: 41
DEBUG: src/lcthw/hashmap.c:Hashmap_get_node:205: TRY: 42
DEBUG: src/lcthw/hashmap.c:Hashmap_get_node:205: TRY: 43
DEBUG: src/lcthw/hashmap.c:Hashmap_get_node:205: TRY: 44
DEBUG: src/lcthw/hashmap.c:Hashmap_get_node:205: TRY: 45
DEBUG: src/lcthw/hashmap.c:Hashmap_get_node:205: TRY: 46
DEBUG: src/lcthw/hashmap.c:Hashmap_get_node:205: TRY: 47
DEBUG: src/lcthw/hashmap.c:Hashmap_get_node:205: TRY: 48
DEBUG: src/lcthw/hashmap.c:Hashmap_get_node:205: TRY: 49
DEBUG: src/lcthw/hashmap.c:Hashmap_get_node:205: TRY: 50
DEBUG: src/lcthw/hashmap.c:Hashmap_get_node:205: TRY: 51
DEBUG: src/lcthw/hashmap.c:Hashmap_get_node:205: TRY: 52
DEBUG: src/lcthw/hashmap.c:Hashmap_get_node:205: TRY: 53
DEBUG: src/lcthw/hashmap.c:Hashmap_get_node:205: TRY: 54
DEBUG: src/lcthw/hashmap.c:Hashmap_get_node:205: TRY: 55
DEBUG: src/lcthw/hashmap.c:Hashmap_get_node:205: TRY: 56
DEBUG: src/lcthw/hashmap.c:Hashmap_get_node:205: TRY: 57
DEBUG: src/lcthw/hashmap.c:Hashmap_get_node:205: TRY: 58
DEBUG: src/lcthw/hashmap.c:Hashmap_get_node:205: TRY: 59
DEBUG: src/lcthw/hashmap.c:Hashmap_get_node:205: TRY: 60
DEBUG: src/lcthw/hashmap.c:Hashmap_get_node:205: TRY: 61
DEBUG: src/lcthw/hashmap.c:Hashmap_get_node:205: TRY: 62
DEBUG: src/lcthw/hashmap.c:Hashmap_get_node:205: TRY: 63
DEBUG: src/lcthw/hashmap.c:Hashmap_get_node:205: TRY: 64
DEBUG: src/lcthw/hashmap.c:Hashmap_get_node:205: TRY: 65
DEBUG: src/lcthw/hashmap.c:Hashmap_get_node:205: TRY: 66
DEBUG: src/lcthw/hashmap.c:Hashmap_get_node:205: TRY: 67
DEBUG: src/lcthw/hashmap.c:Hashmap_get_node:205: TRY: 68
DEBUG: src/lcthw/hashmap.c:Hashmap_get_node:205: TRY: 69
DEBUG: src/lcthw/hashmap.c:Hashmap_get_node:205: TRY: 70
DEBUG: src/lcthw/hashmap.c:Hashmap_get_node:205: TRY: 71
DEBUG: src/lcthw/hashmap.c:Hashmap_get_node:205: TRY: 72
DEBUG: src/lcthw/hashmap.c:Hashmap_get_node:205: TRY: 73
DEBUG: src/lcthw/hashmap.c:Hashmap_get_node:205: TRY: 74
DEBUG: src/lcthw/hashmap.c:Hashmap_get_node:205: TRY: 75
DEBUG: src/lcthw/hashmap.c:Hashmap_get_node:205: TRY: 76
DEBUG: src/lcthw/hashmap.c:Hashmap_get_node:205: TRY: 77
DEBUG: src/lcthw/hashmap.c:Hashmap_get_node:205: TRY: 78
DEBUG: src/lcthw/hashmap.c:Hashmap_get_node:205: TRY: 79
DEBUG: src/lcthw/hashmap.c:Hashmap_get_node:205: TRY: 80
DEBUG: src/lcthw/hashmap.c:Hashmap_get_node:205: TRY: 81
DEBUG: src/lcthw/hashmap.c:Hashmap_get_node:205: TRY: 82
DEBUG: src/lcthw/hashmap.c:Hashmap_get_node:205: TRY: 83
DEBUG: src/lcthw/hashmap.c:Hashmap_get_node:205: TRY: 84
DEBUG: src/lcthw/hashmap.c:Hashmap_get_node:205: TRY: 85
DEBUG: src/lcthw/hashmap.c:Hashmap_get_node:205: TRY: 86
DEBUG: src/lcthw/hashmap.c:Hashmap_get_node:205: TRY: 87
DEBUG: src/lcthw/hashmap.c:Hashmap_get_node:205: TRY: 88
DEBUG: src/lcthw/hashmap.c:Hashmap_get_node:205: TRY: 89
DEBUG: src/lcthw/hashmap.c:Hashmap_get_node:205: TRY: 90
DEBUG: src/lcthw/hashmap.c:Hashmap_get_node:205: TRY: 0
DEBUG: src/lcthw/hashmap.c:Hashmap_get_node:205: TRY: 1
DEBUG: src/lcthw/hashmap.c:Hashmap_get_node:205: TRY: 2
DEBUG: src/lcthw/hashmap.c:Hashmap_get_node:205: TRY: 3
DEBUG: src/lcthw/hashmap.c:Hashmap_get_node:205: TRY: 4
DEBUG: src/lcthw/hashmap.c:Hashmap_get_node:205: TRY: 5
DEBUG: src/lcthw/hashmap.c:Hashmap_get_node:205: TRY: 6
DEBUG: src/lcthw/hashmap.c:Hashmap_get_node:205: TRY: 7
DEBUG: src/lcthw/hashmap.c:Hashmap_get_node:205: TRY: 8
DEBUG: src/lcthw/hashmap.c:Hashmap_get_node:205: TRY: 9
DEBUG: src/lcthw/hashmap.c:Hashmap_get_node:205: TRY: 10
DEBUG: src/lcthw/hashmap.c:Hashmap_get_node:205: TRY: 11
DEBUG: src/lcthw/hashmap.c:Hashmap_get_node:205: TRY: 12
DEBUG: src/lcthw/hashmap.c:Hashmap_get_node:205: TRY: 13
DEBUG: src/lcthw/hashmap.c:Hashmap_get_node:205: TRY: 14
DEBUG: src/lcthw/hashmap.c:Hashmap_get_node:205: TRY: 15
DEBUG: src/lcthw/hashmap.c:Hashmap_get_node:205: TRY: 16
DEBUG: src/lcthw/hashmap.c:Hashmap_get_node:205: TRY: 17
DEBUG: src/lcthw/hashmap.c:Hashmap_get_node:205: TRY: 18
DEBUG: src/lcthw/hashmap.c:Hashmap_get_node:205: TRY: 19
DEBUG: src/lcthw/hashmap.c:Hashmap_get_node:205: TRY: 20
DEBUG: src/lcthw/hashmap.c:Hashmap_get_node:205: TRY: 21
DEBUG: src/lcthw/hashmap.c:Hashmap_get_node:205: TRY: 22
DEBUG: src/lcthw/hashmap.c:Hashmap_get_node:205: TRY: 23
DEBUG: src/lcthw/hashmap.c:Hashmap_get_node:205: TRY: 24
DEBUG: src/lcthw/hashmap.c:Hashmap_get_node:205: TRY: 25
DEBUG: src/lcthw/hashmap.c:Hashmap_get_node:205: TRY: 26
DEBUG: src/lcthw/hashmap.c:Hashmap_get_node:205: TRY: 27
DEBUG: src/lcthw/hashmap.c:Hashmap_get_node:205: TRY: 28
DEBUG: src/lcthw/hashmap.c:Hashmap_get_node:205: TRY: 29
DEBUG: src/lcthw/hashmap.c:Hashmap_get_node:205: TRY: 30
DEBUG: src/lcthw/hashmap.c:Hashmap_get_node:205: TRY: 31
DEBUG: src/lcthw/hashmap.c:Hashmap_get_node:205: TRY: 32
DEBUG: src/lcthw/hashmap.c:Hashmap_get_node:205: TRY: 33
DEBUG: src/lcthw/hashmap.c:Hashmap_get_node:205: TRY: 34
DEBUG: src/lcthw/hashmap.c:Hashmap_get_node:205: TRY: 35
DEBUG: src/lcthw/hashmap.c:Hashmap_get_node:205: TRY: 36
DEBUG: src/lcthw/hashmap.c:Hashmap_get_node:205: TRY: 37
DEBUG: src/lcthw/hashmap.c:Hashmap_get_node:205: TRY: 38
DEBUG: src/lcthw/hashmap.c:Hashmap_get_node:205: TRY: 39
DEBUG: src/lcthw/hashmap.c:Hashmap_get_node:205: TRY: 40
DEBUG: src/lcthw/hashmap.c:Hashmap_get_node:205: TRY: 41
DEBUG: src/lcthw/hashmap.c:Hashmap_get_node:205: TRY: 42
DEBUG: src/lcthw/hashmap.c:Hashmap_get_node:205: TRY: 43
DEBUG: src/lcthw/hashmap.c:Hashmap_get_node:205: TRY: 44
DEBUG: src/lcthw/hashmap.c:Hashmap_get_node:205: TRY: 45
DEBUG: src/lcthw/hashmap.c:Hashmap_get_node:205: TRY: 46
DEBUG: src/lcthw/hashmap.c:Hashmap_get_node:205: TRY: 47
DEBUG: src/lcthw/hashmap.c:Hashmap_get_node:205: TRY: 48
DEBUG: src/lcthw/hashmap.c:Hashmap_get_node:205: TRY: 49
DEBUG: src/lcthw/hashmap.c:Hashmap_get_node:205: TRY: 50
DEBUG: src/lcthw/hashmap.c:Hashmap_get_node:205: TRY: 51
DEBUG: src/lcthw/hashmap.c:Hashmap_get_node:205: TRY: 52
DEBUG: src/lcthw/hashmap.c:Hashmap_get_node:205: TRY: 53
DEBUG: src/lcthw/hashmap.c:Hashmap_get_node:205: TRY: 54
DEBUG: src/lcthw/hashmap.c:Hashmap_get_node:205: TRY: 55
DEBUG: src/lcthw/hashmap.c:Hashmap_get_node:205: TRY: 56
DEBUG: src/lcthw/hashmap.c:Hashmap_get_node:205: TRY: 57
DEBUG: src/lcthw/hashmap.c:Hashmap_get_node:205: TRY: 58
DEBUG: src/lcthw/hashmap.c:Hashmap_get_node:205: TRY: 59
DEBUG: src/lcthw/hashmap.c:Hashmap_get_node:205: TRY: 60
DEBUG: src/lcthw/hashmap.c:Hashmap_get_node:205: TRY: 61
DEBUG: src/lcthw/hashmap.c:Hashmap_get_node:205: TRY: 62
DEBUG: src/lcthw/hashmap.c:Hashmap_get_node:205: TRY: 63
DEBUG: src/lcthw/hashmap.c:Hashmap_get_node:205: TRY: 64
DEBUG: src/lcthw/hashmap.c:Hashmap_get_node:205: TRY: 65
DEBUG: src/lcthw/hashmap.c:Hashmap_get_node:205: TRY: 66
DEBUG: src/lcthw/hashmap.c:Hashmap_get_node:205: TRY: 67
DEBUG: src/lcthw/hashmap.c:Hashmap_get_node:205: TRY: 68
DEBUG: src/lcthw/hashmap.c:Hashmap_get_node:205: TRY: 69
DEBUG: src/lcthw/hashmap.c:Hashmap_get_node:205: TRY: 70
DEBUG: src/lcthw/hashmap.c:Hashmap_get_node:205: TRY: 71
DEBUG: src/lcthw/hashmap.c:Hashmap_get_node:205: TRY: 72
DEBUG: src/lcthw/hashmap.c:Hashmap_get_node:205: TRY: 73
DEBUG: src/lcthw/hashmap.c:Hashmap_get_node:205: TRY: 74
DEBUG: src/lcthw/hashmap.c:Hashmap_get_node:205: TRY: 75
DEBUG: src/lcthw/hashmap.c:Hashmap_get_node:205: TRY: 76
DEBUG: src/lcthw/hashmap.c:Hashmap_get_node:205: TRY: 77
DEBUG: src/lcthw/hashmap.c:Hashmap_get_node:205: TRY: 78
DEBUG: src/lcthw/hashmap.c:Hashmap_get_node:205: TRY: 79
DEBUG: src/lcthw/hashmap.c:Hashmap_get_node:205: TRY: 80
DEBUG: src/lcthw/hashmap.c:Hashmap_get_node:205: TRY: 81
DEBUG: src/lcthw/hashmap.c:Hashmap_get_node:205: TRY: 82
DEBUG: src/lcthw/hashmap.c:Hashmap_get_node:205: TRY: 83
DEBUG: src/lcthw/hashmap.c:Hashmap_get_node:205: TRY: 84
DEBUG: src/lcthw/hashmap.c:Hashmap_get_node:205: TRY: 0
DEBUG: src/lcthw/hashmap.c:Hashmap_get_node:205: TRY: 1
DEBUG: src/lcthw/hashmap.c:Hashmap_get_node:205: TRY: 2
DEBUG: src/lcthw/hashmap.c:Hashmap_get_node:205: TRY: 3
DEBUG: src/lcthw/hashmap.c:Hashmap_get_node:205: TRY: 4
DEBUG: src/lcthw/hashmap.c:Hashmap_get_node:205: TRY: 5
DEBUG: src/lcthw/hashmap.c:Hashmap_get_node:205: TRY: 6
DEBUG: src/lcthw/hashmap.c:Hashmap_get_node:205: TRY: 7
DEBUG: src/lcthw/hashmap.c:Hashmap_get_node:205: TRY: 8
DEBUG: src/lcthw/hashmap.c:Hashmap_get_node:205: TRY: 9
DEBUG: src/lcthw/hashmap.c:Hashmap_get_node:205: TRY: 10
DEBUG: src/lcthw/hashmap.c:Hashmap_get_node:205: TRY: 11
DEBUG: src/lcthw/hashmap.c:Hashmap_get_node:205: TRY: 12
DEBUG: src/lcthw/hashmap.c:Hashmap_get_node:205: TRY: 13
DEBUG: src/lcthw/hashmap.c:Hashmap_get_node:205: TRY: 14
DEBUG: src/lcthw/hashmap.c:Hashmap_get_node:205: TRY: 15
DEBUG: src/lcthw/hashmap.c:Hashmap_get_node:205: TRY: 16
DEBUG: src/lcthw/hashmap.c:Hashmap_get_node:205: TRY: 17
DEBUG: src/lcthw/hashmap.c:Hashmap_get_node:205: TRY: 18
DEBUG: src/lcthw/hashmap.c:Hashmap_get_node:205: TRY: 19
DEBUG: src/lcthw/hashmap.c:Hashmap_get_node:205: TRY: 20
DEBUG: src/lcthw/hashmap.c:Hashmap_get_node:205: TRY: 21
DEBUG: src/lcthw/hashmap.c:Hashmap_get_node:205: TRY: 22
DEBUG: src/lcthw/hashmap.c:Hashmap_get_node:205: TRY: 23
DEBUG: src/lcthw/hashmap.c:Hashmap_get_node:205: TRY: 24
DEBUG: src/lcthw/hashmap.c:Hashmap_get_node:205: TRY: 25
DEBUG: src/lcthw/hashmap.c:Hashmap_get_node:205: TRY: 26
DEBUG: src/lcthw/hashmap.c:Hashmap_get_node:205: TRY: 27
DEBUG: src/lcthw/hashmap.c:Hashmap_get_node:205: TRY: 28
DEBUG: src/lcthw/hashmap.c:Hashmap_get_node:205: TRY: 29
DEBUG: src/lcthw/hashmap.c:Hashmap_get_node:205: TRY: 30
DEBUG: src/lcthw/hashmap.c:Hashmap_get_node:205: TRY: 31
DEBUG: src/lcthw/hashmap.c:Hashmap_get_node:205: TRY: 32
DEBUG: src/lcthw/hashmap.c:Hashmap_get_node:205: TRY: 33
DEBUG: src/lcthw/hashmap.c:Hashmap_get_node:205: TRY: 34
DEBUG: src/lcthw/hashmap.c:Hashmap_get_node:205: TRY: 35
DEBUG: src/lcthw/hashmap.c:Hashmap_get_node:205: TRY: 36
DEBUG: src/lcthw/hashmap.c:Hashmap_get_node:205: TRY: 37
DEBUG: src/lcthw/hashmap.c:Hashmap_get_node:205: TRY: 38
DEBUG: src/lcthw/hashmap.c:Hashmap_get_node:205: TRY: 39
DEBUG: src/lcthw/hashmap.c:Hashmap_get_node:205: TRY: 40
DEBUG: src/lcthw/hashmap.c:Hashmap_get_node:205: TRY: 41
DEBUG: src/lcthw/hashmap.c:Hashmap_get_node:205: TRY: 42
DEBUG: src/lcthw/hashmap.c:Hashmap_get_node:205: TRY: 43
DEBUG: src/lcthw/hashmap.c:Hashmap_get_node:205: TRY: 44
DEBUG: src/lcthw/hashmap.c:Hashmap_get_node:205: TRY: 45
DEBUG: src/lcthw/hashmap.c:Hashmap_get_node:205: TRY: 46
DEBUG: src/lcthw/hashmap.c:Hashmap_get_node:205: TRY: 47
DEBUG: src/lcthw/hashmap.c:Hashmap_get_node:205: TRY: 48
DEBUG: src/lcthw/hashmap.c:Hashmap_get_node:205: TRY: 49
DEBUG: src/lcthw/hashmap.c:Hashmap_get_node:205: TRY: 50
DEBUG: src/lcthw/hashmap.c:Hashmap_get_node:205: TRY: 51
DEBUG: src/lcthw/hashmap.c:Hashmap_get_node:205: TRY: 52
DEBUG: src/lcthw/hashmap.c:Hashmap_get_node:205: TRY: 53
DEBUG: src/lcthw/hashmap.c:Hashmap_get_node:205: TRY: 54
DEBUG: src/lcthw/hashmap.c:Hashmap_get_node:205: TRY: 55
DEBUG: src/lcthw/hashmap.c:Hashmap_get_node:205: TRY: 56
DEBUG: src/lcthw/hashmap.c:Hashmap_get_node:205: TRY: 57
DEBUG: src/lcthw/hashmap.c:Hashmap_get_node:205: TRY: 58
DEBUG: src/lcthw/hashmap.c:Hashmap_get_node:205: TRY: 59
DEBUG: src/lcthw/hashmap.c:Hashmap_get_node:205: TRY: 60
DEBUG: src/lcthw/hashmap.c:Hashmap_get_node:205: TRY: 61
DEBUG: src/lcthw/hashmap.c:Hashmap_get_node:205: TRY: 62
DEBUG: src/lcthw/hashmap.c:Hashmap_get_node:205: TRY: 63
DEBUG: src/lcthw/hashmap.c:Hashmap_get_node:205: TRY: 64
DEBUG: src/lcthw/hashmap.c:Hashmap_get_node:205: TRY: 65
DEBUG: src/lcthw/hashmap.c:Hashmap_get_node:205: TRY: 66
DEBUG: src/lcthw/hashmap.c:Hashmap_get_node:205: TRY: 67
DEBUG: src/lcthw/hashmap.c:Hashmap_get_node:205: TRY: 68
DEBUG: src/lcthw/hashmap.c:Hashmap_get_node:205: TRY: 69
DEBUG: src/lcthw/hashmap.c:Hashmap_get_node:205: TRY: 70
DEBUG: src/lcthw/hashmap.c:Hashmap_get_node:205: TRY: 71
DEBUG: src/lcthw/hashmap.c:Hashmap_get_node:205: TRY: 72
DEBUG: src/lcthw/hashmap.c:Hashmap_get_node:205: TRY: 73
DEBUG: src/lcthw/hashmap.c:Hashmap_get_node:205: TRY: 74
DEBUG: src/lcthw/hashmap.c:Hashmap_get_node:205: TRY: 75
DEBUG: src/lcthw/hashmap.c:Hashmap_get_node:205: TRY: 76
DEBUG: src/lcthw/hashmap.c:Hashmap_get_node:205: TRY: 77
DEBUG: src/lcthw/hashmap.c:Hashmap_get_node:205: TRY: 78
DEBUG: src/lcthw/hashmap.c:Hashmap_get_node:205: TRY: 79
DEBUG: src/lcthw/hashmap.c:Hashmap_get_node:205: TRY: 80
DEBUG: src/lcthw/hashmap.c:Hashmap_get_node:205: TRY: 81
DEBUG: src/lcthw/hashmap.c:Hashmap_get_node:205: TRY: 82
DEBUG: src/lcthw/hashmap.c:Hashmap_get_node:205: TRY: 83
DEBUG: src/lcthw/hashmap.c:Hashmap_get_node:205: TRY: 84
DEBUG: src/lcthw/hashmap.c:Hashmap_get_node:205: TRY: 85
DEBUG: src/lcthw/hashmap.c:Hashmap_get_node:205: TRY: 0
DEBUG: src/lcthw/hashmap.c:Hashmap_get_node:205: TRY: 1
DEBUG: src/lcthw/hashmap.c:Hashmap_get_node:205: TRY: 2
DEBUG: src/lcthw/hashmap.c:Hashmap_get_node:205: TRY: 3
DEBUG: src/lcthw/hashmap.c:Hashmap_get_node:205: TRY: 4
DEBUG: src/lcthw/hashmap.c:Hashmap_get_node:205: TRY: 5
DEBUG: src/lcthw/hashmap.c:Hashmap_get_node:205: TRY: 6
DEBUG: src/lcthw/hashmap.c:Hashmap_get_node:205: TRY: 7
DEBUG: src/lcthw/hashmap.c:Hashmap_get_node:205: TRY: 8
DEBUG: src/lcthw/hashmap.c:Hashmap_get_node:205: TRY: 9
DEBUG: src/lcthw/hashmap.c:Hashmap_get_node:205: TRY: 10
DEBUG: src/lcthw/hashmap.c:Hashmap_get_node:205: TRY: 11
DEBUG: src/lcthw/hashmap.c:Hashmap_get_node:205: TRY: 12
DEBUG: src/lcthw/hashmap.c:Hashmap_get_node:205: TRY: 13
DEBUG: src/lcthw/hashmap.c:Hashmap_get_node:205: TRY: 14
DEBUG: src/lcthw/hashmap.c:Hashmap_get_node:205: TRY: 15
DEBUG: src/lcthw/hashmap.c:Hashmap_get_node:205: TRY: 16
DEBUG: src/lcthw/hashmap.c:Hashmap_get_node:205: TRY: 17
DEBUG: src/lcthw/hashmap.c:Hashmap_get_node:205: TRY: 18
DEBUG: src/lcthw/hashmap.c:Hashmap_get_node:205: TRY: 19
DEBUG: src/lcthw/hashmap.c:Hashmap_get_node:205: TRY: 20
DEBUG: src/lcthw/hashmap.c:Hashmap_get_node:205: TRY: 21
DEBUG: src/lcthw/hashmap.c:Hashmap_get_node:205: TRY: 22
DEBUG: src/lcthw/hashmap.c:Hashmap_get_node:205: TRY: 23
DEBUG: src/lcthw/hashmap.c:Hashmap_get_node:205: TRY: 24
DEBUG: src/lcthw/hashmap.c:Hashmap_get_node:205: TRY: 25
DEBUG: src/lcthw/hashmap.c:Hashmap_get_node:205: TRY: 26
DEBUG: src/lcthw/hashmap.c:Hashmap_get_node:205: TRY: 27
DEBUG: src/lcthw/hashmap.c:Hashmap_get_node:205: TRY: 28
DEBUG: src/lcthw/hashmap.c:Hashmap_get_node:205: TRY: 29
DEBUG: src/lcthw/hashmap.c:Hashmap_get_node:205: TRY: 30
DEBUG: src/lcthw/hashmap.c:Hashmap_get_node:205: TRY: 31
DEBUG: src/lcthw/hashmap.c:Hashmap_get_node:205: TRY: 32
DEBUG: src/lcthw/hashmap.c:Hashmap_get_node:205: TRY: 33
DEBUG: src/lcthw/hashmap.c:Hashmap_get_node:205: TRY: 34
DEBUG: src/lcthw/hashmap.c:Hashmap_get_node:205: TRY: 35
DEBUG: src/lcthw/hashmap.c:Hashmap_get_node:205: TRY: 36
DEBUG: src/lcthw/hashmap.c:Hashmap_get_node:205: TRY: 37
DEBUG: src/lcthw/hashmap.c:Hashmap_get_node:205: TRY: 38
DEBUG: src/lcthw/hashmap.c:Hashmap_get_node:205: TRY: 39
DEBUG: src/lcthw/hashmap.c:Hashmap_get_node:205: TRY: 40
DEBUG: src/lcthw/hashmap.c:Hashmap_get_node:205: TRY: 41
DEBUG: src/lcthw/hashmap.c:Hashmap_get_node:205: TRY: 42
DEBUG: src/lcthw/hashmap.c:Hashmap_get_node:205: TRY: 43
DEBUG: src/lcthw/hashmap.c:Hashmap_get_node:205: TRY: 44
DEBUG: src/lcthw/hashmap.c:Hashmap_get_node:205: TRY: 45
DEBUG: src/lcthw/hashmap.c:Hashmap_get_node:205: TRY: 46
DEBUG: src/lcthw/hashmap.c:Hashmap_get_node:205: TRY: 47
DEBUG: src/lcthw/hashmap.c:Hashmap_get_node:205: TRY: 48
DEBUG: src/lcthw/hashmap.c:Hashmap_get_node:205: TRY: 49
DEBUG: src/lcthw/hashmap.c:Hashmap_get_node:205: TRY: 50
DEBUG: src/lcthw/hashmap.c:Hashmap_get_node:205: TRY: 51
DEBUG: src/lcthw/hashmap.c:Hashmap_get_node:205: TRY: 52
DEBUG: src/lcthw/hashmap.c:Hashmap_get_node:205: TRY: 53
DEBUG: src/lcthw/hashmap.c:Hashmap_get_node:205: TRY: 54
DEBUG: src/lcthw/hashmap.c:Hashmap_get_node:205: TRY: 55
DEBUG: src/lcthw/hashmap.c:Hashmap_get_node:205: TRY: 56
DEBUG: src/lcthw/hashmap.c:Hashmap_get_node:205: TRY: 57
DEBUG: src/lcthw/hashmap.c:Hashmap_get_node:205: TRY: 58
DEBUG: src/lcthw/hashmap.c:Hashmap_get_node:205: TRY: 59
DEBUG: src/lcthw/hashmap.c:Hashmap_get_node:205: TRY: 60
DEBUG: src/lcthw/hashmap.c:Hashmap_get_node:205: TRY: 61
DEBUG: src/lcthw/hashmap.c:Hashmap_get_node:205: TRY: 62
DEBUG: src/lcthw/hashmap.c:Hashmap_get_node:205: TRY: 63
DEBUG: src/lcthw/hashmap.c:Hashmap_get_node:205: TRY: 64
DEBUG: src/lcthw/hashmap.c:Hashmap_get_node:205: TRY: 65
DEBUG: src/lcthw/hashmap.c:Hashmap_get_node:205: TRY: 66
DEBUG: src/lcthw/hashmap.c:Hashmap_get_node:205: TRY: 67
DEBUG: src/lcthw/hashmap.c:Hashmap_get_node:205: TRY: 68
DEBUG: src/lcthw/hashmap.c:Hashmap_get_node:205: TRY: 69
DEBUG: src/lcthw/hashmap.c:Hashmap_get_node:205: TRY: 70
DEBUG: src/lcthw/hashmap.c:Hashmap_get_node:205: TRY: 71
DEBUG: src/lcthw/hashmap.c:Hashmap_get_node:205: TRY: 72
DEBUG: src/lcthw/hashmap.c:Hashmap_get_node:205: TRY: 73
DEBUG: src/lcthw/hashmap.c:Hashmap_get_node:205: TRY: 74
DEBUG: src/lcthw/hashmap.c:Hashmap_get_node:205: TRY: 75
DEBUG: src/lcthw/hashmap.c:Hashmap_get_node:205: TRY: 76
DEBUG: src/lcthw/hashmap.c:Hashmap_get_node:205: TRY: 77
DEBUG: src/lcthw/hashmap.c:Hashmap_get_node:205: TRY: 78
DEBUG: src/lcthw/hashmap.c:Hashmap_get_node:205: TRY: 79
DEBUG: src/lcthw/hashmap.c:Hashmap_get_node:205: TRY: 80
DEBUG: src/lcthw/hashmap.c:Hashmap_get_node:205: TRY: 81
DEBUG: src/lcthw/hashmap.c:Hashmap_get_node:205: TRY: 82
DEBUG: src/lcthw/hashmap.c:Hashmap_get_node:205: TRY: 83
DEBUG: src/lcthw/hashmap.c:Hashmap_get_node:205: TRY: 84
DEBUG: src/lcthw/hashmap.c:Hashmap_get_node:205: TRY: 85
DEBUG: src/lcthw/hashmap.c:Hashmap_get_node:205: TRY: 86
DEBUG: src/lcthw/hashmap.c:Hashmap_get_node:205: TRY: 0
DEBUG: src/lcthw/hashmap.c:Hashmap_get_node:205: TRY: 1
DEBUG: src/lcthw/hashmap.c:Hashmap_get_node:205: TRY: 2
DEBUG: src/lcthw/hashmap.c:Hashmap_get_node:205: TRY: 3
DEBUG: src/lcthw/hashmap.c:Hashmap_get_node:205: TRY: 4
DEBUG: src/lcthw/hashmap.c:Hashmap_get_node:205: TRY: 5
DEBUG: src/lcthw/hashmap.c:Hashmap_get_node:205: TRY: 6
DEBUG: src/lcthw/hashmap.c:Hashmap_get_node:205: TRY: 7
DEBUG: src/lcthw/hashmap.c:Hashmap_get_node:205: TRY: 8
DEBUG: src/lcthw/hashmap.c:Hashmap_get_node:205: TRY: 9
DEBUG: src/lcthw/hashmap.c:Hashmap_get_node:205: TRY: 10
DEBUG: src/lcthw/hashmap.c:Hashmap_get_node:205: TRY: 11
DEBUG: src/lcthw/hashmap.c:Hashmap_get_node:205: TRY: 12
DEBUG: src/lcthw/hashmap.c:Hashmap_get_node:205: TRY: 13
DEBUG: src/lcthw/hashmap.c:Hashmap_get_node:205: TRY: 14
DEBUG: src/lcthw/hashmap.c:Hashmap_get_node:205: TRY: 15
DEBUG: src/lcthw/hashmap.c:Hashmap_get_node:205: TRY: 16
DEBUG: src/lcthw/hashmap.c:Hashmap_get_node:205: TRY: 17
DEBUG: src/lcthw/hashmap.c:Hashmap_get_node:205: TRY: 18
DEBUG: src/lcthw/hashmap.c:Hashmap_get_node:205: TRY: 19
DEBUG: src/lcthw/hashmap.c:Hashmap_get_node:205: TRY: 20
DEBUG: src/lcthw/hashmap.c:Hashmap_get_node:205: TRY: 21
DEBUG: src/lcthw/hashmap.c:Hashmap_get_node:205: TRY: 22
DEBUG: src/lcthw/hashmap.c:Hashmap_get_node:205: TRY: 23
DEBUG: src/lcthw/hashmap.c:Hashmap_get_node:205: TRY: 24
DEBUG: src/lcthw/hashmap.c:Hashmap_get_node:205: TRY: 25
DEBUG: src/lcthw/hashmap.c:Hashmap_get_node:205: TRY: 26
DEBUG: src/lcthw/hashmap.c:Hashmap_get_node:205: TRY: 27
DEBUG: src/lcthw/hashmap.c:Hashmap_get_node:205: TRY: 28
DEBUG: src/lcthw/hashmap.c:Hashmap_get_node:205: TRY: 29
DEBUG: src/lcthw/hashmap.c:Hashmap_get_node:205: TRY: 30
DEBUG: src/lcthw/hashmap.c:Hashmap_get_node:205: TRY: 31
DEBUG: src/lcthw/hashmap.c:Hashmap_get_node:205: TRY: 32
DEBUG: src/lcthw/hashmap.c:Hashmap_get_node:205: TRY: 33
DEBUG: src/lcthw/hashmap.c:Hashmap_get_node:205: TRY: 34
DEBUG: src/lcthw/hashmap.c:Hashmap_get_node:205: TRY: 35
DEBUG: src/lcthw/hashmap.c:Hashmap_get_node:205: TRY: 36
DEBUG: src/lcthw/hashmap.c:Hashmap_get_node:205: TRY: 37
DEBUG: src/lcthw/hashmap.c:Hashmap_get_node:205: TRY: 38
DEBUG: src/lcthw/hashmap.c:Hashmap_get_node:205: TRY: 39
DEBUG: src/lcthw/hashmap.c:Hashmap_get_node:205: TRY: 40
DEBUG: src/lcthw/hashmap.c:Hashmap_get_node:205: TRY: 41
DEBUG: src/lcthw/hashmap.c:Hashmap_get_node:205: TRY: 42
DEBUG: src/lcthw/hashmap.c:Hashmap_get_node:205: TRY: 43
DEBUG: src/lcthw/hashmap.c:Hashmap_get_node:205: TRY: 44
DEBUG: src/lcthw/hashmap.c:Hashmap_get_node:205: TRY: 45
DEBUG: src/lcthw/hashmap.c:Hashmap_get_node:205: TRY: 46
DEBUG: src/lcthw/hashmap.c:Hashmap_get_node:205: TRY: 47
DEBUG: src/lcthw/hashmap.c:Hashmap_get_node:205: TRY: 48
DEBUG: src/lcthw/hashmap.c:Hashmap_get_node:205: TRY: 49
DEBUG: src/lcthw/hashmap.c:Hashmap_get_node:205: TRY: 50
DEBUG: src/lcthw/hashmap.c:Hashmap_get_node:205: TRY: 51
DEBUG: src/lcthw/hashmap.c:Hashmap_get_node:205: TRY: 52
DEBUG: src/lcthw/hashmap.c:Hashmap_get_node:205: TRY: 53
DEBUG: src/lcthw/hashmap.c:Hashmap_get_node:205: TRY: 54
DEBUG: src/lcthw/hashmap.c:Hashmap_get_node:205: TRY: 55
DEBUG: src/lcthw/hashmap.c:Hashmap_get_node:205: TRY: 56
DEBUG: src/lcthw/hashmap.c:Hashmap_get_node:205: TRY: 57
DEBUG: src/lcthw/hashmap.c:Hashmap_get_node:205: TRY: 58
DEBUG: src/lcthw/hashmap.c:Hashmap_get_node:205: TRY: 59
DEBUG: src/lcthw/hashmap.c:Hashmap_get_node:205: TRY: 60
DEBUG: src/lcthw/hashmap.c:Hashmap_get_node:205: TRY: 61
DEBUG: src/lcthw/hashmap.c:Hashmap_get_node:205: TRY: 62
DEBUG: src/lcthw/hashmap.c:Hashmap_get_node:205: TRY: 63
DEBUG: src/lcthw/hashmap.c:Hashmap_get_node:205: TRY: 64
DEBUG: src/lcthw/hashmap.c:Hashmap_get_node:205: TRY: 65
DEBUG: src/lcthw/hashmap.c:Hashmap_get_node:205: TRY: 66
DEBUG: src/lcthw/hashmap.c:Hashmap_get_node:205: TRY: 67
DEBUG: src/lcthw/hashmap.c:Hashmap_get_node:205: TRY: 68
DEBUG: src/lcthw/hashmap.c:Hashmap_get_node:205: TRY: 69
DEBUG: src/lcthw/hashmap.c:Hashmap_get_node:205: TRY: 70
DEBUG: src/lcthw/hashmap.c:Hashmap_get_node:205: TRY: 71
DEBUG: src/lcthw/hashmap.c:Hashmap_get_node:205: TRY: 72
DEBUG: src/lcthw/hashmap.c:Hashmap_get_node:205: TRY: 73
DEBUG: src/lcthw/hashmap.c:Hashmap_get_node:205: TRY: 74
DEBUG: src/lcthw/hashmap.c:Hashmap_get_node:205: TRY: 75
DEBUG: src/lcthw/hashmap.c:Hashmap_get_node:205: TRY: 76
DEBUG: src/lcthw/hashmap.c:Hashmap_get_node:205: TRY: 77
DEBUG: src/lcthw/hashmap.c:Hashmap_get_node:205: TRY: 78
DEBUG: src/lcthw/hashmap.c:Hashmap_get_node:205: TRY: 79
DEBUG: src/lcthw/hashmap.c:Hashmap_get_node:205: TRY: 80
DEBUG: src/lcthw/hashmap.c:Hashmap_get_node:205: TRY: 81
DEBUG: src/lcthw/hashmap.c:Hashmap_get_node:205: TRY: 82
DEBUG: src/lcthw/hashmap.c:Hashmap_get_node:205: TRY: 83
DEBUG: src/lcthw/hashmap.c:Hashmap_get_node:205: TRY: 84
DEBUG: src/lcthw/hashmap.c:Hashmap_get_node:205: TRY: 85
DEBUG: src/lcthw/hashmap.c:Hashmap_get_node:205: TRY: 86
DEBUG: src/lcthw/hashmap.c:Hashmap_get_node:205: TRY: 87
DEBUG: src/lcthw/hashmap.c:Hashmap_get_node:205: TRY: 88
DEBUG: src/lcthw/hashmap.c:Hashmap_get_node:205: TRY: 0
DEBUG: src/lcthw/hashmap.c:Hashmap_get_node:205: TRY: 1
DEBUG: src/lcthw/hashmap.c:Hashmap_get_node:205: TRY: 2
DEBUG: src/lcthw/hashmap.c:Hashmap_get_node:205: TRY: 3
DEBUG: src/lcthw/hashmap.c:Hashmap_get_node:205: TRY: 4
DEBUG: src/lcthw/hashmap.c:Hashmap_get_node:205: TRY: 5
DEBUG: src/lcthw/hashmap.c:Hashmap_get_node:205: TRY: 6
DEBUG: src/lcthw/hashmap.c:Hashmap_get_node:205: TRY: 7
DEBUG: src/lcthw/hashmap.c:Hashmap_get_node:205: TRY: 8
DEBUG: src/lcthw/hashmap.c:Hashmap_get_node:205: TRY: 9
DEBUG: src/lcthw/hashmap.c:Hashmap_get_node:205: TRY: 10
DEBUG: src/lcthw/hashmap.c:Hashmap_get_node:205: TRY: 11
DEBUG: src/lcthw/hashmap.c:Hashmap_get_node:205: TRY: 12
DEBUG: src/lcthw/hashmap.c:Hashmap_get_node:205: TRY: 13
DEBUG: src/lcthw/hashmap.c:Hashmap_get_node:205: TRY: 14
DEBUG: src/lcthw/hashmap.c:Hashmap_get_node:205: TRY: 15
DEBUG: src/lcthw/hashmap.c:Hashmap_get_node:205: TRY: 16
DEBUG: src/lcthw/hashmap.c:Hashmap_get_node:205: TRY: 17
DEBUG: src/lcthw/hashmap.c:Hashmap_get_node:205: TRY: 18
DEBUG: src/lcthw/hashmap.c:Hashmap_get_node:205: TRY: 19
DEBUG: src/lcthw/hashmap.c:Hashmap_get_node:205: TRY: 20
DEBUG: src/lcthw/hashmap.c:Hashmap_get_node:205: TRY: 21
DEBUG: src/lcthw/hashmap.c:Hashmap_get_node:205: TRY: 22
DEBUG: src/lcthw/hashmap.c:Hashmap_get_node:205: TRY: 23
DEBUG: src/lcthw/hashmap.c:Hashmap_get_node:205: TRY: 24
DEBUG: src/lcthw/hashmap.c:Hashmap_get_node:205: TRY: 25
DEBUG: src/lcthw/hashmap.c:Hashmap_get_node:205: TRY: 26
DEBUG: src/lcthw/hashmap.c:Hashmap_get_node:205: TRY: 27
DEBUG: src/lcthw/hashmap.c:Hashmap_get_node:205: TRY: 28
DEBUG: src/lcthw/hashmap.c:Hashmap_get_node:205: TRY: 29
DEBUG: src/lcthw/hashmap.c:Hashmap_get_node:205: TRY: 30
DEBUG: src/lcthw/hashmap.c:Hashmap_get_node:205: TRY: 31
DEBUG: src/lcthw/hashmap.c:Hashmap_get_node:205: TRY: 32
DEBUG: src/lcthw/hashmap.c:Hashmap_get_node:205: TRY: 33
DEBUG: src/lcthw/hashmap.c:Hashmap_get_node:205: TRY: 34
DEBUG: src/lcthw/hashmap.c:Hashmap_get_node:205: TRY: 35
DEBUG: src/lcthw/hashmap.c:Hashmap_get_node:205: TRY: 36
DEBUG: src/lcthw/hashmap.c:Hashmap_get_node:205: TRY: 37
DEBUG: src/lcthw/hashmap.c:Hashmap_get_node:205: TRY: 38
DEBUG: src/lcthw/hashmap.c:Hashmap_get_node:205: TRY: 39
DEBUG: src/lcthw/hashmap.c:Hashmap_get_node:205: TRY: 40
DEBUG: src/lcthw/hashmap.c:Hashmap_get_node:205: TRY: 41
DEBUG: src/lcthw/hashmap.c:Hashmap_get_node:205: TRY: 42
DEBUG: src/lcthw/hashmap.c:Hashmap_get_node:205: TRY: 43
DEBUG: src/lcthw/hashmap.c:Hashmap_get_node:205: TRY: 44
DEBUG: src/lcthw/hashmap.c:Hashmap_get_node:205: TRY: 45
DEBUG: src/lcthw/hashmap.c:Hashmap_get_node:205: TRY: 46
DEBUG: src/lcthw/hashmap.c:Hashmap_get_node:205: TRY: 47
DEBUG: src/lcthw/hashmap.c:Hashmap_get_node:205: TRY: 48
DEBUG: src/lcthw/hashmap.c:Hashmap_get_node:205: TRY: 49
DEBUG: src/lcthw/hashmap.c:Hashmap_get_node:205: TRY: 50
DEBUG: src/lcthw/hashmap.c:Hashmap_get_node:205: TRY: 51
DEBUG: src/lcthw/hashmap.c:Hashmap_get_node:205: TRY: 52
DEBUG: src/lcthw/hashmap.c:Hashmap_get_node:205: TRY: 53
DEBUG: src/lcthw/hashmap.c:Hashmap_get_node:205: TRY: 54
DEBUG: src/lcthw/hashmap.c:Hashmap_get_node:205: TRY: 55
DEBUG: src/lcthw/hashmap.c:Hashmap_get_node:205: TRY: 56
DEBUG: src/lcthw/hashmap.c:Hashmap_get_node:205: TRY: 57
DEBUG: src/lcthw/hashmap.c:Hashmap_get_node:205: TRY: 58
DEBUG: src/lcthw/hashmap.c:Hashmap_get_node:205: TRY: 59
DEBUG: src/lcthw/hashmap.c:Hashmap_get_node:205: TRY: 60
DEBUG: src/lcthw/hashmap.c:Hashmap_get_node:205: TRY: 61
DEBUG: src/lcthw/hashmap.c:Hashmap_get_node:205: TRY: 62
DEBUG: src/lcthw/hashmap.c:Hashmap_get_node:205: TRY: 63
DEBUG: src/lcthw/hashmap.c:Hashmap_get_node:205: TRY: 64
DEBUG: src/lcthw/hashmap.c:Hashmap_get_node:205: TRY: 65
DEBUG: src/lcthw/hashmap.c:Hashmap_get_node:205: TRY: 66
DEBUG: src/lcthw/hashmap.c:Hashmap_get_node:205: TRY: 67
DEBUG: src/lcthw/hashmap.c:Hashmap_get_node:205: TRY: 68
DEBUG: src/lcthw/hashmap.c:Hashmap_get_node:205: TRY: 69
DEBUG: src/lcthw/hashmap.c:Hashmap_get_node:205: TRY: 70
DEBUG: src/lcthw/hashmap.c:Hashmap_get_node:205: TRY: 71
DEBUG: src/lcthw/hashmap.c:Hashmap_get_node:205: TRY: 72
DEBUG: src/lcthw/hashmap.c:Hashmap_get_node:205: TRY: 73
DEBUG: src/lcthw/hashmap.c:Hashmap_get_node:205: TRY: 74
DEBUG: src/lcthw/hashmap.c:Hashmap_get_node:205: TRY: 75
DEBUG: src/lcthw/hashmap.c:Hashmap_get_node:205: TRY: 76
DEBUG: src/lcthw/hashmap.c:Hashmap_get_node:205: TRY: 77
DEBUG: src/lcthw/hashmap.c:Hashmap_get_node:205: TRY: 78
DEBUG: src/lcthw/hashmap.c:Hashmap_get_node:205: TRY: 79
DEBUG: src/lcthw/hashmap.c:Hashmap_get_node:205: TRY: 80
DEBUG: src/lcthw/hashmap.c:Hashmap_get_node:205: TRY: 81
DEBUG: src/lcthw/hashmap.c:Hashmap_get_node:205: TRY: 82
DEBUG: src/lcthw/hashmap.c:Hashmap_get_node:205: TRY: 83
DEBUG: src/lcthw/hashmap.c:Hashmap_get_node:205: TRY: 84
DEBUG: src/lcthw/hashmap.c:Hashmap_get_node:205: TRY: 85
DEBUG: src/lcthw/hashmap.c:Hashmap_get_node:205: TRY: 86
DEBUG: src/lcthw/hashmap.c:Hashmap_get_node:205: TRY: 0
DEBUG: src/lcthw/hashmap.c:Hashmap_get_node:205: TRY: 1
DEBUG: src/lcthw/hashmap.c:Hashmap_get_node:205: TRY: 2
DEBUG: src/lcthw/hashmap.c:Hashmap_get_node:205: TRY: 3
DEBUG: src/lcthw/hashmap.c:Hashmap_get_node:205: TRY: 4
DEBUG: src/lcthw/hashmap.c:Hashmap_get_node:205: TRY: 5
DEBUG: src/lcthw/hashmap.c:Hashmap_get_node:205: TRY: 6
DEBUG: src/lcthw/hashmap.c:Hashmap_get_node:205: TRY: 7
DEBUG: src/lcthw/hashmap.c:Hashmap_get_node:205: TRY: 8
DEBUG: src/lcthw/hashmap.c:Hashmap_get_node:205: TRY: 9
DEBUG: src/lcthw/hashmap.c:Hashmap_get_node:205: TRY: 10
DEBUG: src/lcthw/hashmap.c:Hashmap_get_node:205: TRY: 11
DEBUG: src/lcthw/hashmap.c:Hashmap_get_node:205: TRY: 12
DEBUG: src/lcthw/hashmap.c:Hashmap_get_node:205: TRY: 13
DEBUG: src/lcthw/hashmap.c:Hashmap_get_node:205: TRY: 14
DEBUG: src/lcthw/hashmap.c:Hashmap_get_node:205: TRY: 15
DEBUG: src/lcthw/hashmap.c:Hashmap_get_node:205: TRY: 16
DEBUG: src/lcthw/hashmap.c:Hashmap_get_node:205: TRY: 17
DEBUG: src/lcthw/hashmap.c:Hashmap_get_node:205: TRY: 18
DEBUG: src/lcthw/hashmap.c:Hashmap_get_node:205: TRY: 19
DEBUG: src/lcthw/hashmap.c:Hashmap_get_node:205: TRY: 20
DEBUG: src/lcthw/hashmap.c:Hashmap_get_node:205: TRY: 21
DEBUG: src/lcthw/hashmap.c:Hashmap_get_node:205: TRY: 22
DEBUG: src/lcthw/hashmap.c:Hashmap_get_node:205: TRY: 23
DEBUG: src/lcthw/hashmap.c:Hashmap_get_node:205: TRY: 24
DEBUG: src/lcthw/hashmap.c:Hashmap_get_node:205: TRY: 25
DEBUG: src/lcthw/hashmap.c:Hashmap_get_node:205: TRY: 26
DEBUG: src/lcthw/hashmap.c:Hashmap_get_node:205: TRY: 27
DEBUG: src/lcthw/hashmap.c:Hashmap_get_node:205: TRY: 28
DEBUG: src/lcthw/hashmap.c:Hashmap_get_node:205: TRY: 29
DEBUG: src/lcthw/hashmap.c:Hashmap_get_node:205: TRY: 30
DEBUG: src/lcthw/hashmap.c:Hashmap_get_node:205: TRY: 31
DEBUG: src/lcthw/hashmap.c:Hashmap_get_node:205: TRY: 32
DEBUG: src/lcthw/hashmap.c:Hashmap_get_node:205: TRY: 33
DEBUG: src/lcthw/hashmap.c:Hashmap_get_node:205: TRY: 34
DEBUG: src/lcthw/hashmap.c:Hashmap_get_node:205: TRY: 35
DEBUG: src/lcthw/hashmap.c:Hashmap_get_node:205: TRY: 36
DEBUG: src/lcthw/hashmap.c:Hashmap_get_node:205: TRY: 37
DEBUG: src/lcthw/hashmap.c:Hashmap_get_node:205: TRY: 38
DEBUG: src/lcthw/hashmap.c:Hashmap_get_node:205: TRY: 39
DEBUG: src/lcthw/hashmap.c:Hashmap_get_node:205: TRY: 40
DEBUG: src/lcthw/hashmap.c:Hashmap_get_node:205: TRY: 41
DEBUG: src/lcthw/hashmap.c:Hashmap_get_node:205: TRY: 42
DEBUG: src/lcthw/hashmap.c:Hashmap_get_node:205: TRY: 43
DEBUG: src/lcthw/hashmap.c:Hashmap_get_node:205: TRY: 44
DEBUG: src/lcthw/hashmap.c:Hashmap_get_node:205: TRY: 45
DEBUG: src/lcthw/hashmap.c:Hashmap_get_node:205: TRY: 46
DEBUG: src/lcthw/hashmap.c:Hashmap_get_node:205: TRY: 47
DEBUG: src/lcthw/hashmap.c:Hashmap_get_node:205: TRY: 48
DEBUG: src/lcthw/hashmap.c:Hashmap_get_node:205: TRY: 49
DEBUG: src/lcthw/hashmap.c:Hashmap_get_node:205: TRY: 50
DEBUG: src/lcthw/hashmap.c:Hashmap_get_node:205: TRY: 51
DEBUG: src/lcthw/hashmap.c:Hashmap_get_node:205: TRY: 52
DEBUG: src/lcthw/hashmap.c:Hashmap_get_node:205: TRY: 53
DEBUG: src/lcthw/hashmap.c:Hashmap_get_node:205: TRY: 54
DEBUG: src/lcthw/hashmap.c:Hashmap_get_node:205: TRY: 55
DEBUG: src/lcthw/hashmap.c:Hashmap_get_node:205: TRY: 56
DEBUG: src/lcthw/hashmap.c:Hashmap_get_node:205: TRY: 57
DEBUG: src/lcthw/hashmap.c:Hashmap_get_node:205: TRY: 58
DEBUG: src/lcthw/hashmap.c:Hashmap_get_node:205: TRY: 59
DEBUG: src/lcthw/hashmap.c:Hashmap_get_node:205: TRY: 60
DEBUG: src/lcthw/hashmap.c:Hashmap_get_node:205: TRY: 61
DEBUG: src/lcthw/hashmap.c:Hashmap_get_node:205: TRY: 62
DEBUG: src/lcthw/hashmap.c:Hashmap_get_node:205: TRY: 63
DEBUG: src/lcthw/hashmap.c:Hashmap_get_node:205: TRY: 64
DEBUG: src/lcthw/hashmap.c:Hashmap_get_node:205: TRY: 65
DEBUG: src/lcthw/hashmap.c:Hashmap_get_node:205: TRY: 66
DEBUG: src/lcthw/hashmap.c:Hashmap_get_node:205: TRY: 67
DEBUG: src/lcthw/hashmap.c:Hashmap_get_node:205: TRY: 68
DEBUG: src/lcthw/hashmap.c:Hashmap_get_node:205: TRY: 69
DEBUG: src/lcthw/hashmap.c:Hashmap_get_node:205: TRY: 70
DEBUG: src/lcthw/hashmap.c:Hashmap_get_node:205: TRY: 71
DEBUG: src/lcthw/hashmap.c:Hashmap_get_node:205: TRY: 72
DEBUG: src/lcthw/hashmap.c:Hashmap_get_node:205: TRY: 73
DEBUG: src/lcthw/hashmap.c:Hashmap_get_node:205: TRY: 74
DEBUG: src/lcthw/hashmap.c:Hashmap_get_node:205: TRY: 75
DEBUG: src/lcthw/hashmap.c:Hashmap_get_node:205: TRY: 76
DEBUG: src/lcthw/hashmap.c:Hashmap_get_node:205: TRY: 77
DEBUG: src/lcthw/hashmap.c:Hashmap_get_node:205: TRY: 78
DEBUG: src/lcthw/hashmap.c:Hashmap_get_node:205: TRY: 79
DEBUG: src/lcthw/hashmap.c:Hashmap_get_node:205: TRY: 80
DEBUG: src/lcthw/hashmap.c:Hashmap_get_node:205: TRY: 81
DEBUG: src/lcthw/hashmap.c:Hashmap_get_node:205: TRY: 82
DEBUG: src/lcthw/hashmap.c:Hashmap_get_node:205: TRY: 83
DEBUG: src/lcthw/hashmap.c:Hashmap_get_node:205: TRY: 84
DEBUG: src/lcthw/hashmap.c:Hashmap_get_node:205: TRY: 85
DEBUG: src/lcthw/hashmap.c:Hashmap_get_node:205: TRY: 86
DEBUG: src/lcthw/hashmap.c:Hashmap_get_node:205: TRY: 87
DEBUG: src/lcthw/hashmap.c:Hashmap_get_node:205: TRY: 88
DEBUG: src/lcthw/hashmap.c:Hashmap_get_node:205: TRY: 89
DEBUG: src/lcthw/hashmap.c:Hashmap_get_node:205: TRY: 0
DEBUG: src/lcthw/hashmap.c:Hashmap_get_node:205: TRY: 1
DEBUG: src/lcthw/hashmap.c:Hashmap_get_node:205: TRY: 2
DEBUG: src/lcthw/hashmap.c:Hashmap_get_node:205: TRY: 3
DEBUG: src/lcthw/hashmap.c:Hashmap_get_node:205: TRY: 4
DEBUG: src/lcthw/hashmap.c:Hashmap_get_node:205: TRY: 5
DEBUG: src/lcthw/hashmap.c:Hashmap_get_node:205: TRY: 6
DEBUG: src/lcthw/hashmap.c:Hashmap_get_node:205: TRY: 7
DEBUG: src/lcthw/hashmap.c:Hashmap_get_node:205: TRY: 8
DEBUG: src/lcthw/hashmap.c:Hashmap_get_node:205: TRY: 9
DEBUG: src/lcthw/hashmap.c:Hashmap_get_node:205: TRY: 10
DEBUG: src/lcthw/hashmap.c:Hashmap_get_node:205: TRY: 11
DEBUG: src/lcthw/hashmap.c:Hashmap_get_node:205: TRY: 12
DEBUG: src/lcthw/hashmap.c:Hashmap_get_node:205: TRY: 13
DEBUG: src/lcthw/hashmap.c:Hashmap_get_node:205: TRY: 14
DEBUG: src/lcthw/hashmap.c:Hashmap_get_node:205: TRY: 15
DEBUG: src/lcthw/hashmap.c:Hashmap_get_node:205: TRY: 16
DEBUG: src/lcthw/hashmap.c:Hashmap_get_node:205: TRY: 17
DEBUG: src/lcthw/hashmap.c:Hashmap_get_node:205: TRY: 18
DEBUG: src/lcthw/hashmap.c:Hashmap_get_node:205: TRY: 19
DEBUG: src/lcthw/hashmap.c:Hashmap_get_node:205: TRY: 20
DEBUG: src/lcthw/hashmap.c:Hashmap_get_node:205: TRY: 21
DEBUG: src/lcthw/hashmap.c:Hashmap_get_node:205: TRY: 22
DEBUG: src/lcthw/hashmap.c:Hashmap_get_node:205: TRY: 23
DEBUG: src/lcthw/hashmap.c:Hashmap_get_node:205: TRY: 24
DEBUG: src/lcthw/hashmap.c:Hashmap_get_node:205: TRY: 25
DEBUG: src/lcthw/hashmap.c:Hashmap_get_node:205: TRY: 26
DEBUG: src/lcthw/hashmap.c:Hashmap_get_node:205: TRY: 27
DEBUG: src/lcthw/hashmap.c:Hashmap_get_node:205: TRY: 28
DEBUG: src/lcthw/hashmap.c:Hashmap_get_node:205: TRY: 29
DEBUG: src/lcthw/hashmap.c:Hashmap_get_node:205: TRY: 30
DEBUG: src/lcthw/hashmap.c:Hashmap_get_node:205: TRY: 31
DEBUG: src/lcthw/hashmap.c:Hashmap_get_node:205: TRY: 32
DEBUG: src/lcthw/hashmap.c:Hashmap_get_node:205: TRY: 33
DEBUG: src/lcthw/hashmap.c:Hashmap_get_node:205: TRY: 34
DEBUG: src/lcthw/hashmap.c:Hashmap_get_node:205: TRY: 35
DEBUG: src/lcthw/hashmap.c:Hashmap_get_node:205: TRY: 36
DEBUG: src/lcthw/hashmap.c:Hashmap_get_node:205: TRY: 37
DEBUG: src/lcthw/hashmap.c:Hashmap_get_node:205: TRY: 38
DEBUG: src/lcthw/hashmap.c:Hashmap_get_node:205: TRY: 39
DEBUG: src/lcthw/hashmap.c:Hashmap_get_node:205: TRY: 40
DEBUG: src/lcthw/hashmap.c:Hashmap_get_node:205: TRY: 41
DEBUG: src/lcthw/hashmap.c:Hashmap_get_node:205: TRY: 42
DEBUG: src/lcthw/hashmap.c:Hashmap_get_node:205: TRY: 43
DEBUG: src/lcthw/hashmap.c:Hashmap_get_node:205: TRY: 44
DEBUG: src/lcthw/hashmap.c:Hashmap_get_node:205: TRY: 45
DEBUG: src/lcthw/hashmap.c:Hashmap_get_node:205: TRY: 46
DEBUG: src/lcthw/hashmap.c:Hashmap_get_node:205: TRY: 47
DEBUG: src/lcthw/hashmap.c:Hashmap_get_node:205: TRY: 48
DEBUG: src/lcthw/hashmap.c:Hashmap_get_node:205: TRY: 49
DEBUG: src/lcthw/hashmap.c:Hashmap_get_node:205: TRY: 50
DEBUG: src/lcthw/hashmap.c:Hashmap_get_node:205: TRY: 51
DEBUG: src/lcthw/hashmap.c:Hashmap_get_node:205: TRY: 52
DEBUG: src/lcthw/hashmap.c:Hashmap_get_node:205: TRY: 53
DEBUG: src/lcthw/hashmap.c:Hashmap_get_node:205: TRY: 54
DEBUG: src/lcthw/hashmap.c:Hashmap_get_node:205: TRY: 55
DEBUG: src/lcthw/hashmap.c:Hashmap_get_node:205: TRY: 56
DEBUG: src/lcthw/hashmap.c:Hashmap_get_node:205: TRY: 57
DEBUG: src/lcthw/hashmap.c:Hashmap_get_node:205: TRY: 58
DEBUG: src/lcthw/hashmap.c:Hashmap_get_node:205: TRY: 59
DEBUG: src/lcthw/hashmap.c:Hashmap_get_node:205: TRY: 60
DEBUG: src/lcthw/hashmap.c:Hashmap_get_node:205: TRY: 61
DEBUG: src/lcthw/hashmap.c:Hashmap_get_node:205: TRY: 62
DEBUG: src/lcthw/hashmap.c:Hashmap_get_node:205: TRY: 63
DEBUG: src/lcthw/hashmap.c:Hashmap_get_node:205: TRY: 64
DEBUG: src/lcthw/hashmap.c:Hashmap_get_node:205: TRY: 65
DEBUG: src/lcthw/hashmap.c:Hashmap_get_node:205: TRY: 66
DEBUG: src/lcthw/hashmap.c:Hashmap_get_node:205: TRY: 67
DEBUG: src/lcthw/hashmap.c:Hashmap_get_node:205: TRY: 68
DEBUG: src/lcthw/hashmap.c:Hashmap_get_node:205: TRY: 69
DEBUG: src/lcthw/hashmap.c:Hashmap_get_node:205: TRY: 70
DEBUG: src/lcthw/hashmap.c:Hashmap_get_node:205: TRY: 71
DEBUG: src/lcthw/hashmap.c:Hashmap_get_node:205: TRY: 72
DEBUG: src/lcthw/hashmap.c:Hashmap_get_node:205: TRY: 73
DEBUG: src/lcthw/hashmap.c:Hashmap_get_node:205: TRY: 74
DEBUG: src/lcthw/hashmap.c:Hashmap_get_node:205: TRY: 75
DEBUG: src/lcthw/hashmap.c:Hashmap_get_node:205: TRY: 76
DEBUG: src/lcthw/hashmap.c:Hashmap_get_node:205: TRY: 77
DEBUG: src/lcthw/hashmap.c:Hashmap_get_node:205: TRY: 78
DEBUG: src/lcthw/hashmap.c:Hashmap_get_node:205: TRY: 79
DEBUG: src/lcthw/hashmap.c:Hashmap_get_node:205: TRY: 80
DEBUG: src/lcthw/hashmap.c:Hashmap_get_node:205: TRY: 81
DEBUG: src/lcthw/hashmap.c:Hashmap_get_node:205: TRY: 82
DEBUG: src/lcthw/hashmap.c:Hashmap_get_node:205: TRY: 0
DEBUG: src/lcthw/hashmap.c:Hashmap_get_node:205: TRY: 1
DEBUG: src/lcthw/hashmap.c:Hashmap_get_node:205: TRY: 2
DEBUG: src/lcthw/hashmap.c:Hashmap_get_node:205: TRY: 3
DEBUG: src/lcthw/hashmap.c:Hashmap_get_node:205: TRY: 4
DEBUG: src/lcthw/hashmap.c:Hashmap_get_node:205: TRY: 5
DEBUG: src/lcthw/hashmap.c:Hashmap_get_node:205: TRY: 6
DEBUG: src/lcthw/hashmap.c:Hashmap_get_node:205: TRY: 7
DEBUG: src/lcthw/hashmap.c:Hashmap_get_node:205: TRY: 8
DEBUG: src/lcthw/hashmap.c:Hashmap_get_node:205: TRY: 9
DEBUG: src/lcthw/hashmap.c:Hashmap_get_node:205: TRY: 10
DEBUG: src/lcthw/hashmap.c:Hashmap_get_node:205: TRY: 11
DEBUG: src/lcthw/hashmap.c:Hashmap_get_node:205: TRY: 12
DEBUG: src/lcthw/hashmap.c:Hashmap_get_node:205: TRY: 13
DEBUG: src/lcthw/hashmap.c:Hashmap_get_node:205: TRY: 14
DEBUG: src/lcthw/hashmap.c:Hashmap_get_node:205: TRY: 15
DEBUG: src/lcthw/hashmap.c:Hashmap_get_node:205: TRY: 16
DEBUG: src/lcthw/hashmap.c:Hashmap_get_node:205: TRY: 17
DEBUG: src/lcthw/hashmap.c:Hashmap_get_node:205: TRY: 18
DEBUG: src/lcthw/hashmap.c:Hashmap_get_node:205: TRY: 19
DEBUG: src/lcthw/hashmap.c:Hashmap_get_node:205: TRY: 20
DEBUG: src/lcthw/hashmap.c:Hashmap_get_node:205: TRY: 21
DEBUG: src/lcthw/hashmap.c:Hashmap_get_node:205: TRY: 22
DEBUG: src/lcthw/hashmap.c:Hashmap_get_node:205: TRY: 23
DEBUG: src/lcthw/hashmap.c:Hashmap_get_node:205: TRY: 24
DEBUG: src/lcthw/hashmap.c:Hashmap_get_node:205: TRY: 25
DEBUG: src/lcthw/hashmap.c:Hashmap_get_node:205: TRY: 26
DEBUG: src/lcthw/hashmap.c:Hashmap_get_node:205: TRY: 27
DEBUG: src/lcthw/hashmap.c:Hashmap_get_node:205: TRY: 28
DEBUG: src/lcthw/hashmap.c:Hashmap_get_node:205: TRY: 29
DEBUG: src/lcthw/hashmap.c:Hashmap_get_node:205: TRY: 30
DEBUG: src/lcthw/hashmap.c:Hashmap_get_node:205: TRY: 31
DEBUG: src/lcthw/hashmap.c:Hashmap_get_node:205: TRY: 32
DEBUG: src/lcthw/hashmap.c:Hashmap_get_node:205: TRY: 33
DEBUG: src/lcthw/hashmap.c:Hashmap_get_node:205: TRY: 34
DEBUG: src/lcthw/hashmap.c:Hashmap_get_node:205: TRY: 35
DEBUG: src/lcthw/hashmap.c:Hashmap_get_node:205: TRY: 36
DEBUG: src/lcthw/hashmap.c:Hashmap_get_node:205: TRY: 37
DEBUG: src/lcthw/hashmap.c:Hashmap_get_node:205: TRY: 38
DEBUG: src/lcthw/hashmap.c:Hashmap_get_node:205: TRY: 39
DEBUG: src/lcthw/hashmap.c:Hashmap_get_node:205: TRY: 40
DEBUG: src/lcthw/hashmap.c:Hashmap_get_node:205: TRY: 41
DEBUG: src/lcthw/hashmap.c:Hashmap_get_node:205: TRY: 42
DEBUG: src/lcthw/hashmap.c:Hashmap_get_node:205: TRY: 43
DEBUG: src/lcthw/hashmap.c:Hashmap_get_node:205: TRY: 44
DEBUG: src/lcthw/hashmap.c:Hashmap_get_node:205: TRY: 45
DEBUG: src/lcthw/hashmap.c:Hashmap_get_node:205: TRY: 46
DEBUG: src/lcthw/hashmap.c:Hashmap_get_node:205: TRY: 47
DEBUG: src/lcthw/hashmap.c:Hashmap_get_node:205: TRY: 48
DEBUG: src/lcthw/hashmap.c:Hashmap_get_node:205: TRY: 49
DEBUG: src/lcthw/hashmap.c:Hashmap_get_node:205: TRY: 50
DEBUG: src/lcthw/hashmap.c:Hashmap_get_node:205: TRY: 51
DEBUG: src/lcthw/hashmap.c:Hashmap_get_node:205: TRY: 52
DEBUG: src/lcthw/hashmap.c:Hashmap_get_node:205: TRY: 53
DEBUG: src/lcthw/hashmap.c:Hashmap_get_node:205: TRY: 54
DEBUG: src/lcthw/hashmap.c:Hashmap_get_node:205: TRY: 55
DEBUG: src/lcthw/hashmap.c:Hashmap_get_node:205: TRY: 56
DEBUG: src/lcthw/hashmap.c:Hashmap_get_node:205: TRY: 57
DEBUG: src/lcthw/hashmap.c:Hashmap_get_node:205: TRY: 58
DEBUG: src/lcthw/hashmap.c:Hashmap_get_node:205: TRY: 59
DEBUG: src/lcthw/hashmap.c:Hashmap_get_node:205: TRY: 60
DEBUG: src/lcthw/hashmap.c:Hashmap_get_node:205: TRY: 61
DEBUG: src/lcthw/hashmap.c:Hashmap_get_node:205: TRY: 62
DEBUG: src/lcthw/hashmap.c:Hashmap_get_node:205: TRY: 63
DEBUG: src/lcthw/hashmap.c:Hashmap_get_node:205: TRY: 64
DEBUG: src/lcthw/hashmap.c:Hashmap_get_node:205: TRY: 65
DEBUG: src/lcthw/hashmap.c:Hashmap_get_node:205: TRY: 66
DEBUG: src/lcthw/hashmap.c:Hashmap_get_node:205: TRY: 67
DEBUG: src/lcthw/hashmap.c:Hashmap_get_node:205: TRY: 68
DEBUG: src/lcthw/hashmap.c:Hashmap_get_node:205: TRY: 69
DEBUG: src/lcthw/hashmap.c:Hashmap_get_node:205: TRY: 70
DEBUG: src/lcthw/hashmap.c:Hashmap_get_node:205: TRY: 71
DEBUG: src/lcthw/hashmap.c:Hashmap_get_node:205: TRY: 72
DEBUG: src/lcthw/hashmap.c:Hashmap_get_node:205: TRY: 73
DEBUG: src/lcthw/hashmap.c:Hashmap_get_node:205: TRY: 74
DEBUG: src/lcthw/hashmap.c:Hashmap_get_node:205: TRY: 75
DEBUG: src/lcthw/hashmap.c:Hashmap_get_node:205: TRY: 76
DEBUG: src/lcthw/hashmap.c:Hashmap_get_node:205: TRY: 77
DEBUG: src/lcthw/hashmap.c:Hashmap_get_node:205: TRY: 78
DEBUG: src/lcthw/hashmap.c:Hashmap_get_node:205: TRY: 79
DEBUG: src/lcthw/hashmap.c:Hashmap_get_node:205: TRY: 80
DEBUG: src/lcthw/hashmap.c:Hashmap_get_node:205: TRY: 81
DEBUG: src/lcthw/hashmap.c:Hashmap_get_node:205: TRY: 82
DEBUG: src/lcthw/hashmap.c:Hashmap_get_node:205: TRY: 83
DEBUG: src/lcthw/hashmap.c:Hashmap_get_node:205: TRY: 84
DEBUG: src/lcthw/hashmap.c:Hashmap_get_node:205: TRY: 85
DEBUG: src/lcthw/hashmap.c:Hashmap_get_node:205: TRY: 0
DEBUG: src/lcthw/hashmap.c:Hashmap_get_node:205: TRY: 1
DEBUG: src/lcthw/hashmap.c:Hashmap_get_node:205: TRY: 2
DEBUG: src/lcthw/hashmap.c:Hashmap_get_node:205: TRY: 3
DEBUG: src/lcthw/hashmap.c:Hashmap_get_node:205: TRY: 4
DEBUG: src/lcthw/hashmap.c:Hashmap_get_node:205: TRY: 5
DEBUG: src/lcthw/hashmap.c:Hashmap_get_node:205: TRY: 6
DEBUG: src/lcthw/hashmap.c:Hashmap_get_node:205: TRY: 7
DEBUG: src/lcthw/hashmap.c:Hashmap_get_node:205: TRY: 8
DEBUG: src/lcthw/hashmap.c:Hashmap_get_node:205: TRY: 9
DEBUG: src/lcthw/hashmap.c:Hashmap_get_node:205: TRY: 10
DEBUG: src/lcthw/hashmap.c:Hashmap_get_node:205: TRY: 11
DEBUG: src/lcthw/hashmap.c:Hashmap_get_node:205: TRY: 12
DEBUG: src/lcthw/hashmap.c:Hashmap_get_node:205: TRY: 13
DEBUG: src/lcthw/hashmap.c:Hashmap_get_node:205: TRY: 14
DEBUG: src/lcthw/hashmap.c:Hashmap_get_node:205: TRY: 15
DEBUG: src/lcthw/hashmap.c:Hashmap_get_node:205: TRY: 16
DEBUG: src/lcthw/hashmap.c:Hashmap_get_node:205: TRY: 17
DEBUG: src/lcthw/hashmap.c:Hashmap_get_node:205: TRY: 18
DEBUG: src/lcthw/hashmap.c:Hashmap_get_node:205: TRY: 19
DEBUG: src/lcthw/hashmap.c:Hashmap_get_node:205: TRY: 20
DEBUG: src/lcthw/hashmap.c:Hashmap_get_node:205: TRY: 21
DEBUG: src/lcthw/hashmap.c:Hashmap_get_node:205: TRY: 22
DEBUG: src/lcthw/hashmap.c:Hashmap_get_node:205: TRY: 23
DEBUG: src/lcthw/hashmap.c:Hashmap_get_node:205: TRY: 24
DEBUG: src/lcthw/hashmap.c:Hashmap_get_node:205: TRY: 25
DEBUG: src/lcthw/hashmap.c:Hashmap_get_node:205: TRY: 26
DEBUG: src/lcthw/hashmap.c:Hashmap_get_node:205: TRY: 27
DEBUG: src/lcthw/hashmap.c:Hashmap_get_node:205: TRY: 28
DEBUG: src/lcthw/hashmap.c:Hashmap_get_node:205: TRY: 29
DEBUG: src/lcthw/hashmap.c:Hashmap_get_node:205: TRY: 30
DEBUG: src/lcthw/hashmap.c:Hashmap_get_node:205: TRY: 31
DEBUG: src/lcthw/hashmap.c:Hashmap_get_node:205: TRY: 32
DEBUG: src/lcthw/hashmap.c:Hashmap_get_node:205: TRY: 33
DEBUG: src/lcthw/hashmap.c:Hashmap_get_node:205: TRY: 34
DEBUG: src/lcthw/hashmap.c:Hashmap_get_node:205: TRY: 35
DEBUG: src/lcthw/hashmap.c:Hashmap_get_node:205: TRY: 36
DEBUG: src/lcthw/hashmap.c:Hashmap_get_node:205: TRY: 37
DEBUG: src/lcthw/hashmap.c:Hashmap_get_node:205: TRY: 38
DEBUG: src/lcthw/hashmap.c:Hashmap_get_node:205: TRY: 39
DEBUG: src/lcthw/hashmap.c:Hashmap_get_node:205: TRY: 40
DEBUG: src/lcthw/hashmap.c:Hashmap_get_node:205: TRY: 41
DEBUG: src/lcthw/hashmap.c:Hashmap_get_node:205: TRY: 42
DEBUG: src/lcthw/hashmap.c:Hashmap_get_node:205: TRY: 43
DEBUG: src/lcthw/hashmap.c:Hashmap_get_node:205: TRY: 44
DEBUG: src/lcthw/hashmap.c:Hashmap_get_node:205: TRY: 45
DEBUG: src/lcthw/hashmap.c:Hashmap_get_node:205: TRY: 46
DEBUG: src/lcthw/hashmap.c:Hashmap_get_node:205: TRY: 47
DEBUG: src/lcthw/hashmap.c:Hashmap_get_node:205: TRY: 48
DEBUG: src/lcthw/hashmap.c:Hashmap_get_node:205: TRY: 49
DEBUG: src/lcthw/hashmap.c:Hashmap_get_node:205: TRY: 50
DEBUG: src/lcthw/hashmap.c:Hashmap_get_node:205: TRY: 51
DEBUG: src/lcthw/hashmap.c:Hashmap_get_node:205: TRY: 52
DEBUG: src/lcthw/hashmap.c:Hashmap_get_node:205: TRY: 53
DEBUG: src/lcthw/hashmap.c:Hashmap_get_node:205: TRY: 54
DEBUG: src/lcthw/hashmap.c:Hashmap_get_node:205: TRY: 55
DEBUG: src/lcthw/hashmap.c:Hashmap_get_node:205: TRY: 56
DEBUG: src/lcthw/hashmap.c:Hashmap_get_node:205: TRY: 57
DEBUG: src/lcthw/hashmap.c:Hashmap_get_node:205: TRY: 58
DEBUG: src/lcthw/hashmap.c:Hashmap_get_node:205: TRY: 59
DEBUG: src/lcthw/hashmap.c:Hashmap_get_node:205: TRY: 60
DEBUG: src/lcthw/hashmap.c:Hashmap_get_node:205: TRY: 61
DEBUG: src/lcthw/hashmap.c:Hashmap_get_node:205: TRY: 62
DEBUG: src/lcthw/hashmap.c:Hashmap_get_node:205: TRY: 63
DEBUG: src/lcthw/hashmap.c:Hashmap_get_node:205: TRY: 64
DEBUG: src/lcthw/hashmap.c:Hashmap_get_node:205: TRY: 65
DEBUG: src/lcthw/hashmap.c:Hashmap_get_node:205: TRY: 66
DEBUG: src/lcthw/hashmap.c:Hashmap_get_node:205: TRY: 67
DEBUG: src/lcthw/hashmap.c:Hashmap_get_node:205: TRY: 68
DEBUG: src/lcthw/hashmap.c:Hashmap_get_node:205: TRY: 69
DEBUG: src/lcthw/hashmap.c:Hashmap_get_node:205: TRY: 70
DEBUG: src/lcthw/hashmap.c:Hashmap_get_node:205: TRY: 71
DEBUG: src/lcthw/hashmap.c:Hashmap_get_node:205: TRY: 72
DEBUG: src/lcthw/hashmap.c:Hashmap_get_node:205: TRY: 73
DEBUG: src/lcthw/hashmap.c:Hashmap_get_node:205: TRY: 74
DEBUG: src/lcthw/hashmap.c:Hashmap_get_node:205: TRY: 75
DEBUG: src/lcthw/hashmap.c:Hashmap_get_node:205: TRY: 76
DEBUG: src/lcthw/hashmap.c:Hashmap_get_node:205: TRY: 77
DEBUG: src/lcthw/hashmap.c:Hashmap_get_node:205: TRY: 78
DEBUG: src/lcthw/hashmap.c:Hashmap_get_node:205: TRY: 79
DEBUG: src/lcthw/hashmap.c:Hashmap_get_node:205: TRY: 80
DEBUG: src/lcthw/hashmap.c:Hashmap_get_node:205: TRY: 81
DEBUG: src/lcthw/hashmap.c:Hashmap_get_node:205: TRY: 82
DEBUG: src/lcthw/hashmap.c:Hashmap_get_node:205: TRY: 83
DEBUG: src/lcthw/hashmap.c:Hashmap_get_node:205: TRY: 84
DEBUG: src/lcthw/hashmap.c:Hashmap_get_node:205: TRY: 85
DEBUG: src/lcthw/hashmap.c:Hashmap_get_node:205: TRY: 86
DEBUG: src/lcthw/hashmap.c:Hashmap_get_node:205: TRY: 87
DEBUG: src/lcthw/hashmap.c:Hashmap_get_node:205: TRY: 88
DEBUG: src/lcthw/hashmap.c:Hashmap_get_node:205: TRY: 89
DEBUG: src/lcthw/hashmap.c:Hashmap_get_node:205: TRY: 90
DEBUG: src/lcthw/hashmap.c:Hashmap_get_node:205: TRY: 0
DEBUG: src/lcthw/hashmap.c:Hashmap_get_node:205: TRY: 1
DEBUG: src/lcthw/hashmap.c:Hashmap_get_node:205: TRY: 2
DEBUG: src/lcthw/hashmap.c:Hashmap_get_node:205: TRY: 3
DEBUG: src/lcthw/hashmap.c:Hashmap_get_node:205: TRY: 4
DEBUG: src/lcthw/hashmap.c:Hashmap_get_node:205: TRY: 5
DEBUG: src/lcthw/hashmap.c:Hashmap_get_node:205: TRY: 6
DEBUG: src/lcthw/hashmap.c:Hashmap_get_node:205: TRY: 7
DEBUG: src/lcthw/hashmap.c:Hashmap_get_node:205: TRY: 8
DEBUG: src/lcthw/hashmap.c:Hashmap_get_node:205: TRY: 9
DEBUG: src/lcthw/hashmap.c:Hashmap_get_node:205: TRY: 10
DEBUG: src/lcthw/hashmap.c:Hashmap_get_node:205: TRY: 11
DEBUG: src/lcthw/hashmap.c:Hashmap_get_node:205: TRY: 12
DEBUG: src/lcthw/hashmap.c:Hashmap_get_node:205: TRY: 13
DEBUG: src/lcthw/hashmap.c:Hashmap_get_node:205: TRY: 14
DEBUG: src/lcthw/hashmap.c:Hashmap_get_node:205: TRY: 15
DEBUG: src/lcthw/hashmap.c:Hashmap_get_node:205: TRY: 16
DEBUG: src/lcthw/hashmap.c:Hashmap_get_node:205: TRY: 17
DEBUG: src/lcthw/hashmap.c:Hashmap_get_node:205: TRY: 18
DEBUG: src/lcthw/hashmap.c:Hashmap_get_node:205: TRY: 19
DEBUG: src/lcthw/hashmap.c:Hashmap_get_node:205: TRY: 20
DEBUG: src/lcthw/hashmap.c:Hashmap_get_node:205: TRY: 21
DEBUG: src/lcthw/hashmap.c:Hashmap_get_node:205: TRY: 22
DEBUG: src/lcthw/hashmap.c:Hashmap_get_node:205: TRY: 23
DEBUG: src/lcthw/hashmap.c:Hashmap_get_node:205: TRY: 24
DEBUG: src/lcthw/hashmap.c:Hashmap_get_node:205: TRY: 25
DEBUG: src/lcthw/hashmap.c:Hashmap_get_node:205: TRY: 26
DEBUG: src/lcthw/hashmap.c:Hashmap_get_node:205: TRY: 27
DEBUG: src/lcthw/hashmap.c:Hashmap_get_node:205: TRY: 28
DEBUG: src/lcthw/hashmap.c:Hashmap_get_node:205: TRY: 29
DEBUG: src/lcthw/hashmap.c:Hashmap_get_node:205: TRY: 30
DEBUG: src/lcthw/hashmap.c:Hashmap_get_node:205: TRY: 31
DEBUG: src/lcthw/hashmap.c:Hashmap_get_node:205: TRY: 32
DEBUG: src/lcthw/hashmap.c:Hashmap_get_node:205: TRY: 33
DEBUG: src/lcthw/hashmap.c:Hashmap_get_node:205: TRY: 34
DEBUG: src/lcthw/hashmap.c:Hashmap_get_node:205: TRY: 35
DEBUG: src/lcthw/hashmap.c:Hashmap_get_node:205: TRY: 36
DEBUG: src/lcthw/hashmap.c:Hashmap_get_node:205: TRY: 37
DEBUG: src/lcthw/hashmap.c:Hashmap_get_node:205: TRY: 38
DEBUG: src/lcthw/hashmap.c:Hashmap_get_node:205: TRY: 39
DEBUG: src/lcthw/hashmap.c:Hashmap_get_node:205: TRY: 40
DEBUG: src/lcthw/hashmap.c:Hashmap_get_node:205: TRY: 41
DEBUG: src/lcthw/hashmap.c:Hashmap_get_node:205: TRY: 42
DEBUG: src/lcthw/hashmap.c:Hashmap_get_node:205: TRY: 43
DEBUG: src/lcthw/hashmap.c:Hashmap_get_node:205: TRY: 44
DEBUG: src/lcthw/hashmap.c:Hashmap_get_node:205: TRY: 45
DEBUG: src/lcthw/hashmap.c:Hashmap_get_node:205: TRY: 46
DEBUG: src/lcthw/hashmap.c:Hashmap_get_node:205: TRY: 47
DEBUG: src/lcthw/hashmap.c:Hashmap_get_node:205: TRY: 48
DEBUG: src/lcthw/hashmap.c:Hashmap_get_node:205: TRY: 49
DEBUG: src/lcthw/hashmap.c:Hashmap_get_node:205: TRY: 50
DEBUG: src/lcthw/hashmap.c:Hashmap_get_node:205: TRY: 51
DEBUG: src/lcthw/hashmap.c:Hashmap_get_node:205: TRY: 52
DEBUG: src/lcthw/hashmap.c:Hashmap_get_node:205: TRY: 53
DEBUG: src/lcthw/hashmap.c:Hashmap_get_node:205: TRY: 54
DEBUG: src/lcthw/hashmap.c:Hashmap_get_node:205: TRY: 55
DEBUG: src/lcthw/hashmap.c:Hashmap_get_node:205: TRY: 56
DEBUG: src/lcthw/hashmap.c:Hashmap_get_node:205: TRY: 57
DEBUG: src/lcthw/hashmap.c:Hashmap_get_node:205: TRY: 58
DEBUG: src/lcthw/hashmap.c:Hashmap_get_node:205: TRY: 59
DEBUG: src/lcthw/hashmap.c:Hashmap_get_node:205: TRY: 60
DEBUG: src/lcthw/hashmap.c:Hashmap_get_node:205: TRY: 61
DEBUG: src/lcthw/hashmap.c:Hashmap_get_node:205: TRY: 62
DEBUG: src/lcthw/hashmap.c:Hashmap_get_node:205: TRY: 63
DEBUG: src/lcthw/hashmap.c:Hashmap_get_node:205: TRY: 64
DEBUG: src/lcthw/hashmap.c:Hashmap_get_node:205: TRY: 65
DEBUG: src/lcthw/hashmap.c:Hashmap_get_node:205: TRY: 66
DEBUG: src/lcthw/hashmap.c:Hashmap_get_node:205: TRY: 67
DEBUG: src/lcthw/hashmap.c:Hashmap_get_node:205: TRY: 68
DEBUG: src/lcthw/hashmap.c:Hashmap_get_node:205: TRY: 69
DEBUG: src/lcthw/hashmap.c:Hashmap_get_node:205: TRY: 70
DEBUG: src/lcthw/hashmap.c:Hashmap_get_node:205: TRY: 71
DEBUG: src/lcthw/hashmap.c:Hashmap_get_node:205: TRY: 72
DEBUG: src/lcthw/hashmap.c:Hashmap_get_node:205: TRY: 73
DEBUG: src/lcthw/hashmap.c:Hashmap_get_node:205: TRY: 74
DEBUG: src/lcthw/hashmap.c:Hashmap_get_node:205: TRY: 75
DEBUG: src/lcthw/hashmap.c:Hashmap_get_node:205: TRY: 76
DEBUG: src/lcthw/hashmap.c:Hashmap_get_node:205: TRY: 77
DEBUG: src/lcthw/hashmap.c:Hashmap_get_node:205: TRY: 78
DEBUG: src/lcthw/hashmap.c:Hashmap_get_node:205: TRY: 79
DEBUG: src/lcthw/hashmap.c:Hashmap_get_node:205: TRY: 80
DEBUG: src/lcthw/hashmap.c:Hashmap_get_node:205: TRY: 81
DEBUG: src/lcthw/hashmap.c:Hashmap_get_node:205: TRY: 82
DEBUG: src/lcthw/hashmap.c:Hashmap_get_node:205: TRY: 83
DEBUG: src/lcthw/hashmap.c:Hashmap_get_node:205: TRY: 84
DEBUG: src/lcthw/hashmap.c:Hashmap_get_node:205: TRY: 85
DEBUG: src/lcthw/hashmap.c:Hashmap_get_node:205: TRY: 86
DEBUG: src/lcthw/hashmap.c:Hashmap_get_node:205: TRY: 87
DEBUG: src/lcthw/hashmap.c:Hashmap_get_node:205: TRY: 88
DEBUG: src/lcthw/hashmap.c:Hashmap_get_node:205: TRY: 89
DEBUG: src/lcthw/hashmap.c:Hashmap_get_node:205: TRY: 90
DEBUG: src/lcthw/hashmap.c:Hashmap_get_node:205: TRY: 91
DEBUG: src/lcthw/hashmap.c:Hashmap_get_node:205: TRY: 0
DEBUG: src/lcthw/hashmap.c:Hashmap_get_node:205: TRY: 1
DEBUG: src/lcthw/hashmap.c:Hashmap_get_node:205: TRY: 2
DEBUG: src/lcthw/hashmap.c:Hashmap_get_node:205: TRY: 3
DEBUG: src/lcthw/hashmap.c:Hashmap_get_node:205: TRY: 4
DEBUG: src/lcthw/hashmap.c:Hashmap_get_node:205: TRY: 5
DEBUG: src/lcthw/hashmap.c:Hashmap_get_node:205: TRY: 6
DEBUG: src/lcthw/hashmap.c:Hashmap_get_node:205: TRY: 7
DEBUG: src/lcthw/hashmap.c:Hashmap_get_node:205: TRY: 8
DEBUG: src/lcthw/hashmap.c:Hashmap_get_node:205: TRY: 9
DEBUG: src/lcthw/hashmap.c:Hashmap_get_node:205: TRY: 10
DEBUG: src/lcthw/hashmap.c:Hashmap_get_node:205: TRY: 11
DEBUG: src/lcthw/hashmap.c:Hashmap_get_node:205: TRY: 12
DEBUG: src/lcthw/hashmap.c:Hashmap_get_node:205: TRY: 13
DEBUG: src/lcthw/hashmap.c:Hashmap_get_node:205: TRY: 14
DEBUG: src/lcthw/hashmap.c:Hashmap_get_node:205: TRY: 15
DEBUG: src/lcthw/hashmap.c:Hashmap_get_node:205: TRY: 16
DEBUG: src/lcthw/hashmap.c:Hashmap_get_node:205: TRY: 17
DEBUG: src/lcthw/hashmap.c:Hashmap_get_node:205: TRY: 18
DEBUG: src/lcthw/hashmap.c:Hashmap_get_node:205: TRY: 19
DEBUG: src/lcthw/hashmap.c:Hashmap_get_node:205: TRY: 20
DEBUG: src/lcthw/hashmap.c:Hashmap_get_node:205: TRY: 21
DEBUG: src/lcthw/hashmap.c:Hashmap_get_node:205: TRY: 22
DEBUG: src/lcthw/hashmap.c:Hashmap_get_node:205: TRY: 23
DEBUG: src/lcthw/hashmap.c:Hashmap_get_node:205: TRY: 24
DEBUG: src/lcthw/hashmap.c:Hashmap_get_node:205: TRY: 25
DEBUG: src/lcthw/hashmap.c:Hashmap_get_node:205: TRY: 26
DEBUG: src/lcthw/hashmap.c:Hashmap_get_node:205: TRY: 27
DEBUG: src/lcthw/hashmap.c:Hashmap_get_node:205: TRY: 28
DEBUG: src/lcthw/hashmap.c:Hashmap_get_node:205: TRY: 29
DEBUG: src/lcthw/hashmap.c:Hashmap_get_node:205: TRY: 30
DEBUG: src/lcthw/hashmap.c:Hashmap_get_node:205: TRY: 31
DEBUG: src/lcthw/hashmap.c:Hashmap_get_node:205: TRY: 32
DEBUG: src/lcthw/hashmap.c:Hashmap_get_node:205: TRY: 33
DEBUG: src/lcthw/hashmap.c:Hashmap_get_node:205: TRY: 34
DEBUG: src/lcthw/hashmap.c:Hashmap_get_node:205: TRY: 35
DEBUG: src/lcthw/hashmap.c:Hashmap_get_node:205: TRY: 36
DEBUG: src/lcthw/hashmap.c:Hashmap_get_node:205: TRY: 37
DEBUG: src/lcthw/hashmap.c:Hashmap_get_node:205: TRY: 38
DEBUG: src/lcthw/hashmap.c:Hashmap_get_node:205: TRY: 39
DEBUG: src/lcthw/hashmap.c:Hashmap_get_node:205: TRY: 40
DEBUG: src/lcthw/hashmap.c:Hashmap_get_node:205: TRY: 41
DEBUG: src/lcthw/hashmap.c:Hashmap_get_node:205: TRY: 42
DEBUG: src/lcthw/hashmap.c:Hashmap_get_node:205: TRY: 43
DEBUG: src/lcthw/hashmap.c:Hashmap_get_node:205: TRY: 44
DEBUG: src/lcthw/hashmap.c:Hashmap_get_node:205: TRY: 45
DEBUG: src/lcthw/hashmap.c:Hashmap_get_node:205: TRY: 46
DEBUG: src/lcthw/hashmap.c:Hashmap_get_node:205: TRY: 47
DEBUG: src/lcthw/hashmap.c:Hashmap_get_node:205: TRY: 48
DEBUG: src/lcthw/hashmap.c:Hashmap_get_node:205: TRY: 49
DEBUG: src/lcthw/hashmap.c:Hashmap_get_node:205: TRY: 50
DEBUG: src/lcthw/hashmap.c:Hashmap_get_node:205: TRY: 51
DEBUG: src/lcthw/hashmap.c:Hashmap_get_node:205: TRY: 52
DEBUG: src/lcthw/hashmap.c:Hashmap_get_node:205: TRY: 53
DEBUG: src/lcthw/hashmap.c:Hashmap_get_node:205: TRY: 54
DEBUG: src/lcthw/hashmap.c:Hashmap_get_node:205: TRY: 55
DEBUG: src/lcthw/hashmap.c:Hashmap_get_node:205: TRY: 56
DEBUG: src/lcthw/hashmap.c:Hashmap_get_node:205: TRY: 57
DEBUG: src/lcthw/hashmap.c:Hashmap_get_node:205: TRY: 58
DEBUG: src/lcthw/hashmap.c:Hashmap_get_node:205: TRY: 59
DEBUG: src/lcthw/hashmap.c:Hashmap_get_node:205: TRY: 60
DEBUG: src/lcthw/hashmap.c:Hashmap_get_node:205: TRY: 61
DEBUG: src/lcthw/hashmap.c:Hashmap_get_node:205: TRY: 62
DEBUG: src/lcthw/hashmap.c:Hashmap_get_node:205: TRY: 63
DEBUG: src/lcthw/hashmap.c:Hashmap_get_node:205: TRY: 64
DEBUG: src/lcthw/hashmap.c:Hashmap_get_node:205: TRY: 65
DEBUG: src/lcthw/hashmap.c:Hashmap_get_node:205: TRY: 66
DEBUG: src/lcthw/hashmap.c:Hashmap_get_node:205: TRY: 67
DEBUG: src/lcthw/hashmap.c:Hashmap_get_node:205: TRY: 68
DEBUG: src/lcthw/hashmap.c:Hashmap_get_node:205: TRY: 69
DEBUG: src/lcthw/hashmap.c:Hashmap_get_node:205: TRY: 70
DEBUG: src/lcthw/hashmap.c:Hashmap_get_node:205: TRY: 71
DEBUG: src/lcthw/hashmap.c:Hashmap_get_node:205: TRY: 72
DEBUG: src/lcthw/hashmap.c:Hashmap_get_node:205: TRY: 73
DEBUG: src/lcthw/hashmap.c:Hashmap_get_node:205: TRY: 74
DEBUG: src/lcthw/hashmap.c:Hashmap_get_node:205: TRY: 75
DEBUG: src/lcthw/hashmap.c:Hashmap_get_node:205: TRY: 76
DEBUG: src/lcthw/hashmap.c:Hashmap_get_node:205: TRY: 77
DEBUG: src/lcthw/hashmap.c:Hashmap_get_node:205: TRY: 78
DEBUG: src/lcthw/hashmap.c:Hashmap_get_node:205: TRY: 79
DEBUG: src/lcthw/hashmap.c:Hashmap_get_node:205: TRY: 80
DEBUG: src/lcthw/hashmap.c:Hashmap_get_node:205: TRY: 81
DEBUG: src/lcthw/hashmap.c:Hashmap_get_node:205: TRY: 82
DEBUG: src/lcthw/hashmap.c:Hashmap_get_node:205: TRY: 83
DEBUG: src/lcthw/hashmap.c:Hashmap_get_node:205: TRY: 84
DEBUG: src/lcthw/hashmap.c:Hashmap_get_node:205: TRY: 85
DEBUG: src/lcthw/hashmap.c:Hashmap_get_node:205: TRY: 86
DEBUG: src/lcthw/hashmap.c:Hashmap_get_node:205: TRY: 0
DEBUG: src/lcthw/hashmap.c:Hashmap_get_node:205: TRY: 1
DEBUG: src/lcthw/hashmap.c:Hashmap_get_node:205: TRY: 2
DEBUG: src/lcthw/hashmap.c:Hashmap_get_node:205: TRY: 3
DEBUG: src/lcthw/hashmap.c:Hashmap_get_node:205: TRY: 4
DEBUG: src/lcthw/hashmap.c:Hashmap_get_node:205: TRY: 5
DEBUG: src/lcthw/hashmap.c:Hashmap_get_node:205: TRY: 6
DEBUG: src/lcthw/hashmap.c:Hashmap_get_node:205: TRY: 7
DEBUG: src/lcthw/hashmap.c:Hashmap_get_node:205: TRY: 8
DEBUG: src/lcthw/hashmap.c:Hashmap_get_node:205: TRY: 9
DEBUG: src/lcthw/hashmap.c:Hashmap_get_node:205: TRY: 10
DEBUG: src/lcthw/hashmap.c:Hashmap_get_node:205: TRY: 11
DEBUG: src/lcthw/hashmap.c:Hashmap_get_node:205: TRY: 12
DEBUG: src/lcthw/hashmap.c:Hashmap_get_node:205: TRY: 13
DEBUG: src/lcthw/hashmap.c:Hashmap_get_node:205: TRY: 14
DEBUG: src/lcthw/hashmap.c:Hashmap_get_node:205: TRY: 15
DEBUG: src/lcthw/hashmap.c:Hashmap_get_node:205: TRY: 16
DEBUG: src/lcthw/hashmap.c:Hashmap_get_node:205: TRY: 17
DEBUG: src/lcthw/hashmap.c:Hashmap_get_node:205: TRY: 18
DEBUG: src/lcthw/hashmap.c:Hashmap_get_node:205: TRY: 19
DEBUG: src/lcthw/hashmap.c:Hashmap_get_node:205: TRY: 20
DEBUG: src/lcthw/hashmap.c:Hashmap_get_node:205: TRY: 21
DEBUG: src/lcthw/hashmap.c:Hashmap_get_node:205: TRY: 22
DEBUG: src/lcthw/hashmap.c:Hashmap_get_node:205: TRY: 23
DEBUG: src/lcthw/hashmap.c:Hashmap_get_node:205: TRY: 24
DEBUG: src/lcthw/hashmap.c:Hashmap_get_node:205: TRY: 25
DEBUG: src/lcthw/hashmap.c:Hashmap_get_node:205: TRY: 26
DEBUG: src/lcthw/hashmap.c:Hashmap_get_node:205: TRY: 27
DEBUG: src/lcthw/hashmap.c:Hashmap_get_node:205: TRY: 28
DEBUG: src/lcthw/hashmap.c:Hashmap_get_node:205: TRY: 29
DEBUG: src/lcthw/hashmap.c:Hashmap_get_node:205: TRY: 30
DEBUG: src/lcthw/hashmap.c:Hashmap_get_node:205: TRY: 31
DEBUG: src/lcthw/hashmap.c:Hashmap_get_node:205: TRY: 32
DEBUG: src/lcthw/hashmap.c:Hashmap_get_node:205: TRY: 33
DEBUG: src/lcthw/hashmap.c:Hashmap_get_node:205: TRY: 34
DEBUG: src/lcthw/hashmap.c:Hashmap_get_node:205: TRY: 35
DEBUG: src/lcthw/hashmap.c:Hashmap_get_node:205: TRY: 36
DEBUG: src/lcthw/hashmap.c:Hashmap_get_node:205: TRY: 37
DEBUG: src/lcthw/hashmap.c:Hashmap_get_node:205: TRY: 38
DEBUG: src/lcthw/hashmap.c:Hashmap_get_node:205: TRY: 39
DEBUG: src/lcthw/hashmap.c:Hashmap_get_node:205: TRY: 40
DEBUG: src/lcthw/hashmap.c:Hashmap_get_node:205: TRY: 41
DEBUG: src/lcthw/hashmap.c:Hashmap_get_node:205: TRY: 42
DEBUG: src/lcthw/hashmap.c:Hashmap_get_node:205: TRY: 43
DEBUG: src/lcthw/hashmap.c:Hashmap_get_node:205: TRY: 44
DEBUG: src/lcthw/hashmap.c:Hashmap_get_node:205: TRY: 45
DEBUG: src/lcthw/hashmap.c:Hashmap_get_node:205: TRY: 46
DEBUG: src/lcthw/hashmap.c:Hashmap_get_node:205: TRY: 47
DEBUG: src/lcthw/hashmap.c:Hashmap_get_node:205: TRY: 48
DEBUG: src/lcthw/hashmap.c:Hashmap_get_node:205: TRY: 49
DEBUG: src/lcthw/hashmap.c:Hashmap_get_node:205: TRY: 50
DEBUG: src/lcthw/hashmap.c:Hashmap_get_node:205: TRY: 51
DEBUG: src/lcthw/hashmap.c:Hashmap_get_node:205: TRY: 52
DEBUG: src/lcthw/hashmap.c:Hashmap_get_node:205: TRY: 53
DEBUG: src/lcthw/hashmap.c:Hashmap_get_node:205: TRY: 54
DEBUG: src/lcthw/hashmap.c:Hashmap_get_node:205: TRY: 55
DEBUG: src/lcthw/hashmap.c:Hashmap_get_node:205: TRY: 56
DEBUG: src/lcthw/hashmap.c:Hashmap_get_node:205: TRY: 57
DEBUG: src/lcthw/hashmap.c:Hashmap_get_node:205: TRY: 58
DEBUG: src/lcthw/hashmap.c:Hashmap_get_node:205: TRY: 59
DEBUG: src/lcthw/hashmap.c:Hashmap_get_node:205: TRY: 60
DEBUG: src/lcthw/hashmap.c:Hashmap_get_node:205: TRY: 61
DEBUG: src/lcthw/hashmap.c:Hashmap_get_node:205: TRY: 62
DEBUG: src/lcthw/hashmap.c:Hashmap_get_node:205: TRY: 63
DEBUG: src/lcthw/hashmap.c:Hashmap_get_node:205: TRY: 64
DEBUG: src/lcthw/hashmap.c:Hashmap_get_node:205: TRY: 65
DEBUG: src/lcthw/hashmap.c:Hashmap_get_node:205: TRY: 66
DEBUG: src/lcthw/hashmap.c:Hashmap_get_node:205: TRY: 67
DEBUG: src/lcthw/hashmap.c:Hashmap_get_node:205: TRY: 68
DEBUG: src/lcthw/hashmap.c:Hashmap_get_node:205: TRY: 69
DEBUG: src/lcthw/hashmap.c:Hashmap_get_node:205: TRY: 70
DEBUG: src/lcthw/hashmap.c:Hashmap_get_node:205: TRY: 71
DEBUG: src/lcthw/hashmap.c:Hashmap_get_node:205: TRY: 72
DEBUG: src/lcthw/hashmap.c:Hashmap_get_node:205: TRY: 73
DEBUG: src/lcthw/hashmap.c:Hashmap_get_node:205: TRY: 74
DEBUG: src/lcthw/hashmap.c:Hashmap_get_node:205: TRY: 75
DEBUG: src/lcthw/hashmap.c:Hashmap_get_node:205: TRY: 76
DEBUG: src/lcthw/hashmap.c:Hashmap_get_node:205: TRY: 77
DEBUG: src/lcthw/hashmap.c:Hashmap_get_node:205: TRY: 78
DEBUG: src/lcthw/hashmap.c:Hashmap_get_node:205: TRY: 79
DEBUG: src/lcthw/hashmap.c:Hashmap_get_node:205: TRY: 80
DEBUG: src/lcthw/hashmap.c:Hashmap_get_node:205: TRY: 81
DEBUG: src/lcthw/hashmap.c:Hashmap_get_node:205: TRY: 82
DEBUG: src/lcthw/hashmap.c:Hashmap_get_node:205: TRY: 83
DEBUG: src/lcthw/hashmap.c:Hashmap_get_node:205: TRY: 84
DEBUG: src/lcthw/hashmap.c:Hashmap_get_node:205: TRY: 85
DEBUG: src/lcthw/hashmap.c:Hashmap_get_node:205: TRY: 86
DEBUG: src/lcthw/hashmap.c:Hashmap_get_node:205: TRY: 87
DEBUG: src/lcthw/hashmap.c:Hashmap_get_node:205: TRY: 88
DEBUG: src/lcthw/hashmap.c:Hashmap_get_node:205: TRY: 89
DEBUG: src/lcthw/hashmap.c:Hashmap_get_node:205: TRY: 90
DEBUG: src/lcthw/hashmap.c:Hashmap_get_node:205: TRY: 91
DEBUG: src/lcthw/hashmap.c:Hashmap_get_node:205: TRY: 92
DEBUG: src/lcthw/hashmap.c:Hashmap_get_node:205: TRY: 0
DEBUG: src/lcthw/hashmap.c:Hashmap_get_node:205: TRY: 1
DEBUG: src/lcthw/hashmap.c:Hashmap_get_node:205: TRY: 2
DEBUG: src/lcthw/hashmap.c:Hashmap_get_node:205: TRY: 3
DEBUG: src/lcthw/hashmap.c:Hashmap_get_node:205: TRY: 4
DEBUG: src/lcthw/hashmap.c:Hashmap_get_node:205: TRY: 5
DEBUG: src/lcthw/hashmap.c:Hashmap_get_node:205: TRY: 6
DEBUG: src/lcthw/hashmap.c:Hashmap_get_node:205: TRY: 7
DEBUG: src/lcthw/hashmap.c:Hashmap_get_node:205: TRY: 8
DEBUG: src/lcthw/hashmap.c:Hashmap_get_node:205: TRY: 9
DEBUG: src/lcthw/hashmap.c:Hashmap_get_node:205: TRY: 10
DEBUG: src/lcthw/hashmap.c:Hashmap_get_node:205: TRY: 11
DEBUG: src/lcthw/hashmap.c:Hashmap_get_node:205: TRY: 12
DEBUG: src/lcthw/hashmap.c:Hashmap_get_node:205: TRY: 13
DEBUG: src/lcthw/hashmap.c:Hashmap_get_node:205: TRY: 14
DEBUG: src/lcthw/hashmap.c:Hashmap_get_node:205: TRY: 15
DEBUG: src/lcthw/hashmap.c:Hashmap_get_node:205: TRY: 16
DEBUG: src/lcthw/hashmap.c:Hashmap_get_node:205: TRY: 17
DEBUG: src/lcthw/hashmap.c:Hashmap_get_node:205: TRY: 18
DEBUG: src/lcthw/hashmap.c:Hashmap_get_node:205: TRY: 19
DEBUG: src/lcthw/hashmap.c:Hashmap_get_node:205: TRY: 20
DEBUG: src/lcthw/hashmap.c:Hashmap_get_node:205: TRY: 21
DEBUG: src/lcthw/hashmap.c:Hashmap_get_node:205: TRY: 22
DEBUG: src/lcthw/hashmap.c:Hashmap_get_node:205: TRY: 23
DEBUG: src/lcthw/hashmap.c:Hashmap_get_node:205: TRY: 24
DEBUG: src/lcthw/hashmap.c:Hashmap_get_node:205: TRY: 25
DEBUG: src/lcthw/hashmap.c:Hashmap_get_node:205: TRY: 26
DEBUG: src/lcthw/hashmap.c:Hashmap_get_node:205: TRY: 27
DEBUG: src/lcthw/hashmap.c:Hashmap_get_node:205: TRY: 28
DEBUG: src/lcthw/hashmap.c:Hashmap_get_node:205: TRY: 29
DEBUG: src/lcthw/hashmap.c:Hashmap_get_node:205: TRY: 30
DEBUG: src/lcthw/hashmap.c:Hashmap_get_node:205: TRY: 31
DEBUG: src/lcthw/hashmap.c:Hashmap_get_node:205: TRY: 32
DEBUG: src/lcthw/hashmap.c:Hashmap_get_node:205: TRY: 33
DEBUG: src/lcthw/hashmap.c:Hashmap_get_node:205: TRY: 34
DEBUG: src/lcthw/hashmap.c:Hashmap_get_node:205: TRY: 35
DEBUG: src/lcthw/hashmap.c:Hashmap_get_node:205: TRY: 36
DEBUG: src/lcthw/hashmap.c:Hashmap_get_node:205: TRY: 37
DEBUG: src/lcthw/hashmap.c:Hashmap_get_node:205: TRY: 38
DEBUG: src/lcthw/hashmap.c:Hashmap_get_node:205: TRY: 39
DEBUG: src/lcthw/hashmap.c:Hashmap_get_node:205: TRY: 40
DEBUG: src/lcthw/hashmap.c:Hashmap_get_node:205: TRY: 41
DEBUG: src/lcthw/hashmap.c:Hashmap_get_node:205: TRY: 42
DEBUG: src/lcthw/hashmap.c:Hashmap_get_node:205: TRY: 43
DEBUG: src/lcthw/hashmap.c:Hashmap_get_node:205: TRY: 44
DEBUG: src/lcthw/hashmap.c:Hashmap_get_node:205: TRY: 45
DEBUG: src/lcthw/hashmap.c:Hashmap_get_node:205: TRY: 46
DEBUG: src/lcthw/hashmap.c:Hashmap_get_node:205: TRY: 47
DEBUG: src/lcthw/hashmap.c:Hashmap_get_node:205: TRY: 48
DEBUG: src/lcthw/hashmap.c:Hashmap_get_node:205: TRY: 49
DEBUG: src/lcthw/hashmap.c:Hashmap_get_node:205: TRY: 50
DEBUG: src/lcthw/hashmap.c:Hashmap_get_node:205: TRY: 51
DEBUG: src/lcthw/hashmap.c:Hashmap_get_node:205: TRY: 52
DEBUG: src/lcthw/hashmap.c:Hashmap_get_node:205: TRY: 53
DEBUG: src/lcthw/hashmap.c:Hashmap_get_node:205: TRY: 54
DEBUG: src/lcthw/hashmap.c:Hashmap_get_node:205: TRY: 55
DEBUG: src/lcthw/hashmap.c:Hashmap_get_node:205: TRY: 56
DEBUG: src/lcthw/hashmap.c:Hashmap_get_node:205: TRY: 57
DEBUG: src/lcthw/hashmap.c:Hashmap_get_node:205: TRY: 58
DEBUG: src/lcthw/hashmap.c:Hashmap_get_node:205: TRY: 59
DEBUG: src/lcthw/hashmap.c:Hashmap_get_node:205: TRY: 60
DEBUG: src/lcthw/hashmap.c:Hashmap_get_node:205: TRY: 61
DEBUG: src/lcthw/hashmap.c:Hashmap_get_node:205: TRY: 62
DEBUG: src/lcthw/hashmap.c:Hashmap_get_node:205: TRY: 63
DEBUG: src/lcthw/hashmap.c:Hashmap_get_node:205: TRY: 64
DEBUG: src/lcthw/hashmap.c:Hashmap_get_node:205: TRY: 65
DEBUG: src/lcthw/hashmap.c:Hashmap_get_node:205: TRY: 66
DEBUG: src/lcthw/hashmap.c:Hashmap_get_node:205: TRY: 67
DEBUG: src/lcthw/hashmap.c:Hashmap_get_node:205: TRY: 68
DEBUG: src/lcthw/hashmap.c:Hashmap_get_node:205: TRY: 69
DEBUG: src/lcthw/hashmap.c:Hashmap_get_node:205: TRY: 70
DEBUG: src/lcthw/hashmap.c:Hashmap_get_node:205: TRY: 71
DEBUG: src/lcthw/hashmap.c:Hashmap_get_node:205: TRY: 72
DEBUG: src/lcthw/hashmap.c:Hashmap_get_node:205: TRY: 73
DEBUG: src/lcthw/hashmap.c:Hashmap_get_node:205: TRY: 74
DEBUG: src/lcthw/hashmap.c:Hashmap_get_node:205: TRY: 75
DEBUG: src/lcthw/hashmap.c:Hashmap_get_node:205: TRY: 76
DEBUG: src/lcthw/hashmap.c:Hashmap_get_node:205: TRY: 77
DEBUG: src/lcthw/hashmap.c:Hashmap_get_node:205: TRY: 78
DEBUG: src/lcthw/hashmap.c:Hashmap_get_node:205: TRY: 79
DEBUG: src/lcthw/hashmap.c:Hashmap_get_node:205: TRY: 80
DEBUG: src/lcthw/hashmap.c:Hashmap_get_node:205: TRY: 81
DEBUG: src/lcthw/hashmap.c:Hashmap_get_node:205: TRY: 82
DEBUG: src/lcthw/hashmap.c:Hashmap_get_node:205: TRY: 83
DEBUG: src/lcthw/hashmap.c:Hashmap_get_node:205: TRY: 84
DEBUG: src/lcthw/hashmap.c:Hashmap_get_node:205: TRY: 85
DEBUG: src/lcthw/hashmap.c:Hashmap_get_node:205: TRY: 86
DEBUG: src/lcthw/hashmap.c:Hashmap_get_node:205: TRY: 87
DEBUG: src/lcthw/hashmap.c:Hashmap_get_node:205: TRY: 88
DEBUG: src/lcthw/hashmap.c:Hashmap_get_node:205: TRY: 89
DEBUG: src/lcthw/hashmap.c:Hashmap_get_node:205: TRY: 90
DEBUG: src/lcthw/hashmap.c:Hashmap_get_node:205: TRY: 91
DEBUG: src/lcthw/hashmap.c:Hashmap_get_node:205: TRY: 92
DEBUG: src/lcthw/hashmap.c:Hashmap_get_node:205: TRY: 93
DEBUG: src/lcthw/hashmap.c:Hashmap_get_node:205: TRY: 94
DEBUG: src/lcthw/hashmap.c:Hashmap_get_node:205: TRY: 95
DEBUG: src/lcthw/hashmap.c:Hashmap_get_node:205: TRY: 96
DEBUG: src/lcthw/hashmap.c:Hashmap_get_node:205: TRY: 97
DEBUG: src/lcthw/hashmap.c:Hashmap_get_node:205: TRY: 98
DEBUG: src/lcthw/hashmap.c:Hashmap_get_node:205: TRY: 99
DEBUG: src/lcthw/hashmap.c:Hashmap_get_node:205: TRY: 100
DEBUG: src/lcthw/hashmap.c:Hashmap_get_node:205: TRY: 101
DEBUG: src/lcthw/hashmap.c:Hashmap_get_node:205: TRY: 102
DEBUG: src/lcthw/hashmap.c:Hashmap_get_node:205: TRY: 103
DEBUG: src/lcthw/hashmap.c:Hashmap_get_node:205: TRY: 104
DEBUG: src/lcthw/hashmap.c:Hashmap_get_node:205: TRY: 105
DEBUG: src/lcthw/hashmap.c:Hashmap_get_node:205: TRY: 106
DEBUG: src/lcthw/hashmap.c:Hashmap_get_node:205: TRY: 107
DEBUG: src/lcthw/hashmap.c:Hashmap_get_node:205: TRY: 108
DEBUG: src/lcthw/hashmap.c:Hashmap_get_node:205: TRY: 109
DEBUG: src/lcthw/hashmap.c:Hashmap_get_node:205: TRY: 110
DEBUG: src/lcthw/hashmap.c:Hashmap_get_node:205: TRY: 111
DEBUG: src/lcthw/hashmap.c:Hashmap_get_node:205: TRY: 112
DEBUG: src/lcthw/hashmap.c:Hashmap_get_node:205: TRY: 113
DEBUG: src/lcthw/hashmap.c:Hashmap_get_node:205: TRY: 114
DEBUG: src/lcthw/hashmap.c:Hashmap_get_node:205: TRY: 115
DEBUG: src/lcthw/hashmap.c:Hashmap_get_node:205: TRY: 116
DEBUG: src/lcthw/hashmap.c:Hashmap_get_node:205: TRY: 0
DEBUG: src/lcthw/hashmap.c:Hashmap_get_node:205: TRY: 1
DEBUG: src/lcthw/hashmap.c:Hashmap_get_node:205: TRY: 2
DEBUG: src/lcthw/hashmap.c:Hashmap_get_node:205: TRY: 3
DEBUG: src/lcthw/hashmap.c:Hashmap_get_node:205: TRY: 4
DEBUG: src/lcthw/hashmap.c:Hashmap_get_node:205: TRY: 5
DEBUG: src/lcthw/hashmap.c:Hashmap_get_node:205: TRY: 6
DEBUG: src/lcthw/hashmap.c:Hashmap_get_node:205: TRY: 7
DEBUG: src/lcthw/hashmap.c:Hashmap_get_node:205: TRY: 8
DEBUG: src/lcthw/hashmap.c:Hashmap_get_node:205: TRY: 9
DEBUG: src/lcthw/hashmap.c:Hashmap_get_node:205: TRY: 10
DEBUG: src/lcthw/hashmap.c:Hashmap_get_node:205: TRY: 11
DEBUG: src/lcthw/hashmap.c:Hashmap_get_node:205: TRY: 12
DEBUG: src/lcthw/hashmap.c:Hashmap_get_node:205: TRY: 13
DEBUG: src/lcthw/hashmap.c:Hashmap_get_node:205: TRY: 14
DEBUG: src/lcthw/hashmap.c:Hashmap_get_node:205: TRY: 15
DEBUG: src/lcthw/hashmap.c:Hashmap_get_node:205: TRY: 16
DEBUG: src/lcthw/hashmap.c:Hashmap_get_node:205: TRY: 17
DEBUG: src/lcthw/hashmap.c:Hashmap_get_node:205: TRY: 18
DEBUG: src/lcthw/hashmap.c:Hashmap_get_node:205: TRY: 19
DEBUG: src/lcthw/hashmap.c:Hashmap_get_node:205: TRY: 20
DEBUG: src/lcthw/hashmap.c:Hashmap_get_node:205: TRY: 21
DEBUG: src/lcthw/hashmap.c:Hashmap_get_node:205: TRY: 22
DEBUG: src/lcthw/hashmap.c:Hashmap_get_node:205: TRY: 23
DEBUG: src/lcthw/hashmap.c:Hashmap_get_node:205: TRY: 24
DEBUG: src/lcthw/hashmap.c:Hashmap_get_node:205: TRY: 25
DEBUG: src/lcthw/hashmap.c:Hashmap_get_node:205: TRY: 26
DEBUG: src/lcthw/hashmap.c:Hashmap_get_node:205: TRY: 27
DEBUG: src/lcthw/hashmap.c:Hashmap_get_node:205: TRY: 28
DEBUG: src/lcthw/hashmap.c:Hashmap_get_node:205: TRY: 29
DEBUG: src/lcthw/hashmap.c:Hashmap_get_node:205: TRY: 30
DEBUG: src/lcthw/hashmap.c:Hashmap_get_node:205: TRY: 31
DEBUG: src/lcthw/hashmap.c:Hashmap_get_node:205: TRY: 32
DEBUG: src/lcthw/hashmap.c:Hashmap_get_node:205: TRY: 33
DEBUG: src/lcthw/hashmap.c:Hashmap_get_node:205: TRY: 34
DEBUG: src/lcthw/hashmap.c:Hashmap_get_node:205: TRY: 35
DEBUG: src/lcthw/hashmap.c:Hashmap_get_node:205: TRY: 36
DEBUG: src/lcthw/hashmap.c:Hashmap_get_node:205: TRY: 37
DEBUG: src/lcthw/hashmap.c:Hashmap_get_node:205: TRY: 38
DEBUG: src/lcthw/hashmap.c:Hashmap_get_node:205: TRY: 39
DEBUG: src/lcthw/hashmap.c:Hashmap_get_node:205: TRY: 40
DEBUG: src/lcthw/hashmap.c:Hashmap_get_node:205: TRY: 41
DEBUG: src/lcthw/hashmap.c:Hashmap_get_node:205: TRY: 42
DEBUG: src/lcthw/hashmap.c:Hashmap_get_node:205: TRY: 43
DEBUG: src/lcthw/hashmap.c:Hashmap_get_node:205: TRY: 44
DEBUG: src/lcthw/hashmap.c:Hashmap_get_node:205: TRY: 45
DEBUG: src/lcthw/hashmap.c:Hashmap_get_node:205: TRY: 46
DEBUG: src/lcthw/hashmap.c:Hashmap_get_node:205: TRY: 47
DEBUG: src/lcthw/hashmap.c:Hashmap_get_node:205: TRY: 48
DEBUG: src/lcthw/hashmap.c:Hashmap_get_node:205: TRY: 49
DEBUG: src/lcthw/hashmap.c:Hashmap_get_node:205: TRY: 50
DEBUG: src/lcthw/hashmap.c:Hashmap_get_node:205: TRY: 51
DEBUG: src/lcthw/hashmap.c:Hashmap_get_node:205: TRY: 52
DEBUG: src/lcthw/hashmap.c:Hashmap_get_node:205: TRY: 53
DEBUG: src/lcthw/hashmap.c:Hashmap_get_node:205: TRY: 54
DEBUG: src/lcthw/hashmap.c:Hashmap_get_node:205: TRY: 55
DEBUG: src/lcthw/hashmap.c:Hashmap_get_node:205: TRY: 56
DEBUG: src/lcthw/hashmap.c:Hashmap_get_node:205: TRY: 57
DEBUG: src/lcthw/hashmap.c:Hashmap_get_node:205: TRY: 58
DEBUG: src/lcthw/hashmap.c:Hashmap_get_node:205: TRY: 59
DEBUG: src/lcthw/hashmap.c:Hashmap_get_node:205: TRY: 60
DEBUG: src/lcthw/hashmap.c:Hashmap_get_node:205: TRY: 61
DEBUG: src/lcthw/hashmap.c:Hashmap_get_node:205: TRY: 62
DEBUG: src/lcthw/hashmap.c:Hashmap_get_node:205: TRY: 63
DEBUG: src/lcthw/hashmap.c:Hashmap_get_node:205: TRY: 64
DEBUG: src/lcthw/hashmap.c:Hashmap_get_node:205: TRY: 65
DEBUG: src/lcthw/hashmap.c:Hashmap_get_node:205: TRY: 66
DEBUG: src/lcthw/hashmap.c:Hashmap_get_node:205: TRY: 67
DEBUG: src/lcthw/hashmap.c:Hashmap_get_node:205: TRY: 68
DEBUG: src/lcthw/hashmap.c:Hashmap_get_node:205: TRY: 69
DEBUG: src/lcthw/hashmap.c:Hashmap_get_node:205: TRY: 70
DEBUG: src/lcthw/hashmap.c:Hashmap_get_node:205: TRY: 71
DEBUG: src/lcthw/hashmap.c:Hashmap_get_node:205: TRY: 72
DEBUG: src/lcthw/hashmap.c:Hashmap_get_node:205: TRY: 73
DEBUG: src/lcthw/hashmap.c:Hashmap_get_node:205: TRY: 74
DEBUG: src/lcthw/hashmap.c:Hashmap_get_node:205: TRY: 75
DEBUG: src/lcthw/hashmap.c:Hashmap_get_node:205: TRY: 76
DEBUG: src/lcthw/hashmap.c:Hashmap_get_node:205: TRY: 77
DEBUG: src/lcthw/hashmap.c:Hashmap_get_node:205: TRY: 78
DEBUG: src/lcthw/hashmap.c:Hashmap_get_node:205: TRY: 79
DEBUG: src/lcthw/hashmap.c:Hashmap_get_node:205: TRY: 80
DEBUG: src/lcthw/hashmap.c:Hashmap_get_node:205: TRY: 81
DEBUG: src/lcthw/hashmap.c:Hashmap_get_node:205: TRY: 82
DEBUG: src/lcthw/hashmap.c:Hashmap_get_node:205: TRY: 83
DEBUG: src/lcthw/hashmap.c:Hashmap_get_node:205: TRY: 84
DEBUG: src/lcthw/hashmap.c:Hashmap_get_node:205: TRY: 85
DEBUG: src/lcthw/hashmap.c:Hashmap_get_node:205: TRY: 86
DEBUG: src/lcthw/hashmap.c:Hashmap_get_node:205: TRY: 87
DEBUG: src/lcthw/hashmap.c:Hashmap_get_node:205: TRY: 88
DEBUG: src/lcthw/hashmap.c:Hashmap_get_node:205: TRY: 89
DEBUG: src/lcthw/hashmap.c:Hashmap_get_node:205: TRY: 90
DEBUG: src/lcthw/hashmap.c:Hashmap_get_node:205: TRY: 91
DEBUG: src/lcthw/hashmap.c:Hashmap_get_node:205: TRY: 0
DEBUG: src/lcthw/hashmap.c:Hashmap_get_node:205: TRY: 1
DEBUG: src/lcthw/hashmap.c:Hashmap_get_node:205: TRY: 2
DEBUG: src/lcthw/hashmap.c:Hashmap_get_node:205: TRY: 3
DEBUG: src/lcthw/hashmap.c:Hashmap_get_node:205: TRY: 4
DEBUG: src/lcthw/hashmap.c:Hashmap_get_node:205: TRY: 5
DEBUG: src/lcthw/hashmap.c:Hashmap_get_node:205: TRY: 6
DEBUG: src/lcthw/hashmap.c:Hashmap_get_node:205: TRY: 7
DEBUG: src/lcthw/hashmap.c:Hashmap_get_node:205: TRY: 8
DEBUG: src/lcthw/hashmap.c:Hashmap_get_node:205: TRY: 9
DEBUG: src/lcthw/hashmap.c:Hashmap_get_node:205: TRY: 10
DEBUG: src/lcthw/hashmap.c:Hashmap_get_node:205: TRY: 11
DEBUG: src/lcthw/hashmap.c:Hashmap_get_node:205: TRY: 12
DEBUG: src/lcthw/hashmap.c:Hashmap_get_node:205: TRY: 13
DEBUG: src/lcthw/hashmap.c:Hashmap_get_node:205: TRY: 14
DEBUG: src/lcthw/hashmap.c:Hashmap_get_node:205: TRY: 15
DEBUG: src/lcthw/hashmap.c:Hashmap_get_node:205: TRY: 16
DEBUG: src/lcthw/hashmap.c:Hashmap_get_node:205: TRY: 17
DEBUG: src/lcthw/hashmap.c:Hashmap_get_node:205: TRY: 18
DEBUG: src/lcthw/hashmap.c:Hashmap_get_node:205: TRY: 19
DEBUG: src/lcthw/hashmap.c:Hashmap_get_node:205: TRY: 20
DEBUG: src/lcthw/hashmap.c:Hashmap_get_node:205: TRY: 21
DEBUG: src/lcthw/hashmap.c:Hashmap_get_node:205: TRY: 22
DEBUG: src/lcthw/hashmap.c:Hashmap_get_node:205: TRY: 23
DEBUG: src/lcthw/hashmap.c:Hashmap_get_node:205: TRY: 24
DEBUG: src/lcthw/hashmap.c:Hashmap_get_node:205: TRY: 25
DEBUG: src/lcthw/hashmap.c:Hashmap_get_node:205: TRY: 26
DEBUG: src/lcthw/hashmap.c:Hashmap_get_node:205: TRY: 27
DEBUG: src/lcthw/hashmap.c:Hashmap_get_node:205: TRY: 28
DEBUG: src/lcthw/hashmap.c:Hashmap_get_node:205: TRY: 29
DEBUG: src/lcthw/hashmap.c:Hashmap_get_node:205: TRY: 30
DEBUG: src/lcthw/hashmap.c:Hashmap_get_node:205: TRY: 31
DEBUG: src/lcthw/hashmap.c:Hashmap_get_node:205: TRY: 32
DEBUG: src/lcthw/hashmap.c:Hashmap_get_node:205: TRY: 33
DEBUG: src/lcthw/hashmap.c:Hashmap_get_node:205: TRY: 34
DEBUG: src/lcthw/hashmap.c:Hashmap_get_node:205: TRY: 35
DEBUG: src/lcthw/hashmap.c:Hashmap_get_node:205: TRY: 36
DEBUG: src/lcthw/hashmap.c:Hashmap_get_node:205: TRY: 37
DEBUG: src/lcthw/hashmap.c:Hashmap_get_node:205: TRY: 38
DEBUG: src/lcthw/hashmap.c:Hashmap_get_node:205: TRY: 39
DEBUG: src/lcthw/hashmap.c:Hashmap_get_node:205: TRY: 40
DEBUG: src/lcthw/hashmap.c:Hashmap_get_node:205: TRY: 41
DEBUG: src/lcthw/hashmap.c:Hashmap_get_node:205: TRY: 42
DEBUG: src/lcthw/hashmap.c:Hashmap_get_node:205: TRY: 43
DEBUG: src/lcthw/hashmap.c:Hashmap_get_node:205: TRY: 44
DEBUG: src/lcthw/hashmap.c:Hashmap_get_node:205: TRY: 45
DEBUG: src/lcthw/hashmap.c:Hashmap_get_node:205: TRY: 46
DEBUG: src/lcthw/hashmap.c:Hashmap_get_node:205: TRY: 47
DEBUG: src/lcthw/hashmap.c:Hashmap_get_node:205: TRY: 48
DEBUG: src/lcthw/hashmap.c:Hashmap_get_node:205: TRY: 49
DEBUG: src/lcthw/hashmap.c:Hashmap_get_node:205: TRY: 50
DEBUG: src/lcthw/hashmap.c:Hashmap_get_node:205: TRY: 51
DEBUG: src/lcthw/hashmap.c:Hashmap_get_node:205: TRY: 52
DEBUG: src/lcthw/hashmap.c:Hashmap_get_node:205: TRY: 53
DEBUG: src/lcthw/hashmap.c:Hashmap_get_node:205: TRY: 54
DEBUG: src/lcthw/hashmap.c:Hashmap_get_node:205: TRY: 55
DEBUG: src/lcthw/hashmap.c:Hashmap_get_node:205: TRY: 56
DEBUG: src/lcthw/hashmap.c:Hashmap_get_node:205: TRY: 57
DEBUG: src/lcthw/hashmap.c:Hashmap_get_node:205: TRY: 58
DEBUG: src/lcthw/hashmap.c:Hashmap_get_node:205: TRY: 59
DEBUG: src/lcthw/hashmap.c:Hashmap_get_node:205: TRY: 60
DEBUG: src/lcthw/hashmap.c:Hashmap_get_node:205: TRY: 61
DEBUG: src/lcthw/hashmap.c:Hashmap_get_node:205: TRY: 62
DEBUG: src/lcthw/hashmap.c:Hashmap_get_node:205: TRY: 63
DEBUG: src/lcthw/hashmap.c:Hashmap_get_node:205: TRY: 64
DEBUG: src/lcthw/hashmap.c:Hashmap_get_node:205: TRY: 65
DEBUG: src/lcthw/hashmap.c:Hashmap_get_node:205: TRY: 66
DEBUG: src/lcthw/hashmap.c:Hashmap_get_node:205: TRY: 67
DEBUG: src/lcthw/hashmap.c:Hashmap_get_node:205: TRY: 68
DEBUG: src/lcthw/hashmap.c:Hashmap_get_node:205: TRY: 69
DEBUG: src/lcthw/hashmap.c:Hashmap_get_node:205: TRY: 70
DEBUG: src/lcthw/hashmap.c:Hashmap_get_node:205: TRY: 71
DEBUG: src/lcthw/hashmap.c:Hashmap_get_node:205: TRY: 72
DEBUG: src/lcthw/hashmap.c:Hashmap_get_node:205: TRY: 73
DEBUG: src/lcthw/hashmap.c:Hashmap_get_node:205: TRY: 74
DEBUG: src/lcthw/hashmap.c:Hashmap_get_node:205: TRY: 75
DEBUG: src/lcthw/hashmap.c:Hashmap_get_node:205: TRY: 76
DEBUG: src/lcthw/hashmap.c:Hashmap_get_node:205: TRY: 77
DEBUG: src/lcthw/hashmap.c:Hashmap_get_node:205: TRY: 78
DEBUG: src/lcthw/hashmap.c:Hashmap_get_node:205: TRY: 79
DEBUG: src/lcthw/hashmap.c:Hashmap_get_node:205: TRY: 80
DEBUG: src/lcthw/hashmap.c:Hashmap_get_node:205: TRY: 81
DEBUG: src/lcthw/hashmap.c:Hashmap_get_node:205: TRY: 82
DEBUG: src/lcthw/hashmap.c:Hashmap_get_node:205: TRY: 83
DEBUG: src/lcthw/hashmap.c:Hashmap_get_node:205: TRY: 0
DEBUG: src/lcthw/hashmap.c:Hashmap_get_node:205: TRY: 1
DEBUG: src/lcthw/hashmap.c:Hashmap_get_node:205: TRY: 2
DEBUG: src/lcthw/hashmap.c:Hashmap_get_node:205: TRY: 3
DEBUG: src/lcthw/hashmap.c:Hashmap_get_node:205: TRY: 4
DEBUG: src/lcthw/hashmap.c:Hashmap_get_node:205: TRY: 5
DEBUG: src/lcthw/hashmap.c:Hashmap_get_node:205: TRY: 6
DEBUG: src/lcthw/hashmap.c:Hashmap_get_node:205: TRY: 7
DEBUG: src/lcthw/hashmap.c:Hashmap_get_node:205: TRY: 8
DEBUG: src/lcthw/hashmap.c:Hashmap_get_node:205: TRY: 9
DEBUG: src/lcthw/hashmap.c:Hashmap_get_node:205: TRY: 10
DEBUG: src/lcthw/hashmap.c:Hashmap_get_node:205: TRY: 11
DEBUG: src/lcthw/hashmap.c:Hashmap_get_node:205: TRY: 12
DEBUG: src/lcthw/hashmap.c:Hashmap_get_node:205: TRY: 13
DEBUG: src/lcthw/hashmap.c:Hashmap_get_node:205: TRY: 14
DEBUG: src/lcthw/hashmap.c:Hashmap_get_node:205: TRY: 15
DEBUG: src/lcthw/hashmap.c:Hashmap_get_node:205: TRY: 16
DEBUG: src/lcthw/hashmap.c:Hashmap_get_node:205: TRY: 17
DEBUG: src/lcthw/hashmap.c:Hashmap_get_node:205: TRY: 18
DEBUG: src/lcthw/hashmap.c:Hashmap_get_node:205: TRY: 19
DEBUG: src/lcthw/hashmap.c:Hashmap_get_node:205: TRY: 20
DEBUG: src/lcthw/hashmap.c:Hashmap_get_node:205: TRY: 21
DEBUG: src/lcthw/hashmap.c:Hashmap_get_node:205: TRY: 22
DEBUG: src/lcthw/hashmap.c:Hashmap_get_node:205: TRY: 23
DEBUG: src/lcthw/hashmap.c:Hashmap_get_node:205: TRY: 24
DEBUG: src/lcthw/hashmap.c:Hashmap_get_node:205: TRY: 25
DEBUG: src/lcthw/hashmap.c:Hashmap_get_node:205: TRY: 26
DEBUG: src/lcthw/hashmap.c:Hashmap_get_node:205: TRY: 27
DEBUG: src/lcthw/hashmap.c:Hashmap_get_node:205: TRY: 28
DEBUG: src/lcthw/hashmap.c:Hashmap_get_node:205: TRY: 29
DEBUG: src/lcthw/hashmap.c:Hashmap_get_node:205: TRY: 30
DEBUG: src/lcthw/hashmap.c:Hashmap_get_node:205: TRY: 31
DEBUG: src/lcthw/hashmap.c:Hashmap_get_node:205: TRY: 32
DEBUG: src/lcthw/hashmap.c:Hashmap_get_node:205: TRY: 33
DEBUG: src/lcthw/hashmap.c:Hashmap_get_node:205: TRY: 34
DEBUG: src/lcthw/hashmap.c:Hashmap_get_node:205: TRY: 35
DEBUG: src/lcthw/hashmap.c:Hashmap_get_node:205: TRY: 36
DEBUG: src/lcthw/hashmap.c:Hashmap_get_node:205: TRY: 37
DEBUG: src/lcthw/hashmap.c:Hashmap_get_node:205: TRY: 38
DEBUG: src/lcthw/hashmap.c:Hashmap_get_node:205: TRY: 39
DEBUG: src/lcthw/hashmap.c:Hashmap_get_node:205: TRY: 40
DEBUG: src/lcthw/hashmap.c:Hashmap_get_node:205: TRY: 41
DEBUG: src/lcthw/hashmap.c:Hashmap_get_node:205: TRY: 42
DEBUG: src/lcthw/hashmap.c:Hashmap_get_node:205: TRY: 43
DEBUG: src/lcthw/hashmap.c:Hashmap_get_node:205: TRY: 44
DEBUG: src/lcthw/hashmap.c:Hashmap_get_node:205: TRY: 45
DEBUG: src/lcthw/hashmap.c:Hashmap_get_node:205: TRY: 46
DEBUG: src/lcthw/hashmap.c:Hashmap_get_node:205: TRY: 47
DEBUG: src/lcthw/hashmap.c:Hashmap_get_node:205: TRY: 48
DEBUG: src/lcthw/hashmap.c:Hashmap_get_node:205: TRY: 49
DEBUG: src/lcthw/hashmap.c:Hashmap_get_node:205: TRY: 50
DEBUG: src/lcthw/hashmap.c:Hashmap_get_node:205: TRY: 51
DEBUG: src/lcthw/hashmap.c:Hashmap_get_node:205: TRY: 52
DEBUG: src/lcthw/hashmap.c:Hashmap_get_node:205: TRY: 53
DEBUG: src/lcthw/hashmap.c:Hashmap_get_node:205: TRY: 54
DEBUG: src/lcthw/hashmap.c:Hashmap_get_node:205: TRY: 55
DEBUG: src/lcthw/hashmap.c:Hashmap_get_node:205: TRY: 56
DEBUG: src/lcthw/hashmap.c:Hashmap_get_node:205: TRY: 57
DEBUG: src/lcthw/hashmap.c:Hashmap_get_node:205: TRY: 58
DEBUG: src/lcthw/hashmap.c:Hashmap_get_node:205: TRY: 59
DEBUG: src/lcthw/hashmap.c:Hashmap_get_node:205: TRY: 60
DEBUG: src/lcthw/hashmap.c:Hashmap_get_node:205: TRY: 61
DEBUG: src/lcthw/hashmap.c:Hashmap_get_node:205: TRY: 62
DEBUG: src/lcthw/hashmap.c:Hashmap_get_node:205: TRY: 63
DEBUG: src/lcthw/hashmap.c:Hashmap_get_node:205: TRY: 64
DEBUG: src/lcthw/hashmap.c:Hashmap_get_node:205: TRY: 65
DEBUG: src/lcthw/hashmap.c:Hashmap_get_node:205: TRY: 66
DEBUG: src/lcthw/hashmap.c:Hashmap_get_node:205: TRY: 67
DEBUG: src/lcthw/hashmap.c:Hashmap_get_node:205: TRY: 68
DEBUG: src/lcthw/hashmap.c:Hashmap_get_node:205: TRY: 69
DEBUG: src/lcthw/hashmap.c:Hashmap_get_node:205: TRY: 70
DEBUG: src/lcthw/hashmap.c:Hashmap_get_node:205: TRY: 71
DEBUG: src/lcthw/hashmap.c:Hashmap_get_node:205: TRY: 72
DEBUG: src/lcthw/hashmap.c:Hashmap_get_node:205: TRY: 73
DEBUG: src/lcthw/hashmap.c:Hashmap_get_node:205: TRY: 74
DEBUG: src/lcthw/hashmap.c:Hashmap_get_node:205: TRY: 75
DEBUG: src/lcthw/hashmap.c:Hashmap_get_node:205: TRY: 76
DEBUG: src/lcthw/hashmap.c:Hashmap_get_node:205: TRY: 77
DEBUG: src/lcthw/hashmap.c:Hashmap_get_node:205: TRY: 78
DEBUG: src/lcthw/hashmap.c:Hashmap_get_node:205: TRY: 79
DEBUG: src/lcthw/hashmap.c:Hashmap_get_node:205: TRY: 80
DEBUG: src/lcthw/hashmap.c:Hashmap_get_node:205: TRY: 81
DEBUG: src/lcthw/hashmap.c:Hashmap_get_node:205: TRY: 82
DEBUG: src/lcthw/hashmap.c:Hashmap_get_node:205: TRY: 83
DEBUG: src/lcthw/hashmap.c:Hashmap_get_node:205: TRY: 84
DEBUG: src/lcthw/hashmap.c:Hashmap_get_node:205: TRY: 85
DEBUG: src/lcthw/hashmap.c:Hashmap_get_node:205: TRY: 86
DEBUG: src/lcthw/hashmap.c:Hashmap_get_node:205: TRY: 87
DEBUG: src/lcthw/hashmap.c:Hashmap_get_node:205: TRY: 0
DEBUG: src/lcthw/hashmap.c:Hashmap_get_node:205: TRY: 1
DEBUG: src/lcthw/hashmap.c:Hashmap_get_node:205: TRY: 2
DEBUG: src/lcthw/hashmap.c:Hashmap_get_node:205: TRY: 3
DEBUG: src/lcthw/hashmap.c:Hashmap_get_node:205: TRY: 4
DEBUG: src/lcthw/hashmap.c:Hashmap_get_node:205: TRY: 5
DEBUG: src/lcthw/hashmap.c:Hashmap_get_node:205: TRY: 6
DEBUG: src/lcthw/hashmap.c:Hashmap_get_node:205: TRY: 7
DEBUG: src/lcthw/hashmap.c:Hashmap_get_node:205: TRY: 8
DEBUG: src/lcthw/hashmap.c:Hashmap_get_node:205: TRY: 9
DEBUG: src/lcthw/hashmap.c:Hashmap_get_node:205: TRY: 10
DEBUG: src/lcthw/hashmap.c:Hashmap_get_node:205: TRY: 11
DEBUG: src/lcthw/hashmap.c:Hashmap_get_node:205: TRY: 12
DEBUG: src/lcthw/hashmap.c:Hashmap_get_node:205: TRY: 13
DEBUG: src/lcthw/hashmap.c:Hashmap_get_node:205: TRY: 14
DEBUG: src/lcthw/hashmap.c:Hashmap_get_node:205: TRY: 15
DEBUG: src/lcthw/hashmap.c:Hashmap_get_node:205: TRY: 16
DEBUG: src/lcthw/hashmap.c:Hashmap_get_node:205: TRY: 17
DEBUG: src/lcthw/hashmap.c:Hashmap_get_node:205: TRY: 18
DEBUG: src/lcthw/hashmap.c:Hashmap_get_node:205: TRY: 19
DEBUG: src/lcthw/hashmap.c:Hashmap_get_node:205: TRY: 20
DEBUG: src/lcthw/hashmap.c:Hashmap_get_node:205: TRY: 21
DEBUG: src/lcthw/hashmap.c:Hashmap_get_node:205: TRY: 22
DEBUG: src/lcthw/hashmap.c:Hashmap_get_node:205: TRY: 23
DEBUG: src/lcthw/hashmap.c:Hashmap_get_node:205: TRY: 24
DEBUG: src/lcthw/hashmap.c:Hashmap_get_node:205: TRY: 25
DEBUG: src/lcthw/hashmap.c:Hashmap_get_node:205: TRY: 26
DEBUG: src/lcthw/hashmap.c:Hashmap_get_node:205: TRY: 27
DEBUG: src/lcthw/hashmap.c:Hashmap_get_node:205: TRY: 28
DEBUG: src/lcthw/hashmap.c:Hashmap_get_node:205: TRY: 29
DEBUG: src/lcthw/hashmap.c:Hashmap_get_node:205: TRY: 30
DEBUG: src/lcthw/hashmap.c:Hashmap_get_node:205: TRY: 31
DEBUG: src/lcthw/hashmap.c:Hashmap_get_node:205: TRY: 32
DEBUG: src/lcthw/hashmap.c:Hashmap_get_node:205: TRY: 33
DEBUG: src/lcthw/hashmap.c:Hashmap_get_node:205: TRY: 34
DEBUG: src/lcthw/hashmap.c:Hashmap_get_node:205: TRY: 35
DEBUG: src/lcthw/hashmap.c:Hashmap_get_node:205: TRY: 36
DEBUG: src/lcthw/hashmap.c:Hashmap_get_node:205: TRY: 37
DEBUG: src/lcthw/hashmap.c:Hashmap_get_node:205: TRY: 38
DEBUG: src/lcthw/hashmap.c:Hashmap_get_node:205: TRY: 39
DEBUG: src/lcthw/hashmap.c:Hashmap_get_node:205: TRY: 40
DEBUG: src/lcthw/hashmap.c:Hashmap_get_node:205: TRY: 41
DEBUG: src/lcthw/hashmap.c:Hashmap_get_node:205: TRY: 42
DEBUG: src/lcthw/hashmap.c:Hashmap_get_node:205: TRY: 43
DEBUG: src/lcthw/hashmap.c:Hashmap_get_node:205: TRY: 44
DEBUG: src/lcthw/hashmap.c:Hashmap_get_node:205: TRY: 45
DEBUG: src/lcthw/hashmap.c:Hashmap_get_node:205: TRY: 46
DEBUG: src/lcthw/hashmap.c:Hashmap_get_node:205: TRY: 47
DEBUG: src/lcthw/hashmap.c:Hashmap_get_node:205: TRY: 48
DEBUG: src/lcthw/hashmap.c:Hashmap_get_node:205: TRY: 49
DEBUG: src/lcthw/hashmap.c:Hashmap_get_node:205: TRY: 50
DEBUG: src/lcthw/hashmap.c:Hashmap_get_node:205: TRY: 51
DEBUG: src/lcthw/hashmap.c:Hashmap_get_node:205: TRY: 52
DEBUG: src/lcthw/hashmap.c:Hashmap_get_node:205: TRY: 53
DEBUG: src/lcthw/hashmap.c:Hashmap_get_node:205: TRY: 54
DEBUG: src/lcthw/hashmap.c:Hashmap_get_node:205: TRY: 55
DEBUG: src/lcthw/hashmap.c:Hashmap_get_node:205: TRY: 56
DEBUG: src/lcthw/hashmap.c:Hashmap_get_node:205: TRY: 57
DEBUG: src/lcthw/hashmap.c:Hashmap_get_node:205: TRY: 58
DEBUG: src/lcthw/hashmap.c:Hashmap_get_node:205: TRY: 59
DEBUG: src/lcthw/hashmap.c:Hashmap_get_node:205: TRY: 60
DEBUG: src/lcthw/hashmap.c:Hashmap_get_node:205: TRY: 61
DEBUG: src/lcthw/hashmap.c:Hashmap_get_node:205: TRY: 62
DEBUG: src/lcthw/hashmap.c:Hashmap_get_node:205: TRY: 63
DEBUG: src/lcthw/hashmap.c:Hashmap_get_node:205: TRY: 64
DEBUG: src/lcthw/hashmap.c:Hashmap_get_node:205: TRY: 65
DEBUG: src/lcthw/hashmap.c:Hashmap_get_node:205: TRY: 66
DEBUG: src/lcthw/hashmap.c:Hashmap_get_node:205: TRY: 67
DEBUG: src/lcthw/hashmap.c:Hashmap_get_node:205: TRY: 68
DEBUG: src/lcthw/hashmap.c:Hashmap_get_node:205: TRY: 69
DEBUG: src/lcthw/hashmap.c:Hashmap_get_node:205: TRY: 70
DEBUG: src/lcthw/hashmap.c:Hashmap_get_node:205: TRY: 71
DEBUG: src/lcthw/hashmap.c:Hashmap_get_node:205: TRY: 72
DEBUG: src/lcthw/hashmap.c:Hashmap_get_node:205: TRY: 73
DEBUG: src/lcthw/hashmap.c:Hashmap_get_node:205: TRY: 74
DEBUG: src/lcthw/hashmap.c:Hashmap_get_node:205: TRY: 75
DEBUG: src/lcthw/hashmap.c:Hashmap_get_node:205: TRY: 76
DEBUG: src/lcthw/hashmap.c:Hashmap_get_node:205: TRY: 77
DEBUG: src/lcthw/hashmap.c:Hashmap_get_node:205: TRY: 78
DEBUG: src/lcthw/hashmap.c:Hashmap_get_node:205: TRY: 79
DEBUG: src/lcthw/hashmap.c:Hashmap_get_node:205: TRY: 80
DEBUG: src/lcthw/hashmap.c:Hashmap_get_node:205: TRY: 81
DEBUG: src/lcthw/hashmap.c:Hashmap_get_node:205: TRY: 82
DEBUG: src/lcthw/hashmap.c:Hashmap_get_node:205: TRY: 83
DEBUG: src/lcthw/hashmap.c:Hashmap_get_node:205: TRY: 84
DEBUG: src/lcthw/hashmap.c:Hashmap_get_node:205: TRY: 85
DEBUG: src/lcthw/hashmap.c:Hashmap_get_node:205: TRY: 86
DEBUG: src/lcthw/hashmap.c:Hashmap_get_node:205: TRY: 87
DEBUG: src/lcthw/hashmap.c:Hashmap_get_node:205: TRY: 88
DEBUG: src/lcthw/hashmap.c:Hashmap_get_node:205: TRY: 89
DEBUG: src/lcthw/hashmap.c:Hashmap_get_node:205: TRY: 90
DEBUG: src/lcthw/hashmap.c:Hashmap_get_node:205: TRY: 91
DEBUG: src/lcthw/hashmap.c:Hashmap_get_node:205: TRY: 92
DEBUG: src/lcthw/hashmap.c:Hashmap_get_node:205: TRY: 93
DEBUG: src/lcthw/hashmap.c:Hashmap_get_node:205: TRY: 94
DEBUG: src/lcthw/hashmap.c:Hashmap_get_node:205: TRY: 95
DEBUG: src/lcthw/hashmap.c:Hashmap_get_node:205: TRY: 96
DEBUG: src/lcthw/hashmap.c:Hashmap_get_node:205: TRY: 97
DEBUG: src/lcthw/hashmap.c:Hashmap_get_node:205: TRY: 98
DEBUG: src/lcthw/hashmap.c:Hashmap_get_node:205: TRY: 99
DEBUG: src/lcthw/hashmap.c:Hashmap_get_node:205: TRY: 100
DEBUG: src/lcthw/hashmap.c:Hashmap_get_node:205: TRY: 101
DEBUG: src/lcthw/hashmap.c:Hashmap_get_node:205: TRY: 102
DEBUG: src/lcthw/hashmap.c:Hashmap_get_node:205: TRY: 103
DEBUG: src/lcthw/hashmap.c:Hashmap_get_node:205: TRY: 104
DEBUG: src/lcthw/hashmap.c:Hashmap_get_node:205: TRY: 105
DEBUG: src/lcthw/hashmap.c:Hashmap_get_node:205: TRY: 106
DEBUG: src/lcthw/hashmap.c:Hashmap_get_node:205: TRY: 107
DEBUG: src/lcthw/hashmap.c:Hashmap_get_node:205: TRY: 108
DEBUG: src/lcthw/hashmap.c:Hashmap_get_node:205: TRY: 109
DEBUG: src/lcthw/hashmap.c:Hashmap_get_node:205: TRY: 110
DEBUG: src/lcthw/hashmap.c:Hashmap_get_node:205: TRY: 111
DEBUG: src/lcthw/hashmap.c:Hashmap_get_node:205: TRY: 112
DEBUG: src/lcthw/hashmap.c:Hashmap_get_node:205: TRY: 113
DEBUG: src/lcthw/hashmap.c:Hashmap_get_node:205: TRY: 114
DEBUG: src/lcthw/hashmap.c:Hashmap_get_node:205: TRY: 115
DEBUG: src/lcthw/hashmap.c:Hashmap_get_node:205: TRY: 116
DEBUG: src/lcthw/hashmap.c:Hashmap_get_node:205: TRY: 117
DEBUG: src/lcthw/hashmap.c:Hashmap_get_node:205: TRY: 0
DEBUG: src/lcthw/hashmap.c:Hashmap_get_node:205: TRY: 1
DEBUG: src/lcthw/hashmap.c:Hashmap_get_node:205: TRY: 2
DEBUG: src/lcthw/hashmap.c:Hashmap_get_node:205: TRY: 3
DEBUG: src/lcthw/hashmap.c:Hashmap_get_node:205: TRY: 4
DEBUG: src/lcthw/hashmap.c:Hashmap_get_node:205: TRY: 5
DEBUG: src/lcthw/hashmap.c:Hashmap_get_node:205: TRY: 6
DEBUG: src/lcthw/hashmap.c:Hashmap_get_node:205: TRY: 7
DEBUG: src/lcthw/hashmap.c:Hashmap_get_node:205: TRY: 8
DEBUG: src/lcthw/hashmap.c:Hashmap_get_node:205: TRY: 9
DEBUG: src/lcthw/hashmap.c:Hashmap_get_node:205: TRY: 10
DEBUG: src/lcthw/hashmap.c:Hashmap_get_node:205: TRY: 11
DEBUG: src/lcthw/hashmap.c:Hashmap_get_node:205: TRY: 12
DEBUG: src/lcthw/hashmap.c:Hashmap_get_node:205: TRY: 13
DEBUG: src/lcthw/hashmap.c:Hashmap_get_node:205: TRY: 14
DEBUG: src/lcthw/hashmap.c:Hashmap_get_node:205: TRY: 15
DEBUG: src/lcthw/hashmap.c:Hashmap_get_node:205: TRY: 16
DEBUG: src/lcthw/hashmap.c:Hashmap_get_node:205: TRY: 17
DEBUG: src/lcthw/hashmap.c:Hashmap_get_node:205: TRY: 18
DEBUG: src/lcthw/hashmap.c:Hashmap_get_node:205: TRY: 19
DEBUG: src/lcthw/hashmap.c:Hashmap_get_node:205: TRY: 20
DEBUG: src/lcthw/hashmap.c:Hashmap_get_node:205: TRY: 21
DEBUG: src/lcthw/hashmap.c:Hashmap_get_node:205: TRY: 22
DEBUG: src/lcthw/hashmap.c:Hashmap_get_node:205: TRY: 23
DEBUG: src/lcthw/hashmap.c:Hashmap_get_node:205: TRY: 24
DEBUG: src/lcthw/hashmap.c:Hashmap_get_node:205: TRY: 25
DEBUG: src/lcthw/hashmap.c:Hashmap_get_node:205: TRY: 26
DEBUG: src/lcthw/hashmap.c:Hashmap_get_node:205: TRY: 27
DEBUG: src/lcthw/hashmap.c:Hashmap_get_node:205: TRY: 28
DEBUG: src/lcthw/hashmap.c:Hashmap_get_node:205: TRY: 29
DEBUG: src/lcthw/hashmap.c:Hashmap_get_node:205: TRY: 30
DEBUG: src/lcthw/hashmap.c:Hashmap_get_node:205: TRY: 31
DEBUG: src/lcthw/hashmap.c:Hashmap_get_node:205: TRY: 32
DEBUG: src/lcthw/hashmap.c:Hashmap_get_node:205: TRY: 33
DEBUG: src/lcthw/hashmap.c:Hashmap_get_node:205: TRY: 34
DEBUG: src/lcthw/hashmap.c:Hashmap_get_node:205: TRY: 35
DEBUG: src/lcthw/hashmap.c:Hashmap_get_node:205: TRY: 36
DEBUG: src/lcthw/hashmap.c:Hashmap_get_node:205: TRY: 37
DEBUG: src/lcthw/hashmap.c:Hashmap_get_node:205: TRY: 38
DEBUG: src/lcthw/hashmap.c:Hashmap_get_node:205: TRY: 39
DEBUG: src/lcthw/hashmap.c:Hashmap_get_node:205: TRY: 40
DEBUG: src/lcthw/hashmap.c:Hashmap_get_node:205: TRY: 41
DEBUG: src/lcthw/hashmap.c:Hashmap_get_node:205: TRY: 42
DEBUG: src/lcthw/hashmap.c:Hashmap_get_node:205: TRY: 43
DEBUG: src/lcthw/hashmap.c:Hashmap_get_node:205: TRY: 44
DEBUG: src/lcthw/hashmap.c:Hashmap_get_node:205: TRY: 45
DEBUG: src/lcthw/hashmap.c:Hashmap_get_node:205: TRY: 46
DEBUG: src/lcthw/hashmap.c:Hashmap_get_node:205: TRY: 47
DEBUG: src/lcthw/hashmap.c:Hashmap_get_node:205: TRY: 48
DEBUG: src/lcthw/hashmap.c:Hashmap_get_node:205: TRY: 49
DEBUG: src/lcthw/hashmap.c:Hashmap_get_node:205: TRY: 50
DEBUG: src/lcthw/hashmap.c:Hashmap_get_node:205: TRY: 51
DEBUG: src/lcthw/hashmap.c:Hashmap_get_node:205: TRY: 52
DEBUG: src/lcthw/hashmap.c:Hashmap_get_node:205: TRY: 53
DEBUG: src/lcthw/hashmap.c:Hashmap_get_node:205: TRY: 54
DEBUG: src/lcthw/hashmap.c:Hashmap_get_node:205: TRY: 55
DEBUG: src/lcthw/hashmap.c:Hashmap_get_node:205: TRY: 56
DEBUG: src/lcthw/hashmap.c:Hashmap_get_node:205: TRY: 57
DEBUG: src/lcthw/hashmap.c:Hashmap_get_node:205: TRY: 58
DEBUG: src/lcthw/hashmap.c:Hashmap_get_node:205: TRY: 59
DEBUG: src/lcthw/hashmap.c:Hashmap_get_node:205: TRY: 60
DEBUG: src/lcthw/hashmap.c:Hashmap_get_node:205: TRY: 61
DEBUG: src/lcthw/hashmap.c:Hashmap_get_node:205: TRY: 62
DEBUG: src/lcthw/hashmap.c:Hashmap_get_node:205: TRY: 63
DEBUG: src/lcthw/hashmap.c:Hashmap_get_node:205: TRY: 64
DEBUG: src/lcthw/hashmap.c:Hashmap_get_node:205: TRY: 65
DEBUG: src/lcthw/hashmap.c:Hashmap_get_node:205: TRY: 66
DEBUG: src/lcthw/hashmap.c:Hashmap_get_node:205: TRY: 67
DEBUG: src/lcthw/hashmap.c:Hashmap_get_node:205: TRY: 68
DEBUG: src/lcthw/hashmap.c:Hashmap_get_node:205: TRY: 69
DEBUG: src/lcthw/hashmap.c:Hashmap_get_node:205: TRY: 70
DEBUG: src/lcthw/hashmap.c:Hashmap_get_node:205: TRY: 71
DEBUG: src/lcthw/hashmap.c:Hashmap_get_node:205: TRY: 72
DEBUG: src/lcthw/hashmap.c:Hashmap_get_node:205: TRY: 73
DEBUG: src/lcthw/hashmap.c:Hashmap_get_node:205: TRY: 74
DEBUG: src/lcthw/hashmap.c:Hashmap_get_node:205: TRY: 75
DEBUG: src/lcthw/hashmap.c:Hashmap_get_node:205: TRY: 76
DEBUG: src/lcthw/hashmap.c:Hashmap_get_node:205: TRY: 77
DEBUG: src/lcthw/hashmap.c:Hashmap_get_node:205: TRY: 78
DEBUG: src/lcthw/hashmap.c:Hashmap_get_node:205: TRY: 79
DEBUG: src/lcthw/hashmap.c:Hashmap_get_node:205: TRY: 80
DEBUG: src/lcthw/hashmap.c:Hashmap_get_node:205: TRY: 81
DEBUG: src/lcthw/hashmap.c:Hashmap_get_node:205: TRY: 82
DEBUG: src/lcthw/hashmap.c:Hashmap_get_node:205: TRY: 83
DEBUG: src/lcthw/hashmap.c:Hashmap_get_node:205: TRY: 84
DEBUG: src/lcthw/hashmap.c:Hashmap_get_node:205: TRY: 85
DEBUG: src/lcthw/hashmap.c:Hashmap_get_node:205: TRY: 86
DEBUG: src/lcthw/hashmap.c:Hashmap_get_node:205: TRY: 87
DEBUG: src/lcthw/hashmap.c:Hashmap_get_node:205: TRY: 88
DEBUG: src/lcthw/hashmap.c:Hashmap_get_node:205: TRY: 0
DEBUG: src/lcthw/hashmap.c:Hashmap_get_node:205: TRY: 1
DEBUG: src/lcthw/hashmap.c:Hashmap_get_node:205: TRY: 2
DEBUG: src/lcthw/hashmap.c:Hashmap_get_node:205: TRY: 3
DEBUG: src/lcthw/hashmap.c:Hashmap_get_node:205: TRY: 4
DEBUG: src/lcthw/hashmap.c:Hashmap_get_node:205: TRY: 5
DEBUG: src/lcthw/hashmap.c:Hashmap_get_node:205: TRY: 6
DEBUG: src/lcthw/hashmap.c:Hashmap_get_node:205: TRY: 7
DEBUG: src/lcthw/hashmap.c:Hashmap_get_node:205: TRY: 8
DEBUG: src/lcthw/hashmap.c:Hashmap_get_node:205: TRY: 9
DEBUG: src/lcthw/hashmap.c:Hashmap_get_node:205: TRY: 10
DEBUG: src/lcthw/hashmap.c:Hashmap_get_node:205: TRY: 11
DEBUG: src/lcthw/hashmap.c:Hashmap_get_node:205: TRY: 12
DEBUG: src/lcthw/hashmap.c:Hashmap_get_node:205: TRY: 13
DEBUG: src/lcthw/hashmap.c:Hashmap_get_node:205: TRY: 14
DEBUG: src/lcthw/hashmap.c:Hashmap_get_node:205: TRY: 15
DEBUG: src/lcthw/hashmap.c:Hashmap_get_node:205: TRY: 16
DEBUG: src/lcthw/hashmap.c:Hashmap_get_node:205: TRY: 17
DEBUG: src/lcthw/hashmap.c:Hashmap_get_node:205: TRY: 18
DEBUG: src/lcthw/hashmap.c:Hashmap_get_node:205: TRY: 19
DEBUG: src/lcthw/hashmap.c:Hashmap_get_node:205: TRY: 20
DEBUG: src/lcthw/hashmap.c:Hashmap_get_node:205: TRY: 21
DEBUG: src/lcthw/hashmap.c:Hashmap_get_node:205: TRY: 22
DEBUG: src/lcthw/hashmap.c:Hashmap_get_node:205: TRY: 23
DEBUG: src/lcthw/hashmap.c:Hashmap_get_node:205: TRY: 24
DEBUG: src/lcthw/hashmap.c:Hashmap_get_node:205: TRY: 25
DEBUG: src/lcthw/hashmap.c:Hashmap_get_node:205: TRY: 26
DEBUG: src/lcthw/hashmap.c:Hashmap_get_node:205: TRY: 27
DEBUG: src/lcthw/hashmap.c:Hashmap_get_node:205: TRY: 28
DEBUG: src/lcthw/hashmap.c:Hashmap_get_node:205: TRY: 29
DEBUG: src/lcthw/hashmap.c:Hashmap_get_node:205: TRY: 30
DEBUG: src/lcthw/hashmap.c:Hashmap_get_node:205: TRY: 31
DEBUG: src/lcthw/hashmap.c:Hashmap_get_node:205: TRY: 32
DEBUG: src/lcthw/hashmap.c:Hashmap_get_node:205: TRY: 33
DEBUG: src/lcthw/hashmap.c:Hashmap_get_node:205: TRY: 34
DEBUG: src/lcthw/hashmap.c:Hashmap_get_node:205: TRY: 35
DEBUG: src/lcthw/hashmap.c:Hashmap_get_node:205: TRY: 36
DEBUG: src/lcthw/hashmap.c:Hashmap_get_node:205: TRY: 37
DEBUG: src/lcthw/hashmap.c:Hashmap_get_node:205: TRY: 38
DEBUG: src/lcthw/hashmap.c:Hashmap_get_node:205: TRY: 39
DEBUG: src/lcthw/hashmap.c:Hashmap_get_node:205: TRY: 40
DEBUG: src/lcthw/hashmap.c:Hashmap_get_node:205: TRY: 41
DEBUG: src/lcthw/hashmap.c:Hashmap_get_node:205: TRY: 42
DEBUG: src/lcthw/hashmap.c:Hashmap_get_node:205: TRY: 43
DEBUG: src/lcthw/hashmap.c:Hashmap_get_node:205: TRY: 44
DEBUG: src/lcthw/hashmap.c:Hashmap_get_node:205: TRY: 45
DEBUG: src/lcthw/hashmap.c:Hashmap_get_node:205: TRY: 46
DEBUG: src/lcthw/hashmap.c:Hashmap_get_node:205: TRY: 47
DEBUG: src/lcthw/hashmap.c:Hashmap_get_node:205: TRY: 48
DEBUG: src/lcthw/hashmap.c:Hashmap_get_node:205: TRY: 49
DEBUG: src/lcthw/hashmap.c:Hashmap_get_node:205: TRY: 50
DEBUG: src/lcthw/hashmap.c:Hashmap_get_node:205: TRY: 51
DEBUG: src/lcthw/hashmap.c:Hashmap_get_node:205: TRY: 52
DEBUG: src/lcthw/hashmap.c:Hashmap_get_node:205: TRY: 53
DEBUG: src/lcthw/hashmap.c:Hashmap_get_node:205: TRY: 54
DEBUG: src/lcthw/hashmap.c:Hashmap_get_node:205: TRY: 55
DEBUG: src/lcthw/hashmap.c:Hashmap_get_node:205: TRY: 56
DEBUG: src/lcthw/hashmap.c:Hashmap_get_node:205: TRY: 57
DEBUG: src/lcthw/hashmap.c:Hashmap_get_node:205: TRY: 58
DEBUG: src/lcthw/hashmap.c:Hashmap_get_node:205: TRY: 59
DEBUG: src/lcthw/hashmap.c:Hashmap_get_node:205: TRY: 60
DEBUG: src/lcthw/hashmap.c:Hashmap_get_node:205: TRY: 61
DEBUG: src/lcthw/hashmap.c:Hashmap_get_node:205: TRY: 62
DEBUG: src/lcthw/hashmap.c:Hashmap_get_node:205: TRY: 63
DEBUG: src/lcthw/hashmap.c:Hashmap_get_node:205: TRY: 64
DEBUG: src/lcthw/hashmap.c:Hashmap_get_node:205: TRY: 65
DEBUG: src/lcthw/hashmap.c:Hashmap_get_node:205: TRY: 66
DEBUG: src/lcthw/hashmap.c:Hashmap_get_node:205: TRY: 67
DEBUG: src/lcthw/hashmap.c:Hashmap_get_node:205: TRY: 68
DEBUG: src/lcthw/hashmap.c:Hashmap_get_node:205: TRY: 69
DEBUG: src/lcthw/hashmap.c:Hashmap_get_node:205: TRY: 70
DEBUG: src/lcthw/hashmap.c:Hashmap_get_node:205: TRY: 71
DEBUG: src/lcthw/hashmap.c:Hashmap_get_node:205: TRY: 72
DEBUG: src/lcthw/hashmap.c:Hashmap_get_node:205: TRY: 73
DEBUG: src/lcthw/hashmap.c:Hashmap_get_node:205: TRY: 74
DEBUG: src/lcthw/hashmap.c:Hashmap_get_node:205: TRY: 75
DEBUG: src/lcthw/hashmap.c:Hashmap_get_node:205: TRY: 76
DEBUG: src/lcthw/hashmap.c:Hashmap_get_node:205: TRY: 77
DEBUG: src/lcthw/hashmap.c:Hashmap_get_node:205: TRY: 78
DEBUG: src/lcthw/hashmap.c:Hashmap_get_node:205: TRY: 79
DEBUG: src/lcthw/hashmap.c:Hashmap_get_node:205: TRY: 80
DEBUG: src/lcthw/hashmap.c:Hashmap_get_node:205: TRY: 81
DEBUG: src/lcthw/hashmap.c:Hashmap_get_node:205: TRY: 82
DEBUG: src/lcthw/hashmap.c:Hashmap_get_node:205: TRY: 83
DEBUG: src/lcthw/hashmap.c:Hashmap_get_node:205: TRY: 84
DEBUG: src/lcthw/hashmap.c:Hashmap_get_node:205: TRY: 85
DEBUG: src/lcthw/hashmap.c:Hashmap_get_node:205: TRY: 86
DEBUG: src/lcthw/hashmap.c:Hashmap_get_node:205: TRY: 87
DEBUG: src/lcthw/hashmap.c:Hashmap_get_node:205: TRY: 88
DEBUG: src/lcthw/hashmap.c:Hashmap_get_node:205: TRY: 89
DEBUG: src/lcthw/hashmap.c:Hashmap_get_node:205: TRY: 0
DEBUG: src/lcthw/hashmap.c:Hashmap_get_node:205: TRY: 1
DEBUG: src/lcthw/hashmap.c:Hashmap_get_node:205: TRY: 2
DEBUG: src/lcthw/hashmap.c:Hashmap_get_node:205: TRY: 3
DEBUG: src/lcthw/hashmap.c:Hashmap_get_node:205: TRY: 4
DEBUG: src/lcthw/hashmap.c:Hashmap_get_node:205: TRY: 5
DEBUG: src/lcthw/hashmap.c:Hashmap_get_node:205: TRY: 6
DEBUG: src/lcthw/hashmap.c:Hashmap_get_node:205: TRY: 7
DEBUG: src/lcthw/hashmap.c:Hashmap_get_node:205: TRY: 8
DEBUG: src/lcthw/hashmap.c:Hashmap_get_node:205: TRY: 9
DEBUG: src/lcthw/hashmap.c:Hashmap_get_node:205: TRY: 10
DEBUG: src/lcthw/hashmap.c:Hashmap_get_node:205: TRY: 11
DEBUG: src/lcthw/hashmap.c:Hashmap_get_node:205: TRY: 12
DEBUG: src/lcthw/hashmap.c:Hashmap_get_node:205: TRY: 13
DEBUG: src/lcthw/hashmap.c:Hashmap_get_node:205: TRY: 14
DEBUG: src/lcthw/hashmap.c:Hashmap_get_node:205: TRY: 15
DEBUG: src/lcthw/hashmap.c:Hashmap_get_node:205: TRY: 16
DEBUG: src/lcthw/hashmap.c:Hashmap_get_node:205: TRY: 17
DEBUG: src/lcthw/hashmap.c:Hashmap_get_node:205: TRY: 18
DEBUG: src/lcthw/hashmap.c:Hashmap_get_node:205: TRY: 19
DEBUG: src/lcthw/hashmap.c:Hashmap_get_node:205: TRY: 20
DEBUG: src/lcthw/hashmap.c:Hashmap_get_node:205: TRY: 21
DEBUG: src/lcthw/hashmap.c:Hashmap_get_node:205: TRY: 22
DEBUG: src/lcthw/hashmap.c:Hashmap_get_node:205: TRY: 23
DEBUG: src/lcthw/hashmap.c:Hashmap_get_node:205: TRY: 24
DEBUG: src/lcthw/hashmap.c:Hashmap_get_node:205: TRY: 25
DEBUG: src/lcthw/hashmap.c:Hashmap_get_node:205: TRY: 26
DEBUG: src/lcthw/hashmap.c:Hashmap_get_node:205: TRY: 27
DEBUG: src/lcthw/hashmap.c:Hashmap_get_node:205: TRY: 28
DEBUG: src/lcthw/hashmap.c:Hashmap_get_node:205: TRY: 29
DEBUG: src/lcthw/hashmap.c:Hashmap_get_node:205: TRY: 30
DEBUG: src/lcthw/hashmap.c:Hashmap_get_node:205: TRY: 31
DEBUG: src/lcthw/hashmap.c:Hashmap_get_node:205: TRY: 32
DEBUG: src/lcthw/hashmap.c:Hashmap_get_node:205: TRY: 33
DEBUG: src/lcthw/hashmap.c:Hashmap_get_node:205: TRY: 34
DEBUG: src/lcthw/hashmap.c:Hashmap_get_node:205: TRY: 35
DEBUG: src/lcthw/hashmap.c:Hashmap_get_node:205: TRY: 36
DEBUG: src/lcthw/hashmap.c:Hashmap_get_node:205: TRY: 37
DEBUG: src/lcthw/hashmap.c:Hashmap_get_node:205: TRY: 38
DEBUG: src/lcthw/hashmap.c:Hashmap_get_node:205: TRY: 39
DEBUG: src/lcthw/hashmap.c:Hashmap_get_node:205: TRY: 40
DEBUG: src/lcthw/hashmap.c:Hashmap_get_node:205: TRY: 41
DEBUG: src/lcthw/hashmap.c:Hashmap_get_node:205: TRY: 42
DEBUG: src/lcthw/hashmap.c:Hashmap_get_node:205: TRY: 43
DEBUG: src/lcthw/hashmap.c:Hashmap_get_node:205: TRY: 44
DEBUG: src/lcthw/hashmap.c:Hashmap_get_node:205: TRY: 45
DEBUG: src/lcthw/hashmap.c:Hashmap_get_node:205: TRY: 46
DEBUG: src/lcthw/hashmap.c:Hashmap_get_node:205: TRY: 47
DEBUG: src/lcthw/hashmap.c:Hashmap_get_node:205: TRY: 48
DEBUG: src/lcthw/hashmap.c:Hashmap_get_node:205: TRY: 49
DEBUG: src/lcthw/hashmap.c:Hashmap_get_node:205: TRY: 50
DEBUG: src/lcthw/hashmap.c:Hashmap_get_node:205: TRY: 51
DEBUG: src/lcthw/hashmap.c:Hashmap_get_node:205: TRY: 52
DEBUG: src/lcthw/hashmap.c:Hashmap_get_node:205: TRY: 53
DEBUG: src/lcthw/hashmap.c:Hashmap_get_node:205: TRY: 54
DEBUG: src/lcthw/hashmap.c:Hashmap_get_node:205: TRY: 55
DEBUG: src/lcthw/hashmap.c:Hashmap_get_node:205: TRY: 56
DEBUG: src/lcthw/hashmap.c:Hashmap_get_node:205: TRY: 57
DEBUG: src/lcthw/hashmap.c:Hashmap_get_node:205: TRY: 58
DEBUG: src/lcthw/hashmap.c:Hashmap_get_node:205: TRY: 59
DEBUG: src/lcthw/hashmap.c:Hashmap_get_node:205: TRY: 60
DEBUG: src/lcthw/hashmap.c:Hashmap_get_node:205: TRY: 61
DEBUG: src/lcthw/hashmap.c:Hashmap_get_node:205: TRY: 62
DEBUG: src/lcthw/hashmap.c:Hashmap_get_node:205: TRY: 63
DEBUG: src/lcthw/hashmap.c:Hashmap_get_node:205: TRY: 64
DEBUG: src/lcthw/hashmap.c:Hashmap_get_node:205: TRY: 65
DEBUG: src/lcthw/hashmap.c:Hashmap_get_node:205: TRY: 66
DEBUG: src/lcthw/hashmap.c:Hashmap_get_node:205: TRY: 67
DEBUG: src/lcthw/hashmap.c:Hashmap_get_node:205: TRY: 68
DEBUG: src/lcthw/hashmap.c:Hashmap_get_node:205: TRY: 69
DEBUG: src/lcthw/hashmap.c:Hashmap_get_node:205: TRY: 70
DEBUG: src/lcthw/hashmap.c:Hashmap_get_node:205: TRY: 71
DEBUG: src/lcthw/hashmap.c:Hashmap_get_node:205: TRY: 72
DEBUG: src/lcthw/hashmap.c:Hashmap_get_node:205: TRY: 73
DEBUG: src/lcthw/hashmap.c:Hashmap_get_node:205: TRY: 74
DEBUG: src/lcthw/hashmap.c:Hashmap_get_node:205: TRY: 75
DEBUG: src/lcthw/hashmap.c:Hashmap_get_node:205: TRY: 76
DEBUG: src/lcthw/hashmap.c:Hashmap_get_node:205: TRY: 77
DEBUG: src/lcthw/hashmap.c:Hashmap_get_node:205: TRY: 78
DEBUG: src/lcthw/hashmap.c:Hashmap_get_node:205: TRY: 79
DEBUG: src/lcthw/hashmap.c:Hashmap_get_node:205: TRY: 80
DEBUG: src/lcthw/hashmap.c:Hashmap_get_node:205: TRY: 81
DEBUG: src/lcthw/hashmap.c:Hashmap_get_node:205: TRY: 82
DEBUG: src/lcthw/hashmap.c:Hashmap_get_node:205: TRY: 83
DEBUG: src/lcthw/hashmap.c:Hashmap_get_node:205: TRY: 84
DEBUG: src/lcthw/hashmap.c:Hashmap_get_node:205: TRY: 85
DEBUG: src/lcthw/hashmap.c:Hashmap_get_node:205: TRY: 86
DEBUG: src/lcthw/hashmap.c:Hashmap_get_node:205: TRY: 87
DEBUG: src/lcthw/hashmap.c:Hashmap_get_node:205: TRY: 88
DEBUG: src/lcthw/hashmap.c:Hashmap_get_node:205: TRY: 89
DEBUG: src/lcthw/hashmap.c:Hashmap_get_node:205: TRY: 90
DEBUG: src/lcthw/hashmap.c:Hashmap_get_node:205: TRY: 0
DEBUG: src/lcthw/hashmap.c:Hashmap_get_node:205: TRY: 1
DEBUG: src/lcthw/hashmap.c:Hashmap_get_node:205: TRY: 2
DEBUG: src/lcthw/hashmap.c:Hashmap_get_node:205: TRY: 3
DEBUG: src/lcthw/hashmap.c:Hashmap_get_node:205: TRY: 4
DEBUG: src/lcthw/hashmap.c:Hashmap_get_node:205: TRY: 5
DEBUG: src/lcthw/hashmap.c:Hashmap_get_node:205: TRY: 6
DEBUG: src/lcthw/hashmap.c:Hashmap_get_node:205: TRY: 7
DEBUG: src/lcthw/hashmap.c:Hashmap_get_node:205: TRY: 8
DEBUG: src/lcthw/hashmap.c:Hashmap_get_node:205: TRY: 9
DEBUG: src/lcthw/hashmap.c:Hashmap_get_node:205: TRY: 10
DEBUG: src/lcthw/hashmap.c:Hashmap_get_node:205: TRY: 11
DEBUG: src/lcthw/hashmap.c:Hashmap_get_node:205: TRY: 12
DEBUG: src/lcthw/hashmap.c:Hashmap_get_node:205: TRY: 13
DEBUG: src/lcthw/hashmap.c:Hashmap_get_node:205: TRY: 14
DEBUG: src/lcthw/hashmap.c:Hashmap_get_node:205: TRY: 15
DEBUG: src/lcthw/hashmap.c:Hashmap_get_node:205: TRY: 16
DEBUG: src/lcthw/hashmap.c:Hashmap_get_node:205: TRY: 17
DEBUG: src/lcthw/hashmap.c:Hashmap_get_node:205: TRY: 18
DEBUG: src/lcthw/hashmap.c:Hashmap_get_node:205: TRY: 19
DEBUG: src/lcthw/hashmap.c:Hashmap_get_node:205: TRY: 20
DEBUG: src/lcthw/hashmap.c:Hashmap_get_node:205: TRY: 21
DEBUG: src/lcthw/hashmap.c:Hashmap_get_node:205: TRY: 22
DEBUG: src/lcthw/hashmap.c:Hashmap_get_node:205: TRY: 23
DEBUG: src/lcthw/hashmap.c:Hashmap_get_node:205: TRY: 24
DEBUG: src/lcthw/hashmap.c:Hashmap_get_node:205: TRY: 25
DEBUG: src/lcthw/hashmap.c:Hashmap_get_node:205: TRY: 26
DEBUG: src/lcthw/hashmap.c:Hashmap_get_node:205: TRY: 27
DEBUG: src/lcthw/hashmap.c:Hashmap_get_node:205: TRY: 28
DEBUG: src/lcthw/hashmap.c:Hashmap_get_node:205: TRY: 29
DEBUG: src/lcthw/hashmap.c:Hashmap_get_node:205: TRY: 30
DEBUG: src/lcthw/hashmap.c:Hashmap_get_node:205: TRY: 31
DEBUG: src/lcthw/hashmap.c:Hashmap_get_node:205: TRY: 32
DEBUG: src/lcthw/hashmap.c:Hashmap_get_node:205: TRY: 33
DEBUG: src/lcthw/hashmap.c:Hashmap_get_node:205: TRY: 34
DEBUG: src/lcthw/hashmap.c:Hashmap_get_node:205: TRY: 35
DEBUG: src/lcthw/hashmap.c:Hashmap_get_node:205: TRY: 36
DEBUG: src/lcthw/hashmap.c:Hashmap_get_node:205: TRY: 37
DEBUG: src/lcthw/hashmap.c:Hashmap_get_node:205: TRY: 38
DEBUG: src/lcthw/hashmap.c:Hashmap_get_node:205: TRY: 39
DEBUG: src/lcthw/hashmap.c:Hashmap_get_node:205: TRY: 40
DEBUG: src/lcthw/hashmap.c:Hashmap_get_node:205: TRY: 41
DEBUG: src/lcthw/hashmap.c:Hashmap_get_node:205: TRY: 42
DEBUG: src/lcthw/hashmap.c:Hashmap_get_node:205: TRY: 43
DEBUG: src/lcthw/hashmap.c:Hashmap_get_node:205: TRY: 44
DEBUG: src/lcthw/hashmap.c:Hashmap_get_node:205: TRY: 45
DEBUG: src/lcthw/hashmap.c:Hashmap_get_node:205: TRY: 46
DEBUG: src/lcthw/hashmap.c:Hashmap_get_node:205: TRY: 47
DEBUG: src/lcthw/hashmap.c:Hashmap_get_node:205: TRY: 48
DEBUG: src/lcthw/hashmap.c:Hashmap_get_node:205: TRY: 49
DEBUG: src/lcthw/hashmap.c:Hashmap_get_node:205: TRY: 50
DEBUG: src/lcthw/hashmap.c:Hashmap_get_node:205: TRY: 51
DEBUG: src/lcthw/hashmap.c:Hashmap_get_node:205: TRY: 52
DEBUG: src/lcthw/hashmap.c:Hashmap_get_node:205: TRY: 53
DEBUG: src/lcthw/hashmap.c:Hashmap_get_node:205: TRY: 54
DEBUG: src/lcthw/hashmap.c:Hashmap_get_node:205: TRY: 55
DEBUG: src/lcthw/hashmap.c:Hashmap_get_node:205: TRY: 56
DEBUG: src/lcthw/hashmap.c:Hashmap_get_node:205: TRY: 57
DEBUG: src/lcthw/hashmap.c:Hashmap_get_node:205: TRY: 58
DEBUG: src/lcthw/hashmap.c:Hashmap_get_node:205: TRY: 59
DEBUG: src/lcthw/hashmap.c:Hashmap_get_node:205: TRY: 60
DEBUG: src/lcthw/hashmap.c:Hashmap_get_node:205: TRY: 61
DEBUG: src/lcthw/hashmap.c:Hashmap_get_node:205: TRY: 62
DEBUG: src/lcthw/hashmap.c:Hashmap_get_node:205: TRY: 63
DEBUG: src/lcthw/hashmap.c:Hashmap_get_node:205: TRY: 64
DEBUG: src/lcthw/hashmap.c:Hashmap_get_node:205: TRY: 65
DEBUG: src/lcthw/hashmap.c:Hashmap_get_node:205: TRY: 66
DEBUG: src/lcthw/hashmap.c:Hashmap_get_node:205: TRY: 67
DEBUG: src/lcthw/hashmap.c:Hashmap_get_node:205: TRY: 68
DEBUG: src/lcthw/hashmap.c:Hashmap_get_node:205: TRY: 69
DEBUG: src/lcthw/hashmap.c:Hashmap_get_node:205: TRY: 70
DEBUG: src/lcthw/hashmap.c:Hashmap_get_node:205: TRY: 71
DEBUG: src/lcthw/hashmap.c:Hashmap_get_node:205: TRY: 72
DEBUG: src/lcthw/hashmap.c:Hashmap_get_node:205: TRY: 73
DEBUG: src/lcthw/hashmap.c:Hashmap_get_node:205: TRY: 74
DEBUG: src/lcthw/hashmap.c:Hashmap_get_node:205: TRY: 75
DEBUG: src/lcthw/hashmap.c:Hashmap_get_node:205: TRY: 76
DEBUG: src/lcthw/hashmap.c:Hashmap_get_node:205: TRY: 77
DEBUG: src/lcthw/hashmap.c:Hashmap_get_node:205: TRY: 78
DEBUG: src/lcthw/hashmap.c:Hashmap_get_node:205: TRY: 79
DEBUG: src/lcthw/hashmap.c:Hashmap_get_node:205: TRY: 80
DEBUG: src/lcthw/hashmap.c:Hashmap_get_node:205: TRY: 81
DEBUG: src/lcthw/hashmap.c:Hashmap_get_node:205: TRY: 82
DEBUG: src/lcthw/hashmap.c:Hashmap_get_node:205: TRY: 83
DEBUG: src/lcthw/hashmap.c:Hashmap_get_node:205: TRY: 84
DEBUG: src/lcthw/hashmap.c:Hashmap_get_node:205: TRY: 85
DEBUG: src/lcthw/hashmap.c:Hashmap_get_node:205: TRY: 86
DEBUG: src/lcthw/hashmap.c:Hashmap_get_node:205: TRY: 87
DEBUG: src/lcthw/hashmap.c:Hashmap_get_node:205: TRY: 88
DEBUG: src/lcthw/hashmap.c:Hashmap_get_node:205: TRY: 89
DEBUG: src/lcthw/hashmap.c:Hashmap_get_node:205: TRY: 90
DEBUG: src/lcthw/hashmap.c:Hashmap_get_node:205: TRY: 91
DEBUG: src/lcthw/hashmap.c:Hashmap_get_node:205: TRY: 92
DEBUG: src/lcthw/hashmap.c:Hashmap_get_node:205: TRY: 93
DEBUG: src/lcthw/hashmap.c:Hashmap_get_node:205: TRY: 94
DEBUG: src/lcthw/hashmap.c:Hashmap_get_node:205: TRY: 95
DEBUG: src/lcthw/hashmap.c:Hashmap_get_node:205: TRY: 96
DEBUG: src/lcthw/hashmap.c:Hashmap_get_node:205: TRY: 97
DEBUG: src/lcthw/hashmap.c:Hashmap_get_node:205: TRY: 98
DEBUG: src/lcthw/hashmap.c:Hashmap_get_node:205: TRY: 99
DEBUG: src/lcthw/hashmap.c:Hashmap_get_node:205: TRY: 100
DEBUG: src/lcthw/hashmap.c:Hashmap_get_node:205: TRY: 101
DEBUG: src/lcthw/hashmap.c:Hashmap_get_node:205: TRY: 102
DEBUG: src/lcthw/hashmap.c:Hashmap_get_node:205: TRY: 103
DEBUG: src/lcthw/hashmap.c:Hashmap_get_node:205: TRY: 104
DEBUG: src/lcthw/hashmap.c:Hashmap_get_node:205: TRY: 105
DEBUG: src/lcthw/hashmap.c:Hashmap_get_node:205: TRY: 106
DEBUG: src/lcthw/hashmap.c:Hashmap_get_node:205: TRY: 107
DEBUG: src/lcthw/hashmap.c:Hashmap_get_node:205: TRY: 108
DEBUG: src/lcthw/hashmap.c:Hashmap_get_node:205: TRY: 109
DEBUG: src/lcthw/hashmap.c:Hashmap_get_node:205: TRY: 110
DEBUG: src/lcthw/hashmap.c:Hashmap_get_node:205: TRY: 111
DEBUG: src/lcthw/hashmap.c:Hashmap_get_node:205: TRY: 112
DEBUG: src/lcthw/hashmap.c:Hashmap_get_node:205: TRY: 113
DEBUG: src/lcthw/hashmap.c:Hashmap_get_node:205: TRY: 114
DEBUG: src/lcthw/hashmap.c:Hashmap_get_node:205: TRY: 115
DEBUG: src/lcthw/hashmap.c:Hashmap_get_node:205: TRY: 116
DEBUG: src/lcthw/hashmap.c:Hashmap_get_node:205: TRY: 117
DEBUG: src/lcthw/hashmap.c:Hashmap_get_node:205: TRY: 118
DEBUG: src/lcthw/hashmap.c:Hashmap_get_node:205: TRY: 0
DEBUG: src/lcthw/hashmap.c:Hashmap_get_node:205: TRY: 1
DEBUG: src/lcthw/hashmap.c:Hashmap_get_node:205: TRY: 2
DEBUG: src/lcthw/hashmap.c:Hashmap_get_node:205: TRY: 3
DEBUG: src/lcthw/hashmap.c:Hashmap_get_node:205: TRY: 4
DEBUG: src/lcthw/hashmap.c:Hashmap_get_node:205: TRY: 5
DEBUG: src/lcthw/hashmap.c:Hashmap_get_node:205: TRY: 6
DEBUG: src/lcthw/hashmap.c:Hashmap_get_node:205: TRY: 7
DEBUG: src/lcthw/hashmap.c:Hashmap_get_node:205: TRY: 8
DEBUG: src/lcthw/hashmap.c:Hashmap_get_node:205: TRY: 9
DEBUG: src/lcthw/hashmap.c:Hashmap_get_node:205: TRY: 10
DEBUG: src/lcthw/hashmap.c:Hashmap_get_node:205: TRY: 11
DEBUG: src/lcthw/hashmap.c:Hashmap_get_node:205: TRY: 12
DEBUG: src/lcthw/hashmap.c:Hashmap_get_node:205: TRY: 13
DEBUG: src/lcthw/hashmap.c:Hashmap_get_node:205: TRY: 14
DEBUG: src/lcthw/hashmap.c:Hashmap_get_node:205: TRY: 15
DEBUG: src/lcthw/hashmap.c:Hashmap_get_node:205: TRY: 16
DEBUG: src/lcthw/hashmap.c:Hashmap_get_node:205: TRY: 17
DEBUG: src/lcthw/hashmap.c:Hashmap_get_node:205: TRY: 18
DEBUG: src/lcthw/hashmap.c:Hashmap_get_node:205: TRY: 19
DEBUG: src/lcthw/hashmap.c:Hashmap_get_node:205: TRY: 20
DEBUG: src/lcthw/hashmap.c:Hashmap_get_node:205: TRY: 21
DEBUG: src/lcthw/hashmap.c:Hashmap_get_node:205: TRY: 22
DEBUG: src/lcthw/hashmap.c:Hashmap_get_node:205: TRY: 23
DEBUG: src/lcthw/hashmap.c:Hashmap_get_node:205: TRY: 24
DEBUG: src/lcthw/hashmap.c:Hashmap_get_node:205: TRY: 25
DEBUG: src/lcthw/hashmap.c:Hashmap_get_node:205: TRY: 26
DEBUG: src/lcthw/hashmap.c:Hashmap_get_node:205: TRY: 27
DEBUG: src/lcthw/hashmap.c:Hashmap_get_node:205: TRY: 28
DEBUG: src/lcthw/hashmap.c:Hashmap_get_node:205: TRY: 29
DEBUG: src/lcthw/hashmap.c:Hashmap_get_node:205: TRY: 30
DEBUG: src/lcthw/hashmap.c:Hashmap_get_node:205: TRY: 31
DEBUG: src/lcthw/hashmap.c:Hashmap_get_node:205: TRY: 32
DEBUG: src/lcthw/hashmap.c:Hashmap_get_node:205: TRY: 33
DEBUG: src/lcthw/hashmap.c:Hashmap_get_node:205: TRY: 34
DEBUG: src/lcthw/hashmap.c:Hashmap_get_node:205: TRY: 35
DEBUG: src/lcthw/hashmap.c:Hashmap_get_node:205: TRY: 36
DEBUG: src/lcthw/hashmap.c:Hashmap_get_node:205: TRY: 37
DEBUG: src/lcthw/hashmap.c:Hashmap_get_node:205: TRY: 38
DEBUG: src/lcthw/hashmap.c:Hashmap_get_node:205: TRY: 39
DEBUG: src/lcthw/hashmap.c:Hashmap_get_node:205: TRY: 40
DEBUG: src/lcthw/hashmap.c:Hashmap_get_node:205: TRY: 41
DEBUG: src/lcthw/hashmap.c:Hashmap_get_node:205: TRY: 42
DEBUG: src/lcthw/hashmap.c:Hashmap_get_node:205: TRY: 43
DEBUG: src/lcthw/hashmap.c:Hashmap_get_node:205: TRY: 44
DEBUG: src/lcthw/hashmap.c:Hashmap_get_node:205: TRY: 45
DEBUG: src/lcthw/hashmap.c:Hashmap_get_node:205: TRY: 46
DEBUG: src/lcthw/hashmap.c:Hashmap_get_node:205: TRY: 47
DEBUG: src/lcthw/hashmap.c:Hashmap_get_node:205: TRY: 48
DEBUG: src/lcthw/hashmap.c:Hashmap_get_node:205: TRY: 49
DEBUG: src/lcthw/hashmap.c:Hashmap_get_node:205: TRY: 50
DEBUG: src/lcthw/hashmap.c:Hashmap_get_node:205: TRY: 51
DEBUG: src/lcthw/hashmap.c:Hashmap_get_node:205: TRY: 52
DEBUG: src/lcthw/hashmap.c:Hashmap_get_node:205: TRY: 53
DEBUG: src/lcthw/hashmap.c:Hashmap_get_node:205: TRY: 54
DEBUG: src/lcthw/hashmap.c:Hashmap_get_node:205: TRY: 55
DEBUG: src/lcthw/hashmap.c:Hashmap_get_node:205: TRY: 56
DEBUG: src/lcthw/hashmap.c:Hashmap_get_node:205: TRY: 57
DEBUG: src/lcthw/hashmap.c:Hashmap_get_node:205: TRY: 58
DEBUG: src/lcthw/hashmap.c:Hashmap_get_node:205: TRY: 59
DEBUG: src/lcthw/hashmap.c:Hashmap_get_node:205: TRY: 60
DEBUG: src/lcthw/hashmap.c:Hashmap_get_node:205: TRY: 61
DEBUG: src/lcthw/hashmap.c:Hashmap_get_node:205: TRY: 62
DEBUG: src/lcthw/hashmap.c:Hashmap_get_node:205: TRY: 63
DEBUG: src/lcthw/hashmap.c:Hashmap_get_node:205: TRY: 64
DEBUG: src/lcthw/hashmap.c:Hashmap_get_node:205: TRY: 65
DEBUG: src/lcthw/hashmap.c:Hashmap_get_node:205: TRY: 66
DEBUG: src/lcthw/hashmap.c:Hashmap_get_node:205: TRY: 67
DEBUG: src/lcthw/hashmap.c:Hashmap_get_node:205: TRY: 68
DEBUG: src/lcthw/hashmap.c:Hashmap_get_node:205: TRY: 69
DEBUG: src/lcthw/hashmap.c:Hashmap_get_node:205: TRY: 70
DEBUG: src/lcthw/hashmap.c:Hashmap_get_node:205: TRY: 71
DEBUG: src/lcthw/hashmap.c:Hashmap_get_node:205: TRY: 72
DEBUG: src/lcthw/hashmap.c:Hashmap_get_node:205: TRY: 73
DEBUG: src/lcthw/hashmap.c:Hashmap_get_node:205: TRY: 74
DEBUG: src/lcthw/hashmap.c:Hashmap_get_node:205: TRY: 75
DEBUG: src/lcthw/hashmap.c:Hashmap_get_node:205: TRY: 76
DEBUG: src/lcthw/hashmap.c:Hashmap_get_node:205: TRY: 77
DEBUG: src/lcthw/hashmap.c:Hashmap_get_node:205: TRY: 78
DEBUG: src/lcthw/hashmap.c:Hashmap_get_node:205: TRY: 79
DEBUG: src/lcthw/hashmap.c:Hashmap_get_node:205: TRY: 80
DEBUG: src/lcthw/hashmap.c:Hashmap_get_node:205: TRY: 81
DEBUG: src/lcthw/hashmap.c:Hashmap_get_node:205: TRY: 0
DEBUG: src/lcthw/hashmap.c:Hashmap_get_node:205: TRY: 1
DEBUG: src/lcthw/hashmap.c:Hashmap_get_node:205: TRY: 2
DEBUG: src/lcthw/hashmap.c:Hashmap_get_node:205: TRY: 3
DEBUG: src/lcthw/hashmap.c:Hashmap_get_node:205: TRY: 4
DEBUG: src/lcthw/hashmap.c:Hashmap_get_node:205: TRY: 5
DEBUG: src/lcthw/hashmap.c:Hashmap_get_node:205: TRY: 6
DEBUG: src/lcthw/hashmap.c:Hashmap_get_node:205: TRY: 7
DEBUG: src/lcthw/hashmap.c:Hashmap_get_node:205: TRY: 8
DEBUG: src/lcthw/hashmap.c:Hashmap_get_node:205: TRY: 9
DEBUG: src/lcthw/hashmap.c:Hashmap_get_node:205: TRY: 10
DEBUG: src/lcthw/hashmap.c:Hashmap_get_node:205: TRY: 11
DEBUG: src/lcthw/hashmap.c:Hashmap_get_node:205: TRY: 12
DEBUG: src/lcthw/hashmap.c:Hashmap_get_node:205: TRY: 13
DEBUG: src/lcthw/hashmap.c:Hashmap_get_node:205: TRY: 14
DEBUG: src/lcthw/hashmap.c:Hashmap_get_node:205: TRY: 15
DEBUG: src/lcthw/hashmap.c:Hashmap_get_node:205: TRY: 16
DEBUG: src/lcthw/hashmap.c:Hashmap_get_node:205: TRY: 17
DEBUG: src/lcthw/hashmap.c:Hashmap_get_node:205: TRY: 18
DEBUG: src/lcthw/hashmap.c:Hashmap_get_node:205: TRY: 19
DEBUG: src/lcthw/hashmap.c:Hashmap_get_node:205: TRY: 20
DEBUG: src/lcthw/hashmap.c:Hashmap_get_node:205: TRY: 21
DEBUG: src/lcthw/hashmap.c:Hashmap_get_node:205: TRY: 22
DEBUG: src/lcthw/hashmap.c:Hashmap_get_node:205: TRY: 23
DEBUG: src/lcthw/hashmap.c:Hashmap_get_node:205: TRY: 24
DEBUG: src/lcthw/hashmap.c:Hashmap_get_node:205: TRY: 25
DEBUG: src/lcthw/hashmap.c:Hashmap_get_node:205: TRY: 26
DEBUG: src/lcthw/hashmap.c:Hashmap_get_node:205: TRY: 27
DEBUG: src/lcthw/hashmap.c:Hashmap_get_node:205: TRY: 28
DEBUG: src/lcthw/hashmap.c:Hashmap_get_node:205: TRY: 29
DEBUG: src/lcthw/hashmap.c:Hashmap_get_node:205: TRY: 30
DEBUG: src/lcthw/hashmap.c:Hashmap_get_node:205: TRY: 31
DEBUG: src/lcthw/hashmap.c:Hashmap_get_node:205: TRY: 32
DEBUG: src/lcthw/hashmap.c:Hashmap_get_node:205: TRY: 33
DEBUG: src/lcthw/hashmap.c:Hashmap_get_node:205: TRY: 34
DEBUG: src/lcthw/hashmap.c:Hashmap_get_node:205: TRY: 35
DEBUG: src/lcthw/hashmap.c:Hashmap_get_node:205: TRY: 36
DEBUG: src/lcthw/hashmap.c:Hashmap_get_node:205: TRY: 37
DEBUG: src/lcthw/hashmap.c:Hashmap_get_node:205: TRY: 38
DEBUG: src/lcthw/hashmap.c:Hashmap_get_node:205: TRY: 39
DEBUG: src/lcthw/hashmap.c:Hashmap_get_node:205: TRY: 40
DEBUG: src/lcthw/hashmap.c:Hashmap_get_node:205: TRY: 41
DEBUG: src/lcthw/hashmap.c:Hashmap_get_node:205: TRY: 42
DEBUG: src/lcthw/hashmap.c:Hashmap_get_node:205: TRY: 43
DEBUG: src/lcthw/hashmap.c:Hashmap_get_node:205: TRY: 44
DEBUG: src/lcthw/hashmap.c:Hashmap_get_node:205: TRY: 45
DEBUG: src/lcthw/hashmap.c:Hashmap_get_node:205: TRY: 46
DEBUG: src/lcthw/hashmap.c:Hashmap_get_node:205: TRY: 47
DEBUG: src/lcthw/hashmap.c:Hashmap_get_node:205: TRY: 48
DEBUG: src/lcthw/hashmap.c:Hashmap_get_node:205: TRY: 49
DEBUG: src/lcthw/hashmap.c:Hashmap_get_node:205: TRY: 50
DEBUG: src/lcthw/hashmap.c:Hashmap_get_node:205: TRY: 51
DEBUG: src/lcthw/hashmap.c:Hashmap_get_node:205: TRY: 52
DEBUG: src/lcthw/hashmap.c:Hashmap_get_node:205: TRY: 53
DEBUG: src/lcthw/hashmap.c:Hashmap_get_node:205: TRY: 54
DEBUG: src/lcthw/hashmap.c:Hashmap_get_node:205: TRY: 55
DEBUG: src/lcthw/hashmap.c:Hashmap_get_node:205: TRY: 56
DEBUG: src/lcthw/hashmap.c:Hashmap_get_node:205: TRY: 57
DEBUG: src/lcthw/hashmap.c:Hashmap_get_node:205: TRY: 58
DEBUG: src/lcthw/hashmap.c:Hashmap_get_node:205: TRY: 59
DEBUG: src/lcthw/hashmap.c:Hashmap_get_node:205: TRY: 60
DEBUG: src/lcthw/hashmap.c:Hashmap_get_node:205: TRY: 61
DEBUG: src/lcthw/hashmap.c:Hashmap_get_node:205: TRY: 62
DEBUG: src/lcthw/hashmap.c:Hashmap_get_node:205: TRY: 63
DEBUG: src/lcthw/hashmap.c:Hashmap_get_node:205: TRY: 64
DEBUG: src/lcthw/hashmap.c:Hashmap_get_node:205: TRY: 65
DEBUG: src/lcthw/hashmap.c:Hashmap_get_node:205: TRY: 66
DEBUG: src/lcthw/hashmap.c:Hashmap_get_node:205: TRY: 67
DEBUG: src/lcthw/hashmap.c:Hashmap_get_node:205: TRY: 68
DEBUG: src/lcthw/hashmap.c:Hashmap_get_node:205: TRY: 69
DEBUG: src/lcthw/hashmap.c:Hashmap_get_node:205: TRY: 70
DEBUG: src/lcthw/hashmap.c:Hashmap_get_node:205: TRY: 71
DEBUG: src/lcthw/hashmap.c:Hashmap_get_node:205: TRY: 72
DEBUG: src/lcthw/hashmap.c:Hashmap_get_node:205: TRY: 73
DEBUG: src/lcthw/hashmap.c:Hashmap_get_node:205: TRY: 74
DEBUG: src/lcthw/hashmap.c:Hashmap_get_node:205: TRY: 75
DEBUG: src/lcthw/hashmap.c:Hashmap_get_node:205: TRY: 76
DEBUG: src/lcthw/hashmap.c:Hashmap_get_node:205: TRY: 77
DEBUG: src/lcthw/hashmap.c:Hashmap_get_node:205: TRY: 78
DEBUG: src/lcthw/hashmap.c:Hashmap_get_node:205: TRY: 79
DEBUG: src/lcthw/hashmap.c:Hashmap_get_node:205: TRY: 80
DEBUG: src/lcthw/hashmap.c:Hashmap_get_node:205: TRY: 81
DEBUG: src/lcthw/hashmap.c:Hashmap_get_node:205: TRY: 82
DEBUG: src/lcthw/hashmap.c:Hashmap_get_node:205: TRY: 83
DEBUG: src/lcthw/hashmap.c:Hashmap_get_node:205: TRY: 84
DEBUG: src/lcthw/hashmap.c:Hashmap_get_node:205: TRY: 85
DEBUG: src/lcthw/hashmap.c:Hashmap_get_node:205: TRY: 86
DEBUG: src/lcthw/hashmap.c:Hashmap_get_node:205: TRY: 87
DEBUG: src/lcthw/hashmap.c:Hashmap_get_node:205: TRY: 0
DEBUG: src/lcthw/hashmap.c:Hashmap_get_node:205: TRY: 1
DEBUG: src/lcthw/hashmap.c:Hashmap_get_node:205: TRY: 2
DEBUG: src/lcthw/hashmap.c:Hashmap_get_node:205: TRY: 3
DEBUG: src/lcthw/hashmap.c:Hashmap_get_node:205: TRY: 4
DEBUG: src/lcthw/hashmap.c:Hashmap_get_node:205: TRY: 5
DEBUG: src/lcthw/hashmap.c:Hashmap_get_node:205: TRY: 6
DEBUG: src/lcthw/hashmap.c:Hashmap_get_node:205: TRY: 7
DEBUG: src/lcthw/hashmap.c:Hashmap_get_node:205: TRY: 8
DEBUG: src/lcthw/hashmap.c:Hashmap_get_node:205: TRY: 9
DEBUG: src/lcthw/hashmap.c:Hashmap_get_node:205: TRY: 10
DEBUG: src/lcthw/hashmap.c:Hashmap_get_node:205: TRY: 11
DEBUG: src/lcthw/hashmap.c:Hashmap_get_node:205: TRY: 12
DEBUG: src/lcthw/hashmap.c:Hashmap_get_node:205: TRY: 13
DEBUG: src/lcthw/hashmap.c:Hashmap_get_node:205: TRY: 14
DEBUG: src/lcthw/hashmap.c:Hashmap_get_node:205: TRY: 15
DEBUG: src/lcthw/hashmap.c:Hashmap_get_node:205: TRY: 16
DEBUG: src/lcthw/hashmap.c:Hashmap_get_node:205: TRY: 17
DEBUG: src/lcthw/hashmap.c:Hashmap_get_node:205: TRY: 18
DEBUG: src/lcthw/hashmap.c:Hashmap_get_node:205: TRY: 19
DEBUG: src/lcthw/hashmap.c:Hashmap_get_node:205: TRY: 20
DEBUG: src/lcthw/hashmap.c:Hashmap_get_node:205: TRY: 21
DEBUG: src/lcthw/hashmap.c:Hashmap_get_node:205: TRY: 22
DEBUG: src/lcthw/hashmap.c:Hashmap_get_node:205: TRY: 23
DEBUG: src/lcthw/hashmap.c:Hashmap_get_node:205: TRY: 24
DEBUG: src/lcthw/hashmap.c:Hashmap_get_node:205: TRY: 25
DEBUG: src/lcthw/hashmap.c:Hashmap_get_node:205: TRY: 26
DEBUG: src/lcthw/hashmap.c:Hashmap_get_node:205: TRY: 27
DEBUG: src/lcthw/hashmap.c:Hashmap_get_node:205: TRY: 28
DEBUG: src/lcthw/hashmap.c:Hashmap_get_node:205: TRY: 29
DEBUG: src/lcthw/hashmap.c:Hashmap_get_node:205: TRY: 30
DEBUG: src/lcthw/hashmap.c:Hashmap_get_node:205: TRY: 31
DEBUG: src/lcthw/hashmap.c:Hashmap_get_node:205: TRY: 32
DEBUG: src/lcthw/hashmap.c:Hashmap_get_node:205: TRY: 33
DEBUG: src/lcthw/hashmap.c:Hashmap_get_node:205: TRY: 34
DEBUG: src/lcthw/hashmap.c:Hashmap_get_node:205: TRY: 35
DEBUG: src/lcthw/hashmap.c:Hashmap_get_node:205: TRY: 36
DEBUG: src/lcthw/hashmap.c:Hashmap_get_node:205: TRY: 37
DEBUG: src/lcthw/hashmap.c:Hashmap_get_node:205: TRY: 38
DEBUG: src/lcthw/hashmap.c:Hashmap_get_node:205: TRY: 39
DEBUG: src/lcthw/hashmap.c:Hashmap_get_node:205: TRY: 40
DEBUG: src/lcthw/hashmap.c:Hashmap_get_node:205: TRY: 41
DEBUG: src/lcthw/hashmap.c:Hashmap_get_node:205: TRY: 42
DEBUG: src/lcthw/hashmap.c:Hashmap_get_node:205: TRY: 43
DEBUG: src/lcthw/hashmap.c:Hashmap_get_node:205: TRY: 44
DEBUG: src/lcthw/hashmap.c:Hashmap_get_node:205: TRY: 45
DEBUG: src/lcthw/hashmap.c:Hashmap_get_node:205: TRY: 46
DEBUG: src/lcthw/hashmap.c:Hashmap_get_node:205: TRY: 47
DEBUG: src/lcthw/hashmap.c:Hashmap_get_node:205: TRY: 48
DEBUG: src/lcthw/hashmap.c:Hashmap_get_node:205: TRY: 49
DEBUG: src/lcthw/hashmap.c:Hashmap_get_node:205: TRY: 50
DEBUG: src/lcthw/hashmap.c:Hashmap_get_node:205: TRY: 51
DEBUG: src/lcthw/hashmap.c:Hashmap_get_node:205: TRY: 52
DEBUG: src/lcthw/hashmap.c:Hashmap_get_node:205: TRY: 53
DEBUG: src/lcthw/hashmap.c:Hashmap_get_node:205: TRY: 54
DEBUG: src/lcthw/hashmap.c:Hashmap_get_node:205: TRY: 55
DEBUG: src/lcthw/hashmap.c:Hashmap_get_node:205: TRY: 56
DEBUG: src/lcthw/hashmap.c:Hashmap_get_node:205: TRY: 57
DEBUG: src/lcthw/hashmap.c:Hashmap_get_node:205: TRY: 58
DEBUG: src/lcthw/hashmap.c:Hashmap_get_node:205: TRY: 59
DEBUG: src/lcthw/hashmap.c:Hashmap_get_node:205: TRY: 60
DEBUG: src/lcthw/hashmap.c:Hashmap_get_node:205: TRY: 61
DEBUG: src/lcthw/hashmap.c:Hashmap_get_node:205: TRY: 62
DEBUG: src/lcthw/hashmap.c:Hashmap_get_node:205: TRY: 63
DEBUG: src/lcthw/hashmap.c:Hashmap_get_node:205: TRY: 64
DEBUG: src/lcthw/hashmap.c:Hashmap_get_node:205: TRY: 65
DEBUG: src/lcthw/hashmap.c:Hashmap_get_node:205: TRY: 66
DEBUG: src/lcthw/hashmap.c:Hashmap_get_node:205: TRY: 67
DEBUG: src/lcthw/hashmap.c:Hashmap_get_node:205: TRY: 68
DEBUG: src/lcthw/hashmap.c:Hashmap_get_node:205: TRY: 69
DEBUG: src/lcthw/hashmap.c:Hashmap_get_node:205: TRY: 70
DEBUG: src/lcthw/hashmap.c:Hashmap_get_node:205: TRY: 71
DEBUG: src/lcthw/hashmap.c:Hashmap_get_node:205: TRY: 72
DEBUG: src/lcthw/hashmap.c:Hashmap_get_node:205: TRY: 73
DEBUG: src/lcthw/hashmap.c:Hashmap_get_node:205: TRY: 74
DEBUG: src/lcthw/hashmap.c:Hashmap_get_node:205: TRY: 75
DEBUG: src/lcthw/hashmap.c:Hashmap_get_node:205: TRY: 76
DEBUG: src/lcthw/hashmap.c:Hashmap_get_node:205: TRY: 77
DEBUG: src/lcthw/hashmap.c:Hashmap_get_node:205: TRY: 78
DEBUG: src/lcthw/hashmap.c:Hashmap_get_node:205: TRY: 79
DEBUG: src/lcthw/hashmap.c:Hashmap_get_node:205: TRY: 80
DEBUG: src/lcthw/hashmap.c:Hashmap_get_node:205: TRY: 81
DEBUG: src/lcthw/hashmap.c:Hashmap_get_node:205: TRY: 82
DEBUG: src/lcthw/hashmap.c:Hashmap_get_node:205: TRY: 83
DEBUG: src/lcthw/hashmap.c:Hashmap_get_node:205: TRY: 84
DEBUG: src/lcthw/hashmap.c:Hashmap_get_node:205: TRY: 85
DEBUG: src/lcthw/hashmap.c:Hashmap_get_node:205: TRY: 86
DEBUG: src/lcthw/hashmap.c:Hashmap_get_node:205: TRY: 87
DEBUG: src/lcthw/hashmap.c:Hashmap_get_node:205: TRY: 88
DEBUG: src/lcthw/hashmap.c:Hashmap_get_node:205: TRY: 89
DEBUG: src/lcthw/hashmap.c:Hashmap_get_node:205: TRY: 90
DEBUG: src/lcthw/hashmap.c:Hashmap_get_node:205: TRY: 91
DEBUG: src/lcthw/hashmap.c:Hashmap_get_node:205: TRY: 92
DEBUG: src/lcthw/hashmap.c:Hashmap_get_node:205: TRY: 93
DEBUG: src/lcthw/hashmap.c:Hashmap_get_node:205: TRY: 0
DEBUG: src/lcthw/hashmap.c:Hashmap_get_node:205: TRY: 1
DEBUG: src/lcthw/hashmap.c:Hashmap_get_node:205: TRY: 2
DEBUG: src/lcthw/hashmap.c:Hashmap_get_node:205: TRY: 3
DEBUG: src/lcthw/hashmap.c:Hashmap_get_node:205: TRY: 4
DEBUG: src/lcthw/hashmap.c:Hashmap_get_node:205: TRY: 5
DEBUG: src/lcthw/hashmap.c:Hashmap_get_node:205: TRY: 6
DEBUG: src/lcthw/hashmap.c:Hashmap_get_node:205: TRY: 7
DEBUG: src/lcthw/hashmap.c:Hashmap_get_node:205: TRY: 8
DEBUG: src/lcthw/hashmap.c:Hashmap_get_node:205: TRY: 9
DEBUG: src/lcthw/hashmap.c:Hashmap_get_node:205: TRY: 10
DEBUG: src/lcthw/hashmap.c:Hashmap_get_node:205: TRY: 11
DEBUG: src/lcthw/hashmap.c:Hashmap_get_node:205: TRY: 12
DEBUG: src/lcthw/hashmap.c:Hashmap_get_node:205: TRY: 13
DEBUG: src/lcthw/hashmap.c:Hashmap_get_node:205: TRY: 14
DEBUG: src/lcthw/hashmap.c:Hashmap_get_node:205: TRY: 15
DEBUG: src/lcthw/hashmap.c:Hashmap_get_node:205: TRY: 16
DEBUG: src/lcthw/hashmap.c:Hashmap_get_node:205: TRY: 17
DEBUG: src/lcthw/hashmap.c:Hashmap_get_node:205: TRY: 18
DEBUG: src/lcthw/hashmap.c:Hashmap_get_node:205: TRY: 19
DEBUG: src/lcthw/hashmap.c:Hashmap_get_node:205: TRY: 20
DEBUG: src/lcthw/hashmap.c:Hashmap_get_node:205: TRY: 21
DEBUG: src/lcthw/hashmap.c:Hashmap_get_node:205: TRY: 22
DEBUG: src/lcthw/hashmap.c:Hashmap_get_node:205: TRY: 23
DEBUG: src/lcthw/hashmap.c:Hashmap_get_node:205: TRY: 24
DEBUG: src/lcthw/hashmap.c:Hashmap_get_node:205: TRY: 25
DEBUG: src/lcthw/hashmap.c:Hashmap_get_node:205: TRY: 26
DEBUG: src/lcthw/hashmap.c:Hashmap_get_node:205: TRY: 27
DEBUG: src/lcthw/hashmap.c:Hashmap_get_node:205: TRY: 28
DEBUG: src/lcthw/hashmap.c:Hashmap_get_node:205: TRY: 29
DEBUG: src/lcthw/hashmap.c:Hashmap_get_node:205: TRY: 30
DEBUG: src/lcthw/hashmap.c:Hashmap_get_node:205: TRY: 31
DEBUG: src/lcthw/hashmap.c:Hashmap_get_node:205: TRY: 32
DEBUG: src/lcthw/hashmap.c:Hashmap_get_node:205: TRY: 33
DEBUG: src/lcthw/hashmap.c:Hashmap_get_node:205: TRY: 34
DEBUG: src/lcthw/hashmap.c:Hashmap_get_node:205: TRY: 35
DEBUG: src/lcthw/hashmap.c:Hashmap_get_node:205: TRY: 36
DEBUG: src/lcthw/hashmap.c:Hashmap_get_node:205: TRY: 37
DEBUG: src/lcthw/hashmap.c:Hashmap_get_node:205: TRY: 38
DEBUG: src/lcthw/hashmap.c:Hashmap_get_node:205: TRY: 39
DEBUG: src/lcthw/hashmap.c:Hashmap_get_node:205: TRY: 40
DEBUG: src/lcthw/hashmap.c:Hashmap_get_node:205: TRY: 41
DEBUG: src/lcthw/hashmap.c:Hashmap_get_node:205: TRY: 42
DEBUG: src/lcthw/hashmap.c:Hashmap_get_node:205: TRY: 43
DEBUG: src/lcthw/hashmap.c:Hashmap_get_node:205: TRY: 44
DEBUG: src/lcthw/hashmap.c:Hashmap_get_node:205: TRY: 45
DEBUG: src/lcthw/hashmap.c:Hashmap_get_node:205: TRY: 46
DEBUG: src/lcthw/hashmap.c:Hashmap_get_node:205: TRY: 47
DEBUG: src/lcthw/hashmap.c:Hashmap_get_node:205: TRY: 48
DEBUG: src/lcthw/hashmap.c:Hashmap_get_node:205: TRY: 49
DEBUG: src/lcthw/hashmap.c:Hashmap_get_node:205: TRY: 50
DEBUG: src/lcthw/hashmap.c:Hashmap_get_node:205: TRY: 51
DEBUG: src/lcthw/hashmap.c:Hashmap_get_node:205: TRY: 52
DEBUG: src/lcthw/hashmap.c:Hashmap_get_node:205: TRY: 53
DEBUG: src/lcthw/hashmap.c:Hashmap_get_node:205: TRY: 54
DEBUG: src/lcthw/hashmap.c:Hashmap_get_node:205: TRY: 55
DEBUG: src/lcthw/hashmap.c:Hashmap_get_node:205: TRY: 56
DEBUG: src/lcthw/hashmap.c:Hashmap_get_node:205: TRY: 57
DEBUG: src/lcthw/hashmap.c:Hashmap_get_node:205: TRY: 58
DEBUG: src/lcthw/hashmap.c:Hashmap_get_node:205: TRY: 59
DEBUG: src/lcthw/hashmap.c:Hashmap_get_node:205: TRY: 60
DEBUG: src/lcthw/hashmap.c:Hashmap_get_node:205: TRY: 61
DEBUG: src/lcthw/hashmap.c:Hashmap_get_node:205: TRY: 62
DEBUG: src/lcthw/hashmap.c:Hashmap_get_node:205: TRY: 63
DEBUG: src/lcthw/hashmap.c:Hashmap_get_node:205: TRY: 64
DEBUG: src/lcthw/hashmap.c:Hashmap_get_node:205: TRY: 65
DEBUG: src/lcthw/hashmap.c:Hashmap_get_node:205: TRY: 66
DEBUG: src/lcthw/hashmap.c:Hashmap_get_node:205: TRY: 67
DEBUG: src/lcthw/hashmap.c:Hashmap_get_node:205: TRY: 68
DEBUG: src/lcthw/hashmap.c:Hashmap_get_node:205: TRY: 69
DEBUG: src/lcthw/hashmap.c:Hashmap_get_node:205: TRY: 70
DEBUG: src/lcthw/hashmap.c:Hashmap_get_node:205: TRY: 71
DEBUG: src/lcthw/hashmap.c:Hashmap_get_node:205: TRY: 72
DEBUG: src/lcthw/hashmap.c:Hashmap_get_node:205: TRY: 73
DEBUG: src/lcthw/hashmap.c:Hashmap_get_node:205: TRY: 74
DEBUG: src/lcthw/hashmap.c:Hashmap_get_node:205: TRY: 75
DEBUG: src/lcthw/hashmap.c:Hashmap_get_node:205: TRY: 76
DEBUG: src/lcthw/hashmap.c:Hashmap_get_node:205: TRY: 77
DEBUG: src/lcthw/hashmap.c:Hashmap_get_node:205: TRY: 78
DEBUG: src/lcthw/hashmap.c:Hashmap_get_node:205: TRY: 79
DEBUG: src/lcthw/hashmap.c:Hashmap_get_node:205: TRY: 80
DEBUG: src/lcthw/hashmap.c:Hashmap_get_node:205: TRY: 81
DEBUG: src/lcthw/hashmap.c:Hashmap_get_node:205: TRY: 82
DEBUG: src/lcthw/hashmap.c:Hashmap_get_node:205: TRY: 83
DEBUG: src/lcthw/hashmap.c:Hashmap_get_node:205: TRY: 84
DEBUG: src/lcthw/hashmap.c:Hashmap_get_node:205: TRY: 85
DEBUG: src/lcthw/hashmap.c:Hashmap_get_node:205: TRY: 86
DEBUG: src/lcthw/hashmap.c:Hashmap_get_node:205: TRY: 87
DEBUG: src/lcthw/hashmap.c:Hashmap_get_node:205: TRY: 88
DEBUG: src/lcthw/hashmap.c:Hashmap_get_node:205: TRY: 89
DEBUG: src/lcthw/hashmap.c:Hashmap_get_node:205: TRY: 90
DEBUG: src/lcthw/hashmap.c:Hashmap_get_node:205: TRY: 91
DEBUG: src/lcthw/hashmap.c:Hashmap_get_node:205: TRY: 92
DEBUG: src/lcthw/hashmap.c:Hashmap_get_node:205: TRY: 93
DEBUG: src/lcthw/hashmap.c:Hashmap_get_node:205: TRY: 94
DEBUG: src/lcthw/hashmap.c:Hashmap_get_node:205: TRY: 0
DEBUG: src/lcthw/hashmap.c:Hashmap_get_node:205: TRY: 1
DEBUG: src/lcthw/hashmap.c:Hashmap_get_node:205: TRY: 2
DEBUG: src/lcthw/hashmap.c:Hashmap_get_node:205: TRY: 3
DEBUG: src/lcthw/hashmap.c:Hashmap_get_node:205: TRY: 4
DEBUG: src/lcthw/hashmap.c:Hashmap_get_node:205: TRY: 5
DEBUG: src/lcthw/hashmap.c:Hashmap_get_node:205: TRY: 6
DEBUG: src/lcthw/hashmap.c:Hashmap_get_node:205: TRY: 7
DEBUG: src/lcthw/hashmap.c:Hashmap_get_node:205: TRY: 8
DEBUG: src/lcthw/hashmap.c:Hashmap_get_node:205: TRY: 9
DEBUG: src/lcthw/hashmap.c:Hashmap_get_node:205: TRY: 10
DEBUG: src/lcthw/hashmap.c:Hashmap_get_node:205: TRY: 11
DEBUG: src/lcthw/hashmap.c:Hashmap_get_node:205: TRY: 12
DEBUG: src/lcthw/hashmap.c:Hashmap_get_node:205: TRY: 13
DEBUG: src/lcthw/hashmap.c:Hashmap_get_node:205: TRY: 14
DEBUG: src/lcthw/hashmap.c:Hashmap_get_node:205: TRY: 15
DEBUG: src/lcthw/hashmap.c:Hashmap_get_node:205: TRY: 16
DEBUG: src/lcthw/hashmap.c:Hashmap_get_node:205: TRY: 17
DEBUG: src/lcthw/hashmap.c:Hashmap_get_node:205: TRY: 18
DEBUG: src/lcthw/hashmap.c:Hashmap_get_node:205: TRY: 19
DEBUG: src/lcthw/hashmap.c:Hashmap_get_node:205: TRY: 20
DEBUG: src/lcthw/hashmap.c:Hashmap_get_node:205: TRY: 21
DEBUG: src/lcthw/hashmap.c:Hashmap_get_node:205: TRY: 22
DEBUG: src/lcthw/hashmap.c:Hashmap_get_node:205: TRY: 23
DEBUG: src/lcthw/hashmap.c:Hashmap_get_node:205: TRY: 24
DEBUG: src/lcthw/hashmap.c:Hashmap_get_node:205: TRY: 25
DEBUG: src/lcthw/hashmap.c:Hashmap_get_node:205: TRY: 26
DEBUG: src/lcthw/hashmap.c:Hashmap_get_node:205: TRY: 27
DEBUG: src/lcthw/hashmap.c:Hashmap_get_node:205: TRY: 28
DEBUG: src/lcthw/hashmap.c:Hashmap_get_node:205: TRY: 29
DEBUG: src/lcthw/hashmap.c:Hashmap_get_node:205: TRY: 30
DEBUG: src/lcthw/hashmap.c:Hashmap_get_node:205: TRY: 31
DEBUG: src/lcthw/hashmap.c:Hashmap_get_node:205: TRY: 32
DEBUG: src/lcthw/hashmap.c:Hashmap_get_node:205: TRY: 33
DEBUG: src/lcthw/hashmap.c:Hashmap_get_node:205: TRY: 34
DEBUG: src/lcthw/hashmap.c:Hashmap_get_node:205: TRY: 35
DEBUG: src/lcthw/hashmap.c:Hashmap_get_node:205: TRY: 36
DEBUG: src/lcthw/hashmap.c:Hashmap_get_node:205: TRY: 37
DEBUG: src/lcthw/hashmap.c:Hashmap_get_node:205: TRY: 38
DEBUG: src/lcthw/hashmap.c:Hashmap_get_node:205: TRY: 39
DEBUG: src/lcthw/hashmap.c:Hashmap_get_node:205: TRY: 40
DEBUG: src/lcthw/hashmap.c:Hashmap_get_node:205: TRY: 41
DEBUG: src/lcthw/hashmap.c:Hashmap_get_node:205: TRY: 42
DEBUG: src/lcthw/hashmap.c:Hashmap_get_node:205: TRY: 43
DEBUG: src/lcthw/hashmap.c:Hashmap_get_node:205: TRY: 44
DEBUG: src/lcthw/hashmap.c:Hashmap_get_node:205: TRY: 45
DEBUG: src/lcthw/hashmap.c:Hashmap_get_node:205: TRY: 46
DEBUG: src/lcthw/hashmap.c:Hashmap_get_node:205: TRY: 47
DEBUG: src/lcthw/hashmap.c:Hashmap_get_node:205: TRY: 48
DEBUG: src/lcthw/hashmap.c:Hashmap_get_node:205: TRY: 49
DEBUG: src/lcthw/hashmap.c:Hashmap_get_node:205: TRY: 50
DEBUG: src/lcthw/hashmap.c:Hashmap_get_node:205: TRY: 51
DEBUG: src/lcthw/hashmap.c:Hashmap_get_node:205: TRY: 52
DEBUG: src/lcthw/hashmap.c:Hashmap_get_node:205: TRY: 53
DEBUG: src/lcthw/hashmap.c:Hashmap_get_node:205: TRY: 54
DEBUG: src/lcthw/hashmap.c:Hashmap_get_node:205: TRY: 55
DEBUG: src/lcthw/hashmap.c:Hashmap_get_node:205: TRY: 56
DEBUG: src/lcthw/hashmap.c:Hashmap_get_node:205: TRY: 57
DEBUG: src/lcthw/hashmap.c:Hashmap_get_node:205: TRY: 58
DEBUG: src/lcthw/hashmap.c:Hashmap_get_node:205: TRY: 59
DEBUG: src/lcthw/hashmap.c:Hashmap_get_node:205: TRY: 60
DEBUG: src/lcthw/hashmap.c:Hashmap_get_node:205: TRY: 61
DEBUG: src/lcthw/hashmap.c:Hashmap_get_node:205: TRY: 62
DEBUG: src/lcthw/hashmap.c:Hashmap_get_node:205: TRY: 63
DEBUG: src/lcthw/hashmap.c:Hashmap_get_node:205: TRY: 64
DEBUG: src/lcthw/hashmap.c:Hashmap_get_node:205: TRY: 65
DEBUG: src/lcthw/hashmap.c:Hashmap_get_node:205: TRY: 66
DEBUG: src/lcthw/hashmap.c:Hashmap_get_node:205: TRY: 67
DEBUG: src/lcthw/hashmap.c:Hashmap_get_node:205: TRY: 68
DEBUG: src/lcthw/hashmap.c:Hashmap_get_node:205: TRY: 69
DEBUG: src/lcthw/hashmap.c:Hashmap_get_node:205: TRY: 70
DEBUG: src/lcthw/hashmap.c:Hashmap_get_node:205: TRY: 71
DEBUG: src/lcthw/hashmap.c:Hashmap_get_node:205: TRY: 72
DEBUG: src/lcthw/hashmap.c:Hashmap_get_node:205: TRY: 73
DEBUG: src/lcthw/hashmap.c:Hashmap_get_node:205: TRY: 74
DEBUG: src/lcthw/hashmap.c:Hashmap_get_node:205: TRY: 75
DEBUG: src/lcthw/hashmap.c:Hashmap_get_node:205: TRY: 76
DEBUG: src/lcthw/hashmap.c:Hashmap_get_node:205: TRY: 77
DEBUG: src/lcthw/hashmap.c:Hashmap_get_node:205: TRY: 78
DEBUG: src/lcthw/hashmap.c:Hashmap_get_node:205: TRY: 79
DEBUG: src/lcthw/hashmap.c:Hashmap_get_node:205: TRY: 80
DEBUG: src/lcthw/hashmap.c:Hashmap_get_node:205: TRY: 81
DEBUG: src/lcthw/hashmap.c:Hashmap_get_node:205: TRY: 82
DEBUG: src/lcthw/hashmap.c:Hashmap_get_node:205: TRY: 83
DEBUG: src/lcthw/hashmap.c:Hashmap_get_node:205: TRY: 84
DEBUG: src/lcthw/hashmap.c:Hashmap_get_node:205: TRY: 85
DEBUG: src/lcthw/hashmap.c:Hashmap_get_node:205: TRY: 86
DEBUG: src/lcthw/hashmap.c:Hashmap_get_node:205: TRY: 87
DEBUG: src/lcthw/hashmap.c:Hashmap_get_node:205: TRY: 88
DEBUG: src/lcthw/hashmap.c:Hashmap_get_node:205: TRY: 89
DEBUG: src/lcthw/hashmap.c:Hashmap_get_node:205: TRY: 90
DEBUG: src/lcthw/hashmap.c:Hashmap_get_node:205: TRY: 91
DEBUG: src/lcthw/hashmap.c:Hashmap_get_node:205: TRY: 0
DEBUG: src/lcthw/hashmap.c:Hashmap_get_node:205: TRY: 1
DEBUG: src/lcthw/hashmap.c:Hashmap_get_node:205: TRY: 2
DEBUG: src/lcthw/hashmap.c:Hashmap_get_node:205: TRY: 3
DEBUG: src/lcthw/hashmap.c:Hashmap_get_node:205: TRY: 4
DEBUG: src/lcthw/hashmap.c:Hashmap_get_node:205: TRY: 5
DEBUG: src/lcthw/hashmap.c:Hashmap_get_node:205: TRY: 6
DEBUG: src/lcthw/hashmap.c:Hashmap_get_node:205: TRY: 7
DEBUG: src/lcthw/hashmap.c:Hashmap_get_node:205: TRY: 8
DEBUG: src/lcthw/hashmap.c:Hashmap_get_node:205: TRY: 9
DEBUG: src/lcthw/hashmap.c:Hashmap_get_node:205: TRY: 10
DEBUG: src/lcthw/hashmap.c:Hashmap_get_node:205: TRY: 11
DEBUG: src/lcthw/hashmap.c:Hashmap_get_node:205: TRY: 12
DEBUG: src/lcthw/hashmap.c:Hashmap_get_node:205: TRY: 13
DEBUG: src/lcthw/hashmap.c:Hashmap_get_node:205: TRY: 14
DEBUG: src/lcthw/hashmap.c:Hashmap_get_node:205: TRY: 15
DEBUG: src/lcthw/hashmap.c:Hashmap_get_node:205: TRY: 16
DEBUG: src/lcthw/hashmap.c:Hashmap_get_node:205: TRY: 17
DEBUG: src/lcthw/hashmap.c:Hashmap_get_node:205: TRY: 18
DEBUG: src/lcthw/hashmap.c:Hashmap_get_node:205: TRY: 19
DEBUG: src/lcthw/hashmap.c:Hashmap_get_node:205: TRY: 20
DEBUG: src/lcthw/hashmap.c:Hashmap_get_node:205: TRY: 21
DEBUG: src/lcthw/hashmap.c:Hashmap_get_node:205: TRY: 22
DEBUG: src/lcthw/hashmap.c:Hashmap_get_node:205: TRY: 23
DEBUG: src/lcthw/hashmap.c:Hashmap_get_node:205: TRY: 24
DEBUG: src/lcthw/hashmap.c:Hashmap_get_node:205: TRY: 25
DEBUG: src/lcthw/hashmap.c:Hashmap_get_node:205: TRY: 26
DEBUG: src/lcthw/hashmap.c:Hashmap_get_node:205: TRY: 27
DEBUG: src/lcthw/hashmap.c:Hashmap_get_node:205: TRY: 28
DEBUG: src/lcthw/hashmap.c:Hashmap_get_node:205: TRY: 29
DEBUG: src/lcthw/hashmap.c:Hashmap_get_node:205: TRY: 30
DEBUG: src/lcthw/hashmap.c:Hashmap_get_node:205: TRY: 31
DEBUG: src/lcthw/hashmap.c:Hashmap_get_node:205: TRY: 32
DEBUG: src/lcthw/hashmap.c:Hashmap_get_node:205: TRY: 33
DEBUG: src/lcthw/hashmap.c:Hashmap_get_node:205: TRY: 34
DEBUG: src/lcthw/hashmap.c:Hashmap_get_node:205: TRY: 35
DEBUG: src/lcthw/hashmap.c:Hashmap_get_node:205: TRY: 36
DEBUG: src/lcthw/hashmap.c:Hashmap_get_node:205: TRY: 37
DEBUG: src/lcthw/hashmap.c:Hashmap_get_node:205: TRY: 38
DEBUG: src/lcthw/hashmap.c:Hashmap_get_node:205: TRY: 39
DEBUG: src/lcthw/hashmap.c:Hashmap_get_node:205: TRY: 40
DEBUG: src/lcthw/hashmap.c:Hashmap_get_node:205: TRY: 41
DEBUG: src/lcthw/hashmap.c:Hashmap_get_node:205: TRY: 42
DEBUG: src/lcthw/hashmap.c:Hashmap_get_node:205: TRY: 43
DEBUG: src/lcthw/hashmap.c:Hashmap_get_node:205: TRY: 44
DEBUG: src/lcthw/hashmap.c:Hashmap_get_node:205: TRY: 45
DEBUG: src/lcthw/hashmap.c:Hashmap_get_node:205: TRY: 46
DEBUG: src/lcthw/hashmap.c:Hashmap_get_node:205: TRY: 47
DEBUG: src/lcthw/hashmap.c:Hashmap_get_node:205: TRY: 48
DEBUG: src/lcthw/hashmap.c:Hashmap_get_node:205: TRY: 49
DEBUG: src/lcthw/hashmap.c:Hashmap_get_node:205: TRY: 50
DEBUG: src/lcthw/hashmap.c:Hashmap_get_node:205: TRY: 51
DEBUG: src/lcthw/hashmap.c:Hashmap_get_node:205: TRY: 52
DEBUG: src/lcthw/hashmap.c:Hashmap_get_node:205: TRY: 53
DEBUG: src/lcthw/hashmap.c:Hashmap_get_node:205: TRY: 54
DEBUG: src/lcthw/hashmap.c:Hashmap_get_node:205: TRY: 55
DEBUG: src/lcthw/hashmap.c:Hashmap_get_node:205: TRY: 56
DEBUG: src/lcthw/hashmap.c:Hashmap_get_node:205: TRY: 57
DEBUG: src/lcthw/hashmap.c:Hashmap_get_node:205: TRY: 58
DEBUG: src/lcthw/hashmap.c:Hashmap_get_node:205: TRY: 59
DEBUG: src/lcthw/hashmap.c:Hashmap_get_node:205: TRY: 60
DEBUG: src/lcthw/hashmap.c:Hashmap_get_node:205: TRY: 61
DEBUG: src/lcthw/hashmap.c:Hashmap_get_node:205: TRY: 62
DEBUG: src/lcthw/hashmap.c:Hashmap_get_node:205: TRY: 63
DEBUG: src/lcthw/hashmap.c:Hashmap_get_node:205: TRY: 64
DEBUG: src/lcthw/hashmap.c:Hashmap_get_node:205: TRY: 65
DEBUG: src/lcthw/hashmap.c:Hashmap_get_node:205: TRY: 66
DEBUG: src/lcthw/hashmap.c:Hashmap_get_node:205: TRY: 67
DEBUG: src/lcthw/hashmap.c:Hashmap_get_node:205: TRY: 68
DEBUG: src/lcthw/hashmap.c:Hashmap_get_node:205: TRY: 69
DEBUG: src/lcthw/hashmap.c:Hashmap_get_node:205: TRY: 70
DEBUG: src/lcthw/hashmap.c:Hashmap_get_node:205: TRY: 71
DEBUG: src/lcthw/hashmap.c:Hashmap_get_node:205: TRY: 72
DEBUG: src/lcthw/hashmap.c:Hashmap_get_node:205: TRY: 73
DEBUG: src/lcthw/hashmap.c:Hashmap_get_node:205: TRY: 74
DEBUG: src/lcthw/hashmap.c:Hashmap_get_node:205: TRY: 75
DEBUG: src/lcthw/hashmap.c:Hashmap_get_node:205: TRY: 76
DEBUG: src/lcthw/hashmap.c:Hashmap_get_node:205: TRY: 77
DEBUG: src/lcthw/hashmap.c:Hashmap_get_node:205: TRY: 78
DEBUG: src/lcthw/hashmap.c:Hashmap_get_node:205: TRY: 79
DEBUG: src/lcthw/hashmap.c:Hashmap_get_node:205: TRY: 80
DEBUG: src/lcthw/hashmap.c:Hashmap_get_node:205: TRY: 81
DEBUG: src/lcthw/hashmap.c:Hashmap_get_node:205: TRY: 82
DEBUG: src/lcthw/hashmap.c:Hashmap_get_node:205: TRY: 83
DEBUG: src/lcthw/hashmap.c:Hashmap_get_node:205: TRY: 84
DEBUG: src/lcthw/hashmap.c:Hashmap_get_node:205: TRY: 85
DEBUG: src/lcthw/hashmap.c:Hashmap_get_node:205: TRY: 86
DEBUG: src/lcthw/hashmap.c:Hashmap_get_node:205: TRY: 87
DEBUG: src/lcthw/hashmap.c:Hashmap_get_node:205: TRY: 88
DEBUG: src/lcthw/hashmap.c:Hashmap_get_node:205: TRY: 89
DEBUG: src/lcthw/hashmap.c:Hashmap_get_node:205: TRY: 90
DEBUG: src/lcthw/hashmap.c:Hashmap_get_node:205: TRY: 91
DEBUG: src/lcthw/hashmap.c:Hashmap_get_node:205: TRY: 92
DEBUG: src/lcthw/hashmap.c:Hashmap_get_node:205: TRY: 0
DEBUG: src/lcthw/hashmap.c:Hashmap_get_node:205: TRY: 1
DEBUG: src/lcthw/hashmap.c:Hashmap_get_node:205: TRY: 2
DEBUG: src/lcthw/hashmap.c:Hashmap_get_node:205: TRY: 3
DEBUG: src/lcthw/hashmap.c:Hashmap_get_node:205: TRY: 4
DEBUG: src/lcthw/hashmap.c:Hashmap_get_node:205: TRY: 5
DEBUG: src/lcthw/hashmap.c:Hashmap_get_node:205: TRY: 6
DEBUG: src/lcthw/hashmap.c:Hashmap_get_node:205: TRY: 7
DEBUG: src/lcthw/hashmap.c:Hashmap_get_node:205: TRY: 8
DEBUG: src/lcthw/hashmap.c:Hashmap_get_node:205: TRY: 9
DEBUG: src/lcthw/hashmap.c:Hashmap_get_node:205: TRY: 10
DEBUG: src/lcthw/hashmap.c:Hashmap_get_node:205: TRY: 11
DEBUG: src/lcthw/hashmap.c:Hashmap_get_node:205: TRY: 12
DEBUG: src/lcthw/hashmap.c:Hashmap_get_node:205: TRY: 13
DEBUG: src/lcthw/hashmap.c:Hashmap_get_node:205: TRY: 14
DEBUG: src/lcthw/hashmap.c:Hashmap_get_node:205: TRY: 15
DEBUG: src/lcthw/hashmap.c:Hashmap_get_node:205: TRY: 16
DEBUG: src/lcthw/hashmap.c:Hashmap_get_node:205: TRY: 17
DEBUG: src/lcthw/hashmap.c:Hashmap_get_node:205: TRY: 18
DEBUG: src/lcthw/hashmap.c:Hashmap_get_node:205: TRY: 19
DEBUG: src/lcthw/hashmap.c:Hashmap_get_node:205: TRY: 20
DEBUG: src/lcthw/hashmap.c:Hashmap_get_node:205: TRY: 21
DEBUG: src/lcthw/hashmap.c:Hashmap_get_node:205: TRY: 22
DEBUG: src/lcthw/hashmap.c:Hashmap_get_node:205: TRY: 23
DEBUG: src/lcthw/hashmap.c:Hashmap_get_node:205: TRY: 24
DEBUG: src/lcthw/hashmap.c:Hashmap_get_node:205: TRY: 25
DEBUG: src/lcthw/hashmap.c:Hashmap_get_node:205: TRY: 26
DEBUG: src/lcthw/hashmap.c:Hashmap_get_node:205: TRY: 27
DEBUG: src/lcthw/hashmap.c:Hashmap_get_node:205: TRY: 28
DEBUG: src/lcthw/hashmap.c:Hashmap_get_node:205: TRY: 29
DEBUG: src/lcthw/hashmap.c:Hashmap_get_node:205: TRY: 30
DEBUG: src/lcthw/hashmap.c:Hashmap_get_node:205: TRY: 31
DEBUG: src/lcthw/hashmap.c:Hashmap_get_node:205: TRY: 32
DEBUG: src/lcthw/hashmap.c:Hashmap_get_node:205: TRY: 33
DEBUG: src/lcthw/hashmap.c:Hashmap_get_node:205: TRY: 34
DEBUG: src/lcthw/hashmap.c:Hashmap_get_node:205: TRY: 35
DEBUG: src/lcthw/hashmap.c:Hashmap_get_node:205: TRY: 36
DEBUG: src/lcthw/hashmap.c:Hashmap_get_node:205: TRY: 37
DEBUG: src/lcthw/hashmap.c:Hashmap_get_node:205: TRY: 38
DEBUG: src/lcthw/hashmap.c:Hashmap_get_node:205: TRY: 39
DEBUG: src/lcthw/hashmap.c:Hashmap_get_node:205: TRY: 40
DEBUG: src/lcthw/hashmap.c:Hashmap_get_node:205: TRY: 41
DEBUG: src/lcthw/hashmap.c:Hashmap_get_node:205: TRY: 42
DEBUG: src/lcthw/hashmap.c:Hashmap_get_node:205: TRY: 43
DEBUG: src/lcthw/hashmap.c:Hashmap_get_node:205: TRY: 44
DEBUG: src/lcthw/hashmap.c:Hashmap_get_node:205: TRY: 45
DEBUG: src/lcthw/hashmap.c:Hashmap_get_node:205: TRY: 46
DEBUG: src/lcthw/hashmap.c:Hashmap_get_node:205: TRY: 47
DEBUG: src/lcthw/hashmap.c:Hashmap_get_node:205: TRY: 48
DEBUG: src/lcthw/hashmap.c:Hashmap_get_node:205: TRY: 49
DEBUG: src/lcthw/hashmap.c:Hashmap_get_node:205: TRY: 50
DEBUG: src/lcthw/hashmap.c:Hashmap_get_node:205: TRY: 51
DEBUG: src/lcthw/hashmap.c:Hashmap_get_node:205: TRY: 52
DEBUG: src/lcthw/hashmap.c:Hashmap_get_node:205: TRY: 53
DEBUG: src/lcthw/hashmap.c:Hashmap_get_node:205: TRY: 54
DEBUG: src/lcthw/hashmap.c:Hashmap_get_node:205: TRY: 55
DEBUG: src/lcthw/hashmap.c:Hashmap_get_node:205: TRY: 56
DEBUG: src/lcthw/hashmap.c:Hashmap_get_node:205: TRY: 57
DEBUG: src/lcthw/hashmap.c:Hashmap_get_node:205: TRY: 58
DEBUG: src/lcthw/hashmap.c:Hashmap_get_node:205: TRY: 59
DEBUG: src/lcthw/hashmap.c:Hashmap_get_node:205: TRY: 60
DEBUG: src/lcthw/hashmap.c:Hashmap_get_node:205: TRY: 61
DEBUG: src/lcthw/hashmap.c:Hashmap_get_node:205: TRY: 62
DEBUG: src/lcthw/hashmap.c:Hashmap_get_node:205: TRY: 63
DEBUG: src/lcthw/hashmap.c:Hashmap_get_node:205: TRY: 64
DEBUG: src/lcthw/hashmap.c:Hashmap_get_node:205: TRY: 65
DEBUG: src/lcthw/hashmap.c:Hashmap_get_node:205: TRY: 66
DEBUG: src/lcthw/hashmap.c:Hashmap_get_node:205: TRY: 67
DEBUG: src/lcthw/hashmap.c:Hashmap_get_node:205: TRY: 68
DEBUG: src/lcthw/hashmap.c:Hashmap_get_node:205: TRY: 69
DEBUG: src/lcthw/hashmap.c:Hashmap_get_node:205: TRY: 70
DEBUG: src/lcthw/hashmap.c:Hashmap_get_node:205: TRY: 71
DEBUG: src/lcthw/hashmap.c:Hashmap_get_node:205: TRY: 72
DEBUG: src/lcthw/hashmap.c:Hashmap_get_node:205: TRY: 73
DEBUG: src/lcthw/hashmap.c:Hashmap_get_node:205: TRY: 74
DEBUG: src/lcthw/hashmap.c:Hashmap_get_node:205: TRY: 75
DEBUG: src/lcthw/hashmap.c:Hashmap_get_node:205: TRY: 76
DEBUG: src/lcthw/hashmap.c:Hashmap_get_node:205: TRY: 77
DEBUG: src/lcthw/hashmap.c:Hashmap_get_node:205: TRY: 78
DEBUG: src/lcthw/hashmap.c:Hashmap_get_node:205: TRY: 79
DEBUG: src/lcthw/hashmap.c:Hashmap_get_node:205: TRY: 80
DEBUG: src/lcthw/hashmap.c:Hashmap_get_node:205: TRY: 81
DEBUG: src/lcthw/hashmap.c:Hashmap_get_node:205: TRY: 82
DEBUG: src/lcthw/hashmap.c:Hashmap_get_node:205: TRY: 83
DEBUG: src/lcthw/hashmap.c:Hashmap_get_node:205: TRY: 84
DEBUG: src/lcthw/hashmap.c:Hashmap_get_node:205: TRY: 85
DEBUG: src/lcthw/hashmap.c:Hashmap_get_node:205: TRY: 86
DEBUG: src/lcthw/hashmap.c:Hashmap_get_node:205: TRY: 87
DEBUG: src/lcthw/hashmap.c:Hashmap_get_node:205: TRY: 0
DEBUG: src/lcthw/hashmap.c:Hashmap_get_node:205: TRY: 1
DEBUG: src/lcthw/hashmap.c:Hashmap_get_node:205: TRY: 2
DEBUG: src/lcthw/hashmap.c:Hashmap_get_node:205: TRY: 3
DEBUG: src/lcthw/hashmap.c:Hashmap_get_node:205: TRY: 4
DEBUG: src/lcthw/hashmap.c:Hashmap_get_node:205: TRY: 5
DEBUG: src/lcthw/hashmap.c:Hashmap_get_node:205: TRY: 6
DEBUG: src/lcthw/hashmap.c:Hashmap_get_node:205: TRY: 7
DEBUG: src/lcthw/hashmap.c:Hashmap_get_node:205: TRY: 8
DEBUG: src/lcthw/hashmap.c:Hashmap_get_node:205: TRY: 9
DEBUG: src/lcthw/hashmap.c:Hashmap_get_node:205: TRY: 10
DEBUG: src/lcthw/hashmap.c:Hashmap_get_node:205: TRY: 11
DEBUG: src/lcthw/hashmap.c:Hashmap_get_node:205: TRY: 12
DEBUG: src/lcthw/hashmap.c:Hashmap_get_node:205: TRY: 13
DEBUG: src/lcthw/hashmap.c:Hashmap_get_node:205: TRY: 14
DEBUG: src/lcthw/hashmap.c:Hashmap_get_node:205: TRY: 15
DEBUG: src/lcthw/hashmap.c:Hashmap_get_node:205: TRY: 16
DEBUG: src/lcthw/hashmap.c:Hashmap_get_node:205: TRY: 17
DEBUG: src/lcthw/hashmap.c:Hashmap_get_node:205: TRY: 18
DEBUG: src/lcthw/hashmap.c:Hashmap_get_node:205: TRY: 19
DEBUG: src/lcthw/hashmap.c:Hashmap_get_node:205: TRY: 20
DEBUG: src/lcthw/hashmap.c:Hashmap_get_node:205: TRY: 21
DEBUG: src/lcthw/hashmap.c:Hashmap_get_node:205: TRY: 22
DEBUG: src/lcthw/hashmap.c:Hashmap_get_node:205: TRY: 23
DEBUG: src/lcthw/hashmap.c:Hashmap_get_node:205: TRY: 24
DEBUG: src/lcthw/hashmap.c:Hashmap_get_node:205: TRY: 25
DEBUG: src/lcthw/hashmap.c:Hashmap_get_node:205: TRY: 26
DEBUG: src/lcthw/hashmap.c:Hashmap_get_node:205: TRY: 27
DEBUG: src/lcthw/hashmap.c:Hashmap_get_node:205: TRY: 28
DEBUG: src/lcthw/hashmap.c:Hashmap_get_node:205: TRY: 29
DEBUG: src/lcthw/hashmap.c:Hashmap_get_node:205: TRY: 30
DEBUG: src/lcthw/hashmap.c:Hashmap_get_node:205: TRY: 31
DEBUG: src/lcthw/hashmap.c:Hashmap_get_node:205: TRY: 32
DEBUG: src/lcthw/hashmap.c:Hashmap_get_node:205: TRY: 33
DEBUG: src/lcthw/hashmap.c:Hashmap_get_node:205: TRY: 34
DEBUG: src/lcthw/hashmap.c:Hashmap_get_node:205: TRY: 35
DEBUG: src/lcthw/hashmap.c:Hashmap_get_node:205: TRY: 36
DEBUG: src/lcthw/hashmap.c:Hashmap_get_node:205: TRY: 37
DEBUG: src/lcthw/hashmap.c:Hashmap_get_node:205: TRY: 38
DEBUG: src/lcthw/hashmap.c:Hashmap_get_node:205: TRY: 39
DEBUG: src/lcthw/hashmap.c:Hashmap_get_node:205: TRY: 40
DEBUG: src/lcthw/hashmap.c:Hashmap_get_node:205: TRY: 41
DEBUG: src/lcthw/hashmap.c:Hashmap_get_node:205: TRY: 42
DEBUG: src/lcthw/hashmap.c:Hashmap_get_node:205: TRY: 43
DEBUG: src/lcthw/hashmap.c:Hashmap_get_node:205: TRY: 44
DEBUG: src/lcthw/hashmap.c:Hashmap_get_node:205: TRY: 45
DEBUG: src/lcthw/hashmap.c:Hashmap_get_node:205: TRY: 46
DEBUG: src/lcthw/hashmap.c:Hashmap_get_node:205: TRY: 47
DEBUG: src/lcthw/hashmap.c:Hashmap_get_node:205: TRY: 48
DEBUG: src/lcthw/hashmap.c:Hashmap_get_node:205: TRY: 49
DEBUG: src/lcthw/hashmap.c:Hashmap_get_node:205: TRY: 50
DEBUG: src/lcthw/hashmap.c:Hashmap_get_node:205: TRY: 51
DEBUG: src/lcthw/hashmap.c:Hashmap_get_node:205: TRY: 52
DEBUG: src/lcthw/hashmap.c:Hashmap_get_node:205: TRY: 53
DEBUG: src/lcthw/hashmap.c:Hashmap_get_node:205: TRY: 54
DEBUG: src/lcthw/hashmap.c:Hashmap_get_node:205: TRY: 55
DEBUG: src/lcthw/hashmap.c:Hashmap_get_node:205: TRY: 56
DEBUG: src/lcthw/hashmap.c:Hashmap_get_node:205: TRY: 57
DEBUG: src/lcthw/hashmap.c:Hashmap_get_node:205: TRY: 58
DEBUG: src/lcthw/hashmap.c:Hashmap_get_node:205: TRY: 59
DEBUG: src/lcthw/hashmap.c:Hashmap_get_node:205: TRY: 60
DEBUG: src/lcthw/hashmap.c:Hashmap_get_node:205: TRY: 61
DEBUG: src/lcthw/hashmap.c:Hashmap_get_node:205: TRY: 62
DEBUG: src/lcthw/hashmap.c:Hashmap_get_node:205: TRY: 63
DEBUG: src/lcthw/hashmap.c:Hashmap_get_node:205: TRY: 64
DEBUG: src/lcthw/hashmap.c:Hashmap_get_node:205: TRY: 65
DEBUG: src/lcthw/hashmap.c:Hashmap_get_node:205: TRY: 66
DEBUG: src/lcthw/hashmap.c:Hashmap_get_node:205: TRY: 67
DEBUG: src/lcthw/hashmap.c:Hashmap_get_node:205: TRY: 68
DEBUG: src/lcthw/hashmap.c:Hashmap_get_node:205: TRY: 69
DEBUG: src/lcthw/hashmap.c:Hashmap_get_node:205: TRY: 70
DEBUG: src/lcthw/hashmap.c:Hashmap_get_node:205: TRY: 71
DEBUG: src/lcthw/hashmap.c:Hashmap_get_node:205: TRY: 72
DEBUG: src/lcthw/hashmap.c:Hashmap_get_node:205: TRY: 73
DEBUG: src/lcthw/hashmap.c:Hashmap_get_node:205: TRY: 74
DEBUG: src/lcthw/hashmap.c:Hashmap_get_node:205: TRY: 75
DEBUG: src/lcthw/hashmap.c:Hashmap_get_node:205: TRY: 76
DEBUG: src/lcthw/hashmap.c:Hashmap_get_node:205: TRY: 77
DEBUG: src/lcthw/hashmap.c:Hashmap_get_node:205: TRY: 78
DEBUG: src/lcthw/hashmap.c:Hashmap_get_node:205: TRY: 79
DEBUG: src/lcthw/hashmap.c:Hashmap_get_node:205: TRY: 80
DEBUG: src/lcthw/hashmap.c:Hashmap_get_node:205: TRY: 81
DEBUG: src/lcthw/hashmap.c:Hashmap_get_node:205: TRY: 82
DEBUG: src/lcthw/hashmap.c:Hashmap_get_node:205: TRY: 83
DEBUG: src/lcthw/hashmap.c:Hashmap_get_node:205: TRY: 84
DEBUG: src/lcthw/hashmap.c:Hashmap_get_node:205: TRY: 85
DEBUG: src/lcthw/hashmap.c:Hashmap_get_node:205: TRY: 86
DEBUG: src/lcthw/hashmap.c:Hashmap_get_node:205: TRY: 87
DEBUG: src/lcthw/hashmap.c:Hashmap_get_node:205: TRY: 88
DEBUG: src/lcthw/hashmap.c:Hashmap_get_node:205: TRY: 89
DEBUG: src/lcthw/hashmap.c:Hashmap_get_node:205: TRY: 90
DEBUG: src/lcthw/hashmap.c:Hashmap_get_node:205: TRY: 91
DEBUG: src/lcthw/hashmap.c:Hashmap_get_node:205: TRY: 92
DEBUG: src/lcthw/hashmap.c:Hashmap_get_node:205: TRY: 93
DEBUG: src/lcthw/hashmap.c:Hashmap_get_node:205: TRY: 0
DEBUG: src/lcthw/hashmap.c:Hashmap_get_node:205: TRY: 1
DEBUG: src/lcthw/hashmap.c:Hashmap_get_node:205: TRY: 2
DEBUG: src/lcthw/hashmap.c:Hashmap_get_node:205: TRY: 3
DEBUG: src/lcthw/hashmap.c:Hashmap_get_node:205: TRY: 4
DEBUG: src/lcthw/hashmap.c:Hashmap_get_node:205: TRY: 5
DEBUG: src/lcthw/hashmap.c:Hashmap_get_node:205: TRY: 6
DEBUG: src/lcthw/hashmap.c:Hashmap_get_node:205: TRY: 7
DEBUG: src/lcthw/hashmap.c:Hashmap_get_node:205: TRY: 8
DEBUG: src/lcthw/hashmap.c:Hashmap_get_node:205: TRY: 9
DEBUG: src/lcthw/hashmap.c:Hashmap_get_node:205: TRY: 10
DEBUG: src/lcthw/hashmap.c:Hashmap_get_node:205: TRY: 11
DEBUG: src/lcthw/hashmap.c:Hashmap_get_node:205: TRY: 12
DEBUG: src/lcthw/hashmap.c:Hashmap_get_node:205: TRY: 13
DEBUG: src/lcthw/hashmap.c:Hashmap_get_node:205: TRY: 14
DEBUG: src/lcthw/hashmap.c:Hashmap_get_node:205: TRY: 15
DEBUG: src/lcthw/hashmap.c:Hashmap_get_node:205: TRY: 16
DEBUG: src/lcthw/hashmap.c:Hashmap_get_node:205: TRY: 17
DEBUG: src/lcthw/hashmap.c:Hashmap_get_node:205: TRY: 18
DEBUG: src/lcthw/hashmap.c:Hashmap_get_node:205: TRY: 19
DEBUG: src/lcthw/hashmap.c:Hashmap_get_node:205: TRY: 20
DEBUG: src/lcthw/hashmap.c:Hashmap_get_node:205: TRY: 21
DEBUG: src/lcthw/hashmap.c:Hashmap_get_node:205: TRY: 22
DEBUG: src/lcthw/hashmap.c:Hashmap_get_node:205: TRY: 23
DEBUG: src/lcthw/hashmap.c:Hashmap_get_node:205: TRY: 24
DEBUG: src/lcthw/hashmap.c:Hashmap_get_node:205: TRY: 25
DEBUG: src/lcthw/hashmap.c:Hashmap_get_node:205: TRY: 26
DEBUG: src/lcthw/hashmap.c:Hashmap_get_node:205: TRY: 27
DEBUG: src/lcthw/hashmap.c:Hashmap_get_node:205: TRY: 28
DEBUG: src/lcthw/hashmap.c:Hashmap_get_node:205: TRY: 29
DEBUG: src/lcthw/hashmap.c:Hashmap_get_node:205: TRY: 30
DEBUG: src/lcthw/hashmap.c:Hashmap_get_node:205: TRY: 31
DEBUG: src/lcthw/hashmap.c:Hashmap_get_node:205: TRY: 32
DEBUG: src/lcthw/hashmap.c:Hashmap_get_node:205: TRY: 33
DEBUG: src/lcthw/hashmap.c:Hashmap_get_node:205: TRY: 34
DEBUG: src/lcthw/hashmap.c:Hashmap_get_node:205: TRY: 35
DEBUG: src/lcthw/hashmap.c:Hashmap_get_node:205: TRY: 36
DEBUG: src/lcthw/hashmap.c:Hashmap_get_node:205: TRY: 37
DEBUG: src/lcthw/hashmap.c:Hashmap_get_node:205: TRY: 38
DEBUG: src/lcthw/hashmap.c:Hashmap_get_node:205: TRY: 39
DEBUG: src/lcthw/hashmap.c:Hashmap_get_node:205: TRY: 40
DEBUG: src/lcthw/hashmap.c:Hashmap_get_node:205: TRY: 41
DEBUG: src/lcthw/hashmap.c:Hashmap_get_node:205: TRY: 42
DEBUG: src/lcthw/hashmap.c:Hashmap_get_node:205: TRY: 43
DEBUG: src/lcthw/hashmap.c:Hashmap_get_node:205: TRY: 44
DEBUG: src/lcthw/hashmap.c:Hashmap_get_node:205: TRY: 45
DEBUG: src/lcthw/hashmap.c:Hashmap_get_node:205: TRY: 46
DEBUG: src/lcthw/hashmap.c:Hashmap_get_node:205: TRY: 47
DEBUG: src/lcthw/hashmap.c:Hashmap_get_node:205: TRY: 48
DEBUG: src/lcthw/hashmap.c:Hashmap_get_node:205: TRY: 49
DEBUG: src/lcthw/hashmap.c:Hashmap_get_node:205: TRY: 50
DEBUG: src/lcthw/hashmap.c:Hashmap_get_node:205: TRY: 51
DEBUG: src/lcthw/hashmap.c:Hashmap_get_node:205: TRY: 52
DEBUG: src/lcthw/hashmap.c:Hashmap_get_node:205: TRY: 53
DEBUG: src/lcthw/hashmap.c:Hashmap_get_node:205: TRY: 54
DEBUG: src/lcthw/hashmap.c:Hashmap_get_node:205: TRY: 55
DEBUG: src/lcthw/hashmap.c:Hashmap_get_node:205: TRY: 56
DEBUG: src/lcthw/hashmap.c:Hashmap_get_node:205: TRY: 57
DEBUG: src/lcthw/hashmap.c:Hashmap_get_node:205: TRY: 58
DEBUG: src/lcthw/hashmap.c:Hashmap_get_node:205: TRY: 59
DEBUG: src/lcthw/hashmap.c:Hashmap_get_node:205: TRY: 60
DEBUG: src/lcthw/hashmap.c:Hashmap_get_node:205: TRY: 61
DEBUG: src/lcthw/hashmap.c:Hashmap_get_node:205: TRY: 62
DEBUG: src/lcthw/hashmap.c:Hashmap_get_node:205: TRY: 63
DEBUG: src/lcthw/hashmap.c:Hashmap_get_node:205: TRY: 64
DEBUG: src/lcthw/hashmap.c:Hashmap_get_node:205: TRY: 65
DEBUG: src/lcthw/hashmap.c:Hashmap_get_node:205: TRY: 66
DEBUG: src/lcthw/hashmap.c:Hashmap_get_node:205: TRY: 67
DEBUG: src/lcthw/hashmap.c:Hashmap_get_node:205: TRY: 68
DEBUG: src/lcthw/hashmap.c:Hashmap_get_node:205: TRY: 69
DEBUG: src/lcthw/hashmap.c:Hashmap_get_node:205: TRY: 70
DEBUG: src/lcthw/hashmap.c:Hashmap_get_node:205: TRY: 71
DEBUG: src/lcthw/hashmap.c:Hashmap_get_node:205: TRY: 72
DEBUG: src/lcthw/hashmap.c:Hashmap_get_node:205: TRY: 73
DEBUG: src/lcthw/hashmap.c:Hashmap_get_node:205: TRY: 74
DEBUG: src/lcthw/hashmap.c:Hashmap_get_node:205: TRY: 75
DEBUG: src/lcthw/hashmap.c:Hashmap_get_node:205: TRY: 76
DEBUG: src/lcthw/hashmap.c:Hashmap_get_node:205: TRY: 77
DEBUG: src/lcthw/hashmap.c:Hashmap_get_node:205: TRY: 78
DEBUG: src/lcthw/hashmap.c:Hashmap_get_node:205: TRY: 79
DEBUG: src/lcthw/hashmap.c:Hashmap_get_node:205: TRY: 80
DEBUG: src/lcthw/hashmap.c:Hashmap_get_node:205: TRY: 81
DEBUG: src/lcthw/hashmap.c:Hashmap_get_node:205: TRY: 82
DEBUG: src/lcthw/hashmap.c:Hashmap_get_node:205: TRY: 83
DEBUG: src/lcthw/hashmap.c:Hashmap_get_node:205: TRY: 84
DEBUG: src/lcthw/hashmap.c:Hashmap_get_node:205: TRY: 85
DEBUG: src/lcthw/hashmap.c:Hashmap_get_node:205: TRY: 86
DEBUG: src/lcthw/hashmap.c:Hashmap_get_node:205: TRY: 87
DEBUG: src/lcthw/hashmap.c:Hashmap_get_node:205: TRY: 88
DEBUG: src/lcthw/hashmap.c:Hashmap_get_node:205: TRY: 89
DEBUG: src/lcthw/hashmap.c:Hashmap_get_node:205: TRY: 90
DEBUG: src/lcthw/hashmap.c:Hashmap_get_node:205: TRY: 91
DEBUG: src/lcthw/hashmap.c:Hashmap_get_node:205: TRY: 92
DEBUG: src/lcthw/hashmap.c:Hashmap_get_node:205: TRY: 93
DEBUG: src/lcthw/hashmap.c:Hashmap_get_node:205: TRY: 94
DEBUG: src/lcthw/hashmap.c:Hashmap_get_node:205: TRY: 95
DEBUG: src/lcthw/hashmap.c:Hashmap_get_node:205: TRY: 96
DEBUG: src/lcthw/hashmap.c:Hashmap_get_node:205: TRY: 0
DEBUG: src/lcthw/hashmap.c:Hashmap_get_node:205: TRY: 1
DEBUG: src/lcthw/hashmap.c:Hashmap_get_node:205: TRY: 2
DEBUG: src/lcthw/hashmap.c:Hashmap_get_node:205: TRY: 3
DEBUG: src/lcthw/hashmap.c:Hashmap_get_node:205: TRY: 4
DEBUG: src/lcthw/hashmap.c:Hashmap_get_node:205: TRY: 5
DEBUG: src/lcthw/hashmap.c:Hashmap_get_node:205: TRY: 6
DEBUG: src/lcthw/hashmap.c:Hashmap_get_node:205: TRY: 7
DEBUG: src/lcthw/hashmap.c:Hashmap_get_node:205: TRY: 8
DEBUG: src/lcthw/hashmap.c:Hashmap_get_node:205: TRY: 9
DEBUG: src/lcthw/hashmap.c:Hashmap_get_node:205: TRY: 10
DEBUG: src/lcthw/hashmap.c:Hashmap_get_node:205: TRY: 11
DEBUG: src/lcthw/hashmap.c:Hashmap_get_node:205: TRY: 12
DEBUG: src/lcthw/hashmap.c:Hashmap_get_node:205: TRY: 13
DEBUG: src/lcthw/hashmap.c:Hashmap_get_node:205: TRY: 14
DEBUG: src/lcthw/hashmap.c:Hashmap_get_node:205: TRY: 15
DEBUG: src/lcthw/hashmap.c:Hashmap_get_node:205: TRY: 16
DEBUG: src/lcthw/hashmap.c:Hashmap_get_node:205: TRY: 17
DEBUG: src/lcthw/hashmap.c:Hashmap_get_node:205: TRY: 18
DEBUG: src/lcthw/hashmap.c:Hashmap_get_node:205: TRY: 19
DEBUG: src/lcthw/hashmap.c:Hashmap_get_node:205: TRY: 20
DEBUG: src/lcthw/hashmap.c:Hashmap_get_node:205: TRY: 21
DEBUG: src/lcthw/hashmap.c:Hashmap_get_node:205: TRY: 22
DEBUG: src/lcthw/hashmap.c:Hashmap_get_node:205: TRY: 23
DEBUG: src/lcthw/hashmap.c:Hashmap_get_node:205: TRY: 24
DEBUG: src/lcthw/hashmap.c:Hashmap_get_node:205: TRY: 25
DEBUG: src/lcthw/hashmap.c:Hashmap_get_node:205: TRY: 26
DEBUG: src/lcthw/hashmap.c:Hashmap_get_node:205: TRY: 27
DEBUG: src/lcthw/hashmap.c:Hashmap_get_node:205: TRY: 28
DEBUG: src/lcthw/hashmap.c:Hashmap_get_node:205: TRY: 29
DEBUG: src/lcthw/hashmap.c:Hashmap_get_node:205: TRY: 30
DEBUG: src/lcthw/hashmap.c:Hashmap_get_node:205: TRY: 31
DEBUG: src/lcthw/hashmap.c:Hashmap_get_node:205: TRY: 32
DEBUG: src/lcthw/hashmap.c:Hashmap_get_node:205: TRY: 33
DEBUG: src/lcthw/hashmap.c:Hashmap_get_node:205: TRY: 34
DEBUG: src/lcthw/hashmap.c:Hashmap_get_node:205: TRY: 35
DEBUG: src/lcthw/hashmap.c:Hashmap_get_node:205: TRY: 36
DEBUG: src/lcthw/hashmap.c:Hashmap_get_node:205: TRY: 37
DEBUG: src/lcthw/hashmap.c:Hashmap_get_node:205: TRY: 38
DEBUG: src/lcthw/hashmap.c:Hashmap_get_node:205: TRY: 39
DEBUG: src/lcthw/hashmap.c:Hashmap_get_node:205: TRY: 40
DEBUG: src/lcthw/hashmap.c:Hashmap_get_node:205: TRY: 41
DEBUG: src/lcthw/hashmap.c:Hashmap_get_node:205: TRY: 42
DEBUG: src/lcthw/hashmap.c:Hashmap_get_node:205: TRY: 43
DEBUG: src/lcthw/hashmap.c:Hashmap_get_node:205: TRY: 44
DEBUG: src/lcthw/hashmap.c:Hashmap_get_node:205: TRY: 45
DEBUG: src/lcthw/hashmap.c:Hashmap_get_node:205: TRY: 46
DEBUG: src/lcthw/hashmap.c:Hashmap_get_node:205: TRY: 47
DEBUG: src/lcthw/hashmap.c:Hashmap_get_node:205: TRY: 48
DEBUG: src/lcthw/hashmap.c:Hashmap_get_node:205: TRY: 49
DEBUG: src/lcthw/hashmap.c:Hashmap_get_node:205: TRY: 50
DEBUG: src/lcthw/hashmap.c:Hashmap_get_node:205: TRY: 51
DEBUG: src/lcthw/hashmap.c:Hashmap_get_node:205: TRY: 52
DEBUG: src/lcthw/hashmap.c:Hashmap_get_node:205: TRY: 53
DEBUG: src/lcthw/hashmap.c:Hashmap_get_node:205: TRY: 54
DEBUG: src/lcthw/hashmap.c:Hashmap_get_node:205: TRY: 55
DEBUG: src/lcthw/hashmap.c:Hashmap_get_node:205: TRY: 56
DEBUG: src/lcthw/hashmap.c:Hashmap_get_node:205: TRY: 57
DEBUG: src/lcthw/hashmap.c:Hashmap_get_node:205: TRY: 58
DEBUG: src/lcthw/hashmap.c:Hashmap_get_node:205: TRY: 59
DEBUG: src/lcthw/hashmap.c:Hashmap_get_node:205: TRY: 60
DEBUG: src/lcthw/hashmap.c:Hashmap_get_node:205: TRY: 61
DEBUG: src/lcthw/hashmap.c:Hashmap_get_node:205: TRY: 62
DEBUG: src/lcthw/hashmap.c:Hashmap_get_node:205: TRY: 63
DEBUG: src/lcthw/hashmap.c:Hashmap_get_node:205: TRY: 64
DEBUG: src/lcthw/hashmap.c:Hashmap_get_node:205: TRY: 65
DEBUG: src/lcthw/hashmap.c:Hashmap_get_node:205: TRY: 66
DEBUG: src/lcthw/hashmap.c:Hashmap_get_node:205: TRY: 67
DEBUG: src/lcthw/hashmap.c:Hashmap_get_node:205: TRY: 68
DEBUG: src/lcthw/hashmap.c:Hashmap_get_node:205: TRY: 69
DEBUG: src/lcthw/hashmap.c:Hashmap_get_node:205: TRY: 70
DEBUG: src/lcthw/hashmap.c:Hashmap_get_node:205: TRY: 71
DEBUG: src/lcthw/hashmap.c:Hashmap_get_node:205: TRY: 72
DEBUG: src/lcthw/hashmap.c:Hashmap_get_node:205: TRY: 73
DEBUG: src/lcthw/hashmap.c:Hashmap_get_node:205: TRY: 74
DEBUG: src/lcthw/hashmap.c:Hashmap_get_node:205: TRY: 75
DEBUG: src/lcthw/hashmap.c:Hashmap_get_node:205: TRY: 76
DEBUG: src/lcthw/hashmap.c:Hashmap_get_node:205: TRY: 77
DEBUG: src/lcthw/hashmap.c:Hashmap_get_node:205: TRY: 78
DEBUG: src/lcthw/hashmap.c:Hashmap_get_node:205: TRY: 79
DEBUG: src/lcthw/hashmap.c:Hashmap_get_node:205: TRY: 80
DEBUG: src/lcthw/hashmap.c:Hashmap_get_node:205: TRY: 81
DEBUG: src/lcthw/hashmap.c:Hashmap_get_node:205: TRY: 82
DEBUG: src/lcthw/hashmap.c:Hashmap_get_node:205: TRY: 83
DEBUG: src/lcthw/hashmap.c:Hashmap_get_node:205: TRY: 84
DEBUG: src/lcthw/hashmap.c:Hashmap_get_node:205: TRY: 85
DEBUG: src/lcthw/hashmap.c:Hashmap_get_node:205: TRY: 86
DEBUG: src/lcthw/hashmap.c:Hashmap_get_node:205: TRY: 87
DEBUG: src/lcthw/hashmap.c:Hashmap_get_node:205: TRY: 88
DEBUG: src/lcthw/hashmap.c:Hashmap_get_node:205: TRY: 89
DEBUG: src/lcthw/hashmap.c:Hashmap_get_node:205: TRY: 90
DEBUG: src/lcthw/hashmap.c:Hashmap_get_node:205: TRY: 91
DEBUG: src/lcthw/hashmap.c:Hashmap_get_node:205: TRY: 92
DEBUG: src/lcthw/hashmap.c:Hashmap_get_node:205: TRY: 93
DEBUG: src/lcthw/hashmap.c:Hashmap_get_node:205: TRY: 94
DEBUG: src/lcthw/hashmap.c:Hashmap_get_node:205: TRY: 95
DEBUG: src/lcthw/hashmap.c:Hashmap_get_node:205: TRY: 0
DEBUG: src/lcthw/hashmap.c:Hashmap_get_node:205: TRY: 1
DEBUG: src/lcthw/hashmap.c:Hashmap_get_node:205: TRY: 2
DEBUG: src/lcthw/hashmap.c:Hashmap_get_node:205: TRY: 3
DEBUG: src/lcthw/hashmap.c:Hashmap_get_node:205: TRY: 4
DEBUG: src/lcthw/hashmap.c:Hashmap_get_node:205: TRY: 5
DEBUG: src/lcthw/hashmap.c:Hashmap_get_node:205: TRY: 6
DEBUG: src/lcthw/hashmap.c:Hashmap_get_node:205: TRY: 7
DEBUG: src/lcthw/hashmap.c:Hashmap_get_node:205: TRY: 8
DEBUG: src/lcthw/hashmap.c:Hashmap_get_node:205: TRY: 9
DEBUG: src/lcthw/hashmap.c:Hashmap_get_node:205: TRY: 10
DEBUG: src/lcthw/hashmap.c:Hashmap_get_node:205: TRY: 11
DEBUG: src/lcthw/hashmap.c:Hashmap_get_node:205: TRY: 12
DEBUG: src/lcthw/hashmap.c:Hashmap_get_node:205: TRY: 13
DEBUG: src/lcthw/hashmap.c:Hashmap_get_node:205: TRY: 14
DEBUG: src/lcthw/hashmap.c:Hashmap_get_node:205: TRY: 15
DEBUG: src/lcthw/hashmap.c:Hashmap_get_node:205: TRY: 16
DEBUG: src/lcthw/hashmap.c:Hashmap_get_node:205: TRY: 17
DEBUG: src/lcthw/hashmap.c:Hashmap_get_node:205: TRY: 18
DEBUG: src/lcthw/hashmap.c:Hashmap_get_node:205: TRY: 19
DEBUG: src/lcthw/hashmap.c:Hashmap_get_node:205: TRY: 20
DEBUG: src/lcthw/hashmap.c:Hashmap_get_node:205: TRY: 21
DEBUG: src/lcthw/hashmap.c:Hashmap_get_node:205: TRY: 22
DEBUG: src/lcthw/hashmap.c:Hashmap_get_node:205: TRY: 23
DEBUG: src/lcthw/hashmap.c:Hashmap_get_node:205: TRY: 24
DEBUG: src/lcthw/hashmap.c:Hashmap_get_node:205: TRY: 25
DEBUG: src/lcthw/hashmap.c:Hashmap_get_node:205: TRY: 26
DEBUG: src/lcthw/hashmap.c:Hashmap_get_node:205: TRY: 27
DEBUG: src/lcthw/hashmap.c:Hashmap_get_node:205: TRY: 28
DEBUG: src/lcthw/hashmap.c:Hashmap_get_node:205: TRY: 29
DEBUG: src/lcthw/hashmap.c:Hashmap_get_node:205: TRY: 30
DEBUG: src/lcthw/hashmap.c:Hashmap_get_node:205: TRY: 31
DEBUG: src/lcthw/hashmap.c:Hashmap_get_node:205: TRY: 32
DEBUG: src/lcthw/hashmap.c:Hashmap_get_node:205: TRY: 33
DEBUG: src/lcthw/hashmap.c:Hashmap_get_node:205: TRY: 34
DEBUG: src/lcthw/hashmap.c:Hashmap_get_node:205: TRY: 35
DEBUG: src/lcthw/hashmap.c:Hashmap_get_node:205: TRY: 36
DEBUG: src/lcthw/hashmap.c:Hashmap_get_node:205: TRY: 37
DEBUG: src/lcthw/hashmap.c:Hashmap_get_node:205: TRY: 38
DEBUG: src/lcthw/hashmap.c:Hashmap_get_node:205: TRY: 39
DEBUG: src/lcthw/hashmap.c:Hashmap_get_node:205: TRY: 40
DEBUG: src/lcthw/hashmap.c:Hashmap_get_node:205: TRY: 41
DEBUG: src/lcthw/hashmap.c:Hashmap_get_node:205: TRY: 42
DEBUG: src/lcthw/hashmap.c:Hashmap_get_node:205: TRY: 43
DEBUG: src/lcthw/hashmap.c:Hashmap_get_node:205: TRY: 44
DEBUG: src/lcthw/hashmap.c:Hashmap_get_node:205: TRY: 45
DEBUG: src/lcthw/hashmap.c:Hashmap_get_node:205: TRY: 46
DEBUG: src/lcthw/hashmap.c:Hashmap_get_node:205: TRY: 47
DEBUG: src/lcthw/hashmap.c:Hashmap_get_node:205: TRY: 48
DEBUG: src/lcthw/hashmap.c:Hashmap_get_node:205: TRY: 49
DEBUG: src/lcthw/hashmap.c:Hashmap_get_node:205: TRY: 50
DEBUG: src/lcthw/hashmap.c:Hashmap_get_node:205: TRY: 51
DEBUG: src/lcthw/hashmap.c:Hashmap_get_node:205: TRY: 52
DEBUG: src/lcthw/hashmap.c:Hashmap_get_node:205: TRY: 53
DEBUG: src/lcthw/hashmap.c:Hashmap_get_node:205: TRY: 54
DEBUG: src/lcthw/hashmap.c:Hashmap_get_node:205: TRY: 55
DEBUG: src/lcthw/hashmap.c:Hashmap_get_node:205: TRY: 56
DEBUG: src/lcthw/hashmap.c:Hashmap_get_node:205: TRY: 57
DEBUG: src/lcthw/hashmap.c:Hashmap_get_node:205: TRY: 58
DEBUG: src/lcthw/hashmap.c:Hashmap_get_node:205: TRY: 59
DEBUG: src/lcthw/hashmap.c:Hashmap_get_node:205: TRY: 60
DEBUG: src/lcthw/hashmap.c:Hashmap_get_node:205: TRY: 61
DEBUG: src/lcthw/hashmap.c:Hashmap_get_node:205: TRY: 62
DEBUG: src/lcthw/hashmap.c:Hashmap_get_node:205: TRY: 63
DEBUG: src/lcthw/hashmap.c:Hashmap_get_node:205: TRY: 64
DEBUG: src/lcthw/hashmap.c:Hashmap_get_node:205: TRY: 65
DEBUG: src/lcthw/hashmap.c:Hashmap_get_node:205: TRY: 66
DEBUG: src/lcthw/hashmap.c:Hashmap_get_node:205: TRY: 67
DEBUG: src/lcthw/hashmap.c:Hashmap_get_node:205: TRY: 68
DEBUG: src/lcthw/hashmap.c:Hashmap_get_node:205: TRY: 69
DEBUG: src/lcthw/hashmap.c:Hashmap_get_node:205: TRY: 70
DEBUG: src/lcthw/hashmap.c:Hashmap_get_node:205: TRY: 71
DEBUG: src/lcthw/hashmap.c:Hashmap_get_node:205: TRY: 72
DEBUG: src/lcthw/hashmap.c:Hashmap_get_node:205: TRY: 73
DEBUG: src/lcthw/hashmap.c:Hashmap_get_node:205: TRY: 74
DEBUG: src/lcthw/hashmap.c:Hashmap_get_node:205: TRY: 75
DEBUG: src/lcthw/hashmap.c:Hashmap_get_node:205: TRY: 76
DEBUG: src/lcthw/hashmap.c:Hashmap_get_node:205: TRY: 77
DEBUG: src/lcthw/hashmap.c:Hashmap_get_node:205: TRY: 78
DEBUG: src/lcthw/hashmap.c:Hashmap_get_node:205: TRY: 79
DEBUG: src/lcthw/hashmap.c:Hashmap_get_node:205: TRY: 80
DEBUG: src/lcthw/hashmap.c:Hashmap_get_node:205: TRY: 81
DEBUG: src/lcthw/hashmap.c:Hashmap_get_node:205: TRY: 82
DEBUG: src/lcthw/hashmap.c:Hashmap_get_node:205: TRY: 0
DEBUG: src/lcthw/hashmap.c:Hashmap_get_node:205: TRY: 1
DEBUG: src/lcthw/hashmap.c:Hashmap_get_node:205: TRY: 2
DEBUG: src/lcthw/hashmap.c:Hashmap_get_node:205: TRY: 3
DEBUG: src/lcthw/hashmap.c:Hashmap_get_node:205: TRY: 4
DEBUG: src/lcthw/hashmap.c:Hashmap_get_node:205: TRY: 5
DEBUG: src/lcthw/hashmap.c:Hashmap_get_node:205: TRY: 6
DEBUG: src/lcthw/hashmap.c:Hashmap_get_node:205: TRY: 7
DEBUG: src/lcthw/hashmap.c:Hashmap_get_node:205: TRY: 8
DEBUG: src/lcthw/hashmap.c:Hashmap_get_node:205: TRY: 9
DEBUG: src/lcthw/hashmap.c:Hashmap_get_node:205: TRY: 10
DEBUG: src/lcthw/hashmap.c:Hashmap_get_node:205: TRY: 11
DEBUG: src/lcthw/hashmap.c:Hashmap_get_node:205: TRY: 12
DEBUG: src/lcthw/hashmap.c:Hashmap_get_node:205: TRY: 13
DEBUG: src/lcthw/hashmap.c:Hashmap_get_node:205: TRY: 14
DEBUG: src/lcthw/hashmap.c:Hashmap_get_node:205: TRY: 15
DEBUG: src/lcthw/hashmap.c:Hashmap_get_node:205: TRY: 16
DEBUG: src/lcthw/hashmap.c:Hashmap_get_node:205: TRY: 17
DEBUG: src/lcthw/hashmap.c:Hashmap_get_node:205: TRY: 18
DEBUG: src/lcthw/hashmap.c:Hashmap_get_node:205: TRY: 19
DEBUG: src/lcthw/hashmap.c:Hashmap_get_node:205: TRY: 20
DEBUG: src/lcthw/hashmap.c:Hashmap_get_node:205: TRY: 21
DEBUG: src/lcthw/hashmap.c:Hashmap_get_node:205: TRY: 22
DEBUG: src/lcthw/hashmap.c:Hashmap_get_node:205: TRY: 23
DEBUG: src/lcthw/hashmap.c:Hashmap_get_node:205: TRY: 24
DEBUG: src/lcthw/hashmap.c:Hashmap_get_node:205: TRY: 25
DEBUG: src/lcthw/hashmap.c:Hashmap_get_node:205: TRY: 26
DEBUG: src/lcthw/hashmap.c:Hashmap_get_node:205: TRY: 27
DEBUG: src/lcthw/hashmap.c:Hashmap_get_node:205: TRY: 28
DEBUG: src/lcthw/hashmap.c:Hashmap_get_node:205: TRY: 29
DEBUG: src/lcthw/hashmap.c:Hashmap_get_node:205: TRY: 30
DEBUG: src/lcthw/hashmap.c:Hashmap_get_node:205: TRY: 31
DEBUG: src/lcthw/hashmap.c:Hashmap_get_node:205: TRY: 32
DEBUG: src/lcthw/hashmap.c:Hashmap_get_node:205: TRY: 33
DEBUG: src/lcthw/hashmap.c:Hashmap_get_node:205: TRY: 34
DEBUG: src/lcthw/hashmap.c:Hashmap_get_node:205: TRY: 35
DEBUG: src/lcthw/hashmap.c:Hashmap_get_node:205: TRY: 36
DEBUG: src/lcthw/hashmap.c:Hashmap_get_node:205: TRY: 37
DEBUG: src/lcthw/hashmap.c:Hashmap_get_node:205: TRY: 38
DEBUG: src/lcthw/hashmap.c:Hashmap_get_node:205: TRY: 39
DEBUG: src/lcthw/hashmap.c:Hashmap_get_node:205: TRY: 40
DEBUG: src/lcthw/hashmap.c:Hashmap_get_node:205: TRY: 41
DEBUG: src/lcthw/hashmap.c:Hashmap_get_node:205: TRY: 42
DEBUG: src/lcthw/hashmap.c:Hashmap_get_node:205: TRY: 43
DEBUG: src/lcthw/hashmap.c:Hashmap_get_node:205: TRY: 44
DEBUG: src/lcthw/hashmap.c:Hashmap_get_node:205: TRY: 45
DEBUG: src/lcthw/hashmap.c:Hashmap_get_node:205: TRY: 46
DEBUG: src/lcthw/hashmap.c:Hashmap_get_node:205: TRY: 47
DEBUG: src/lcthw/hashmap.c:Hashmap_get_node:205: TRY: 48
DEBUG: src/lcthw/hashmap.c:Hashmap_get_node:205: TRY: 49
DEBUG: src/lcthw/hashmap.c:Hashmap_get_node:205: TRY: 50
DEBUG: src/lcthw/hashmap.c:Hashmap_get_node:205: TRY: 51
DEBUG: src/lcthw/hashmap.c:Hashmap_get_node:205: TRY: 52
DEBUG: src/lcthw/hashmap.c:Hashmap_get_node:205: TRY: 53
DEBUG: src/lcthw/hashmap.c:Hashmap_get_node:205: TRY: 54
DEBUG: src/lcthw/hashmap.c:Hashmap_get_node:205: TRY: 55
DEBUG: src/lcthw/hashmap.c:Hashmap_get_node:205: TRY: 56
DEBUG: src/lcthw/hashmap.c:Hashmap_get_node:205: TRY: 57
DEBUG: src/lcthw/hashmap.c:Hashmap_get_node:205: TRY: 58
DEBUG: src/lcthw/hashmap.c:Hashmap_get_node:205: TRY: 59
DEBUG: src/lcthw/hashmap.c:Hashmap_get_node:205: TRY: 60
DEBUG: src/lcthw/hashmap.c:Hashmap_get_node:205: TRY: 61
DEBUG: src/lcthw/hashmap.c:Hashmap_get_node:205: TRY: 62
DEBUG: src/lcthw/hashmap.c:Hashmap_get_node:205: TRY: 63
DEBUG: src/lcthw/hashmap.c:Hashmap_get_node:205: TRY: 64
DEBUG: src/lcthw/hashmap.c:Hashmap_get_node:205: TRY: 65
DEBUG: src/lcthw/hashmap.c:Hashmap_get_node:205: TRY: 66
DEBUG: src/lcthw/hashmap.c:Hashmap_get_node:205: TRY: 67
DEBUG: src/lcthw/hashmap.c:Hashmap_get_node:205: TRY: 68
DEBUG: src/lcthw/hashmap.c:Hashmap_get_node:205: TRY: 69
DEBUG: src/lcthw/hashmap.c:Hashmap_get_node:205: TRY: 70
DEBUG: src/lcthw/hashmap.c:Hashmap_get_node:205: TRY: 71
DEBUG: src/lcthw/hashmap.c:Hashmap_get_node:205: TRY: 72
DEBUG: src/lcthw/hashmap.c:Hashmap_get_node:205: TRY: 73
DEBUG: src/lcthw/hashmap.c:Hashmap_get_node:205: TRY: 74
DEBUG: src/lcthw/hashmap.c:Hashmap_get_node:205: TRY: 75
DEBUG: src/lcthw/hashmap.c:Hashmap_get_node:205: TRY: 76
DEBUG: src/lcthw/hashmap.c:Hashmap_get_node:205: TRY: 77
DEBUG: src/lcthw/hashmap.c:Hashmap_get_node:205: TRY: 78
DEBUG: src/lcthw/hashmap.c:Hashmap_get_node:205: TRY: 79
DEBUG: src/lcthw/hashmap.c:Hashmap_get_node:205: TRY: 80
DEBUG: src/lcthw/hashmap.c:Hashmap_get_node:205: TRY: 81
DEBUG: src/lcthw/hashmap.c:Hashmap_get_node:205: TRY: 82
DEBUG: src/lcthw/hashmap.c:Hashmap_get_node:205: TRY: 83
DEBUG: src/lcthw/hashmap.c:Hashmap_get_node:205: TRY: 84
DEBUG: src/lcthw/hashmap.c:Hashmap_get_node:205: TRY: 85
DEBUG: src/lcthw/hashmap.c:Hashmap_get_node:205: TRY: 86
DEBUG: src/lcthw/hashmap.c:Hashmap_get_node:205: TRY: 87
DEBUG: src/lcthw/hashmap.c:Hashmap_get_node:205: TRY: 88
DEBUG: src/lcthw/hashmap.c:Hashmap_get_node:205: TRY: 89
DEBUG: src/lcthw/hashmap.c:Hashmap_get_node:205: TRY: 90
DEBUG: src/lcthw/hashmap.c:Hashmap_get_node:205: TRY: 91
DEBUG: src/lcthw/hashmap.c:Hashmap_get_node:205: TRY: 92
DEBUG: src/lcthw/hashmap.c:Hashmap_get_node:205: TRY: 93
DEBUG: src/lcthw/hashmap.c:Hashmap_get_node:205: TRY: 94
DEBUG: src/lcthw/hashmap.c:Hashmap_get_node:205: TRY: 95
DEBUG: src/lcthw/hashmap.c:Hashmap_get_node:205: TRY: 96
DEBUG: src/lcthw/hashmap.c:Hashmap_get_node:205: TRY: 97
DEBUG: src/lcthw/hashmap.c:Hashmap_get_node:205: TRY: 98
DEBUG: src/lcthw/hashmap.c:Hashmap_get_node:205: TRY: 99
DEBUG: src/lcthw/hashmap.c:Hashmap_get_node:205: TRY: 100
DEBUG: src/lcthw/hashmap.c:Hashmap_get_node:205: TRY: 101
DEBUG: src/lcthw/hashmap.c:Hashmap_get_node:205: TRY: 102
DEBUG: src/lcthw/hashmap.c:Hashmap_get_node:205: TRY: 103
DEBUG: src/lcthw/hashmap.c:Hashmap_get_node:205: TRY: 104
DEBUG: src/lcthw/hashmap.c:Hashmap_get_node:205: TRY: 105
DEBUG: src/lcthw/hashmap.c:Hashmap_get_node:205: TRY: 106
DEBUG: src/lcthw/hashmap.c:Hashmap_get_node:205: TRY: 107
DEBUG: src/lcthw/hashmap.c:Hashmap_get_node:205: TRY: 108
DEBUG: src/lcthw/hashmap.c:Hashmap_get_node:205: TRY: 109
DEBUG: src/lcthw/hashmap.c:Hashmap_get_node:205: TRY: 110
DEBUG: src/lcthw/hashmap.c:Hashmap_get_node:205: TRY: 111
DEBUG: src/lcthw/hashmap.c:Hashmap_get_node:205: TRY: 112
DEBUG: src/lcthw/hashmap.c:Hashmap_get_node:205: TRY: 113
DEBUG: src/lcthw/hashmap.c:Hashmap_get_node:205: TRY: 114
DEBUG: src/lcthw/hashmap.c:Hashmap_get_node:205: TRY: 115
DEBUG: src/lcthw/hashmap.c:Hashmap_get_node:205: TRY: 116
DEBUG: src/lcthw/hashmap.c:Hashmap_get_node:205: TRY: 117
DEBUG: src/lcthw/hashmap.c:Hashmap_get_node:205: TRY: 118
DEBUG: src/lcthw/hashmap.c:Hashmap_get_node:205: TRY: 119
DEBUG: src/lcthw/hashmap.c:Hashmap_get_node:205: TRY: 0
DEBUG: src/lcthw/hashmap.c:Hashmap_get_node:205: TRY: 1
DEBUG: src/lcthw/hashmap.c:Hashmap_get_node:205: TRY: 2
DEBUG: src/lcthw/hashmap.c:Hashmap_get_node:205: TRY: 3
DEBUG: src/lcthw/hashmap.c:Hashmap_get_node:205: TRY: 4
DEBUG: src/lcthw/hashmap.c:Hashmap_get_node:205: TRY: 5
DEBUG: src/lcthw/hashmap.c:Hashmap_get_node:205: TRY: 6
DEBUG: src/lcthw/hashmap.c:Hashmap_get_node:205: TRY: 7
DEBUG: src/lcthw/hashmap.c:Hashmap_get_node:205: TRY: 8
DEBUG: src/lcthw/hashmap.c:Hashmap_get_node:205: TRY: 9
DEBUG: src/lcthw/hashmap.c:Hashmap_get_node:205: TRY: 10
DEBUG: src/lcthw/hashmap.c:Hashmap_get_node:205: TRY: 11
DEBUG: src/lcthw/hashmap.c:Hashmap_get_node:205: TRY: 12
DEBUG: src/lcthw/hashmap.c:Hashmap_get_node:205: TRY: 13
DEBUG: src/lcthw/hashmap.c:Hashmap_get_node:205: TRY: 14
DEBUG: src/lcthw/hashmap.c:Hashmap_get_node:205: TRY: 15
DEBUG: src/lcthw/hashmap.c:Hashmap_get_node:205: TRY: 16
DEBUG: src/lcthw/hashmap.c:Hashmap_get_node:205: TRY: 17
DEBUG: src/lcthw/hashmap.c:Hashmap_get_node:205: TRY: 18
DEBUG: src/lcthw/hashmap.c:Hashmap_get_node:205: TRY: 19
DEBUG: src/lcthw/hashmap.c:Hashmap_get_node:205: TRY: 20
DEBUG: src/lcthw/hashmap.c:Hashmap_get_node:205: TRY: 21
DEBUG: src/lcthw/hashmap.c:Hashmap_get_node:205: TRY: 22
DEBUG: src/lcthw/hashmap.c:Hashmap_get_node:205: TRY: 23
DEBUG: src/lcthw/hashmap.c:Hashmap_get_node:205: TRY: 24
DEBUG: src/lcthw/hashmap.c:Hashmap_get_node:205: TRY: 25
DEBUG: src/lcthw/hashmap.c:Hashmap_get_node:205: TRY: 26
DEBUG: src/lcthw/hashmap.c:Hashmap_get_node:205: TRY: 27
DEBUG: src/lcthw/hashmap.c:Hashmap_get_node:205: TRY: 28
DEBUG: src/lcthw/hashmap.c:Hashmap_get_node:205: TRY: 29
DEBUG: src/lcthw/hashmap.c:Hashmap_get_node:205: TRY: 30
DEBUG: src/lcthw/hashmap.c:Hashmap_get_node:205: TRY: 31
DEBUG: src/lcthw/hashmap.c:Hashmap_get_node:205: TRY: 32
DEBUG: src/lcthw/hashmap.c:Hashmap_get_node:205: TRY: 33
DEBUG: src/lcthw/hashmap.c:Hashmap_get_node:205: TRY: 34
DEBUG: src/lcthw/hashmap.c:Hashmap_get_node:205: TRY: 35
DEBUG: src/lcthw/hashmap.c:Hashmap_get_node:205: TRY: 36
DEBUG: src/lcthw/hashmap.c:Hashmap_get_node:205: TRY: 37
DEBUG: src/lcthw/hashmap.c:Hashmap_get_node:205: TRY: 38
DEBUG: src/lcthw/hashmap.c:Hashmap_get_node:205: TRY: 39
DEBUG: src/lcthw/hashmap.c:Hashmap_get_node:205: TRY: 40
DEBUG: src/lcthw/hashmap.c:Hashmap_get_node:205: TRY: 41
DEBUG: src/lcthw/hashmap.c:Hashmap_get_node:205: TRY: 42
DEBUG: src/lcthw/hashmap.c:Hashmap_get_node:205: TRY: 43
DEBUG: src/lcthw/hashmap.c:Hashmap_get_node:205: TRY: 44
DEBUG: src/lcthw/hashmap.c:Hashmap_get_node:205: TRY: 45
DEBUG: src/lcthw/hashmap.c:Hashmap_get_node:205: TRY: 46
DEBUG: src/lcthw/hashmap.c:Hashmap_get_node:205: TRY: 47
DEBUG: src/lcthw/hashmap.c:Hashmap_get_node:205: TRY: 48
DEBUG: src/lcthw/hashmap.c:Hashmap_get_node:205: TRY: 49
DEBUG: src/lcthw/hashmap.c:Hashmap_get_node:205: TRY: 50
DEBUG: src/lcthw/hashmap.c:Hashmap_get_node:205: TRY: 51
DEBUG: src/lcthw/hashmap.c:Hashmap_get_node:205: TRY: 52
DEBUG: src/lcthw/hashmap.c:Hashmap_get_node:205: TRY: 53
DEBUG: src/lcthw/hashmap.c:Hashmap_get_node:205: TRY: 54
DEBUG: src/lcthw/hashmap.c:Hashmap_get_node:205: TRY: 55
DEBUG: src/lcthw/hashmap.c:Hashmap_get_node:205: TRY: 56
DEBUG: src/lcthw/hashmap.c:Hashmap_get_node:205: TRY: 57
DEBUG: src/lcthw/hashmap.c:Hashmap_get_node:205: TRY: 58
DEBUG: src/lcthw/hashmap.c:Hashmap_get_node:205: TRY: 59
DEBUG: src/lcthw/hashmap.c:Hashmap_get_node:205: TRY: 60
DEBUG: src/lcthw/hashmap.c:Hashmap_get_node:205: TRY: 61
DEBUG: src/lcthw/hashmap.c:Hashmap_get_node:205: TRY: 62
DEBUG: src/lcthw/hashmap.c:Hashmap_get_node:205: TRY: 63
DEBUG: src/lcthw/hashmap.c:Hashmap_get_node:205: TRY: 64
DEBUG: src/lcthw/hashmap.c:Hashmap_get_node:205: TRY: 65
DEBUG: src/lcthw/hashmap.c:Hashmap_get_node:205: TRY: 66
DEBUG: src/lcthw/hashmap.c:Hashmap_get_node:205: TRY: 67
DEBUG: src/lcthw/hashmap.c:Hashmap_get_node:205: TRY: 68
DEBUG: src/lcthw/hashmap.c:Hashmap_get_node:205: TRY: 69
DEBUG: src/lcthw/hashmap.c:Hashmap_get_node:205: TRY: 70
DEBUG: src/lcthw/hashmap.c:Hashmap_get_node:205: TRY: 71
DEBUG: src/lcthw/hashmap.c:Hashmap_get_node:205: TRY: 72
DEBUG: src/lcthw/hashmap.c:Hashmap_get_node:205: TRY: 73
DEBUG: src/lcthw/hashmap.c:Hashmap_get_node:205: TRY: 74
DEBUG: src/lcthw/hashmap.c:Hashmap_get_node:205: TRY: 75
DEBUG: src/lcthw/hashmap.c:Hashmap_get_node:205: TRY: 76
DEBUG: src/lcthw/hashmap.c:Hashmap_get_node:205: TRY: 77
DEBUG: src/lcthw/hashmap.c:Hashmap_get_node:205: TRY: 78
DEBUG: src/lcthw/hashmap.c:Hashmap_get_node:205: TRY: 79
DEBUG: src/lcthw/hashmap.c:Hashmap_get_node:205: TRY: 80
DEBUG: src/lcthw/hashmap.c:Hashmap_get_node:205: TRY: 81
DEBUG: src/lcthw/hashmap.c:Hashmap_get_node:205: TRY: 82
DEBUG: src/lcthw/hashmap.c:Hashmap_get_node:205: TRY: 83
DEBUG: src/lcthw/hashmap.c:Hashmap_get_node:205: TRY: 0
DEBUG: src/lcthw/hashmap.c:Hashmap_get_node:205: TRY: 1
DEBUG: src/lcthw/hashmap.c:Hashmap_get_node:205: TRY: 2
DEBUG: src/lcthw/hashmap.c:Hashmap_get_node:205: TRY: 3
DEBUG: src/lcthw/hashmap.c:Hashmap_get_node:205: TRY: 4
DEBUG: src/lcthw/hashmap.c:Hashmap_get_node:205: TRY: 5
DEBUG: src/lcthw/hashmap.c:Hashmap_get_node:205: TRY: 6
DEBUG: src/lcthw/hashmap.c:Hashmap_get_node:205: TRY: 7
DEBUG: src/lcthw/hashmap.c:Hashmap_get_node:205: TRY: 8
DEBUG: src/lcthw/hashmap.c:Hashmap_get_node:205: TRY: 9
DEBUG: src/lcthw/hashmap.c:Hashmap_get_node:205: TRY: 10
DEBUG: src/lcthw/hashmap.c:Hashmap_get_node:205: TRY: 11
DEBUG: src/lcthw/hashmap.c:Hashmap_get_node:205: TRY: 12
DEBUG: src/lcthw/hashmap.c:Hashmap_get_node:205: TRY: 13
DEBUG: src/lcthw/hashmap.c:Hashmap_get_node:205: TRY: 14
DEBUG: src/lcthw/hashmap.c:Hashmap_get_node:205: TRY: 15
DEBUG: src/lcthw/hashmap.c:Hashmap_get_node:205: TRY: 16
DEBUG: src/lcthw/hashmap.c:Hashmap_get_node:205: TRY: 17
DEBUG: src/lcthw/hashmap.c:Hashmap_get_node:205: TRY: 18
DEBUG: src/lcthw/hashmap.c:Hashmap_get_node:205: TRY: 19
DEBUG: src/lcthw/hashmap.c:Hashmap_get_node:205: TRY: 20
DEBUG: src/lcthw/hashmap.c:Hashmap_get_node:205: TRY: 21
DEBUG: src/lcthw/hashmap.c:Hashmap_get_node:205: TRY: 22
DEBUG: src/lcthw/hashmap.c:Hashmap_get_node:205: TRY: 23
DEBUG: src/lcthw/hashmap.c:Hashmap_get_node:205: TRY: 24
DEBUG: src/lcthw/hashmap.c:Hashmap_get_node:205: TRY: 25
DEBUG: src/lcthw/hashmap.c:Hashmap_get_node:205: TRY: 26
DEBUG: src/lcthw/hashmap.c:Hashmap_get_node:205: TRY: 27
DEBUG: src/lcthw/hashmap.c:Hashmap_get_node:205: TRY: 28
DEBUG: src/lcthw/hashmap.c:Hashmap_get_node:205: TRY: 29
DEBUG: src/lcthw/hashmap.c:Hashmap_get_node:205: TRY: 30
DEBUG: src/lcthw/hashmap.c:Hashmap_get_node:205: TRY: 31
DEBUG: src/lcthw/hashmap.c:Hashmap_get_node:205: TRY: 32
DEBUG: src/lcthw/hashmap.c:Hashmap_get_node:205: TRY: 33
DEBUG: src/lcthw/hashmap.c:Hashmap_get_node:205: TRY: 34
DEBUG: src/lcthw/hashmap.c:Hashmap_get_node:205: TRY: 35
DEBUG: src/lcthw/hashmap.c:Hashmap_get_node:205: TRY: 36
DEBUG: src/lcthw/hashmap.c:Hashmap_get_node:205: TRY: 37
DEBUG: src/lcthw/hashmap.c:Hashmap_get_node:205: TRY: 38
DEBUG: src/lcthw/hashmap.c:Hashmap_get_node:205: TRY: 39
DEBUG: src/lcthw/hashmap.c:Hashmap_get_node:205: TRY: 40
DEBUG: src/lcthw/hashmap.c:Hashmap_get_node:205: TRY: 41
DEBUG: src/lcthw/hashmap.c:Hashmap_get_node:205: TRY: 42
DEBUG: src/lcthw/hashmap.c:Hashmap_get_node:205: TRY: 43
DEBUG: src/lcthw/hashmap.c:Hashmap_get_node:205: TRY: 44
DEBUG: src/lcthw/hashmap.c:Hashmap_get_node:205: TRY: 45
DEBUG: src/lcthw/hashmap.c:Hashmap_get_node:205: TRY: 46
DEBUG: src/lcthw/hashmap.c:Hashmap_get_node:205: TRY: 47
DEBUG: src/lcthw/hashmap.c:Hashmap_get_node:205: TRY: 48
DEBUG: src/lcthw/hashmap.c:Hashmap_get_node:205: TRY: 49
DEBUG: src/lcthw/hashmap.c:Hashmap_get_node:205: TRY: 50
DEBUG: src/lcthw/hashmap.c:Hashmap_get_node:205: TRY: 51
DEBUG: src/lcthw/hashmap.c:Hashmap_get_node:205: TRY: 52
DEBUG: src/lcthw/hashmap.c:Hashmap_get_node:205: TRY: 53
DEBUG: src/lcthw/hashmap.c:Hashmap_get_node:205: TRY: 54
DEBUG: src/lcthw/hashmap.c:Hashmap_get_node:205: TRY: 55
DEBUG: src/lcthw/hashmap.c:Hashmap_get_node:205: TRY: 56
DEBUG: src/lcthw/hashmap.c:Hashmap_get_node:205: TRY: 57
DEBUG: src/lcthw/hashmap.c:Hashmap_get_node:205: TRY: 58
DEBUG: src/lcthw/hashmap.c:Hashmap_get_node:205: TRY: 59
DEBUG: src/lcthw/hashmap.c:Hashmap_get_node:205: TRY: 60
DEBUG: src/lcthw/hashmap.c:Hashmap_get_node:205: TRY: 61
DEBUG: src/lcthw/hashmap.c:Hashmap_get_node:205: TRY: 62
DEBUG: src/lcthw/hashmap.c:Hashmap_get_node:205: TRY: 63
DEBUG: src/lcthw/hashmap.c:Hashmap_get_node:205: TRY: 64
DEBUG: src/lcthw/hashmap.c:Hashmap_get_node:205: TRY: 65
DEBUG: src/lcthw/hashmap.c:Hashmap_get_node:205: TRY: 66
DEBUG: src/lcthw/hashmap.c:Hashmap_get_node:205: TRY: 67
DEBUG: src/lcthw/hashmap.c:Hashmap_get_node:205: TRY: 68
DEBUG: src/lcthw/hashmap.c:Hashmap_get_node:205: TRY: 69
DEBUG: src/lcthw/hashmap.c:Hashmap_get_node:205: TRY: 70
DEBUG: src/lcthw/hashmap.c:Hashmap_get_node:205: TRY: 71
DEBUG: src/lcthw/hashmap.c:Hashmap_get_node:205: TRY: 72
DEBUG: src/lcthw/hashmap.c:Hashmap_get_node:205: TRY: 73
DEBUG: src/lcthw/hashmap.c:Hashmap_get_node:205: TRY: 74
DEBUG: src/lcthw/hashmap.c:Hashmap_get_node:205: TRY: 75
DEBUG: src/lcthw/hashmap.c:Hashmap_get_node:205: TRY: 76
DEBUG: src/lcthw/hashmap.c:Hashmap_get_node:205: TRY: 77
DEBUG: src/lcthw/hashmap.c:Hashmap_get_node:205: TRY: 78
DEBUG: src/lcthw/hashmap.c:Hashmap_get_node:205: TRY: 79
DEBUG: src/lcthw/hashmap.c:Hashmap_get_node:205: TRY: 80
DEBUG: src/lcthw/hashmap.c:Hashmap_get_node:205: TRY: 81
DEBUG: src/lcthw/hashmap.c:Hashmap_get_node:205: TRY: 82
DEBUG: src/lcthw/hashmap.c:Hashmap_get_node:205: TRY: 83
DEBUG: src/lcthw/hashmap.c:Hashmap_get_node:205: TRY: 84
DEBUG: src/lcthw/hashmap.c:Hashmap_get_node:205: TRY: 85
DEBUG: src/lcthw/hashmap.c:Hashmap_get_node:205: TRY: 86
DEBUG: src/lcthw/hashmap.c:Hashmap_get_node:205: TRY: 87
DEBUG: src/lcthw/hashmap.c:Hashmap_get_node:205: TRY: 88
DEBUG: src/lcthw/hashmap.c:Hashmap_get_node:205: TRY: 0
DEBUG: src/lcthw/hashmap.c:Hashmap_get_node:205: TRY: 1
DEBUG: src/lcthw/hashmap.c:Hashmap_get_node:205: TRY: 2
DEBUG: src/lcthw/hashmap.c:Hashmap_get_node:205: TRY: 3
DEBUG: src/lcthw/hashmap.c:Hashmap_get_node:205: TRY: 4
DEBUG: src/lcthw/hashmap.c:Hashmap_get_node:205: TRY: 5
DEBUG: src/lcthw/hashmap.c:Hashmap_get_node:205: TRY: 6
DEBUG: src/lcthw/hashmap.c:Hashmap_get_node:205: TRY: 7
DEBUG: src/lcthw/hashmap.c:Hashmap_get_node:205: TRY: 8
DEBUG: src/lcthw/hashmap.c:Hashmap_get_node:205: TRY: 9
DEBUG: src/lcthw/hashmap.c:Hashmap_get_node:205: TRY: 10
DEBUG: src/lcthw/hashmap.c:Hashmap_get_node:205: TRY: 11
DEBUG: src/lcthw/hashmap.c:Hashmap_get_node:205: TRY: 12
DEBUG: src/lcthw/hashmap.c:Hashmap_get_node:205: TRY: 13
DEBUG: src/lcthw/hashmap.c:Hashmap_get_node:205: TRY: 14
DEBUG: src/lcthw/hashmap.c:Hashmap_get_node:205: TRY: 15
DEBUG: src/lcthw/hashmap.c:Hashmap_get_node:205: TRY: 16
DEBUG: src/lcthw/hashmap.c:Hashmap_get_node:205: TRY: 17
DEBUG: src/lcthw/hashmap.c:Hashmap_get_node:205: TRY: 18
DEBUG: src/lcthw/hashmap.c:Hashmap_get_node:205: TRY: 19
DEBUG: src/lcthw/hashmap.c:Hashmap_get_node:205: TRY: 20
DEBUG: src/lcthw/hashmap.c:Hashmap_get_node:205: TRY: 21
DEBUG: src/lcthw/hashmap.c:Hashmap_get_node:205: TRY: 22
DEBUG: src/lcthw/hashmap.c:Hashmap_get_node:205: TRY: 23
DEBUG: src/lcthw/hashmap.c:Hashmap_get_node:205: TRY: 24
DEBUG: src/lcthw/hashmap.c:Hashmap_get_node:205: TRY: 25
DEBUG: src/lcthw/hashmap.c:Hashmap_get_node:205: TRY: 26
DEBUG: src/lcthw/hashmap.c:Hashmap_get_node:205: TRY: 27
DEBUG: src/lcthw/hashmap.c:Hashmap_get_node:205: TRY: 28
DEBUG: src/lcthw/hashmap.c:Hashmap_get_node:205: TRY: 29
DEBUG: src/lcthw/hashmap.c:Hashmap_get_node:205: TRY: 30
DEBUG: src/lcthw/hashmap.c:Hashmap_get_node:205: TRY: 31
DEBUG: src/lcthw/hashmap.c:Hashmap_get_node:205: TRY: 32
DEBUG: src/lcthw/hashmap.c:Hashmap_get_node:205: TRY: 33
DEBUG: src/lcthw/hashmap.c:Hashmap_get_node:205: TRY: 34
DEBUG: src/lcthw/hashmap.c:Hashmap_get_node:205: TRY: 35
DEBUG: src/lcthw/hashmap.c:Hashmap_get_node:205: TRY: 36
DEBUG: src/lcthw/hashmap.c:Hashmap_get_node:205: TRY: 37
DEBUG: src/lcthw/hashmap.c:Hashmap_get_node:205: TRY: 38
DEBUG: src/lcthw/hashmap.c:Hashmap_get_node:205: TRY: 39
DEBUG: src/lcthw/hashmap.c:Hashmap_get_node:205: TRY: 40
DEBUG: src/lcthw/hashmap.c:Hashmap_get_node:205: TRY: 41
DEBUG: src/lcthw/hashmap.c:Hashmap_get_node:205: TRY: 42
DEBUG: src/lcthw/hashmap.c:Hashmap_get_node:205: TRY: 43
DEBUG: src/lcthw/hashmap.c:Hashmap_get_node:205: TRY: 44
DEBUG: src/lcthw/hashmap.c:Hashmap_get_node:205: TRY: 45
DEBUG: src/lcthw/hashmap.c:Hashmap_get_node:205: TRY: 46
DEBUG: src/lcthw/hashmap.c:Hashmap_get_node:205: TRY: 47
DEBUG: src/lcthw/hashmap.c:Hashmap_get_node:205: TRY: 48
DEBUG: src/lcthw/hashmap.c:Hashmap_get_node:205: TRY: 49
DEBUG: src/lcthw/hashmap.c:Hashmap_get_node:205: TRY: 50
DEBUG: src/lcthw/hashmap.c:Hashmap_get_node:205: TRY: 51
DEBUG: src/lcthw/hashmap.c:Hashmap_get_node:205: TRY: 52
DEBUG: src/lcthw/hashmap.c:Hashmap_get_node:205: TRY: 53
DEBUG: src/lcthw/hashmap.c:Hashmap_get_node:205: TRY: 54
DEBUG: src/lcthw/hashmap.c:Hashmap_get_node:205: TRY: 55
DEBUG: src/lcthw/hashmap.c:Hashmap_get_node:205: TRY: 56
DEBUG: src/lcthw/hashmap.c:Hashmap_get_node:205: TRY: 57
DEBUG: src/lcthw/hashmap.c:Hashmap_get_node:205: TRY: 58
DEBUG: src/lcthw/hashmap.c:Hashmap_get_node:205: TRY: 59
DEBUG: src/lcthw/hashmap.c:Hashmap_get_node:205: TRY: 60
DEBUG: src/lcthw/hashmap.c:Hashmap_get_node:205: TRY: 61
DEBUG: src/lcthw/hashmap.c:Hashmap_get_node:205: TRY: 62
DEBUG: src/lcthw/hashmap.c:Hashmap_get_node:205: TRY: 63
DEBUG: src/lcthw/hashmap.c:Hashmap_get_node:205: TRY: 64
DEBUG: src/lcthw/hashmap.c:Hashmap_get_node:205: TRY: 65
DEBUG: src/lcthw/hashmap.c:Hashmap_get_node:205: TRY: 66
DEBUG: src/lcthw/hashmap.c:Hashmap_get_node:205: TRY: 67
DEBUG: src/lcthw/hashmap.c:Hashmap_get_node:205: TRY: 68
DEBUG: src/lcthw/hashmap.c:Hashmap_get_node:205: TRY: 69
DEBUG: src/lcthw/hashmap.c:Hashmap_get_node:205: TRY: 70
DEBUG: src/lcthw/hashmap.c:Hashmap_get_node:205: TRY: 71
DEBUG: src/lcthw/hashmap.c:Hashmap_get_node:205: TRY: 72
DEBUG: src/lcthw/hashmap.c:Hashmap_get_node:205: TRY: 73
DEBUG: src/lcthw/hashmap.c:Hashmap_get_node:205: TRY: 74
DEBUG: src/lcthw/hashmap.c:Hashmap_get_node:205: TRY: 75
DEBUG: src/lcthw/hashmap.c:Hashmap_get_node:205: TRY: 76
DEBUG: src/lcthw/hashmap.c:Hashmap_get_node:205: TRY: 77
DEBUG: src/lcthw/hashmap.c:Hashmap_get_node:205: TRY: 78
DEBUG: src/lcthw/hashmap.c:Hashmap_get_node:205: TRY: 79
DEBUG: src/lcthw/hashmap.c:Hashmap_get_node:205: TRY: 80
DEBUG: src/lcthw/hashmap.c:Hashmap_get_node:205: TRY: 81
DEBUG: src/lcthw/hashmap.c:Hashmap_get_node:205: TRY: 82
DEBUG: src/lcthw/hashmap.c:Hashmap_get_node:205: TRY: 83
DEBUG: src/lcthw/hashmap.c:Hashmap_get_node:205: TRY: 84
DEBUG: src/lcthw/hashmap.c:Hashmap_get_node:205: TRY: 85
DEBUG: src/lcthw/hashmap.c:Hashmap_get_node:205: TRY: 86
DEBUG: src/lcthw/hashmap.c:Hashmap_get_node:205: TRY: 87
DEBUG: src/lcthw/hashmap.c:Hashmap_get_node:205: TRY: 88
DEBUG: src/lcthw/hashmap.c:Hashmap_get_node:205: TRY: 89
DEBUG: src/lcthw/hashmap.c:Hashmap_get_node:205: TRY: 90
DEBUG: src/lcthw/hashmap.c:Hashmap_get_node:205: TRY: 91
DEBUG: src/lcthw/hashmap.c:Hashmap_get_node:205: TRY: 92
DEBUG: src/lcthw/hashmap.c:Hashmap_get_node:205: TRY: 93
DEBUG: src/lcthw/hashmap.c:Hashmap_get_node:205: TRY: 94
DEBUG: src/lcthw/hashmap.c:Hashmap_get_node:205: TRY: 95
DEBUG: src/lcthw/hashmap.c:Hashmap_get_node:205: TRY: 96
DEBUG: src/lcthw/hashmap.c:Hashmap_get_node:205: TRY: 97
DEBUG: src/lcthw/hashmap.c:Hashmap_get_node:205: TRY: 0
DEBUG: src/lcthw/hashmap.c:Hashmap_get_node:205: TRY: 1
DEBUG: src/lcthw/hashmap.c:Hashmap_get_node:205: TRY: 2
DEBUG: src/lcthw/hashmap.c:Hashmap_get_node:205: TRY: 3
DEBUG: src/lcthw/hashmap.c:Hashmap_get_node:205: TRY: 4
DEBUG: src/lcthw/hashmap.c:Hashmap_get_node:205: TRY: 5
DEBUG: src/lcthw/hashmap.c:Hashmap_get_node:205: TRY: 6
DEBUG: src/lcthw/hashmap.c:Hashmap_get_node:205: TRY: 7
DEBUG: src/lcthw/hashmap.c:Hashmap_get_node:205: TRY: 8
DEBUG: src/lcthw/hashmap.c:Hashmap_get_node:205: TRY: 9
DEBUG: src/lcthw/hashmap.c:Hashmap_get_node:205: TRY: 10
DEBUG: src/lcthw/hashmap.c:Hashmap_get_node:205: TRY: 11
DEBUG: src/lcthw/hashmap.c:Hashmap_get_node:205: TRY: 12
DEBUG: src/lcthw/hashmap.c:Hashmap_get_node:205: TRY: 13
DEBUG: src/lcthw/hashmap.c:Hashmap_get_node:205: TRY: 14
DEBUG: src/lcthw/hashmap.c:Hashmap_get_node:205: TRY: 15
DEBUG: src/lcthw/hashmap.c:Hashmap_get_node:205: TRY: 16
DEBUG: src/lcthw/hashmap.c:Hashmap_get_node:205: TRY: 17
DEBUG: src/lcthw/hashmap.c:Hashmap_get_node:205: TRY: 18
DEBUG: src/lcthw/hashmap.c:Hashmap_get_node:205: TRY: 19
DEBUG: src/lcthw/hashmap.c:Hashmap_get_node:205: TRY: 20
DEBUG: src/lcthw/hashmap.c:Hashmap_get_node:205: TRY: 21
DEBUG: src/lcthw/hashmap.c:Hashmap_get_node:205: TRY: 22
DEBUG: src/lcthw/hashmap.c:Hashmap_get_node:205: TRY: 23
DEBUG: src/lcthw/hashmap.c:Hashmap_get_node:205: TRY: 24
DEBUG: src/lcthw/hashmap.c:Hashmap_get_node:205: TRY: 25
DEBUG: src/lcthw/hashmap.c:Hashmap_get_node:205: TRY: 26
DEBUG: src/lcthw/hashmap.c:Hashmap_get_node:205: TRY: 27
DEBUG: src/lcthw/hashmap.c:Hashmap_get_node:205: TRY: 28
DEBUG: src/lcthw/hashmap.c:Hashmap_get_node:205: TRY: 29
DEBUG: src/lcthw/hashmap.c:Hashmap_get_node:205: TRY: 30
DEBUG: src/lcthw/hashmap.c:Hashmap_get_node:205: TRY: 31
DEBUG: src/lcthw/hashmap.c:Hashmap_get_node:205: TRY: 32
DEBUG: src/lcthw/hashmap.c:Hashmap_get_node:205: TRY: 33
DEBUG: src/lcthw/hashmap.c:Hashmap_get_node:205: TRY: 34
DEBUG: src/lcthw/hashmap.c:Hashmap_get_node:205: TRY: 35
DEBUG: src/lcthw/hashmap.c:Hashmap_get_node:205: TRY: 36
DEBUG: src/lcthw/hashmap.c:Hashmap_get_node:205: TRY: 37
DEBUG: src/lcthw/hashmap.c:Hashmap_get_node:205: TRY: 38
DEBUG: src/lcthw/hashmap.c:Hashmap_get_node:205: TRY: 39
DEBUG: src/lcthw/hashmap.c:Hashmap_get_node:205: TRY: 40
DEBUG: src/lcthw/hashmap.c:Hashmap_get_node:205: TRY: 41
DEBUG: src/lcthw/hashmap.c:Hashmap_get_node:205: TRY: 42
DEBUG: src/lcthw/hashmap.c:Hashmap_get_node:205: TRY: 43
DEBUG: src/lcthw/hashmap.c:Hashmap_get_node:205: TRY: 44
DEBUG: src/lcthw/hashmap.c:Hashmap_get_node:205: TRY: 45
DEBUG: src/lcthw/hashmap.c:Hashmap_get_node:205: TRY: 46
DEBUG: src/lcthw/hashmap.c:Hashmap_get_node:205: TRY: 47
DEBUG: src/lcthw/hashmap.c:Hashmap_get_node:205: TRY: 48
DEBUG: src/lcthw/hashmap.c:Hashmap_get_node:205: TRY: 49
DEBUG: src/lcthw/hashmap.c:Hashmap_get_node:205: TRY: 50
DEBUG: src/lcthw/hashmap.c:Hashmap_get_node:205: TRY: 51
DEBUG: src/lcthw/hashmap.c:Hashmap_get_node:205: TRY: 52
DEBUG: src/lcthw/hashmap.c:Hashmap_get_node:205: TRY: 53
DEBUG: src/lcthw/hashmap.c:Hashmap_get_node:205: TRY: 54
DEBUG: src/lcthw/hashmap.c:Hashmap_get_node:205: TRY: 55
DEBUG: src/lcthw/hashmap.c:Hashmap_get_node:205: TRY: 56
DEBUG: src/lcthw/hashmap.c:Hashmap_get_node:205: TRY: 57
DEBUG: src/lcthw/hashmap.c:Hashmap_get_node:205: TRY: 58
DEBUG: src/lcthw/hashmap.c:Hashmap_get_node:205: TRY: 59
DEBUG: src/lcthw/hashmap.c:Hashmap_get_node:205: TRY: 60
DEBUG: src/lcthw/hashmap.c:Hashmap_get_node:205: TRY: 61
DEBUG: src/lcthw/hashmap.c:Hashmap_get_node:205: TRY: 62
DEBUG: src/lcthw/hashmap.c:Hashmap_get_node:205: TRY: 63
DEBUG: src/lcthw/hashmap.c:Hashmap_get_node:205: TRY: 64
DEBUG: src/lcthw/hashmap.c:Hashmap_get_node:205: TRY: 65
DEBUG: src/lcthw/hashmap.c:Hashmap_get_node:205: TRY: 66
DEBUG: src/lcthw/hashmap.c:Hashmap_get_node:205: TRY: 67
DEBUG: src/lcthw/hashmap.c:Hashmap_get_node:205: TRY: 68
DEBUG: src/lcthw/hashmap.c:Hashmap_get_node:205: TRY: 69
DEBUG: src/lcthw/hashmap.c:Hashmap_get_node:205: TRY: 70
DEBUG: src/lcthw/hashmap.c:Hashmap_get_node:205: TRY: 71
DEBUG: src/lcthw/hashmap.c:Hashmap_get_node:205: TRY: 72
DEBUG: src/lcthw/hashmap.c:Hashmap_get_node:205: TRY: 73
DEBUG: src/lcthw/hashmap.c:Hashmap_get_node:205: TRY: 74
DEBUG: src/lcthw/hashmap.c:Hashmap_get_node:205: TRY: 75
DEBUG: src/lcthw/hashmap.c:Hashmap_get_node:205: TRY: 76
DEBUG: src/lcthw/hashmap.c:Hashmap_get_node:205: TRY: 77
DEBUG: src/lcthw/hashmap.c:Hashmap_get_node:205: TRY: 78
DEBUG: src/lcthw/hashmap.c:Hashmap_get_node:205: TRY: 79
DEBUG: src/lcthw/hashmap.c:Hashmap_get_node:205: TRY: 80
DEBUG: src/lcthw/hashmap.c:Hashmap_get_node:205: TRY: 81
DEBUG: src/lcthw/hashmap.c:Hashmap_get_node:205: TRY: 82
DEBUG: src/lcthw/hashmap.c:Hashmap_get_node:205: TRY: 83
DEBUG: src/lcthw/hashmap.c:Hashmap_get_node:205: TRY: 84
DEBUG: src/lcthw/hashmap.c:Hashmap_get_node:205: TRY: 85
DEBUG: src/lcthw/hashmap.c:Hashmap_get_node:205: TRY: 86
DEBUG: src/lcthw/hashmap.c:Hashmap_get_node:205: TRY: 87
DEBUG: src/lcthw/hashmap.c:Hashmap_get_node:205: TRY: 88
DEBUG: src/lcthw/hashmap.c:Hashmap_get_node:205: TRY: 89
DEBUG: src/lcthw/hashmap.c:Hashmap_get_node:205: TRY: 90
DEBUG: src/lcthw/hashmap.c:Hashmap_get_node:205: TRY: 91
DEBUG: src/lcthw/hashmap.c:Hashmap_get_node:205: TRY: 92
DEBUG: src/lcthw/hashmap.c:Hashmap_get_node:205: TRY: 93
DEBUG: src/lcthw/hashmap.c:Hashmap_get_node:205: TRY: 94
DEBUG: src/lcthw/hashmap.c:Hashmap_get_node:205: TRY: 95
DEBUG: src/lcthw/hashmap.c:Hashmap_get_node:205: TRY: 96
DEBUG: src/lcthw/hashmap.c:Hashmap_get_node:205: TRY: 97
DEBUG: src/lcthw/hashmap.c:Hashmap_get_node:205: TRY: 98
DEBUG: src/lcthw/hashmap.c:Hashmap_get_node:205: TRY: 99
DEBUG: src/lcthw/hashmap.c:Hashmap_get_node:205: TRY: 100
DEBUG: src/lcthw/hashmap.c:Hashmap_get_node:205: TRY: 101
DEBUG: src/lcthw/hashmap.c:Hashmap_get_node:205: TRY: 102
DEBUG: src/lcthw/hashmap.c:Hashmap_get_node:205: TRY: 103
DEBUG: src/lcthw/hashmap.c:Hashmap_get_node:205: TRY: 104
DEBUG: src/lcthw/hashmap.c:Hashmap_get_node:205: TRY: 105
DEBUG: src/lcthw/hashmap.c:Hashmap_get_node:205: TRY: 106
DEBUG: src/lcthw/hashmap.c:Hashmap_get_node:205: TRY: 107
DEBUG: src/lcthw/hashmap.c:Hashmap_get_node:205: TRY: 108
DEBUG: src/lcthw/hashmap.c:Hashmap_get_node:205: TRY: 109
DEBUG: src/lcthw/hashmap.c:Hashmap_get_node:205: TRY: 110
DEBUG: src/lcthw/hashmap.c:Hashmap_get_node:205: TRY: 111
DEBUG: src/lcthw/hashmap.c:Hashmap_get_node:205: TRY: 112
DEBUG: src/lcthw/hashmap.c:Hashmap_get_node:205: TRY: 113
DEBUG: src/lcthw/hashmap.c:Hashmap_get_node:205: TRY: 114
DEBUG: src/lcthw/hashmap.c:Hashmap_get_node:205: TRY: 115
DEBUG: src/lcthw/hashmap.c:Hashmap_get_node:205: TRY: 116
DEBUG: src/lcthw/hashmap.c:Hashmap_get_node:205: TRY: 117
DEBUG: src/lcthw/hashmap.c:Hashmap_get_node:205: TRY: 118
DEBUG: src/lcthw/hashmap.c:Hashmap_get_node:205: TRY: 119
DEBUG: src/lcthw/hashmap.c:Hashmap_get_node:205: TRY: 120
DEBUG: src/lcthw/hashmap.c:Hashmap_get_node:205: TRY: 0
DEBUG: src/lcthw/hashmap.c:Hashmap_get_node:205: TRY: 1
DEBUG: src/lcthw/hashmap.c:Hashmap_get_node:205: TRY: 2
DEBUG: src/lcthw/hashmap.c:Hashmap_get_node:205: TRY: 3
DEBUG: src/lcthw/hashmap.c:Hashmap_get_node:205: TRY: 4
DEBUG: src/lcthw/hashmap.c:Hashmap_get_node:205: TRY: 5
DEBUG: src/lcthw/hashmap.c:Hashmap_get_node:205: TRY: 6
DEBUG: src/lcthw/hashmap.c:Hashmap_get_node:205: TRY: 7
DEBUG: src/lcthw/hashmap.c:Hashmap_get_node:205: TRY: 8
DEBUG: src/lcthw/hashmap.c:Hashmap_get_node:205: TRY: 9
DEBUG: src/lcthw/hashmap.c:Hashmap_get_node:205: TRY: 10
DEBUG: src/lcthw/hashmap.c:Hashmap_get_node:205: TRY: 11
DEBUG: src/lcthw/hashmap.c:Hashmap_get_node:205: TRY: 12
DEBUG: src/lcthw/hashmap.c:Hashmap_get_node:205: TRY: 13
DEBUG: src/lcthw/hashmap.c:Hashmap_get_node:205: TRY: 14
DEBUG: src/lcthw/hashmap.c:Hashmap_get_node:205: TRY: 15
DEBUG: src/lcthw/hashmap.c:Hashmap_get_node:205: TRY: 16
DEBUG: src/lcthw/hashmap.c:Hashmap_get_node:205: TRY: 17
DEBUG: src/lcthw/hashmap.c:Hashmap_get_node:205: TRY: 18
DEBUG: src/lcthw/hashmap.c:Hashmap_get_node:205: TRY: 19
DEBUG: src/lcthw/hashmap.c:Hashmap_get_node:205: TRY: 20
DEBUG: src/lcthw/hashmap.c:Hashmap_get_node:205: TRY: 21
DEBUG: src/lcthw/hashmap.c:Hashmap_get_node:205: TRY: 22
DEBUG: src/lcthw/hashmap.c:Hashmap_get_node:205: TRY: 23
DEBUG: src/lcthw/hashmap.c:Hashmap_get_node:205: TRY: 24
DEBUG: src/lcthw/hashmap.c:Hashmap_get_node:205: TRY: 25
DEBUG: src/lcthw/hashmap.c:Hashmap_get_node:205: TRY: 26
DEBUG: src/lcthw/hashmap.c:Hashmap_get_node:205: TRY: 27
DEBUG: src/lcthw/hashmap.c:Hashmap_get_node:205: TRY: 28
DEBUG: src/lcthw/hashmap.c:Hashmap_get_node:205: TRY: 29
DEBUG: src/lcthw/hashmap.c:Hashmap_get_node:205: TRY: 30
DEBUG: src/lcthw/hashmap.c:Hashmap_get_node:205: TRY: 31
DEBUG: src/lcthw/hashmap.c:Hashmap_get_node:205: TRY: 32
DEBUG: src/lcthw/hashmap.c:Hashmap_get_node:205: TRY: 33
DEBUG: src/lcthw/hashmap.c:Hashmap_get_node:205: TRY: 34
DEBUG: src/lcthw/hashmap.c:Hashmap_get_node:205: TRY: 35
DEBUG: src/lcthw/hashmap.c:Hashmap_get_node:205: TRY: 36
DEBUG: src/lcthw/hashmap.c:Hashmap_get_node:205: TRY: 37
DEBUG: src/lcthw/hashmap.c:Hashmap_get_node:205: TRY: 38
DEBUG: src/lcthw/hashmap.c:Hashmap_get_node:205: TRY: 39
DEBUG: src/lcthw/hashmap.c:Hashmap_get_node:205: TRY: 40
DEBUG: src/lcthw/hashmap.c:Hashmap_get_node:205: TRY: 41
DEBUG: src/lcthw/hashmap.c:Hashmap_get_node:205: TRY: 42
DEBUG: src/lcthw/hashmap.c:Hashmap_get_node:205: TRY: 43
DEBUG: src/lcthw/hashmap.c:Hashmap_get_node:205: TRY: 44
DEBUG: src/lcthw/hashmap.c:Hashmap_get_node:205: TRY: 45
DEBUG: src/lcthw/hashmap.c:Hashmap_get_node:205: TRY: 46
DEBUG: src/lcthw/hashmap.c:Hashmap_get_node:205: TRY: 47
DEBUG: src/lcthw/hashmap.c:Hashmap_get_node:205: TRY: 48
DEBUG: src/lcthw/hashmap.c:Hashmap_get_node:205: TRY: 49
DEBUG: src/lcthw/hashmap.c:Hashmap_get_node:205: TRY: 50
DEBUG: src/lcthw/hashmap.c:Hashmap_get_node:205: TRY: 51
DEBUG: src/lcthw/hashmap.c:Hashmap_get_node:205: TRY: 52
DEBUG: src/lcthw/hashmap.c:Hashmap_get_node:205: TRY: 53
DEBUG: src/lcthw/hashmap.c:Hashmap_get_node:205: TRY: 54
DEBUG: src/lcthw/hashmap.c:Hashmap_get_node:205: TRY: 55
DEBUG: src/lcthw/hashmap.c:Hashmap_get_node:205: TRY: 56
DEBUG: src/lcthw/hashmap.c:Hashmap_get_node:205: TRY: 57
DEBUG: src/lcthw/hashmap.c:Hashmap_get_node:205: TRY: 58
DEBUG: src/lcthw/hashmap.c:Hashmap_get_node:205: TRY: 59
DEBUG: src/lcthw/hashmap.c:Hashmap_get_node:205: TRY: 60
DEBUG: src/lcthw/hashmap.c:Hashmap_get_node:205: TRY: 61
DEBUG: src/lcthw/hashmap.c:Hashmap_get_node:205: TRY: 62
DEBUG: src/lcthw/hashmap.c:Hashmap_get_node:205: TRY: 63
DEBUG: src/lcthw/hashmap.c:Hashmap_get_node:205: TRY: 64
DEBUG: src/lcthw/hashmap.c:Hashmap_get_node:205: TRY: 65
DEBUG: src/lcthw/hashmap.c:Hashmap_get_node:205: TRY: 66
DEBUG: src/lcthw/hashmap.c:Hashmap_get_node:205: TRY: 67
DEBUG: src/lcthw/hashmap.c:Hashmap_get_node:205: TRY: 68
DEBUG: src/lcthw/hashmap.c:Hashmap_get_node:205: TRY: 69
DEBUG: src/lcthw/hashmap.c:Hashmap_get_node:205: TRY: 70
DEBUG: src/lcthw/hashmap.c:Hashmap_get_node:205: TRY: 71
DEBUG: src/lcthw/hashmap.c:Hashmap_get_node:205: TRY: 72
DEBUG: src/lcthw/hashmap.c:Hashmap_get_node:205: TRY: 73
DEBUG: src/lcthw/hashmap.c:Hashmap_get_node:205: TRY: 74
DEBUG: src/lcthw/hashmap.c:Hashmap_get_node:205: TRY: 75
DEBUG: src/lcthw/hashmap.c:Hashmap_get_node:205: TRY: 76
DEBUG: src/lcthw/hashmap.c:Hashmap_get_node:205: TRY: 77
DEBUG: src/lcthw/hashmap.c:Hashmap_get_node:205: TRY: 78
DEBUG: src/lcthw/hashmap.c:Hashmap_get_node:205: TRY: 79
DEBUG: src/lcthw/hashmap.c:Hashmap_get_node:205: TRY: 80
DEBUG: src/lcthw/hashmap.c:Hashmap_get_node:205: TRY: 81
DEBUG: src/lcthw/hashmap.c:Hashmap_get_node:205: TRY: 82
DEBUG: src/lcthw/hashmap.c:Hashmap_get_node:205: TRY: 83
DEBUG: src/lcthw/hashmap.c:Hashmap_get_node:205: TRY: 84
DEBUG: src/lcthw/hashmap.c:Hashmap_get_node:205: TRY: 85
DEBUG: src/lcthw/hashmap.c:Hashmap_get_node:205: TRY: 86
DEBUG: src/lcthw/hashmap.c:Hashmap_get_node:205: TRY: 87
DEBUG: src/lcthw/hashmap.c:Hashmap_get_node:205: TRY: 88
DEBUG: src/lcthw/hashmap.c:Hashmap_get_node:205: TRY: 89
DEBUG: src/lcthw/hashmap.c:Hashmap_get_node:205: TRY: 90
DEBUG: src/lcthw/hashmap.c:Hashmap_get_node:205: TRY: 91
DEBUG: src/lcthw/hashmap.c:Hashmap_get_node:205: TRY: 92
DEBUG: src/lcthw/hashmap.c:Hashmap_get_node:205: TRY: 93
DEBUG: src/lcthw/hashmap.c:Hashmap_get_node:205: TRY: 94
DEBUG: src/lcthw/hashmap.c:Hashmap_get_node:205: TRY: 0
DEBUG: src/lcthw/hashmap.c:Hashmap_get_node:205: TRY: 1
DEBUG: src/lcthw/hashmap.c:Hashmap_get_node:205: TRY: 2
DEBUG: src/lcthw/hashmap.c:Hashmap_get_node:205: TRY: 3
DEBUG: src/lcthw/hashmap.c:Hashmap_get_node:205: TRY: 4
DEBUG: src/lcthw/hashmap.c:Hashmap_get_node:205: TRY: 5
DEBUG: src/lcthw/hashmap.c:Hashmap_get_node:205: TRY: 6
DEBUG: src/lcthw/hashmap.c:Hashmap_get_node:205: TRY: 7
DEBUG: src/lcthw/hashmap.c:Hashmap_get_node:205: TRY: 8
DEBUG: src/lcthw/hashmap.c:Hashmap_get_node:205: TRY: 9
DEBUG: src/lcthw/hashmap.c:Hashmap_get_node:205: TRY: 10
DEBUG: src/lcthw/hashmap.c:Hashmap_get_node:205: TRY: 11
DEBUG: src/lcthw/hashmap.c:Hashmap_get_node:205: TRY: 12
DEBUG: src/lcthw/hashmap.c:Hashmap_get_node:205: TRY: 13
DEBUG: src/lcthw/hashmap.c:Hashmap_get_node:205: TRY: 14
DEBUG: src/lcthw/hashmap.c:Hashmap_get_node:205: TRY: 15
DEBUG: src/lcthw/hashmap.c:Hashmap_get_node:205: TRY: 16
DEBUG: src/lcthw/hashmap.c:Hashmap_get_node:205: TRY: 17
DEBUG: src/lcthw/hashmap.c:Hashmap_get_node:205: TRY: 18
DEBUG: src/lcthw/hashmap.c:Hashmap_get_node:205: TRY: 19
DEBUG: src/lcthw/hashmap.c:Hashmap_get_node:205: TRY: 20
DEBUG: src/lcthw/hashmap.c:Hashmap_get_node:205: TRY: 21
DEBUG: src/lcthw/hashmap.c:Hashmap_get_node:205: TRY: 22
DEBUG: src/lcthw/hashmap.c:Hashmap_get_node:205: TRY: 23
DEBUG: src/lcthw/hashmap.c:Hashmap_get_node:205: TRY: 24
DEBUG: src/lcthw/hashmap.c:Hashmap_get_node:205: TRY: 25
DEBUG: src/lcthw/hashmap.c:Hashmap_get_node:205: TRY: 26
DEBUG: src/lcthw/hashmap.c:Hashmap_get_node:205: TRY: 27
DEBUG: src/lcthw/hashmap.c:Hashmap_get_node:205: TRY: 28
DEBUG: src/lcthw/hashmap.c:Hashmap_get_node:205: TRY: 29
DEBUG: src/lcthw/hashmap.c:Hashmap_get_node:205: TRY: 30
DEBUG: src/lcthw/hashmap.c:Hashmap_get_node:205: TRY: 31
DEBUG: src/lcthw/hashmap.c:Hashmap_get_node:205: TRY: 32
DEBUG: src/lcthw/hashmap.c:Hashmap_get_node:205: TRY: 33
DEBUG: src/lcthw/hashmap.c:Hashmap_get_node:205: TRY: 34
DEBUG: src/lcthw/hashmap.c:Hashmap_get_node:205: TRY: 35
DEBUG: src/lcthw/hashmap.c:Hashmap_get_node:205: TRY: 36
DEBUG: src/lcthw/hashmap.c:Hashmap_get_node:205: TRY: 37
DEBUG: src/lcthw/hashmap.c:Hashmap_get_node:205: TRY: 38
DEBUG: src/lcthw/hashmap.c:Hashmap_get_node:205: TRY: 39
DEBUG: src/lcthw/hashmap.c:Hashmap_get_node:205: TRY: 40
DEBUG: src/lcthw/hashmap.c:Hashmap_get_node:205: TRY: 41
DEBUG: src/lcthw/hashmap.c:Hashmap_get_node:205: TRY: 42
DEBUG: src/lcthw/hashmap.c:Hashmap_get_node:205: TRY: 43
DEBUG: src/lcthw/hashmap.c:Hashmap_get_node:205: TRY: 44
DEBUG: src/lcthw/hashmap.c:Hashmap_get_node:205: TRY: 45
DEBUG: src/lcthw/hashmap.c:Hashmap_get_node:205: TRY: 46
DEBUG: src/lcthw/hashmap.c:Hashmap_get_node:205: TRY: 47
DEBUG: src/lcthw/hashmap.c:Hashmap_get_node:205: TRY: 48
DEBUG: src/lcthw/hashmap.c:Hashmap_get_node:205: TRY: 49
DEBUG: src/lcthw/hashmap.c:Hashmap_get_node:205: TRY: 50
DEBUG: src/lcthw/hashmap.c:Hashmap_get_node:205: TRY: 51
DEBUG: src/lcthw/hashmap.c:Hashmap_get_node:205: TRY: 52
DEBUG: src/lcthw/hashmap.c:Hashmap_get_node:205: TRY: 53
DEBUG: src/lcthw/hashmap.c:Hashmap_get_node:205: TRY: 54
DEBUG: src/lcthw/hashmap.c:Hashmap_get_node:205: TRY: 55
DEBUG: src/lcthw/hashmap.c:Hashmap_get_node:205: TRY: 56
DEBUG: src/lcthw/hashmap.c:Hashmap_get_node:205: TRY: 57
DEBUG: src/lcthw/hashmap.c:Hashmap_get_node:205: TRY: 58
DEBUG: src/lcthw/hashmap.c:Hashmap_get_node:205: TRY: 59
DEBUG: src/lcthw/hashmap.c:Hashmap_get_node:205: TRY: 60
DEBUG: src/lcthw/hashmap.c:Hashmap_get_node:205: TRY: 61
DEBUG: src/lcthw/hashmap.c:Hashmap_get_node:205: TRY: 62
DEBUG: src/lcthw/hashmap.c:Hashmap_get_node:205: TRY: 63
DEBUG: src/lcthw/hashmap.c:Hashmap_get_node:205: TRY: 64
DEBUG: src/lcthw/hashmap.c:Hashmap_get_node:205: TRY: 65
DEBUG: src/lcthw/hashmap.c:Hashmap_get_node:205: TRY: 66
DEBUG: src/lcthw/hashmap.c:Hashmap_get_node:205: TRY: 67
DEBUG: src/lcthw/hashmap.c:Hashmap_get_node:205: TRY: 68
DEBUG: src/lcthw/hashmap.c:Hashmap_get_node:205: TRY: 69
DEBUG: src/lcthw/hashmap.c:Hashmap_get_node:205: TRY: 70
DEBUG: src/lcthw/hashmap.c:Hashmap_get_node:205: TRY: 71
DEBUG: src/lcthw/hashmap.c:Hashmap_get_node:205: TRY: 72
DEBUG: src/lcthw/hashmap.c:Hashmap_get_node:205: TRY: 73
DEBUG: src/lcthw/hashmap.c:Hashmap_get_node:205: TRY: 74
DEBUG: src/lcthw/hashmap.c:Hashmap_get_node:205: TRY: 75
DEBUG: src/lcthw/hashmap.c:Hashmap_get_node:205: TRY: 76
DEBUG: src/lcthw/hashmap.c:Hashmap_get_node:205: TRY: 77
DEBUG: src/lcthw/hashmap.c:Hashmap_get_node:205: TRY: 78
DEBUG: src/lcthw/hashmap.c:Hashmap_get_node:205: TRY: 79
DEBUG: src/lcthw/hashmap.c:Hashmap_get_node:205: TRY: 80
DEBUG: src/lcthw/hashmap.c:Hashmap_get_node:205: TRY: 81
DEBUG: src/lcthw/hashmap.c:Hashmap_get_node:205: TRY: 82
DEBUG: src/lcthw/hashmap.c:Hashmap_get_node:205: TRY: 83
DEBUG: src/lcthw/hashmap.c:Hashmap_get_node:205: TRY: 84
DEBUG: src/lcthw/hashmap.c:Hashmap_get_node:205: TRY: 85
DEBUG: src/lcthw/hashmap.c:Hashmap_get_node:205: TRY: 86
DEBUG: src/lcthw/hashmap.c:Hashmap_get_node:205: TRY: 87
DEBUG: src/lcthw/hashmap.c:Hashmap_get_node:205: TRY: 0
DEBUG: src/lcthw/hashmap.c:Hashmap_get_node:205: TRY: 1
DEBUG: src/lcthw/hashmap.c:Hashmap_get_node:205: TRY: 2
DEBUG: src/lcthw/hashmap.c:Hashmap_get_node:205: TRY: 3
DEBUG: src/lcthw/hashmap.c:Hashmap_get_node:205: TRY: 4
DEBUG: src/lcthw/hashmap.c:Hashmap_get_node:205: TRY: 5
DEBUG: src/lcthw/hashmap.c:Hashmap_get_node:205: TRY: 6
DEBUG: src/lcthw/hashmap.c:Hashmap_get_node:205: TRY: 7
DEBUG: src/lcthw/hashmap.c:Hashmap_get_node:205: TRY: 8
DEBUG: src/lcthw/hashmap.c:Hashmap_get_node:205: TRY: 9
DEBUG: src/lcthw/hashmap.c:Hashmap_get_node:205: TRY: 10
DEBUG: src/lcthw/hashmap.c:Hashmap_get_node:205: TRY: 11
DEBUG: src/lcthw/hashmap.c:Hashmap_get_node:205: TRY: 12
DEBUG: src/lcthw/hashmap.c:Hashmap_get_node:205: TRY: 13
DEBUG: src/lcthw/hashmap.c:Hashmap_get_node:205: TRY: 14
DEBUG: src/lcthw/hashmap.c:Hashmap_get_node:205: TRY: 15
DEBUG: src/lcthw/hashmap.c:Hashmap_get_node:205: TRY: 16
DEBUG: src/lcthw/hashmap.c:Hashmap_get_node:205: TRY: 17
DEBUG: src/lcthw/hashmap.c:Hashmap_get_node:205: TRY: 18
DEBUG: src/lcthw/hashmap.c:Hashmap_get_node:205: TRY: 19
DEBUG: src/lcthw/hashmap.c:Hashmap_get_node:205: TRY: 20
DEBUG: src/lcthw/hashmap.c:Hashmap_get_node:205: TRY: 21
DEBUG: src/lcthw/hashmap.c:Hashmap_get_node:205: TRY: 22
DEBUG: src/lcthw/hashmap.c:Hashmap_get_node:205: TRY: 23
DEBUG: src/lcthw/hashmap.c:Hashmap_get_node:205: TRY: 24
DEBUG: src/lcthw/hashmap.c:Hashmap_get_node:205: TRY: 25
DEBUG: src/lcthw/hashmap.c:Hashmap_get_node:205: TRY: 26
DEBUG: src/lcthw/hashmap.c:Hashmap_get_node:205: TRY: 27
DEBUG: src/lcthw/hashmap.c:Hashmap_get_node:205: TRY: 28
DEBUG: src/lcthw/hashmap.c:Hashmap_get_node:205: TRY: 29
DEBUG: src/lcthw/hashmap.c:Hashmap_get_node:205: TRY: 30
DEBUG: src/lcthw/hashmap.c:Hashmap_get_node:205: TRY: 31
DEBUG: src/lcthw/hashmap.c:Hashmap_get_node:205: TRY: 32
DEBUG: src/lcthw/hashmap.c:Hashmap_get_node:205: TRY: 33
DEBUG: src/lcthw/hashmap.c:Hashmap_get_node:205: TRY: 34
DEBUG: src/lcthw/hashmap.c:Hashmap_get_node:205: TRY: 35
DEBUG: src/lcthw/hashmap.c:Hashmap_get_node:205: TRY: 36
DEBUG: src/lcthw/hashmap.c:Hashmap_get_node:205: TRY: 37
DEBUG: src/lcthw/hashmap.c:Hashmap_get_node:205: TRY: 38
DEBUG: src/lcthw/hashmap.c:Hashmap_get_node:205: TRY: 39
DEBUG: src/lcthw/hashmap.c:Hashmap_get_node:205: TRY: 40
DEBUG: src/lcthw/hashmap.c:Hashmap_get_node:205: TRY: 41
DEBUG: src/lcthw/hashmap.c:Hashmap_get_node:205: TRY: 42
DEBUG: src/lcthw/hashmap.c:Hashmap_get_node:205: TRY: 43
DEBUG: src/lcthw/hashmap.c:Hashmap_get_node:205: TRY: 44
DEBUG: src/lcthw/hashmap.c:Hashmap_get_node:205: TRY: 45
DEBUG: src/lcthw/hashmap.c:Hashmap_get_node:205: TRY: 46
DEBUG: src/lcthw/hashmap.c:Hashmap_get_node:205: TRY: 47
DEBUG: src/lcthw/hashmap.c:Hashmap_get_node:205: TRY: 48
DEBUG: src/lcthw/hashmap.c:Hashmap_get_node:205: TRY: 49
DEBUG: src/lcthw/hashmap.c:Hashmap_get_node:205: TRY: 50
DEBUG: src/lcthw/hashmap.c:Hashmap_get_node:205: TRY: 51
DEBUG: src/lcthw/hashmap.c:Hashmap_get_node:205: TRY: 52
DEBUG: src/lcthw/hashmap.c:Hashmap_get_node:205: TRY: 53
DEBUG: src/lcthw/hashmap.c:Hashmap_get_node:205: TRY: 54
DEBUG: src/lcthw/hashmap.c:Hashmap_get_node:205: TRY: 55
DEBUG: src/lcthw/hashmap.c:Hashmap_get_node:205: TRY: 56
DEBUG: src/lcthw/hashmap.c:Hashmap_get_node:205: TRY: 57
DEBUG: src/lcthw/hashmap.c:Hashmap_get_node:205: TRY: 58
DEBUG: src/lcthw/hashmap.c:Hashmap_get_node:205: TRY: 59
DEBUG: src/lcthw/hashmap.c:Hashmap_get_node:205: TRY: 60
DEBUG: src/lcthw/hashmap.c:Hashmap_get_node:205: TRY: 61
DEBUG: src/lcthw/hashmap.c:Hashmap_get_node:205: TRY: 62
DEBUG: src/lcthw/hashmap.c:Hashmap_get_node:205: TRY: 63
DEBUG: src/lcthw/hashmap.c:Hashmap_get_node:205: TRY: 64
DEBUG: src/lcthw/hashmap.c:Hashmap_get_node:205: TRY: 65
DEBUG: src/lcthw/hashmap.c:Hashmap_get_node:205: TRY: 66
DEBUG: src/lcthw/hashmap.c:Hashmap_get_node:205: TRY: 67
DEBUG: src/lcthw/hashmap.c:Hashmap_get_node:205: TRY: 68
DEBUG: src/lcthw/hashmap.c:Hashmap_get_node:205: TRY: 69
DEBUG: src/lcthw/hashmap.c:Hashmap_get_node:205: TRY: 70
DEBUG: src/lcthw/hashmap.c:Hashmap_get_node:205: TRY: 71
DEBUG: src/lcthw/hashmap.c:Hashmap_get_node:205: TRY: 72
DEBUG: src/lcthw/hashmap.c:Hashmap_get_node:205: TRY: 73
DEBUG: src/lcthw/hashmap.c:Hashmap_get_node:205: TRY: 74
DEBUG: src/lcthw/hashmap.c:Hashmap_get_node:205: TRY: 75
DEBUG: src/lcthw/hashmap.c:Hashmap_get_node:205: TRY: 76
DEBUG: src/lcthw/hashmap.c:Hashmap_get_node:205: TRY: 77
DEBUG: src/lcthw/hashmap.c:Hashmap_get_node:205: TRY: 78
DEBUG: src/lcthw/hashmap.c:Hashmap_get_node:205: TRY: 79
DEBUG: src/lcthw/hashmap.c:Hashmap_get_node:205: TRY: 80
DEBUG: src/lcthw/hashmap.c:Hashmap_get_node:205: TRY: 81
DEBUG: src/lcthw/hashmap.c:Hashmap_get_node:205: TRY: 82
DEBUG: src/lcthw/hashmap.c:Hashmap_get_node:205: TRY: 83
DEBUG: src/lcthw/hashmap.c:Hashmap_get_node:205: TRY: 84
DEBUG: src/lcthw/hashmap.c:Hashmap_get_node:205: TRY: 85
DEBUG: src/lcthw/hashmap.c:Hashmap_get_node:205: TRY: 86
DEBUG: src/lcthw/hashmap.c:Hashmap_get_node:205: TRY: 87
DEBUG: src/lcthw/hashmap.c:Hashmap_get_node:205: TRY: 88
DEBUG: src/lcthw/hashmap.c:Hashmap_get_node:205: TRY: 89
DEBUG: src/lcthw/hashmap.c:Hashmap_get_node:205: TRY: 90
DEBUG: src/lcthw/hashmap.c:Hashmap_get_node:205: TRY: 91
DEBUG: src/lcthw/hashmap.c:Hashmap_get_node:205: TRY: 92
DEBUG: src/lcthw/hashmap.c:Hashmap_get_node:205: TRY: 93
DEBUG: src/lcthw/hashmap.c:Hashmap_get_node:205: TRY: 94
DEBUG: src/lcthw/hashmap.c:Hashmap_get_node:205: TRY: 95
DEBUG: src/lcthw/hashmap.c:Hashmap_get_node:205: TRY: 96
DEBUG: src/lcthw/hashmap.c:Hashmap_get_node:205: TRY: 0
DEBUG: src/lcthw/hashmap.c:Hashmap_get_node:205: TRY: 1
DEBUG: src/lcthw/hashmap.c:Hashmap_get_node:205: TRY: 2
DEBUG: src/lcthw/hashmap.c:Hashmap_get_node:205: TRY: 3
DEBUG: src/lcthw/hashmap.c:Hashmap_get_node:205: TRY: 4
DEBUG: src/lcthw/hashmap.c:Hashmap_get_node:205: TRY: 5
DEBUG: src/lcthw/hashmap.c:Hashmap_get_node:205: TRY: 6
DEBUG: src/lcthw/hashmap.c:Hashmap_get_node:205: TRY: 7
DEBUG: src/lcthw/hashmap.c:Hashmap_get_node:205: TRY: 8
DEBUG: src/lcthw/hashmap.c:Hashmap_get_node:205: TRY: 9
DEBUG: src/lcthw/hashmap.c:Hashmap_get_node:205: TRY: 10
DEBUG: src/lcthw/hashmap.c:Hashmap_get_node:205: TRY: 11
DEBUG: src/lcthw/hashmap.c:Hashmap_get_node:205: TRY: 12
DEBUG: src/lcthw/hashmap.c:Hashmap_get_node:205: TRY: 13
DEBUG: src/lcthw/hashmap.c:Hashmap_get_node:205: TRY: 14
DEBUG: src/lcthw/hashmap.c:Hashmap_get_node:205: TRY: 15
DEBUG: src/lcthw/hashmap.c:Hashmap_get_node:205: TRY: 16
DEBUG: src/lcthw/hashmap.c:Hashmap_get_node:205: TRY: 17
DEBUG: src/lcthw/hashmap.c:Hashmap_get_node:205: TRY: 18
DEBUG: src/lcthw/hashmap.c:Hashmap_get_node:205: TRY: 19
DEBUG: src/lcthw/hashmap.c:Hashmap_get_node:205: TRY: 20
DEBUG: src/lcthw/hashmap.c:Hashmap_get_node:205: TRY: 21
DEBUG: src/lcthw/hashmap.c:Hashmap_get_node:205: TRY: 22
DEBUG: src/lcthw/hashmap.c:Hashmap_get_node:205: TRY: 23
DEBUG: src/lcthw/hashmap.c:Hashmap_get_node:205: TRY: 24
DEBUG: src/lcthw/hashmap.c:Hashmap_get_node:205: TRY: 25
DEBUG: src/lcthw/hashmap.c:Hashmap_get_node:205: TRY: 26
DEBUG: src/lcthw/hashmap.c:Hashmap_get_node:205: TRY: 27
DEBUG: src/lcthw/hashmap.c:Hashmap_get_node:205: TRY: 28
DEBUG: src/lcthw/hashmap.c:Hashmap_get_node:205: TRY: 29
DEBUG: src/lcthw/hashmap.c:Hashmap_get_node:205: TRY: 30
DEBUG: src/lcthw/hashmap.c:Hashmap_get_node:205: TRY: 31
DEBUG: src/lcthw/hashmap.c:Hashmap_get_node:205: TRY: 32
DEBUG: src/lcthw/hashmap.c:Hashmap_get_node:205: TRY: 33
DEBUG: src/lcthw/hashmap.c:Hashmap_get_node:205: TRY: 34
DEBUG: src/lcthw/hashmap.c:Hashmap_get_node:205: TRY: 35
DEBUG: src/lcthw/hashmap.c:Hashmap_get_node:205: TRY: 36
DEBUG: src/lcthw/hashmap.c:Hashmap_get_node:205: TRY: 37
DEBUG: src/lcthw/hashmap.c:Hashmap_get_node:205: TRY: 38
DEBUG: src/lcthw/hashmap.c:Hashmap_get_node:205: TRY: 39
DEBUG: src/lcthw/hashmap.c:Hashmap_get_node:205: TRY: 40
DEBUG: src/lcthw/hashmap.c:Hashmap_get_node:205: TRY: 41
DEBUG: src/lcthw/hashmap.c:Hashmap_get_node:205: TRY: 42
DEBUG: src/lcthw/hashmap.c:Hashmap_get_node:205: TRY: 43
DEBUG: src/lcthw/hashmap.c:Hashmap_get_node:205: TRY: 44
DEBUG: src/lcthw/hashmap.c:Hashmap_get_node:205: TRY: 45
DEBUG: src/lcthw/hashmap.c:Hashmap_get_node:205: TRY: 46
DEBUG: src/lcthw/hashmap.c:Hashmap_get_node:205: TRY: 47
DEBUG: src/lcthw/hashmap.c:Hashmap_get_node:205: TRY: 48
DEBUG: src/lcthw/hashmap.c:Hashmap_get_node:205: TRY: 49
DEBUG: src/lcthw/hashmap.c:Hashmap_get_node:205: TRY: 50
DEBUG: src/lcthw/hashmap.c:Hashmap_get_node:205: TRY: 51
DEBUG: src/lcthw/hashmap.c:Hashmap_get_node:205: TRY: 52
DEBUG: src/lcthw/hashmap.c:Hashmap_get_node:205: TRY: 53
DEBUG: src/lcthw/hashmap.c:Hashmap_get_node:205: TRY: 54
DEBUG: src/lcthw/hashmap.c:Hashmap_get_node:205: TRY: 55
DEBUG: src/lcthw/hashmap.c:Hashmap_get_node:205: TRY: 56
DEBUG: src/lcthw/hashmap.c:Hashmap_get_node:205: TRY: 57
DEBUG: src/lcthw/hashmap.c:Hashmap_get_node:205: TRY: 58
DEBUG: src/lcthw/hashmap.c:Hashmap_get_node:205: TRY: 59
DEBUG: src/lcthw/hashmap.c:Hashmap_get_node:205: TRY: 60
DEBUG: src/lcthw/hashmap.c:Hashmap_get_node:205: TRY: 61
DEBUG: src/lcthw/hashmap.c:Hashmap_get_node:205: TRY: 62
DEBUG: src/lcthw/hashmap.c:Hashmap_get_node:205: TRY: 63
DEBUG: src/lcthw/hashmap.c:Hashmap_get_node:205: TRY: 64
DEBUG: src/lcthw/hashmap.c:Hashmap_get_node:205: TRY: 65
DEBUG: src/lcthw/hashmap.c:Hashmap_get_node:205: TRY: 66
DEBUG: src/lcthw/hashmap.c:Hashmap_get_node:205: TRY: 67
DEBUG: src/lcthw/hashmap.c:Hashmap_get_node:205: TRY: 68
DEBUG: src/lcthw/hashmap.c:Hashmap_get_node:205: TRY: 69
DEBUG: src/lcthw/hashmap.c:Hashmap_get_node:205: TRY: 70
DEBUG: src/lcthw/hashmap.c:Hashmap_get_node:205: TRY: 71
DEBUG: src/lcthw/hashmap.c:Hashmap_get_node:205: TRY: 72
DEBUG: src/lcthw/hashmap.c:Hashmap_get_node:205: TRY: 73
DEBUG: src/lcthw/hashmap.c:Hashmap_get_node:205: TRY: 74
DEBUG: src/lcthw/hashmap.c:Hashmap_get_node:205: TRY: 75
DEBUG: src/lcthw/hashmap.c:Hashmap_get_node:205: TRY: 76
DEBUG: src/lcthw/hashmap.c:Hashmap_get_node:205: TRY: 77
DEBUG: src/lcthw/hashmap.c:Hashmap_get_node:205: TRY: 78
DEBUG: src/lcthw/hashmap.c:Hashmap_get_node:205: TRY: 79
DEBUG: src/lcthw/hashmap.c:Hashmap_get_node:205: TRY: 80
DEBUG: src/lcthw/hashmap.c:Hashmap_get_node:205: TRY: 81
DEBUG: src/lcthw/hashmap.c:Hashmap_get_node:205: TRY: 82
DEBUG: src/lcthw/hashmap.c:Hashmap_get_node:205: TRY: 83
DEBUG: src/lcthw/hashmap.c:Hashmap_get_node:205: TRY: 84
DEBUG: src/lcthw/hashmap.c:Hashmap_get_node:205: TRY: 0
DEBUG: src/lcthw/hashmap.c:Hashmap_get_node:205: TRY: 1
DEBUG: src/lcthw/hashmap.c:Hashmap_get_node:205: TRY: 2
DEBUG: src/lcthw/hashmap.c:Hashmap_get_node:205: TRY: 3
DEBUG: src/lcthw/hashmap.c:Hashmap_get_node:205: TRY: 4
DEBUG: src/lcthw/hashmap.c:Hashmap_get_node:205: TRY: 5
DEBUG: src/lcthw/hashmap.c:Hashmap_get_node:205: TRY: 6
DEBUG: src/lcthw/hashmap.c:Hashmap_get_node:205: TRY: 7
DEBUG: src/lcthw/hashmap.c:Hashmap_get_node:205: TRY: 8
DEBUG: src/lcthw/hashmap.c:Hashmap_get_node:205: TRY: 9
DEBUG: src/lcthw/hashmap.c:Hashmap_get_node:205: TRY: 10
DEBUG: src/lcthw/hashmap.c:Hashmap_get_node:205: TRY: 11
DEBUG: src/lcthw/hashmap.c:Hashmap_get_node:205: TRY: 12
DEBUG: src/lcthw/hashmap.c:Hashmap_get_node:205: TRY: 13
DEBUG: src/lcthw/hashmap.c:Hashmap_get_node:205: TRY: 14
DEBUG: src/lcthw/hashmap.c:Hashmap_get_node:205: TRY: 15
DEBUG: src/lcthw/hashmap.c:Hashmap_get_node:205: TRY: 16
DEBUG: src/lcthw/hashmap.c:Hashmap_get_node:205: TRY: 17
DEBUG: src/lcthw/hashmap.c:Hashmap_get_node:205: TRY: 18
DEBUG: src/lcthw/hashmap.c:Hashmap_get_node:205: TRY: 19
DEBUG: src/lcthw/hashmap.c:Hashmap_get_node:205: TRY: 20
DEBUG: src/lcthw/hashmap.c:Hashmap_get_node:205: TRY: 21
DEBUG: src/lcthw/hashmap.c:Hashmap_get_node:205: TRY: 22
DEBUG: src/lcthw/hashmap.c:Hashmap_get_node:205: TRY: 23
DEBUG: src/lcthw/hashmap.c:Hashmap_get_node:205: TRY: 24
DEBUG: src/lcthw/hashmap.c:Hashmap_get_node:205: TRY: 25
DEBUG: src/lcthw/hashmap.c:Hashmap_get_node:205: TRY: 26
DEBUG: src/lcthw/hashmap.c:Hashmap_get_node:205: TRY: 27
DEBUG: src/lcthw/hashmap.c:Hashmap_get_node:205: TRY: 28
DEBUG: src/lcthw/hashmap.c:Hashmap_get_node:205: TRY: 29
DEBUG: src/lcthw/hashmap.c:Hashmap_get_node:205: TRY: 30
DEBUG: src/lcthw/hashmap.c:Hashmap_get_node:205: TRY: 31
DEBUG: src/lcthw/hashmap.c:Hashmap_get_node:205: TRY: 32
DEBUG: src/lcthw/hashmap.c:Hashmap_get_node:205: TRY: 33
DEBUG: src/lcthw/hashmap.c:Hashmap_get_node:205: TRY: 34
DEBUG: src/lcthw/hashmap.c:Hashmap_get_node:205: TRY: 35
DEBUG: src/lcthw/hashmap.c:Hashmap_get_node:205: TRY: 36
DEBUG: src/lcthw/hashmap.c:Hashmap_get_node:205: TRY: 37
DEBUG: src/lcthw/hashmap.c:Hashmap_get_node:205: TRY: 38
DEBUG: src/lcthw/hashmap.c:Hashmap_get_node:205: TRY: 39
DEBUG: src/lcthw/hashmap.c:Hashmap_get_node:205: TRY: 40
DEBUG: src/lcthw/hashmap.c:Hashmap_get_node:205: TRY: 41
DEBUG: src/lcthw/hashmap.c:Hashmap_get_node:205: TRY: 42
DEBUG: src/lcthw/hashmap.c:Hashmap_get_node:205: TRY: 43
DEBUG: src/lcthw/hashmap.c:Hashmap_get_node:205: TRY: 44
DEBUG: src/lcthw/hashmap.c:Hashmap_get_node:205: TRY: 45
DEBUG: src/lcthw/hashmap.c:Hashmap_get_node:205: TRY: 46
DEBUG: src/lcthw/hashmap.c:Hashmap_get_node:205: TRY: 47
DEBUG: src/lcthw/hashmap.c:Hashmap_get_node:205: TRY: 48
DEBUG: src/lcthw/hashmap.c:Hashmap_get_node:205: TRY: 49
DEBUG: src/lcthw/hashmap.c:Hashmap_get_node:205: TRY: 50
DEBUG: src/lcthw/hashmap.c:Hashmap_get_node:205: TRY: 51
DEBUG: src/lcthw/hashmap.c:Hashmap_get_node:205: TRY: 52
DEBUG: src/lcthw/hashmap.c:Hashmap_get_node:205: TRY: 53
DEBUG: src/lcthw/hashmap.c:Hashmap_get_node:205: TRY: 54
DEBUG: src/lcthw/hashmap.c:Hashmap_get_node:205: TRY: 55
DEBUG: src/lcthw/hashmap.c:Hashmap_get_node:205: TRY: 56
DEBUG: src/lcthw/hashmap.c:Hashmap_get_node:205: TRY: 57
DEBUG: src/lcthw/hashmap.c:Hashmap_get_node:205: TRY: 58
DEBUG: src/lcthw/hashmap.c:Hashmap_get_node:205: TRY: 59
DEBUG: src/lcthw/hashmap.c:Hashmap_get_node:205: TRY: 60
DEBUG: src/lcthw/hashmap.c:Hashmap_get_node:205: TRY: 61
DEBUG: src/lcthw/hashmap.c:Hashmap_get_node:205: TRY: 62
DEBUG: src/lcthw/hashmap.c:Hashmap_get_node:205: TRY: 63
DEBUG: src/lcthw/hashmap.c:Hashmap_get_node:205: TRY: 64
DEBUG: src/lcthw/hashmap.c:Hashmap_get_node:205: TRY: 65
DEBUG: src/lcthw/hashmap.c:Hashmap_get_node:205: TRY: 66
DEBUG: src/lcthw/hashmap.c:Hashmap_get_node:205: TRY: 67
DEBUG: src/lcthw/hashmap.c:Hashmap_get_node:205: TRY: 68
DEBUG: src/lcthw/hashmap.c:Hashmap_get_node:205: TRY: 69
DEBUG: src/lcthw/hashmap.c:Hashmap_get_node:205: TRY: 70
DEBUG: src/lcthw/hashmap.c:Hashmap_get_node:205: TRY: 71
DEBUG: src/lcthw/hashmap.c:Hashmap_get_node:205: TRY: 72
DEBUG: src/lcthw/hashmap.c:Hashmap_get_node:205: TRY: 73
DEBUG: src/lcthw/hashmap.c:Hashmap_get_node:205: TRY: 74
DEBUG: src/lcthw/hashmap.c:Hashmap_get_node:205: TRY: 75
DEBUG: src/lcthw/hashmap.c:Hashmap_get_node:205: TRY: 76
DEBUG: src/lcthw/hashmap.c:Hashmap_get_node:205: TRY: 77
DEBUG: src/lcthw/hashmap.c:Hashmap_get_node:205: TRY: 78
DEBUG: src/lcthw/hashmap.c:Hashmap_get_node:205: TRY: 79
DEBUG: src/lcthw/hashmap.c:Hashmap_get_node:205: TRY: 80
DEBUG: src/lcthw/hashmap.c:Hashmap_get_node:205: TRY: 81
DEBUG: src/lcthw/hashmap.c:Hashmap_get_node:205: TRY: 82
DEBUG: src/lcthw/hashmap.c:Hashmap_get_node:205: TRY: 83
DEBUG: src/lcthw/hashmap.c:Hashmap_get_node:205: TRY: 84
DEBUG: src/lcthw/hashmap.c:Hashmap_get_node:205: TRY: 85
DEBUG: src/lcthw/hashmap.c:Hashmap_get_node:205: TRY: 86
DEBUG: src/lcthw/hashmap.c:Hashmap_get_node:205: TRY: 87
DEBUG: src/lcthw/hashmap.c:Hashmap_get_node:205: TRY: 88
DEBUG: src/lcthw/hashmap.c:Hashmap_get_node:205: TRY: 0
DEBUG: src/lcthw/hashmap.c:Hashmap_get_node:205: TRY: 1
DEBUG: src/lcthw/hashmap.c:Hashmap_get_node:205: TRY: 2
DEBUG: src/lcthw/hashmap.c:Hashmap_get_node:205: TRY: 3
DEBUG: src/lcthw/hashmap.c:Hashmap_get_node:205: TRY: 4
DEBUG: src/lcthw/hashmap.c:Hashmap_get_node:205: TRY: 5
DEBUG: src/lcthw/hashmap.c:Hashmap_get_node:205: TRY: 6
DEBUG: src/lcthw/hashmap.c:Hashmap_get_node:205: TRY: 7
DEBUG: src/lcthw/hashmap.c:Hashmap_get_node:205: TRY: 8
DEBUG: src/lcthw/hashmap.c:Hashmap_get_node:205: TRY: 9
DEBUG: src/lcthw/hashmap.c:Hashmap_get_node:205: TRY: 10
DEBUG: src/lcthw/hashmap.c:Hashmap_get_node:205: TRY: 11
DEBUG: src/lcthw/hashmap.c:Hashmap_get_node:205: TRY: 12
DEBUG: src/lcthw/hashmap.c:Hashmap_get_node:205: TRY: 13
DEBUG: src/lcthw/hashmap.c:Hashmap_get_node:205: TRY: 14
DEBUG: src/lcthw/hashmap.c:Hashmap_get_node:205: TRY: 15
DEBUG: src/lcthw/hashmap.c:Hashmap_get_node:205: TRY: 16
DEBUG: src/lcthw/hashmap.c:Hashmap_get_node:205: TRY: 17
DEBUG: src/lcthw/hashmap.c:Hashmap_get_node:205: TRY: 18
DEBUG: src/lcthw/hashmap.c:Hashmap_get_node:205: TRY: 19
DEBUG: src/lcthw/hashmap.c:Hashmap_get_node:205: TRY: 20
DEBUG: src/lcthw/hashmap.c:Hashmap_get_node:205: TRY: 21
DEBUG: src/lcthw/hashmap.c:Hashmap_get_node:205: TRY: 22
DEBUG: src/lcthw/hashmap.c:Hashmap_get_node:205: TRY: 23
DEBUG: src/lcthw/hashmap.c:Hashmap_get_node:205: TRY: 24
DEBUG: src/lcthw/hashmap.c:Hashmap_get_node:205: TRY: 25
DEBUG: src/lcthw/hashmap.c:Hashmap_get_node:205: TRY: 26
DEBUG: src/lcthw/hashmap.c:Hashmap_get_node:205: TRY: 27
DEBUG: src/lcthw/hashmap.c:Hashmap_get_node:205: TRY: 28
DEBUG: src/lcthw/hashmap.c:Hashmap_get_node:205: TRY: 29
DEBUG: src/lcthw/hashmap.c:Hashmap_get_node:205: TRY: 30
DEBUG: src/lcthw/hashmap.c:Hashmap_get_node:205: TRY: 31
DEBUG: src/lcthw/hashmap.c:Hashmap_get_node:205: TRY: 32
DEBUG: src/lcthw/hashmap.c:Hashmap_get_node:205: TRY: 33
DEBUG: src/lcthw/hashmap.c:Hashmap_get_node:205: TRY: 34
DEBUG: src/lcthw/hashmap.c:Hashmap_get_node:205: TRY: 35
DEBUG: src/lcthw/hashmap.c:Hashmap_get_node:205: TRY: 36
DEBUG: src/lcthw/hashmap.c:Hashmap_get_node:205: TRY: 37
DEBUG: src/lcthw/hashmap.c:Hashmap_get_node:205: TRY: 38
DEBUG: src/lcthw/hashmap.c:Hashmap_get_node:205: TRY: 39
DEBUG: src/lcthw/hashmap.c:Hashmap_get_node:205: TRY: 40
DEBUG: src/lcthw/hashmap.c:Hashmap_get_node:205: TRY: 41
DEBUG: src/lcthw/hashmap.c:Hashmap_get_node:205: TRY: 42
DEBUG: src/lcthw/hashmap.c:Hashmap_get_node:205: TRY: 43
DEBUG: src/lcthw/hashmap.c:Hashmap_get_node:205: TRY: 44
DEBUG: src/lcthw/hashmap.c:Hashmap_get_node:205: TRY: 45
DEBUG: src/lcthw/hashmap.c:Hashmap_get_node:205: TRY: 46
DEBUG: src/lcthw/hashmap.c:Hashmap_get_node:205: TRY: 47
DEBUG: src/lcthw/hashmap.c:Hashmap_get_node:205: TRY: 48
DEBUG: src/lcthw/hashmap.c:Hashmap_get_node:205: TRY: 49
DEBUG: src/lcthw/hashmap.c:Hashmap_get_node:205: TRY: 50
DEBUG: src/lcthw/hashmap.c:Hashmap_get_node:205: TRY: 51
DEBUG: src/lcthw/hashmap.c:Hashmap_get_node:205: TRY: 52
DEBUG: src/lcthw/hashmap.c:Hashmap_get_node:205: TRY: 53
DEBUG: src/lcthw/hashmap.c:Hashmap_get_node:205: TRY: 54
DEBUG: src/lcthw/hashmap.c:Hashmap_get_node:205: TRY: 55
DEBUG: src/lcthw/hashmap.c:Hashmap_get_node:205: TRY: 56
DEBUG: src/lcthw/hashmap.c:Hashmap_get_node:205: TRY: 57
DEBUG: src/lcthw/hashmap.c:Hashmap_get_node:205: TRY: 58
DEBUG: src/lcthw/hashmap.c:Hashmap_get_node:205: TRY: 59
DEBUG: src/lcthw/hashmap.c:Hashmap_get_node:205: TRY: 60
DEBUG: src/lcthw/hashmap.c:Hashmap_get_node:205: TRY: 61
DEBUG: src/lcthw/hashmap.c:Hashmap_get_node:205: TRY: 62
DEBUG: src/lcthw/hashmap.c:Hashmap_get_node:205: TRY: 63
DEBUG: src/lcthw/hashmap.c:Hashmap_get_node:205: TRY: 64
DEBUG: src/lcthw/hashmap.c:Hashmap_get_node:205: TRY: 65
DEBUG: src/lcthw/hashmap.c:Hashmap_get_node:205: TRY: 66
DEBUG: src/lcthw/hashmap.c:Hashmap_get_node:205: TRY: 67
DEBUG: src/lcthw/hashmap.c:Hashmap_get_node:205: TRY: 68
DEBUG: src/lcthw/hashmap.c:Hashmap_get_node:205: TRY: 69
DEBUG: src/lcthw/hashmap.c:Hashmap_get_node:205: TRY: 70
DEBUG: src/lcthw/hashmap.c:Hashmap_get_node:205: TRY: 71
DEBUG: src/lcthw/hashmap.c:Hashmap_get_node:205: TRY: 72
DEBUG: src/lcthw/hashmap.c:Hashmap_get_node:205: TRY: 73
DEBUG: src/lcthw/hashmap.c:Hashmap_get_node:205: TRY: 74
DEBUG: src/lcthw/hashmap.c:Hashmap_get_node:205: TRY: 75
DEBUG: src/lcthw/hashmap.c:Hashmap_get_node:205: TRY: 76
DEBUG: src/lcthw/hashmap.c:Hashmap_get_node:205: TRY: 77
DEBUG: src/lcthw/hashmap.c:Hashmap_get_node:205: TRY: 78
DEBUG: src/lcthw/hashmap.c:Hashmap_get_node:205: TRY: 79
DEBUG: src/lcthw/hashmap.c:Hashmap_get_node:205: TRY: 80
DEBUG: src/lcthw/hashmap.c:Hashmap_get_node:205: TRY: 81
DEBUG: src/lcthw/hashmap.c:Hashmap_get_node:205: TRY: 82
DEBUG: src/lcthw/hashmap.c:Hashmap_get_node:205: TRY: 83
DEBUG: src/lcthw/hashmap.c:Hashmap_get_node:205: TRY: 84
DEBUG: src/lcthw/hashmap.c:Hashmap_get_node:205: TRY: 85
DEBUG: src/lcthw/hashmap.c:Hashmap_get_node:205: TRY: 0
DEBUG: src/lcthw/hashmap.c:Hashmap_get_node:205: TRY: 1
DEBUG: src/lcthw/hashmap.c:Hashmap_get_node:205: TRY: 2
DEBUG: src/lcthw/hashmap.c:Hashmap_get_node:205: TRY: 3
DEBUG: src/lcthw/hashmap.c:Hashmap_get_node:205: TRY: 4
DEBUG: src/lcthw/hashmap.c:Hashmap_get_node:205: TRY: 5
DEBUG: src/lcthw/hashmap.c:Hashmap_get_node:205: TRY: 6
DEBUG: src/lcthw/hashmap.c:Hashmap_get_node:205: TRY: 7
DEBUG: src/lcthw/hashmap.c:Hashmap_get_node:205: TRY: 8
DEBUG: src/lcthw/hashmap.c:Hashmap_get_node:205: TRY: 9
DEBUG: src/lcthw/hashmap.c:Hashmap_get_node:205: TRY: 10
DEBUG: src/lcthw/hashmap.c:Hashmap_get_node:205: TRY: 11
DEBUG: src/lcthw/hashmap.c:Hashmap_get_node:205: TRY: 12
DEBUG: src/lcthw/hashmap.c:Hashmap_get_node:205: TRY: 13
DEBUG: src/lcthw/hashmap.c:Hashmap_get_node:205: TRY: 14
DEBUG: src/lcthw/hashmap.c:Hashmap_get_node:205: TRY: 15
DEBUG: src/lcthw/hashmap.c:Hashmap_get_node:205: TRY: 16
DEBUG: src/lcthw/hashmap.c:Hashmap_get_node:205: TRY: 17
DEBUG: src/lcthw/hashmap.c:Hashmap_get_node:205: TRY: 18
DEBUG: src/lcthw/hashmap.c:Hashmap_get_node:205: TRY: 19
DEBUG: src/lcthw/hashmap.c:Hashmap_get_node:205: TRY: 20
DEBUG: src/lcthw/hashmap.c:Hashmap_get_node:205: TRY: 21
DEBUG: src/lcthw/hashmap.c:Hashmap_get_node:205: TRY: 22
DEBUG: src/lcthw/hashmap.c:Hashmap_get_node:205: TRY: 23
DEBUG: src/lcthw/hashmap.c:Hashmap_get_node:205: TRY: 24
DEBUG: src/lcthw/hashmap.c:Hashmap_get_node:205: TRY: 25
DEBUG: src/lcthw/hashmap.c:Hashmap_get_node:205: TRY: 26
DEBUG: src/lcthw/hashmap.c:Hashmap_get_node:205: TRY: 27
DEBUG: src/lcthw/hashmap.c:Hashmap_get_node:205: TRY: 28
DEBUG: src/lcthw/hashmap.c:Hashmap_get_node:205: TRY: 29
DEBUG: src/lcthw/hashmap.c:Hashmap_get_node:205: TRY: 30
DEBUG: src/lcthw/hashmap.c:Hashmap_get_node:205: TRY: 31
DEBUG: src/lcthw/hashmap.c:Hashmap_get_node:205: TRY: 32
DEBUG: src/lcthw/hashmap.c:Hashmap_get_node:205: TRY: 33
DEBUG: src/lcthw/hashmap.c:Hashmap_get_node:205: TRY: 34
DEBUG: src/lcthw/hashmap.c:Hashmap_get_node:205: TRY: 35
DEBUG: src/lcthw/hashmap.c:Hashmap_get_node:205: TRY: 36
DEBUG: src/lcthw/hashmap.c:Hashmap_get_node:205: TRY: 37
DEBUG: src/lcthw/hashmap.c:Hashmap_get_node:205: TRY: 38
DEBUG: src/lcthw/hashmap.c:Hashmap_get_node:205: TRY: 39
DEBUG: src/lcthw/hashmap.c:Hashmap_get_node:205: TRY: 40
DEBUG: src/lcthw/hashmap.c:Hashmap_get_node:205: TRY: 41
DEBUG: src/lcthw/hashmap.c:Hashmap_get_node:205: TRY: 42
DEBUG: src/lcthw/hashmap.c:Hashmap_get_node:205: TRY: 43
DEBUG: src/lcthw/hashmap.c:Hashmap_get_node:205: TRY: 44
DEBUG: src/lcthw/hashmap.c:Hashmap_get_node:205: TRY: 45
DEBUG: src/lcthw/hashmap.c:Hashmap_get_node:205: TRY: 46
DEBUG: src/lcthw/hashmap.c:Hashmap_get_node:205: TRY: 47
DEBUG: src/lcthw/hashmap.c:Hashmap_get_node:205: TRY: 48
DEBUG: src/lcthw/hashmap.c:Hashmap_get_node:205: TRY: 49
DEBUG: src/lcthw/hashmap.c:Hashmap_get_node:205: TRY: 50
DEBUG: src/lcthw/hashmap.c:Hashmap_get_node:205: TRY: 51
DEBUG: src/lcthw/hashmap.c:Hashmap_get_node:205: TRY: 52
DEBUG: src/lcthw/hashmap.c:Hashmap_get_node:205: TRY: 53
DEBUG: src/lcthw/hashmap.c:Hashmap_get_node:205: TRY: 54
DEBUG: src/lcthw/hashmap.c:Hashmap_get_node:205: TRY: 55
DEBUG: src/lcthw/hashmap.c:Hashmap_get_node:205: TRY: 56
DEBUG: src/lcthw/hashmap.c:Hashmap_get_node:205: TRY: 57
DEBUG: src/lcthw/hashmap.c:Hashmap_get_node:205: TRY: 58
DEBUG: src/lcthw/hashmap.c:Hashmap_get_node:205: TRY: 59
DEBUG: src/lcthw/hashmap.c:Hashmap_get_node:205: TRY: 60
DEBUG: src/lcthw/hashmap.c:Hashmap_get_node:205: TRY: 61
DEBUG: src/lcthw/hashmap.c:Hashmap_get_node:205: TRY: 62
DEBUG: src/lcthw/hashmap.c:Hashmap_get_node:205: TRY: 63
DEBUG: src/lcthw/hashmap.c:Hashmap_get_node:205: TRY: 64
DEBUG: src/lcthw/hashmap.c:Hashmap_get_node:205: TRY: 65
DEBUG: src/lcthw/hashmap.c:Hashmap_get_node:205: TRY: 66
DEBUG: src/lcthw/hashmap.c:Hashmap_get_node:205: TRY: 67
DEBUG: src/lcthw/hashmap.c:Hashmap_get_node:205: TRY: 68
DEBUG: src/lcthw/hashmap.c:Hashmap_get_node:205: TRY: 69
DEBUG: src/lcthw/hashmap.c:Hashmap_get_node:205: TRY: 70
DEBUG: src/lcthw/hashmap.c:Hashmap_get_node:205: TRY: 71
DEBUG: src/lcthw/hashmap.c:Hashmap_get_node:205: TRY: 72
DEBUG: src/lcthw/hashmap.c:Hashmap_get_node:205: TRY: 73
DEBUG: src/lcthw/hashmap.c:Hashmap_get_node:205: TRY: 74
DEBUG: src/lcthw/hashmap.c:Hashmap_get_node:205: TRY: 75
DEBUG: src/lcthw/hashmap.c:Hashmap_get_node:205: TRY: 76
DEBUG: src/lcthw/hashmap.c:Hashmap_get_node:205: TRY: 77
DEBUG: src/lcthw/hashmap.c:Hashmap_get_node:205: TRY: 78
DEBUG: src/lcthw/hashmap.c:Hashmap_get_node:205: TRY: 79
DEBUG: src/lcthw/hashmap.c:Hashmap_get_node:205: TRY: 80
DEBUG: src/lcthw/hashmap.c:Hashmap_get_node:205: TRY: 81
DEBUG: src/lcthw/hashmap.c:Hashmap_get_node:205: TRY: 82
DEBUG: src/lcthw/hashmap.c:Hashmap_get_node:205: TRY: 83
DEBUG: src/lcthw/hashmap.c:Hashmap_get_node:205: TRY: 84
DEBUG: src/lcthw/hashmap.c:Hashmap_get_node:205: TRY: 85
DEBUG: src/lcthw/hashmap.c:Hashmap_get_node:205: TRY: 86
DEBUG: src/lcthw/hashmap.c:Hashmap_get_node:205: TRY: 87
DEBUG: src/lcthw/hashmap.c:Hashmap_get_node:205: TRY: 88
DEBUG: src/lcthw/hashmap.c:Hashmap_get_node:205: TRY: 89
DEBUG: src/lcthw/hashmap.c:Hashmap_get_node:205: TRY: 90
DEBUG: src/lcthw/hashmap.c:Hashmap_get_node:205: TRY: 91
DEBUG: src/lcthw/hashmap.c:Hashmap_get_node:205: TRY: 92
DEBUG: src/lcthw/hashmap.c:Hashmap_get_node:205: TRY: 93
DEBUG: src/lcthw/hashmap.c:Hashmap_get_node:205: TRY: 94
DEBUG: src/lcthw/hashmap.c:Hashmap_get_node:205: TRY: 95
DEBUG: src/lcthw/hashmap.c:Hashmap_get_node:205: TRY: 96
DEBUG: src/lcthw/hashmap.c:Hashmap_get_node:205: TRY: 97
DEBUG: src/lcthw/hashmap.c:Hashmap_get_node:205: TRY: 98
DEBUG: src/lcthw/hashmap.c:Hashmap_get_node:205: TRY: 99
DEBUG: src/lcthw/hashmap.c:Hashmap_get_node:205: TRY: 100
DEBUG: src/lcthw/hashmap.c:Hashmap_get_node:205: TRY: 101
DEBUG: src/lcthw/hashmap.c:Hashmap_get_node:205: TRY: 102
DEBUG: src/lcthw/hashmap.c:Hashmap_get_node:205: TRY: 103
DEBUG: src/lcthw/hashmap.c:Hashmap_get_node:205: TRY: 104
DEBUG: src/lcthw/hashmap.c:Hashmap_get_node:205: TRY: 105
DEBUG: src/lcthw/hashmap.c:Hashmap_get_node:205: TRY: 106
DEBUG: src/lcthw/hashmap.c:Hashmap_get_node:205: TRY: 107
DEBUG: src/lcthw/hashmap.c:Hashmap_get_node:205: TRY: 108
DEBUG: src/lcthw/hashmap.c:Hashmap_get_node:205: TRY: 109
DEBUG: src/lcthw/hashmap.c:Hashmap_get_node:205: TRY: 110
DEBUG: src/lcthw/hashmap.c:Hashmap_get_node:205: TRY: 111
DEBUG: src/lcthw/hashmap.c:Hashmap_get_node:205: TRY: 112
DEBUG: src/lcthw/hashmap.c:Hashmap_get_node:205: TRY: 113
DEBUG: src/lcthw/hashmap.c:Hashmap_get_node:205: TRY: 114
DEBUG: src/lcthw/hashmap.c:Hashmap_get_node:205: TRY: 115
DEBUG: src/lcthw/hashmap.c:Hashmap_get_node:205: TRY: 116
DEBUG: src/lcthw/hashmap.c:Hashmap_get_node:205: TRY: 117
DEBUG: src/lcthw/hashmap.c:Hashmap_get_node:205: TRY: 118
DEBUG: src/lcthw/hashmap.c:Hashmap_get_node:205: TRY: 119
DEBUG: src/lcthw/hashmap.c:Hashmap_get_node:205: TRY: 120
DEBUG: src/lcthw/hashmap.c:Hashmap_get_node:205: TRY: 121
DEBUG: src/lcthw/hashmap.c:Hashmap_get_node:205: TRY: 0
DEBUG: src/lcthw/hashmap.c:Hashmap_get_node:205: TRY: 1
DEBUG: src/lcthw/hashmap.c:Hashmap_get_node:205: TRY: 2
DEBUG: src/lcthw/hashmap.c:Hashmap_get_node:205: TRY: 3
DEBUG: src/lcthw/hashmap.c:Hashmap_get_node:205: TRY: 4
DEBUG: src/lcthw/hashmap.c:Hashmap_get_node:205: TRY: 5
DEBUG: src/lcthw/hashmap.c:Hashmap_get_node:205: TRY: 6
DEBUG: src/lcthw/hashmap.c:Hashmap_get_node:205: TRY: 7
DEBUG: src/lcthw/hashmap.c:Hashmap_get_node:205: TRY: 8
DEBUG: src/lcthw/hashmap.c:Hashmap_get_node:205: TRY: 9
DEBUG: src/lcthw/hashmap.c:Hashmap_get_node:205: TRY: 10
DEBUG: src/lcthw/hashmap.c:Hashmap_get_node:205: TRY: 11
DEBUG: src/lcthw/hashmap.c:Hashmap_get_node:205: TRY: 12
DEBUG: src/lcthw/hashmap.c:Hashmap_get_node:205: TRY: 13
DEBUG: src/lcthw/hashmap.c:Hashmap_get_node:205: TRY: 14
DEBUG: src/lcthw/hashmap.c:Hashmap_get_node:205: TRY: 15
DEBUG: src/lcthw/hashmap.c:Hashmap_get_node:205: TRY: 16
DEBUG: src/lcthw/hashmap.c:Hashmap_get_node:205: TRY: 17
DEBUG: src/lcthw/hashmap.c:Hashmap_get_node:205: TRY: 18
DEBUG: src/lcthw/hashmap.c:Hashmap_get_node:205: TRY: 19
DEBUG: src/lcthw/hashmap.c:Hashmap_get_node:205: TRY: 20
DEBUG: src/lcthw/hashmap.c:Hashmap_get_node:205: TRY: 21
DEBUG: src/lcthw/hashmap.c:Hashmap_get_node:205: TRY: 22
DEBUG: src/lcthw/hashmap.c:Hashmap_get_node:205: TRY: 23
DEBUG: src/lcthw/hashmap.c:Hashmap_get_node:205: TRY: 24
DEBUG: src/lcthw/hashmap.c:Hashmap_get_node:205: TRY: 25
DEBUG: src/lcthw/hashmap.c:Hashmap_get_node:205: TRY: 26
DEBUG: src/lcthw/hashmap.c:Hashmap_get_node:205: TRY: 27
DEBUG: src/lcthw/hashmap.c:Hashmap_get_node:205: TRY: 28
DEBUG: src/lcthw/hashmap.c:Hashmap_get_node:205: TRY: 29
DEBUG: src/lcthw/hashmap.c:Hashmap_get_node:205: TRY: 30
DEBUG: src/lcthw/hashmap.c:Hashmap_get_node:205: TRY: 31
DEBUG: src/lcthw/hashmap.c:Hashmap_get_node:205: TRY: 32
DEBUG: src/lcthw/hashmap.c:Hashmap_get_node:205: TRY: 33
DEBUG: src/lcthw/hashmap.c:Hashmap_get_node:205: TRY: 34
DEBUG: src/lcthw/hashmap.c:Hashmap_get_node:205: TRY: 35
DEBUG: src/lcthw/hashmap.c:Hashmap_get_node:205: TRY: 36
DEBUG: src/lcthw/hashmap.c:Hashmap_get_node:205: TRY: 37
DEBUG: src/lcthw/hashmap.c:Hashmap_get_node:205: TRY: 38
DEBUG: src/lcthw/hashmap.c:Hashmap_get_node:205: TRY: 39
DEBUG: src/lcthw/hashmap.c:Hashmap_get_node:205: TRY: 40
DEBUG: src/lcthw/hashmap.c:Hashmap_get_node:205: TRY: 41
DEBUG: src/lcthw/hashmap.c:Hashmap_get_node:205: TRY: 42
DEBUG: src/lcthw/hashmap.c:Hashmap_get_node:205: TRY: 43
DEBUG: src/lcthw/hashmap.c:Hashmap_get_node:205: TRY: 44
DEBUG: src/lcthw/hashmap.c:Hashmap_get_node:205: TRY: 45
DEBUG: src/lcthw/hashmap.c:Hashmap_get_node:205: TRY: 46
DEBUG: src/lcthw/hashmap.c:Hashmap_get_node:205: TRY: 47
DEBUG: src/lcthw/hashmap.c:Hashmap_get_node:205: TRY: 48
DEBUG: src/lcthw/hashmap.c:Hashmap_get_node:205: TRY: 49
DEBUG: src/lcthw/hashmap.c:Hashmap_get_node:205: TRY: 50
DEBUG: src/lcthw/hashmap.c:Hashmap_get_node:205: TRY: 51
DEBUG: src/lcthw/hashmap.c:Hashmap_get_node:205: TRY: 52
DEBUG: src/lcthw/hashmap.c:Hashmap_get_node:205: TRY: 53
DEBUG: src/lcthw/hashmap.c:Hashmap_get_node:205: TRY: 54
DEBUG: src/lcthw/hashmap.c:Hashmap_get_node:205: TRY: 55
DEBUG: src/lcthw/hashmap.c:Hashmap_get_node:205: TRY: 56
DEBUG: src/lcthw/hashmap.c:Hashmap_get_node:205: TRY: 57
DEBUG: src/lcthw/hashmap.c:Hashmap_get_node:205: TRY: 58
DEBUG: src/lcthw/hashmap.c:Hashmap_get_node:205: TRY: 59
DEBUG: src/lcthw/hashmap.c:Hashmap_get_node:205: TRY: 60
DEBUG: src/lcthw/hashmap.c:Hashmap_get_node:205: TRY: 61
DEBUG: src/lcthw/hashmap.c:Hashmap_get_node:205: TRY: 62
DEBUG: src/lcthw/hashmap.c:Hashmap_get_node:205: TRY: 63
DEBUG: src/lcthw/hashmap.c:Hashmap_get_node:205: TRY: 64
DEBUG: src/lcthw/hashmap.c:Hashmap_get_node:205: TRY: 65
DEBUG: src/lcthw/hashmap.c:Hashmap_get_node:205: TRY: 66
DEBUG: src/lcthw/hashmap.c:Hashmap_get_node:205: TRY: 67
DEBUG: src/lcthw/hashmap.c:Hashmap_get_node:205: TRY: 68
DEBUG: src/lcthw/hashmap.c:Hashmap_get_node:205: TRY: 69
DEBUG: src/lcthw/hashmap.c:Hashmap_get_node:205: TRY: 70
DEBUG: src/lcthw/hashmap.c:Hashmap_get_node:205: TRY: 71
DEBUG: src/lcthw/hashmap.c:Hashmap_get_node:205: TRY: 72
DEBUG: src/lcthw/hashmap.c:Hashmap_get_node:205: TRY: 73
DEBUG: src/lcthw/hashmap.c:Hashmap_get_node:205: TRY: 74
DEBUG: src/lcthw/hashmap.c:Hashmap_get_node:205: TRY: 75
DEBUG: src/lcthw/hashmap.c:Hashmap_get_node:205: TRY: 76
DEBUG: src/lcthw/hashmap.c:Hashmap_get_node:205: TRY: 77
DEBUG: src/lcthw/hashmap.c:Hashmap_get_node:205: TRY: 78
DEBUG: src/lcthw/hashmap.c:Hashmap_get_node:205: TRY: 79
DEBUG: src/lcthw/hashmap.c:Hashmap_get_node:205: TRY: 80
DEBUG: src/lcthw/hashmap.c:Hashmap_get_node:205: TRY: 81
DEBUG: src/lcthw/hashmap.c:Hashmap_get_node:205: TRY: 82
DEBUG: src/lcthw/hashmap.c:Hashmap_get_node:205: TRY: 83
DEBUG: src/lcthw/hashmap.c:Hashmap_get_node:205: TRY: 84
DEBUG: src/lcthw/hashmap.c:Hashmap_get_node:205: TRY: 85
DEBUG: src/lcthw/hashmap.c:Hashmap_get_node:205: TRY: 86
DEBUG: src/lcthw/hashmap.c:Hashmap_get_node:205: TRY: 0
DEBUG: src/lcthw/hashmap.c:Hashmap_get_node:205: TRY: 1
DEBUG: src/lcthw/hashmap.c:Hashmap_get_node:205: TRY: 2
DEBUG: src/lcthw/hashmap.c:Hashmap_get_node:205: TRY: 3
DEBUG: src/lcthw/hashmap.c:Hashmap_get_node:205: TRY: 4
DEBUG: src/lcthw/hashmap.c:Hashmap_get_node:205: TRY: 5
DEBUG: src/lcthw/hashmap.c:Hashmap_get_node:205: TRY: 6
DEBUG: src/lcthw/hashmap.c:Hashmap_get_node:205: TRY: 7
DEBUG: src/lcthw/hashmap.c:Hashmap_get_node:205: TRY: 8
DEBUG: src/lcthw/hashmap.c:Hashmap_get_node:205: TRY: 9
DEBUG: src/lcthw/hashmap.c:Hashmap_get_node:205: TRY: 10
DEBUG: src/lcthw/hashmap.c:Hashmap_get_node:205: TRY: 11
DEBUG: src/lcthw/hashmap.c:Hashmap_get_node:205: TRY: 12
DEBUG: src/lcthw/hashmap.c:Hashmap_get_node:205: TRY: 13
DEBUG: src/lcthw/hashmap.c:Hashmap_get_node:205: TRY: 14
DEBUG: src/lcthw/hashmap.c:Hashmap_get_node:205: TRY: 15
DEBUG: src/lcthw/hashmap.c:Hashmap_get_node:205: TRY: 16
DEBUG: src/lcthw/hashmap.c:Hashmap_get_node:205: TRY: 17
DEBUG: src/lcthw/hashmap.c:Hashmap_get_node:205: TRY: 18
DEBUG: src/lcthw/hashmap.c:Hashmap_get_node:205: TRY: 19
DEBUG: src/lcthw/hashmap.c:Hashmap_get_node:205: TRY: 20
DEBUG: src/lcthw/hashmap.c:Hashmap_get_node:205: TRY: 21
DEBUG: src/lcthw/hashmap.c:Hashmap_get_node:205: TRY: 22
DEBUG: src/lcthw/hashmap.c:Hashmap_get_node:205: TRY: 23
DEBUG: src/lcthw/hashmap.c:Hashmap_get_node:205: TRY: 24
DEBUG: src/lcthw/hashmap.c:Hashmap_get_node:205: TRY: 25
DEBUG: src/lcthw/hashmap.c:Hashmap_get_node:205: TRY: 26
DEBUG: src/lcthw/hashmap.c:Hashmap_get_node:205: TRY: 27
DEBUG: src/lcthw/hashmap.c:Hashmap_get_node:205: TRY: 28
DEBUG: src/lcthw/hashmap.c:Hashmap_get_node:205: TRY: 29
DEBUG: src/lcthw/hashmap.c:Hashmap_get_node:205: TRY: 30
DEBUG: src/lcthw/hashmap.c:Hashmap_get_node:205: TRY: 31
DEBUG: src/lcthw/hashmap.c:Hashmap_get_node:205: TRY: 32
DEBUG: src/lcthw/hashmap.c:Hashmap_get_node:205: TRY: 33
DEBUG: src/lcthw/hashmap.c:Hashmap_get_node:205: TRY: 34
DEBUG: src/lcthw/hashmap.c:Hashmap_get_node:205: TRY: 35
DEBUG: src/lcthw/hashmap.c:Hashmap_get_node:205: TRY: 36
DEBUG: src/lcthw/hashmap.c:Hashmap_get_node:205: TRY: 37
DEBUG: src/lcthw/hashmap.c:Hashmap_get_node:205: TRY: 38
DEBUG: src/lcthw/hashmap.c:Hashmap_get_node:205: TRY: 39
DEBUG: src/lcthw/hashmap.c:Hashmap_get_node:205: TRY: 40
DEBUG: src/lcthw/hashmap.c:Hashmap_get_node:205: TRY: 41
DEBUG: src/lcthw/hashmap.c:Hashmap_get_node:205: TRY: 42
DEBUG: src/lcthw/hashmap.c:Hashmap_get_node:205: TRY: 43
DEBUG: src/lcthw/hashmap.c:Hashmap_get_node:205: TRY: 44
DEBUG: src/lcthw/hashmap.c:Hashmap_get_node:205: TRY: 45
DEBUG: src/lcthw/hashmap.c:Hashmap_get_node:205: TRY: 46
DEBUG: src/lcthw/hashmap.c:Hashmap_get_node:205: TRY: 47
DEBUG: src/lcthw/hashmap.c:Hashmap_get_node:205: TRY: 48
DEBUG: src/lcthw/hashmap.c:Hashmap_get_node:205: TRY: 49
DEBUG: src/lcthw/hashmap.c:Hashmap_get_node:205: TRY: 50
DEBUG: src/lcthw/hashmap.c:Hashmap_get_node:205: TRY: 51
DEBUG: src/lcthw/hashmap.c:Hashmap_get_node:205: TRY: 52
DEBUG: src/lcthw/hashmap.c:Hashmap_get_node:205: TRY: 53
DEBUG: src/lcthw/hashmap.c:Hashmap_get_node:205: TRY: 54
DEBUG: src/lcthw/hashmap.c:Hashmap_get_node:205: TRY: 55
DEBUG: src/lcthw/hashmap.c:Hashmap_get_node:205: TRY: 56
DEBUG: src/lcthw/hashmap.c:Hashmap_get_node:205: TRY: 57
DEBUG: src/lcthw/hashmap.c:Hashmap_get_node:205: TRY: 58
DEBUG: src/lcthw/hashmap.c:Hashmap_get_node:205: TRY: 59
DEBUG: src/lcthw/hashmap.c:Hashmap_get_node:205: TRY: 60
DEBUG: src/lcthw/hashmap.c:Hashmap_get_node:205: TRY: 61
DEBUG: src/lcthw/hashmap.c:Hashmap_get_node:205: TRY: 62
DEBUG: src/lcthw/hashmap.c:Hashmap_get_node:205: TRY: 63
DEBUG: src/lcthw/hashmap.c:Hashmap_get_node:205: TRY: 64
DEBUG: src/lcthw/hashmap.c:Hashmap_get_node:205: TRY: 65
DEBUG: src/lcthw/hashmap.c:Hashmap_get_node:205: TRY: 66
DEBUG: src/lcthw/hashmap.c:Hashmap_get_node:205: TRY: 67
DEBUG: src/lcthw/hashmap.c:Hashmap_get_node:205: TRY: 68
DEBUG: src/lcthw/hashmap.c:Hashmap_get_node:205: TRY: 69
DEBUG: src/lcthw/hashmap.c:Hashmap_get_node:205: TRY: 70
DEBUG: src/lcthw/hashmap.c:Hashmap_get_node:205: TRY: 71
DEBUG: src/lcthw/hashmap.c:Hashmap_get_node:205: TRY: 72
DEBUG: src/lcthw/hashmap.c:Hashmap_get_node:205: TRY: 73
DEBUG: src/lcthw/hashmap.c:Hashmap_get_node:205: TRY: 74
DEBUG: src/lcthw/hashmap.c:Hashmap_get_node:205: TRY: 75
DEBUG: src/lcthw/hashmap.c:Hashmap_get_node:205: TRY: 76
DEBUG: src/lcthw/hashmap.c:Hashmap_get_node:205: TRY: 77
DEBUG: src/lcthw/hashmap.c:Hashmap_get_node:205: TRY: 78
DEBUG: src/lcthw/hashmap.c:Hashmap_get_node:205: TRY: 79
DEBUG: src/lcthw/hashmap.c:Hashmap_get_node:205: TRY: 80
DEBUG: src/lcthw/hashmap.c:Hashmap_get_node:205: TRY: 81
DEBUG: src/lcthw/hashmap.c:Hashmap_get_node:205: TRY: 82
DEBUG: src/lcthw/hashmap.c:Hashmap_get_node:205: TRY: 83
DEBUG: src/lcthw/hashmap.c:Hashmap_get_node:205: TRY: 84
DEBUG: src/lcthw/hashmap.c:Hashmap_get_node:205: TRY: 85
DEBUG: src/lcthw/hashmap.c:Hashmap_get_node:205: TRY: 86
DEBUG: src/lcthw/hashmap.c:Hashmap_get_node:205: TRY: 87
DEBUG: src/lcthw/hashmap.c:Hashmap_get_node:205: TRY: 88
DEBUG: src/lcthw/hashmap.c:Hashmap_get_node:205: TRY: 89
DEBUG: src/lcthw/hashmap.c:Hashmap_get_node:205: TRY: 0
DEBUG: src/lcthw/hashmap.c:Hashmap_get_node:205: TRY: 1
DEBUG: src/lcthw/hashmap.c:Hashmap_get_node:205: TRY: 2
DEBUG: src/lcthw/hashmap.c:Hashmap_get_node:205: TRY: 3
DEBUG: src/lcthw/hashmap.c:Hashmap_get_node:205: TRY: 4
DEBUG: src/lcthw/hashmap.c:Hashmap_get_node:205: TRY: 5
DEBUG: src/lcthw/hashmap.c:Hashmap_get_node:205: TRY: 6
DEBUG: src/lcthw/hashmap.c:Hashmap_get_node:205: TRY: 7
DEBUG: src/lcthw/hashmap.c:Hashmap_get_node:205: TRY: 8
DEBUG: src/lcthw/hashmap.c:Hashmap_get_node:205: TRY: 9
DEBUG: src/lcthw/hashmap.c:Hashmap_get_node:205: TRY: 10
DEBUG: src/lcthw/hashmap.c:Hashmap_get_node:205: TRY: 11
DEBUG: src/lcthw/hashmap.c:Hashmap_get_node:205: TRY: 12
DEBUG: src/lcthw/hashmap.c:Hashmap_get_node:205: TRY: 13
DEBUG: src/lcthw/hashmap.c:Hashmap_get_node:205: TRY: 14
DEBUG: src/lcthw/hashmap.c:Hashmap_get_node:205: TRY: 15
DEBUG: src/lcthw/hashmap.c:Hashmap_get_node:205: TRY: 16
DEBUG: src/lcthw/hashmap.c:Hashmap_get_node:205: TRY: 17
DEBUG: src/lcthw/hashmap.c:Hashmap_get_node:205: TRY: 18
DEBUG: src/lcthw/hashmap.c:Hashmap_get_node:205: TRY: 19
DEBUG: src/lcthw/hashmap.c:Hashmap_get_node:205: TRY: 20
DEBUG: src/lcthw/hashmap.c:Hashmap_get_node:205: TRY: 21
DEBUG: src/lcthw/hashmap.c:Hashmap_get_node:205: TRY: 22
DEBUG: src/lcthw/hashmap.c:Hashmap_get_node:205: TRY: 23
DEBUG: src/lcthw/hashmap.c:Hashmap_get_node:205: TRY: 24
DEBUG: src/lcthw/hashmap.c:Hashmap_get_node:205: TRY: 25
DEBUG: src/lcthw/hashmap.c:Hashmap_get_node:205: TRY: 26
DEBUG: src/lcthw/hashmap.c:Hashmap_get_node:205: TRY: 27
DEBUG: src/lcthw/hashmap.c:Hashmap_get_node:205: TRY: 28
DEBUG: src/lcthw/hashmap.c:Hashmap_get_node:205: TRY: 29
DEBUG: src/lcthw/hashmap.c:Hashmap_get_node:205: TRY: 30
DEBUG: src/lcthw/hashmap.c:Hashmap_get_node:205: TRY: 31
DEBUG: src/lcthw/hashmap.c:Hashmap_get_node:205: TRY: 32
DEBUG: src/lcthw/hashmap.c:Hashmap_get_node:205: TRY: 33
DEBUG: src/lcthw/hashmap.c:Hashmap_get_node:205: TRY: 34
DEBUG: src/lcthw/hashmap.c:Hashmap_get_node:205: TRY: 35
DEBUG: src/lcthw/hashmap.c:Hashmap_get_node:205: TRY: 36
DEBUG: src/lcthw/hashmap.c:Hashmap_get_node:205: TRY: 37
DEBUG: src/lcthw/hashmap.c:Hashmap_get_node:205: TRY: 38
DEBUG: src/lcthw/hashmap.c:Hashmap_get_node:205: TRY: 39
DEBUG: src/lcthw/hashmap.c:Hashmap_get_node:205: TRY: 40
DEBUG: src/lcthw/hashmap.c:Hashmap_get_node:205: TRY: 41
DEBUG: src/lcthw/hashmap.c:Hashmap_get_node:205: TRY: 42
DEBUG: src/lcthw/hashmap.c:Hashmap_get_node:205: TRY: 43
DEBUG: src/lcthw/hashmap.c:Hashmap_get_node:205: TRY: 44
DEBUG: src/lcthw/hashmap.c:Hashmap_get_node:205: TRY: 45
DEBUG: src/lcthw/hashmap.c:Hashmap_get_node:205: TRY: 46
DEBUG: src/lcthw/hashmap.c:Hashmap_get_node:205: TRY: 47
DEBUG: src/lcthw/hashmap.c:Hashmap_get_node:205: TRY: 48
DEBUG: src/lcthw/hashmap.c:Hashmap_get_node:205: TRY: 49
DEBUG: src/lcthw/hashmap.c:Hashmap_get_node:205: TRY: 50
DEBUG: src/lcthw/hashmap.c:Hashmap_get_node:205: TRY: 51
DEBUG: src/lcthw/hashmap.c:Hashmap_get_node:205: TRY: 52
DEBUG: src/lcthw/hashmap.c:Hashmap_get_node:205: TRY: 53
DEBUG: src/lcthw/hashmap.c:Hashmap_get_node:205: TRY: 54
DEBUG: src/lcthw/hashmap.c:Hashmap_get_node:205: TRY: 55
DEBUG: src/lcthw/hashmap.c:Hashmap_get_node:205: TRY: 56
DEBUG: src/lcthw/hashmap.c:Hashmap_get_node:205: TRY: 57
DEBUG: src/lcthw/hashmap.c:Hashmap_get_node:205: TRY: 58
DEBUG: src/lcthw/hashmap.c:Hashmap_get_node:205: TRY: 59
DEBUG: src/lcthw/hashmap.c:Hashmap_get_node:205: TRY: 60
DEBUG: src/lcthw/hashmap.c:Hashmap_get_node:205: TRY: 61
DEBUG: src/lcthw/hashmap.c:Hashmap_get_node:205: TRY: 62
DEBUG: src/lcthw/hashmap.c:Hashmap_get_node:205: TRY: 63
DEBUG: src/lcthw/hashmap.c:Hashmap_get_node:205: TRY: 64
DEBUG: src/lcthw/hashmap.c:Hashmap_get_node:205: TRY: 65
DEBUG: src/lcthw/hashmap.c:Hashmap_get_node:205: TRY: 66
DEBUG: src/lcthw/hashmap.c:Hashmap_get_node:205: TRY: 67
DEBUG: src/lcthw/hashmap.c:Hashmap_get_node:205: TRY: 68
DEBUG: src/lcthw/hashmap.c:Hashmap_get_node:205: TRY: 69
DEBUG: src/lcthw/hashmap.c:Hashmap_get_node:205: TRY: 70
DEBUG: src/lcthw/hashmap.c:Hashmap_get_node:205: TRY: 71
DEBUG: src/lcthw/hashmap.c:Hashmap_get_node:205: TRY: 72
DEBUG: src/lcthw/hashmap.c:Hashmap_get_node:205: TRY: 73
DEBUG: src/lcthw/hashmap.c:Hashmap_get_node:205: TRY: 74
DEBUG: src/lcthw/hashmap.c:Hashmap_get_node:205: TRY: 75
DEBUG: src/lcthw/hashmap.c:Hashmap_get_node:205: TRY: 76
DEBUG: src/lcthw/hashmap.c:Hashmap_get_node:205: TRY: 77
DEBUG: src/lcthw/hashmap.c:Hashmap_get_node:205: TRY: 78
DEBUG: src/lcthw/hashmap.c:Hashmap_get_node:205: TRY: 79
DEBUG: src/lcthw/hashmap.c:Hashmap_get_node:205: TRY: 80
DEBUG: src/lcthw/hashmap.c:Hashmap_get_node:205: TRY: 81
DEBUG: src/lcthw/hashmap.c:Hashmap_get_node:205: TRY: 82
DEBUG: src/lcthw/hashmap.c:Hashmap_get_node:205: TRY: 83
DEBUG: src/lcthw/hashmap.c:Hashmap_get_node:205: TRY: 84
DEBUG: src/lcthw/hashmap.c:Hashmap_get_node:205: TRY: 0
DEBUG: src/lcthw/hashmap.c:Hashmap_get_node:205: TRY: 1
DEBUG: src/lcthw/hashmap.c:Hashmap_get_node:205: TRY: 2
DEBUG: src/lcthw/hashmap.c:Hashmap_get_node:205: TRY: 3
DEBUG: src/lcthw/hashmap.c:Hashmap_get_node:205: TRY: 4
DEBUG: src/lcthw/hashmap.c:Hashmap_get_node:205: TRY: 5
DEBUG: src/lcthw/hashmap.c:Hashmap_get_node:205: TRY: 6
DEBUG: src/lcthw/hashmap.c:Hashmap_get_node:205: TRY: 7
DEBUG: src/lcthw/hashmap.c:Hashmap_get_node:205: TRY: 8
DEBUG: src/lcthw/hashmap.c:Hashmap_get_node:205: TRY: 9
DEBUG: src/lcthw/hashmap.c:Hashmap_get_node:205: TRY: 10
DEBUG: src/lcthw/hashmap.c:Hashmap_get_node:205: TRY: 11
DEBUG: src/lcthw/hashmap.c:Hashmap_get_node:205: TRY: 12
DEBUG: src/lcthw/hashmap.c:Hashmap_get_node:205: TRY: 13
DEBUG: src/lcthw/hashmap.c:Hashmap_get_node:205: TRY: 14
DEBUG: src/lcthw/hashmap.c:Hashmap_get_node:205: TRY: 15
DEBUG: src/lcthw/hashmap.c:Hashmap_get_node:205: TRY: 16
DEBUG: src/lcthw/hashmap.c:Hashmap_get_node:205: TRY: 17
DEBUG: src/lcthw/hashmap.c:Hashmap_get_node:205: TRY: 18
DEBUG: src/lcthw/hashmap.c:Hashmap_get_node:205: TRY: 19
DEBUG: src/lcthw/hashmap.c:Hashmap_get_node:205: TRY: 20
DEBUG: src/lcthw/hashmap.c:Hashmap_get_node:205: TRY: 21
DEBUG: src/lcthw/hashmap.c:Hashmap_get_node:205: TRY: 22
DEBUG: src/lcthw/hashmap.c:Hashmap_get_node:205: TRY: 23
DEBUG: src/lcthw/hashmap.c:Hashmap_get_node:205: TRY: 24
DEBUG: src/lcthw/hashmap.c:Hashmap_get_node:205: TRY: 25
DEBUG: src/lcthw/hashmap.c:Hashmap_get_node:205: TRY: 26
DEBUG: src/lcthw/hashmap.c:Hashmap_get_node:205: TRY: 27
DEBUG: src/lcthw/hashmap.c:Hashmap_get_node:205: TRY: 28
DEBUG: src/lcthw/hashmap.c:Hashmap_get_node:205: TRY: 29
DEBUG: src/lcthw/hashmap.c:Hashmap_get_node:205: TRY: 30
DEBUG: src/lcthw/hashmap.c:Hashmap_get_node:205: TRY: 31
DEBUG: src/lcthw/hashmap.c:Hashmap_get_node:205: TRY: 32
DEBUG: src/lcthw/hashmap.c:Hashmap_get_node:205: TRY: 33
DEBUG: src/lcthw/hashmap.c:Hashmap_get_node:205: TRY: 34
DEBUG: src/lcthw/hashmap.c:Hashmap_get_node:205: TRY: 35
DEBUG: src/lcthw/hashmap.c:Hashmap_get_node:205: TRY: 36
DEBUG: src/lcthw/hashmap.c:Hashmap_get_node:205: TRY: 37
DEBUG: src/lcthw/hashmap.c:Hashmap_get_node:205: TRY: 38
DEBUG: src/lcthw/hashmap.c:Hashmap_get_node:205: TRY: 39
DEBUG: src/lcthw/hashmap.c:Hashmap_get_node:205: TRY: 40
DEBUG: src/lcthw/hashmap.c:Hashmap_get_node:205: TRY: 41
DEBUG: src/lcthw/hashmap.c:Hashmap_get_node:205: TRY: 42
DEBUG: src/lcthw/hashmap.c:Hashmap_get_node:205: TRY: 43
DEBUG: src/lcthw/hashmap.c:Hashmap_get_node:205: TRY: 44
DEBUG: src/lcthw/hashmap.c:Hashmap_get_node:205: TRY: 45
DEBUG: src/lcthw/hashmap.c:Hashmap_get_node:205: TRY: 46
DEBUG: src/lcthw/hashmap.c:Hashmap_get_node:205: TRY: 47
DEBUG: src/lcthw/hashmap.c:Hashmap_get_node:205: TRY: 48
DEBUG: src/lcthw/hashmap.c:Hashmap_get_node:205: TRY: 49
DEBUG: src/lcthw/hashmap.c:Hashmap_get_node:205: TRY: 50
DEBUG: src/lcthw/hashmap.c:Hashmap_get_node:205: TRY: 51
DEBUG: src/lcthw/hashmap.c:Hashmap_get_node:205: TRY: 52
DEBUG: src/lcthw/hashmap.c:Hashmap_get_node:205: TRY: 53
DEBUG: src/lcthw/hashmap.c:Hashmap_get_node:205: TRY: 54
DEBUG: src/lcthw/hashmap.c:Hashmap_get_node:205: TRY: 55
DEBUG: src/lcthw/hashmap.c:Hashmap_get_node:205: TRY: 56
DEBUG: src/lcthw/hashmap.c:Hashmap_get_node:205: TRY: 57
DEBUG: src/lcthw/hashmap.c:Hashmap_get_node:205: TRY: 58
DEBUG: src/lcthw/hashmap.c:Hashmap_get_node:205: TRY: 59
DEBUG: src/lcthw/hashmap.c:Hashmap_get_node:205: TRY: 60
DEBUG: src/lcthw/hashmap.c:Hashmap_get_node:205: TRY: 61
DEBUG: src/lcthw/hashmap.c:Hashmap_get_node:205: TRY: 62
DEBUG: src/lcthw/hashmap.c:Hashmap_get_node:205: TRY: 63
DEBUG: src/lcthw/hashmap.c:Hashmap_get_node:205: TRY: 64
DEBUG: src/lcthw/hashmap.c:Hashmap_get_node:205: TRY: 65
DEBUG: src/lcthw/hashmap.c:Hashmap_get_node:205: TRY: 66
DEBUG: src/lcthw/hashmap.c:Hashmap_get_node:205: TRY: 67
DEBUG: src/lcthw/hashmap.c:Hashmap_get_node:205: TRY: 68
DEBUG: src/lcthw/hashmap.c:Hashmap_get_node:205: TRY: 69
DEBUG: src/lcthw/hashmap.c:Hashmap_get_node:205: TRY: 70
DEBUG: src/lcthw/hashmap.c:Hashmap_get_node:205: TRY: 71
DEBUG: src/lcthw/hashmap.c:Hashmap_get_node:205: TRY: 72
DEBUG: src/lcthw/hashmap.c:Hashmap_get_node:205: TRY: 73
DEBUG: src/lcthw/hashmap.c:Hashmap_get_node:205: TRY: 74
DEBUG: src/lcthw/hashmap.c:Hashmap_get_node:205: TRY: 75
DEBUG: src/lcthw/hashmap.c:Hashmap_get_node:205: TRY: 76
DEBUG: src/lcthw/hashmap.c:Hashmap_get_node:205: TRY: 77
DEBUG: src/lcthw/hashmap.c:Hashmap_get_node:205: TRY: 78
DEBUG: src/lcthw/hashmap.c:Hashmap_get_node:205: TRY: 79
DEBUG: src/lcthw/hashmap.c:Hashmap_get_node:205: TRY: 80
DEBUG: src/lcthw/hashmap.c:Hashmap_get_node:205: TRY: 81
DEBUG: src/lcthw/hashmap.c:Hashmap_get_node:205: TRY: 82
DEBUG: src/lcthw/hashmap.c:Hashmap_get_node:205: TRY: 83
DEBUG: src/lcthw/hashmap.c:Hashmap_get_node:205: TRY: 84
DEBUG: src/lcthw/hashmap.c:Hashmap_get_node:205: TRY: 85
DEBUG: src/lcthw/hashmap.c:Hashmap_get_node:205: TRY: 86
DEBUG: src/lcthw/hashmap.c:Hashmap_get_node:205: TRY: 87
DEBUG: src/lcthw/hashmap.c:Hashmap_get_node:205: TRY: 88
DEBUG: src/lcthw/hashmap.c:Hashmap_get_node:205: TRY: 89
DEBUG: src/lcthw/hashmap.c:Hashmap_get_node:205: TRY: 0
DEBUG: src/lcthw/hashmap.c:Hashmap_get_node:205: TRY: 1
DEBUG: src/lcthw/hashmap.c:Hashmap_get_node:205: TRY: 2
DEBUG: src/lcthw/hashmap.c:Hashmap_get_node:205: TRY: 3
DEBUG: src/lcthw/hashmap.c:Hashmap_get_node:205: TRY: 4
DEBUG: src/lcthw/hashmap.c:Hashmap_get_node:205: TRY: 5
DEBUG: src/lcthw/hashmap.c:Hashmap_get_node:205: TRY: 6
DEBUG: src/lcthw/hashmap.c:Hashmap_get_node:205: TRY: 7
DEBUG: src/lcthw/hashmap.c:Hashmap_get_node:205: TRY: 8
DEBUG: src/lcthw/hashmap.c:Hashmap_get_node:205: TRY: 9
DEBUG: src/lcthw/hashmap.c:Hashmap_get_node:205: TRY: 10
DEBUG: src/lcthw/hashmap.c:Hashmap_get_node:205: TRY: 11
DEBUG: src/lcthw/hashmap.c:Hashmap_get_node:205: TRY: 12
DEBUG: src/lcthw/hashmap.c:Hashmap_get_node:205: TRY: 13
DEBUG: src/lcthw/hashmap.c:Hashmap_get_node:205: TRY: 14
DEBUG: src/lcthw/hashmap.c:Hashmap_get_node:205: TRY: 15
DEBUG: src/lcthw/hashmap.c:Hashmap_get_node:205: TRY: 16
DEBUG: src/lcthw/hashmap.c:Hashmap_get_node:205: TRY: 17
DEBUG: src/lcthw/hashmap.c:Hashmap_get_node:205: TRY: 18
DEBUG: src/lcthw/hashmap.c:Hashmap_get_node:205: TRY: 19
DEBUG: src/lcthw/hashmap.c:Hashmap_get_node:205: TRY: 20
DEBUG: src/lcthw/hashmap.c:Hashmap_get_node:205: TRY: 21
DEBUG: src/lcthw/hashmap.c:Hashmap_get_node:205: TRY: 22
DEBUG: src/lcthw/hashmap.c:Hashmap_get_node:205: TRY: 23
DEBUG: src/lcthw/hashmap.c:Hashmap_get_node:205: TRY: 24
DEBUG: src/lcthw/hashmap.c:Hashmap_get_node:205: TRY: 25
DEBUG: src/lcthw/hashmap.c:Hashmap_get_node:205: TRY: 26
DEBUG: src/lcthw/hashmap.c:Hashmap_get_node:205: TRY: 27
DEBUG: src/lcthw/hashmap.c:Hashmap_get_node:205: TRY: 28
DEBUG: src/lcthw/hashmap.c:Hashmap_get_node:205: TRY: 29
DEBUG: src/lcthw/hashmap.c:Hashmap_get_node:205: TRY: 30
DEBUG: src/lcthw/hashmap.c:Hashmap_get_node:205: TRY: 31
DEBUG: src/lcthw/hashmap.c:Hashmap_get_node:205: TRY: 32
DEBUG: src/lcthw/hashmap.c:Hashmap_get_node:205: TRY: 33
DEBUG: src/lcthw/hashmap.c:Hashmap_get_node:205: TRY: 34
DEBUG: src/lcthw/hashmap.c:Hashmap_get_node:205: TRY: 35
DEBUG: src/lcthw/hashmap.c:Hashmap_get_node:205: TRY: 36
DEBUG: src/lcthw/hashmap.c:Hashmap_get_node:205: TRY: 37
DEBUG: src/lcthw/hashmap.c:Hashmap_get_node:205: TRY: 38
DEBUG: src/lcthw/hashmap.c:Hashmap_get_node:205: TRY: 39
DEBUG: src/lcthw/hashmap.c:Hashmap_get_node:205: TRY: 40
DEBUG: src/lcthw/hashmap.c:Hashmap_get_node:205: TRY: 41
DEBUG: src/lcthw/hashmap.c:Hashmap_get_node:205: TRY: 42
DEBUG: src/lcthw/hashmap.c:Hashmap_get_node:205: TRY: 43
DEBUG: src/lcthw/hashmap.c:Hashmap_get_node:205: TRY: 44
DEBUG: src/lcthw/hashmap.c:Hashmap_get_node:205: TRY: 45
DEBUG: src/lcthw/hashmap.c:Hashmap_get_node:205: TRY: 46
DEBUG: src/lcthw/hashmap.c:Hashmap_get_node:205: TRY: 47
DEBUG: src/lcthw/hashmap.c:Hashmap_get_node:205: TRY: 48
DEBUG: src/lcthw/hashmap.c:Hashmap_get_node:205: TRY: 49
DEBUG: src/lcthw/hashmap.c:Hashmap_get_node:205: TRY: 50
DEBUG: src/lcthw/hashmap.c:Hashmap_get_node:205: TRY: 51
DEBUG: src/lcthw/hashmap.c:Hashmap_get_node:205: TRY: 52
DEBUG: src/lcthw/hashmap.c:Hashmap_get_node:205: TRY: 53
DEBUG: src/lcthw/hashmap.c:Hashmap_get_node:205: TRY: 54
DEBUG: src/lcthw/hashmap.c:Hashmap_get_node:205: TRY: 55
DEBUG: src/lcthw/hashmap.c:Hashmap_get_node:205: TRY: 56
DEBUG: src/lcthw/hashmap.c:Hashmap_get_node:205: TRY: 57
DEBUG: src/lcthw/hashmap.c:Hashmap_get_node:205: TRY: 58
DEBUG: src/lcthw/hashmap.c:Hashmap_get_node:205: TRY: 59
DEBUG: src/lcthw/hashmap.c:Hashmap_get_node:205: TRY: 60
DEBUG: src/lcthw/hashmap.c:Hashmap_get_node:205: TRY: 61
DEBUG: src/lcthw/hashmap.c:Hashmap_get_node:205: TRY: 62
DEBUG: src/lcthw/hashmap.c:Hashmap_get_node:205: TRY: 63
DEBUG: src/lcthw/hashmap.c:Hashmap_get_node:205: TRY: 64
DEBUG: src/lcthw/hashmap.c:Hashmap_get_node:205: TRY: 65
DEBUG: src/lcthw/hashmap.c:Hashmap_get_node:205: TRY: 66
DEBUG: src/lcthw/hashmap.c:Hashmap_get_node:205: TRY: 67
DEBUG: src/lcthw/hashmap.c:Hashmap_get_node:205: TRY: 68
DEBUG: src/lcthw/hashmap.c:Hashmap_get_node:205: TRY: 69
DEBUG: src/lcthw/hashmap.c:Hashmap_get_node:205: TRY: 70
DEBUG: src/lcthw/hashmap.c:Hashmap_get_node:205: TRY: 71
DEBUG: src/lcthw/hashmap.c:Hashmap_get_node:205: TRY: 72
DEBUG: src/lcthw/hashmap.c:Hashmap_get_node:205: TRY: 73
DEBUG: src/lcthw/hashmap.c:Hashmap_get_node:205: TRY: 74
DEBUG: src/lcthw/hashmap.c:Hashmap_get_node:205: TRY: 75
DEBUG: src/lcthw/hashmap.c:Hashmap_get_node:205: TRY: 76
DEBUG: src/lcthw/hashmap.c:Hashmap_get_node:205: TRY: 77
DEBUG: src/lcthw/hashmap.c:Hashmap_get_node:205: TRY: 78
DEBUG: src/lcthw/hashmap.c:Hashmap_get_node:205: TRY: 79
DEBUG: src/lcthw/hashmap.c:Hashmap_get_node:205: TRY: 80
DEBUG: src/lcthw/hashmap.c:Hashmap_get_node:205: TRY: 81
DEBUG: src/lcthw/hashmap.c:Hashmap_get_node:205: TRY: 82
DEBUG: src/lcthw/hashmap.c:Hashmap_get_node:205: TRY: 83
DEBUG: src/lcthw/hashmap.c:Hashmap_get_node:205: TRY: 84
DEBUG: src/lcthw/hashmap.c:Hashmap_get_node:205: TRY: 85
DEBUG: src/lcthw/hashmap.c:Hashmap_get_node:205: TRY: 86
DEBUG: src/lcthw/hashmap.c:Hashmap_get_node:205: TRY: 87
DEBUG: src/lcthw/hashmap.c:Hashmap_get_node:205: TRY: 88
DEBUG: src/lcthw/hashmap.c:Hashmap_get_node:205: TRY: 89
DEBUG: src/lcthw/hashmap.c:Hashmap_get_node:205: TRY: 90
DEBUG: src/lcthw/hashmap.c:Hashmap_get_node:205: TRY: 91
DEBUG: src/lcthw/hashmap.c:Hashmap_get_node:205: TRY: 92
DEBUG: src/lcthw/hashmap.c:Hashmap_get_node:205: TRY: 93
DEBUG: src/lcthw/hashmap.c:Hashmap_get_node:205: TRY: 94
DEBUG: src/lcthw/hashmap.c:Hashmap_get_node:205: TRY: 95
DEBUG: src/lcthw/hashmap.c:Hashmap_get_node:205: TRY: 96
DEBUG: src/lcthw/hashmap.c:Hashmap_get_node:205: TRY: 97
DEBUG: src/lcthw/hashmap.c:Hashmap_get_node:205: TRY: 0
DEBUG: src/lcthw/hashmap.c:Hashmap_get_node:205: TRY: 1
DEBUG: src/lcthw/hashmap.c:Hashmap_get_node:205: TRY: 2
DEBUG: src/lcthw/hashmap.c:Hashmap_get_node:205: TRY: 3
DEBUG: src/lcthw/hashmap.c:Hashmap_get_node:205: TRY: 4
DEBUG: src/lcthw/hashmap.c:Hashmap_get_node:205: TRY: 5
DEBUG: src/lcthw/hashmap.c:Hashmap_get_node:205: TRY: 6
DEBUG: src/lcthw/hashmap.c:Hashmap_get_node:205: TRY: 7
DEBUG: src/lcthw/hashmap.c:Hashmap_get_node:205: TRY: 8
DEBUG: src/lcthw/hashmap.c:Hashmap_get_node:205: TRY: 9
DEBUG: src/lcthw/hashmap.c:Hashmap_get_node:205: TRY: 10
DEBUG: src/lcthw/hashmap.c:Hashmap_get_node:205: TRY: 11
DEBUG: src/lcthw/hashmap.c:Hashmap_get_node:205: TRY: 12
DEBUG: src/lcthw/hashmap.c:Hashmap_get_node:205: TRY: 13
DEBUG: src/lcthw/hashmap.c:Hashmap_get_node:205: TRY: 14
DEBUG: src/lcthw/hashmap.c:Hashmap_get_node:205: TRY: 15
DEBUG: src/lcthw/hashmap.c:Hashmap_get_node:205: TRY: 16
DEBUG: src/lcthw/hashmap.c:Hashmap_get_node:205: TRY: 17
DEBUG: src/lcthw/hashmap.c:Hashmap_get_node:205: TRY: 18
DEBUG: src/lcthw/hashmap.c:Hashmap_get_node:205: TRY: 19
DEBUG: src/lcthw/hashmap.c:Hashmap_get_node:205: TRY: 20
DEBUG: src/lcthw/hashmap.c:Hashmap_get_node:205: TRY: 21
DEBUG: src/lcthw/hashmap.c:Hashmap_get_node:205: TRY: 22
DEBUG: src/lcthw/hashmap.c:Hashmap_get_node:205: TRY: 23
DEBUG: src/lcthw/hashmap.c:Hashmap_get_node:205: TRY: 24
DEBUG: src/lcthw/hashmap.c:Hashmap_get_node:205: TRY: 25
DEBUG: src/lcthw/hashmap.c:Hashmap_get_node:205: TRY: 26
DEBUG: src/lcthw/hashmap.c:Hashmap_get_node:205: TRY: 27
DEBUG: src/lcthw/hashmap.c:Hashmap_get_node:205: TRY: 28
DEBUG: src/lcthw/hashmap.c:Hashmap_get_node:205: TRY: 29
DEBUG: src/lcthw/hashmap.c:Hashmap_get_node:205: TRY: 30
DEBUG: src/lcthw/hashmap.c:Hashmap_get_node:205: TRY: 31
DEBUG: src/lcthw/hashmap.c:Hashmap_get_node:205: TRY: 32
DEBUG: src/lcthw/hashmap.c:Hashmap_get_node:205: TRY: 33
DEBUG: src/lcthw/hashmap.c:Hashmap_get_node:205: TRY: 34
DEBUG: src/lcthw/hashmap.c:Hashmap_get_node:205: TRY: 35
DEBUG: src/lcthw/hashmap.c:Hashmap_get_node:205: TRY: 36
DEBUG: src/lcthw/hashmap.c:Hashmap_get_node:205: TRY: 37
DEBUG: src/lcthw/hashmap.c:Hashmap_get_node:205: TRY: 38
DEBUG: src/lcthw/hashmap.c:Hashmap_get_node:205: TRY: 39
DEBUG: src/lcthw/hashmap.c:Hashmap_get_node:205: TRY: 40
DEBUG: src/lcthw/hashmap.c:Hashmap_get_node:205: TRY: 41
DEBUG: src/lcthw/hashmap.c:Hashmap_get_node:205: TRY: 42
DEBUG: src/lcthw/hashmap.c:Hashmap_get_node:205: TRY: 43
DEBUG: src/lcthw/hashmap.c:Hashmap_get_node:205: TRY: 44
DEBUG: src/lcthw/hashmap.c:Hashmap_get_node:205: TRY: 45
DEBUG: src/lcthw/hashmap.c:Hashmap_get_node:205: TRY: 46
DEBUG: src/lcthw/hashmap.c:Hashmap_get_node:205: TRY: 47
DEBUG: src/lcthw/hashmap.c:Hashmap_get_node:205: TRY: 48
DEBUG: src/lcthw/hashmap.c:Hashmap_get_node:205: TRY: 49
DEBUG: src/lcthw/hashmap.c:Hashmap_get_node:205: TRY: 50
DEBUG: src/lcthw/hashmap.c:Hashmap_get_node:205: TRY: 51
DEBUG: src/lcthw/hashmap.c:Hashmap_get_node:205: TRY: 52
DEBUG: src/lcthw/hashmap.c:Hashmap_get_node:205: TRY: 53
DEBUG: src/lcthw/hashmap.c:Hashmap_get_node:205: TRY: 54
DEBUG: src/lcthw/hashmap.c:Hashmap_get_node:205: TRY: 55
DEBUG: src/lcthw/hashmap.c:Hashmap_get_node:205: TRY: 56
DEBUG: src/lcthw/hashmap.c:Hashmap_get_node:205: TRY: 57
DEBUG: src/lcthw/hashmap.c:Hashmap_get_node:205: TRY: 58
DEBUG: src/lcthw/hashmap.c:Hashmap_get_node:205: TRY: 59
DEBUG: src/lcthw/hashmap.c:Hashmap_get_node:205: TRY: 60
DEBUG: src/lcthw/hashmap.c:Hashmap_get_node:205: TRY: 61
DEBUG: src/lcthw/hashmap.c:Hashmap_get_node:205: TRY: 62
DEBUG: src/lcthw/hashmap.c:Hashmap_get_node:205: TRY: 63
DEBUG: src/lcthw/hashmap.c:Hashmap_get_node:205: TRY: 64
DEBUG: src/lcthw/hashmap.c:Hashmap_get_node:205: TRY: 65
DEBUG: src/lcthw/hashmap.c:Hashmap_get_node:205: TRY: 66
DEBUG: src/lcthw/hashmap.c:Hashmap_get_node:205: TRY: 67
DEBUG: src/lcthw/hashmap.c:Hashmap_get_node:205: TRY: 68
DEBUG: src/lcthw/hashmap.c:Hashmap_get_node:205: TRY: 69
DEBUG: src/lcthw/hashmap.c:Hashmap_get_node:205: TRY: 70
DEBUG: src/lcthw/hashmap.c:Hashmap_get_node:205: TRY: 71
DEBUG: src/lcthw/hashmap.c:Hashmap_get_node:205: TRY: 72
DEBUG: src/lcthw/hashmap.c:Hashmap_get_node:205: TRY: 73
DEBUG: src/lcthw/hashmap.c:Hashmap_get_node:205: TRY: 74
DEBUG: src/lcthw/hashmap.c:Hashmap_get_node:205: TRY: 75
DEBUG: src/lcthw/hashmap.c:Hashmap_get_node:205: TRY: 76
DEBUG: src/lcthw/hashmap.c:Hashmap_get_node:205: TRY: 77
DEBUG: src/lcthw/hashmap.c:Hashmap_get_node:205: TRY: 78
DEBUG: src/lcthw/hashmap.c:Hashmap_get_node:205: TRY: 79
DEBUG: src/lcthw/hashmap.c:Hashmap_get_node:205: TRY: 80
DEBUG: src/lcthw/hashmap.c:Hashmap_get_node:205: TRY: 81
DEBUG: src/lcthw/hashmap.c:Hashmap_get_node:205: TRY: 82
DEBUG: src/lcthw/hashmap.c:Hashmap_get_node:205: TRY: 83
DEBUG: src/lcthw/hashmap.c:Hashmap_get_node:205: TRY: 84
DEBUG: src/lcthw/hashmap.c:Hashmap_get_node:205: TRY: 85
DEBUG: src/lcthw/hashmap.c:Hashmap_get_node:205: TRY: 86
DEBUG: src/lcthw/hashmap.c:Hashmap_get_node:205: TRY: 87
DEBUG: src/lcthw/hashmap.c:Hashmap_get_node:205: TRY: 88
DEBUG: src/lcthw/hashmap.c:Hashmap_get_node:205: TRY: 89
DEBUG: src/lcthw/hashmap.c:Hashmap_get_node:205: TRY: 90
DEBUG: src/lcthw/hashmap.c:Hashmap_get_node:205: TRY: 0
DEBUG: src/lcthw/hashmap.c:Hashmap_get_node:205: TRY: 1
DEBUG: src/lcthw/hashmap.c:Hashmap_get_node:205: TRY: 2
DEBUG: src/lcthw/hashmap.c:Hashmap_get_node:205: TRY: 3
DEBUG: src/lcthw/hashmap.c:Hashmap_get_node:205: TRY: 4
DEBUG: src/lcthw/hashmap.c:Hashmap_get_node:205: TRY: 5
DEBUG: src/lcthw/hashmap.c:Hashmap_get_node:205: TRY: 6
DEBUG: src/lcthw/hashmap.c:Hashmap_get_node:205: TRY: 7
DEBUG: src/lcthw/hashmap.c:Hashmap_get_node:205: TRY: 8
DEBUG: src/lcthw/hashmap.c:Hashmap_get_node:205: TRY: 9
DEBUG: src/lcthw/hashmap.c:Hashmap_get_node:205: TRY: 10
DEBUG: src/lcthw/hashmap.c:Hashmap_get_node:205: TRY: 11
DEBUG: src/lcthw/hashmap.c:Hashmap_get_node:205: TRY: 12
DEBUG: src/lcthw/hashmap.c:Hashmap_get_node:205: TRY: 13
DEBUG: src/lcthw/hashmap.c:Hashmap_get_node:205: TRY: 14
DEBUG: src/lcthw/hashmap.c:Hashmap_get_node:205: TRY: 15
DEBUG: src/lcthw/hashmap.c:Hashmap_get_node:205: TRY: 16
DEBUG: src/lcthw/hashmap.c:Hashmap_get_node:205: TRY: 17
DEBUG: src/lcthw/hashmap.c:Hashmap_get_node:205: TRY: 18
DEBUG: src/lcthw/hashmap.c:Hashmap_get_node:205: TRY: 19
DEBUG: src/lcthw/hashmap.c:Hashmap_get_node:205: TRY: 20
DEBUG: src/lcthw/hashmap.c:Hashmap_get_node:205: TRY: 21
DEBUG: src/lcthw/hashmap.c:Hashmap_get_node:205: TRY: 22
DEBUG: src/lcthw/hashmap.c:Hashmap_get_node:205: TRY: 23
DEBUG: src/lcthw/hashmap.c:Hashmap_get_node:205: TRY: 24
DEBUG: src/lcthw/hashmap.c:Hashmap_get_node:205: TRY: 25
DEBUG: src/lcthw/hashmap.c:Hashmap_get_node:205: TRY: 26
DEBUG: src/lcthw/hashmap.c:Hashmap_get_node:205: TRY: 27
DEBUG: src/lcthw/hashmap.c:Hashmap_get_node:205: TRY: 28
DEBUG: src/lcthw/hashmap.c:Hashmap_get_node:205: TRY: 29
DEBUG: src/lcthw/hashmap.c:Hashmap_get_node:205: TRY: 30
DEBUG: src/lcthw/hashmap.c:Hashmap_get_node:205: TRY: 31
DEBUG: src/lcthw/hashmap.c:Hashmap_get_node:205: TRY: 32
DEBUG: src/lcthw/hashmap.c:Hashmap_get_node:205: TRY: 33
DEBUG: src/lcthw/hashmap.c:Hashmap_get_node:205: TRY: 34
DEBUG: src/lcthw/hashmap.c:Hashmap_get_node:205: TRY: 35
DEBUG: src/lcthw/hashmap.c:Hashmap_get_node:205: TRY: 36
DEBUG: src/lcthw/hashmap.c:Hashmap_get_node:205: TRY: 37
DEBUG: src/lcthw/hashmap.c:Hashmap_get_node:205: TRY: 38
DEBUG: src/lcthw/hashmap.c:Hashmap_get_node:205: TRY: 39
DEBUG: src/lcthw/hashmap.c:Hashmap_get_node:205: TRY: 40
DEBUG: src/lcthw/hashmap.c:Hashmap_get_node:205: TRY: 41
DEBUG: src/lcthw/hashmap.c:Hashmap_get_node:205: TRY: 42
DEBUG: src/lcthw/hashmap.c:Hashmap_get_node:205: TRY: 43
DEBUG: src/lcthw/hashmap.c:Hashmap_get_node:205: TRY: 44
DEBUG: src/lcthw/hashmap.c:Hashmap_get_node:205: TRY: 45
DEBUG: src/lcthw/hashmap.c:Hashmap_get_node:205: TRY: 46
DEBUG: src/lcthw/hashmap.c:Hashmap_get_node:205: TRY: 47
DEBUG: src/lcthw/hashmap.c:Hashmap_get_node:205: TRY: 48
DEBUG: src/lcthw/hashmap.c:Hashmap_get_node:205: TRY: 49
DEBUG: src/lcthw/hashmap.c:Hashmap_get_node:205: TRY: 50
DEBUG: src/lcthw/hashmap.c:Hashmap_get_node:205: TRY: 51
DEBUG: src/lcthw/hashmap.c:Hashmap_get_node:205: TRY: 52
DEBUG: src/lcthw/hashmap.c:Hashmap_get_node:205: TRY: 53
DEBUG: src/lcthw/hashmap.c:Hashmap_get_node:205: TRY: 54
DEBUG: src/lcthw/hashmap.c:Hashmap_get_node:205: TRY: 55
DEBUG: src/lcthw/hashmap.c:Hashmap_get_node:205: TRY: 56
DEBUG: src/lcthw/hashmap.c:Hashmap_get_node:205: TRY: 57
DEBUG: src/lcthw/hashmap.c:Hashmap_get_node:205: TRY: 58
DEBUG: src/lcthw/hashmap.c:Hashmap_get_node:205: TRY: 59
DEBUG: src/lcthw/hashmap.c:Hashmap_get_node:205: TRY: 60
DEBUG: src/lcthw/hashmap.c:Hashmap_get_node:205: TRY: 61
DEBUG: src/lcthw/hashmap.c:Hashmap_get_node:205: TRY: 62
DEBUG: src/lcthw/hashmap.c:Hashmap_get_node:205: TRY: 63
DEBUG: src/lcthw/hashmap.c:Hashmap_get_node:205: TRY: 64
DEBUG: src/lcthw/hashmap.c:Hashmap_get_node:205: TRY: 65
DEBUG: src/lcthw/hashmap.c:Hashmap_get_node:205: TRY: 66
DEBUG: src/lcthw/hashmap.c:Hashmap_get_node:205: TRY: 67
DEBUG: src/lcthw/hashmap.c:Hashmap_get_node:205: TRY: 68
DEBUG: src/lcthw/hashmap.c:Hashmap_get_node:205: TRY: 69
DEBUG: src/lcthw/hashmap.c:Hashmap_get_node:205: TRY: 70
DEBUG: src/lcthw/hashmap.c:Hashmap_get_node:205: TRY: 71
DEBUG: src/lcthw/hashmap.c:Hashmap_get_node:205: TRY: 72
DEBUG: src/lcthw/hashmap.c:Hashmap_get_node:205: TRY: 73
DEBUG: src/lcthw/hashmap.c:Hashmap_get_node:205: TRY: 74
DEBUG: src/lcthw/hashmap.c:Hashmap_get_node:205: TRY: 75
DEBUG: src/lcthw/hashmap.c:Hashmap_get_node:205: TRY: 76
DEBUG: src/lcthw/hashmap.c:Hashmap_get_node:205: TRY: 77
DEBUG: src/lcthw/hashmap.c:Hashmap_get_node:205: TRY: 78
DEBUG: src/lcthw/hashmap.c:Hashmap_get_node:205: TRY: 79
DEBUG: src/lcthw/hashmap.c:Hashmap_get_node:205: TRY: 80
DEBUG: src/lcthw/hashmap.c:Hashmap_get_node:205: TRY: 81
DEBUG: src/lcthw/hashmap.c:Hashmap_get_node:205: TRY: 82
DEBUG: src/lcthw/hashmap.c:Hashmap_get_node:205: TRY: 83
DEBUG: src/lcthw/hashmap.c:Hashmap_get_node:205: TRY: 84
DEBUG: src/lcthw/hashmap.c:Hashmap_get_node:205: TRY: 85
DEBUG: src/lcthw/hashmap.c:Hashmap_get_node:205: TRY: 86
DEBUG: src/lcthw/hashmap.c:Hashmap_get_node:205: TRY: 87
DEBUG: src/lcthw/hashmap.c:Hashmap_get_node:205: TRY: 88
DEBUG: src/lcthw/hashmap.c:Hashmap_get_node:205: TRY: 89
DEBUG: src/lcthw/hashmap.c:Hashmap_get_node:205: TRY: 90
DEBUG: src/lcthw/hashmap.c:Hashmap_get_node:205: TRY: 91
DEBUG: src/lcthw/hashmap.c:Hashmap_get_node:205: TRY: 92
DEBUG: src/lcthw/hashmap.c:Hashmap_get_node:205: TRY: 93
DEBUG: src/lcthw/hashmap.c:Hashmap_get_node:205: TRY: 94
DEBUG: src/lcthw/hashmap.c:Hashmap_get_node:205: TRY: 95
DEBUG: src/lcthw/hashmap.c:Hashmap_get_node:205: TRY: 96
DEBUG: src/lcthw/hashmap.c:Hashmap_get_node:205: TRY: 97
DEBUG: src/lcthw/hashmap.c:Hashmap_get_node:205: TRY: 98
DEBUG: src/lcthw/hashmap.c:Hashmap_get_node:205: TRY: 99
DEBUG: src/lcthw/hashmap.c:Hashmap_get_node:205: TRY: 100
DEBUG: src/lcthw/hashmap.c:Hashmap_get_node:205: TRY: 101
DEBUG: src/lcthw/hashmap.c:Hashmap_get_node:205: TRY: 102
DEBUG: src/lcthw/hashmap.c:Hashmap_get_node:205: TRY: 103
DEBUG: src/lcthw/hashmap.c:Hashmap_get_node:205: TRY: 104
DEBUG: src/lcthw/hashmap.c:Hashmap_get_node:205: TRY: 105
DEBUG: src/lcthw/hashmap.c:Hashmap_get_node:205: TRY: 106
DEBUG: src/lcthw/hashmap.c:Hashmap_get_node:205: TRY: 107
DEBUG: src/lcthw/hashmap.c:Hashmap_get_node:205: TRY: 108
DEBUG: src/lcthw/hashmap.c:Hashmap_get_node:205: TRY: 109
DEBUG: src/lcthw/hashmap.c:Hashmap_get_node:205: TRY: 110
DEBUG: src/lcthw/hashmap.c:Hashmap_get_node:205: TRY: 111
DEBUG: src/lcthw/hashmap.c:Hashmap_get_node:205: TRY: 112
DEBUG: src/lcthw/hashmap.c:Hashmap_get_node:205: TRY: 113
DEBUG: src/lcthw/hashmap.c:Hashmap_get_node:205: TRY: 114
DEBUG: src/lcthw/hashmap.c:Hashmap_get_node:205: TRY: 115
DEBUG: src/lcthw/hashmap.c:Hashmap_get_node:205: TRY: 116
DEBUG: src/lcthw/hashmap.c:Hashmap_get_node:205: TRY: 117
DEBUG: src/lcthw/hashmap.c:Hashmap_get_node:205: TRY: 118
DEBUG: src/lcthw/hashmap.c:Hashmap_get_node:205: TRY: 119
DEBUG: src/lcthw/hashmap.c:Hashmap_get_node:205: TRY: 120
DEBUG: src/lcthw/hashmap.c:Hashmap_get_node:205: TRY: 121
DEBUG: src/lcthw/hashmap.c:Hashmap_get_node:205: TRY: 122
DEBUG: src/lcthw/hashmap.c:Hashmap_get_node:205: TRY: 0
DEBUG: src/lcthw/hashmap.c:Hashmap_get_node:205: TRY: 1
DEBUG: src/lcthw/hashmap.c:Hashmap_get_node:205: TRY: 2
DEBUG: src/lcthw/hashmap.c:Hashmap_get_node:205: TRY: 3
DEBUG: src/lcthw/hashmap.c:Hashmap_get_node:205: TRY: 4
DEBUG: src/lcthw/hashmap.c:Hashmap_get_node:205: TRY: 5
DEBUG: src/lcthw/hashmap.c:Hashmap_get_node:205: TRY: 6
DEBUG: src/lcthw/hashmap.c:Hashmap_get_node:205: TRY: 7
DEBUG: src/lcthw/hashmap.c:Hashmap_get_node:205: TRY: 8
DEBUG: src/lcthw/hashmap.c:Hashmap_get_node:205: TRY: 9
DEBUG: src/lcthw/hashmap.c:Hashmap_get_node:205: TRY: 10
DEBUG: src/lcthw/hashmap.c:Hashmap_get_node:205: TRY: 11
DEBUG: src/lcthw/hashmap.c:Hashmap_get_node:205: TRY: 12
DEBUG: src/lcthw/hashmap.c:Hashmap_get_node:205: TRY: 13
DEBUG: src/lcthw/hashmap.c:Hashmap_get_node:205: TRY: 14
DEBUG: src/lcthw/hashmap.c:Hashmap_get_node:205: TRY: 15
DEBUG: src/lcthw/hashmap.c:Hashmap_get_node:205: TRY: 16
DEBUG: src/lcthw/hashmap.c:Hashmap_get_node:205: TRY: 17
DEBUG: src/lcthw/hashmap.c:Hashmap_get_node:205: TRY: 18
DEBUG: src/lcthw/hashmap.c:Hashmap_get_node:205: TRY: 19
DEBUG: src/lcthw/hashmap.c:Hashmap_get_node:205: TRY: 20
DEBUG: src/lcthw/hashmap.c:Hashmap_get_node:205: TRY: 21
DEBUG: src/lcthw/hashmap.c:Hashmap_get_node:205: TRY: 22
DEBUG: src/lcthw/hashmap.c:Hashmap_get_node:205: TRY: 23
DEBUG: src/lcthw/hashmap.c:Hashmap_get_node:205: TRY: 24
DEBUG: src/lcthw/hashmap.c:Hashmap_get_node:205: TRY: 25
DEBUG: src/lcthw/hashmap.c:Hashmap_get_node:205: TRY: 26
DEBUG: src/lcthw/hashmap.c:Hashmap_get_node:205: TRY: 27
DEBUG: src/lcthw/hashmap.c:Hashmap_get_node:205: TRY: 28
DEBUG: src/lcthw/hashmap.c:Hashmap_get_node:205: TRY: 29
DEBUG: src/lcthw/hashmap.c:Hashmap_get_node:205: TRY: 30
DEBUG: src/lcthw/hashmap.c:Hashmap_get_node:205: TRY: 31
DEBUG: src/lcthw/hashmap.c:Hashmap_get_node:205: TRY: 32
DEBUG: src/lcthw/hashmap.c:Hashmap_get_node:205: TRY: 33
DEBUG: src/lcthw/hashmap.c:Hashmap_get_node:205: TRY: 34
DEBUG: src/lcthw/hashmap.c:Hashmap_get_node:205: TRY: 35
DEBUG: src/lcthw/hashmap.c:Hashmap_get_node:205: TRY: 36
DEBUG: src/lcthw/hashmap.c:Hashmap_get_node:205: TRY: 37
DEBUG: src/lcthw/hashmap.c:Hashmap_get_node:205: TRY: 38
DEBUG: src/lcthw/hashmap.c:Hashmap_get_node:205: TRY: 39
DEBUG: src/lcthw/hashmap.c:Hashmap_get_node:205: TRY: 40
DEBUG: src/lcthw/hashmap.c:Hashmap_get_node:205: TRY: 41
DEBUG: src/lcthw/hashmap.c:Hashmap_get_node:205: TRY: 42
DEBUG: src/lcthw/hashmap.c:Hashmap_get_node:205: TRY: 43
DEBUG: src/lcthw/hashmap.c:Hashmap_get_node:205: TRY: 44
DEBUG: src/lcthw/hashmap.c:Hashmap_get_node:205: TRY: 45
DEBUG: src/lcthw/hashmap.c:Hashmap_get_node:205: TRY: 46
DEBUG: src/lcthw/hashmap.c:Hashmap_get_node:205: TRY: 47
DEBUG: src/lcthw/hashmap.c:Hashmap_get_node:205: TRY: 48
DEBUG: src/lcthw/hashmap.c:Hashmap_get_node:205: TRY: 49
DEBUG: src/lcthw/hashmap.c:Hashmap_get_node:205: TRY: 50
DEBUG: src/lcthw/hashmap.c:Hashmap_get_node:205: TRY: 51
DEBUG: src/lcthw/hashmap.c:Hashmap_get_node:205: TRY: 52
DEBUG: src/lcthw/hashmap.c:Hashmap_get_node:205: TRY: 53
DEBUG: src/lcthw/hashmap.c:Hashmap_get_node:205: TRY: 54
DEBUG: src/lcthw/hashmap.c:Hashmap_get_node:205: TRY: 55
DEBUG: src/lcthw/hashmap.c:Hashmap_get_node:205: TRY: 56
DEBUG: src/lcthw/hashmap.c:Hashmap_get_node:205: TRY: 57
DEBUG: src/lcthw/hashmap.c:Hashmap_get_node:205: TRY: 58
DEBUG: src/lcthw/hashmap.c:Hashmap_get_node:205: TRY: 59
DEBUG: src/lcthw/hashmap.c:Hashmap_get_node:205: TRY: 60
DEBUG: src/lcthw/hashmap.c:Hashmap_get_node:205: TRY: 61
DEBUG: src/lcthw/hashmap.c:Hashmap_get_node:205: TRY: 62
DEBUG: src/lcthw/hashmap.c:Hashmap_get_node:205: TRY: 63
DEBUG: src/lcthw/hashmap.c:Hashmap_get_node:205: TRY: 64
DEBUG: src/lcthw/hashmap.c:Hashmap_get_node:205: TRY: 65
DEBUG: src/lcthw/hashmap.c:Hashmap_get_node:205: TRY: 66
DEBUG: src/lcthw/hashmap.c:Hashmap_get_node:205: TRY: 67
DEBUG: src/lcthw/hashmap.c:Hashmap_get_node:205: TRY: 68
DEBUG: src/lcthw/hashmap.c:Hashmap_get_node:205: TRY: 69
DEBUG: src/lcthw/hashmap.c:Hashmap_get_node:205: TRY: 70
DEBUG: src/lcthw/hashmap.c:Hashmap_get_node:205: TRY: 71
DEBUG: src/lcthw/hashmap.c:Hashmap_get_node:205: TRY: 72
DEBUG: src/lcthw/hashmap.c:Hashmap_get_node:205: TRY: 73
DEBUG: src/lcthw/hashmap.c:Hashmap_get_node:205: TRY: 74
DEBUG: src/lcthw/hashmap.c:Hashmap_get_node:205: TRY: 75
DEBUG: src/lcthw/hashmap.c:Hashmap_get_node:205: TRY: 76
DEBUG: src/lcthw/hashmap.c:Hashmap_get_node:205: TRY: 77
DEBUG: src/lcthw/hashmap.c:Hashmap_get_node:205: TRY: 78
DEBUG: src/lcthw/hashmap.c:Hashmap_get_node:205: TRY: 79
DEBUG: src/lcthw/hashmap.c:Hashmap_get_node:205: TRY: 80
DEBUG: src/lcthw/hashmap.c:Hashmap_get_node:205: TRY: 81
DEBUG: src/lcthw/hashmap.c:Hashmap_get_node:205: TRY: 82
DEBUG: src/lcthw/hashmap.c:Hashmap_get_node:205: TRY: 83
DEBUG: src/lcthw/hashmap.c:Hashmap_get_node:205: TRY: 84
DEBUG: src/lcthw/hashmap.c:Hashmap_get_node:205: TRY: 85
DEBUG: src/lcthw/hashmap.c:Hashmap_get_node:205: TRY: 86
DEBUG: src/lcthw/hashmap.c:Hashmap_get_node:205: TRY: 87
DEBUG: src/lcthw/hashmap.c:Hashmap_get_node:205: TRY: 88
DEBUG: src/lcthw/hashmap.c:Hashmap_get_node:205: TRY: 89
DEBUG: src/lcthw/hashmap.c:Hashmap_get_node:205: TRY: 90
DEBUG: src/lcthw/hashmap.c:Hashmap_get_node:205: TRY: 91
DEBUG: src/lcthw/hashmap.c:Hashmap_get_node:205: TRY: 92
DEBUG: src/lcthw/hashmap.c:Hashmap_get_node:205: TRY: 0
DEBUG: src/lcthw/hashmap.c:Hashmap_get_node:205: TRY: 1
DEBUG: src/lcthw/hashmap.c:Hashmap_get_node:205: TRY: 2
DEBUG: src/lcthw/hashmap.c:Hashmap_get_node:205: TRY: 3
DEBUG: src/lcthw/hashmap.c:Hashmap_get_node:205: TRY: 4
DEBUG: src/lcthw/hashmap.c:Hashmap_get_node:205: TRY: 5
DEBUG: src/lcthw/hashmap.c:Hashmap_get_node:205: TRY: 6
DEBUG: src/lcthw/hashmap.c:Hashmap_get_node:205: TRY: 7
DEBUG: src/lcthw/hashmap.c:Hashmap_get_node:205: TRY: 8
DEBUG: src/lcthw/hashmap.c:Hashmap_get_node:205: TRY: 9
DEBUG: src/lcthw/hashmap.c:Hashmap_get_node:205: TRY: 10
DEBUG: src/lcthw/hashmap.c:Hashmap_get_node:205: TRY: 11
DEBUG: src/lcthw/hashmap.c:Hashmap_get_node:205: TRY: 12
DEBUG: src/lcthw/hashmap.c:Hashmap_get_node:205: TRY: 13
DEBUG: src/lcthw/hashmap.c:Hashmap_get_node:205: TRY: 14
DEBUG: src/lcthw/hashmap.c:Hashmap_get_node:205: TRY: 15
DEBUG: src/lcthw/hashmap.c:Hashmap_get_node:205: TRY: 16
DEBUG: src/lcthw/hashmap.c:Hashmap_get_node:205: TRY: 17
DEBUG: src/lcthw/hashmap.c:Hashmap_get_node:205: TRY: 18
DEBUG: src/lcthw/hashmap.c:Hashmap_get_node:205: TRY: 19
DEBUG: src/lcthw/hashmap.c:Hashmap_get_node:205: TRY: 20
DEBUG: src/lcthw/hashmap.c:Hashmap_get_node:205: TRY: 21
DEBUG: src/lcthw/hashmap.c:Hashmap_get_node:205: TRY: 22
DEBUG: src/lcthw/hashmap.c:Hashmap_get_node:205: TRY: 23
DEBUG: src/lcthw/hashmap.c:Hashmap_get_node:205: TRY: 24
DEBUG: src/lcthw/hashmap.c:Hashmap_get_node:205: TRY: 25
DEBUG: src/lcthw/hashmap.c:Hashmap_get_node:205: TRY: 26
DEBUG: src/lcthw/hashmap.c:Hashmap_get_node:205: TRY: 27
DEBUG: src/lcthw/hashmap.c:Hashmap_get_node:205: TRY: 28
DEBUG: src/lcthw/hashmap.c:Hashmap_get_node:205: TRY: 29
DEBUG: src/lcthw/hashmap.c:Hashmap_get_node:205: TRY: 30
DEBUG: src/lcthw/hashmap.c:Hashmap_get_node:205: TRY: 31
DEBUG: src/lcthw/hashmap.c:Hashmap_get_node:205: TRY: 32
DEBUG: src/lcthw/hashmap.c:Hashmap_get_node:205: TRY: 33
DEBUG: src/lcthw/hashmap.c:Hashmap_get_node:205: TRY: 34
DEBUG: src/lcthw/hashmap.c:Hashmap_get_node:205: TRY: 35
DEBUG: src/lcthw/hashmap.c:Hashmap_get_node:205: TRY: 36
DEBUG: src/lcthw/hashmap.c:Hashmap_get_node:205: TRY: 37
DEBUG: src/lcthw/hashmap.c:Hashmap_get_node:205: TRY: 38
DEBUG: src/lcthw/hashmap.c:Hashmap_get_node:205: TRY: 39
DEBUG: src/lcthw/hashmap.c:Hashmap_get_node:205: TRY: 40
DEBUG: src/lcthw/hashmap.c:Hashmap_get_node:205: TRY: 41
DEBUG: src/lcthw/hashmap.c:Hashmap_get_node:205: TRY: 42
DEBUG: src/lcthw/hashmap.c:Hashmap_get_node:205: TRY: 43
DEBUG: src/lcthw/hashmap.c:Hashmap_get_node:205: TRY: 44
DEBUG: src/lcthw/hashmap.c:Hashmap_get_node:205: TRY: 45
DEBUG: src/lcthw/hashmap.c:Hashmap_get_node:205: TRY: 46
DEBUG: src/lcthw/hashmap.c:Hashmap_get_node:205: TRY: 47
DEBUG: src/lcthw/hashmap.c:Hashmap_get_node:205: TRY: 48
DEBUG: src/lcthw/hashmap.c:Hashmap_get_node:205: TRY: 49
DEBUG: src/lcthw/hashmap.c:Hashmap_get_node:205: TRY: 50
DEBUG: src/lcthw/hashmap.c:Hashmap_get_node:205: TRY: 51
DEBUG: src/lcthw/hashmap.c:Hashmap_get_node:205: TRY: 52
DEBUG: src/lcthw/hashmap.c:Hashmap_get_node:205: TRY: 53
DEBUG: src/lcthw/hashmap.c:Hashmap_get_node:205: TRY: 54
DEBUG: src/lcthw/hashmap.c:Hashmap_get_node:205: TRY: 55
DEBUG: src/lcthw/hashmap.c:Hashmap_get_node:205: TRY: 56
DEBUG: src/lcthw/hashmap.c:Hashmap_get_node:205: TRY: 57
DEBUG: src/lcthw/hashmap.c:Hashmap_get_node:205: TRY: 58
DEBUG: src/lcthw/hashmap.c:Hashmap_get_node:205: TRY: 59
DEBUG: src/lcthw/hashmap.c:Hashmap_get_node:205: TRY: 60
DEBUG: src/lcthw/hashmap.c:Hashmap_get_node:205: TRY: 61
DEBUG: src/lcthw/hashmap.c:Hashmap_get_node:205: TRY: 62
DEBUG: src/lcthw/hashmap.c:Hashmap_get_node:205: TRY: 63
DEBUG: src/lcthw/hashmap.c:Hashmap_get_node:205: TRY: 64
DEBUG: src/lcthw/hashmap.c:Hashmap_get_node:205: TRY: 65
DEBUG: src/lcthw/hashmap.c:Hashmap_get_node:205: TRY: 66
DEBUG: src/lcthw/hashmap.c:Hashmap_get_node:205: TRY: 67
DEBUG: src/lcthw/hashmap.c:Hashmap_get_node:205: TRY: 68
DEBUG: src/lcthw/hashmap.c:Hashmap_get_node:205: TRY: 69
DEBUG: src/lcthw/hashmap.c:Hashmap_get_node:205: TRY: 70
DEBUG: src/lcthw/hashmap.c:Hashmap_get_node:205: TRY: 71
DEBUG: src/lcthw/hashmap.c:Hashmap_get_node:205: TRY: 72
DEBUG: src/lcthw/hashmap.c:Hashmap_get_node:205: TRY: 73
DEBUG: src/lcthw/hashmap.c:Hashmap_get_node:205: TRY: 74
DEBUG: src/lcthw/hashmap.c:Hashmap_get_node:205: TRY: 75
DEBUG: src/lcthw/hashmap.c:Hashmap_get_node:205: TRY: 76
DEBUG: src/lcthw/hashmap.c:Hashmap_get_node:205: TRY: 77
DEBUG: src/lcthw/hashmap.c:Hashmap_get_node:205: TRY: 78
DEBUG: src/lcthw/hashmap.c:Hashmap_get_node:205: TRY: 79
DEBUG: src/lcthw/hashmap.c:Hashmap_get_node:205: TRY: 80
DEBUG: src/lcthw/hashmap.c:Hashmap_get_node:205: TRY: 81
DEBUG: src/lcthw/hashmap.c:Hashmap_get_node:205: TRY: 82
DEBUG: src/lcthw/hashmap.c:Hashmap_get_node:205: TRY: 83
DEBUG: src/lcthw/hashmap.c:Hashmap_get_node:205: TRY: 84
DEBUG: src/lcthw/hashmap.c:Hashmap_get_node:205: TRY: 85
DEBUG: src/lcthw/hashmap.c:Hashmap_get_node:205: TRY: 86
DEBUG: src/lcthw/hashmap.c:Hashmap_get_node:205: TRY: 87
DEBUG: src/lcthw/hashmap.c:Hashmap_get_node:205: TRY: 88
DEBUG: src/lcthw/hashmap.c:Hashmap_get_node:205: TRY: 89
DEBUG: src/lcthw/hashmap.c:Hashmap_get_node:205: TRY: 90
DEBUG: src/lcthw/hashmap.c:Hashmap_get_node:205: TRY: 91
DEBUG: src/lcthw/hashmap.c:Hashmap_get_node:205: TRY: 92
DEBUG: src/lcthw/hashmap.c:Hashmap_get_node:205: TRY: 93
DEBUG: src/lcthw/hashmap.c:Hashmap_get_node:205: TRY: 94
DEBUG: src/lcthw/hashmap.c:Hashmap_get_node:205: TRY: 95
DEBUG: src/lcthw/hashmap.c:Hashmap_get_node:205: TRY: 96
DEBUG: src/lcthw/hashmap.c:Hashmap_get_node:205: TRY: 97
DEBUG: src/lcthw/hashmap.c:Hashmap_get_node:205: TRY: 98
DEBUG: src/lcthw/hashmap.c:Hashmap_get_node:205: TRY: 0
DEBUG: src/lcthw/hashmap.c:Hashmap_get_node:205: TRY: 1
DEBUG: src/lcthw/hashmap.c:Hashmap_get_node:205: TRY: 2
DEBUG: src/lcthw/hashmap.c:Hashmap_get_node:205: TRY: 3
DEBUG: src/lcthw/hashmap.c:Hashmap_get_node:205: TRY: 4
DEBUG: src/lcthw/hashmap.c:Hashmap_get_node:205: TRY: 5
DEBUG: src/lcthw/hashmap.c:Hashmap_get_node:205: TRY: 6
DEBUG: src/lcthw/hashmap.c:Hashmap_get_node:205: TRY: 7
DEBUG: src/lcthw/hashmap.c:Hashmap_get_node:205: TRY: 8
DEBUG: src/lcthw/hashmap.c:Hashmap_get_node:205: TRY: 9
DEBUG: src/lcthw/hashmap.c:Hashmap_get_node:205: TRY: 10
DEBUG: src/lcthw/hashmap.c:Hashmap_get_node:205: TRY: 11
DEBUG: src/lcthw/hashmap.c:Hashmap_get_node:205: TRY: 12
DEBUG: src/lcthw/hashmap.c:Hashmap_get_node:205: TRY: 13
DEBUG: src/lcthw/hashmap.c:Hashmap_get_node:205: TRY: 14
DEBUG: src/lcthw/hashmap.c:Hashmap_get_node:205: TRY: 15
DEBUG: src/lcthw/hashmap.c:Hashmap_get_node:205: TRY: 16
DEBUG: src/lcthw/hashmap.c:Hashmap_get_node:205: TRY: 17
DEBUG: src/lcthw/hashmap.c:Hashmap_get_node:205: TRY: 18
DEBUG: src/lcthw/hashmap.c:Hashmap_get_node:205: TRY: 19
DEBUG: src/lcthw/hashmap.c:Hashmap_get_node:205: TRY: 20
DEBUG: src/lcthw/hashmap.c:Hashmap_get_node:205: TRY: 21
DEBUG: src/lcthw/hashmap.c:Hashmap_get_node:205: TRY: 22
DEBUG: src/lcthw/hashmap.c:Hashmap_get_node:205: TRY: 23
DEBUG: src/lcthw/hashmap.c:Hashmap_get_node:205: TRY: 24
DEBUG: src/lcthw/hashmap.c:Hashmap_get_node:205: TRY: 25
DEBUG: src/lcthw/hashmap.c:Hashmap_get_node:205: TRY: 26
DEBUG: src/lcthw/hashmap.c:Hashmap_get_node:205: TRY: 27
DEBUG: src/lcthw/hashmap.c:Hashmap_get_node:205: TRY: 28
DEBUG: src/lcthw/hashmap.c:Hashmap_get_node:205: TRY: 29
DEBUG: src/lcthw/hashmap.c:Hashmap_get_node:205: TRY: 30
DEBUG: src/lcthw/hashmap.c:Hashmap_get_node:205: TRY: 31
DEBUG: src/lcthw/hashmap.c:Hashmap_get_node:205: TRY: 32
DEBUG: src/lcthw/hashmap.c:Hashmap_get_node:205: TRY: 33
DEBUG: src/lcthw/hashmap.c:Hashmap_get_node:205: TRY: 34
DEBUG: src/lcthw/hashmap.c:Hashmap_get_node:205: TRY: 35
DEBUG: src/lcthw/hashmap.c:Hashmap_get_node:205: TRY: 36
DEBUG: src/lcthw/hashmap.c:Hashmap_get_node:205: TRY: 37
DEBUG: src/lcthw/hashmap.c:Hashmap_get_node:205: TRY: 38
DEBUG: src/lcthw/hashmap.c:Hashmap_get_node:205: TRY: 39
DEBUG: src/lcthw/hashmap.c:Hashmap_get_node:205: TRY: 40
DEBUG: src/lcthw/hashmap.c:Hashmap_get_node:205: TRY: 41
DEBUG: src/lcthw/hashmap.c:Hashmap_get_node:205: TRY: 42
DEBUG: src/lcthw/hashmap.c:Hashmap_get_node:205: TRY: 43
DEBUG: src/lcthw/hashmap.c:Hashmap_get_node:205: TRY: 44
DEBUG: src/lcthw/hashmap.c:Hashmap_get_node:205: TRY: 45
DEBUG: src/lcthw/hashmap.c:Hashmap_get_node:205: TRY: 46
DEBUG: src/lcthw/hashmap.c:Hashmap_get_node:205: TRY: 47
DEBUG: src/lcthw/hashmap.c:Hashmap_get_node:205: TRY: 48
DEBUG: src/lcthw/hashmap.c:Hashmap_get_node:205: TRY: 49
DEBUG: src/lcthw/hashmap.c:Hashmap_get_node:205: TRY: 50
DEBUG: src/lcthw/hashmap.c:Hashmap_get_node:205: TRY: 51
DEBUG: src/lcthw/hashmap.c:Hashmap_get_node:205: TRY: 52
DEBUG: src/lcthw/hashmap.c:Hashmap_get_node:205: TRY: 53
DEBUG: src/lcthw/hashmap.c:Hashmap_get_node:205: TRY: 54
DEBUG: src/lcthw/hashmap.c:Hashmap_get_node:205: TRY: 55
DEBUG: src/lcthw/hashmap.c:Hashmap_get_node:205: TRY: 56
DEBUG: src/lcthw/hashmap.c:Hashmap_get_node:205: TRY: 57
DEBUG: src/lcthw/hashmap.c:Hashmap_get_node:205: TRY: 58
DEBUG: src/lcthw/hashmap.c:Hashmap_get_node:205: TRY: 59
DEBUG: src/lcthw/hashmap.c:Hashmap_get_node:205: TRY: 60
DEBUG: src/lcthw/hashmap.c:Hashmap_get_node:205: TRY: 61
DEBUG: src/lcthw/hashmap.c:Hashmap_get_node:205: TRY: 62
DEBUG: src/lcthw/hashmap.c:Hashmap_get_node:205: TRY: 63
DEBUG: src/lcthw/hashmap.c:Hashmap_get_node:205: TRY: 64
DEBUG: src/lcthw/hashmap.c:Hashmap_get_node:205: TRY: 65
DEBUG: src/lcthw/hashmap.c:Hashmap_get_node:205: TRY: 66
DEBUG: src/lcthw/hashmap.c:Hashmap_get_node:205: TRY: 67
DEBUG: src/lcthw/hashmap.c:Hashmap_get_node:205: TRY: 68
DEBUG: src/lcthw/hashmap.c:Hashmap_get_node:205: TRY: 69
DEBUG: src/lcthw/hashmap.c:Hashmap_get_node:205: TRY: 70
DEBUG: src/lcthw/hashmap.c:Hashmap_get_node:205: TRY: 71
DEBUG: src/lcthw/hashmap.c:Hashmap_get_node:205: TRY: 72
DEBUG: src/lcthw/hashmap.c:Hashmap_get_node:205: TRY: 73
DEBUG: src/lcthw/hashmap.c:Hashmap_get_node:205: TRY: 74
DEBUG: src/lcthw/hashmap.c:Hashmap_get_node:205: TRY: 75
DEBUG: src/lcthw/hashmap.c:Hashmap_get_node:205: TRY: 76
DEBUG: src/lcthw/hashmap.c:Hashmap_get_node:205: TRY: 77
DEBUG: src/lcthw/hashmap.c:Hashmap_get_node:205: TRY: 78
DEBUG: src/lcthw/hashmap.c:Hashmap_get_node:205: TRY: 79
DEBUG: src/lcthw/hashmap.c:Hashmap_get_node:205: TRY: 80
DEBUG: src/lcthw/hashmap.c:Hashmap_get_node:205: TRY: 81
DEBUG: src/lcthw/hashmap.c:Hashmap_get_node:205: TRY: 82
DEBUG: src/lcthw/hashmap.c:Hashmap_get_node:205: TRY: 83
DEBUG: src/lcthw/hashmap.c:Hashmap_get_node:205: TRY: 84
DEBUG: src/lcthw/hashmap.c:Hashmap_get_node:205: TRY: 85
DEBUG: src/lcthw/hashmap.c:Hashmap_get_node:205: TRY: 86
DEBUG: src/lcthw/hashmap.c:Hashmap_get_node:205: TRY: 87
DEBUG: src/lcthw/hashmap.c:Hashmap_get_node:205: TRY: 88
DEBUG: src/lcthw/hashmap.c:Hashmap_get_node:205: TRY: 89
DEBUG: src/lcthw/hashmap.c:Hashmap_get_node:205: TRY: 90
DEBUG: src/lcthw/hashmap.c:Hashmap_get_node:205: TRY: 91
DEBUG: src/lcthw/hashmap.c:Hashmap_get_node:205: TRY: 0
DEBUG: src/lcthw/hashmap.c:Hashmap_get_node:205: TRY: 1
DEBUG: src/lcthw/hashmap.c:Hashmap_get_node:205: TRY: 2
DEBUG: src/lcthw/hashmap.c:Hashmap_get_node:205: TRY: 3
DEBUG: src/lcthw/hashmap.c:Hashmap_get_node:205: TRY: 4
DEBUG: src/lcthw/hashmap.c:Hashmap_get_node:205: TRY: 5
DEBUG: src/lcthw/hashmap.c:Hashmap_get_node:205: TRY: 6
DEBUG: src/lcthw/hashmap.c:Hashmap_get_node:205: TRY: 7
DEBUG: src/lcthw/hashmap.c:Hashmap_get_node:205: TRY: 8
DEBUG: src/lcthw/hashmap.c:Hashmap_get_node:205: TRY: 9
DEBUG: src/lcthw/hashmap.c:Hashmap_get_node:205: TRY: 10
DEBUG: src/lcthw/hashmap.c:Hashmap_get_node:205: TRY: 11
DEBUG: src/lcthw/hashmap.c:Hashmap_get_node:205: TRY: 12
DEBUG: src/lcthw/hashmap.c:Hashmap_get_node:205: TRY: 13
DEBUG: src/lcthw/hashmap.c:Hashmap_get_node:205: TRY: 14
DEBUG: src/lcthw/hashmap.c:Hashmap_get_node:205: TRY: 15
DEBUG: src/lcthw/hashmap.c:Hashmap_get_node:205: TRY: 16
DEBUG: src/lcthw/hashmap.c:Hashmap_get_node:205: TRY: 17
DEBUG: src/lcthw/hashmap.c:Hashmap_get_node:205: TRY: 18
DEBUG: src/lcthw/hashmap.c:Hashmap_get_node:205: TRY: 19
DEBUG: src/lcthw/hashmap.c:Hashmap_get_node:205: TRY: 20
DEBUG: src/lcthw/hashmap.c:Hashmap_get_node:205: TRY: 21
DEBUG: src/lcthw/hashmap.c:Hashmap_get_node:205: TRY: 22
DEBUG: src/lcthw/hashmap.c:Hashmap_get_node:205: TRY: 23
DEBUG: src/lcthw/hashmap.c:Hashmap_get_node:205: TRY: 24
DEBUG: src/lcthw/hashmap.c:Hashmap_get_node:205: TRY: 25
DEBUG: src/lcthw/hashmap.c:Hashmap_get_node:205: TRY: 26
DEBUG: src/lcthw/hashmap.c:Hashmap_get_node:205: TRY: 27
DEBUG: src/lcthw/hashmap.c:Hashmap_get_node:205: TRY: 28
DEBUG: src/lcthw/hashmap.c:Hashmap_get_node:205: TRY: 29
DEBUG: src/lcthw/hashmap.c:Hashmap_get_node:205: TRY: 30
DEBUG: src/lcthw/hashmap.c:Hashmap_get_node:205: TRY: 31
DEBUG: src/lcthw/hashmap.c:Hashmap_get_node:205: TRY: 32
DEBUG: src/lcthw/hashmap.c:Hashmap_get_node:205: TRY: 33
DEBUG: src/lcthw/hashmap.c:Hashmap_get_node:205: TRY: 34
DEBUG: src/lcthw/hashmap.c:Hashmap_get_node:205: TRY: 35
DEBUG: src/lcthw/hashmap.c:Hashmap_get_node:205: TRY: 36
DEBUG: src/lcthw/hashmap.c:Hashmap_get_node:205: TRY: 37
DEBUG: src/lcthw/hashmap.c:Hashmap_get_node:205: TRY: 38
DEBUG: src/lcthw/hashmap.c:Hashmap_get_node:205: TRY: 39
DEBUG: src/lcthw/hashmap.c:Hashmap_get_node:205: TRY: 40
DEBUG: src/lcthw/hashmap.c:Hashmap_get_node:205: TRY: 41
DEBUG: src/lcthw/hashmap.c:Hashmap_get_node:205: TRY: 42
DEBUG: src/lcthw/hashmap.c:Hashmap_get_node:205: TRY: 43
DEBUG: src/lcthw/hashmap.c:Hashmap_get_node:205: TRY: 44
DEBUG: src/lcthw/hashmap.c:Hashmap_get_node:205: TRY: 45
DEBUG: src/lcthw/hashmap.c:Hashmap_get_node:205: TRY: 46
DEBUG: src/lcthw/hashmap.c:Hashmap_get_node:205: TRY: 47
DEBUG: src/lcthw/hashmap.c:Hashmap_get_node:205: TRY: 48
DEBUG: src/lcthw/hashmap.c:Hashmap_get_node:205: TRY: 49
DEBUG: src/lcthw/hashmap.c:Hashmap_get_node:205: TRY: 50
DEBUG: src/lcthw/hashmap.c:Hashmap_get_node:205: TRY: 51
DEBUG: src/lcthw/hashmap.c:Hashmap_get_node:205: TRY: 52
DEBUG: src/lcthw/hashmap.c:Hashmap_get_node:205: TRY: 53
DEBUG: src/lcthw/hashmap.c:Hashmap_get_node:205: TRY: 54
DEBUG: src/lcthw/hashmap.c:Hashmap_get_node:205: TRY: 55
DEBUG: src/lcthw/hashmap.c:Hashmap_get_node:205: TRY: 56
DEBUG: src/lcthw/hashmap.c:Hashmap_get_node:205: TRY: 57
DEBUG: src/lcthw/hashmap.c:Hashmap_get_node:205: TRY: 58
DEBUG: src/lcthw/hashmap.c:Hashmap_get_node:205: TRY: 59
DEBUG: src/lcthw/hashmap.c:Hashmap_get_node:205: TRY: 60
DEBUG: src/lcthw/hashmap.c:Hashmap_get_node:205: TRY: 61
DEBUG: src/lcthw/hashmap.c:Hashmap_get_node:205: TRY: 62
DEBUG: src/lcthw/hashmap.c:Hashmap_get_node:205: TRY: 63
DEBUG: src/lcthw/hashmap.c:Hashmap_get_node:205: TRY: 64
DEBUG: src/lcthw/hashmap.c:Hashmap_get_node:205: TRY: 65
DEBUG: src/lcthw/hashmap.c:Hashmap_get_node:205: TRY: 66
DEBUG: src/lcthw/hashmap.c:Hashmap_get_node:205: TRY: 67
DEBUG: src/lcthw/hashmap.c:Hashmap_get_node:205: TRY: 68
DEBUG: src/lcthw/hashmap.c:Hashmap_get_node:205: TRY: 69
DEBUG: src/lcthw/hashmap.c:Hashmap_get_node:205: TRY: 70
DEBUG: src/lcthw/hashmap.c:Hashmap_get_node:205: TRY: 71
DEBUG: src/lcthw/hashmap.c:Hashmap_get_node:205: TRY: 72
DEBUG: src/lcthw/hashmap.c:Hashmap_get_node:205: TRY: 73
DEBUG: src/lcthw/hashmap.c:Hashmap_get_node:205: TRY: 74
DEBUG: src/lcthw/hashmap.c:Hashmap_get_node:205: TRY: 75
DEBUG: src/lcthw/hashmap.c:Hashmap_get_node:205: TRY: 76
DEBUG: src/lcthw/hashmap.c:Hashmap_get_node:205: TRY: 77
DEBUG: src/lcthw/hashmap.c:Hashmap_get_node:205: TRY: 78
DEBUG: src/lcthw/hashmap.c:Hashmap_get_node:205: TRY: 79
DEBUG: src/lcthw/hashmap.c:Hashmap_get_node:205: TRY: 80
DEBUG: src/lcthw/hashmap.c:Hashmap_get_node:205: TRY: 81
DEBUG: src/lcthw/hashmap.c:Hashmap_get_node:205: TRY: 82
DEBUG: src/lcthw/hashmap.c:Hashmap_get_node:205: TRY: 83
DEBUG: src/lcthw/hashmap.c:Hashmap_get_node:205: TRY: 84
DEBUG: src/lcthw/hashmap.c:Hashmap_get_node:205: TRY: 85
DEBUG: src/lcthw/hashmap.c:Hashmap_get_node:205: TRY: 86
DEBUG: src/lcthw/hashmap.c:Hashmap_get_node:205: TRY: 87
DEBUG: src/lcthw/hashmap.c:Hashmap_get_node:205: TRY: 88
DEBUG: src/lcthw/hashmap.c:Hashmap_get_node:205: TRY: 89
DEBUG: src/lcthw/hashmap.c:Hashmap_get_node:205: TRY: 90
DEBUG: src/lcthw/hashmap.c:Hashmap_get_node:205: TRY: 91
DEBUG: src/lcthw/hashmap.c:Hashmap_get_node:205: TRY: 92
DEBUG: src/lcthw/hashmap.c:Hashmap_get_node:205: TRY: 93
DEBUG: src/lcthw/hashmap.c:Hashmap_get_node:205: TRY: 94
DEBUG: src/lcthw/hashmap.c:Hashmap_get_node:205: TRY: 95
DEBUG: src/lcthw/hashmap.c:Hashmap_get_node:205: TRY: 0
DEBUG: src/lcthw/hashmap.c:Hashmap_get_node:205: TRY: 1
DEBUG: src/lcthw/hashmap.c:Hashmap_get_node:205: TRY: 2
DEBUG: src/lcthw/hashmap.c:Hashmap_get_node:205: TRY: 3
DEBUG: src/lcthw/hashmap.c:Hashmap_get_node:205: TRY: 4
DEBUG: src/lcthw/hashmap.c:Hashmap_get_node:205: TRY: 5
DEBUG: src/lcthw/hashmap.c:Hashmap_get_node:205: TRY: 6
DEBUG: src/lcthw/hashmap.c:Hashmap_get_node:205: TRY: 7
DEBUG: src/lcthw/hashmap.c:Hashmap_get_node:205: TRY: 8
DEBUG: src/lcthw/hashmap.c:Hashmap_get_node:205: TRY: 9
DEBUG: src/lcthw/hashmap.c:Hashmap_get_node:205: TRY: 10
DEBUG: src/lcthw/hashmap.c:Hashmap_get_node:205: TRY: 11
DEBUG: src/lcthw/hashmap.c:Hashmap_get_node:205: TRY: 12
DEBUG: src/lcthw/hashmap.c:Hashmap_get_node:205: TRY: 13
DEBUG: src/lcthw/hashmap.c:Hashmap_get_node:205: TRY: 14
DEBUG: src/lcthw/hashmap.c:Hashmap_get_node:205: TRY: 15
DEBUG: src/lcthw/hashmap.c:Hashmap_get_node:205: TRY: 16
DEBUG: src/lcthw/hashmap.c:Hashmap_get_node:205: TRY: 17
DEBUG: src/lcthw/hashmap.c:Hashmap_get_node:205: TRY: 18
DEBUG: src/lcthw/hashmap.c:Hashmap_get_node:205: TRY: 19
DEBUG: src/lcthw/hashmap.c:Hashmap_get_node:205: TRY: 20
DEBUG: src/lcthw/hashmap.c:Hashmap_get_node:205: TRY: 21
DEBUG: src/lcthw/hashmap.c:Hashmap_get_node:205: TRY: 22
DEBUG: src/lcthw/hashmap.c:Hashmap_get_node:205: TRY: 23
DEBUG: src/lcthw/hashmap.c:Hashmap_get_node:205: TRY: 24
DEBUG: src/lcthw/hashmap.c:Hashmap_get_node:205: TRY: 25
DEBUG: src/lcthw/hashmap.c:Hashmap_get_node:205: TRY: 26
DEBUG: src/lcthw/hashmap.c:Hashmap_get_node:205: TRY: 27
DEBUG: src/lcthw/hashmap.c:Hashmap_get_node:205: TRY: 28
DEBUG: src/lcthw/hashmap.c:Hashmap_get_node:205: TRY: 29
DEBUG: src/lcthw/hashmap.c:Hashmap_get_node:205: TRY: 30
DEBUG: src/lcthw/hashmap.c:Hashmap_get_node:205: TRY: 31
DEBUG: src/lcthw/hashmap.c:Hashmap_get_node:205: TRY: 32
DEBUG: src/lcthw/hashmap.c:Hashmap_get_node:205: TRY: 33
DEBUG: src/lcthw/hashmap.c:Hashmap_get_node:205: TRY: 34
DEBUG: src/lcthw/hashmap.c:Hashmap_get_node:205: TRY: 35
DEBUG: src/lcthw/hashmap.c:Hashmap_get_node:205: TRY: 36
DEBUG: src/lcthw/hashmap.c:Hashmap_get_node:205: TRY: 37
DEBUG: src/lcthw/hashmap.c:Hashmap_get_node:205: TRY: 38
DEBUG: src/lcthw/hashmap.c:Hashmap_get_node:205: TRY: 39
DEBUG: src/lcthw/hashmap.c:Hashmap_get_node:205: TRY: 40
DEBUG: src/lcthw/hashmap.c:Hashmap_get_node:205: TRY: 41
DEBUG: src/lcthw/hashmap.c:Hashmap_get_node:205: TRY: 42
DEBUG: src/lcthw/hashmap.c:Hashmap_get_node:205: TRY: 43
DEBUG: src/lcthw/hashmap.c:Hashmap_get_node:205: TRY: 44
DEBUG: src/lcthw/hashmap.c:Hashmap_get_node:205: TRY: 45
DEBUG: src/lcthw/hashmap.c:Hashmap_get_node:205: TRY: 46
DEBUG: src/lcthw/hashmap.c:Hashmap_get_node:205: TRY: 47
DEBUG: src/lcthw/hashmap.c:Hashmap_get_node:205: TRY: 48
DEBUG: src/lcthw/hashmap.c:Hashmap_get_node:205: TRY: 49
DEBUG: src/lcthw/hashmap.c:Hashmap_get_node:205: TRY: 50
DEBUG: src/lcthw/hashmap.c:Hashmap_get_node:205: TRY: 51
DEBUG: src/lcthw/hashmap.c:Hashmap_get_node:205: TRY: 52
DEBUG: src/lcthw/hashmap.c:Hashmap_get_node:205: TRY: 53
DEBUG: src/lcthw/hashmap.c:Hashmap_get_node:205: TRY: 54
DEBUG: src/lcthw/hashmap.c:Hashmap_get_node:205: TRY: 55
DEBUG: src/lcthw/hashmap.c:Hashmap_get_node:205: TRY: 56
DEBUG: src/lcthw/hashmap.c:Hashmap_get_node:205: TRY: 57
DEBUG: src/lcthw/hashmap.c:Hashmap_get_node:205: TRY: 58
DEBUG: src/lcthw/hashmap.c:Hashmap_get_node:205: TRY: 59
DEBUG: src/lcthw/hashmap.c:Hashmap_get_node:205: TRY: 60
DEBUG: src/lcthw/hashmap.c:Hashmap_get_node:205: TRY: 61
DEBUG: src/lcthw/hashmap.c:Hashmap_get_node:205: TRY: 62
DEBUG: src/lcthw/hashmap.c:Hashmap_get_node:205: TRY: 63
DEBUG: src/lcthw/hashmap.c:Hashmap_get_node:205: TRY: 64
DEBUG: src/lcthw/hashmap.c:Hashmap_get_node:205: TRY: 65
DEBUG: src/lcthw/hashmap.c:Hashmap_get_node:205: TRY: 66
DEBUG: src/lcthw/hashmap.c:Hashmap_get_node:205: TRY: 67
DEBUG: src/lcthw/hashmap.c:Hashmap_get_node:205: TRY: 68
DEBUG: src/lcthw/hashmap.c:Hashmap_get_node:205: TRY: 69
DEBUG: src/lcthw/hashmap.c:Hashmap_get_node:205: TRY: 70
DEBUG: src/lcthw/hashmap.c:Hashmap_get_node:205: TRY: 71
DEBUG: src/lcthw/hashmap.c:Hashmap_get_node:205: TRY: 72
DEBUG: src/lcthw/hashmap.c:Hashmap_get_node:205: TRY: 73
DEBUG: src/lcthw/hashmap.c:Hashmap_get_node:205: TRY: 74
DEBUG: src/lcthw/hashmap.c:Hashmap_get_node:205: TRY: 75
DEBUG: src/lcthw/hashmap.c:Hashmap_get_node:205: TRY: 76
DEBUG: src/lcthw/hashmap.c:Hashmap_get_node:205: TRY: 77
DEBUG: src/lcthw/hashmap.c:Hashmap_get_node:205: TRY: 78
DEBUG: src/lcthw/hashmap.c:Hashmap_get_node:205: TRY: 79
DEBUG: src/lcthw/hashmap.c:Hashmap_get_node:205: TRY: 80
DEBUG: src/lcthw/hashmap.c:Hashmap_get_node:205: TRY: 81
DEBUG: src/lcthw/hashmap.c:Hashmap_get_node:205: TRY: 82
DEBUG: src/lcthw/hashmap.c:Hashmap_get_node:205: TRY: 83
DEBUG: src/lcthw/hashmap.c:Hashmap_get_node:205: TRY: 84
DEBUG: src/lcthw/hashmap.c:Hashmap_get_node:205: TRY: 85
DEBUG: src/lcthw/hashmap.c:Hashmap_get_node:205: TRY: 0
DEBUG: src/lcthw/hashmap.c:Hashmap_get_node:205: TRY: 1
DEBUG: src/lcthw/hashmap.c:Hashmap_get_node:205: TRY: 2
DEBUG: src/lcthw/hashmap.c:Hashmap_get_node:205: TRY: 3
DEBUG: src/lcthw/hashmap.c:Hashmap_get_node:205: TRY: 4
DEBUG: src/lcthw/hashmap.c:Hashmap_get_node:205: TRY: 5
DEBUG: src/lcthw/hashmap.c:Hashmap_get_node:205: TRY: 6
DEBUG: src/lcthw/hashmap.c:Hashmap_get_node:205: TRY: 7
DEBUG: src/lcthw/hashmap.c:Hashmap_get_node:205: TRY: 8
DEBUG: src/lcthw/hashmap.c:Hashmap_get_node:205: TRY: 9
DEBUG: src/lcthw/hashmap.c:Hashmap_get_node:205: TRY: 10
DEBUG: src/lcthw/hashmap.c:Hashmap_get_node:205: TRY: 11
DEBUG: src/lcthw/hashmap.c:Hashmap_get_node:205: TRY: 12
DEBUG: src/lcthw/hashmap.c:Hashmap_get_node:205: TRY: 13
DEBUG: src/lcthw/hashmap.c:Hashmap_get_node:205: TRY: 14
DEBUG: src/lcthw/hashmap.c:Hashmap_get_node:205: TRY: 15
DEBUG: src/lcthw/hashmap.c:Hashmap_get_node:205: TRY: 16
DEBUG: src/lcthw/hashmap.c:Hashmap_get_node:205: TRY: 17
DEBUG: src/lcthw/hashmap.c:Hashmap_get_node:205: TRY: 18
DEBUG: src/lcthw/hashmap.c:Hashmap_get_node:205: TRY: 19
DEBUG: src/lcthw/hashmap.c:Hashmap_get_node:205: TRY: 20
DEBUG: src/lcthw/hashmap.c:Hashmap_get_node:205: TRY: 21
DEBUG: src/lcthw/hashmap.c:Hashmap_get_node:205: TRY: 22
DEBUG: src/lcthw/hashmap.c:Hashmap_get_node:205: TRY: 23
DEBUG: src/lcthw/hashmap.c:Hashmap_get_node:205: TRY: 24
DEBUG: src/lcthw/hashmap.c:Hashmap_get_node:205: TRY: 25
DEBUG: src/lcthw/hashmap.c:Hashmap_get_node:205: TRY: 26
DEBUG: src/lcthw/hashmap.c:Hashmap_get_node:205: TRY: 27
DEBUG: src/lcthw/hashmap.c:Hashmap_get_node:205: TRY: 28
DEBUG: src/lcthw/hashmap.c:Hashmap_get_node:205: TRY: 29
DEBUG: src/lcthw/hashmap.c:Hashmap_get_node:205: TRY: 30
DEBUG: src/lcthw/hashmap.c:Hashmap_get_node:205: TRY: 31
DEBUG: src/lcthw/hashmap.c:Hashmap_get_node:205: TRY: 32
DEBUG: src/lcthw/hashmap.c:Hashmap_get_node:205: TRY: 33
DEBUG: src/lcthw/hashmap.c:Hashmap_get_node:205: TRY: 34
DEBUG: src/lcthw/hashmap.c:Hashmap_get_node:205: TRY: 35
DEBUG: src/lcthw/hashmap.c:Hashmap_get_node:205: TRY: 36
DEBUG: src/lcthw/hashmap.c:Hashmap_get_node:205: TRY: 37
DEBUG: src/lcthw/hashmap.c:Hashmap_get_node:205: TRY: 38
DEBUG: src/lcthw/hashmap.c:Hashmap_get_node:205: TRY: 39
DEBUG: src/lcthw/hashmap.c:Hashmap_get_node:205: TRY: 40
DEBUG: src/lcthw/hashmap.c:Hashmap_get_node:205: TRY: 41
DEBUG: src/lcthw/hashmap.c:Hashmap_get_node:205: TRY: 42
DEBUG: src/lcthw/hashmap.c:Hashmap_get_node:205: TRY: 43
DEBUG: src/lcthw/hashmap.c:Hashmap_get_node:205: TRY: 44
DEBUG: src/lcthw/hashmap.c:Hashmap_get_node:205: TRY: 45
DEBUG: src/lcthw/hashmap.c:Hashmap_get_node:205: TRY: 46
DEBUG: src/lcthw/hashmap.c:Hashmap_get_node:205: TRY: 47
DEBUG: src/lcthw/hashmap.c:Hashmap_get_node:205: TRY: 48
DEBUG: src/lcthw/hashmap.c:Hashmap_get_node:205: TRY: 49
DEBUG: src/lcthw/hashmap.c:Hashmap_get_node:205: TRY: 50
DEBUG: src/lcthw/hashmap.c:Hashmap_get_node:205: TRY: 51
DEBUG: src/lcthw/hashmap.c:Hashmap_get_node:205: TRY: 52
DEBUG: src/lcthw/hashmap.c:Hashmap_get_node:205: TRY: 53
DEBUG: src/lcthw/hashmap.c:Hashmap_get_node:205: TRY: 54
DEBUG: src/lcthw/hashmap.c:Hashmap_get_node:205: TRY: 55
DEBUG: src/lcthw/hashmap.c:Hashmap_get_node:205: TRY: 56
DEBUG: src/lcthw/hashmap.c:Hashmap_get_node:205: TRY: 57
DEBUG: src/lcthw/hashmap.c:Hashmap_get_node:205: TRY: 58
DEBUG: src/lcthw/hashmap.c:Hashmap_get_node:205: TRY: 59
DEBUG: src/lcthw/hashmap.c:Hashmap_get_node:205: TRY: 60
DEBUG: src/lcthw/hashmap.c:Hashmap_get_node:205: TRY: 61
DEBUG: src/lcthw/hashmap.c:Hashmap_get_node:205: TRY: 62
DEBUG: src/lcthw/hashmap.c:Hashmap_get_node:205: TRY: 63
DEBUG: src/lcthw/hashmap.c:Hashmap_get_node:205: TRY: 64
DEBUG: src/lcthw/hashmap.c:Hashmap_get_node:205: TRY: 65
DEBUG: src/lcthw/hashmap.c:Hashmap_get_node:205: TRY: 66
DEBUG: src/lcthw/hashmap.c:Hashmap_get_node:205: TRY: 67
DEBUG: src/lcthw/hashmap.c:Hashmap_get_node:205: TRY: 68
DEBUG: src/lcthw/hashmap.c:Hashmap_get_node:205: TRY: 69
DEBUG: src/lcthw/hashmap.c:Hashmap_get_node:205: TRY: 70
DEBUG: src/lcthw/hashmap.c:Hashmap_get_node:205: TRY: 71
DEBUG: src/lcthw/hashmap.c:Hashmap_get_node:205: TRY: 72
DEBUG: src/lcthw/hashmap.c:Hashmap_get_node:205: TRY: 73
DEBUG: src/lcthw/hashmap.c:Hashmap_get_node:205: TRY: 74
DEBUG: src/lcthw/hashmap.c:Hashmap_get_node:205: TRY: 75
DEBUG: src/lcthw/hashmap.c:Hashmap_get_node:205: TRY: 76
DEBUG: src/lcthw/hashmap.c:Hashmap_get_node:205: TRY: 77
DEBUG: src/lcthw/hashmap.c:Hashmap_get_node:205: TRY: 78
DEBUG: src/lcthw/hashmap.c:Hashmap_get_node:205: TRY: 79
DEBUG: src/lcthw/hashmap.c:Hashmap_get_node:205: TRY: 80
DEBUG: src/lcthw/hashmap.c:Hashmap_get_node:205: TRY: 81
DEBUG: src/lcthw/hashmap.c:Hashmap_get_node:205: TRY: 82
DEBUG: src/lcthw/hashmap.c:Hashmap_get_node:205: TRY: 83
DEBUG: src/lcthw/hashmap.c:Hashmap_get_node:205: TRY: 84
DEBUG: src/lcthw/hashmap.c:Hashmap_get_node:205: TRY: 85
DEBUG: src/lcthw/hashmap.c:Hashmap_get_node:205: TRY: 86
DEBUG: src/lcthw/hashmap.c:Hashmap_get_node:205: TRY: 87
DEBUG: src/lcthw/hashmap.c:Hashmap_get_node:205: TRY: 88
DEBUG: src/lcthw/hashmap.c:Hashmap_get_node:205: TRY: 89
DEBUG: src/lcthw/hashmap.c:Hashmap_get_node:205: TRY: 90
DEBUG: src/lcthw/hashmap.c:Hashmap_get_node:205: TRY: 91
DEBUG: src/lcthw/hashmap.c:Hashmap_get_node:205: TRY: 92
DEBUG: src/lcthw/hashmap.c:Hashmap_get_node:205: TRY: 93
DEBUG: src/lcthw/hashmap.c:Hashmap_get_node:205: TRY: 94
DEBUG: src/lcthw/hashmap.c:Hashmap_get_node:205: TRY: 95
DEBUG: src/lcthw/hashmap.c:Hashmap_get_node:205: TRY: 96
DEBUG: src/lcthw/hashmap.c:Hashmap_get_node:205: TRY: 97
DEBUG: src/lcthw/hashmap.c:Hashmap_get_node:205: TRY: 98
DEBUG: src/lcthw/hashmap.c:Hashmap_get_node:205: TRY: 99
DEBUG: src/lcthw/hashmap.c:Hashmap_get_node:205: TRY: 0
DEBUG: src/lcthw/hashmap.c:Hashmap_get_node:205: TRY: 1
DEBUG: src/lcthw/hashmap.c:Hashmap_get_node:205: TRY: 2
DEBUG: src/lcthw/hashmap.c:Hashmap_get_node:205: TRY: 3
DEBUG: src/lcthw/hashmap.c:Hashmap_get_node:205: TRY: 4
DEBUG: src/lcthw/hashmap.c:Hashmap_get_node:205: TRY: 5
DEBUG: src/lcthw/hashmap.c:Hashmap_get_node:205: TRY: 6
DEBUG: src/lcthw/hashmap.c:Hashmap_get_node:205: TRY: 7
DEBUG: src/lcthw/hashmap.c:Hashmap_get_node:205: TRY: 8
DEBUG: src/lcthw/hashmap.c:Hashmap_get_node:205: TRY: 9
DEBUG: src/lcthw/hashmap.c:Hashmap_get_node:205: TRY: 10
DEBUG: src/lcthw/hashmap.c:Hashmap_get_node:205: TRY: 11
DEBUG: src/lcthw/hashmap.c:Hashmap_get_node:205: TRY: 12
DEBUG: src/lcthw/hashmap.c:Hashmap_get_node:205: TRY: 13
DEBUG: src/lcthw/hashmap.c:Hashmap_get_node:205: TRY: 14
DEBUG: src/lcthw/hashmap.c:Hashmap_get_node:205: TRY: 15
DEBUG: src/lcthw/hashmap.c:Hashmap_get_node:205: TRY: 16
DEBUG: src/lcthw/hashmap.c:Hashmap_get_node:205: TRY: 17
DEBUG: src/lcthw/hashmap.c:Hashmap_get_node:205: TRY: 18
DEBUG: src/lcthw/hashmap.c:Hashmap_get_node:205: TRY: 19
DEBUG: src/lcthw/hashmap.c:Hashmap_get_node:205: TRY: 20
DEBUG: src/lcthw/hashmap.c:Hashmap_get_node:205: TRY: 21
DEBUG: src/lcthw/hashmap.c:Hashmap_get_node:205: TRY: 22
DEBUG: src/lcthw/hashmap.c:Hashmap_get_node:205: TRY: 23
DEBUG: src/lcthw/hashmap.c:Hashmap_get_node:205: TRY: 24
DEBUG: src/lcthw/hashmap.c:Hashmap_get_node:205: TRY: 25
DEBUG: src/lcthw/hashmap.c:Hashmap_get_node:205: TRY: 26
DEBUG: src/lcthw/hashmap.c:Hashmap_get_node:205: TRY: 27
DEBUG: src/lcthw/hashmap.c:Hashmap_get_node:205: TRY: 28
DEBUG: src/lcthw/hashmap.c:Hashmap_get_node:205: TRY: 29
DEBUG: src/lcthw/hashmap.c:Hashmap_get_node:205: TRY: 30
DEBUG: src/lcthw/hashmap.c:Hashmap_get_node:205: TRY: 31
DEBUG: src/lcthw/hashmap.c:Hashmap_get_node:205: TRY: 32
DEBUG: src/lcthw/hashmap.c:Hashmap_get_node:205: TRY: 33
DEBUG: src/lcthw/hashmap.c:Hashmap_get_node:205: TRY: 34
DEBUG: src/lcthw/hashmap.c:Hashmap_get_node:205: TRY: 35
DEBUG: src/lcthw/hashmap.c:Hashmap_get_node:205: TRY: 36
DEBUG: src/lcthw/hashmap.c:Hashmap_get_node:205: TRY: 37
DEBUG: src/lcthw/hashmap.c:Hashmap_get_node:205: TRY: 38
DEBUG: src/lcthw/hashmap.c:Hashmap_get_node:205: TRY: 39
DEBUG: src/lcthw/hashmap.c:Hashmap_get_node:205: TRY: 40
DEBUG: src/lcthw/hashmap.c:Hashmap_get_node:205: TRY: 41
DEBUG: src/lcthw/hashmap.c:Hashmap_get_node:205: TRY: 42
DEBUG: src/lcthw/hashmap.c:Hashmap_get_node:205: TRY: 43
DEBUG: src/lcthw/hashmap.c:Hashmap_get_node:205: TRY: 44
DEBUG: src/lcthw/hashmap.c:Hashmap_get_node:205: TRY: 45
DEBUG: src/lcthw/hashmap.c:Hashmap_get_node:205: TRY: 46
DEBUG: src/lcthw/hashmap.c:Hashmap_get_node:205: TRY: 47
DEBUG: src/lcthw/hashmap.c:Hashmap_get_node:205: TRY: 48
DEBUG: src/lcthw/hashmap.c:Hashmap_get_node:205: TRY: 49
DEBUG: src/lcthw/hashmap.c:Hashmap_get_node:205: TRY: 50
DEBUG: src/lcthw/hashmap.c:Hashmap_get_node:205: TRY: 51
DEBUG: src/lcthw/hashmap.c:Hashmap_get_node:205: TRY: 52
DEBUG: src/lcthw/hashmap.c:Hashmap_get_node:205: TRY: 53
DEBUG: src/lcthw/hashmap.c:Hashmap_get_node:205: TRY: 54
DEBUG: src/lcthw/hashmap.c:Hashmap_get_node:205: TRY: 55
DEBUG: src/lcthw/hashmap.c:Hashmap_get_node:205: TRY: 56
DEBUG: src/lcthw/hashmap.c:Hashmap_get_node:205: TRY: 57
DEBUG: src/lcthw/hashmap.c:Hashmap_get_node:205: TRY: 58
DEBUG: src/lcthw/hashmap.c:Hashmap_get_node:205: TRY: 59
DEBUG: src/lcthw/hashmap.c:Hashmap_get_node:205: TRY: 60
DEBUG: src/lcthw/hashmap.c:Hashmap_get_node:205: TRY: 61
DEBUG: src/lcthw/hashmap.c:Hashmap_get_node:205: TRY: 62
DEBUG: src/lcthw/hashmap.c:Hashmap_get_node:205: TRY: 63
DEBUG: src/lcthw/hashmap.c:Hashmap_get_node:205: TRY: 64
DEBUG: src/lcthw/hashmap.c:Hashmap_get_node:205: TRY: 65
DEBUG: src/lcthw/hashmap.c:Hashmap_get_node:205: TRY: 66
DEBUG: src/lcthw/hashmap.c:Hashmap_get_node:205: TRY: 67
DEBUG: src/lcthw/hashmap.c:Hashmap_get_node:205: TRY: 68
DEBUG: src/lcthw/hashmap.c:Hashmap_get_node:205: TRY: 69
DEBUG: src/lcthw/hashmap.c:Hashmap_get_node:205: TRY: 70
DEBUG: src/lcthw/hashmap.c:Hashmap_get_node:205: TRY: 71
DEBUG: src/lcthw/hashmap.c:Hashmap_get_node:205: TRY: 72
DEBUG: src/lcthw/hashmap.c:Hashmap_get_node:205: TRY: 73
DEBUG: src/lcthw/hashmap.c:Hashmap_get_node:205: TRY: 74
DEBUG: src/lcthw/hashmap.c:Hashmap_get_node:205: TRY: 75
DEBUG: src/lcthw/hashmap.c:Hashmap_get_node:205: TRY: 76
DEBUG: src/lcthw/hashmap.c:Hashmap_get_node:205: TRY: 77
DEBUG: src/lcthw/hashmap.c:Hashmap_get_node:205: TRY: 78
DEBUG: src/lcthw/hashmap.c:Hashmap_get_node:205: TRY: 79
DEBUG: src/lcthw/hashmap.c:Hashmap_get_node:205: TRY: 80
DEBUG: src/lcthw/hashmap.c:Hashmap_get_node:205: TRY: 81
DEBUG: src/lcthw/hashmap.c:Hashmap_get_node:205: TRY: 82
DEBUG: src/lcthw/hashmap.c:Hashmap_get_node:205: TRY: 83
DEBUG: src/lcthw/hashmap.c:Hashmap_get_node:205: TRY: 84
DEBUG: src/lcthw/hashmap.c:Hashmap_get_node:205: TRY: 85
DEBUG: src/lcthw/hashmap.c:Hashmap_get_node:205: TRY: 86
DEBUG: src/lcthw/hashmap.c:Hashmap_get_node:205: TRY: 87
DEBUG: src/lcthw/hashmap.c:Hashmap_get_node:205: TRY: 0
DEBUG: src/lcthw/hashmap.c:Hashmap_get_node:205: TRY: 1
DEBUG: src/lcthw/hashmap.c:Hashmap_get_node:205: TRY: 2
DEBUG: src/lcthw/hashmap.c:Hashmap_get_node:205: TRY: 3
DEBUG: src/lcthw/hashmap.c:Hashmap_get_node:205: TRY: 4
DEBUG: src/lcthw/hashmap.c:Hashmap_get_node:205: TRY: 5
DEBUG: src/lcthw/hashmap.c:Hashmap_get_node:205: TRY: 6
DEBUG: src/lcthw/hashmap.c:Hashmap_get_node:205: TRY: 7
DEBUG: src/lcthw/hashmap.c:Hashmap_get_node:205: TRY: 8
DEBUG: src/lcthw/hashmap.c:Hashmap_get_node:205: TRY: 9
DEBUG: src/lcthw/hashmap.c:Hashmap_get_node:205: TRY: 10
DEBUG: src/lcthw/hashmap.c:Hashmap_get_node:205: TRY: 11
DEBUG: src/lcthw/hashmap.c:Hashmap_get_node:205: TRY: 12
DEBUG: src/lcthw/hashmap.c:Hashmap_get_node:205: TRY: 13
DEBUG: src/lcthw/hashmap.c:Hashmap_get_node:205: TRY: 14
DEBUG: src/lcthw/hashmap.c:Hashmap_get_node:205: TRY: 15
DEBUG: src/lcthw/hashmap.c:Hashmap_get_node:205: TRY: 16
DEBUG: src/lcthw/hashmap.c:Hashmap_get_node:205: TRY: 17
DEBUG: src/lcthw/hashmap.c:Hashmap_get_node:205: TRY: 18
DEBUG: src/lcthw/hashmap.c:Hashmap_get_node:205: TRY: 19
DEBUG: src/lcthw/hashmap.c:Hashmap_get_node:205: TRY: 20
DEBUG: src/lcthw/hashmap.c:Hashmap_get_node:205: TRY: 21
DEBUG: src/lcthw/hashmap.c:Hashmap_get_node:205: TRY: 22
DEBUG: src/lcthw/hashmap.c:Hashmap_get_node:205: TRY: 23
DEBUG: src/lcthw/hashmap.c:Hashmap_get_node:205: TRY: 24
DEBUG: src/lcthw/hashmap.c:Hashmap_get_node:205: TRY: 25
DEBUG: src/lcthw/hashmap.c:Hashmap_get_node:205: TRY: 26
DEBUG: src/lcthw/hashmap.c:Hashmap_get_node:205: TRY: 27
DEBUG: src/lcthw/hashmap.c:Hashmap_get_node:205: TRY: 28
DEBUG: src/lcthw/hashmap.c:Hashmap_get_node:205: TRY: 29
DEBUG: src/lcthw/hashmap.c:Hashmap_get_node:205: TRY: 30
DEBUG: src/lcthw/hashmap.c:Hashmap_get_node:205: TRY: 31
DEBUG: src/lcthw/hashmap.c:Hashmap_get_node:205: TRY: 32
DEBUG: src/lcthw/hashmap.c:Hashmap_get_node:205: TRY: 33
DEBUG: src/lcthw/hashmap.c:Hashmap_get_node:205: TRY: 34
DEBUG: src/lcthw/hashmap.c:Hashmap_get_node:205: TRY: 35
DEBUG: src/lcthw/hashmap.c:Hashmap_get_node:205: TRY: 36
DEBUG: src/lcthw/hashmap.c:Hashmap_get_node:205: TRY: 37
DEBUG: src/lcthw/hashmap.c:Hashmap_get_node:205: TRY: 38
DEBUG: src/lcthw/hashmap.c:Hashmap_get_node:205: TRY: 39
DEBUG: src/lcthw/hashmap.c:Hashmap_get_node:205: TRY: 40
DEBUG: src/lcthw/hashmap.c:Hashmap_get_node:205: TRY: 41
DEBUG: src/lcthw/hashmap.c:Hashmap_get_node:205: TRY: 42
DEBUG: src/lcthw/hashmap.c:Hashmap_get_node:205: TRY: 43
DEBUG: src/lcthw/hashmap.c:Hashmap_get_node:205: TRY: 44
DEBUG: src/lcthw/hashmap.c:Hashmap_get_node:205: TRY: 45
DEBUG: src/lcthw/hashmap.c:Hashmap_get_node:205: TRY: 46
DEBUG: src/lcthw/hashmap.c:Hashmap_get_node:205: TRY: 47
DEBUG: src/lcthw/hashmap.c:Hashmap_get_node:205: TRY: 48
DEBUG: src/lcthw/hashmap.c:Hashmap_get_node:205: TRY: 49
DEBUG: src/lcthw/hashmap.c:Hashmap_get_node:205: TRY: 50
DEBUG: src/lcthw/hashmap.c:Hashmap_get_node:205: TRY: 51
DEBUG: src/lcthw/hashmap.c:Hashmap_get_node:205: TRY: 52
DEBUG: src/lcthw/hashmap.c:Hashmap_get_node:205: TRY: 53
DEBUG: src/lcthw/hashmap.c:Hashmap_get_node:205: TRY: 54
DEBUG: src/lcthw/hashmap.c:Hashmap_get_node:205: TRY: 55
DEBUG: src/lcthw/hashmap.c:Hashmap_get_node:205: TRY: 56
DEBUG: src/lcthw/hashmap.c:Hashmap_get_node:205: TRY: 57
DEBUG: src/lcthw/hashmap.c:Hashmap_get_node:205: TRY: 58
DEBUG: src/lcthw/hashmap.c:Hashmap_get_node:205: TRY: 59
DEBUG: src/lcthw/hashmap.c:Hashmap_get_node:205: TRY: 60
DEBUG: src/lcthw/hashmap.c:Hashmap_get_node:205: TRY: 61
DEBUG: src/lcthw/hashmap.c:Hashmap_get_node:205: TRY: 62
DEBUG: src/lcthw/hashmap.c:Hashmap_get_node:205: TRY: 63
DEBUG: src/lcthw/hashmap.c:Hashmap_get_node:205: TRY: 64
DEBUG: src/lcthw/hashmap.c:Hashmap_get_node:205: TRY: 65
DEBUG: src/lcthw/hashmap.c:Hashmap_get_node:205: TRY: 66
DEBUG: src/lcthw/hashmap.c:Hashmap_get_node:205: TRY: 67
DEBUG: src/lcthw/hashmap.c:Hashmap_get_node:205: TRY: 68
DEBUG: src/lcthw/hashmap.c:Hashmap_get_node:205: TRY: 69
DEBUG: src/lcthw/hashmap.c:Hashmap_get_node:205: TRY: 70
DEBUG: src/lcthw/hashmap.c:Hashmap_get_node:205: TRY: 71
DEBUG: src/lcthw/hashmap.c:Hashmap_get_node:205: TRY: 72
DEBUG: src/lcthw/hashmap.c:Hashmap_get_node:205: TRY: 73
DEBUG: src/lcthw/hashmap.c:Hashmap_get_node:205: TRY: 74
DEBUG: src/lcthw/hashmap.c:Hashmap_get_node:205: TRY: 75
DEBUG: src/lcthw/hashmap.c:Hashmap_get_node:205: TRY: 76
DEBUG: src/lcthw/hashmap.c:Hashmap_get_node:205: TRY: 77
DEBUG: src/lcthw/hashmap.c:Hashmap_get_node:205: TRY: 78
DEBUG: src/lcthw/hashmap.c:Hashmap_get_node:205: TRY: 79
DEBUG: src/lcthw/hashmap.c:Hashmap_get_node:205: TRY: 80
DEBUG: src/lcthw/hashmap.c:Hashmap_get_node:205: TRY: 81
DEBUG: src/lcthw/hashmap.c:Hashmap_get_node:205: TRY: 82
DEBUG: src/lcthw/hashmap.c:Hashmap_get_node:205: TRY: 83
DEBUG: src/lcthw/hashmap.c:Hashmap_get_node:205: TRY: 84
DEBUG: src/lcthw/hashmap.c:Hashmap_get_node:205: TRY: 85
DEBUG: src/lcthw/hashmap.c:Hashmap_get_node:205: TRY: 86
DEBUG: src/lcthw/hashmap.c:Hashmap_get_node:205: TRY: 87
DEBUG: src/lcthw/hashmap.c:Hashmap_get_node:205: TRY: 88
DEBUG: src/lcthw/hashmap.c:Hashmap_get_node:205: TRY: 89
DEBUG: src/lcthw/hashmap.c:Hashmap_get_node:205: TRY: 90
DEBUG: src/lcthw/hashmap.c:Hashmap_get_node:205: TRY: 91
DEBUG: src/lcthw/hashmap.c:Hashmap_get_node:205: TRY: 92
DEBUG: src/lcthw/hashmap.c:Hashmap_get_node:205: TRY: 93
DEBUG: src/lcthw/hashmap.c:Hashmap_get_node:205: TRY: 94
DEBUG: src/lcthw/hashmap.c:Hashmap_get_node:205: TRY: 95
DEBUG: src/lcthw/hashmap.c:Hashmap_get_node:205: TRY: 96
DEBUG: src/lcthw/hashmap.c:Hashmap_get_node:205: TRY: 0
DEBUG: src/lcthw/hashmap.c:Hashmap_get_node:205: TRY: 1
DEBUG: src/lcthw/hashmap.c:Hashmap_get_node:205: TRY: 2
DEBUG: src/lcthw/hashmap.c:Hashmap_get_node:205: TRY: 3
DEBUG: src/lcthw/hashmap.c:Hashmap_get_node:205: TRY: 4
DEBUG: src/lcthw/hashmap.c:Hashmap_get_node:205: TRY: 5
DEBUG: src/lcthw/hashmap.c:Hashmap_get_node:205: TRY: 6
DEBUG: src/lcthw/hashmap.c:Hashmap_get_node:205: TRY: 7
DEBUG: src/lcthw/hashmap.c:Hashmap_get_node:205: TRY: 8
DEBUG: src/lcthw/hashmap.c:Hashmap_get_node:205: TRY: 9
DEBUG: src/lcthw/hashmap.c:Hashmap_get_node:205: TRY: 10
DEBUG: src/lcthw/hashmap.c:Hashmap_get_node:205: TRY: 11
DEBUG: src/lcthw/hashmap.c:Hashmap_get_node:205: TRY: 12
DEBUG: src/lcthw/hashmap.c:Hashmap_get_node:205: TRY: 13
DEBUG: src/lcthw/hashmap.c:Hashmap_get_node:205: TRY: 14
DEBUG: src/lcthw/hashmap.c:Hashmap_get_node:205: TRY: 15
DEBUG: src/lcthw/hashmap.c:Hashmap_get_node:205: TRY: 16
DEBUG: src/lcthw/hashmap.c:Hashmap_get_node:205: TRY: 17
DEBUG: src/lcthw/hashmap.c:Hashmap_get_node:205: TRY: 18
DEBUG: src/lcthw/hashmap.c:Hashmap_get_node:205: TRY: 19
DEBUG: src/lcthw/hashmap.c:Hashmap_get_node:205: TRY: 20
DEBUG: src/lcthw/hashmap.c:Hashmap_get_node:205: TRY: 21
DEBUG: src/lcthw/hashmap.c:Hashmap_get_node:205: TRY: 22
DEBUG: src/lcthw/hashmap.c:Hashmap_get_node:205: TRY: 23
DEBUG: src/lcthw/hashmap.c:Hashmap_get_node:205: TRY: 24
DEBUG: src/lcthw/hashmap.c:Hashmap_get_node:205: TRY: 25
DEBUG: src/lcthw/hashmap.c:Hashmap_get_node:205: TRY: 26
DEBUG: src/lcthw/hashmap.c:Hashmap_get_node:205: TRY: 27
DEBUG: src/lcthw/hashmap.c:Hashmap_get_node:205: TRY: 28
DEBUG: src/lcthw/hashmap.c:Hashmap_get_node:205: TRY: 29
DEBUG: src/lcthw/hashmap.c:Hashmap_get_node:205: TRY: 30
DEBUG: src/lcthw/hashmap.c:Hashmap_get_node:205: TRY: 31
DEBUG: src/lcthw/hashmap.c:Hashmap_get_node:205: TRY: 32
DEBUG: src/lcthw/hashmap.c:Hashmap_get_node:205: TRY: 33
DEBUG: src/lcthw/hashmap.c:Hashmap_get_node:205: TRY: 34
DEBUG: src/lcthw/hashmap.c:Hashmap_get_node:205: TRY: 35
DEBUG: src/lcthw/hashmap.c:Hashmap_get_node:205: TRY: 36
DEBUG: src/lcthw/hashmap.c:Hashmap_get_node:205: TRY: 37
DEBUG: src/lcthw/hashmap.c:Hashmap_get_node:205: TRY: 38
DEBUG: src/lcthw/hashmap.c:Hashmap_get_node:205: TRY: 39
DEBUG: src/lcthw/hashmap.c:Hashmap_get_node:205: TRY: 40
DEBUG: src/lcthw/hashmap.c:Hashmap_get_node:205: TRY: 41
DEBUG: src/lcthw/hashmap.c:Hashmap_get_node:205: TRY: 42
DEBUG: src/lcthw/hashmap.c:Hashmap_get_node:205: TRY: 43
DEBUG: src/lcthw/hashmap.c:Hashmap_get_node:205: TRY: 44
DEBUG: src/lcthw/hashmap.c:Hashmap_get_node:205: TRY: 45
DEBUG: src/lcthw/hashmap.c:Hashmap_get_node:205: TRY: 46
DEBUG: src/lcthw/hashmap.c:Hashmap_get_node:205: TRY: 47
DEBUG: src/lcthw/hashmap.c:Hashmap_get_node:205: TRY: 48
DEBUG: src/lcthw/hashmap.c:Hashmap_get_node:205: TRY: 49
DEBUG: src/lcthw/hashmap.c:Hashmap_get_node:205: TRY: 50
DEBUG: src/lcthw/hashmap.c:Hashmap_get_node:205: TRY: 51
DEBUG: src/lcthw/hashmap.c:Hashmap_get_node:205: TRY: 52
DEBUG: src/lcthw/hashmap.c:Hashmap_get_node:205: TRY: 53
DEBUG: src/lcthw/hashmap.c:Hashmap_get_node:205: TRY: 54
DEBUG: src/lcthw/hashmap.c:Hashmap_get_node:205: TRY: 55
DEBUG: src/lcthw/hashmap.c:Hashmap_get_node:205: TRY: 56
DEBUG: src/lcthw/hashmap.c:Hashmap_get_node:205: TRY: 57
DEBUG: src/lcthw/hashmap.c:Hashmap_get_node:205: TRY: 58
DEBUG: src/lcthw/hashmap.c:Hashmap_get_node:205: TRY: 59
DEBUG: src/lcthw/hashmap.c:Hashmap_get_node:205: TRY: 60
DEBUG: src/lcthw/hashmap.c:Hashmap_get_node:205: TRY: 61
DEBUG: src/lcthw/hashmap.c:Hashmap_get_node:205: TRY: 62
DEBUG: src/lcthw/hashmap.c:Hashmap_get_node:205: TRY: 63
DEBUG: src/lcthw/hashmap.c:Hashmap_get_node:205: TRY: 64
DEBUG: src/lcthw/hashmap.c:Hashmap_get_node:205: TRY: 65
DEBUG: src/lcthw/hashmap.c:Hashmap_get_node:205: TRY: 66
DEBUG: src/lcthw/hashmap.c:Hashmap_get_node:205: TRY: 67
DEBUG: src/lcthw/hashmap.c:Hashmap_get_node:205: TRY: 68
DEBUG: src/lcthw/hashmap.c:Hashmap_get_node:205: TRY: 69
DEBUG: src/lcthw/hashmap.c:Hashmap_get_node:205: TRY: 70
DEBUG: src/lcthw/hashmap.c:Hashmap_get_node:205: TRY: 71
DEBUG: src/lcthw/hashmap.c:Hashmap_get_node:205: TRY: 72
DEBUG: src/lcthw/hashmap.c:Hashmap_get_node:205: TRY: 73
DEBUG: src/lcthw/hashmap.c:Hashmap_get_node:205: TRY: 74
DEBUG: src/lcthw/hashmap.c:Hashmap_get_node:205: TRY: 75
DEBUG: src/lcthw/hashmap.c:Hashmap_get_node:205: TRY: 76
DEBUG: src/lcthw/hashmap.c:Hashmap_get_node:205: TRY: 77
DEBUG: src/lcthw/hashmap.c:Hashmap_get_node:205: TRY: 78
DEBUG: src/lcthw/hashmap.c:Hashmap_get_node:205: TRY: 79
DEBUG: src/lcthw/hashmap.c:Hashmap_get_node:205: TRY: 80
DEBUG: src/lcthw/hashmap.c:Hashmap_get_node:205: TRY: 81
DEBUG: src/lcthw/hashmap.c:Hashmap_get_node:205: TRY: 82
DEBUG: src/lcthw/hashmap.c:Hashmap_get_node:205: TRY: 83
DEBUG: src/lcthw/hashmap.c:Hashmap_get_node:205: TRY: 84
DEBUG: src/lcthw/hashmap.c:Hashmap_get_node:205: TRY: 85
DEBUG: src/lcthw/hashmap.c:Hashmap_get_node:205: TRY: 86
DEBUG: src/lcthw/hashmap.c:Hashmap_get_node:205: TRY: 87
DEBUG: src/lcthw/hashmap.c:Hashmap_get_node:205: TRY: 88
DEBUG: src/lcthw/hashmap.c:Hashmap_get_node:205: TRY: 89
DEBUG: src/lcthw/hashmap.c:Hashmap_get_node:205: TRY: 90
DEBUG: src/lcthw/hashmap.c:Hashmap_get_node:205: TRY: 91
DEBUG: src/lcthw/hashmap.c:Hashmap_get_node:205: TRY: 92
DEBUG: src/lcthw/hashmap.c:Hashmap_get_node:205: TRY: 93
DEBUG: src/lcthw/hashmap.c:Hashmap_get_node:205: TRY: 0
DEBUG: src/lcthw/hashmap.c:Hashmap_get_node:205: TRY: 1
DEBUG: src/lcthw/hashmap.c:Hashmap_get_node:205: TRY: 2
DEBUG: src/lcthw/hashmap.c:Hashmap_get_node:205: TRY: 3
DEBUG: src/lcthw/hashmap.c:Hashmap_get_node:205: TRY: 4
DEBUG: src/lcthw/hashmap.c:Hashmap_get_node:205: TRY: 5
DEBUG: src/lcthw/hashmap.c:Hashmap_get_node:205: TRY: 6
DEBUG: src/lcthw/hashmap.c:Hashmap_get_node:205: TRY: 7
DEBUG: src/lcthw/hashmap.c:Hashmap_get_node:205: TRY: 8
DEBUG: src/lcthw/hashmap.c:Hashmap_get_node:205: TRY: 9
DEBUG: src/lcthw/hashmap.c:Hashmap_get_node:205: TRY: 10
DEBUG: src/lcthw/hashmap.c:Hashmap_get_node:205: TRY: 11
DEBUG: src/lcthw/hashmap.c:Hashmap_get_node:205: TRY: 12
DEBUG: src/lcthw/hashmap.c:Hashmap_get_node:205: TRY: 13
DEBUG: src/lcthw/hashmap.c:Hashmap_get_node:205: TRY: 14
DEBUG: src/lcthw/hashmap.c:Hashmap_get_node:205: TRY: 15
DEBUG: src/lcthw/hashmap.c:Hashmap_get_node:205: TRY: 16
DEBUG: src/lcthw/hashmap.c:Hashmap_get_node:205: TRY: 17
DEBUG: src/lcthw/hashmap.c:Hashmap_get_node:205: TRY: 18
DEBUG: src/lcthw/hashmap.c:Hashmap_get_node:205: TRY: 19
DEBUG: src/lcthw/hashmap.c:Hashmap_get_node:205: TRY: 20
DEBUG: src/lcthw/hashmap.c:Hashmap_get_node:205: TRY: 21
DEBUG: src/lcthw/hashmap.c:Hashmap_get_node:205: TRY: 22
DEBUG: src/lcthw/hashmap.c:Hashmap_get_node:205: TRY: 23
DEBUG: src/lcthw/hashmap.c:Hashmap_get_node:205: TRY: 24
DEBUG: src/lcthw/hashmap.c:Hashmap_get_node:205: TRY: 25
DEBUG: src/lcthw/hashmap.c:Hashmap_get_node:205: TRY: 26
DEBUG: src/lcthw/hashmap.c:Hashmap_get_node:205: TRY: 27
DEBUG: src/lcthw/hashmap.c:Hashmap_get_node:205: TRY: 28
DEBUG: src/lcthw/hashmap.c:Hashmap_get_node:205: TRY: 29
DEBUG: src/lcthw/hashmap.c:Hashmap_get_node:205: TRY: 30
DEBUG: src/lcthw/hashmap.c:Hashmap_get_node:205: TRY: 31
DEBUG: src/lcthw/hashmap.c:Hashmap_get_node:205: TRY: 32
DEBUG: src/lcthw/hashmap.c:Hashmap_get_node:205: TRY: 33
DEBUG: src/lcthw/hashmap.c:Hashmap_get_node:205: TRY: 34
DEBUG: src/lcthw/hashmap.c:Hashmap_get_node:205: TRY: 35
DEBUG: src/lcthw/hashmap.c:Hashmap_get_node:205: TRY: 36
DEBUG: src/lcthw/hashmap.c:Hashmap_get_node:205: TRY: 37
DEBUG: src/lcthw/hashmap.c:Hashmap_get_node:205: TRY: 38
DEBUG: src/lcthw/hashmap.c:Hashmap_get_node:205: TRY: 39
DEBUG: src/lcthw/hashmap.c:Hashmap_get_node:205: TRY: 40
DEBUG: src/lcthw/hashmap.c:Hashmap_get_node:205: TRY: 41
DEBUG: src/lcthw/hashmap.c:Hashmap_get_node:205: TRY: 42
DEBUG: src/lcthw/hashmap.c:Hashmap_get_node:205: TRY: 43
DEBUG: src/lcthw/hashmap.c:Hashmap_get_node:205: TRY: 44
DEBUG: src/lcthw/hashmap.c:Hashmap_get_node:205: TRY: 45
DEBUG: src/lcthw/hashmap.c:Hashmap_get_node:205: TRY: 46
DEBUG: src/lcthw/hashmap.c:Hashmap_get_node:205: TRY: 47
DEBUG: src/lcthw/hashmap.c:Hashmap_get_node:205: TRY: 48
DEBUG: src/lcthw/hashmap.c:Hashmap_get_node:205: TRY: 49
DEBUG: src/lcthw/hashmap.c:Hashmap_get_node:205: TRY: 50
DEBUG: src/lcthw/hashmap.c:Hashmap_get_node:205: TRY: 51
DEBUG: src/lcthw/hashmap.c:Hashmap_get_node:205: TRY: 52
DEBUG: src/lcthw/hashmap.c:Hashmap_get_node:205: TRY: 53
DEBUG: src/lcthw/hashmap.c:Hashmap_get_node:205: TRY: 54
DEBUG: src/lcthw/hashmap.c:Hashmap_get_node:205: TRY: 55
DEBUG: src/lcthw/hashmap.c:Hashmap_get_node:205: TRY: 56
DEBUG: src/lcthw/hashmap.c:Hashmap_get_node:205: TRY: 57
DEBUG: src/lcthw/hashmap.c:Hashmap_get_node:205: TRY: 58
DEBUG: src/lcthw/hashmap.c:Hashmap_get_node:205: TRY: 59
DEBUG: src/lcthw/hashmap.c:Hashmap_get_node:205: TRY: 60
DEBUG: src/lcthw/hashmap.c:Hashmap_get_node:205: TRY: 61
DEBUG: src/lcthw/hashmap.c:Hashmap_get_node:205: TRY: 62
DEBUG: src/lcthw/hashmap.c:Hashmap_get_node:205: TRY: 63
DEBUG: src/lcthw/hashmap.c:Hashmap_get_node:205: TRY: 64
DEBUG: src/lcthw/hashmap.c:Hashmap_get_node:205: TRY: 65
DEBUG: src/lcthw/hashmap.c:Hashmap_get_node:205: TRY: 66
DEBUG: src/lcthw/hashmap.c:Hashmap_get_node:205: TRY: 67
DEBUG: src/lcthw/hashmap.c:Hashmap_get_node:205: TRY: 68
DEBUG: src/lcthw/hashmap.c:Hashmap_get_node:205: TRY: 69
DEBUG: src/lcthw/hashmap.c:Hashmap_get_node:205: TRY: 70
DEBUG: src/lcthw/hashmap.c:Hashmap_get_node:205: TRY: 71
DEBUG: src/lcthw/hashmap.c:Hashmap_get_node:205: TRY: 72
DEBUG: src/lcthw/hashmap.c:Hashmap_get_node:205: TRY: 73
DEBUG: src/lcthw/hashmap.c:Hashmap_get_node:205: TRY: 74
DEBUG: src/lcthw/hashmap.c:Hashmap_get_node:205: TRY: 75
DEBUG: src/lcthw/hashmap.c:Hashmap_get_node:205: TRY: 76
DEBUG: src/lcthw/hashmap.c:Hashmap_get_node:205: TRY: 77
DEBUG: src/lcthw/hashmap.c:Hashmap_get_node:205: TRY: 78
DEBUG: src/lcthw/hashmap.c:Hashmap_get_node:205: TRY: 79
DEBUG: src/lcthw/hashmap.c:Hashmap_get_node:205: TRY: 80
DEBUG: src/lcthw/hashmap.c:Hashmap_get_node:205: TRY: 81
DEBUG: src/lcthw/hashmap.c:Hashmap_get_node:205: TRY: 82
DEBUG: src/lcthw/hashmap.c:Hashmap_get_node:205: TRY: 83
DEBUG: src/lcthw/hashmap.c:Hashmap_get_node:205: TRY: 84
DEBUG: src/lcthw/hashmap.c:Hashmap_get_node:205: TRY: 85
DEBUG: src/lcthw/hashmap.c:Hashmap_get_node:205: TRY: 86
DEBUG: src/lcthw/hashmap.c:Hashmap_get_node:205: TRY: 87
DEBUG: src/lcthw/hashmap.c:Hashmap_get_node:205: TRY: 88
DEBUG: src/lcthw/hashmap.c:Hashmap_get_node:205: TRY: 89
DEBUG: src/lcthw/hashmap.c:Hashmap_get_node:205: TRY: 90
DEBUG: src/lcthw/hashmap.c:Hashmap_get_node:205: TRY: 91
DEBUG: src/lcthw/hashmap.c:Hashmap_get_node:205: TRY: 92
DEBUG: src/lcthw/hashmap.c:Hashmap_get_node:205: TRY: 93
DEBUG: src/lcthw/hashmap.c:Hashmap_get_node:205: TRY: 94
DEBUG: src/lcthw/hashmap.c:Hashmap_get_node:205: TRY: 0
DEBUG: src/lcthw/hashmap.c:Hashmap_get_node:205: TRY: 1
DEBUG: src/lcthw/hashmap.c:Hashmap_get_node:205: TRY: 2
DEBUG: src/lcthw/hashmap.c:Hashmap_get_node:205: TRY: 3
DEBUG: src/lcthw/hashmap.c:Hashmap_get_node:205: TRY: 4
DEBUG: src/lcthw/hashmap.c:Hashmap_get_node:205: TRY: 5
DEBUG: src/lcthw/hashmap.c:Hashmap_get_node:205: TRY: 6
DEBUG: src/lcthw/hashmap.c:Hashmap_get_node:205: TRY: 7
DEBUG: src/lcthw/hashmap.c:Hashmap_get_node:205: TRY: 8
DEBUG: src/lcthw/hashmap.c:Hashmap_get_node:205: TRY: 9
DEBUG: src/lcthw/hashmap.c:Hashmap_get_node:205: TRY: 10
DEBUG: src/lcthw/hashmap.c:Hashmap_get_node:205: TRY: 11
DEBUG: src/lcthw/hashmap.c:Hashmap_get_node:205: TRY: 12
DEBUG: src/lcthw/hashmap.c:Hashmap_get_node:205: TRY: 13
DEBUG: src/lcthw/hashmap.c:Hashmap_get_node:205: TRY: 14
DEBUG: src/lcthw/hashmap.c:Hashmap_get_node:205: TRY: 15
DEBUG: src/lcthw/hashmap.c:Hashmap_get_node:205: TRY: 16
DEBUG: src/lcthw/hashmap.c:Hashmap_get_node:205: TRY: 17
DEBUG: src/lcthw/hashmap.c:Hashmap_get_node:205: TRY: 18
DEBUG: src/lcthw/hashmap.c:Hashmap_get_node:205: TRY: 19
DEBUG: src/lcthw/hashmap.c:Hashmap_get_node:205: TRY: 20
DEBUG: src/lcthw/hashmap.c:Hashmap_get_node:205: TRY: 21
DEBUG: src/lcthw/hashmap.c:Hashmap_get_node:205: TRY: 22
DEBUG: src/lcthw/hashmap.c:Hashmap_get_node:205: TRY: 23
DEBUG: src/lcthw/hashmap.c:Hashmap_get_node:205: TRY: 24
DEBUG: src/lcthw/hashmap.c:Hashmap_get_node:205: TRY: 25
DEBUG: src/lcthw/hashmap.c:Hashmap_get_node:205: TRY: 26
DEBUG: src/lcthw/hashmap.c:Hashmap_get_node:205: TRY: 27
DEBUG: src/lcthw/hashmap.c:Hashmap_get_node:205: TRY: 28
DEBUG: src/lcthw/hashmap.c:Hashmap_get_node:205: TRY: 29
DEBUG: src/lcthw/hashmap.c:Hashmap_get_node:205: TRY: 30
DEBUG: src/lcthw/hashmap.c:Hashmap_get_node:205: TRY: 31
DEBUG: src/lcthw/hashmap.c:Hashmap_get_node:205: TRY: 32
DEBUG: src/lcthw/hashmap.c:Hashmap_get_node:205: TRY: 33
DEBUG: src/lcthw/hashmap.c:Hashmap_get_node:205: TRY: 34
DEBUG: src/lcthw/hashmap.c:Hashmap_get_node:205: TRY: 35
DEBUG: src/lcthw/hashmap.c:Hashmap_get_node:205: TRY: 36
DEBUG: src/lcthw/hashmap.c:Hashmap_get_node:205: TRY: 37
DEBUG: src/lcthw/hashmap.c:Hashmap_get_node:205: TRY: 38
DEBUG: src/lcthw/hashmap.c:Hashmap_get_node:205: TRY: 39
DEBUG: src/lcthw/hashmap.c:Hashmap_get_node:205: TRY: 40
DEBUG: src/lcthw/hashmap.c:Hashmap_get_node:205: TRY: 41
DEBUG: src/lcthw/hashmap.c:Hashmap_get_node:205: TRY: 42
DEBUG: src/lcthw/hashmap.c:Hashmap_get_node:205: TRY: 43
DEBUG: src/lcthw/hashmap.c:Hashmap_get_node:205: TRY: 44
DEBUG: src/lcthw/hashmap.c:Hashmap_get_node:205: TRY: 45
DEBUG: src/lcthw/hashmap.c:Hashmap_get_node:205: TRY: 46
DEBUG: src/lcthw/hashmap.c:Hashmap_get_node:205: TRY: 47
DEBUG: src/lcthw/hashmap.c:Hashmap_get_node:205: TRY: 48
DEBUG: src/lcthw/hashmap.c:Hashmap_get_node:205: TRY: 49
DEBUG: src/lcthw/hashmap.c:Hashmap_get_node:205: TRY: 50
DEBUG: src/lcthw/hashmap.c:Hashmap_get_node:205: TRY: 51
DEBUG: src/lcthw/hashmap.c:Hashmap_get_node:205: TRY: 52
DEBUG: src/lcthw/hashmap.c:Hashmap_get_node:205: TRY: 53
DEBUG: src/lcthw/hashmap.c:Hashmap_get_node:205: TRY: 54
DEBUG: src/lcthw/hashmap.c:Hashmap_get_node:205: TRY: 55
DEBUG: src/lcthw/hashmap.c:Hashmap_get_node:205: TRY: 56
DEBUG: src/lcthw/hashmap.c:Hashmap_get_node:205: TRY: 57
DEBUG: src/lcthw/hashmap.c:Hashmap_get_node:205: TRY: 58
DEBUG: src/lcthw/hashmap.c:Hashmap_get_node:205: TRY: 59
DEBUG: src/lcthw/hashmap.c:Hashmap_get_node:205: TRY: 60
DEBUG: src/lcthw/hashmap.c:Hashmap_get_node:205: TRY: 61
DEBUG: src/lcthw/hashmap.c:Hashmap_get_node:205: TRY: 62
DEBUG: src/lcthw/hashmap.c:Hashmap_get_node:205: TRY: 63
DEBUG: src/lcthw/hashmap.c:Hashmap_get_node:205: TRY: 64
DEBUG: src/lcthw/hashmap.c:Hashmap_get_node:205: TRY: 65
DEBUG: src/lcthw/hashmap.c:Hashmap_get_node:205: TRY: 66
DEBUG: src/lcthw/hashmap.c:Hashmap_get_node:205: TRY: 67
DEBUG: src/lcthw/hashmap.c:Hashmap_get_node:205: TRY: 68
DEBUG: src/lcthw/hashmap.c:Hashmap_get_node:205: TRY: 69
DEBUG: src/lcthw/hashmap.c:Hashmap_get_node:205: TRY: 70
DEBUG: src/lcthw/hashmap.c:Hashmap_get_node:205: TRY: 71
DEBUG: src/lcthw/hashmap.c:Hashmap_get_node:205: TRY: 72
DEBUG: src/lcthw/hashmap.c:Hashmap_get_node:205: TRY: 73
DEBUG: src/lcthw/hashmap.c:Hashmap_get_node:205: TRY: 74
DEBUG: src/lcthw/hashmap.c:Hashmap_get_node:205: TRY: 75
DEBUG: src/lcthw/hashmap.c:Hashmap_get_node:205: TRY: 76
DEBUG: src/lcthw/hashmap.c:Hashmap_get_node:205: TRY: 77
DEBUG: src/lcthw/hashmap.c:Hashmap_get_node:205: TRY: 78
DEBUG: src/lcthw/hashmap.c:Hashmap_get_node:205: TRY: 79
DEBUG: src/lcthw/hashmap.c:Hashmap_get_node:205: TRY: 80
DEBUG: src/lcthw/hashmap.c:Hashmap_get_node:205: TRY: 81
DEBUG: src/lcthw/hashmap.c:Hashmap_get_node:205: TRY: 82
DEBUG: src/lcthw/hashmap.c:Hashmap_get_node:205: TRY: 83
DEBUG: src/lcthw/hashmap.c:Hashmap_get_node:205: TRY: 84
DEBUG: src/lcthw/hashmap.c:Hashmap_get_node:205: TRY: 85
DEBUG: src/lcthw/hashmap.c:Hashmap_get_node:205: TRY: 86
DEBUG: src/lcthw/hashmap.c:Hashmap_get_node:205: TRY: 87
DEBUG: src/lcthw/hashmap.c:Hashmap_get_node:205: TRY: 88
DEBUG: src/lcthw/hashmap.c:Hashmap_get_node:205: TRY: 89
DEBUG: src/lcthw/hashmap.c:Hashmap_get_node:205: TRY: 90
DEBUG: src/lcthw/hashmap.c:Hashmap_get_node:205: TRY: 91
DEBUG: src/lcthw/hashmap.c:Hashmap_get_node:205: TRY: 92
DEBUG: src/lcthw/hashmap.c:Hashmap_get_node:205: TRY: 93
DEBUG: src/lcthw/hashmap.c:Hashmap_get_node:205: TRY: 94
DEBUG: src/lcthw/hashmap.c:Hashmap_get_node:205: TRY: 95
DEBUG: src/lcthw/hashmap.c:Hashmap_get_node:205: TRY: 96
DEBUG: src/lcthw/hashmap.c:Hashmap_get_node:205: TRY: 97
DEBUG: src/lcthw/hashmap.c:Hashmap_get_node:205: TRY: 0
DEBUG: src/lcthw/hashmap.c:Hashmap_get_node:205: TRY: 1
DEBUG: src/lcthw/hashmap.c:Hashmap_get_node:205: TRY: 2
DEBUG: src/lcthw/hashmap.c:Hashmap_get_node:205: TRY: 3
DEBUG: src/lcthw/hashmap.c:Hashmap_get_node:205: TRY: 4
DEBUG: src/lcthw/hashmap.c:Hashmap_get_node:205: TRY: 5
DEBUG: src/lcthw/hashmap.c:Hashmap_get_node:205: TRY: 6
DEBUG: src/lcthw/hashmap.c:Hashmap_get_node:205: TRY: 7
DEBUG: src/lcthw/hashmap.c:Hashmap_get_node:205: TRY: 8
DEBUG: src/lcthw/hashmap.c:Hashmap_get_node:205: TRY: 9
DEBUG: src/lcthw/hashmap.c:Hashmap_get_node:205: TRY: 10
DEBUG: src/lcthw/hashmap.c:Hashmap_get_node:205: TRY: 11
DEBUG: src/lcthw/hashmap.c:Hashmap_get_node:205: TRY: 12
DEBUG: src/lcthw/hashmap.c:Hashmap_get_node:205: TRY: 13
DEBUG: src/lcthw/hashmap.c:Hashmap_get_node:205: TRY: 14
DEBUG: src/lcthw/hashmap.c:Hashmap_get_node:205: TRY: 15
DEBUG: src/lcthw/hashmap.c:Hashmap_get_node:205: TRY: 16
DEBUG: src/lcthw/hashmap.c:Hashmap_get_node:205: TRY: 17
DEBUG: src/lcthw/hashmap.c:Hashmap_get_node:205: TRY: 18
DEBUG: src/lcthw/hashmap.c:Hashmap_get_node:205: TRY: 19
DEBUG: src/lcthw/hashmap.c:Hashmap_get_node:205: TRY: 20
DEBUG: src/lcthw/hashmap.c:Hashmap_get_node:205: TRY: 21
DEBUG: src/lcthw/hashmap.c:Hashmap_get_node:205: TRY: 22
DEBUG: src/lcthw/hashmap.c:Hashmap_get_node:205: TRY: 23
DEBUG: src/lcthw/hashmap.c:Hashmap_get_node:205: TRY: 24
DEBUG: src/lcthw/hashmap.c:Hashmap_get_node:205: TRY: 25
DEBUG: src/lcthw/hashmap.c:Hashmap_get_node:205: TRY: 26
DEBUG: src/lcthw/hashmap.c:Hashmap_get_node:205: TRY: 27
DEBUG: src/lcthw/hashmap.c:Hashmap_get_node:205: TRY: 28
DEBUG: src/lcthw/hashmap.c:Hashmap_get_node:205: TRY: 29
DEBUG: src/lcthw/hashmap.c:Hashmap_get_node:205: TRY: 30
DEBUG: src/lcthw/hashmap.c:Hashmap_get_node:205: TRY: 31
DEBUG: src/lcthw/hashmap.c:Hashmap_get_node:205: TRY: 32
DEBUG: src/lcthw/hashmap.c:Hashmap_get_node:205: TRY: 33
DEBUG: src/lcthw/hashmap.c:Hashmap_get_node:205: TRY: 34
DEBUG: src/lcthw/hashmap.c:Hashmap_get_node:205: TRY: 35
DEBUG: src/lcthw/hashmap.c:Hashmap_get_node:205: TRY: 36
DEBUG: src/lcthw/hashmap.c:Hashmap_get_node:205: TRY: 37
DEBUG: src/lcthw/hashmap.c:Hashmap_get_node:205: TRY: 38
DEBUG: src/lcthw/hashmap.c:Hashmap_get_node:205: TRY: 39
DEBUG: src/lcthw/hashmap.c:Hashmap_get_node:205: TRY: 40
DEBUG: src/lcthw/hashmap.c:Hashmap_get_node:205: TRY: 41
DEBUG: src/lcthw/hashmap.c:Hashmap_get_node:205: TRY: 42
DEBUG: src/lcthw/hashmap.c:Hashmap_get_node:205: TRY: 43
DEBUG: src/lcthw/hashmap.c:Hashmap_get_node:205: TRY: 44
DEBUG: src/lcthw/hashmap.c:Hashmap_get_node:205: TRY: 45
DEBUG: src/lcthw/hashmap.c:Hashmap_get_node:205: TRY: 46
DEBUG: src/lcthw/hashmap.c:Hashmap_get_node:205: TRY: 47
DEBUG: src/lcthw/hashmap.c:Hashmap_get_node:205: TRY: 48
DEBUG: src/lcthw/hashmap.c:Hashmap_get_node:205: TRY: 49
DEBUG: src/lcthw/hashmap.c:Hashmap_get_node:205: TRY: 50
DEBUG: src/lcthw/hashmap.c:Hashmap_get_node:205: TRY: 51
DEBUG: src/lcthw/hashmap.c:Hashmap_get_node:205: TRY: 52
DEBUG: src/lcthw/hashmap.c:Hashmap_get_node:205: TRY: 53
DEBUG: src/lcthw/hashmap.c:Hashmap_get_node:205: TRY: 54
DEBUG: src/lcthw/hashmap.c:Hashmap_get_node:205: TRY: 55
DEBUG: src/lcthw/hashmap.c:Hashmap_get_node:205: TRY: 56
DEBUG: src/lcthw/hashmap.c:Hashmap_get_node:205: TRY: 57
DEBUG: src/lcthw/hashmap.c:Hashmap_get_node:205: TRY: 58
DEBUG: src/lcthw/hashmap.c:Hashmap_get_node:205: TRY: 59
DEBUG: src/lcthw/hashmap.c:Hashmap_get_node:205: TRY: 60
DEBUG: src/lcthw/hashmap.c:Hashmap_get_node:205: TRY: 61
DEBUG: src/lcthw/hashmap.c:Hashmap_get_node:205: TRY: 62
DEBUG: src/lcthw/hashmap.c:Hashmap_get_node:205: TRY: 63
DEBUG: src/lcthw/hashmap.c:Hashmap_get_node:205: TRY: 64
DEBUG: src/lcthw/hashmap.c:Hashmap_get_node:205: TRY: 65
DEBUG: src/lcthw/hashmap.c:Hashmap_get_node:205: TRY: 66
DEBUG: src/lcthw/hashmap.c:Hashmap_get_node:205: TRY: 67
DEBUG: src/lcthw/hashmap.c:Hashmap_get_node:205: TRY: 68
DEBUG: src/lcthw/hashmap.c:Hashmap_get_node:205: TRY: 69
DEBUG: src/lcthw/hashmap.c:Hashmap_get_node:205: TRY: 70
DEBUG: src/lcthw/hashmap.c:Hashmap_get_node:205: TRY: 71
DEBUG: src/lcthw/hashmap.c:Hashmap_get_node:205: TRY: 72
DEBUG: src/lcthw/hashmap.c:Hashmap_get_node:205: TRY: 73
DEBUG: src/lcthw/hashmap.c:Hashmap_get_node:205: TRY: 74
DEBUG: src/lcthw/hashmap.c:Hashmap_get_node:205: TRY: 75
DEBUG: src/lcthw/hashmap.c:Hashmap_get_node:205: TRY: 76
DEBUG: src/lcthw/hashmap.c:Hashmap_get_node:205: TRY: 77
DEBUG: src/lcthw/hashmap.c:Hashmap_get_node:205: TRY: 78
DEBUG: src/lcthw/hashmap.c:Hashmap_get_node:205: TRY: 79
DEBUG: src/lcthw/hashmap.c:Hashmap_get_node:205: TRY: 80
DEBUG: src/lcthw/hashmap.c:Hashmap_get_node:205: TRY: 81
DEBUG: src/lcthw/hashmap.c:Hashmap_get_node:205: TRY: 82
DEBUG: src/lcthw/hashmap.c:Hashmap_get_node:205: TRY: 83
DEBUG: src/lcthw/hashmap.c:Hashmap_get_node:205: TRY: 84
DEBUG: src/lcthw/hashmap.c:Hashmap_get_node:205: TRY: 85
DEBUG: src/lcthw/hashmap.c:Hashmap_get_node:205: TRY: 86
DEBUG: src/lcthw/hashmap.c:Hashmap_get_node:205: TRY: 87
DEBUG: src/lcthw/hashmap.c:Hashmap_get_node:205: TRY: 88
DEBUG: src/lcthw/hashmap.c:Hashmap_get_node:205: TRY: 0
DEBUG: src/lcthw/hashmap.c:Hashmap_get_node:205: TRY: 1
DEBUG: src/lcthw/hashmap.c:Hashmap_get_node:205: TRY: 2
DEBUG: src/lcthw/hashmap.c:Hashmap_get_node:205: TRY: 3
DEBUG: src/lcthw/hashmap.c:Hashmap_get_node:205: TRY: 4
DEBUG: src/lcthw/hashmap.c:Hashmap_get_node:205: TRY: 5
DEBUG: src/lcthw/hashmap.c:Hashmap_get_node:205: TRY: 6
DEBUG: src/lcthw/hashmap.c:Hashmap_get_node:205: TRY: 7
DEBUG: src/lcthw/hashmap.c:Hashmap_get_node:205: TRY: 8
DEBUG: src/lcthw/hashmap.c:Hashmap_get_node:205: TRY: 9
DEBUG: src/lcthw/hashmap.c:Hashmap_get_node:205: TRY: 10
DEBUG: src/lcthw/hashmap.c:Hashmap_get_node:205: TRY: 11
DEBUG: src/lcthw/hashmap.c:Hashmap_get_node:205: TRY: 12
DEBUG: src/lcthw/hashmap.c:Hashmap_get_node:205: TRY: 13
DEBUG: src/lcthw/hashmap.c:Hashmap_get_node:205: TRY: 14
DEBUG: src/lcthw/hashmap.c:Hashmap_get_node:205: TRY: 15
DEBUG: src/lcthw/hashmap.c:Hashmap_get_node:205: TRY: 16
DEBUG: src/lcthw/hashmap.c:Hashmap_get_node:205: TRY: 17
DEBUG: src/lcthw/hashmap.c:Hashmap_get_node:205: TRY: 18
DEBUG: src/lcthw/hashmap.c:Hashmap_get_node:205: TRY: 19
DEBUG: src/lcthw/hashmap.c:Hashmap_get_node:205: TRY: 20
DEBUG: src/lcthw/hashmap.c:Hashmap_get_node:205: TRY: 21
DEBUG: src/lcthw/hashmap.c:Hashmap_get_node:205: TRY: 22
DEBUG: src/lcthw/hashmap.c:Hashmap_get_node:205: TRY: 23
DEBUG: src/lcthw/hashmap.c:Hashmap_get_node:205: TRY: 24
DEBUG: src/lcthw/hashmap.c:Hashmap_get_node:205: TRY: 25
DEBUG: src/lcthw/hashmap.c:Hashmap_get_node:205: TRY: 26
DEBUG: src/lcthw/hashmap.c:Hashmap_get_node:205: TRY: 27
DEBUG: src/lcthw/hashmap.c:Hashmap_get_node:205: TRY: 28
DEBUG: src/lcthw/hashmap.c:Hashmap_get_node:205: TRY: 29
DEBUG: src/lcthw/hashmap.c:Hashmap_get_node:205: TRY: 30
DEBUG: src/lcthw/hashmap.c:Hashmap_get_node:205: TRY: 31
DEBUG: src/lcthw/hashmap.c:Hashmap_get_node:205: TRY: 32
DEBUG: src/lcthw/hashmap.c:Hashmap_get_node:205: TRY: 33
DEBUG: src/lcthw/hashmap.c:Hashmap_get_node:205: TRY: 34
DEBUG: src/lcthw/hashmap.c:Hashmap_get_node:205: TRY: 35
DEBUG: src/lcthw/hashmap.c:Hashmap_get_node:205: TRY: 36
DEBUG: src/lcthw/hashmap.c:Hashmap_get_node:205: TRY: 37
DEBUG: src/lcthw/hashmap.c:Hashmap_get_node:205: TRY: 38
DEBUG: src/lcthw/hashmap.c:Hashmap_get_node:205: TRY: 39
DEBUG: src/lcthw/hashmap.c:Hashmap_get_node:205: TRY: 40
DEBUG: src/lcthw/hashmap.c:Hashmap_get_node:205: TRY: 41
DEBUG: src/lcthw/hashmap.c:Hashmap_get_node:205: TRY: 42
DEBUG: src/lcthw/hashmap.c:Hashmap_get_node:205: TRY: 43
DEBUG: src/lcthw/hashmap.c:Hashmap_get_node:205: TRY: 44
DEBUG: src/lcthw/hashmap.c:Hashmap_get_node:205: TRY: 45
DEBUG: src/lcthw/hashmap.c:Hashmap_get_node:205: TRY: 46
DEBUG: src/lcthw/hashmap.c:Hashmap_get_node:205: TRY: 47
DEBUG: src/lcthw/hashmap.c:Hashmap_get_node:205: TRY: 48
DEBUG: src/lcthw/hashmap.c:Hashmap_get_node:205: TRY: 49
DEBUG: src/lcthw/hashmap.c:Hashmap_get_node:205: TRY: 50
DEBUG: src/lcthw/hashmap.c:Hashmap_get_node:205: TRY: 51
DEBUG: src/lcthw/hashmap.c:Hashmap_get_node:205: TRY: 52
DEBUG: src/lcthw/hashmap.c:Hashmap_get_node:205: TRY: 53
DEBUG: src/lcthw/hashmap.c:Hashmap_get_node:205: TRY: 54
DEBUG: src/lcthw/hashmap.c:Hashmap_get_node:205: TRY: 55
DEBUG: src/lcthw/hashmap.c:Hashmap_get_node:205: TRY: 56
DEBUG: src/lcthw/hashmap.c:Hashmap_get_node:205: TRY: 57
DEBUG: src/lcthw/hashmap.c:Hashmap_get_node:205: TRY: 58
DEBUG: src/lcthw/hashmap.c:Hashmap_get_node:205: TRY: 59
DEBUG: src/lcthw/hashmap.c:Hashmap_get_node:205: TRY: 60
DEBUG: src/lcthw/hashmap.c:Hashmap_get_node:205: TRY: 61
DEBUG: src/lcthw/hashmap.c:Hashmap_get_node:205: TRY: 62
DEBUG: src/lcthw/hashmap.c:Hashmap_get_node:205: TRY: 63
DEBUG: src/lcthw/hashmap.c:Hashmap_get_node:205: TRY: 64
DEBUG: src/lcthw/hashmap.c:Hashmap_get_node:205: TRY: 65
DEBUG: src/lcthw/hashmap.c:Hashmap_get_node:205: TRY: 66
DEBUG: src/lcthw/hashmap.c:Hashmap_get_node:205: TRY: 67
DEBUG: src/lcthw/hashmap.c:Hashmap_get_node:205: TRY: 68
DEBUG: src/lcthw/hashmap.c:Hashmap_get_node:205: TRY: 69
DEBUG: src/lcthw/hashmap.c:Hashmap_get_node:205: TRY: 70
DEBUG: src/lcthw/hashmap.c:Hashmap_get_node:205: TRY: 71
DEBUG: src/lcthw/hashmap.c:Hashmap_get_node:205: TRY: 72
DEBUG: src/lcthw/hashmap.c:Hashmap_get_node:205: TRY: 73
DEBUG: src/lcthw/hashmap.c:Hashmap_get_node:205: TRY: 74
DEBUG: src/lcthw/hashmap.c:Hashmap_get_node:205: TRY: 75
DEBUG: src/lcthw/hashmap.c:Hashmap_get_node:205: TRY: 76
DEBUG: src/lcthw/hashmap.c:Hashmap_get_node:205: TRY: 77
DEBUG: src/lcthw/hashmap.c:Hashmap_get_node:205: TRY: 78
DEBUG: src/lcthw/hashmap.c:Hashmap_get_node:205: TRY: 79
DEBUG: src/lcthw/hashmap.c:Hashmap_get_node:205: TRY: 80
DEBUG: src/lcthw/hashmap.c:Hashmap_get_node:205: TRY: 81
DEBUG: src/lcthw/hashmap.c:Hashmap_get_node:205: TRY: 82
DEBUG: src/lcthw/hashmap.c:Hashmap_get_node:205: TRY: 83
DEBUG: src/lcthw/hashmap.c:Hashmap_get_node:205: TRY: 84
DEBUG: src/lcthw/hashmap.c:Hashmap_get_node:205: TRY: 85
DEBUG: src/lcthw/hashmap.c:Hashmap_get_node:205: TRY: 86
DEBUG: src/lcthw/hashmap.c:Hashmap_get_node:205: TRY: 87
DEBUG: src/lcthw/hashmap.c:Hashmap_get_node:205: TRY: 88
DEBUG: src/lcthw/hashmap.c:Hashmap_get_node:205: TRY: 89
DEBUG: src/lcthw/hashmap.c:Hashmap_get_node:205: TRY: 90
DEBUG: src/lcthw/hashmap.c:Hashmap_get_node:205: TRY: 91
DEBUG: src/lcthw/hashmap.c:Hashmap_get_node:205: TRY: 92
DEBUG: src/lcthw/hashmap.c:Hashmap_get_node:205: TRY: 93
DEBUG: src/lcthw/hashmap.c:Hashmap_get_node:205: TRY: 94
DEBUG: src/lcthw/hashmap.c:Hashmap_get_node:205: TRY: 95
DEBUG: src/lcthw/hashmap.c:Hashmap_get_node:205: TRY: 96
DEBUG: src/lcthw/hashmap.c:Hashmap_get_node:205: TRY: 97
DEBUG: src/lcthw/hashmap.c:Hashmap_get_node:205: TRY: 98
DEBUG: src/lcthw/hashmap.c:Hashmap_get_node:205: TRY: 99
DEBUG: src/lcthw/hashmap.c:Hashmap_get_node:205: TRY: 100
DEBUG: src/lcthw/hashmap.c:Hashmap_get_node:205: TRY: 101
DEBUG: src/lcthw/hashmap.c:Hashmap_get_node:205: TRY: 102
DEBUG: src/lcthw/hashmap.c:Hashmap_get_node:205: TRY: 103
DEBUG: src/lcthw/hashmap.c:Hashmap_get_node:205: TRY: 104
DEBUG: src/lcthw/hashmap.c:Hashmap_get_node:205: TRY: 105
DEBUG: src/lcthw/hashmap.c:Hashmap_get_node:205: TRY: 106
DEBUG: src/lcthw/hashmap.c:Hashmap_get_node:205: TRY: 107
DEBUG: src/lcthw/hashmap.c:Hashmap_get_node:205: TRY: 108
DEBUG: src/lcthw/hashmap.c:Hashmap_get_node:205: TRY: 109
DEBUG: src/lcthw/hashmap.c:Hashmap_get_node:205: TRY: 110
DEBUG: src/lcthw/hashmap.c:Hashmap_get_node:205: TRY: 111
DEBUG: src/lcthw/hashmap.c:Hashmap_get_node:205: TRY: 112
DEBUG: src/lcthw/hashmap.c:Hashmap_get_node:205: TRY: 113
DEBUG: src/lcthw/hashmap.c:Hashmap_get_node:205: TRY: 114
DEBUG: src/lcthw/hashmap.c:Hashmap_get_node:205: TRY: 115
DEBUG: src/lcthw/hashmap.c:Hashmap_get_node:205: TRY: 116
DEBUG: src/lcthw/hashmap.c:Hashmap_get_node:205: TRY: 117
DEBUG: src/lcthw/hashmap.c:Hashmap_get_node:205: TRY: 118
DEBUG: src/lcthw/hashmap.c:Hashmap_get_node:205: TRY: 119
DEBUG: src/lcthw/hashmap.c:Hashmap_get_node:205: TRY: 120
DEBUG: src/lcthw/hashmap.c:Hashmap_get_node:205: TRY: 121
DEBUG: src/lcthw/hashmap.c:Hashmap_get_node:205: TRY: 122
DEBUG: src/lcthw/hashmap.c:Hashmap_get_node:205: TRY: 123
DEBUG: src/lcthw/hashmap.c:Hashmap_get_node:205: TRY: 0
DEBUG: src/lcthw/hashmap.c:Hashmap_get_node:205: TRY: 1
DEBUG: src/lcthw/hashmap.c:Hashmap_get_node:205: TRY: 2
DEBUG: src/lcthw/hashmap.c:Hashmap_get_node:205: TRY: 3
DEBUG: src/lcthw/hashmap.c:Hashmap_get_node:205: TRY: 4
DEBUG: src/lcthw/hashmap.c:Hashmap_get_node:205: TRY: 5
DEBUG: src/lcthw/hashmap.c:Hashmap_get_node:205: TRY: 6
DEBUG: src/lcthw/hashmap.c:Hashmap_get_node:205: TRY: 7
DEBUG: src/lcthw/hashmap.c:Hashmap_get_node:205: TRY: 8
DEBUG: src/lcthw/hashmap.c:Hashmap_get_node:205: TRY: 9
DEBUG: src/lcthw/hashmap.c:Hashmap_get_node:205: TRY: 10
DEBUG: src/lcthw/hashmap.c:Hashmap_get_node:205: TRY: 11
DEBUG: src/lcthw/hashmap.c:Hashmap_get_node:205: TRY: 12
DEBUG: src/lcthw/hashmap.c:Hashmap_get_node:205: TRY: 13
DEBUG: src/lcthw/hashmap.c:Hashmap_get_node:205: TRY: 14
DEBUG: src/lcthw/hashmap.c:Hashmap_get_node:205: TRY: 15
DEBUG: src/lcthw/hashmap.c:Hashmap_get_node:205: TRY: 16
DEBUG: src/lcthw/hashmap.c:Hashmap_get_node:205: TRY: 17
DEBUG: src/lcthw/hashmap.c:Hashmap_get_node:205: TRY: 18
DEBUG: src/lcthw/hashmap.c:Hashmap_get_node:205: TRY: 19
DEBUG: src/lcthw/hashmap.c:Hashmap_get_node:205: TRY: 20
DEBUG: src/lcthw/hashmap.c:Hashmap_get_node:205: TRY: 21
DEBUG: src/lcthw/hashmap.c:Hashmap_get_node:205: TRY: 22
DEBUG: src/lcthw/hashmap.c:Hashmap_get_node:205: TRY: 23
DEBUG: src/lcthw/hashmap.c:Hashmap_get_node:205: TRY: 24
DEBUG: src/lcthw/hashmap.c:Hashmap_get_node:205: TRY: 25
DEBUG: src/lcthw/hashmap.c:Hashmap_get_node:205: TRY: 26
DEBUG: src/lcthw/hashmap.c:Hashmap_get_node:205: TRY: 27
DEBUG: src/lcthw/hashmap.c:Hashmap_get_node:205: TRY: 28
DEBUG: src/lcthw/hashmap.c:Hashmap_get_node:205: TRY: 29
DEBUG: src/lcthw/hashmap.c:Hashmap_get_node:205: TRY: 30
DEBUG: src/lcthw/hashmap.c:Hashmap_get_node:205: TRY: 31
DEBUG: src/lcthw/hashmap.c:Hashmap_get_node:205: TRY: 32
DEBUG: src/lcthw/hashmap.c:Hashmap_get_node:205: TRY: 33
DEBUG: src/lcthw/hashmap.c:Hashmap_get_node:205: TRY: 34
DEBUG: src/lcthw/hashmap.c:Hashmap_get_node:205: TRY: 35
DEBUG: src/lcthw/hashmap.c:Hashmap_get_node:205: TRY: 36
DEBUG: src/lcthw/hashmap.c:Hashmap_get_node:205: TRY: 37
DEBUG: src/lcthw/hashmap.c:Hashmap_get_node:205: TRY: 38
DEBUG: src/lcthw/hashmap.c:Hashmap_get_node:205: TRY: 39
DEBUG: src/lcthw/hashmap.c:Hashmap_get_node:205: TRY: 40
DEBUG: src/lcthw/hashmap.c:Hashmap_get_node:205: TRY: 41
DEBUG: src/lcthw/hashmap.c:Hashmap_get_node:205: TRY: 42
DEBUG: src/lcthw/hashmap.c:Hashmap_get_node:205: TRY: 43
DEBUG: src/lcthw/hashmap.c:Hashmap_get_node:205: TRY: 44
DEBUG: src/lcthw/hashmap.c:Hashmap_get_node:205: TRY: 45
DEBUG: src/lcthw/hashmap.c:Hashmap_get_node:205: TRY: 46
DEBUG: src/lcthw/hashmap.c:Hashmap_get_node:205: TRY: 47
DEBUG: src/lcthw/hashmap.c:Hashmap_get_node:205: TRY: 48
DEBUG: src/lcthw/hashmap.c:Hashmap_get_node:205: TRY: 49
DEBUG: src/lcthw/hashmap.c:Hashmap_get_node:205: TRY: 50
DEBUG: src/lcthw/hashmap.c:Hashmap_get_node:205: TRY: 51
DEBUG: src/lcthw/hashmap.c:Hashmap_get_node:205: TRY: 52
DEBUG: src/lcthw/hashmap.c:Hashmap_get_node:205: TRY: 53
DEBUG: src/lcthw/hashmap.c:Hashmap_get_node:205: TRY: 54
DEBUG: src/lcthw/hashmap.c:Hashmap_get_node:205: TRY: 55
DEBUG: src/lcthw/hashmap.c:Hashmap_get_node:205: TRY: 56
DEBUG: src/lcthw/hashmap.c:Hashmap_get_node:205: TRY: 57
DEBUG: src/lcthw/hashmap.c:Hashmap_get_node:205: TRY: 58
DEBUG: src/lcthw/hashmap.c:Hashmap_get_node:205: TRY: 59
DEBUG: src/lcthw/hashmap.c:Hashmap_get_node:205: TRY: 60
DEBUG: src/lcthw/hashmap.c:Hashmap_get_node:205: TRY: 61
DEBUG: src/lcthw/hashmap.c:Hashmap_get_node:205: TRY: 62
DEBUG: src/lcthw/hashmap.c:Hashmap_get_node:205: TRY: 63
DEBUG: src/lcthw/hashmap.c:Hashmap_get_node:205: TRY: 64
DEBUG: src/lcthw/hashmap.c:Hashmap_get_node:205: TRY: 65
DEBUG: src/lcthw/hashmap.c:Hashmap_get_node:205: TRY: 66
DEBUG: src/lcthw/hashmap.c:Hashmap_get_node:205: TRY: 67
DEBUG: src/lcthw/hashmap.c:Hashmap_get_node:205: TRY: 68
DEBUG: src/lcthw/hashmap.c:Hashmap_get_node:205: TRY: 69
DEBUG: src/lcthw/hashmap.c:Hashmap_get_node:205: TRY: 70
DEBUG: src/lcthw/hashmap.c:Hashmap_get_node:205: TRY: 71
DEBUG: src/lcthw/hashmap.c:Hashmap_get_node:205: TRY: 72
DEBUG: src/lcthw/hashmap.c:Hashmap_get_node:205: TRY: 73
DEBUG: src/lcthw/hashmap.c:Hashmap_get_node:205: TRY: 74
DEBUG: src/lcthw/hashmap.c:Hashmap_get_node:205: TRY: 75
DEBUG: src/lcthw/hashmap.c:Hashmap_get_node:205: TRY: 76
DEBUG: src/lcthw/hashmap.c:Hashmap_get_node:205: TRY: 77
DEBUG: src/lcthw/hashmap.c:Hashmap_get_node:205: TRY: 78
DEBUG: src/lcthw/hashmap.c:Hashmap_get_node:205: TRY: 79
DEBUG: src/lcthw/hashmap.c:Hashmap_get_node:205: TRY: 80
DEBUG: src/lcthw/hashmap.c:Hashmap_get_node:205: TRY: 81
DEBUG: src/lcthw/hashmap.c:Hashmap_get_node:205: TRY: 82
DEBUG: src/lcthw/hashmap.c:Hashmap_get_node:205: TRY: 83
DEBUG: src/lcthw/hashmap.c:Hashmap_get_node:205: TRY: 84
DEBUG: src/lcthw/hashmap.c:Hashmap_get_node:205: TRY: 85
DEBUG: src/lcthw/hashmap.c:Hashmap_get_node:205: TRY: 86
DEBUG: src/lcthw/hashmap.c:Hashmap_get_node:205: TRY: 87
DEBUG: src/lcthw/hashmap.c:Hashmap_get_node:205: TRY: 88
DEBUG: src/lcthw/hashmap.c:Hashmap_get_node:205: TRY: 89
DEBUG: src/lcthw/hashmap.c:Hashmap_get_node:205: TRY: 90
DEBUG: src/lcthw/hashmap.c:Hashmap_get_node:205: TRY: 91
DEBUG: src/lcthw/hashmap.c:Hashmap_get_node:205: TRY: 92
DEBUG: src/lcthw/hashmap.c:Hashmap_get_node:205: TRY: 0
DEBUG: src/lcthw/hashmap.c:Hashmap_get_node:205: TRY: 1
DEBUG: src/lcthw/hashmap.c:Hashmap_get_node:205: TRY: 2
DEBUG: src/lcthw/hashmap.c:Hashmap_get_node:205: TRY: 3
DEBUG: src/lcthw/hashmap.c:Hashmap_get_node:205: TRY: 4
DEBUG: src/lcthw/hashmap.c:Hashmap_get_node:205: TRY: 5
DEBUG: src/lcthw/hashmap.c:Hashmap_get_node:205: TRY: 6
DEBUG: src/lcthw/hashmap.c:Hashmap_get_node:205: TRY: 7
DEBUG: src/lcthw/hashmap.c:Hashmap_get_node:205: TRY: 8
DEBUG: src/lcthw/hashmap.c:Hashmap_get_node:205: TRY: 9
DEBUG: src/lcthw/hashmap.c:Hashmap_get_node:205: TRY: 10
DEBUG: src/lcthw/hashmap.c:Hashmap_get_node:205: TRY: 11
DEBUG: src/lcthw/hashmap.c:Hashmap_get_node:205: TRY: 12
DEBUG: src/lcthw/hashmap.c:Hashmap_get_node:205: TRY: 13
DEBUG: src/lcthw/hashmap.c:Hashmap_get_node:205: TRY: 14
DEBUG: src/lcthw/hashmap.c:Hashmap_get_node:205: TRY: 15
DEBUG: src/lcthw/hashmap.c:Hashmap_get_node:205: TRY: 16
DEBUG: src/lcthw/hashmap.c:Hashmap_get_node:205: TRY: 17
DEBUG: src/lcthw/hashmap.c:Hashmap_get_node:205: TRY: 18
DEBUG: src/lcthw/hashmap.c:Hashmap_get_node:205: TRY: 19
DEBUG: src/lcthw/hashmap.c:Hashmap_get_node:205: TRY: 20
DEBUG: src/lcthw/hashmap.c:Hashmap_get_node:205: TRY: 21
DEBUG: src/lcthw/hashmap.c:Hashmap_get_node:205: TRY: 22
DEBUG: src/lcthw/hashmap.c:Hashmap_get_node:205: TRY: 23
DEBUG: src/lcthw/hashmap.c:Hashmap_get_node:205: TRY: 24
DEBUG: src/lcthw/hashmap.c:Hashmap_get_node:205: TRY: 25
DEBUG: src/lcthw/hashmap.c:Hashmap_get_node:205: TRY: 26
DEBUG: src/lcthw/hashmap.c:Hashmap_get_node:205: TRY: 27
DEBUG: src/lcthw/hashmap.c:Hashmap_get_node:205: TRY: 28
DEBUG: src/lcthw/hashmap.c:Hashmap_get_node:205: TRY: 29
DEBUG: src/lcthw/hashmap.c:Hashmap_get_node:205: TRY: 30
DEBUG: src/lcthw/hashmap.c:Hashmap_get_node:205: TRY: 31
DEBUG: src/lcthw/hashmap.c:Hashmap_get_node:205: TRY: 32
DEBUG: src/lcthw/hashmap.c:Hashmap_get_node:205: TRY: 33
DEBUG: src/lcthw/hashmap.c:Hashmap_get_node:205: TRY: 34
DEBUG: src/lcthw/hashmap.c:Hashmap_get_node:205: TRY: 35
DEBUG: src/lcthw/hashmap.c:Hashmap_get_node:205: TRY: 36
DEBUG: src/lcthw/hashmap.c:Hashmap_get_node:205: TRY: 37
DEBUG: src/lcthw/hashmap.c:Hashmap_get_node:205: TRY: 38
DEBUG: src/lcthw/hashmap.c:Hashmap_get_node:205: TRY: 39
DEBUG: src/lcthw/hashmap.c:Hashmap_get_node:205: TRY: 40
DEBUG: src/lcthw/hashmap.c:Hashmap_get_node:205: TRY: 41
DEBUG: src/lcthw/hashmap.c:Hashmap_get_node:205: TRY: 42
DEBUG: src/lcthw/hashmap.c:Hashmap_get_node:205: TRY: 43
DEBUG: src/lcthw/hashmap.c:Hashmap_get_node:205: TRY: 44
DEBUG: src/lcthw/hashmap.c:Hashmap_get_node:205: TRY: 45
DEBUG: src/lcthw/hashmap.c:Hashmap_get_node:205: TRY: 46
DEBUG: src/lcthw/hashmap.c:Hashmap_get_node:205: TRY: 47
DEBUG: src/lcthw/hashmap.c:Hashmap_get_node:205: TRY: 48
DEBUG: src/lcthw/hashmap.c:Hashmap_get_node:205: TRY: 49
DEBUG: src/lcthw/hashmap.c:Hashmap_get_node:205: TRY: 50
DEBUG: src/lcthw/hashmap.c:Hashmap_get_node:205: TRY: 51
DEBUG: src/lcthw/hashmap.c:Hashmap_get_node:205: TRY: 52
DEBUG: src/lcthw/hashmap.c:Hashmap_get_node:205: TRY: 53
DEBUG: src/lcthw/hashmap.c:Hashmap_get_node:205: TRY: 54
DEBUG: src/lcthw/hashmap.c:Hashmap_get_node:205: TRY: 55
DEBUG: src/lcthw/hashmap.c:Hashmap_get_node:205: TRY: 56
DEBUG: src/lcthw/hashmap.c:Hashmap_get_node:205: TRY: 57
DEBUG: src/lcthw/hashmap.c:Hashmap_get_node:205: TRY: 58
DEBUG: src/lcthw/hashmap.c:Hashmap_get_node:205: TRY: 59
DEBUG: src/lcthw/hashmap.c:Hashmap_get_node:205: TRY: 60
DEBUG: src/lcthw/hashmap.c:Hashmap_get_node:205: TRY: 61
DEBUG: src/lcthw/hashmap.c:Hashmap_get_node:205: TRY: 62
DEBUG: src/lcthw/hashmap.c:Hashmap_get_node:205: TRY: 63
DEBUG: src/lcthw/hashmap.c:Hashmap_get_node:205: TRY: 64
DEBUG: src/lcthw/hashmap.c:Hashmap_get_node:205: TRY: 65
DEBUG: src/lcthw/hashmap.c:Hashmap_get_node:205: TRY: 66
DEBUG: src/lcthw/hashmap.c:Hashmap_get_node:205: TRY: 67
DEBUG: src/lcthw/hashmap.c:Hashmap_get_node:205: TRY: 68
DEBUG: src/lcthw/hashmap.c:Hashmap_get_node:205: TRY: 69
DEBUG: src/lcthw/hashmap.c:Hashmap_get_node:205: TRY: 70
DEBUG: src/lcthw/hashmap.c:Hashmap_get_node:205: TRY: 71
DEBUG: src/lcthw/hashmap.c:Hashmap_get_node:205: TRY: 72
DEBUG: src/lcthw/hashmap.c:Hashmap_get_node:205: TRY: 73
DEBUG: src/lcthw/hashmap.c:Hashmap_get_node:205: TRY: 74
DEBUG: src/lcthw/hashmap.c:Hashmap_get_node:205: TRY: 75
DEBUG: src/lcthw/hashmap.c:Hashmap_get_node:205: TRY: 76
DEBUG: src/lcthw/hashmap.c:Hashmap_get_node:205: TRY: 77
DEBUG: src/lcthw/hashmap.c:Hashmap_get_node:205: TRY: 78
DEBUG: src/lcthw/hashmap.c:Hashmap_get_node:205: TRY: 79
DEBUG: src/lcthw/hashmap.c:Hashmap_get_node:205: TRY: 80
DEBUG: src/lcthw/hashmap.c:Hashmap_get_node:205: TRY: 81
DEBUG: src/lcthw/hashmap.c:Hashmap_get_node:205: TRY: 82
DEBUG: src/lcthw/hashmap.c:Hashmap_get_node:205: TRY: 83
DEBUG: src/lcthw/hashmap.c:Hashmap_get_node:205: TRY: 84
DEBUG: src/lcthw/hashmap.c:Hashmap_get_node:205: TRY: 85
DEBUG: src/lcthw/hashmap.c:Hashmap_get_node:205: TRY: 86
DEBUG: src/lcthw/hashmap.c:Hashmap_get_node:205: TRY: 87
DEBUG: src/lcthw/hashmap.c:Hashmap_get_node:205: TRY: 88
DEBUG: src/lcthw/hashmap.c:Hashmap_get_node:205: TRY: 89
DEBUG: src/lcthw/hashmap.c:Hashmap_get_node:205: TRY: 90
DEBUG: src/lcthw/hashmap.c:Hashmap_get_node:205: TRY: 91
DEBUG: src/lcthw/hashmap.c:Hashmap_get_node:205: TRY: 92
DEBUG: src/lcthw/hashmap.c:Hashmap_get_node:205: TRY: 93
DEBUG: src/lcthw/hashmap.c:Hashmap_get_node:205: TRY: 0
DEBUG: src/lcthw/hashmap.c:Hashmap_get_node:205: TRY: 1
DEBUG: src/lcthw/hashmap.c:Hashmap_get_node:205: TRY: 2
DEBUG: src/lcthw/hashmap.c:Hashmap_get_node:205: TRY: 3
DEBUG: src/lcthw/hashmap.c:Hashmap_get_node:205: TRY: 4
DEBUG: src/lcthw/hashmap.c:Hashmap_get_node:205: TRY: 5
DEBUG: src/lcthw/hashmap.c:Hashmap_get_node:205: TRY: 6
DEBUG: src/lcthw/hashmap.c:Hashmap_get_node:205: TRY: 7
DEBUG: src/lcthw/hashmap.c:Hashmap_get_node:205: TRY: 8
DEBUG: src/lcthw/hashmap.c:Hashmap_get_node:205: TRY: 9
DEBUG: src/lcthw/hashmap.c:Hashmap_get_node:205: TRY: 10
DEBUG: src/lcthw/hashmap.c:Hashmap_get_node:205: TRY: 11
DEBUG: src/lcthw/hashmap.c:Hashmap_get_node:205: TRY: 12
DEBUG: src/lcthw/hashmap.c:Hashmap_get_node:205: TRY: 13
DEBUG: src/lcthw/hashmap.c:Hashmap_get_node:205: TRY: 14
DEBUG: src/lcthw/hashmap.c:Hashmap_get_node:205: TRY: 15
DEBUG: src/lcthw/hashmap.c:Hashmap_get_node:205: TRY: 16
DEBUG: src/lcthw/hashmap.c:Hashmap_get_node:205: TRY: 17
DEBUG: src/lcthw/hashmap.c:Hashmap_get_node:205: TRY: 18
DEBUG: src/lcthw/hashmap.c:Hashmap_get_node:205: TRY: 19
DEBUG: src/lcthw/hashmap.c:Hashmap_get_node:205: TRY: 20
DEBUG: src/lcthw/hashmap.c:Hashmap_get_node:205: TRY: 21
DEBUG: src/lcthw/hashmap.c:Hashmap_get_node:205: TRY: 22
DEBUG: src/lcthw/hashmap.c:Hashmap_get_node:205: TRY: 23
DEBUG: src/lcthw/hashmap.c:Hashmap_get_node:205: TRY: 24
DEBUG: src/lcthw/hashmap.c:Hashmap_get_node:205: TRY: 25
DEBUG: src/lcthw/hashmap.c:Hashmap_get_node:205: TRY: 26
DEBUG: src/lcthw/hashmap.c:Hashmap_get_node:205: TRY: 27
DEBUG: src/lcthw/hashmap.c:Hashmap_get_node:205: TRY: 28
DEBUG: src/lcthw/hashmap.c:Hashmap_get_node:205: TRY: 29
DEBUG: src/lcthw/hashmap.c:Hashmap_get_node:205: TRY: 30
DEBUG: src/lcthw/hashmap.c:Hashmap_get_node:205: TRY: 31
DEBUG: src/lcthw/hashmap.c:Hashmap_get_node:205: TRY: 32
DEBUG: src/lcthw/hashmap.c:Hashmap_get_node:205: TRY: 33
DEBUG: src/lcthw/hashmap.c:Hashmap_get_node:205: TRY: 34
DEBUG: src/lcthw/hashmap.c:Hashmap_get_node:205: TRY: 35
DEBUG: src/lcthw/hashmap.c:Hashmap_get_node:205: TRY: 36
DEBUG: src/lcthw/hashmap.c:Hashmap_get_node:205: TRY: 37
DEBUG: src/lcthw/hashmap.c:Hashmap_get_node:205: TRY: 38
DEBUG: src/lcthw/hashmap.c:Hashmap_get_node:205: TRY: 39
DEBUG: src/lcthw/hashmap.c:Hashmap_get_node:205: TRY: 40
DEBUG: src/lcthw/hashmap.c:Hashmap_get_node:205: TRY: 41
DEBUG: src/lcthw/hashmap.c:Hashmap_get_node:205: TRY: 42
DEBUG: src/lcthw/hashmap.c:Hashmap_get_node:205: TRY: 43
DEBUG: src/lcthw/hashmap.c:Hashmap_get_node:205: TRY: 44
DEBUG: src/lcthw/hashmap.c:Hashmap_get_node:205: TRY: 45
DEBUG: src/lcthw/hashmap.c:Hashmap_get_node:205: TRY: 46
DEBUG: src/lcthw/hashmap.c:Hashmap_get_node:205: TRY: 47
DEBUG: src/lcthw/hashmap.c:Hashmap_get_node:205: TRY: 48
DEBUG: src/lcthw/hashmap.c:Hashmap_get_node:205: TRY: 49
DEBUG: src/lcthw/hashmap.c:Hashmap_get_node:205: TRY: 50
DEBUG: src/lcthw/hashmap.c:Hashmap_get_node:205: TRY: 51
DEBUG: src/lcthw/hashmap.c:Hashmap_get_node:205: TRY: 52
DEBUG: src/lcthw/hashmap.c:Hashmap_get_node:205: TRY: 53
DEBUG: src/lcthw/hashmap.c:Hashmap_get_node:205: TRY: 54
DEBUG: src/lcthw/hashmap.c:Hashmap_get_node:205: TRY: 55
DEBUG: src/lcthw/hashmap.c:Hashmap_get_node:205: TRY: 56
DEBUG: src/lcthw/hashmap.c:Hashmap_get_node:205: TRY: 57
DEBUG: src/lcthw/hashmap.c:Hashmap_get_node:205: TRY: 58
DEBUG: src/lcthw/hashmap.c:Hashmap_get_node:205: TRY: 59
DEBUG: src/lcthw/hashmap.c:Hashmap_get_node:205: TRY: 60
DEBUG: src/lcthw/hashmap.c:Hashmap_get_node:205: TRY: 61
DEBUG: src/lcthw/hashmap.c:Hashmap_get_node:205: TRY: 62
DEBUG: src/lcthw/hashmap.c:Hashmap_get_node:205: TRY: 63
DEBUG: src/lcthw/hashmap.c:Hashmap_get_node:205: TRY: 64
DEBUG: src/lcthw/hashmap.c:Hashmap_get_node:205: TRY: 65
DEBUG: src/lcthw/hashmap.c:Hashmap_get_node:205: TRY: 66
DEBUG: src/lcthw/hashmap.c:Hashmap_get_node:205: TRY: 67
DEBUG: src/lcthw/hashmap.c:Hashmap_get_node:205: TRY: 68
DEBUG: src/lcthw/hashmap.c:Hashmap_get_node:205: TRY: 69
DEBUG: src/lcthw/hashmap.c:Hashmap_get_node:205: TRY: 70
DEBUG: src/lcthw/hashmap.c:Hashmap_get_node:205: TRY: 71
DEBUG: src/lcthw/hashmap.c:Hashmap_get_node:205: TRY: 72
DEBUG: src/lcthw/hashmap.c:Hashmap_get_node:205: TRY: 73
DEBUG: src/lcthw/hashmap.c:Hashmap_get_node:205: TRY: 74
DEBUG: src/lcthw/hashmap.c:Hashmap_get_node:205: TRY: 75
DEBUG: src/lcthw/hashmap.c:Hashmap_get_node:205: TRY: 76
DEBUG: src/lcthw/hashmap.c:Hashmap_get_node:205: TRY: 77
DEBUG: src/lcthw/hashmap.c:Hashmap_get_node:205: TRY: 78
DEBUG: src/lcthw/hashmap.c:Hashmap_get_node:205: TRY: 79
DEBUG: src/lcthw/hashmap.c:Hashmap_get_node:205: TRY: 80
DEBUG: src/lcthw/hashmap.c:Hashmap_get_node:205: TRY: 81
DEBUG: src/lcthw/hashmap.c:Hashmap_get_node:205: TRY: 82
DEBUG: src/lcthw/hashmap.c:Hashmap_get_node:205: TRY: 83
DEBUG: src/lcthw/hashmap.c:Hashmap_get_node:205: TRY: 84
DEBUG: src/lcthw/hashmap.c:Hashmap_get_node:205: TRY: 85
DEBUG: src/lcthw/hashmap.c:Hashmap_get_node:205: TRY: 86
DEBUG: src/lcthw/hashmap.c:Hashmap_get_node:205: TRY: 87
DEBUG: src/lcthw/hashmap.c:Hashmap_get_node:205: TRY: 88
DEBUG: src/lcthw/hashmap.c:Hashmap_get_node:205: TRY: 89
DEBUG: src/lcthw/hashmap.c:Hashmap_get_node:205: TRY: 90
DEBUG: src/lcthw/hashmap.c:Hashmap_get_node:205: TRY: 91
DEBUG: src/lcthw/hashmap.c:Hashmap_get_node:205: TRY: 92
DEBUG: src/lcthw/hashmap.c:Hashmap_get_node:205: TRY: 93
DEBUG: src/lcthw/hashmap.c:Hashmap_get_node:205: TRY: 94
DEBUG: src/lcthw/hashmap.c:Hashmap_get_node:205: TRY: 95
DEBUG: src/lcthw/hashmap.c:Hashmap_get_node:205: TRY: 96
DEBUG: src/lcthw/hashmap.c:Hashmap_get_node:205: TRY: 97
DEBUG: src/lcthw/hashmap.c:Hashmap_get_node:205: TRY: 98
DEBUG: src/lcthw/hashmap.c:Hashmap_get_node:205: TRY: 0
DEBUG: src/lcthw/hashmap.c:Hashmap_get_node:205: TRY: 1
DEBUG: src/lcthw/hashmap.c:Hashmap_get_node:205: TRY: 2
DEBUG: src/lcthw/hashmap.c:Hashmap_get_node:205: TRY: 3
DEBUG: src/lcthw/hashmap.c:Hashmap_get_node:205: TRY: 4
DEBUG: src/lcthw/hashmap.c:Hashmap_get_node:205: TRY: 5
DEBUG: src/lcthw/hashmap.c:Hashmap_get_node:205: TRY: 6
DEBUG: src/lcthw/hashmap.c:Hashmap_get_node:205: TRY: 7
DEBUG: src/lcthw/hashmap.c:Hashmap_get_node:205: TRY: 8
DEBUG: src/lcthw/hashmap.c:Hashmap_get_node:205: TRY: 9
DEBUG: src/lcthw/hashmap.c:Hashmap_get_node:205: TRY: 10
DEBUG: src/lcthw/hashmap.c:Hashmap_get_node:205: TRY: 11
DEBUG: src/lcthw/hashmap.c:Hashmap_get_node:205: TRY: 12
DEBUG: src/lcthw/hashmap.c:Hashmap_get_node:205: TRY: 13
DEBUG: src/lcthw/hashmap.c:Hashmap_get_node:205: TRY: 14
DEBUG: src/lcthw/hashmap.c:Hashmap_get_node:205: TRY: 15
DEBUG: src/lcthw/hashmap.c:Hashmap_get_node:205: TRY: 16
DEBUG: src/lcthw/hashmap.c:Hashmap_get_node:205: TRY: 17
DEBUG: src/lcthw/hashmap.c:Hashmap_get_node:205: TRY: 18
DEBUG: src/lcthw/hashmap.c:Hashmap_get_node:205: TRY: 19
DEBUG: src/lcthw/hashmap.c:Hashmap_get_node:205: TRY: 20
DEBUG: src/lcthw/hashmap.c:Hashmap_get_node:205: TRY: 21
DEBUG: src/lcthw/hashmap.c:Hashmap_get_node:205: TRY: 22
DEBUG: src/lcthw/hashmap.c:Hashmap_get_node:205: TRY: 23
DEBUG: src/lcthw/hashmap.c:Hashmap_get_node:205: TRY: 24
DEBUG: src/lcthw/hashmap.c:Hashmap_get_node:205: TRY: 25
DEBUG: src/lcthw/hashmap.c:Hashmap_get_node:205: TRY: 26
DEBUG: src/lcthw/hashmap.c:Hashmap_get_node:205: TRY: 27
DEBUG: src/lcthw/hashmap.c:Hashmap_get_node:205: TRY: 28
DEBUG: src/lcthw/hashmap.c:Hashmap_get_node:205: TRY: 29
DEBUG: src/lcthw/hashmap.c:Hashmap_get_node:205: TRY: 30
DEBUG: src/lcthw/hashmap.c:Hashmap_get_node:205: TRY: 31
DEBUG: src/lcthw/hashmap.c:Hashmap_get_node:205: TRY: 32
DEBUG: src/lcthw/hashmap.c:Hashmap_get_node:205: TRY: 33
DEBUG: src/lcthw/hashmap.c:Hashmap_get_node:205: TRY: 34
DEBUG: src/lcthw/hashmap.c:Hashmap_get_node:205: TRY: 35
DEBUG: src/lcthw/hashmap.c:Hashmap_get_node:205: TRY: 36
DEBUG: src/lcthw/hashmap.c:Hashmap_get_node:205: TRY: 37
DEBUG: src/lcthw/hashmap.c:Hashmap_get_node:205: TRY: 38
DEBUG: src/lcthw/hashmap.c:Hashmap_get_node:205: TRY: 39
DEBUG: src/lcthw/hashmap.c:Hashmap_get_node:205: TRY: 40
DEBUG: src/lcthw/hashmap.c:Hashmap_get_node:205: TRY: 41
DEBUG: src/lcthw/hashmap.c:Hashmap_get_node:205: TRY: 42
DEBUG: src/lcthw/hashmap.c:Hashmap_get_node:205: TRY: 43
DEBUG: src/lcthw/hashmap.c:Hashmap_get_node:205: TRY: 44
DEBUG: src/lcthw/hashmap.c:Hashmap_get_node:205: TRY: 45
DEBUG: src/lcthw/hashmap.c:Hashmap_get_node:205: TRY: 46
DEBUG: src/lcthw/hashmap.c:Hashmap_get_node:205: TRY: 47
DEBUG: src/lcthw/hashmap.c:Hashmap_get_node:205: TRY: 48
DEBUG: src/lcthw/hashmap.c:Hashmap_get_node:205: TRY: 49
DEBUG: src/lcthw/hashmap.c:Hashmap_get_node:205: TRY: 50
DEBUG: src/lcthw/hashmap.c:Hashmap_get_node:205: TRY: 51
DEBUG: src/lcthw/hashmap.c:Hashmap_get_node:205: TRY: 52
DEBUG: src/lcthw/hashmap.c:Hashmap_get_node:205: TRY: 53
DEBUG: src/lcthw/hashmap.c:Hashmap_get_node:205: TRY: 54
DEBUG: src/lcthw/hashmap.c:Hashmap_get_node:205: TRY: 55
DEBUG: src/lcthw/hashmap.c:Hashmap_get_node:205: TRY: 56
DEBUG: src/lcthw/hashmap.c:Hashmap_get_node:205: TRY: 57
DEBUG: src/lcthw/hashmap.c:Hashmap_get_node:205: TRY: 58
DEBUG: src/lcthw/hashmap.c:Hashmap_get_node:205: TRY: 59
DEBUG: src/lcthw/hashmap.c:Hashmap_get_node:205: TRY: 60
DEBUG: src/lcthw/hashmap.c:Hashmap_get_node:205: TRY: 61
DEBUG: src/lcthw/hashmap.c:Hashmap_get_node:205: TRY: 62
DEBUG: src/lcthw/hashmap.c:Hashmap_get_node:205: TRY: 63
DEBUG: src/lcthw/hashmap.c:Hashmap_get_node:205: TRY: 64
DEBUG: src/lcthw/hashmap.c:Hashmap_get_node:205: TRY: 65
DEBUG: src/lcthw/hashmap.c:Hashmap_get_node:205: TRY: 66
DEBUG: src/lcthw/hashmap.c:Hashmap_get_node:205: TRY: 67
DEBUG: src/lcthw/hashmap.c:Hashmap_get_node:205: TRY: 68
DEBUG: src/lcthw/hashmap.c:Hashmap_get_node:205: TRY: 69
DEBUG: src/lcthw/hashmap.c:Hashmap_get_node:205: TRY: 70
DEBUG: src/lcthw/hashmap.c:Hashmap_get_node:205: TRY: 71
DEBUG: src/lcthw/hashmap.c:Hashmap_get_node:205: TRY: 72
DEBUG: src/lcthw/hashmap.c:Hashmap_get_node:205: TRY: 73
DEBUG: src/lcthw/hashmap.c:Hashmap_get_node:205: TRY: 74
DEBUG: src/lcthw/hashmap.c:Hashmap_get_node:205: TRY: 75
DEBUG: src/lcthw/hashmap.c:Hashmap_get_node:205: TRY: 76
DEBUG: src/lcthw/hashmap.c:Hashmap_get_node:205: TRY: 77
DEBUG: src/lcthw/hashmap.c:Hashmap_get_node:205: TRY: 78
DEBUG: src/lcthw/hashmap.c:Hashmap_get_node:205: TRY: 79
DEBUG: src/lcthw/hashmap.c:Hashmap_get_node:205: TRY: 80
DEBUG: src/lcthw/hashmap.c:Hashmap_get_node:205: TRY: 81
DEBUG: src/lcthw/hashmap.c:Hashmap_get_node:205: TRY: 82
DEBUG: src/lcthw/hashmap.c:Hashmap_get_node:205: TRY: 83
DEBUG: src/lcthw/hashmap.c:Hashmap_get_node:205: TRY: 84
DEBUG: src/lcthw/hashmap.c:Hashmap_get_node:205: TRY: 85
DEBUG: src/lcthw/hashmap.c:Hashmap_get_node:205: TRY: 86
DEBUG: src/lcthw/hashmap.c:Hashmap_get_node:205: TRY: 87
DEBUG: src/lcthw/hashmap.c:Hashmap_get_node:205: TRY: 88
DEBUG: src/lcthw/hashmap.c:Hashmap_get_node:205: TRY: 89
DEBUG: src/lcthw/hashmap.c:Hashmap_get_node:205: TRY: 90
DEBUG: src/lcthw/hashmap.c:Hashmap_get_node:205: TRY: 91
DEBUG: src/lcthw/hashmap.c:Hashmap_get_node:205: TRY: 92
DEBUG: src/lcthw/hashmap.c:Hashmap_get_node:205: TRY: 93
DEBUG: src/lcthw/hashmap.c:Hashmap_get_node:205: TRY: 94
DEBUG: src/lcthw/hashmap.c:Hashmap_get_node:205: TRY: 95
DEBUG: src/lcthw/hashmap.c:Hashmap_get_node:205: TRY: 96
DEBUG: src/lcthw/hashmap.c:Hashmap_get_node:205: TRY: 97
DEBUG: src/lcthw/hashmap.c:Hashmap_get_node:205: TRY: 98
DEBUG: src/lcthw/hashmap.c:Hashmap_get_node:205: TRY: 99
DEBUG: src/lcthw/hashmap.c:Hashmap_get_node:205: TRY: 100
DEBUG: src/lcthw/hashmap.c:Hashmap_get_node:205: TRY: 101
DEBUG: src/lcthw/hashmap.c:Hashmap_get_node:205: TRY: 102
DEBUG: src/lcthw/hashmap.c:Hashmap_get_node:205: TRY: 103
DEBUG: src/lcthw/hashmap.c:Hashmap_get_node:205: TRY: 104
DEBUG: src/lcthw/hashmap.c:Hashmap_get_node:205: TRY: 105
DEBUG: src/lcthw/hashmap.c:Hashmap_get_node:205: TRY: 106
DEBUG: src/lcthw/hashmap.c:Hashmap_get_node:205: TRY: 107
DEBUG: src/lcthw/hashmap.c:Hashmap_get_node:205: TRY: 108
DEBUG: src/lcthw/hashmap.c:Hashmap_get_node:205: TRY: 109
DEBUG: src/lcthw/hashmap.c:Hashmap_get_node:205: TRY: 110
DEBUG: src/lcthw/hashmap.c:Hashmap_get_node:205: TRY: 111
DEBUG: src/lcthw/hashmap.c:Hashmap_get_node:205: TRY: 112
DEBUG: src/lcthw/hashmap.c:Hashmap_get_node:205: TRY: 113
DEBUG: src/lcthw/hashmap.c:Hashmap_get_node:205: TRY: 114
DEBUG: src/lcthw/hashmap.c:Hashmap_get_node:205: TRY: 115
DEBUG: src/lcthw/hashmap.c:Hashmap_get_node:205: TRY: 116
DEBUG: src/lcthw/hashmap.c:Hashmap_get_node:205: TRY: 117
DEBUG: src/lcthw/hashmap.c:Hashmap_get_node:205: TRY: 118
DEBUG: src/lcthw/hashmap.c:Hashmap_get_node:205: TRY: 119
DEBUG: src/lcthw/hashmap.c:Hashmap_get_node:205: TRY: 120
DEBUG: src/lcthw/hashmap.c:Hashmap_get_node:205: TRY: 121
DEBUG: src/lcthw/hashmap.c:Hashmap_get_node:205: TRY: 122
DEBUG: src/lcthw/hashmap.c:Hashmap_get_node:205: TRY: 123
DEBUG: src/lcthw/hashmap.c:Hashmap_get_node:205: TRY: 124
DEBUG: src/lcthw/hashmap.c:Hashmap_get_node:205: TRY: 0
DEBUG: src/lcthw/hashmap.c:Hashmap_get_node:205: TRY: 1
DEBUG: src/lcthw/hashmap.c:Hashmap_get_node:205: TRY: 2
DEBUG: src/lcthw/hashmap.c:Hashmap_get_node:205: TRY: 3
DEBUG: src/lcthw/hashmap.c:Hashmap_get_node:205: TRY: 4
DEBUG: src/lcthw/hashmap.c:Hashmap_get_node:205: TRY: 5
DEBUG: src/lcthw/hashmap.c:Hashmap_get_node:205: TRY: 6
DEBUG: src/lcthw/hashmap.c:Hashmap_get_node:205: TRY: 7
DEBUG: src/lcthw/hashmap.c:Hashmap_get_node:205: TRY: 8
DEBUG: src/lcthw/hashmap.c:Hashmap_get_node:205: TRY: 9
DEBUG: src/lcthw/hashmap.c:Hashmap_get_node:205: TRY: 10
DEBUG: src/lcthw/hashmap.c:Hashmap_get_node:205: TRY: 11
DEBUG: src/lcthw/hashmap.c:Hashmap_get_node:205: TRY: 12
DEBUG: src/lcthw/hashmap.c:Hashmap_get_node:205: TRY: 13
DEBUG: src/lcthw/hashmap.c:Hashmap_get_node:205: TRY: 14
DEBUG: src/lcthw/hashmap.c:Hashmap_get_node:205: TRY: 15
DEBUG: src/lcthw/hashmap.c:Hashmap_get_node:205: TRY: 16
DEBUG: src/lcthw/hashmap.c:Hashmap_get_node:205: TRY: 17
DEBUG: src/lcthw/hashmap.c:Hashmap_get_node:205: TRY: 18
DEBUG: src/lcthw/hashmap.c:Hashmap_get_node:205: TRY: 19
DEBUG: src/lcthw/hashmap.c:Hashmap_get_node:205: TRY: 20
DEBUG: src/lcthw/hashmap.c:Hashmap_get_node:205: TRY: 21
DEBUG: src/lcthw/hashmap.c:Hashmap_get_node:205: TRY: 22
DEBUG: src/lcthw/hashmap.c:Hashmap_get_node:205: TRY: 23
DEBUG: src/lcthw/hashmap.c:Hashmap_get_node:205: TRY: 24
DEBUG: src/lcthw/hashmap.c:Hashmap_get_node:205: TRY: 25
DEBUG: src/lcthw/hashmap.c:Hashmap_get_node:205: TRY: 26
DEBUG: src/lcthw/hashmap.c:Hashmap_get_node:205: TRY: 27
DEBUG: src/lcthw/hashmap.c:Hashmap_get_node:205: TRY: 28
DEBUG: src/lcthw/hashmap.c:Hashmap_get_node:205: TRY: 29
DEBUG: src/lcthw/hashmap.c:Hashmap_get_node:205: TRY: 30
DEBUG: src/lcthw/hashmap.c:Hashmap_get_node:205: TRY: 31
DEBUG: src/lcthw/hashmap.c:Hashmap_get_node:205: TRY: 32
DEBUG: src/lcthw/hashmap.c:Hashmap_get_node:205: TRY: 33
DEBUG: src/lcthw/hashmap.c:Hashmap_get_node:205: TRY: 34
DEBUG: src/lcthw/hashmap.c:Hashmap_get_node:205: TRY: 35
DEBUG: src/lcthw/hashmap.c:Hashmap_get_node:205: TRY: 36
DEBUG: src/lcthw/hashmap.c:Hashmap_get_node:205: TRY: 37
DEBUG: src/lcthw/hashmap.c:Hashmap_get_node:205: TRY: 38
DEBUG: src/lcthw/hashmap.c:Hashmap_get_node:205: TRY: 39
DEBUG: src/lcthw/hashmap.c:Hashmap_get_node:205: TRY: 40
DEBUG: src/lcthw/hashmap.c:Hashmap_get_node:205: TRY: 41
DEBUG: src/lcthw/hashmap.c:Hashmap_get_node:205: TRY: 42
DEBUG: src/lcthw/hashmap.c:Hashmap_get_node:205: TRY: 43
DEBUG: src/lcthw/hashmap.c:Hashmap_get_node:205: TRY: 44
DEBUG: src/lcthw/hashmap.c:Hashmap_get_node:205: TRY: 45
DEBUG: src/lcthw/hashmap.c:Hashmap_get_node:205: TRY: 46
DEBUG: src/lcthw/hashmap.c:Hashmap_get_node:205: TRY: 47
DEBUG: src/lcthw/hashmap.c:Hashmap_get_node:205: TRY: 48
DEBUG: src/lcthw/hashmap.c:Hashmap_get_node:205: TRY: 49
DEBUG: src/lcthw/hashmap.c:Hashmap_get_node:205: TRY: 50
DEBUG: src/lcthw/hashmap.c:Hashmap_get_node:205: TRY: 51
DEBUG: src/lcthw/hashmap.c:Hashmap_get_node:205: TRY: 52
DEBUG: src/lcthw/hashmap.c:Hashmap_get_node:205: TRY: 53
DEBUG: src/lcthw/hashmap.c:Hashmap_get_node:205: TRY: 54
DEBUG: src/lcthw/hashmap.c:Hashmap_get_node:205: TRY: 55
DEBUG: src/lcthw/hashmap.c:Hashmap_get_node:205: TRY: 56
DEBUG: src/lcthw/hashmap.c:Hashmap_get_node:205: TRY: 57
DEBUG: src/lcthw/hashmap.c:Hashmap_get_node:205: TRY: 58
DEBUG: src/lcthw/hashmap.c:Hashmap_get_node:205: TRY: 59
DEBUG: src/lcthw/hashmap.c:Hashmap_get_node:205: TRY: 60
DEBUG: src/lcthw/hashmap.c:Hashmap_get_node:205: TRY: 61
DEBUG: src/lcthw/hashmap.c:Hashmap_get_node:205: TRY: 62
DEBUG: src/lcthw/hashmap.c:Hashmap_get_node:205: TRY: 63
DEBUG: src/lcthw/hashmap.c:Hashmap_get_node:205: TRY: 64
DEBUG: src/lcthw/hashmap.c:Hashmap_get_node:205: TRY: 65
DEBUG: src/lcthw/hashmap.c:Hashmap_get_node:205: TRY: 66
DEBUG: src/lcthw/hashmap.c:Hashmap_get_node:205: TRY: 67
DEBUG: src/lcthw/hashmap.c:Hashmap_get_node:205: TRY: 68
DEBUG: src/lcthw/hashmap.c:Hashmap_get_node:205: TRY: 69
DEBUG: src/lcthw/hashmap.c:Hashmap_get_node:205: TRY: 70
DEBUG: src/lcthw/hashmap.c:Hashmap_get_node:205: TRY: 71
DEBUG: src/lcthw/hashmap.c:Hashmap_get_node:205: TRY: 72
DEBUG: src/lcthw/hashmap.c:Hashmap_get_node:205: TRY: 73
DEBUG: src/lcthw/hashmap.c:Hashmap_get_node:205: TRY: 74
DEBUG: src/lcthw/hashmap.c:Hashmap_get_node:205: TRY: 75
DEBUG: src/lcthw/hashmap.c:Hashmap_get_node:205: TRY: 76
DEBUG: src/lcthw/hashmap.c:Hashmap_get_node:205: TRY: 77
DEBUG: src/lcthw/hashmap.c:Hashmap_get_node:205: TRY: 78
DEBUG: src/lcthw/hashmap.c:Hashmap_get_node:205: TRY: 79
DEBUG: src/lcthw/hashmap.c:Hashmap_get_node:205: TRY: 80
DEBUG: src/lcthw/hashmap.c:Hashmap_get_node:205: TRY: 81
DEBUG: src/lcthw/hashmap.c:Hashmap_get_node:205: TRY: 82
DEBUG: src/lcthw/hashmap.c:Hashmap_get_node:205: TRY: 83
DEBUG: src/lcthw/hashmap.c:Hashmap_get_node:205: TRY: 84
DEBUG: src/lcthw/hashmap.c:Hashmap_get_node:205: TRY: 85
DEBUG: src/lcthw/hashmap.c:Hashmap_get_node:205: TRY: 86
DEBUG: src/lcthw/hashmap.c:Hashmap_get_node:205: TRY: 87
DEBUG: src/lcthw/hashmap.c:Hashmap_get_node:205: TRY: 88
DEBUG: src/lcthw/hashmap.c:Hashmap_get_node:205: TRY: 89
DEBUG: src/lcthw/hashmap.c:Hashmap_get_node:205: TRY: 90
DEBUG: src/lcthw/hashmap.c:Hashmap_get_node:205: TRY: 91
DEBUG: src/lcthw/hashmap.c:Hashmap_get_node:205: TRY: 92
DEBUG: src/lcthw/hashmap.c:Hashmap_get_node:205: TRY: 93
DEBUG: src/lcthw/hashmap.c:Hashmap_get_node:205: TRY: 94
DEBUG: src/lcthw/hashmap.c:Hashmap_get_node:205: TRY: 95
DEBUG: src/lcthw/hashmap.c:Hashmap_get_node:205: TRY: 0
DEBUG: src/lcthw/hashmap.c:Hashmap_get_node:205: TRY: 1
DEBUG: src/lcthw/hashmap.c:Hashmap_get_node:205: TRY: 2
DEBUG: src/lcthw/hashmap.c:Hashmap_get_node:205: TRY: 3
DEBUG: src/lcthw/hashmap.c:Hashmap_get_node:205: TRY: 4
DEBUG: src/lcthw/hashmap.c:Hashmap_get_node:205: TRY: 5
DEBUG: src/lcthw/hashmap.c:Hashmap_get_node:205: TRY: 6
DEBUG: src/lcthw/hashmap.c:Hashmap_get_node:205: TRY: 7
DEBUG: src/lcthw/hashmap.c:Hashmap_get_node:205: TRY: 8
DEBUG: src/lcthw/hashmap.c:Hashmap_get_node:205: TRY: 9
DEBUG: src/lcthw/hashmap.c:Hashmap_get_node:205: TRY: 10
DEBUG: src/lcthw/hashmap.c:Hashmap_get_node:205: TRY: 11
DEBUG: src/lcthw/hashmap.c:Hashmap_get_node:205: TRY: 12
DEBUG: src/lcthw/hashmap.c:Hashmap_get_node:205: TRY: 13
DEBUG: src/lcthw/hashmap.c:Hashmap_get_node:205: TRY: 14
DEBUG: src/lcthw/hashmap.c:Hashmap_get_node:205: TRY: 15
DEBUG: src/lcthw/hashmap.c:Hashmap_get_node:205: TRY: 16
DEBUG: src/lcthw/hashmap.c:Hashmap_get_node:205: TRY: 17
DEBUG: src/lcthw/hashmap.c:Hashmap_get_node:205: TRY: 18
DEBUG: src/lcthw/hashmap.c:Hashmap_get_node:205: TRY: 19
DEBUG: src/lcthw/hashmap.c:Hashmap_get_node:205: TRY: 20
DEBUG: src/lcthw/hashmap.c:Hashmap_get_node:205: TRY: 21
DEBUG: src/lcthw/hashmap.c:Hashmap_get_node:205: TRY: 22
DEBUG: src/lcthw/hashmap.c:Hashmap_get_node:205: TRY: 23
DEBUG: src/lcthw/hashmap.c:Hashmap_get_node:205: TRY: 24
DEBUG: src/lcthw/hashmap.c:Hashmap_get_node:205: TRY: 25
DEBUG: src/lcthw/hashmap.c:Hashmap_get_node:205: TRY: 26
DEBUG: src/lcthw/hashmap.c:Hashmap_get_node:205: TRY: 27
DEBUG: src/lcthw/hashmap.c:Hashmap_get_node:205: TRY: 28
DEBUG: src/lcthw/hashmap.c:Hashmap_get_node:205: TRY: 29
DEBUG: src/lcthw/hashmap.c:Hashmap_get_node:205: TRY: 30
DEBUG: src/lcthw/hashmap.c:Hashmap_get_node:205: TRY: 31
DEBUG: src/lcthw/hashmap.c:Hashmap_get_node:205: TRY: 32
DEBUG: src/lcthw/hashmap.c:Hashmap_get_node:205: TRY: 33
DEBUG: src/lcthw/hashmap.c:Hashmap_get_node:205: TRY: 34
DEBUG: src/lcthw/hashmap.c:Hashmap_get_node:205: TRY: 35
DEBUG: src/lcthw/hashmap.c:Hashmap_get_node:205: TRY: 36
DEBUG: src/lcthw/hashmap.c:Hashmap_get_node:205: TRY: 37
DEBUG: src/lcthw/hashmap.c:Hashmap_get_node:205: TRY: 38
DEBUG: src/lcthw/hashmap.c:Hashmap_get_node:205: TRY: 39
DEBUG: src/lcthw/hashmap.c:Hashmap_get_node:205: TRY: 40
DEBUG: src/lcthw/hashmap.c:Hashmap_get_node:205: TRY: 41
DEBUG: src/lcthw/hashmap.c:Hashmap_get_node:205: TRY: 42
DEBUG: src/lcthw/hashmap.c:Hashmap_get_node:205: TRY: 43
DEBUG: src/lcthw/hashmap.c:Hashmap_get_node:205: TRY: 44
DEBUG: src/lcthw/hashmap.c:Hashmap_get_node:205: TRY: 45
DEBUG: src/lcthw/hashmap.c:Hashmap_get_node:205: TRY: 46
DEBUG: src/lcthw/hashmap.c:Hashmap_get_node:205: TRY: 47
DEBUG: src/lcthw/hashmap.c:Hashmap_get_node:205: TRY: 48
DEBUG: src/lcthw/hashmap.c:Hashmap_get_node:205: TRY: 49
DEBUG: src/lcthw/hashmap.c:Hashmap_get_node:205: TRY: 50
DEBUG: src/lcthw/hashmap.c:Hashmap_get_node:205: TRY: 51
DEBUG: src/lcthw/hashmap.c:Hashmap_get_node:205: TRY: 52
DEBUG: src/lcthw/hashmap.c:Hashmap_get_node:205: TRY: 53
DEBUG: src/lcthw/hashmap.c:Hashmap_get_node:205: TRY: 54
DEBUG: src/lcthw/hashmap.c:Hashmap_get_node:205: TRY: 55
DEBUG: src/lcthw/hashmap.c:Hashmap_get_node:205: TRY: 56
DEBUG: src/lcthw/hashmap.c:Hashmap_get_node:205: TRY: 57
DEBUG: src/lcthw/hashmap.c:Hashmap_get_node:205: TRY: 58
DEBUG: src/lcthw/hashmap.c:Hashmap_get_node:205: TRY: 59
DEBUG: src/lcthw/hashmap.c:Hashmap_get_node:205: TRY: 60
DEBUG: src/lcthw/hashmap.c:Hashmap_get_node:205: TRY: 61
DEBUG: src/lcthw/hashmap.c:Hashmap_get_node:205: TRY: 62
DEBUG: src/lcthw/hashmap.c:Hashmap_get_node:205: TRY: 63
DEBUG: src/lcthw/hashmap.c:Hashmap_get_node:205: TRY: 64
DEBUG: src/lcthw/hashmap.c:Hashmap_get_node:205: TRY: 65
DEBUG: src/lcthw/hashmap.c:Hashmap_get_node:205: TRY: 66
DEBUG: src/lcthw/hashmap.c:Hashmap_get_node:205: TRY: 67
DEBUG: src/lcthw/hashmap.c:Hashmap_get_node:205: TRY: 68
DEBUG: src/lcthw/hashmap.c:Hashmap_get_node:205: TRY: 69
DEBUG: src/lcthw/hashmap.c:Hashmap_get_node:205: TRY: 70
DEBUG: src/lcthw/hashmap.c:Hashmap_get_node:205: TRY: 71
DEBUG: src/lcthw/hashmap.c:Hashmap_get_node:205: TRY: 72
DEBUG: src/lcthw/hashmap.c:Hashmap_get_node:205: TRY: 73
DEBUG: src/lcthw/hashmap.c:Hashmap_get_node:205: TRY: 74
DEBUG: src/lcthw/hashmap.c:Hashmap_get_node:205: TRY: 75
DEBUG: src/lcthw/hashmap.c:Hashmap_get_node:205: TRY: 76
DEBUG: src/lcthw/hashmap.c:Hashmap_get_node:205: TRY: 77
DEBUG: src/lcthw/hashmap.c:Hashmap_get_node:205: TRY: 78
DEBUG: src/lcthw/hashmap.c:Hashmap_get_node:205: TRY: 79
DEBUG: src/lcthw/hashmap.c:Hashmap_get_node:205: TRY: 80
DEBUG: src/lcthw/hashmap.c:Hashmap_get_node:205: TRY: 81
DEBUG: src/lcthw/hashmap.c:Hashmap_get_node:205: TRY: 82
DEBUG: src/lcthw/hashmap.c:Hashmap_get_node:205: TRY: 83
DEBUG: src/lcthw/hashmap.c:Hashmap_get_node:205: TRY: 84
DEBUG: src/lcthw/hashmap.c:Hashmap_get_node:205: TRY: 85
DEBUG: src/lcthw/hashmap.c:Hashmap_get_node:205: TRY: 86
DEBUG: src/lcthw/hashmap.c:Hashmap_get_node:205: TRY: 87
DEBUG: src/lcthw/hashmap.c:Hashmap_get_node:205: TRY: 88
DEBUG: src/lcthw/hashmap.c:Hashmap_get_node:205: TRY: 89
DEBUG: src/lcthw/hashmap.c:Hashmap_get_node:205: TRY: 90
DEBUG: src/lcthw/hashmap.c:Hashmap_get_node:205: TRY: 0
DEBUG: src/lcthw/hashmap.c:Hashmap_get_node:205: TRY: 1
DEBUG: src/lcthw/hashmap.c:Hashmap_get_node:205: TRY: 2
DEBUG: src/lcthw/hashmap.c:Hashmap_get_node:205: TRY: 3
DEBUG: src/lcthw/hashmap.c:Hashmap_get_node:205: TRY: 4
DEBUG: src/lcthw/hashmap.c:Hashmap_get_node:205: TRY: 5
DEBUG: src/lcthw/hashmap.c:Hashmap_get_node:205: TRY: 6
DEBUG: src/lcthw/hashmap.c:Hashmap_get_node:205: TRY: 7
DEBUG: src/lcthw/hashmap.c:Hashmap_get_node:205: TRY: 8
DEBUG: src/lcthw/hashmap.c:Hashmap_get_node:205: TRY: 9
DEBUG: src/lcthw/hashmap.c:Hashmap_get_node:205: TRY: 10
DEBUG: src/lcthw/hashmap.c:Hashmap_get_node:205: TRY: 11
DEBUG: src/lcthw/hashmap.c:Hashmap_get_node:205: TRY: 12
DEBUG: src/lcthw/hashmap.c:Hashmap_get_node:205: TRY: 13
DEBUG: src/lcthw/hashmap.c:Hashmap_get_node:205: TRY: 14
DEBUG: src/lcthw/hashmap.c:Hashmap_get_node:205: TRY: 15
DEBUG: src/lcthw/hashmap.c:Hashmap_get_node:205: TRY: 16
DEBUG: src/lcthw/hashmap.c:Hashmap_get_node:205: TRY: 17
DEBUG: src/lcthw/hashmap.c:Hashmap_get_node:205: TRY: 18
DEBUG: src/lcthw/hashmap.c:Hashmap_get_node:205: TRY: 19
DEBUG: src/lcthw/hashmap.c:Hashmap_get_node:205: TRY: 20
DEBUG: src/lcthw/hashmap.c:Hashmap_get_node:205: TRY: 21
DEBUG: src/lcthw/hashmap.c:Hashmap_get_node:205: TRY: 22
DEBUG: src/lcthw/hashmap.c:Hashmap_get_node:205: TRY: 23
DEBUG: src/lcthw/hashmap.c:Hashmap_get_node:205: TRY: 24
DEBUG: src/lcthw/hashmap.c:Hashmap_get_node:205: TRY: 25
DEBUG: src/lcthw/hashmap.c:Hashmap_get_node:205: TRY: 26
DEBUG: src/lcthw/hashmap.c:Hashmap_get_node:205: TRY: 27
DEBUG: src/lcthw/hashmap.c:Hashmap_get_node:205: TRY: 28
DEBUG: src/lcthw/hashmap.c:Hashmap_get_node:205: TRY: 29
DEBUG: src/lcthw/hashmap.c:Hashmap_get_node:205: TRY: 30
DEBUG: src/lcthw/hashmap.c:Hashmap_get_node:205: TRY: 31
DEBUG: src/lcthw/hashmap.c:Hashmap_get_node:205: TRY: 32
DEBUG: src/lcthw/hashmap.c:Hashmap_get_node:205: TRY: 33
DEBUG: src/lcthw/hashmap.c:Hashmap_get_node:205: TRY: 34
DEBUG: src/lcthw/hashmap.c:Hashmap_get_node:205: TRY: 35
DEBUG: src/lcthw/hashmap.c:Hashmap_get_node:205: TRY: 36
DEBUG: src/lcthw/hashmap.c:Hashmap_get_node:205: TRY: 37
DEBUG: src/lcthw/hashmap.c:Hashmap_get_node:205: TRY: 38
DEBUG: src/lcthw/hashmap.c:Hashmap_get_node:205: TRY: 39
DEBUG: src/lcthw/hashmap.c:Hashmap_get_node:205: TRY: 40
DEBUG: src/lcthw/hashmap.c:Hashmap_get_node:205: TRY: 41
DEBUG: src/lcthw/hashmap.c:Hashmap_get_node:205: TRY: 42
DEBUG: src/lcthw/hashmap.c:Hashmap_get_node:205: TRY: 43
DEBUG: src/lcthw/hashmap.c:Hashmap_get_node:205: TRY: 44
DEBUG: src/lcthw/hashmap.c:Hashmap_get_node:205: TRY: 45
DEBUG: src/lcthw/hashmap.c:Hashmap_get_node:205: TRY: 46
DEBUG: src/lcthw/hashmap.c:Hashmap_get_node:205: TRY: 47
DEBUG: src/lcthw/hashmap.c:Hashmap_get_node:205: TRY: 48
DEBUG: src/lcthw/hashmap.c:Hashmap_get_node:205: TRY: 49
DEBUG: src/lcthw/hashmap.c:Hashmap_get_node:205: TRY: 50
DEBUG: src/lcthw/hashmap.c:Hashmap_get_node:205: TRY: 51
DEBUG: src/lcthw/hashmap.c:Hashmap_get_node:205: TRY: 52
DEBUG: src/lcthw/hashmap.c:Hashmap_get_node:205: TRY: 53
DEBUG: src/lcthw/hashmap.c:Hashmap_get_node:205: TRY: 54
DEBUG: src/lcthw/hashmap.c:Hashmap_get_node:205: TRY: 55
DEBUG: src/lcthw/hashmap.c:Hashmap_get_node:205: TRY: 56
DEBUG: src/lcthw/hashmap.c:Hashmap_get_node:205: TRY: 57
DEBUG: src/lcthw/hashmap.c:Hashmap_get_node:205: TRY: 58
DEBUG: src/lcthw/hashmap.c:Hashmap_get_node:205: TRY: 59
DEBUG: src/lcthw/hashmap.c:Hashmap_get_node:205: TRY: 60
DEBUG: src/lcthw/hashmap.c:Hashmap_get_node:205: TRY: 61
DEBUG: src/lcthw/hashmap.c:Hashmap_get_node:205: TRY: 62
DEBUG: src/lcthw/hashmap.c:Hashmap_get_node:205: TRY: 63
DEBUG: src/lcthw/hashmap.c:Hashmap_get_node:205: TRY: 64
DEBUG: src/lcthw/hashmap.c:Hashmap_get_node:205: TRY: 65
DEBUG: src/lcthw/hashmap.c:Hashmap_get_node:205: TRY: 66
DEBUG: src/lcthw/hashmap.c:Hashmap_get_node:205: TRY: 67
DEBUG: src/lcthw/hashmap.c:Hashmap_get_node:205: TRY: 68
DEBUG: src/lcthw/hashmap.c:Hashmap_get_node:205: TRY: 69
DEBUG: src/lcthw/hashmap.c:Hashmap_get_node:205: TRY: 70
DEBUG: src/lcthw/hashmap.c:Hashmap_get_node:205: TRY: 71
DEBUG: src/lcthw/hashmap.c:Hashmap_get_node:205: TRY: 72
DEBUG: src/lcthw/hashmap.c:Hashmap_get_node:205: TRY: 73
DEBUG: src/lcthw/hashmap.c:Hashmap_get_node:205: TRY: 74
DEBUG: src/lcthw/hashmap.c:Hashmap_get_node:205: TRY: 75
DEBUG: src/lcthw/hashmap.c:Hashmap_get_node:205: TRY: 76
DEBUG: src/lcthw/hashmap.c:Hashmap_get_node:205: TRY: 77
DEBUG: src/lcthw/hashmap.c:Hashmap_get_node:205: TRY: 78
DEBUG: src/lcthw/hashmap.c:Hashmap_get_node:205: TRY: 79
DEBUG: src/lcthw/hashmap.c:Hashmap_get_node:205: TRY: 80
DEBUG: src/lcthw/hashmap.c:Hashmap_get_node:205: TRY: 81
DEBUG: src/lcthw/hashmap.c:Hashmap_get_node:205: TRY: 82
DEBUG: src/lcthw/hashmap.c:Hashmap_get_node:205: TRY: 83
DEBUG: src/lcthw/hashmap.c:Hashmap_get_node:205: TRY: 84
DEBUG: src/lcthw/hashmap.c:Hashmap_get_node:205: TRY: 85
DEBUG: src/lcthw/hashmap.c:Hashmap_get_node:205: TRY: 86
DEBUG: src/lcthw/hashmap.c:Hashmap_get_node:205: TRY: 87
DEBUG: src/lcthw/hashmap.c:Hashmap_get_node:205: TRY: 88
DEBUG: src/lcthw/hashmap.c:Hashmap_get_node:205: TRY: 89
DEBUG: src/lcthw/hashmap.c:Hashmap_get_node:205: TRY: 90
DEBUG: src/lcthw/hashmap.c:Hashmap_get_node:205: TRY: 91
DEBUG: src/lcthw/hashmap.c:Hashmap_get_node:205: TRY: 92
DEBUG: src/lcthw/hashmap.c:Hashmap_get_node:205: TRY: 93
DEBUG: src/lcthw/hashmap.c:Hashmap_get_node:205: TRY: 94
DEBUG: src/lcthw/hashmap.c:Hashmap_get_node:205: TRY: 0
DEBUG: src/lcthw/hashmap.c:Hashmap_get_node:205: TRY: 1
DEBUG: src/lcthw/hashmap.c:Hashmap_get_node:205: TRY: 2
DEBUG: src/lcthw/hashmap.c:Hashmap_get_node:205: TRY: 3
DEBUG: src/lcthw/hashmap.c:Hashmap_get_node:205: TRY: 4
DEBUG: src/lcthw/hashmap.c:Hashmap_get_node:205: TRY: 5
DEBUG: src/lcthw/hashmap.c:Hashmap_get_node:205: TRY: 6
DEBUG: src/lcthw/hashmap.c:Hashmap_get_node:205: TRY: 7
DEBUG: src/lcthw/hashmap.c:Hashmap_get_node:205: TRY: 8
DEBUG: src/lcthw/hashmap.c:Hashmap_get_node:205: TRY: 9
DEBUG: src/lcthw/hashmap.c:Hashmap_get_node:205: TRY: 10
DEBUG: src/lcthw/hashmap.c:Hashmap_get_node:205: TRY: 11
DEBUG: src/lcthw/hashmap.c:Hashmap_get_node:205: TRY: 12
DEBUG: src/lcthw/hashmap.c:Hashmap_get_node:205: TRY: 13
DEBUG: src/lcthw/hashmap.c:Hashmap_get_node:205: TRY: 14
DEBUG: src/lcthw/hashmap.c:Hashmap_get_node:205: TRY: 15
DEBUG: src/lcthw/hashmap.c:Hashmap_get_node:205: TRY: 16
DEBUG: src/lcthw/hashmap.c:Hashmap_get_node:205: TRY: 17
DEBUG: src/lcthw/hashmap.c:Hashmap_get_node:205: TRY: 18
DEBUG: src/lcthw/hashmap.c:Hashmap_get_node:205: TRY: 19
DEBUG: src/lcthw/hashmap.c:Hashmap_get_node:205: TRY: 20
DEBUG: src/lcthw/hashmap.c:Hashmap_get_node:205: TRY: 21
DEBUG: src/lcthw/hashmap.c:Hashmap_get_node:205: TRY: 22
DEBUG: src/lcthw/hashmap.c:Hashmap_get_node:205: TRY: 23
DEBUG: src/lcthw/hashmap.c:Hashmap_get_node:205: TRY: 24
DEBUG: src/lcthw/hashmap.c:Hashmap_get_node:205: TRY: 25
DEBUG: src/lcthw/hashmap.c:Hashmap_get_node:205: TRY: 26
DEBUG: src/lcthw/hashmap.c:Hashmap_get_node:205: TRY: 27
DEBUG: src/lcthw/hashmap.c:Hashmap_get_node:205: TRY: 28
DEBUG: src/lcthw/hashmap.c:Hashmap_get_node:205: TRY: 29
DEBUG: src/lcthw/hashmap.c:Hashmap_get_node:205: TRY: 30
DEBUG: src/lcthw/hashmap.c:Hashmap_get_node:205: TRY: 31
DEBUG: src/lcthw/hashmap.c:Hashmap_get_node:205: TRY: 32
DEBUG: src/lcthw/hashmap.c:Hashmap_get_node:205: TRY: 33
DEBUG: src/lcthw/hashmap.c:Hashmap_get_node:205: TRY: 34
DEBUG: src/lcthw/hashmap.c:Hashmap_get_node:205: TRY: 35
DEBUG: src/lcthw/hashmap.c:Hashmap_get_node:205: TRY: 36
DEBUG: src/lcthw/hashmap.c:Hashmap_get_node:205: TRY: 37
DEBUG: src/lcthw/hashmap.c:Hashmap_get_node:205: TRY: 38
DEBUG: src/lcthw/hashmap.c:Hashmap_get_node:205: TRY: 39
DEBUG: src/lcthw/hashmap.c:Hashmap_get_node:205: TRY: 40
DEBUG: src/lcthw/hashmap.c:Hashmap_get_node:205: TRY: 41
DEBUG: src/lcthw/hashmap.c:Hashmap_get_node:205: TRY: 42
DEBUG: src/lcthw/hashmap.c:Hashmap_get_node:205: TRY: 43
DEBUG: src/lcthw/hashmap.c:Hashmap_get_node:205: TRY: 44
DEBUG: src/lcthw/hashmap.c:Hashmap_get_node:205: TRY: 45
DEBUG: src/lcthw/hashmap.c:Hashmap_get_node:205: TRY: 46
DEBUG: src/lcthw/hashmap.c:Hashmap_get_node:205: TRY: 47
DEBUG: src/lcthw/hashmap.c:Hashmap_get_node:205: TRY: 48
DEBUG: src/lcthw/hashmap.c:Hashmap_get_node:205: TRY: 49
DEBUG: src/lcthw/hashmap.c:Hashmap_get_node:205: TRY: 50
DEBUG: src/lcthw/hashmap.c:Hashmap_get_node:205: TRY: 51
DEBUG: src/lcthw/hashmap.c:Hashmap_get_node:205: TRY: 52
DEBUG: src/lcthw/hashmap.c:Hashmap_get_node:205: TRY: 53
DEBUG: src/lcthw/hashmap.c:Hashmap_get_node:205: TRY: 54
DEBUG: src/lcthw/hashmap.c:Hashmap_get_node:205: TRY: 55
DEBUG: src/lcthw/hashmap.c:Hashmap_get_node:205: TRY: 56
DEBUG: src/lcthw/hashmap.c:Hashmap_get_node:205: TRY: 57
DEBUG: src/lcthw/hashmap.c:Hashmap_get_node:205: TRY: 58
DEBUG: src/lcthw/hashmap.c:Hashmap_get_node:205: TRY: 59
DEBUG: src/lcthw/hashmap.c:Hashmap_get_node:205: TRY: 60
DEBUG: src/lcthw/hashmap.c:Hashmap_get_node:205: TRY: 61
DEBUG: src/lcthw/hashmap.c:Hashmap_get_node:205: TRY: 62
DEBUG: src/lcthw/hashmap.c:Hashmap_get_node:205: TRY: 63
DEBUG: src/lcthw/hashmap.c:Hashmap_get_node:205: TRY: 64
DEBUG: src/lcthw/hashmap.c:Hashmap_get_node:205: TRY: 65
DEBUG: src/lcthw/hashmap.c:Hashmap_get_node:205: TRY: 66
DEBUG: src/lcthw/hashmap.c:Hashmap_get_node:205: TRY: 67
DEBUG: src/lcthw/hashmap.c:Hashmap_get_node:205: TRY: 68
DEBUG: src/lcthw/hashmap.c:Hashmap_get_node:205: TRY: 69
DEBUG: src/lcthw/hashmap.c:Hashmap_get_node:205: TRY: 70
DEBUG: src/lcthw/hashmap.c:Hashmap_get_node:205: TRY: 71
DEBUG: src/lcthw/hashmap.c:Hashmap_get_node:205: TRY: 72
DEBUG: src/lcthw/hashmap.c:Hashmap_get_node:205: TRY: 73
DEBUG: src/lcthw/hashmap.c:Hashmap_get_node:205: TRY: 74
DEBUG: src/lcthw/hashmap.c:Hashmap_get_node:205: TRY: 75
DEBUG: src/lcthw/hashmap.c:Hashmap_get_node:205: TRY: 76
DEBUG: src/lcthw/hashmap.c:Hashmap_get_node:205: TRY: 77
DEBUG: src/lcthw/hashmap.c:Hashmap_get_node:205: TRY: 78
DEBUG: src/lcthw/hashmap.c:Hashmap_get_node:205: TRY: 79
DEBUG: src/lcthw/hashmap.c:Hashmap_get_node:205: TRY: 80
DEBUG: src/lcthw/hashmap.c:Hashmap_get_node:205: TRY: 81
DEBUG: src/lcthw/hashmap.c:Hashmap_get_node:205: TRY: 82
DEBUG: src/lcthw/hashmap.c:Hashmap_get_node:205: TRY: 83
DEBUG: src/lcthw/hashmap.c:Hashmap_get_node:205: TRY: 84
DEBUG: src/lcthw/hashmap.c:Hashmap_get_node:205: TRY: 85
DEBUG: src/lcthw/hashmap.c:Hashmap_get_node:205: TRY: 86
DEBUG: src/lcthw/hashmap.c:Hashmap_get_node:205: TRY: 87
DEBUG: src/lcthw/hashmap.c:Hashmap_get_node:205: TRY: 88
DEBUG: src/lcthw/hashmap.c:Hashmap_get_node:205: TRY: 89
DEBUG: src/lcthw/hashmap.c:Hashmap_get_node:205: TRY: 90
DEBUG: src/lcthw/hashmap.c:Hashmap_get_node:205: TRY: 91
DEBUG: src/lcthw/hashmap.c:Hashmap_get_node:205: TRY: 92
DEBUG: src/lcthw/hashmap.c:Hashmap_get_node:205: TRY: 93
DEBUG: src/lcthw/hashmap.c:Hashmap_get_node:205: TRY: 94
DEBUG: src/lcthw/hashmap.c:Hashmap_get_node:205: TRY: 95
DEBUG: src/lcthw/hashmap.c:Hashmap_get_node:205: TRY: 96
DEBUG: src/lcthw/hashmap.c:Hashmap_get_node:205: TRY: 97
DEBUG: src/lcthw/hashmap.c:Hashmap_get_node:205: TRY: 98
DEBUG: src/lcthw/hashmap.c:Hashmap_get_node:205: TRY: 99
DEBUG: src/lcthw/hashmap.c:Hashmap_get_node:205: TRY: 100
DEBUG: src/lcthw/hashmap.c:Hashmap_get_node:205: TRY: 101
DEBUG: src/lcthw/hashmap.c:Hashmap_get_node:205: TRY: 102
DEBUG: src/lcthw/hashmap.c:Hashmap_get_node:205: TRY: 103
DEBUG: src/lcthw/hashmap.c:Hashmap_get_node:205: TRY: 104
DEBUG: src/lcthw/hashmap.c:Hashmap_get_node:205: TRY: 105
DEBUG: src/lcthw/hashmap.c:Hashmap_get_node:205: TRY: 106
DEBUG: src/lcthw/hashmap.c:Hashmap_get_node:205: TRY: 107
DEBUG: src/lcthw/hashmap.c:Hashmap_get_node:205: TRY: 108
DEBUG: src/lcthw/hashmap.c:Hashmap_get_node:205: TRY: 109
DEBUG: src/lcthw/hashmap.c:Hashmap_get_node:205: TRY: 110
DEBUG: src/lcthw/hashmap.c:Hashmap_get_node:205: TRY: 111
DEBUG: src/lcthw/hashmap.c:Hashmap_get_node:205: TRY: 112
DEBUG: src/lcthw/hashmap.c:Hashmap_get_node:205: TRY: 113
DEBUG: src/lcthw/hashmap.c:Hashmap_get_node:205: TRY: 114
DEBUG: src/lcthw/hashmap.c:Hashmap_get_node:205: TRY: 115
DEBUG: src/lcthw/hashmap.c:Hashmap_get_node:205: TRY: 116
DEBUG: src/lcthw/hashmap.c:Hashmap_get_node:205: TRY: 117
DEBUG: src/lcthw/hashmap.c:Hashmap_get_node:205: TRY: 118
DEBUG: src/lcthw/hashmap.c:Hashmap_get_node:205: TRY: 119
DEBUG: src/lcthw/hashmap.c:Hashmap_get_node:205: TRY: 120
DEBUG: src/lcthw/hashmap.c:Hashmap_get_node:205: TRY: 121
DEBUG: src/lcthw/hashmap.c:Hashmap_get_node:205: TRY: 122
DEBUG: src/lcthw/hashmap.c:Hashmap_get_node:205: TRY: 123
DEBUG: src/lcthw/hashmap.c:Hashmap_get_node:205: TRY: 124
DEBUG: src/lcthw/hashmap.c:Hashmap_get_node:205: TRY: 125
DEBUG: src/lcthw/hashmap.c:Hashmap_get_node:205: TRY: 0
DEBUG: src/lcthw/hashmap.c:Hashmap_get_node:205: TRY: 1
DEBUG: src/lcthw/hashmap.c:Hashmap_get_node:205: TRY: 2
DEBUG: src/lcthw/hashmap.c:Hashmap_get_node:205: TRY: 3
DEBUG: src/lcthw/hashmap.c:Hashmap_get_node:205: TRY: 4
DEBUG: src/lcthw/hashmap.c:Hashmap_get_node:205: TRY: 5
DEBUG: src/lcthw/hashmap.c:Hashmap_get_node:205: TRY: 6
DEBUG: src/lcthw/hashmap.c:Hashmap_get_node:205: TRY: 7
DEBUG: src/lcthw/hashmap.c:Hashmap_get_node:205: TRY: 8
DEBUG: src/lcthw/hashmap.c:Hashmap_get_node:205: TRY: 9
DEBUG: src/lcthw/hashmap.c:Hashmap_get_node:205: TRY: 10
DEBUG: src/lcthw/hashmap.c:Hashmap_get_node:205: TRY: 11
DEBUG: src/lcthw/hashmap.c:Hashmap_get_node:205: TRY: 12
DEBUG: src/lcthw/hashmap.c:Hashmap_get_node:205: TRY: 13
DEBUG: src/lcthw/hashmap.c:Hashmap_get_node:205: TRY: 14
DEBUG: src/lcthw/hashmap.c:Hashmap_get_node:205: TRY: 15
DEBUG: src/lcthw/hashmap.c:Hashmap_get_node:205: TRY: 16
DEBUG: src/lcthw/hashmap.c:Hashmap_get_node:205: TRY: 17
DEBUG: src/lcthw/hashmap.c:Hashmap_get_node:205: TRY: 18
DEBUG: src/lcthw/hashmap.c:Hashmap_get_node:205: TRY: 19
DEBUG: src/lcthw/hashmap.c:Hashmap_get_node:205: TRY: 20
DEBUG: src/lcthw/hashmap.c:Hashmap_get_node:205: TRY: 21
DEBUG: src/lcthw/hashmap.c:Hashmap_get_node:205: TRY: 22
DEBUG: src/lcthw/hashmap.c:Hashmap_get_node:205: TRY: 23
DEBUG: src/lcthw/hashmap.c:Hashmap_get_node:205: TRY: 24
DEBUG: src/lcthw/hashmap.c:Hashmap_get_node:205: TRY: 25
DEBUG: src/lcthw/hashmap.c:Hashmap_get_node:205: TRY: 26
DEBUG: src/lcthw/hashmap.c:Hashmap_get_node:205: TRY: 27
DEBUG: src/lcthw/hashmap.c:Hashmap_get_node:205: TRY: 28
DEBUG: src/lcthw/hashmap.c:Hashmap_get_node:205: TRY: 29
DEBUG: src/lcthw/hashmap.c:Hashmap_get_node:205: TRY: 30
DEBUG: src/lcthw/hashmap.c:Hashmap_get_node:205: TRY: 31
DEBUG: src/lcthw/hashmap.c:Hashmap_get_node:205: TRY: 32
DEBUG: src/lcthw/hashmap.c:Hashmap_get_node:205: TRY: 33
DEBUG: src/lcthw/hashmap.c:Hashmap_get_node:205: TRY: 34
DEBUG: src/lcthw/hashmap.c:Hashmap_get_node:205: TRY: 35
DEBUG: src/lcthw/hashmap.c:Hashmap_get_node:205: TRY: 36
DEBUG: src/lcthw/hashmap.c:Hashmap_get_node:205: TRY: 37
DEBUG: src/lcthw/hashmap.c:Hashmap_get_node:205: TRY: 38
DEBUG: src/lcthw/hashmap.c:Hashmap_get_node:205: TRY: 39
DEBUG: src/lcthw/hashmap.c:Hashmap_get_node:205: TRY: 40
DEBUG: src/lcthw/hashmap.c:Hashmap_get_node:205: TRY: 41
DEBUG: src/lcthw/hashmap.c:Hashmap_get_node:205: TRY: 42
DEBUG: src/lcthw/hashmap.c:Hashmap_get_node:205: TRY: 43
DEBUG: src/lcthw/hashmap.c:Hashmap_get_node:205: TRY: 44
DEBUG: src/lcthw/hashmap.c:Hashmap_get_node:205: TRY: 45
DEBUG: src/lcthw/hashmap.c:Hashmap_get_node:205: TRY: 46
DEBUG: src/lcthw/hashmap.c:Hashmap_get_node:205: TRY: 47
DEBUG: src/lcthw/hashmap.c:Hashmap_get_node:205: TRY: 48
DEBUG: src/lcthw/hashmap.c:Hashmap_get_node:205: TRY: 49
DEBUG: src/lcthw/hashmap.c:Hashmap_get_node:205: TRY: 50
DEBUG: src/lcthw/hashmap.c:Hashmap_get_node:205: TRY: 51
DEBUG: src/lcthw/hashmap.c:Hashmap_get_node:205: TRY: 52
DEBUG: src/lcthw/hashmap.c:Hashmap_get_node:205: TRY: 53
DEBUG: src/lcthw/hashmap.c:Hashmap_get_node:205: TRY: 54
DEBUG: src/lcthw/hashmap.c:Hashmap_get_node:205: TRY: 55
DEBUG: src/lcthw/hashmap.c:Hashmap_get_node:205: TRY: 56
DEBUG: src/lcthw/hashmap.c:Hashmap_get_node:205: TRY: 57
DEBUG: src/lcthw/hashmap.c:Hashmap_get_node:205: TRY: 58
DEBUG: src/lcthw/hashmap.c:Hashmap_get_node:205: TRY: 59
DEBUG: src/lcthw/hashmap.c:Hashmap_get_node:205: TRY: 60
DEBUG: src/lcthw/hashmap.c:Hashmap_get_node:205: TRY: 61
DEBUG: src/lcthw/hashmap.c:Hashmap_get_node:205: TRY: 62
DEBUG: src/lcthw/hashmap.c:Hashmap_get_node:205: TRY: 63
DEBUG: src/lcthw/hashmap.c:Hashmap_get_node:205: TRY: 64
DEBUG: src/lcthw/hashmap.c:Hashmap_get_node:205: TRY: 65
DEBUG: src/lcthw/hashmap.c:Hashmap_get_node:205: TRY: 66
DEBUG: src/lcthw/hashmap.c:Hashmap_get_node:205: TRY: 67
DEBUG: src/lcthw/hashmap.c:Hashmap_get_node:205: TRY: 68
DEBUG: src/lcthw/hashmap.c:Hashmap_get_node:205: TRY: 69
DEBUG: src/lcthw/hashmap.c:Hashmap_get_node:205: TRY: 70
DEBUG: src/lcthw/hashmap.c:Hashmap_get_node:205: TRY: 71
DEBUG: src/lcthw/hashmap.c:Hashmap_get_node:205: TRY: 72
DEBUG: src/lcthw/hashmap.c:Hashmap_get_node:205: TRY: 73
DEBUG: src/lcthw/hashmap.c:Hashmap_get_node:205: TRY: 74
DEBUG: src/lcthw/hashmap.c:Hashmap_get_node:205: TRY: 75
DEBUG: src/lcthw/hashmap.c:Hashmap_get_node:205: TRY: 76
DEBUG: src/lcthw/hashmap.c:Hashmap_get_node:205: TRY: 77
DEBUG: src/lcthw/hashmap.c:Hashmap_get_node:205: TRY: 78
DEBUG: src/lcthw/hashmap.c:Hashmap_get_node:205: TRY: 79
DEBUG: src/lcthw/hashmap.c:Hashmap_get_node:205: TRY: 80
DEBUG: src/lcthw/hashmap.c:Hashmap_get_node:205: TRY: 81
DEBUG: src/lcthw/hashmap.c:Hashmap_get_node:205: TRY: 82
DEBUG: src/lcthw/hashmap.c:Hashmap_get_node:205: TRY: 83
DEBUG: src/lcthw/hashmap.c:Hashmap_get_node:205: TRY: 84
DEBUG: src/lcthw/hashmap.c:Hashmap_get_node:205: TRY: 85
DEBUG: src/lcthw/hashmap.c:Hashmap_get_node:205: TRY: 86
DEBUG: src/lcthw/hashmap.c:Hashmap_get_node:205: TRY: 87
DEBUG: src/lcthw/hashmap.c:Hashmap_get_node:205: TRY: 88
DEBUG: src/lcthw/hashmap.c:Hashmap_get_node:205: TRY: 89
DEBUG: src/lcthw/hashmap.c:Hashmap_get_node:205: TRY: 90
DEBUG: src/lcthw/hashmap.c:Hashmap_get_node:205: TRY: 91
DEBUG: src/lcthw/hashmap.c:Hashmap_get_node:205: TRY: 92
DEBUG: src/lcthw/hashmap.c:Hashmap_get_node:205: TRY: 93
DEBUG: src/lcthw/hashmap.c:Hashmap_get_node:205: TRY: 94
DEBUG: src/lcthw/hashmap.c:Hashmap_get_node:205: TRY: 95
DEBUG: src/lcthw/hashmap.c:Hashmap_get_node:205: TRY: 0
DEBUG: src/lcthw/hashmap.c:Hashmap_get_node:205: TRY: 1
DEBUG: src/lcthw/hashmap.c:Hashmap_get_node:205: TRY: 2
DEBUG: src/lcthw/hashmap.c:Hashmap_get_node:205: TRY: 3
DEBUG: src/lcthw/hashmap.c:Hashmap_get_node:205: TRY: 4
DEBUG: src/lcthw/hashmap.c:Hashmap_get_node:205: TRY: 5
DEBUG: src/lcthw/hashmap.c:Hashmap_get_node:205: TRY: 6
DEBUG: src/lcthw/hashmap.c:Hashmap_get_node:205: TRY: 7
DEBUG: src/lcthw/hashmap.c:Hashmap_get_node:205: TRY: 8
DEBUG: src/lcthw/hashmap.c:Hashmap_get_node:205: TRY: 9
DEBUG: src/lcthw/hashmap.c:Hashmap_get_node:205: TRY: 10
DEBUG: src/lcthw/hashmap.c:Hashmap_get_node:205: TRY: 11
DEBUG: src/lcthw/hashmap.c:Hashmap_get_node:205: TRY: 12
DEBUG: src/lcthw/hashmap.c:Hashmap_get_node:205: TRY: 13
DEBUG: src/lcthw/hashmap.c:Hashmap_get_node:205: TRY: 14
DEBUG: src/lcthw/hashmap.c:Hashmap_get_node:205: TRY: 15
DEBUG: src/lcthw/hashmap.c:Hashmap_get_node:205: TRY: 16
DEBUG: src/lcthw/hashmap.c:Hashmap_get_node:205: TRY: 17
DEBUG: src/lcthw/hashmap.c:Hashmap_get_node:205: TRY: 18
DEBUG: src/lcthw/hashmap.c:Hashmap_get_node:205: TRY: 19
DEBUG: src/lcthw/hashmap.c:Hashmap_get_node:205: TRY: 20
DEBUG: src/lcthw/hashmap.c:Hashmap_get_node:205: TRY: 21
DEBUG: src/lcthw/hashmap.c:Hashmap_get_node:205: TRY: 22
DEBUG: src/lcthw/hashmap.c:Hashmap_get_node:205: TRY: 23
DEBUG: src/lcthw/hashmap.c:Hashmap_get_node:205: TRY: 24
DEBUG: src/lcthw/hashmap.c:Hashmap_get_node:205: TRY: 25
DEBUG: src/lcthw/hashmap.c:Hashmap_get_node:205: TRY: 26
DEBUG: src/lcthw/hashmap.c:Hashmap_get_node:205: TRY: 27
DEBUG: src/lcthw/hashmap.c:Hashmap_get_node:205: TRY: 28
DEBUG: src/lcthw/hashmap.c:Hashmap_get_node:205: TRY: 29
DEBUG: src/lcthw/hashmap.c:Hashmap_get_node:205: TRY: 30
DEBUG: src/lcthw/hashmap.c:Hashmap_get_node:205: TRY: 31
DEBUG: src/lcthw/hashmap.c:Hashmap_get_node:205: TRY: 32
DEBUG: src/lcthw/hashmap.c:Hashmap_get_node:205: TRY: 33
DEBUG: src/lcthw/hashmap.c:Hashmap_get_node:205: TRY: 34
DEBUG: src/lcthw/hashmap.c:Hashmap_get_node:205: TRY: 35
DEBUG: src/lcthw/hashmap.c:Hashmap_get_node:205: TRY: 36
DEBUG: src/lcthw/hashmap.c:Hashmap_get_node:205: TRY: 37
DEBUG: src/lcthw/hashmap.c:Hashmap_get_node:205: TRY: 38
DEBUG: src/lcthw/hashmap.c:Hashmap_get_node:205: TRY: 39
DEBUG: src/lcthw/hashmap.c:Hashmap_get_node:205: TRY: 40
DEBUG: src/lcthw/hashmap.c:Hashmap_get_node:205: TRY: 41
DEBUG: src/lcthw/hashmap.c:Hashmap_get_node:205: TRY: 42
DEBUG: src/lcthw/hashmap.c:Hashmap_get_node:205: TRY: 43
DEBUG: src/lcthw/hashmap.c:Hashmap_get_node:205: TRY: 44
DEBUG: src/lcthw/hashmap.c:Hashmap_get_node:205: TRY: 45
DEBUG: src/lcthw/hashmap.c:Hashmap_get_node:205: TRY: 46
DEBUG: src/lcthw/hashmap.c:Hashmap_get_node:205: TRY: 47
DEBUG: src/lcthw/hashmap.c:Hashmap_get_node:205: TRY: 48
DEBUG: src/lcthw/hashmap.c:Hashmap_get_node:205: TRY: 49
DEBUG: src/lcthw/hashmap.c:Hashmap_get_node:205: TRY: 50
DEBUG: src/lcthw/hashmap.c:Hashmap_get_node:205: TRY: 51
DEBUG: src/lcthw/hashmap.c:Hashmap_get_node:205: TRY: 52
DEBUG: src/lcthw/hashmap.c:Hashmap_get_node:205: TRY: 53
DEBUG: src/lcthw/hashmap.c:Hashmap_get_node:205: TRY: 54
DEBUG: src/lcthw/hashmap.c:Hashmap_get_node:205: TRY: 55
DEBUG: src/lcthw/hashmap.c:Hashmap_get_node:205: TRY: 56
DEBUG: src/lcthw/hashmap.c:Hashmap_get_node:205: TRY: 57
DEBUG: src/lcthw/hashmap.c:Hashmap_get_node:205: TRY: 58
DEBUG: src/lcthw/hashmap.c:Hashmap_get_node:205: TRY: 59
DEBUG: src/lcthw/hashmap.c:Hashmap_get_node:205: TRY: 60
DEBUG: src/lcthw/hashmap.c:Hashmap_get_node:205: TRY: 61
DEBUG: src/lcthw/hashmap.c:Hashmap_get_node:205: TRY: 62
DEBUG: src/lcthw/hashmap.c:Hashmap_get_node:205: TRY: 63
DEBUG: src/lcthw/hashmap.c:Hashmap_get_node:205: TRY: 64
DEBUG: src/lcthw/hashmap.c:Hashmap_get_node:205: TRY: 65
DEBUG: src/lcthw/hashmap.c:Hashmap_get_node:205: TRY: 66
DEBUG: src/lcthw/hashmap.c:Hashmap_get_node:205: TRY: 67
DEBUG: src/lcthw/hashmap.c:Hashmap_get_node:205: TRY: 68
DEBUG: src/lcthw/hashmap.c:Hashmap_get_node:205: TRY: 69
DEBUG: src/lcthw/hashmap.c:Hashmap_get_node:205: TRY: 70
DEBUG: src/lcthw/hashmap.c:Hashmap_get_node:205: TRY: 71
DEBUG: src/lcthw/hashmap.c:Hashmap_get_node:205: TRY: 72
DEBUG: src/lcthw/hashmap.c:Hashmap_get_node:205: TRY: 73
DEBUG: src/lcthw/hashmap.c:Hashmap_get_node:205: TRY: 74
DEBUG: src/lcthw/hashmap.c:Hashmap_get_node:205: TRY: 75
DEBUG: src/lcthw/hashmap.c:Hashmap_get_node:205: TRY: 76
DEBUG: src/lcthw/hashmap.c:Hashmap_get_node:205: TRY: 77
DEBUG: src/lcthw/hashmap.c:Hashmap_get_node:205: TRY: 78
DEBUG: src/lcthw/hashmap.c:Hashmap_get_node:205: TRY: 79
DEBUG: src/lcthw/hashmap.c:Hashmap_get_node:205: TRY: 80
DEBUG: src/lcthw/hashmap.c:Hashmap_get_node:205: TRY: 81
DEBUG: src/lcthw/hashmap.c:Hashmap_get_node:205: TRY: 82
DEBUG: src/lcthw/hashmap.c:Hashmap_get_node:205: TRY: 83
DEBUG: src/lcthw/hashmap.c:Hashmap_get_node:205: TRY: 84
DEBUG: src/lcthw/hashmap.c:Hashmap_get_node:205: TRY: 85
DEBUG: src/lcthw/hashmap.c:Hashmap_get_node:205: TRY: 86
DEBUG: src/lcthw/hashmap.c:Hashmap_get_node:205: TRY: 87
DEBUG: src/lcthw/hashmap.c:Hashmap_get_node:205: TRY: 88
DEBUG: src/lcthw/hashmap.c:Hashmap_get_node:205: TRY: 89
DEBUG: src/lcthw/hashmap.c:Hashmap_get_node:205: TRY: 90
DEBUG: src/lcthw/hashmap.c:Hashmap_get_node:205: TRY: 91
DEBUG: src/lcthw/hashmap.c:Hashmap_get_node:205: TRY: 92
DEBUG: src/lcthw/hashmap.c:Hashmap_get_node:205: TRY: 93
DEBUG: src/lcthw/hashmap.c:Hashmap_get_node:205: TRY: 94
DEBUG: src/lcthw/hashmap.c:Hashmap_get_node:205: TRY: 95
DEBUG: src/lcthw/hashmap.c:Hashmap_get_node:205: TRY: 96
DEBUG: src/lcthw/hashmap.c:Hashmap_get_node:205: TRY: 97
DEBUG: src/lcthw/hashmap.c:Hashmap_get_node:205: TRY: 98
DEBUG: src/lcthw/hashmap.c:Hashmap_get_node:205: TRY: 99
DEBUG: src/lcthw/hashmap.c:Hashmap_get_node:205: TRY: 100
DEBUG: src/lcthw/hashmap.c:Hashmap_get_node:205: TRY: 0
DEBUG: src/lcthw/hashmap.c:Hashmap_get_node:205: TRY: 1
DEBUG: src/lcthw/hashmap.c:Hashmap_get_node:205: TRY: 2
DEBUG: src/lcthw/hashmap.c:Hashmap_get_node:205: TRY: 3
DEBUG: src/lcthw/hashmap.c:Hashmap_get_node:205: TRY: 4
DEBUG: src/lcthw/hashmap.c:Hashmap_get_node:205: TRY: 5
DEBUG: src/lcthw/hashmap.c:Hashmap_get_node:205: TRY: 6
DEBUG: src/lcthw/hashmap.c:Hashmap_get_node:205: TRY: 7
DEBUG: src/lcthw/hashmap.c:Hashmap_get_node:205: TRY: 8
DEBUG: src/lcthw/hashmap.c:Hashmap_get_node:205: TRY: 9
DEBUG: src/lcthw/hashmap.c:Hashmap_get_node:205: TRY: 10
DEBUG: src/lcthw/hashmap.c:Hashmap_get_node:205: TRY: 11
DEBUG: src/lcthw/hashmap.c:Hashmap_get_node:205: TRY: 12
DEBUG: src/lcthw/hashmap.c:Hashmap_get_node:205: TRY: 13
DEBUG: src/lcthw/hashmap.c:Hashmap_get_node:205: TRY: 14
DEBUG: src/lcthw/hashmap.c:Hashmap_get_node:205: TRY: 15
DEBUG: src/lcthw/hashmap.c:Hashmap_get_node:205: TRY: 16
DEBUG: src/lcthw/hashmap.c:Hashmap_get_node:205: TRY: 17
DEBUG: src/lcthw/hashmap.c:Hashmap_get_node:205: TRY: 18
DEBUG: src/lcthw/hashmap.c:Hashmap_get_node:205: TRY: 19
DEBUG: src/lcthw/hashmap.c:Hashmap_get_node:205: TRY: 20
DEBUG: src/lcthw/hashmap.c:Hashmap_get_node:205: TRY: 21
DEBUG: src/lcthw/hashmap.c:Hashmap_get_node:205: TRY: 22
DEBUG: src/lcthw/hashmap.c:Hashmap_get_node:205: TRY: 23
DEBUG: src/lcthw/hashmap.c:Hashmap_get_node:205: TRY: 24
DEBUG: src/lcthw/hashmap.c:Hashmap_get_node:205: TRY: 25
DEBUG: src/lcthw/hashmap.c:Hashmap_get_node:205: TRY: 26
DEBUG: src/lcthw/hashmap.c:Hashmap_get_node:205: TRY: 27
DEBUG: src/lcthw/hashmap.c:Hashmap_get_node:205: TRY: 28
DEBUG: src/lcthw/hashmap.c:Hashmap_get_node:205: TRY: 29
DEBUG: src/lcthw/hashmap.c:Hashmap_get_node:205: TRY: 30
DEBUG: src/lcthw/hashmap.c:Hashmap_get_node:205: TRY: 31
DEBUG: src/lcthw/hashmap.c:Hashmap_get_node:205: TRY: 32
DEBUG: src/lcthw/hashmap.c:Hashmap_get_node:205: TRY: 33
DEBUG: src/lcthw/hashmap.c:Hashmap_get_node:205: TRY: 34
DEBUG: src/lcthw/hashmap.c:Hashmap_get_node:205: TRY: 35
DEBUG: src/lcthw/hashmap.c:Hashmap_get_node:205: TRY: 36
DEBUG: src/lcthw/hashmap.c:Hashmap_get_node:205: TRY: 37
DEBUG: src/lcthw/hashmap.c:Hashmap_get_node:205: TRY: 38
DEBUG: src/lcthw/hashmap.c:Hashmap_get_node:205: TRY: 39
DEBUG: src/lcthw/hashmap.c:Hashmap_get_node:205: TRY: 40
DEBUG: src/lcthw/hashmap.c:Hashmap_get_node:205: TRY: 41
DEBUG: src/lcthw/hashmap.c:Hashmap_get_node:205: TRY: 42
DEBUG: src/lcthw/hashmap.c:Hashmap_get_node:205: TRY: 43
DEBUG: src/lcthw/hashmap.c:Hashmap_get_node:205: TRY: 44
DEBUG: src/lcthw/hashmap.c:Hashmap_get_node:205: TRY: 45
DEBUG: src/lcthw/hashmap.c:Hashmap_get_node:205: TRY: 46
DEBUG: src/lcthw/hashmap.c:Hashmap_get_node:205: TRY: 47
DEBUG: src/lcthw/hashmap.c:Hashmap_get_node:205: TRY: 48
DEBUG: src/lcthw/hashmap.c:Hashmap_get_node:205: TRY: 49
DEBUG: src/lcthw/hashmap.c:Hashmap_get_node:205: TRY: 50
DEBUG: src/lcthw/hashmap.c:Hashmap_get_node:205: TRY: 51
DEBUG: src/lcthw/hashmap.c:Hashmap_get_node:205: TRY: 52
DEBUG: src/lcthw/hashmap.c:Hashmap_get_node:205: TRY: 53
DEBUG: src/lcthw/hashmap.c:Hashmap_get_node:205: TRY: 54
DEBUG: src/lcthw/hashmap.c:Hashmap_get_node:205: TRY: 55
DEBUG: src/lcthw/hashmap.c:Hashmap_get_node:205: TRY: 56
DEBUG: src/lcthw/hashmap.c:Hashmap_get_node:205: TRY: 57
DEBUG: src/lcthw/hashmap.c:Hashmap_get_node:205: TRY: 58
DEBUG: src/lcthw/hashmap.c:Hashmap_get_node:205: TRY: 59
DEBUG: src/lcthw/hashmap.c:Hashmap_get_node:205: TRY: 60
DEBUG: src/lcthw/hashmap.c:Hashmap_get_node:205: TRY: 61
DEBUG: src/lcthw/hashmap.c:Hashmap_get_node:205: TRY: 62
DEBUG: src/lcthw/hashmap.c:Hashmap_get_node:205: TRY: 63
DEBUG: src/lcthw/hashmap.c:Hashmap_get_node:205: TRY: 64
DEBUG: src/lcthw/hashmap.c:Hashmap_get_node:205: TRY: 65
DEBUG: src/lcthw/hashmap.c:Hashmap_get_node:205: TRY: 66
DEBUG: src/lcthw/hashmap.c:Hashmap_get_node:205: TRY: 67
DEBUG: src/lcthw/hashmap.c:Hashmap_get_node:205: TRY: 68
DEBUG: src/lcthw/hashmap.c:Hashmap_get_node:205: TRY: 69
DEBUG: src/lcthw/hashmap.c:Hashmap_get_node:205: TRY: 70
DEBUG: src/lcthw/hashmap.c:Hashmap_get_node:205: TRY: 71
DEBUG: src/lcthw/hashmap.c:Hashmap_get_node:205: TRY: 72
DEBUG: src/lcthw/hashmap.c:Hashmap_get_node:205: TRY: 73
DEBUG: src/lcthw/hashmap.c:Hashmap_get_node:205: TRY: 74
DEBUG: src/lcthw/hashmap.c:Hashmap_get_node:205: TRY: 75
DEBUG: src/lcthw/hashmap.c:Hashmap_get_node:205: TRY: 76
DEBUG: src/lcthw/hashmap.c:Hashmap_get_node:205: TRY: 77
DEBUG: src/lcthw/hashmap.c:Hashmap_get_node:205: TRY: 78
DEBUG: src/lcthw/hashmap.c:Hashmap_get_node:205: TRY: 79
DEBUG: src/lcthw/hashmap.c:Hashmap_get_node:205: TRY: 80
DEBUG: src/lcthw/hashmap.c:Hashmap_get_node:205: TRY: 81
DEBUG: src/lcthw/hashmap.c:Hashmap_get_node:205: TRY: 82
DEBUG: src/lcthw/hashmap.c:Hashmap_get_node:205: TRY: 83
DEBUG: src/lcthw/hashmap.c:Hashmap_get_node:205: TRY: 84
DEBUG: src/lcthw/hashmap.c:Hashmap_get_node:205: TRY: 85
DEBUG: src/lcthw/hashmap.c:Hashmap_get_node:205: TRY: 86
DEBUG: src/lcthw/hashmap.c:Hashmap_get_node:205: TRY: 87
DEBUG: src/lcthw/hashmap.c:Hashmap_get_node:205: TRY: 88
DEBUG: src/lcthw/hashmap.c:Hashmap_get_node:205: TRY: 89
DEBUG: src/lcthw/hashmap.c:Hashmap_get_node:205: TRY: 90
DEBUG: src/lcthw/hashmap.c:Hashmap_get_node:205: TRY: 91
DEBUG: src/lcthw/hashmap.c:Hashmap_get_node:205: TRY: 92
DEBUG: src/lcthw/hashmap.c:Hashmap_get_node:205: TRY: 93
DEBUG: src/lcthw/hashmap.c:Hashmap_get_node:205: TRY: 94
DEBUG: src/lcthw/hashmap.c:Hashmap_get_node:205: TRY: 95
DEBUG: src/lcthw/hashmap.c:Hashmap_get_node:205: TRY: 96
DEBUG: src/lcthw/hashmap.c:Hashmap_get_node:205: TRY: 97
DEBUG: src/lcthw/hashmap.c:Hashmap_get_node:205: TRY: 98
DEBUG: src/lcthw/hashmap.c:Hashmap_get_node:205: TRY: 0
DEBUG: src/lcthw/hashmap.c:Hashmap_get_node:205: TRY: 1
DEBUG: src/lcthw/hashmap.c:Hashmap_get_node:205: TRY: 2
DEBUG: src/lcthw/hashmap.c:Hashmap_get_node:205: TRY: 3
DEBUG: src/lcthw/hashmap.c:Hashmap_get_node:205: TRY: 4
DEBUG: src/lcthw/hashmap.c:Hashmap_get_node:205: TRY: 5
DEBUG: src/lcthw/hashmap.c:Hashmap_get_node:205: TRY: 6
DEBUG: src/lcthw/hashmap.c:Hashmap_get_node:205: TRY: 7
DEBUG: src/lcthw/hashmap.c:Hashmap_get_node:205: TRY: 8
DEBUG: src/lcthw/hashmap.c:Hashmap_get_node:205: TRY: 9
DEBUG: src/lcthw/hashmap.c:Hashmap_get_node:205: TRY: 10
DEBUG: src/lcthw/hashmap.c:Hashmap_get_node:205: TRY: 11
DEBUG: src/lcthw/hashmap.c:Hashmap_get_node:205: TRY: 12
DEBUG: src/lcthw/hashmap.c:Hashmap_get_node:205: TRY: 13
DEBUG: src/lcthw/hashmap.c:Hashmap_get_node:205: TRY: 14
DEBUG: src/lcthw/hashmap.c:Hashmap_get_node:205: TRY: 15
DEBUG: src/lcthw/hashmap.c:Hashmap_get_node:205: TRY: 16
DEBUG: src/lcthw/hashmap.c:Hashmap_get_node:205: TRY: 17
DEBUG: src/lcthw/hashmap.c:Hashmap_get_node:205: TRY: 18
DEBUG: src/lcthw/hashmap.c:Hashmap_get_node:205: TRY: 19
DEBUG: src/lcthw/hashmap.c:Hashmap_get_node:205: TRY: 20
DEBUG: src/lcthw/hashmap.c:Hashmap_get_node:205: TRY: 21
DEBUG: src/lcthw/hashmap.c:Hashmap_get_node:205: TRY: 22
DEBUG: src/lcthw/hashmap.c:Hashmap_get_node:205: TRY: 23
DEBUG: src/lcthw/hashmap.c:Hashmap_get_node:205: TRY: 24
DEBUG: src/lcthw/hashmap.c:Hashmap_get_node:205: TRY: 25
DEBUG: src/lcthw/hashmap.c:Hashmap_get_node:205: TRY: 26
DEBUG: src/lcthw/hashmap.c:Hashmap_get_node:205: TRY: 27
DEBUG: src/lcthw/hashmap.c:Hashmap_get_node:205: TRY: 28
DEBUG: src/lcthw/hashmap.c:Hashmap_get_node:205: TRY: 29
DEBUG: src/lcthw/hashmap.c:Hashmap_get_node:205: TRY: 30
DEBUG: src/lcthw/hashmap.c:Hashmap_get_node:205: TRY: 31
DEBUG: src/lcthw/hashmap.c:Hashmap_get_node:205: TRY: 32
DEBUG: src/lcthw/hashmap.c:Hashmap_get_node:205: TRY: 33
DEBUG: src/lcthw/hashmap.c:Hashmap_get_node:205: TRY: 34
DEBUG: src/lcthw/hashmap.c:Hashmap_get_node:205: TRY: 35
DEBUG: src/lcthw/hashmap.c:Hashmap_get_node:205: TRY: 36
DEBUG: src/lcthw/hashmap.c:Hashmap_get_node:205: TRY: 37
DEBUG: src/lcthw/hashmap.c:Hashmap_get_node:205: TRY: 38
DEBUG: src/lcthw/hashmap.c:Hashmap_get_node:205: TRY: 39
DEBUG: src/lcthw/hashmap.c:Hashmap_get_node:205: TRY: 40
DEBUG: src/lcthw/hashmap.c:Hashmap_get_node:205: TRY: 41
DEBUG: src/lcthw/hashmap.c:Hashmap_get_node:205: TRY: 42
DEBUG: src/lcthw/hashmap.c:Hashmap_get_node:205: TRY: 43
DEBUG: src/lcthw/hashmap.c:Hashmap_get_node:205: TRY: 44
DEBUG: src/lcthw/hashmap.c:Hashmap_get_node:205: TRY: 45
DEBUG: src/lcthw/hashmap.c:Hashmap_get_node:205: TRY: 46
DEBUG: src/lcthw/hashmap.c:Hashmap_get_node:205: TRY: 47
DEBUG: src/lcthw/hashmap.c:Hashmap_get_node:205: TRY: 48
DEBUG: src/lcthw/hashmap.c:Hashmap_get_node:205: TRY: 49
DEBUG: src/lcthw/hashmap.c:Hashmap_get_node:205: TRY: 50
DEBUG: src/lcthw/hashmap.c:Hashmap_get_node:205: TRY: 51
DEBUG: src/lcthw/hashmap.c:Hashmap_get_node:205: TRY: 52
DEBUG: src/lcthw/hashmap.c:Hashmap_get_node:205: TRY: 53
DEBUG: src/lcthw/hashmap.c:Hashmap_get_node:205: TRY: 54
DEBUG: src/lcthw/hashmap.c:Hashmap_get_node:205: TRY: 55
DEBUG: src/lcthw/hashmap.c:Hashmap_get_node:205: TRY: 56
DEBUG: src/lcthw/hashmap.c:Hashmap_get_node:205: TRY: 57
DEBUG: src/lcthw/hashmap.c:Hashmap_get_node:205: TRY: 58
DEBUG: src/lcthw/hashmap.c:Hashmap_get_node:205: TRY: 59
DEBUG: src/lcthw/hashmap.c:Hashmap_get_node:205: TRY: 60
DEBUG: src/lcthw/hashmap.c:Hashmap_get_node:205: TRY: 61
DEBUG: src/lcthw/hashmap.c:Hashmap_get_node:205: TRY: 62
DEBUG: src/lcthw/hashmap.c:Hashmap_get_node:205: TRY: 63
DEBUG: src/lcthw/hashmap.c:Hashmap_get_node:205: TRY: 64
DEBUG: src/lcthw/hashmap.c:Hashmap_get_node:205: TRY: 65
DEBUG: src/lcthw/hashmap.c:Hashmap_get_node:205: TRY: 66
DEBUG: src/lcthw/hashmap.c:Hashmap_get_node:205: TRY: 67
DEBUG: src/lcthw/hashmap.c:Hashmap_get_node:205: TRY: 68
DEBUG: src/lcthw/hashmap.c:Hashmap_get_node:205: TRY: 69
DEBUG: src/lcthw/hashmap.c:Hashmap_get_node:205: TRY: 70
DEBUG: src/lcthw/hashmap.c:Hashmap_get_node:205: TRY: 71
DEBUG: src/lcthw/hashmap.c:Hashmap_get_node:205: TRY: 72
DEBUG: src/lcthw/hashmap.c:Hashmap_get_node:205: TRY: 73
DEBUG: src/lcthw/hashmap.c:Hashmap_get_node:205: TRY: 74
DEBUG: src/lcthw/hashmap.c:Hashmap_get_node:205: TRY: 75
DEBUG: src/lcthw/hashmap.c:Hashmap_get_node:205: TRY: 76
DEBUG: src/lcthw/hashmap.c:Hashmap_get_node:205: TRY: 77
DEBUG: src/lcthw/hashmap.c:Hashmap_get_node:205: TRY: 78
DEBUG: src/lcthw/hashmap.c:Hashmap_get_node:205: TRY: 79
DEBUG: src/lcthw/hashmap.c:Hashmap_get_node:205: TRY: 80
DEBUG: src/lcthw/hashmap.c:Hashmap_get_node:205: TRY: 81
DEBUG: src/lcthw/hashmap.c:Hashmap_get_node:205: TRY: 82
DEBUG: src/lcthw/hashmap.c:Hashmap_get_node:205: TRY: 83
DEBUG: src/lcthw/hashmap.c:Hashmap_get_node:205: TRY: 84
DEBUG: src/lcthw/hashmap.c:Hashmap_get_node:205: TRY: 85
DEBUG: src/lcthw/hashmap.c:Hashmap_get_node:205: TRY: 86
DEBUG: src/lcthw/hashmap.c:Hashmap_get_node:205: TRY: 87
DEBUG: src/lcthw/hashmap.c:Hashmap_get_node:205: TRY: 88
DEBUG: src/lcthw/hashmap.c:Hashmap_get_node:205: TRY: 89
DEBUG: src/lcthw/hashmap.c:Hashmap_get_node:205: TRY: 90
DEBUG: src/lcthw/hashmap.c:Hashmap_get_node:205: TRY: 91
DEBUG: src/lcthw/hashmap.c:Hashmap_get_node:205: TRY: 92
DEBUG: src/lcthw/hashmap.c:Hashmap_get_node:205: TRY: 93
DEBUG: src/lcthw/hashmap.c:Hashmap_get_node:205: TRY: 94
DEBUG: src/lcthw/hashmap.c:Hashmap_get_node:205: TRY: 95
DEBUG: src/lcthw/hashmap.c:Hashmap_get_node:205: TRY: 96
DEBUG: src/lcthw/hashmap.c:Hashmap_get_node:205: TRY: 97
DEBUG: src/lcthw/hashmap.c:Hashmap_get_node:205: TRY: 98
DEBUG: src/lcthw/hashmap.c:Hashmap_get_node:205: TRY: 99
DEBUG: src/lcthw/hashmap.c:Hashmap_get_node:205: TRY: 0
DEBUG: src/lcthw/hashmap.c:Hashmap_get_node:205: TRY: 1
DEBUG: src/lcthw/hashmap.c:Hashmap_get_node:205: TRY: 2
DEBUG: src/lcthw/hashmap.c:Hashmap_get_node:205: TRY: 3
DEBUG: src/lcthw/hashmap.c:Hashmap_get_node:205: TRY: 4
DEBUG: src/lcthw/hashmap.c:Hashmap_get_node:205: TRY: 5
DEBUG: src/lcthw/hashmap.c:Hashmap_get_node:205: TRY: 6
DEBUG: src/lcthw/hashmap.c:Hashmap_get_node:205: TRY: 7
DEBUG: src/lcthw/hashmap.c:Hashmap_get_node:205: TRY: 8
DEBUG: src/lcthw/hashmap.c:Hashmap_get_node:205: TRY: 9
DEBUG: src/lcthw/hashmap.c:Hashmap_get_node:205: TRY: 10
DEBUG: src/lcthw/hashmap.c:Hashmap_get_node:205: TRY: 11
DEBUG: src/lcthw/hashmap.c:Hashmap_get_node:205: TRY: 12
DEBUG: src/lcthw/hashmap.c:Hashmap_get_node:205: TRY: 13
DEBUG: src/lcthw/hashmap.c:Hashmap_get_node:205: TRY: 14
DEBUG: src/lcthw/hashmap.c:Hashmap_get_node:205: TRY: 15
DEBUG: src/lcthw/hashmap.c:Hashmap_get_node:205: TRY: 16
DEBUG: src/lcthw/hashmap.c:Hashmap_get_node:205: TRY: 17
DEBUG: src/lcthw/hashmap.c:Hashmap_get_node:205: TRY: 18
DEBUG: src/lcthw/hashmap.c:Hashmap_get_node:205: TRY: 19
DEBUG: src/lcthw/hashmap.c:Hashmap_get_node:205: TRY: 20
DEBUG: src/lcthw/hashmap.c:Hashmap_get_node:205: TRY: 21
DEBUG: src/lcthw/hashmap.c:Hashmap_get_node:205: TRY: 22
DEBUG: src/lcthw/hashmap.c:Hashmap_get_node:205: TRY: 23
DEBUG: src/lcthw/hashmap.c:Hashmap_get_node:205: TRY: 24
DEBUG: src/lcthw/hashmap.c:Hashmap_get_node:205: TRY: 25
DEBUG: src/lcthw/hashmap.c:Hashmap_get_node:205: TRY: 26
DEBUG: src/lcthw/hashmap.c:Hashmap_get_node:205: TRY: 27
DEBUG: src/lcthw/hashmap.c:Hashmap_get_node:205: TRY: 28
DEBUG: src/lcthw/hashmap.c:Hashmap_get_node:205: TRY: 29
DEBUG: src/lcthw/hashmap.c:Hashmap_get_node:205: TRY: 30
DEBUG: src/lcthw/hashmap.c:Hashmap_get_node:205: TRY: 31
DEBUG: src/lcthw/hashmap.c:Hashmap_get_node:205: TRY: 32
DEBUG: src/lcthw/hashmap.c:Hashmap_get_node:205: TRY: 33
DEBUG: src/lcthw/hashmap.c:Hashmap_get_node:205: TRY: 34
DEBUG: src/lcthw/hashmap.c:Hashmap_get_node:205: TRY: 35
DEBUG: src/lcthw/hashmap.c:Hashmap_get_node:205: TRY: 36
DEBUG: src/lcthw/hashmap.c:Hashmap_get_node:205: TRY: 37
DEBUG: src/lcthw/hashmap.c:Hashmap_get_node:205: TRY: 38
DEBUG: src/lcthw/hashmap.c:Hashmap_get_node:205: TRY: 39
DEBUG: src/lcthw/hashmap.c:Hashmap_get_node:205: TRY: 40
DEBUG: src/lcthw/hashmap.c:Hashmap_get_node:205: TRY: 41
DEBUG: src/lcthw/hashmap.c:Hashmap_get_node:205: TRY: 42
DEBUG: src/lcthw/hashmap.c:Hashmap_get_node:205: TRY: 43
DEBUG: src/lcthw/hashmap.c:Hashmap_get_node:205: TRY: 44
DEBUG: src/lcthw/hashmap.c:Hashmap_get_node:205: TRY: 45
DEBUG: src/lcthw/hashmap.c:Hashmap_get_node:205: TRY: 46
DEBUG: src/lcthw/hashmap.c:Hashmap_get_node:205: TRY: 47
DEBUG: src/lcthw/hashmap.c:Hashmap_get_node:205: TRY: 48
DEBUG: src/lcthw/hashmap.c:Hashmap_get_node:205: TRY: 49
DEBUG: src/lcthw/hashmap.c:Hashmap_get_node:205: TRY: 50
DEBUG: src/lcthw/hashmap.c:Hashmap_get_node:205: TRY: 51
DEBUG: src/lcthw/hashmap.c:Hashmap_get_node:205: TRY: 52
DEBUG: src/lcthw/hashmap.c:Hashmap_get_node:205: TRY: 53
DEBUG: src/lcthw/hashmap.c:Hashmap_get_node:205: TRY: 54
DEBUG: src/lcthw/hashmap.c:Hashmap_get_node:205: TRY: 55
DEBUG: src/lcthw/hashmap.c:Hashmap_get_node:205: TRY: 56
DEBUG: src/lcthw/hashmap.c:Hashmap_get_node:205: TRY: 57
DEBUG: src/lcthw/hashmap.c:Hashmap_get_node:205: TRY: 58
DEBUG: src/lcthw/hashmap.c:Hashmap_get_node:205: TRY: 59
DEBUG: src/lcthw/hashmap.c:Hashmap_get_node:205: TRY: 60
DEBUG: src/lcthw/hashmap.c:Hashmap_get_node:205: TRY: 61
DEBUG: src/lcthw/hashmap.c:Hashmap_get_node:205: TRY: 62
DEBUG: src/lcthw/hashmap.c:Hashmap_get_node:205: TRY: 63
DEBUG: src/lcthw/hashmap.c:Hashmap_get_node:205: TRY: 64
DEBUG: src/lcthw/hashmap.c:Hashmap_get_node:205: TRY: 65
DEBUG: src/lcthw/hashmap.c:Hashmap_get_node:205: TRY: 66
DEBUG: src/lcthw/hashmap.c:Hashmap_get_node:205: TRY: 67
DEBUG: src/lcthw/hashmap.c:Hashmap_get_node:205: TRY: 68
DEBUG: src/lcthw/hashmap.c:Hashmap_get_node:205: TRY: 69
DEBUG: src/lcthw/hashmap.c:Hashmap_get_node:205: TRY: 70
DEBUG: src/lcthw/hashmap.c:Hashmap_get_node:205: TRY: 71
DEBUG: src/lcthw/hashmap.c:Hashmap_get_node:205: TRY: 72
DEBUG: src/lcthw/hashmap.c:Hashmap_get_node:205: TRY: 73
DEBUG: src/lcthw/hashmap.c:Hashmap_get_node:205: TRY: 74
DEBUG: src/lcthw/hashmap.c:Hashmap_get_node:205: TRY: 75
DEBUG: src/lcthw/hashmap.c:Hashmap_get_node:205: TRY: 76
DEBUG: src/lcthw/hashmap.c:Hashmap_get_node:205: TRY: 77
DEBUG: src/lcthw/hashmap.c:Hashmap_get_node:205: TRY: 78
DEBUG: src/lcthw/hashmap.c:Hashmap_get_node:205: TRY: 79
DEBUG: src/lcthw/hashmap.c:Hashmap_get_node:205: TRY: 80
DEBUG: src/lcthw/hashmap.c:Hashmap_get_node:205: TRY: 81
DEBUG: src/lcthw/hashmap.c:Hashmap_get_node:205: TRY: 82
DEBUG: src/lcthw/hashmap.c:Hashmap_get_node:205: TRY: 83
DEBUG: src/lcthw/hashmap.c:Hashmap_get_node:205: TRY: 84
DEBUG: src/lcthw/hashmap.c:Hashmap_get_node:205: TRY: 85
DEBUG: src/lcthw/hashmap.c:Hashmap_get_node:205: TRY: 86
DEBUG: src/lcthw/hashmap.c:Hashmap_get_node:205: TRY: 87
DEBUG: src/lcthw/hashmap.c:Hashmap_get_node:205: TRY: 88
DEBUG: src/lcthw/hashmap.c:Hashmap_get_node:205: TRY: 89
DEBUG: src/lcthw/hashmap.c:Hashmap_get_node:205: TRY: 90
DEBUG: src/lcthw/hashmap.c:Hashmap_get_node:205: TRY: 91
DEBUG: src/lcthw/hashmap.c:Hashmap_get_node:205: TRY: 92
DEBUG: src/lcthw/hashmap.c:Hashmap_get_node:205: TRY: 93
DEBUG: src/lcthw/hashmap.c:Hashmap_get_node:205: TRY: 94
DEBUG: src/lcthw/hashmap.c:Hashmap_get_node:205: TRY: 95
DEBUG: src/lcthw/hashmap.c:Hashmap_get_node:205: TRY: 96
DEBUG: src/lcthw/hashmap.c:Hashmap_get_node:205: TRY: 97
DEBUG: src/lcthw/hashmap.c:Hashmap_get_node:205: TRY: 98
DEBUG: src/lcthw/hashmap.c:Hashmap_get_node:205: TRY: 99
DEBUG: src/lcthw/hashmap.c:Hashmap_get_node:205: TRY: 100
DEBUG: src/lcthw/hashmap.c:Hashmap_get_node:205: TRY: 101
DEBUG: src/lcthw/hashmap.c:Hashmap_get_node:205: TRY: 0
DEBUG: src/lcthw/hashmap.c:Hashmap_get_node:205: TRY: 1
DEBUG: src/lcthw/hashmap.c:Hashmap_get_node:205: TRY: 2
DEBUG: src/lcthw/hashmap.c:Hashmap_get_node:205: TRY: 3
DEBUG: src/lcthw/hashmap.c:Hashmap_get_node:205: TRY: 4
DEBUG: src/lcthw/hashmap.c:Hashmap_get_node:205: TRY: 5
DEBUG: src/lcthw/hashmap.c:Hashmap_get_node:205: TRY: 6
DEBUG: src/lcthw/hashmap.c:Hashmap_get_node:205: TRY: 7
DEBUG: src/lcthw/hashmap.c:Hashmap_get_node:205: TRY: 8
DEBUG: src/lcthw/hashmap.c:Hashmap_get_node:205: TRY: 9
DEBUG: src/lcthw/hashmap.c:Hashmap_get_node:205: TRY: 10
DEBUG: src/lcthw/hashmap.c:Hashmap_get_node:205: TRY: 11
DEBUG: src/lcthw/hashmap.c:Hashmap_get_node:205: TRY: 12
DEBUG: src/lcthw/hashmap.c:Hashmap_get_node:205: TRY: 13
DEBUG: src/lcthw/hashmap.c:Hashmap_get_node:205: TRY: 14
DEBUG: src/lcthw/hashmap.c:Hashmap_get_node:205: TRY: 15
DEBUG: src/lcthw/hashmap.c:Hashmap_get_node:205: TRY: 16
DEBUG: src/lcthw/hashmap.c:Hashmap_get_node:205: TRY: 17
DEBUG: src/lcthw/hashmap.c:Hashmap_get_node:205: TRY: 18
DEBUG: src/lcthw/hashmap.c:Hashmap_get_node:205: TRY: 19
DEBUG: src/lcthw/hashmap.c:Hashmap_get_node:205: TRY: 20
DEBUG: src/lcthw/hashmap.c:Hashmap_get_node:205: TRY: 21
DEBUG: src/lcthw/hashmap.c:Hashmap_get_node:205: TRY: 22
DEBUG: src/lcthw/hashmap.c:Hashmap_get_node:205: TRY: 23
DEBUG: src/lcthw/hashmap.c:Hashmap_get_node:205: TRY: 24
DEBUG: src/lcthw/hashmap.c:Hashmap_get_node:205: TRY: 25
DEBUG: src/lcthw/hashmap.c:Hashmap_get_node:205: TRY: 26
DEBUG: src/lcthw/hashmap.c:Hashmap_get_node:205: TRY: 27
DEBUG: src/lcthw/hashmap.c:Hashmap_get_node:205: TRY: 28
DEBUG: src/lcthw/hashmap.c:Hashmap_get_node:205: TRY: 29
DEBUG: src/lcthw/hashmap.c:Hashmap_get_node:205: TRY: 30
DEBUG: src/lcthw/hashmap.c:Hashmap_get_node:205: TRY: 31
DEBUG: src/lcthw/hashmap.c:Hashmap_get_node:205: TRY: 32
DEBUG: src/lcthw/hashmap.c:Hashmap_get_node:205: TRY: 33
DEBUG: src/lcthw/hashmap.c:Hashmap_get_node:205: TRY: 34
DEBUG: src/lcthw/hashmap.c:Hashmap_get_node:205: TRY: 35
DEBUG: src/lcthw/hashmap.c:Hashmap_get_node:205: TRY: 36
DEBUG: src/lcthw/hashmap.c:Hashmap_get_node:205: TRY: 37
DEBUG: src/lcthw/hashmap.c:Hashmap_get_node:205: TRY: 38
DEBUG: src/lcthw/hashmap.c:Hashmap_get_node:205: TRY: 39
DEBUG: src/lcthw/hashmap.c:Hashmap_get_node:205: TRY: 40
DEBUG: src/lcthw/hashmap.c:Hashmap_get_node:205: TRY: 41
DEBUG: src/lcthw/hashmap.c:Hashmap_get_node:205: TRY: 42
DEBUG: src/lcthw/hashmap.c:Hashmap_get_node:205: TRY: 43
DEBUG: src/lcthw/hashmap.c:Hashmap_get_node:205: TRY: 44
DEBUG: src/lcthw/hashmap.c:Hashmap_get_node:205: TRY: 45
DEBUG: src/lcthw/hashmap.c:Hashmap_get_node:205: TRY: 46
DEBUG: src/lcthw/hashmap.c:Hashmap_get_node:205: TRY: 47
DEBUG: src/lcthw/hashmap.c:Hashmap_get_node:205: TRY: 48
DEBUG: src/lcthw/hashmap.c:Hashmap_get_node:205: TRY: 49
DEBUG: src/lcthw/hashmap.c:Hashmap_get_node:205: TRY: 50
DEBUG: src/lcthw/hashmap.c:Hashmap_get_node:205: TRY: 51
DEBUG: src/lcthw/hashmap.c:Hashmap_get_node:205: TRY: 52
DEBUG: src/lcthw/hashmap.c:Hashmap_get_node:205: TRY: 53
DEBUG: src/lcthw/hashmap.c:Hashmap_get_node:205: TRY: 54
DEBUG: src/lcthw/hashmap.c:Hashmap_get_node:205: TRY: 55
DEBUG: src/lcthw/hashmap.c:Hashmap_get_node:205: TRY: 56
DEBUG: src/lcthw/hashmap.c:Hashmap_get_node:205: TRY: 57
DEBUG: src/lcthw/hashmap.c:Hashmap_get_node:205: TRY: 58
DEBUG: src/lcthw/hashmap.c:Hashmap_get_node:205: TRY: 59
DEBUG: src/lcthw/hashmap.c:Hashmap_get_node:205: TRY: 60
DEBUG: src/lcthw/hashmap.c:Hashmap_get_node:205: TRY: 61
DEBUG: src/lcthw/hashmap.c:Hashmap_get_node:205: TRY: 62
DEBUG: src/lcthw/hashmap.c:Hashmap_get_node:205: TRY: 63
DEBUG: src/lcthw/hashmap.c:Hashmap_get_node:205: TRY: 64
DEBUG: src/lcthw/hashmap.c:Hashmap_get_node:205: TRY: 65
DEBUG: src/lcthw/hashmap.c:Hashmap_get_node:205: TRY: 66
DEBUG: src/lcthw/hashmap.c:Hashmap_get_node:205: TRY: 67
DEBUG: src/lcthw/hashmap.c:Hashmap_get_node:205: TRY: 68
DEBUG: src/lcthw/hashmap.c:Hashmap_get_node:205: TRY: 69
DEBUG: src/lcthw/hashmap.c:Hashmap_get_node:205: TRY: 70
DEBUG: src/lcthw/hashmap.c:Hashmap_get_node:205: TRY: 71
DEBUG: src/lcthw/hashmap.c:Hashmap_get_node:205: TRY: 72
DEBUG: src/lcthw/hashmap.c:Hashmap_get_node:205: TRY: 73
DEBUG: src/lcthw/hashmap.c:Hashmap_get_node:205: TRY: 74
DEBUG: src/lcthw/hashmap.c:Hashmap_get_node:205: TRY: 75
DEBUG: src/lcthw/hashmap.c:Hashmap_get_node:205: TRY: 76
DEBUG: src/lcthw/hashmap.c:Hashmap_get_node:205: TRY: 77
DEBUG: src/lcthw/hashmap.c:Hashmap_get_node:205: TRY: 78
DEBUG: src/lcthw/hashmap.c:Hashmap_get_node:205: TRY: 79
DEBUG: src/lcthw/hashmap.c:Hashmap_get_node:205: TRY: 80
DEBUG: src/lcthw/hashmap.c:Hashmap_get_node:205: TRY: 81
DEBUG: src/lcthw/hashmap.c:Hashmap_get_node:205: TRY: 82
DEBUG: src/lcthw/hashmap.c:Hashmap_get_node:205: TRY: 83
DEBUG: src/lcthw/hashmap.c:Hashmap_get_node:205: TRY: 84
DEBUG: src/lcthw/hashmap.c:Hashmap_get_node:205: TRY: 85
DEBUG: src/lcthw/hashmap.c:Hashmap_get_node:205: TRY: 86
DEBUG: src/lcthw/hashmap.c:Hashmap_get_node:205: TRY: 0
DEBUG: src/lcthw/hashmap.c:Hashmap_get_node:205: TRY: 1
DEBUG: src/lcthw/hashmap.c:Hashmap_get_node:205: TRY: 2
DEBUG: src/lcthw/hashmap.c:Hashmap_get_node:205: TRY: 3
DEBUG: src/lcthw/hashmap.c:Hashmap_get_node:205: TRY: 4
DEBUG: src/lcthw/hashmap.c:Hashmap_get_node:205: TRY: 5
DEBUG: src/lcthw/hashmap.c:Hashmap_get_node:205: TRY: 6
DEBUG: src/lcthw/hashmap.c:Hashmap_get_node:205: TRY: 7
DEBUG: src/lcthw/hashmap.c:Hashmap_get_node:205: TRY: 8
DEBUG: src/lcthw/hashmap.c:Hashmap_get_node:205: TRY: 9
DEBUG: src/lcthw/hashmap.c:Hashmap_get_node:205: TRY: 10
DEBUG: src/lcthw/hashmap.c:Hashmap_get_node:205: TRY: 11
DEBUG: src/lcthw/hashmap.c:Hashmap_get_node:205: TRY: 12
DEBUG: src/lcthw/hashmap.c:Hashmap_get_node:205: TRY: 13
DEBUG: src/lcthw/hashmap.c:Hashmap_get_node:205: TRY: 14
DEBUG: src/lcthw/hashmap.c:Hashmap_get_node:205: TRY: 15
DEBUG: src/lcthw/hashmap.c:Hashmap_get_node:205: TRY: 16
DEBUG: src/lcthw/hashmap.c:Hashmap_get_node:205: TRY: 17
DEBUG: src/lcthw/hashmap.c:Hashmap_get_node:205: TRY: 18
DEBUG: src/lcthw/hashmap.c:Hashmap_get_node:205: TRY: 19
DEBUG: src/lcthw/hashmap.c:Hashmap_get_node:205: TRY: 20
DEBUG: src/lcthw/hashmap.c:Hashmap_get_node:205: TRY: 21
DEBUG: src/lcthw/hashmap.c:Hashmap_get_node:205: TRY: 22
DEBUG: src/lcthw/hashmap.c:Hashmap_get_node:205: TRY: 23
DEBUG: src/lcthw/hashmap.c:Hashmap_get_node:205: TRY: 24
DEBUG: src/lcthw/hashmap.c:Hashmap_get_node:205: TRY: 25
DEBUG: src/lcthw/hashmap.c:Hashmap_get_node:205: TRY: 26
DEBUG: src/lcthw/hashmap.c:Hashmap_get_node:205: TRY: 27
DEBUG: src/lcthw/hashmap.c:Hashmap_get_node:205: TRY: 28
DEBUG: src/lcthw/hashmap.c:Hashmap_get_node:205: TRY: 29
DEBUG: src/lcthw/hashmap.c:Hashmap_get_node:205: TRY: 30
DEBUG: src/lcthw/hashmap.c:Hashmap_get_node:205: TRY: 31
DEBUG: src/lcthw/hashmap.c:Hashmap_get_node:205: TRY: 32
DEBUG: src/lcthw/hashmap.c:Hashmap_get_node:205: TRY: 33
DEBUG: src/lcthw/hashmap.c:Hashmap_get_node:205: TRY: 34
DEBUG: src/lcthw/hashmap.c:Hashmap_get_node:205: TRY: 35
DEBUG: src/lcthw/hashmap.c:Hashmap_get_node:205: TRY: 36
DEBUG: src/lcthw/hashmap.c:Hashmap_get_node:205: TRY: 37
DEBUG: src/lcthw/hashmap.c:Hashmap_get_node:205: TRY: 38
DEBUG: src/lcthw/hashmap.c:Hashmap_get_node:205: TRY: 39
DEBUG: src/lcthw/hashmap.c:Hashmap_get_node:205: TRY: 40
DEBUG: src/lcthw/hashmap.c:Hashmap_get_node:205: TRY: 41
DEBUG: src/lcthw/hashmap.c:Hashmap_get_node:205: TRY: 42
DEBUG: src/lcthw/hashmap.c:Hashmap_get_node:205: TRY: 43
DEBUG: src/lcthw/hashmap.c:Hashmap_get_node:205: TRY: 44
DEBUG: src/lcthw/hashmap.c:Hashmap_get_node:205: TRY: 45
DEBUG: src/lcthw/hashmap.c:Hashmap_get_node:205: TRY: 46
DEBUG: src/lcthw/hashmap.c:Hashmap_get_node:205: TRY: 47
DEBUG: src/lcthw/hashmap.c:Hashmap_get_node:205: TRY: 48
DEBUG: src/lcthw/hashmap.c:Hashmap_get_node:205: TRY: 49
DEBUG: src/lcthw/hashmap.c:Hashmap_get_node:205: TRY: 50
DEBUG: src/lcthw/hashmap.c:Hashmap_get_node:205: TRY: 51
DEBUG: src/lcthw/hashmap.c:Hashmap_get_node:205: TRY: 52
DEBUG: src/lcthw/hashmap.c:Hashmap_get_node:205: TRY: 53
DEBUG: src/lcthw/hashmap.c:Hashmap_get_node:205: TRY: 54
DEBUG: src/lcthw/hashmap.c:Hashmap_get_node:205: TRY: 55
DEBUG: src/lcthw/hashmap.c:Hashmap_get_node:205: TRY: 56
DEBUG: src/lcthw/hashmap.c:Hashmap_get_node:205: TRY: 57
DEBUG: src/lcthw/hashmap.c:Hashmap_get_node:205: TRY: 58
DEBUG: src/lcthw/hashmap.c:Hashmap_get_node:205: TRY: 59
DEBUG: src/lcthw/hashmap.c:Hashmap_get_node:205: TRY: 60
DEBUG: src/lcthw/hashmap.c:Hashmap_get_node:205: TRY: 61
DEBUG: src/lcthw/hashmap.c:Hashmap_get_node:205: TRY: 62
DEBUG: src/lcthw/hashmap.c:Hashmap_get_node:205: TRY: 63
DEBUG: src/lcthw/hashmap.c:Hashmap_get_node:205: TRY: 64
DEBUG: src/lcthw/hashmap.c:Hashmap_get_node:205: TRY: 65
DEBUG: src/lcthw/hashmap.c:Hashmap_get_node:205: TRY: 66
DEBUG: src/lcthw/hashmap.c:Hashmap_get_node:205: TRY: 67
DEBUG: src/lcthw/hashmap.c:Hashmap_get_node:205: TRY: 68
DEBUG: src/lcthw/hashmap.c:Hashmap_get_node:205: TRY: 69
DEBUG: src/lcthw/hashmap.c:Hashmap_get_node:205: TRY: 70
DEBUG: src/lcthw/hashmap.c:Hashmap_get_node:205: TRY: 71
DEBUG: src/lcthw/hashmap.c:Hashmap_get_node:205: TRY: 72
DEBUG: src/lcthw/hashmap.c:Hashmap_get_node:205: TRY: 73
DEBUG: src/lcthw/hashmap.c:Hashmap_get_node:205: TRY: 74
DEBUG: src/lcthw/hashmap.c:Hashmap_get_node:205: TRY: 75
DEBUG: src/lcthw/hashmap.c:Hashmap_get_node:205: TRY: 76
DEBUG: src/lcthw/hashmap.c:Hashmap_get_node:205: TRY: 77
DEBUG: src/lcthw/hashmap.c:Hashmap_get_node:205: TRY: 78
DEBUG: src/lcthw/hashmap.c:Hashmap_get_node:205: TRY: 79
DEBUG: src/lcthw/hashmap.c:Hashmap_get_node:205: TRY: 80
DEBUG: src/lcthw/hashmap.c:Hashmap_get_node:205: TRY: 81
DEBUG: src/lcthw/hashmap.c:Hashmap_get_node:205: TRY: 82
DEBUG: src/lcthw/hashmap.c:Hashmap_get_node:205: TRY: 83
DEBUG: src/lcthw/hashmap.c:Hashmap_get_node:205: TRY: 84
DEBUG: src/lcthw/hashmap.c:Hashmap_get_node:205: TRY: 85
DEBUG: src/lcthw/hashmap.c:Hashmap_get_node:205: TRY: 86
DEBUG: src/lcthw/hashmap.c:Hashmap_get_node:205: TRY: 87
DEBUG: src/lcthw/hashmap.c:Hashmap_get_node:205: TRY: 88
DEBUG: src/lcthw/hashmap.c:Hashmap_get_node:205: TRY: 89
DEBUG: src/lcthw/hashmap.c:Hashmap_get_node:205: TRY: 90
DEBUG: src/lcthw/hashmap.c:Hashmap_get_node:205: TRY: 91
DEBUG: src/lcthw/hashmap.c:Hashmap_get_node:205: TRY: 92
DEBUG: src/lcthw/hashmap.c:Hashmap_get_node:205: TRY: 93
DEBUG: src/lcthw/hashmap.c:Hashmap_get_node:205: TRY: 94
DEBUG: src/lcthw/hashmap.c:Hashmap_get_node:205: TRY: 95
DEBUG: src/lcthw/hashmap.c:Hashmap_get_node:205: TRY: 96
DEBUG: src/lcthw/hashmap.c:Hashmap_get_node:205: TRY: 97
DEBUG: src/lcthw/hashmap.c:Hashmap_get_node:205: TRY: 98
DEBUG: src/lcthw/hashmap.c:Hashmap_get_node:205: TRY: 99
DEBUG: src/lcthw/hashmap.c:Hashmap_get_node:205: TRY: 100
DEBUG: src/lcthw/hashmap.c:Hashmap_get_node:205: TRY: 0
DEBUG: src/lcthw/hashmap.c:Hashmap_get_node:205: TRY: 1
DEBUG: src/lcthw/hashmap.c:Hashmap_get_node:205: TRY: 2
DEBUG: src/lcthw/hashmap.c:Hashmap_get_node:205: TRY: 3
DEBUG: src/lcthw/hashmap.c:Hashmap_get_node:205: TRY: 4
DEBUG: src/lcthw/hashmap.c:Hashmap_get_node:205: TRY: 5
DEBUG: src/lcthw/hashmap.c:Hashmap_get_node:205: TRY: 6
DEBUG: src/lcthw/hashmap.c:Hashmap_get_node:205: TRY: 7
DEBUG: src/lcthw/hashmap.c:Hashmap_get_node:205: TRY: 8
DEBUG: src/lcthw/hashmap.c:Hashmap_get_node:205: TRY: 9
DEBUG: src/lcthw/hashmap.c:Hashmap_get_node:205: TRY: 10
DEBUG: src/lcthw/hashmap.c:Hashmap_get_node:205: TRY: 11
DEBUG: src/lcthw/hashmap.c:Hashmap_get_node:205: TRY: 12
DEBUG: src/lcthw/hashmap.c:Hashmap_get_node:205: TRY: 13
DEBUG: src/lcthw/hashmap.c:Hashmap_get_node:205: TRY: 14
DEBUG: src/lcthw/hashmap.c:Hashmap_get_node:205: TRY: 15
DEBUG: src/lcthw/hashmap.c:Hashmap_get_node:205: TRY: 16
DEBUG: src/lcthw/hashmap.c:Hashmap_get_node:205: TRY: 17
DEBUG: src/lcthw/hashmap.c:Hashmap_get_node:205: TRY: 18
DEBUG: src/lcthw/hashmap.c:Hashmap_get_node:205: TRY: 19
DEBUG: src/lcthw/hashmap.c:Hashmap_get_node:205: TRY: 20
DEBUG: src/lcthw/hashmap.c:Hashmap_get_node:205: TRY: 21
DEBUG: src/lcthw/hashmap.c:Hashmap_get_node:205: TRY: 22
DEBUG: src/lcthw/hashmap.c:Hashmap_get_node:205: TRY: 23
DEBUG: src/lcthw/hashmap.c:Hashmap_get_node:205: TRY: 24
DEBUG: src/lcthw/hashmap.c:Hashmap_get_node:205: TRY: 25
DEBUG: src/lcthw/hashmap.c:Hashmap_get_node:205: TRY: 26
DEBUG: src/lcthw/hashmap.c:Hashmap_get_node:205: TRY: 27
DEBUG: src/lcthw/hashmap.c:Hashmap_get_node:205: TRY: 28
DEBUG: src/lcthw/hashmap.c:Hashmap_get_node:205: TRY: 29
DEBUG: src/lcthw/hashmap.c:Hashmap_get_node:205: TRY: 30
DEBUG: src/lcthw/hashmap.c:Hashmap_get_node:205: TRY: 31
DEBUG: src/lcthw/hashmap.c:Hashmap_get_node:205: TRY: 32
DEBUG: src/lcthw/hashmap.c:Hashmap_get_node:205: TRY: 33
DEBUG: src/lcthw/hashmap.c:Hashmap_get_node:205: TRY: 34
DEBUG: src/lcthw/hashmap.c:Hashmap_get_node:205: TRY: 35
DEBUG: src/lcthw/hashmap.c:Hashmap_get_node:205: TRY: 36
DEBUG: src/lcthw/hashmap.c:Hashmap_get_node:205: TRY: 37
DEBUG: src/lcthw/hashmap.c:Hashmap_get_node:205: TRY: 38
DEBUG: src/lcthw/hashmap.c:Hashmap_get_node:205: TRY: 39
DEBUG: src/lcthw/hashmap.c:Hashmap_get_node:205: TRY: 40
DEBUG: src/lcthw/hashmap.c:Hashmap_get_node:205: TRY: 41
DEBUG: src/lcthw/hashmap.c:Hashmap_get_node:205: TRY: 42
DEBUG: src/lcthw/hashmap.c:Hashmap_get_node:205: TRY: 43
DEBUG: src/lcthw/hashmap.c:Hashmap_get_node:205: TRY: 44
DEBUG: src/lcthw/hashmap.c:Hashmap_get_node:205: TRY: 45
DEBUG: src/lcthw/hashmap.c:Hashmap_get_node:205: TRY: 46
DEBUG: src/lcthw/hashmap.c:Hashmap_get_node:205: TRY: 47
DEBUG: src/lcthw/hashmap.c:Hashmap_get_node:205: TRY: 48
DEBUG: src/lcthw/hashmap.c:Hashmap_get_node:205: TRY: 49
DEBUG: src/lcthw/hashmap.c:Hashmap_get_node:205: TRY: 50
DEBUG: src/lcthw/hashmap.c:Hashmap_get_node:205: TRY: 51
DEBUG: src/lcthw/hashmap.c:Hashmap_get_node:205: TRY: 52
DEBUG: src/lcthw/hashmap.c:Hashmap_get_node:205: TRY: 53
DEBUG: src/lcthw/hashmap.c:Hashmap_get_node:205: TRY: 54
DEBUG: src/lcthw/hashmap.c:Hashmap_get_node:205: TRY: 55
DEBUG: src/lcthw/hashmap.c:Hashmap_get_node:205: TRY: 56
DEBUG: src/lcthw/hashmap.c:Hashmap_get_node:205: TRY: 57
DEBUG: src/lcthw/hashmap.c:Hashmap_get_node:205: TRY: 58
DEBUG: src/lcthw/hashmap.c:Hashmap_get_node:205: TRY: 59
DEBUG: src/lcthw/hashmap.c:Hashmap_get_node:205: TRY: 60
DEBUG: src/lcthw/hashmap.c:Hashmap_get_node:205: TRY: 61
DEBUG: src/lcthw/hashmap.c:Hashmap_get_node:205: TRY: 62
DEBUG: src/lcthw/hashmap.c:Hashmap_get_node:205: TRY: 63
DEBUG: src/lcthw/hashmap.c:Hashmap_get_node:205: TRY: 64
DEBUG: src/lcthw/hashmap.c:Hashmap_get_node:205: TRY: 65
DEBUG: src/lcthw/hashmap.c:Hashmap_get_node:205: TRY: 66
DEBUG: src/lcthw/hashmap.c:Hashmap_get_node:205: TRY: 67
DEBUG: src/lcthw/hashmap.c:Hashmap_get_node:205: TRY: 68
DEBUG: src/lcthw/hashmap.c:Hashmap_get_node:205: TRY: 69
DEBUG: src/lcthw/hashmap.c:Hashmap_get_node:205: TRY: 70
DEBUG: src/lcthw/hashmap.c:Hashmap_get_node:205: TRY: 71
DEBUG: src/lcthw/hashmap.c:Hashmap_get_node:205: TRY: 72
DEBUG: src/lcthw/hashmap.c:Hashmap_get_node:205: TRY: 73
DEBUG: src/lcthw/hashmap.c:Hashmap_get_node:205: TRY: 74
DEBUG: src/lcthw/hashmap.c:Hashmap_get_node:205: TRY: 75
DEBUG: src/lcthw/hashmap.c:Hashmap_get_node:205: TRY: 76
DEBUG: src/lcthw/hashmap.c:Hashmap_get_node:205: TRY: 77
DEBUG: src/lcthw/hashmap.c:Hashmap_get_node:205: TRY: 78
DEBUG: src/lcthw/hashmap.c:Hashmap_get_node:205: TRY: 79
DEBUG: src/lcthw/hashmap.c:Hashmap_get_node:205: TRY: 80
DEBUG: src/lcthw/hashmap.c:Hashmap_get_node:205: TRY: 81
DEBUG: src/lcthw/hashmap.c:Hashmap_get_node:205: TRY: 82
DEBUG: src/lcthw/hashmap.c:Hashmap_get_node:205: TRY: 83
DEBUG: src/lcthw/hashmap.c:Hashmap_get_node:205: TRY: 84
DEBUG: src/lcthw/hashmap.c:Hashmap_get_node:205: TRY: 85
DEBUG: src/lcthw/hashmap.c:Hashmap_get_node:205: TRY: 86
DEBUG: src/lcthw/hashmap.c:Hashmap_get_node:205: TRY: 87
DEBUG: src/lcthw/hashmap.c:Hashmap_get_node:205: TRY: 88
DEBUG: src/lcthw/hashmap.c:Hashmap_get_node:205: TRY: 89
DEBUG: src/lcthw/hashmap.c:Hashmap_get_node:205: TRY: 90
DEBUG: src/lcthw/hashmap.c:Hashmap_get_node:205: TRY: 91
DEBUG: src/lcthw/hashmap.c:Hashmap_get_node:205: TRY: 92
DEBUG: src/lcthw/hashmap.c:Hashmap_get_node:205: TRY: 93
DEBUG: src/lcthw/hashmap.c:Hashmap_get_node:205: TRY: 94
DEBUG: src/lcthw/hashmap.c:Hashmap_get_node:205: TRY: 95
DEBUG: src/lcthw/hashmap.c:Hashmap_get_node:205: TRY: 96
DEBUG: src/lcthw/hashmap.c:Hashmap_get_node:205: TRY: 97
DEBUG: src/lcthw/hashmap.c:Hashmap_get_node:205: TRY: 98
DEBUG: src/lcthw/hashmap.c:Hashmap_get_node:205: TRY: 99
DEBUG: src/lcthw/hashmap.c:Hashmap_get_node:205: TRY: 100
DEBUG: src/lcthw/hashmap.c:Hashmap_get_node:205: TRY: 101
DEBUG: src/lcthw/hashmap.c:Hashmap_get_node:205: TRY: 0
DEBUG: src/lcthw/hashmap.c:Hashmap_get_node:205: TRY: 1
DEBUG: src/lcthw/hashmap.c:Hashmap_get_node:205: TRY: 2
DEBUG: src/lcthw/hashmap.c:Hashmap_get_node:205: TRY: 3
DEBUG: src/lcthw/hashmap.c:Hashmap_get_node:205: TRY: 4
DEBUG: src/lcthw/hashmap.c:Hashmap_get_node:205: TRY: 5
DEBUG: src/lcthw/hashmap.c:Hashmap_get_node:205: TRY: 6
DEBUG: src/lcthw/hashmap.c:Hashmap_get_node:205: TRY: 7
DEBUG: src/lcthw/hashmap.c:Hashmap_get_node:205: TRY: 8
DEBUG: src/lcthw/hashmap.c:Hashmap_get_node:205: TRY: 9
DEBUG: src/lcthw/hashmap.c:Hashmap_get_node:205: TRY: 10
DEBUG: src/lcthw/hashmap.c:Hashmap_get_node:205: TRY: 11
DEBUG: src/lcthw/hashmap.c:Hashmap_get_node:205: TRY: 12
DEBUG: src/lcthw/hashmap.c:Hashmap_get_node:205: TRY: 13
DEBUG: src/lcthw/hashmap.c:Hashmap_get_node:205: TRY: 14
DEBUG: src/lcthw/hashmap.c:Hashmap_get_node:205: TRY: 15
DEBUG: src/lcthw/hashmap.c:Hashmap_get_node:205: TRY: 16
DEBUG: src/lcthw/hashmap.c:Hashmap_get_node:205: TRY: 17
DEBUG: src/lcthw/hashmap.c:Hashmap_get_node:205: TRY: 18
DEBUG: src/lcthw/hashmap.c:Hashmap_get_node:205: TRY: 19
DEBUG: src/lcthw/hashmap.c:Hashmap_get_node:205: TRY: 20
DEBUG: src/lcthw/hashmap.c:Hashmap_get_node:205: TRY: 21
DEBUG: src/lcthw/hashmap.c:Hashmap_get_node:205: TRY: 22
DEBUG: src/lcthw/hashmap.c:Hashmap_get_node:205: TRY: 23
DEBUG: src/lcthw/hashmap.c:Hashmap_get_node:205: TRY: 24
DEBUG: src/lcthw/hashmap.c:Hashmap_get_node:205: TRY: 25
DEBUG: src/lcthw/hashmap.c:Hashmap_get_node:205: TRY: 26
DEBUG: src/lcthw/hashmap.c:Hashmap_get_node:205: TRY: 27
DEBUG: src/lcthw/hashmap.c:Hashmap_get_node:205: TRY: 28
DEBUG: src/lcthw/hashmap.c:Hashmap_get_node:205: TRY: 29
DEBUG: src/lcthw/hashmap.c:Hashmap_get_node:205: TRY: 30
DEBUG: src/lcthw/hashmap.c:Hashmap_get_node:205: TRY: 31
DEBUG: src/lcthw/hashmap.c:Hashmap_get_node:205: TRY: 32
DEBUG: src/lcthw/hashmap.c:Hashmap_get_node:205: TRY: 33
DEBUG: src/lcthw/hashmap.c:Hashmap_get_node:205: TRY: 34
DEBUG: src/lcthw/hashmap.c:Hashmap_get_node:205: TRY: 35
DEBUG: src/lcthw/hashmap.c:Hashmap_get_node:205: TRY: 36
DEBUG: src/lcthw/hashmap.c:Hashmap_get_node:205: TRY: 37
DEBUG: src/lcthw/hashmap.c:Hashmap_get_node:205: TRY: 38
DEBUG: src/lcthw/hashmap.c:Hashmap_get_node:205: TRY: 39
DEBUG: src/lcthw/hashmap.c:Hashmap_get_node:205: TRY: 40
DEBUG: src/lcthw/hashmap.c:Hashmap_get_node:205: TRY: 41
DEBUG: src/lcthw/hashmap.c:Hashmap_get_node:205: TRY: 42
DEBUG: src/lcthw/hashmap.c:Hashmap_get_node:205: TRY: 43
DEBUG: src/lcthw/hashmap.c:Hashmap_get_node:205: TRY: 44
DEBUG: src/lcthw/hashmap.c:Hashmap_get_node:205: TRY: 45
DEBUG: src/lcthw/hashmap.c:Hashmap_get_node:205: TRY: 46
DEBUG: src/lcthw/hashmap.c:Hashmap_get_node:205: TRY: 47
DEBUG: src/lcthw/hashmap.c:Hashmap_get_node:205: TRY: 48
DEBUG: src/lcthw/hashmap.c:Hashmap_get_node:205: TRY: 49
DEBUG: src/lcthw/hashmap.c:Hashmap_get_node:205: TRY: 50
DEBUG: src/lcthw/hashmap.c:Hashmap_get_node:205: TRY: 51
DEBUG: src/lcthw/hashmap.c:Hashmap_get_node:205: TRY: 52
DEBUG: src/lcthw/hashmap.c:Hashmap_get_node:205: TRY: 53
DEBUG: src/lcthw/hashmap.c:Hashmap_get_node:205: TRY: 54
DEBUG: src/lcthw/hashmap.c:Hashmap_get_node:205: TRY: 55
DEBUG: src/lcthw/hashmap.c:Hashmap_get_node:205: TRY: 56
DEBUG: src/lcthw/hashmap.c:Hashmap_get_node:205: TRY: 57
DEBUG: src/lcthw/hashmap.c:Hashmap_get_node:205: TRY: 58
DEBUG: src/lcthw/hashmap.c:Hashmap_get_node:205: TRY: 59
DEBUG: src/lcthw/hashmap.c:Hashmap_get_node:205: TRY: 60
DEBUG: src/lcthw/hashmap.c:Hashmap_get_node:205: TRY: 61
DEBUG: src/lcthw/hashmap.c:Hashmap_get_node:205: TRY: 62
DEBUG: src/lcthw/hashmap.c:Hashmap_get_node:205: TRY: 63
DEBUG: src/lcthw/hashmap.c:Hashmap_get_node:205: TRY: 64
DEBUG: src/lcthw/hashmap.c:Hashmap_get_node:205: TRY: 65
DEBUG: src/lcthw/hashmap.c:Hashmap_get_node:205: TRY: 66
DEBUG: src/lcthw/hashmap.c:Hashmap_get_node:205: TRY: 67
DEBUG: src/lcthw/hashmap.c:Hashmap_get_node:205: TRY: 68
DEBUG: src/lcthw/hashmap.c:Hashmap_get_node:205: TRY: 69
DEBUG: src/lcthw/hashmap.c:Hashmap_get_node:205: TRY: 70
DEBUG: src/lcthw/hashmap.c:Hashmap_get_node:205: TRY: 71
DEBUG: src/lcthw/hashmap.c:Hashmap_get_node:205: TRY: 72
DEBUG: src/lcthw/hashmap.c:Hashmap_get_node:205: TRY: 73
DEBUG: src/lcthw/hashmap.c:Hashmap_get_node:205: TRY: 74
DEBUG: src/lcthw/hashmap.c:Hashmap_get_node:205: TRY: 75
DEBUG: src/lcthw/hashmap.c:Hashmap_get_node:205: TRY: 76
DEBUG: src/lcthw/hashmap.c:Hashmap_get_node:205: TRY: 77
DEBUG: src/lcthw/hashmap.c:Hashmap_get_node:205: TRY: 78
DEBUG: src/lcthw/hashmap.c:Hashmap_get_node:205: TRY: 79
DEBUG: src/lcthw/hashmap.c:Hashmap_get_node:205: TRY: 80
DEBUG: src/lcthw/hashmap.c:Hashmap_get_node:205: TRY: 81
DEBUG: src/lcthw/hashmap.c:Hashmap_get_node:205: TRY: 82
DEBUG: src/lcthw/hashmap.c:Hashmap_get_node:205: TRY: 83
DEBUG: src/lcthw/hashmap.c:Hashmap_get_node:205: TRY: 84
DEBUG: src/lcthw/hashmap.c:Hashmap_get_node:205: TRY: 85
DEBUG: src/lcthw/hashmap.c:Hashmap_get_node:205: TRY: 86
DEBUG: src/lcthw/hashmap.c:Hashmap_get_node:205: TRY: 87
DEBUG: src/lcthw/hashmap.c:Hashmap_get_node:205: TRY: 88
DEBUG: src/lcthw/hashmap.c:Hashmap_get_node:205: TRY: 89
DEBUG: src/lcthw/hashmap.c:Hashmap_get_node:205: TRY: 90
DEBUG: src/lcthw/hashmap.c:Hashmap_get_node:205: TRY: 91
DEBUG: src/lcthw/hashmap.c:Hashmap_get_node:205: TRY: 92
DEBUG: src/lcthw/hashmap.c:Hashmap_get_node:205: TRY: 93
DEBUG: src/lcthw/hashmap.c:Hashmap_get_node:205: TRY: 94
DEBUG: src/lcthw/hashmap.c:Hashmap_get_node:205: TRY: 95
DEBUG: src/lcthw/hashmap.c:Hashmap_get_node:205: TRY: 96
DEBUG: src/lcthw/hashmap.c:Hashmap_get_node:205: TRY: 97
DEBUG: src/lcthw/hashmap.c:Hashmap_get_node:205: TRY: 98
DEBUG: src/lcthw/hashmap.c:Hashmap_get_node:205: TRY: 99
DEBUG: src/lcthw/hashmap.c:Hashmap_get_node:205: TRY: 100
DEBUG: src/lcthw/hashmap.c:Hashmap_get_node:205: TRY: 101
DEBUG: src/lcthw/hashmap.c:Hashmap_get_node:205: TRY: 102
DEBUG: src/lcthw/hashmap.c:Hashmap_get_node:205: TRY: 0
DEBUG: src/lcthw/hashmap.c:Hashmap_get_node:205: TRY: 1
DEBUG: src/lcthw/hashmap.c:Hashmap_get_node:205: TRY: 2
DEBUG: src/lcthw/hashmap.c:Hashmap_get_node:205: TRY: 3
DEBUG: src/lcthw/hashmap.c:Hashmap_get_node:205: TRY: 4
DEBUG: src/lcthw/hashmap.c:Hashmap_get_node:205: TRY: 5
DEBUG: src/lcthw/hashmap.c:Hashmap_get_node:205: TRY: 6
DEBUG: src/lcthw/hashmap.c:Hashmap_get_node:205: TRY: 7
DEBUG: src/lcthw/hashmap.c:Hashmap_get_node:205: TRY: 8
DEBUG: src/lcthw/hashmap.c:Hashmap_get_node:205: TRY: 9
DEBUG: src/lcthw/hashmap.c:Hashmap_get_node:205: TRY: 10
DEBUG: src/lcthw/hashmap.c:Hashmap_get_node:205: TRY: 11
DEBUG: src/lcthw/hashmap.c:Hashmap_get_node:205: TRY: 12
DEBUG: src/lcthw/hashmap.c:Hashmap_get_node:205: TRY: 13
DEBUG: src/lcthw/hashmap.c:Hashmap_get_node:205: TRY: 14
DEBUG: src/lcthw/hashmap.c:Hashmap_get_node:205: TRY: 15
DEBUG: src/lcthw/hashmap.c:Hashmap_get_node:205: TRY: 16
DEBUG: src/lcthw/hashmap.c:Hashmap_get_node:205: TRY: 17
DEBUG: src/lcthw/hashmap.c:Hashmap_get_node:205: TRY: 18
DEBUG: src/lcthw/hashmap.c:Hashmap_get_node:205: TRY: 19
DEBUG: src/lcthw/hashmap.c:Hashmap_get_node:205: TRY: 20
DEBUG: src/lcthw/hashmap.c:Hashmap_get_node:205: TRY: 21
DEBUG: src/lcthw/hashmap.c:Hashmap_get_node:205: TRY: 22
DEBUG: src/lcthw/hashmap.c:Hashmap_get_node:205: TRY: 23
DEBUG: src/lcthw/hashmap.c:Hashmap_get_node:205: TRY: 24
DEBUG: src/lcthw/hashmap.c:Hashmap_get_node:205: TRY: 25
DEBUG: src/lcthw/hashmap.c:Hashmap_get_node:205: TRY: 26
DEBUG: src/lcthw/hashmap.c:Hashmap_get_node:205: TRY: 27
DEBUG: src/lcthw/hashmap.c:Hashmap_get_node:205: TRY: 28
DEBUG: src/lcthw/hashmap.c:Hashmap_get_node:205: TRY: 29
DEBUG: src/lcthw/hashmap.c:Hashmap_get_node:205: TRY: 30
DEBUG: src/lcthw/hashmap.c:Hashmap_get_node:205: TRY: 31
DEBUG: src/lcthw/hashmap.c:Hashmap_get_node:205: TRY: 32
DEBUG: src/lcthw/hashmap.c:Hashmap_get_node:205: TRY: 33
DEBUG: src/lcthw/hashmap.c:Hashmap_get_node:205: TRY: 34
DEBUG: src/lcthw/hashmap.c:Hashmap_get_node:205: TRY: 35
DEBUG: src/lcthw/hashmap.c:Hashmap_get_node:205: TRY: 36
DEBUG: src/lcthw/hashmap.c:Hashmap_get_node:205: TRY: 37
DEBUG: src/lcthw/hashmap.c:Hashmap_get_node:205: TRY: 38
DEBUG: src/lcthw/hashmap.c:Hashmap_get_node:205: TRY: 39
DEBUG: src/lcthw/hashmap.c:Hashmap_get_node:205: TRY: 40
DEBUG: src/lcthw/hashmap.c:Hashmap_get_node:205: TRY: 41
DEBUG: src/lcthw/hashmap.c:Hashmap_get_node:205: TRY: 42
DEBUG: src/lcthw/hashmap.c:Hashmap_get_node:205: TRY: 43
DEBUG: src/lcthw/hashmap.c:Hashmap_get_node:205: TRY: 44
DEBUG: src/lcthw/hashmap.c:Hashmap_get_node:205: TRY: 45
DEBUG: src/lcthw/hashmap.c:Hashmap_get_node:205: TRY: 46
DEBUG: src/lcthw/hashmap.c:Hashmap_get_node:205: TRY: 47
DEBUG: src/lcthw/hashmap.c:Hashmap_get_node:205: TRY: 48
DEBUG: src/lcthw/hashmap.c:Hashmap_get_node:205: TRY: 49
DEBUG: src/lcthw/hashmap.c:Hashmap_get_node:205: TRY: 50
DEBUG: src/lcthw/hashmap.c:Hashmap_get_node:205: TRY: 51
DEBUG: src/lcthw/hashmap.c:Hashmap_get_node:205: TRY: 52
DEBUG: src/lcthw/hashmap.c:Hashmap_get_node:205: TRY: 53
DEBUG: src/lcthw/hashmap.c:Hashmap_get_node:205: TRY: 54
DEBUG: src/lcthw/hashmap.c:Hashmap_get_node:205: TRY: 55
DEBUG: src/lcthw/hashmap.c:Hashmap_get_node:205: TRY: 56
DEBUG: src/lcthw/hashmap.c:Hashmap_get_node:205: TRY: 57
DEBUG: src/lcthw/hashmap.c:Hashmap_get_node:205: TRY: 58
DEBUG: src/lcthw/hashmap.c:Hashmap_get_node:205: TRY: 59
DEBUG: src/lcthw/hashmap.c:Hashmap_get_node:205: TRY: 60
DEBUG: src/lcthw/hashmap.c:Hashmap_get_node:205: TRY: 61
DEBUG: src/lcthw/hashmap.c:Hashmap_get_node:205: TRY: 62
DEBUG: src/lcthw/hashmap.c:Hashmap_get_node:205: TRY: 63
DEBUG: src/lcthw/hashmap.c:Hashmap_get_node:205: TRY: 64
DEBUG: src/lcthw/hashmap.c:Hashmap_get_node:205: TRY: 65
DEBUG: src/lcthw/hashmap.c:Hashmap_get_node:205: TRY: 66
DEBUG: src/lcthw/hashmap.c:Hashmap_get_node:205: TRY: 67
DEBUG: src/lcthw/hashmap.c:Hashmap_get_node:205: TRY: 68
DEBUG: src/lcthw/hashmap.c:Hashmap_get_node:205: TRY: 69
DEBUG: src/lcthw/hashmap.c:Hashmap_get_node:205: TRY: 70
DEBUG: src/lcthw/hashmap.c:Hashmap_get_node:205: TRY: 71
DEBUG: src/lcthw/hashmap.c:Hashmap_get_node:205: TRY: 72
DEBUG: src/lcthw/hashmap.c:Hashmap_get_node:205: TRY: 73
DEBUG: src/lcthw/hashmap.c:Hashmap_get_node:205: TRY: 74
DEBUG: src/lcthw/hashmap.c:Hashmap_get_node:205: TRY: 75
DEBUG: src/lcthw/hashmap.c:Hashmap_get_node:205: TRY: 76
DEBUG: src/lcthw/hashmap.c:Hashmap_get_node:205: TRY: 77
DEBUG: src/lcthw/hashmap.c:Hashmap_get_node:205: TRY: 78
DEBUG: src/lcthw/hashmap.c:Hashmap_get_node:205: TRY: 79
DEBUG: src/lcthw/hashmap.c:Hashmap_get_node:205: TRY: 80
DEBUG: src/lcthw/hashmap.c:Hashmap_get_node:205: TRY: 81
DEBUG: src/lcthw/hashmap.c:Hashmap_get_node:205: TRY: 82
DEBUG: src/lcthw/hashmap.c:Hashmap_get_node:205: TRY: 83
DEBUG: src/lcthw/hashmap.c:Hashmap_get_node:205: TRY: 84
DEBUG: src/lcthw/hashmap.c:Hashmap_get_node:205: TRY: 85
DEBUG: src/lcthw/hashmap.c:Hashmap_get_node:205: TRY: 86
DEBUG: src/lcthw/hashmap.c:Hashmap_get_node:205: TRY: 87
DEBUG: src/lcthw/hashmap.c:Hashmap_get_node:205: TRY: 88
DEBUG: src/lcthw/hashmap.c:Hashmap_get_node:205: TRY: 89
DEBUG: src/lcthw/hashmap.c:Hashmap_get_node:205: TRY: 90
DEBUG: src/lcthw/hashmap.c:Hashmap_get_node:205: TRY: 91
DEBUG: src/lcthw/hashmap.c:Hashmap_get_node:205: TRY: 92
DEBUG: src/lcthw/hashmap.c:Hashmap_get_node:205: TRY: 93
DEBUG: src/lcthw/hashmap.c:Hashmap_get_node:205: TRY: 94
DEBUG: src/lcthw/hashmap.c:Hashmap_get_node:205: TRY: 95
DEBUG: src/lcthw/hashmap.c:Hashmap_get_node:205: TRY: 96
DEBUG: src/lcthw/hashmap.c:Hashmap_get_node:205: TRY: 97
DEBUG: src/lcthw/hashmap.c:Hashmap_get_node:205: TRY: 98
DEBUG: src/lcthw/hashmap.c:Hashmap_get_node:205: TRY: 99
DEBUG: src/lcthw/hashmap.c:Hashmap_get_node:205: TRY: 100
DEBUG: src/lcthw/hashmap.c:Hashmap_get_node:205: TRY: 101
DEBUG: src/lcthw/hashmap.c:Hashmap_get_node:205: TRY: 102
DEBUG: src/lcthw/hashmap.c:Hashmap_get_node:205: TRY: 103
DEBUG: src/lcthw/hashmap.c:Hashmap_get_node:205: TRY: 104
DEBUG: src/lcthw/hashmap.c:Hashmap_get_node:205: TRY: 105
DEBUG: src/lcthw/hashmap.c:Hashmap_get_node:205: TRY: 106
DEBUG: src/lcthw/hashmap.c:Hashmap_get_node:205: TRY: 107
DEBUG: src/lcthw/hashmap.c:Hashmap_get_node:205: TRY: 108
DEBUG: src/lcthw/hashmap.c:Hashmap_get_node:205: TRY: 109
DEBUG: src/lcthw/hashmap.c:Hashmap_get_node:205: TRY: 110
DEBUG: src/lcthw/hashmap.c:Hashmap_get_node:205: TRY: 111
DEBUG: src/lcthw/hashmap.c:Hashmap_get_node:205: TRY: 112
DEBUG: src/lcthw/hashmap.c:Hashmap_get_node:205: TRY: 113
DEBUG: src/lcthw/hashmap.c:Hashmap_get_node:205: TRY: 114
DEBUG: src/lcthw/hashmap.c:Hashmap_get_node:205: TRY: 115
DEBUG: src/lcthw/hashmap.c:Hashmap_get_node:205: TRY: 116
DEBUG: src/lcthw/hashmap.c:Hashmap_get_node:205: TRY: 117
DEBUG: src/lcthw/hashmap.c:Hashmap_get_node:205: TRY: 118
DEBUG: src/lcthw/hashmap.c:Hashmap_get_node:205: TRY: 119
DEBUG: src/lcthw/hashmap.c:Hashmap_get_node:205: TRY: 120
DEBUG: src/lcthw/hashmap.c:Hashmap_get_node:205: TRY: 121
DEBUG: src/lcthw/hashmap.c:Hashmap_get_node:205: TRY: 122
DEBUG: src/lcthw/hashmap.c:Hashmap_get_node:205: TRY: 123
DEBUG: src/lcthw/hashmap.c:Hashmap_get_node:205: TRY: 124
DEBUG: src/lcthw/hashmap.c:Hashmap_get_node:205: TRY: 125
DEBUG: src/lcthw/hashmap.c:Hashmap_get_node:205: TRY: 126
DEBUG: src/lcthw/hashmap.c:Hashmap_get_node:205: TRY: 0
DEBUG: src/lcthw/hashmap.c:Hashmap_get_node:205: TRY: 1
DEBUG: src/lcthw/hashmap.c:Hashmap_get_node:205: TRY: 2
DEBUG: src/lcthw/hashmap.c:Hashmap_get_node:205: TRY: 3
DEBUG: src/lcthw/hashmap.c:Hashmap_get_node:205: TRY: 4
DEBUG: src/lcthw/hashmap.c:Hashmap_get_node:205: TRY: 5
DEBUG: src/lcthw/hashmap.c:Hashmap_get_node:205: TRY: 6
DEBUG: src/lcthw/hashmap.c:Hashmap_get_node:205: TRY: 7
DEBUG: src/lcthw/hashmap.c:Hashmap_get_node:205: TRY: 8
DEBUG: src/lcthw/hashmap.c:Hashmap_get_node:205: TRY: 9
DEBUG: src/lcthw/hashmap.c:Hashmap_get_node:205: TRY: 10
DEBUG: src/lcthw/hashmap.c:Hashmap_get_node:205: TRY: 11
DEBUG: src/lcthw/hashmap.c:Hashmap_get_node:205: TRY: 12
DEBUG: src/lcthw/hashmap.c:Hashmap_get_node:205: TRY: 13
DEBUG: src/lcthw/hashmap.c:Hashmap_get_node:205: TRY: 14
DEBUG: src/lcthw/hashmap.c:Hashmap_get_node:205: TRY: 15
DEBUG: src/lcthw/hashmap.c:Hashmap_get_node:205: TRY: 16
DEBUG: src/lcthw/hashmap.c:Hashmap_get_node:205: TRY: 17
DEBUG: src/lcthw/hashmap.c:Hashmap_get_node:205: TRY: 18
DEBUG: src/lcthw/hashmap.c:Hashmap_get_node:205: TRY: 19
DEBUG: src/lcthw/hashmap.c:Hashmap_get_node:205: TRY: 20
DEBUG: src/lcthw/hashmap.c:Hashmap_get_node:205: TRY: 21
DEBUG: src/lcthw/hashmap.c:Hashmap_get_node:205: TRY: 22
DEBUG: src/lcthw/hashmap.c:Hashmap_get_node:205: TRY: 23
DEBUG: src/lcthw/hashmap.c:Hashmap_get_node:205: TRY: 24
DEBUG: src/lcthw/hashmap.c:Hashmap_get_node:205: TRY: 25
DEBUG: src/lcthw/hashmap.c:Hashmap_get_node:205: TRY: 26
DEBUG: src/lcthw/hashmap.c:Hashmap_get_node:205: TRY: 27
DEBUG: src/lcthw/hashmap.c:Hashmap_get_node:205: TRY: 28
DEBUG: src/lcthw/hashmap.c:Hashmap_get_node:205: TRY: 29
DEBUG: src/lcthw/hashmap.c:Hashmap_get_node:205: TRY: 30
DEBUG: src/lcthw/hashmap.c:Hashmap_get_node:205: TRY: 31
DEBUG: src/lcthw/hashmap.c:Hashmap_get_node:205: TRY: 32
DEBUG: src/lcthw/hashmap.c:Hashmap_get_node:205: TRY: 33
DEBUG: src/lcthw/hashmap.c:Hashmap_get_node:205: TRY: 34
DEBUG: src/lcthw/hashmap.c:Hashmap_get_node:205: TRY: 35
DEBUG: src/lcthw/hashmap.c:Hashmap_get_node:205: TRY: 36
DEBUG: src/lcthw/hashmap.c:Hashmap_get_node:205: TRY: 37
DEBUG: src/lcthw/hashmap.c:Hashmap_get_node:205: TRY: 38
DEBUG: src/lcthw/hashmap.c:Hashmap_get_node:205: TRY: 39
DEBUG: src/lcthw/hashmap.c:Hashmap_get_node:205: TRY: 40
DEBUG: src/lcthw/hashmap.c:Hashmap_get_node:205: TRY: 41
DEBUG: src/lcthw/hashmap.c:Hashmap_get_node:205: TRY: 42
DEBUG: src/lcthw/hashmap.c:Hashmap_get_node:205: TRY: 43
DEBUG: src/lcthw/hashmap.c:Hashmap_get_node:205: TRY: 44
DEBUG: src/lcthw/hashmap.c:Hashmap_get_node:205: TRY: 45
DEBUG: src/lcthw/hashmap.c:Hashmap_get_node:205: TRY: 46
DEBUG: src/lcthw/hashmap.c:Hashmap_get_node:205: TRY: 47
DEBUG: src/lcthw/hashmap.c:Hashmap_get_node:205: TRY: 48
DEBUG: src/lcthw/hashmap.c:Hashmap_get_node:205: TRY: 49
DEBUG: src/lcthw/hashmap.c:Hashmap_get_node:205: TRY: 50
DEBUG: src/lcthw/hashmap.c:Hashmap_get_node:205: TRY: 51
DEBUG: src/lcthw/hashmap.c:Hashmap_get_node:205: TRY: 52
DEBUG: src/lcthw/hashmap.c:Hashmap_get_node:205: TRY: 53
DEBUG: src/lcthw/hashmap.c:Hashmap_get_node:205: TRY: 54
DEBUG: src/lcthw/hashmap.c:Hashmap_get_node:205: TRY: 55
DEBUG: src/lcthw/hashmap.c:Hashmap_get_node:205: TRY: 56
DEBUG: src/lcthw/hashmap.c:Hashmap_get_node:205: TRY: 57
DEBUG: src/lcthw/hashmap.c:Hashmap_get_node:205: TRY: 58
DEBUG: src/lcthw/hashmap.c:Hashmap_get_node:205: TRY: 59
DEBUG: src/lcthw/hashmap.c:Hashmap_get_node:205: TRY: 60
DEBUG: src/lcthw/hashmap.c:Hashmap_get_node:205: TRY: 61
DEBUG: src/lcthw/hashmap.c:Hashmap_get_node:205: TRY: 62
DEBUG: src/lcthw/hashmap.c:Hashmap_get_node:205: TRY: 63
DEBUG: src/lcthw/hashmap.c:Hashmap_get_node:205: TRY: 64
DEBUG: src/lcthw/hashmap.c:Hashmap_get_node:205: TRY: 65
DEBUG: src/lcthw/hashmap.c:Hashmap_get_node:205: TRY: 66
DEBUG: src/lcthw/hashmap.c:Hashmap_get_node:205: TRY: 67
DEBUG: src/lcthw/hashmap.c:Hashmap_get_node:205: TRY: 68
DEBUG: src/lcthw/hashmap.c:Hashmap_get_node:205: TRY: 69
DEBUG: src/lcthw/hashmap.c:Hashmap_get_node:205: TRY: 70
DEBUG: src/lcthw/hashmap.c:Hashmap_get_node:205: TRY: 71
DEBUG: src/lcthw/hashmap.c:Hashmap_get_node:205: TRY: 72
DEBUG: src/lcthw/hashmap.c:Hashmap_get_node:205: TRY: 73
DEBUG: src/lcthw/hashmap.c:Hashmap_get_node:205: TRY: 74
DEBUG: src/lcthw/hashmap.c:Hashmap_get_node:205: TRY: 75
DEBUG: src/lcthw/hashmap.c:Hashmap_get_node:205: TRY: 76
DEBUG: src/lcthw/hashmap.c:Hashmap_get_node:205: TRY: 77
DEBUG: src/lcthw/hashmap.c:Hashmap_get_node:205: TRY: 78
DEBUG: src/lcthw/hashmap.c:Hashmap_get_node:205: TRY: 79
DEBUG: src/lcthw/hashmap.c:Hashmap_get_node:205: TRY: 80
DEBUG: src/lcthw/hashmap.c:Hashmap_get_node:205: TRY: 81
DEBUG: src/lcthw/hashmap.c:Hashmap_get_node:205: TRY: 82
DEBUG: src/lcthw/hashmap.c:Hashmap_get_node:205: TRY: 83
DEBUG: src/lcthw/hashmap.c:Hashmap_get_node:205: TRY: 84
DEBUG: src/lcthw/hashmap.c:Hashmap_get_node:205: TRY: 85
DEBUG: src/lcthw/hashmap.c:Hashmap_get_node:205: TRY: 86
DEBUG: src/lcthw/hashmap.c:Hashmap_get_node:205: TRY: 87
DEBUG: src/lcthw/hashmap.c:Hashmap_get_node:205: TRY: 0
DEBUG: src/lcthw/hashmap.c:Hashmap_get_node:205: TRY: 1
DEBUG: src/lcthw/hashmap.c:Hashmap_get_node:205: TRY: 2
DEBUG: src/lcthw/hashmap.c:Hashmap_get_node:205: TRY: 3
DEBUG: src/lcthw/hashmap.c:Hashmap_get_node:205: TRY: 4
DEBUG: src/lcthw/hashmap.c:Hashmap_get_node:205: TRY: 5
DEBUG: src/lcthw/hashmap.c:Hashmap_get_node:205: TRY: 6
DEBUG: src/lcthw/hashmap.c:Hashmap_get_node:205: TRY: 7
DEBUG: src/lcthw/hashmap.c:Hashmap_get_node:205: TRY: 8
DEBUG: src/lcthw/hashmap.c:Hashmap_get_node:205: TRY: 9
DEBUG: src/lcthw/hashmap.c:Hashmap_get_node:205: TRY: 10
DEBUG: src/lcthw/hashmap.c:Hashmap_get_node:205: TRY: 11
DEBUG: src/lcthw/hashmap.c:Hashmap_get_node:205: TRY: 12
DEBUG: src/lcthw/hashmap.c:Hashmap_get_node:205: TRY: 13
DEBUG: src/lcthw/hashmap.c:Hashmap_get_node:205: TRY: 14
DEBUG: src/lcthw/hashmap.c:Hashmap_get_node:205: TRY: 15
DEBUG: src/lcthw/hashmap.c:Hashmap_get_node:205: TRY: 16
DEBUG: src/lcthw/hashmap.c:Hashmap_get_node:205: TRY: 17
DEBUG: src/lcthw/hashmap.c:Hashmap_get_node:205: TRY: 18
DEBUG: src/lcthw/hashmap.c:Hashmap_get_node:205: TRY: 19
DEBUG: src/lcthw/hashmap.c:Hashmap_get_node:205: TRY: 20
DEBUG: src/lcthw/hashmap.c:Hashmap_get_node:205: TRY: 21
DEBUG: src/lcthw/hashmap.c:Hashmap_get_node:205: TRY: 22
DEBUG: src/lcthw/hashmap.c:Hashmap_get_node:205: TRY: 23
DEBUG: src/lcthw/hashmap.c:Hashmap_get_node:205: TRY: 24
DEBUG: src/lcthw/hashmap.c:Hashmap_get_node:205: TRY: 25
DEBUG: src/lcthw/hashmap.c:Hashmap_get_node:205: TRY: 26
DEBUG: src/lcthw/hashmap.c:Hashmap_get_node:205: TRY: 27
DEBUG: src/lcthw/hashmap.c:Hashmap_get_node:205: TRY: 28
DEBUG: src/lcthw/hashmap.c:Hashmap_get_node:205: TRY: 29
DEBUG: src/lcthw/hashmap.c:Hashmap_get_node:205: TRY: 30
DEBUG: src/lcthw/hashmap.c:Hashmap_get_node:205: TRY: 31
DEBUG: src/lcthw/hashmap.c:Hashmap_get_node:205: TRY: 32
DEBUG: src/lcthw/hashmap.c:Hashmap_get_node:205: TRY: 33
DEBUG: src/lcthw/hashmap.c:Hashmap_get_node:205: TRY: 34
DEBUG: src/lcthw/hashmap.c:Hashmap_get_node:205: TRY: 35
DEBUG: src/lcthw/hashmap.c:Hashmap_get_node:205: TRY: 36
DEBUG: src/lcthw/hashmap.c:Hashmap_get_node:205: TRY: 37
DEBUG: src/lcthw/hashmap.c:Hashmap_get_node:205: TRY: 38
DEBUG: src/lcthw/hashmap.c:Hashmap_get_node:205: TRY: 39
DEBUG: src/lcthw/hashmap.c:Hashmap_get_node:205: TRY: 40
DEBUG: src/lcthw/hashmap.c:Hashmap_get_node:205: TRY: 41
DEBUG: src/lcthw/hashmap.c:Hashmap_get_node:205: TRY: 42
DEBUG: src/lcthw/hashmap.c:Hashmap_get_node:205: TRY: 43
DEBUG: src/lcthw/hashmap.c:Hashmap_get_node:205: TRY: 44
DEBUG: src/lcthw/hashmap.c:Hashmap_get_node:205: TRY: 45
DEBUG: src/lcthw/hashmap.c:Hashmap_get_node:205: TRY: 46
DEBUG: src/lcthw/hashmap.c:Hashmap_get_node:205: TRY: 47
DEBUG: src/lcthw/hashmap.c:Hashmap_get_node:205: TRY: 48
DEBUG: src/lcthw/hashmap.c:Hashmap_get_node:205: TRY: 49
DEBUG: src/lcthw/hashmap.c:Hashmap_get_node:205: TRY: 50
DEBUG: src/lcthw/hashmap.c:Hashmap_get_node:205: TRY: 51
DEBUG: src/lcthw/hashmap.c:Hashmap_get_node:205: TRY: 52
DEBUG: src/lcthw/hashmap.c:Hashmap_get_node:205: TRY: 53
DEBUG: src/lcthw/hashmap.c:Hashmap_get_node:205: TRY: 54
DEBUG: src/lcthw/hashmap.c:Hashmap_get_node:205: TRY: 55
DEBUG: src/lcthw/hashmap.c:Hashmap_get_node:205: TRY: 56
DEBUG: src/lcthw/hashmap.c:Hashmap_get_node:205: TRY: 57
DEBUG: src/lcthw/hashmap.c:Hashmap_get_node:205: TRY: 58
DEBUG: src/lcthw/hashmap.c:Hashmap_get_node:205: TRY: 59
DEBUG: src/lcthw/hashmap.c:Hashmap_get_node:205: TRY: 60
DEBUG: src/lcthw/hashmap.c:Hashmap_get_node:205: TRY: 61
DEBUG: src/lcthw/hashmap.c:Hashmap_get_node:205: TRY: 62
DEBUG: src/lcthw/hashmap.c:Hashmap_get_node:205: TRY: 63
DEBUG: src/lcthw/hashmap.c:Hashmap_get_node:205: TRY: 64
DEBUG: src/lcthw/hashmap.c:Hashmap_get_node:205: TRY: 65
DEBUG: src/lcthw/hashmap.c:Hashmap_get_node:205: TRY: 66
DEBUG: src/lcthw/hashmap.c:Hashmap_get_node:205: TRY: 67
DEBUG: src/lcthw/hashmap.c:Hashmap_get_node:205: TRY: 68
DEBUG: src/lcthw/hashmap.c:Hashmap_get_node:205: TRY: 69
DEBUG: src/lcthw/hashmap.c:Hashmap_get_node:205: TRY: 70
DEBUG: src/lcthw/hashmap.c:Hashmap_get_node:205: TRY: 71
DEBUG: src/lcthw/hashmap.c:Hashmap_get_node:205: TRY: 72
DEBUG: src/lcthw/hashmap.c:Hashmap_get_node:205: TRY: 73
DEBUG: src/lcthw/hashmap.c:Hashmap_get_node:205: TRY: 74
DEBUG: src/lcthw/hashmap.c:Hashmap_get_node:205: TRY: 75
DEBUG: src/lcthw/hashmap.c:Hashmap_get_node:205: TRY: 76
DEBUG: src/lcthw/hashmap.c:Hashmap_get_node:205: TRY: 77
DEBUG: src/lcthw/hashmap.c:Hashmap_get_node:205: TRY: 78
DEBUG: src/lcthw/hashmap.c:Hashmap_get_node:205: TRY: 79
DEBUG: src/lcthw/hashmap.c:Hashmap_get_node:205: TRY: 80
DEBUG: src/lcthw/hashmap.c:Hashmap_get_node:205: TRY: 81
DEBUG: src/lcthw/hashmap.c:Hashmap_get_node:205: TRY: 82
DEBUG: src/lcthw/hashmap.c:Hashmap_get_node:205: TRY: 83
DEBUG: src/lcthw/hashmap.c:Hashmap_get_node:205: TRY: 84
DEBUG: src/lcthw/hashmap.c:Hashmap_get_node:205: TRY: 85
DEBUG: src/lcthw/hashmap.c:Hashmap_get_node:205: TRY: 86
DEBUG: src/lcthw/hashmap.c:Hashmap_get_node:205: TRY: 87
DEBUG: src/lcthw/hashmap.c:Hashmap_get_node:205: TRY: 88
DEBUG: src/lcthw/hashmap.c:Hashmap_get_node:205: TRY: 89
DEBUG: src/lcthw/hashmap.c:Hashmap_get_node:205: TRY: 90
DEBUG: src/lcthw/hashmap.c:Hashmap_get_node:205: TRY: 91
DEBUG: src/lcthw/hashmap.c:Hashmap_get_node:205: TRY: 92
DEBUG: src/lcthw/hashmap.c:Hashmap_get_node:205: TRY: 93
DEBUG: src/lcthw/hashmap.c:Hashmap_get_node:205: TRY: 94
DEBUG: src/lcthw/hashmap.c:Hashmap_get_node:205: TRY: 95
DEBUG: src/lcthw/hashmap.c:Hashmap_get_node:205: TRY: 96
DEBUG: src/lcthw/hashmap.c:Hashmap_get_node:205: TRY: 97
DEBUG: src/lcthw/hashmap.c:Hashmap_get_node:205: TRY: 98
DEBUG: src/lcthw/hashmap.c:Hashmap_get_node:205: TRY: 99
DEBUG: src/lcthw/hashmap.c:Hashmap_get_node:205: TRY: 100
DEBUG: src/lcthw/hashmap.c:Hashmap_get_node:205: TRY: 101
DEBUG: src/lcthw/hashmap.c:Hashmap_get_node:205: TRY: 102
DEBUG: src/lcthw/hashmap.c:Hashmap_get_node:205: TRY: 103
DEBUG: src/lcthw/hashmap.c:Hashmap_get_node:205: TRY: 104
DEBUG: src/lcthw/hashmap.c:Hashmap_get_node:205: TRY: 105
DEBUG: src/lcthw/hashmap.c:Hashmap_get_node:205: TRY: 106
DEBUG: src/lcthw/hashmap.c:Hashmap_get_node:205: TRY: 107
DEBUG: src/lcthw/hashmap.c:Hashmap_get_node:205: TRY: 108
DEBUG: src/lcthw/hashmap.c:Hashmap_get_node:205: TRY: 109
DEBUG: src/lcthw/hashmap.c:Hashmap_get_node:205: TRY: 110
DEBUG: src/lcthw/hashmap.c:Hashmap_get_node:205: TRY: 111
DEBUG: src/lcthw/hashmap.c:Hashmap_get_node:205: TRY: 112
DEBUG: src/lcthw/hashmap.c:Hashmap_get_node:205: TRY: 113
DEBUG: src/lcthw/hashmap.c:Hashmap_get_node:205: TRY: 114
DEBUG: src/lcthw/hashmap.c:Hashmap_get_node:205: TRY: 115
DEBUG: src/lcthw/hashmap.c:Hashmap_get_node:205: TRY: 116
DEBUG: src/lcthw/hashmap.c:Hashmap_get_node:205: TRY: 117
DEBUG: src/lcthw/hashmap.c:Hashmap_get_node:205: TRY: 118
DEBUG: src/lcthw/hashmap.c:Hashmap_get_node:205: TRY: 119
DEBUG: src/lcthw/hashmap.c:Hashmap_get_node:205: TRY: 120
DEBUG: src/lcthw/hashmap.c:Hashmap_get_node:205: TRY: 121
DEBUG: src/lcthw/hashmap.c:Hashmap_get_node:205: TRY: 122
DEBUG: src/lcthw/hashmap.c:Hashmap_get_node:205: TRY: 123
DEBUG: src/lcthw/hashmap.c:Hashmap_get_node:205: TRY: 124
DEBUG: src/lcthw/hashmap.c:Hashmap_get_node:205: TRY: 125
DEBUG: src/lcthw/hashmap.c:Hashmap_get_node:205: TRY: 126
DEBUG: src/lcthw/hashmap.c:Hashmap_get_node:205: TRY: 127
DEBUG: src/lcthw/hashmap.c:Hashmap_get_node:205: TRY: 0
DEBUG: src/lcthw/hashmap.c:Hashmap_get_node:205: TRY: 1
DEBUG: src/lcthw/hashmap.c:Hashmap_get_node:205: TRY: 2
DEBUG: src/lcthw/hashmap.c:Hashmap_get_node:205: TRY: 3
DEBUG: src/lcthw/hashmap.c:Hashmap_get_node:205: TRY: 4
DEBUG: src/lcthw/hashmap.c:Hashmap_get_node:205: TRY: 5
DEBUG: src/lcthw/hashmap.c:Hashmap_get_node:205: TRY: 6
DEBUG: src/lcthw/hashmap.c:Hashmap_get_node:205: TRY: 7
DEBUG: src/lcthw/hashmap.c:Hashmap_get_node:205: TRY: 8
DEBUG: src/lcthw/hashmap.c:Hashmap_get_node:205: TRY: 9
DEBUG: src/lcthw/hashmap.c:Hashmap_get_node:205: TRY: 10
DEBUG: src/lcthw/hashmap.c:Hashmap_get_node:205: TRY: 11
DEBUG: src/lcthw/hashmap.c:Hashmap_get_node:205: TRY: 12
DEBUG: src/lcthw/hashmap.c:Hashmap_get_node:205: TRY: 13
DEBUG: src/lcthw/hashmap.c:Hashmap_get_node:205: TRY: 14
DEBUG: src/lcthw/hashmap.c:Hashmap_get_node:205: TRY: 15
DEBUG: src/lcthw/hashmap.c:Hashmap_get_node:205: TRY: 16
DEBUG: src/lcthw/hashmap.c:Hashmap_get_node:205: TRY: 17
DEBUG: src/lcthw/hashmap.c:Hashmap_get_node:205: TRY: 18
DEBUG: src/lcthw/hashmap.c:Hashmap_get_node:205: TRY: 19
DEBUG: src/lcthw/hashmap.c:Hashmap_get_node:205: TRY: 20
DEBUG: src/lcthw/hashmap.c:Hashmap_get_node:205: TRY: 21
DEBUG: src/lcthw/hashmap.c:Hashmap_get_node:205: TRY: 22
DEBUG: src/lcthw/hashmap.c:Hashmap_get_node:205: TRY: 23
DEBUG: src/lcthw/hashmap.c:Hashmap_get_node:205: TRY: 24
DEBUG: src/lcthw/hashmap.c:Hashmap_get_node:205: TRY: 25
DEBUG: src/lcthw/hashmap.c:Hashmap_get_node:205: TRY: 26
DEBUG: src/lcthw/hashmap.c:Hashmap_get_node:205: TRY: 27
DEBUG: src/lcthw/hashmap.c:Hashmap_get_node:205: TRY: 28
DEBUG: src/lcthw/hashmap.c:Hashmap_get_node:205: TRY: 29
DEBUG: src/lcthw/hashmap.c:Hashmap_get_node:205: TRY: 30
DEBUG: src/lcthw/hashmap.c:Hashmap_get_node:205: TRY: 31
DEBUG: src/lcthw/hashmap.c:Hashmap_get_node:205: TRY: 32
DEBUG: src/lcthw/hashmap.c:Hashmap_get_node:205: TRY: 33
DEBUG: src/lcthw/hashmap.c:Hashmap_get_node:205: TRY: 34
DEBUG: src/lcthw/hashmap.c:Hashmap_get_node:205: TRY: 35
DEBUG: src/lcthw/hashmap.c:Hashmap_get_node:205: TRY: 36
DEBUG: src/lcthw/hashmap.c:Hashmap_get_node:205: TRY: 37
DEBUG: src/lcthw/hashmap.c:Hashmap_get_node:205: TRY: 38
DEBUG: src/lcthw/hashmap.c:Hashmap_get_node:205: TRY: 39
DEBUG: src/lcthw/hashmap.c:Hashmap_get_node:205: TRY: 40
DEBUG: src/lcthw/hashmap.c:Hashmap_get_node:205: TRY: 41
DEBUG: src/lcthw/hashmap.c:Hashmap_get_node:205: TRY: 42
DEBUG: src/lcthw/hashmap.c:Hashmap_get_node:205: TRY: 43
DEBUG: src/lcthw/hashmap.c:Hashmap_get_node:205: TRY: 44
DEBUG: src/lcthw/hashmap.c:Hashmap_get_node:205: TRY: 45
DEBUG: src/lcthw/hashmap.c:Hashmap_get_node:205: TRY: 46
DEBUG: src/lcthw/hashmap.c:Hashmap_get_node:205: TRY: 47
DEBUG: src/lcthw/hashmap.c:Hashmap_get_node:205: TRY: 48
DEBUG: src/lcthw/hashmap.c:Hashmap_get_node:205: TRY: 49
DEBUG: src/lcthw/hashmap.c:Hashmap_get_node:205: TRY: 50
DEBUG: src/lcthw/hashmap.c:Hashmap_get_node:205: TRY: 51
DEBUG: src/lcthw/hashmap.c:Hashmap_get_node:205: TRY: 52
DEBUG: src/lcthw/hashmap.c:Hashmap_get_node:205: TRY: 53
DEBUG: src/lcthw/hashmap.c:Hashmap_get_node:205: TRY: 54
DEBUG: src/lcthw/hashmap.c:Hashmap_get_node:205: TRY: 55
DEBUG: src/lcthw/hashmap.c:Hashmap_get_node:205: TRY: 56
DEBUG: src/lcthw/hashmap.c:Hashmap_get_node:205: TRY: 57
DEBUG: src/lcthw/hashmap.c:Hashmap_get_node:205: TRY: 58
DEBUG: src/lcthw/hashmap.c:Hashmap_get_node:205: TRY: 59
DEBUG: src/lcthw/hashmap.c:Hashmap_get_node:205: TRY: 60
DEBUG: src/lcthw/hashmap.c:Hashmap_get_node:205: TRY: 61
DEBUG: src/lcthw/hashmap.c:Hashmap_get_node:205: TRY: 62
DEBUG: src/lcthw/hashmap.c:Hashmap_get_node:205: TRY: 63
DEBUG: src/lcthw/hashmap.c:Hashmap_get_node:205: TRY: 64
DEBUG: src/lcthw/hashmap.c:Hashmap_get_node:205: TRY: 65
DEBUG: src/lcthw/hashmap.c:Hashmap_get_node:205: TRY: 66
DEBUG: src/lcthw/hashmap.c:Hashmap_get_node:205: TRY: 67
DEBUG: src/lcthw/hashmap.c:Hashmap_get_node:205: TRY: 68
DEBUG: src/lcthw/hashmap.c:Hashmap_get_node:205: TRY: 69
DEBUG: src/lcthw/hashmap.c:Hashmap_get_node:205: TRY: 70
DEBUG: src/lcthw/hashmap.c:Hashmap_get_node:205: TRY: 71
DEBUG: src/lcthw/hashmap.c:Hashmap_get_node:205: TRY: 72
DEBUG: src/lcthw/hashmap.c:Hashmap_get_node:205: TRY: 73
DEBUG: src/lcthw/hashmap.c:Hashmap_get_node:205: TRY: 74
DEBUG: src/lcthw/hashmap.c:Hashmap_get_node:205: TRY: 75
DEBUG: src/lcthw/hashmap.c:Hashmap_get_node:205: TRY: 76
DEBUG: src/lcthw/hashmap.c:Hashmap_get_node:205: TRY: 77
DEBUG: src/lcthw/hashmap.c:Hashmap_get_node:205: TRY: 78
DEBUG: src/lcthw/hashmap.c:Hashmap_get_node:205: TRY: 79
DEBUG: src/lcthw/hashmap.c:Hashmap_get_node:205: TRY: 80
DEBUG: src/lcthw/hashmap.c:Hashmap_get_node:205: TRY: 81
DEBUG: src/lcthw/hashmap.c:Hashmap_get_node:205: TRY: 82
DEBUG: src/lcthw/hashmap.c:Hashmap_get_node:205: TRY: 83
DEBUG: src/lcthw/hashmap.c:Hashmap_get_node:205: TRY: 84
DEBUG: src/lcthw/hashmap.c:Hashmap_get_node:205: TRY: 85
DEBUG: src/lcthw/hashmap.c:Hashmap_get_node:205: TRY: 86
DEBUG: src/lcthw/hashmap.c:Hashmap_get_node:205: TRY: 87
DEBUG: src/lcthw/hashmap.c:Hashmap_get_node:205: TRY: 88
DEBUG: src/lcthw/hashmap.c:Hashmap_get_node:205: TRY: 89
DEBUG: src/lcthw/hashmap.c:Hashmap_get_node:205: TRY: 90
DEBUG: src/lcthw/hashmap.c:Hashmap_get_node:205: TRY: 91
DEBUG: src/lcthw/hashmap.c:Hashmap_get_node:205: TRY: 92
DEBUG: src/lcthw/hashmap.c:Hashmap_get_node:205: TRY: 93
DEBUG: src/lcthw/hashmap.c:Hashmap_get_node:205: TRY: 94
DEBUG: src/lcthw/hashmap.c:Hashmap_get_node:205: TRY: 95
DEBUG: src/lcthw/hashmap.c:Hashmap_get_node:205: TRY: 96
DEBUG: src/lcthw/hashmap.c:Hashmap_get_node:205: TRY: 97
DEBUG: src/lcthw/hashmap.c:Hashmap_get_node:205: TRY: 98
DEBUG: src/lcthw/hashmap.c:Hashmap_get_node:205: TRY: 99
DEBUG: src/lcthw/hashmap.c:Hashmap_get_node:205: TRY: 100
DEBUG: src/lcthw/hashmap.c:Hashmap_get_node:205: TRY: 101
DEBUG: src/lcthw/hashmap.c:Hashmap_get_node:205: TRY: 102
DEBUG: src/lcthw/hashmap.c:Hashmap_get_node:205: TRY: 103
DEBUG: src/lcthw/hashmap.c:Hashmap_get_node:205: TRY: 104
DEBUG: src/lcthw/hashmap.c:Hashmap_get_node:205: TRY: 105
DEBUG: src/lcthw/hashmap.c:Hashmap_get_node:205: TRY: 106
DEBUG: src/lcthw/hashmap.c:Hashmap_get_node:205: TRY: 107
DEBUG: src/lcthw/hashmap.c:Hashmap_get_node:205: TRY: 108
DEBUG: src/lcthw/hashmap.c:Hashmap_get_node:205: TRY: 109
DEBUG: src/lcthw/hashmap.c:Hashmap_get_node:205: TRY: 110
DEBUG: src/lcthw/hashmap.c:Hashmap_get_node:205: TRY: 111
DEBUG: src/lcthw/hashmap.c:Hashmap_get_node:205: TRY: 112
DEBUG: src/lcthw/hashmap.c:Hashmap_get_node:205: TRY: 113
DEBUG: src/lcthw/hashmap.c:Hashmap_get_node:205: TRY: 114
DEBUG: src/lcthw/hashmap.c:Hashmap_get_node:205: TRY: 115
DEBUG: src/lcthw/hashmap.c:Hashmap_get_node:205: TRY: 116
DEBUG: src/lcthw/hashmap.c:Hashmap_get_node:205: TRY: 117
DEBUG: src/lcthw/hashmap.c:Hashmap_get_node:205: TRY: 118
DEBUG: src/lcthw/hashmap.c:Hashmap_get_node:205: TRY: 119
DEBUG: src/lcthw/hashmap.c:Hashmap_get_node:205: TRY: 120
DEBUG: src/lcthw/hashmap.c:Hashmap_get_node:205: TRY: 121
DEBUG: src/lcthw/hashmap.c:Hashmap_get_node:205: TRY: 122
DEBUG: src/lcthw/hashmap.c:Hashmap_get_node:205: TRY: 123
DEBUG: src/lcthw/hashmap.c:Hashmap_get_node:205: TRY: 124
DEBUG: src/lcthw/hashmap.c:Hashmap_get_node:205: TRY: 125
DEBUG: src/lcthw/hashmap.c:Hashmap_get_node:205: TRY: 126
DEBUG: src/lcthw/hashmap.c:Hashmap_get_node:205: TRY: 127
DEBUG: src/lcthw/hashmap.c:Hashmap_get_node:205: TRY: 128
DEBUG: src/lcthw/hashmap.c:Hashmap_get_node:205: TRY: 0
DEBUG: src/lcthw/hashmap.c:Hashmap_get_node:205: TRY: 1
DEBUG: src/lcthw/hashmap.c:Hashmap_get_node:205: TRY: 2
DEBUG: src/lcthw/hashmap.c:Hashmap_get_node:205: TRY: 3
DEBUG: src/lcthw/hashmap.c:Hashmap_get_node:205: TRY: 4
DEBUG: src/lcthw/hashmap.c:Hashmap_get_node:205: TRY: 5
DEBUG: src/lcthw/hashmap.c:Hashmap_get_node:205: TRY: 6
DEBUG: src/lcthw/hashmap.c:Hashmap_get_node:205: TRY: 7
DEBUG: src/lcthw/hashmap.c:Hashmap_get_node:205: TRY: 8
DEBUG: src/lcthw/hashmap.c:Hashmap_get_node:205: TRY: 9
DEBUG: src/lcthw/hashmap.c:Hashmap_get_node:205: TRY: 10
DEBUG: src/lcthw/hashmap.c:Hashmap_get_node:205: TRY: 11
DEBUG: src/lcthw/hashmap.c:Hashmap_get_node:205: TRY: 12
DEBUG: src/lcthw/hashmap.c:Hashmap_get_node:205: TRY: 13
DEBUG: src/lcthw/hashmap.c:Hashmap_get_node:205: TRY: 14
DEBUG: src/lcthw/hashmap.c:Hashmap_get_node:205: TRY: 15
DEBUG: src/lcthw/hashmap.c:Hashmap_get_node:205: TRY: 16
DEBUG: src/lcthw/hashmap.c:Hashmap_get_node:205: TRY: 17
DEBUG: src/lcthw/hashmap.c:Hashmap_get_node:205: TRY: 18
DEBUG: src/lcthw/hashmap.c:Hashmap_get_node:205: TRY: 19
DEBUG: src/lcthw/hashmap.c:Hashmap_get_node:205: TRY: 20
DEBUG: src/lcthw/hashmap.c:Hashmap_get_node:205: TRY: 21
DEBUG: src/lcthw/hashmap.c:Hashmap_get_node:205: TRY: 22
DEBUG: src/lcthw/hashmap.c:Hashmap_get_node:205: TRY: 23
DEBUG: src/lcthw/hashmap.c:Hashmap_get_node:205: TRY: 24
DEBUG: src/lcthw/hashmap.c:Hashmap_get_node:205: TRY: 25
DEBUG: src/lcthw/hashmap.c:Hashmap_get_node:205: TRY: 26
DEBUG: src/lcthw/hashmap.c:Hashmap_get_node:205: TRY: 27
DEBUG: src/lcthw/hashmap.c:Hashmap_get_node:205: TRY: 28
DEBUG: src/lcthw/hashmap.c:Hashmap_get_node:205: TRY: 29
DEBUG: src/lcthw/hashmap.c:Hashmap_get_node:205: TRY: 30
DEBUG: src/lcthw/hashmap.c:Hashmap_get_node:205: TRY: 31
DEBUG: src/lcthw/hashmap.c:Hashmap_get_node:205: TRY: 32
DEBUG: src/lcthw/hashmap.c:Hashmap_get_node:205: TRY: 33
DEBUG: src/lcthw/hashmap.c:Hashmap_get_node:205: TRY: 34
DEBUG: src/lcthw/hashmap.c:Hashmap_get_node:205: TRY: 35
DEBUG: src/lcthw/hashmap.c:Hashmap_get_node:205: TRY: 36
DEBUG: src/lcthw/hashmap.c:Hashmap_get_node:205: TRY: 37
DEBUG: src/lcthw/hashmap.c:Hashmap_get_node:205: TRY: 38
DEBUG: src/lcthw/hashmap.c:Hashmap_get_node:205: TRY: 39
DEBUG: src/lcthw/hashmap.c:Hashmap_get_node:205: TRY: 40
DEBUG: src/lcthw/hashmap.c:Hashmap_get_node:205: TRY: 41
DEBUG: src/lcthw/hashmap.c:Hashmap_get_node:205: TRY: 42
DEBUG: src/lcthw/hashmap.c:Hashmap_get_node:205: TRY: 43
DEBUG: src/lcthw/hashmap.c:Hashmap_get_node:205: TRY: 44
DEBUG: src/lcthw/hashmap.c:Hashmap_get_node:205: TRY: 45
DEBUG: src/lcthw/hashmap.c:Hashmap_get_node:205: TRY: 46
DEBUG: src/lcthw/hashmap.c:Hashmap_get_node:205: TRY: 47
DEBUG: src/lcthw/hashmap.c:Hashmap_get_node:205: TRY: 48
DEBUG: src/lcthw/hashmap.c:Hashmap_get_node:205: TRY: 49
DEBUG: src/lcthw/hashmap.c:Hashmap_get_node:205: TRY: 50
DEBUG: src/lcthw/hashmap.c:Hashmap_get_node:205: TRY: 51
DEBUG: src/lcthw/hashmap.c:Hashmap_get_node:205: TRY: 52
DEBUG: src/lcthw/hashmap.c:Hashmap_get_node:205: TRY: 53
DEBUG: src/lcthw/hashmap.c:Hashmap_get_node:205: TRY: 54
DEBUG: src/lcthw/hashmap.c:Hashmap_get_node:205: TRY: 55
DEBUG: src/lcthw/hashmap.c:Hashmap_get_node:205: TRY: 56
DEBUG: src/lcthw/hashmap.c:Hashmap_get_node:205: TRY: 57
DEBUG: src/lcthw/hashmap.c:Hashmap_get_node:205: TRY: 58
DEBUG: src/lcthw/hashmap.c:Hashmap_get_node:205: TRY: 59
DEBUG: src/lcthw/hashmap.c:Hashmap_get_node:205: TRY: 60
DEBUG: src/lcthw/hashmap.c:Hashmap_get_node:205: TRY: 61
DEBUG: src/lcthw/hashmap.c:Hashmap_get_node:205: TRY: 62
DEBUG: src/lcthw/hashmap.c:Hashmap_get_node:205: TRY: 63
DEBUG: src/lcthw/hashmap.c:Hashmap_get_node:205: TRY: 64
DEBUG: src/lcthw/hashmap.c:Hashmap_get_node:205: TRY: 65
DEBUG: src/lcthw/hashmap.c:Hashmap_get_node:205: TRY: 66
DEBUG: src/lcthw/hashmap.c:Hashmap_get_node:205: TRY: 67
DEBUG: src/lcthw/hashmap.c:Hashmap_get_node:205: TRY: 68
DEBUG: src/lcthw/hashmap.c:Hashmap_get_node:205: TRY: 69
DEBUG: src/lcthw/hashmap.c:Hashmap_get_node:205: TRY: 70
DEBUG: src/lcthw/hashmap.c:Hashmap_get_node:205: TRY: 71
DEBUG: src/lcthw/hashmap.c:Hashmap_get_node:205: TRY: 72
DEBUG: src/lcthw/hashmap.c:Hashmap_get_node:205: TRY: 73
DEBUG: src/lcthw/hashmap.c:Hashmap_get_node:205: TRY: 74
DEBUG: src/lcthw/hashmap.c:Hashmap_get_node:205: TRY: 75
DEBUG: src/lcthw/hashmap.c:Hashmap_get_node:205: TRY: 76
DEBUG: src/lcthw/hashmap.c:Hashmap_get_node:205: TRY: 77
DEBUG: src/lcthw/hashmap.c:Hashmap_get_node:205: TRY: 78
DEBUG: src/lcthw/hashmap.c:Hashmap_get_node:205: TRY: 79
DEBUG: src/lcthw/hashmap.c:Hashmap_get_node:205: TRY: 80
DEBUG: src/lcthw/hashmap.c:Hashmap_get_node:205: TRY: 81
DEBUG: src/lcthw/hashmap.c:Hashmap_get_node:205: TRY: 82
DEBUG: src/lcthw/hashmap.c:Hashmap_get_node:205: TRY: 83
DEBUG: src/lcthw/hashmap.c:Hashmap_get_node:205: TRY: 84
DEBUG: src/lcthw/hashmap.c:Hashmap_get_node:205: TRY: 85
DEBUG: src/lcthw/hashmap.c:Hashmap_get_node:205: TRY: 86
DEBUG: src/lcthw/hashmap.c:Hashmap_get_node:205: TRY: 87
DEBUG: src/lcthw/hashmap.c:Hashmap_get_node:205: TRY: 88
DEBUG: src/lcthw/hashmap.c:Hashmap_get_node:205: TRY: 89
DEBUG: src/lcthw/hashmap.c:Hashmap_get_node:205: TRY: 90
DEBUG: src/lcthw/hashmap.c:Hashmap_get_node:205: TRY: 91
DEBUG: src/lcthw/hashmap.c:Hashmap_get_node:205: TRY: 92
DEBUG: src/lcthw/hashmap.c:Hashmap_get_node:205: TRY: 93
DEBUG: src/lcthw/hashmap.c:Hashmap_get_node:205: TRY: 94
DEBUG: src/lcthw/hashmap.c:Hashmap_get_node:205: TRY: 95
DEBUG: src/lcthw/hashmap.c:Hashmap_get_node:205: TRY: 96
DEBUG: src/lcthw/hashmap.c:Hashmap_get_node:205: TRY: 97
DEBUG: src/lcthw/hashmap.c:Hashmap_get_node:205: TRY: 98
DEBUG: src/lcthw/hashmap.c:Hashmap_get_node:205: TRY: 99
DEBUG: src/lcthw/hashmap.c:Hashmap_get_node:205: TRY: 100
DEBUG: src/lcthw/hashmap.c:Hashmap_get_node:205: TRY: 101
DEBUG: src/lcthw/hashmap.c:Hashmap_get_node:205: TRY: 102
DEBUG: src/lcthw/hashmap.c:Hashmap_get_node:205: TRY: 103
DEBUG: src/lcthw/hashmap.c:Hashmap_get_node:205: TRY: 0
DEBUG: src/lcthw/hashmap.c:Hashmap_get_node:205: TRY: 1
DEBUG: src/lcthw/hashmap.c:Hashmap_get_node:205: TRY: 2
DEBUG: src/lcthw/hashmap.c:Hashmap_get_node:205: TRY: 3
DEBUG: src/lcthw/hashmap.c:Hashmap_get_node:205: TRY: 4
DEBUG: src/lcthw/hashmap.c:Hashmap_get_node:205: TRY: 5
DEBUG: src/lcthw/hashmap.c:Hashmap_get_node:205: TRY: 6
DEBUG: src/lcthw/hashmap.c:Hashmap_get_node:205: TRY: 7
DEBUG: src/lcthw/hashmap.c:Hashmap_get_node:205: TRY: 8
DEBUG: src/lcthw/hashmap.c:Hashmap_get_node:205: TRY: 9
DEBUG: src/lcthw/hashmap.c:Hashmap_get_node:205: TRY: 10
DEBUG: src/lcthw/hashmap.c:Hashmap_get_node:205: TRY: 11
DEBUG: src/lcthw/hashmap.c:Hashmap_get_node:205: TRY: 12
DEBUG: src/lcthw/hashmap.c:Hashmap_get_node:205: TRY: 13
DEBUG: src/lcthw/hashmap.c:Hashmap_get_node:205: TRY: 14
DEBUG: src/lcthw/hashmap.c:Hashmap_get_node:205: TRY: 15
DEBUG: src/lcthw/hashmap.c:Hashmap_get_node:205: TRY: 16
DEBUG: src/lcthw/hashmap.c:Hashmap_get_node:205: TRY: 17
DEBUG: src/lcthw/hashmap.c:Hashmap_get_node:205: TRY: 18
DEBUG: src/lcthw/hashmap.c:Hashmap_get_node:205: TRY: 19
DEBUG: src/lcthw/hashmap.c:Hashmap_get_node:205: TRY: 20
DEBUG: src/lcthw/hashmap.c:Hashmap_get_node:205: TRY: 21
DEBUG: src/lcthw/hashmap.c:Hashmap_get_node:205: TRY: 22
DEBUG: src/lcthw/hashmap.c:Hashmap_get_node:205: TRY: 23
DEBUG: src/lcthw/hashmap.c:Hashmap_get_node:205: TRY: 24
DEBUG: src/lcthw/hashmap.c:Hashmap_get_node:205: TRY: 25
DEBUG: src/lcthw/hashmap.c:Hashmap_get_node:205: TRY: 26
DEBUG: src/lcthw/hashmap.c:Hashmap_get_node:205: TRY: 27
DEBUG: src/lcthw/hashmap.c:Hashmap_get_node:205: TRY: 28
DEBUG: src/lcthw/hashmap.c:Hashmap_get_node:205: TRY: 29
DEBUG: src/lcthw/hashmap.c:Hashmap_get_node:205: TRY: 30
DEBUG: src/lcthw/hashmap.c:Hashmap_get_node:205: TRY: 31
DEBUG: src/lcthw/hashmap.c:Hashmap_get_node:205: TRY: 32
DEBUG: src/lcthw/hashmap.c:Hashmap_get_node:205: TRY: 33
DEBUG: src/lcthw/hashmap.c:Hashmap_get_node:205: TRY: 34
DEBUG: src/lcthw/hashmap.c:Hashmap_get_node:205: TRY: 35
DEBUG: src/lcthw/hashmap.c:Hashmap_get_node:205: TRY: 36
DEBUG: src/lcthw/hashmap.c:Hashmap_get_node:205: TRY: 37
DEBUG: src/lcthw/hashmap.c:Hashmap_get_node:205: TRY: 38
DEBUG: src/lcthw/hashmap.c:Hashmap_get_node:205: TRY: 39
DEBUG: src/lcthw/hashmap.c:Hashmap_get_node:205: TRY: 40
DEBUG: src/lcthw/hashmap.c:Hashmap_get_node:205: TRY: 41
DEBUG: src/lcthw/hashmap.c:Hashmap_get_node:205: TRY: 42
DEBUG: src/lcthw/hashmap.c:Hashmap_get_node:205: TRY: 43
DEBUG: src/lcthw/hashmap.c:Hashmap_get_node:205: TRY: 44
DEBUG: src/lcthw/hashmap.c:Hashmap_get_node:205: TRY: 45
DEBUG: src/lcthw/hashmap.c:Hashmap_get_node:205: TRY: 46
DEBUG: src/lcthw/hashmap.c:Hashmap_get_node:205: TRY: 47
DEBUG: src/lcthw/hashmap.c:Hashmap_get_node:205: TRY: 48
DEBUG: src/lcthw/hashmap.c:Hashmap_get_node:205: TRY: 49
DEBUG: src/lcthw/hashmap.c:Hashmap_get_node:205: TRY: 50
DEBUG: src/lcthw/hashmap.c:Hashmap_get_node:205: TRY: 51
DEBUG: src/lcthw/hashmap.c:Hashmap_get_node:205: TRY: 52
DEBUG: src/lcthw/hashmap.c:Hashmap_get_node:205: TRY: 53
DEBUG: src/lcthw/hashmap.c:Hashmap_get_node:205: TRY: 54
DEBUG: src/lcthw/hashmap.c:Hashmap_get_node:205: TRY: 55
DEBUG: src/lcthw/hashmap.c:Hashmap_get_node:205: TRY: 56
DEBUG: src/lcthw/hashmap.c:Hashmap_get_node:205: TRY: 57
DEBUG: src/lcthw/hashmap.c:Hashmap_get_node:205: TRY: 58
DEBUG: src/lcthw/hashmap.c:Hashmap_get_node:205: TRY: 59
DEBUG: src/lcthw/hashmap.c:Hashmap_get_node:205: TRY: 60
DEBUG: src/lcthw/hashmap.c:Hashmap_get_node:205: TRY: 61
DEBUG: src/lcthw/hashmap.c:Hashmap_get_node:205: TRY: 62
DEBUG: src/lcthw/hashmap.c:Hashmap_get_node:205: TRY: 63
DEBUG: src/lcthw/hashmap.c:Hashmap_get_node:205: TRY: 64
DEBUG: src/lcthw/hashmap.c:Hashmap_get_node:205: TRY: 65
DEBUG: src/lcthw/hashmap.c:Hashmap_get_node:205: TRY: 66
DEBUG: src/lcthw/hashmap.c:Hashmap_get_node:205: TRY: 67
DEBUG: src/lcthw/hashmap.c:Hashmap_get_node:205: TRY: 68
DEBUG: src/lcthw/hashmap.c:Hashmap_get_node:205: TRY: 69
DEBUG: src/lcthw/hashmap.c:Hashmap_get_node:205: TRY: 70
DEBUG: src/lcthw/hashmap.c:Hashmap_get_node:205: TRY: 71
DEBUG: src/lcthw/hashmap.c:Hashmap_get_node:205: TRY: 72
DEBUG: src/lcthw/hashmap.c:Hashmap_get_node:205: TRY: 73
DEBUG: src/lcthw/hashmap.c:Hashmap_get_node:205: TRY: 74
DEBUG: src/lcthw/hashmap.c:Hashmap_get_node:205: TRY: 75
DEBUG: src/lcthw/hashmap.c:Hashmap_get_node:205: TRY: 76
DEBUG: src/lcthw/hashmap.c:Hashmap_get_node:205: TRY: 77
DEBUG: src/lcthw/hashmap.c:Hashmap_get_node:205: TRY: 78
DEBUG: src/lcthw/hashmap.c:Hashmap_get_node:205: TRY: 79
DEBUG: src/lcthw/hashmap.c:Hashmap_get_node:205: TRY: 80
DEBUG: src/lcthw/hashmap.c:Hashmap_get_node:205: TRY: 81
DEBUG: src/lcthw/hashmap.c:Hashmap_get_node:205: TRY: 82
DEBUG: src/lcthw/hashmap.c:Hashmap_get_node:205: TRY: 83
DEBUG: src/lcthw/hashmap.c:Hashmap_get_node:205: TRY: 84
DEBUG: src/lcthw/hashmap.c:Hashmap_get_node:205: TRY: 85
DEBUG: src/lcthw/hashmap.c:Hashmap_get_node:205: TRY: 86
DEBUG: src/lcthw/hashmap.c:Hashmap_get_node:205: TRY: 87
DEBUG: src/lcthw/hashmap.c:Hashmap_get_node:205: TRY: 88
DEBUG: src/lcthw/hashmap.c:Hashmap_get_node:205: TRY: 89
DEBUG: src/lcthw/hashmap.c:Hashmap_get_node:205: TRY: 90
DEBUG: src/lcthw/hashmap.c:Hashmap_get_node:205: TRY: 91
DEBUG: src/lcthw/hashmap.c:Hashmap_get_node:205: TRY: 92
DEBUG: src/lcthw/hashmap.c:Hashmap_get_node:205: TRY: 93
DEBUG: src/lcthw/hashmap.c:Hashmap_get_node:205: TRY: 94
DEBUG: src/lcthw/hashmap.c:Hashmap_get_node:205: TRY: 95
DEBUG: src/lcthw/hashmap.c:Hashmap_get_node:205: TRY: 96
DEBUG: src/lcthw/hashmap.c:Hashmap_get_node:205: TRY: 97
DEBUG: src/lcthw/hashmap.c:Hashmap_get_node:205: TRY: 98
DEBUG: src/lcthw/hashmap.c:Hashmap_get_node:205: TRY: 99
DEBUG: src/lcthw/hashmap.c:Hashmap_get_node:205: TRY: 100
DEBUG: src/lcthw/hashmap.c:Hashmap_get_node:205: TRY: 101
DEBUG: src/lcthw/hashmap.c:Hashmap_get_node:205: TRY: 102
DEBUG: src/lcthw/hashmap.c:Hashmap_get_node:205: TRY: 103
DEBUG: src/lcthw/hashmap.c:Hashmap_get_node:205: TRY: 104
DEBUG: src/lcthw/hashmap.c:Hashmap_get_node:205: TRY: 105
DEBUG: src/lcthw/hashmap.c:Hashmap_get_node:205: TRY: 106
DEBUG: src/lcthw/hashmap.c:Hashmap_get_node:205: TRY: 107
DEBUG: src/lcthw/hashmap.c:Hashmap_get_node:205: TRY: 108
DEBUG: src/lcthw/hashmap.c:Hashmap_get_node:205: TRY: 109
DEBUG: src/lcthw/hashmap.c:Hashmap_get_node:205: TRY: 110
DEBUG: src/lcthw/hashmap.c:Hashmap_get_node:205: TRY: 111
DEBUG: src/lcthw/hashmap.c:Hashmap_get_node:205: TRY: 112
DEBUG: src/lcthw/hashmap.c:Hashmap_get_node:205: TRY: 113
DEBUG: src/lcthw/hashmap.c:Hashmap_get_node:205: TRY: 114
DEBUG: src/lcthw/hashmap.c:Hashmap_get_node:205: TRY: 115
DEBUG: src/lcthw/hashmap.c:Hashmap_get_node:205: TRY: 116
DEBUG: src/lcthw/hashmap.c:Hashmap_get_node:205: TRY: 117
DEBUG: src/lcthw/hashmap.c:Hashmap_get_node:205: TRY: 118
DEBUG: src/lcthw/hashmap.c:Hashmap_get_node:205: TRY: 119
DEBUG: src/lcthw/hashmap.c:Hashmap_get_node:205: TRY: 120
DEBUG: src/lcthw/hashmap.c:Hashmap_get_node:205: TRY: 121
DEBUG: src/lcthw/hashmap.c:Hashmap_get_node:205: TRY: 122
DEBUG: src/lcthw/hashmap.c:Hashmap_get_node:205: TRY: 123
DEBUG: src/lcthw/hashmap.c:Hashmap_get_node:205: TRY: 124
DEBUG: src/lcthw/hashmap.c:Hashmap_get_node:205: TRY: 125
DEBUG: src/lcthw/hashmap.c:Hashmap_get_node:205: TRY: 126
DEBUG: src/lcthw/hashmap.c:Hashmap_get_node:205: TRY: 127
DEBUG: src/lcthw/hashmap.c:Hashmap_get_node:205: TRY: 128
DEBUG: src/lcthw/hashmap.c:Hashmap_get_node:205: TRY: 129
DEBUG: src/lcthw/hashmap.c:Hashmap_get_node:205: TRY: 0
DEBUG: src/lcthw/hashmap.c:Hashmap_get_node:205: TRY: 1
DEBUG: src/lcthw/hashmap.c:Hashmap_get_node:205: TRY: 2
DEBUG: src/lcthw/hashmap.c:Hashmap_get_node:205: TRY: 3
DEBUG: src/lcthw/hashmap.c:Hashmap_get_node:205: TRY: 4
DEBUG: src/lcthw/hashmap.c:Hashmap_get_node:205: TRY: 5
DEBUG: src/lcthw/hashmap.c:Hashmap_get_node:205: TRY: 6
DEBUG: src/lcthw/hashmap.c:Hashmap_get_node:205: TRY: 7
DEBUG: src/lcthw/hashmap.c:Hashmap_get_node:205: TRY: 8
DEBUG: src/lcthw/hashmap.c:Hashmap_get_node:205: TRY: 9
DEBUG: src/lcthw/hashmap.c:Hashmap_get_node:205: TRY: 10
DEBUG: src/lcthw/hashmap.c:Hashmap_get_node:205: TRY: 11
DEBUG: src/lcthw/hashmap.c:Hashmap_get_node:205: TRY: 12
DEBUG: src/lcthw/hashmap.c:Hashmap_get_node:205: TRY: 13
DEBUG: src/lcthw/hashmap.c:Hashmap_get_node:205: TRY: 14
DEBUG: src/lcthw/hashmap.c:Hashmap_get_node:205: TRY: 15
DEBUG: src/lcthw/hashmap.c:Hashmap_get_node:205: TRY: 16
DEBUG: src/lcthw/hashmap.c:Hashmap_get_node:205: TRY: 17
DEBUG: src/lcthw/hashmap.c:Hashmap_get_node:205: TRY: 18
DEBUG: src/lcthw/hashmap.c:Hashmap_get_node:205: TRY: 19
DEBUG: src/lcthw/hashmap.c:Hashmap_get_node:205: TRY: 20
DEBUG: src/lcthw/hashmap.c:Hashmap_get_node:205: TRY: 21
DEBUG: src/lcthw/hashmap.c:Hashmap_get_node:205: TRY: 22
DEBUG: src/lcthw/hashmap.c:Hashmap_get_node:205: TRY: 23
DEBUG: src/lcthw/hashmap.c:Hashmap_get_node:205: TRY: 24
DEBUG: src/lcthw/hashmap.c:Hashmap_get_node:205: TRY: 25
DEBUG: src/lcthw/hashmap.c:Hashmap_get_node:205: TRY: 26
DEBUG: src/lcthw/hashmap.c:Hashmap_get_node:205: TRY: 27
DEBUG: src/lcthw/hashmap.c:Hashmap_get_node:205: TRY: 28
DEBUG: src/lcthw/hashmap.c:Hashmap_get_node:205: TRY: 29
DEBUG: src/lcthw/hashmap.c:Hashmap_get_node:205: TRY: 30
DEBUG: src/lcthw/hashmap.c:Hashmap_get_node:205: TRY: 31
DEBUG: src/lcthw/hashmap.c:Hashmap_get_node:205: TRY: 32
DEBUG: src/lcthw/hashmap.c:Hashmap_get_node:205: TRY: 33
DEBUG: src/lcthw/hashmap.c:Hashmap_get_node:205: TRY: 34
DEBUG: src/lcthw/hashmap.c:Hashmap_get_node:205: TRY: 35
DEBUG: src/lcthw/hashmap.c:Hashmap_get_node:205: TRY: 36
DEBUG: src/lcthw/hashmap.c:Hashmap_get_node:205: TRY: 37
DEBUG: src/lcthw/hashmap.c:Hashmap_get_node:205: TRY: 38
DEBUG: src/lcthw/hashmap.c:Hashmap_get_node:205: TRY: 39
DEBUG: src/lcthw/hashmap.c:Hashmap_get_node:205: TRY: 40
DEBUG: src/lcthw/hashmap.c:Hashmap_get_node:205: TRY: 41
DEBUG: src/lcthw/hashmap.c:Hashmap_get_node:205: TRY: 42
DEBUG: src/lcthw/hashmap.c:Hashmap_get_node:205: TRY: 43
DEBUG: src/lcthw/hashmap.c:Hashmap_get_node:205: TRY: 44
DEBUG: src/lcthw/hashmap.c:Hashmap_get_node:205: TRY: 45
DEBUG: src/lcthw/hashmap.c:Hashmap_get_node:205: TRY: 46
DEBUG: src/lcthw/hashmap.c:Hashmap_get_node:205: TRY: 47
DEBUG: src/lcthw/hashmap.c:Hashmap_get_node:205: TRY: 48
DEBUG: src/lcthw/hashmap.c:Hashmap_get_node:205: TRY: 49
DEBUG: src/lcthw/hashmap.c:Hashmap_get_node:205: TRY: 50
DEBUG: src/lcthw/hashmap.c:Hashmap_get_node:205: TRY: 51
DEBUG: src/lcthw/hashmap.c:Hashmap_get_node:205: TRY: 52
DEBUG: src/lcthw/hashmap.c:Hashmap_get_node:205: TRY: 53
DEBUG: src/lcthw/hashmap.c:Hashmap_get_node:205: TRY: 54
DEBUG: src/lcthw/hashmap.c:Hashmap_get_node:205: TRY: 55
DEBUG: src/lcthw/hashmap.c:Hashmap_get_node:205: TRY: 56
DEBUG: src/lcthw/hashmap.c:Hashmap_get_node:205: TRY: 57
DEBUG: src/lcthw/hashmap.c:Hashmap_get_node:205: TRY: 58
DEBUG: src/lcthw/hashmap.c:Hashmap_get_node:205: TRY: 59
DEBUG: src/lcthw/hashmap.c:Hashmap_get_node:205: TRY: 60
DEBUG: src/lcthw/hashmap.c:Hashmap_get_node:205: TRY: 61
DEBUG: src/lcthw/hashmap.c:Hashmap_get_node:205: TRY: 62
DEBUG: src/lcthw/hashmap.c:Hashmap_get_node:205: TRY: 63
DEBUG: src/lcthw/hashmap.c:Hashmap_get_node:205: TRY: 64
DEBUG: src/lcthw/hashmap.c:Hashmap_get_node:205: TRY: 65
DEBUG: src/lcthw/hashmap.c:Hashmap_get_node:205: TRY: 66
DEBUG: src/lcthw/hashmap.c:Hashmap_get_node:205: TRY: 67
DEBUG: src/lcthw/hashmap.c:Hashmap_get_node:205: TRY: 68
DEBUG: src/lcthw/hashmap.c:Hashmap_get_node:205: TRY: 69
DEBUG: src/lcthw/hashmap.c:Hashmap_get_node:205: TRY: 70
DEBUG: src/lcthw/hashmap.c:Hashmap_get_node:205: TRY: 71
DEBUG: src/lcthw/hashmap.c:Hashmap_get_node:205: TRY: 72
DEBUG: src/lcthw/hashmap.c:Hashmap_get_node:205: TRY: 73
DEBUG: src/lcthw/hashmap.c:Hashmap_get_node:205: TRY: 74
DEBUG: src/lcthw/hashmap.c:Hashmap_get_node:205: TRY: 75
DEBUG: src/lcthw/hashmap.c:Hashmap_get_node:205: TRY: 76
DEBUG: src/lcthw/hashmap.c:Hashmap_get_node:205: TRY: 77
DEBUG: src/lcthw/hashmap.c:Hashmap_get_node:205: TRY: 78
DEBUG: src/lcthw/hashmap.c:Hashmap_get_node:205: TRY: 79
DEBUG: src/lcthw/hashmap.c:Hashmap_get_node:205: TRY: 80
DEBUG: src/lcthw/hashmap.c:Hashmap_get_node:205: TRY: 81
DEBUG: src/lcthw/hashmap.c:Hashmap_get_node:205: TRY: 82
DEBUG: src/lcthw/hashmap.c:Hashmap_get_node:205: TRY: 83
DEBUG: src/lcthw/hashmap.c:Hashmap_get_node:205: TRY: 84
DEBUG: src/lcthw/hashmap.c:Hashmap_get_node:205: TRY: 85
DEBUG: src/lcthw/hashmap.c:Hashmap_get_node:205: TRY: 86
DEBUG: src/lcthw/hashmap.c:Hashmap_get_node:205: TRY: 87
DEBUG: src/lcthw/hashmap.c:Hashmap_get_node:205: TRY: 88
DEBUG: src/lcthw/hashmap.c:Hashmap_get_node:205: TRY: 89
DEBUG: src/lcthw/hashmap.c:Hashmap_get_node:205: TRY: 90
DEBUG: src/lcthw/hashmap.c:Hashmap_get_node:205: TRY: 91
DEBUG: src/lcthw/hashmap.c:Hashmap_get_node:205: TRY: 0
DEBUG: src/lcthw/hashmap.c:Hashmap_get_node:205: TRY: 1
DEBUG: src/lcthw/hashmap.c:Hashmap_get_node:205: TRY: 2
DEBUG: src/lcthw/hashmap.c:Hashmap_get_node:205: TRY: 3
DEBUG: src/lcthw/hashmap.c:Hashmap_get_node:205: TRY: 4
DEBUG: src/lcthw/hashmap.c:Hashmap_get_node:205: TRY: 5
DEBUG: src/lcthw/hashmap.c:Hashmap_get_node:205: TRY: 6
DEBUG: src/lcthw/hashmap.c:Hashmap_get_node:205: TRY: 7
DEBUG: src/lcthw/hashmap.c:Hashmap_get_node:205: TRY: 8
DEBUG: src/lcthw/hashmap.c:Hashmap_get_node:205: TRY: 9
DEBUG: src/lcthw/hashmap.c:Hashmap_get_node:205: TRY: 10
DEBUG: src/lcthw/hashmap.c:Hashmap_get_node:205: TRY: 11
DEBUG: src/lcthw/hashmap.c:Hashmap_get_node:205: TRY: 12
DEBUG: src/lcthw/hashmap.c:Hashmap_get_node:205: TRY: 13
DEBUG: src/lcthw/hashmap.c:Hashmap_get_node:205: TRY: 14
DEBUG: src/lcthw/hashmap.c:Hashmap_get_node:205: TRY: 15
DEBUG: src/lcthw/hashmap.c:Hashmap_get_node:205: TRY: 16
DEBUG: src/lcthw/hashmap.c:Hashmap_get_node:205: TRY: 17
DEBUG: src/lcthw/hashmap.c:Hashmap_get_node:205: TRY: 18
DEBUG: src/lcthw/hashmap.c:Hashmap_get_node:205: TRY: 19
DEBUG: src/lcthw/hashmap.c:Hashmap_get_node:205: TRY: 20
DEBUG: src/lcthw/hashmap.c:Hashmap_get_node:205: TRY: 21
DEBUG: src/lcthw/hashmap.c:Hashmap_get_node:205: TRY: 22
DEBUG: src/lcthw/hashmap.c:Hashmap_get_node:205: TRY: 23
DEBUG: src/lcthw/hashmap.c:Hashmap_get_node:205: TRY: 24
DEBUG: src/lcthw/hashmap.c:Hashmap_get_node:205: TRY: 25
DEBUG: src/lcthw/hashmap.c:Hashmap_get_node:205: TRY: 26
DEBUG: src/lcthw/hashmap.c:Hashmap_get_node:205: TRY: 27
DEBUG: src/lcthw/hashmap.c:Hashmap_get_node:205: TRY: 28
DEBUG: src/lcthw/hashmap.c:Hashmap_get_node:205: TRY: 29
DEBUG: src/lcthw/hashmap.c:Hashmap_get_node:205: TRY: 30
DEBUG: src/lcthw/hashmap.c:Hashmap_get_node:205: TRY: 31
DEBUG: src/lcthw/hashmap.c:Hashmap_get_node:205: TRY: 32
DEBUG: src/lcthw/hashmap.c:Hashmap_get_node:205: TRY: 33
DEBUG: src/lcthw/hashmap.c:Hashmap_get_node:205: TRY: 34
DEBUG: src/lcthw/hashmap.c:Hashmap_get_node:205: TRY: 35
DEBUG: src/lcthw/hashmap.c:Hashmap_get_node:205: TRY: 36
DEBUG: src/lcthw/hashmap.c:Hashmap_get_node:205: TRY: 37
DEBUG: src/lcthw/hashmap.c:Hashmap_get_node:205: TRY: 38
DEBUG: src/lcthw/hashmap.c:Hashmap_get_node:205: TRY: 39
DEBUG: src/lcthw/hashmap.c:Hashmap_get_node:205: TRY: 40
DEBUG: src/lcthw/hashmap.c:Hashmap_get_node:205: TRY: 41
DEBUG: src/lcthw/hashmap.c:Hashmap_get_node:205: TRY: 42
DEBUG: src/lcthw/hashmap.c:Hashmap_get_node:205: TRY: 43
DEBUG: src/lcthw/hashmap.c:Hashmap_get_node:205: TRY: 44
DEBUG: src/lcthw/hashmap.c:Hashmap_get_node:205: TRY: 45
DEBUG: src/lcthw/hashmap.c:Hashmap_get_node:205: TRY: 46
DEBUG: src/lcthw/hashmap.c:Hashmap_get_node:205: TRY: 47
DEBUG: src/lcthw/hashmap.c:Hashmap_get_node:205: TRY: 48
DEBUG: src/lcthw/hashmap.c:Hashmap_get_node:205: TRY: 49
DEBUG: src/lcthw/hashmap.c:Hashmap_get_node:205: TRY: 50
DEBUG: src/lcthw/hashmap.c:Hashmap_get_node:205: TRY: 51
DEBUG: src/lcthw/hashmap.c:Hashmap_get_node:205: TRY: 52
DEBUG: src/lcthw/hashmap.c:Hashmap_get_node:205: TRY: 53
DEBUG: src/lcthw/hashmap.c:Hashmap_get_node:205: TRY: 54
DEBUG: src/lcthw/hashmap.c:Hashmap_get_node:205: TRY: 55
DEBUG: src/lcthw/hashmap.c:Hashmap_get_node:205: TRY: 56
DEBUG: src/lcthw/hashmap.c:Hashmap_get_node:205: TRY: 57
DEBUG: src/lcthw/hashmap.c:Hashmap_get_node:205: TRY: 58
DEBUG: src/lcthw/hashmap.c:Hashmap_get_node:205: TRY: 59
DEBUG: src/lcthw/hashmap.c:Hashmap_get_node:205: TRY: 60
DEBUG: src/lcthw/hashmap.c:Hashmap_get_node:205: TRY: 61
DEBUG: src/lcthw/hashmap.c:Hashmap_get_node:205: TRY: 62
DEBUG: src/lcthw/hashmap.c:Hashmap_get_node:205: TRY: 63
DEBUG: src/lcthw/hashmap.c:Hashmap_get_node:205: TRY: 64
DEBUG: src/lcthw/hashmap.c:Hashmap_get_node:205: TRY: 65
DEBUG: src/lcthw/hashmap.c:Hashmap_get_node:205: TRY: 66
DEBUG: src/lcthw/hashmap.c:Hashmap_get_node:205: TRY: 67
DEBUG: src/lcthw/hashmap.c:Hashmap_get_node:205: TRY: 68
DEBUG: src/lcthw/hashmap.c:Hashmap_get_node:205: TRY: 69
DEBUG: src/lcthw/hashmap.c:Hashmap_get_node:205: TRY: 70
DEBUG: src/lcthw/hashmap.c:Hashmap_get_node:205: TRY: 71
DEBUG: src/lcthw/hashmap.c:Hashmap_get_node:205: TRY: 72
DEBUG: src/lcthw/hashmap.c:Hashmap_get_node:205: TRY: 73
DEBUG: src/lcthw/hashmap.c:Hashmap_get_node:205: TRY: 74
DEBUG: src/lcthw/hashmap.c:Hashmap_get_node:205: TRY: 75
DEBUG: src/lcthw/hashmap.c:Hashmap_get_node:205: TRY: 76
DEBUG: src/lcthw/hashmap.c:Hashmap_get_node:205: TRY: 77
DEBUG: src/lcthw/hashmap.c:Hashmap_get_node:205: TRY: 78
DEBUG: src/lcthw/hashmap.c:Hashmap_get_node:205: TRY: 79
DEBUG: src/lcthw/hashmap.c:Hashmap_get_node:205: TRY: 80
DEBUG: src/lcthw/hashmap.c:Hashmap_get_node:205: TRY: 81
DEBUG: src/lcthw/hashmap.c:Hashmap_get_node:205: TRY: 82
DEBUG: src/lcthw/hashmap.c:Hashmap_get_node:205: TRY: 83
DEBUG: src/lcthw/hashmap.c:Hashmap_get_node:205: TRY: 84
DEBUG: src/lcthw/hashmap.c:Hashmap_get_node:205: TRY: 85
DEBUG: src/lcthw/hashmap.c:Hashmap_get_node:205: TRY: 86
DEBUG: src/lcthw/hashmap.c:Hashmap_get_node:205: TRY: 87
DEBUG: src/lcthw/hashmap.c:Hashmap_get_node:205: TRY: 88
DEBUG: src/lcthw/hashmap.c:Hashmap_get_node:205: TRY: 89
DEBUG: src/lcthw/hashmap.c:Hashmap_get_node:205: TRY: 90
DEBUG: src/lcthw/hashmap.c:Hashmap_get_node:205: TRY: 91
DEBUG: src/lcthw/hashmap.c:Hashmap_get_node:205: TRY: 92
DEBUG: src/lcthw/hashmap.c:Hashmap_get_node:205: TRY: 93
DEBUG: src/lcthw/hashmap.c:Hashmap_get_node:205: TRY: 94
DEBUG: src/lcthw/hashmap.c:Hashmap_get_node:205: TRY: 95
DEBUG: src/lcthw/hashmap.c:Hashmap_get_node:205: TRY: 96
DEBUG: src/lcthw/hashmap.c:Hashmap_get_node:205: TRY: 97
DEBUG: src/lcthw/hashmap.c:Hashmap_get_node:205: TRY: 98
DEBUG: src/lcthw/hashmap.c:Hashmap_get_node:205: TRY: 99
DEBUG: src/lcthw/hashmap.c:Hashmap_get_node:205: TRY: 100
DEBUG: src/lcthw/hashmap.c:Hashmap_get_node:205: TRY: 101
DEBUG: src/lcthw/hashmap.c:Hashmap_get_node:205: TRY: 102
DEBUG: src/lcthw/hashmap.c:Hashmap_get_node:205: TRY: 0
DEBUG: src/lcthw/hashmap.c:Hashmap_get_node:205: TRY: 1
DEBUG: src/lcthw/hashmap.c:Hashmap_get_node:205: TRY: 2
DEBUG: src/lcthw/hashmap.c:Hashmap_get_node:205: TRY: 3
DEBUG: src/lcthw/hashmap.c:Hashmap_get_node:205: TRY: 4
DEBUG: src/lcthw/hashmap.c:Hashmap_get_node:205: TRY: 5
DEBUG: src/lcthw/hashmap.c:Hashmap_get_node:205: TRY: 6
DEBUG: src/lcthw/hashmap.c:Hashmap_get_node:205: TRY: 7
DEBUG: src/lcthw/hashmap.c:Hashmap_get_node:205: TRY: 8
DEBUG: src/lcthw/hashmap.c:Hashmap_get_node:205: TRY: 9
DEBUG: src/lcthw/hashmap.c:Hashmap_get_node:205: TRY: 10
DEBUG: src/lcthw/hashmap.c:Hashmap_get_node:205: TRY: 11
DEBUG: src/lcthw/hashmap.c:Hashmap_get_node:205: TRY: 12
DEBUG: src/lcthw/hashmap.c:Hashmap_get_node:205: TRY: 13
DEBUG: src/lcthw/hashmap.c:Hashmap_get_node:205: TRY: 14
DEBUG: src/lcthw/hashmap.c:Hashmap_get_node:205: TRY: 15
DEBUG: src/lcthw/hashmap.c:Hashmap_get_node:205: TRY: 16
DEBUG: src/lcthw/hashmap.c:Hashmap_get_node:205: TRY: 17
DEBUG: src/lcthw/hashmap.c:Hashmap_get_node:205: TRY: 18
DEBUG: src/lcthw/hashmap.c:Hashmap_get_node:205: TRY: 19
DEBUG: src/lcthw/hashmap.c:Hashmap_get_node:205: TRY: 20
DEBUG: src/lcthw/hashmap.c:Hashmap_get_node:205: TRY: 21
DEBUG: src/lcthw/hashmap.c:Hashmap_get_node:205: TRY: 22
DEBUG: src/lcthw/hashmap.c:Hashmap_get_node:205: TRY: 23
DEBUG: src/lcthw/hashmap.c:Hashmap_get_node:205: TRY: 24
DEBUG: src/lcthw/hashmap.c:Hashmap_get_node:205: TRY: 25
DEBUG: src/lcthw/hashmap.c:Hashmap_get_node:205: TRY: 26
DEBUG: src/lcthw/hashmap.c:Hashmap_get_node:205: TRY: 27
DEBUG: src/lcthw/hashmap.c:Hashmap_get_node:205: TRY: 28
DEBUG: src/lcthw/hashmap.c:Hashmap_get_node:205: TRY: 29
DEBUG: src/lcthw/hashmap.c:Hashmap_get_node:205: TRY: 30
DEBUG: src/lcthw/hashmap.c:Hashmap_get_node:205: TRY: 31
DEBUG: src/lcthw/hashmap.c:Hashmap_get_node:205: TRY: 32
DEBUG: src/lcthw/hashmap.c:Hashmap_get_node:205: TRY: 33
DEBUG: src/lcthw/hashmap.c:Hashmap_get_node:205: TRY: 34
DEBUG: src/lcthw/hashmap.c:Hashmap_get_node:205: TRY: 35
DEBUG: src/lcthw/hashmap.c:Hashmap_get_node:205: TRY: 36
DEBUG: src/lcthw/hashmap.c:Hashmap_get_node:205: TRY: 37
DEBUG: src/lcthw/hashmap.c:Hashmap_get_node:205: TRY: 38
DEBUG: src/lcthw/hashmap.c:Hashmap_get_node:205: TRY: 39
DEBUG: src/lcthw/hashmap.c:Hashmap_get_node:205: TRY: 40
DEBUG: src/lcthw/hashmap.c:Hashmap_get_node:205: TRY: 41
DEBUG: src/lcthw/hashmap.c:Hashmap_get_node:205: TRY: 42
DEBUG: src/lcthw/hashmap.c:Hashmap_get_node:205: TRY: 43
DEBUG: src/lcthw/hashmap.c:Hashmap_get_node:205: TRY: 44
DEBUG: src/lcthw/hashmap.c:Hashmap_get_node:205: TRY: 45
DEBUG: src/lcthw/hashmap.c:Hashmap_get_node:205: TRY: 46
DEBUG: src/lcthw/hashmap.c:Hashmap_get_node:205: TRY: 47
DEBUG: src/lcthw/hashmap.c:Hashmap_get_node:205: TRY: 48
DEBUG: src/lcthw/hashmap.c:Hashmap_get_node:205: TRY: 49
DEBUG: src/lcthw/hashmap.c:Hashmap_get_node:205: TRY: 50
DEBUG: src/lcthw/hashmap.c:Hashmap_get_node:205: TRY: 51
DEBUG: src/lcthw/hashmap.c:Hashmap_get_node:205: TRY: 52
DEBUG: src/lcthw/hashmap.c:Hashmap_get_node:205: TRY: 53
DEBUG: src/lcthw/hashmap.c:Hashmap_get_node:205: TRY: 54
DEBUG: src/lcthw/hashmap.c:Hashmap_get_node:205: TRY: 55
DEBUG: src/lcthw/hashmap.c:Hashmap_get_node:205: TRY: 56
DEBUG: src/lcthw/hashmap.c:Hashmap_get_node:205: TRY: 57
DEBUG: src/lcthw/hashmap.c:Hashmap_get_node:205: TRY: 58
DEBUG: src/lcthw/hashmap.c:Hashmap_get_node:205: TRY: 59
DEBUG: src/lcthw/hashmap.c:Hashmap_get_node:205: TRY: 60
DEBUG: src/lcthw/hashmap.c:Hashmap_get_node:205: TRY: 61
DEBUG: src/lcthw/hashmap.c:Hashmap_get_node:205: TRY: 62
DEBUG: src/lcthw/hashmap.c:Hashmap_get_node:205: TRY: 63
DEBUG: src/lcthw/hashmap.c:Hashmap_get_node:205: TRY: 64
DEBUG: src/lcthw/hashmap.c:Hashmap_get_node:205: TRY: 65
DEBUG: src/lcthw/hashmap.c:Hashmap_get_node:205: TRY: 66
DEBUG: src/lcthw/hashmap.c:Hashmap_get_node:205: TRY: 67
DEBUG: src/lcthw/hashmap.c:Hashmap_get_node:205: TRY: 68
DEBUG: src/lcthw/hashmap.c:Hashmap_get_node:205: TRY: 69
DEBUG: src/lcthw/hashmap.c:Hashmap_get_node:205: TRY: 70
DEBUG: src/lcthw/hashmap.c:Hashmap_get_node:205: TRY: 71
DEBUG: src/lcthw/hashmap.c:Hashmap_get_node:205: TRY: 72
DEBUG: src/lcthw/hashmap.c:Hashmap_get_node:205: TRY: 73
DEBUG: src/lcthw/hashmap.c:Hashmap_get_node:205: TRY: 74
DEBUG: src/lcthw/hashmap.c:Hashmap_get_node:205: TRY: 75
DEBUG: src/lcthw/hashmap.c:Hashmap_get_node:205: TRY: 76
DEBUG: src/lcthw/hashmap.c:Hashmap_get_node:205: TRY: 77
DEBUG: src/lcthw/hashmap.c:Hashmap_get_node:205: TRY: 78
DEBUG: src/lcthw/hashmap.c:Hashmap_get_node:205: TRY: 79
DEBUG: src/lcthw/hashmap.c:Hashmap_get_node:205: TRY: 80
DEBUG: src/lcthw/hashmap.c:Hashmap_get_node:205: TRY: 81
DEBUG: src/lcthw/hashmap.c:Hashmap_get_node:205: TRY: 82
DEBUG: src/lcthw/hashmap.c:Hashmap_get_node:205: TRY: 83
DEBUG: src/lcthw/hashmap.c:Hashmap_get_node:205: TRY: 84
DEBUG: src/lcthw/hashmap.c:Hashmap_get_node:205: TRY: 85
DEBUG: src/lcthw/hashmap.c:Hashmap_get_node:205: TRY: 86
DEBUG: src/lcthw/hashmap.c:Hashmap_get_node:205: TRY: 87
DEBUG: src/lcthw/hashmap.c:Hashmap_get_node:205: TRY: 88
DEBUG: src/lcthw/hashmap.c:Hashmap_get_node:205: TRY: 89
DEBUG: src/lcthw/hashmap.c:Hashmap_get_node:205: TRY: 90
DEBUG: src/lcthw/hashmap.c:Hashmap_get_node:205: TRY: 91
DEBUG: src/lcthw/hashmap.c:Hashmap_get_node:205: TRY: 92
DEBUG: src/lcthw/hashmap.c:Hashmap_get_node:205: TRY: 93
DEBUG: src/lcthw/hashmap.c:Hashmap_get_node:205: TRY: 94
DEBUG: src/lcthw/hashmap.c:Hashmap_get_node:205: TRY: 95
DEBUG: src/lcthw/hashmap.c:Hashmap_get_node:205: TRY: 96
DEBUG: src/lcthw/hashmap.c:Hashmap_get_node:205: TRY: 97
DEBUG: src/lcthw/hashmap.c:Hashmap_get_node:205: TRY: 98
DEBUG: src/lcthw/hashmap.c:Hashmap_get_node:205: TRY: 99
DEBUG: src/lcthw/hashmap.c:Hashmap_get_node:205: TRY: 0
DEBUG: src/lcthw/hashmap.c:Hashmap_get_node:205: TRY: 1
DEBUG: src/lcthw/hashmap.c:Hashmap_get_node:205: TRY: 2
DEBUG: src/lcthw/hashmap.c:Hashmap_get_node:205: TRY: 3
DEBUG: src/lcthw/hashmap.c:Hashmap_get_node:205: TRY: 4
DEBUG: src/lcthw/hashmap.c:Hashmap_get_node:205: TRY: 5
DEBUG: src/lcthw/hashmap.c:Hashmap_get_node:205: TRY: 6
DEBUG: src/lcthw/hashmap.c:Hashmap_get_node:205: TRY: 7
DEBUG: src/lcthw/hashmap.c:Hashmap_get_node:205: TRY: 8
DEBUG: src/lcthw/hashmap.c:Hashmap_get_node:205: TRY: 9
DEBUG: src/lcthw/hashmap.c:Hashmap_get_node:205: TRY: 10
DEBUG: src/lcthw/hashmap.c:Hashmap_get_node:205: TRY: 11
DEBUG: src/lcthw/hashmap.c:Hashmap_get_node:205: TRY: 12
DEBUG: src/lcthw/hashmap.c:Hashmap_get_node:205: TRY: 13
DEBUG: src/lcthw/hashmap.c:Hashmap_get_node:205: TRY: 14
DEBUG: src/lcthw/hashmap.c:Hashmap_get_node:205: TRY: 15
DEBUG: src/lcthw/hashmap.c:Hashmap_get_node:205: TRY: 16
DEBUG: src/lcthw/hashmap.c:Hashmap_get_node:205: TRY: 17
DEBUG: src/lcthw/hashmap.c:Hashmap_get_node:205: TRY: 18
DEBUG: src/lcthw/hashmap.c:Hashmap_get_node:205: TRY: 19
DEBUG: src/lcthw/hashmap.c:Hashmap_get_node:205: TRY: 20
DEBUG: src/lcthw/hashmap.c:Hashmap_get_node:205: TRY: 21
DEBUG: src/lcthw/hashmap.c:Hashmap_get_node:205: TRY: 22
DEBUG: src/lcthw/hashmap.c:Hashmap_get_node:205: TRY: 23
DEBUG: src/lcthw/hashmap.c:Hashmap_get_node:205: TRY: 24
DEBUG: src/lcthw/hashmap.c:Hashmap_get_node:205: TRY: 25
DEBUG: src/lcthw/hashmap.c:Hashmap_get_node:205: TRY: 26
DEBUG: src/lcthw/hashmap.c:Hashmap_get_node:205: TRY: 27
DEBUG: src/lcthw/hashmap.c:Hashmap_get_node:205: TRY: 28
DEBUG: src/lcthw/hashmap.c:Hashmap_get_node:205: TRY: 29
DEBUG: src/lcthw/hashmap.c:Hashmap_get_node:205: TRY: 30
DEBUG: src/lcthw/hashmap.c:Hashmap_get_node:205: TRY: 31
DEBUG: src/lcthw/hashmap.c:Hashmap_get_node:205: TRY: 32
DEBUG: src/lcthw/hashmap.c:Hashmap_get_node:205: TRY: 33
DEBUG: src/lcthw/hashmap.c:Hashmap_get_node:205: TRY: 34
DEBUG: src/lcthw/hashmap.c:Hashmap_get_node:205: TRY: 35
DEBUG: src/lcthw/hashmap.c:Hashmap_get_node:205: TRY: 36
DEBUG: src/lcthw/hashmap.c:Hashmap_get_node:205: TRY: 37
DEBUG: src/lcthw/hashmap.c:Hashmap_get_node:205: TRY: 38
DEBUG: src/lcthw/hashmap.c:Hashmap_get_node:205: TRY: 39
DEBUG: src/lcthw/hashmap.c:Hashmap_get_node:205: TRY: 40
DEBUG: src/lcthw/hashmap.c:Hashmap_get_node:205: TRY: 41
DEBUG: src/lcthw/hashmap.c:Hashmap_get_node:205: TRY: 42
DEBUG: src/lcthw/hashmap.c:Hashmap_get_node:205: TRY: 43
DEBUG: src/lcthw/hashmap.c:Hashmap_get_node:205: TRY: 44
DEBUG: src/lcthw/hashmap.c:Hashmap_get_node:205: TRY: 45
DEBUG: src/lcthw/hashmap.c:Hashmap_get_node:205: TRY: 46
DEBUG: src/lcthw/hashmap.c:Hashmap_get_node:205: TRY: 47
DEBUG: src/lcthw/hashmap.c:Hashmap_get_node:205: TRY: 48
DEBUG: src/lcthw/hashmap.c:Hashmap_get_node:205: TRY: 49
DEBUG: src/lcthw/hashmap.c:Hashmap_get_node:205: TRY: 50
DEBUG: src/lcthw/hashmap.c:Hashmap_get_node:205: TRY: 51
DEBUG: src/lcthw/hashmap.c:Hashmap_get_node:205: TRY: 52
DEBUG: src/lcthw/hashmap.c:Hashmap_get_node:205: TRY: 53
DEBUG: src/lcthw/hashmap.c:Hashmap_get_node:205: TRY: 54
DEBUG: src/lcthw/hashmap.c:Hashmap_get_node:205: TRY: 55
DEBUG: src/lcthw/hashmap.c:Hashmap_get_node:205: TRY: 56
DEBUG: src/lcthw/hashmap.c:Hashmap_get_node:205: TRY: 57
DEBUG: src/lcthw/hashmap.c:Hashmap_get_node:205: TRY: 58
DEBUG: src/lcthw/hashmap.c:Hashmap_get_node:205: TRY: 59
DEBUG: src/lcthw/hashmap.c:Hashmap_get_node:205: TRY: 60
DEBUG: src/lcthw/hashmap.c:Hashmap_get_node:205: TRY: 61
DEBUG: src/lcthw/hashmap.c:Hashmap_get_node:205: TRY: 62
DEBUG: src/lcthw/hashmap.c:Hashmap_get_node:205: TRY: 63
DEBUG: src/lcthw/hashmap.c:Hashmap_get_node:205: TRY: 64
DEBUG: src/lcthw/hashmap.c:Hashmap_get_node:205: TRY: 65
DEBUG: src/lcthw/hashmap.c:Hashmap_get_node:205: TRY: 66
DEBUG: src/lcthw/hashmap.c:Hashmap_get_node:205: TRY: 67
DEBUG: src/lcthw/hashmap.c:Hashmap_get_node:205: TRY: 68
DEBUG: src/lcthw/hashmap.c:Hashmap_get_node:205: TRY: 69
DEBUG: src/lcthw/hashmap.c:Hashmap_get_node:205: TRY: 70
DEBUG: src/lcthw/hashmap.c:Hashmap_get_node:205: TRY: 71
DEBUG: src/lcthw/hashmap.c:Hashmap_get_node:205: TRY: 72
DEBUG: src/lcthw/hashmap.c:Hashmap_get_node:205: TRY: 73
DEBUG: src/lcthw/hashmap.c:Hashmap_get_node:205: TRY: 74
DEBUG: src/lcthw/hashmap.c:Hashmap_get_node:205: TRY: 75
DEBUG: src/lcthw/hashmap.c:Hashmap_get_node:205: TRY: 76
DEBUG: src/lcthw/hashmap.c:Hashmap_get_node:205: TRY: 77
DEBUG: src/lcthw/hashmap.c:Hashmap_get_node:205: TRY: 78
DEBUG: src/lcthw/hashmap.c:Hashmap_get_node:205: TRY: 79
DEBUG: src/lcthw/hashmap.c:Hashmap_get_node:205: TRY: 80
DEBUG: src/lcthw/hashmap.c:Hashmap_get_node:205: TRY: 81
DEBUG: src/lcthw/hashmap.c:Hashmap_get_node:205: TRY: 82
DEBUG: src/lcthw/hashmap.c:Hashmap_get_node:205: TRY: 83
DEBUG: src/lcthw/hashmap.c:Hashmap_get_node:205: TRY: 84
DEBUG: src/lcthw/hashmap.c:Hashmap_get_node:205: TRY: 85
DEBUG: src/lcthw/hashmap.c:Hashmap_get_node:205: TRY: 86
DEBUG: src/lcthw/hashmap.c:Hashmap_get_node:205: TRY: 87
DEBUG: src/lcthw/hashmap.c:Hashmap_get_node:205: TRY: 88
DEBUG: src/lcthw/hashmap.c:Hashmap_get_node:205: TRY: 0
DEBUG: src/lcthw/hashmap.c:Hashmap_get_node:205: TRY: 1
DEBUG: src/lcthw/hashmap.c:Hashmap_get_node:205: TRY: 2
DEBUG: src/lcthw/hashmap.c:Hashmap_get_node:205: TRY: 3
DEBUG: src/lcthw/hashmap.c:Hashmap_get_node:205: TRY: 4
DEBUG: src/lcthw/hashmap.c:Hashmap_get_node:205: TRY: 5
DEBUG: src/lcthw/hashmap.c:Hashmap_get_node:205: TRY: 6
DEBUG: src/lcthw/hashmap.c:Hashmap_get_node:205: TRY: 7
DEBUG: src/lcthw/hashmap.c:Hashmap_get_node:205: TRY: 8
DEBUG: src/lcthw/hashmap.c:Hashmap_get_node:205: TRY: 9
DEBUG: src/lcthw/hashmap.c:Hashmap_get_node:205: TRY: 10
DEBUG: src/lcthw/hashmap.c:Hashmap_get_node:205: TRY: 11
DEBUG: src/lcthw/hashmap.c:Hashmap_get_node:205: TRY: 12
DEBUG: src/lcthw/hashmap.c:Hashmap_get_node:205: TRY: 13
DEBUG: src/lcthw/hashmap.c:Hashmap_get_node:205: TRY: 14
DEBUG: src/lcthw/hashmap.c:Hashmap_get_node:205: TRY: 15
DEBUG: src/lcthw/hashmap.c:Hashmap_get_node:205: TRY: 16
DEBUG: src/lcthw/hashmap.c:Hashmap_get_node:205: TRY: 17
DEBUG: src/lcthw/hashmap.c:Hashmap_get_node:205: TRY: 18
DEBUG: src/lcthw/hashmap.c:Hashmap_get_node:205: TRY: 19
DEBUG: src/lcthw/hashmap.c:Hashmap_get_node:205: TRY: 20
DEBUG: src/lcthw/hashmap.c:Hashmap_get_node:205: TRY: 21
DEBUG: src/lcthw/hashmap.c:Hashmap_get_node:205: TRY: 22
DEBUG: src/lcthw/hashmap.c:Hashmap_get_node:205: TRY: 23
DEBUG: src/lcthw/hashmap.c:Hashmap_get_node:205: TRY: 24
DEBUG: src/lcthw/hashmap.c:Hashmap_get_node:205: TRY: 25
DEBUG: src/lcthw/hashmap.c:Hashmap_get_node:205: TRY: 26
DEBUG: src/lcthw/hashmap.c:Hashmap_get_node:205: TRY: 27
DEBUG: src/lcthw/hashmap.c:Hashmap_get_node:205: TRY: 28
DEBUG: src/lcthw/hashmap.c:Hashmap_get_node:205: TRY: 29
DEBUG: src/lcthw/hashmap.c:Hashmap_get_node:205: TRY: 30
DEBUG: src/lcthw/hashmap.c:Hashmap_get_node:205: TRY: 31
DEBUG: src/lcthw/hashmap.c:Hashmap_get_node:205: TRY: 32
DEBUG: src/lcthw/hashmap.c:Hashmap_get_node:205: TRY: 33
DEBUG: src/lcthw/hashmap.c:Hashmap_get_node:205: TRY: 34
DEBUG: src/lcthw/hashmap.c:Hashmap_get_node:205: TRY: 35
DEBUG: src/lcthw/hashmap.c:Hashmap_get_node:205: TRY: 36
DEBUG: src/lcthw/hashmap.c:Hashmap_get_node:205: TRY: 37
DEBUG: src/lcthw/hashmap.c:Hashmap_get_node:205: TRY: 38
DEBUG: src/lcthw/hashmap.c:Hashmap_get_node:205: TRY: 39
DEBUG: src/lcthw/hashmap.c:Hashmap_get_node:205: TRY: 40
DEBUG: src/lcthw/hashmap.c:Hashmap_get_node:205: TRY: 41
DEBUG: src/lcthw/hashmap.c:Hashmap_get_node:205: TRY: 42
DEBUG: src/lcthw/hashmap.c:Hashmap_get_node:205: TRY: 43
DEBUG: src/lcthw/hashmap.c:Hashmap_get_node:205: TRY: 44
DEBUG: src/lcthw/hashmap.c:Hashmap_get_node:205: TRY: 45
DEBUG: src/lcthw/hashmap.c:Hashmap_get_node:205: TRY: 46
DEBUG: src/lcthw/hashmap.c:Hashmap_get_node:205: TRY: 47
DEBUG: src/lcthw/hashmap.c:Hashmap_get_node:205: TRY: 48
DEBUG: src/lcthw/hashmap.c:Hashmap_get_node:205: TRY: 49
DEBUG: src/lcthw/hashmap.c:Hashmap_get_node:205: TRY: 50
DEBUG: src/lcthw/hashmap.c:Hashmap_get_node:205: TRY: 51
DEBUG: src/lcthw/hashmap.c:Hashmap_get_node:205: TRY: 52
DEBUG: src/lcthw/hashmap.c:Hashmap_get_node:205: TRY: 53
DEBUG: src/lcthw/hashmap.c:Hashmap_get_node:205: TRY: 54
DEBUG: src/lcthw/hashmap.c:Hashmap_get_node:205: TRY: 55
DEBUG: src/lcthw/hashmap.c:Hashmap_get_node:205: TRY: 56
DEBUG: src/lcthw/hashmap.c:Hashmap_get_node:205: TRY: 57
DEBUG: src/lcthw/hashmap.c:Hashmap_get_node:205: TRY: 58
DEBUG: src/lcthw/hashmap.c:Hashmap_get_node:205: TRY: 59
DEBUG: src/lcthw/hashmap.c:Hashmap_get_node:205: TRY: 60
DEBUG: src/lcthw/hashmap.c:Hashmap_get_node:205: TRY: 61
DEBUG: src/lcthw/hashmap.c:Hashmap_get_node:205: TRY: 62
DEBUG: src/lcthw/hashmap.c:Hashmap_get_node:205: TRY: 63
DEBUG: src/lcthw/hashmap.c:Hashmap_get_node:205: TRY: 64
DEBUG: src/lcthw/hashmap.c:Hashmap_get_node:205: TRY: 65
DEBUG: src/lcthw/hashmap.c:Hashmap_get_node:205: TRY: 66
DEBUG: src/lcthw/hashmap.c:Hashmap_get_node:205: TRY: 67
DEBUG: src/lcthw/hashmap.c:Hashmap_get_node:205: TRY: 68
DEBUG: src/lcthw/hashmap.c:Hashmap_get_node:205: TRY: 69
DEBUG: src/lcthw/hashmap.c:Hashmap_get_node:205: TRY: 70
DEBUG: src/lcthw/hashmap.c:Hashmap_get_node:205: TRY: 71
DEBUG: src/lcthw/hashmap.c:Hashmap_get_node:205: TRY: 72
DEBUG: src/lcthw/hashmap.c:Hashmap_get_node:205: TRY: 73
DEBUG: src/lcthw/hashmap.c:Hashmap_get_node:205: TRY: 74
DEBUG: src/lcthw/hashmap.c:Hashmap_get_node:205: TRY: 75
DEBUG: src/lcthw/hashmap.c:Hashmap_get_node:205: TRY: 76
DEBUG: src/lcthw/hashmap.c:Hashmap_get_node:205: TRY: 77
DEBUG: src/lcthw/hashmap.c:Hashmap_get_node:205: TRY: 78
DEBUG: src/lcthw/hashmap.c:Hashmap_get_node:205: TRY: 79
DEBUG: src/lcthw/hashmap.c:Hashmap_get_node:205: TRY: 80
DEBUG: src/lcthw/hashmap.c:Hashmap_get_node:205: TRY: 81
DEBUG: src/lcthw/hashmap.c:Hashmap_get_node:205: TRY: 82
DEBUG: src/lcthw/hashmap.c:Hashmap_get_node:205: TRY: 83
DEBUG: src/lcthw/hashmap.c:Hashmap_get_node:205: TRY: 84
DEBUG: src/lcthw/hashmap.c:Hashmap_get_node:205: TRY: 85
DEBUG: src/lcthw/hashmap.c:Hashmap_get_node:205: TRY: 86
DEBUG: src/lcthw/hashmap.c:Hashmap_get_node:205: TRY: 87
DEBUG: src/lcthw/hashmap.c:Hashmap_get_node:205: TRY: 88
DEBUG: src/lcthw/hashmap.c:Hashmap_get_node:205: TRY: 89
DEBUG: src/lcthw/hashmap.c:Hashmap_get_node:205: TRY: 90
DEBUG: src/lcthw/hashmap.c:Hashmap_get_node:205: TRY: 91
DEBUG: src/lcthw/hashmap.c:Hashmap_get_node:205: TRY: 92
DEBUG: src/lcthw/hashmap.c:Hashmap_get_node:205: TRY: 93
DEBUG: src/lcthw/hashmap.c:Hashmap_get_node:205: TRY: 94
DEBUG: src/lcthw/hashmap.c:Hashmap_get_node:205: TRY: 95
DEBUG: src/lcthw/hashmap.c:Hashmap_get_node:205: TRY: 96
DEBUG: src/lcthw/hashmap.c:Hashmap_get_node:205: TRY: 0
DEBUG: src/lcthw/hashmap.c:Hashmap_get_node:205: TRY: 1
DEBUG: src/lcthw/hashmap.c:Hashmap_get_node:205: TRY: 2
DEBUG: src/lcthw/hashmap.c:Hashmap_get_node:205: TRY: 3
DEBUG: src/lcthw/hashmap.c:Hashmap_get_node:205: TRY: 4
DEBUG: src/lcthw/hashmap.c:Hashmap_get_node:205: TRY: 5
DEBUG: src/lcthw/hashmap.c:Hashmap_get_node:205: TRY: 6
DEBUG: src/lcthw/hashmap.c:Hashmap_get_node:205: TRY: 7
DEBUG: src/lcthw/hashmap.c:Hashmap_get_node:205: TRY: 8
DEBUG: src/lcthw/hashmap.c:Hashmap_get_node:205: TRY: 9
DEBUG: src/lcthw/hashmap.c:Hashmap_get_node:205: TRY: 10
DEBUG: src/lcthw/hashmap.c:Hashmap_get_node:205: TRY: 11
DEBUG: src/lcthw/hashmap.c:Hashmap_get_node:205: TRY: 12
DEBUG: src/lcthw/hashmap.c:Hashmap_get_node:205: TRY: 13
DEBUG: src/lcthw/hashmap.c:Hashmap_get_node:205: TRY: 14
DEBUG: src/lcthw/hashmap.c:Hashmap_get_node:205: TRY: 15
DEBUG: src/lcthw/hashmap.c:Hashmap_get_node:205: TRY: 16
DEBUG: src/lcthw/hashmap.c:Hashmap_get_node:205: TRY: 17
DEBUG: src/lcthw/hashmap.c:Hashmap_get_node:205: TRY: 18
DEBUG: src/lcthw/hashmap.c:Hashmap_get_node:205: TRY: 19
DEBUG: src/lcthw/hashmap.c:Hashmap_get_node:205: TRY: 20
DEBUG: src/lcthw/hashmap.c:Hashmap_get_node:205: TRY: 21
DEBUG: src/lcthw/hashmap.c:Hashmap_get_node:205: TRY: 22
DEBUG: src/lcthw/hashmap.c:Hashmap_get_node:205: TRY: 23
DEBUG: src/lcthw/hashmap.c:Hashmap_get_node:205: TRY: 24
DEBUG: src/lcthw/hashmap.c:Hashmap_get_node:205: TRY: 25
DEBUG: src/lcthw/hashmap.c:Hashmap_get_node:205: TRY: 26
DEBUG: src/lcthw/hashmap.c:Hashmap_get_node:205: TRY: 27
DEBUG: src/lcthw/hashmap.c:Hashmap_get_node:205: TRY: 28
DEBUG: src/lcthw/hashmap.c:Hashmap_get_node:205: TRY: 29
DEBUG: src/lcthw/hashmap.c:Hashmap_get_node:205: TRY: 30
DEBUG: src/lcthw/hashmap.c:Hashmap_get_node:205: TRY: 31
DEBUG: src/lcthw/hashmap.c:Hashmap_get_node:205: TRY: 32
DEBUG: src/lcthw/hashmap.c:Hashmap_get_node:205: TRY: 33
DEBUG: src/lcthw/hashmap.c:Hashmap_get_node:205: TRY: 34
DEBUG: src/lcthw/hashmap.c:Hashmap_get_node:205: TRY: 35
DEBUG: src/lcthw/hashmap.c:Hashmap_get_node:205: TRY: 36
DEBUG: src/lcthw/hashmap.c:Hashmap_get_node:205: TRY: 37
DEBUG: src/lcthw/hashmap.c:Hashmap_get_node:205: TRY: 38
DEBUG: src/lcthw/hashmap.c:Hashmap_get_node:205: TRY: 39
DEBUG: src/lcthw/hashmap.c:Hashmap_get_node:205: TRY: 40
DEBUG: src/lcthw/hashmap.c:Hashmap_get_node:205: TRY: 41
DEBUG: src/lcthw/hashmap.c:Hashmap_get_node:205: TRY: 42
DEBUG: src/lcthw/hashmap.c:Hashmap_get_node:205: TRY: 43
DEBUG: src/lcthw/hashmap.c:Hashmap_get_node:205: TRY: 44
DEBUG: src/lcthw/hashmap.c:Hashmap_get_node:205: TRY: 45
DEBUG: src/lcthw/hashmap.c:Hashmap_get_node:205: TRY: 46
DEBUG: src/lcthw/hashmap.c:Hashmap_get_node:205: TRY: 47
DEBUG: src/lcthw/hashmap.c:Hashmap_get_node:205: TRY: 48
DEBUG: src/lcthw/hashmap.c:Hashmap_get_node:205: TRY: 49
DEBUG: src/lcthw/hashmap.c:Hashmap_get_node:205: TRY: 50
DEBUG: src/lcthw/hashmap.c:Hashmap_get_node:205: TRY: 51
DEBUG: src/lcthw/hashmap.c:Hashmap_get_node:205: TRY: 52
DEBUG: src/lcthw/hashmap.c:Hashmap_get_node:205: TRY: 53
DEBUG: src/lcthw/hashmap.c:Hashmap_get_node:205: TRY: 54
DEBUG: src/lcthw/hashmap.c:Hashmap_get_node:205: TRY: 55
DEBUG: src/lcthw/hashmap.c:Hashmap_get_node:205: TRY: 56
DEBUG: src/lcthw/hashmap.c:Hashmap_get_node:205: TRY: 57
DEBUG: src/lcthw/hashmap.c:Hashmap_get_node:205: TRY: 58
DEBUG: src/lcthw/hashmap.c:Hashmap_get_node:205: TRY: 59
DEBUG: src/lcthw/hashmap.c:Hashmap_get_node:205: TRY: 60
DEBUG: src/lcthw/hashmap.c:Hashmap_get_node:205: TRY: 61
DEBUG: src/lcthw/hashmap.c:Hashmap_get_node:205: TRY: 62
DEBUG: src/lcthw/hashmap.c:Hashmap_get_node:205: TRY: 63
DEBUG: src/lcthw/hashmap.c:Hashmap_get_node:205: TRY: 64
DEBUG: src/lcthw/hashmap.c:Hashmap_get_node:205: TRY: 65
DEBUG: src/lcthw/hashmap.c:Hashmap_get_node:205: TRY: 66
DEBUG: src/lcthw/hashmap.c:Hashmap_get_node:205: TRY: 67
DEBUG: src/lcthw/hashmap.c:Hashmap_get_node:205: TRY: 68
DEBUG: src/lcthw/hashmap.c:Hashmap_get_node:205: TRY: 69
DEBUG: src/lcthw/hashmap.c:Hashmap_get_node:205: TRY: 70
DEBUG: src/lcthw/hashmap.c:Hashmap_get_node:205: TRY: 71
DEBUG: src/lcthw/hashmap.c:Hashmap_get_node:205: TRY: 72
DEBUG: src/lcthw/hashmap.c:Hashmap_get_node:205: TRY: 73
DEBUG: src/lcthw/hashmap.c:Hashmap_get_node:205: TRY: 74
DEBUG: src/lcthw/hashmap.c:Hashmap_get_node:205: TRY: 75
DEBUG: src/lcthw/hashmap.c:Hashmap_get_node:205: TRY: 76
DEBUG: src/lcthw/hashmap.c:Hashmap_get_node:205: TRY: 77
DEBUG: src/lcthw/hashmap.c:Hashmap_get_node:205: TRY: 78
DEBUG: src/lcthw/hashmap.c:Hashmap_get_node:205: TRY: 79
DEBUG: src/lcthw/hashmap.c:Hashmap_get_node:205: TRY: 80
DEBUG: src/lcthw/hashmap.c:Hashmap_get_node:205: TRY: 81
DEBUG: src/lcthw/hashmap.c:Hashmap_get_node:205: TRY: 82
DEBUG: src/lcthw/hashmap.c:Hashmap_get_node:205: TRY: 83
DEBUG: src/lcthw/hashmap.c:Hashmap_get_node:205: TRY: 84
DEBUG: src/lcthw/hashmap.c:Hashmap_get_node:205: TRY: 85
DEBUG: src/lcthw/hashmap.c:Hashmap_get_node:205: TRY: 86
DEBUG: src/lcthw/hashmap.c:Hashmap_get_node:205: TRY: 87
DEBUG: src/lcthw/hashmap.c:Hashmap_get_node:205: TRY: 88
DEBUG: src/lcthw/hashmap.c:Hashmap_get_node:205: TRY: 89
DEBUG: src/lcthw/hashmap.c:Hashmap_get_node:205: TRY: 90
DEBUG: src/lcthw/hashmap.c:Hashmap_get_node:205: TRY: 91
DEBUG: src/lcthw/hashmap.c:Hashmap_get_node:205: TRY: 92
DEBUG: src/lcthw/hashmap.c:Hashmap_get_node:205: TRY: 93
DEBUG: src/lcthw/hashmap.c:Hashmap_get_node:205: TRY: 94
DEBUG: src/lcthw/hashmap.c:Hashmap_get_node:205: TRY: 95
DEBUG: src/lcthw/hashmap.c:Hashmap_get_node:205: TRY: 96
DEBUG: src/lcthw/hashmap.c:Hashmap_get_node:205: TRY: 97
DEBUG: src/lcthw/hashmap.c:Hashmap_get_node:205: TRY: 98
DEBUG: src/lcthw/hashmap.c:Hashmap_get_node:205: TRY: 99
DEBUG: src/lcthw/hashmap.c:Hashmap_get_node:205: TRY: 100
DEBUG: src/lcthw/hashmap.c:Hashmap_get_node:205: TRY: 101
DEBUG: src/lcthw/hashmap.c:Hashmap_get_node:205: TRY: 102
DEBUG: src/lcthw/hashmap.c:Hashmap_get_node:205: TRY: 103
DEBUG: src/lcthw/hashmap.c:Hashmap_get_node:205: TRY: 104
DEBUG: src/lcthw/hashmap.c:Hashmap_get_node:205: TRY: 105
DEBUG: src/lcthw/hashmap.c:Hashmap_get_node:205: TRY: 106
DEBUG: src/lcthw/hashmap.c:Hashmap_get_node:205: TRY: 107
DEBUG: src/lcthw/hashmap.c:Hashmap_get_node:205: TRY: 108
DEBUG: src/lcthw/hashmap.c:Hashmap_get_node:205: TRY: 109
DEBUG: src/lcthw/hashmap.c:Hashmap_get_node:205: TRY: 110
DEBUG: src/lcthw/hashmap.c:Hashmap_get_node:205: TRY: 111
DEBUG: src/lcthw/hashmap.c:Hashmap_get_node:205: TRY: 112
DEBUG: src/lcthw/hashmap.c:Hashmap_get_node:205: TRY: 113
DEBUG: src/lcthw/hashmap.c:Hashmap_get_node:205: TRY: 114
DEBUG: src/lcthw/hashmap.c:Hashmap_get_node:205: TRY: 115
DEBUG: src/lcthw/hashmap.c:Hashmap_get_node:205: TRY: 116
DEBUG: src/lcthw/hashmap.c:Hashmap_get_node:205: TRY: 117
DEBUG: src/lcthw/hashmap.c:Hashmap_get_node:205: TRY: 118
DEBUG: src/lcthw/hashmap.c:Hashmap_get_node:205: TRY: 119
DEBUG: src/lcthw/hashmap.c:Hashmap_get_node:205: TRY: 120
DEBUG: src/lcthw/hashmap.c:Hashmap_get_node:205: TRY: 121
DEBUG: src/lcthw/hashmap.c:Hashmap_get_node:205: TRY: 122
DEBUG: src/lcthw/hashmap.c:Hashmap_get_node:205: TRY: 123
DEBUG: src/lcthw/hashmap.c:Hashmap_get_node:205: TRY: 124
DEBUG: src/lcthw/hashmap.c:Hashmap_get_node:205: TRY: 125
DEBUG: src/lcthw/hashmap.c:Hashmap_get_node:205: TRY: 126
DEBUG: src/lcthw/hashmap.c:Hashmap_get_node:205: TRY: 127
DEBUG: src/lcthw/hashmap.c:Hashmap_get_node:205: TRY: 128
DEBUG: src/lcthw/hashmap.c:Hashmap_get_node:205: TRY: 129
DEBUG: src/lcthw/hashmap.c:Hashmap_get_node:205: TRY: 130
DEBUG: src/lcthw/hashmap.c:Hashmap_get_node:205: TRY: 0
DEBUG: src/lcthw/hashmap.c:Hashmap_get_node:205: TRY: 1
DEBUG: src/lcthw/hashmap.c:Hashmap_get_node:205: TRY: 2
DEBUG: src/lcthw/hashmap.c:Hashmap_get_node:205: TRY: 3
DEBUG: src/lcthw/hashmap.c:Hashmap_get_node:205: TRY: 4
DEBUG: src/lcthw/hashmap.c:Hashmap_get_node:205: TRY: 5
DEBUG: src/lcthw/hashmap.c:Hashmap_get_node:205: TRY: 6
DEBUG: src/lcthw/hashmap.c:Hashmap_get_node:205: TRY: 7
DEBUG: src/lcthw/hashmap.c:Hashmap_get_node:205: TRY: 8
DEBUG: src/lcthw/hashmap.c:Hashmap_get_node:205: TRY: 9
DEBUG: src/lcthw/hashmap.c:Hashmap_get_node:205: TRY: 10
DEBUG: src/lcthw/hashmap.c:Hashmap_get_node:205: TRY: 11
DEBUG: src/lcthw/hashmap.c:Hashmap_get_node:205: TRY: 12
DEBUG: src/lcthw/hashmap.c:Hashmap_get_node:205: TRY: 13
DEBUG: src/lcthw/hashmap.c:Hashmap_get_node:205: TRY: 14
DEBUG: src/lcthw/hashmap.c:Hashmap_get_node:205: TRY: 15
DEBUG: src/lcthw/hashmap.c:Hashmap_get_node:205: TRY: 16
DEBUG: src/lcthw/hashmap.c:Hashmap_get_node:205: TRY: 17
DEBUG: src/lcthw/hashmap.c:Hashmap_get_node:205: TRY: 18
DEBUG: src/lcthw/hashmap.c:Hashmap_get_node:205: TRY: 19
DEBUG: src/lcthw/hashmap.c:Hashmap_get_node:205: TRY: 20
DEBUG: src/lcthw/hashmap.c:Hashmap_get_node:205: TRY: 21
DEBUG: src/lcthw/hashmap.c:Hashmap_get_node:205: TRY: 22
DEBUG: src/lcthw/hashmap.c:Hashmap_get_node:205: TRY: 23
DEBUG: src/lcthw/hashmap.c:Hashmap_get_node:205: TRY: 24
DEBUG: src/lcthw/hashmap.c:Hashmap_get_node:205: TRY: 25
DEBUG: src/lcthw/hashmap.c:Hashmap_get_node:205: TRY: 26
DEBUG: src/lcthw/hashmap.c:Hashmap_get_node:205: TRY: 27
DEBUG: src/lcthw/hashmap.c:Hashmap_get_node:205: TRY: 28
DEBUG: src/lcthw/hashmap.c:Hashmap_get_node:205: TRY: 29
DEBUG: src/lcthw/hashmap.c:Hashmap_get_node:205: TRY: 30
DEBUG: src/lcthw/hashmap.c:Hashmap_get_node:205: TRY: 31
DEBUG: src/lcthw/hashmap.c:Hashmap_get_node:205: TRY: 32
DEBUG: src/lcthw/hashmap.c:Hashmap_get_node:205: TRY: 33
DEBUG: src/lcthw/hashmap.c:Hashmap_get_node:205: TRY: 34
DEBUG: src/lcthw/hashmap.c:Hashmap_get_node:205: TRY: 35
DEBUG: src/lcthw/hashmap.c:Hashmap_get_node:205: TRY: 36
DEBUG: src/lcthw/hashmap.c:Hashmap_get_node:205: TRY: 37
DEBUG: src/lcthw/hashmap.c:Hashmap_get_node:205: TRY: 38
DEBUG: src/lcthw/hashmap.c:Hashmap_get_node:205: TRY: 39
DEBUG: src/lcthw/hashmap.c:Hashmap_get_node:205: TRY: 40
DEBUG: src/lcthw/hashmap.c:Hashmap_get_node:205: TRY: 41
DEBUG: src/lcthw/hashmap.c:Hashmap_get_node:205: TRY: 42
DEBUG: src/lcthw/hashmap.c:Hashmap_get_node:205: TRY: 43
DEBUG: src/lcthw/hashmap.c:Hashmap_get_node:205: TRY: 44
DEBUG: src/lcthw/hashmap.c:Hashmap_get_node:205: TRY: 45
DEBUG: src/lcthw/hashmap.c:Hashmap_get_node:205: TRY: 46
DEBUG: src/lcthw/hashmap.c:Hashmap_get_node:205: TRY: 47
DEBUG: src/lcthw/hashmap.c:Hashmap_get_node:205: TRY: 48
DEBUG: src/lcthw/hashmap.c:Hashmap_get_node:205: TRY: 49
DEBUG: src/lcthw/hashmap.c:Hashmap_get_node:205: TRY: 50
DEBUG: src/lcthw/hashmap.c:Hashmap_get_node:205: TRY: 51
DEBUG: src/lcthw/hashmap.c:Hashmap_get_node:205: TRY: 52
DEBUG: src/lcthw/hashmap.c:Hashmap_get_node:205: TRY: 53
DEBUG: src/lcthw/hashmap.c:Hashmap_get_node:205: TRY: 54
DEBUG: src/lcthw/hashmap.c:Hashmap_get_node:205: TRY: 55
DEBUG: src/lcthw/hashmap.c:Hashmap_get_node:205: TRY: 56
DEBUG: src/lcthw/hashmap.c:Hashmap_get_node:205: TRY: 57
DEBUG: src/lcthw/hashmap.c:Hashmap_get_node:205: TRY: 58
DEBUG: src/lcthw/hashmap.c:Hashmap_get_node:205: TRY: 59
DEBUG: src/lcthw/hashmap.c:Hashmap_get_node:205: TRY: 60
DEBUG: src/lcthw/hashmap.c:Hashmap_get_node:205: TRY: 61
DEBUG: src/lcthw/hashmap.c:Hashmap_get_node:205: TRY: 62
DEBUG: src/lcthw/hashmap.c:Hashmap_get_node:205: TRY: 63
DEBUG: src/lcthw/hashmap.c:Hashmap_get_node:205: TRY: 64
DEBUG: src/lcthw/hashmap.c:Hashmap_get_node:205: TRY: 65
DEBUG: src/lcthw/hashmap.c:Hashmap_get_node:205: TRY: 66
DEBUG: src/lcthw/hashmap.c:Hashmap_get_node:205: TRY: 67
DEBUG: src/lcthw/hashmap.c:Hashmap_get_node:205: TRY: 68
DEBUG: src/lcthw/hashmap.c:Hashmap_get_node:205: TRY: 69
DEBUG: src/lcthw/hashmap.c:Hashmap_get_node:205: TRY: 70
DEBUG: src/lcthw/hashmap.c:Hashmap_get_node:205: TRY: 71
DEBUG: src/lcthw/hashmap.c:Hashmap_get_node:205: TRY: 72
DEBUG: src/lcthw/hashmap.c:Hashmap_get_node:205: TRY: 73
DEBUG: src/lcthw/hashmap.c:Hashmap_get_node:205: TRY: 74
DEBUG: src/lcthw/hashmap.c:Hashmap_get_node:205: TRY: 75
DEBUG: src/lcthw/hashmap.c:Hashmap_get_node:205: TRY: 76
DEBUG: src/lcthw/hashmap.c:Hashmap_get_node:205: TRY: 77
DEBUG: src/lcthw/hashmap.c:Hashmap_get_node:205: TRY: 78
DEBUG: src/lcthw/hashmap.c:Hashmap_get_node:205: TRY: 79
DEBUG: src/lcthw/hashmap.c:Hashmap_get_node:205: TRY: 80
DEBUG: src/lcthw/hashmap.c:Hashmap_get_node:205: TRY: 81
DEBUG: src/lcthw/hashmap.c:Hashmap_get_node:205: TRY: 82
DEBUG: src/lcthw/hashmap.c:Hashmap_get_node:205: TRY: 83
DEBUG: src/lcthw/hashmap.c:Hashmap_get_node:205: TRY: 84
DEBUG: src/lcthw/hashmap.c:Hashmap_get_node:205: TRY: 85
DEBUG: src/lcthw/hashmap.c:Hashmap_get_node:205: TRY: 86
DEBUG: src/lcthw/hashmap.c:Hashmap_get_node:205: TRY: 87
DEBUG: src/lcthw/hashmap.c:Hashmap_get_node:205: TRY: 88
DEBUG: src/lcthw/hashmap.c:Hashmap_get_node:205: TRY: 89
DEBUG: tests/list_algos_tests.c:main:372: 
-----
RUNNING: ./tests/list_algos_tests
DEBUG: tests/list_algos_tests.c:all_tests:357: 
----- test_swap_nodes
DEBUG: tests/list_algos_tests.c:all_tests:358: 
----- test_bubble_sort
DEBUG: src/lcthw/list_algos.c:List_bubble_sort:87: List is actually sorted
DEBUG: src/lcthw/list_algos.c:List_bubble_sort:87: List is actually sorted
DEBUG: tests/list_algos_tests.c:all_tests:359: 
----- test_bubble_sort_opt
DEBUG: src/lcthw/list_algos.c:List_bubble_sort_opt:128: List is actually sorted
DEBUG: src/lcthw/list_algos.c:List_bubble_sort_opt:128: List is actually sorted
DEBUG: tests/list_algos_tests.c:all_tests:360: 
----- merge_sort_base_test
DEBUG: tests/list_algos_tests.c:all_tests:361: 
----- merge_test
DEBUG: src/lcthw/list_algos.c:List_merge:195: List is actually sorted
DEBUG: tests/list_algos_tests.c:all_tests:362: 
----- merge_sort_test
DEBUG: tests/list_algos_tests.c:all_tests:363: 
----- listnode_merge_test
DEBUG: tests/list_algos_tests.c:all_tests:365: 
----- quick_sort_test
[ERROR] (src/lcthw/list.c:check_consistency:34: errno: None) List count is wrong! list->count: 4 != count: 2
DEBUG: tests/list_algos_tests.c:all_tests:366: 
----- quick_sort_test2
DEBUG: tests/list_algos_tests.c:all_tests:367: 
----- test_bubble_sort_int
DEBUG: src/lcthw/list_algos.c:List_bubble_sort:87: List is actually sorted
DEBUG: tests/list_tests.c:main:359: 
-----
RUNNING: ./tests/list_tests
DEBUG: tests/list_tests.c:all_tests:341: 
----- test_consistency
DEBUG: tests/list_tests.c:all_tests:342: 
----- test_create
DEBUG: tests/list_tests.c:all_tests:343: 
----- test_push_pop
DEBUG: tests/list_tests.c:all_tests:344: 
----- test_unshift
DEBUG: tests/list_tests.c:all_tests:345: 
----- test_remove
DEBUG: tests/list_tests.c:all_tests:346: 
----- test_shift
DEBUG: tests/list_tests.c:all_tests:347: 
----- test_find
DEBUG: tests/list_tests.c:all_tests:348: 
----- test_copy
DEBUG: tests/list_tests.c:all_tests:349: 
----- test_join
DEBUG: tests/list_tests.c:all_tests:350: 
----- test_split
DEBUG: tests/list_tests.c:all_tests:351: 
----- test_shift_get
DEBUG: tests/list_tests.c:all_tests:352: 
----- test_join_sorted
DEBUG: tests/list_tests.c:all_tests:353: 
----- test_insert_sorted
DEBUG: tests/list_tests.c:all_tests:354: 
----- test_destroy
[ERROR] (src/lcthw/darray.c:DArray_insert:146: errno: None) Failed to expand array on insert.
[ERROR] (src/lcthw/darray.c:DArray_insert:146: errno: None) Failed to expand array on insert.
[ERROR] (src/lcthw/darray.c:DArray_insert:146: errno: None) Failed to expand array on insert.
[ERROR] (src/lcthw/darray.c:DArray_insert:146: errno: None) Failed to expand array on insert.
[ERROR] (src/lcthw/darray.c:DArray_insert:146: errno: None) Failed to expand array on insert.
[ERROR] (src/lcthw/darray.c:DArray_insert:146: errno: None) Failed to expand array on insert.
[ERROR] (src/lcthw/darray.c:DArray_insert:146: errno: None) Failed to expand array on insert.
[ERROR] (src/lcthw/darray.c:DArray_insert:146: errno: None) Failed to expand array on insert.
DEBUG: tests/radixmap_tests.c:main:113: 
-----
RUNNING: ./tests/radixmap_tests
DEBUG: tests/radixmap_tests.c:all_tests:108: 
----- test_operations
DEBUG: tests/string_algos_tests.c:main:125: 
-----
RUNNING: ./tests/string_algos_tests
DEBUG: tests/string_algos_tests.c:all_tests:114: 
----- test_find_and_scan
